04-06 12:05:33.066   641   641 I ViewInteraction: Checking 'MatchesViewAssertion(Detox){viewMatcher=(view has effective visibility <VISIBLE> and view.getGlobalVisibleRect() covers at least <75> percent of the view's area)}' assertion on view (view.getTag() is "home-ready" and view has effective visibility <VISIBLE>)
04-06 12:05:33.111   641   641 I ViewInteraction: Checking 'MatchesViewAssertion(Detox){viewMatcher=(view has effective visibility <VISIBLE> and view.getGlobalVisibleRect() covers at least <75> percent of the view's area)}' assertion on view (view.getTag() is "home-ready" and view has effective visibility <VISIBLE>)
04-06 12:05:33.153   641   641 I ViewInteraction: Checking 'MatchesViewAssertion(Detox){viewMatcher=(view has effective visibility <VISIBLE> and view.getGlobalVisibleRect() covers at least <75> percent of the view's area)}' assertion on view (view.getTag() is "home-ready" and view has effective visibility <VISIBLE>)
04-06 12:05:33.195   641   641 I ViewInteraction: Checking 'MatchesViewAssertion(Detox){viewMatcher=(view has effective visibility <VISIBLE> and view.getGlobalVisibleRect() covers at least <75> percent of the view's area)}' assertion on view (view.getTag() is "home-ready" and view has effective visibility <VISIBLE>)
04-06 12:05:33.238   641   641 I ViewInteraction: Checking 'MatchesViewAssertion(Detox){viewMatcher=(view has effective visibility <VISIBLE> and view.getGlobalVisibleRect() covers at least <75> percent of the view's area)}' assertion on view (view.getTag() is "home-ready" and view has effective visibility <VISIBLE>)
04-06 12:05:33.284   641   641 I ViewInteraction: Checking 'MatchesViewAssertion(Detox){viewMatcher=(view has effective visibility <VISIBLE> and view.getGlobalVisibleRect() covers at least <75> percent of the view's area)}' assertion on view (view.getTag() is "home-ready" and view has effective visibility <VISIBLE>)
04-06 12:05:33.328   641   641 I ViewInteraction: Checking 'MatchesViewAssertion(Detox){viewMatcher=(view has effective visibility <VISIBLE> and view.getGlobalVisibleRect() covers at least <75> percent of the view's area)}' assertion on view (view.getTag() is "home-ready" and view has effective visibility <VISIBLE>)
04-06 12:05:33.372   641   641 I ViewInteraction: Checking 'MatchesViewAssertion(Detox){viewMatcher=(view has effective visibility <VISIBLE> and view.getGlobalVisibleRect() covers at least <75> percent of the view's area)}' assertion on view (view.getTag() is "home-ready" and view has effective visibility <VISIBLE>)
04-06 12:05:33.405   641   641 I ViewInteraction: Checking 'MatchesViewAssertion(Detox){viewMatcher=(view has effective visibility <VISIBLE> and view.getGlobalVisibleRect() covers at least <75> percent of the view's area)}' assertion on view (view.getTag() is "home-ready" and view has effective visibility <VISIBLE>)
04-06 12:05:33.449   641   641 I ViewInteraction: Checking 'MatchesViewAssertion(Detox){viewMatcher=(view has effective visibility <VISIBLE> and view.getGlobalVisibleRect() covers at least <75> percent of the view's area)}' assertion on view (view.getTag() is "home-ready" and view has effective visibility <VISIBLE>)
04-06 12:05:33.492   641   641 I ViewInteraction: Checking 'MatchesViewAssertion(Detox){viewMatcher=(view has effective visibility <VISIBLE> and view.getGlobalVisibleRect() covers at least <75> percent of the view's area)}' assertion on view (view.getTag() is "home-ready" and view has effective visibility <VISIBLE>)
04-06 12:05:33.529   641   641 I ViewInteraction: Checking 'MatchesViewAssertion(Detox){viewMatcher=(view has effective visibility <VISIBLE> and view.getGlobalVisibleRect() covers at least <75> percent of the view's area)}' assertion on view (view.getTag() is "home-ready" and view has effective visibility <VISIBLE>)
04-06 12:05:33.574   641   641 I ViewInteraction: Checking 'MatchesViewAssertion(Detox){viewMatcher=(view has effective visibility <VISIBLE> and view.getGlobalVisibleRect() covers at least <75> percent of the view's area)}' assertion on view (view.getTag() is "home-ready" and view has effective visibility <VISIBLE>)
04-06 12:05:33.620   641   641 I ViewInteraction: Checking 'MatchesViewAssertion(Detox){viewMatcher=(view has effective visibility <VISIBLE> and view.getGlobalVisibleRect() covers at least <75> percent of the view's area)}' assertion on view (view.getTag() is "home-ready" and view has effective visibility <VISIBLE>)
04-06 12:05:33.666   641   641 I ViewInteraction: Checking 'MatchesViewAssertion(Detox){viewMatcher=(view has effective visibility <VISIBLE> and view.getGlobalVisibleRect() covers at least <75> percent of the view's area)}' assertion on view (view.getTag() is "home-ready" and view has effective visibility <VISIBLE>)
04-06 12:05:33.711   641   641 I ViewInteraction: Checking 'MatchesViewAssertion(Detox){viewMatcher=(view has effective visibility <VISIBLE> and view.getGlobalVisibleRect() covers at least <75> percent of the view's area)}' assertion on view (view.getTag() is "home-ready" and view has effective visibility <VISIBLE>)
04-06 12:05:33.755   641   641 I ViewInteraction: Checking 'MatchesViewAssertion(Detox){viewMatcher=(view has effective visibility <VISIBLE> and view.getGlobalVisibleRect() covers at least <75> percent of the view's area)}' assertion on view (view.getTag() is "home-ready" and view has effective visibility <VISIBLE>)
04-06 12:05:33.799   641   641 I ViewInteraction: Checking 'MatchesViewAssertion(Detox){viewMatcher=(view has effective visibility <VISIBLE> and view.getGlobalVisibleRect() covers at least <75> percent of the view's area)}' assertion on view (view.getTag() is "home-ready" and view has effective visibility <VISIBLE>)
04-06 12:05:33.845   641   641 I ViewInteraction: Checking 'MatchesViewAssertion(Detox){viewMatcher=(view has effective visibility <VISIBLE> and view.getGlobalVisibleRect() covers at least <75> percent of the view's area)}' assertion on view (view.getTag() is "home-ready" and view has effective visibility <VISIBLE>)
04-06 12:05:33.890   641   641 I ViewInteraction: Checking 'MatchesViewAssertion(Detox){viewMatcher=(view has effective visibility <VISIBLE> and view.getGlobalVisibleRect() covers at least <75> percent of the view's area)}' assertion on view (view.getTag() is "home-ready" and view has effective visibility <VISIBLE>)
04-06 12:05:33.923   641   641 I ViewInteraction: Checking 'MatchesViewAssertion(Detox){viewMatcher=(view has effective visibility <VISIBLE> and view.getGlobalVisibleRect() covers at least <75> percent of the view's area)}' assertion on view (view.getTag() is "home-ready" and view has effective visibility <VISIBLE>)
04-06 12:05:33.957   641   641 I ViewInteraction: Checking 'MatchesViewAssertion(Detox){viewMatcher=(view has effective visibility <VISIBLE> and view.getGlobalVisibleRect() covers at least <75> percent of the view's area)}' assertion on view (view.getTag() is "home-ready" and view has effective visibility <VISIBLE>)
04-06 12:05:34.001   641   641 I ViewInteraction: Checking 'MatchesViewAssertion(Detox){viewMatcher=(view has effective visibility <VISIBLE> and view.getGlobalVisibleRect() covers at least <75> percent of the view's area)}' assertion on view (view.getTag() is "home-ready" and view has effective visibility <VISIBLE>)
04-06 12:05:34.046   641   641 I ViewInteraction: Checking 'MatchesViewAssertion(Detox){viewMatcher=(view has effective visibility <VISIBLE> and view.getGlobalVisibleRect() covers at least <75> percent of the view's area)}' assertion on view (view.getTag() is "home-ready" and view has effective visibility <VISIBLE>)
04-06 12:05:34.089   641   641 I ViewInteraction: Checking 'MatchesViewAssertion(Detox){viewMatcher=(view has effective visibility <VISIBLE> and view.getGlobalVisibleRect() covers at least <75> percent of the view's area)}' assertion on view (view.getTag() is "home-ready" and view has effective visibility <VISIBLE>)
04-06 12:05:34.135   641   641 I ViewInteraction: Checking 'MatchesViewAssertion(Detox){viewMatcher=(view has effective visibility <VISIBLE> and view.getGlobalVisibleRect() covers at least <75> percent of the view's area)}' assertion on view (view.getTag() is "home-ready" and view has effective visibility <VISIBLE>)
04-06 12:05:34.180   641   641 I ViewInteraction: Checking 'MatchesViewAssertion(Detox){viewMatcher=(view has effective visibility <VISIBLE> and view.getGlobalVisibleRect() covers at least <75> percent of the view's area)}' assertion on view (view.getTag() is "home-ready" and view has effective visibility <VISIBLE>)
04-06 12:05:34.225   641   641 I ViewInteraction: Checking 'MatchesViewAssertion(Detox){viewMatcher=(view has effective visibility <VISIBLE> and view.getGlobalVisibleRect() covers at least <75> percent of the view's area)}' assertion on view (view.getTag() is "home-ready" and view has effective visibility <VISIBLE>)
04-06 12:05:34.266   641   641 I ViewInteraction: Checking 'MatchesViewAssertion(Detox){viewMatcher=(view has effective visibility <VISIBLE> and view.getGlobalVisibleRect() covers at least <75> percent of the view's area)}' assertion on view (view.getTag() is "home-ready" and view has effective visibility <VISIBLE>)
04-06 12:05:34.311   641   641 I ViewInteraction: Checking 'MatchesViewAssertion(Detox){viewMatcher=(view has effective visibility <VISIBLE> and view.getGlobalVisibleRect() covers at least <75> percent of the view's area)}' assertion on view (view.getTag() is "home-ready" and view has effective visibility <VISIBLE>)
04-06 12:05:34.357   641   641 I ViewInteraction: Checking 'MatchesViewAssertion(Detox){viewMatcher=(view has effective visibility <VISIBLE> and view.getGlobalVisibleRect() covers at least <75> percent of the view's area)}' assertion on view (view.getTag() is "home-ready" and view has effective visibility <VISIBLE>)
04-06 12:05:34.403   641   641 I ViewInteraction: Checking 'MatchesViewAssertion(Detox){viewMatcher=(view has effective visibility <VISIBLE> and view.getGlobalVisibleRect() covers at least <75> percent of the view's area)}' assertion on view (view.getTag() is "home-ready" and view has effective visibility <VISIBLE>)
04-06 12:05:34.438   641   641 I ViewInteraction: Checking 'MatchesViewAssertion(Detox){viewMatcher=(view has effective visibility <VISIBLE> and view.getGlobalVisibleRect() covers at least <75> percent of the view's area)}' assertion on view (view.getTag() is "home-ready" and view has effective visibility <VISIBLE>)
04-06 12:05:34.485   641   641 I ViewInteraction: Checking 'MatchesViewAssertion(Detox){viewMatcher=(view has effective visibility <VISIBLE> and view.getGlobalVisibleRect() covers at least <75> percent of the view's area)}' assertion on view (view.getTag() is "home-ready" and view has effective visibility <VISIBLE>)
04-06 12:05:34.533   641   641 I ViewInteraction: Checking 'MatchesViewAssertion(Detox){viewMatcher=(view has effective visibility <VISIBLE> and view.getGlobalVisibleRect() covers at least <75> percent of the view's area)}' assertion on view (view.getTag() is "home-ready" and view has effective visibility <VISIBLE>)
04-06 12:05:34.578   641   641 I ViewInteraction: Checking 'MatchesViewAssertion(Detox){viewMatcher=(view has effective visibility <VISIBLE> and view.getGlobalVisibleRect() covers at least <75> percent of the view's area)}' assertion on view (view.getTag() is "home-ready" and view has effective visibility <VISIBLE>)
04-06 12:05:34.622   641   641 I ViewInteraction: Checking 'MatchesViewAssertion(Detox){viewMatcher=(view has effective visibility <VISIBLE> and view.getGlobalVisibleRect() covers at least <75> percent of the view's area)}' assertion on view (view.getTag() is "home-ready" and view has effective visibility <VISIBLE>)
04-06 12:05:34.665   641   641 I ViewInteraction: Checking 'MatchesViewAssertion(Detox){viewMatcher=(view has effective visibility <VISIBLE> and view.getGlobalVisibleRect() covers at least <75> percent of the view's area)}' assertion on view (view.getTag() is "home-ready" and view has effective visibility <VISIBLE>)
04-06 12:05:34.710   641   641 I ViewInteraction: Checking 'MatchesViewAssertion(Detox){viewMatcher=(view has effective visibility <VISIBLE> and view.getGlobalVisibleRect() covers at least <75> percent of the view's area)}' assertion on view (view.getTag() is "home-ready" and view has effective visibility <VISIBLE>)
04-06 12:05:34.758   641   641 I ViewInteraction: Checking 'MatchesViewAssertion(Detox){viewMatcher=(view has effective visibility <VISIBLE> and view.getGlobalVisibleRect() covers at least <75> percent of the view's area)}' assertion on view (view.getTag() is "home-ready" and view has effective visibility <VISIBLE>)
04-06 12:05:34.801   641   641 I ViewInteraction: Checking 'MatchesViewAssertion(Detox){viewMatcher=(view has effective visibility <VISIBLE> and view.getGlobalVisibleRect() covers at least <75> percent of the view's area)}' assertion on view (view.getTag() is "home-ready" and view has effective visibility <VISIBLE>)
04-06 12:05:34.846   641   641 I ViewInteraction: Checking 'MatchesViewAssertion(Detox){viewMatcher=(view has effective visibility <VISIBLE> and view.getGlobalVisibleRect() covers at least <75> percent of the view's area)}' assertion on view (view.getTag() is "home-ready" and view has effective visibility <VISIBLE>)
04-06 12:05:34.888   641   641 I ViewInteraction: Checking 'MatchesViewAssertion(Detox){viewMatcher=(view has effective visibility <VISIBLE> and view.getGlobalVisibleRect() covers at least <75> percent of the view's area)}' assertion on view (view.getTag() is "home-ready" and view has effective visibility <VISIBLE>)
04-06 12:05:34.925   641   641 I ViewInteraction: Checking 'MatchesViewAssertion(Detox){viewMatcher=(view has effective visibility <VISIBLE> and view.getGlobalVisibleRect() covers at least <75> percent of the view's area)}' assertion on view (view.getTag() is "home-ready" and view has effective visibility <VISIBLE>)
04-06 12:05:34.967   641   641 I ViewInteraction: Checking 'MatchesViewAssertion(Detox){viewMatcher=(view has effective visibility <VISIBLE> and view.getGlobalVisibleRect() covers at least <75> percent of the view's area)}' assertion on view (view.getTag() is "home-ready" and view has effective visibility <VISIBLE>)
04-06 12:05:35.010   641   641 I ViewInteraction: Checking 'MatchesViewAssertion(Detox){viewMatcher=(view has effective visibility <VISIBLE> and view.getGlobalVisibleRect() covers at least <75> percent of the view's area)}' assertion on view (view.getTag() is "home-ready" and view has effective visibility <VISIBLE>)
04-06 12:05:35.037   641   795 I DetoxActionHandlers: Test exception
04-06 12:05:35.037   641   795 I DetoxActionHandlers: java.lang.reflect.InvocationTargetException
04-06 12:05:35.037   641   795 I DetoxActionHandlers: 	at java.lang.reflect.Method.invoke(Native Method)
04-06 12:05:35.037   641   795 I DetoxActionHandlers: 	at org.apache.commons.lang3.reflect.MethodUtils.invokeStaticMethod(MethodUtils.java:443)
04-06 12:05:35.037   641   795 I DetoxActionHandlers: 	at org.apache.commons.lang3.reflect.MethodUtils.invokeStaticMethod(MethodUtils.java:405)
04-06 12:05:35.037   641   795 I DetoxActionHandlers: 	at com.wix.invoke.types.ClassTarget.execute(ClassTarget.java:23)
04-06 12:05:35.037   641   795 I DetoxActionHandlers: 	at com.wix.invoke.types.Target.invoke(Target.java:59)
04-06 12:05:35.037   641   795 I DetoxActionHandlers: 	at com.wix.invoke.MethodInvocation.invoke(MethodInvocation.java:35)
04-06 12:05:35.037   641   795 I DetoxActionHandlers: 	at com.wix.invoke.MethodInvocation.invoke(MethodInvocation.java:26)
04-06 12:05:35.037   641   795 I DetoxActionHandlers: 	at com.wix.invoke.MethodInvocation.invoke(MethodInvocation.java:20)
04-06 12:05:35.037   641   795 I DetoxActionHandlers: 	at com.wix.detox.adapters.server.InvokeActionHandler.handle(DetoxActionHandlers.kt:54)
04-06 12:05:35.037   641   795 I DetoxActionHandlers: 	at com.wix.detox.adapters.server.ActionsExecutor.executeAction$lambda$2$lambda$1(DetoxActionsDispatcher.kt:76)
04-06 12:05:35.037   641   795 I DetoxActionHandlers: 	at com.wix.detox.adapters.server.ActionsExecutor.$r8$lambda$GVbB7LHtBHxNHGbgYnHJ6YrwCqs(Unknown Source:0)
04-06 12:05:35.037   641   795 I DetoxActionHandlers: 	at com.wix.detox.adapters.server.ActionsExecutor$$ExternalSyntheticLambda0.run(D8$$SyntheticClass:0)
04-06 12:05:35.037   641   795 I DetoxActionHandlers: 	at android.os.Handler.handleCallback(Handler.java:942)
04-06 12:05:35.037   641   795 I DetoxActionHandlers: 	at android.os.Handler.dispatchMessage(Handler.java:99)
04-06 12:05:35.037   641   795 I DetoxActionHandlers: 	at android.os.Looper.loopOnce(Looper.java:226)
04-06 12:05:35.037   641   795 I DetoxActionHandlers: 	at android.os.Looper.loop(Looper.java:313)
04-06 12:05:35.037   641   795 I DetoxActionHandlers: 	at com.wix.detox.adapters.server.ActionsExecutor._init_$lambda$0(DetoxActionsDispatcher.kt:62)
04-06 12:05:35.037   641   795 I DetoxActionHandlers: 	at com.wix.detox.adapters.server.ActionsExecutor.$r8$lambda$xlgL0CQim6vNM0wWEqM8JIDgZUE(Unknown Source:0)
04-06 12:05:35.037   641   795 I DetoxActionHandlers: 	at com.wix.detox.adapters.server.ActionsExecutor$$ExternalSyntheticLambda1.run(D8$$SyntheticClass:0)
04-06 12:05:35.037   641   795 I DetoxActionHandlers: 	at java.lang.Thread.run(Thread.java:1012)
04-06 12:05:35.037   641   795 I DetoxActionHandlers: Caused by: com.wix.detox.common.DetoxErrors$DetoxRuntimeException: 2.5sec timeout expired without matching of given matcher: (view has effective visibility <VISIBLE> and view.getGlobalVisibleRect() covers at least <75> percent of the view's area)
04-06 12:05:35.037   641   795 I DetoxActionHandlers: 	at com.wix.detox.espresso.DetoxAssertion.waitForAssertMatcher(DetoxAssertion.java:72)
04-06 12:05:35.037   641   795 I DetoxActionHandlers: 	... 20 more
04-06 12:05:35.038   641   795 I DetoxWSClient: Sending out action 'testFailed' (ID #33)
04-06 12:05:35.038   641   795 I DetoxDispatcher: Done with action 'invoke'
04-06 12:05:35.043   641   900 D DetoxWSClient: Received action 'invoke' (ID #34, params={"target":{"type":"Class","value":"com.wix.detox.espresso.DetoxAssertion"},"method":"waitForAssertMatcher","args":[{"type":"Invocation","value":{"target":{"type":"Class","value":"androidx.test.espresso.Espresso"},"method":"onView","args":[{"type":"Invocation","value":{"target":{"type":"Class","value":"com.wix.detox.espresso.DetoxMatcher"},"method":"matcherForTestId","args":["btn-continuar",{"type":"boolean","value":false}]}}]}},{"type":"Invocation","value":{"target":{"type":"Class","value":"com.wix.detox.espresso.DetoxMatcher"},"method":"matcherForSufficientlyVisible","args":[{"type":"Integer","value":75}]}},{"type":"Double","value":1.2}]})
04-06 12:05:35.043   641   795 I DetoxDispatcher: Handling action 'invoke' (ID #34)...
04-06 12:05:35.044   641   795 D Detox   : class com.wix.detox.espresso.DetoxMatcher, matcherForTestId, [btn-continuar, false]
04-06 12:05:35.044   641   795 D Detox   : class androidx.test.espresso.Espresso, onView, [(view.getTag() is "btn-continuar" and view has effective visibility <VISIBLE>)]
04-06 12:05:35.046   641   795 D Detox   : class com.wix.detox.espresso.DetoxMatcher, matcherForSufficientlyVisible, [75]
04-06 12:05:35.046   641   795 D Detox   : class com.wix.detox.espresso.DetoxAssertion, waitForAssertMatcher, [androidx.test.espresso.ViewInteraction@9327cb0, (view has effective visibility <VISIBLE> and view.getGlobalVisibleRect() covers at least <75> percent of the view's area), 1.2]
04-06 12:05:35.051   641   641 I ViewInteraction: Checking 'MatchesViewAssertion(Detox){viewMatcher=(view has effective visibility <VISIBLE> and view.getGlobalVisibleRect() covers at least <75> percent of the view's area)}' assertion on view (view.getTag() is "btn-continuar" and view has effective visibility <VISIBLE>)
04-06 12:05:35.056   641   795 I DetoxWSClient: Sending out action 'invokeResult' (ID #34)
04-06 12:05:35.056   641   795 I DetoxDispatcher: Done with action 'invoke'
04-06 12:05:35.061   641   900 D DetoxWSClient: Received action 'invoke' (ID #35, params={"target":{"type":"Class","value":"com.wix.detox.espresso.DetoxAssertion"},"method":"waitForAssertMatcher","args":[{"type":"Invocation","value":{"target":{"type":"Class","value":"androidx.test.espresso.Espresso"},"method":"onView","args":[{"type":"Invocation","value":{"target":{"type":"Class","value":"com.wix.detox.espresso.DetoxMatcher"},"method":"matcherForTestId","args":["btn-continuar",{"type":"boolean","value":false}]}}]}},{"type":"Invocation","value":{"target":{"type":"Class","value":"com.wix.detox.espresso.DetoxMatcher"},"method":"matcherForSufficientlyVisible","args":[{"type":"Integer","value":75}]}},{"type":"Double","value":5}]})
04-06 12:05:35.061   641   795 I DetoxDispatcher: Handling action 'invoke' (ID #35)...
04-06 12:05:35.062   641   795 D Detox   : class com.wix.detox.espresso.DetoxMatcher, matcherForTestId, [btn-continuar, false]
04-06 12:05:35.063   641   795 D Detox   : class androidx.test.espresso.Espresso, onView, [(view.getTag() is "btn-continuar" and view has effective visibility <VISIBLE>)]
04-06 12:05:35.063   641   795 D Detox   : class com.wix.detox.espresso.DetoxMatcher, matcherForSufficientlyVisible, [75]
04-06 12:05:35.064   641   795 D Detox   : class com.wix.detox.espresso.DetoxAssertion, waitForAssertMatcher, [androidx.test.espresso.ViewInteraction@c9ce729, (view has effective visibility <VISIBLE> and view.getGlobalVisibleRect() covers at least <75> percent of the view's area), 5.0]
04-06 12:05:35.067   641   641 I ViewInteraction: Checking 'MatchesViewAssertion(Detox){viewMatcher=(view has effective visibility <VISIBLE> and view.getGlobalVisibleRect() covers at least <75> percent of the view's area)}' assertion on view (view.getTag() is "btn-continuar" and view has effective visibility <VISIBLE>)
04-06 12:05:35.069   641   795 I DetoxWSClient: Sending out action 'invokeResult' (ID #35)
04-06 12:05:35.069   641   795 I DetoxDispatcher: Done with action 'invoke'
04-06 12:05:35.073   641   900 D DetoxWSClient: Received action 'invoke' (ID #36, params={"target":{"type":"Class","value":"com.wix.detox.espresso.EspressoDetox"},"method":"perform","args":[{"type":"Invocation","value":{"target":{"type":"Class","value":"com.wix.detox.espresso.DetoxMatcher"},"method":"matcherForTestId","args":["btn-continuar",{"type":"boolean","value":false}]}},{"type":"Invocation","value":{"target":{"type":"Class","value":"com.wix.detox.espresso.DetoxViewActions"},"method":"click","args":[]}}]})
04-06 12:05:35.073   641   795 I DetoxDispatcher: Handling action 'invoke' (ID #36)...
04-06 12:05:35.073   641   795 D Detox   : class com.wix.detox.espresso.DetoxMatcher, matcherForTestId, [btn-continuar, false]
04-06 12:05:35.074   641   795 D Detox   : class com.wix.detox.espresso.DetoxViewActions, click, []
04-06 12:05:35.074   641   795 D Detox   : class com.wix.detox.espresso.EspressoDetox, perform, [(view.getTag() is "btn-continuar" and view has effective visibility <VISIBLE>), com.wix.detox.espresso.action.RNClickAction@ff31aae]
04-06 12:05:35.077   641   641 I ViewInteraction: Performing 'com.wix.detox.espresso.action.detoxsingletap@d37904f click' action on view (view.getTag() is "btn-continuar" and view has effective visibility <VISIBLE>)
04-06 12:05:35.081   641   641 I ViewRootImpl@73623ee[MainActivity]: ViewPostIme pointer 0
04-06 12:05:35.111   641   641 I ViewRootImpl@73623ee[MainActivity]: ViewPostIme pointer 1
04-06 12:05:35.223   641   960 I ReactNativeJS: 'match:', 'local'
04-06 12:05:35.223   641   960 I ReactNativeJS: 'source:', 'local', '| confidence:', 0.9
04-06 12:05:35.224   641   960 I ReactNativeJS: 'exercise:', 'Supino Reto Barra'
04-06 12:05:35.372   641   663 I om.evolucao.app: Compiler allocated 4177KB to compile void android.widget.TextView.<init>(android.content.Context, android.util.AttributeSet, int, int)
04-06 12:05:35.429   641   641 D ScrollView: initGoToTop
04-06 12:05:35.482   641   966 D TrafficStats: tagSocket(113) with statsTag=0xffffffff, statsUid=-1
04-06 12:05:35.485   641   641 W [RNScreens]: backTitleFontFamily prop is not available on Android
04-06 12:05:35.485   641   641 W [RNScreens]: disableBackButtonMenu prop is not available on Android
04-06 12:05:35.485   641   641 W [RNScreens]: backTitleVisible prop is not available on Android
04-06 12:05:35.485   641   641 W [RNScreens]: topInsetEnabled prop is not available on Android
04-06 12:05:35.485   641   641 W [RNScreens]: largeTitleHideShadow prop is not available on Android
04-06 12:05:35.485   641   641 W [RNScreens]: largeTitleFontWeight prop is not available on Android
04-06 12:05:35.485   641   641 W [RNScreens]: userInterfaceStyle prop is not available on Android
04-06 12:05:35.486   641   641 W [RNScreens]: largeTitleFontFamily prop is not available on Android
04-06 12:05:35.605   641  1652 D CompatibilityChangeReporter: Compat change id reported: 160794467; UID 10561; state: ENABLED
04-06 12:05:36.042   641   641 I IMM_LC  : closeCurrentInput: mService.hideSoftInput
04-06 12:05:36.432   641   795 I DetoxWSClient: Sending out action 'invokeResult' (ID #36)
04-06 12:05:36.433   641   795 I DetoxDispatcher: Done with action 'invoke'
04-06 12:05:36.744   641   900 D DetoxWSClient: Received action 'invoke' (ID #37, params={"target":{"type":"Class","value":"com.wix.detox.espresso.DetoxAssertion"},"method":"waitForAssertMatcher","args":[{"type":"Invocation","value":{"target":{"type":"Class","value":"androidx.test.espresso.Espresso"},"method":"onView","args":[{"type":"Invocation","value":{"target":{"type":"Class","value":"com.wix.detox.espresso.DetoxMatcher"},"method":"matcherForTestId","args":["home-ready",{"type":"boolean","value":false}]}}]}},{"type":"Invocation","value":{"target":{"type":"Class","value":"com.wix.detox.espresso.DetoxMatcher"},"method":"matcherForSufficientlyVisible","args":[{"type":"Integer","value":75}]}},{"type":"Double","value":5}]})
04-06 12:05:36.745   641   795 I DetoxDispatcher: Handling action 'invoke' (ID #37)...
04-06 12:05:36.746   641   795 D Detox   : class com.wix.detox.espresso.DetoxMatcher, matcherForTestId, [home-ready, false]
04-06 12:05:36.746   641   795 D Detox   : class androidx.test.espresso.Espresso, onView, [(view.getTag() is "home-ready" and view has effective visibility <VISIBLE>)]
04-06 12:05:36.748   641   795 D Detox   : class com.wix.detox.espresso.DetoxMatcher, matcherForSufficientlyVisible, [75]
04-06 12:05:36.748   641   795 D Detox   : class com.wix.detox.espresso.DetoxAssertion, waitForAssertMatcher, [androidx.test.espresso.ViewInteraction@af3b160, (view has effective visibility <VISIBLE> and view.getGlobalVisibleRect() covers at least <75> percent of the view's area), 5.0]
04-06 12:05:36.757   641   641 I ViewInteraction: Checking 'MatchesViewAssertion(Detox){viewMatcher=(view has effective visibility <VISIBLE> and view.getGlobalVisibleRect() covers at least <75> percent of the view's area)}' assertion on view (view.getTag() is "home-ready" and view has effective visibility <VISIBLE>)
04-06 12:05:36.764   641   795 I DetoxWSClient: Sending out action 'invokeResult' (ID #37)
04-06 12:05:36.764   641   795 I DetoxDispatcher: Done with action 'invoke'
04-06 12:05:37.285   641   900 D DetoxWSClient: Received action 'invoke' (ID #38, params={"target":{"type":"Class","value":"com.wix.detox.espresso.DetoxAssertion"},"method":"waitForAssertMatcher","args":[{"type":"Invocation","value":{"target":{"type":"Class","value":"androidx.test.espresso.Espresso"},"method":"onView","args":[{"type":"Invocation","value":{"target":{"type":"Class","value":"com.wix.detox.espresso.DetoxMatcher"},"method":"matcherForTestId","args":["questionnaire-screen",{"type":"boolean","value":false}]}}]}},{"type":"Invocation","value":{"target":{"type":"Class","value":"com.wix.detox.espresso.DetoxMatcher"},"method":"matcherForNot","args":[{"type":"Invocation","value":{"target":{"type":"Class","value":"com.wix.detox.espresso.DetoxMatcher"},"method":"matcherForSufficientlyVisible","args":[{"type":"Integer","value":75}]}}]}},{"type":"Double","value":1.2}]})
04-06 12:05:37.286   641   795 I DetoxDispatcher: Handling action 'invoke' (ID #38)...
04-06 12:05:37.287   641   795 D Detox   : class com.wix.detox.espresso.DetoxMatcher, matcherForTestId, [questionnaire-screen, false]
04-06 12:05:37.288   641   795 D Detox   : class androidx.test.espresso.Espresso, onView, [(view.getTag() is "questionnaire-screen" and view has effective visibility <VISIBLE>)]
04-06 12:05:37.289   641   795 D Detox   : class com.wix.detox.espresso.DetoxMatcher, matcherForSufficientlyVisible, [75]
04-06 12:05:37.290   641   795 D Detox   : class com.wix.detox.espresso.DetoxMatcher, matcherForNot, [(view has effective visibility <VISIBLE> and view.getGlobalVisibleRect() covers at least <75> percent of the view's area)]
04-06 12:05:37.290   641   795 D Detox   : class com.wix.detox.espresso.DetoxAssertion, waitForAssertMatcher, [androidx.test.espresso.ViewInteraction@94396de, not (view has effective visibility <VISIBLE> and view.getGlobalVisibleRect() covers at least <75> percent of the view's area), 1.2]
04-06 12:05:37.334   641   641 I ViewInteraction: Checking 'MatchesViewAssertion(Detox){viewMatcher=not (view has effective visibility <VISIBLE> and view.getGlobalVisibleRect() covers at least <75> percent of the view's area)}' assertion on view (view.getTag() is "questionnaire-screen" and view has effective visibility <VISIBLE>)
04-06 12:05:37.336   641   795 I DetoxWSClient: Sending out action 'invokeResult' (ID #38)
04-06 12:05:37.336   641   795 I DetoxDispatcher: Done with action 'invoke'
04-06 12:05:38.010   641   900 D DetoxWSClient: Received action 'invoke' (ID #39, params={"target":{"type":"Class","value":"com.wix.detox.espresso.DetoxAssertion"},"method":"waitForAssertMatcher","args":[{"type":"Invocation","value":{"target":{"type":"Class","value":"androidx.test.espresso.Espresso"},"method":"onView","args":[{"type":"Invocation","value":{"target":{"type":"Class","value":"com.wix.detox.espresso.DetoxMatcher"},"method":"matcherForTestId","args":["app-root",{"type":"boolean","value":false}]}}]}},{"type":"Invocation","value":{"target":{"type":"Class","value":"com.wix.detox.espresso.DetoxMatcher"},"method":"matcherForSufficientlyVisible","args":[{"type":"Integer","value":75}]}},{"type":"Double","value":5}]})
04-06 12:05:38.010   641   795 I DetoxDispatcher: Handling action 'invoke' (ID #39)...
04-06 12:05:38.011   641   795 D Detox   : class com.wix.detox.espresso.DetoxMatcher, matcherForTestId, [app-root, false]
04-06 12:05:38.011   641   795 D Detox   : class androidx.test.espresso.Espresso, onView, [(view.getTag() is "app-root" and view has effective visibility <VISIBLE>)]
04-06 12:05:38.012   641   795 D Detox   : class com.wix.detox.espresso.DetoxMatcher, matcherForSufficientlyVisible, [75]
04-06 12:05:38.013   641   795 D Detox   : class com.wix.detox.espresso.DetoxAssertion, waitForAssertMatcher, [androidx.test.espresso.ViewInteraction@68c9e9, (view has effective visibility <VISIBLE> and view.getGlobalVisibleRect() covers at least <75> percent of the view's area), 5.0]
04-06 12:05:38.021   641   641 I ViewInteraction: Checking 'MatchesViewAssertion(Detox){viewMatcher=(view has effective visibility <VISIBLE> and view.getGlobalVisibleRect() covers at least <75> percent of the view's area)}' assertion on view (view.getTag() is "app-root" and view has effective visibility <VISIBLE>)
04-06 12:05:38.027   641   795 I DetoxWSClient: Sending out action 'invokeResult' (ID #39)
04-06 12:05:38.027   641   795 I DetoxDispatcher: Done with action 'invoke'
04-06 12:05:38.036   641   900 D DetoxWSClient: Received action 'invoke' (ID #40, params={"target":{"type":"Class","value":"com.wix.detox.espresso.DetoxAssertion"},"method":"assertMatcher","args":[{"type":"Invocation","value":{"target":{"type":"Class","value":"androidx.test.espresso.Espresso"},"method":"onView","args":[{"type":"Invocation","value":{"target":{"type":"Class","value":"com.wix.detox.espresso.DetoxMatcher"},"method":"matcherForTestId","args":["app-root",{"type":"boolean","value":false}]}}]}},{"type":"Invocation","value":{"target":{"type":"Class","value":"com.wix.detox.espresso.DetoxMatcher"},"method":"matcherForSufficientlyVisible","args":[{"type":"Integer","value":75}]}}]})
04-06 12:05:38.036   641   795 I DetoxDispatcher: Handling action 'invoke' (ID #40)...
04-06 12:05:38.036   641   795 D Detox   : class com.wix.detox.espresso.DetoxMatcher, matcherForTestId, [app-root, false]
04-06 12:05:38.037   641   795 D Detox   : class androidx.test.espresso.Espresso, onView, [(view.getTag() is "app-root" and view has effective visibility <VISIBLE>)]
04-06 12:05:38.038   641   795 D Detox   : class com.wix.detox.espresso.DetoxMatcher, matcherForSufficientlyVisible, [75]
04-06 12:05:38.038   641   795 D Detox   : class com.wix.detox.espresso.DetoxAssertion, assertMatcher, [androidx.test.espresso.ViewInteraction@d59266e, (view has effective visibility <VISIBLE> and view.getGlobalVisibleRect() covers at least <75> percent of the view's area)]
04-06 12:05:38.041   641   641 I ViewInteraction: Checking 'MatchesViewAssertion(Detox){viewMatcher=(view has effective visibility <VISIBLE> and view.getGlobalVisibleRect() covers at least <75> percent of the view's area)}' assertion on view (view.getTag() is "app-root" and view has effective visibility <VISIBLE>)
04-06 12:05:38.043   641   795 I DetoxWSClient: Sending out action 'invokeResult' (ID #40)
04-06 12:05:38.043   641   795 I DetoxDispatcher: Done with action 'invoke'
04-06 12:05:38.050   641   900 D DetoxWSClient: Received action 'invoke' (ID #41, params={"target":{"type":"Class","value":"com.wix.detox.espresso.DetoxAssertion"},"method":"waitForAssertMatcher","args":[{"type":"Invocation","value":{"target":{"type":"Class","value":"androidx.test.espresso.Espresso"},"method":"onView","args":[{"type":"Invocation","value":{"target":{"type":"Class","value":"com.wix.detox.espresso.DetoxMatcher"},"method":"matcherForTestId","args":["home-ready",{"type":"boolean","value":false}]}}]}},{"type":"Invocation","value":{"target":{"type":"Class","value":"com.wix.detox.espresso.DetoxMatcher"},"method":"matcherForSufficientlyVisible","args":[{"type":"Integer","value":75}]}},{"type":"Double","value":5}]})
04-06 12:05:38.050   641   795 I DetoxDispatcher: Handling action 'invoke' (ID #41)...
04-06 12:05:38.050   641   795 D Detox   : class com.wix.detox.espresso.DetoxMatcher, matcherForTestId, [home-ready, false]
04-06 12:05:38.051   641   795 D Detox   : class androidx.test.espresso.Espresso, onView, [(view.getTag() is "home-ready" and view has effective visibility <VISIBLE>)]
04-06 12:05:38.051   641   795 D Detox   : class com.wix.detox.espresso.DetoxMatcher, matcherForSufficientlyVisible, [75]
04-06 12:05:38.052   641   795 D Detox   : class com.wix.detox.espresso.DetoxAssertion, waitForAssertMatcher, [androidx.test.espresso.ViewInteraction@fbf110f, (view has effective visibility <VISIBLE> and view.getGlobalVisibleRect() covers at least <75> percent of the view's area), 5.0]
04-06 12:05:38.054   641   641 I ViewInteraction: Checking 'MatchesViewAssertion(Detox){viewMatcher=(view has effective visibility <VISIBLE> and view.getGlobalVisibleRect() covers at least <75> percent of the view's area)}' assertion on view (view.getTag() is "home-ready" and view has effective visibility <VISIBLE>)
04-06 12:05:38.056   641   795 I DetoxWSClient: Sending out action 'invokeResult' (ID #41)
04-06 12:05:38.057   641   795 I DetoxDispatcher: Done with action 'invoke'
04-06 12:05:38.059   641   900 D DetoxWSClient: Received action 'invoke' (ID #42, params={"target":{"type":"Class","value":"com.wix.detox.espresso.DetoxAssertion"},"method":"waitForAssertMatcher","args":[{"type":"Invocation","value":{"target":{"type":"Class","value":"androidx.test.espresso.Espresso"},"method":"onView","args":[{"type":"Invocation","value":{"target":{"type":"Class","value":"com.wix.detox.espresso.DetoxMatcher"},"method":"matcherForTestId","args":["tab-treino",{"type":"boolean","value":false}]}}]}},{"type":"Invocation","value":{"target":{"type":"Class","value":"com.wix.detox.espresso.DetoxMatcher"},"method":"matcherForSufficientlyVisible","args":[{"type":"Integer","value":75}]}},{"type":"Double","value":5}]})
04-06 12:05:38.060   641   795 I DetoxDispatcher: Handling action 'invoke' (ID #42)...
04-06 12:05:38.060   641   795 D Detox   : class com.wix.detox.espresso.DetoxMatcher, matcherForTestId, [tab-treino, false]
04-06 12:05:38.060   641   795 D Detox   : class androidx.test.espresso.Espresso, onView, [(view.getTag() is "tab-treino" and view has effective visibility <VISIBLE>)]
04-06 12:05:38.060   641   795 D Detox   : class com.wix.detox.espresso.DetoxMatcher, matcherForSufficientlyVisible, [75]
04-06 12:05:38.061   641   795 D Detox   : class com.wix.detox.espresso.DetoxAssertion, waitForAssertMatcher, [androidx.test.espresso.ViewInteraction@c27059c, (view has effective visibility <VISIBLE> and view.getGlobalVisibleRect() covers at least <75> percent of the view's area), 5.0]
04-06 12:05:38.062   641   641 I ViewInteraction: Checking 'MatchesViewAssertion(Detox){viewMatcher=(view has effective visibility <VISIBLE> and view.getGlobalVisibleRect() covers at least <75> percent of the view's area)}' assertion on view (view.getTag() is "tab-treino" and view has effective visibility <VISIBLE>)
04-06 12:05:38.064   641   795 I DetoxWSClient: Sending out action 'invokeResult' (ID #42)
04-06 12:05:38.064   641   795 I DetoxDispatcher: Done with action 'invoke'
04-06 12:05:38.068   641   900 D DetoxWSClient: Received action 'invoke' (ID #43, params={"target":{"type":"Class","value":"com.wix.detox.espresso.DetoxAssertion"},"method":"waitForAssertMatcher","args":[{"type":"Invocation","value":{"target":{"type":"Class","value":"androidx.test.espresso.Espresso"},"method":"onView","args":[{"type":"Invocation","value":{"target":{"type":"Class","value":"com.wix.detox.espresso.DetoxMatcher"},"method":"matcherForTestId","args":["app-root",{"type":"boolean","value":false}]}}]}},{"type":"Invocation","value":{"target":{"type":"Class","value":"com.wix.detox.espresso.DetoxMatcher"},"method":"matcherForSufficientlyVisible","args":[{"type":"Integer","value":75}]}},{"type":"Double","value":5}]})
04-06 12:05:38.069   641   795 I DetoxDispatcher: Handling action 'invoke' (ID #43)...
04-06 12:05:38.069   641   795 D Detox   : class com.wix.detox.espresso.DetoxMatcher, matcherForTestId, [app-root, false]
04-06 12:05:38.069   641   795 D Detox   : class androidx.test.espresso.Espresso, onView, [(view.getTag() is "app-root" and view has effective visibility <VISIBLE>)]
04-06 12:05:38.069   641   795 D Detox   : class com.wix.detox.espresso.DetoxMatcher, matcherForSufficientlyVisible, [75]
04-06 12:05:38.070   641   795 D Detox   : class com.wix.detox.espresso.DetoxAssertion, waitForAssertMatcher, [androidx.test.espresso.ViewInteraction@2fb1ba5, (view has effective visibility <VISIBLE> and view.getGlobalVisibleRect() covers at least <75> percent of the view's area), 5.0]
04-06 12:05:38.073   641   641 I ViewInteraction: Checking 'MatchesViewAssertion(Detox){viewMatcher=(view has effective visibility <VISIBLE> and view.getGlobalVisibleRect() covers at least <75> percent of the view's area)}' assertion on view (view.getTag() is "app-root" and view has effective visibility <VISIBLE>)
04-06 12:05:38.075   641   795 I DetoxWSClient: Sending out action 'invokeResult' (ID #43)
04-06 12:05:38.075   641   795 I DetoxDispatcher: Done with action 'invoke'
04-06 12:05:38.079   641   900 D DetoxWSClient: Received action 'invoke' (ID #44, params={"target":{"type":"Class","value":"com.wix.detox.espresso.DetoxAssertion"},"method":"assertMatcher","args":[{"type":"Invocation","value":{"target":{"type":"Class","value":"androidx.test.espresso.Espresso"},"method":"onView","args":[{"type":"Invocation","value":{"target":{"type":"Class","value":"com.wix.detox.espresso.DetoxMatcher"},"method":"matcherForTestId","args":["app-root",{"type":"boolean","value":false}]}}]}},{"type":"Invocation","value":{"target":{"type":"Class","value":"com.wix.detox.espresso.DetoxMatcher"},"method":"matcherForSufficientlyVisible","args":[{"type":"Integer","value":75}]}}]})
04-06 12:05:38.079   641   795 I DetoxDispatcher: Handling action 'invoke' (ID #44)...
04-06 12:05:38.079   641   795 D Detox   : class com.wix.detox.espresso.DetoxMatcher, matcherForTestId, [app-root, false]
04-06 12:05:38.080   641   795 D Detox   : class androidx.test.espresso.Espresso, onView, [(view.getTag() is "app-root" and view has effective visibility <VISIBLE>)]
04-06 12:05:38.080   641   795 D Detox   : class com.wix.detox.espresso.DetoxMatcher, matcherForSufficientlyVisible, [75]
04-06 12:05:38.081   641   795 D Detox   : class com.wix.detox.espresso.DetoxAssertion, assertMatcher, [androidx.test.espresso.ViewInteraction@df53b7a, (view has effective visibility <VISIBLE> and view.getGlobalVisibleRect() covers at least <75> percent of the view's area)]
04-06 12:05:38.084   641   641 I ViewInteraction: Checking 'MatchesViewAssertion(Detox){viewMatcher=(view has effective visibility <VISIBLE> and view.getGlobalVisibleRect() covers at least <75> percent of the view's area)}' assertion on view (view.getTag() is "app-root" and view has effective visibility <VISIBLE>)
04-06 12:05:38.087   641   795 I DetoxWSClient: Sending out action 'invokeResult' (ID #44)
04-06 12:05:38.087   641   795 I DetoxDispatcher: Done with action 'invoke'
04-06 12:05:38.090   641   900 D DetoxWSClient: Received action 'invoke' (ID #45, params={"target":{"type":"Class","value":"com.wix.detox.espresso.DetoxAssertion"},"method":"waitForAssertMatcher","args":[{"type":"Invocation","value":{"target":{"type":"Class","value":"androidx.test.espresso.Espresso"},"method":"onView","args":[{"type":"Invocation","value":{"target":{"type":"Class","value":"com.wix.detox.espresso.DetoxMatcher"},"method":"matcherForTestId","args":["tab-treino",{"type":"boolean","value":false}]}}]}},{"type":"Invocation","value":{"target":{"type":"Class","value":"com.wix.detox.espresso.DetoxMatcher"},"method":"matcherForSufficientlyVisible","args":[{"type":"Integer","value":75}]}},{"type":"Double","value":5}]})
04-06 12:05:38.091   641   795 I DetoxDispatcher: Handling action 'invoke' (ID #45)...
04-06 12:05:38.091   641   795 D Detox   : class com.wix.detox.espresso.DetoxMatcher, matcherForTestId, [tab-treino, false]
04-06 12:05:38.092   641   795 D Detox   : class androidx.test.espresso.Espresso, onView, [(view.getTag() is "tab-treino" and view has effective visibility <VISIBLE>)]
04-06 12:05:38.092   641   795 D Detox   : class com.wix.detox.espresso.DetoxMatcher, matcherForSufficientlyVisible, [75]
04-06 12:05:38.093   641   795 D Detox   : class com.wix.detox.espresso.DetoxAssertion, waitForAssertMatcher, [androidx.test.espresso.ViewInteraction@3e5af2b, (view has effective visibility <VISIBLE> and view.getGlobalVisibleRect() covers at least <75> percent of the view's area), 5.0]
04-06 12:05:38.095   641   641 I ViewInteraction: Checking 'MatchesViewAssertion(Detox){viewMatcher=(view has effective visibility <VISIBLE> and view.getGlobalVisibleRect() covers at least <75> percent of the view's area)}' assertion on view (view.getTag() is "tab-treino" and view has effective visibility <VISIBLE>)
04-06 12:05:38.097   641   795 I DetoxWSClient: Sending out action 'invokeResult' (ID #45)
04-06 12:05:38.098   641   795 I DetoxDispatcher: Done with action 'invoke'
04-06 12:05:38.102   641   900 D DetoxWSClient: Received action 'invoke' (ID #46, params={"target":{"type":"Class","value":"com.wix.detox.espresso.EspressoDetox"},"method":"perform","args":[{"type":"Invocation","value":{"target":{"type":"Class","value":"com.wix.detox.espresso.DetoxMatcher"},"method":"matcherForTestId","args":["tab-treino",{"type":"boolean","value":false}]}},{"type":"Invocation","value":{"target":{"type":"Class","value":"com.wix.detox.espresso.DetoxViewActions"},"method":"click","args":[]}}]})
04-06 12:05:38.102   641   795 I DetoxDispatcher: Handling action 'invoke' (ID #46)...
04-06 12:05:38.103   641   795 D Detox   : class com.wix.detox.espresso.DetoxMatcher, matcherForTestId, [tab-treino, false]
04-06 12:05:38.103   641   795 D Detox   : class com.wix.detox.espresso.DetoxViewActions, click, []
04-06 12:05:38.104   641   795 D Detox   : class com.wix.detox.espresso.EspressoDetox, perform, [(view.getTag() is "tab-treino" and view has effective visibility <VISIBLE>), com.wix.detox.espresso.action.RNClickAction@a6cdf88]
04-06 12:05:38.108   641   641 I ViewInteraction: Performing 'com.wix.detox.espresso.action.detoxsingletap@7a6cd21 click' action on view (view.getTag() is "tab-treino" and view has effective visibility <VISIBLE>)
04-06 12:05:38.113   641   641 I ViewRootImpl@73623ee[MainActivity]: ViewPostIme pointer 0
04-06 12:05:38.148   641   641 I ViewRootImpl@73623ee[MainActivity]: ViewPostIme pointer 1
04-06 12:05:38.236   641   960 I ReactNativeJS: 'match:', 'local-cache'
04-06 12:05:38.236   641   960 I ReactNativeJS: 'recommendation:', 'push', '| confidence:', 'alta'
04-06 12:05:38.298   641   641 D ScrollView: initGoToTop
04-06 12:05:38.834   641   795 I DetoxWSClient: Sending out action 'invokeResult' (ID #46)
04-06 12:05:38.835   641   795 I DetoxDispatcher: Done with action 'invoke'
04-06 12:05:39.145   641   900 D DetoxWSClient: Received action 'invoke' (ID #47, params={"target":{"type":"Class","value":"com.wix.detox.espresso.DetoxAssertion"},"method":"waitForAssertMatcher","args":[{"type":"Invocation","value":{"target":{"type":"Class","value":"androidx.test.espresso.Espresso"},"method":"onView","args":[{"type":"Invocation","value":{"target":{"type":"Class","value":"com.wix.detox.espresso.DetoxMatcher"},"method":"matcherForTestId","args":["screen-treinos",{"type":"boolean","value":false}]}}]}},{"type":"Invocation","value":{"target":{"type":"Class","value":"com.wix.detox.espresso.DetoxMatcher"},"method":"matcherForSufficientlyVisible","args":[{"type":"Integer","value":75}]}},{"type":"Double","value":5}]})
04-06 12:05:39.146   641   795 I DetoxDispatcher: Handling action 'invoke' (ID #47)...
04-06 12:05:39.148   641   795 D Detox   : class com.wix.detox.espresso.DetoxMatcher, matcherForTestId, [screen-treinos, false]
04-06 12:05:39.149   641   795 D Detox   : class androidx.test.espresso.Espresso, onView, [(view.getTag() is "screen-treinos" and view has effective visibility <VISIBLE>)]
04-06 12:05:39.152   641   795 D Detox   : class com.wix.detox.espresso.DetoxMatcher, matcherForSufficientlyVisible, [75]
04-06 12:05:39.153   641   795 D Detox   : class com.wix.detox.espresso.DetoxAssertion, waitForAssertMatcher, [androidx.test.espresso.ViewInteraction@aad93ac, (view has effective visibility <VISIBLE> and view.getGlobalVisibleRect() covers at least <75> percent of the view's area), 5.0]
04-06 12:05:39.164   641   641 I ViewInteraction: Checking 'MatchesViewAssertion(Detox){viewMatcher=(view has effective visibility <VISIBLE> and view.getGlobalVisibleRect() covers at least <75> percent of the view's area)}' assertion on view (view.getTag() is "screen-treinos" and view has effective visibility <VISIBLE>)
04-06 12:05:39.175   641   795 I DetoxWSClient: Sending out action 'invokeResult' (ID #47)
04-06 12:05:39.175   641   795 I DetoxDispatcher: Done with action 'invoke'
04-06 12:05:39.179   641   900 D DetoxWSClient: Received action 'invoke' (ID #48, params={"target":{"type":"Class","value":"com.wix.detox.espresso.DetoxAssertion"},"method":"waitForAssertMatcher","args":[{"type":"Invocation","value":{"target":{"type":"Class","value":"androidx.test.espresso.Espresso"},"method":"onView","args":[{"type":"Invocation","value":{"target":{"type":"Class","value":"com.wix.detox.espresso.DetoxMatcher"},"method":"matcherForTestId","args":["app-root",{"type":"boolean","value":false}]}}]}},{"type":"Invocation","value":{"target":{"type":"Class","value":"com.wix.detox.espresso.DetoxMatcher"},"method":"matcherForSufficientlyVisible","args":[{"type":"Integer","value":75}]}},{"type":"Double","value":5}]})
04-06 12:05:39.180   641   795 I DetoxDispatcher: Handling action 'invoke' (ID #48)...
04-06 12:05:39.180   641   795 D Detox   : class com.wix.detox.espresso.DetoxMatcher, matcherForTestId, [app-root, false]
04-06 12:05:39.181   641   795 D Detox   : class androidx.test.espresso.Espresso, onView, [(view.getTag() is "app-root" and view has effective visibility <VISIBLE>)]
04-06 12:05:39.183   641   795 D Detox   : class com.wix.detox.espresso.DetoxMatcher, matcherForSufficientlyVisible, [75]
04-06 12:05:39.183   641   795 D Detox   : class com.wix.detox.espresso.DetoxAssertion, waitForAssertMatcher, [androidx.test.espresso.ViewInteraction@abb200a, (view has effective visibility <VISIBLE> and view.getGlobalVisibleRect() covers at least <75> percent of the view's area), 5.0]
04-06 12:05:39.189   641   641 I ViewInteraction: Checking 'MatchesViewAssertion(Detox){viewMatcher=(view has effective visibility <VISIBLE> and view.getGlobalVisibleRect() covers at least <75> percent of the view's area)}' assertion on view (view.getTag() is "app-root" and view has effective visibility <VISIBLE>)
04-06 12:05:39.196   641   795 I DetoxWSClient: Sending out action 'invokeResult' (ID #48)
04-06 12:05:39.196   641   795 I DetoxDispatcher: Done with action 'invoke'
