04-06 12:05:39.200   641   900 D DetoxWSClient: Received action 'invoke' (ID #49, params={"target":{"type":"Class","value":"com.wix.detox.espresso.DetoxAssertion"},"method":"assertMatcher","args":[{"type":"Invocation","value":{"target":{"type":"Class","value":"androidx.test.espresso.Espresso"},"method":"onView","args":[{"type":"Invocation","value":{"target":{"type":"Class","value":"com.wix.detox.espresso.DetoxMatcher"},"method":"matcherForTestId","args":["app-root",{"type":"boolean","value":false}]}}]}},{"type":"Invocation","value":{"target":{"type":"Class","value":"com.wix.detox.espresso.DetoxMatcher"},"method":"matcherForSufficientlyVisible","args":[{"type":"Integer","value":75}]}}]})
04-06 12:05:39.201   641   795 I DetoxDispatcher: Handling action 'invoke' (ID #49)...
04-06 12:05:39.201   641   795 D Detox   : class com.wix.detox.espresso.DetoxMatcher, matcherForTestId, [app-root, false]
04-06 12:05:39.202   641   795 D Detox   : class androidx.test.espresso.Espresso, onView, [(view.getTag() is "app-root" and view has effective visibility <VISIBLE>)]
04-06 12:05:39.203   641   795 D Detox   : class com.wix.detox.espresso.DetoxMatcher, matcherForSufficientlyVisible, [75]
04-06 12:05:39.204   641   795 D Detox   : class com.wix.detox.espresso.DetoxAssertion, assertMatcher, [androidx.test.espresso.ViewInteraction@72be07b, (view has effective visibility <VISIBLE> and view.getGlobalVisibleRect() covers at least <75> percent of the view's area)]
04-06 12:05:39.210   641   641 I ViewInteraction: Checking 'MatchesViewAssertion(Detox){viewMatcher=(view has effective visibility <VISIBLE> and view.getGlobalVisibleRect() covers at least <75> percent of the view's area)}' assertion on view (view.getTag() is "app-root" and view has effective visibility <VISIBLE>)
04-06 12:05:39.216   641   795 I DetoxWSClient: Sending out action 'invokeResult' (ID #49)
04-06 12:05:39.216   641   795 I DetoxDispatcher: Done with action 'invoke'
04-06 12:05:39.221   641   900 D DetoxWSClient: Received action 'invoke' (ID #50, params={"target":{"type":"Class","value":"com.wix.detox.espresso.DetoxAssertion"},"method":"waitForAssertMatcher","args":[{"type":"Invocation","value":{"target":{"type":"Class","value":"androidx.test.espresso.Espresso"},"method":"onView","args":[{"type":"Invocation","value":{"target":{"type":"Class","value":"com.wix.detox.espresso.DetoxMatcher"},"method":"matcherForTestId","args":["btn-iniciar-treino",{"type":"boolean","value":false}]}}]}},{"type":"Invocation","value":{"target":{"type":"Class","value":"com.wix.detox.espresso.DetoxMatcher"},"method":"matcherForSufficientlyVisible","args":[{"type":"Integer","value":75}]}},{"type":"Double","value":5}]})
04-06 12:05:39.222   641   795 I DetoxDispatcher: Handling action 'invoke' (ID #50)...
04-06 12:05:39.222   641   795 D Detox   : class com.wix.detox.espresso.DetoxMatcher, matcherForTestId, [btn-iniciar-treino, false]
04-06 12:05:39.223   641   795 D Detox   : class androidx.test.espresso.Espresso, onView, [(view.getTag() is "btn-iniciar-treino" and view has effective visibility <VISIBLE>)]
04-06 12:05:39.225   641   795 D Detox   : class com.wix.detox.espresso.DetoxMatcher, matcherForSufficientlyVisible, [75]
04-06 12:05:39.226   641   795 D Detox   : class com.wix.detox.espresso.DetoxAssertion, waitForAssertMatcher, [androidx.test.espresso.ViewInteraction@6363e98, (view has effective visibility <VISIBLE> and view.getGlobalVisibleRect() covers at least <75> percent of the view's area), 5.0]
04-06 12:05:39.233   641   641 I ViewInteraction: Checking 'MatchesViewAssertion(Detox){viewMatcher=(view has effective visibility <VISIBLE> and view.getGlobalVisibleRect() covers at least <75> percent of the view's area)}' assertion on view (view.getTag() is "btn-iniciar-treino" and view has effective visibility <VISIBLE>)
04-06 12:05:39.239   641   795 I DetoxWSClient: Sending out action 'invokeResult' (ID #50)
04-06 12:05:39.239   641   795 I DetoxDispatcher: Done with action 'invoke'
04-06 12:05:39.243   641   900 D DetoxWSClient: Received action 'invoke' (ID #51, params={"target":{"type":"Class","value":"com.wix.detox.espresso.EspressoDetox"},"method":"perform","args":[{"type":"Invocation","value":{"target":{"type":"Class","value":"com.wix.detox.espresso.DetoxMatcher"},"method":"matcherForTestId","args":["btn-iniciar-treino",{"type":"boolean","value":false}]}},{"type":"Invocation","value":{"target":{"type":"Class","value":"com.wix.detox.espresso.DetoxViewActions"},"method":"click","args":[]}}]})
04-06 12:05:39.244   641   795 I DetoxDispatcher: Handling action 'invoke' (ID #51)...
04-06 12:05:39.244   641   795 D Detox   : class com.wix.detox.espresso.DetoxMatcher, matcherForTestId, [btn-iniciar-treino, false]
04-06 12:05:39.245   641   795 D Detox   : class com.wix.detox.espresso.DetoxViewActions, click, []
04-06 12:05:39.245   641   795 D Detox   : class com.wix.detox.espresso.EspressoDetox, perform, [(view.getTag() is "btn-iniciar-treino" and view has effective visibility <VISIBLE>), com.wix.detox.espresso.action.RNClickAction@df332d6]
04-06 12:05:39.252   641   641 I ViewInteraction: Performing 'com.wix.detox.espresso.action.detoxsingletap@18e0957 click' action on view (view.getTag() is "btn-iniciar-treino" and view has effective visibility <VISIBLE>)
04-06 12:05:39.260   641   641 I ViewRootImpl@73623ee[MainActivity]: ViewPostIme pointer 0
04-06 12:05:39.292   641   641 I ViewRootImpl@73623ee[MainActivity]: ViewPostIme pointer 1
04-06 12:05:39.426   641   641 W [RNScreens]: backTitleFontFamily prop is not available on Android
04-06 12:05:39.426   641   641 W [RNScreens]: disableBackButtonMenu prop is not available on Android
04-06 12:05:39.426   641   641 W [RNScreens]: backTitleVisible prop is not available on Android
04-06 12:05:39.426   641   641 W [RNScreens]: topInsetEnabled prop is not available on Android
04-06 12:05:39.426   641   641 W [RNScreens]: largeTitleHideShadow prop is not available on Android
04-06 12:05:39.427   641   641 W [RNScreens]: largeTitleFontWeight prop is not available on Android
04-06 12:05:39.427   641   641 W [RNScreens]: userInterfaceStyle prop is not available on Android
04-06 12:05:39.427   641   641 W [RNScreens]: largeTitleFontFamily prop is not available on Android
04-06 12:05:39.434   641   960 I ReactNativeJS: 'match:', 'local-cache'
04-06 12:05:39.435   641   960 I ReactNativeJS: 'recommendation:', 'push', '| confidence:', 'alta'
04-06 12:05:39.478   641   960 I ReactNativeJS: 'match:', 'local-cache'
04-06 12:05:39.479   641   960 I ReactNativeJS: 'recommendation:', 'push', '| confidence:', 'alta'
04-06 12:05:40.680   641   641 W om.evolucao.app: Accessing hidden field Landroid/widget/HorizontalScrollView;->mScroller:Landroid/widget/OverScroller; (unsupported, reflection, allowed)
04-06 12:05:40.702   641   641 D ScrollView: initGoToTop
04-06 12:05:41.140   641  1688 D expo-notifications: Notification request "e09c7e85-7062-4373-a771-464e545ce3f8" will not trigger in the future, removing.
04-06 12:05:41.879   641   795 I DetoxWSClient: Sending out action 'invokeResult' (ID #51)
04-06 12:05:41.879   641   795 I DetoxDispatcher: Done with action 'invoke'
04-06 12:05:42.201   641   900 D DetoxWSClient: Received action 'invoke' (ID #52, params={"target":{"type":"Class","value":"com.wix.detox.espresso.DetoxAssertion"},"method":"waitForAssertMatcher","args":[{"type":"Invocation","value":{"target":{"type":"Class","value":"androidx.test.espresso.Espresso"},"method":"onView","args":[{"type":"Invocation","value":{"target":{"type":"Class","value":"com.wix.detox.espresso.DetoxMatcher"},"method":"matcherForTestId","args":["screen-workout",{"type":"boolean","value":false}]}}]}},{"type":"Invocation","value":{"target":{"type":"Class","value":"com.wix.detox.espresso.DetoxMatcher"},"method":"matcherForSufficientlyVisible","args":[{"type":"Integer","value":75}]}},{"type":"Double","value":5}]})
04-06 12:05:42.202   641   795 I DetoxDispatcher: Handling action 'invoke' (ID #52)...
04-06 12:05:42.203   641   795 D Detox   : class com.wix.detox.espresso.DetoxMatcher, matcherForTestId, [screen-workout, false]
04-06 12:05:42.205   641   795 D Detox   : class androidx.test.espresso.Espresso, onView, [(view.getTag() is "screen-workout" and view has effective visibility <VISIBLE>)]
04-06 12:05:42.208   641   795 D Detox   : class com.wix.detox.espresso.DetoxMatcher, matcherForSufficientlyVisible, [75]
04-06 12:05:42.209   641   795 D Detox   : class com.wix.detox.espresso.DetoxAssertion, waitForAssertMatcher, [androidx.test.espresso.ViewInteraction@247c0f6, (view has effective visibility <VISIBLE> and view.getGlobalVisibleRect() covers at least <75> percent of the view's area), 5.0]
04-06 12:05:42.222   641   641 I ViewInteraction: Checking 'MatchesViewAssertion(Detox){viewMatcher=(view has effective visibility <VISIBLE> and view.getGlobalVisibleRect() covers at least <75> percent of the view's area)}' assertion on view (view.getTag() is "screen-workout" and view has effective visibility <VISIBLE>)
04-06 12:05:42.231   641   795 I DetoxWSClient: Sending out action 'invokeResult' (ID #52)
04-06 12:05:42.232   641   795 I DetoxDispatcher: Done with action 'invoke'
04-06 12:05:42.997   641   900 D DetoxWSClient: Received action 'invoke' (ID #53, params={"target":{"type":"Class","value":"com.wix.detox.espresso.DetoxAssertion"},"method":"waitForAssertMatcher","args":[{"type":"Invocation","value":{"target":{"type":"Class","value":"androidx.test.espresso.Espresso"},"method":"onView","args":[{"type":"Invocation","value":{"target":{"type":"Class","value":"com.wix.detox.espresso.DetoxMatcher"},"method":"matcherForTestId","args":["app-root",{"type":"boolean","value":false}]}}]}},{"type":"Invocation","value":{"target":{"type":"Class","value":"com.wix.detox.espresso.DetoxMatcher"},"method":"matcherForSufficientlyVisible","args":[{"type":"Integer","value":75}]}},{"type":"Double","value":5}]})
04-06 12:05:42.997   641   795 I DetoxDispatcher: Handling action 'invoke' (ID #53)...
04-06 12:05:42.997   641   795 D Detox   : class com.wix.detox.espresso.DetoxMatcher, matcherForTestId, [app-root, false]
04-06 12:05:42.998   641   795 D Detox   : class androidx.test.espresso.Espresso, onView, [(view.getTag() is "app-root" and view has effective visibility <VISIBLE>)]
04-06 12:05:42.998   641   795 D Detox   : class com.wix.detox.espresso.DetoxMatcher, matcherForSufficientlyVisible, [75]
04-06 12:05:42.999   641   795 D Detox   : class com.wix.detox.espresso.DetoxAssertion, waitForAssertMatcher, [androidx.test.espresso.ViewInteraction@50a3764, (view has effective visibility <VISIBLE> and view.getGlobalVisibleRect() covers at least <75> percent of the view's area), 5.0]
04-06 12:05:43.005   641   641 I ViewInteraction: Checking 'MatchesViewAssertion(Detox){viewMatcher=(view has effective visibility <VISIBLE> and view.getGlobalVisibleRect() covers at least <75> percent of the view's area)}' assertion on view (view.getTag() is "app-root" and view has effective visibility <VISIBLE>)
04-06 12:05:43.010   641   795 I DetoxWSClient: Sending out action 'invokeResult' (ID #53)
04-06 12:05:43.010   641   795 I DetoxDispatcher: Done with action 'invoke'
04-06 12:05:43.013   641   900 D DetoxWSClient: Received action 'invoke' (ID #54, params={"target":{"type":"Class","value":"com.wix.detox.espresso.DetoxAssertion"},"method":"assertMatcher","args":[{"type":"Invocation","value":{"target":{"type":"Class","value":"androidx.test.espresso.Espresso"},"method":"onView","args":[{"type":"Invocation","value":{"target":{"type":"Class","value":"com.wix.detox.espresso.DetoxMatcher"},"method":"matcherForTestId","args":["app-root",{"type":"boolean","value":false}]}}]}},{"type":"Invocation","value":{"target":{"type":"Class","value":"com.wix.detox.espresso.DetoxMatcher"},"method":"matcherForSufficientlyVisible","args":[{"type":"Integer","value":75}]}}]})
04-06 12:05:43.013   641   795 I DetoxDispatcher: Handling action 'invoke' (ID #54)...
04-06 12:05:43.014   641   795 D Detox   : class com.wix.detox.espresso.DetoxMatcher, matcherForTestId, [app-root, false]
04-06 12:05:43.014   641   795 D Detox   : class androidx.test.espresso.Espresso, onView, [(view.getTag() is "app-root" and view has effective visibility <VISIBLE>)]
04-06 12:05:43.015   641   795 D Detox   : class com.wix.detox.espresso.DetoxMatcher, matcherForSufficientlyVisible, [75]
04-06 12:05:43.015   641   795 D Detox   : class com.wix.detox.espresso.DetoxAssertion, assertMatcher, [androidx.test.espresso.ViewInteraction@d923dcd, (view has effective visibility <VISIBLE> and view.getGlobalVisibleRect() covers at least <75> percent of the view's area)]
04-06 12:05:43.017   641   641 I ViewInteraction: Checking 'MatchesViewAssertion(Detox){viewMatcher=(view has effective visibility <VISIBLE> and view.getGlobalVisibleRect() covers at least <75> percent of the view's area)}' assertion on view (view.getTag() is "app-root" and view has effective visibility <VISIBLE>)
04-06 12:05:43.020   641   795 I DetoxWSClient: Sending out action 'invokeResult' (ID #54)
04-06 12:05:43.020   641   795 I DetoxDispatcher: Done with action 'invoke'
04-06 12:05:43.024   641   900 D DetoxWSClient: Received action 'invoke' (ID #55, params={"target":{"type":"Class","value":"com.wix.detox.espresso.DetoxAssertion"},"method":"waitForAssertMatcher","args":[{"type":"Invocation","value":{"target":{"type":"Class","value":"androidx.test.espresso.Espresso"},"method":"onView","args":[{"type":"Invocation","value":{"target":{"type":"Class","value":"com.wix.detox.espresso.DetoxMatcher"},"method":"matcherForTestId","args":["input-peso",{"type":"boolean","value":false}]}}]}},{"type":"Invocation","value":{"target":{"type":"Class","value":"com.wix.detox.espresso.DetoxMatcher"},"method":"matcherForSufficientlyVisible","args":[{"type":"Integer","value":75}]}},{"type":"Double","value":5}]})
04-06 12:05:43.024   641   795 I DetoxDispatcher: Handling action 'invoke' (ID #55)...
04-06 12:05:43.024   641   795 D Detox   : class com.wix.detox.espresso.DetoxMatcher, matcherForTestId, [input-peso, false]
04-06 12:05:43.025   641   795 D Detox   : class androidx.test.espresso.Espresso, onView, [(view.getTag() is "input-peso" and view has effective visibility <VISIBLE>)]
04-06 12:05:43.025   641   795 D Detox   : class com.wix.detox.espresso.DetoxMatcher, matcherForSufficientlyVisible, [75]
04-06 12:05:43.025   641   795 D Detox   : class com.wix.detox.espresso.DetoxAssertion, waitForAssertMatcher, [androidx.test.espresso.ViewInteraction@fa6f682, (view has effective visibility <VISIBLE> and view.getGlobalVisibleRect() covers at least <75> percent of the view's area), 5.0]
04-06 12:05:43.029   641   641 I ViewInteraction: Checking 'MatchesViewAssertion(Detox){viewMatcher=(view has effective visibility <VISIBLE> and view.getGlobalVisibleRect() covers at least <75> percent of the view's area)}' assertion on view (view.getTag() is "input-peso" and view has effective visibility <VISIBLE>)
04-06 12:05:43.039   641   795 I DetoxWSClient: Sending out action 'invokeResult' (ID #55)
04-06 12:05:43.040   641   795 I DetoxDispatcher: Done with action 'invoke'
04-06 12:05:43.043   641   900 D DetoxWSClient: Received action 'invoke' (ID #56, params={"target":{"type":"Class","value":"com.wix.detox.espresso.DetoxAssertion"},"method":"waitForAssertMatcher","args":[{"type":"Invocation","value":{"target":{"type":"Class","value":"androidx.test.espresso.Espresso"},"method":"onView","args":[{"type":"Invocation","value":{"target":{"type":"Class","value":"com.wix.detox.espresso.DetoxMatcher"},"method":"matcherForTestId","args":["input-reps",{"type":"boolean","value":false}]}}]}},{"type":"Invocation","value":{"target":{"type":"Class","value":"com.wix.detox.espresso.DetoxMatcher"},"method":"matcherForSufficientlyVisible","args":[{"type":"Integer","value":75}]}},{"type":"Double","value":5}]})
04-06 12:05:43.043   641   795 I DetoxDispatcher: Handling action 'invoke' (ID #56)...
04-06 12:05:43.043   641   795 D Detox   : class com.wix.detox.espresso.DetoxMatcher, matcherForTestId, [input-reps, false]
04-06 12:05:43.044   641   795 D Detox   : class androidx.test.espresso.Espresso, onView, [(view.getTag() is "input-reps" and view has effective visibility <VISIBLE>)]
04-06 12:05:43.044   641   795 D Detox   : class com.wix.detox.espresso.DetoxMatcher, matcherForSufficientlyVisible, [75]
04-06 12:05:43.045   641   795 D Detox   : class com.wix.detox.espresso.DetoxAssertion, waitForAssertMatcher, [androidx.test.espresso.ViewInteraction@7af32ef, (view has effective visibility <VISIBLE> and view.getGlobalVisibleRect() covers at least <75> percent of the view's area), 5.0]
04-06 12:05:43.047   641   641 I ViewInteraction: Checking 'MatchesViewAssertion(Detox){viewMatcher=(view has effective visibility <VISIBLE> and view.getGlobalVisibleRect() covers at least <75> percent of the view's area)}' assertion on view (view.getTag() is "input-reps" and view has effective visibility <VISIBLE>)
04-06 12:05:43.057   641   795 I DetoxWSClient: Sending out action 'invokeResult' (ID #56)
04-06 12:05:43.058   641   795 I DetoxDispatcher: Done with action 'invoke'
04-06 12:05:43.061   641   900 D DetoxWSClient: Received action 'invoke' (ID #57, params={"target":{"type":"Class","value":"com.wix.detox.espresso.DetoxAssertion"},"method":"waitForAssertMatcher","args":[{"type":"Invocation","value":{"target":{"type":"Class","value":"androidx.test.espresso.Espresso"},"method":"onView","args":[{"type":"Invocation","value":{"target":{"type":"Class","value":"com.wix.detox.espresso.DetoxMatcher"},"method":"matcherForTestId","args":["input-peso",{"type":"boolean","value":false}]}}]}},{"type":"Invocation","value":{"target":{"type":"Class","value":"com.wix.detox.espresso.DetoxMatcher"},"method":"matcherForSufficientlyVisible","args":[{"type":"Integer","value":75}]}},{"type":"Double","value":5}]})
04-06 12:05:43.061   641   795 I DetoxDispatcher: Handling action 'invoke' (ID #57)...
04-06 12:05:43.061   641   795 D Detox   : class com.wix.detox.espresso.DetoxMatcher, matcherForTestId, [input-peso, false]
04-06 12:05:43.062   641   795 D Detox   : class androidx.test.espresso.Espresso, onView, [(view.getTag() is "input-peso" and view has effective visibility <VISIBLE>)]
04-06 12:05:43.062   641   795 D Detox   : class com.wix.detox.espresso.DetoxMatcher, matcherForSufficientlyVisible, [75]
04-06 12:05:43.062   641   795 D Detox   : class com.wix.detox.espresso.DetoxAssertion, waitForAssertMatcher, [androidx.test.espresso.ViewInteraction@899c085, (view has effective visibility <VISIBLE> and view.getGlobalVisibleRect() covers at least <75> percent of the view's area), 5.0]
04-06 12:05:43.065   641   641 I ViewInteraction: Checking 'MatchesViewAssertion(Detox){viewMatcher=(view has effective visibility <VISIBLE> and view.getGlobalVisibleRect() covers at least <75> percent of the view's area)}' assertion on view (view.getTag() is "input-peso" and view has effective visibility <VISIBLE>)
04-06 12:05:43.075   641   795 I DetoxWSClient: Sending out action 'invokeResult' (ID #57)
04-06 12:05:43.076   641   795 I DetoxDispatcher: Done with action 'invoke'
04-06 12:05:43.080   641   900 D DetoxWSClient: Received action 'invoke' (ID #58, params={"target":{"type":"Class","value":"com.wix.detox.espresso.EspressoDetox"},"method":"perform","args":[{"type":"Invocation","value":{"target":{"type":"Class","value":"com.wix.detox.espresso.DetoxMatcher"},"method":"matcherForTestId","args":["input-peso",{"type":"boolean","value":false}]}},{"type":"Invocation","value":{"target":{"type":"Class","value":"com.wix.detox.espresso.DetoxViewActions"},"method":"click","args":[]}}]})
04-06 12:05:43.080   641   795 I DetoxDispatcher: Handling action 'invoke' (ID #58)...
04-06 12:05:43.080   641   795 D Detox   : class com.wix.detox.espresso.DetoxMatcher, matcherForTestId, [input-peso, false]
04-06 12:05:43.081   641   795 D Detox   : class com.wix.detox.espresso.DetoxViewActions, click, []
04-06 12:05:43.081   641   795 D Detox   : class com.wix.detox.espresso.EspressoDetox, perform, [(view.getTag() is "input-peso" and view has effective visibility <VISIBLE>), com.wix.detox.espresso.action.RNClickAction@dfdaeda]
04-06 12:05:43.084   641   641 I ViewInteraction: Performing 'com.wix.detox.espresso.action.detoxsingletap@6e60f0b click' action on view (view.getTag() is "input-peso" and view has effective visibility <VISIBLE>)
04-06 12:05:43.095   641   641 I ViewRootImpl@73623ee[MainActivity]: ViewPostIme pointer 0
04-06 12:05:43.125   641   641 I ViewRootImpl@73623ee[MainActivity]: ViewPostIme pointer 1
04-06 12:05:43.156   641   641 D InputMethodManager: startInputInner - Id : 0
04-06 12:05:43.157   641   641 I InputMethodManager: startInputInner - mService.startInputOrWindowGainedFocus
04-06 12:05:43.161   641   641 I IMM_LC  : showSoftInput(View,I)
04-06 12:05:43.161   641   641 I IMM_LC  : ssi() - flag : 0 view : com.evolucao.app reason = SHOW_SOFT_INPUT
04-06 12:05:43.174   641   918 D NativeCustomFrequencyManager: [NativeCFMS] BpCustomFrequencyManager::BpCustomFrequencyManager()
04-06 12:05:43.179   641   641 D InsetsController: onStateChanged: InsetsState: {mDisplayFrame=Rect(0, 0 - 1080, 2400), mDisplayCutout=DisplayCutout{insets=Rect(0, 88 - 0, 0) waterfall=Insets{left=0, top=0, right=0, bottom=0} boundingRect={Bounds=[Rect(0, 0 - 0, 0), Rect(512, 0 - 568, 88), Rect(0, 0 - 0, 0), Rect(0, 0 - 0, 0)]} cutoutPathParserInfo={CutoutPathParserInfo{displayWidth=1080 displayHeight=2400 physicalDisplayWidth=1080 physicalDisplayHeight=2400 density={3.0} cutoutSpec={M 0,0 M 0,10.71963616907435 a 9.280363830925644,9.280363830925644 0 1,0 0,18.56072766185129 a 9.280363830925644,9.280363830925644 0 1,0 0,-18.56072766185129 Z @dp} rotation={0} scale={1.0} physicalPixelDisplaySizeRatio={1.0}}}}, mRoundedCorners=RoundedCorners{[RoundedCorner{position=TopLeft, radius=96, center=Point(96, 96)}, RoundedCorner{position=TopRight, radius=96, center=Point(984, 96)}, RoundedCorner{position=BottomRight, radius=96, center=Point(984, 2304)}, RoundedCorner{position=BottomLeft, radius=96, center=Point(96, 2304)}]}  mRoundedCornerFrame=Rect(0, 0 - 1080, 2400), mPrivacyIndicatorBounds=PrivacyIndicatorBounds {static bounds=Rect(948, 0 - 1080, 88) rotation=0}, mSources= { InsetsSource: {mType=ITYPE_STATUS_BAR, mFrame=[0,0][1080,88], mVisible=true, mInsetsRoundedCornerFrame=false}, InsetsSource: {mType=ITYPE_NAVIGATION_BAR, mFrame=[0,2256][1080,2400], mVisible=true, mInsetsRoundedCornerFrame=false}, InsetsSource: {mType=ITYPE_LEFT_GESTURES, mFrame=[0,0][0,2400], mVisible=true, mInsetsRoundedCornerFrame=false}, InsetsSource: {mType=ITYPE_RIGHT_GESTURES, mFrame=[1080,0][1080,2400], mVisible=true, mInsetsRoundedCornerFrame=false}, InsetsSource: {mType=ITYPE_TOP_MANDATORY_GESTURES, mFrame=[0,0][1080,124], mVisible=true, mInsetsRoundedCornerFrame=false}, InsetsSource: {mType=ITYPE_BOTTOM_MANDATORY_GESTURES, mFrame=[0,2256][1080,2400], mVisible=true, mInsetsRoundedCornerFrame=false}, InsetsSource: {mType=ITYPE_LEFT_DISPLAY_CUTOUT, mFrame=[0,0][-100000,2400], mVisible=true, mInsetsRoundedCornerFrame=false}, InsetsSource: {mType=ITYPE_TOP_DISPLAY_CUTOUT, mFrame=[0,0][1080,88], mVisible=true, mInsetsRoundedCornerFrame=false}, InsetsSource: {mType=ITYPE_RIGHT_DISPLAY_CUTOUT, mFrame=[100000,0][1080,2400], mVisible=true, mInsetsRoundedCornerFrame=false}, InsetsSource: {mType=ITYPE_BOTTOM_DISPLAY_CUTOUT, mFrame=[0,100000][1080,2400], mVisible=true, mInsetsRoundedCornerFrame=false}, InsetsSource: {mType=ITYPE_TOP_TAPPABLE_ELEMENT, mFrame=[0,0][1080,88], mVisible=true, mInsetsRoundedCornerFrame=false}, InsetsSource: {mType=ITYPE_BOTTOM_TAPPABLE_ELEMENT, mFrame=[0,2256][1080,2400], mVisible=true, mInsetsRoundedCornerFrame=false} } host=PopupWindow:d721c7e from=android.view.ViewRootImpl.setView:1732
04-06 12:05:43.181   641   641 I ViewRootImpl@5b8b5df[PopupWindow:d721c7e]: setView = android.widget.PopupWindow$PopupDecorView@f1cd0fb TM=false
04-06 12:05:43.183   641   918 D NativeCustomFrequencyManager: [NativeCFMS] BpCustomFrequencyManager::BpCustomFrequencyManager()
04-06 12:05:43.186   641   641 D InsetsController: onStateChanged: InsetsState: {mDisplayFrame=Rect(0, 0 - 1080, 2400), mDisplayCutout=DisplayCutout{insets=Rect(0, 88 - 0, 0) waterfall=Insets{left=0, top=0, right=0, bottom=0} boundingRect={Bounds=[Rect(0, 0 - 0, 0), Rect(512, 0 - 568, 88), Rect(0, 0 - 0, 0), Rect(0, 0 - 0, 0)]} cutoutPathParserInfo={CutoutPathParserInfo{displayWidth=1080 displayHeight=2400 physicalDisplayWidth=1080 physicalDisplayHeight=2400 density={3.0} cutoutSpec={M 0,0 M 0,10.71963616907435 a 9.280363830925644,9.280363830925644 0 1,0 0,18.56072766185129 a 9.280363830925644,9.280363830925644 0 1,0 0,-18.56072766185129 Z @dp} rotation={0} scale={1.0} physicalPixelDisplaySizeRatio={1.0}}}}, mRoundedCorners=RoundedCorners{[RoundedCorner{position=TopLeft, radius=96, center=Point(96, 96)}, RoundedCorner{position=TopRight, radius=96, center=Point(984, 96)}, RoundedCorner{position=BottomRight, radius=96, center=Point(984, 2304)}, RoundedCorner{position=BottomLeft, radius=96, center=Point(96, 2304)}]}  mRoundedCornerFrame=Rect(0, 0 - 1080, 2400), mPrivacyIndicatorBounds=PrivacyIndicatorBounds {static bounds=Rect(948, 0 - 1080, 88) rotation=0}, mSources= { InsetsSource: {mType=ITYPE_STATUS_BAR, mFrame=[0,0][1080,88], mVisible=true, mInsetsRoundedCornerFrame=false}, InsetsSource: {mType=ITYPE_NAVIGATION_BAR, mFrame=[0,2256][1080,2400], mVisible=true, mInsetsRoundedCornerFrame=false}, InsetsSource: {mType=ITYPE_LEFT_GESTURES, mFrame=[0,0][0,2400], mVisible=true, mInsetsRoundedCornerFrame=false}, InsetsSource: {mType=ITYPE_RIGHT_GESTURES, mFrame=[1080,0][1080,2400], mVisible=true, mInsetsRoundedCornerFrame=false}, InsetsSource: {mType=ITYPE_TOP_MANDATORY_GESTURES, mFrame=[0,0][1080,124], mVisible=true, mInsetsRoundedCornerFrame=false}, InsetsSource: {mType=ITYPE_BOTTOM_MANDATORY_GESTURES, mFrame=[0,2256][1080,2400], mVisible=true, mInsetsRoundedCornerFrame=false}, InsetsSource: {mType=ITYPE_LEFT_DISPLAY_CUTOUT, mFrame=[0,0][-100000,2400], mVisible=true, mInsetsRoundedCornerFrame=false}, InsetsSource: {mType=ITYPE_TOP_DISPLAY_CUTOUT, mFrame=[0,0][1080,88], mVisible=true, mInsetsRoundedCornerFrame=false}, InsetsSource: {mType=ITYPE_RIGHT_DISPLAY_CUTOUT, mFrame=[100000,0][1080,2400], mVisible=true, mInsetsRoundedCornerFrame=false}, InsetsSource: {mType=ITYPE_BOTTOM_DISPLAY_CUTOUT, mFrame=[0,100000][1080,2400], mVisible=true, mInsetsRoundedCornerFrame=false}, InsetsSource: {mType=ITYPE_TOP_TAPPABLE_ELEMENT, mFrame=[0,0][1080,88], mVisible=true, mInsetsRoundedCornerFrame=false}, InsetsSource: {mType=ITYPE_BOTTOM_TAPPABLE_ELEMENT, mFrame=[0,2256][1080,2400], mVisible=true, mInsetsRoundedCornerFrame=false} } host=PopupWindow:13acb71 from=android.view.ViewRootImpl.setView:1732
04-06 12:05:43.188   641   641 I ViewRootImpl@a6b3d56[PopupWindow:13acb71]: setView = android.widget.PopupWindow$PopupDecorView@ef5d8e2 TM=false
04-06 12:05:43.197   641   641 I IMM_LC  : showSoftInput(View,I)
04-06 12:05:43.197   641   641 I IMM_LC  : ssi() - flag : 0 view : com.evolucao.app reason = SHOW_SOFT_INPUT
04-06 12:05:43.200   641   641 I ViewRootImpl@5b8b5df[PopupWindow:d721c7e]: performTraversals params={(231,1797)(90x108) gr=TOP START CENTER sim={state=unchanged adjust=pan} ty=APPLICATION_SUB_PANEL fmt=TRANSLUCENT wanim=0x1030313 surfaceInsets=Rect(0, 0 - 0, 0) (manual)
04-06 12:05:43.200   641   641 I ViewRootImpl@5b8b5df[PopupWindow:d721c7e]:   fl=41800208
04-06 12:05:43.200   641   641 I ViewRootImpl@5b8b5df[PopupWindow:d721c7e]:   pfl=2018000
04-06 12:05:43.200   641   641 I ViewRootImpl@5b8b5df[PopupWindow:d721c7e]:   bhv=DEFAULT
04-06 12:05:43.200   641   641 I ViewRootImpl@5b8b5df[PopupWindow:d721c7e]:   fitTypes=STATUS_BARS NAVIGATION_BARS CAPTION_BAR naviIconColor=0
04-06 12:05:43.200   641   641 I ViewRootImpl@5b8b5df[PopupWindow:d721c7e]:   sfl=20000}
04-06 12:05:43.200   641   641 I ViewRootImpl@5b8b5df[PopupWindow:d721c7e]: performTraversals mFirst=true windowShouldResize=true viewVisibilityChanged=false mForceNextWindowRelayout=false params={(231,1797)(90x108) gr=TOP START CENTER sim={state=unchanged adjust=pan} ty=APPLICATION_SUB_PANEL fmt=TRANSLUCENT wanim=0x1030313 surfaceInsets=Rect(0, 0 - 0, 0) (manual)
04-06 12:05:43.200   641   641 I ViewRootImpl@5b8b5df[PopupWindow:d721c7e]:   fl=41800208
04-06 12:05:43.200   641   641 I ViewRootImpl@5b8b5df[PopupWindow:d721c7e]:   pfl=42018000
04-06 12:05:43.200   641   641 I ViewRootImpl@5b8b5df[PopupWindow:d721c7e]:   bhv=DEFAULT
04-06 12:05:43.200   641   641 I ViewRootImpl@5b8b5df[PopupWindow:d721c7e]:   fitTypes=STATUS_BARS NAVIGATION_BARS CAPTION_BAR naviIconColor=0
04-06 12:05:43.200   641   641 I ViewRootImpl@5b8b5df[PopupWindow:d721c7e]:   sfl=20000}
04-06 12:05:43.205   641   917 I ViewRootImpl@5b8b5df[PopupWindow:d721c7e]: Resizing android.view.ViewRootImpl@413a518: frame = [231,1797][321,1905] reportDraw = true forceLayout = false syncSeqId = 0
04-06 12:05:43.206   641   641 I ViewRootImpl@5b8b5df[PopupWindow:d721c7e]: updateBlastSurfaceIfNeeded mBlastBufferQueue=null isSameSurfaceControl=false
04-06 12:05:43.207   641   641 I BLASTBufferQueue: new BLASTBufferQueue, mName= ViewRootImpl@5b8b5df[PopupWindow:d721c7e] mNativeObject= 0xb4000070a03b6a00 sc.mNativeObject= 0xb4000070a03f8960 caller= android.view.ViewRootImpl.updateBlastSurfaceIfNeeded:2909 android.view.ViewRootImpl.relayoutWindow:9847 android.view.ViewRootImpl.performTraversals:3884 android.view.ViewRootImpl.doTraversal:3116 android.view.ViewRootImpl$TraversalRunnable.run:10885 android.view.Choreographer$CallbackRecord.run:1301 android.view.Choreographer$CallbackRecord.run:1309 android.view.Choreographer.doCallbacks:923 android.view.Choreographer.doFrame:852 android.view.Choreographer$FrameDisplayEventReceiver.run:1283 
04-06 12:05:43.207   641   641 I BLASTBufferQueue: update, w= 90 h= 108 mName = ViewRootImpl@5b8b5df[PopupWindow:d721c7e] mNativeObject= 0xb4000070a03b6a00 sc.mNativeObject= 0xb4000070a03f8960 format= -3 caller= android.graphics.BLASTBufferQueue.<init>:84 android.view.ViewRootImpl.updateBlastSurfaceIfNeeded:2909 android.view.ViewRootImpl.relayoutWindow:9847 android.view.ViewRootImpl.performTraversals:3884 android.view.ViewRootImpl.doTraversal:3116 android.view.ViewRootImpl$TraversalRunnable.run:10885 
04-06 12:05:43.207   641   641 I ViewRootImpl@5b8b5df[PopupWindow:d721c7e]: Relayout returned: old=(231,1797,321,1905) new=(231,1797,321,1905) req=(90,108)0 dur=6 res=0x3 s={true 0xb4000070a05eb000} ch=true seqId=0
04-06 12:05:43.209   641   641 I ViewRootImpl@5b8b5df[PopupWindow:d721c7e]: mThreadedRenderer.initialize() mSurface={isValid=true 0xb4000070a05eb000} hwInitialized=true
04-06 12:05:43.209   641   918 D OpenGLRenderer: eglCreateWindowSurface
04-06 12:05:43.211   641   641 I ViewRootImpl@5b8b5df[PopupWindow:d721c7e]: reportNextDraw android.view.ViewRootImpl.performTraversals:4438 android.view.ViewRootImpl.doTraversal:3116 android.view.ViewRootImpl$TraversalRunnable.run:10885 android.view.Choreographer$CallbackRecord.run:1301 android.view.Choreographer$CallbackRecord.run:1309 
04-06 12:05:43.211   641   641 I ViewRootImpl@5b8b5df[PopupWindow:d721c7e]: Setup new sync id=0
04-06 12:05:43.211   641   641 I ViewRootImpl@5b8b5df[PopupWindow:d721c7e]: Setting syncFrameCallback
04-06 12:05:43.211   641   641 I ViewRootImpl@5b8b5df[PopupWindow:d721c7e]: registerCallbacksForSync syncBuffer=false
04-06 12:05:43.213   641   943 I ViewRootImpl@5b8b5df[PopupWindow:d721c7e]: Received frameDrawingCallback syncResult=0 frameNum=1.
04-06 12:05:43.213   641   943 I ViewRootImpl@5b8b5df[PopupWindow:d721c7e]: Setting up sync and frameCommitCallback
04-06 12:05:43.220   641   918 I BLASTBufferQueue: [ViewRootImpl@5b8b5df[PopupWindow:d721c7e]#2](f:0,a:0) onFrameAvailable the first frame is available
04-06 12:05:43.221   641   918 I ViewRootImpl@5b8b5df[PopupWindow:d721c7e]: Received frameCommittedCallback lastAttemptedDrawFrameNum=1 didProduceBuffer=true
04-06 12:05:43.221   641   918 D OpenGLRenderer: CFMS:: SetUp Pid : 641    Tid : 918
04-06 12:05:43.222   641   918 W Parcel  : Expecting binder but got null!
04-06 12:05:43.222   641   641 I ViewRootImpl@5b8b5df[PopupWindow:d721c7e]: onSyncComplete
04-06 12:05:43.223   641   641 I ViewRootImpl@5b8b5df[PopupWindow:d721c7e]: setupSync seqId=0 mSyncId=0 fn=1 caller=android.view.ViewRootImpl$$ExternalSyntheticLambda11.accept:6 android.window.SurfaceSyncer.lambda$setupSync$1$android-window-SurfaceSyncer:128 android.window.SurfaceSyncer$$ExternalSyntheticLambda1.accept:8 android.window.SurfaceSyncer$SyncSet.checkIfSyncIsComplete:382 android.window.SurfaceSyncer$SyncSet.markSyncReady:359 android.window.SurfaceSyncer.markSyncReady:151 android.view.ViewRootImpl.performTraversals:4503 
04-06 12:05:43.224   641   641 I ViewRootImpl@a6b3d56[PopupWindow:13acb71]: performTraversals params={(231,1703)(90x94) gr=TOP START CENTER sim={state=unchanged adjust=pan} ty=APPLICATION_SUB_PANEL fmt=TRANSLUCENT wanim=0x1030313 surfaceInsets=Rect(0, 0 - 0, 0) (manual)
04-06 12:05:43.224   641   641 I ViewRootImpl@a6b3d56[PopupWindow:13acb71]:   fl=41800218
04-06 12:05:43.224   641   641 I ViewRootImpl@a6b3d56[PopupWindow:13acb71]:   pfl=2018000
04-06 12:05:43.224   641   641 I ViewRootImpl@a6b3d56[PopupWindow:13acb71]:   bhv=DEFAULT
04-06 12:05:43.224   641   641 I ViewRootImpl@a6b3d56[PopupWindow:13acb71]:   fitTypes=STATUS_BARS NAVIGATION_BARS CAPTION_BAR naviIconColor=0
04-06 12:05:43.224   641   641 I ViewRootImpl@a6b3d56[PopupWindow:13acb71]:   sfl=20000}
04-06 12:05:43.225   641   641 I ViewRootImpl@a6b3d56[PopupWindow:13acb71]: performTraversals mFirst=true windowShouldResize=true viewVisibilityChanged=false mForceNextWindowRelayout=false params={(231,1703)(90x94) gr=TOP START CENTER sim={state=unchanged adjust=pan} ty=APPLICATION_SUB_PANEL fmt=TRANSLUCENT wanim=0x1030313 surfaceInsets=Rect(0, 0 - 0, 0) (manual)
04-06 12:05:43.225   641   641 I ViewRootImpl@a6b3d56[PopupWindow:13acb71]:   fl=41800218
04-06 12:05:43.225   641   641 I ViewRootImpl@a6b3d56[PopupWindow:13acb71]:   pfl=42018000
04-06 12:05:43.225   641   641 I ViewRootImpl@a6b3d56[PopupWindow:13acb71]:   bhv=DEFAULT
04-06 12:05:43.225   641   641 I ViewRootImpl@a6b3d56[PopupWindow:13acb71]:   fitTypes=STATUS_BARS NAVIGATION_BARS CAPTION_BAR naviIconColor=0
04-06 12:05:43.225   641   641 I ViewRootImpl@a6b3d56[PopupWindow:13acb71]:   sfl=20000}
04-06 12:05:43.230   641   700 I ViewRootImpl@a6b3d56[PopupWindow:13acb71]: Resizing android.view.ViewRootImpl@78e6473: frame = [231,1703][321,1797] reportDraw = true forceLayout = false syncSeqId = 0
04-06 12:05:43.232   641   641 I ViewRootImpl@a6b3d56[PopupWindow:13acb71]: updateBlastSurfaceIfNeeded mBlastBufferQueue=null isSameSurfaceControl=false
04-06 12:05:43.232   641   641 I BLASTBufferQueue: new BLASTBufferQueue, mName= ViewRootImpl@a6b3d56[PopupWindow:13acb71] mNativeObject= 0xb4000070a03b6d80 sc.mNativeObject= 0xb4000070a03f8be0 caller= android.view.ViewRootImpl.updateBlastSurfaceIfNeeded:2909 android.view.ViewRootImpl.relayoutWindow:9847 android.view.ViewRootImpl.performTraversals:3884 android.view.ViewRootImpl.doTraversal:3116 android.view.ViewRootImpl$TraversalRunnable.run:10885 android.view.Choreographer$CallbackRecord.run:1301 android.view.Choreographer$CallbackRecord.run:1309 android.view.Choreographer.doCallbacks:923 android.view.Choreographer.doFrame:852 android.view.Choreographer$FrameDisplayEventReceiver.run:1283 
04-06 12:05:43.232   641   641 I BLASTBufferQueue: update, w= 90 h= 94 mName = ViewRootImpl@a6b3d56[PopupWindow:13acb71] mNativeObject= 0xb4000070a03b6d80 sc.mNativeObject= 0xb4000070a03f8be0 format= -3 caller= android.graphics.BLASTBufferQueue.<init>:84 android.view.ViewRootImpl.updateBlastSurfaceIfNeeded:2909 android.view.ViewRootImpl.relayoutWindow:9847 android.view.ViewRootImpl.performTraversals:3884 android.view.ViewRootImpl.doTraversal:3116 android.view.ViewRootImpl$TraversalRunnable.run:10885 
04-06 12:05:43.233   641   641 I ViewRootImpl@a6b3d56[PopupWindow:13acb71]: Relayout returned: old=(231,1703,321,1797) new=(231,1703,321,1797) req=(90,94)0 dur=6 res=0x3 s={true 0xb4000070a05ed800} ch=true seqId=0
04-06 12:05:43.234   641   641 I ViewRootImpl@a6b3d56[PopupWindow:13acb71]: mThreadedRenderer.initialize() mSurface={isValid=true 0xb4000070a05ed800} hwInitialized=true
04-06 12:05:43.234   641   918 D OpenGLRenderer: eglCreateWindowSurface
04-06 12:05:43.235   641   641 I ViewRootImpl@a6b3d56[PopupWindow:13acb71]: reportNextDraw android.view.ViewRootImpl.performTraversals:4438 android.view.ViewRootImpl.doTraversal:3116 android.view.ViewRootImpl$TraversalRunnable.run:10885 android.view.Choreographer$CallbackRecord.run:1301 android.view.Choreographer$CallbackRecord.run:1309 
04-06 12:05:43.235   641   641 I ViewRootImpl@a6b3d56[PopupWindow:13acb71]: Setup new sync id=0
04-06 12:05:43.235   641   641 I ViewRootImpl@a6b3d56[PopupWindow:13acb71]: Setting syncFrameCallback
04-06 12:05:43.235   641   641 I ViewRootImpl@a6b3d56[PopupWindow:13acb71]: registerCallbacksForSync syncBuffer=false
04-06 12:05:43.236   641   944 I ViewRootImpl@a6b3d56[PopupWindow:13acb71]: Received frameDrawingCallback syncResult=0 frameNum=1.
04-06 12:05:43.236   641   944 I ViewRootImpl@a6b3d56[PopupWindow:13acb71]: Setting up sync and frameCommitCallback
04-06 12:05:43.236   641   918 I BLASTBufferQueue: [ViewRootImpl@a6b3d56[PopupWindow:13acb71]#3](f:0,a:0) onFrameAvailable the first frame is available
04-06 12:05:43.237   641   918 I ViewRootImpl@a6b3d56[PopupWindow:13acb71]: Received frameCommittedCallback lastAttemptedDrawFrameNum=1 didProduceBuffer=true
04-06 12:05:43.237   641   918 D OpenGLRenderer: CFMS:: SetUp Pid : 641    Tid : 918
04-06 12:05:43.238   641   918 W Parcel  : Expecting binder but got null!
04-06 12:05:43.238   641   641 I ViewRootImpl@a6b3d56[PopupWindow:13acb71]: onSyncComplete
04-06 12:05:43.238   641   641 I ViewRootImpl@a6b3d56[PopupWindow:13acb71]: setupSync seqId=0 mSyncId=0 fn=1 caller=android.view.ViewRootImpl$$ExternalSyntheticLambda11.accept:6 android.window.SurfaceSyncer.lambda$setupSync$1$android-window-SurfaceSyncer:128 android.window.SurfaceSyncer$$ExternalSyntheticLambda1.accept:8 android.window.SurfaceSyncer$SyncSet.checkIfSyncIsComplete:382 android.window.SurfaceSyncer$SyncSet.markSyncReady:359 android.window.SurfaceSyncer.markSyncReady:151 android.view.ViewRootImpl.performTraversals:4503 
04-06 12:05:43.238   641   641 I ViewRootImpl@a6b3d56[PopupWindow:13acb71]: reportDrawFinished seqId=0 mSyncId=-1 fn=1 mSurfaceChangedTransaction=0xb4000070a0b0f500
04-06 12:05:43.239   641   641 I ViewRootImpl@5b8b5df[PopupWindow:d721c7e]: reportDrawFinished seqId=0 mSyncId=-1 fn=1 mSurfaceChangedTransaction=0xb4000070a6e26900
04-06 12:05:43.246   641   641 I ViewRootImpl@5b8b5df[PopupWindow:d721c7e]: handleResized, msg = 5 frames=ClientWindowFrames{frame=[231,1797][321,1905] display=[-100000,-100000][100000,100000] parentFrame=[0,0][0,0] parentClippedByDisplayCutout=false} forceNextWindowRelayout=false displayId=0 resizeMode=-1 frameChanged=false displayFrameChanged=false configChanged=false displayChanged=false
04-06 12:05:43.246   641   641 I ViewRootImpl@5b8b5df[PopupWindow:d721c7e]: handleResized mSyncSeqId = 0
04-06 12:05:43.247   641   641 I ViewRootImpl@5b8b5df[PopupWindow:d721c7e]: reportNextDraw android.view.ViewRootImpl.handleResized:2450 android.view.ViewRootImpl.-$$Nest$mhandleResized:0 android.view.ViewRootImpl$ViewRootHandler.handleMessageImpl:6728 android.view.ViewRootImpl$ViewRootHandler.handleMessage:6697 android.os.Handler.dispatchMessage:106 
04-06 12:05:43.247   641   641 I ViewRootImpl@5b8b5df[PopupWindow:d721c7e]: Setup new sync id=1
04-06 12:05:43.247   641   641 I ViewRootImpl@5b8b5df[PopupWindow:d721c7e]: Setting syncFrameCallback
04-06 12:05:43.247   641   641 I ViewRootImpl@5b8b5df[PopupWindow:d721c7e]: registerCallbacksForSync syncBuffer=false
04-06 12:05:43.250   641   943 I ViewRootImpl@5b8b5df[PopupWindow:d721c7e]: Received frameDrawingCallback syncResult=0 frameNum=2.
04-06 12:05:43.250   641   943 I ViewRootImpl@5b8b5df[PopupWindow:d721c7e]: Setting up sync and frameCommitCallback
04-06 12:05:43.251   641   918 I ViewRootImpl@5b8b5df[PopupWindow:d721c7e]: Received frameCommittedCallback lastAttemptedDrawFrameNum=2 didProduceBuffer=true
04-06 12:05:43.251   641   641 I ViewRootImpl@5b8b5df[PopupWindow:d721c7e]: onSyncComplete
04-06 12:05:43.251   641   641 I ViewRootImpl@5b8b5df[PopupWindow:d721c7e]: setupSync seqId=0 mSyncId=1 fn=2 caller=android.view.ViewRootImpl$$ExternalSyntheticLambda11.accept:6 android.window.SurfaceSyncer.lambda$setupSync$1$android-window-SurfaceSyncer:128 android.window.SurfaceSyncer$$ExternalSyntheticLambda1.accept:8 android.window.SurfaceSyncer$SyncSet.checkIfSyncIsComplete:382 android.window.SurfaceSyncer$SyncSet.markSyncReady:359 android.window.SurfaceSyncer.markSyncReady:151 android.view.ViewRootImpl.performTraversals:4503 
04-06 12:05:43.252   641   641 I ViewRootImpl@5b8b5df[PopupWindow:d721c7e]: reportDrawFinished seqId=0 mSyncId=-1 fn=2 mSurfaceChangedTransaction=0xb4000070a6e26900
04-06 12:05:43.252   641   641 I ViewRootImpl@a6b3d56[PopupWindow:13acb71]: handleResized, msg = 5 frames=ClientWindowFrames{frame=[231,1703][321,1797] display=[-100000,-100000][100000,100000] parentFrame=[0,0][0,0] parentClippedByDisplayCutout=false} forceNextWindowRelayout=false displayId=0 resizeMode=-1 frameChanged=false displayFrameChanged=false configChanged=false displayChanged=false
04-06 12:05:43.252   641   641 I ViewRootImpl@a6b3d56[PopupWindow:13acb71]: handleResized mSyncSeqId = 0
04-06 12:05:43.252   641   641 I ViewRootImpl@a6b3d56[PopupWindow:13acb71]: reportNextDraw android.view.ViewRootImpl.handleResized:2450 android.view.ViewRootImpl.-$$Nest$mhandleResized:0 android.view.ViewRootImpl$ViewRootHandler.handleMessageImpl:6728 android.view.ViewRootImpl$ViewRootHandler.handleMessage:6697 android.os.Handler.dispatchMessage:106 
04-06 12:05:43.259   641   641 I ViewRootImpl@a6b3d56[PopupWindow:13acb71]: Setup new sync id=1
04-06 12:05:43.259   641   641 I ViewRootImpl@a6b3d56[PopupWindow:13acb71]: Setting syncFrameCallback
04-06 12:05:43.259   641   641 I ViewRootImpl@a6b3d56[PopupWindow:13acb71]: registerCallbacksForSync syncBuffer=false
04-06 12:05:43.260   641   944 I ViewRootImpl@a6b3d56[PopupWindow:13acb71]: Received frameDrawingCallback syncResult=0 frameNum=2.
04-06 12:05:43.260   641   944 I ViewRootImpl@a6b3d56[PopupWindow:13acb71]: Setting up sync and frameCommitCallback
04-06 12:05:43.261   641   918 I ViewRootImpl@a6b3d56[PopupWindow:13acb71]: Received frameCommittedCallback lastAttemptedDrawFrameNum=2 didProduceBuffer=true
04-06 12:05:43.261   641   641 I ViewRootImpl@a6b3d56[PopupWindow:13acb71]: onSyncComplete
04-06 12:05:43.262   641   641 I ViewRootImpl@a6b3d56[PopupWindow:13acb71]: setupSync seqId=0 mSyncId=1 fn=2 caller=android.view.ViewRootImpl$$ExternalSyntheticLambda11.accept:6 android.window.SurfaceSyncer.lambda$setupSync$1$android-window-SurfaceSyncer:128 android.window.SurfaceSyncer$$ExternalSyntheticLambda1.accept:8 android.window.SurfaceSyncer$SyncSet.checkIfSyncIsComplete:382 android.window.SurfaceSyncer$SyncSet.markSyncReady:359 android.window.SurfaceSyncer.markSyncReady:151 android.view.ViewRootImpl.performTraversals:4503 
04-06 12:05:43.263   641   641 I ViewRootImpl@a6b3d56[PopupWindow:13acb71]: reportDrawFinished seqId=0 mSyncId=-1 fn=2 mSurfaceChangedTransaction=0xb4000070a0b0f500
04-06 12:05:43.270   641   641 W OnBackInvokedCallback: OnBackInvokedCallback is not enabled for the application.
04-06 12:05:43.270   641   641 W OnBackInvokedCallback: Set 'android:enableOnBackInvokedCallback="true"' in the application manifest.
04-06 12:05:43.287   641  1533 I ViewRootImpl@a6b3d56[PopupWindow:13acb71]: Resizing android.view.ViewRootImpl@78e6473: frame = [231,1703][321,1797] reportDraw = false forceLayout = false syncSeqId = 0
04-06 12:05:43.288   641   917 I ViewRootImpl@5b8b5df[PopupWindow:d721c7e]: Resizing android.view.ViewRootImpl@413a518: frame = [231,1797][321,1905] reportDraw = false forceLayout = false syncSeqId = 0
04-06 12:05:43.289   641   641 I ViewRootImpl@a6b3d56[PopupWindow:13acb71]: handleResized, msg = 4 frames=ClientWindowFrames{frame=[231,1703][321,1797] display=[-100000,-100000][100000,100000] parentFrame=[0,0][0,0] parentClippedByDisplayCutout=false} forceNextWindowRelayout=false displayId=0 resizeMode=-1 frameChanged=false displayFrameChanged=false configChanged=false displayChanged=false
04-06 12:05:43.289   641   641 I ViewRootImpl@5b8b5df[PopupWindow:d721c7e]: handleResized, msg = 4 frames=ClientWindowFrames{frame=[231,1797][321,1905] display=[-100000,-100000][100000,100000] parentFrame=[0,0][0,0] parentClippedByDisplayCutout=false} forceNextWindowRelayout=false displayId=0 resizeMode=-1 frameChanged=false displayFrameChanged=false configChanged=false displayChanged=false
04-06 12:05:43.289   641   700 I ViewRootImpl@73623ee[MainActivity]: Resizing android.view.ViewRootImpl@25a16ab: frame = [0,0][1080,2400] reportDraw = false forceLayout = false syncSeqId = 0
04-06 12:05:43.289   641   641 D InsetsController: onStateChanged: InsetsState: {mDisplayFrame=Rect(0, 0 - 1080, 2400), mDisplayCutout=DisplayCutout{insets=Rect(0, 88 - 0, 0) waterfall=Insets{left=0, top=0, right=0, bottom=0} boundingRect={Bounds=[Rect(0, 0 - 0, 0), Rect(512, 0 - 568, 88), Rect(0, 0 - 0, 0), Rect(0, 0 - 0, 0)]} cutoutPathParserInfo={CutoutPathParserInfo{displayWidth=1080 displayHeight=2400 physicalDisplayWidth=1080 physicalDisplayHeight=2400 density={3.0} cutoutSpec={M 0,0 M 0,10.71963616907435 a 9.280363830925644,9.280363830925644 0 1,0 0,18.56072766185129 a 9.280363830925644,9.280363830925644 0 1,0 0,-18.56072766185129 Z @dp} rotation={0} scale={1.0} physicalPixelDisplaySizeRatio={1.0}}}}, mRoundedCorners=RoundedCorners{[RoundedCorner{position=TopLeft, radius=96, center=Point(96, 96)}, RoundedCorner{position=TopRight, radius=96, center=Point(984, 96)}, RoundedCorner{position=BottomRight, radius=96, center=Point(984, 2304)}, RoundedCorner{position=BottomLeft, radius=96, center=Point(96, 2304)}]}  mRoundedCornerFrame=Rect(0, 0 - 1080, 2400), mPrivacyIndicatorBounds=PrivacyIndicatorBounds {static bounds=Rect(948, 0 - 1080, 88) rotation=0}, mSources= { InsetsSource: {mType=ITYPE_STATUS_BAR, mFrame=[0,0][1080,88], mVisible=true, mInsetsRoundedCornerFrame=false}, InsetsSource: {mType=ITYPE_NAVIGATION_BAR, mFrame=[0,2256][1080,2400], mVisible=true, mInsetsRoundedCornerFrame=false}, InsetsSource: {mType=ITYPE_LEFT_GESTURES, mFrame=[0,0][0,2400], mVisible=true, mInsetsRoundedCornerFrame=false}, InsetsSource: {mType=ITYPE_RIGHT_GESTURES, mFrame=[1080,0][1080,2400], mVisible=true, mInsetsRoundedCornerFrame=false}, InsetsSource: {mType=ITYPE_TOP_MANDATORY_GESTURES, mFrame=[0,0][1080,124], mVisible=true, mInsetsRoundedCornerFrame=false}, InsetsSource: {mType=ITYPE_BOTTOM_MANDATORY_GESTURES, mFrame=[0,2256][1080,2400], mVisible=true, mInsetsRoundedCornerFrame=false}, InsetsSource: {mType=ITYPE_LEFT_DISPLAY_CUTOUT, mFrame=[0,0][-100000,2400], mVisible=true, mInsetsRoundedCornerFrame=false}, InsetsSource: {mType=ITYPE_TOP_DISPLAY_CUTOUT, mFrame=[0,0][1080,88], mVisible=true, mInsetsRoundedCornerFrame=false}, InsetsSource: {mType=ITYPE_RIGHT_DISPLAY_CUTOUT, mFrame=[100000,0][1080,2400], mVisible=true, mInsetsRoundedCornerFrame=false}, InsetsSource: {mType=ITYPE_BOTTOM_DISPLAY_CUTOUT, mFrame=[0,100000][1080,2400], mVisible=true, mInsetsRoundedCornerFrame=false}, InsetsSource: {mType=ITYPE_TOP_TAPPABLE_ELEMENT, mFrame=[0,0][1080,88], mVisible=true, mInsetsRoundedCornerFrame=false}, InsetsSource: {mType=ITYPE_BOTTOM_TAPPABLE_ELEMENT, mFrame=[0,2256][1080,2400], mVisible=true, mInsetsRoundedCornerFrame=false}, InsetsSource: {mType=ITYPE_IME, mFrame=[0,1374][1080,2400], mVisibleFrame=[0,1374][1080,2400], mVisible=false, mInsetsRoundedCornerFrame=false} } host=com.evolucao.app/com.evolucao.app.MainActivity from=android.view.ViewRootImpl$ViewRootHandler.handleMessageImpl:6727
04-06 12:05:43.290   641   641 I ViewRootImpl@73623ee[MainActivity]: handleResized, msg = 4 frames=ClientWindowFrames{frame=[0,0][1080,2400] display=[0,0][1080,2400] parentFrame=[0,0][0,0] parentClippedByDisplayCutout=false} forceNextWindowRelayout=false displayId=0 resizeMode=-1 frameChanged=false displayFrameChanged=false configChanged=false displayChanged=false
04-06 12:05:43.315   641   641 D InsetsController: show(ime(), fromIme=true)
04-06 12:05:43.316   641   641 D InsetsController: controlAnimationUnchecked: Added types=8 animType=0 host=com.evolucao.app/com.evolucao.app.MainActivity from=android.view.InsetsController.applyAnimation:1576 android.view.InsetsController.applyAnimation:1557 android.view.InsetsController.show:1063 
04-06 12:05:43.316   641   641 D InsetsSourceConsumer: setRequestedVisible: visible=true, type=19, host=com.evolucao.app/com.evolucao.app.MainActivity, from=android.view.InsetsSourceConsumer.show:250 android.view.ImeInsetsSourceConsumer.show:82 android.view.InsetsController.showDirectly:1609 android.view.InsetsController.controlAnimationUnchecked:1232 android.view.InsetsController.applyAnimation:1576 android.view.InsetsController.applyAnimation:1557 android.view.InsetsController.show:1063 android.view.ViewRootImpl$ViewRootHandler.handleMessageImpl:6761 android.view.ViewRootImpl$ViewRootHandler.handleMessage:6697 android.os.Handler.dispatchMessage:106 
04-06 12:05:43.328   641   700 I ViewRootImpl@5b8b5df[PopupWindow:d721c7e]: Resizing android.view.ViewRootImpl@413a518: frame = [231,1797][321,1905] reportDraw = false forceLayout = false syncSeqId = 0
04-06 12:05:43.328   641  1720 I ViewRootImpl@a6b3d56[PopupWindow:13acb71]: Resizing android.view.ViewRootImpl@78e6473: frame = [231,1703][321,1797] reportDraw = false forceLayout = false syncSeqId = 0
