04-06 10:46:35.068 28641 28672 I DetoxDispatcher: Handling action 'invoke' (ID #5)...
04-06 10:46:35.068 28641 28672 D Detox   : class com.wix.detox.espresso.DetoxMatcher, matcherForTestId, [input-peso-atual, false]
04-06 10:46:35.069 28641 28672 D Detox   : class androidx.test.espresso.action.ViewActions, clearText, []
04-06 10:46:35.069 28641 28672 D Detox   : class com.wix.detox.espresso.EspressoDetox, perform, [(view.getTag() is "input-peso-atual" and view has effective visibility <VISIBLE>), androidx.test.espresso.action.ReplaceTextAction@88dc8f5]
04-06 10:46:35.072 28641 28641 I ViewInteraction: Performing 'replace text()' action on view (view.getTag() is "input-peso-atual" and view has effective visibility <VISIBLE>)
04-06 10:46:35.080 28641 28672 I DetoxWSClient: Sending out action 'invokeResult' (ID #5)
04-06 10:46:35.080 28641 28672 I DetoxDispatcher: Done with action 'invoke'
04-06 10:46:35.085 28641 28676 D DetoxWSClient: Received action 'invoke' (ID #6, params={"target":{"type":"Class","value":"com.wix.detox.espresso.EspressoDetox"},"method":"perform","args":[{"type":"Invocation","value":{"target":{"type":"Class","value":"com.wix.detox.espresso.DetoxMatcher"},"method":"matcherForTestId","args":["input-peso-atual",{"type":"boolean","value":false}]}},{"type":"Invocation","value":{"target":{"type":"Class","value":"androidx.test.espresso.action.ViewActions"},"method":"replaceText","args":["82"]}}]})
04-06 10:46:35.085 28641 28672 I DetoxDispatcher: Handling action 'invoke' (ID #6)...
04-06 10:46:35.085 28641 28672 D Detox   : class com.wix.detox.espresso.DetoxMatcher, matcherForTestId, [input-peso-atual, false]
04-06 10:46:35.086 28641 28672 D Detox   : class androidx.test.espresso.action.ViewActions, replaceText, [82]
04-06 10:46:35.086 28641 28672 D Detox   : class com.wix.detox.espresso.EspressoDetox, perform, [(view.getTag() is "input-peso-atual" and view has effective visibility <VISIBLE>), androidx.test.espresso.action.ReplaceTextAction@c1f0330]
04-06 10:46:35.096 28641 28641 D InputMethodManager: startInputInner - Id : 0
04-06 10:46:35.096 28641 28641 I InputMethodManager: startInputInner - mService.startInputOrWindowGainedFocus
04-06 10:46:35.098 28641 28651 I om.evolucao.app: Compiler allocated 6133KB to compile void android.view.ViewRootImpl.performTraversals()
04-06 10:46:35.136 28641 28641 D InputMethodManager: startInputInner - Id : 0
04-06 10:46:35.136 28641 28641 I InputMethodManager: startInputInner - mService.startInputOrWindowGainedFocus
04-06 10:46:35.141 28641 28641 I ViewInteraction: Performing 'replace text(82)' action on view (view.getTag() is "input-peso-atual" and view has effective visibility <VISIBLE>)
04-06 10:46:35.146 28641 28672 I DetoxWSClient: Sending out action 'invokeResult' (ID #6)
04-06 10:46:35.146 28641 28672 I DetoxDispatcher: Done with action 'invoke'
04-06 10:46:35.154 28641 28676 D DetoxWSClient: Received action 'invoke' (ID #7, params={"target":{"type":"Class","value":"com.wix.detox.espresso.DetoxAssertion"},"method":"assertMatcher","args":[{"type":"Invocation","value":{"target":{"type":"Class","value":"androidx.test.espresso.Espresso"},"method":"onView","args":[{"type":"Invocation","value":{"target":{"type":"Class","value":"com.wix.detox.espresso.DetoxMatcher"},"method":"matcherForTestId","args":["input-peso-atual",{"type":"boolean","value":false}]}}]}},{"type":"Invocation","value":{"target":{"type":"Class","value":"com.wix.detox.espresso.DetoxMatcher"},"method":"matcherForText","args":["82",{"type":"boolean","value":false}]}}]})
04-06 10:46:35.155 28641 28672 I DetoxDispatcher: Handling action 'invoke' (ID #7)...
04-06 10:46:35.155 28641 28672 D Detox   : class com.wix.detox.espresso.DetoxMatcher, matcherForTestId, [input-peso-atual, false]
04-06 10:46:35.155 28641 28641 D InputMethodManager: startInputInner - Id : 0
04-06 10:46:35.155 28641 28672 D Detox   : class androidx.test.espresso.Espresso, onView, [(view.getTag() is "input-peso-atual" and view has effective visibility <VISIBLE>)]
04-06 10:46:35.155 28641 28641 I InputMethodManager: startInputInner - mService.startInputOrWindowGainedFocus
04-06 10:46:35.156 28641 28672 D Detox   : class com.wix.detox.espresso.DetoxMatcher, matcherForText, [82, false]
04-06 10:46:35.157 28641 28672 D Detox   : class com.wix.detox.espresso.DetoxAssertion, assertMatcher, [androidx.test.espresso.ViewInteraction@59abaaf, (an instance of android.widget.TextView and view.getText() with or without transformation to match: is "82" and view has effective visibility <VISIBLE>)]
04-06 10:46:35.159 28641 28641 D InsetsController: show(ime(), fromIme=true)
04-06 10:46:35.169 28641 28641 D InsetsController: show(ime(), fromIme=true)
04-06 10:46:35.184 28641 28641 I ViewInteraction: Checking 'MatchesViewAssertion(Detox){viewMatcher=(an instance of android.widget.TextView and view.getText() with or without transformation to match: is "82" and view has effective visibility <VISIBLE>)}' assertion on view (view.getTag() is "input-peso-atual" and view has effective visibility <VISIBLE>)
04-06 10:46:35.187 28641 28672 I DetoxWSClient: Sending out action 'invokeResult' (ID #7)
04-06 10:46:35.187 28641 28672 I DetoxDispatcher: Done with action 'invoke'
04-06 10:46:35.191 28641 28676 D DetoxWSClient: Received action 'invoke' (ID #8, params={"target":{"type":"Class","value":"com.wix.detox.espresso.EspressoDetox"},"method":"perform","args":[{"type":"Invocation","value":{"target":{"type":"Class","value":"com.wix.detox.espresso.DetoxMatcher"},"method":"matcherForTestId","args":["input-peso-meta",{"type":"boolean","value":false}]}},{"type":"Invocation","value":{"target":{"type":"Class","value":"com.wix.detox.espresso.DetoxViewActions"},"method":"click","args":[]}}]})
04-06 10:46:35.192 28641 28672 I DetoxDispatcher: Handling action 'invoke' (ID #8)...
04-06 10:46:35.192 28641 28692 D OpenGLRenderer: setSurface called with nullptr
04-06 10:46:35.192 28641 28692 D OpenGLRenderer: setSurface() destroyed EGLSurface
04-06 10:46:35.192 28641 28692 D OpenGLRenderer: destroyEglSurface
04-06 10:46:35.192 28641 28672 D Detox   : class com.wix.detox.espresso.DetoxMatcher, matcherForTestId, [input-peso-meta, false]
04-06 10:46:35.192 28641 28641 I ViewRootImpl@71eeeb8[PopupWindow:3c6bd1b]: dispatchDetachedFromWindow
04-06 10:46:35.193 28641 28672 D Detox   : class com.wix.detox.espresso.DetoxViewActions, click, []
04-06 10:46:35.193 28641 28672 D Detox   : class com.wix.detox.espresso.EspressoDetox, perform, [(view.getTag() is "input-peso-meta" and view has effective visibility <VISIBLE>), com.wix.detox.espresso.action.RNClickAction@c75ad9f]
04-06 10:46:35.196 28641 28641 D InputTransport: Input channel destroyed: 'b46edbe', fd=166
04-06 10:46:35.198 28641 28692 D OpenGLRenderer: setSurface called with nullptr
04-06 10:46:35.198 28641 28692 D OpenGLRenderer: setSurface() destroyed EGLSurface
04-06 10:46:35.198 28641 28692 D OpenGLRenderer: destroyEglSurface
04-06 10:46:35.198 28641 28641 I ViewRootImpl@dc5b493[PopupWindow:75d582]: dispatchDetachedFromWindow
04-06 10:46:35.201 28641 28641 D InputTransport: Input channel destroyed: '4e6a7ed', fd=169
04-06 10:46:35.203 28641 28641 D InsetsController: show(ime(), fromIme=true)
04-06 10:46:35.205 28641 28641 I ViewInteraction: Performing 'com.wix.detox.espresso.action.detoxsingletap@fb8eec click' action on view (view.getTag() is "input-peso-meta" and view has effective visibility <VISIBLE>)
04-06 10:46:35.210 28641 28641 I ViewRootImpl@73623ee[MainActivity]: ViewPostIme pointer 0
04-06 10:46:35.241 28641 28641 I ViewRootImpl@73623ee[MainActivity]: ViewPostIme pointer 1
04-06 10:46:35.247 28641 28641 D InputMethodManager: startInputInner - Id : 0
04-06 10:46:35.247 28641 28641 I InputMethodManager: startInputInner - mService.startInputOrWindowGainedFocus
04-06 10:46:35.250 28641 28641 I IMM_LC  : showSoftInput(View,I)
04-06 10:46:35.250 28641 28641 I IMM_LC  : ssi() - flag : 0 view : com.evolucao.app reason = SHOW_SOFT_INPUT
04-06 10:46:35.260 28641 28692 D NativeCustomFrequencyManager: [NativeCFMS] BpCustomFrequencyManager::BpCustomFrequencyManager()
04-06 10:46:35.264 28641 28641 D InsetsController: onStateChanged: InsetsState: {mDisplayFrame=Rect(0, 0 - 1080, 2400), mDisplayCutout=DisplayCutout{insets=Rect(0, 88 - 0, 0) waterfall=Insets{left=0, top=0, right=0, bottom=0} boundingRect={Bounds=[Rect(0, 0 - 0, 0), Rect(512, 0 - 568, 88), Rect(0, 0 - 0, 0), Rect(0, 0 - 0, 0)]} cutoutPathParserInfo={CutoutPathParserInfo{displayWidth=1080 displayHeight=2400 physicalDisplayWidth=1080 physicalDisplayHeight=2400 density={3.0} cutoutSpec={M 0,0 M 0,10.71963616907435 a 9.280363830925644,9.280363830925644 0 1,0 0,18.56072766185129 a 9.280363830925644,9.280363830925644 0 1,0 0,-18.56072766185129 Z @dp} rotation={0} scale={1.0} physicalPixelDisplaySizeRatio={1.0}}}}, mRoundedCorners=RoundedCorners{[RoundedCorner{position=TopLeft, radius=96, center=Point(96, 96)}, RoundedCorner{position=TopRight, radius=96, center=Point(984, 96)}, RoundedCorner{position=BottomRight, radius=96, center=Point(984, 2304)}, RoundedCorner{position=BottomLeft, radius=96, center=Point(96, 2304)}]}  mRoundedCornerFrame=Rect(0, 0 - 1080, 2400), mPrivacyIndicatorBounds=PrivacyIndicatorBounds {static bounds=Rect(948, 0 - 1080, 88) rotation=0}, mSources= { InsetsSource: {mType=ITYPE_STATUS_BAR, mFrame=[0,0][1080,88], mVisible=true, mInsetsRoundedCornerFrame=false}, InsetsSource: {mType=ITYPE_NAVIGATION_BAR, mFrame=[0,2256][1080,2400], mVisible=true, mInsetsRoundedCornerFrame=false}, InsetsSource: {mType=ITYPE_LEFT_GESTURES, mFrame=[0,0][0,2400], mVisible=true, mInsetsRoundedCornerFrame=false}, InsetsSource: {mType=ITYPE_RIGHT_GESTURES, mFrame=[1080,0][1080,2400], mVisible=true, mInsetsRoundedCornerFrame=false}, InsetsSource: {mType=ITYPE_TOP_MANDATORY_GESTURES, mFrame=[0,0][1080,124], mVisible=true, mInsetsRoundedCornerFrame=false}, InsetsSource: {mType=ITYPE_BOTTOM_MANDATORY_GESTURES, mFrame=[0,2256][1080,2400], mVisible=true, mInsetsRoundedCornerFrame=false}, InsetsSource: {mType=ITYPE_LEFT_DISPLAY_CUTOUT, mFrame=[0,0][-100000,2400], mVisible=true, mInsetsRoundedCornerFrame=false}, InsetsSource: {mType=ITYPE_TOP_DISPLAY_CUTOUT, mFrame=[0,0][1080,88], mVisible=true, mInsetsRoundedCornerFrame=false}, InsetsSource: {mType=ITYPE_RIGHT_DISPLAY_CUTOUT, mFrame=[100000,0][1080,2400], mVisible=true, mInsetsRoundedCornerFrame=false}, InsetsSource: {mType=ITYPE_BOTTOM_DISPLAY_CUTOUT, mFrame=[0,100000][1080,2400], mVisible=true, mInsetsRoundedCornerFrame=false}, InsetsSource: {mType=ITYPE_TOP_TAPPABLE_ELEMENT, mFrame=[0,0][1080,88], mVisible=true, mInsetsRoundedCornerFrame=false}, InsetsSource: {mType=ITYPE_BOTTOM_TAPPABLE_ELEMENT, mFrame=[0,2256][1080,2400], mVisible=true, mInsetsRoundedCornerFrame=false} } host=PopupWindow:85bad4a from=android.view.ViewRootImpl.setView:1732
04-06 10:46:35.265 28641 28641 I ViewRootImpl@f1184bb[PopupWindow:85bad4a]: setView = android.widget.PopupWindow$PopupDecorView@dc9b197 TM=false
04-06 10:46:35.267 28641 28692 D NativeCustomFrequencyManager: [NativeCFMS] BpCustomFrequencyManager::BpCustomFrequencyManager()
04-06 10:46:35.270 28641 28641 D InsetsController: onStateChanged: InsetsState: {mDisplayFrame=Rect(0, 0 - 1080, 2400), mDisplayCutout=DisplayCutout{insets=Rect(0, 88 - 0, 0) waterfall=Insets{left=0, top=0, right=0, bottom=0} boundingRect={Bounds=[Rect(0, 0 - 0, 0), Rect(512, 0 - 568, 88), Rect(0, 0 - 0, 0), Rect(0, 0 - 0, 0)]} cutoutPathParserInfo={CutoutPathParserInfo{displayWidth=1080 displayHeight=2400 physicalDisplayWidth=1080 physicalDisplayHeight=2400 density={3.0} cutoutSpec={M 0,0 M 0,10.71963616907435 a 9.280363830925644,9.280363830925644 0 1,0 0,18.56072766185129 a 9.280363830925644,9.280363830925644 0 1,0 0,-18.56072766185129 Z @dp} rotation={0} scale={1.0} physicalPixelDisplaySizeRatio={1.0}}}}, mRoundedCorners=RoundedCorners{[RoundedCorner{position=TopLeft, radius=96, center=Point(96, 96)}, RoundedCorner{position=TopRight, radius=96, center=Point(984, 96)}, RoundedCorner{position=BottomRight, radius=96, center=Point(984, 2304)}, RoundedCorner{position=BottomLeft, radius=96, center=Point(96, 2304)}]}  mRoundedCornerFrame=Rect(0, 0 - 1080, 2400), mPrivacyIndicatorBounds=PrivacyIndicatorBounds {static bounds=Rect(948, 0 - 1080, 88) rotation=0}, mSources= { InsetsSource: {mType=ITYPE_STATUS_BAR, mFrame=[0,0][1080,88], mVisible=true, mInsetsRoundedCornerFrame=false}, InsetsSource: {mType=ITYPE_NAVIGATION_BAR, mFrame=[0,2256][1080,2400], mVisible=true, mInsetsRoundedCornerFrame=false}, InsetsSource: {mType=ITYPE_LEFT_GESTURES, mFrame=[0,0][0,2400], mVisible=true, mInsetsRoundedCornerFrame=false}, InsetsSource: {mType=ITYPE_RIGHT_GESTURES, mFrame=[1080,0][1080,2400], mVisible=true, mInsetsRoundedCornerFrame=false}, InsetsSource: {mType=ITYPE_TOP_MANDATORY_GESTURES, mFrame=[0,0][1080,124], mVisible=true, mInsetsRoundedCornerFrame=false}, InsetsSource: {mType=ITYPE_BOTTOM_MANDATORY_GESTURES, mFrame=[0,2256][1080,2400], mVisible=true, mInsetsRoundedCornerFrame=false}, InsetsSource: {mType=ITYPE_LEFT_DISPLAY_CUTOUT, mFrame=[0,0][-100000,2400], mVisible=true, mInsetsRoundedCornerFrame=false}, InsetsSource: {mType=ITYPE_TOP_DISPLAY_CUTOUT, mFrame=[0,0][1080,88], mVisible=true, mInsetsRoundedCornerFrame=false}, InsetsSource: {mType=ITYPE_RIGHT_DISPLAY_CUTOUT, mFrame=[100000,0][1080,2400], mVisible=true, mInsetsRoundedCornerFrame=false}, InsetsSource: {mType=ITYPE_BOTTOM_DISPLAY_CUTOUT, mFrame=[0,100000][1080,2400], mVisible=true, mInsetsRoundedCornerFrame=false}, InsetsSource: {mType=ITYPE_TOP_TAPPABLE_ELEMENT, mFrame=[0,0][1080,88], mVisible=true, mInsetsRoundedCornerFrame=false}, InsetsSource: {mType=ITYPE_BOTTOM_TAPPABLE_ELEMENT, mFrame=[0,2256][1080,2400], mVisible=true, mInsetsRoundedCornerFrame=false} } host=PopupWindow:ff8c36d from=android.view.ViewRootImpl.setView:1732
04-06 10:46:35.271 28641 28641 I ViewRootImpl@bc49ba2[PopupWindow:ff8c36d]: setView = android.widget.PopupWindow$PopupDecorView@974cfee TM=false
04-06 10:46:35.274 28641 28641 W RemoteInputConnectionImpl: requestCursorAnchorInfo on inactive InputConnection
04-06 10:46:35.276 28641 28641 I IMM_LC  : showSoftInput(View,I)
04-06 10:46:35.276 28641 28641 I IMM_LC  : ssi() - flag : 0 view : com.evolucao.app reason = SHOW_SOFT_INPUT
04-06 10:46:35.279 28641 28641 I ViewRootImpl@f1184bb[PopupWindow:85bad4a]: performTraversals params={(112,1390)(90x108) gr=TOP START CENTER sim={state=unchanged adjust=pan} ty=APPLICATION_SUB_PANEL fmt=TRANSLUCENT wanim=0x1030313 surfaceInsets=Rect(0, 0 - 0, 0) (manual)
04-06 10:46:35.279 28641 28641 I ViewRootImpl@f1184bb[PopupWindow:85bad4a]:   fl=41800208
04-06 10:46:35.279 28641 28641 I ViewRootImpl@f1184bb[PopupWindow:85bad4a]:   pfl=2018000
04-06 10:46:35.279 28641 28641 I ViewRootImpl@f1184bb[PopupWindow:85bad4a]:   bhv=DEFAULT
04-06 10:46:35.279 28641 28641 I ViewRootImpl@f1184bb[PopupWindow:85bad4a]:   fitTypes=STATUS_BARS NAVIGATION_BARS CAPTION_BAR naviIconColor=0
04-06 10:46:35.279 28641 28641 I ViewRootImpl@f1184bb[PopupWindow:85bad4a]:   sfl=20000}
04-06 10:46:35.280 28641 28641 I ViewRootImpl@f1184bb[PopupWindow:85bad4a]: performTraversals mFirst=true windowShouldResize=true viewVisibilityChanged=false mForceNextWindowRelayout=false params={(112,1390)(90x108) gr=TOP START CENTER sim={state=unchanged adjust=pan} ty=APPLICATION_SUB_PANEL fmt=TRANSLUCENT wanim=0x1030313 surfaceInsets=Rect(0, 0 - 0, 0) (manual)
04-06 10:46:35.280 28641 28641 I ViewRootImpl@f1184bb[PopupWindow:85bad4a]:   fl=41800208
04-06 10:46:35.280 28641 28641 I ViewRootImpl@f1184bb[PopupWindow:85bad4a]:   pfl=42018000
04-06 10:46:35.280 28641 28641 I ViewRootImpl@f1184bb[PopupWindow:85bad4a]:   bhv=DEFAULT
04-06 10:46:35.280 28641 28641 I ViewRootImpl@f1184bb[PopupWindow:85bad4a]:   fitTypes=STATUS_BARS NAVIGATION_BARS CAPTION_BAR naviIconColor=0
04-06 10:46:35.280 28641 28641 I ViewRootImpl@f1184bb[PopupWindow:85bad4a]:   sfl=20000}
04-06 10:46:35.284 28641 28786 I ViewRootImpl@f1184bb[PopupWindow:85bad4a]: Resizing android.view.ViewRootImpl@4c6cf84: frame = [112,1390][202,1498] reportDraw = true forceLayout = false syncSeqId = 0
04-06 10:46:35.285 28641 28641 I ViewRootImpl@f1184bb[PopupWindow:85bad4a]: updateBlastSurfaceIfNeeded mBlastBufferQueue=null isSameSurfaceControl=false
04-06 10:46:35.286 28641 28641 I BLASTBufferQueue: new BLASTBufferQueue, mName= ViewRootImpl@f1184bb[PopupWindow:85bad4a] mNativeObject= 0xb4000070a0765900 sc.mNativeObject= 0xb4000070a04b3b20 caller= android.view.ViewRootImpl.updateBlastSurfaceIfNeeded:2909 android.view.ViewRootImpl.relayoutWindow:9847 android.view.ViewRootImpl.performTraversals:3884 android.view.ViewRootImpl.doTraversal:3116 android.view.ViewRootImpl$TraversalRunnable.run:10885 android.view.Choreographer$CallbackRecord.run:1301 android.view.Choreographer$CallbackRecord.run:1309 android.view.Choreographer.doCallbacks:923 android.view.Choreographer.doFrame:852 android.view.Choreographer$FrameDisplayEventReceiver.run:1283 
04-06 10:46:35.286 28641 28641 I BLASTBufferQueue: update, w= 90 h= 108 mName = ViewRootImpl@f1184bb[PopupWindow:85bad4a] mNativeObject= 0xb4000070a0765900 sc.mNativeObject= 0xb4000070a04b3b20 format= -3 caller= android.graphics.BLASTBufferQueue.<init>:84 android.view.ViewRootImpl.updateBlastSurfaceIfNeeded:2909 android.view.ViewRootImpl.relayoutWindow:9847 android.view.ViewRootImpl.performTraversals:3884 android.view.ViewRootImpl.doTraversal:3116 android.view.ViewRootImpl$TraversalRunnable.run:10885 
04-06 10:46:35.286 28641 28641 I ViewRootImpl@f1184bb[PopupWindow:85bad4a]: Relayout returned: old=(112,1390,202,1498) new=(112,1390,202,1498) req=(90,108)0 dur=5 res=0x3 s={true 0xb4000070a70a1000} ch=true seqId=0
04-06 10:46:35.287 28641 28641 I ViewRootImpl@f1184bb[PopupWindow:85bad4a]: mThreadedRenderer.initialize() mSurface={isValid=true 0xb4000070a70a1000} hwInitialized=true
04-06 10:46:35.287 28641 28692 D OpenGLRenderer: eglCreateWindowSurface
04-06 10:46:35.288 28641 28641 I ViewRootImpl@f1184bb[PopupWindow:85bad4a]: reportNextDraw android.view.ViewRootImpl.performTraversals:4438 android.view.ViewRootImpl.doTraversal:3116 android.view.ViewRootImpl$TraversalRunnable.run:10885 android.view.Choreographer$CallbackRecord.run:1301 android.view.Choreographer$CallbackRecord.run:1309 
04-06 10:46:35.288 28641 28641 I ViewRootImpl@f1184bb[PopupWindow:85bad4a]: Setup new sync id=0
04-06 10:46:35.288 28641 28641 I ViewRootImpl@f1184bb[PopupWindow:85bad4a]: Setting syncFrameCallback
04-06 10:46:35.288 28641 28641 I ViewRootImpl@f1184bb[PopupWindow:85bad4a]: registerCallbacksForSync syncBuffer=false
04-06 10:46:35.289 28641 28713 I ViewRootImpl@f1184bb[PopupWindow:85bad4a]: Received frameDrawingCallback syncResult=0 frameNum=1.
04-06 10:46:35.289 28641 28713 I ViewRootImpl@f1184bb[PopupWindow:85bad4a]: Setting up sync and frameCommitCallback
04-06 10:46:35.289 28641 28692 I BLASTBufferQueue: [ViewRootImpl@f1184bb[PopupWindow:85bad4a]#4](f:0,a:0) onFrameAvailable the first frame is available
04-06 10:46:35.290 28641 28692 I ViewRootImpl@f1184bb[PopupWindow:85bad4a]: Received frameCommittedCallback lastAttemptedDrawFrameNum=1 didProduceBuffer=true
04-06 10:46:35.290 28641 28692 D OpenGLRenderer: CFMS:: SetUp Pid : 28641    Tid : 28692
04-06 10:46:35.291 28641 28692 W Parcel  : Expecting binder but got null!
04-06 10:46:35.291 28641 28641 I ViewRootImpl@f1184bb[PopupWindow:85bad4a]: onSyncComplete
04-06 10:46:35.291 28641 28641 I ViewRootImpl@f1184bb[PopupWindow:85bad4a]: setupSync seqId=0 mSyncId=0 fn=1 caller=android.view.ViewRootImpl$$ExternalSyntheticLambda11.accept:6 android.window.SurfaceSyncer.lambda$setupSync$1$android-window-SurfaceSyncer:128 android.window.SurfaceSyncer$$ExternalSyntheticLambda1.accept:8 android.window.SurfaceSyncer$SyncSet.checkIfSyncIsComplete:382 android.window.SurfaceSyncer$SyncSet.markSyncReady:359 android.window.SurfaceSyncer.markSyncReady:151 android.view.ViewRootImpl.performTraversals:4503 
04-06 10:46:35.292 28641 28641 I ViewRootImpl@bc49ba2[PopupWindow:ff8c36d]: performTraversals params={(112,1296)(90x94) gr=TOP START CENTER sim={state=unchanged adjust=pan} ty=APPLICATION_SUB_PANEL fmt=TRANSLUCENT wanim=0x1030313 surfaceInsets=Rect(0, 0 - 0, 0) (manual)
04-06 10:46:35.292 28641 28641 I ViewRootImpl@bc49ba2[PopupWindow:ff8c36d]:   fl=41800218
04-06 10:46:35.292 28641 28641 I ViewRootImpl@bc49ba2[PopupWindow:ff8c36d]:   pfl=2018000
04-06 10:46:35.292 28641 28641 I ViewRootImpl@bc49ba2[PopupWindow:ff8c36d]:   bhv=DEFAULT
04-06 10:46:35.292 28641 28641 I ViewRootImpl@bc49ba2[PopupWindow:ff8c36d]:   fitTypes=STATUS_BARS NAVIGATION_BARS CAPTION_BAR naviIconColor=0
04-06 10:46:35.292 28641 28641 I ViewRootImpl@bc49ba2[PopupWindow:ff8c36d]:   sfl=20000}
04-06 10:46:35.293 28641 28641 I ViewRootImpl@bc49ba2[PopupWindow:ff8c36d]: performTraversals mFirst=true windowShouldResize=true viewVisibilityChanged=false mForceNextWindowRelayout=false params={(112,1296)(90x94) gr=TOP START CENTER sim={state=unchanged adjust=pan} ty=APPLICATION_SUB_PANEL fmt=TRANSLUCENT wanim=0x1030313 surfaceInsets=Rect(0, 0 - 0, 0) (manual)
04-06 10:46:35.293 28641 28641 I ViewRootImpl@bc49ba2[PopupWindow:ff8c36d]:   fl=41800218
04-06 10:46:35.293 28641 28641 I ViewRootImpl@bc49ba2[PopupWindow:ff8c36d]:   pfl=42018000
04-06 10:46:35.293 28641 28641 I ViewRootImpl@bc49ba2[PopupWindow:ff8c36d]:   bhv=DEFAULT
04-06 10:46:35.293 28641 28641 I ViewRootImpl@bc49ba2[PopupWindow:ff8c36d]:   fitTypes=STATUS_BARS NAVIGATION_BARS CAPTION_BAR naviIconColor=0
04-06 10:46:35.293 28641 28641 I ViewRootImpl@bc49ba2[PopupWindow:ff8c36d]:   sfl=20000}
04-06 10:46:35.296 28641 28657 I ViewRootImpl@bc49ba2[PopupWindow:ff8c36d]: Resizing android.view.ViewRootImpl@e2b3c8f: frame = [112,1296][202,1390] reportDraw = true forceLayout = false syncSeqId = 0
04-06 10:46:35.297 28641 28641 I ViewRootImpl@bc49ba2[PopupWindow:ff8c36d]: updateBlastSurfaceIfNeeded mBlastBufferQueue=null isSameSurfaceControl=false
04-06 10:46:35.298 28641 28641 I BLASTBufferQueue: new BLASTBufferQueue, mName= ViewRootImpl@bc49ba2[PopupWindow:ff8c36d] mNativeObject= 0xb4000070a0765c80 sc.mNativeObject= 0xb4000070a04b40c0 caller= android.view.ViewRootImpl.updateBlastSurfaceIfNeeded:2909 android.view.ViewRootImpl.relayoutWindow:9847 android.view.ViewRootImpl.performTraversals:3884 android.view.ViewRootImpl.doTraversal:3116 android.view.ViewRootImpl$TraversalRunnable.run:10885 android.view.Choreographer$CallbackRecord.run:1301 android.view.Choreographer$CallbackRecord.run:1309 android.view.Choreographer.doCallbacks:923 android.view.Choreographer.doFrame:852 android.view.Choreographer$FrameDisplayEventReceiver.run:1283 
04-06 10:46:35.298 28641 28641 I BLASTBufferQueue: update, w= 90 h= 94 mName = ViewRootImpl@bc49ba2[PopupWindow:ff8c36d] mNativeObject= 0xb4000070a0765c80 sc.mNativeObject= 0xb4000070a04b40c0 format= -3 caller= android.graphics.BLASTBufferQueue.<init>:84 android.view.ViewRootImpl.updateBlastSurfaceIfNeeded:2909 android.view.ViewRootImpl.relayoutWindow:9847 android.view.ViewRootImpl.performTraversals:3884 android.view.ViewRootImpl.doTraversal:3116 android.view.ViewRootImpl$TraversalRunnable.run:10885 
04-06 10:46:35.298 28641 28641 I ViewRootImpl@bc49ba2[PopupWindow:ff8c36d]: Relayout returned: old=(112,1296,202,1390) new=(112,1296,202,1390) req=(90,94)0 dur=4 res=0x3 s={true 0xb4000070a709e800} ch=true seqId=0
04-06 10:46:35.299 28641 28641 I ViewRootImpl@bc49ba2[PopupWindow:ff8c36d]: mThreadedRenderer.initialize() mSurface={isValid=true 0xb4000070a709e800} hwInitialized=true
04-06 10:46:35.299 28641 28692 D OpenGLRenderer: eglCreateWindowSurface
04-06 10:46:35.299 28641 28641 I ViewRootImpl@bc49ba2[PopupWindow:ff8c36d]: reportNextDraw android.view.ViewRootImpl.performTraversals:4438 android.view.ViewRootImpl.doTraversal:3116 android.view.ViewRootImpl$TraversalRunnable.run:10885 android.view.Choreographer$CallbackRecord.run:1301 android.view.Choreographer$CallbackRecord.run:1309 
04-06 10:46:35.299 28641 28641 I ViewRootImpl@bc49ba2[PopupWindow:ff8c36d]: Setup new sync id=0
04-06 10:46:35.299 28641 28641 I ViewRootImpl@bc49ba2[PopupWindow:ff8c36d]: Setting syncFrameCallback
04-06 10:46:35.300 28641 28641 I ViewRootImpl@bc49ba2[PopupWindow:ff8c36d]: registerCallbacksForSync syncBuffer=false
04-06 10:46:35.300 28641 28712 I ViewRootImpl@bc49ba2[PopupWindow:ff8c36d]: Received frameDrawingCallback syncResult=0 frameNum=1.
04-06 10:46:35.300 28641 28712 I ViewRootImpl@bc49ba2[PopupWindow:ff8c36d]: Setting up sync and frameCommitCallback
04-06 10:46:35.300 28641 28692 I BLASTBufferQueue: [ViewRootImpl@bc49ba2[PopupWindow:ff8c36d]#5](f:0,a:0) onFrameAvailable the first frame is available
04-06 10:46:35.301 28641 28692 I ViewRootImpl@bc49ba2[PopupWindow:ff8c36d]: Received frameCommittedCallback lastAttemptedDrawFrameNum=1 didProduceBuffer=true
04-06 10:46:35.301 28641 28692 D OpenGLRenderer: CFMS:: SetUp Pid : 28641    Tid : 28692
04-06 10:46:35.302 28641 28692 W Parcel  : Expecting binder but got null!
04-06 10:46:35.302 28641 28641 I ViewRootImpl@bc49ba2[PopupWindow:ff8c36d]: onSyncComplete
04-06 10:46:35.302 28641 28641 I ViewRootImpl@bc49ba2[PopupWindow:ff8c36d]: setupSync seqId=0 mSyncId=0 fn=1 caller=android.view.ViewRootImpl$$ExternalSyntheticLambda11.accept:6 android.window.SurfaceSyncer.lambda$setupSync$1$android-window-SurfaceSyncer:128 android.window.SurfaceSyncer$$ExternalSyntheticLambda1.accept:8 android.window.SurfaceSyncer$SyncSet.checkIfSyncIsComplete:382 android.window.SurfaceSyncer$SyncSet.markSyncReady:359 android.window.SurfaceSyncer.markSyncReady:151 android.view.ViewRootImpl.performTraversals:4503 
04-06 10:46:35.302 28641 28641 I ViewRootImpl@bc49ba2[PopupWindow:ff8c36d]: reportDrawFinished seqId=0 mSyncId=-1 fn=1 mSurfaceChangedTransaction=0xb4000070a02f6100
04-06 10:46:35.302 28641 28641 I ViewRootImpl@f1184bb[PopupWindow:85bad4a]: reportDrawFinished seqId=0 mSyncId=-1 fn=1 mSurfaceChangedTransaction=0xb4000070a0848c00
04-06 10:46:35.305 28641 28641 I ViewRootImpl@f1184bb[PopupWindow:85bad4a]: handleResized, msg = 5 frames=ClientWindowFrames{frame=[112,1390][202,1498] display=[-100000,-100000][100000,100000] parentFrame=[0,0][0,0] parentClippedByDisplayCutout=false} forceNextWindowRelayout=false displayId=0 resizeMode=-1 frameChanged=false displayFrameChanged=false configChanged=false displayChanged=false
04-06 10:46:35.305 28641 28641 I ViewRootImpl@f1184bb[PopupWindow:85bad4a]: handleResized mSyncSeqId = 0
04-06 10:46:35.305 28641 28641 I ViewRootImpl@f1184bb[PopupWindow:85bad4a]: reportNextDraw android.view.ViewRootImpl.handleResized:2450 android.view.ViewRootImpl.-$$Nest$mhandleResized:0 android.view.ViewRootImpl$ViewRootHandler.handleMessageImpl:6728 android.view.ViewRootImpl$ViewRootHandler.handleMessage:6697 android.os.Handler.dispatchMessage:106 
04-06 10:46:35.305 28641 28641 I ViewRootImpl@f1184bb[PopupWindow:85bad4a]: Setup new sync id=1
04-06 10:46:35.305 28641 28641 I ViewRootImpl@f1184bb[PopupWindow:85bad4a]: Setting syncFrameCallback
04-06 10:46:35.305 28641 28641 I ViewRootImpl@f1184bb[PopupWindow:85bad4a]: registerCallbacksForSync syncBuffer=false
04-06 10:46:35.306 28641 28713 I ViewRootImpl@f1184bb[PopupWindow:85bad4a]: Received frameDrawingCallback syncResult=0 frameNum=2.
04-06 10:46:35.306 28641 28713 I ViewRootImpl@f1184bb[PopupWindow:85bad4a]: Setting up sync and frameCommitCallback
04-06 10:46:35.307 28641 28692 I ViewRootImpl@f1184bb[PopupWindow:85bad4a]: Received frameCommittedCallback lastAttemptedDrawFrameNum=2 didProduceBuffer=true
04-06 10:46:35.307 28641 28641 I ViewRootImpl@f1184bb[PopupWindow:85bad4a]: onSyncComplete
04-06 10:46:35.307 28641 28641 I ViewRootImpl@f1184bb[PopupWindow:85bad4a]: setupSync seqId=0 mSyncId=1 fn=2 caller=android.view.ViewRootImpl$$ExternalSyntheticLambda11.accept:6 android.window.SurfaceSyncer.lambda$setupSync$1$android-window-SurfaceSyncer:128 android.window.SurfaceSyncer$$ExternalSyntheticLambda1.accept:8 android.window.SurfaceSyncer$SyncSet.checkIfSyncIsComplete:382 android.window.SurfaceSyncer$SyncSet.markSyncReady:359 android.window.SurfaceSyncer.markSyncReady:151 android.view.ViewRootImpl.performTraversals:4503 
04-06 10:46:35.308 28641 28641 I ViewRootImpl@f1184bb[PopupWindow:85bad4a]: reportDrawFinished seqId=0 mSyncId=-1 fn=2 mSurfaceChangedTransaction=0xb4000070a0848c00
04-06 10:46:35.308 28641 28641 I ViewRootImpl@bc49ba2[PopupWindow:ff8c36d]: handleResized, msg = 5 frames=ClientWindowFrames{frame=[112,1296][202,1390] display=[-100000,-100000][100000,100000] parentFrame=[0,0][0,0] parentClippedByDisplayCutout=false} forceNextWindowRelayout=false displayId=0 resizeMode=-1 frameChanged=false displayFrameChanged=false configChanged=false displayChanged=false
04-06 10:46:35.308 28641 28641 I ViewRootImpl@bc49ba2[PopupWindow:ff8c36d]: handleResized mSyncSeqId = 0
04-06 10:46:35.308 28641 28641 I ViewRootImpl@bc49ba2[PopupWindow:ff8c36d]: reportNextDraw android.view.ViewRootImpl.handleResized:2450 android.view.ViewRootImpl.-$$Nest$mhandleResized:0 android.view.ViewRootImpl$ViewRootHandler.handleMessageImpl:6728 android.view.ViewRootImpl$ViewRootHandler.handleMessage:6697 android.os.Handler.dispatchMessage:106 
04-06 10:46:35.309 28641 28641 I ViewRootImpl@bc49ba2[PopupWindow:ff8c36d]: Setup new sync id=1
04-06 10:46:35.309 28641 28641 I ViewRootImpl@bc49ba2[PopupWindow:ff8c36d]: Setting syncFrameCallback
04-06 10:46:35.309 28641 28641 I ViewRootImpl@bc49ba2[PopupWindow:ff8c36d]: registerCallbacksForSync syncBuffer=false
04-06 10:46:35.310 28641 28712 I ViewRootImpl@bc49ba2[PopupWindow:ff8c36d]: Received frameDrawingCallback syncResult=0 frameNum=2.
04-06 10:46:35.310 28641 28712 I ViewRootImpl@bc49ba2[PopupWindow:ff8c36d]: Setting up sync and frameCommitCallback
04-06 10:46:35.310 28641 28692 I ViewRootImpl@bc49ba2[PopupWindow:ff8c36d]: Received frameCommittedCallback lastAttemptedDrawFrameNum=2 didProduceBuffer=true
04-06 10:46:35.310 28641 28641 I ViewRootImpl@bc49ba2[PopupWindow:ff8c36d]: onSyncComplete
04-06 10:46:35.311 28641 28641 I ViewRootImpl@bc49ba2[PopupWindow:ff8c36d]: setupSync seqId=0 mSyncId=1 fn=2 caller=android.view.ViewRootImpl$$ExternalSyntheticLambda11.accept:6 android.window.SurfaceSyncer.lambda$setupSync$1$android-window-SurfaceSyncer:128 android.window.SurfaceSyncer$$ExternalSyntheticLambda1.accept:8 android.window.SurfaceSyncer$SyncSet.checkIfSyncIsComplete:382 android.window.SurfaceSyncer$SyncSet.markSyncReady:359 android.window.SurfaceSyncer.markSyncReady:151 android.view.ViewRootImpl.performTraversals:4503 
04-06 10:46:35.311 28641 28641 I ViewRootImpl@bc49ba2[PopupWindow:ff8c36d]: reportDrawFinished seqId=0 mSyncId=-1 fn=2 mSurfaceChangedTransaction=0xb4000070a02f6100
04-06 10:46:35.321 28641 28641 W OnBackInvokedCallback: OnBackInvokedCallback is not enabled for the application.
04-06 10:46:35.321 28641 28641 W OnBackInvokedCallback: Set 'android:enableOnBackInvokedCallback="true"' in the application manifest.
04-06 10:46:35.322 28641 28641 D InsetsController: show(ime(), fromIme=true)
04-06 10:46:35.332 28641 28641 D InsetsController: show(ime(), fromIme=true)
04-06 10:46:35.341 28641 28641 D InsetsController: show(ime(), fromIme=true)
04-06 10:46:35.687 28641 28672 I DetoxWSClient: Sending out action 'invokeResult' (ID #8)
04-06 10:46:35.687 28641 28672 I DetoxDispatcher: Done with action 'invoke'
04-06 10:46:35.692 28641 28676 D DetoxWSClient: Received action 'invoke' (ID #9, params={"target":{"type":"Class","value":"com.wix.detox.espresso.EspressoDetox"},"method":"perform","args":[{"type":"Invocation","value":{"target":{"type":"Class","value":"com.wix.detox.espresso.DetoxMatcher"},"method":"matcherForTestId","args":["input-peso-meta",{"type":"boolean","value":false}]}},{"type":"Invocation","value":{"target":{"type":"Class","value":"androidx.test.espresso.action.ViewActions"},"method":"clearText","args":[]}}]})
04-06 10:46:35.692 28641 28672 I DetoxDispatcher: Handling action 'invoke' (ID #9)...
04-06 10:46:35.692 28641 28672 D Detox   : class com.wix.detox.espresso.DetoxMatcher, matcherForTestId, [input-peso-meta, false]
04-06 10:46:35.692 28641 28672 D Detox   : class androidx.test.espresso.action.ViewActions, clearText, []
04-06 10:46:35.693 28641 28672 D Detox   : class com.wix.detox.espresso.EspressoDetox, perform, [(view.getTag() is "input-peso-meta" and view has effective visibility <VISIBLE>), androidx.test.espresso.action.ReplaceTextAction@4bf21b4]
04-06 10:46:35.695 28641 28641 I ViewInteraction: Performing 'replace text()' action on view (view.getTag() is "input-peso-meta" and view has effective visibility <VISIBLE>)
04-06 10:46:35.700 28641 28672 I DetoxWSClient: Sending out action 'invokeResult' (ID #9)
04-06 10:46:35.700 28641 28672 I DetoxDispatcher: Done with action 'invoke'
04-06 10:46:35.703 28641 28676 D DetoxWSClient: Received action 'invoke' (ID #10, params={"target":{"type":"Class","value":"com.wix.detox.espresso.EspressoDetox"},"method":"perform","args":[{"type":"Invocation","value":{"target":{"type":"Class","value":"com.wix.detox.espresso.DetoxMatcher"},"method":"matcherForTestId","args":["input-peso-meta",{"type":"boolean","value":false}]}},{"type":"Invocation","value":{"target":{"type":"Class","value":"androidx.test.espresso.action.ViewActions"},"method":"replaceText","args":["77"]}}]})
04-06 10:46:35.703 28641 28672 I DetoxDispatcher: Handling action 'invoke' (ID #10)...
04-06 10:46:35.703 28641 28672 D Detox   : class com.wix.detox.espresso.DetoxMatcher, matcherForTestId, [input-peso-meta, false]
04-06 10:46:35.706 28641 28672 D Detox   : class androidx.test.espresso.action.ViewActions, replaceText, [77]
04-06 10:46:35.706 28641 28672 D Detox   : class com.wix.detox.espresso.EspressoDetox, perform, [(view.getTag() is "input-peso-meta" and view has effective visibility <VISIBLE>), androidx.test.espresso.action.ReplaceTextAction@cf7fc9b]
04-06 10:46:35.709 28641 28641 D InputMethodManager: startInputInner - Id : 0
04-06 10:46:35.709 28641 28641 I InputMethodManager: startInputInner - mService.startInputOrWindowGainedFocus
04-06 10:46:35.735 28641 28641 D InsetsController: show(ime(), fromIme=true)
04-06 10:46:35.746 28641 28641 D InputMethodManager: startInputInner - Id : 0
04-06 10:46:35.746 28641 28641 I InputMethodManager: startInputInner - mService.startInputOrWindowGainedFocus
04-06 10:46:35.750 28641 28641 I ViewInteraction: Performing 'replace text(77)' action on view (view.getTag() is "input-peso-meta" and view has effective visibility <VISIBLE>)
04-06 10:46:35.755 28641 28672 I DetoxWSClient: Sending out action 'invokeResult' (ID #10)
04-06 10:46:35.755 28641 28672 I DetoxDispatcher: Done with action 'invoke'
04-06 10:46:35.761 28641 28676 D DetoxWSClient: Received action 'invoke' (ID #11, params={"target":{"type":"Class","value":"com.wix.detox.espresso.DetoxAssertion"},"method":"assertMatcher","args":[{"type":"Invocation","value":{"target":{"type":"Class","value":"androidx.test.espresso.Espresso"},"method":"onView","args":[{"type":"Invocation","value":{"target":{"type":"Class","value":"com.wix.detox.espresso.DetoxMatcher"},"method":"matcherForTestId","args":["input-peso-meta",{"type":"boolean","value":false}]}}]}},{"type":"Invocation","value":{"target":{"type":"Class","value":"com.wix.detox.espresso.DetoxMatcher"},"method":"matcherForText","args":["77",{"type":"boolean","value":false}]}}]})
04-06 10:46:35.762 28641 28672 I DetoxDispatcher: Handling action 'invoke' (ID #11)...
04-06 10:46:35.762 28641 28672 D Detox   : class com.wix.detox.espresso.DetoxMatcher, matcherForTestId, [input-peso-meta, false]
04-06 10:46:35.762 28641 28672 D Detox   : class androidx.test.espresso.Espresso, onView, [(view.getTag() is "input-peso-meta" and view has effective visibility <VISIBLE>)]
04-06 10:46:35.763 28641 28672 D Detox   : class com.wix.detox.espresso.DetoxMatcher, matcherForText, [77, false]
04-06 10:46:35.763 28641 28672 D Detox   : class com.wix.detox.espresso.DetoxAssertion, assertMatcher, [androidx.test.espresso.ViewInteraction@48f35fe, (an instance of android.widget.TextView and view.getText() with or without transformation to match: is "77" and view has effective visibility <VISIBLE>)]
04-06 10:46:35.765 28641 28641 D InputMethodManager: startInputInner - Id : 0
04-06 10:46:35.765 28641 28641 I InputMethodManager: startInputInner - mService.startInputOrWindowGainedFocus
04-06 10:46:35.781 28641 28641 D InsetsController: show(ime(), fromIme=true)
04-06 10:46:35.798 28641 28641 I ViewInteraction: Checking 'MatchesViewAssertion(Detox){viewMatcher=(an instance of android.widget.TextView and view.getText() with or without transformation to match: is "77" and view has effective visibility <VISIBLE>)}' assertion on view (view.getTag() is "input-peso-meta" and view has effective visibility <VISIBLE>)
04-06 10:46:35.802 28641 28672 I DetoxWSClient: Sending out action 'invokeResult' (ID #11)
04-06 10:46:35.805 28641 28672 I DetoxDispatcher: Done with action 'invoke'
04-06 10:46:35.808 28641 28676 D DetoxWSClient: Received action 'invoke' (ID #12, params={"target":{"type":"Class","value":"com.wix.detox.espresso.EspressoDetox"},"method":"perform","args":[{"type":"Invocation","value":{"target":{"type":"Class","value":"com.wix.detox.espresso.DetoxMatcher"},"method":"matcherForTestId","args":["input-altura",{"type":"boolean","value":false}]}},{"type":"Invocation","value":{"target":{"type":"Class","value":"com.wix.detox.espresso.DetoxViewActions"},"method":"click","args":[]}}]})
04-06 10:46:35.808 28641 28672 I DetoxDispatcher: Handling action 'invoke' (ID #12)...
04-06 10:46:35.809 28641 28672 D Detox   : class com.wix.detox.espresso.DetoxMatcher, matcherForTestId, [input-altura, false]
04-06 10:46:35.809 28641 28672 D Detox   : class com.wix.detox.espresso.DetoxViewActions, click, []
04-06 10:46:35.809 28641 28672 D Detox   : class com.wix.detox.espresso.EspressoDetox, perform, [(view.getTag() is "input-altura" and view has effective visibility <VISIBLE>), com.wix.detox.espresso.action.RNClickAction@ff31aae]
04-06 10:46:35.812 28641 28641 D InsetsController: show(ime(), fromIme=true)
04-06 10:46:35.813 28641 28641 I ViewInteraction: Performing 'com.wix.detox.espresso.action.detoxsingletap@d37904f click' action on view (view.getTag() is "input-altura" and view has effective visibility <VISIBLE>)
04-06 10:46:35.821 28641 28692 D OpenGLRenderer: setSurface called with nullptr
04-06 10:46:35.821 28641 28692 D OpenGLRenderer: setSurface() destroyed EGLSurface
04-06 10:46:35.821 28641 28692 D OpenGLRenderer: destroyEglSurface
04-06 10:46:35.824 28641 28641 I ViewRootImpl@f1184bb[PopupWindow:85bad4a]: dispatchDetachedFromWindow
04-06 10:46:35.829 28641 28641 D InputTransport: Input channel destroyed: 'f66469 ', fd=152
04-06 10:46:35.830 28641 28692 D OpenGLRenderer: setSurface called with nullptr
04-06 10:46:35.830 28641 28692 D OpenGLRenderer: setSurface() destroyed EGLSurface
04-06 10:46:35.830 28641 28692 D OpenGLRenderer: destroyEglSurface
04-06 10:46:35.831 28641 28641 I ViewRootImpl@bc49ba2[PopupWindow:ff8c36d]: dispatchDetachedFromWindow
04-06 10:46:35.834 28641 28641 D InputTransport: Input channel destroyed: '2c86408', fd=154
04-06 10:46:35.849 28641 28641 I ViewRootImpl@73623ee[MainActivity]: ViewPostIme key 0
04-06 10:46:35.863 28641 28641 I ViewRootImpl@73623ee[MainActivity]: ViewPostIme key 1
04-06 10:46:36.284 28641 28672 I DetoxWSClient: Sending out action 'invokeResult' (ID #12)
04-06 10:46:36.284 28641 28672 I DetoxDispatcher: Done with action 'invoke'
04-06 10:46:36.289 28641 28676 D DetoxWSClient: Received action 'invoke' (ID #13, params={"target":{"type":"Class","value":"com.wix.detox.espresso.EspressoDetox"},"method":"perform","args":[{"type":"Invocation","value":{"target":{"type":"Class","value":"com.wix.detox.espresso.DetoxMatcher"},"method":"matcherForTestId","args":["input-altura",{"type":"boolean","value":false}]}},{"type":"Invocation","value":{"target":{"type":"Class","value":"androidx.test.espresso.action.ViewActions"},"method":"clearText","args":[]}}]})
04-06 10:46:36.289 28641 28672 I DetoxDispatcher: Handling action 'invoke' (ID #13)...
04-06 10:46:36.289 28641 28672 D Detox   : class com.wix.detox.espresso.DetoxMatcher, matcherForTestId, [input-altura, false]
04-06 10:46:36.289 28641 28672 D Detox   : class androidx.test.espresso.action.ViewActions, clearText, []
04-06 10:46:36.289 28641 28672 D Detox   : class com.wix.detox.espresso.EspressoDetox, perform, [(view.getTag() is "input-altura" and view has effective visibility <VISIBLE>), androidx.test.espresso.action.ReplaceTextAction@30dbd3]
04-06 10:46:36.292 28641 28641 I ViewInteraction: Performing 'replace text()' action on view (view.getTag() is "input-altura" and view has effective visibility <VISIBLE>)
04-06 10:46:36.296 28641 28672 I DetoxWSClient: Sending out action 'invokeResult' (ID #13)
04-06 10:46:36.297 28641 28672 I DetoxDispatcher: Done with action 'invoke'
04-06 10:46:36.299 28641 28676 D DetoxWSClient: Received action 'invoke' (ID #14, params={"target":{"type":"Class","value":"com.wix.detox.espresso.EspressoDetox"},"method":"perform","args":[{"type":"Invocation","value":{"target":{"type":"Class","value":"com.wix.detox.espresso.DetoxMatcher"},"method":"matcherForTestId","args":["input-altura",{"type":"boolean","value":false}]}},{"type":"Invocation","value":{"target":{"type":"Class","value":"androidx.test.espresso.action.ViewActions"},"method":"replaceText","args":["178"]}}]})
04-06 10:46:36.299 28641 28672 I DetoxDispatcher: Handling action 'invoke' (ID #14)...
04-06 10:46:36.299 28641 28672 D Detox   : class com.wix.detox.espresso.DetoxMatcher, matcherForTestId, [input-altura, false]
04-06 10:46:36.301 28641 28672 D Detox   : class androidx.test.espresso.action.ViewActions, replaceText, [178]
04-06 10:46:36.301 28641 28672 D Detox   : class com.wix.detox.espresso.EspressoDetox, perform, [(view.getTag() is "input-altura" and view has effective visibility <VISIBLE>), androidx.test.espresso.action.ReplaceTextAction@3cb9541]
04-06 10:46:36.339 28641 28641 I ViewInteraction: Performing 'replace text(178)' action on view (view.getTag() is "input-altura" and view has effective visibility <VISIBLE>)
04-06 10:46:36.344 28641 28672 I DetoxWSClient: Sending out action 'invokeResult' (ID #14)
04-06 10:46:36.344 28641 28672 I DetoxDispatcher: Done with action 'invoke'
04-06 10:46:36.348 28641 28676 D DetoxWSClient: Received action 'invoke' (ID #15, params={"target":{"type":"Class","value":"com.wix.detox.espresso.DetoxAssertion"},"method":"assertMatcher","args":[{"type":"Invocation","value":{"target":{"type":"Class","value":"androidx.test.espresso.Espresso"},"method":"onView","args":[{"type":"Invocation","value":{"target":{"type":"Class","value":"com.wix.detox.espresso.DetoxMatcher"},"method":"matcherForTestId","args":["input-altura",{"type":"boolean","value":false}]}}]}},{"type":"Invocation","value":{"target":{"type":"Class","value":"com.wix.detox.espresso.DetoxMatcher"},"method":"matcherForText","args":["178",{"type":"boolean","value":false}]}}]})
04-06 10:46:36.348 28641 28672 I DetoxDispatcher: Handling action 'invoke' (ID #15)...
04-06 10:46:36.348 28641 28672 D Detox   : class com.wix.detox.espresso.DetoxMatcher, matcherForTestId, [input-altura, false]
04-06 10:46:36.348 28641 28672 D Detox   : class androidx.test.espresso.Espresso, onView, [(view.getTag() is "input-altura" and view has effective visibility <VISIBLE>)]
04-06 10:46:36.349 28641 28672 D Detox   : class com.wix.detox.espresso.DetoxMatcher, matcherForText, [178, false]
04-06 10:46:36.349 28641 28672 D Detox   : class com.wix.detox.espresso.DetoxAssertion, assertMatcher, [androidx.test.espresso.ViewInteraction@a9da40f, (an instance of android.widget.TextView and view.getText() with or without transformation to match: is "178" and view has effective visibility <VISIBLE>)]
04-06 10:46:36.392 28641 28641 I ViewInteraction: Checking 'MatchesViewAssertion(Detox){viewMatcher=(an instance of android.widget.TextView and view.getText() with or without transformation to match: is "178" and view has effective visibility <VISIBLE>)}' assertion on view (view.getTag() is "input-altura" and view has effective visibility <VISIBLE>)
04-06 10:46:36.394 28641 28672 I DetoxWSClient: Sending out action 'invokeResult' (ID #15)
04-06 10:46:36.394 28641 28672 I DetoxDispatcher: Done with action 'invoke'
04-06 10:46:36.398 28641 28676 D DetoxWSClient: Received action 'invoke' (ID #16, params={"target":{"type":"Invocation","value":{"target":{"type":"Class","value":"com.wix.detox.uiautomator.UiAutomator"},"method":"uiDevice","args":[]}},"method":"pressBack","args":[]})
04-06 10:46:36.398 28641 28672 I DetoxDispatcher: Handling action 'invoke' (ID #16)...
04-06 10:46:36.398 28641 28672 D Detox   : class com.wix.detox.uiautomator.UiAutomator, uiDevice, []
04-06 10:46:36.400 28641 28672 I UiDevice: Creating a new instance, old instance exists: false
04-06 10:46:36.410 28641 28672 D UiDevice: Setting accessibility service flags: 65618
04-06 10:46:37.055 28641 28672 D UiDevice: Pressing back button.
04-06 10:46:37.087 28641 28641 I ViewRootImpl@73623ee[MainActivity]: The input has been finished in ImeInputStage.
04-06 10:46:37.104 28641 28641 I ViewRootImpl@73623ee[MainActivity]: The input has been finished in ImeInputStage.
04-06 10:46:37.107 28641 28641 D InsetsController: controlAnimationUnchecked: Added types=8 animType=1 host=com.evolucao.app/com.evolucao.app.MainActivity from=android.view.InsetsController.applyAnimation:1576 android.view.InsetsController.applyAnimation:1557 android.view.InsetsController.hide:1093 
04-06 10:46:37.108 28641 28641 D InsetsSourceConsumer: setRequestedVisible: visible=false, type=19, host=com.evolucao.app/com.evolucao.app.MainActivity, from=android.view.InsetsSourceConsumer.hide:257 android.view.ImeInsetsSourceConsumer.hide:88 android.view.ImeInsetsSourceConsumer.hide:94 android.view.InsetsController.hideDirectly:1593 android.view.InsetsController.controlAnimationUnchecked:1234 android.view.InsetsController.applyAnimation:1576 android.view.InsetsController.applyAnimation:1557 android.view.InsetsController.hide:1093 android.view.ViewRootImpl$ViewRootHandler.handleMessageImpl:6765 android.view.ViewRootImpl$ViewRootHandler.handleMessage:6697 
04-06 10:46:37.118 28641 28672 I DetoxWSClient: Sending out action 'invokeResult' (ID #16)
04-06 10:46:37.118 28641 28672 I DetoxDispatcher: Done with action 'invoke'
04-06 10:46:37.126 28641 28641 D InsetsController: onStateChanged: InsetsState: {mDisplayFrame=Rect(0, 0 - 1080, 2400), mDisplayCutout=DisplayCutout{insets=Rect(0, 88 - 0, 0) waterfall=Insets{left=0, top=0, right=0, bottom=0} boundingRect={Bounds=[Rect(0, 0 - 0, 0), Rect(512, 0 - 568, 88), Rect(0, 0 - 0, 0), Rect(0, 0 - 0, 0)]} cutoutPathParserInfo={CutoutPathParserInfo{displayWidth=1080 displayHeight=2400 physicalDisplayWidth=1080 physicalDisplayHeight=2400 density={3.0} cutoutSpec={M 0,0 M 0,10.71963616907435 a 9.280363830925644,9.280363830925644 0 1,0 0,18.56072766185129 a 9.280363830925644,9.280363830925644 0 1,0 0,-18.56072766185129 Z @dp} rotation={0} scale={1.0} physicalPixelDisplaySizeRatio={1.0}}}}, mRoundedCorners=RoundedCorners{[RoundedCorner{position=TopLeft, radius=96, center=Point(96, 96)}, RoundedCorner{position=TopRight, radius=96, center=Point(984, 96)}, RoundedCorner{position=BottomRight, radius=96, center=Point(984, 2304)}, RoundedCorner{position=BottomLeft, radius=96, center=Point(96, 2304)}]}  mRoundedCornerFrame=Rect(0, 0 - 1080, 2400), mPrivacyIndicatorBounds=PrivacyIndicatorBounds {static bounds=Rect(948, 0 - 1080, 88) rotation=0}, mSources= { InsetsSource: {mType=ITYPE_STATUS_BAR, mFrame=[0,0][1080,88], mVisible=true, mInsetsRoundedCornerFrame=false}, InsetsSource: {mType=ITYPE_NAVIGATION_BAR, mFrame=[0,2256][1080,2400], mVisible=true, mInsetsRoundedCornerFrame=false}, InsetsSource: {mType=ITYPE_LEFT_GESTURES, mFrame=[0,0][0,2400], mVisible=true, mInsetsRoundedCornerFrame=false}, InsetsSource: {mType=ITYPE_RIGHT_GESTURES, mFrame=[1080,0][1080,2400], mVisible=true, mInsetsRoundedCornerFrame=false}, InsetsSource: {mType=ITYPE_TOP_MANDATORY_GESTURES, mFrame=[0,0][1080,124], mVisible=true, mInsetsRoundedCornerFrame=false}, InsetsSource: {mType=ITYPE_BOTTOM_MANDATORY_GESTURES, mFrame=[0,2256][1080,2400], mVisible=true, mInsetsRoundedCornerFrame=false}, InsetsSource: {mType=ITYPE_LEFT_DISPLAY_CUTOUT, mFrame=[0,0][-100000,2400], mVisible=true, mInsetsRoundedCornerFrame=false}, InsetsSource: {mType=ITYPE_TOP_DISPLAY_CUTOUT, mFrame=[0,0][1080,88], mVisible=true, mInsetsRoundedCornerFrame=false}, InsetsSource: {mType=ITYPE_RIGHT_DISPLAY_CUTOUT, mFrame=[100000,0][1080,2400], mVisible=true, mInsetsRoundedCornerFrame=false}, InsetsSource: {mType=ITYPE_BOTTOM_DISPLAY_CUTOUT, mFrame=[0,100000][1080,2400], mVisible=true, mInsetsRoundedCornerFrame=false}, InsetsSource: {mType=ITYPE_TOP_TAPPABLE_ELEMENT, mFrame=[0,0][1080,88], mVisible=true, mInsetsRoundedCornerFrame=false}, InsetsSource: {mType=ITYPE_BOTTOM_TAPPABLE_ELEMENT, mFrame=[0,2256][1080,2400], mVisible=true, mInsetsRoundedCornerFrame=false}, InsetsSource: {mType=ITYPE_IME, mFrame=[0,1374][1080,2400], mVisibleFrame=[0,1374][1080,2400], mVisible=false, mInsetsRoundedCornerFrame=false} } host=com.evolucao.app/com.evolucao.app.MainActivity from=android.view.ViewRootImpl$ViewRootHandler.handleMessageImpl:6740
