04-06 02:36:17.855 24958 24958 I ViewRootImpl@73623ee[MainActivity]: handleResized, msg = 5 frames=ClientWindowFrames{frame=[0,0][1080,2400] display=[0,0][1080,2400] parentFrame=[0,0][0,0] parentClippedByDisplayCutout=false} forceNextWindowRelayout=false displayId=0 resizeMode=-1 frameChanged=false displayFrameChanged=false configChanged=false displayChanged=false
04-06 02:36:17.855 24958 24958 I ViewRootImpl@73623ee[MainActivity]: handleResized mSyncSeqId = 0
04-06 02:36:17.855 24958 24958 I ViewRootImpl@73623ee[MainActivity]: reportNextDraw android.view.ViewRootImpl.handleResized:2450 android.view.ViewRootImpl.-$$Nest$mhandleResized:0 android.view.ViewRootImpl$ViewRootHandler.handleMessageImpl:6728 android.view.ViewRootImpl$ViewRootHandler.handleMessage:6697 android.os.Handler.dispatchMessage:106 
04-06 02:36:17.858 24958 24958 I ViewRootImpl@7f2009b[PopupWindow:f832caa]: performTraversals params={(0,88)(fillxwrap) gr=TOP START CENTER sim={state=unchanged adjust=pan} ty=APPLICATION_PANEL fmt=TRANSLUCENT surfaceInsets=Rect(0, 0 - 0, 0) (manual)
04-06 02:36:17.858 24958 24958 I ViewRootImpl@7f2009b[PopupWindow:f832caa]:   fl=41800008
04-06 02:36:17.858 24958 24958 I ViewRootImpl@7f2009b[PopupWindow:f832caa]:   pfl=42018000
04-06 02:36:17.858 24958 24958 I ViewRootImpl@7f2009b[PopupWindow:f832caa]:   bhv=DEFAULT
04-06 02:36:17.858 24958 24958 I ViewRootImpl@7f2009b[PopupWindow:f832caa]:   fitTypes=STATUS_BARS NAVIGATION_BARS CAPTION_BAR naviIconColor=0
04-06 02:36:17.858 24958 24958 I ViewRootImpl@7f2009b[PopupWindow:f832caa]:   sfl=20000}
04-06 02:36:17.858 24958 24958 I ViewRootImpl@7f2009b[PopupWindow:f832caa]: performTraversals mFirst=true windowShouldResize=true viewVisibilityChanged=false mForceNextWindowRelayout=false params={(0,88)(fillxwrap) gr=TOP START CENTER sim={state=unchanged adjust=pan} ty=APPLICATION_PANEL fmt=TRANSLUCENT surfaceInsets=Rect(0, 0 - 0, 0) (manual)
04-06 02:36:17.858 24958 24958 I ViewRootImpl@7f2009b[PopupWindow:f832caa]:   fl=41800008
04-06 02:36:17.858 24958 24958 I ViewRootImpl@7f2009b[PopupWindow:f832caa]:   pfl=42018000
04-06 02:36:17.858 24958 24958 I ViewRootImpl@7f2009b[PopupWindow:f832caa]:   bhv=DEFAULT
04-06 02:36:17.858 24958 24958 I ViewRootImpl@7f2009b[PopupWindow:f832caa]:   fitTypes=STATUS_BARS NAVIGATION_BARS CAPTION_BAR naviIconColor=0
04-06 02:36:17.858 24958 24958 I ViewRootImpl@7f2009b[PopupWindow:f832caa]:   sfl=20000}
04-06 02:36:17.863 24958 24973 I ViewRootImpl@7f2009b[PopupWindow:f832caa]: Resizing android.view.ViewRootImpl@cfb53e4: frame = [0,88][1080,167] reportDraw = true forceLayout = false syncSeqId = 0
04-06 02:36:17.865 24958 24958 I ViewRootImpl@7f2009b[PopupWindow:f832caa]: updateBlastSurfaceIfNeeded mBlastBufferQueue=null isSameSurfaceControl=false
04-06 02:36:17.865 24958 24958 I BLASTBufferQueue: new BLASTBufferQueue, mName= ViewRootImpl@7f2009b[PopupWindow:f832caa] mNativeObject= 0xb4000070a6ebb700 sc.mNativeObject= 0xb4000070a0cf4cc0 caller= android.view.ViewRootImpl.updateBlastSurfaceIfNeeded:2909 android.view.ViewRootImpl.relayoutWindow:9847 android.view.ViewRootImpl.performTraversals:3884 android.view.ViewRootImpl.doTraversal:3116 android.view.ViewRootImpl$TraversalRunnable.run:10885 android.view.Choreographer$CallbackRecord.run:1301 android.view.Choreographer$CallbackRecord.run:1309 android.view.Choreographer.doCallbacks:923 android.view.Choreographer.doFrame:852 android.view.Choreographer$FrameDisplayEventReceiver.run:1283 
04-06 02:36:17.865 24958 24958 I BLASTBufferQueue: update, w= 1080 h= 79 mName = ViewRootImpl@7f2009b[PopupWindow:f832caa] mNativeObject= 0xb4000070a6ebb700 sc.mNativeObject= 0xb4000070a0cf4cc0 format= -3 caller= android.graphics.BLASTBufferQueue.<init>:84 android.view.ViewRootImpl.updateBlastSurfaceIfNeeded:2909 android.view.ViewRootImpl.relayoutWindow:9847 android.view.ViewRootImpl.performTraversals:3884 android.view.ViewRootImpl.doTraversal:3116 android.view.ViewRootImpl$TraversalRunnable.run:10885 
04-06 02:36:17.865 24958 24958 I ViewRootImpl@7f2009b[PopupWindow:f832caa]: Relayout returned: old=(0,88,1080,2256) new=(0,88,1080,167) req=(1080,79)0 dur=7 res=0x3 s={true 0xb4000070a6ec4800} ch=true seqId=0
04-06 02:36:17.866 24958 24958 I ViewRootImpl@7f2009b[PopupWindow:f832caa]: mThreadedRenderer.initialize() mSurface={isValid=true 0xb4000070a6ec4800} hwInitialized=true
04-06 02:36:17.866 24958 25008 D OpenGLRenderer: eglCreateWindowSurface
04-06 02:36:17.867 24958 24958 I ViewRootImpl@7f2009b[PopupWindow:f832caa]: reportNextDraw android.view.ViewRootImpl.performTraversals:4438 android.view.ViewRootImpl.doTraversal:3116 android.view.ViewRootImpl$TraversalRunnable.run:10885 android.view.Choreographer$CallbackRecord.run:1301 android.view.Choreographer$CallbackRecord.run:1309 
04-06 02:36:17.867 24958 24958 I ViewRootImpl@7f2009b[PopupWindow:f832caa]: Setup new sync id=0
04-06 02:36:17.867 24958 24958 I ViewRootImpl@7f2009b[PopupWindow:f832caa]: Setting syncFrameCallback
04-06 02:36:17.867 24958 24958 I ViewRootImpl@7f2009b[PopupWindow:f832caa]: registerCallbacksForSync syncBuffer=false
04-06 02:36:17.868 24958 25028 I ViewRootImpl@7f2009b[PopupWindow:f832caa]: Received frameDrawingCallback syncResult=0 frameNum=1.
04-06 02:36:17.868 24958 25028 I ViewRootImpl@7f2009b[PopupWindow:f832caa]: Setting up sync and frameCommitCallback
04-06 02:36:17.874 24958 25008 I BLASTBufferQueue: [ViewRootImpl@7f2009b[PopupWindow:f832caa]#1](f:0,a:0) onFrameAvailable the first frame is available
04-06 02:36:17.875 24958 25008 I ViewRootImpl@7f2009b[PopupWindow:f832caa]: Received frameCommittedCallback lastAttemptedDrawFrameNum=1 didProduceBuffer=true
04-06 02:36:17.875 24958 25008 D OpenGLRenderer: CFMS:: SetUp Pid : 24958    Tid : 25008
04-06 02:36:17.875 24958 25008 W Parcel  : Expecting binder but got null!
04-06 02:36:17.875 24958 24958 I ViewRootImpl@7f2009b[PopupWindow:f832caa]: onSyncComplete
04-06 02:36:17.876 24958 24958 I ViewRootImpl@7f2009b[PopupWindow:f832caa]: setupSync seqId=0 mSyncId=0 fn=1 caller=android.view.ViewRootImpl$$ExternalSyntheticLambda11.accept:6 android.window.SurfaceSyncer.lambda$setupSync$1$android-window-SurfaceSyncer:128 android.window.SurfaceSyncer$$ExternalSyntheticLambda1.accept:8 android.window.SurfaceSyncer$SyncSet.checkIfSyncIsComplete:382 android.window.SurfaceSyncer$SyncSet.markSyncReady:359 android.window.SurfaceSyncer.markSyncReady:151 android.view.ViewRootImpl.performTraversals:4503 
04-06 02:36:17.876 24958 24958 I ViewRootImpl@73623ee[MainActivity]: Setup new sync id=1
04-06 02:36:17.876 24958 24958 I ViewRootImpl@73623ee[MainActivity]: Setting syncFrameCallback
04-06 02:36:17.876 24958 24958 I ViewRootImpl@73623ee[MainActivity]: registerCallbacksForSync syncBuffer=false
04-06 02:36:17.877 24958 25029 I ViewRootImpl@73623ee[MainActivity]: Received frameDrawingCallback syncResult=0 frameNum=2.
04-06 02:36:17.877 24958 25029 I ViewRootImpl@73623ee[MainActivity]: Setting up sync and frameCommitCallback
04-06 02:36:17.879 24958 25008 I ViewRootImpl@73623ee[MainActivity]: Received frameCommittedCallback lastAttemptedDrawFrameNum=2 didProduceBuffer=true
04-06 02:36:17.879 24958 24958 I ViewRootImpl@73623ee[MainActivity]: onSyncComplete
04-06 02:36:17.879 24958 24958 I ViewRootImpl@73623ee[MainActivity]: setupSync seqId=0 mSyncId=1 fn=2 caller=android.view.ViewRootImpl$$ExternalSyntheticLambda11.accept:6 android.window.SurfaceSyncer.lambda$setupSync$1$android-window-SurfaceSyncer:128 android.window.SurfaceSyncer$$ExternalSyntheticLambda1.accept:8 android.window.SurfaceSyncer$SyncSet.checkIfSyncIsComplete:382 android.window.SurfaceSyncer$SyncSet.markSyncReady:359 android.window.SurfaceSyncer.markSyncReady:151 android.view.ViewRootImpl.performTraversals:4503 
04-06 02:36:17.879 24958 24958 I ViewRootImpl@73623ee[MainActivity]: reportDrawFinished seqId=0 mSyncId=-1 fn=2 mSurfaceChangedTransaction=0xb4000070a6e33b00
04-06 02:36:17.879 24958 24958 I ViewRootImpl@7f2009b[PopupWindow:f832caa]: reportDrawFinished seqId=0 mSyncId=-1 fn=1 mSurfaceChangedTransaction=0xb4000070a6ef8300
04-06 02:36:17.880 24958 24958 I ViewRootImpl@73623ee[MainActivity]: MSG_WINDOW_FOCUS_CHANGED 1 0
04-06 02:36:17.880 24958 24958 I ViewRootImpl@73623ee[MainActivity]: mThreadedRenderer.initializeIfNeeded()#2 mSurface={isValid=true 0xb4000070a6ec2000}
04-06 02:36:17.880 24958 24958 W unknown:BridgelessReact: ReactHost{0}.raiseSoftException(onWindowFocusChange(hasFocus = "true")): Tried to access onWindowFocusChange while context is not ready
04-06 02:36:17.881 24958 24958 E unknown:ReactHost: Unhandled SoftException
04-06 02:36:17.881 24958 24958 E unknown:ReactHost: com.facebook.react.bridge.ReactNoCrashSoftException: raiseSoftException(onWindowFocusChange(hasFocus = "true")): Tried to access onWindowFocusChange while context is not ready
04-06 02:36:17.881 24958 24958 E unknown:ReactHost: 	at com.facebook.react.runtime.ReactHostImpl.raiseSoftException(ReactHostImpl.kt:861)
04-06 02:36:17.881 24958 24958 E unknown:ReactHost: 	at com.facebook.react.runtime.ReactHostImpl.raiseSoftException$default(ReactHostImpl.kt:852)
04-06 02:36:17.881 24958 24958 E unknown:ReactHost: 	at com.facebook.react.runtime.ReactHostImpl.onWindowFocusChange(ReactHostImpl.kt:625)
04-06 02:36:17.881 24958 24958 E unknown:ReactHost: 	at com.facebook.react.ReactDelegate.onWindowFocusChanged(ReactDelegate.kt:232)
04-06 02:36:17.881 24958 24958 E unknown:ReactHost: 	at com.facebook.react.ReactActivityDelegate.onWindowFocusChanged(ReactActivityDelegate.java:237)
04-06 02:36:17.881 24958 24958 E unknown:ReactHost: 	at expo.modules.ReactActivityDelegateWrapper$onWindowFocusChanged$1.invokeSuspend(ReactActivityDelegateWrapper.kt:320)
04-06 02:36:17.881 24958 24958 E unknown:ReactHost: 	at expo.modules.ReactActivityDelegateWrapper$onWindowFocusChanged$1.invoke(Unknown Source:8)
04-06 02:36:17.881 24958 24958 E unknown:ReactHost: 	at expo.modules.ReactActivityDelegateWrapper$onWindowFocusChanged$1.invoke(Unknown Source:4)
04-06 02:36:17.881 24958 24958 E unknown:ReactHost: 	at expo.modules.ReactActivityDelegateWrapper$launchLifecycleScopeWithLock$1.invokeSuspend(ReactActivityDelegateWrapper.kt:452)
04-06 02:36:17.881 24958 24958 E unknown:ReactHost: 	at kotlin.coroutines.jvm.internal.BaseContinuationImpl.resumeWith(ContinuationImpl.kt:33)
04-06 02:36:17.881 24958 24958 E unknown:ReactHost: 	at kotlinx.coroutines.internal.DispatchedContinuationKt.resumeCancellableWith(DispatchedContinuation.kt:375)
04-06 02:36:17.881 24958 24958 E unknown:ReactHost: 	at kotlinx.coroutines.intrinsics.CancellableKt.startCoroutineCancellable(Cancellable.kt:26)
04-06 02:36:17.881 24958 24958 E unknown:ReactHost: 	at kotlinx.coroutines.CoroutineStart.invoke(CoroutineStart.kt:358)
04-06 02:36:17.881 24958 24958 E unknown:ReactHost: 	at kotlinx.coroutines.AbstractCoroutine.start(AbstractCoroutine.kt:134)
04-06 02:36:17.881 24958 24958 E unknown:ReactHost: 	at kotlinx.coroutines.BuildersKt__Builders_commonKt.launch(Builders.common.kt:53)
04-06 02:36:17.881 24958 24958 E unknown:ReactHost: 	at kotlinx.coroutines.BuildersKt.launch(Unknown Source:1)
04-06 02:36:17.881 24958 24958 E unknown:ReactHost: 	at kotlinx.coroutines.BuildersKt__Builders_commonKt.launch$default(Builders.common.kt:44)
04-06 02:36:17.881 24958 24958 E unknown:ReactHost: 	at kotlinx.coroutines.BuildersKt.launch$default(Unknown Source:1)
04-06 02:36:17.881 24958 24958 E unknown:ReactHost: 	at expo.modules.ReactActivityDelegateWrapper.launchLifecycleScopeWithLock(ReactActivityDelegateWrapper.kt:450)
04-06 02:36:17.881 24958 24958 E unknown:ReactHost: 	at expo.modules.ReactActivityDelegateWrapper.launchLifecycleScopeWithLock$default(ReactActivityDelegateWrapper.kt:446)
04-06 02:36:17.881 24958 24958 E unknown:ReactHost: 	at expo.modules.ReactActivityDelegateWrapper.onWindowFocusChanged(ReactActivityDelegateWrapper.kt:318)
04-06 02:36:17.881 24958 24958 E unknown:ReactHost: 	at com.facebook.react.ReactActivity.onWindowFocusChanged(ReactActivity.java:158)
04-06 02:36:17.881 24958 24958 E unknown:ReactHost: 	at androidx.appcompat.view.WindowCallbackWrapper.onWindowFocusChanged(WindowCallbackWrapper.java:124)
04-06 02:36:17.881 24958 24958 E unknown:ReactHost: 	at com.android.internal.policy.DecorView.onWindowFocusChanged(DecorView.java:2710)
04-06 02:36:17.881 24958 24958 E unknown:ReactHost: 	at android.view.View.dispatchWindowFocusChanged(View.java:15817)
04-06 02:36:17.881 24958 24958 E unknown:ReactHost: 	at android.view.ViewGroup.dispatchWindowFocusChanged(ViewGroup.java:1512)
04-06 02:36:17.881 24958 24958 E unknown:ReactHost: 	at android.view.ViewRootImpl.handleWindowFocusChanged(ViewRootImpl.java:4678)
04-06 02:36:17.881 24958 24958 E unknown:ReactHost: 	at android.view.ViewRootImpl.-$$Nest$mhandleWindowFocusChanged(Unknown Source:0)
04-06 02:36:17.881 24958 24958 E unknown:ReactHost: 	at android.view.ViewRootImpl$ViewRootHandler.handleMessageImpl(ViewRootImpl.java:6788)
04-06 02:36:17.881 24958 24958 E unknown:ReactHost: 	at android.view.ViewRootImpl$ViewRootHandler.handleMessage(ViewRootImpl.java:6697)
04-06 02:36:17.881 24958 24958 E unknown:ReactHost: 	at android.os.Handler.dispatchMessage(Handler.java:106)
04-06 02:36:17.881 24958 24958 E unknown:ReactHost: 	at android.os.Looper.loopOnce(Looper.java:226)
04-06 02:36:17.881 24958 24958 E unknown:ReactHost: 	at android.os.Looper.loop(Looper.java:313)
04-06 02:36:17.881 24958 24958 E unknown:ReactHost: 	at android.app.ActivityThread.main(ActivityThread.java:8762)
04-06 02:36:17.881 24958 24958 E unknown:ReactHost: 	at java.lang.reflect.Method.invoke(Native Method)
04-06 02:36:17.881 24958 24958 E unknown:ReactHost: 	at com.android.internal.os.RuntimeInit$MethodAndArgsCaller.run(RuntimeInit.java:604)
04-06 02:36:17.881 24958 24958 E unknown:ReactHost: 	at com.android.internal.os.ZygoteInit.main(ZygoteInit.java:1067)
04-06 02:36:17.881 24958 24958 D InputMethodManager: startInputInner - Id : 0
04-06 02:36:17.882 24958 24958 I InputMethodManager: startInputInner - mService.startInputOrWindowGainedFocus
04-06 02:36:17.885 24958 24958 I ViewRootImpl@7f2009b[PopupWindow:f832caa]: handleResized, msg = 5 frames=ClientWindowFrames{frame=[0,88][1080,167] display=[0,88][1080,2256] parentFrame=[0,0][0,0] parentClippedByDisplayCutout=false} forceNextWindowRelayout=false displayId=0 resizeMode=-1 frameChanged=false displayFrameChanged=false configChanged=false displayChanged=false
04-06 02:36:17.885 24958 24958 I ViewRootImpl@7f2009b[PopupWindow:f832caa]: handleResized mSyncSeqId = 0
04-06 02:36:17.886 24958 24958 I ViewRootImpl@7f2009b[PopupWindow:f832caa]: reportNextDraw android.view.ViewRootImpl.handleResized:2450 android.view.ViewRootImpl.-$$Nest$mhandleResized:0 android.view.ViewRootImpl$ViewRootHandler.handleMessageImpl:6728 android.view.ViewRootImpl$ViewRootHandler.handleMessage:6697 android.os.Handler.dispatchMessage:106 
04-06 02:36:17.887 24958 24958 D InputMethodManager: startInputInner - Id : 0
04-06 02:36:17.893 24958 24958 I ViewRootImpl@7f2009b[PopupWindow:f832caa]: Setup new sync id=1
04-06 02:36:17.893 24958 24958 I ViewRootImpl@7f2009b[PopupWindow:f832caa]: Setting syncFrameCallback
04-06 02:36:17.893 24958 24958 I ViewRootImpl@7f2009b[PopupWindow:f832caa]: registerCallbacksForSync syncBuffer=false
04-06 02:36:17.895 24958 25028 I ViewRootImpl@7f2009b[PopupWindow:f832caa]: Received frameDrawingCallback syncResult=0 frameNum=3.
04-06 02:36:17.895 24958 25028 I ViewRootImpl@7f2009b[PopupWindow:f832caa]: Setting up sync and frameCommitCallback
04-06 02:36:17.900 24958 25008 I ViewRootImpl@7f2009b[PopupWindow:f832caa]: Received frameCommittedCallback lastAttemptedDrawFrameNum=3 didProduceBuffer=true
04-06 02:36:17.900 24958 24958 I ViewRootImpl@7f2009b[PopupWindow:f832caa]: onSyncComplete
04-06 02:36:17.900 24958 24958 I ViewRootImpl@7f2009b[PopupWindow:f832caa]: setupSync seqId=0 mSyncId=1 fn=3 caller=android.view.ViewRootImpl$$ExternalSyntheticLambda11.accept:6 android.window.SurfaceSyncer.lambda$setupSync$1$android-window-SurfaceSyncer:128 android.window.SurfaceSyncer$$ExternalSyntheticLambda1.accept:8 android.window.SurfaceSyncer$SyncSet.checkIfSyncIsComplete:382 android.window.SurfaceSyncer$SyncSet.markSyncReady:359 android.window.SurfaceSyncer.markSyncReady:151 android.view.ViewRootImpl.performTraversals:4503 
04-06 02:36:17.900 24958 24958 I ViewRootImpl@7f2009b[PopupWindow:f832caa]: reportDrawFinished seqId=0 mSyncId=-1 fn=3 mSurfaceChangedTransaction=0xb4000070a6ef8300
04-06 02:36:18.143 24958 24958 D InsetsController: cancelAnimation of types: 1, animType: 0, host: com.evolucao.app/com.evolucao.app.MainActivity, from:android.view.InsetsController.notifyFinished:1375 android.view.InsetsAnimationThreadControlRunner$1.lambda$notifyFinished$0$android-view-InsetsAnimationThreadControlRunner$1:84 android.view.InsetsAnimationThreadControlRunner$1$$ExternalSyntheticLambda1.run:4 
04-06 02:36:18.143 24958 24958 D InsetsSourceConsumer: ensureControlPosition: Point(0, 0) for ITYPE_STATUS_BAR on com.evolucao.app/com.evolucao.app.MainActivity from android.view.InsetsSourceConsumer.notifyAnimationFinished:419
04-06 02:36:18.159 24958 25029 I ViewRootImpl@73623ee[MainActivity]: mWNT: t=0xb4000070a6fd5e00 mBlastBufferQueue=0xb4000070c2c34c00 fn= 3 caller= android.view.SyncRtSurfaceTransactionApplier.applyTransaction:96 android.view.SyncRtSurfaceTransactionApplier.lambda$scheduleApply$0$android-view-SyncRtSurfaceTransactionApplier:69 android.view.SyncRtSurfaceTransactionApplier$$ExternalSyntheticLambda0.onFrameDraw:4 
04-06 02:36:18.177 24958 25008 D OpenGLRenderer: setSurface called with nullptr
04-06 02:36:18.177 24958 25008 D OpenGLRenderer: setSurface() destroyed EGLSurface
04-06 02:36:18.177 24958 25008 D OpenGLRenderer: destroyEglSurface
04-06 02:36:18.177 24958 25025 D Detox.RNMarker: DOWNLOAD_END ({"url":"http:\/\/localhost:8081\/.expo\/.virtual-metro-entry.bundle?platform=android&dev=true&lazy=true&minify=false&app=com.evolucao.app&modulesOnly=false&runModule=true&excludeSource=true&sourcePaths=url-server","filesChangedCount":0})
04-06 02:36:18.177 24958 25025 W unknown:BridgelessReact: ReactHost{0}.loadJSBundleFromMetro(): Creating BundleLoader
04-06 02:36:18.178 24958 24958 I ViewRootImpl@7f2009b[PopupWindow:f832caa]: dispatchDetachedFromWindow
04-06 02:36:18.179 24958 25024 W unknown:BridgelessReact: ReactHost{0}.getOrCreateReactInstanceTask(): Creating BridgelessReactContext
04-06 02:36:18.180 24958 24958 D InputTransport: Input channel destroyed: '49730c9', fd=119
04-06 02:36:18.181 24958 25024 W unknown:BridgelessReact: ReactHost{0}.getOrCreateReactInstanceTask(): Creating ReactInstance
04-06 02:36:18.189 24958 25025 D TrafficStats: tagSocket(134) with statsTag=0xffffffff, statsUid=-1
04-06 02:36:18.192 24958 25024 D jni_lib_merge: Entering merged library JNI_OnLoad.
04-06 02:36:18.192 24958 25024 D jni_lib_merge: Preparing 4 pre-merged libs (including stub)
04-06 02:36:18.192 24958 25024 D jni_lib_merge: Preparing to register libhermes_executor_so.  onload_func: 0x7025f2ffa4
04-06 02:36:18.192 24958 25024 D jni_lib_merge: Preparing to register libhermesinstancejni_so.  onload_func: 0x7025f698b4
04-06 02:36:18.192 24958 25024 D jni_lib_merge: Preparing to register libjsijniprofiler_so.  onload_func: 0x7025f6b8f8
04-06 02:36:18.192 24958 25024 D jni_lib_merge: About to register 3 actual methods.
04-06 02:36:18.293 24958 25024 I ExpoModulesCore: ✅ AppContext was initialized
04-06 02:36:18.323 24958 25024 W unknown:BridgelessReact: ReactHost{0}.getOrCreateReactInstanceTask(): Loading JS Bundle
04-06 02:36:18.323 24958 25024 W unknown:BridgelessReact: ReactHost{0}.getOrCreateReactInstanceTask(): DevSupportManager.onNewReactContextCreated()
04-06 02:36:18.323 24958 25042 D Detox.RNMarker: RUN_JS_BUNDLE_START (/.virtual-metro-entry.bundle?platform=android&dev=true&lazy=true&minify=false&app=com.evolucao.app&modulesOnly=false&runModule=true&excludeSource=true&sourcePaths=url-server)
04-06 02:36:18.326 24958 24958 W unknown:ReactNative: Packager connection already open, nooping.
04-06 02:36:18.326 24958 24958 W unknown:BridgelessReact: ReactHost{0}.ReactContext.onHostResume()
04-06 02:36:18.326 24958 25024 W unknown:BridgelessReact: ReactHost{0}.startSurface(surfaceId = 0): Execute
04-06 02:36:18.333 24958 24958 W unknown:BridgelessReact: ReactHost{0}.getOrCreateReactInstanceTask(): Executing ReactInstanceEventListeners
04-06 02:36:18.333 24958 24958 I DetoxRNLoading: Got new RN-context through listener
04-06 02:36:18.334 24958 24987 I DetoxRNIdleRes: Setting up Espresso Idling Resources for React Native
04-06 02:36:18.342 24958 24958 D DetoxRNHelpers: Native RN module resolution (class com.reactnativecommunity.asyncstorage.AsyncStorageModule): no registered module found
04-06 02:36:18.342 24958 24987 D IdlingRegistry: Registering idling resources: [com.wix.detox.reactnative.idlingresources.uimodule.fabric.FabricUIManagerIdlingResources@76f3a71]
04-06 02:36:18.342 24958 24987 D IdlingRegistry: Registering idling resources: [com.wix.detox.reactnative.idlingresources.animations.AnimatedModuleIdlingResource@2908056]
04-06 02:36:18.342 24958 24987 D IdlingRegistry: Registering idling resources: [com.wix.detox.reactnative.idlingresources.timers.FabricTimersIdlingResource@72508d7]
04-06 02:36:18.342 24958 24987 D IdlingRegistry: Registering idling resources: [com.wix.detox.reactnative.idlingresources.network.NetworkIdlingResource@c075c4]
04-06 02:36:18.342 24958 24987 D IdlingRegistry: Registering idling resources: [com.wix.detox.reactnative.idlingresources.StabilizedIdlingResource@f6c0cad]
04-06 02:36:18.368 24958 25043 W om.evolucao.app: Accessing hidden method Landroid/os/MessageQueue;->next()Landroid/os/Message; (unsupported, reflection, allowed)
04-06 02:36:18.368 24958 25043 W om.evolucao.app: Accessing hidden field Landroid/os/MessageQueue;->mMessages:Landroid/os/Message; (unsupported, reflection, allowed)
04-06 02:36:18.368 24958 25043 W om.evolucao.app: Accessing hidden method Landroid/os/Message;->recycleUnchecked()V (unsupported, reflection, allowed)
04-06 02:36:18.508 24958 24958 D DetoxRNHelpers: Native RN module resolution (class com.reactnativecommunity.asyncstorage.AsyncStorageModule): no registered module found
04-06 02:36:18.508 24958 24990 W om.evolucao.app: Long monitor contention with owner Instr: androidx.test.runner.AndroidJUnitRunner (24987) at void com.wix.detox.DetoxMain.launchActivityOnCue(android.content.Context, com.wix.detox.ActivityLaunchHelper)(DetoxMain.kt:53) waiters=0 in void com.wix.detox.DetoxMain$setupActionHandlers$SynchronizedActionHandler.handle(java.lang.String, long) for 873ms
04-06 02:36:18.576 24958 25043 I WebViewFactory: Loading com.google.android.webview version 146.0.7680.164 (code 768016403)
04-06 02:36:18.578 24958 25043 D ApplicationLoaders: Returning zygote-cached class loader: /system/framework/android.test.base.jar
04-06 02:36:18.581 24958 25043 D nativeloader: Configuring classloader-namespace for other apk /data/app/~~23ppwVuk64Fm9vdWCRWMMw==/com.google.android.webview-FPIphznatdLDx2VBYoD68A==/base.apk. target_sdk_version=36, uses_libraries=, library_path=/data/app/~~23ppwVuk64Fm9vdWCRWMMw==/com.google.android.webview-FPIphznatdLDx2VBYoD68A==/lib/arm64:/data/app/~~23ppwVuk64Fm9vdWCRWMMw==/com.google.android.webview-FPIphznatdLDx2VBYoD68A==/base.apk!/lib/arm64-v8a, permitted_path=/data:/mnt/expand
04-06 02:36:18.593 24958 25043 I cr_WVCFactoryProvider: version=146.0.7680.164 (768016403) minSdkVersion=29 multiprocess=true packageId=127 splits=<none>
04-06 02:36:18.598 24958 25060 I chromium: [0406/023618.598852:INFO:android_webview/browser/variations/variations_seed_loader.cc:67] Failed to open file for reading.: No such file or directory (2)
04-06 02:36:18.599 24958 25060 I chromium: [0406/023618.599080:INFO:android_webview/browser/variations/variations_seed_loader.cc:67] Failed to open file for reading.: No such file or directory (2)
04-06 02:36:18.603 24958 25043 I cr_LibraryLoader: Successfully loaded native library
04-06 02:36:18.604 24958 25043 I cr_CachingUmaRecorder: Flushed 16 samples from 16 histograms, 0 samples were dropped.
04-06 02:36:18.614 24958 25063 D TrafficStats: tagSocket(150) with statsTag=0xffffffff, statsUid=-1
04-06 02:36:18.617 24958 25063 D TrafficStats: tagSocket(150) with statsTag=0xffffffff, statsUid=-1
04-06 02:36:18.625 24958 25042 W BridgelessReactContext: [WARNING] Bridgeless doesn't support CatalystInstance. Accessing an API that's not part of the new architecture is not encouraged usage.
04-06 02:36:18.631 24958 25042 I ExpoModulesCore: ✅ JSI interop was installed
04-06 02:36:18.637 24958 25042 I ExpoModulesCore: ✅ Constants were exported
04-06 02:36:18.677 24958 25042 W unknown:ViewManagerPropertyUpdater: Could not find generated setter for class com.th3rdwave.safeareacontext.SafeAreaProviderManager
04-06 02:36:18.679 24958 25042 W unknown:ViewManagerPropertyUpdater: Could not find generated setter for class com.facebook.react.uimanager.LayoutShadowNode
04-06 02:36:18.681 24958 25042 W unknown:ViewManagerPropertyUpdater: Could not find generated setter for class com.swmansion.rnscreens.SearchBarManager
04-06 02:36:18.682 24958 25042 W unknown:ViewManagerPropertyUpdater: Could not find generated setter for class com.swmansion.rnscreens.ScreenFooterManager
04-06 02:36:18.682 24958 25042 W unknown:ViewManagerPropertyUpdater: Could not find generated setter for class com.swmansion.rnscreens.gamma.tabs.TabScreenViewManager
04-06 02:36:18.683 24958 25042 W unknown:ViewManagerPropertyUpdater: Could not find generated setter for class expo.modules.kotlin.views.GroupViewManagerWrapper
04-06 02:36:18.684 24958 25042 W unknown:ViewManagerPropertyUpdater: Could not find generated setter for class com.swmansion.rnscreens.ScreenContainerViewManager
04-06 02:36:18.685 24958 25042 W unknown:ViewManagerPropertyUpdater: Could not find generated setter for class com.swmansion.rnscreens.gamma.tabs.TabsHostViewManager
04-06 02:36:18.686 24958 25042 W unknown:ViewManagerPropertyUpdater: Could not find generated setter for class com.swmansion.rnscreens.ModalScreenViewManager
04-06 02:36:18.687 24958 25042 W unknown:ViewManagerPropertyUpdater: Could not find generated setter for class com.swmansion.rnscreens.ScreenStackHeaderConfigViewManager
04-06 02:36:18.688 24958 25042 W unknown:ViewManagerPropertyUpdater: Could not find generated setter for class com.swmansion.rnscreens.ScreenContentWrapperManager
04-06 02:36:18.688 24958 25042 W unknown:ViewManagerPropertyUpdater: Could not find generated setter for class com.th3rdwave.safeareacontext.SafeAreaViewManager
04-06 02:36:18.690 24958 25042 W unknown:ViewManagerPropertyUpdater: Could not find generated setter for class com.th3rdwave.safeareacontext.SafeAreaViewShadowNode
04-06 02:36:18.690 24958 25042 W unknown:ViewManagerPropertyUpdater: Could not find generated setter for class com.swmansion.rnscreens.safearea.SafeAreaViewManager
04-06 02:36:18.690 24958 25042 W unknown:ViewManagerPropertyUpdater: Could not find generated setter for class com.swmansion.rnscreens.safearea.paper.SafeAreaViewShadowNode
04-06 02:36:18.691 24958 25042 W unknown:ViewManagerPropertyUpdater: Could not find generated setter for class com.swmansion.rnscreens.ScreenViewManager
04-06 02:36:18.691 24958 25042 W unknown:ViewManagerPropertyUpdater: Could not find generated setter for class com.swmansion.rnscreens.gamma.stack.host.StackHostViewManager
04-06 02:36:18.692 24958 25042 W unknown:ViewManagerPropertyUpdater: Could not find generated setter for class com.swmansion.rnscreens.ScreenStackHeaderSubviewManager
04-06 02:36:18.692 24958 25042 W unknown:ViewManagerPropertyUpdater: Could not find generated setter for class com.swmansion.rnscreens.gamma.stack.screen.StackScreenViewManager
04-06 02:36:18.692 24958 25042 W unknown:ViewManagerPropertyUpdater: Could not find generated setter for class com.swmansion.rnscreens.ScreenStackViewManager
04-06 02:36:18.764 24958 25042 W unknown:ViewManagerPropertyUpdater: Could not find generated setter for class com.facebook.react.views.debuggingoverlay.DebuggingOverlayManager
04-06 02:36:18.768 24958 25042 W unknown:ViewManagerPropertyUpdater: Could not find generated setter for class com.swmansion.gesturehandler.react.RNGestureHandlerButtonViewManager
04-06 02:36:18.773 24958 25042 W unknown:ViewManagerPropertyUpdater: Could not find generated setter for class com.facebook.react.views.safeareaview.ReactSafeAreaViewManager
04-06 02:36:18.778 24958 25042 W unknown:ViewManagerPropertyUpdater: Could not find generated setter for class com.facebook.react.views.modal.ReactModalHostManager
04-06 02:36:18.782 24958 25042 W unknown:ViewManagerPropertyUpdater: Could not find generated setter for class com.facebook.react.views.text.frescosupport.FrescoBasedReactTextInlineImageViewManager
04-06 02:36:18.782 24958 25042 W unknown:ViewManagerPropertyUpdater: Could not find generated setter for class com.facebook.react.views.text.frescosupport.FrescoBasedReactTextInlineImageShadowNode
04-06 02:36:18.787 24958 25042 W unknown:ViewManagerPropertyUpdater: Could not find generated setter for class com.facebook.react.views.progressbar.ReactProgressBarViewManager
04-06 02:36:18.788 24958 25042 W unknown:ViewManagerPropertyUpdater: Could not find generated setter for class com.facebook.react.views.progressbar.ProgressBarShadowNode
04-06 02:36:18.793 24958 25042 W unknown:ViewManagerPropertyUpdater: Could not find generated setter for class com.facebook.react.views.scroll.ReactHorizontalScrollViewManager
04-06 02:36:18.799 24958 25042 W unknown:ViewManagerPropertyUpdater: Could not find generated setter for class com.facebook.react.views.image.ReactImageManager
04-06 02:36:18.805 24958 25042 W unknown:ViewManagerPropertyUpdater: Could not find generated setter for class com.facebook.react.views.text.ReactTextViewManager
04-06 02:36:18.806 24958 25042 W unknown:ViewManagerPropertyUpdater: Could not find generated setter for class com.facebook.react.views.text.ReactTextShadowNode
04-06 02:36:18.812 24958 25042 W unknown:ViewManagerPropertyUpdater: Could not find generated setter for class com.facebook.react.views.scroll.ReactHorizontalScrollContainerViewManager
04-06 02:36:18.817 24958 25042 W unknown:ViewManagerPropertyUpdater: Could not find generated setter for class com.facebook.react.views.unimplementedview.ReactUnimplementedViewManager
04-06 02:36:18.822 24958 25042 W unknown:ViewManagerPropertyUpdater: Could not find generated setter for class com.facebook.react.views.scroll.ReactScrollViewManager
04-06 02:36:18.827 24958 25042 W unknown:ViewManagerPropertyUpdater: Could not find generated setter for class com.facebook.react.views.view.ReactViewManager
04-06 02:36:18.833 24958 25042 W unknown:ViewManagerPropertyUpdater: Could not find generated setter for class com.facebook.react.views.drawer.ReactDrawerLayoutManager
04-06 02:36:18.838 24958 25042 W unknown:ViewManagerPropertyUpdater: Could not find generated setter for class com.facebook.react.views.switchview.ReactSwitchManager
04-06 02:36:18.839 24958 25042 W unknown:ViewManagerPropertyUpdater: Could not find generated setter for class com.facebook.react.views.switchview.ReactSwitchShadowNode
04-06 02:36:18.843 24958 25042 W unknown:ViewManagerPropertyUpdater: Could not find generated setter for class com.facebook.react.views.swiperefresh.SwipeRefreshLayoutManager
04-06 02:36:18.849 24958 25042 W unknown:ViewManagerPropertyUpdater: Could not find generated setter for class com.facebook.react.views.textinput.ReactTextInputManager
04-06 02:36:18.851 24958 25042 W unknown:ViewManagerPropertyUpdater: Could not find generated setter for class com.facebook.react.views.textinput.ReactTextInputShadowNode
04-06 02:36:18.857 24958 25042 W unknown:ViewManagerPropertyUpdater: Could not find generated setter for class com.swmansion.gesturehandler.react.RNGestureHandlerRootViewManager
04-06 02:36:18.888 24958 25063 D TrafficStats: tagSocket(152) with statsTag=0xffffffff, statsUid=-1
04-06 02:36:19.068 24958 25042 V AsyncStorageExpoMigration: No scoped database found
04-06 02:36:19.245 24958 25042 D Detox.RNMarker: RUN_JS_BUNDLE_END (/.virtual-metro-entry.bundle?platform=android&dev=true&lazy=true&minify=false&app=com.evolucao.app&modulesOnly=false&runModule=true&excludeSource=true&sourcePaths=url-server)
04-06 02:36:19.247 24958 25042 I ReactNativeJS: Running "main" with {"rootTag":1,"initialProps":{},"fabric":true}
04-06 02:36:19.326 24958 25066 D TrafficStats: tagSocket(138) with statsTag=0xffffffff, statsUid=-1
04-06 02:36:19.451 24958 24958 I DecorView: notifyKeepScreenOnChanged: keepScreenOn=true
04-06 02:36:19.468 24958 24958 D Detox.RNMarker: CONTENT_APPEARED (main)
04-06 02:36:19.472 24958 24958 I ViewRootImpl@73623ee[MainActivity]: performTraversals params={(0,0)(fillxfill) sim={adjust=resize} layoutInDisplayCutoutMode=always ty=BASE_APPLICATION wanim=0x1030309
04-06 02:36:19.472 24958 24958 I ViewRootImpl@73623ee[MainActivity]:   fl=81810180
04-06 02:36:19.472 24958 24958 I ViewRootImpl@73623ee[MainActivity]:   pfl=16020040
04-06 02:36:19.472 24958 24958 I ViewRootImpl@73623ee[MainActivity]:   vsysui=100
04-06 02:36:19.472 24958 24958 I ViewRootImpl@73623ee[MainActivity]:   bhv=DEFAULT
04-06 02:36:19.472 24958 24958 I ViewRootImpl@73623ee[MainActivity]:   fitSides= naviIconColor=0}
04-06 02:36:19.474 24958 24958 I ViewRootImpl@73623ee[MainActivity]: performTraversals mFirst=false windowShouldResize=false viewVisibilityChanged=false mForceNextWindowRelayout=false params={(0,0)(fillxfill) sim={adjust=resize} layoutInDisplayCutoutMode=always ty=BASE_APPLICATION wanim=0x1030309
04-06 02:36:19.474 24958 24958 I ViewRootImpl@73623ee[MainActivity]:   fl=81810180
04-06 02:36:19.474 24958 24958 I ViewRootImpl@73623ee[MainActivity]:   pfl=16020040
04-06 02:36:19.474 24958 24958 I ViewRootImpl@73623ee[MainActivity]:   vsysui=100
04-06 02:36:19.474 24958 24958 I ViewRootImpl@73623ee[MainActivity]:   bhv=DEFAULT
04-06 02:36:19.474 24958 24958 I ViewRootImpl@73623ee[MainActivity]:   fitSides= naviIconColor=0}
04-06 02:36:19.474 24958 25042 D Detox.RNMarker: REACT_BRIDGELESS_LOADING_END (null)
04-06 02:36:19.482 24958 24958 I ViewRootImpl@73623ee[MainActivity]: updateBlastSurfaceIfNeeded mBlastBufferQueue=0xb4000070c2c34c00 isSameSurfaceControl=true
04-06 02:36:19.483 24958 24958 I BLASTBufferQueue: update, w= 1080 h= 2400 mName = ViewRootImpl@73623ee[MainActivity] mNativeObject= 0xb4000070c2c34c00 sc.mNativeObject= 0xb4000070a0cf8140 format= -1 caller= android.view.ViewRootImpl.updateBlastSurfaceIfNeeded:2898 android.view.ViewRootImpl.relayoutWindow:9847 android.view.ViewRootImpl.performTraversals:3884 android.view.ViewRootImpl.doTraversal:3116 android.view.ViewRootImpl$TraversalRunnable.run:10885 android.view.Choreographer$CallbackRecord.run:1301 
04-06 02:36:19.483 24958 25042 I ReactNativeJS: '[ANALYTICS]', 'app_opened', { event: 'app_opened',
04-06 02:36:19.483 24958 25042 I ReactNativeJS:   eventId: '1775453779477_0ecf235406b0b4',
04-06 02:36:19.483 24958 25042 I ReactNativeJS:   appVersion: '1.0.0',
04-06 02:36:19.483 24958 25042 I ReactNativeJS:   category: 'engagement',
04-06 02:36:19.483 24958 25042 I ReactNativeJS:   userId: 'anonymous',
04-06 02:36:19.483 24958 25042 I ReactNativeJS:   timestamp: 1775453779477,
04-06 02:36:19.483 24958 25042 I ReactNativeJS:   timestampIso: '2026-04-06T05:36:19.477Z',
04-06 02:36:19.483 24958 25042 I ReactNativeJS:   screen: 'App',
04-06 02:36:19.483 24958 25042 I ReactNativeJS:   sessionId: 'session-1775453779464-f862969d8984a',
04-06 02:36:19.483 24958 25042 I ReactNativeJS:   flowId: 'session-1775453779464-f862969d8984a',
04-06 02:36:19.483 24958 25042 I ReactNativeJS:   meta: 
04-06 02:36:19.483 24958 25042 I ReactNativeJS:    { domain: 'engagement',
04-06 02:36:19.483 24958 25042 I ReactNativeJS:      version: 1,
04-06 02:36:19.483 24958 25042 I ReactNativeJS:      dayKey: '2026-04-06',
04-06 02:36:19.483 24958 25042 I ReactNativeJS:      isFirstOpenOfDay: true,
04-06 02:36:19.483 24958 25042 I ReactNativeJS:      category: 'engagement' } }
04-06 02:36:19.483 24958 24958 I ViewRootImpl@73623ee[MainActivity]: Relayout returned: old=(0,0,1080,2400) new=(0,0,1080,2400) req=(1080,2400)0 dur=8 res=0x0 s={true 0xb4000070a6ec2000} ch=false seqId=0
04-06 02:36:19.712 24958 24966 I om.evolucao.app: Compiler allocated 4177KB to compile void android.widget.TextView.<init>(android.content.Context, android.util.AttributeSet, int, int)
04-06 02:36:19.716 24958 24958 D CompatibilityChangeReporter: Compat change id reported: 171228096; UID 10429; state: ENABLED
04-06 02:36:19.722 24958 24958 D ScrollView: initGoToTop
04-06 02:36:19.722 24958 24958 W om.evolucao.app: Accessing hidden field Landroid/widget/ScrollView;->mScroller:Landroid/widget/OverScroller; (unsupported, reflection, allowed)
04-06 02:36:19.738 24958 24958 W [RNScreens]: backTitleFontFamily prop is not available on Android
04-06 02:36:19.738 24958 24958 W [RNScreens]: disableBackButtonMenu prop is not available on Android
04-06 02:36:19.738 24958 24958 W [RNScreens]: backTitleVisible prop is not available on Android
04-06 02:36:19.738 24958 24958 W [RNScreens]: topInsetEnabled prop is not available on Android
04-06 02:36:19.738 24958 24958 W [RNScreens]: largeTitleHideShadow prop is not available on Android
04-06 02:36:19.738 24958 24958 W [RNScreens]: largeTitleFontWeight prop is not available on Android
04-06 02:36:19.738 24958 24958 W [RNScreens]: userInterfaceStyle prop is not available on Android
04-06 02:36:19.738 24958 24958 W [RNScreens]: largeTitleFontFamily prop is not available on Android
04-06 02:36:19.770 24958 25008 D OpenGLRenderer: setSurface called with nullptr
04-06 02:36:21.006 24958 24958 W UiControllerImpl: Waiting for: DYNAMIC_TASKS_HAVE_IDLED for 300 iterations.
04-06 02:36:22.214 24958 24958 W UiControllerImpl: Waiting for: DYNAMIC_TASKS_HAVE_IDLED for 400 iterations.
04-06 02:36:22.319 24958 25070 D ProfileInstaller: Installing profile for com.evolucao.app
04-06 02:36:23.407 24958 24958 W UiControllerImpl: Waiting for: DYNAMIC_TASKS_HAVE_IDLED for 500 iterations.
04-06 02:36:23.521 24958 24958 I Detox   : Wait is over: App is now idle!
04-06 02:36:23.521 24958 24990 I DetoxWSClient: Sending out action 'ready' (ID #-1000)
04-06 02:36:23.523 24958 24990 I DetoxDispatcher: Done with action 'isReady'
04-06 02:36:23.530 24958 24994 D DetoxWSClient: Received action 'invoke' (ID #1, params={"target":{"type":"Class","value":"com.wix.detox.espresso.EspressoDetox"},"method":"setSynchronization","args":[{"type":"boolean","value":false}]})
04-06 02:36:23.530 24958 24990 I DetoxDispatcher: Handling action 'invoke' (ID #1)...
04-06 02:36:23.544 24958 24990 D Detox   : class com.wix.detox.espresso.EspressoDetox, setSynchronization, [false]
04-06 02:36:23.558 24958 24990 D IdlingRegistry: Unregistering idling resources: [com.wix.detox.reactnative.idlingresources.timers.FabricTimersIdlingResource@72508d7]
04-06 02:36:23.560 24958 24990 D IdlingRegistry: Unregistering idling resources: [com.wix.detox.reactnative.idlingresources.StabilizedIdlingResource@f6c0cad]
04-06 02:36:23.560 24958 24990 D IdlingRegistry: Unregistering idling resources: [com.wix.detox.reactnative.idlingresources.uimodule.fabric.FabricUIManagerIdlingResources@76f3a71]
04-06 02:36:23.561 24958 24990 D IdlingRegistry: Unregistering idling resources: [com.wix.detox.reactnative.idlingresources.animations.AnimatedModuleIdlingResource@2908056]
04-06 02:36:23.561 24958 24990 D IdlingRegistry: Unregistering idling resources: [com.wix.detox.reactnative.idlingresources.network.NetworkIdlingResource@c075c4]
04-06 02:36:23.561 24958 24990 I DetoxWSClient: Sending out action 'invokeResult' (ID #1)
04-06 02:36:23.562 24958 24990 I DetoxDispatcher: Done with action 'invoke'
04-06 02:36:23.568 24958 24994 D DetoxWSClient: Received action 'invoke' (ID #2, params={"target":{"type":"Class","value":"com.wix.detox.espresso.DetoxAssertion"},"method":"waitForAssertMatcher","args":[{"type":"Invocation","value":{"target":{"type":"Class","value":"androidx.test.espresso.Espresso"},"method":"onView","args":[{"type":"Invocation","value":{"target":{"type":"Class","value":"com.wix.detox.espresso.DetoxMatcher"},"method":"matcherForText","args":["Questionario Inteligente",{"type":"boolean","value":false}]}}]}},{"type":"Invocation","value":{"target":{"type":"Class","value":"com.wix.detox.espresso.DetoxMatcher"},"method":"matcherForSufficientlyVisible","args":[{"type":"Integer","value":75}]}},{"type":"Double","value":4}]})
04-06 02:36:23.568 24958 24990 I DetoxDispatcher: Handling action 'invoke' (ID #2)...
04-06 02:36:23.569 24958 24990 D Detox   : class com.wix.detox.espresso.DetoxMatcher, matcherForText, [Questionario Inteligente, false]
04-06 02:36:23.570 24958 24990 D Detox   : class androidx.test.espresso.Espresso, onView, [(an instance of android.widget.TextView and view.getText() with or without transformation to match: is "Questionario Inteligente" and view has effective visibility <VISIBLE>)]
04-06 02:36:23.572 24958 24990 D Detox   : class com.wix.detox.espresso.DetoxMatcher, matcherForSufficientlyVisible, [75]
04-06 02:36:23.573 24958 24990 D Detox   : class com.wix.detox.espresso.DetoxAssertion, waitForAssertMatcher, [androidx.test.espresso.ViewInteraction@736e3c6, (view has effective visibility <VISIBLE> and view.getGlobalVisibleRect() covers at least <75> percent of the view's area), 4.0]
04-06 02:36:23.590 24958 24958 I ViewInteraction: Checking 'MatchesViewAssertion(Detox){viewMatcher=(view has effective visibility <VISIBLE> and view.getGlobalVisibleRect() covers at least <75> percent of the view's area)}' assertion on view (an instance of android.widget.TextView and view.getText() with or without transformation to match: is "Questionario Inteligente" and view has effective visibility <VISIBLE>)
04-06 02:36:23.597 24958 24990 I DetoxWSClient: Sending out action 'invokeResult' (ID #2)
04-06 02:36:23.598 24958 24990 I DetoxDispatcher: Done with action 'invoke'
04-06 02:36:23.602 24958 24994 D DetoxWSClient: Received action 'invoke' (ID #3, params={"target":{"type":"Class","value":"com.wix.detox.espresso.DetoxAssertion"},"method":"waitForAssertMatcher","args":[{"type":"Invocation","value":{"target":{"type":"Class","value":"androidx.test.espresso.Espresso"},"method":"onView","args":[{"type":"Invocation","value":{"target":{"type":"Class","value":"com.wix.detox.espresso.DetoxMatcher"},"method":"matcherForTestId","args":["btn-questionario-continuar",{"type":"boolean","value":false}]}}]}},{"type":"Invocation","value":{"target":{"type":"Class","value":"com.wix.detox.espresso.DetoxMatcher"},"method":"matcherForSufficientlyVisible","args":[{"type":"Integer","value":75}]}},{"type":"Double","value":10}]})
04-06 02:36:23.603 24958 24990 I DetoxDispatcher: Handling action 'invoke' (ID #3)...
04-06 02:36:23.603 24958 24990 D Detox   : class com.wix.detox.espresso.DetoxMatcher, matcherForTestId, [btn-questionario-continuar, false]
04-06 02:36:23.604 24958 24990 D Detox   : class androidx.test.espresso.Espresso, onView, [(view.getTag() is "btn-questionario-continuar" and view has effective visibility <VISIBLE>)]
04-06 02:36:23.605 24958 24990 D Detox   : class com.wix.detox.espresso.DetoxMatcher, matcherForSufficientlyVisible, [75]
04-06 02:36:23.605 24958 24990 D Detox   : class com.wix.detox.espresso.DetoxAssertion, waitForAssertMatcher, [androidx.test.espresso.ViewInteraction@6ad7652, (view has effective visibility <VISIBLE> and view.getGlobalVisibleRect() covers at least <75> percent of the view's area), 10.0]
04-06 02:36:23.607 24958 24958 I ViewInteraction: Checking 'MatchesViewAssertion(Detox){viewMatcher=(view has effective visibility <VISIBLE> and view.getGlobalVisibleRect() covers at least <75> percent of the view's area)}' assertion on view (view.getTag() is "btn-questionario-continuar" and view has effective visibility <VISIBLE>)
04-06 02:36:23.610 24958 24990 I DetoxWSClient: Sending out action 'invokeResult' (ID #3)
04-06 02:36:23.610 24958 24990 I DetoxDispatcher: Done with action 'invoke'
04-06 02:36:23.614 24958 24994 D DetoxWSClient: Received action 'invoke' (ID #4, params={"target":{"type":"Class","value":"com.wix.detox.espresso.DetoxAssertion"},"method":"waitForAssertMatcher","args":[{"type":"Invocation","value":{"target":{"type":"Class","value":"androidx.test.espresso.Espresso"},"method":"onView","args":[{"type":"Invocation","value":{"target":{"type":"Class","value":"com.wix.detox.espresso.DetoxMatcher"},"method":"matcherForTestId","args":["btn-questionario-continuar",{"type":"boolean","value":false}]}}]}},{"type":"Invocation","value":{"target":{"type":"Class","value":"com.wix.detox.espresso.DetoxMatcher"},"method":"matcherForSufficientlyVisible","args":[{"type":"Integer","value":75}]}},{"type":"Double","value":0.6}]})
04-06 02:36:23.614 24958 24990 I DetoxDispatcher: Handling action 'invoke' (ID #4)...
04-06 02:36:23.614 24958 24990 D Detox   : class com.wix.detox.espresso.DetoxMatcher, matcherForTestId, [btn-questionario-continuar, false]
04-06 02:36:23.615 24958 24990 D Detox   : class androidx.test.espresso.Espresso, onView, [(view.getTag() is "btn-questionario-continuar" and view has effective visibility <VISIBLE>)]
04-06 02:36:23.616 24958 24990 D Detox   : class com.wix.detox.espresso.DetoxMatcher, matcherForSufficientlyVisible, [75]
04-06 02:36:23.616 24958 24990 D Detox   : class com.wix.detox.espresso.DetoxAssertion, waitForAssertMatcher, [androidx.test.espresso.ViewInteraction@89707d9, (view has effective visibility <VISIBLE> and view.getGlobalVisibleRect() covers at least <75> percent of the view's area), 0.6]
04-06 02:36:23.618 24958 24958 I ViewInteraction: Checking 'MatchesViewAssertion(Detox){viewMatcher=(view has effective visibility <VISIBLE> and view.getGlobalVisibleRect() covers at least <75> percent of the view's area)}' assertion on view (view.getTag() is "btn-questionario-continuar" and view has effective visibility <VISIBLE>)
04-06 02:36:23.620 24958 24990 I DetoxWSClient: Sending out action 'invokeResult' (ID #4)
04-06 02:36:23.621 24958 24990 I DetoxDispatcher: Done with action 'invoke'
04-06 02:36:23.625 24958 24994 D DetoxWSClient: Received action 'invoke' (ID #5, params={"target":{"type":"Class","value":"com.wix.detox.espresso.EspressoDetox"},"method":"perform","args":[{"type":"Invocation","value":{"target":{"type":"Class","value":"com.wix.detox.espresso.DetoxMatcher"},"method":"matcherForAtIndex","args":[{"type":"Integer","value":0},{"type":"Invocation","value":{"target":{"type":"Class","value":"com.wix.detox.espresso.DetoxMatcher"},"method":"matcherForClass","args":["com.facebook.react.views.scroll.ReactScrollView"]}}]}},{"type":"Invocation","value":{"target":{"type":"Class","value":"com.wix.detox.espresso.DetoxAction"},"method":"swipeInDirection","args":[{"type":"Integer","value":3},{"type":"boolean","value":true},{"type":"Double","value":0.25},{"type":"Double","value":null},{"type":"Double","value":null}]}}]})
04-06 02:36:23.625 24958 24990 I DetoxDispatcher: Handling action 'invoke' (ID #5)...
04-06 02:36:23.626 24958 24990 D Detox   : class com.wix.detox.espresso.DetoxMatcher, matcherForClass, [com.facebook.react.views.scroll.ReactScrollView]
04-06 02:36:23.626 24958 24990 D Detox   : class com.wix.detox.espresso.DetoxMatcher, matcherForAtIndex, [0, (is assignable from class: class com.facebook.react.views.scroll.ReactScrollView and view has effective visibility <VISIBLE>)]
04-06 02:36:23.627 24958 24990 D Detox   : class com.wix.detox.espresso.DetoxAction, swipeInDirection, [3, true, 0.25, NaN, NaN]
04-06 02:36:23.630 24958 24990 D Detox   : class com.wix.detox.espresso.EspressoDetox, perform, [View at index #0, of those matching MATCHER(is assignable from class: class com.facebook.react.views.scroll.ReactScrollView and view has effective visibility <VISIBLE>), androidx.test.espresso.action.GeneralSwipeAction@788a59e]
04-06 02:36:23.633 24958 24958 I ViewInteraction: Performing 'fast swipe' action on view View at index #0, of those matching MATCHER(is assignable from class: class com.facebook.react.views.scroll.ReactScrollView and view has effective visibility <VISIBLE>)
04-06 02:36:23.639 24958 25079 W om.evolucao.app: Accessing hidden method Landroid/hardware/input/InputManager;->injectInputEvent(Landroid/view/InputEvent;I)Z (unsupported, reflection, allowed)
04-06 02:36:23.642 24958 24958 I ViewRootImpl@73623ee[MainActivity]: ViewPostIme pointer 0
04-06 02:36:23.805 24958 24958 I ViewRootImpl@73623ee[MainActivity]: ViewPostIme pointer 1
04-06 02:36:23.895 24958 24990 I DetoxWSClient: Sending out action 'invokeResult' (ID #5)
04-06 02:36:23.895 24958 24990 I DetoxDispatcher: Done with action 'invoke'
04-06 02:36:23.900 24958 24994 D DetoxWSClient: Received action 'invoke' (ID #6, params={"target":{"type":"Class","value":"com.wix.detox.espresso.EspressoDetox"},"method":"perform","args":[{"type":"Invocation","value":{"target":{"type":"Class","value":"com.wix.detox.espresso.DetoxMatcher"},"method":"matcherForTestId","args":["btn-questionario-continuar",{"type":"boolean","value":false}]}},{"type":"Invocation","value":{"target":{"type":"Class","value":"com.wix.detox.espresso.DetoxAction"},"method":"tapAtLocation","args":[{"type":"Integer","value":30},{"type":"Integer","value":18}]}}]})
04-06 02:36:23.900 24958 24990 I DetoxDispatcher: Handling action 'invoke' (ID #6)...
04-06 02:36:23.901 24958 24990 D Detox   : class com.wix.detox.espresso.DetoxMatcher, matcherForTestId, [btn-questionario-continuar, false]
04-06 02:36:23.901 24958 24990 D Detox   : class com.wix.detox.espresso.DetoxAction, tapAtLocation, [30, 18]
04-06 02:36:23.903 24958 24990 W om.evolucao.app: Accessing hidden method Landroid/view/ViewConfiguration;->getDoubleTapMinTime()I (unsupported, reflection, allowed)
