04-06 02:36:58.342 25563 25563 W unknown:BridgelessReact: ReactHost{0}.raiseSoftException(onWindowFocusChange(hasFocus = "true")): Tried to access onWindowFocusChange while context is not ready
04-06 02:36:58.343 25563 25563 E unknown:ReactHost: Unhandled SoftException
04-06 02:36:58.343 25563 25563 E unknown:ReactHost: com.facebook.react.bridge.ReactNoCrashSoftException: raiseSoftException(onWindowFocusChange(hasFocus = "true")): Tried to access onWindowFocusChange while context is not ready
04-06 02:36:58.343 25563 25563 E unknown:ReactHost: 	at com.facebook.react.runtime.ReactHostImpl.raiseSoftException(ReactHostImpl.kt:861)
04-06 02:36:58.343 25563 25563 E unknown:ReactHost: 	at com.facebook.react.runtime.ReactHostImpl.raiseSoftException$default(ReactHostImpl.kt:852)
04-06 02:36:58.343 25563 25563 E unknown:ReactHost: 	at com.facebook.react.runtime.ReactHostImpl.onWindowFocusChange(ReactHostImpl.kt:625)
04-06 02:36:58.343 25563 25563 E unknown:ReactHost: 	at com.facebook.react.ReactDelegate.onWindowFocusChanged(ReactDelegate.kt:232)
04-06 02:36:58.343 25563 25563 E unknown:ReactHost: 	at com.facebook.react.ReactActivityDelegate.onWindowFocusChanged(ReactActivityDelegate.java:237)
04-06 02:36:58.343 25563 25563 E unknown:ReactHost: 	at expo.modules.ReactActivityDelegateWrapper$onWindowFocusChanged$1.invokeSuspend(ReactActivityDelegateWrapper.kt:320)
04-06 02:36:58.343 25563 25563 E unknown:ReactHost: 	at expo.modules.ReactActivityDelegateWrapper$onWindowFocusChanged$1.invoke(Unknown Source:8)
04-06 02:36:58.343 25563 25563 E unknown:ReactHost: 	at expo.modules.ReactActivityDelegateWrapper$onWindowFocusChanged$1.invoke(Unknown Source:4)
04-06 02:36:58.343 25563 25563 E unknown:ReactHost: 	at expo.modules.ReactActivityDelegateWrapper$launchLifecycleScopeWithLock$1.invokeSuspend(ReactActivityDelegateWrapper.kt:452)
04-06 02:36:58.343 25563 25563 E unknown:ReactHost: 	at kotlin.coroutines.jvm.internal.BaseContinuationImpl.resumeWith(ContinuationImpl.kt:33)
04-06 02:36:58.343 25563 25563 E unknown:ReactHost: 	at kotlinx.coroutines.internal.DispatchedContinuationKt.resumeCancellableWith(DispatchedContinuation.kt:375)
04-06 02:36:58.343 25563 25563 E unknown:ReactHost: 	at kotlinx.coroutines.intrinsics.CancellableKt.startCoroutineCancellable(Cancellable.kt:26)
04-06 02:36:58.343 25563 25563 E unknown:ReactHost: 	at kotlinx.coroutines.CoroutineStart.invoke(CoroutineStart.kt:358)
04-06 02:36:58.343 25563 25563 E unknown:ReactHost: 	at kotlinx.coroutines.AbstractCoroutine.start(AbstractCoroutine.kt:134)
04-06 02:36:58.343 25563 25563 E unknown:ReactHost: 	at kotlinx.coroutines.BuildersKt__Builders_commonKt.launch(Builders.common.kt:53)
04-06 02:36:58.343 25563 25563 E unknown:ReactHost: 	at kotlinx.coroutines.BuildersKt.launch(Unknown Source:1)
04-06 02:36:58.343 25563 25563 E unknown:ReactHost: 	at kotlinx.coroutines.BuildersKt__Builders_commonKt.launch$default(Builders.common.kt:44)
04-06 02:36:58.343 25563 25563 E unknown:ReactHost: 	at kotlinx.coroutines.BuildersKt.launch$default(Unknown Source:1)
04-06 02:36:58.343 25563 25563 E unknown:ReactHost: 	at expo.modules.ReactActivityDelegateWrapper.launchLifecycleScopeWithLock(ReactActivityDelegateWrapper.kt:450)
04-06 02:36:58.343 25563 25563 E unknown:ReactHost: 	at expo.modules.ReactActivityDelegateWrapper.launchLifecycleScopeWithLock$default(ReactActivityDelegateWrapper.kt:446)
04-06 02:36:58.343 25563 25563 E unknown:ReactHost: 	at expo.modules.ReactActivityDelegateWrapper.onWindowFocusChanged(ReactActivityDelegateWrapper.kt:318)
04-06 02:36:58.343 25563 25563 E unknown:ReactHost: 	at com.facebook.react.ReactActivity.onWindowFocusChanged(ReactActivity.java:158)
04-06 02:36:58.343 25563 25563 E unknown:ReactHost: 	at androidx.appcompat.view.WindowCallbackWrapper.onWindowFocusChanged(WindowCallbackWrapper.java:124)
04-06 02:36:58.343 25563 25563 E unknown:ReactHost: 	at com.android.internal.policy.DecorView.onWindowFocusChanged(DecorView.java:2710)
04-06 02:36:58.343 25563 25563 E unknown:ReactHost: 	at android.view.View.dispatchWindowFocusChanged(View.java:15817)
04-06 02:36:58.343 25563 25563 E unknown:ReactHost: 	at android.view.ViewGroup.dispatchWindowFocusChanged(ViewGroup.java:1512)
04-06 02:36:58.343 25563 25563 E unknown:ReactHost: 	at android.view.ViewRootImpl.handleWindowFocusChanged(ViewRootImpl.java:4678)
04-06 02:36:58.343 25563 25563 E unknown:ReactHost: 	at android.view.ViewRootImpl.-$$Nest$mhandleWindowFocusChanged(Unknown Source:0)
04-06 02:36:58.343 25563 25563 E unknown:ReactHost: 	at android.view.ViewRootImpl$ViewRootHandler.handleMessageImpl(ViewRootImpl.java:6788)
04-06 02:36:58.343 25563 25563 E unknown:ReactHost: 	at android.view.ViewRootImpl$ViewRootHandler.handleMessage(ViewRootImpl.java:6697)
04-06 02:36:58.343 25563 25563 E unknown:ReactHost: 	at android.os.Handler.dispatchMessage(Handler.java:106)
04-06 02:36:58.343 25563 25563 E unknown:ReactHost: 	at android.os.Looper.loopOnce(Looper.java:226)
04-06 02:36:58.343 25563 25563 E unknown:ReactHost: 	at android.os.Looper.loop(Looper.java:313)
04-06 02:36:58.343 25563 25563 E unknown:ReactHost: 	at android.app.ActivityThread.main(ActivityThread.java:8762)
04-06 02:36:58.343 25563 25563 E unknown:ReactHost: 	at java.lang.reflect.Method.invoke(Native Method)
04-06 02:36:58.343 25563 25563 E unknown:ReactHost: 	at com.android.internal.os.RuntimeInit$MethodAndArgsCaller.run(RuntimeInit.java:604)
04-06 02:36:58.343 25563 25563 E unknown:ReactHost: 	at com.android.internal.os.ZygoteInit.main(ZygoteInit.java:1067)
04-06 02:36:58.343 25563 25563 D InputMethodManager: startInputInner - Id : 0
04-06 02:36:58.343 25563 25563 I InputMethodManager: startInputInner - mService.startInputOrWindowGainedFocus
04-06 02:36:58.350 25563 25563 D InputMethodManager: startInputInner - Id : 0
04-06 02:36:58.354 25563 25690 W unknown:BridgelessReact: ReactHost{0}.isMetroRunning(): Async result = true
04-06 02:36:58.355 25563 25689 W unknown:BridgelessReact: ReactHost{0}.loadJSBundleFromMetro()
04-06 02:36:58.356 25563 25689 D Detox.RNMarker: DOWNLOAD_START (null)
04-06 02:36:58.360 25563 25563 D CompatibilityChangeReporter: Compat change id reported: 210923482; UID 10431; state: ENABLED
04-06 02:36:58.365 25563 25670 D NativeCustomFrequencyManager: [NativeCFMS] BpCustomFrequencyManager::BpCustomFrequencyManager()
04-06 02:36:58.367 25563 25563 D InsetsController: onStateChanged: InsetsState: {mDisplayFrame=Rect(0, 0 - 1080, 2400), mDisplayCutout=DisplayCutout{insets=Rect(0, 88 - 0, 0) waterfall=Insets{left=0, top=0, right=0, bottom=0} boundingRect={Bounds=[Rect(0, 0 - 0, 0), Rect(512, 0 - 568, 88), Rect(0, 0 - 0, 0), Rect(0, 0 - 0, 0)]} cutoutPathParserInfo={CutoutPathParserInfo{displayWidth=1080 displayHeight=2400 physicalDisplayWidth=1080 physicalDisplayHeight=2400 density={3.0} cutoutSpec={M 0,0 M 0,10.71963616907435 a 9.280363830925644,9.280363830925644 0 1,0 0,18.56072766185129 a 9.280363830925644,9.280363830925644 0 1,0 0,-18.56072766185129 Z @dp} rotation={0} scale={1.0} physicalPixelDisplaySizeRatio={1.0}}}}, mRoundedCorners=RoundedCorners{[RoundedCorner{position=TopLeft, radius=96, center=Point(96, 96)}, RoundedCorner{position=TopRight, radius=96, center=Point(984, 96)}, RoundedCorner{position=BottomRight, radius=96, center=Point(984, 2304)}, RoundedCorner{position=BottomLeft, radius=96, center=Point(96, 2304)}]}  mRoundedCornerFrame=Rect(0, 0 - 1080, 2400), mPrivacyIndicatorBounds=PrivacyIndicatorBounds {static bounds=Rect(948, 0 - 1080, 88) rotation=0}, mSources= { InsetsSource: {mType=ITYPE_STATUS_BAR, mFrame=[0,0][1080,88], mVisible=true, mInsetsRoundedCornerFrame=false}, InsetsSource: {mType=ITYPE_NAVIGATION_BAR, mFrame=[0,2256][1080,2400], mVisible=true, mInsetsRoundedCornerFrame=false}, InsetsSource: {mType=ITYPE_LEFT_GESTURES, mFrame=[0,0][0,2400], mVisible=true, mInsetsRoundedCornerFrame=false}, InsetsSource: {mType=ITYPE_RIGHT_GESTURES, mFrame=[1080,0][1080,2400], mVisible=true, mInsetsRoundedCornerFrame=false}, InsetsSource: {mType=ITYPE_TOP_MANDATORY_GESTURES, mFrame=[0,0][1080,124], mVisible=true, mInsetsRoundedCornerFrame=false}, InsetsSource: {mType=ITYPE_BOTTOM_MANDATORY_GESTURES, mFrame=[0,2256][1080,2400], mVisible=true, mInsetsRoundedCornerFrame=false}, InsetsSource: {mType=ITYPE_LEFT_DISPLAY_CUTOUT, mFrame=[0,0][-100000,2400], mVisible=true, mInsetsRoundedCornerFrame=false}, InsetsSource: {mType=ITYPE_TOP_DISPLAY_CUTOUT, mFrame=[0,0][1080,88], mVisible=true, mInsetsRoundedCornerFrame=false}, InsetsSource: {mType=ITYPE_RIGHT_DISPLAY_CUTOUT, mFrame=[100000,0][1080,2400], mVisible=true, mInsetsRoundedCornerFrame=false}, InsetsSource: {mType=ITYPE_BOTTOM_DISPLAY_CUTOUT, mFrame=[0,100000][1080,2400], mVisible=true, mInsetsRoundedCornerFrame=false}, InsetsSource: {mType=ITYPE_TOP_TAPPABLE_ELEMENT, mFrame=[0,0][1080,88], mVisible=true, mInsetsRoundedCornerFrame=false}, InsetsSource: {mType=ITYPE_BOTTOM_TAPPABLE_ELEMENT, mFrame=[0,2256][1080,2400], mVisible=true, mInsetsRoundedCornerFrame=false}, InsetsSource: {mType=ITYPE_IME, mFrame=[0,0][0,0], mVisibleFrame=[0,1374][1080,2400], mVisible=false, mInsetsRoundedCornerFrame=false} } host=PopupWindow:5b0a702 from=android.view.ViewRootImpl.setView:1732
04-06 02:36:58.368 25563 25563 I ViewRootImpl@ca5e813[PopupWindow:5b0a702]: setView = android.widget.PopupWindow$PopupDecorView@5fcf26f TM=false
04-06 02:36:58.374 25563 25563 I ViewRootImpl@ca5e813[PopupWindow:5b0a702]: performTraversals params={(0,88)(fillxwrap) gr=TOP START CENTER sim={state=unchanged adjust=pan} ty=APPLICATION_PANEL fmt=TRANSLUCENT surfaceInsets=Rect(0, 0 - 0, 0) (manual)
04-06 02:36:58.374 25563 25563 I ViewRootImpl@ca5e813[PopupWindow:5b0a702]:   fl=41800008
04-06 02:36:58.374 25563 25563 I ViewRootImpl@ca5e813[PopupWindow:5b0a702]:   pfl=42018000
04-06 02:36:58.374 25563 25563 I ViewRootImpl@ca5e813[PopupWindow:5b0a702]:   bhv=DEFAULT
04-06 02:36:58.374 25563 25563 I ViewRootImpl@ca5e813[PopupWindow:5b0a702]:   fitTypes=STATUS_BARS NAVIGATION_BARS CAPTION_BAR naviIconColor=0
04-06 02:36:58.374 25563 25563 I ViewRootImpl@ca5e813[PopupWindow:5b0a702]:   sfl=20000}
04-06 02:36:58.375 25563 25563 I ViewRootImpl@ca5e813[PopupWindow:5b0a702]: performTraversals mFirst=true windowShouldResize=true viewVisibilityChanged=false mForceNextWindowRelayout=false params={(0,88)(fillxwrap) gr=TOP START CENTER sim={state=unchanged adjust=pan} ty=APPLICATION_PANEL fmt=TRANSLUCENT surfaceInsets=Rect(0, 0 - 0, 0) (manual)
04-06 02:36:58.375 25563 25563 I ViewRootImpl@ca5e813[PopupWindow:5b0a702]:   fl=41800008
04-06 02:36:58.375 25563 25563 I ViewRootImpl@ca5e813[PopupWindow:5b0a702]:   pfl=42018000
04-06 02:36:58.375 25563 25563 I ViewRootImpl@ca5e813[PopupWindow:5b0a702]:   bhv=DEFAULT
04-06 02:36:58.375 25563 25563 I ViewRootImpl@ca5e813[PopupWindow:5b0a702]:   fitTypes=STATUS_BARS NAVIGATION_BARS CAPTION_BAR naviIconColor=0
04-06 02:36:58.375 25563 25563 I ViewRootImpl@ca5e813[PopupWindow:5b0a702]:   sfl=20000}
04-06 02:36:58.378 25563 25577 I ViewRootImpl@ca5e813[PopupWindow:5b0a702]: Resizing android.view.ViewRootImpl@f6b3b7c: frame = [0,88][1080,167] reportDraw = true forceLayout = false syncSeqId = 0
04-06 02:36:58.378 25563 25563 I ViewRootImpl@ca5e813[PopupWindow:5b0a702]: updateBlastSurfaceIfNeeded mBlastBufferQueue=null isSameSurfaceControl=false
04-06 02:36:58.379 25563 25563 I BLASTBufferQueue: new BLASTBufferQueue, mName= ViewRootImpl@ca5e813[PopupWindow:5b0a702] mNativeObject= 0xb4000070a0c0f200 sc.mNativeObject= 0xb4000070a0ccfea0 caller= android.view.ViewRootImpl.updateBlastSurfaceIfNeeded:2909 android.view.ViewRootImpl.relayoutWindow:9847 android.view.ViewRootImpl.performTraversals:3884 android.view.ViewRootImpl.doTraversal:3116 android.view.ViewRootImpl$TraversalRunnable.run:10885 android.view.Choreographer$CallbackRecord.run:1301 android.view.Choreographer$CallbackRecord.run:1309 android.view.Choreographer.doCallbacks:923 android.view.Choreographer.doFrame:852 android.view.Choreographer$FrameDisplayEventReceiver.run:1283 
04-06 02:36:58.379 25563 25563 I BLASTBufferQueue: update, w= 1080 h= 79 mName = ViewRootImpl@ca5e813[PopupWindow:5b0a702] mNativeObject= 0xb4000070a0c0f200 sc.mNativeObject= 0xb4000070a0ccfea0 format= -3 caller= android.graphics.BLASTBufferQueue.<init>:84 android.view.ViewRootImpl.updateBlastSurfaceIfNeeded:2909 android.view.ViewRootImpl.relayoutWindow:9847 android.view.ViewRootImpl.performTraversals:3884 android.view.ViewRootImpl.doTraversal:3116 android.view.ViewRootImpl$TraversalRunnable.run:10885 
04-06 02:36:58.379 25563 25563 I ViewRootImpl@ca5e813[PopupWindow:5b0a702]: Relayout returned: old=(0,88,1080,2256) new=(0,88,1080,167) req=(1080,79)0 dur=3 res=0x3 s={true 0xb4000070a6e8e800} ch=true seqId=0
04-06 02:36:58.380 25563 25563 I ViewRootImpl@ca5e813[PopupWindow:5b0a702]: mThreadedRenderer.initialize() mSurface={isValid=true 0xb4000070a6e8e800} hwInitialized=true
04-06 02:36:58.380 25563 25670 D OpenGLRenderer: eglCreateWindowSurface
04-06 02:36:58.380 25563 25563 I ViewRootImpl@ca5e813[PopupWindow:5b0a702]: reportNextDraw android.view.ViewRootImpl.performTraversals:4438 android.view.ViewRootImpl.doTraversal:3116 android.view.ViewRootImpl$TraversalRunnable.run:10885 android.view.Choreographer$CallbackRecord.run:1301 android.view.Choreographer$CallbackRecord.run:1309 
04-06 02:36:58.380 25563 25563 I ViewRootImpl@ca5e813[PopupWindow:5b0a702]: Setup new sync id=0
04-06 02:36:58.380 25563 25563 I ViewRootImpl@ca5e813[PopupWindow:5b0a702]: Setting syncFrameCallback
04-06 02:36:58.380 25563 25563 I ViewRootImpl@ca5e813[PopupWindow:5b0a702]: registerCallbacksForSync syncBuffer=false
04-06 02:36:58.381 25563 25693 I ViewRootImpl@ca5e813[PopupWindow:5b0a702]: Received frameDrawingCallback syncResult=0 frameNum=1.
04-06 02:36:58.381 25563 25693 I ViewRootImpl@ca5e813[PopupWindow:5b0a702]: Setting up sync and frameCommitCallback
04-06 02:36:58.387 25563 25670 I BLASTBufferQueue: [ViewRootImpl@ca5e813[PopupWindow:5b0a702]#1](f:0,a:0) onFrameAvailable the first frame is available
04-06 02:36:58.388 25563 25670 I ViewRootImpl@ca5e813[PopupWindow:5b0a702]: Received frameCommittedCallback lastAttemptedDrawFrameNum=1 didProduceBuffer=true
04-06 02:36:58.388 25563 25670 D OpenGLRenderer: CFMS:: SetUp Pid : 25563    Tid : 25670
04-06 02:36:58.388 25563 25670 W Parcel  : Expecting binder but got null!
04-06 02:36:58.388 25563 25563 I ViewRootImpl@ca5e813[PopupWindow:5b0a702]: onSyncComplete
04-06 02:36:58.389 25563 25563 I ViewRootImpl@ca5e813[PopupWindow:5b0a702]: setupSync seqId=0 mSyncId=0 fn=1 caller=android.view.ViewRootImpl$$ExternalSyntheticLambda11.accept:6 android.window.SurfaceSyncer.lambda$setupSync$1$android-window-SurfaceSyncer:128 android.window.SurfaceSyncer$$ExternalSyntheticLambda1.accept:8 android.window.SurfaceSyncer$SyncSet.checkIfSyncIsComplete:382 android.window.SurfaceSyncer$SyncSet.markSyncReady:359 android.window.SurfaceSyncer.markSyncReady:151 android.view.ViewRootImpl.performTraversals:4503 
04-06 02:36:58.389 25563 25563 I ViewRootImpl@ca5e813[PopupWindow:5b0a702]: reportDrawFinished seqId=0 mSyncId=-1 fn=1 mSurfaceChangedTransaction=0xb4000070c2cde100
04-06 02:36:58.390 25563 25563 I ViewRootImpl@ca5e813[PopupWindow:5b0a702]: handleResized, msg = 5 frames=ClientWindowFrames{frame=[0,88][1080,167] display=[0,88][1080,2256] parentFrame=[0,0][0,0] parentClippedByDisplayCutout=false} forceNextWindowRelayout=false displayId=0 resizeMode=-1 frameChanged=false displayFrameChanged=false configChanged=false displayChanged=false
04-06 02:36:58.390 25563 25563 I ViewRootImpl@ca5e813[PopupWindow:5b0a702]: handleResized mSyncSeqId = 0
04-06 02:36:58.390 25563 25563 I ViewRootImpl@ca5e813[PopupWindow:5b0a702]: reportNextDraw android.view.ViewRootImpl.handleResized:2450 android.view.ViewRootImpl.-$$Nest$mhandleResized:0 android.view.ViewRootImpl$ViewRootHandler.handleMessageImpl:6728 android.view.ViewRootImpl$ViewRootHandler.handleMessage:6697 android.os.Handler.dispatchMessage:106 
04-06 02:36:58.404 25563 25563 I ViewRootImpl@ca5e813[PopupWindow:5b0a702]: Setup new sync id=1
04-06 02:36:58.404 25563 25563 I ViewRootImpl@ca5e813[PopupWindow:5b0a702]: Setting syncFrameCallback
04-06 02:36:58.404 25563 25563 I ViewRootImpl@ca5e813[PopupWindow:5b0a702]: registerCallbacksForSync syncBuffer=false
04-06 02:36:58.406 25563 25692 I ViewRootImpl@ca5e813[PopupWindow:5b0a702]: Received frameDrawingCallback syncResult=0 frameNum=3.
04-06 02:36:58.406 25563 25692 I ViewRootImpl@ca5e813[PopupWindow:5b0a702]: Setting up sync and frameCommitCallback
04-06 02:36:58.412 25563 25670 I ViewRootImpl@ca5e813[PopupWindow:5b0a702]: Received frameCommittedCallback lastAttemptedDrawFrameNum=3 didProduceBuffer=true
04-06 02:36:58.412 25563 25563 I ViewRootImpl@ca5e813[PopupWindow:5b0a702]: onSyncComplete
04-06 02:36:58.412 25563 25563 I ViewRootImpl@ca5e813[PopupWindow:5b0a702]: setupSync seqId=0 mSyncId=1 fn=3 caller=android.view.ViewRootImpl$$ExternalSyntheticLambda11.accept:6 android.window.SurfaceSyncer.lambda$setupSync$1$android-window-SurfaceSyncer:128 android.window.SurfaceSyncer$$ExternalSyntheticLambda1.accept:8 android.window.SurfaceSyncer$SyncSet.checkIfSyncIsComplete:382 android.window.SurfaceSyncer$SyncSet.markSyncReady:359 android.window.SurfaceSyncer.markSyncReady:151 android.view.ViewRootImpl.performTraversals:4503 
04-06 02:36:58.412 25563 25563 I ViewRootImpl@ca5e813[PopupWindow:5b0a702]: reportDrawFinished seqId=0 mSyncId=-1 fn=3 mSurfaceChangedTransaction=0xb4000070c2cde100
04-06 02:36:58.638 25563 25563 D InsetsController: cancelAnimation of types: 1, animType: 0, host: com.evolucao.app/com.evolucao.app.MainActivity, from:android.view.InsetsController.notifyFinished:1375 android.view.InsetsAnimationThreadControlRunner$1.lambda$notifyFinished$0$android-view-InsetsAnimationThreadControlRunner$1:84 android.view.InsetsAnimationThreadControlRunner$1$$ExternalSyntheticLambda1.run:4 
04-06 02:36:58.638 25563 25563 D InsetsSourceConsumer: ensureControlPosition: Point(0, 0) for ITYPE_STATUS_BAR on com.evolucao.app/com.evolucao.app.MainActivity from android.view.InsetsSourceConsumer.notifyAnimationFinished:419
04-06 02:36:58.654 25563 25693 I ViewRootImpl@73623ee[MainActivity]: mWNT: t=0xb4000070a0cb6300 mBlastBufferQueue=0xb4000070c2c34c00 fn= 2 caller= android.view.SyncRtSurfaceTransactionApplier.applyTransaction:96 android.view.SyncRtSurfaceTransactionApplier.lambda$scheduleApply$0$android-view-SyncRtSurfaceTransactionApplier:69 android.view.SyncRtSurfaceTransactionApplier$$ExternalSyntheticLambda0.onFrameDraw:4 
04-06 02:36:58.713 25563 25670 D OpenGLRenderer: setSurface called with nullptr
04-06 02:36:58.713 25563 25670 D OpenGLRenderer: setSurface() destroyed EGLSurface
04-06 02:36:58.713 25563 25670 D OpenGLRenderer: destroyEglSurface
04-06 02:36:58.713 25563 25690 D Detox.RNMarker: DOWNLOAD_END ({"url":"http:\/\/localhost:8081\/.expo\/.virtual-metro-entry.bundle?platform=android&dev=true&lazy=true&minify=false&app=com.evolucao.app&modulesOnly=false&runModule=true&excludeSource=true&sourcePaths=url-server","filesChangedCount":0})
04-06 02:36:58.713 25563 25690 W unknown:BridgelessReact: ReactHost{0}.loadJSBundleFromMetro(): Creating BundleLoader
04-06 02:36:58.714 25563 25563 I ViewRootImpl@ca5e813[PopupWindow:5b0a702]: dispatchDetachedFromWindow
04-06 02:36:58.715 25563 25689 W unknown:BridgelessReact: ReactHost{0}.getOrCreateReactInstanceTask(): Creating BridgelessReactContext
04-06 02:36:58.716 25563 25563 D InputTransport: Input channel destroyed: 'dffcbbe', fd=128
04-06 02:36:58.717 25563 25689 W unknown:BridgelessReact: ReactHost{0}.getOrCreateReactInstanceTask(): Creating ReactInstance
04-06 02:36:58.726 25563 25690 D TrafficStats: tagSocket(134) with statsTag=0xffffffff, statsUid=-1
04-06 02:36:58.729 25563 25689 D jni_lib_merge: Entering merged library JNI_OnLoad.
04-06 02:36:58.729 25563 25689 D jni_lib_merge: Preparing 4 pre-merged libs (including stub)
04-06 02:36:58.729 25563 25689 D jni_lib_merge: Preparing to register libhermes_executor_so.  onload_func: 0x70132affa4
04-06 02:36:58.729 25563 25689 D jni_lib_merge: Preparing to register libhermesinstancejni_so.  onload_func: 0x70132e98b4
04-06 02:36:58.729 25563 25689 D jni_lib_merge: Preparing to register libjsijniprofiler_so.  onload_func: 0x70132eb8f8
04-06 02:36:58.729 25563 25689 D jni_lib_merge: About to register 3 actual methods.
04-06 02:36:58.834 25563 25689 I ExpoModulesCore: ✅ AppContext was initialized
04-06 02:36:58.862 25563 25689 W unknown:BridgelessReact: ReactHost{0}.getOrCreateReactInstanceTask(): Loading JS Bundle
04-06 02:36:58.862 25563 25689 W unknown:BridgelessReact: ReactHost{0}.getOrCreateReactInstanceTask(): DevSupportManager.onNewReactContextCreated()
04-06 02:36:58.863 25563 25704 D Detox.RNMarker: RUN_JS_BUNDLE_START (/.virtual-metro-entry.bundle?platform=android&dev=true&lazy=true&minify=false&app=com.evolucao.app&modulesOnly=false&runModule=true&excludeSource=true&sourcePaths=url-server)
04-06 02:36:58.865 25563 25563 W unknown:ReactNative: Packager connection already open, nooping.
04-06 02:36:58.870 25563 25563 W unknown:BridgelessReact: ReactHost{0}.ReactContext.onHostResume()
04-06 02:36:58.871 25563 25689 W unknown:BridgelessReact: ReactHost{0}.startSurface(surfaceId = 0): Execute
04-06 02:36:58.874 25563 25563 W unknown:BridgelessReact: ReactHost{0}.getOrCreateReactInstanceTask(): Executing ReactInstanceEventListeners
04-06 02:36:58.875 25563 25563 I DetoxRNLoading: Got new RN-context through listener
04-06 02:36:58.876 25563 25639 I DetoxRNIdleRes: Setting up Espresso Idling Resources for React Native
04-06 02:36:58.883 25563 25563 D DetoxRNHelpers: Native RN module resolution (class com.reactnativecommunity.asyncstorage.AsyncStorageModule): no registered module found
04-06 02:36:58.883 25563 25639 D IdlingRegistry: Registering idling resources: [com.wix.detox.reactnative.idlingresources.uimodule.fabric.FabricUIManagerIdlingResources@a29e7fb]
04-06 02:36:58.883 25563 25639 D IdlingRegistry: Registering idling resources: [com.wix.detox.reactnative.idlingresources.animations.AnimatedModuleIdlingResource@fa87018]
04-06 02:36:58.883 25563 25639 D IdlingRegistry: Registering idling resources: [com.wix.detox.reactnative.idlingresources.timers.FabricTimersIdlingResource@76f3a71]
04-06 02:36:58.883 25563 25639 D IdlingRegistry: Registering idling resources: [com.wix.detox.reactnative.idlingresources.network.NetworkIdlingResource@2908056]
04-06 02:36:58.883 25563 25639 D IdlingRegistry: Registering idling resources: [com.wix.detox.reactnative.idlingresources.StabilizedIdlingResource@72508d7]
04-06 02:36:58.891 25563 25705 W om.evolucao.app: Accessing hidden method Landroid/os/MessageQueue;->next()Landroid/os/Message; (unsupported, reflection, allowed)
04-06 02:36:58.891 25563 25705 W om.evolucao.app: Accessing hidden field Landroid/os/MessageQueue;->mMessages:Landroid/os/Message; (unsupported, reflection, allowed)
04-06 02:36:58.891 25563 25705 W om.evolucao.app: Accessing hidden method Landroid/os/Message;->recycleUnchecked()V (unsupported, reflection, allowed)
04-06 02:36:59.036 25563 25563 D DetoxRNHelpers: Native RN module resolution (class com.reactnativecommunity.asyncstorage.AsyncStorageModule): no registered module found
04-06 02:36:59.101 25563 25705 I WebViewFactory: Loading com.google.android.webview version 146.0.7680.164 (code 768016403)
04-06 02:36:59.103 25563 25705 D ApplicationLoaders: Returning zygote-cached class loader: /system/framework/android.test.base.jar
04-06 02:36:59.105 25563 25705 D nativeloader: Configuring classloader-namespace for other apk /data/app/~~23ppwVuk64Fm9vdWCRWMMw==/com.google.android.webview-FPIphznatdLDx2VBYoD68A==/base.apk. target_sdk_version=36, uses_libraries=, library_path=/data/app/~~23ppwVuk64Fm9vdWCRWMMw==/com.google.android.webview-FPIphznatdLDx2VBYoD68A==/lib/arm64:/data/app/~~23ppwVuk64Fm9vdWCRWMMw==/com.google.android.webview-FPIphznatdLDx2VBYoD68A==/base.apk!/lib/arm64-v8a, permitted_path=/data:/mnt/expand
04-06 02:36:59.118 25563 25705 I cr_WVCFactoryProvider: version=146.0.7680.164 (768016403) minSdkVersion=29 multiprocess=true packageId=127 splits=<none>
04-06 02:36:59.123 25563 25721 I chromium: [0406/023659.123919:INFO:android_webview/browser/variations/variations_seed_loader.cc:67] Failed to open file for reading.: No such file or directory (2)
04-06 02:36:59.124 25563 25721 I chromium: [0406/023659.124059:INFO:android_webview/browser/variations/variations_seed_loader.cc:67] Failed to open file for reading.: No such file or directory (2)
04-06 02:36:59.128 25563 25705 I cr_LibraryLoader: Successfully loaded native library
04-06 02:36:59.129 25563 25705 I cr_CachingUmaRecorder: Flushed 16 samples from 16 histograms, 0 samples were dropped.
04-06 02:36:59.152 25563 25704 W BridgelessReactContext: [WARNING] Bridgeless doesn't support CatalystInstance. Accessing an API that's not part of the new architecture is not encouraged usage.
04-06 02:36:59.153 25563 25725 D TrafficStats: tagSocket(148) with statsTag=0xffffffff, statsUid=-1
04-06 02:36:59.156 25563 25725 D TrafficStats: tagSocket(148) with statsTag=0xffffffff, statsUid=-1
04-06 02:36:59.159 25563 25704 I ExpoModulesCore: ✅ JSI interop was installed
04-06 02:36:59.164 25563 25704 I ExpoModulesCore: ✅ Constants were exported
04-06 02:36:59.206 25563 25704 W unknown:ViewManagerPropertyUpdater: Could not find generated setter for class com.th3rdwave.safeareacontext.SafeAreaProviderManager
04-06 02:36:59.209 25563 25704 W unknown:ViewManagerPropertyUpdater: Could not find generated setter for class com.facebook.react.uimanager.LayoutShadowNode
04-06 02:36:59.210 25563 25704 W unknown:ViewManagerPropertyUpdater: Could not find generated setter for class com.swmansion.rnscreens.SearchBarManager
04-06 02:36:59.211 25563 25704 W unknown:ViewManagerPropertyUpdater: Could not find generated setter for class com.swmansion.rnscreens.ScreenFooterManager
04-06 02:36:59.212 25563 25704 W unknown:ViewManagerPropertyUpdater: Could not find generated setter for class com.swmansion.rnscreens.gamma.tabs.TabScreenViewManager
04-06 02:36:59.213 25563 25704 W unknown:ViewManagerPropertyUpdater: Could not find generated setter for class expo.modules.kotlin.views.GroupViewManagerWrapper
04-06 02:36:59.213 25563 25704 W unknown:ViewManagerPropertyUpdater: Could not find generated setter for class com.swmansion.rnscreens.ScreenContainerViewManager
04-06 02:36:59.214 25563 25704 W unknown:ViewManagerPropertyUpdater: Could not find generated setter for class com.swmansion.rnscreens.gamma.tabs.TabsHostViewManager
04-06 02:36:59.215 25563 25704 W unknown:ViewManagerPropertyUpdater: Could not find generated setter for class com.swmansion.rnscreens.ModalScreenViewManager
04-06 02:36:59.216 25563 25704 W unknown:ViewManagerPropertyUpdater: Could not find generated setter for class com.swmansion.rnscreens.ScreenStackHeaderConfigViewManager
04-06 02:36:59.217 25563 25704 W unknown:ViewManagerPropertyUpdater: Could not find generated setter for class com.swmansion.rnscreens.ScreenContentWrapperManager
04-06 02:36:59.218 25563 25704 W unknown:ViewManagerPropertyUpdater: Could not find generated setter for class com.th3rdwave.safeareacontext.SafeAreaViewManager
04-06 02:36:59.219 25563 25704 W unknown:ViewManagerPropertyUpdater: Could not find generated setter for class com.th3rdwave.safeareacontext.SafeAreaViewShadowNode
04-06 02:36:59.219 25563 25704 W unknown:ViewManagerPropertyUpdater: Could not find generated setter for class com.swmansion.rnscreens.safearea.SafeAreaViewManager
04-06 02:36:59.220 25563 25704 W unknown:ViewManagerPropertyUpdater: Could not find generated setter for class com.swmansion.rnscreens.safearea.paper.SafeAreaViewShadowNode
04-06 02:36:59.220 25563 25704 W unknown:ViewManagerPropertyUpdater: Could not find generated setter for class com.swmansion.rnscreens.ScreenViewManager
04-06 02:36:59.220 25563 25704 W unknown:ViewManagerPropertyUpdater: Could not find generated setter for class com.swmansion.rnscreens.gamma.stack.host.StackHostViewManager
04-06 02:36:59.221 25563 25704 W unknown:ViewManagerPropertyUpdater: Could not find generated setter for class com.swmansion.rnscreens.ScreenStackHeaderSubviewManager
04-06 02:36:59.221 25563 25704 W unknown:ViewManagerPropertyUpdater: Could not find generated setter for class com.swmansion.rnscreens.gamma.stack.screen.StackScreenViewManager
04-06 02:36:59.222 25563 25704 W unknown:ViewManagerPropertyUpdater: Could not find generated setter for class com.swmansion.rnscreens.ScreenStackViewManager
04-06 02:36:59.294 25563 25704 W unknown:ViewManagerPropertyUpdater: Could not find generated setter for class com.facebook.react.views.debuggingoverlay.DebuggingOverlayManager
04-06 02:36:59.299 25563 25704 W unknown:ViewManagerPropertyUpdater: Could not find generated setter for class com.swmansion.gesturehandler.react.RNGestureHandlerButtonViewManager
04-06 02:36:59.305 25563 25704 W unknown:ViewManagerPropertyUpdater: Could not find generated setter for class com.facebook.react.views.safeareaview.ReactSafeAreaViewManager
04-06 02:36:59.310 25563 25704 W unknown:ViewManagerPropertyUpdater: Could not find generated setter for class com.facebook.react.views.modal.ReactModalHostManager
04-06 02:36:59.315 25563 25704 W unknown:ViewManagerPropertyUpdater: Could not find generated setter for class com.facebook.react.views.text.frescosupport.FrescoBasedReactTextInlineImageViewManager
04-06 02:36:59.315 25563 25704 W unknown:ViewManagerPropertyUpdater: Could not find generated setter for class com.facebook.react.views.text.frescosupport.FrescoBasedReactTextInlineImageShadowNode
04-06 02:36:59.321 25563 25704 W unknown:ViewManagerPropertyUpdater: Could not find generated setter for class com.facebook.react.views.progressbar.ReactProgressBarViewManager
04-06 02:36:59.321 25563 25704 W unknown:ViewManagerPropertyUpdater: Could not find generated setter for class com.facebook.react.views.progressbar.ProgressBarShadowNode
04-06 02:36:59.326 25563 25704 W unknown:ViewManagerPropertyUpdater: Could not find generated setter for class com.facebook.react.views.scroll.ReactHorizontalScrollViewManager
04-06 02:36:59.332 25563 25704 W unknown:ViewManagerPropertyUpdater: Could not find generated setter for class com.facebook.react.views.image.ReactImageManager
04-06 02:36:59.338 25563 25704 W unknown:ViewManagerPropertyUpdater: Could not find generated setter for class com.facebook.react.views.text.ReactTextViewManager
04-06 02:36:59.339 25563 25704 W unknown:ViewManagerPropertyUpdater: Could not find generated setter for class com.facebook.react.views.text.ReactTextShadowNode
04-06 02:36:59.345 25563 25704 W unknown:ViewManagerPropertyUpdater: Could not find generated setter for class com.facebook.react.views.scroll.ReactHorizontalScrollContainerViewManager
04-06 02:36:59.350 25563 25704 W unknown:ViewManagerPropertyUpdater: Could not find generated setter for class com.facebook.react.views.unimplementedview.ReactUnimplementedViewManager
04-06 02:36:59.355 25563 25704 W unknown:ViewManagerPropertyUpdater: Could not find generated setter for class com.facebook.react.views.scroll.ReactScrollViewManager
04-06 02:36:59.361 25563 25704 W unknown:ViewManagerPropertyUpdater: Could not find generated setter for class com.facebook.react.views.view.ReactViewManager
04-06 02:36:59.367 25563 25704 W unknown:ViewManagerPropertyUpdater: Could not find generated setter for class com.facebook.react.views.drawer.ReactDrawerLayoutManager
04-06 02:36:59.372 25563 25704 W unknown:ViewManagerPropertyUpdater: Could not find generated setter for class com.facebook.react.views.switchview.ReactSwitchManager
04-06 02:36:59.372 25563 25704 W unknown:ViewManagerPropertyUpdater: Could not find generated setter for class com.facebook.react.views.switchview.ReactSwitchShadowNode
04-06 02:36:59.377 25563 25704 W unknown:ViewManagerPropertyUpdater: Could not find generated setter for class com.facebook.react.views.swiperefresh.SwipeRefreshLayoutManager
04-06 02:36:59.384 25563 25704 W unknown:ViewManagerPropertyUpdater: Could not find generated setter for class com.facebook.react.views.textinput.ReactTextInputManager
04-06 02:36:59.385 25563 25704 W unknown:ViewManagerPropertyUpdater: Could not find generated setter for class com.facebook.react.views.textinput.ReactTextInputShadowNode
04-06 02:36:59.392 25563 25704 W unknown:ViewManagerPropertyUpdater: Could not find generated setter for class com.swmansion.gesturehandler.react.RNGestureHandlerRootViewManager
04-06 02:36:59.425 25563 25725 D TrafficStats: tagSocket(151) with statsTag=0xffffffff, statsUid=-1
04-06 02:36:59.590 25563 25704 V AsyncStorageExpoMigration: No scoped database found
04-06 02:36:59.765 25563 25704 D Detox.RNMarker: RUN_JS_BUNDLE_END (/.virtual-metro-entry.bundle?platform=android&dev=true&lazy=true&minify=false&app=com.evolucao.app&modulesOnly=false&runModule=true&excludeSource=true&sourcePaths=url-server)
04-06 02:36:59.767 25563 25704 I ReactNativeJS: Running "main" with {"rootTag":1,"initialProps":{},"fabric":true}
04-06 02:36:59.844 25563 25728 D TrafficStats: tagSocket(138) with statsTag=0xffffffff, statsUid=-1
04-06 02:36:59.969 25563 25563 I DecorView: notifyKeepScreenOnChanged: keepScreenOn=true
04-06 02:36:59.979 25563 25563 D Detox.RNMarker: CONTENT_APPEARED (main)
04-06 02:36:59.982 25563 25704 D Detox.RNMarker: REACT_BRIDGELESS_LOADING_END (null)
04-06 02:36:59.983 25563 25563 I ViewRootImpl@73623ee[MainActivity]: performTraversals params={(0,0)(fillxfill) sim={adjust=resize} layoutInDisplayCutoutMode=always ty=BASE_APPLICATION wanim=0x1030309
04-06 02:36:59.983 25563 25563 I ViewRootImpl@73623ee[MainActivity]:   fl=81810180
04-06 02:36:59.983 25563 25563 I ViewRootImpl@73623ee[MainActivity]:   pfl=16020040
04-06 02:36:59.983 25563 25563 I ViewRootImpl@73623ee[MainActivity]:   vsysui=100
04-06 02:36:59.983 25563 25563 I ViewRootImpl@73623ee[MainActivity]:   bhv=DEFAULT
04-06 02:36:59.983 25563 25563 I ViewRootImpl@73623ee[MainActivity]:   fitSides= naviIconColor=0}
04-06 02:36:59.985 25563 25563 I ViewRootImpl@73623ee[MainActivity]: performTraversals mFirst=false windowShouldResize=false viewVisibilityChanged=false mForceNextWindowRelayout=false params={(0,0)(fillxfill) sim={adjust=resize} layoutInDisplayCutoutMode=always ty=BASE_APPLICATION wanim=0x1030309
04-06 02:36:59.985 25563 25563 I ViewRootImpl@73623ee[MainActivity]:   fl=81810180
04-06 02:36:59.985 25563 25563 I ViewRootImpl@73623ee[MainActivity]:   pfl=16020040
04-06 02:36:59.985 25563 25563 I ViewRootImpl@73623ee[MainActivity]:   vsysui=100
04-06 02:36:59.985 25563 25563 I ViewRootImpl@73623ee[MainActivity]:   bhv=DEFAULT
04-06 02:36:59.985 25563 25563 I ViewRootImpl@73623ee[MainActivity]:   fitSides= naviIconColor=0}
04-06 02:36:59.993 25563 25563 I ViewRootImpl@73623ee[MainActivity]: updateBlastSurfaceIfNeeded mBlastBufferQueue=0xb4000070c2c34c00 isSameSurfaceControl=true
04-06 02:36:59.993 25563 25563 I BLASTBufferQueue: update, w= 1080 h= 2400 mName = ViewRootImpl@73623ee[MainActivity] mNativeObject= 0xb4000070c2c34c00 sc.mNativeObject= 0xb4000070a0cd3d20 format= -1 caller= android.view.ViewRootImpl.updateBlastSurfaceIfNeeded:2898 android.view.ViewRootImpl.relayoutWindow:9847 android.view.ViewRootImpl.performTraversals:3884 android.view.ViewRootImpl.doTraversal:3116 android.view.ViewRootImpl$TraversalRunnable.run:10885 android.view.Choreographer$CallbackRecord.run:1301 
04-06 02:36:59.993 25563 25563 I ViewRootImpl@73623ee[MainActivity]: Relayout returned: old=(0,0,1080,2400) new=(0,0,1080,2400) req=(1080,2400)0 dur=7 res=0x0 s={true 0xb4000070a6e8c000} ch=false seqId=0
04-06 02:37:00.193 25563 25571 I om.evolucao.app: Compiler allocated 4177KB to compile void android.widget.TextView.<init>(android.content.Context, android.util.AttributeSet, int, int)
04-06 02:37:00.204 25563 25563 D CompatibilityChangeReporter: Compat change id reported: 171228096; UID 10431; state: ENABLED
04-06 02:37:00.205 25563 25563 D ScrollView: initGoToTop
04-06 02:37:00.206 25563 25563 W om.evolucao.app: Accessing hidden field Landroid/widget/ScrollView;->mScroller:Landroid/widget/OverScroller; (unsupported, reflection, allowed)
04-06 02:37:00.228 25563 25563 W [RNScreens]: backTitleFontFamily prop is not available on Android
04-06 02:37:00.229 25563 25563 W [RNScreens]: disableBackButtonMenu prop is not available on Android
04-06 02:37:00.229 25563 25563 W [RNScreens]: backTitleVisible prop is not available on Android
04-06 02:37:00.229 25563 25563 W [RNScreens]: topInsetEnabled prop is not available on Android
04-06 02:37:00.229 25563 25563 W [RNScreens]: largeTitleHideShadow prop is not available on Android
04-06 02:37:00.229 25563 25563 W [RNScreens]: largeTitleFontWeight prop is not available on Android
04-06 02:37:00.229 25563 25563 W [RNScreens]: userInterfaceStyle prop is not available on Android
04-06 02:37:00.229 25563 25563 W [RNScreens]: largeTitleFontFamily prop is not available on Android
04-06 02:37:00.231 25563 25704 I ReactNativeJS: '[ANALYTICS]', 'app_opened', { event: 'app_opened',
04-06 02:37:00.231 25563 25704 I ReactNativeJS:   eventId: '1775453820226_f8e3b8611d2bc8',
04-06 02:37:00.231 25563 25704 I ReactNativeJS:   appVersion: '1.0.0',
04-06 02:37:00.231 25563 25704 I ReactNativeJS:   category: 'engagement',
04-06 02:37:00.231 25563 25704 I ReactNativeJS:   userId: 'anonymous',
04-06 02:37:00.231 25563 25704 I ReactNativeJS:   timestamp: 1775453820226,
04-06 02:37:00.231 25563 25704 I ReactNativeJS:   timestampIso: '2026-04-06T05:37:00.226Z',
04-06 02:37:00.231 25563 25704 I ReactNativeJS:   screen: 'App',
04-06 02:37:00.231 25563 25704 I ReactNativeJS:   sessionId: 'session-1775453819999-2ef32cdc68942a',
04-06 02:37:00.231 25563 25704 I ReactNativeJS:   flowId: 'session-1775453819999-2ef32cdc68942a',
04-06 02:37:00.231 25563 25704 I ReactNativeJS:   meta: 
04-06 02:37:00.231 25563 25704 I ReactNativeJS:    { domain: 'engagement',
04-06 02:37:00.231 25563 25704 I ReactNativeJS:      version: 1,
04-06 02:37:00.231 25563 25704 I ReactNativeJS:      dayKey: '2026-04-06',
04-06 02:37:00.231 25563 25704 I ReactNativeJS:      isFirstOpenOfDay: true,
04-06 02:37:00.231 25563 25704 I ReactNativeJS:      category: 'engagement' } }
04-06 02:37:00.249 25563 25670 D OpenGLRenderer: setSurface called with nullptr
04-06 02:37:02.980 25563 25738 D ProfileInstaller: Installing profile for com.evolucao.app
04-06 02:37:06.636 25563 25657 D DetoxWSClient: Received action 'currentStatus' (ID #1, params={})
04-06 02:37:06.637 25563 25654 I DetoxDispatcher: Handling action 'currentStatus' (ID #1)...
04-06 02:37:06.650 25563 25654 I DetoxWSClient: Sending out action 'currentStatusResult' (ID #1)
04-06 02:37:06.651 25563 25654 I DetoxDispatcher: Done with action 'currentStatus'
04-06 02:37:16.669 25563 25657 D DetoxWSClient: Received action 'currentStatus' (ID #2, params={})
04-06 02:37:16.670 25563 25654 I DetoxDispatcher: Handling action 'currentStatus' (ID #2)...
04-06 02:37:16.678 25563 25654 I DetoxWSClient: Sending out action 'currentStatusResult' (ID #2)
04-06 02:37:16.679 25563 25654 I DetoxDispatcher: Done with action 'currentStatus'
04-06 02:37:26.689 25563 25657 D DetoxWSClient: Received action 'currentStatus' (ID #3, params={})
04-06 02:37:26.689 25563 25654 I DetoxDispatcher: Handling action 'currentStatus' (ID #3)...
04-06 02:37:26.693 25563 25654 I DetoxWSClient: Sending out action 'currentStatusResult' (ID #3)
04-06 02:37:26.693 25563 25654 I DetoxDispatcher: Done with action 'currentStatus'
04-06 02:37:36.707 25563 25657 D DetoxWSClient: Received action 'currentStatus' (ID #4, params={})
04-06 02:37:36.708 25563 25654 I DetoxDispatcher: Handling action 'currentStatus' (ID #4)...
04-06 02:37:36.716 25563 25654 I DetoxWSClient: Sending out action 'currentStatusResult' (ID #4)
04-06 02:37:36.717 25563 25654 I DetoxDispatcher: Done with action 'currentStatus'
04-06 02:37:46.737 25563 25657 D DetoxWSClient: Received action 'currentStatus' (ID #5, params={})
04-06 02:37:46.738 25563 25654 I DetoxDispatcher: Handling action 'currentStatus' (ID #5)...
04-06 02:37:46.747 25563 25654 I DetoxWSClient: Sending out action 'currentStatusResult' (ID #5)
04-06 02:37:46.748 25563 25654 I DetoxDispatcher: Done with action 'currentStatus'
04-06 02:37:56.761 25563 25657 D DetoxWSClient: Received action 'currentStatus' (ID #6, params={})
04-06 02:37:56.762 25563 25654 I DetoxDispatcher: Handling action 'currentStatus' (ID #6)...
04-06 02:37:56.766 25563 25654 I DetoxWSClient: Sending out action 'currentStatusResult' (ID #6)
04-06 02:37:56.767 25563 25654 I DetoxDispatcher: Done with action 'currentStatus'
04-06 02:38:06.776 25563 25657 D DetoxWSClient: Received action 'currentStatus' (ID #7, params={})
04-06 02:38:06.777 25563 25654 I DetoxDispatcher: Handling action 'currentStatus' (ID #7)...
04-06 02:38:06.785 25563 25654 I DetoxWSClient: Sending out action 'currentStatusResult' (ID #7)
04-06 02:38:06.786 25563 25654 I DetoxDispatcher: Done with action 'currentStatus'
04-06 02:38:16.803 25563 25657 D DetoxWSClient: Received action 'currentStatus' (ID #8, params={})
04-06 02:38:16.803 25563 25654 I DetoxDispatcher: Handling action 'currentStatus' (ID #8)...
04-06 02:38:16.808 25563 25654 I DetoxWSClient: Sending out action 'currentStatusResult' (ID #8)
04-06 02:38:16.809 25563 25654 I DetoxDispatcher: Done with action 'currentStatus'
04-06 02:38:26.825 25563 25657 D DetoxWSClient: Received action 'currentStatus' (ID #9, params={})
04-06 02:38:26.826 25563 25654 I DetoxDispatcher: Handling action 'currentStatus' (ID #9)...
04-06 02:38:26.837 25563 25654 I DetoxWSClient: Sending out action 'currentStatusResult' (ID #9)
04-06 02:38:26.838 25563 25654 I DetoxDispatcher: Done with action 'currentStatus'
04-06 02:38:36.857 25563 25657 D DetoxWSClient: Received action 'currentStatus' (ID #10, params={})
04-06 02:38:36.858 25563 25654 I DetoxDispatcher: Handling action 'currentStatus' (ID #10)...
04-06 02:38:36.868 25563 25654 I DetoxWSClient: Sending out action 'currentStatusResult' (ID #10)
04-06 02:38:36.868 25563 25654 I DetoxDispatcher: Done with action 'currentStatus'
04-06 02:38:46.877 25563 25657 D DetoxWSClient: Received action 'currentStatus' (ID #11, params={})
04-06 02:38:46.878 25563 25654 I DetoxDispatcher: Handling action 'currentStatus' (ID #11)...
04-06 02:38:46.887 25563 25654 I DetoxWSClient: Sending out action 'currentStatusResult' (ID #11)
04-06 02:38:46.888 25563 25654 I DetoxDispatcher: Done with action 'currentStatus'
04-06 02:38:56.896 25563 25657 D DetoxWSClient: Received action 'currentStatus' (ID #12, params={})
04-06 02:38:56.897 25563 25654 I DetoxDispatcher: Handling action 'currentStatus' (ID #12)...
04-06 02:38:56.904 25563 25654 I DetoxWSClient: Sending out action 'currentStatusResult' (ID #12)
04-06 02:38:56.904 25563 25654 I DetoxDispatcher: Done with action 'currentStatus'
04-06 02:39:06.917 25563 25657 D DetoxWSClient: Received action 'currentStatus' (ID #13, params={})
04-06 02:39:06.918 25563 25654 I DetoxDispatcher: Handling action 'currentStatus' (ID #13)...
04-06 02:39:06.927 25563 25654 I DetoxWSClient: Sending out action 'currentStatusResult' (ID #13)
04-06 02:39:06.927 25563 25654 I DetoxDispatcher: Done with action 'currentStatus'
04-06 02:39:16.936 25563 25657 D DetoxWSClient: Received action 'currentStatus' (ID #14, params={})
04-06 02:39:16.938 25563 25654 I DetoxDispatcher: Handling action 'currentStatus' (ID #14)...
04-06 02:39:16.947 25563 25654 I DetoxWSClient: Sending out action 'currentStatusResult' (ID #14)
04-06 02:39:16.948 25563 25654 I DetoxDispatcher: Done with action 'currentStatus'
04-06 02:39:26.969 25563 25657 D DetoxWSClient: Received action 'currentStatus' (ID #15, params={})
04-06 02:39:26.970 25563 25654 I DetoxDispatcher: Handling action 'currentStatus' (ID #15)...
04-06 02:39:26.980 25563 25654 I DetoxWSClient: Sending out action 'currentStatusResult' (ID #15)
04-06 02:39:26.981 25563 25654 I DetoxDispatcher: Done with action 'currentStatus'
04-06 02:39:37.000 25563 25657 D DetoxWSClient: Received action 'currentStatus' (ID #16, params={})
04-06 02:39:37.001 25563 25654 I DetoxDispatcher: Handling action 'currentStatus' (ID #16)...
04-06 02:39:37.009 25563 25654 I DetoxWSClient: Sending out action 'currentStatusResult' (ID #16)
04-06 02:39:37.010 25563 25654 I DetoxDispatcher: Done with action