04-06 10:50:04.114 30136 30194 I DetoxDispatcher: Handling action 'invoke' (ID #5)...
04-06 10:50:04.115 30136 30194 D Detox   : class com.wix.detox.espresso.DetoxMatcher, matcherForTestId, [input-peso-atual, false]
04-06 10:50:04.116 30136 30194 D Detox   : class androidx.test.espresso.action.ViewActions, clearText, []
04-06 10:50:04.116 30136 30194 D Detox   : class com.wix.detox.espresso.EspressoDetox, perform, [(view.getTag() is "input-peso-atual" and view has effective visibility <VISIBLE>), androidx.test.espresso.action.ReplaceTextAction@88dc8f5]
04-06 10:50:04.124 30136 30136 I ViewInteraction: Performing 'replace text()' action on view (view.getTag() is "input-peso-atual" and view has effective visibility <VISIBLE>)
04-06 10:50:04.137 30136 30194 I DetoxWSClient: Sending out action 'invokeResult' (ID #5)
04-06 10:50:04.137 30136 30194 I DetoxDispatcher: Done with action 'invoke'
04-06 10:50:04.143 30136 30198 D DetoxWSClient: Received action 'invoke' (ID #6, params={"target":{"type":"Class","value":"com.wix.detox.espresso.EspressoDetox"},"method":"perform","args":[{"type":"Invocation","value":{"target":{"type":"Class","value":"com.wix.detox.espresso.DetoxMatcher"},"method":"matcherForTestId","args":["input-peso-atual",{"type":"boolean","value":false}]}},{"type":"Invocation","value":{"target":{"type":"Class","value":"androidx.test.espresso.action.ViewActions"},"method":"replaceText","args":["82"]}}]})
04-06 10:50:04.144 30136 30194 I DetoxDispatcher: Handling action 'invoke' (ID #6)...
04-06 10:50:04.144 30136 30194 D Detox   : class com.wix.detox.espresso.DetoxMatcher, matcherForTestId, [input-peso-atual, false]
04-06 10:50:04.145 30136 30194 D Detox   : class androidx.test.espresso.action.ViewActions, replaceText, [82]
04-06 10:50:04.145 30136 30194 D Detox   : class com.wix.detox.espresso.EspressoDetox, perform, [(view.getTag() is "input-peso-atual" and view has effective visibility <VISIBLE>), androidx.test.espresso.action.ReplaceTextAction@c1f0330]
04-06 10:50:04.146 30136 30136 D InputMethodManager: startInputInner - Id : 0
04-06 10:50:04.147 30136 30136 I InputMethodManager: startInputInner - mService.startInputOrWindowGainedFocus
04-06 10:50:04.173 30136 30136 D InsetsController: show(ime(), fromIme=true)
04-06 10:50:04.188 30136 30136 D InputMethodManager: startInputInner - Id : 0
04-06 10:50:04.188 30136 30136 I InputMethodManager: startInputInner - mService.startInputOrWindowGainedFocus
04-06 10:50:04.195 30136 30136 I ViewInteraction: Performing 'replace text(82)' action on view (view.getTag() is "input-peso-atual" and view has effective visibility <VISIBLE>)
04-06 10:50:04.198 30136 30144 I om.evolucao.app: Compiler allocated 6133KB to compile void android.view.ViewRootImpl.performTraversals()
04-06 10:50:04.200 30136 30194 I DetoxWSClient: Sending out action 'invokeResult' (ID #6)
04-06 10:50:04.201 30136 30194 I DetoxDispatcher: Done with action 'invoke'
04-06 10:50:04.206 30136 30198 D DetoxWSClient: Received action 'invoke' (ID #7, params={"target":{"type":"Class","value":"com.wix.detox.espresso.DetoxAssertion"},"method":"assertMatcher","args":[{"type":"Invocation","value":{"target":{"type":"Class","value":"androidx.test.espresso.Espresso"},"method":"onView","args":[{"type":"Invocation","value":{"target":{"type":"Class","value":"com.wix.detox.espresso.DetoxMatcher"},"method":"matcherForTestId","args":["input-peso-atual",{"type":"boolean","value":false}]}}]}},{"type":"Invocation","value":{"target":{"type":"Class","value":"com.wix.detox.espresso.DetoxMatcher"},"method":"matcherForText","args":["82",{"type":"boolean","value":false}]}}]})
04-06 10:50:04.207 30136 30194 I DetoxDispatcher: Handling action 'invoke' (ID #7)...
04-06 10:50:04.208 30136 30194 D Detox   : class com.wix.detox.espresso.DetoxMatcher, matcherForTestId, [input-peso-atual, false]
04-06 10:50:04.209 30136 30194 D Detox   : class androidx.test.espresso.Espresso, onView, [(view.getTag() is "input-peso-atual" and view has effective visibility <VISIBLE>)]
04-06 10:50:04.211 30136 30194 D Detox   : class com.wix.detox.espresso.DetoxMatcher, matcherForText, [82, false]
04-06 10:50:04.213 30136 30194 D Detox   : class com.wix.detox.espresso.DetoxAssertion, assertMatcher, [androidx.test.espresso.ViewInteraction@59abaaf, (an instance of android.widget.TextView and view.getText() with or without transformation to match: is "82" and view has effective visibility <VISIBLE>)]
04-06 10:50:04.216 30136 30136 D InputMethodManager: startInputInner - Id : 0
04-06 10:50:04.216 30136 30136 I InputMethodManager: startInputInner - mService.startInputOrWindowGainedFocus
04-06 10:50:04.232 30136 30212 D OpenGLRenderer: setSurface called with nullptr
04-06 10:50:04.232 30136 30212 D OpenGLRenderer: setSurface() destroyed EGLSurface
04-06 10:50:04.232 30136 30212 D OpenGLRenderer: destroyEglSurface
04-06 10:50:04.233 30136 30136 I ViewRootImpl@71eeeb8[PopupWindow:3c6bd1b]: dispatchDetachedFromWindow
04-06 10:50:04.237 30136 30136 D InputTransport: Input channel destroyed: 'fce3501', fd=174
04-06 10:50:04.237 30136 30212 D OpenGLRenderer: setSurface called with nullptr
04-06 10:50:04.237 30136 30212 D OpenGLRenderer: setSurface() destroyed EGLSurface
04-06 10:50:04.237 30136 30212 D OpenGLRenderer: destroyEglSurface
04-06 10:50:04.238 30136 30136 I ViewRootImpl@dc5b493[PopupWindow:75d582]: dispatchDetachedFromWindow
04-06 10:50:04.241 30136 30136 D InputTransport: Input channel destroyed: 'b68203d', fd=175
04-06 10:50:04.242 30136 30136 D InsetsController: show(ime(), fromIme=true)
04-06 10:50:04.252 30136 30136 I ViewInteraction: Checking 'MatchesViewAssertion(Detox){viewMatcher=(an instance of android.widget.TextView and view.getText() with or without transformation to match: is "82" and view has effective visibility <VISIBLE>)}' assertion on view (view.getTag() is "input-peso-atual" and view has effective visibility <VISIBLE>)
04-06 10:50:04.255 30136 30194 I DetoxWSClient: Sending out action 'invokeResult' (ID #7)
04-06 10:50:04.255 30136 30194 I DetoxDispatcher: Done with action 'invoke'
04-06 10:50:04.257 30136 30136 D InsetsController: show(ime(), fromIme=true)
04-06 10:50:04.261 30136 30198 D DetoxWSClient: Received action 'invoke' (ID #8, params={"target":{"type":"Class","value":"com.wix.detox.espresso.EspressoDetox"},"method":"perform","args":[{"type":"Invocation","value":{"target":{"type":"Class","value":"com.wix.detox.espresso.DetoxMatcher"},"method":"matcherForTestId","args":["input-peso-meta",{"type":"boolean","value":false}]}},{"type":"Invocation","value":{"target":{"type":"Class","value":"com.wix.detox.espresso.DetoxViewActions"},"method":"click","args":[]}}]})
04-06 10:50:04.261 30136 30194 I DetoxDispatcher: Handling action 'invoke' (ID #8)...
04-06 10:50:04.261 30136 30194 D Detox   : class com.wix.detox.espresso.DetoxMatcher, matcherForTestId, [input-peso-meta, false]
04-06 10:50:04.261 30136 30194 D Detox   : class com.wix.detox.espresso.DetoxViewActions, click, []
04-06 10:50:04.262 30136 30194 D Detox   : class com.wix.detox.espresso.EspressoDetox, perform, [(view.getTag() is "input-peso-meta" and view has effective visibility <VISIBLE>), com.wix.detox.espresso.action.RNClickAction@c75ad9f]
04-06 10:50:04.264 30136 30136 I ViewInteraction: Performing 'com.wix.detox.espresso.action.detoxsingletap@fb8eec click' action on view (view.getTag() is "input-peso-meta" and view has effective visibility <VISIBLE>)
04-06 10:50:04.269 30136 30136 I ViewRootImpl@73623ee[MainActivity]: ViewPostIme pointer 0
04-06 10:50:04.299 30136 30136 I ViewRootImpl@73623ee[MainActivity]: ViewPostIme pointer 1
04-06 10:50:04.312 30136 30136 D InputMethodManager: startInputInner - Id : 0
04-06 10:50:04.312 30136 30136 I InputMethodManager: startInputInner - mService.startInputOrWindowGainedFocus
04-06 10:50:04.317 30136 30136 I IMM_LC  : showSoftInput(View,I)
04-06 10:50:04.317 30136 30136 I IMM_LC  : ssi() - flag : 0 view : com.evolucao.app reason = SHOW_SOFT_INPUT
04-06 10:50:04.327 30136 30212 D NativeCustomFrequencyManager: [NativeCFMS] BpCustomFrequencyManager::BpCustomFrequencyManager()
04-06 10:50:04.331 30136 30136 D InsetsController: onStateChanged: InsetsState: {mDisplayFrame=Rect(0, 0 - 1080, 2400), mDisplayCutout=DisplayCutout{insets=Rect(0, 88 - 0, 0) waterfall=Insets{left=0, top=0, right=0, bottom=0} boundingRect={Bounds=[Rect(0, 0 - 0, 0), Rect(512, 0 - 568, 88), Rect(0, 0 - 0, 0), Rect(0, 0 - 0, 0)]} cutoutPathParserInfo={CutoutPathParserInfo{displayWidth=1080 displayHeight=2400 physicalDisplayWidth=1080 physicalDisplayHeight=2400 density={3.0} cutoutSpec={M 0,0 M 0,10.71963616907435 a 9.280363830925644,9.280363830925644 0 1,0 0,18.56072766185129 a 9.280363830925644,9.280363830925644 0 1,0 0,-18.56072766185129 Z @dp} rotation={0} scale={1.0} physicalPixelDisplaySizeRatio={1.0}}}}, mRoundedCorners=RoundedCorners{[RoundedCorner{position=TopLeft, radius=96, center=Point(96, 96)}, RoundedCorner{position=TopRight, radius=96, center=Point(984, 96)}, RoundedCorner{position=BottomRight, radius=96, center=Point(984, 2304)}, RoundedCorner{position=BottomLeft, radius=96, center=Point(96, 2304)}]}  mRoundedCornerFrame=Rect(0, 0 - 1080, 2400), mPrivacyIndicatorBounds=PrivacyIndicatorBounds {static bounds=Rect(948, 0 - 1080, 88) rotation=0}, mSources= { InsetsSource: {mType=ITYPE_STATUS_BAR, mFrame=[0,0][1080,88], mVisible=true, mInsetsRoundedCornerFrame=false}, InsetsSource: {mType=ITYPE_NAVIGATION_BAR, mFrame=[0,2256][1080,2400], mVisible=true, mInsetsRoundedCornerFrame=false}, InsetsSource: {mType=ITYPE_LEFT_GESTURES, mFrame=[0,0][0,2400], mVisible=true, mInsetsRoundedCornerFrame=false}, InsetsSource: {mType=ITYPE_RIGHT_GESTURES, mFrame=[1080,0][1080,2400], mVisible=true, mInsetsRoundedCornerFrame=false}, InsetsSource: {mType=ITYPE_TOP_MANDATORY_GESTURES, mFrame=[0,0][1080,124], mVisible=true, mInsetsRoundedCornerFrame=false}, InsetsSource: {mType=ITYPE_BOTTOM_MANDATORY_GESTURES, mFrame=[0,2256][1080,2400], mVisible=true, mInsetsRoundedCornerFrame=false}, InsetsSource: {mType=ITYPE_LEFT_DISPLAY_CUTOUT, mFrame=[0,0][-100000,2400], mVisible=true, mInsetsRoundedCornerFrame=false}, InsetsSource: {mType=ITYPE_TOP_DISPLAY_CUTOUT, mFrame=[0,0][1080,88], mVisible=true, mInsetsRoundedCornerFrame=false}, InsetsSource: {mType=ITYPE_RIGHT_DISPLAY_CUTOUT, mFrame=[100000,0][1080,2400], mVisible=true, mInsetsRoundedCornerFrame=false}, InsetsSource: {mType=ITYPE_BOTTOM_DISPLAY_CUTOUT, mFrame=[0,100000][1080,2400], mVisible=true, mInsetsRoundedCornerFrame=false}, InsetsSource: {mType=ITYPE_TOP_TAPPABLE_ELEMENT, mFrame=[0,0][1080,88], mVisible=true, mInsetsRoundedCornerFrame=false}, InsetsSource: {mType=ITYPE_BOTTOM_TAPPABLE_ELEMENT, mFrame=[0,2256][1080,2400], mVisible=true, mInsetsRoundedCornerFrame=false} } host=PopupWindow:85bad4a from=android.view.ViewRootImpl.setView:1732
04-06 10:50:04.333 30136 30136 I ViewRootImpl@f1184bb[PopupWindow:85bad4a]: setView = android.widget.PopupWindow$PopupDecorView@dc9b197 TM=false
04-06 10:50:04.335 30136 30212 D NativeCustomFrequencyManager: [NativeCFMS] BpCustomFrequencyManager::BpCustomFrequencyManager()
04-06 10:50:04.338 30136 30136 D InsetsController: onStateChanged: InsetsState: {mDisplayFrame=Rect(0, 0 - 1080, 2400), mDisplayCutout=DisplayCutout{insets=Rect(0, 88 - 0, 0) waterfall=Insets{left=0, top=0, right=0, bottom=0} boundingRect={Bounds=[Rect(0, 0 - 0, 0), Rect(512, 0 - 568, 88), Rect(0, 0 - 0, 0), Rect(0, 0 - 0, 0)]} cutoutPathParserInfo={CutoutPathParserInfo{displayWidth=1080 displayHeight=2400 physicalDisplayWidth=1080 physicalDisplayHeight=2400 density={3.0} cutoutSpec={M 0,0 M 0,10.71963616907435 a 9.280363830925644,9.280363830925644 0 1,0 0,18.56072766185129 a 9.280363830925644,9.280363830925644 0 1,0 0,-18.56072766185129 Z @dp} rotation={0} scale={1.0} physicalPixelDisplaySizeRatio={1.0}}}}, mRoundedCorners=RoundedCorners{[RoundedCorner{position=TopLeft, radius=96, center=Point(96, 96)}, RoundedCorner{position=TopRight, radius=96, center=Point(984, 96)}, RoundedCorner{position=BottomRight, radius=96, center=Point(984, 2304)}, RoundedCorner{position=BottomLeft, radius=96, center=Point(96, 2304)}]}  mRoundedCornerFrame=Rect(0, 0 - 1080, 2400), mPrivacyIndicatorBounds=PrivacyIndicatorBounds {static bounds=Rect(948, 0 - 1080, 88) rotation=0}, mSources= { InsetsSource: {mType=ITYPE_STATUS_BAR, mFrame=[0,0][1080,88], mVisible=true, mInsetsRoundedCornerFrame=false}, InsetsSource: {mType=ITYPE_NAVIGATION_BAR, mFrame=[0,2256][1080,2400], mVisible=true, mInsetsRoundedCornerFrame=false}, InsetsSource: {mType=ITYPE_LEFT_GESTURES, mFrame=[0,0][0,2400], mVisible=true, mInsetsRoundedCornerFrame=false}, InsetsSource: {mType=ITYPE_RIGHT_GESTURES, mFrame=[1080,0][1080,2400], mVisible=true, mInsetsRoundedCornerFrame=false}, InsetsSource: {mType=ITYPE_TOP_MANDATORY_GESTURES, mFrame=[0,0][1080,124], mVisible=true, mInsetsRoundedCornerFrame=false}, InsetsSource: {mType=ITYPE_BOTTOM_MANDATORY_GESTURES, mFrame=[0,2256][1080,2400], mVisible=true, mInsetsRoundedCornerFrame=false}, InsetsSource: {mType=ITYPE_LEFT_DISPLAY_CUTOUT, mFrame=[0,0][-100000,2400], mVisible=true, mInsetsRoundedCornerFrame=false}, InsetsSource: {mType=ITYPE_TOP_DISPLAY_CUTOUT, mFrame=[0,0][1080,88], mVisible=true, mInsetsRoundedCornerFrame=false}, InsetsSource: {mType=ITYPE_RIGHT_DISPLAY_CUTOUT, mFrame=[100000,0][1080,2400], mVisible=true, mInsetsRoundedCornerFrame=false}, InsetsSource: {mType=ITYPE_BOTTOM_DISPLAY_CUTOUT, mFrame=[0,100000][1080,2400], mVisible=true, mInsetsRoundedCornerFrame=false}, InsetsSource: {mType=ITYPE_TOP_TAPPABLE_ELEMENT, mFrame=[0,0][1080,88], mVisible=true, mInsetsRoundedCornerFrame=false}, InsetsSource: {mType=ITYPE_BOTTOM_TAPPABLE_ELEMENT, mFrame=[0,2256][1080,2400], mVisible=true, mInsetsRoundedCornerFrame=false} } host=PopupWindow:ff8c36d from=android.view.ViewRootImpl.setView:1732
04-06 10:50:04.339 30136 30136 I ViewRootImpl@bc49ba2[PopupWindow:ff8c36d]: setView = android.widget.PopupWindow$PopupDecorView@974cfee TM=false
04-06 10:50:04.342 30136 30136 W RemoteInputConnectionImpl: requestCursorAnchorInfo on inactive InputConnection
04-06 10:50:04.342 30136 30136 I IMM_LC  : showSoftInput(View,I)
04-06 10:50:04.342 30136 30136 I IMM_LC  : ssi() - flag : 0 view : com.evolucao.app reason = SHOW_SOFT_INPUT
04-06 10:50:04.345 30136 30136 I ViewRootImpl@f1184bb[PopupWindow:85bad4a]: performTraversals params={(112,1390)(90x108) gr=TOP START CENTER sim={state=unchanged adjust=pan} ty=APPLICATION_SUB_PANEL fmt=TRANSLUCENT wanim=0x1030313 surfaceInsets=Rect(0, 0 - 0, 0) (manual)
04-06 10:50:04.345 30136 30136 I ViewRootImpl@f1184bb[PopupWindow:85bad4a]:   fl=41800208
04-06 10:50:04.345 30136 30136 I ViewRootImpl@f1184bb[PopupWindow:85bad4a]:   pfl=2018000
04-06 10:50:04.345 30136 30136 I ViewRootImpl@f1184bb[PopupWindow:85bad4a]:   bhv=DEFAULT
04-06 10:50:04.345 30136 30136 I ViewRootImpl@f1184bb[PopupWindow:85bad4a]:   fitTypes=STATUS_BARS NAVIGATION_BARS CAPTION_BAR naviIconColor=0
04-06 10:50:04.345 30136 30136 I ViewRootImpl@f1184bb[PopupWindow:85bad4a]:   sfl=20000}
04-06 10:50:04.346 30136 30136 I ViewRootImpl@f1184bb[PopupWindow:85bad4a]: performTraversals mFirst=true windowShouldResize=true viewVisibilityChanged=false mForceNextWindowRelayout=false params={(112,1390)(90x108) gr=TOP START CENTER sim={state=unchanged adjust=pan} ty=APPLICATION_SUB_PANEL fmt=TRANSLUCENT wanim=0x1030313 surfaceInsets=Rect(0, 0 - 0, 0) (manual)
04-06 10:50:04.346 30136 30136 I ViewRootImpl@f1184bb[PopupWindow:85bad4a]:   fl=41800208
04-06 10:50:04.346 30136 30136 I ViewRootImpl@f1184bb[PopupWindow:85bad4a]:   pfl=42018000
04-06 10:50:04.346 30136 30136 I ViewRootImpl@f1184bb[PopupWindow:85bad4a]:   bhv=DEFAULT
04-06 10:50:04.346 30136 30136 I ViewRootImpl@f1184bb[PopupWindow:85bad4a]:   fitTypes=STATUS_BARS NAVIGATION_BARS CAPTION_BAR naviIconColor=0
04-06 10:50:04.346 30136 30136 I ViewRootImpl@f1184bb[PopupWindow:85bad4a]:   sfl=20000}
04-06 10:50:04.349 30136 30150 I ViewRootImpl@f1184bb[PopupWindow:85bad4a]: Resizing android.view.ViewRootImpl@4c6cf84: frame = [112,1390][202,1498] reportDraw = true forceLayout = false syncSeqId = 0
04-06 10:50:04.350 30136 30136 I ViewRootImpl@f1184bb[PopupWindow:85bad4a]: updateBlastSurfaceIfNeeded mBlastBufferQueue=null isSameSurfaceControl=false
04-06 10:50:04.350 30136 30136 I BLASTBufferQueue: new BLASTBufferQueue, mName= ViewRootImpl@f1184bb[PopupWindow:85bad4a] mNativeObject= 0xb4000070a0672d80 sc.mNativeObject= 0xb4000070a06ef1c0 caller= android.view.ViewRootImpl.updateBlastSurfaceIfNeeded:2909 android.view.ViewRootImpl.relayoutWindow:9847 android.view.ViewRootImpl.performTraversals:3884 android.view.ViewRootImpl.doTraversal:3116 android.view.ViewRootImpl$TraversalRunnable.run:10885 android.view.Choreographer$CallbackRecord.run:1301 android.view.Choreographer$CallbackRecord.run:1309 android.view.Choreographer.doCallbacks:923 android.view.Choreographer.doFrame:852 android.view.Choreographer$FrameDisplayEventReceiver.run:1283 
04-06 10:50:04.350 30136 30136 I BLASTBufferQueue: update, w= 90 h= 108 mName = ViewRootImpl@f1184bb[PopupWindow:85bad4a] mNativeObject= 0xb4000070a0672d80 sc.mNativeObject= 0xb4000070a06ef1c0 format= -3 caller= android.graphics.BLASTBufferQueue.<init>:84 android.view.ViewRootImpl.updateBlastSurfaceIfNeeded:2909 android.view.ViewRootImpl.relayoutWindow:9847 android.view.ViewRootImpl.performTraversals:3884 android.view.ViewRootImpl.doTraversal:3116 android.view.ViewRootImpl$TraversalRunnable.run:10885 
04-06 10:50:04.350 30136 30136 I ViewRootImpl@f1184bb[PopupWindow:85bad4a]: Relayout returned: old=(112,1390,202,1498) new=(112,1390,202,1498) req=(90,108)0 dur=4 res=0x3 s={true 0xb4000070a70f2000} ch=true seqId=0
04-06 10:50:04.351 30136 30136 I ViewRootImpl@f1184bb[PopupWindow:85bad4a]: mThreadedRenderer.initialize() mSurface={isValid=true 0xb4000070a70f2000} hwInitialized=true
04-06 10:50:04.351 30136 30212 D OpenGLRenderer: eglCreateWindowSurface
04-06 10:50:04.352 30136 30136 I ViewRootImpl@f1184bb[PopupWindow:85bad4a]: reportNextDraw android.view.ViewRootImpl.performTraversals:4438 android.view.ViewRootImpl.doTraversal:3116 android.view.ViewRootImpl$TraversalRunnable.run:10885 android.view.Choreographer$CallbackRecord.run:1301 android.view.Choreographer$CallbackRecord.run:1309 
04-06 10:50:04.352 30136 30136 I ViewRootImpl@f1184bb[PopupWindow:85bad4a]: Setup new sync id=0
04-06 10:50:04.352 30136 30136 I ViewRootImpl@f1184bb[PopupWindow:85bad4a]: Setting syncFrameCallback
04-06 10:50:04.352 30136 30136 I ViewRootImpl@f1184bb[PopupWindow:85bad4a]: registerCallbacksForSync syncBuffer=false
04-06 10:50:04.353 30136 30233 I ViewRootImpl@f1184bb[PopupWindow:85bad4a]: Received frameDrawingCallback syncResult=0 frameNum=1.
04-06 10:50:04.353 30136 30233 I ViewRootImpl@f1184bb[PopupWindow:85bad4a]: Setting up sync and frameCommitCallback
04-06 10:50:04.354 30136 30212 I BLASTBufferQueue: [ViewRootImpl@f1184bb[PopupWindow:85bad4a]#4](f:0,a:0) onFrameAvailable the first frame is available
04-06 10:50:04.354 30136 30212 I ViewRootImpl@f1184bb[PopupWindow:85bad4a]: Received frameCommittedCallback lastAttemptedDrawFrameNum=1 didProduceBuffer=true
04-06 10:50:04.354 30136 30212 D OpenGLRenderer: CFMS:: SetUp Pid : 30136    Tid : 30212
04-06 10:50:04.354 30136 30212 W Parcel  : Expecting binder but got null!
04-06 10:50:04.355 30136 30136 I ViewRootImpl@f1184bb[PopupWindow:85bad4a]: onSyncComplete
04-06 10:50:04.355 30136 30136 I ViewRootImpl@f1184bb[PopupWindow:85bad4a]: setupSync seqId=0 mSyncId=0 fn=1 caller=android.view.ViewRootImpl$$ExternalSyntheticLambda11.accept:6 android.window.SurfaceSyncer.lambda$setupSync$1$android-window-SurfaceSyncer:128 android.window.SurfaceSyncer$$ExternalSyntheticLambda1.accept:8 android.window.SurfaceSyncer$SyncSet.checkIfSyncIsComplete:382 android.window.SurfaceSyncer$SyncSet.markSyncReady:359 android.window.SurfaceSyncer.markSyncReady:151 android.view.ViewRootImpl.performTraversals:4503 
04-06 10:50:04.356 30136 30136 I ViewRootImpl@bc49ba2[PopupWindow:ff8c36d]: performTraversals params={(112,1296)(90x94) gr=TOP START CENTER sim={state=unchanged adjust=pan} ty=APPLICATION_SUB_PANEL fmt=TRANSLUCENT wanim=0x1030313 surfaceInsets=Rect(0, 0 - 0, 0) (manual)
04-06 10:50:04.356 30136 30136 I ViewRootImpl@bc49ba2[PopupWindow:ff8c36d]:   fl=41800218
04-06 10:50:04.356 30136 30136 I ViewRootImpl@bc49ba2[PopupWindow:ff8c36d]:   pfl=2018000
04-06 10:50:04.356 30136 30136 I ViewRootImpl@bc49ba2[PopupWindow:ff8c36d]:   bhv=DEFAULT
04-06 10:50:04.356 30136 30136 I ViewRootImpl@bc49ba2[PopupWindow:ff8c36d]:   fitTypes=STATUS_BARS NAVIGATION_BARS CAPTION_BAR naviIconColor=0
04-06 10:50:04.356 30136 30136 I ViewRootImpl@bc49ba2[PopupWindow:ff8c36d]:   sfl=20000}
04-06 10:50:04.357 30136 30136 I ViewRootImpl@bc49ba2[PopupWindow:ff8c36d]: performTraversals mFirst=true windowShouldResize=true viewVisibilityChanged=false mForceNextWindowRelayout=false params={(112,1296)(90x94) gr=TOP START CENTER sim={state=unchanged adjust=pan} ty=APPLICATION_SUB_PANEL fmt=TRANSLUCENT wanim=0x1030313 surfaceInsets=Rect(0, 0 - 0, 0) (manual)
04-06 10:50:04.357 30136 30136 I ViewRootImpl@bc49ba2[PopupWindow:ff8c36d]:   fl=41800218
04-06 10:50:04.357 30136 30136 I ViewRootImpl@bc49ba2[PopupWindow:ff8c36d]:   pfl=42018000
04-06 10:50:04.357 30136 30136 I ViewRootImpl@bc49ba2[PopupWindow:ff8c36d]:   bhv=DEFAULT
04-06 10:50:04.357 30136 30136 I ViewRootImpl@bc49ba2[PopupWindow:ff8c36d]:   fitTypes=STATUS_BARS NAVIGATION_BARS CAPTION_BAR naviIconColor=0
04-06 10:50:04.357 30136 30136 I ViewRootImpl@bc49ba2[PopupWindow:ff8c36d]:   sfl=20000}
04-06 10:50:04.360 30136 30238 I ViewRootImpl@bc49ba2[PopupWindow:ff8c36d]: Resizing android.view.ViewRootImpl@e2b3c8f: frame = [112,1296][202,1390] reportDraw = true forceLayout = false syncSeqId = 0
04-06 10:50:04.361 30136 30136 I ViewRootImpl@bc49ba2[PopupWindow:ff8c36d]: updateBlastSurfaceIfNeeded mBlastBufferQueue=null isSameSurfaceControl=false
04-06 10:50:04.362 30136 30136 I BLASTBufferQueue: new BLASTBufferQueue, mName= ViewRootImpl@bc49ba2[PopupWindow:ff8c36d] mNativeObject= 0xb4000070a0673100 sc.mNativeObject= 0xb4000070a06ef440 caller= android.view.ViewRootImpl.updateBlastSurfaceIfNeeded:2909 android.view.ViewRootImpl.relayoutWindow:9847 android.view.ViewRootImpl.performTraversals:3884 android.view.ViewRootImpl.doTraversal:3116 android.view.ViewRootImpl$TraversalRunnable.run:10885 android.view.Choreographer$CallbackRecord.run:1301 android.view.Choreographer$CallbackRecord.run:1309 android.view.Choreographer.doCallbacks:923 android.view.Choreographer.doFrame:852 android.view.Choreographer$FrameDisplayEventReceiver.run:1283 
04-06 10:50:04.362 30136 30136 I BLASTBufferQueue: update, w= 90 h= 94 mName = ViewRootImpl@bc49ba2[PopupWindow:ff8c36d] mNativeObject= 0xb4000070a0673100 sc.mNativeObject= 0xb4000070a06ef440 format= -3 caller= android.graphics.BLASTBufferQueue.<init>:84 android.view.ViewRootImpl.updateBlastSurfaceIfNeeded:2909 android.view.ViewRootImpl.relayoutWindow:9847 android.view.ViewRootImpl.performTraversals:3884 android.view.ViewRootImpl.doTraversal:3116 android.view.ViewRootImpl$TraversalRunnable.run:10885 
04-06 10:50:04.362 30136 30136 I ViewRootImpl@bc49ba2[PopupWindow:ff8c36d]: Relayout returned: old=(112,1296,202,1390) new=(112,1296,202,1390) req=(90,94)0 dur=4 res=0x3 s={true 0xb4000070a70ef800} ch=true seqId=0
04-06 10:50:04.363 30136 30136 I ViewRootImpl@bc49ba2[PopupWindow:ff8c36d]: mThreadedRenderer.initialize() mSurface={isValid=true 0xb4000070a70ef800} hwInitialized=true
04-06 10:50:04.363 30136 30212 D OpenGLRenderer: eglCreateWindowSurface
04-06 10:50:04.364 30136 30136 I ViewRootImpl@bc49ba2[PopupWindow:ff8c36d]: reportNextDraw android.view.ViewRootImpl.performTraversals:4438 android.view.ViewRootImpl.doTraversal:3116 android.view.ViewRootImpl$TraversalRunnable.run:10885 android.view.Choreographer$CallbackRecord.run:1301 android.view.Choreographer$CallbackRecord.run:1309 
04-06 10:50:04.364 30136 30136 I ViewRootImpl@bc49ba2[PopupWindow:ff8c36d]: Setup new sync id=0
04-06 10:50:04.364 30136 30136 I ViewRootImpl@bc49ba2[PopupWindow:ff8c36d]: Setting syncFrameCallback
04-06 10:50:04.364 30136 30136 I ViewRootImpl@bc49ba2[PopupWindow:ff8c36d]: registerCallbacksForSync syncBuffer=false
04-06 10:50:04.364 30136 30232 I ViewRootImpl@bc49ba2[PopupWindow:ff8c36d]: Received frameDrawingCallback syncResult=0 frameNum=1.
04-06 10:50:04.364 30136 30232 I ViewRootImpl@bc49ba2[PopupWindow:ff8c36d]: Setting up sync and frameCommitCallback
04-06 10:50:04.365 30136 30212 I BLASTBufferQueue: [ViewRootImpl@bc49ba2[PopupWindow:ff8c36d]#5](f:0,a:0) onFrameAvailable the first frame is available
04-06 10:50:04.365 30136 30212 I ViewRootImpl@bc49ba2[PopupWindow:ff8c36d]: Received frameCommittedCallback lastAttemptedDrawFrameNum=1 didProduceBuffer=true
04-06 10:50:04.365 30136 30212 D OpenGLRenderer: CFMS:: SetUp Pid : 30136    Tid : 30212
04-06 10:50:04.365 30136 30212 W Parcel  : Expecting binder but got null!
04-06 10:50:04.365 30136 30136 I ViewRootImpl@bc49ba2[PopupWindow:ff8c36d]: onSyncComplete
04-06 10:50:04.366 30136 30136 I ViewRootImpl@bc49ba2[PopupWindow:ff8c36d]: setupSync seqId=0 mSyncId=0 fn=1 caller=android.view.ViewRootImpl$$ExternalSyntheticLambda11.accept:6 android.window.SurfaceSyncer.lambda$setupSync$1$android-window-SurfaceSyncer:128 android.window.SurfaceSyncer$$ExternalSyntheticLambda1.accept:8 android.window.SurfaceSyncer$SyncSet.checkIfSyncIsComplete:382 android.window.SurfaceSyncer$SyncSet.markSyncReady:359 android.window.SurfaceSyncer.markSyncReady:151 android.view.ViewRootImpl.performTraversals:4503 
04-06 10:50:04.366 30136 30136 I ViewRootImpl@bc49ba2[PopupWindow:ff8c36d]: reportDrawFinished seqId=0 mSyncId=-1 fn=1 mSurfaceChangedTransaction=0xb4000070a0390500
04-06 10:50:04.366 30136 30136 I ViewRootImpl@f1184bb[PopupWindow:85bad4a]: reportDrawFinished seqId=0 mSyncId=-1 fn=1 mSurfaceChangedTransaction=0xb4000070052e6500
04-06 10:50:04.368 30136 30136 I ViewRootImpl@f1184bb[PopupWindow:85bad4a]: handleResized, msg = 5 frames=ClientWindowFrames{frame=[112,1390][202,1498] display=[-100000,-100000][100000,100000] parentFrame=[0,0][0,0] parentClippedByDisplayCutout=false} forceNextWindowRelayout=false displayId=0 resizeMode=-1 frameChanged=false displayFrameChanged=false configChanged=false displayChanged=false
04-06 10:50:04.368 30136 30136 I ViewRootImpl@f1184bb[PopupWindow:85bad4a]: handleResized mSyncSeqId = 0
04-06 10:50:04.368 30136 30136 I ViewRootImpl@f1184bb[PopupWindow:85bad4a]: reportNextDraw android.view.ViewRootImpl.handleResized:2450 android.view.ViewRootImpl.-$$Nest$mhandleResized:0 android.view.ViewRootImpl$ViewRootHandler.handleMessageImpl:6728 android.view.ViewRootImpl$ViewRootHandler.handleMessage:6697 android.os.Handler.dispatchMessage:106 
04-06 10:50:04.369 30136 30136 I ViewRootImpl@f1184bb[PopupWindow:85bad4a]: Setup new sync id=1
04-06 10:50:04.369 30136 30136 I ViewRootImpl@f1184bb[PopupWindow:85bad4a]: Setting syncFrameCallback
04-06 10:50:04.369 30136 30136 I ViewRootImpl@f1184bb[PopupWindow:85bad4a]: registerCallbacksForSync syncBuffer=false
04-06 10:50:04.370 30136 30233 I ViewRootImpl@f1184bb[PopupWindow:85bad4a]: Received frameDrawingCallback syncResult=0 frameNum=2.
04-06 10:50:04.370 30136 30233 I ViewRootImpl@f1184bb[PopupWindow:85bad4a]: Setting up sync and frameCommitCallback
04-06 10:50:04.371 30136 30212 I ViewRootImpl@f1184bb[PopupWindow:85bad4a]: Received frameCommittedCallback lastAttemptedDrawFrameNum=2 didProduceBuffer=true
04-06 10:50:04.371 30136 30136 I ViewRootImpl@f1184bb[PopupWindow:85bad4a]: onSyncComplete
04-06 10:50:04.371 30136 30136 I ViewRootImpl@f1184bb[PopupWindow:85bad4a]: setupSync seqId=0 mSyncId=1 fn=2 caller=android.view.ViewRootImpl$$ExternalSyntheticLambda11.accept:6 android.window.SurfaceSyncer.lambda$setupSync$1$android-window-SurfaceSyncer:128 android.window.SurfaceSyncer$$ExternalSyntheticLambda1.accept:8 android.window.SurfaceSyncer$SyncSet.checkIfSyncIsComplete:382 android.window.SurfaceSyncer$SyncSet.markSyncReady:359 android.window.SurfaceSyncer.markSyncReady:151 android.view.ViewRootImpl.performTraversals:4503 
04-06 10:50:04.371 30136 30136 I ViewRootImpl@f1184bb[PopupWindow:85bad4a]: reportDrawFinished seqId=0 mSyncId=-1 fn=2 mSurfaceChangedTransaction=0xb4000070052e6500
04-06 10:50:04.372 30136 30136 I ViewRootImpl@bc49ba2[PopupWindow:ff8c36d]: handleResized, msg = 5 frames=ClientWindowFrames{frame=[112,1296][202,1390] display=[-100000,-100000][100000,100000] parentFrame=[0,0][0,0] parentClippedByDisplayCutout=false} forceNextWindowRelayout=false displayId=0 resizeMode=-1 frameChanged=false displayFrameChanged=false configChanged=false displayChanged=false
04-06 10:50:04.372 30136 30136 I ViewRootImpl@bc49ba2[PopupWindow:ff8c36d]: handleResized mSyncSeqId = 0
04-06 10:50:04.373 30136 30136 I ViewRootImpl@bc49ba2[PopupWindow:ff8c36d]: reportNextDraw android.view.ViewRootImpl.handleResized:2450 android.view.ViewRootImpl.-$$Nest$mhandleResized:0 android.view.ViewRootImpl$ViewRootHandler.handleMessageImpl:6728 android.view.ViewRootImpl$ViewRootHandler.handleMessage:6697 android.os.Handler.dispatchMessage:106 
04-06 10:50:04.374 30136 30136 I ViewRootImpl@bc49ba2[PopupWindow:ff8c36d]: Setup new sync id=1
04-06 10:50:04.374 30136 30136 I ViewRootImpl@bc49ba2[PopupWindow:ff8c36d]: Setting syncFrameCallback
04-06 10:50:04.374 30136 30136 I ViewRootImpl@bc49ba2[PopupWindow:ff8c36d]: registerCallbacksForSync syncBuffer=false
04-06 10:50:04.376 30136 30232 I ViewRootImpl@bc49ba2[PopupWindow:ff8c36d]: Received frameDrawingCallback syncResult=0 frameNum=2.
04-06 10:50:04.376 30136 30232 I ViewRootImpl@bc49ba2[PopupWindow:ff8c36d]: Setting up sync and frameCommitCallback
04-06 10:50:04.377 30136 30212 I ViewRootImpl@bc49ba2[PopupWindow:ff8c36d]: Received frameCommittedCallback lastAttemptedDrawFrameNum=2 didProduceBuffer=true
04-06 10:50:04.377 30136 30136 I ViewRootImpl@bc49ba2[PopupWindow:ff8c36d]: onSyncComplete
04-06 10:50:04.377 30136 30136 I ViewRootImpl@bc49ba2[PopupWindow:ff8c36d]: setupSync seqId=0 mSyncId=1 fn=2 caller=android.view.ViewRootImpl$$ExternalSyntheticLambda11.accept:6 android.window.SurfaceSyncer.lambda$setupSync$1$android-window-SurfaceSyncer:128 android.window.SurfaceSyncer$$ExternalSyntheticLambda1.accept:8 android.window.SurfaceSyncer$SyncSet.checkIfSyncIsComplete:382 android.window.SurfaceSyncer$SyncSet.markSyncReady:359 android.window.SurfaceSyncer.markSyncReady:151 android.view.ViewRootImpl.performTraversals:4503 
04-06 10:50:04.378 30136 30136 I ViewRootImpl@bc49ba2[PopupWindow:ff8c36d]: reportDrawFinished seqId=0 mSyncId=-1 fn=2 mSurfaceChangedTransaction=0xb4000070a0390500
04-06 10:50:04.386 30136 30136 W OnBackInvokedCallback: OnBackInvokedCallback is not enabled for the application.
04-06 10:50:04.386 30136 30136 W OnBackInvokedCallback: Set 'android:enableOnBackInvokedCallback="true"' in the application manifest.
04-06 10:50:04.387 30136 30136 D InsetsController: show(ime(), fromIme=true)
04-06 10:50:04.393 30136 30136 D InsetsController: show(ime(), fromIme=true)
04-06 10:50:04.410 30136 30136 D InsetsController: show(ime(), fromIme=true)
04-06 10:50:04.753 30136 30194 I DetoxWSClient: Sending out action 'invokeResult' (ID #8)
04-06 10:50:04.753 30136 30194 I DetoxDispatcher: Done with action 'invoke'
04-06 10:50:04.758 30136 30198 D DetoxWSClient: Received action 'invoke' (ID #9, params={"target":{"type":"Class","value":"com.wix.detox.espresso.EspressoDetox"},"method":"perform","args":[{"type":"Invocation","value":{"target":{"type":"Class","value":"com.wix.detox.espresso.DetoxMatcher"},"method":"matcherForTestId","args":["input-peso-meta",{"type":"boolean","value":false}]}},{"type":"Invocation","value":{"target":{"type":"Class","value":"androidx.test.espresso.action.ViewActions"},"method":"clearText","args":[]}}]})
04-06 10:50:04.758 30136 30194 I DetoxDispatcher: Handling action 'invoke' (ID #9)...
04-06 10:50:04.758 30136 30194 D Detox   : class com.wix.detox.espresso.DetoxMatcher, matcherForTestId, [input-peso-meta, false]
04-06 10:50:04.759 30136 30194 D Detox   : class androidx.test.espresso.action.ViewActions, clearText, []
04-06 10:50:04.760 30136 30194 D Detox   : class com.wix.detox.espresso.EspressoDetox, perform, [(view.getTag() is "input-peso-meta" and view has effective visibility <VISIBLE>), androidx.test.espresso.action.ReplaceTextAction@4bf21b4]
04-06 10:50:04.765 30136 30136 I ViewInteraction: Performing 'replace text()' action on view (view.getTag() is "input-peso-meta" and view has effective visibility <VISIBLE>)
04-06 10:50:04.775 30136 30194 I DetoxWSClient: Sending out action 'invokeResult' (ID #9)
04-06 10:50:04.776 30136 30194 I DetoxDispatcher: Done with action 'invoke'
04-06 10:50:04.780 30136 30198 D DetoxWSClient: Received action 'invoke' (ID #10, params={"target":{"type":"Class","value":"com.wix.detox.espresso.EspressoDetox"},"method":"perform","args":[{"type":"Invocation","value":{"target":{"type":"Class","value":"com.wix.detox.espresso.DetoxMatcher"},"method":"matcherForTestId","args":["input-peso-meta",{"type":"boolean","value":false}]}},{"type":"Invocation","value":{"target":{"type":"Class","value":"androidx.test.espresso.action.ViewActions"},"method":"replaceText","args":["77"]}}]})
04-06 10:50:04.780 30136 30194 I DetoxDispatcher: Handling action 'invoke' (ID #10)...
04-06 10:50:04.781 30136 30194 D Detox   : class com.wix.detox.espresso.DetoxMatcher, matcherForTestId, [input-peso-meta, false]
04-06 10:50:04.781 30136 30194 D Detox   : class androidx.test.espresso.action.ViewActions, replaceText, [77]
04-06 10:50:04.782 30136 30194 D Detox   : class com.wix.detox.espresso.EspressoDetox, perform, [(view.getTag() is "input-peso-meta" and view has effective visibility <VISIBLE>), androidx.test.espresso.action.ReplaceTextAction@cf7fc9b]
04-06 10:50:04.791 30136 30136 D InputMethodManager: startInputInner - Id : 0
04-06 10:50:04.791 30136 30136 I InputMethodManager: startInputInner - mService.startInputOrWindowGainedFocus
04-06 10:50:04.813 30136 30136 D InsetsController: show(ime(), fromIme=true)
04-06 10:50:04.829 30136 30136 D InputMethodManager: startInputInner - Id : 0
04-06 10:50:04.829 30136 30136 I InputMethodManager: startInputInner - mService.startInputOrWindowGainedFocus
04-06 10:50:04.833 30136 30136 I ViewInteraction: Performing 'replace text(77)' action on view (view.getTag() is "input-peso-meta" and view has effective visibility <VISIBLE>)
04-06 10:50:04.838 30136 30194 I DetoxWSClient: Sending out action 'invokeResult' (ID #10)
04-06 10:50:04.838 30136 30194 I DetoxDispatcher: Done with action 'invoke'
04-06 10:50:04.844 30136 30136 D InputMethodManager: startInputInner - Id : 0
04-06 10:50:04.844 30136 30136 I InputMethodManager: startInputInner - mService.startInputOrWindowGainedFocus
04-06 10:50:04.844 30136 30198 D DetoxWSClient: Received action 'invoke' (ID #11, params={"target":{"type":"Class","value":"com.wix.detox.espresso.DetoxAssertion"},"method":"assertMatcher","args":[{"type":"Invocation","value":{"target":{"type":"Class","value":"androidx.test.espresso.Espresso"},"method":"onView","args":[{"type":"Invocation","value":{"target":{"type":"Class","value":"com.wix.detox.espresso.DetoxMatcher"},"method":"matcherForTestId","args":["input-peso-meta",{"type":"boolean","value":false}]}}]}},{"type":"Invocation","value":{"target":{"type":"Class","value":"com.wix.detox.espresso.DetoxMatcher"},"method":"matcherForText","args":["77",{"type":"boolean","value":false}]}}]})
04-06 10:50:04.844 30136 30194 I DetoxDispatcher: Handling action 'invoke' (ID #11)...
04-06 10:50:04.845 30136 30194 D Detox   : class com.wix.detox.espresso.DetoxMatcher, matcherForTestId, [input-peso-meta, false]
04-06 10:50:04.845 30136 30194 D Detox   : class androidx.test.espresso.Espresso, onView, [(view.getTag() is "input-peso-meta" and view has effective visibility <VISIBLE>)]
04-06 10:50:04.846 30136 30194 D Detox   : class com.wix.detox.espresso.DetoxMatcher, matcherForText, [77, false]
04-06 10:50:04.846 30136 30194 D Detox   : class com.wix.detox.espresso.DetoxAssertion, assertMatcher, [androidx.test.espresso.ViewInteraction@48f35fe, (an instance of android.widget.TextView and view.getText() with or without transformation to match: is "77" and view has effective visibility <VISIBLE>)]
04-06 10:50:04.860 30136 30136 D InsetsController: show(ime(), fromIme=true)
04-06 10:50:04.880 30136 30136 I ViewInteraction: Checking 'MatchesViewAssertion(Detox){viewMatcher=(an instance of android.widget.TextView and view.getText() with or without transformation to match: is "77" and view has effective visibility <VISIBLE>)}' assertion on view (view.getTag() is "input-peso-meta" and view has effective visibility <VISIBLE>)
04-06 10:50:04.882 30136 30194 I DetoxWSClient: Sending out action 'invokeResult' (ID #11)
04-06 10:50:04.882 30136 30194 I DetoxDispatcher: Done with action 'invoke'
04-06 10:50:04.885 30136 30136 D InsetsController: show(ime(), fromIme=true)
04-06 10:50:04.886 30136 30198 D DetoxWSClient: Received action 'invoke' (ID #12, params={"target":{"type":"Class","value":"com.wix.detox.espresso.EspressoDetox"},"method":"perform","args":[{"type":"Invocation","value":{"target":{"type":"Class","value":"com.wix.detox.espresso.DetoxMatcher"},"method":"matcherForTestId","args":["input-altura",{"type":"boolean","value":false}]}},{"type":"Invocation","value":{"target":{"type":"Class","value":"com.wix.detox.espresso.DetoxViewActions"},"method":"click","args":[]}}]})
04-06 10:50:04.886 30136 30194 I DetoxDispatcher: Handling action 'invoke' (ID #12)...
04-06 10:50:04.886 30136 30194 D Detox   : class com.wix.detox.espresso.DetoxMatcher, matcherForTestId, [input-altura, false]
04-06 10:50:04.887 30136 30194 D Detox   : class com.wix.detox.espresso.DetoxViewActions, click, []
04-06 10:50:04.887 30136 30194 D Detox   : class com.wix.detox.espresso.EspressoDetox, perform, [(view.getTag() is "input-altura" and view has effective visibility <VISIBLE>), com.wix.detox.espresso.action.RNClickAction@ff31aae]
04-06 10:50:04.889 30136 30212 D OpenGLRenderer: setSurface called with nullptr
04-06 10:50:04.889 30136 30212 D OpenGLRenderer: setSurface() destroyed EGLSurface
04-06 10:50:04.889 30136 30212 D OpenGLRenderer: destroyEglSurface
04-06 10:50:04.889 30136 30136 I ViewRootImpl@f1184bb[PopupWindow:85bad4a]: dispatchDetachedFromWindow
04-06 10:50:04.892 30136 30136 D InputTransport: Input channel destroyed: 'c1f8553', fd=159
04-06 10:50:04.893 30136 30212 D OpenGLRenderer: setSurface called with nullptr
04-06 10:50:04.893 30136 30212 D OpenGLRenderer: setSurface() destroyed EGLSurface
04-06 10:50:04.893 30136 30212 D OpenGLRenderer: destroyEglSurface
04-06 10:50:04.896 30136 30136 I ViewRootImpl@bc49ba2[PopupWindow:ff8c36d]: dispatchDetachedFromWindow
04-06 10:50:04.899 30136 30136 D InputTransport: Input channel destroyed: '19323af', fd=166
04-06 10:50:04.902 30136 30136 I ViewInteraction: Performing 'com.wix.detox.espresso.action.detoxsingletap@d37904f click' action on view (view.getTag() is "input-altura" and view has effective visibility <VISIBLE>)
04-06 10:50:04.942 30136 30136 I ViewRootImpl@73623ee[MainActivity]: ViewPostIme key 0
04-06 10:50:04.963 30136 30136 I ViewRootImpl@73623ee[MainActivity]: ViewPostIme key 1
04-06 10:50:05.366 30136 30194 I DetoxWSClient: Sending out action 'invokeResult' (ID #12)
04-06 10:50:05.367 30136 30194 I DetoxDispatcher: Done with action 'invoke'
04-06 10:50:05.372 30136 30198 D DetoxWSClient: Received action 'invoke' (ID #13, params={"target":{"type":"Class","value":"com.wix.detox.espresso.EspressoDetox"},"method":"perform","args":[{"type":"Invocation","value":{"target":{"type":"Class","value":"com.wix.detox.espresso.DetoxMatcher"},"method":"matcherForTestId","args":["input-altura",{"type":"boolean","value":false}]}},{"type":"Invocation","value":{"target":{"type":"Class","value":"androidx.test.espresso.action.ViewActions"},"method":"clearText","args":[]}}]})
04-06 10:50:05.372 30136 30194 I DetoxDispatcher: Handling action 'invoke' (ID #13)...
04-06 10:50:05.373 30136 30194 D Detox   : class com.wix.detox.espresso.DetoxMatcher, matcherForTestId, [input-altura, false]
04-06 10:50:05.374 30136 30194 D Detox   : class androidx.test.espresso.action.ViewActions, clearText, []
04-06 10:50:05.374 30136 30194 D Detox   : class com.wix.detox.espresso.EspressoDetox, perform, [(view.getTag() is "input-altura" and view has effective visibility <VISIBLE>), androidx.test.espresso.action.ReplaceTextAction@30dbd3]
04-06 10:50:05.380 30136 30136 I ViewInteraction: Performing 'replace text()' action on view (view.getTag() is "input-altura" and view has effective visibility <VISIBLE>)
04-06 10:50:05.391 30136 30194 I DetoxWSClient: Sending out action 'invokeResult' (ID #13)
04-06 10:50:05.392 30136 30194 I DetoxDispatcher: Done with action 'invoke'
04-06 10:50:05.397 30136 30198 D DetoxWSClient: Received action 'invoke' (ID #14, params={"target":{"type":"Class","value":"com.wix.detox.espresso.EspressoDetox"},"method":"perform","args":[{"type":"Invocation","value":{"target":{"type":"Class","value":"com.wix.detox.espresso.DetoxMatcher"},"method":"matcherForTestId","args":["input-altura",{"type":"boolean","value":false}]}},{"type":"Invocation","value":{"target":{"type":"Class","value":"androidx.test.espresso.action.ViewActions"},"method":"replaceText","args":["178"]}}]})
04-06 10:50:05.407 30136 30194 I DetoxDispatcher: Handling action 'invoke' (ID #14)...
04-06 10:50:05.407 30136 30194 D Detox   : class com.wix.detox.espresso.DetoxMatcher, matcherForTestId, [input-altura, false]
04-06 10:50:05.407 30136 30194 D Detox   : class androidx.test.espresso.action.ViewActions, replaceText, [178]
04-06 10:50:05.408 30136 30194 D Detox   : class com.wix.detox.espresso.EspressoDetox, perform, [(view.getTag() is "input-altura" and view has effective visibility <VISIBLE>), androidx.test.espresso.action.ReplaceTextAction@37b447d]
04-06 10:50:05.443 30136 30136 I ViewInteraction: Performing 'replace text(178)' action on view (view.getTag() is "input-altura" and view has effective visibility <VISIBLE>)
04-06 10:50:05.449 30136 30194 I DetoxWSClient: Sending out action 'invokeResult' (ID #14)
04-06 10:50:05.449 30136 30194 I DetoxDispatcher: Done with action 'invoke'
04-06 10:50:05.455 30136 30198 D DetoxWSClient: Received action 'invoke' (ID #15, params={"target":{"type":"Class","value":"com.wix.detox.espresso.DetoxAssertion"},"method":"assertMatcher","args":[{"type":"Invocation","value":{"target":{"type":"Class","value":"androidx.test.espresso.Espresso"},"method":"onView","args":[{"type":"Invocation","value":{"target":{"type":"Class","value":"com.wix.detox.espresso.DetoxMatcher"},"method":"matcherForTestId","args":["input-altura",{"type":"boolean","value":false}]}}]}},{"type":"Invocation","value":{"target":{"type":"Class","value":"com.wix.detox.espresso.DetoxMatcher"},"method":"matcherForText","args":["178",{"type":"boolean","value":false}]}}]})
04-06 10:50:05.455 30136 30194 I DetoxDispatcher: Handling action 'invoke' (ID #15)...
04-06 10:50:05.455 30136 30194 D Detox   : class com.wix.detox.espresso.DetoxMatcher, matcherForTestId, [input-altura, false]
04-06 10:50:05.456 30136 30194 D Detox   : class androidx.test.espresso.Espresso, onView, [(view.getTag() is "input-altura" and view has effective visibility <VISIBLE>)]
04-06 10:50:05.456 30136 30194 D Detox   : class com.wix.detox.espresso.DetoxMatcher, matcherForText, [178, false]
04-06 10:50:05.457 30136 30194 D Detox   : class com.wix.detox.espresso.DetoxAssertion, assertMatcher, [androidx.test.espresso.ViewInteraction@fb59c9c, (an instance of android.widget.TextView and view.getText() with or without transformation to match: is "178" and view has effective visibility <VISIBLE>)]
04-06 10:50:05.504 30136 30136 I ViewInteraction: Checking 'MatchesViewAssertion(Detox){viewMatcher=(an instance of android.widget.TextView and view.getText() with or without transformation to match: is "178" and view has effective visibility <VISIBLE>)}' assertion on view (view.getTag() is "input-altura" and view has effective visibility <VISIBLE>)
04-06 10:50:05.509 30136 30194 I DetoxWSClient: Sending out action 'invokeResult' (ID #15)
04-06 10:50:05.509 30136 30194 I DetoxDispatcher: Done with action 'invoke'
04-06 10:50:05.514 30136 30198 D DetoxWSClient: Received action 'invoke' (ID #16, params={"target":{"type":"Invocation","value":{"target":{"type":"Class","value":"com.wix.detox.uiautomator.UiAutomator"},"method":"uiDevice","args":[]}},"method":"pressBack","args":[]})
04-06 10:50:05.514 30136 30194 I DetoxDispatcher: Handling action 'invoke' (ID #16)...
04-06 10:50:05.514 30136 30194 D Detox   : class com.wix.detox.uiautomator.UiAutomator, uiDevice, []
04-06 10:50:05.517 30136 30194 I UiDevice: Creating a new instance, old instance exists: false
04-06 10:50:05.532 30136 30194 D UiDevice: Setting accessibility service flags: 65618
04-06 10:50:06.177 30136 30194 D UiDevice: Pressing back button.
04-06 10:50:06.208 30136 30136 I ViewRootImpl@73623ee[MainActivity]: The input has been finished in ImeInputStage.
04-06 10:50:06.226 30136 30136 I ViewRootImpl@73623ee[MainActivity]: The input has been finished in ImeInputStage.
04-06 10:50:06.232 30136 30136 D InsetsController: controlAnimationUnchecked: Added types=8 animType=1 host=com.evolucao.app/com.evolucao.app.MainActivity from=android.view.InsetsController.applyAnimation:1576 android.view.InsetsController.applyAnimation:1557 android.view.InsetsController.hide:1093 
04-06 10:50:06.233 30136 30136 D InsetsSourceConsumer: setRequestedVisible: visible=false, type=19, host=com.evolucao.app/com.evolucao.app.MainActivity, from=android.view.InsetsSourceConsumer.hide:257 android.view.ImeInsetsSourceConsumer.hide:88 android.view.ImeInsetsSourceConsumer.hide:94 android.view.InsetsController.hideDirectly:1593 android.view.InsetsController.controlAnimationUnchecked:1234 android.view.InsetsController.applyAnimation:1576 android.view.InsetsController.applyAnimation:1557 android.view.InsetsController.hide:1093 android.view.ViewRootImpl$ViewRootHandler.handleMessageImpl:6765 android.view.ViewRootImpl$ViewRootHandler.handleMessage:6697 
04-06 10:50:06.252 30136 30194 I DetoxWSClient: Sending out action 'invokeResult' (ID #16)
04-06 10:50:06.253 30136 30194 I DetoxDispatcher: Done with action 'invoke'
04-06 10:50:06.256 30136 30149 I ViewRootImpl@73623ee[MainActivity]: Resizing android.view.ViewRootImpl@25a16ab: frame = [0,0][1080,2400] reportDraw = false forceLayout = false syncSeqId = 0
04-06 10:50:06.258 30136 30198 D DetoxWSClient: Received action 'invoke' (ID #17, params={"target":{"type":"Class","value":"com.wix.detox.espresso.DetoxAssertion"},"method":"waitForAssertMatcher","args":[{"type":"Invocation","value":{"target":{"type":"Class","value":"androidx.test.espresso.Espresso"},"method":"onView","args":[{"type":"Invocation","value":{"target":{"type":"Class","value":"com.wix.detox.espresso.DetoxMatcher"},"method":"matcherForTestId","args":["btn-continuar",{"type":"boolean","value":false}]}}]}},{"type":"Invocation","value":{"target":{"type":"Class","value":"com.wix.detox.espresso.DetoxMatcher"},"method":"matcherForSufficientlyVisible","args":[{"type":"Integer","value":75}]}},{"type":"Double","value":3}]})
04-06 10:50:06.259 30136 30194 I DetoxDispatcher: Handling action 'invoke' (ID #17)...
04-06 10:50:06.259 30136 30194 D Detox   : class com.wix.detox.espresso.DetoxMatcher, matcherForTestId, [btn-continuar, false]
