04-06 10:40:46.983 25224 25259 D DetoxWSClient: Received action 'invoke' (ID #17, params={"target":{"type":"Class","value":"com.wix.detox.espresso.DetoxAssertion"},"method":"waitForAssertMatcher","args":[{"type":"Invocation","value":{"target":{"type":"Class","value":"androidx.test.espresso.Espresso"},"method":"onView","args":[{"type":"Invocation","value":{"target":{"type":"Class","value":"com.wix.detox.espresso.DetoxMatcher"},"method":"matcherForTestId","args":["btn-continuar",{"type":"boolean","value":false}]}}]}},{"type":"Invocation","value":{"target":{"type":"Class","value":"com.wix.detox.espresso.DetoxMatcher"},"method":"matcherForSufficientlyVisible","args":[{"type":"Integer","value":75}]}},{"type":"Double","value":3}]})
04-06 10:40:46.983 25224 25255 I DetoxDispatcher: Handling action 'invoke' (ID #17)...
04-06 10:40:46.984 25224 25255 D Detox   : class com.wix.detox.espresso.DetoxMatcher, matcherForTestId, [btn-continuar, false]
04-06 10:40:46.984 25224 25255 D Detox   : class androidx.test.espresso.Espresso, onView, [(view.getTag() is "btn-continuar" and view has effective visibility <VISIBLE>)]
04-06 10:40:46.985 25224 25255 D Detox   : class com.wix.detox.espresso.DetoxMatcher, matcherForSufficientlyVisible, [75]
04-06 10:40:46.985 25224 25255 D Detox   : class com.wix.detox.espresso.DetoxAssertion, waitForAssertMatcher, [androidx.test.espresso.ViewInteraction@c844315, (view has effective visibility <VISIBLE> and view.getGlobalVisibleRect() covers at least <75> percent of the view's area), 3.0]
04-06 10:40:46.988 25224 25224 I ViewInteraction: Checking 'MatchesViewAssertion(Detox){viewMatcher=(view has effective visibility <VISIBLE> and view.getGlobalVisibleRect() covers at least <75> percent of the view's area)}' assertion on view (view.getTag() is "btn-continuar" and view has effective visibility <VISIBLE>)
04-06 10:40:46.990 25224 25255 I DetoxWSClient: Sending out action 'invokeResult' (ID #17)
04-06 10:40:46.991 25224 25255 I DetoxDispatcher: Done with action 'invoke'
04-06 10:40:46.995 25224 25259 D DetoxWSClient: Received action 'invoke' (ID #18, params={"target":{"type":"Class","value":"com.wix.detox.espresso.EspressoDetox"},"method":"perform","args":[{"type":"Invocation","value":{"target":{"type":"Class","value":"com.wix.detox.espresso.DetoxMatcher"},"method":"matcherForAtIndex","args":[{"type":"Integer","value":0},{"type":"Invocation","value":{"target":{"type":"Class","value":"com.wix.detox.espresso.DetoxMatcher"},"method":"matcherForClass","args":["com.facebook.react.views.scroll.ReactScrollView"]}}]}},{"type":"Invocation","value":{"target":{"type":"Class","value":"com.wix.detox.espresso.DetoxAction"},"method":"swipeInDirection","args":[{"type":"Integer","value":3},{"type":"boolean","value":true},{"type":"Double","value":0.25},{"type":"Double","value":null},{"type":"Double","value":null}]}}]})
04-06 10:40:46.996 25224 25255 I DetoxDispatcher: Handling action 'invoke' (ID #18)...
04-06 10:40:46.996 25224 25255 D Detox   : class com.wix.detox.espresso.DetoxMatcher, matcherForClass, [com.facebook.react.views.scroll.ReactScrollView]
04-06 10:40:46.996 25224 25255 D Detox   : class com.wix.detox.espresso.DetoxMatcher, matcherForAtIndex, [0, (is assignable from class: class com.facebook.react.views.scroll.ReactScrollView and view has effective visibility <VISIBLE>)]
04-06 10:40:46.997 25224 25255 D Detox   : class com.wix.detox.espresso.DetoxAction, swipeInDirection, [3, true, 0.25, NaN, NaN]
04-06 10:40:46.999 25224 25255 D Detox   : class com.wix.detox.espresso.EspressoDetox, perform, [View at index #0, of those matching MATCHER(is assignable from class: class com.facebook.react.views.scroll.ReactScrollView and view has effective visibility <VISIBLE>), androidx.test.espresso.action.GeneralSwipeAction@7ff262a]
04-06 10:40:47.003 25224 25224 I ViewInteraction: Performing 'fast swipe' action on view View at index #0, of those matching MATCHER(is assignable from class: class com.facebook.react.views.scroll.ReactScrollView and view has effective visibility <VISIBLE>)
04-06 10:40:47.177 25224 25224 D InsetsController: cancelAnimation of types: 8, animType: 1, host: com.evolucao.app/com.evolucao.app.MainActivity, from:android.view.InsetsController.notifyFinished:1375 android.view.InsetsAnimationThreadControlRunner$1.lambda$notifyFinished$0$android-view-InsetsAnimationThreadControlRunner$1:84 android.view.InsetsAnimationThreadControlRunner$1$$ExternalSyntheticLambda1.run:4 
04-06 10:40:47.178 25224 25224 I IMM_LC  : notifyImeHidden: mService.hideSoftInput
04-06 10:40:47.204 25224 25344 I ViewRootImpl@73623ee[MainActivity]: Resizing android.view.ViewRootImpl@25a16ab: frame = [0,0][1080,2400] reportDraw = false forceLayout = false syncSeqId = 0
04-06 10:40:47.206 25224 25224 D InsetsController: onStateChanged: InsetsState: {mDisplayFrame=Rect(0, 0 - 1080, 2400), mDisplayCutout=DisplayCutout{insets=Rect(0, 88 - 0, 0) waterfall=Insets{left=0, top=0, right=0, bottom=0} boundingRect={Bounds=[Rect(0, 0 - 0, 0), Rect(512, 0 - 568, 88), Rect(0, 0 - 0, 0), Rect(0, 0 - 0, 0)]} cutoutPathParserInfo={CutoutPathParserInfo{displayWidth=1080 displayHeight=2400 physicalDisplayWidth=1080 physicalDisplayHeight=2400 density={3.0} cutoutSpec={M 0,0 M 0,10.71963616907435 a 9.280363830925644,9.280363830925644 0 1,0 0,18.56072766185129 a 9.280363830925644,9.280363830925644 0 1,0 0,-18.56072766185129 Z @dp} rotation={0} scale={1.0} physicalPixelDisplaySizeRatio={1.0}}}}, mRoundedCorners=RoundedCorners{[RoundedCorner{position=TopLeft, radius=96, center=Point(96, 96)}, RoundedCorner{position=TopRight, radius=96, center=Point(984, 96)}, RoundedCorner{position=BottomRight, radius=96, center=Point(984, 2304)}, RoundedCorner{position=BottomLeft, radius=96, center=Point(96, 2304)}]}  mRoundedCornerFrame=Rect(0, 0 - 1080, 2400), mPrivacyIndicatorBounds=PrivacyIndicatorBounds {static bounds=Rect(948, 0 - 1080, 88) rotation=0}, mSources= { InsetsSource: {mType=ITYPE_STATUS_BAR, mFrame=[0,0][1080,88], mVisible=true, mInsetsRoundedCornerFrame=false}, InsetsSource: {mType=ITYPE_NAVIGATION_BAR, mFrame=[0,2256][1080,2400], mVisible=true, mInsetsRoundedCornerFrame=false}, InsetsSource: {mType=ITYPE_LEFT_GESTURES, mFrame=[0,0][0,2400], mVisible=true, mInsetsRoundedCornerFrame=false}, InsetsSource: {mType=ITYPE_RIGHT_GESTURES, mFrame=[1080,0][1080,2400], mVisible=true, mInsetsRoundedCornerFrame=false}, InsetsSource: {mType=ITYPE_TOP_MANDATORY_GESTURES, mFrame=[0,0][1080,124], mVisible=true, mInsetsRoundedCornerFrame=false}, InsetsSource: {mType=ITYPE_BOTTOM_MANDATORY_GESTURES, mFrame=[0,2256][1080,2400], mVisible=true, mInsetsRoundedCornerFrame=false}, InsetsSource: {mType=ITYPE_LEFT_DISPLAY_CUTOUT, mFrame=[0,0][-100000,2400], mVisible=true, mInsetsRoundedCornerFrame=false}, InsetsSource: {mType=ITYPE_TOP_DISPLAY_CUTOUT, mFrame=[0,0][1080,88], mVisible=true, mInsetsRoundedCornerFrame=false}, InsetsSource: {mType=ITYPE_RIGHT_DISPLAY_CUTOUT, mFrame=[100000,0][1080,2400], mVisible=true, mInsetsRoundedCornerFrame=false}, InsetsSource: {mType=ITYPE_BOTTOM_DISPLAY_CUTOUT, mFrame=[0,100000][1080,2400], mVisible=true, mInsetsRoundedCornerFrame=false}, InsetsSource: {mType=ITYPE_TOP_TAPPABLE_ELEMENT, mFrame=[0,0][1080,88], mVisible=true, mInsetsRoundedCornerFrame=false}, InsetsSource: {mType=ITYPE_BOTTOM_TAPPABLE_ELEMENT, mFrame=[0,2256][1080,2400], mVisible=true, mInsetsRoundedCornerFrame=false}, InsetsSource: {mType=ITYPE_IME, mFrame=[0,0][0,0], mVisibleFrame=[0,1374][1080,2400], mVisible=false, mInsetsRoundedCornerFrame=false} } host=com.evolucao.app/com.evolucao.app.MainActivity from=android.view.ViewRootImpl$ViewRootHandler.handleMessageImpl:6727
04-06 10:40:47.206 25224 25224 I ViewRootImpl@73623ee[MainActivity]: handleResized, msg = 4 frames=ClientWindowFrames{frame=[0,0][1080,2400] display=[0,0][1080,2400] parentFrame=[0,0][0,0] parentClippedByDisplayCutout=false} forceNextWindowRelayout=false displayId=0 resizeMode=-1 frameChanged=false displayFrameChanged=false configChanged=false displayChanged=false
04-06 10:40:47.248 25224 25255 I DetoxWSClient: Sending out action 'invokeResult' (ID #18)
04-06 10:40:47.249 25224 25255 I DetoxDispatcher: Done with action 'invoke'
04-06 10:40:47.252 25224 25259 D DetoxWSClient: Received action 'invoke' (ID #19, params={"target":{"type":"Class","value":"com.wix.detox.espresso.EspressoDetox"},"method":"perform","args":[{"type":"Invocation","value":{"target":{"type":"Class","value":"com.wix.detox.espresso.DetoxMatcher"},"method":"matcherForTestId","args":["btn-continuar",{"type":"boolean","value":false}]}},{"type":"Invocation","value":{"target":{"type":"Class","value":"com.wix.detox.espresso.DetoxAction"},"method":"tapAtLocation","args":[{"type":"Integer","value":30},{"type":"Integer","value":18}]}}]})
04-06 10:40:47.253 25224 25255 I DetoxDispatcher: Handling action 'invoke' (ID #19)...
04-06 10:40:47.253 25224 25255 D Detox   : class com.wix.detox.espresso.DetoxMatcher, matcherForTestId, [btn-continuar, false]
04-06 10:40:47.254 25224 25255 D Detox   : class com.wix.detox.espresso.DetoxAction, tapAtLocation, [30, 18]
04-06 10:40:47.254 25224 25255 D Detox   : class com.wix.detox.espresso.EspressoDetox, perform, [(view.getTag() is "btn-continuar" and view has effective visibility <VISIBLE>), com.wix.detox.espresso.action.RNClickAction@3c03c1b]
04-06 10:40:47.259 25224 25224 I ViewInteraction: Performing 'com.wix.detox.espresso.action.detoxsingletap@30c01b8 click' action on view (view.getTag() is "btn-continuar" and view has effective visibility <VISIBLE>)
04-06 10:40:47.264 25224 25224 I ViewRootImpl@73623ee[MainActivity]: ViewPostIme pointer 0
04-06 10:40:47.296 25224 25224 I ViewRootImpl@73623ee[MainActivity]: ViewPostIme pointer 1
04-06 10:40:47.380 25224 25304 I ReactNativeJS: 'match:', 'local'
04-06 10:40:47.381 25224 25304 I ReactNativeJS: 'source:', 'local', '| confidence:', 0.9
04-06 10:40:47.381 25224 25304 I ReactNativeJS: 'exercise:', 'Supino Reto Barra'
04-06 10:40:47.409 25224 25234 D InputTransport: Input channel destroyed: 'ClientS', fd=131
04-06 10:40:47.409 25224 25234 D InputTransport: Input channel destroyed: 'ClientS', fd=191
04-06 10:40:47.409 25224 25234 D InputTransport: Input channel destroyed: 'ClientS', fd=192
04-06 10:40:47.409 25224 25273 D OpenGLRenderer: setSurface called with nullptr
04-06 10:40:47.409 25224 25273 D OpenGLRenderer: setSurface called with nullptr
04-06 10:40:47.410 25224 25234 D InputTransport: Input channel destroyed: 'ClientS', fd=113
04-06 10:40:47.410 25224 25234 D InputTransport: Input channel destroyed: 'ClientS', fd=163
04-06 10:40:47.410 25224 25234 D InputTransport: Input channel destroyed: 'ClientS', fd=162
04-06 10:40:47.410 25224 25234 D InputTransport: Input channel destroyed: 'ClientS', fd=155
04-06 10:40:47.411 25224 25273 D OpenGLRenderer: setSurface called with nullptr
04-06 10:40:47.411 25224 25273 D OpenGLRenderer: setSurface called with nullptr
04-06 10:40:47.411 25224 25234 D InputTransport: Input channel destroyed: 'ClientS', fd=158
04-06 10:40:47.481 25224 25232 I om.evolucao.app: Compiler allocated 4177KB to compile void android.widget.TextView.<init>(android.content.Context, android.util.AttributeSet, int, int)
04-06 10:40:47.531 25224 25224 D ScrollView: initGoToTop
04-06 10:40:47.554 25224 25224 W UiControllerImpl: Waiting for: DYNAMIC_TASKS_HAVE_IDLED for 100 iterations.
04-06 10:40:47.599 25224 25224 W [RNScreens]: backTitleFontFamily prop is not available on Android
04-06 10:40:47.599 25224 25224 W [RNScreens]: disableBackButtonMenu prop is not available on Android
04-06 10:40:47.599 25224 25224 W [RNScreens]: backTitleVisible prop is not available on Android
04-06 10:40:47.599 25224 25224 W [RNScreens]: topInsetEnabled prop is not available on Android
04-06 10:40:47.599 25224 25224 W [RNScreens]: largeTitleHideShadow prop is not available on Android
04-06 10:40:47.599 25224 25224 W [RNScreens]: largeTitleFontWeight prop is not available on Android
04-06 10:40:47.599 25224 25224 W [RNScreens]: userInterfaceStyle prop is not available on Android
04-06 10:40:47.599 25224 25224 W [RNScreens]: largeTitleFontFamily prop is not available on Android
04-06 10:40:47.606 25224 25309 D TrafficStats: tagSocket(141) with statsTag=0xffffffff, statsUid=-1
04-06 10:40:47.656 25224 25224 D InputMethodManager: startInputInner - Id : 0
04-06 10:40:47.656 25224 25224 I InputMethodManager: startInputInner - mService.startInputOrWindowGainedFocus
04-06 10:40:47.668 25224 25344 W AutofillManager: getView(1073741824): could not find view
04-06 10:40:47.668 25224 25344 W AutofillManager: getViewNodeParcelable(1073741824): could not find view
04-06 10:40:47.668 25224 25344 W AutofillManager: getView(1073741824): could not find view
04-06 10:40:47.668 25224 25344 W AutofillManager: getViewNodeParcelable(1073741824): could not find view
04-06 10:40:47.672 25224 25344 W AutofillManager: getView(1073741824): could not find view
04-06 10:40:47.672 25224 25344 W AutofillManager: getViewNodeParcelable(1073741824): could not find view
04-06 10:40:48.154 25224 25224 I IMM_LC  : closeCurrentInput: mService.hideSoftInput
04-06 10:40:48.544 25224 25255 I DetoxWSClient: Sending out action 'invokeResult' (ID #19)
04-06 10:40:48.544 25224 25255 I DetoxDispatcher: Done with action 'invoke'
04-06 10:40:48.548 25224 25259 D DetoxWSClient: Received action 'invoke' (ID #20, params={"target":{"type":"Class","value":"com.wix.detox.espresso.DetoxAssertion"},"method":"waitForAssertMatcher","args":[{"type":"Invocation","value":{"target":{"type":"Class","value":"androidx.test.espresso.Espresso"},"method":"onView","args":[{"type":"Invocation","value":{"target":{"type":"Class","value":"com.wix.detox.espresso.DetoxMatcher"},"method":"matcherForTestId","args":["tab-treino",{"type":"boolean","value":false}]}}]}},{"type":"Invocation","value":{"target":{"type":"Class","value":"com.wix.detox.espresso.DetoxMatcher"},"method":"matcherForSufficientlyVisible","args":[{"type":"Integer","value":75}]}},{"type":"Double","value":3}]})
04-06 10:40:48.548 25224 25255 I DetoxDispatcher: Handling action 'invoke' (ID #20)...
04-06 10:40:48.549 25224 25255 D Detox   : class com.wix.detox.espresso.DetoxMatcher, matcherForTestId, [tab-treino, false]
04-06 10:40:48.549 25224 25255 D Detox   : class androidx.test.espresso.Espresso, onView, [(view.getTag() is "tab-treino" and view has effective visibility <VISIBLE>)]
04-06 10:40:48.550 25224 25255 D Detox   : class com.wix.detox.espresso.DetoxMatcher, matcherForSufficientlyVisible, [75]
04-06 10:40:48.551 25224 25255 D Detox   : class com.wix.detox.espresso.DetoxAssertion, waitForAssertMatcher, [androidx.test.espresso.ViewInteraction@ee2a98f, (view has effective visibility <VISIBLE> and view.getGlobalVisibleRect() covers at least <75> percent of the view's area), 3.0]
04-06 10:40:48.555 25224 25224 I ViewInteraction: Checking 'MatchesViewAssertion(Detox){viewMatcher=(view has effective visibility <VISIBLE> and view.getGlobalVisibleRect() covers at least <75> percent of the view's area)}' assertion on view (view.getTag() is "tab-treino" and view has effective visibility <VISIBLE>)
04-06 10:40:48.559 25224 25255 I DetoxWSClient: Sending out action 'invokeResult' (ID #20)
04-06 10:40:48.560 25224 25255 I DetoxDispatcher: Done with action 'invoke'
04-06 10:40:48.566 25224 25259 D DetoxWSClient: Received action 'invoke' (ID #21, params={"target":{"type":"Class","value":"com.wix.detox.espresso.DetoxAssertion"},"method":"waitForAssertMatcher","args":[{"type":"Invocation","value":{"target":{"type":"Class","value":"androidx.test.espresso.Espresso"},"method":"onView","args":[{"type":"Invocation","value":{"target":{"type":"Class","value":"com.wix.detox.espresso.DetoxMatcher"},"method":"matcherForTestId","args":["home-ready",{"type":"boolean","value":false}]}}]}},{"type":"Invocation","value":{"target":{"type":"Class","value":"com.wix.detox.espresso.DetoxMatcher"},"method":"matcherForSufficientlyVisible","args":[{"type":"Integer","value":75}]}},{"type":"Double","value":3}]})
04-06 10:40:48.567 25224 25255 I DetoxDispatcher: Handling action 'invoke' (ID #21)...
04-06 10:40:48.568 25224 25255 D Detox   : class com.wix.detox.espresso.DetoxMatcher, matcherForTestId, [home-ready, false]
04-06 10:40:48.568 25224 25255 D Detox   : class androidx.test.espresso.Espresso, onView, [(view.getTag() is "home-ready" and view has effective visibility <VISIBLE>)]
04-06 10:40:48.570 25224 25255 D Detox   : class com.wix.detox.espresso.DetoxMatcher, matcherForSufficientlyVisible, [75]
04-06 10:40:48.570 25224 25255 D Detox   : class com.wix.detox.espresso.DetoxAssertion, waitForAssertMatcher, [androidx.test.espresso.ViewInteraction@351a825, (view has effective visibility <VISIBLE> and view.getGlobalVisibleRect() covers at least <75> percent of the view's area), 3.0]
04-06 10:40:48.576 25224 25224 I ViewInteraction: Checking 'MatchesViewAssertion(Detox){viewMatcher=(view has effective visibility <VISIBLE> and view.getGlobalVisibleRect() covers at least <75> percent of the view's area)}' assertion on view (view.getTag() is "home-ready" and view has effective visibility <VISIBLE>)
04-06 10:40:48.579 25224 25255 I DetoxWSClient: Sending out action 'invokeResult' (ID #21)
04-06 10:40:48.580 25224 25255 I DetoxDispatcher: Done with action 'invoke'
04-06 10:40:48.585 25224 25259 D DetoxWSClient: Received action 'invoke' (ID #22, params={"target":{"type":"Class","value":"com.wix.detox.espresso.DetoxAssertion"},"method":"waitForAssertMatcher","args":[{"type":"Invocation","value":{"target":{"type":"Class","value":"androidx.test.espresso.Espresso"},"method":"onView","args":[{"type":"Invocation","value":{"target":{"type":"Class","value":"com.wix.detox.espresso.DetoxMatcher"},"method":"matcherForTestId","args":["tab-treino",{"type":"boolean","value":false}]}}]}},{"type":"Invocation","value":{"target":{"type":"Class","value":"com.wix.detox.espresso.DetoxMatcher"},"method":"matcherForSufficientlyVisible","args":[{"type":"Integer","value":75}]}},{"type":"Double","value":3}]})
04-06 10:40:48.587 25224 25255 I DetoxDispatcher: Handling action 'invoke' (ID #22)...
04-06 10:40:48.587 25224 25255 D Detox   : class com.wix.detox.espresso.DetoxMatcher, matcherForTestId, [tab-treino, false]
04-06 10:40:48.588 25224 25255 D Detox   : class androidx.test.espresso.Espresso, onView, [(view.getTag() is "tab-treino" and view has effective visibility <VISIBLE>)]
04-06 10:40:48.590 25224 25255 D Detox   : class com.wix.detox.espresso.DetoxMatcher, matcherForSufficientlyVisible, [75]
04-06 10:40:48.591 25224 25255 D Detox   : class com.wix.detox.espresso.DetoxAssertion, waitForAssertMatcher, [androidx.test.espresso.ViewInteraction@ea4fab, (view has effective visibility <VISIBLE> and view.getGlobalVisibleRect() covers at least <75> percent of the view's area), 3.0]
04-06 10:40:48.598 25224 25224 I ViewInteraction: Checking 'MatchesViewAssertion(Detox){viewMatcher=(view has effective visibility <VISIBLE> and view.getGlobalVisibleRect() covers at least <75> percent of the view's area)}' assertion on view (view.getTag() is "tab-treino" and view has effective visibility <VISIBLE>)
04-06 10:40:48.604 25224 25255 I DetoxWSClient: Sending out action 'invokeResult' (ID #22)
04-06 10:40:48.604 25224 25255 I DetoxDispatcher: Done with action 'invoke'
04-06 10:40:48.610 25224 25259 D DetoxWSClient: Received action 'invoke' (ID #23, params={"target":{"type":"Class","value":"com.wix.detox.espresso.EspressoDetox"},"method":"perform","args":[{"type":"Invocation","value":{"target":{"type":"Class","value":"com.wix.detox.espresso.DetoxMatcher"},"method":"matcherForTestId","args":["tab-treino",{"type":"boolean","value":false}]}},{"type":"Invocation","value":{"target":{"type":"Class","value":"com.wix.detox.espresso.DetoxViewActions"},"method":"click","args":[]}}]})
04-06 10:40:48.611 25224 25255 I DetoxDispatcher: Handling action 'invoke' (ID #23)...
04-06 10:40:48.611 25224 25255 D Detox   : class com.wix.detox.espresso.DetoxMatcher, matcherForTestId, [tab-treino, false]
04-06 10:40:48.612 25224 25255 D Detox   : class com.wix.detox.espresso.DetoxViewActions, click, []
04-06 10:40:48.613 25224 25255 D Detox   : class com.wix.detox.espresso.EspressoDetox, perform, [(view.getTag() is "tab-treino" and view has effective visibility <VISIBLE>), com.wix.detox.espresso.action.RNClickAction@14c3608]
04-06 10:40:48.623 25224 25224 I ViewInteraction: Performing 'com.wix.detox.espresso.action.detoxsingletap@819a1a1 click' action on view (view.getTag() is "tab-treino" and view has effective visibility <VISIBLE>)
04-06 10:40:48.631 25224 25224 I ViewRootImpl@73623ee[MainActivity]: ViewPostIme pointer 0
04-06 10:40:48.659 25224 25224 I ViewRootImpl@73623ee[MainActivity]: ViewPostIme pointer 1
04-06 10:40:48.711 25224 25304 I ReactNativeJS: 'match:', 'local-cache'
04-06 10:40:48.711 25224 25304 I ReactNativeJS: 'recommendation:', 'push', '| confidence:', 'alta'
04-06 10:40:48.788 25224 25224 D ScrollView: initGoToTop
04-06 10:40:49.325 25224 25255 I DetoxWSClient: Sending out action 'invokeResult' (ID #23)
04-06 10:40:49.326 25224 25255 I DetoxDispatcher: Done with action 'invoke'
04-06 10:40:49.331 25224 25259 D DetoxWSClient: Received action 'invoke' (ID #24, params={"target":{"type":"Class","value":"com.wix.detox.espresso.DetoxAssertion"},"method":"waitForAssertMatcher","args":[{"type":"Invocation","value":{"target":{"type":"Class","value":"androidx.test.espresso.Espresso"},"method":"onView","args":[{"type":"Invocation","value":{"target":{"type":"Class","value":"com.wix.detox.espresso.DetoxMatcher"},"method":"matcherForTestId","args":["btn-iniciar-treino",{"type":"boolean","value":false}]}}]}},{"type":"Invocation","value":{"target":{"type":"Class","value":"com.wix.detox.espresso.DetoxMatcher"},"method":"matcherForSufficientlyVisible","args":[{"type":"Integer","value":75}]}},{"type":"Double","value":3}]})
04-06 10:40:49.332 25224 25255 I DetoxDispatcher: Handling action 'invoke' (ID #24)...
04-06 10:40:49.332 25224 25255 D Detox   : class com.wix.detox.espresso.DetoxMatcher, matcherForTestId, [btn-iniciar-treino, false]
04-06 10:40:49.333 25224 25255 D Detox   : class androidx.test.espresso.Espresso, onView, [(view.getTag() is "btn-iniciar-treino" and view has effective visibility <VISIBLE>)]
04-06 10:40:49.334 25224 25255 D Detox   : class com.wix.detox.espresso.DetoxMatcher, matcherForSufficientlyVisible, [75]
04-06 10:40:49.335 25224 25255 D Detox   : class com.wix.detox.espresso.DetoxAssertion, waitForAssertMatcher, [androidx.test.espresso.ViewInteraction@4f3622c, (view has effective visibility <VISIBLE> and view.getGlobalVisibleRect() covers at least <75> percent of the view's area), 3.0]
04-06 10:40:49.340 25224 25224 I ViewInteraction: Checking 'MatchesViewAssertion(Detox){viewMatcher=(view has effective visibility <VISIBLE> and view.getGlobalVisibleRect() covers at least <75> percent of the view's area)}' assertion on view (view.getTag() is "btn-iniciar-treino" and view has effective visibility <VISIBLE>)
04-06 10:40:49.344 25224 25255 I DetoxWSClient: Sending out action 'invokeResult' (ID #24)
04-06 10:40:49.345 25224 25255 I DetoxDispatcher: Done with action 'invoke'
04-06 10:40:49.349 25224 25259 D DetoxWSClient: Received action 'invoke' (ID #25, params={"target":{"type":"Class","value":"com.wix.detox.espresso.EspressoDetox"},"method":"perform","args":[{"type":"Invocation","value":{"target":{"type":"Class","value":"com.wix.detox.espresso.DetoxMatcher"},"method":"matcherForTestId","args":["btn-iniciar-treino",{"type":"boolean","value":false}]}},{"type":"Invocation","value":{"target":{"type":"Class","value":"com.wix.detox.espresso.DetoxViewActions"},"method":"click","args":[]}}]})
04-06 10:40:49.350 25224 25255 I DetoxDispatcher: Handling action 'invoke' (ID #25)...
04-06 10:40:49.351 25224 25255 D Detox   : class com.wix.detox.espresso.DetoxMatcher, matcherForTestId, [btn-iniciar-treino, false]
04-06 10:40:49.351 25224 25255 D Detox   : class com.wix.detox.espresso.DetoxViewActions, click, []
04-06 10:40:49.352 25224 25255 D Detox   : class com.wix.detox.espresso.EspressoDetox, perform, [(view.getTag() is "btn-iniciar-treino" and view has effective visibility <VISIBLE>), com.wix.detox.espresso.action.RNClickAction@c95d28a]
04-06 10:40:49.358 25224 25224 I ViewInteraction: Performing 'com.wix.detox.espresso.action.detoxsingletap@2ace0fb click' action on view (view.getTag() is "btn-iniciar-treino" and view has effective visibility <VISIBLE>)
04-06 10:40:49.363 25224 25224 I ViewRootImpl@73623ee[MainActivity]: ViewPostIme pointer 0
04-06 10:40:49.393 25224 25224 I ViewRootImpl@73623ee[MainActivity]: ViewPostIme pointer 1
04-06 10:40:49.512 25224 25224 W [RNScreens]: backTitleFontFamily prop is not available on Android
04-06 10:40:49.512 25224 25224 W [RNScreens]: disableBackButtonMenu prop is not available on Android
04-06 10:40:49.512 25224 25224 W [RNScreens]: backTitleVisible prop is not available on Android
04-06 10:40:49.512 25224 25224 W [RNScreens]: topInsetEnabled prop is not available on Android
04-06 10:40:49.513 25224 25224 W [RNScreens]: largeTitleHideShadow prop is not available on Android
04-06 10:40:49.513 25224 25224 W [RNScreens]: largeTitleFontWeight prop is not available on Android
04-06 10:40:49.513 25224 25224 W [RNScreens]: userInterfaceStyle prop is not available on Android
04-06 10:40:49.513 25224 25224 W [RNScreens]: largeTitleFontFamily prop is not available on Android
04-06 10:40:49.520 25224 25304 I ReactNativeJS: 'match:', 'local-cache'
04-06 10:40:49.520 25224 25304 I ReactNativeJS: 'recommendation:', 'push', '| confidence:', 'alta'
04-06 10:40:49.553 25224 25304 I ReactNativeJS: 'match:', 'local-cache'
04-06 10:40:49.554 25224 25304 I ReactNativeJS: 'recommendation:', 'push', '| confidence:', 'alta'
04-06 10:40:49.661 25224 25234 D InputTransport: Input channel destroyed: 'ClientS', fd=171
04-06 10:40:49.932 25224 25224 W UiControllerImpl: Waiting for: DYNAMIC_TASKS_HAVE_IDLED for 100 iterations.
04-06 10:40:50.614 25224 25224 W om.evolucao.app: Accessing hidden field Landroid/widget/HorizontalScrollView;->mScroller:Landroid/widget/OverScroller; (unsupported, reflection, allowed)
04-06 10:40:50.632 25224 25224 D ScrollView: initGoToTop
04-06 10:40:51.772 25224 25255 I DetoxWSClient: Sending out action 'invokeResult' (ID #25)
04-06 10:40:51.773 25224 25255 I DetoxDispatcher: Done with action 'invoke'
04-06 10:40:51.779 25224 25259 D DetoxWSClient: Received action 'invoke' (ID #26, params={"target":{"type":"Class","value":"com.wix.detox.espresso.DetoxAssertion"},"method":"waitForAssertMatcher","args":[{"type":"Invocation","value":{"target":{"type":"Class","value":"androidx.test.espresso.Espresso"},"method":"onView","args":[{"type":"Invocation","value":{"target":{"type":"Class","value":"com.wix.detox.espresso.DetoxMatcher"},"method":"matcherForTestId","args":["input-peso",{"type":"boolean","value":false}]}}]}},{"type":"Invocation","value":{"target":{"type":"Class","value":"com.wix.detox.espresso.DetoxMatcher"},"method":"matcherForSufficientlyVisible","args":[{"type":"Integer","value":75}]}},{"type":"Double","value":3}]})
04-06 10:40:51.780 25224 25255 I DetoxDispatcher: Handling action 'invoke' (ID #26)...
04-06 10:40:51.780 25224 25255 D Detox   : class com.wix.detox.espresso.DetoxMatcher, matcherForTestId, [input-peso, false]
04-06 10:40:51.781 25224 25255 D Detox   : class androidx.test.espresso.Espresso, onView, [(view.getTag() is "input-peso" and view has effective visibility <VISIBLE>)]
04-06 10:40:51.782 25224 25255 D Detox   : class com.wix.detox.espresso.DetoxMatcher, matcherForSufficientlyVisible, [75]
04-06 10:40:51.783 25224 25255 D Detox   : class com.wix.detox.espresso.DetoxAssertion, waitForAssertMatcher, [androidx.test.espresso.ViewInteraction@4a6bb9f, (view has effective visibility <VISIBLE> and view.getGlobalVisibleRect() covers at least <75> percent of the view's area), 3.0]
04-06 10:40:51.791 25224 25224 I ViewInteraction: Checking 'MatchesViewAssertion(Detox){viewMatcher=(view has effective visibility <VISIBLE> and view.getGlobalVisibleRect() covers at least <75> percent of the view's area)}' assertion on view (view.getTag() is "input-peso" and view has effective visibility <VISIBLE>)
04-06 10:40:51.809 25224 25255 I DetoxWSClient: Sending out action 'invokeResult' (ID #26)
04-06 10:40:51.809 25224 25255 I DetoxDispatcher: Done with action 'invoke'
04-06 10:40:51.813 25224 25259 D DetoxWSClient: Received action 'invoke' (ID #27, params={"target":{"type":"Class","value":"com.wix.detox.espresso.DetoxAssertion"},"method":"waitForAssertMatcher","args":[{"type":"Invocation","value":{"target":{"type":"Class","value":"androidx.test.espresso.Espresso"},"method":"onView","args":[{"type":"Invocation","value":{"target":{"type":"Class","value":"com.wix.detox.espresso.DetoxMatcher"},"method":"matcherForTestId","args":["input-reps",{"type":"boolean","value":false}]}}]}},{"type":"Invocation","value":{"target":{"type":"Class","value":"com.wix.detox.espresso.DetoxMatcher"},"method":"matcherForSufficientlyVisible","args":[{"type":"Integer","value":75}]}},{"type":"Double","value":3}]})
04-06 10:40:51.814 25224 25255 I DetoxDispatcher: Handling action 'invoke' (ID #27)...
04-06 10:40:51.814 25224 25255 D Detox   : class com.wix.detox.espresso.DetoxMatcher, matcherForTestId, [input-reps, false]
04-06 10:40:51.814 25224 25255 D Detox   : class androidx.test.espresso.Espresso, onView, [(view.getTag() is "input-reps" and view has effective visibility <VISIBLE>)]
04-06 10:40:51.815 25224 25255 D Detox   : class com.wix.detox.espresso.DetoxMatcher, matcherForSufficientlyVisible, [75]
04-06 10:40:51.815 25224 25255 D Detox   : class com.wix.detox.espresso.DetoxAssertion, waitForAssertMatcher, [androidx.test.espresso.ViewInteraction@37e96d8, (view has effective visibility <VISIBLE> and view.getGlobalVisibleRect() covers at least <75> percent of the view's area), 3.0]
04-06 10:40:51.819 25224 25224 I ViewInteraction: Checking 'MatchesViewAssertion(Detox){viewMatcher=(view has effective visibility <VISIBLE> and view.getGlobalVisibleRect() covers at least <75> percent of the view's area)}' assertion on view (view.getTag() is "input-reps" and view has effective visibility <VISIBLE>)
04-06 10:40:51.832 25224 25255 I DetoxWSClient: Sending out action 'invokeResult' (ID #27)
04-06 10:40:51.832 25224 25255 I DetoxDispatcher: Done with action 'invoke'
04-06 10:40:51.836 25224 25259 D DetoxWSClient: Received action 'invoke' (ID #28, params={"target":{"type":"Class","value":"com.wix.detox.espresso.EspressoDetox"},"method":"perform","args":[{"type":"Invocation","value":{"target":{"type":"Class","value":"com.wix.detox.espresso.DetoxMatcher"},"method":"matcherForTestId","args":["input-peso",{"type":"boolean","value":false}]}},{"type":"Invocation","value":{"target":{"type":"Class","value":"com.wix.detox.espresso.DetoxViewActions"},"method":"click","args":[]}}]})
04-06 10:40:51.836 25224 25255 I DetoxDispatcher: Handling action 'invoke' (ID #28)...
04-06 10:40:51.837 25224 25255 D Detox   : class com.wix.detox.espresso.DetoxMatcher, matcherForTestId, [input-peso, false]
04-06 10:40:51.837 25224 25255 D Detox   : class com.wix.detox.espresso.DetoxViewActions, click, []
04-06 10:40:51.837 25224 25255 D Detox   : class com.wix.detox.espresso.EspressoDetox, perform, [(view.getTag() is "input-peso" and view has effective visibility <VISIBLE>), com.wix.detox.espresso.action.RNClickAction@e35e516]
04-06 10:40:51.840 25224 25224 I ViewInteraction: Performing 'com.wix.detox.espresso.action.detoxsingletap@dc36e97 click' action on view (view.getTag() is "input-peso" and view has effective visibility <VISIBLE>)
04-06 10:40:51.853 25224 25224 I ViewRootImpl@73623ee[MainActivity]: ViewPostIme pointer 0
04-06 10:40:51.883 25224 25224 I ViewRootImpl@73623ee[MainActivity]: ViewPostIme pointer 1
04-06 10:40:51.913 25224 25224 D InputMethodManager: startInputInner - Id : 0
04-06 10:40:51.913 25224 25224 I InputMethodManager: startInputInner - mService.startInputOrWindowGainedFocus
04-06 10:40:51.918 25224 25224 I IMM_LC  : showSoftInput(View,I)
04-06 10:40:51.919 25224 25224 I IMM_LC  : ssi() - flag : 0 view : com.evolucao.app reason = SHOW_SOFT_INPUT
04-06 10:40:51.937 25224 25273 D NativeCustomFrequencyManager: [NativeCFMS] BpCustomFrequencyManager::BpCustomFrequencyManager()
04-06 10:40:51.941 25224 25224 D InsetsController: onStateChanged: InsetsState: {mDisplayFrame=Rect(0, 0 - 1080, 2400), mDisplayCutout=DisplayCutout{insets=Rect(0, 88 - 0, 0) waterfall=Insets{left=0, top=0, right=0, bottom=0} boundingRect={Bounds=[Rect(0, 0 - 0, 0), Rect(512, 0 - 568, 88), Rect(0, 0 - 0, 0), Rect(0, 0 - 0, 0)]} cutoutPathParserInfo={CutoutPathParserInfo{displayWidth=1080 displayHeight=2400 physicalDisplayWidth=1080 physicalDisplayHeight=2400 density={3.0} cutoutSpec={M 0,0 M 0,10.71963616907435 a 9.280363830925644,9.280363830925644 0 1,0 0,18.56072766185129 a 9.280363830925644,9.280363830925644 0 1,0 0,-18.56072766185129 Z @dp} rotation={0} scale={1.0} physicalPixelDisplaySizeRatio={1.0}}}}, mRoundedCorners=RoundedCorners{[RoundedCorner{position=TopLeft, radius=96, center=Point(96, 96)}, RoundedCorner{position=TopRight, radius=96, center=Point(984, 96)}, RoundedCorner{position=BottomRight, radius=96, center=Point(984, 2304)}, RoundedCorner{position=BottomLeft, radius=96, center=Point(96, 2304)}]}  mRoundedCornerFrame=Rect(0, 0 - 1080, 2400), mPrivacyIndicatorBounds=PrivacyIndicatorBounds {static bounds=Rect(948, 0 - 1080, 88) rotation=0}, mSources= { InsetsSource: {mType=ITYPE_STATUS_BAR, mFrame=[0,0][1080,88], mVisible=true, mInsetsRoundedCornerFrame=false}, InsetsSource: {mType=ITYPE_NAVIGATION_BAR, mFrame=[0,2256][1080,2400], mVisible=true, mInsetsRoundedCornerFrame=false}, InsetsSource: {mType=ITYPE_LEFT_GESTURES, mFrame=[0,0][0,2400], mVisible=true, mInsetsRoundedCornerFrame=false}, InsetsSource: {mType=ITYPE_RIGHT_GESTURES, mFrame=[1080,0][1080,2400], mVisible=true, mInsetsRoundedCornerFrame=false}, InsetsSource: {mType=ITYPE_TOP_MANDATORY_GESTURES, mFrame=[0,0][1080,124], mVisible=true, mInsetsRoundedCornerFrame=false}, InsetsSource: {mType=ITYPE_BOTTOM_MANDATORY_GESTURES, mFrame=[0,2256][1080,2400], mVisible=true, mInsetsRoundedCornerFrame=false}, InsetsSource: {mType=ITYPE_LEFT_DISPLAY_CUTOUT, mFrame=[0,0][-100000,2400], mVisible=true, mInsetsRoundedCornerFrame=false}, InsetsSource: {mType=ITYPE_TOP_DISPLAY_CUTOUT, mFrame=[0,0][1080,88], mVisible=true, mInsetsRoundedCornerFrame=false}, InsetsSource: {mType=ITYPE_RIGHT_DISPLAY_CUTOUT, mFrame=[100000,0][1080,2400], mVisible=true, mInsetsRoundedCornerFrame=false}, InsetsSource: {mType=ITYPE_BOTTOM_DISPLAY_CUTOUT, mFrame=[0,100000][1080,2400], mVisible=true, mInsetsRoundedCornerFrame=false}, InsetsSource: {mType=ITYPE_TOP_TAPPABLE_ELEMENT, mFrame=[0,0][1080,88], mVisible=true, mInsetsRoundedCornerFrame=false}, InsetsSource: {mType=ITYPE_BOTTOM_TAPPABLE_ELEMENT, mFrame=[0,2256][1080,2400], mVisible=true, mInsetsRoundedCornerFrame=false} } host=PopupWindow:53bdfa from=android.view.ViewRootImpl.setView:1732
04-06 10:40:51.944 25224 25224 I ViewRootImpl@e63fab[PopupWindow:53bdfa]: setView = android.widget.PopupWindow$PopupDecorView@7472b87 TM=false
04-06 10:40:51.946 25224 25273 D NativeCustomFrequencyManager: [NativeCFMS] BpCustomFrequencyManager::BpCustomFrequencyManager()
04-06 10:40:51.949 25224 25224 D InsetsController: onStateChanged: InsetsState: {mDisplayFrame=Rect(0, 0 - 1080, 2400), mDisplayCutout=DisplayCutout{insets=Rect(0, 88 - 0, 0) waterfall=Insets{left=0, top=0, right=0, bottom=0} boundingRect={Bounds=[Rect(0, 0 - 0, 0), Rect(512, 0 - 568, 88), Rect(0, 0 - 0, 0), Rect(0, 0 - 0, 0)]} cutoutPathParserInfo={CutoutPathParserInfo{displayWidth=1080 displayHeight=2400 physicalDisplayWidth=1080 physicalDisplayHeight=2400 density={3.0} cutoutSpec={M 0,0 M 0,10.71963616907435 a 9.280363830925644,9.280363830925644 0 1,0 0,18.56072766185129 a 9.280363830925644,9.280363830925644 0 1,0 0,-18.56072766185129 Z @dp} rotation={0} scale={1.0} physicalPixelDisplaySizeRatio={1.0}}}}, mRoundedCorners=RoundedCorners{[RoundedCorner{position=TopLeft, radius=96, center=Point(96, 96)}, RoundedCorner{position=TopRight, radius=96, center=Point(984, 96)}, RoundedCorner{position=BottomRight, radius=96, center=Point(984, 2304)}, RoundedCorner{position=BottomLeft, radius=96, center=Point(96, 2304)}]}  mRoundedCornerFrame=Rect(0, 0 - 1080, 2400), mPrivacyIndicatorBounds=PrivacyIndicatorBounds {static bounds=Rect(948, 0 - 1080, 88) rotation=0}, mSources= { InsetsSource: {mType=ITYPE_STATUS_BAR, mFrame=[0,0][1080,88], mVisible=true, mInsetsRoundedCornerFrame=false}, InsetsSource: {mType=ITYPE_NAVIGATION_BAR, mFrame=[0,2256][1080,2400], mVisible=true, mInsetsRoundedCornerFrame=false}, InsetsSource: {mType=ITYPE_LEFT_GESTURES, mFrame=[0,0][0,2400], mVisible=true, mInsetsRoundedCornerFrame=false}, InsetsSource: {mType=ITYPE_RIGHT_GESTURES, mFrame=[1080,0][1080,2400], mVisible=true, mInsetsRoundedCornerFrame=false}, InsetsSource: {mType=ITYPE_TOP_MANDATORY_GESTURES, mFrame=[0,0][1080,124], mVisible=true, mInsetsRoundedCornerFrame=false}, InsetsSource: {mType=ITYPE_BOTTOM_MANDATORY_GESTURES, mFrame=[0,2256][1080,2400], mVisible=true, mInsetsRoundedCornerFrame=false}, InsetsSource: {mType=ITYPE_LEFT_DISPLAY_CUTOUT, mFrame=[0,0][-100000,2400], mVisible=true, mInsetsRoundedCornerFrame=false}, InsetsSource: {mType=ITYPE_TOP_DISPLAY_CUTOUT, mFrame=[0,0][1080,88], mVisible=true, mInsetsRoundedCornerFrame=false}, InsetsSource: {mType=ITYPE_RIGHT_DISPLAY_CUTOUT, mFrame=[100000,0][1080,2400], mVisible=true, mInsetsRoundedCornerFrame=false}, InsetsSource: {mType=ITYPE_BOTTOM_DISPLAY_CUTOUT, mFrame=[0,100000][1080,2400], mVisible=true, mInsetsRoundedCornerFrame=false}, InsetsSource: {mType=ITYPE_TOP_TAPPABLE_ELEMENT, mFrame=[0,0][1080,88], mVisible=true, mInsetsRoundedCornerFrame=false}, InsetsSource: {mType=ITYPE_BOTTOM_TAPPABLE_ELEMENT, mFrame=[0,2256][1080,2400], mVisible=true, mInsetsRoundedCornerFrame=false} } host=PopupWindow:9aa26dd from=android.view.ViewRootImpl.setView:1732
04-06 10:40:51.951 25224 25224 I ViewRootImpl@1381252[PopupWindow:9aa26dd]: setView = android.widget.PopupWindow$PopupDecorView@621019e TM=false
04-06 10:40:51.956 25224 25224 I IMM_LC  : showSoftInput(View,I)
04-06 10:40:51.956 25224 25224 I IMM_LC  : ssi() - flag : 0 view : com.evolucao.app reason = SHOW_SOFT_INPUT
04-06 10:40:51.958 25224 25224 I ViewRootImpl@e63fab[PopupWindow:53bdfa]: performTraversals params={(231,1797)(90x108) gr=TOP START CENTER sim={state=unchanged adjust=pan} ty=APPLICATION_SUB_PANEL fmt=TRANSLUCENT wanim=0x1030313 surfaceInsets=Rect(0, 0 - 0, 0) (manual)
04-06 10:40:51.958 25224 25224 I ViewRootImpl@e63fab[PopupWindow:53bdfa]:   fl=41800208
04-06 10:40:51.958 25224 25224 I ViewRootImpl@e63fab[PopupWindow:53bdfa]:   pfl=2018000
04-06 10:40:51.958 25224 25224 I ViewRootImpl@e63fab[PopupWindow:53bdfa]:   bhv=DEFAULT
04-06 10:40:51.958 25224 25224 I ViewRootImpl@e63fab[PopupWindow:53bdfa]:   fitTypes=STATUS_BARS NAVIGATION_BARS CAPTION_BAR naviIconColor=0
04-06 10:40:51.958 25224 25224 I ViewRootImpl@e63fab[PopupWindow:53bdfa]:   sfl=20000}
04-06 10:40:51.959 25224 25224 I ViewRootImpl@e63fab[PopupWindow:53bdfa]: performTraversals mFirst=true windowShouldResize=true viewVisibilityChanged=false mForceNextWindowRelayout=false params={(231,1797)(90x108) gr=TOP START CENTER sim={state=unchanged adjust=pan} ty=APPLICATION_SUB_PANEL fmt=TRANSLUCENT wanim=0x1030313 surfaceInsets=Rect(0, 0 - 0, 0) (manual)
04-06 10:40:51.959 25224 25224 I ViewRootImpl@e63fab[PopupWindow:53bdfa]:   fl=41800208
04-06 10:40:51.959 25224 25224 I ViewRootImpl@e63fab[PopupWindow:53bdfa]:   pfl=42018000
04-06 10:40:51.959 25224 25224 I ViewRootImpl@e63fab[PopupWindow:53bdfa]:   bhv=DEFAULT
04-06 10:40:51.959 25224 25224 I ViewRootImpl@e63fab[PopupWindow:53bdfa]:   fitTypes=STATUS_BARS NAVIGATION_BARS CAPTION_BAR naviIconColor=0
04-06 10:40:51.959 25224 25224 I ViewRootImpl@e63fab[PopupWindow:53bdfa]:   sfl=20000}
04-06 10:40:51.962 25224 25344 I ViewRootImpl@e63fab[PopupWindow:53bdfa]: Resizing android.view.ViewRootImpl@9fadab4: frame = [231,1797][321,1905] reportDraw = true forceLayout = false syncSeqId = 0
04-06 10:40:51.963 25224 25224 I ViewRootImpl@e63fab[PopupWindow:53bdfa]: updateBlastSurfaceIfNeeded mBlastBufferQueue=null isSameSurfaceControl=false
04-06 10:40:51.964 25224 25224 I BLASTBufferQueue: new BLASTBufferQueue, mName= ViewRootImpl@e63fab[PopupWindow:53bdfa] mNativeObject= 0xb4000070a07cef80 sc.mNativeObject= 0xb4000069f58875c0 caller= android.view.ViewRootImpl.updateBlastSurfaceIfNeeded:2909 android.view.ViewRootImpl.relayoutWindow:9847 android.view.ViewRootImpl.performTraversals:3884 android.view.ViewRootImpl.doTraversal:3116 android.view.ViewRootImpl$TraversalRunnable.run:10885 android.view.Choreographer$CallbackRecord.run:1301 android.view.Choreographer$CallbackRecord.run:1309 android.view.Choreographer.doCallbacks:923 android.view.Choreographer.doFrame:852 android.view.Choreographer$FrameDisplayEventReceiver.run:1283 
04-06 10:40:51.964 25224 25224 I BLASTBufferQueue: update, w= 90 h= 108 mName = ViewRootImpl@e63fab[PopupWindow:53bdfa] mNativeObject= 0xb4000070a07cef80 sc.mNativeObject= 0xb4000069f58875c0 format= -3 caller= android.graphics.BLASTBufferQueue.<init>:84 android.view.ViewRootImpl.updateBlastSurfaceIfNeeded:2909 android.view.ViewRootImpl.relayoutWindow:9847 android.view.ViewRootImpl.performTraversals:3884 android.view.ViewRootImpl.doTraversal:3116 android.view.ViewRootImpl$TraversalRunnable.run:10885 
04-06 10:40:51.964 25224 25224 I ViewRootImpl@e63fab[PopupWindow:53bdfa]: Relayout returned: old=(231,1797,321,1905) new=(231,1797,321,1905) req=(90,108)0 dur=4 res=0x3 s={true 0xb4000069f58b9000} ch=true seqId=0
04-06 10:40:51.965 25224 25224 I ViewRootImpl@e63fab[PopupWindow:53bdfa]: mThreadedRenderer.initialize() mSurface={isValid=true 0xb4000069f58b9000} hwInitialized=true
04-06 10:40:51.965 25224 25273 D OpenGLRenderer: eglCreateWindowSurface
04-06 10:40:51.966 25224 25224 I ViewRootImpl@e63fab[PopupWindow:53bdfa]: reportNextDraw android.view.ViewRootImpl.performTraversals:4438 android.view.ViewRootImpl.doTraversal:3116 android.view.ViewRootImpl$TraversalRunnable.run:10885 android.view.Choreographer$CallbackRecord.run:1301 android.view.Choreographer$CallbackRecord.run:1309 
04-06 10:40:51.966 25224 25224 I ViewRootImpl@e63fab[PopupWindow:53bdfa]: Setup new sync id=0
04-06 10:40:51.966 25224 25224 I ViewRootImpl@e63fab[PopupWindow:53bdfa]: Setting syncFrameCallback
04-06 10:40:51.966 25224 25224 I ViewRootImpl@e63fab[PopupWindow:53bdfa]: registerCallbacksForSync syncBuffer=false
04-06 10:40:51.967 25224 25294 I ViewRootImpl@e63fab[PopupWindow:53bdfa]: Received frameDrawingCallback syncResult=0 frameNum=1.
04-06 10:40:51.967 25224 25294 I ViewRootImpl@e63fab[PopupWindow:53bdfa]: Setting up sync and frameCommitCallback
04-06 10:40:51.968 25224 25273 I BLASTBufferQueue: [ViewRootImpl@e63fab[PopupWindow:53bdfa]#6](f:0,a:0) onFrameAvailable the first frame is available
04-06 10:40:51.968 25224 25273 I ViewRootImpl@e63fab[PopupWindow:53bdfa]: Received frameCommittedCallback lastAttemptedDrawFrameNum=1 didProduceBuffer=true
04-06 10:40:51.968 25224 25273 D OpenGLRenderer: CFMS:: SetUp Pid : 25224    Tid : 25273
04-06 10:40:51.969 25224 25273 W Parcel  : Expecting binder but got null!
04-06 10:40:51.969 25224 25224 I ViewRootImpl@e63fab[PopupWindow:53bdfa]: onSyncComplete
04-06 10:40:51.969 25224 25224 I ViewRootImpl@e63fab[PopupWindow:53bdfa]: setupSync seqId=0 mSyncId=0 fn=1 caller=android.view.ViewRootImpl$$ExternalSyntheticLambda11.accept:6 android.window.SurfaceSyncer.lambda$setupSync$1$android-window-SurfaceSyncer:128 android.window.SurfaceSyncer$$ExternalSyntheticLambda1.accept:8 android.window.SurfaceSyncer$SyncSet.checkIfSyncIsComplete:382 android.window.SurfaceSyncer$SyncSet.markSyncReady:359 android.window.SurfaceSyncer.markSyncReady:151 android.view.ViewRootImpl.performTraversals:4503 
04-06 10:40:51.970 25224 25224 I ViewRootImpl@1381252[PopupWindow:9aa26dd]: performTraversals params={(231,1703)(90x94) gr=TOP START CENTER sim={state=unchanged adjust=pan} ty=APPLICATION_SUB_PANEL fmt=TRANSLUCENT wanim=0x1030313 surfaceInsets=Rect(0, 0 - 0, 0) (manual)
04-06 10:40:51.970 25224 25224 I ViewRootImpl@1381252[PopupWindow:9aa26dd]:   fl=41800218
04-06 10:40:51.970 25224 25224 I ViewRootImpl@1381252[PopupWindow:9aa26dd]:   pfl=2018000
04-06 10:40:51.970 25224 25224 I ViewRootImpl@1381252[PopupWindow:9aa26dd]:   bhv=DEFAULT
04-06 10:40:51.970 25224 25224 I ViewRootImpl@1381252[PopupWindow:9aa26dd]:   fitTypes=STATUS_BARS NAVIGATION_BARS CAPTION_BAR naviIconColor=0
04-06 10:40:51.970 25224 25224 I ViewRootImpl@1381252[PopupWindow:9aa26dd]:   sfl=20000}
04-06 10:40:51.971 25224 25224 I ViewRootImpl@1381252[PopupWindow:9aa26dd]: performTraversals mFirst=true windowShouldResize=true viewVisibilityChanged=false mForceNextWindowRelayout=false params={(231,1703)(90x94) gr=TOP START CENTER sim={state=unchanged adjust=pan} ty=APPLICATION_SUB_PANEL fmt=TRANSLUCENT wanim=0x1030313 surfaceInsets=Rect(0, 0 - 0, 0) (manual)
04-06 10:40:51.971 25224 25224 I ViewRootImpl@1381252[PopupWindow:9aa26dd]:   fl=41800218
04-06 10:40:51.971 25224 25224 I ViewRootImpl@1381252[PopupWindow:9aa26dd]:   pfl=42018000
04-06 10:40:51.971 25224 25224 I ViewRootImpl@1381252[PopupWindow:9aa26dd]:   bhv=DEFAULT
04-06 10:40:51.971 25224 25224 I ViewRootImpl@1381252[PopupWindow:9aa26dd]:   fitTypes=STATUS_BARS NAVIGATION_BARS CAPTION_BAR naviIconColor=0
04-06 10:40:51.971 25224 25224 I ViewRootImpl@1381252[PopupWindow:9aa26dd]:   sfl=20000}
04-06 10:40:51.974 25224 25344 I ViewRootImpl@1381252[PopupWindow:9aa26dd]: Resizing android.view.ViewRootImpl@8c0047f: frame = [231,1703][321,1797] reportDraw = true forceLayout = false syncSeqId = 0
04-06 10:40:51.975 25224 25224 I ViewRootImpl@1381252[PopupWindow:9aa26dd]: updateBlastSurfaceIfNeeded mBlastBufferQueue=null isSameSurfaceControl=false
04-06 10:40:51.975 25224 25224 I BLASTBufferQueue: new BLASTBufferQueue, mName= ViewRootImpl@1381252[PopupWindow:9aa26dd] mNativeObject= 0xb4000070a07cfa00 sc.mNativeObject= 0xb4000070a0ce0c00 caller= android.view.ViewRootImpl.updateBlastSurfaceIfNeeded:2909 android.view.ViewRootImpl.relayoutWindow:9847 android.view.ViewRootImpl.performTraversals:3884 android.view.ViewRootImpl.doTraversal:3116 android.view.ViewRootImpl$TraversalRunnable.run:10885 android.view.Choreographer$CallbackRecord.run:1301 android.view.Choreographer$CallbackRecord.run:1309 android.view.Choreographer.doCallbacks:923 android.view.Choreographer.doFrame:852 android.view.Choreographer$FrameDisplayEventReceiver.run:1283 
04-06 10:40:51.976 25224 25224 I BLASTBufferQueue: update, w= 90 h= 94 mName = ViewRootImpl@1381252[PopupWindow:9aa26dd] mNativeObject= 0xb4000070a07cfa00 sc.mNativeObject= 0xb4000070a0ce0c00 format= -3 caller= android.graphics.BLASTBufferQueue.<init>:84 android.view.ViewRootImpl.updateBlastSurfaceIfNeeded:2909 android.view.ViewRootImpl.relayoutWindow:9847 android.view.ViewRootImpl.performTraversals:3884 android.view.ViewRootImpl.doTraversal:3116 android.view.ViewRootImpl$TraversalRunnable.run:10885 
04-06 10:40:51.976 25224 25224 I ViewRootImpl@1381252[PopupWindow:9aa26dd]: Relayout returned: old=(231,1703,321,1797) new=(231,1703,321,1797) req=(90,94)0 dur=4 res=0x3 s={true 0xb4000069f58bb800} ch=true seqId=0
04-06 10:40:51.977 25224 25224 I ViewRootImpl@1381252[PopupWindow:9aa26dd]: mThreadedRenderer.initialize() mSurface={isValid=true 0xb4000069f58bb800} hwInitialized=true
04-06 10:40:51.977 25224 25273 D OpenGLRenderer: eglCreateWindowSurface
04-06 10:40:51.978 25224 25224 I ViewRootImpl@1381252[PopupWindow:9aa26dd]: reportNextDraw android.view.ViewRootImpl.performTraversals:4438 android.view.ViewRootImpl.doTraversal:3116 android.view.ViewRootImpl$TraversalRunnable.run:10885 android.view.Choreographer$CallbackRecord.run:1301 android.view.Choreographer$CallbackRecord.run:1309 
04-06 10:40:51.978 25224 25224 I ViewRootImpl@1381252[PopupWindow:9aa26dd]: Setup new sync id=0
04-06 10:40:51.978 25224 25224 I ViewRootImpl@1381252[PopupWindow:9aa26dd]: Setting syncFrameCallback
04-06 10:40:51.978 25224 25224 I ViewRootImpl@1381252[PopupWindow:9aa26dd]: registerCallbacksForSync syncBuffer=false
04-06 10:40:51.978 25224 25293 I ViewRootImpl@1381252[PopupWindow:9aa26dd]: Received frameDrawingCallback syncResult=0 frameNum=1.
04-06 10:40:51.978 25224 25293 I ViewRootImpl@1381252[PopupWindow:9aa26dd]: Setting up sync and frameCommitCallback
04-06 10:40:51.979 25224 25273 I BLASTBufferQueue: [ViewRootImpl@1381252[PopupWindow:9aa26dd]#7](f:0,a:0) onFrameAvailable the first frame is available
04-06 10:40:51.979 25224 25273 I ViewRootImpl@1381252[PopupWindow:9aa26dd]: Received frameCommittedCallback lastAttemptedDrawFrameNum=1 didProduceBuffer=true
04-06 10:40:51.980 25224 25273 D OpenGLRenderer: CFMS:: SetUp Pid : 25224    Tid : 25273
04-06 10:40:51.980 25224 25273 W Parcel  : Expecting binder but got null!
04-06 10:40:51.980 25224 25224 I ViewRootImpl@1381252[PopupWindow:9aa26dd]: onSyncComplete
04-06 10:40:51.980 25224 25224 I ViewRootImpl@1381252[PopupWindow:9aa26dd]: setupSync seqId=0 mSyncId=0 fn=1 caller=android.view.ViewRootImpl$$ExternalSyntheticLambda11.accept:6 android.window.SurfaceSyncer.lambda$setupSync$1$android-window-SurfaceSyncer:128 android.window.SurfaceSyncer$$ExternalSyntheticLambda1.accept:8 android.window.SurfaceSyncer$SyncSet.checkIfSyncIsComplete:382 android.window.SurfaceSyncer$SyncSet.markSyncReady:359 android.window.SurfaceSyncer.markSyncReady:151 android.view.ViewRootImpl.performTraversals:4503 
04-06 10:40:51.981 25224 25224 I ViewRootImpl@1381252[PopupWindow:9aa26dd]: reportDrawFinished seqId=0 mSyncId=-1 fn=1 mSurfaceChangedTransaction=0xb4000070a0992100
04-06 10:40:51.981 25224 25224 I ViewRootImpl@e63fab[PopupWindow:53bdfa]: reportDrawFinished seqId=0 mSyncId=-1 fn=1 mSurfaceChangedTransaction=0xb4000070c2cf7900
