--------- beginning of main
04-06 11:46:25.356 21886 21886 W UiControllerImpl: Waiting for: DYNAMIC_TASKS_HAVE_IDLED for 500 iterations.
04-06 11:46:25.643 21886 21886 I Detox   : Wait is over: App is now idle!
04-06 11:46:25.644 21886 21929 I DetoxWSClient: Sending out action 'ready' (ID #-1000)
04-06 11:46:25.645 21886 21929 I DetoxDispatcher: Done with action 'isReady'
04-06 11:46:26.205 21886 21933 D DetoxWSClient: Received action 'invoke' (ID #1, params={"target":{"type":"Class","value":"com.wix.detox.espresso.DetoxAssertion"},"method":"waitForAssertMatcher","args":[{"type":"Invocation","value":{"target":{"type":"Class","value":"androidx.test.espresso.Espresso"},"method":"onView","args":[{"type":"Invocation","value":{"target":{"type":"Class","value":"com.wix.detox.espresso.DetoxMatcher"},"method":"matcherForTestId","args":["app-root",{"type":"boolean","value":false}]}}]}},{"type":"Invocation","value":{"target":{"type":"Class","value":"com.wix.detox.espresso.DetoxMatcher"},"method":"matcherForSufficientlyVisible","args":[{"type":"Integer","value":75}]}},{"type":"Double","value":5}]})
04-06 11:46:26.206 21886 21929 I DetoxDispatcher: Handling action 'invoke' (ID #1)...
04-06 11:46:26.215 21886 21929 D Detox   : class com.wix.detox.espresso.DetoxMatcher, matcherForTestId, [app-root, false]
04-06 11:46:26.228 21886 21929 D Detox   : class androidx.test.espresso.Espresso, onView, [(view.getTag() is "app-root" and view has effective visibility <VISIBLE>)]
04-06 11:46:26.230 21886 21929 D Detox   : class com.wix.detox.espresso.DetoxMatcher, matcherForSufficientlyVisible, [75]
04-06 11:46:26.232 21886 21929 D Detox   : class com.wix.detox.espresso.DetoxAssertion, waitForAssertMatcher, [androidx.test.espresso.ViewInteraction@7e79e9f, (view has effective visibility <VISIBLE> and view.getGlobalVisibleRect() covers at least <75> percent of the view's area), 5.0]
04-06 11:46:26.253 21886 21886 I ViewInteraction: Checking 'MatchesViewAssertion(Detox){viewMatcher=(view has effective visibility <VISIBLE> and view.getGlobalVisibleRect() covers at least <75> percent of the view's area)}' assertion on view (view.getTag() is "app-root" and view has effective visibility <VISIBLE>)
04-06 11:46:26.262 21886 21929 I DetoxWSClient: Sending out action 'invokeResult' (ID #1)
04-06 11:46:26.263 21886 21929 I DetoxDispatcher: Done with action 'invoke'
04-06 11:46:26.268 21886 21933 D DetoxWSClient: Received action 'invoke' (ID #2, params={"target":{"type":"Class","value":"com.wix.detox.espresso.DetoxAssertion"},"method":"assertMatcher","args":[{"type":"Invocation","value":{"target":{"type":"Class","value":"androidx.test.espresso.Espresso"},"method":"onView","args":[{"type":"Invocation","value":{"target":{"type":"Class","value":"com.wix.detox.espresso.DetoxMatcher"},"method":"matcherForTestId","args":["app-root",{"type":"boolean","value":false}]}}]}},{"type":"Invocation","value":{"target":{"type":"Class","value":"com.wix.detox.espresso.DetoxMatcher"},"method":"matcherForSufficientlyVisible","args":[{"type":"Integer","value":75}]}}]})
04-06 11:46:26.269 21886 21929 I DetoxDispatcher: Handling action 'invoke' (ID #2)...
04-06 11:46:26.269 21886 21929 D Detox   : class com.wix.detox.espresso.DetoxMatcher, matcherForTestId, [app-root, false]
04-06 11:46:26.269 21886 21929 D Detox   : class androidx.test.espresso.Espresso, onView, [(view.getTag() is "app-root" and view has effective visibility <VISIBLE>)]
04-06 11:46:26.270 21886 21929 D Detox   : class com.wix.detox.espresso.DetoxMatcher, matcherForSufficientlyVisible, [75]
04-06 11:46:26.270 21886 21929 D Detox   : class com.wix.detox.espresso.DetoxAssertion, assertMatcher, [androidx.test.espresso.ViewInteraction@b771ad8, (view has effective visibility <VISIBLE> and view.getGlobalVisibleRect() covers at least <75> percent of the view's area)]
04-06 11:46:26.273 21886 21886 I ViewInteraction: Checking 'MatchesViewAssertion(Detox){viewMatcher=(view has effective visibility <VISIBLE> and view.getGlobalVisibleRect() covers at least <75> percent of the view's area)}' assertion on view (view.getTag() is "app-root" and view has effective visibility <VISIBLE>)
04-06 11:46:26.275 21886 21929 I DetoxWSClient: Sending out action 'invokeResult' (ID #2)
04-06 11:46:26.275 21886 21929 I DetoxDispatcher: Done with action 'invoke'
04-06 11:46:26.278 21886 21933 D DetoxWSClient: Received action 'invoke' (ID #3, params={"target":{"type":"Class","value":"com.wix.detox.espresso.DetoxAssertion"},"method":"waitForAssertMatcher","args":[{"type":"Invocation","value":{"target":{"type":"Class","value":"androidx.test.espresso.Espresso"},"method":"onView","args":[{"type":"Invocation","value":{"target":{"type":"Class","value":"com.wix.detox.espresso.DetoxMatcher"},"method":"matcherForTestId","args":["screen-questionario",{"type":"boolean","value":false}]}}]}},{"type":"Invocation","value":{"target":{"type":"Class","value":"com.wix.detox.espresso.DetoxMatcher"},"method":"matcherForSufficientlyVisible","args":[{"type":"Integer","value":75}]}},{"type":"Double","value":5}]})
04-06 11:46:26.278 21886 21929 I DetoxDispatcher: Handling action 'invoke' (ID #3)...
04-06 11:46:26.279 21886 21929 D Detox   : class com.wix.detox.espresso.DetoxMatcher, matcherForTestId, [screen-questionario, false]
04-06 11:46:26.279 21886 21929 D Detox   : class androidx.test.espresso.Espresso, onView, [(view.getTag() is "screen-questionario" and view has effective visibility <VISIBLE>)]
04-06 11:46:26.280 21886 21929 D Detox   : class com.wix.detox.espresso.DetoxMatcher, matcherForSufficientlyVisible, [75]
04-06 11:46:26.281 21886 21929 D Detox   : class com.wix.detox.espresso.DetoxAssertion, waitForAssertMatcher, [androidx.test.espresso.ViewInteraction@6f46e31, (view has effective visibility <VISIBLE> and view.getGlobalVisibleRect() covers at least <75> percent of the view's area), 5.0]
04-06 11:46:26.284 21886 21886 I ViewInteraction: Checking 'MatchesViewAssertion(Detox){viewMatcher=(view has effective visibility <VISIBLE> and view.getGlobalVisibleRect() covers at least <75> percent of the view's area)}' assertion on view (view.getTag() is "screen-questionario" and view has effective visibility <VISIBLE>)
04-06 11:46:26.287 21886 21929 I DetoxWSClient: Sending out action 'invokeResult' (ID #3)
04-06 11:46:26.287 21886 21929 I DetoxDispatcher: Done with action 'invoke'
04-06 11:46:26.291 21886 21933 D DetoxWSClient: Received action 'invoke' (ID #4, params={"target":{"type":"Class","value":"com.wix.detox.espresso.DetoxAssertion"},"method":"waitForAssertMatcher","args":[{"type":"Invocation","value":{"target":{"type":"Class","value":"androidx.test.espresso.Espresso"},"method":"onView","args":[{"type":"Invocation","value":{"target":{"type":"Class","value":"com.wix.detox.espresso.DetoxMatcher"},"method":"matcherForTestId","args":["input-peso-atual",{"type":"boolean","value":false}]}}]}},{"type":"Invocation","value":{"target":{"type":"Class","value":"com.wix.detox.espresso.DetoxMatcher"},"method":"matcherForSufficientlyVisible","args":[{"type":"Integer","value":75}]}},{"type":"Double","value":5}]})
04-06 11:46:26.291 21886 21929 I DetoxDispatcher: Handling action 'invoke' (ID #4)...
04-06 11:46:26.292 21886 21929 D Detox   : class com.wix.detox.espresso.DetoxMatcher, matcherForTestId, [input-peso-atual, false]
04-06 11:46:26.292 21886 21929 D Detox   : class androidx.test.espresso.Espresso, onView, [(view.getTag() is "input-peso-atual" and view has effective visibility <VISIBLE>)]
04-06 11:46:26.293 21886 21929 D Detox   : class com.wix.detox.espresso.DetoxMatcher, matcherForSufficientlyVisible, [75]
04-06 11:46:26.294 21886 21929 D Detox   : class com.wix.detox.espresso.DetoxAssertion, waitForAssertMatcher, [androidx.test.espresso.ViewInteraction@af0c84, (view has effective visibility <VISIBLE> and view.getGlobalVisibleRect() covers at least <75> percent of the view's area), 5.0]
04-06 11:46:26.298 21886 21886 I ViewInteraction: Checking 'MatchesViewAssertion(Detox){viewMatcher=(view has effective visibility <VISIBLE> and view.getGlobalVisibleRect() covers at least <75> percent of the view's area)}' assertion on view (view.getTag() is "input-peso-atual" and view has effective visibility <VISIBLE>)
04-06 11:46:26.306 21886 21929 I DetoxWSClient: Sending out action 'invokeResult' (ID #4)
04-06 11:46:26.306 21886 21929 I DetoxDispatcher: Done with action 'invoke'
04-06 11:46:26.950 21886 21933 D DetoxWSClient: Received action 'invoke' (ID #5, params={"target":{"type":"Class","value":"com.wix.detox.espresso.DetoxAssertion"},"method":"waitForAssertMatcher","args":[{"type":"Invocation","value":{"target":{"type":"Class","value":"androidx.test.espresso.Espresso"},"method":"onView","args":[{"type":"Invocation","value":{"target":{"type":"Class","value":"com.wix.detox.espresso.DetoxMatcher"},"method":"matcherForTestId","args":["app-root",{"type":"boolean","value":false}]}}]}},{"type":"Invocation","value":{"target":{"type":"Class","value":"com.wix.detox.espresso.DetoxMatcher"},"method":"matcherForSufficientlyVisible","args":[{"type":"Integer","value":75}]}},{"type":"Double","value":5}]})
04-06 11:46:26.951 21886 21929 I DetoxDispatcher: Handling action 'invoke' (ID #5)...
04-06 11:46:26.952 21886 21929 D Detox   : class com.wix.detox.espresso.DetoxMatcher, matcherForTestId, [app-root, false]
04-06 11:46:26.953 21886 21929 D Detox   : class androidx.test.espresso.Espresso, onView, [(view.getTag() is "app-root" and view has effective visibility <VISIBLE>)]
04-06 11:46:26.954 21886 21929 D Detox   : class com.wix.detox.espresso.DetoxMatcher, matcherForSufficientlyVisible, [75]
04-06 11:46:26.955 21886 21929 D Detox   : class com.wix.detox.espresso.DetoxAssertion, waitForAssertMatcher, [androidx.test.espresso.ViewInteraction@2130513, (view has effective visibility <VISIBLE> and view.getGlobalVisibleRect() covers at least <75> percent of the view's area), 5.0]
04-06 11:46:26.961 21886 21886 I ViewInteraction: Checking 'MatchesViewAssertion(Detox){viewMatcher=(view has effective visibility <VISIBLE> and view.getGlobalVisibleRect() covers at least <75> percent of the view's area)}' assertion on view (view.getTag() is "app-root" and view has effective visibility <VISIBLE>)
04-06 11:46:26.966 21886 21929 I DetoxWSClient: Sending out action 'invokeResult' (ID #5)
04-06 11:46:26.966 21886 21929 I DetoxDispatcher: Done with action 'invoke'
04-06 11:46:26.970 21886 21933 D DetoxWSClient: Received action 'invoke' (ID #6, params={"target":{"type":"Class","value":"com.wix.detox.espresso.DetoxAssertion"},"method":"assertMatcher","args":[{"type":"Invocation","value":{"target":{"type":"Class","value":"androidx.test.espresso.Espresso"},"method":"onView","args":[{"type":"Invocation","value":{"target":{"type":"Class","value":"com.wix.detox.espresso.DetoxMatcher"},"method":"matcherForTestId","args":["app-root",{"type":"boolean","value":false}]}}]}},{"type":"Invocation","value":{"target":{"type":"Class","value":"com.wix.detox.espresso.DetoxMatcher"},"method":"matcherForSufficientlyVisible","args":[{"type":"Integer","value":75}]}}]})
04-06 11:46:26.971 21886 21929 I DetoxDispatcher: Handling action 'invoke' (ID #6)...
04-06 11:46:26.972 21886 21929 D Detox   : class com.wix.detox.espresso.DetoxMatcher, matcherForTestId, [app-root, false]
04-06 11:46:26.972 21886 21929 D Detox   : class androidx.test.espresso.Espresso, onView, [(view.getTag() is "app-root" and view has effective visibility <VISIBLE>)]
04-06 11:46:26.974 21886 21929 D Detox   : class com.wix.detox.espresso.DetoxMatcher, matcherForSufficientlyVisible, [75]
04-06 11:46:26.974 21886 21929 D Detox   : class com.wix.detox.espresso.DetoxAssertion, assertMatcher, [androidx.test.espresso.ViewInteraction@d572350, (view has effective visibility <VISIBLE> and view.getGlobalVisibleRect() covers at least <75> percent of the view's area)]
04-06 11:46:26.979 21886 21886 I ViewInteraction: Checking 'MatchesViewAssertion(Detox){viewMatcher=(view has effective visibility <VISIBLE> and view.getGlobalVisibleRect() covers at least <75> percent of the view's area)}' assertion on view (view.getTag() is "app-root" and view has effective visibility <VISIBLE>)
04-06 11:46:26.981 21886 21929 I DetoxWSClient: Sending out action 'invokeResult' (ID #6)
04-06 11:46:26.982 21886 21929 I DetoxDispatcher: Done with action 'invoke'
04-06 11:46:26.985 21886 21933 D DetoxWSClient: Received action 'invoke' (ID #7, params={"target":{"type":"Class","value":"com.wix.detox.espresso.DetoxAssertion"},"method":"waitForAssertMatcher","args":[{"type":"Invocation","value":{"target":{"type":"Class","value":"androidx.test.espresso.Espresso"},"method":"onView","args":[{"type":"Invocation","value":{"target":{"type":"Class","value":"com.wix.detox.espresso.DetoxMatcher"},"method":"matcherForTestId","args":["screen-home",{"type":"boolean","value":false}]}}]}},{"type":"Invocation","value":{"target":{"type":"Class","value":"com.wix.detox.espresso.DetoxMatcher"},"method":"matcherForSufficientlyVisible","args":[{"type":"Integer","value":75}]}},{"type":"Double","value":5}]})
04-06 11:46:26.986 21886 21929 I DetoxDispatcher: Handling action 'invoke' (ID #7)...
04-06 11:46:26.986 21886 21929 D Detox   : class com.wix.detox.espresso.DetoxMatcher, matcherForTestId, [screen-home, false]
04-06 11:46:26.986 21886 21929 D Detox   : class androidx.test.espresso.Espresso, onView, [(view.getTag() is "screen-home" and view has effective visibility <VISIBLE>)]
04-06 11:46:26.987 21886 21929 D Detox   : class com.wix.detox.espresso.DetoxMatcher, matcherForSufficientlyVisible, [75]
04-06 11:46:26.987 21886 21929 D Detox   : class com.wix.detox.espresso.DetoxAssertion, waitForAssertMatcher, [androidx.test.espresso.ViewInteraction@abc9949, (view has effective visibility <VISIBLE> and view.getGlobalVisibleRect() covers at least <75> percent of the view's area), 5.0]
04-06 11:46:27.006 21886 21886 I ViewInteraction: Checking 'MatchesViewAssertion(Detox){viewMatcher=(view has effective visibility <VISIBLE> and view.getGlobalVisibleRect() covers at least <75> percent of the view's area)}' assertion on view (view.getTag() is "screen-home" and view has effective visibility <VISIBLE>)
04-06 11:46:27.046 21886 21886 I ViewInteraction: Checking 'MatchesViewAssertion(Detox){viewMatcher=(view has effective visibility <VISIBLE> and view.getGlobalVisibleRect() covers at least <75> percent of the view's area)}' assertion on view (view.getTag() is "screen-home" and view has effective visibility <VISIBLE>)
04-06 11:46:27.101 21886 21886 I ViewInteraction: Checking 'MatchesViewAssertion(Detox){viewMatcher=(view has effective visibility <VISIBLE> and view.getGlobalVisibleRect() covers at least <75> percent of the view's area)}' assertion on view (view.getTag() is "screen-home" and view has effective visibility <VISIBLE>)
04-06 11:46:27.150 21886 21886 I ViewInteraction: Checking 'MatchesViewAssertion(Detox){viewMatcher=(view has effective visibility <VISIBLE> and view.getGlobalVisibleRect() covers at least <75> percent of the view's area)}' assertion on view (view.getTag() is "screen-home" and view has effective visibility <VISIBLE>)
04-06 11:46:27.200 21886 21886 I ViewInteraction: Checking 'MatchesViewAssertion(Detox){viewMatcher=(view has effective visibility <VISIBLE> and view.getGlobalVisibleRect() covers at least <75> percent of the view's area)}' assertion on view (view.getTag() is "screen-home" and view has effective visibility <VISIBLE>)
04-06 11:46:27.247 21886 21886 I ViewInteraction: Checking 'MatchesViewAssertion(Detox){viewMatcher=(view has effective visibility <VISIBLE> and view.getGlobalVisibleRect() covers at least <75> percent of the view's area)}' assertion on view (view.getTag() is "screen-home" and view has effective visibility <VISIBLE>)
04-06 11:46:27.300 21886 21886 I ViewInteraction: Checking 'MatchesViewAssertion(Detox){viewMatcher=(view has effective visibility <VISIBLE> and view.getGlobalVisibleRect() covers at least <75> percent of the view's area)}' assertion on view (view.getTag() is "screen-home" and view has effective visibility <VISIBLE>)
04-06 11:46:27.351 21886 21886 I ViewInteraction: Checking 'MatchesViewAssertion(Detox){viewMatcher=(view has effective visibility <VISIBLE> and view.getGlobalVisibleRect() covers at least <75> percent of the view's area)}' assertion on view (view.getTag() is "screen-home" and view has effective visibility <VISIBLE>)
04-06 11:46:27.403 21886 21886 I ViewInteraction: Checking 'MatchesViewAssertion(Detox){viewMatcher=(view has effective visibility <VISIBLE> and view.getGlobalVisibleRect() covers at least <75> percent of the view's area)}' assertion on view (view.getTag() is "screen-home" and view has effective visibility <VISIBLE>)
04-06 11:46:27.453 21886 21886 I ViewInteraction: Checking 'MatchesViewAssertion(Detox){viewMatcher=(view has effective visibility <VISIBLE> and view.getGlobalVisibleRect() covers at least <75> percent of the view's area)}' assertion on view (view.getTag() is "screen-home" and view has effective visibility <VISIBLE>)
04-06 11:46:27.497 21886 21886 I ViewInteraction: Checking 'MatchesViewAssertion(Detox){viewMatcher=(view has effective visibility <VISIBLE> and view.getGlobalVisibleRect() covers at least <75> percent of the view's area)}' assertion on view (view.getTag() is "screen-home" and view has effective visibility <VISIBLE>)
04-06 11:46:27.548 21886 21886 I ViewInteraction: Checking 'MatchesViewAssertion(Detox){viewMatcher=(view has effective visibility <VISIBLE> and view.getGlobalVisibleRect() covers at least <75> percent of the view's area)}' assertion on view (view.getTag() is "screen-home" and view has effective visibility <VISIBLE>)
04-06 11:46:27.597 21886 21886 I ViewInteraction: Checking 'MatchesViewAssertion(Detox){viewMatcher=(view has effective visibility <VISIBLE> and view.getGlobalVisibleRect() covers at least <75> percent of the view's area)}' assertion on view (view.getTag() is "screen-home" and view has effective visibility <VISIBLE>)
04-06 11:46:27.645 21886 21886 I ViewInteraction: Checking 'MatchesViewAssertion(Detox){viewMatcher=(view has effective visibility <VISIBLE> and view.getGlobalVisibleRect() covers at least <75> percent of the view's area)}' assertion on view (view.getTag() is "screen-home" and view has effective visibility <VISIBLE>)
04-06 11:46:27.686 21886 21886 I ViewInteraction: Checking 'MatchesViewAssertion(Detox){viewMatcher=(view has effective visibility <VISIBLE> and view.getGlobalVisibleRect() covers at least <75> percent of the view's area)}' assertion on view (view.getTag() is "screen-home" and view has effective visibility <VISIBLE>)
04-06 11:46:27.737 21886 21886 I ViewInteraction: Checking 'MatchesViewAssertion(Detox){viewMatcher=(view has effective visibility <VISIBLE> and view.getGlobalVisibleRect() covers at least <75> percent of the view's area)}' assertion on view (view.getTag() is "screen-home" and view has effective visibility <VISIBLE>)
04-06 11:46:27.785 21886 21886 I ViewInteraction: Checking 'MatchesViewAssertion(Detox){viewMatcher=(view has effective visibility <VISIBLE> and view.getGlobalVisibleRect() covers at least <75> percent of the view's area)}' assertion on view (view.getTag() is "screen-home" and view has effective visibility <VISIBLE>)
04-06 11:46:27.833 21886 21886 I ViewInteraction: Checking 'MatchesViewAssertion(Detox){viewMatcher=(view has effective visibility <VISIBLE> and view.getGlobalVisibleRect() covers at least <75> percent of the view's area)}' assertion on view (view.getTag() is "screen-home" and view has effective visibility <VISIBLE>)
04-06 11:46:27.869 21886 21886 I ViewInteraction: Checking 'MatchesViewAssertion(Detox){viewMatcher=(view has effective visibility <VISIBLE> and view.getGlobalVisibleRect() covers at least <75> percent of the view's area)}' assertion on view (view.getTag() is "screen-home" and view has effective visibility <VISIBLE>)
04-06 11:46:27.914 21886 21886 I ViewInteraction: Checking 'MatchesViewAssertion(Detox){viewMatcher=(view has effective visibility <VISIBLE> and view.getGlobalVisibleRect() covers at least <75> percent of the view's area)}' assertion on view (view.getTag() is "screen-home" and view has effective visibility <VISIBLE>)
04-06 11:46:27.962 21886 21886 I ViewInteraction: Checking 'MatchesViewAssertion(Detox){viewMatcher=(view has effective visibility <VISIBLE> and view.getGlobalVisibleRect() covers at least <75> percent of the view's area)}' assertion on view (view.getTag() is "screen-home" and view has effective visibility <VISIBLE>)
04-06 11:46:28.008 21886 21886 I ViewInteraction: Checking 'MatchesViewAssertion(Detox){viewMatcher=(view has effective visibility <VISIBLE> and view.getGlobalVisibleRect() covers at least <75> percent of the view's area)}' assertion on view (view.getTag() is "screen-home" and view has effective visibility <VISIBLE>)
04-06 11:46:28.058 21886 21886 I ViewInteraction: Checking 'MatchesViewAssertion(Detox){viewMatcher=(view has effective visibility <VISIBLE> and view.getGlobalVisibleRect() covers at least <75> percent of the view's area)}' assertion on view (view.getTag() is "screen-home" and view has effective visibility <VISIBLE>)
04-06 11:46:28.107 21886 21886 I ViewInteraction: Checking 'MatchesViewAssertion(Detox){viewMatcher=(view has effective visibility <VISIBLE> and view.getGlobalVisibleRect() covers at least <75> percent of the view's area)}' assertion on view (view.getTag() is "screen-home" and view has effective visibility <VISIBLE>)
04-06 11:46:28.155 21886 21886 I ViewInteraction: Checking 'MatchesViewAssertion(Detox){viewMatcher=(view has effective visibility <VISIBLE> and view.getGlobalVisibleRect() covers at least <75> percent of the view's area)}' assertion on view (view.getTag() is "screen-home" and view has effective visibility <VISIBLE>)
04-06 11:46:28.203 21886 21886 I ViewInteraction: Checking 'MatchesViewAssertion(Detox){viewMatcher=(view has effective visibility <VISIBLE> and view.getGlobalVisibleRect() covers at least <75> percent of the view's area)}' assertion on view (view.getTag() is "screen-home" and view has effective visibility <VISIBLE>)
04-06 11:46:28.249 21886 21886 I ViewInteraction: Checking 'MatchesViewAssertion(Detox){viewMatcher=(view has effective visibility <VISIBLE> and view.getGlobalVisibleRect() covers at least <75> percent of the view's area)}' assertion on view (view.getTag() is "screen-home" and view has effective visibility <VISIBLE>)
04-06 11:46:28.297 21886 21886 I ViewInteraction: Checking 'MatchesViewAssertion(Detox){viewMatcher=(view has effective visibility <VISIBLE> and view.getGlobalVisibleRect() covers at least <75> percent of the view's area)}' assertion on view (view.getTag() is "screen-home" and view has effective visibility <VISIBLE>)
04-06 11:46:28.345 21886 21886 I ViewInteraction: Checking 'MatchesViewAssertion(Detox){viewMatcher=(view has effective visibility <VISIBLE> and view.getGlobalVisibleRect() covers at least <75> percent of the view's area)}' assertion on view (view.getTag() is "screen-home" and view has effective visibility <VISIBLE>)
04-06 11:46:28.391 21886 21886 I ViewInteraction: Checking 'MatchesViewAssertion(Detox){viewMatcher=(view has effective visibility <VISIBLE> and view.getGlobalVisibleRect() covers at least <75> percent of the view's area)}' assertion on view (view.getTag() is "screen-home" and view has effective visibility <VISIBLE>)
04-06 11:46:28.441 21886 21886 I ViewInteraction: Checking 'MatchesViewAssertion(Detox){viewMatcher=(view has effective visibility <VISIBLE> and view.getGlobalVisibleRect() covers at least <75> percent of the view's area)}' assertion on view (view.getTag() is "screen-home" and view has effective visibility <VISIBLE>)
04-06 11:46:28.489 21886 21886 I ViewInteraction: Checking 'MatchesViewAssertion(Detox){viewMatcher=(view has effective visibility <VISIBLE> and view.getGlobalVisibleRect() covers at least <75> percent of the view's area)}' assertion on view (view.getTag() is "screen-home" and view has effective visibility <VISIBLE>)
04-06 11:46:28.537 21886 21886 I ViewInteraction: Checking 'MatchesViewAssertion(Detox){viewMatcher=(view has effective visibility <VISIBLE> and view.getGlobalVisibleRect() covers at least <75> percent of the view's area)}' assertion on view (view.getTag() is "screen-home" and view has effective visibility <VISIBLE>)
04-06 11:46:28.575 21886 21886 I ViewInteraction: Checking 'MatchesViewAssertion(Detox){viewMatcher=(view has effective visibility <VISIBLE> and view.getGlobalVisibleRect() covers at least <75> percent of the view's area)}' assertion on view (view.getTag() is "screen-home" and view has effective visibility <VISIBLE>)
04-06 11:46:28.617 21886 21886 I ViewInteraction: Checking 'MatchesViewAssertion(Detox){viewMatcher=(view has effective visibility <VISIBLE> and view.getGlobalVisibleRect() covers at least <75> percent of the view's area)}' assertion on view (view.getTag() is "screen-home" and view has effective visibility <VISIBLE>)
04-06 11:46:28.667 21886 21886 I ViewInteraction: Checking 'MatchesViewAssertion(Detox){viewMatcher=(view has effective visibility <VISIBLE> and view.getGlobalVisibleRect() covers at least <75> percent of the view's area)}' assertion on view (view.getTag() is "screen-home" and view has effective visibility <VISIBLE>)
04-06 11:46:28.717 21886 21886 I ViewInteraction: Checking 'MatchesViewAssertion(Detox){viewMatcher=(view has effective visibility <VISIBLE> and view.getGlobalVisibleRect() covers at least <75> percent of the view's area)}' assertion on view (view.getTag() is "screen-home" and view has effective visibility <VISIBLE>)
04-06 11:46:28.761 21886 21886 I ViewInteraction: Checking 'MatchesViewAssertion(Detox){viewMatcher=(view has effective visibility <VISIBLE> and view.getGlobalVisibleRect() covers at least <75> percent of the view's area)}' assertion on view (view.getTag() is "screen-home" and view has effective visibility <VISIBLE>)
04-06 11:46:28.806 21886 21886 I ViewInteraction: Checking 'MatchesViewAssertion(Detox){viewMatcher=(view has effective visibility <VISIBLE> and view.getGlobalVisibleRect() covers at least <75> percent of the view's area)}' assertion on view (view.getTag() is "screen-home" and view has effective visibility <VISIBLE>)
04-06 11:46:28.856 21886 21886 I ViewInteraction: Checking 'MatchesViewAssertion(Detox){viewMatcher=(view has effective visibility <VISIBLE> and view.getGlobalVisibleRect() covers at least <75> percent of the view's area)}' assertion on view (view.getTag() is "screen-home" and view has effective visibility <VISIBLE>)
04-06 11:46:28.905 21886 21886 I ViewInteraction: Checking 'MatchesViewAssertion(Detox){viewMatcher=(view has effective visibility <VISIBLE> and view.getGlobalVisibleRect() covers at least <75> percent of the view's area)}' assertion on view (view.getTag() is "screen-home" and view has effective visibility <VISIBLE>)
04-06 11:46:28.950 21886 21886 I ViewInteraction: Checking 'MatchesViewAssertion(Detox){viewMatcher=(view has effective visibility <VISIBLE> and view.getGlobalVisibleRect() covers at least <75> percent of the view's area)}' assertion on view (view.getTag() is "screen-home" and view has effective visibility <VISIBLE>)
04-06 11:46:28.996 21886 21886 I ViewInteraction: Checking 'MatchesViewAssertion(Detox){viewMatcher=(view has effective visibility <VISIBLE> and view.getGlobalVisibleRect() covers at least <75> percent of the view's area)}' assertion on view (view.getTag() is "screen-home" and view has effective visibility <VISIBLE>)
04-06 11:46:29.036 21886 21886 I ViewInteraction: Checking 'MatchesViewAssertion(Detox){viewMatcher=(view has effective visibility <VISIBLE> and view.getGlobalVisibleRect() covers at least <75> percent of the view's area)}' assertion on view (view.getTag() is "screen-home" and view has effective visibility <VISIBLE>)
04-06 11:46:29.081 21886 21886 I ViewInteraction: Checking 'MatchesViewAssertion(Detox){viewMatcher=(view has effective visibility <VISIBLE> and view.getGlobalVisibleRect() covers at least <75> percent of the view's area)}' assertion on view (view.getTag() is "screen-home" and view has effective visibility <VISIBLE>)
04-06 11:46:29.128 21886 21886 I ViewInteraction: Checking 'MatchesViewAssertion(Detox){viewMatcher=(view has effective visibility <VISIBLE> and view.getGlobalVisibleRect() covers at least <75> percent of the view's area)}' assertion on view (view.getTag() is "screen-home" and view has effective visibility <VISIBLE>)
04-06 11:46:29.175 21886 21886 I ViewInteraction: Checking 'MatchesViewAssertion(Detox){viewMatcher=(view has effective visibility <VISIBLE> and view.getGlobalVisibleRect() covers at least <75> percent of the view's area)}' assertion on view (view.getTag() is "screen-home" and view has effective visibility <VISIBLE>)
04-06 11:46:29.223 21886 21886 I ViewInteraction: Checking 'MatchesViewAssertion(Detox){viewMatcher=(view has effective visibility <VISIBLE> and view.getGlobalVisibleRect() covers at least <75> percent of the view's area)}' assertion on view (view.getTag() is "screen-home" and view has effective visibility <VISIBLE>)
04-06 11:46:29.271 21886 21886 I ViewInteraction: Checking 'MatchesViewAssertion(Detox){viewMatcher=(view has effective visibility <VISIBLE> and view.getGlobalVisibleRect() covers at least <75> percent of the view's area)}' assertion on view (view.getTag() is "screen-home" and view has effective visibility <VISIBLE>)
04-06 11:46:29.319 21886 21886 I ViewInteraction: Checking 'MatchesViewAssertion(Detox){viewMatcher=(view has effective visibility <VISIBLE> and view.getGlobalVisibleRect() covers at least <75> percent of the view's area)}' assertion on view (view.getTag() is "screen-home" and view has effective visibility <VISIBLE>)
04-06 11:46:29.368 21886 21886 I ViewInteraction: Checking 'MatchesViewAssertion(Detox){viewMatcher=(view has effective visibility <VISIBLE> and view.getGlobalVisibleRect() covers at least <75> percent of the view's area)}' assertion on view (view.getTag() is "screen-home" and view has effective visibility <VISIBLE>)
04-06 11:46:29.416 21886 21886 I ViewInteraction: Checking 'MatchesViewAssertion(Detox){viewMatcher=(view has effective visibility <VISIBLE> and view.getGlobalVisibleRect() covers at least <75> percent of the view's area)}' assertion on view (view.getTag() is "screen-home" and view has effective visibility <VISIBLE>)
04-06 11:46:29.467 21886 21886 I ViewInteraction: Checking 'MatchesViewAssertion(Detox){viewMatcher=(view has effective visibility <VISIBLE> and view.getGlobalVisibleRect() covers at least <75> percent of the view's area)}' assertion on view (view.getTag() is "screen-home" and view has effective visibility <VISIBLE>)
04-06 11:46:29.506 21886 21886 I ViewInteraction: Checking 'MatchesViewAssertion(Detox){viewMatcher=(view has effective visibility <VISIBLE> and view.getGlobalVisibleRect() covers at least <75> percent of the view's area)}' assertion on view (view.getTag() is "screen-home" and view has effective visibility <VISIBLE>)
04-06 11:46:29.551 21886 21886 I ViewInteraction: Checking 'MatchesViewAssertion(Detox){viewMatcher=(view has effective visibility <VISIBLE> and view.getGlobalVisibleRect() covers at least <75> percent of the view's area)}' assertion on view (view.getTag() is "screen-home" and view has effective visibility <VISIBLE>)
04-06 11:46:29.596 21886 21886 I ViewInteraction: Checking 'MatchesViewAssertion(Detox){viewMatcher=(view has effective visibility <VISIBLE> and view.getGlobalVisibleRect() covers at least <75> percent of the view's area)}' assertion on view (view.getTag() is "screen-home" and view has effective visibility <VISIBLE>)
04-06 11:46:29.653 21886 21886 I ViewInteraction: Checking 'MatchesViewAssertion(Detox){viewMatcher=(view has effective visibility <VISIBLE> and view.getGlobalVisibleRect() covers at least <75> percent of the view's area)}' assertion on view (view.getTag() is "screen-home" and view has effective visibility <VISIBLE>)
04-06 11:46:29.691 21886 21886 I ViewInteraction: Checking 'MatchesViewAssertion(Detox){viewMatcher=(view has effective visibility <VISIBLE> and view.getGlobalVisibleRect() covers at least <75> percent of the view's area)}' assertion on view (view.getTag() is "screen-home" and view has effective visibility <VISIBLE>)
04-06 11:46:29.736 21886 21886 I ViewInteraction: Checking 'MatchesViewAssertion(Detox){viewMatcher=(view has effective visibility <VISIBLE> and view.getGlobalVisibleRect() covers at least <75> percent of the view's area)}' assertion on view (view.getTag() is "screen-home" and view has effective visibility <VISIBLE>)
04-06 11:46:29.783 21886 21886 I ViewInteraction: Checking 'MatchesViewAssertion(Detox){viewMatcher=(view has effective visibility <VISIBLE> and view.getGlobalVisibleRect() covers at least <75> percent of the view's area)}' assertion on view (view.getTag() is "screen-home" and view has effective visibility <VISIBLE>)
04-06 11:46:29.831 21886 21886 I ViewInteraction: Checking 'MatchesViewAssertion(Detox){viewMatcher=(view has effective visibility <VISIBLE> and view.getGlobalVisibleRect() covers at least <75> percent of the view's area)}' assertion on view (view.getTag() is "screen-home" and view has effective visibility <VISIBLE>)
04-06 11:46:29.879 21886 21886 I ViewInteraction: Checking 'MatchesViewAssertion(Detox){viewMatcher=(view has effective visibility <VISIBLE> and view.getGlobalVisibleRect() covers at least <75> percent of the view's area)}' assertion on view (view.getTag() is "screen-home" and view has effective visibility <VISIBLE>)
04-06 11:46:29.916 21886 21886 I ViewInteraction: Checking 'MatchesViewAssertion(Detox){viewMatcher=(view has effective visibility <VISIBLE> and view.getGlobalVisibleRect() covers at least <75> percent of the view's area)}' assertion on view (view.getTag() is "screen-home" and view has effective visibility <VISIBLE>)
04-06 11:46:29.962 21886 21886 I ViewInteraction: Checking 'MatchesViewAssertion(Detox){viewMatcher=(view has effective visibility <VISIBLE> and view.getGlobalVisibleRect() covers at least <75> percent of the view's area)}' assertion on view (view.getTag() is "screen-home" and view has effective visibility <VISIBLE>)
04-06 11:46:30.007 21886 21886 I ViewInteraction: Checking 'MatchesViewAssertion(Detox){viewMatcher=(view has effective visibility <VISIBLE> and view.getGlobalVisibleRect() covers at least <75> percent of the view's area)}' assertion on view (view.getTag() is "screen-home" and view has effective visibility <VISIBLE>)
04-06 11:46:30.052 21886 21886 I ViewInteraction: Checking 'MatchesViewAssertion(Detox){viewMatcher=(view has effective visibility <VISIBLE> and view.getGlobalVisibleRect() covers at least <75> percent of the view's area)}' assertion on view (view.getTag() is "screen-home" and view has effective visibility <VISIBLE>)
04-06 11:46:30.098 21886 21886 I ViewInteraction: Checking 'MatchesViewAssertion(Detox){viewMatcher=(view has effective visibility <VISIBLE> and view.getGlobalVisibleRect() covers at least <75> percent of the view's area)}' assertion on view (view.getTag() is "screen-home" and view has effective visibility <VISIBLE>)
04-06 11:46:30.134 21886 21886 I ViewInteraction: Checking 'MatchesViewAssertion(Detox){viewMatcher=(view has effective visibility <VISIBLE> and view.getGlobalVisibleRect() covers at least <75> percent of the view's area)}' assertion on view (view.getTag() is "screen-home" and view has effective visibility <VISIBLE>)
04-06 11:46:30.179 21886 21886 I ViewInteraction: Checking 'MatchesViewAssertion(Detox){viewMatcher=(view has effective visibility <VISIBLE> and view.getGlobalVisibleRect() covers at least <75> percent of the view's area)}' assertion on view (view.getTag() is "screen-home" and view has effective visibility <VISIBLE>)
04-06 11:46:30.225 21886 21886 I ViewInteraction: Checking 'MatchesViewAssertion(Detox){viewMatcher=(view has effective visibility <VISIBLE> and view.getGlobalVisibleRect() covers at least <75> percent of the view's area)}' assertion on view (view.getTag() is "screen-home" and view has effective visibility <VISIBLE>)
04-06 11:46:30.268 21886 21886 I ViewInteraction: Checking 'MatchesViewAssertion(Detox){viewMatcher=(view has effective visibility <VISIBLE> and view.getGlobalVisibleRect() covers at least <75> percent of the view's area)}' assertion on view (view.getTag() is "screen-home" and view has effective visibility <VISIBLE>)
04-06 11:46:30.309 21886 21886 I ViewInteraction: Checking 'MatchesViewAssertion(Detox){viewMatcher=(view has effective visibility <VISIBLE> and view.getGlobalVisibleRect() covers at least <75> percent of the view's area)}' assertion on view (view.getTag() is "screen-home" and view has effective visibility <VISIBLE>)
04-06 11:46:30.354 21886 21886 I ViewInteraction: Checking 'MatchesViewAssertion(Detox){viewMatcher=(view has effective visibility <VISIBLE> and view.getGlobalVisibleRect() covers at least <75> percent of the view's area)}' assertion on view (view.getTag() is "screen-home" and view has effective visibility <VISIBLE>)
04-06 11:46:30.391 21886 21886 I ViewInteraction: Checking 'MatchesViewAssertion(Detox){viewMatcher=(view has effective visibility <VISIBLE> and view.getGlobalVisibleRect() covers at least <75> percent of the view's area)}' assertion on view (view.getTag() is "screen-home" and view has effective visibility <VISIBLE>)
04-06 11:46:30.439 21886 21886 I ViewInteraction: Checking 'MatchesViewAssertion(Detox){viewMatcher=(view has effective visibility <VISIBLE> and view.getGlobalVisibleRect() covers at least <75> percent of the view's area)}' assertion on view (view.getTag() is "screen-home" and view has effective visibility <VISIBLE>)
04-06 11:46:30.484 21886 21886 I ViewInteraction: Checking 'MatchesViewAssertion(Detox){viewMatcher=(view has effective visibility <VISIBLE> and view.getGlobalVisibleRect() covers at least <75> percent of the view's area)}' assertion on view (view.getTag() is "screen-home" and view has effective visibility <VISIBLE>)
04-06 11:46:30.524 21886 21886 I ViewInteraction: Checking 'MatchesViewAssertion(Detox){viewMatcher=(view has effective visibility <VISIBLE> and view.getGlobalVisibleRect() covers at least <75> percent of the view's area)}' assertion on view (view.getTag() is "screen-home" and view has effective visibility <VISIBLE>)
04-06 11:46:30.565 21886 21886 I ViewInteraction: Checking 'MatchesViewAssertion(Detox){viewMatcher=(view has effective visibility <VISIBLE> and view.getGlobalVisibleRect() covers at least <75> percent of the view's area)}' assertion on view (view.getTag() is "screen-home" and view has effective visibility <VISIBLE>)
04-06 11:46:30.607 21886 21886 I ViewInteraction: Checking 'MatchesViewAssertion(Detox){viewMatcher=(view has effective visibility <VISIBLE> and view.getGlobalVisibleRect() covers at least <75> percent of the view's area)}' assertion on view (view.getTag() is "screen-home" and view has effective visibility <VISIBLE>)
04-06 11:46:30.649 21886 21886 I ViewInteraction: Checking 'MatchesViewAssertion(Detox){viewMatcher=(view has effective visibility <VISIBLE> and view.getGlobalVisibleRect() covers at least <75> percent of the view's area)}' assertion on view (view.getTag() is "screen-home" and view has effective visibility <VISIBLE>)
04-06 11:46:30.682 21886 21886 I ViewInteraction: Checking 'MatchesViewAssertion(Detox){viewMatcher=(view has effective visibility <VISIBLE> and view.getGlobalVisibleRect() covers at least <75> percent of the view's area)}' assertion on view (view.getTag() is "screen-home" and view has effective visibility <VISIBLE>)
04-06 11:46:30.725 21886 21886 I ViewInteraction: Checking 'MatchesViewAssertion(Detox){viewMatcher=(view has effective visibility <VISIBLE> and view.getGlobalVisibleRect() covers at least <75> percent of the view's area)}' assertion on view (view.getTag() is "screen-home" and view has effective visibility <VISIBLE>)
04-06 11:46:30.770 21886 21886 I ViewInteraction: Checking 'MatchesViewAssertion(Detox){viewMatcher=(view has effective visibility <VISIBLE> and view.getGlobalVisibleRect() covers at least <75> percent of the view's area)}' assertion on view (view.getTag() is "screen-home" and view has effective visibility <VISIBLE>)
04-06 11:46:30.809 21886 21886 I ViewInteraction: Checking 'MatchesViewAssertion(Detox){viewMatcher=(view has effective visibility <VISIBLE> and view.getGlobalVisibleRect() covers at least <75> percent of the view's area)}' assertion on view (view.getTag() is "screen-home" and view has effective visibility <VISIBLE>)
04-06 11:46:30.848 21886 21886 I ViewInteraction: Checking 'MatchesViewAssertion(Detox){viewMatcher=(view has effective visibility <VISIBLE> and view.getGlobalVisibleRect() covers at least <75> percent of the view's area)}' assertion on view (view.getTag() is "screen-home" and view has effective visibility <VISIBLE>)
04-06 11:46:30.888 21886 21886 I ViewInteraction: Checking 'MatchesViewAssertion(Detox){viewMatcher=(view has effective visibility <VISIBLE> and view.getGlobalVisibleRect() covers at least <75> percent of the view's area)}' assertion on view (view.getTag() is "screen-home" and view has effective visibility <VISIBLE>)
04-06 11:46:30.932 21886 21886 I ViewInteraction: Checking 'MatchesViewAssertion(Detox){viewMatcher=(view has effective visibility <VISIBLE> and view.getGlobalVisibleRect() covers at least <75> percent of the view's area)}' assertion on view (view.getTag() is "screen-home" and view has effective visibility <VISIBLE>)
04-06 11:46:30.974 21886 21886 I ViewInteraction: Checking 'MatchesViewAssertion(Detox){viewMatcher=(view has effective visibility <VISIBLE> and view.getGlobalVisibleRect() covers at least <75> percent of the view's area)}' assertion on view (view.getTag() is "screen-home" and view has effective visibility <VISIBLE>)
04-06 11:46:31.017 21886 21886 I ViewInteraction: Checking 'MatchesViewAssertion(Detox){viewMatcher=(view has effective visibility <VISIBLE> and view.getGlobalVisibleRect() covers at least <75> percent of the view's area)}' assertion on view (view.getTag() is "screen-home" and view has effective visibility <VISIBLE>)
04-06 11:46:31.060 21886 21886 I ViewInteraction: Checking 'MatchesViewAssertion(Detox){viewMatcher=(view has effective visibility <VISIBLE> and view.getGlobalVisibleRect() covers at least <75> percent of the view's area)}' assertion on view (view.getTag() is "screen-home" and view has effective visibility <VISIBLE>)
04-06 11:46:31.103 21886 21886 I ViewInteraction: Checking 'MatchesViewAssertion(Detox){viewMatcher=(view has effective visibility <VISIBLE> and view.getGlobalVisibleRect() covers at least <75> percent of the view's area)}' assertion on view (view.getTag() is "screen-home" and view has effective visibility <VISIBLE>)
04-06 11:46:31.146 21886 21886 I ViewInteraction: Checking 'MatchesViewAssertion(Detox){viewMatcher=(view has effective visibility <VISIBLE> and view.getGlobalVisibleRect() covers at least <75> percent of the view's area)}' assertion on view (view.getTag() is "screen-home" and view has effective visibility <VISIBLE>)
04-06 11:46:31.189 21886 21886 I ViewInteraction: Checking 'MatchesViewAssertion(Detox){viewMatcher=(view has effective visibility <VISIBLE> and view.getGlobalVisibleRect() covers at least <75> percent of the view's area)}' assertion on view (view.getTag() is "screen-home" and view has effective visibility <VISIBLE>)
04-06 11:46:31.234 21886 21886 I ViewInteraction: Checking 'MatchesViewAssertion(Detox){viewMatcher=(view has effective visibility <VISIBLE> and view.getGlobalVisibleRect() covers at least <75> percent of the view's area)}' assertion on view (view.getTag() is "screen-home" and view has effective visibility <VISIBLE>)
04-06 11:46:31.272 21886 21886 I ViewInteraction: Checking 'MatchesViewAssertion(Detox){viewMatcher=(view has effective visibility <VISIBLE> and view.getGlobalVisibleRect() covers at least <75> percent of the view's area)}' assertion on view (view.getTag() is "screen-home" and view has effective visibility <VISIBLE>)
04-06 11:46:31.317 21886 21886 I ViewInteraction: Checking 'MatchesViewAssertion(Detox){viewMatcher=(view has effective visibility <VISIBLE> and view.getGlobalVisibleRect() covers at least <75> percent of the view's area)}' assertion on view (view.getTag() is "screen-home" and view has effective visibility <VISIBLE>)
04-06 11:46:31.361 21886 21886 I ViewInteraction: Checking 'MatchesViewAssertion(Detox){viewMatcher=(view has effective visibility <VISIBLE> and view.getGlobalVisibleRect() covers at least <75> percent of the view's area)}' assertion on view (view.getTag() is "screen-home" and view has effective visibility <VISIBLE>)
04-06 11:46:31.403 21886 21886 I ViewInteraction: Checking 'MatchesViewAssertion(Detox){viewMatcher=(view has effective visibility <VISIBLE> and view.getGlobalVisibleRect() covers at least <75> percent of the view's area)}' assertion on view (view.getTag() is "screen-home" and view has effective visibility <VISIBLE>)
04-06 11:46:31.448 21886 21886 I ViewInteraction: Checking 'MatchesViewAssertion(Detox){viewMatcher=(view has effective visibility <VISIBLE> and view.getGlobalVisibleRect() covers at least <75> percent of the view's area)}' assertion on view (view.getTag() is "screen-home" and view has effective visibility <VISIBLE>)
04-06 11:46:31.493 21886 21886 I ViewInteraction: Checking 'MatchesViewAssertion(Detox){viewMatcher=(view has effective visibility <VISIBLE> and view.getGlobalVisibleRect() covers at least <75> percent of the view's area)}' assertion on view (view.getTag() is "screen-home" and view has effective visibility <VISIBLE>)
04-06 11:46:31.529 21886 21886 I ViewInteraction: Checking 'MatchesViewAssertion(Detox){viewMatcher=(view has effective visibility <VISIBLE> and view.getGlobalVisibleRect() covers at least <75> percent of the view's area)}' assertion on view (view.getTag() is "screen-home" and view has effective visibility <VISIBLE>)
04-06 11:46:31.575 21886 21886 I ViewInteraction: Checking 'MatchesViewAssertion(Detox){viewMatcher=(view has effective visibility <VISIBLE> and view.getGlobalVisibleRect() covers at least <75> percent of the view's area)}' assertion on view (view.getTag() is "screen-home" and view has effective visibility <VISIBLE>)
04-06 11:46:31.621 21886 21886 I ViewInteraction: Checking 'MatchesViewAssertion(Detox){viewMatcher=(view has effective visibility <VISIBLE> and view.getGlobalVisibleRect() covers at least <75> percent of the view's area)}' assertion on view (view.getTag() is "screen-home" and view has effective visibility <VISIBLE>)
04-06 11:46:31.671 21886 21886 I ViewInteraction: Checking 'MatchesViewAssertion(Detox){viewMatcher=(view has effective visibility <VISIBLE> and view.getGlobalVisibleRect() covers at least <75> percent of the view's area)}' assertion on view (view.getTag() is "screen-home" and view has effective visibility <VISIBLE>)
04-06 11:46:31.705 21886 21886 I ViewInteraction: Checking 'MatchesViewAssertion(Detox){viewMatcher=(view has effective visibility <VISIBLE> and view.getGlobalVisibleRect() covers at least <75> percent of the view's area)}' assertion on view (view.getTag() is "screen-home" and view has effective visibility <VISIBLE>)
04-06 11:46:31.750 21886 21886 I ViewInteraction: Checking 'MatchesViewAssertion(Detox){viewMatcher=(view has effective visibility <VISIBLE> and view.getGlobalVisibleRect() covers at least <75> percent of the view's area)}' assertion on view (view.getTag() is "screen-home" and view has effective visibility <VISIBLE>)
04-06 11:46:31.798 21886 21886 I ViewInteraction: Checking 'MatchesViewAssertion(Detox){viewMatcher=(view has effective visibility <VISIBLE> and view.getGlobalVisibleRect() covers at least <75> percent of the view's area)}' assertion on view (view.getTag() is "screen-home" and view has effective visibility <VISIBLE>)
04-06 11:46:31.843 21886 21886 I ViewInteraction: Checking 'MatchesViewAssertion(Detox){viewMatcher=(view has effective visibility <VISIBLE> and view.getGlobalVisibleRect() covers at least <75> percent of the view's area)}' assertion on view (view.getTag() is "screen-home" and view has effective visibility <VISIBLE>)
04-06 11:46:31.888 21886 21886 I ViewInteraction: Checking 'MatchesViewAssertion(Detox){viewMatcher=(view has effective visibility <VISIBLE> and view.getGlobalVisibleRect() covers at least <75> percent of the view's area)}' assertion on view (view.getTag() is "screen-home" and view has effective visibility <VISIBLE>)
04-06 11:46:31.931 21886 21886 I ViewInteraction: Checking 'MatchesViewAssertion(Detox){viewMatcher=(view has effective visibility <VISIBLE> and view.getGlobalVisibleRect() covers at least <75> percent of the view's area)}' assertion on view (view.getTag() is "screen-home" and view has effective visibility <VISIBLE>)
04-06 11:46:31.976 21886 21886 I ViewInteraction: Checking 'MatchesViewAssertion(Detox){viewMatcher=(view has effective visibility <VISIBLE> and view.getGlobalVisibleRect() covers at least <75> percent of the view's area)}' assertion on view (view.getTag() is "screen-home" and view has effective visibility <VISIBLE>)
04-06 11:46:32.001 21886 21929 I DetoxActionHandlers: Test exception
04-06 11:46:32.001 21886 21929 I DetoxActionHandlers: java.lang.reflect.InvocationTargetException
04-06 11:46:32.001 21886 21929 I DetoxActionHandlers: 	at java.lang.reflect.Method.invoke(Native Method)
04-06 11:46:32.001 21886 21929 I DetoxActionHandlers: 	at org.apache.commons.lang3.reflect.MethodUtils.invokeStaticMethod(MethodUtils.java:443)
04-06 11:46:32.001 21886 21929 I DetoxActionHandlers: 	at org.apache.commons.lang3.reflect.MethodUtils.invokeStaticMethod(MethodUtils.java:405)
04-06 11:46:32.001 21886 21929 I DetoxActionHandlers: 	at com.wix.invoke.types.ClassTarget.execute(ClassTarget.java:23)
