04-06 10:38:42.827 23676 23766 D DetoxWSClient: Received action 'invoke' (ID #5, params={"target":{"type":"Class","value":"com.wix.detox.espresso.EspressoDetox"},"method":"perform","args":[{"type":"Invocation","value":{"target":{"type":"Class","value":"com.wix.detox.espresso.DetoxMatcher"},"method":"matcherForTestId","args":["input-peso-atual",{"type":"boolean","value":false}]}},{"type":"Invocation","value":{"target":{"type":"Class","value":"androidx.test.espresso.action.ViewActions"},"method":"clearText","args":[]}}]})
04-06 10:38:42.828 23676 23762 I DetoxDispatcher: Handling action 'invoke' (ID #5)...
04-06 10:38:42.828 23676 23762 D Detox   : class com.wix.detox.espresso.DetoxMatcher, matcherForTestId, [input-peso-atual, false]
04-06 10:38:42.829 23676 23762 D Detox   : class androidx.test.espresso.action.ViewActions, clearText, []
04-06 10:38:42.830 23676 23762 D Detox   : class com.wix.detox.espresso.EspressoDetox, perform, [(view.getTag() is "input-peso-atual" and view has effective visibility <VISIBLE>), androidx.test.espresso.action.ReplaceTextAction@b911a00]
04-06 10:38:42.857 23676 23676 I ViewInteraction: Performing 'replace text()' action on view (view.getTag() is "input-peso-atual" and view has effective visibility <VISIBLE>)
04-06 10:38:42.870 23676 23762 I DetoxWSClient: Sending out action 'invokeResult' (ID #5)
04-06 10:38:42.880 23676 23762 I DetoxDispatcher: Done with action 'invoke'
04-06 10:38:42.882 23676 23676 D InputMethodManager: startInputInner - Id : 0
04-06 10:38:42.882 23676 23676 I InputMethodManager: startInputInner - mService.startInputOrWindowGainedFocus
04-06 10:38:42.884 23676 23766 D DetoxWSClient: Received action 'invoke' (ID #6, params={"target":{"type":"Class","value":"com.wix.detox.espresso.EspressoDetox"},"method":"perform","args":[{"type":"Invocation","value":{"target":{"type":"Class","value":"com.wix.detox.espresso.DetoxMatcher"},"method":"matcherForTestId","args":["input-peso-atual",{"type":"boolean","value":false}]}},{"type":"Invocation","value":{"target":{"type":"Class","value":"androidx.test.espresso.action.ViewActions"},"method":"replaceText","args":["82"]}}]})
04-06 10:38:42.884 23676 23762 I DetoxDispatcher: Handling action 'invoke' (ID #6)...
04-06 10:38:42.884 23676 23762 D Detox   : class com.wix.detox.espresso.DetoxMatcher, matcherForTestId, [input-peso-atual, false]
04-06 10:38:42.885 23676 23762 D Detox   : class androidx.test.espresso.action.ViewActions, replaceText, [82]
04-06 10:38:42.885 23676 23762 D Detox   : class com.wix.detox.espresso.EspressoDetox, perform, [(view.getTag() is "input-peso-atual" and view has effective visibility <VISIBLE>), androidx.test.espresso.action.ReplaceTextAction@4ded5d7]
04-06 10:38:42.898 23676 23694 I om.evolucao.app: Compiler allocated 6133KB to compile void android.view.ViewRootImpl.performTraversals()
04-06 10:38:42.911 23676 23676 D InsetsController: show(ime(), fromIme=true)
04-06 10:38:42.927 23676 23676 D InputMethodManager: startInputInner - Id : 0
04-06 10:38:42.927 23676 23676 I InputMethodManager: startInputInner - mService.startInputOrWindowGainedFocus
04-06 10:38:42.931 23676 23676 I ViewInteraction: Performing 'replace text(82)' action on view (view.getTag() is "input-peso-atual" and view has effective visibility <VISIBLE>)
04-06 10:38:42.937 23676 23762 I DetoxWSClient: Sending out action 'invokeResult' (ID #6)
04-06 10:38:42.937 23676 23762 I DetoxDispatcher: Done with action 'invoke'
04-06 10:38:42.943 23676 23766 D DetoxWSClient: Received action 'invoke' (ID #7, params={"target":{"type":"Class","value":"com.wix.detox.espresso.DetoxAssertion"},"method":"assertMatcher","args":[{"type":"Invocation","value":{"target":{"type":"Class","value":"androidx.test.espresso.Espresso"},"method":"onView","args":[{"type":"Invocation","value":{"target":{"type":"Class","value":"com.wix.detox.espresso.DetoxMatcher"},"method":"matcherForTestId","args":["input-peso-atual",{"type":"boolean","value":false}]}}]}},{"type":"Invocation","value":{"target":{"type":"Class","value":"com.wix.detox.espresso.DetoxMatcher"},"method":"matcherForText","args":["82",{"type":"boolean","value":false}]}}]})
04-06 10:38:42.943 23676 23762 I DetoxDispatcher: Handling action 'invoke' (ID #7)...
04-06 10:38:42.944 23676 23762 D Detox   : class com.wix.detox.espresso.DetoxMatcher, matcherForTestId, [input-peso-atual, false]
04-06 10:38:42.944 23676 23676 D InputMethodManager: startInputInner - Id : 0
04-06 10:38:42.944 23676 23762 D Detox   : class androidx.test.espresso.Espresso, onView, [(view.getTag() is "input-peso-atual" and view has effective visibility <VISIBLE>)]
04-06 10:38:42.944 23676 23676 I InputMethodManager: startInputInner - mService.startInputOrWindowGainedFocus
04-06 10:38:42.945 23676 23762 D Detox   : class com.wix.detox.espresso.DetoxMatcher, matcherForText, [82, false]
04-06 10:38:42.946 23676 23762 D Detox   : class com.wix.detox.espresso.DetoxAssertion, assertMatcher, [androidx.test.espresso.ViewInteraction@a3dd442, (an instance of android.widget.TextView and view.getText() with or without transformation to match: is "82" and view has effective visibility <VISIBLE>)]
04-06 10:38:42.959 23676 23676 D InsetsController: show(ime(), fromIme=true)
04-06 10:38:42.971 23676 23781 D OpenGLRenderer: setSurface called with nullptr
04-06 10:38:42.971 23676 23781 D OpenGLRenderer: setSurface() destroyed EGLSurface
04-06 10:38:42.971 23676 23781 D OpenGLRenderer: destroyEglSurface
04-06 10:38:42.971 23676 23676 I ViewRootImpl@f261fff[PopupWindow:7285b1e]: dispatchDetachedFromWindow
04-06 10:38:42.975 23676 23676 D InputTransport: Input channel destroyed: 'dec895c', fd=174
04-06 10:38:42.976 23676 23781 D OpenGLRenderer: setSurface called with nullptr
04-06 10:38:42.976 23676 23781 D OpenGLRenderer: setSurface() destroyed EGLSurface
04-06 10:38:42.976 23676 23781 D OpenGLRenderer: destroyEglSurface
04-06 10:38:42.977 23676 23676 I ViewRootImpl@b96aff6[PopupWindow:f37e491]: dispatchDetachedFromWindow
04-06 10:38:42.980 23676 23676 D InputTransport: Input channel destroyed: 'b66df48', fd=175
04-06 10:38:42.985 23676 23676 I ViewInteraction: Checking 'MatchesViewAssertion(Detox){viewMatcher=(an instance of android.widget.TextView and view.getText() with or without transformation to match: is "82" and view has effective visibility <VISIBLE>)}' assertion on view (view.getTag() is "input-peso-atual" and view has effective visibility <VISIBLE>)
04-06 10:38:42.988 23676 23762 I DetoxWSClient: Sending out action 'invokeResult' (ID #7)
04-06 10:38:42.988 23676 23762 I DetoxDispatcher: Done with action 'invoke'
04-06 10:38:42.992 23676 23766 D DetoxWSClient: Received action 'invoke' (ID #8, params={"target":{"type":"Class","value":"com.wix.detox.espresso.EspressoDetox"},"method":"perform","args":[{"type":"Invocation","value":{"target":{"type":"Class","value":"com.wix.detox.espresso.DetoxMatcher"},"method":"matcherForTestId","args":["input-peso-meta",{"type":"boolean","value":false}]}},{"type":"Invocation","value":{"target":{"type":"Class","value":"com.wix.detox.espresso.DetoxViewActions"},"method":"click","args":[]}}]})
04-06 10:38:42.992 23676 23762 I DetoxDispatcher: Handling action 'invoke' (ID #8)...
04-06 10:38:42.992 23676 23762 D Detox   : class com.wix.detox.espresso.DetoxMatcher, matcherForTestId, [input-peso-meta, false]
04-06 10:38:42.993 23676 23762 D Detox   : class com.wix.detox.espresso.DetoxViewActions, click, []
04-06 10:38:42.993 23676 23762 D Detox   : class com.wix.detox.espresso.EspressoDetox, perform, [(view.getTag() is "input-peso-meta" and view has effective visibility <VISIBLE>), com.wix.detox.espresso.action.RNClickAction@77d1f2]
04-06 10:38:42.995 23676 23676 D InsetsController: show(ime(), fromIme=true)
04-06 10:38:42.996 23676 23676 I ViewInteraction: Performing 'com.wix.detox.espresso.action.detoxsingletap@8285043 click' action on view (view.getTag() is "input-peso-meta" and view has effective visibility <VISIBLE>)
04-06 10:38:43.000 23676 23676 I ViewRootImpl@7efc384[MainActivity]: ViewPostIme pointer 0
04-06 10:38:43.030 23676 23676 I ViewRootImpl@7efc384[MainActivity]: ViewPostIme pointer 1
04-06 10:38:43.039 23676 23676 D InputMethodManager: startInputInner - Id : 0
04-06 10:38:43.039 23676 23676 I InputMethodManager: startInputInner - mService.startInputOrWindowGainedFocus
04-06 10:38:43.042 23676 23676 I IMM_LC  : showSoftInput(View,I)
04-06 10:38:43.042 23676 23676 I IMM_LC  : ssi() - flag : 0 view : com.evolucao.app reason = SHOW_SOFT_INPUT
04-06 10:38:43.050 23676 23781 D NativeCustomFrequencyManager: [NativeCFMS] BpCustomFrequencyManager::BpCustomFrequencyManager()
04-06 10:38:43.055 23676 23676 D InsetsController: onStateChanged: InsetsState: {mDisplayFrame=Rect(0, 0 - 1080, 2400), mDisplayCutout=DisplayCutout{insets=Rect(0, 88 - 0, 0) waterfall=Insets{left=0, top=0, right=0, bottom=0} boundingRect={Bounds=[Rect(0, 0 - 0, 0), Rect(512, 0 - 568, 88), Rect(0, 0 - 0, 0), Rect(0, 0 - 0, 0)]} cutoutPathParserInfo={CutoutPathParserInfo{displayWidth=1080 displayHeight=2400 physicalDisplayWidth=1080 physicalDisplayHeight=2400 density={3.0} cutoutSpec={M 0,0 M 0,10.71963616907435 a 9.280363830925644,9.280363830925644 0 1,0 0,18.56072766185129 a 9.280363830925644,9.280363830925644 0 1,0 0,-18.56072766185129 Z @dp} rotation={0} scale={1.0} physicalPixelDisplaySizeRatio={1.0}}}}, mRoundedCorners=RoundedCorners{[RoundedCorner{position=TopLeft, radius=96, center=Point(96, 96)}, RoundedCorner{position=TopRight, radius=96, center=Point(984, 96)}, RoundedCorner{position=BottomRight, radius=96, center=Point(984, 2304)}, RoundedCorner{position=BottomLeft, radius=96, center=Point(96, 2304)}]}  mRoundedCornerFrame=Rect(0, 0 - 1080, 2400), mPrivacyIndicatorBounds=PrivacyIndicatorBounds {static bounds=Rect(948, 0 - 1080, 88) rotation=0}, mSources= { InsetsSource: {mType=ITYPE_STATUS_BAR, mFrame=[0,0][1080,88], mVisible=true, mInsetsRoundedCornerFrame=false}, InsetsSource: {mType=ITYPE_NAVIGATION_BAR, mFrame=[0,2256][1080,2400], mVisible=true, mInsetsRoundedCornerFrame=false}, InsetsSource: {mType=ITYPE_LEFT_GESTURES, mFrame=[0,0][0,2400], mVisible=true, mInsetsRoundedCornerFrame=false}, InsetsSource: {mType=ITYPE_RIGHT_GESTURES, mFrame=[1080,0][1080,2400], mVisible=true, mInsetsRoundedCornerFrame=false}, InsetsSource: {mType=ITYPE_TOP_MANDATORY_GESTURES, mFrame=[0,0][1080,124], mVisible=true, mInsetsRoundedCornerFrame=false}, InsetsSource: {mType=ITYPE_BOTTOM_MANDATORY_GESTURES, mFrame=[0,2256][1080,2400], mVisible=true, mInsetsRoundedCornerFrame=false}, InsetsSource: {mType=ITYPE_LEFT_DISPLAY_CUTOUT, mFrame=[0,0][-100000,2400], mVisible=true, mInsetsRoundedCornerFrame=false}, InsetsSource: {mType=ITYPE_TOP_DISPLAY_CUTOUT, mFrame=[0,0][1080,88], mVisible=true, mInsetsRoundedCornerFrame=false}, InsetsSource: {mType=ITYPE_RIGHT_DISPLAY_CUTOUT, mFrame=[100000,0][1080,2400], mVisible=true, mInsetsRoundedCornerFrame=false}, InsetsSource: {mType=ITYPE_BOTTOM_DISPLAY_CUTOUT, mFrame=[0,100000][1080,2400], mVisible=true, mInsetsRoundedCornerFrame=false}, InsetsSource: {mType=ITYPE_TOP_TAPPABLE_ELEMENT, mFrame=[0,0][1080,88], mVisible=true, mInsetsRoundedCornerFrame=false}, InsetsSource: {mType=ITYPE_BOTTOM_TAPPABLE_ELEMENT, mFrame=[0,2256][1080,2400], mVisible=true, mInsetsRoundedCornerFrame=false} } host=PopupWindow:d134ff9 from=android.view.ViewRootImpl.setView:1732
04-06 10:38:43.057 23676 23676 I ViewRootImpl@72d1b3e[PopupWindow:d134ff9]: setView = android.widget.PopupWindow$PopupDecorView@85bad4a TM=false
04-06 10:38:43.059 23676 23781 D NativeCustomFrequencyManager: [NativeCFMS] BpCustomFrequencyManager::BpCustomFrequencyManager()
04-06 10:38:43.063 23676 23676 D InsetsController: onStateChanged: InsetsState: {mDisplayFrame=Rect(0, 0 - 1080, 2400), mDisplayCutout=DisplayCutout{insets=Rect(0, 88 - 0, 0) waterfall=Insets{left=0, top=0, right=0, bottom=0} boundingRect={Bounds=[Rect(0, 0 - 0, 0), Rect(512, 0 - 568, 88), Rect(0, 0 - 0, 0), Rect(0, 0 - 0, 0)]} cutoutPathParserInfo={CutoutPathParserInfo{displayWidth=1080 displayHeight=2400 physicalDisplayWidth=1080 physicalDisplayHeight=2400 density={3.0} cutoutSpec={M 0,0 M 0,10.71963616907435 a 9.280363830925644,9.280363830925644 0 1,0 0,18.56072766185129 a 9.280363830925644,9.280363830925644 0 1,0 0,-18.56072766185129 Z @dp} rotation={0} scale={1.0} physicalPixelDisplaySizeRatio={1.0}}}}, mRoundedCorners=RoundedCorners{[RoundedCorner{position=TopLeft, radius=96, center=Point(96, 96)}, RoundedCorner{position=TopRight, radius=96, center=Point(984, 96)}, RoundedCorner{position=BottomRight, radius=96, center=Point(984, 2304)}, RoundedCorner{position=BottomLeft, radius=96, center=Point(96, 2304)}]}  mRoundedCornerFrame=Rect(0, 0 - 1080, 2400), mPrivacyIndicatorBounds=PrivacyIndicatorBounds {static bounds=Rect(948, 0 - 1080, 88) rotation=0}, mSources= { InsetsSource: {mType=ITYPE_STATUS_BAR, mFrame=[0,0][1080,88], mVisible=true, mInsetsRoundedCornerFrame=false}, InsetsSource: {mType=ITYPE_NAVIGATION_BAR, mFrame=[0,2256][1080,2400], mVisible=true, mInsetsRoundedCornerFrame=false}, InsetsSource: {mType=ITYPE_LEFT_GESTURES, mFrame=[0,0][0,2400], mVisible=true, mInsetsRoundedCornerFrame=false}, InsetsSource: {mType=ITYPE_RIGHT_GESTURES, mFrame=[1080,0][1080,2400], mVisible=true, mInsetsRoundedCornerFrame=false}, InsetsSource: {mType=ITYPE_TOP_MANDATORY_GESTURES, mFrame=[0,0][1080,124], mVisible=true, mInsetsRoundedCornerFrame=false}, InsetsSource: {mType=ITYPE_BOTTOM_MANDATORY_GESTURES, mFrame=[0,2256][1080,2400], mVisible=true, mInsetsRoundedCornerFrame=false}, InsetsSource: {mType=ITYPE_LEFT_DISPLAY_CUTOUT, mFrame=[0,0][-100000,2400], mVisible=true, mInsetsRoundedCornerFrame=false}, InsetsSource: {mType=ITYPE_TOP_DISPLAY_CUTOUT, mFrame=[0,0][1080,88], mVisible=true, mInsetsRoundedCornerFrame=false}, InsetsSource: {mType=ITYPE_RIGHT_DISPLAY_CUTOUT, mFrame=[100000,0][1080,2400], mVisible=true, mInsetsRoundedCornerFrame=false}, InsetsSource: {mType=ITYPE_BOTTOM_DISPLAY_CUTOUT, mFrame=[0,100000][1080,2400], mVisible=true, mInsetsRoundedCornerFrame=false}, InsetsSource: {mType=ITYPE_TOP_TAPPABLE_ELEMENT, mFrame=[0,0][1080,88], mVisible=true, mInsetsRoundedCornerFrame=false}, InsetsSource: {mType=ITYPE_BOTTOM_TAPPABLE_ELEMENT, mFrame=[0,2256][1080,2400], mVisible=true, mInsetsRoundedCornerFrame=false} } host=PopupWindow:488add8 from=android.view.ViewRootImpl.setView:1732
04-06 10:38:43.065 23676 23676 I ViewRootImpl@3a0531[PopupWindow:488add8]: setView = android.widget.PopupWindow$PopupDecorView@ff8c36d TM=false
04-06 10:38:43.068 23676 23676 W RemoteInputConnectionImpl: requestCursorAnchorInfo on inactive InputConnection
04-06 10:38:43.069 23676 23676 I IMM_LC  : showSoftInput(View,I)
04-06 10:38:43.069 23676 23676 I IMM_LC  : ssi() - flag : 0 view : com.evolucao.app reason = SHOW_SOFT_INPUT
04-06 10:38:43.071 23676 23676 I ViewRootImpl@72d1b3e[PopupWindow:d134ff9]: performTraversals params={(112,1390)(90x108) gr=TOP START CENTER sim={state=unchanged adjust=pan} ty=APPLICATION_SUB_PANEL fmt=TRANSLUCENT wanim=0x1030313 surfaceInsets=Rect(0, 0 - 0, 0) (manual)
04-06 10:38:43.071 23676 23676 I ViewRootImpl@72d1b3e[PopupWindow:d134ff9]:   fl=41800208
04-06 10:38:43.071 23676 23676 I ViewRootImpl@72d1b3e[PopupWindow:d134ff9]:   pfl=2018000
04-06 10:38:43.071 23676 23676 I ViewRootImpl@72d1b3e[PopupWindow:d134ff9]:   bhv=DEFAULT
04-06 10:38:43.071 23676 23676 I ViewRootImpl@72d1b3e[PopupWindow:d134ff9]:   fitTypes=STATUS_BARS NAVIGATION_BARS CAPTION_BAR naviIconColor=0
04-06 10:38:43.071 23676 23676 I ViewRootImpl@72d1b3e[PopupWindow:d134ff9]:   sfl=20000}
04-06 10:38:43.072 23676 23676 I ViewRootImpl@72d1b3e[PopupWindow:d134ff9]: performTraversals mFirst=true windowShouldResize=true viewVisibilityChanged=false mForceNextWindowRelayout=false params={(112,1390)(90x108) gr=TOP START CENTER sim={state=unchanged adjust=pan} ty=APPLICATION_SUB_PANEL fmt=TRANSLUCENT wanim=0x1030313 surfaceInsets=Rect(0, 0 - 0, 0) (manual)
04-06 10:38:43.072 23676 23676 I ViewRootImpl@72d1b3e[PopupWindow:d134ff9]:   fl=41800208
04-06 10:38:43.072 23676 23676 I ViewRootImpl@72d1b3e[PopupWindow:d134ff9]:   pfl=42018000
04-06 10:38:43.072 23676 23676 I ViewRootImpl@72d1b3e[PopupWindow:d134ff9]:   bhv=DEFAULT
04-06 10:38:43.072 23676 23676 I ViewRootImpl@72d1b3e[PopupWindow:d134ff9]:   fitTypes=STATUS_BARS NAVIGATION_BARS CAPTION_BAR naviIconColor=0
04-06 10:38:43.072 23676 23676 I ViewRootImpl@72d1b3e[PopupWindow:d134ff9]:   sfl=20000}
04-06 10:38:43.076 23676 23795 I ViewRootImpl@72d1b3e[PopupWindow:d134ff9]: Resizing android.view.ViewRootImpl@f1184bb: frame = [112,1390][202,1498] reportDraw = true forceLayout = false syncSeqId = 0
04-06 10:38:43.079 23676 23676 I ViewRootImpl@72d1b3e[PopupWindow:d134ff9]: updateBlastSurfaceIfNeeded mBlastBufferQueue=null isSameSurfaceControl=false
04-06 10:38:43.080 23676 23676 I BLASTBufferQueue: new BLASTBufferQueue, mName= ViewRootImpl@72d1b3e[PopupWindow:d134ff9] mNativeObject= 0xb4000070012ac680 sc.mNativeObject= 0xb400007007a9f360 caller= android.view.ViewRootImpl.updateBlastSurfaceIfNeeded:2909 android.view.ViewRootImpl.relayoutWindow:9847 android.view.ViewRootImpl.performTraversals:3884 android.view.ViewRootImpl.doTraversal:3116 android.view.ViewRootImpl$TraversalRunnable.run:10885 android.view.Choreographer$CallbackRecord.run:1301 android.view.Choreographer$CallbackRecord.run:1309 android.view.Choreographer.doCallbacks:923 android.view.Choreographer.doFrame:852 android.view.Choreographer$FrameDisplayEventReceiver.run:1283 
04-06 10:38:43.080 23676 23676 I BLASTBufferQueue: update, w= 90 h= 108 mName = ViewRootImpl@72d1b3e[PopupWindow:d134ff9] mNativeObject= 0xb4000070012ac680 sc.mNativeObject= 0xb400007007a9f360 format= -3 caller= android.graphics.BLASTBufferQueue.<init>:84 android.view.ViewRootImpl.updateBlastSurfaceIfNeeded:2909 android.view.ViewRootImpl.relayoutWindow:9847 android.view.ViewRootImpl.performTraversals:3884 android.view.ViewRootImpl.doTraversal:3116 android.view.ViewRootImpl$TraversalRunnable.run:10885 
04-06 10:38:43.080 23676 23676 I ViewRootImpl@72d1b3e[PopupWindow:d134ff9]: Relayout returned: old=(112,1390,202,1498) new=(112,1390,202,1498) req=(90,108)0 dur=7 res=0x3 s={true 0xb4000070a7154000} ch=true seqId=0
04-06 10:38:43.081 23676 23676 I ViewRootImpl@72d1b3e[PopupWindow:d134ff9]: mThreadedRenderer.initialize() mSurface={isValid=true 0xb4000070a7154000} hwInitialized=true
04-06 10:38:43.081 23676 23781 D OpenGLRenderer: eglCreateWindowSurface
04-06 10:38:43.082 23676 23676 I ViewRootImpl@72d1b3e[PopupWindow:d134ff9]: reportNextDraw android.view.ViewRootImpl.performTraversals:4438 android.view.ViewRootImpl.doTraversal:3116 android.view.ViewRootImpl$TraversalRunnable.run:10885 android.view.Choreographer$CallbackRecord.run:1301 android.view.Choreographer$CallbackRecord.run:1309 
04-06 10:38:43.082 23676 23676 I ViewRootImpl@72d1b3e[PopupWindow:d134ff9]: Setup new sync id=0
04-06 10:38:43.082 23676 23676 I ViewRootImpl@72d1b3e[PopupWindow:d134ff9]: Setting syncFrameCallback
04-06 10:38:43.082 23676 23676 I ViewRootImpl@72d1b3e[PopupWindow:d134ff9]: registerCallbacksForSync syncBuffer=false
04-06 10:38:43.083 23676 23803 I ViewRootImpl@72d1b3e[PopupWindow:d134ff9]: Received frameDrawingCallback syncResult=0 frameNum=1.
04-06 10:38:43.083 23676 23803 I ViewRootImpl@72d1b3e[PopupWindow:d134ff9]: Setting up sync and frameCommitCallback
04-06 10:38:43.084 23676 23781 I BLASTBufferQueue: [ViewRootImpl@72d1b3e[PopupWindow:d134ff9]#4](f:0,a:0) onFrameAvailable the first frame is available
04-06 10:38:43.084 23676 23781 I ViewRootImpl@72d1b3e[PopupWindow:d134ff9]: Received frameCommittedCallback lastAttemptedDrawFrameNum=1 didProduceBuffer=true
04-06 10:38:43.085 23676 23781 D OpenGLRenderer: CFMS:: SetUp Pid : 23676    Tid : 23781
04-06 10:38:43.085 23676 23781 W Parcel  : Expecting binder but got null!
04-06 10:38:43.085 23676 23676 I ViewRootImpl@72d1b3e[PopupWindow:d134ff9]: onSyncComplete
04-06 10:38:43.085 23676 23676 I ViewRootImpl@72d1b3e[PopupWindow:d134ff9]: setupSync seqId=0 mSyncId=0 fn=1 caller=android.view.ViewRootImpl$$ExternalSyntheticLambda11.accept:6 android.window.SurfaceSyncer.lambda$setupSync$1$android-window-SurfaceSyncer:128 android.window.SurfaceSyncer$$ExternalSyntheticLambda1.accept:8 android.window.SurfaceSyncer$SyncSet.checkIfSyncIsComplete:382 android.window.SurfaceSyncer$SyncSet.markSyncReady:359 android.window.SurfaceSyncer.markSyncReady:151 android.view.ViewRootImpl.performTraversals:4503 
04-06 10:38:43.087 23676 23676 I ViewRootImpl@3a0531[PopupWindow:488add8]: performTraversals params={(112,1296)(90x94) gr=TOP START CENTER sim={state=unchanged adjust=pan} ty=APPLICATION_SUB_PANEL fmt=TRANSLUCENT wanim=0x1030313 surfaceInsets=Rect(0, 0 - 0, 0) (manual)
04-06 10:38:43.087 23676 23676 I ViewRootImpl@3a0531[PopupWindow:488add8]:   fl=41800218
04-06 10:38:43.087 23676 23676 I ViewRootImpl@3a0531[PopupWindow:488add8]:   pfl=2018000
04-06 10:38:43.087 23676 23676 I ViewRootImpl@3a0531[PopupWindow:488add8]:   bhv=DEFAULT
04-06 10:38:43.087 23676 23676 I ViewRootImpl@3a0531[PopupWindow:488add8]:   fitTypes=STATUS_BARS NAVIGATION_BARS CAPTION_BAR naviIconColor=0
04-06 10:38:43.087 23676 23676 I ViewRootImpl@3a0531[PopupWindow:488add8]:   sfl=20000}
04-06 10:38:43.087 23676 23676 I ViewRootImpl@3a0531[PopupWindow:488add8]: performTraversals mFirst=true windowShouldResize=true viewVisibilityChanged=false mForceNextWindowRelayout=false params={(112,1296)(90x94) gr=TOP START CENTER sim={state=unchanged adjust=pan} ty=APPLICATION_SUB_PANEL fmt=TRANSLUCENT wanim=0x1030313 surfaceInsets=Rect(0, 0 - 0, 0) (manual)
04-06 10:38:43.087 23676 23676 I ViewRootImpl@3a0531[PopupWindow:488add8]:   fl=41800218
04-06 10:38:43.087 23676 23676 I ViewRootImpl@3a0531[PopupWindow:488add8]:   pfl=42018000
04-06 10:38:43.087 23676 23676 I ViewRootImpl@3a0531[PopupWindow:488add8]:   bhv=DEFAULT
04-06 10:38:43.087 23676 23676 I ViewRootImpl@3a0531[PopupWindow:488add8]:   fitTypes=STATUS_BARS NAVIGATION_BARS CAPTION_BAR naviIconColor=0
04-06 10:38:43.087 23676 23676 I ViewRootImpl@3a0531[PopupWindow:488add8]:   sfl=20000}
04-06 10:38:43.092 23676 23700 I ViewRootImpl@3a0531[PopupWindow:488add8]: Resizing android.view.ViewRootImpl@bc49ba2: frame = [112,1296][202,1390] reportDraw = true forceLayout = false syncSeqId = 0
04-06 10:38:43.095 23676 23676 I ViewRootImpl@3a0531[PopupWindow:488add8]: updateBlastSurfaceIfNeeded mBlastBufferQueue=null isSameSurfaceControl=false
04-06 10:38:43.095 23676 23676 I BLASTBufferQueue: new BLASTBufferQueue, mName= ViewRootImpl@3a0531[PopupWindow:488add8] mNativeObject= 0xb4000070012aca00 sc.mNativeObject= 0xb400007007a9f5e0 caller= android.view.ViewRootImpl.updateBlastSurfaceIfNeeded:2909 android.view.ViewRootImpl.relayoutWindow:9847 android.view.ViewRootImpl.performTraversals:3884 android.view.ViewRootImpl.doTraversal:3116 android.view.ViewRootImpl$TraversalRunnable.run:10885 android.view.Choreographer$CallbackRecord.run:1301 android.view.Choreographer$CallbackRecord.run:1309 android.view.Choreographer.doCallbacks:923 android.view.Choreographer.doFrame:852 android.view.Choreographer$FrameDisplayEventReceiver.run:1283 
04-06 10:38:43.095 23676 23676 I BLASTBufferQueue: update, w= 90 h= 94 mName = ViewRootImpl@3a0531[PopupWindow:488add8] mNativeObject= 0xb4000070012aca00 sc.mNativeObject= 0xb400007007a9f5e0 format= -3 caller= android.graphics.BLASTBufferQueue.<init>:84 android.view.ViewRootImpl.updateBlastSurfaceIfNeeded:2909 android.view.ViewRootImpl.relayoutWindow:9847 android.view.ViewRootImpl.performTraversals:3884 android.view.ViewRootImpl.doTraversal:3116 android.view.ViewRootImpl$TraversalRunnable.run:10885 
04-06 10:38:43.096 23676 23676 I ViewRootImpl@3a0531[PopupWindow:488add8]: Relayout returned: old=(112,1296,202,1390) new=(112,1296,202,1390) req=(90,94)0 dur=8 res=0x3 s={true 0xb4000070a7151800} ch=true seqId=0
04-06 10:38:43.097 23676 23676 I ViewRootImpl@3a0531[PopupWindow:488add8]: mThreadedRenderer.initialize() mSurface={isValid=true 0xb4000070a7151800} hwInitialized=true
04-06 10:38:43.097 23676 23781 D OpenGLRenderer: eglCreateWindowSurface
04-06 10:38:43.097 23676 23676 I ViewRootImpl@3a0531[PopupWindow:488add8]: reportNextDraw android.view.ViewRootImpl.performTraversals:4438 android.view.ViewRootImpl.doTraversal:3116 android.view.ViewRootImpl$TraversalRunnable.run:10885 android.view.Choreographer$CallbackRecord.run:1301 android.view.Choreographer$CallbackRecord.run:1309 
04-06 10:38:43.097 23676 23676 I ViewRootImpl@3a0531[PopupWindow:488add8]: Setup new sync id=0
04-06 10:38:43.097 23676 23676 I ViewRootImpl@3a0531[PopupWindow:488add8]: Setting syncFrameCallback
04-06 10:38:43.097 23676 23676 I ViewRootImpl@3a0531[PopupWindow:488add8]: registerCallbacksForSync syncBuffer=false
04-06 10:38:43.098 23676 23804 I ViewRootImpl@3a0531[PopupWindow:488add8]: Received frameDrawingCallback syncResult=0 frameNum=1.
04-06 10:38:43.098 23676 23804 I ViewRootImpl@3a0531[PopupWindow:488add8]: Setting up sync and frameCommitCallback
04-06 10:38:43.098 23676 23781 I BLASTBufferQueue: [ViewRootImpl@3a0531[PopupWindow:488add8]#5](f:0,a:0) onFrameAvailable the first frame is available
04-06 10:38:43.099 23676 23781 I ViewRootImpl@3a0531[PopupWindow:488add8]: Received frameCommittedCallback lastAttemptedDrawFrameNum=1 didProduceBuffer=true
04-06 10:38:43.099 23676 23781 D OpenGLRenderer: CFMS:: SetUp Pid : 23676    Tid : 23781
04-06 10:38:43.099 23676 23781 W Parcel  : Expecting binder but got null!
04-06 10:38:43.099 23676 23676 I ViewRootImpl@3a0531[PopupWindow:488add8]: onSyncComplete
04-06 10:38:43.100 23676 23676 I ViewRootImpl@3a0531[PopupWindow:488add8]: setupSync seqId=0 mSyncId=0 fn=1 caller=android.view.ViewRootImpl$$ExternalSyntheticLambda11.accept:6 android.window.SurfaceSyncer.lambda$setupSync$1$android-window-SurfaceSyncer:128 android.window.SurfaceSyncer$$ExternalSyntheticLambda1.accept:8 android.window.SurfaceSyncer$SyncSet.checkIfSyncIsComplete:382 android.window.SurfaceSyncer$SyncSet.markSyncReady:359 android.window.SurfaceSyncer.markSyncReady:151 android.view.ViewRootImpl.performTraversals:4503 
04-06 10:38:43.100 23676 23676 I ViewRootImpl@3a0531[PopupWindow:488add8]: reportDrawFinished seqId=0 mSyncId=-1 fn=1 mSurfaceChangedTransaction=0xb4000070a042e700
04-06 10:38:43.100 23676 23676 I ViewRootImpl@72d1b3e[PopupWindow:d134ff9]: reportDrawFinished seqId=0 mSyncId=-1 fn=1 mSurfaceChangedTransaction=0xb4000070b0609800
04-06 10:38:43.102 23676 23676 I ViewRootImpl@72d1b3e[PopupWindow:d134ff9]: handleResized, msg = 5 frames=ClientWindowFrames{frame=[112,1390][202,1498] display=[-100000,-100000][100000,100000] parentFrame=[0,0][0,0] parentClippedByDisplayCutout=false} forceNextWindowRelayout=false displayId=0 resizeMode=-1 frameChanged=false displayFrameChanged=false configChanged=false displayChanged=false
04-06 10:38:43.102 23676 23676 I ViewRootImpl@72d1b3e[PopupWindow:d134ff9]: handleResized mSyncSeqId = 0
04-06 10:38:43.103 23676 23676 I ViewRootImpl@72d1b3e[PopupWindow:d134ff9]: reportNextDraw android.view.ViewRootImpl.handleResized:2450 android.view.ViewRootImpl.-$$Nest$mhandleResized:0 android.view.ViewRootImpl$ViewRootHandler.handleMessageImpl:6728 android.view.ViewRootImpl$ViewRootHandler.handleMessage:6697 android.os.Handler.dispatchMessage:106 
04-06 10:38:43.103 23676 23676 I ViewRootImpl@72d1b3e[PopupWindow:d134ff9]: Setup new sync id=1
04-06 10:38:43.103 23676 23676 I ViewRootImpl@72d1b3e[PopupWindow:d134ff9]: Setting syncFrameCallback
04-06 10:38:43.104 23676 23676 I ViewRootImpl@72d1b3e[PopupWindow:d134ff9]: registerCallbacksForSync syncBuffer=false
04-06 10:38:43.105 23676 23803 I ViewRootImpl@72d1b3e[PopupWindow:d134ff9]: Received frameDrawingCallback syncResult=0 frameNum=2.
04-06 10:38:43.105 23676 23803 I ViewRootImpl@72d1b3e[PopupWindow:d134ff9]: Setting up sync and frameCommitCallback
04-06 10:38:43.105 23676 23781 I ViewRootImpl@72d1b3e[PopupWindow:d134ff9]: Received frameCommittedCallback lastAttemptedDrawFrameNum=2 didProduceBuffer=true
04-06 10:38:43.105 23676 23676 I ViewRootImpl@72d1b3e[PopupWindow:d134ff9]: onSyncComplete
04-06 10:38:43.106 23676 23676 I ViewRootImpl@72d1b3e[PopupWindow:d134ff9]: setupSync seqId=0 mSyncId=1 fn=2 caller=android.view.ViewRootImpl$$ExternalSyntheticLambda11.accept:6 android.window.SurfaceSyncer.lambda$setupSync$1$android-window-SurfaceSyncer:128 android.window.SurfaceSyncer$$ExternalSyntheticLambda1.accept:8 android.window.SurfaceSyncer$SyncSet.checkIfSyncIsComplete:382 android.window.SurfaceSyncer$SyncSet.markSyncReady:359 android.window.SurfaceSyncer.markSyncReady:151 android.view.ViewRootImpl.performTraversals:4503 
04-06 10:38:43.106 23676 23676 I ViewRootImpl@72d1b3e[PopupWindow:d134ff9]: reportDrawFinished seqId=0 mSyncId=-1 fn=2 mSurfaceChangedTransaction=0xb4000070b0609800
04-06 10:38:43.107 23676 23676 I ViewRootImpl@3a0531[PopupWindow:488add8]: handleResized, msg = 5 frames=ClientWindowFrames{frame=[112,1296][202,1390] display=[-100000,-100000][100000,100000] parentFrame=[0,0][0,0] parentClippedByDisplayCutout=false} forceNextWindowRelayout=false displayId=0 resizeMode=-1 frameChanged=false displayFrameChanged=false configChanged=false displayChanged=false
04-06 10:38:43.107 23676 23676 I ViewRootImpl@3a0531[PopupWindow:488add8]: handleResized mSyncSeqId = 0
04-06 10:38:43.107 23676 23676 I ViewRootImpl@3a0531[PopupWindow:488add8]: reportNextDraw android.view.ViewRootImpl.handleResized:2450 android.view.ViewRootImpl.-$$Nest$mhandleResized:0 android.view.ViewRootImpl$ViewRootHandler.handleMessageImpl:6728 android.view.ViewRootImpl$ViewRootHandler.handleMessage:6697 android.os.Handler.dispatchMessage:106 
04-06 10:38:43.116 23676 23676 I ViewRootImpl@3a0531[PopupWindow:488add8]: Setup new sync id=1
04-06 10:38:43.116 23676 23676 I ViewRootImpl@3a0531[PopupWindow:488add8]: Setting syncFrameCallback
04-06 10:38:43.116 23676 23676 I ViewRootImpl@3a0531[PopupWindow:488add8]: registerCallbacksForSync syncBuffer=false
04-06 10:38:43.117 23676 23804 I ViewRootImpl@3a0531[PopupWindow:488add8]: Received frameDrawingCallback syncResult=0 frameNum=2.
04-06 10:38:43.117 23676 23804 I ViewRootImpl@3a0531[PopupWindow:488add8]: Setting up sync and frameCommitCallback
04-06 10:38:43.118 23676 23781 I ViewRootImpl@3a0531[PopupWindow:488add8]: Received frameCommittedCallback lastAttemptedDrawFrameNum=2 didProduceBuffer=true
04-06 10:38:43.118 23676 23676 I ViewRootImpl@3a0531[PopupWindow:488add8]: onSyncComplete
04-06 10:38:43.118 23676 23676 I ViewRootImpl@3a0531[PopupWindow:488add8]: setupSync seqId=0 mSyncId=1 fn=2 caller=android.view.ViewRootImpl$$ExternalSyntheticLambda11.accept:6 android.window.SurfaceSyncer.lambda$setupSync$1$android-window-SurfaceSyncer:128 android.window.SurfaceSyncer$$ExternalSyntheticLambda1.accept:8 android.window.SurfaceSyncer$SyncSet.checkIfSyncIsComplete:382 android.window.SurfaceSyncer$SyncSet.markSyncReady:359 android.window.SurfaceSyncer.markSyncReady:151 android.view.ViewRootImpl.performTraversals:4503 
04-06 10:38:43.121 23676 23676 I ViewRootImpl@3a0531[PopupWindow:488add8]: reportDrawFinished seqId=0 mSyncId=-1 fn=2 mSurfaceChangedTransaction=0xb4000070a042e700
04-06 10:38:43.122 23676 23676 W OnBackInvokedCallback: OnBackInvokedCallback is not enabled for the application.
04-06 10:38:43.122 23676 23676 W OnBackInvokedCallback: Set 'android:enableOnBackInvokedCallback="true"' in the application manifest.
04-06 10:38:43.122 23676 23676 D InsetsController: show(ime(), fromIme=true)
04-06 10:38:43.124 23676 23676 D InsetsController: show(ime(), fromIme=true)
04-06 10:38:43.139 23676 23676 D InsetsController: show(ime(), fromIme=true)
04-06 10:38:43.499 23676 23762 I DetoxWSClient: Sending out action 'invokeResult' (ID #8)
04-06 10:38:43.499 23676 23762 I DetoxDispatcher: Done with action 'invoke'
04-06 10:38:43.504 23676 23766 D DetoxWSClient: Received action 'invoke' (ID #9, params={"target":{"type":"Class","value":"com.wix.detox.espresso.EspressoDetox"},"method":"perform","args":[{"type":"Invocation","value":{"target":{"type":"Class","value":"com.wix.detox.espresso.DetoxMatcher"},"method":"matcherForTestId","args":["input-peso-meta",{"type":"boolean","value":false}]}},{"type":"Invocation","value":{"target":{"type":"Class","value":"androidx.test.espresso.action.ViewActions"},"method":"clearText","args":[]}}]})
04-06 10:38:43.505 23676 23762 I DetoxDispatcher: Handling action 'invoke' (ID #9)...
04-06 10:38:43.505 23676 23762 D Detox   : class com.wix.detox.espresso.DetoxMatcher, matcherForTestId, [input-peso-meta, false]
04-06 10:38:43.506 23676 23762 D Detox   : class androidx.test.espresso.action.ViewActions, clearText, []
04-06 10:38:43.506 23676 23762 D Detox   : class com.wix.detox.espresso.EspressoDetox, perform, [(view.getTag() is "input-peso-meta" and view has effective visibility <VISIBLE>), androidx.test.espresso.action.ReplaceTextAction@7a912ab]
04-06 10:38:43.513 23676 23676 I ViewInteraction: Performing 'replace text()' action on view (view.getTag() is "input-peso-meta" and view has effective visibility <VISIBLE>)
04-06 10:38:43.523 23676 23762 I DetoxWSClient: Sending out action 'invokeResult' (ID #9)
04-06 10:38:43.524 23676 23762 I DetoxDispatcher: Done with action 'invoke'
04-06 10:38:43.530 23676 23766 D DetoxWSClient: Received action 'invoke' (ID #10, params={"target":{"type":"Class","value":"com.wix.detox.espresso.EspressoDetox"},"method":"perform","args":[{"type":"Invocation","value":{"target":{"type":"Class","value":"com.wix.detox.espresso.DetoxMatcher"},"method":"matcherForTestId","args":["input-peso-meta",{"type":"boolean","value":false}]}},{"type":"Invocation","value":{"target":{"type":"Class","value":"androidx.test.espresso.action.ViewActions"},"method":"replaceText","args":["77"]}}]})
04-06 10:38:43.533 23676 23676 D InputMethodManager: startInputInner - Id : 0
04-06 10:38:43.533 23676 23676 I InputMethodManager: startInputInner - mService.startInputOrWindowGainedFocus
04-06 10:38:43.539 23676 23762 I DetoxDispatcher: Handling action 'invoke' (ID #10)...
04-06 10:38:43.540 23676 23762 D Detox   : class com.wix.detox.espresso.DetoxMatcher, matcherForTestId, [input-peso-meta, false]
04-06 10:38:43.541 23676 23762 D Detox   : class androidx.test.espresso.action.ViewActions, replaceText, [77]
04-06 10:38:43.541 23676 23762 D Detox   : class com.wix.detox.espresso.EspressoDetox, perform, [(view.getTag() is "input-peso-meta" and view has effective visibility <VISIBLE>), androidx.test.espresso.action.ReplaceTextAction@53398aa]
04-06 10:38:43.556 23676 23676 D InsetsController: show(ime(), fromIme=true)
04-06 10:38:43.571 23676 23676 D InputMethodManager: startInputInner - Id : 0
04-06 10:38:43.571 23676 23676 I InputMethodManager: startInputInner - mService.startInputOrWindowGainedFocus
04-06 10:38:43.576 23676 23676 I ViewInteraction: Performing 'replace text(77)' action on view (view.getTag() is "input-peso-meta" and view has effective visibility <VISIBLE>)
04-06 10:38:43.581 23676 23762 I DetoxWSClient: Sending out action 'invokeResult' (ID #10)
04-06 10:38:43.581 23676 23762 I DetoxDispatcher: Done with action 'invoke'
04-06 10:38:43.587 23676 23676 D InputMethodManager: startInputInner - Id : 0
04-06 10:38:43.587 23676 23676 I InputMethodManager: startInputInner - mService.startInputOrWindowGainedFocus
04-06 10:38:43.588 23676 23766 D DetoxWSClient: Received action 'invoke' (ID #11, params={"target":{"type":"Class","value":"com.wix.detox.espresso.DetoxAssertion"},"method":"assertMatcher","args":[{"type":"Invocation","value":{"target":{"type":"Class","value":"androidx.test.espresso.Espresso"},"method":"onView","args":[{"type":"Invocation","value":{"target":{"type":"Class","value":"com.wix.detox.espresso.DetoxMatcher"},"method":"matcherForTestId","args":["input-peso-meta",{"type":"boolean","value":false}]}}]}},{"type":"Invocation","value":{"target":{"type":"Class","value":"com.wix.detox.espresso.DetoxMatcher"},"method":"matcherForText","args":["77",{"type":"boolean","value":false}]}}]})
04-06 10:38:43.588 23676 23762 I DetoxDispatcher: Handling action 'invoke' (ID #11)...
04-06 10:38:43.588 23676 23762 D Detox   : class com.wix.detox.espresso.DetoxMatcher, matcherForTestId, [input-peso-meta, false]
04-06 10:38:43.588 23676 23762 D Detox   : class androidx.test.espresso.Espresso, onView, [(view.getTag() is "input-peso-meta" and view has effective visibility <VISIBLE>)]
04-06 10:38:43.589 23676 23762 D Detox   : class com.wix.detox.espresso.DetoxMatcher, matcherForText, [77, false]
04-06 10:38:43.589 23676 23762 D Detox   : class com.wix.detox.espresso.DetoxAssertion, assertMatcher, [androidx.test.espresso.ViewInteraction@e9612bd, (an instance of android.widget.TextView and view.getText() with or without transformation to match: is "77" and view has effective visibility <VISIBLE>)]
04-06 10:38:43.600 23676 23676 D InsetsController: show(ime(), fromIme=true)
04-06 10:38:43.621 23676 23676 I ViewInteraction: Checking 'MatchesViewAssertion(Detox){viewMatcher=(an instance of android.widget.TextView and view.getText() with or without transformation to match: is "77" and view has effective visibility <VISIBLE>)}' assertion on view (view.getTag() is "input-peso-meta" and view has effective visibility <VISIBLE>)
04-06 10:38:43.624 23676 23762 I DetoxWSClient: Sending out action 'invokeResult' (ID #11)
04-06 10:38:43.624 23676 23762 I DetoxDispatcher: Done with action 'invoke'
04-06 10:38:43.628 23676 23766 D DetoxWSClient: Received action 'invoke' (ID #12, params={"target":{"type":"Class","value":"com.wix.detox.espresso.EspressoDetox"},"method":"perform","args":[{"type":"Invocation","value":{"target":{"type":"Class","value":"com.wix.detox.espresso.DetoxMatcher"},"method":"matcherForTestId","args":["input-altura",{"type":"boolean","value":false}]}},{"type":"Invocation","value":{"target":{"type":"Class","value":"com.wix.detox.espresso.DetoxViewActions"},"method":"click","args":[]}}]})
04-06 10:38:43.628 23676 23762 I DetoxDispatcher: Handling action 'invoke' (ID #12)...
04-06 10:38:43.629 23676 23762 D Detox   : class com.wix.detox.espresso.DetoxMatcher, matcherForTestId, [input-altura, false]
04-06 10:38:43.629 23676 23762 D Detox   : class com.wix.detox.espresso.DetoxViewActions, click, []
04-06 10:38:43.629 23676 23762 D Detox   : class com.wix.detox.espresso.EspressoDetox, perform, [(view.getTag() is "input-altura" and view has effective visibility <VISIBLE>), com.wix.detox.espresso.action.RNClickAction@f56252d]
04-06 10:38:43.630 23676 23781 D OpenGLRenderer: setSurface called with nullptr
04-06 10:38:43.630 23676 23781 D OpenGLRenderer: setSurface() destroyed EGLSurface
04-06 10:38:43.630 23676 23781 D OpenGLRenderer: destroyEglSurface
04-06 10:38:43.631 23676 23676 I ViewRootImpl@72d1b3e[PopupWindow:d134ff9]: dispatchDetachedFromWindow
04-06 10:38:43.634 23676 23676 D InputTransport: Input channel destroyed: '9cc3e6d', fd=161
04-06 10:38:43.635 23676 23781 D OpenGLRenderer: setSurface called with nullptr
04-06 10:38:43.635 23676 23781 D OpenGLRenderer: setSurface() destroyed EGLSurface
04-06 10:38:43.635 23676 23781 D OpenGLRenderer: destroyEglSurface
04-06 10:38:43.636 23676 23676 I ViewRootImpl@3a0531[PopupWindow:488add8]: dispatchDetachedFromWindow
04-06 10:38:43.644 23676 23676 D InputTransport: Input channel destroyed: 'c7b5469', fd=163
04-06 10:38:43.646 23676 23676 D InsetsController: show(ime(), fromIme=true)
04-06 10:38:43.648 23676 23676 I ViewInteraction: Performing 'com.wix.detox.espresso.action.detoxsingletap@4cfba62 click' action on view (view.getTag() is "input-altura" and view has effective visibility <VISIBLE>)
04-06 10:38:43.685 23676 23676 I ViewRootImpl@7efc384[MainActivity]: ViewPostIme key 0
04-06 10:38:43.698 23676 23676 I ViewRootImpl@7efc384[MainActivity]: ViewPostIme key 1
04-06 10:38:44.113 23676 23762 I DetoxWSClient: Sending out action 'invokeResult' (ID #12)
04-06 10:38:44.114 23676 23762 I DetoxDispatcher: Done with action 'invoke'
04-06 10:38:44.118 23676 23766 D DetoxWSClient: Received action 'invoke' (ID #13, params={"target":{"type":"Class","value":"com.wix.detox.espresso.EspressoDetox"},"method":"perform","args":[{"type":"Invocation","value":{"target":{"type":"Class","value":"com.wix.detox.espresso.DetoxMatcher"},"method":"matcherForTestId","args":["input-altura",{"type":"boolean","value":false}]}},{"type":"Invocation","value":{"target":{"type":"Class","value":"androidx.test.espresso.action.ViewActions"},"method":"clearText","args":[]}}]})
04-06 10:38:44.119 23676 23762 I DetoxDispatcher: Handling action 'invoke' (ID #13)...
04-06 10:38:44.119 23676 23762 D Detox   : class com.wix.detox.espresso.DetoxMatcher, matcherForTestId, [input-altura, false]
04-06 10:38:44.120 23676 23762 D Detox   : class androidx.test.espresso.action.ViewActions, clearText, []
04-06 10:38:44.120 23676 23762 D Detox   : class com.wix.detox.espresso.EspressoDetox, perform, [(view.getTag() is "input-altura" and view has effective visibility <VISIBLE>), androidx.test.espresso.action.ReplaceTextAction@c0da836]
04-06 10:38:44.126 23676 23676 I ViewInteraction: Performing 'replace text()' action on view (view.getTag() is "input-altura" and view has effective visibility <VISIBLE>)
04-06 10:38:44.137 23676 23762 I DetoxWSClient: Sending out action 'invokeResult' (ID #13)
04-06 10:38:44.140 23676 23762 I DetoxDispatcher: Done with action 'invoke'
04-06 10:38:44.145 23676 23766 D DetoxWSClient: Received action 'invoke' (ID #14, params={"target":{"type":"Class","value":"com.wix.detox.espresso.EspressoDetox"},"method":"perform","args":[{"type":"Invocation","value":{"target":{"type":"Class","value":"com.wix.detox.espresso.DetoxMatcher"},"method":"matcherForTestId","args":["input-altura",{"type":"boolean","value":false}]}},{"type":"Invocation","value":{"target":{"type":"Class","value":"androidx.test.espresso.action.ViewActions"},"method":"replaceText","args":["178"]}}]})
04-06 10:38:44.145 23676 23762 I DetoxDispatcher: Handling action 'invoke' (ID #14)...
04-06 10:38:44.145 23676 23762 D Detox   : class com.wix.detox.espresso.DetoxMatcher, matcherForTestId, [input-altura, false]
04-06 10:38:44.146 23676 23762 D Detox   : class androidx.test.espresso.action.ViewActions, replaceText, [178]
04-06 10:38:44.146 23676 23762 D Detox   : class com.wix.detox.espresso.EspressoDetox, perform, [(view.getTag() is "input-altura" and view has effective visibility <VISIBLE>), androidx.test.espresso.action.ReplaceTextAction@7d5503c]
04-06 10:38:44.181 23676 23676 I ViewInteraction: Performing 'replace text(178)' action on view (view.getTag() is "input-altura" and view has effective visibility <VISIBLE>)
04-06 10:38:44.186 23676 23762 I DetoxWSClient: Sending out action 'invokeResult' (ID #14)
04-06 10:38:44.186 23676 23762 I DetoxDispatcher: Done with action 'invoke'
04-06 10:38:44.190 23676 23766 D DetoxWSClient: Received action 'invoke' (ID #15, params={"target":{"type":"Class","value":"com.wix.detox.espresso.DetoxAssertion"},"method":"assertMatcher","args":[{"type":"Invocation","value":{"target":{"type":"Class","value":"androidx.test.espresso.Espresso"},"method":"onView","args":[{"type":"Invocation","value":{"target":{"type":"Class","value":"com.wix.detox.espresso.DetoxMatcher"},"method":"matcherForTestId","args":["input-altura",{"type":"boolean","value":false}]}}]}},{"type":"Invocation","value":{"target":{"type":"Class","value":"com.wix.detox.espresso.DetoxMatcher"},"method":"matcherForText","args":["178",{"type":"boolean","value":false}]}}]})
04-06 10:38:44.190 23676 23762 I DetoxDispatcher: Handling action 'invoke' (ID #15)...
04-06 10:38:44.191 23676 23762 D Detox   : class com.wix.detox.espresso.DetoxMatcher, matcherForTestId, [input-altura, false]
04-06 10:38:44.191 23676 23762 D Detox   : class androidx.test.espresso.Espresso, onView, [(view.getTag() is "input-altura" and view has effective visibility <VISIBLE>)]
04-06 10:38:44.197 23676 23762 D Detox   : class com.wix.detox.espresso.DetoxMatcher, matcherForText, [178, false]
04-06 10:38:44.198 23676 23762 D Detox   : class com.wix.detox.espresso.DetoxAssertion, assertMatcher, [androidx.test.espresso.ViewInteraction@ee0bfb3, (an instance of android.widget.TextView and view.getText() with or without transformation to match: is "178" and view has effective visibility <VISIBLE>)]
04-06 10:38:44.246 23676 23676 I ViewInteraction: Checking 'MatchesViewAssertion(Detox){viewMatcher=(an instance of android.widget.TextView and view.getText() with or without transformation to match: is "178" and view has effective visibility <VISIBLE>)}' assertion on view (view.getTag() is "input-altura" and view has effective visibility <VISIBLE>)
04-06 10:38:44.252 23676 23762 I DetoxWSClient: Sending out action 'invokeResult' (ID #15)
04-06 10:38:44.253 23676 23762 I DetoxDispatcher: Done with action 'invoke'
04-06 10:38:44.257 23676 23766 D DetoxWSClient: Received action 'invoke' (ID #16, params={"target":{"type":"Invocation","value":{"target":{"type":"Class","value":"com.wix.detox.uiautomator.UiAutomator"},"method":"uiDevice","args":[]}},"method":"pressBack","args":[]})
04-06 10:38:44.258 23676 23762 I DetoxDispatcher: Handling action 'invoke' (ID #16)...
04-06 10:38:44.258 23676 23762 D Detox   : class com.wix.detox.uiautomator.UiAutomator, uiDevice, []
04-06 10:38:44.262 23676 23762 I UiDevice: Creating a new instance, old instance exists: false
04-06 10:38:44.304 23676 23762 D UiDevice: Setting accessibility service flags: 65618
04-06 10:38:44.928 23676 23762 D UiDevice: Pressing back button.
04-06 10:38:44.950 23676 23676 I ViewRootImpl@7efc384[MainActivity]: The input has been finished in ImeInputStage.
04-06 10:38:44.966 23676 23676 I ViewRootImpl@7efc384[MainActivity]: The input has been finished in ImeInputStage.
04-06 10:38:44.976 23676 23676 D InsetsController: controlAnimationUnchecked: Added types=8 animType=1 host=com.evolucao.app/com.evolucao.app.MainActivity from=android.view.InsetsController.applyAnimation:1576 android.view.InsetsController.applyAnimation:1557 android.view.InsetsController.hide:1093 
04-06 10:38:44.977 23676 23676 D InsetsSourceConsumer: setRequestedVisible: visible=false, type=19, host=com.evolucao.app/com.evolucao.app.MainActivity, from=android.view.InsetsSourceConsumer.hide:257 android.view.ImeInsetsSourceConsumer.hide:88 android.view.ImeInsetsSourceConsumer.hide:94 android.view.InsetsController.hideDirectly:1593 android.view.InsetsController.controlAnimationUnchecked:1234 android.view.InsetsController.applyAnimation:1576 android.view.InsetsController.applyAnimation:1557 android.view.InsetsController.hide:1093 android.view.ViewRootImpl$ViewRootHandler.handleMessageImpl:6765 android.view.ViewRootImpl$ViewRootHandler.handleMessage:6697 
04-06 10:38:44.985 23676 23780 I ViewRootImpl@7efc384[MainActivity]: Resizing android.view.ViewRootImpl@2cd4d69: frame = [0,0][1080,2400] reportDraw = false forceLayout = false syncSeqId = 0
04-06 10:38:44.993 23676 23676 D InsetsController: onStateChanged: InsetsState: {mDisplayFrame=Rect(0, 0 - 1080, 2400), mDisplayCutout=DisplayCutout{insets=Rect(0, 88 - 0, 0) waterfall=Insets{left=0, top=0, right=0, bottom=0} boundingRect={Bounds=[Rect(0, 0 - 0, 0), Rect(512, 0 - 568, 88), Rect(0, 0 - 0, 0), Rect(0, 0 - 0, 0)]} cutoutPathParserInfo={CutoutPathParserInfo{displayWidth=1080 displayHeight=2400 physicalDisplayWidth=1080 physicalDisplayHeight=2400 density={3.0} cutoutSpec={M 0,0 M 0,10.71963616907435 a 9.280363830925644,9.280363830925644 0 1,0 0,18.56072766185129 a 9.280363830925644,9.280363830925644 0 1,0 0,-18.56072766185129 Z @dp} rotation={0} scale={1.0} physicalPixelDisplaySizeRatio={1.0}}}}, mRoundedCorners=RoundedCorners{[RoundedCorner{position=TopLeft, radius=96, center=Point(96, 96)}, RoundedCorner{position=TopRight, radius=96, center=Point(984, 96)}, RoundedCorner{position=BottomRight, radius=96, center=Point(984, 2304)}, RoundedCorner{position=BottomLeft, radius=96, center=Point(96, 2304)}]}  mRoundedCornerFrame=Rect(0, 0 - 1080, 2400), mPrivacyIndicatorBounds=PrivacyIndicatorBounds {static bounds=Rect(948, 0 - 1080, 88) rotation=0}, mSources= { InsetsSource: {mType=ITYPE_STATUS_BAR, mFrame=[0,0][1080,88], mVisible=true, mInsetsRoundedCornerFrame=false}, InsetsSource: {mType=ITYPE_NAVIGATION_BAR, mFrame=[0,2256][1080,2400], mVisible=true, mInsetsRoundedCornerFrame=false}, InsetsSource: {mType=ITYPE_LEFT_GESTURES, mFrame=[0,0][0,2400], mVisible=true, mInsetsRoundedCornerFrame=false}, InsetsSource: {mType=ITYPE_RIGHT_GESTURES, mFrame=[1080,0][1080,2400], mVisible=true, mInsetsRoundedCornerFrame=false}, InsetsSource: {mType=ITYPE_TOP_MANDATORY_GESTURES, mFrame=[0,0][1080,124], mVisible=true, mInsetsRoundedCornerFrame=false}, InsetsSource: {mType=ITYPE_BOTTOM_MANDATORY_GESTURES, mFrame=[0,2256][1080,2400], mVisible=true, mInsetsRoundedCornerFrame=false}, InsetsSource: {mType=ITYPE_LEFT_DISPLAY_CUTOUT, mFrame=[0,0][-100000,2400], mVisible=true, mInsetsRoundedCornerFrame=false}, InsetsSource: {mType=ITYPE_TOP_DISPLAY_CUTOUT, mFrame=[0,0][1080,88], mVisible=true, mInsetsRoundedCornerFrame=false}, InsetsSource: {mType=ITYPE_RIGHT_DISPLAY_CUTOUT, mFrame=[100000,0][1080,2400], mVisible=true, mInsetsRoundedCornerFrame=false}, InsetsSource: {mType=ITYPE_BOTTOM_DISPLAY_CUTOUT, mFrame=[0,100000][1080,2400], mVisible=true, mInsetsRoundedCornerFrame=false}, InsetsSource: {mType=ITYPE_TOP_TAPPABLE_ELEMENT, mFrame=[0,0][1080,88], mVisible=true, mInsetsRoundedCornerFrame=false}, InsetsSource: {mType=ITYPE_BOTTOM_TAPPABLE_ELEMENT, mFrame=[0,2256][1080,2400], mVisible=true, mInsetsRoundedCornerFrame=false}, InsetsSource: {mType=ITYPE_IME, mFrame=[0,1374][1080,2400], mVisibleFrame=[0,1374][1080,2400], mVisible=false, mInsetsRoundedCornerFrame=false} } host=com.evolucao.app/com.evolucao.app.MainActivity from=android.view.ViewRootImpl$ViewRootHandler.handleMessageImpl:6740
04-06 10:38:44.993 23676 23762 I DetoxWSClient: Sending out action 'invokeResult' (ID #16)
04-06 10:38:44.993 23676 23762 I DetoxDispatcher: Done with action 'invoke'
