04-06 10:45:46.973 28007 28046 D DetoxWSClient: Received action 'invoke' (ID #5, params={"target":{"type":"Class","value":"com.wix.detox.espresso.EspressoDetox"},"method":"perform","args":[{"type":"Invocation","value":{"target":{"type":"Class","value":"com.wix.detox.espresso.DetoxMatcher"},"method":"matcherForTestId","args":["input-peso-atual",{"type":"boolean","value":false}]}},{"type":"Invocation","value":{"target":{"type":"Class","value":"androidx.test.espresso.action.ViewActions"},"method":"clearText","args":[]}}]})
04-06 10:45:46.974 28007 28042 I DetoxDispatcher: Handling action 'invoke' (ID #5)...
04-06 10:45:46.974 28007 28042 D Detox   : class com.wix.detox.espresso.DetoxMatcher, matcherForTestId, [input-peso-atual, false]
04-06 10:45:46.975 28007 28042 D Detox   : class androidx.test.espresso.action.ViewActions, clearText, []
04-06 10:45:46.976 28007 28042 D Detox   : class com.wix.detox.espresso.EspressoDetox, perform, [(view.getTag() is "input-peso-atual" and view has effective visibility <VISIBLE>), androidx.test.espresso.action.ReplaceTextAction@2edd62c]
04-06 10:45:46.982 28007 28007 I ViewInteraction: Performing 'replace text()' action on view (view.getTag() is "input-peso-atual" and view has effective visibility <VISIBLE>)
04-06 10:45:46.995 28007 28042 I DetoxWSClient: Sending out action 'invokeResult' (ID #5)
04-06 10:45:46.996 28007 28042 I DetoxDispatcher: Done with action 'invoke'
04-06 10:45:47.000 28007 28046 D DetoxWSClient: Received action 'invoke' (ID #6, params={"target":{"type":"Class","value":"com.wix.detox.espresso.EspressoDetox"},"method":"perform","args":[{"type":"Invocation","value":{"target":{"type":"Class","value":"com.wix.detox.espresso.DetoxMatcher"},"method":"matcherForTestId","args":["input-peso-atual",{"type":"boolean","value":false}]}},{"type":"Invocation","value":{"target":{"type":"Class","value":"androidx.test.espresso.action.ViewActions"},"method":"replaceText","args":["82"]}}]})
04-06 10:45:47.001 28007 28042 I DetoxDispatcher: Handling action 'invoke' (ID #6)...
04-06 10:45:47.002 28007 28042 D Detox   : class com.wix.detox.espresso.DetoxMatcher, matcherForTestId, [input-peso-atual, false]
04-06 10:45:47.002 28007 28042 D Detox   : class androidx.test.espresso.action.ViewActions, replaceText, [82]
04-06 10:45:47.002 28007 28042 D Detox   : class com.wix.detox.espresso.EspressoDetox, perform, [(view.getTag() is "input-peso-atual" and view has effective visibility <VISIBLE>), androidx.test.espresso.action.ReplaceTextAction@a50f873]
04-06 10:45:47.006 28007 28007 D InputMethodManager: startInputInner - Id : 0
04-06 10:45:47.006 28007 28007 I InputMethodManager: startInputInner - mService.startInputOrWindowGainedFocus
04-06 10:45:47.043 28007 28016 I om.evolucao.app: Compiler allocated 6133KB to compile void android.view.ViewRootImpl.performTraversals()
04-06 10:45:47.047 28007 28007 D InputMethodManager: startInputInner - Id : 0
04-06 10:45:47.047 28007 28007 I InputMethodManager: startInputInner - mService.startInputOrWindowGainedFocus
04-06 10:45:47.050 28007 28007 D InsetsController: show(ime(), fromIme=true)
04-06 10:45:47.054 28007 28007 I ViewInteraction: Performing 'replace text(82)' action on view (view.getTag() is "input-peso-atual" and view has effective visibility <VISIBLE>)
04-06 10:45:47.059 28007 28042 I DetoxWSClient: Sending out action 'invokeResult' (ID #6)
04-06 10:45:47.060 28007 28042 I DetoxDispatcher: Done with action 'invoke'
04-06 10:45:47.066 28007 28046 D DetoxWSClient: Received action 'invoke' (ID #7, params={"target":{"type":"Class","value":"com.wix.detox.espresso.DetoxAssertion"},"method":"assertMatcher","args":[{"type":"Invocation","value":{"target":{"type":"Class","value":"androidx.test.espresso.Espresso"},"method":"onView","args":[{"type":"Invocation","value":{"target":{"type":"Class","value":"com.wix.detox.espresso.DetoxMatcher"},"method":"matcherForTestId","args":["input-peso-atual",{"type":"boolean","value":false}]}}]}},{"type":"Invocation","value":{"target":{"type":"Class","value":"com.wix.detox.espresso.DetoxMatcher"},"method":"matcherForText","args":["82",{"type":"boolean","value":false}]}}]})
04-06 10:45:47.067 28007 28042 I DetoxDispatcher: Handling action 'invoke' (ID #7)...
04-06 10:45:47.067 28007 28042 D Detox   : class com.wix.detox.espresso.DetoxMatcher, matcherForTestId, [input-peso-atual, false]
04-06 10:45:47.068 28007 28042 D Detox   : class androidx.test.espresso.Espresso, onView, [(view.getTag() is "input-peso-atual" and view has effective visibility <VISIBLE>)]
04-06 10:45:47.068 28007 28042 D Detox   : class com.wix.detox.espresso.DetoxMatcher, matcherForText, [82, false]
04-06 10:45:47.069 28007 28042 D Detox   : class com.wix.detox.espresso.DetoxAssertion, assertMatcher, [androidx.test.espresso.ViewInteraction@d5b289, (an instance of android.widget.TextView and view.getText() with or without transformation to match: is "82" and view has effective visibility <VISIBLE>)]
04-06 10:45:47.074 28007 28007 D InputMethodManager: startInputInner - Id : 0
04-06 10:45:47.075 28007 28007 I InputMethodManager: startInputInner - mService.startInputOrWindowGainedFocus
04-06 10:45:47.085 28007 28061 D OpenGLRenderer: setSurface called with nullptr
04-06 10:45:47.085 28007 28061 D OpenGLRenderer: setSurface() destroyed EGLSurface
04-06 10:45:47.085 28007 28061 D OpenGLRenderer: destroyEglSurface
04-06 10:45:47.086 28007 28007 I ViewRootImpl@3c6bd1b[PopupWindow:bfb0b2a]: dispatchDetachedFromWindow
04-06 10:45:47.090 28007 28007 D InputTransport: Input channel destroyed: 'd3b8a7f', fd=173
04-06 10:45:47.091 28007 28061 D OpenGLRenderer: setSurface called with nullptr
04-06 10:45:47.091 28007 28061 D OpenGLRenderer: setSurface() destroyed EGLSurface
04-06 10:45:47.091 28007 28061 D OpenGLRenderer: destroyEglSurface
04-06 10:45:47.093 28007 28007 I ViewRootImpl@75d582[PopupWindow:ce538cd]: dispatchDetachedFromWindow
04-06 10:45:47.096 28007 28007 D InputTransport: Input channel destroyed: '2084f9b', fd=174
04-06 10:45:47.097 28007 28007 D InsetsController: show(ime(), fromIme=true)
04-06 10:45:47.107 28007 28007 I ViewInteraction: Checking 'MatchesViewAssertion(Detox){viewMatcher=(an instance of android.widget.TextView and view.getText() with or without transformation to match: is "82" and view has effective visibility <VISIBLE>)}' assertion on view (view.getTag() is "input-peso-atual" and view has effective visibility <VISIBLE>)
04-06 10:45:47.110 28007 28042 I DetoxWSClient: Sending out action 'invokeResult' (ID #7)
04-06 10:45:47.110 28007 28042 I DetoxDispatcher: Done with action 'invoke'
04-06 10:45:47.115 28007 28046 D DetoxWSClient: Received action 'invoke' (ID #8, params={"target":{"type":"Class","value":"com.wix.detox.espresso.EspressoDetox"},"method":"perform","args":[{"type":"Invocation","value":{"target":{"type":"Class","value":"com.wix.detox.espresso.DetoxMatcher"},"method":"matcherForTestId","args":["input-peso-meta",{"type":"boolean","value":false}]}},{"type":"Invocation","value":{"target":{"type":"Class","value":"com.wix.detox.espresso.DetoxViewActions"},"method":"click","args":[]}}]})
04-06 10:45:47.115 28007 28042 I DetoxDispatcher: Handling action 'invoke' (ID #8)...
04-06 10:45:47.115 28007 28042 D Detox   : class com.wix.detox.espresso.DetoxMatcher, matcherForTestId, [input-peso-meta, false]
04-06 10:45:47.115 28007 28042 D Detox   : class com.wix.detox.espresso.DetoxViewActions, click, []
04-06 10:45:47.116 28007 28042 D Detox   : class com.wix.detox.espresso.EspressoDetox, perform, [(view.getTag() is "input-peso-meta" and view has effective visibility <VISIBLE>), com.wix.detox.espresso.action.RNClickAction@72d1b3e]
04-06 10:45:47.119 28007 28007 I ViewInteraction: Performing 'com.wix.detox.espresso.action.detoxsingletap@c75ad9f click' action on view (view.getTag() is "input-peso-meta" and view has effective visibility <VISIBLE>)
04-06 10:45:47.122 28007 28007 D InsetsController: show(ime(), fromIme=true)
04-06 10:45:47.124 28007 28007 I ViewRootImpl@914008f[MainActivity]: ViewPostIme pointer 0
04-06 10:45:47.153 28007 28007 I ViewRootImpl@914008f[MainActivity]: ViewPostIme pointer 1
04-06 10:45:47.159 28007 28007 D InputMethodManager: startInputInner - Id : 0
04-06 10:45:47.159 28007 28007 I InputMethodManager: startInputInner - mService.startInputOrWindowGainedFocus
04-06 10:45:47.163 28007 28007 I IMM_LC  : showSoftInput(View,I)
04-06 10:45:47.163 28007 28007 I IMM_LC  : ssi() - flag : 0 view : com.evolucao.app reason = SHOW_SOFT_INPUT
04-06 10:45:47.173 28007 28061 D NativeCustomFrequencyManager: [NativeCFMS] BpCustomFrequencyManager::BpCustomFrequencyManager()
04-06 10:45:47.177 28007 28007 D InsetsController: onStateChanged: InsetsState: {mDisplayFrame=Rect(0, 0 - 1080, 2400), mDisplayCutout=DisplayCutout{insets=Rect(0, 88 - 0, 0) waterfall=Insets{left=0, top=0, right=0, bottom=0} boundingRect={Bounds=[Rect(0, 0 - 0, 0), Rect(512, 0 - 568, 88), Rect(0, 0 - 0, 0), Rect(0, 0 - 0, 0)]} cutoutPathParserInfo={CutoutPathParserInfo{displayWidth=1080 displayHeight=2400 physicalDisplayWidth=1080 physicalDisplayHeight=2400 density={3.0} cutoutSpec={M 0,0 M 0,10.71963616907435 a 9.280363830925644,9.280363830925644 0 1,0 0,18.56072766185129 a 9.280363830925644,9.280363830925644 0 1,0 0,-18.56072766185129 Z @dp} rotation={0} scale={1.0} physicalPixelDisplaySizeRatio={1.0}}}}, mRoundedCorners=RoundedCorners{[RoundedCorner{position=TopLeft, radius=96, center=Point(96, 96)}, RoundedCorner{position=TopRight, radius=96, center=Point(984, 96)}, RoundedCorner{position=BottomRight, radius=96, center=Point(984, 2304)}, RoundedCorner{position=BottomLeft, radius=96, center=Point(96, 2304)}]}  mRoundedCornerFrame=Rect(0, 0 - 1080, 2400), mPrivacyIndicatorBounds=PrivacyIndicatorBounds {static bounds=Rect(948, 0 - 1080, 88) rotation=0}, mSources= { InsetsSource: {mType=ITYPE_STATUS_BAR, mFrame=[0,0][1080,88], mVisible=true, mInsetsRoundedCornerFrame=false}, InsetsSource: {mType=ITYPE_NAVIGATION_BAR, mFrame=[0,2256][1080,2400], mVisible=true, mInsetsRoundedCornerFrame=false}, InsetsSource: {mType=ITYPE_LEFT_GESTURES, mFrame=[0,0][0,2400], mVisible=true, mInsetsRoundedCornerFrame=false}, InsetsSource: {mType=ITYPE_RIGHT_GESTURES, mFrame=[1080,0][1080,2400], mVisible=true, mInsetsRoundedCornerFrame=false}, InsetsSource: {mType=ITYPE_TOP_MANDATORY_GESTURES, mFrame=[0,0][1080,124], mVisible=true, mInsetsRoundedCornerFrame=false}, InsetsSource: {mType=ITYPE_BOTTOM_MANDATORY_GESTURES, mFrame=[0,2256][1080,2400], mVisible=true, mInsetsRoundedCornerFrame=false}, InsetsSource: {mType=ITYPE_LEFT_DISPLAY_CUTOUT, mFrame=[0,0][-100000,2400], mVisible=true, mInsetsRoundedCornerFrame=false}, InsetsSource: {mType=ITYPE_TOP_DISPLAY_CUTOUT, mFrame=[0,0][1080,88], mVisible=true, mInsetsRoundedCornerFrame=false}, InsetsSource: {mType=ITYPE_RIGHT_DISPLAY_CUTOUT, mFrame=[100000,0][1080,2400], mVisible=true, mInsetsRoundedCornerFrame=false}, InsetsSource: {mType=ITYPE_BOTTOM_DISPLAY_CUTOUT, mFrame=[0,100000][1080,2400], mVisible=true, mInsetsRoundedCornerFrame=false}, InsetsSource: {mType=ITYPE_TOP_TAPPABLE_ELEMENT, mFrame=[0,0][1080,88], mVisible=true, mInsetsRoundedCornerFrame=false}, InsetsSource: {mType=ITYPE_BOTTOM_TAPPABLE_ELEMENT, mFrame=[0,2256][1080,2400], mVisible=true, mInsetsRoundedCornerFrame=false} } host=PopupWindow:72ff2b5 from=android.view.ViewRootImpl.setView:1732
04-06 10:45:47.178 28007 28007 I ViewRootImpl@85bad4a[PopupWindow:72ff2b5]: setView = android.widget.PopupWindow$PopupDecorView@b2f5416 TM=false
04-06 10:45:47.180 28007 28061 D NativeCustomFrequencyManager: [NativeCFMS] BpCustomFrequencyManager::BpCustomFrequencyManager()
04-06 10:45:47.183 28007 28007 D InsetsController: onStateChanged: InsetsState: {mDisplayFrame=Rect(0, 0 - 1080, 2400), mDisplayCutout=DisplayCutout{insets=Rect(0, 88 - 0, 0) waterfall=Insets{left=0, top=0, right=0, bottom=0} boundingRect={Bounds=[Rect(0, 0 - 0, 0), Rect(512, 0 - 568, 88), Rect(0, 0 - 0, 0), Rect(0, 0 - 0, 0)]} cutoutPathParserInfo={CutoutPathParserInfo{displayWidth=1080 displayHeight=2400 physicalDisplayWidth=1080 physicalDisplayHeight=2400 density={3.0} cutoutSpec={M 0,0 M 0,10.71963616907435 a 9.280363830925644,9.280363830925644 0 1,0 0,18.56072766185129 a 9.280363830925644,9.280363830925644 0 1,0 0,-18.56072766185129 Z @dp} rotation={0} scale={1.0} physicalPixelDisplaySizeRatio={1.0}}}}, mRoundedCorners=RoundedCorners{[RoundedCorner{position=TopLeft, radius=96, center=Point(96, 96)}, RoundedCorner{position=TopRight, radius=96, center=Point(984, 96)}, RoundedCorner{position=BottomRight, radius=96, center=Point(984, 2304)}, RoundedCorner{position=BottomLeft, radius=96, center=Point(96, 2304)}]}  mRoundedCornerFrame=Rect(0, 0 - 1080, 2400), mPrivacyIndicatorBounds=PrivacyIndicatorBounds {static bounds=Rect(948, 0 - 1080, 88) rotation=0}, mSources= { InsetsSource: {mType=ITYPE_STATUS_BAR, mFrame=[0,0][1080,88], mVisible=true, mInsetsRoundedCornerFrame=false}, InsetsSource: {mType=ITYPE_NAVIGATION_BAR, mFrame=[0,2256][1080,2400], mVisible=true, mInsetsRoundedCornerFrame=false}, InsetsSource: {mType=ITYPE_LEFT_GESTURES, mFrame=[0,0][0,2400], mVisible=true, mInsetsRoundedCornerFrame=false}, InsetsSource: {mType=ITYPE_RIGHT_GESTURES, mFrame=[1080,0][1080,2400], mVisible=true, mInsetsRoundedCornerFrame=false}, InsetsSource: {mType=ITYPE_TOP_MANDATORY_GESTURES, mFrame=[0,0][1080,124], mVisible=true, mInsetsRoundedCornerFrame=false}, InsetsSource: {mType=ITYPE_BOTTOM_MANDATORY_GESTURES, mFrame=[0,2256][1080,2400], mVisible=true, mInsetsRoundedCornerFrame=false}, InsetsSource: {mType=ITYPE_LEFT_DISPLAY_CUTOUT, mFrame=[0,0][-100000,2400], mVisible=true, mInsetsRoundedCornerFrame=false}, InsetsSource: {mType=ITYPE_TOP_DISPLAY_CUTOUT, mFrame=[0,0][1080,88], mVisible=true, mInsetsRoundedCornerFrame=false}, InsetsSource: {mType=ITYPE_RIGHT_DISPLAY_CUTOUT, mFrame=[100000,0][1080,2400], mVisible=true, mInsetsRoundedCornerFrame=false}, InsetsSource: {mType=ITYPE_BOTTOM_DISPLAY_CUTOUT, mFrame=[0,100000][1080,2400], mVisible=true, mInsetsRoundedCornerFrame=false}, InsetsSource: {mType=ITYPE_TOP_TAPPABLE_ELEMENT, mFrame=[0,0][1080,88], mVisible=true, mInsetsRoundedCornerFrame=false}, InsetsSource: {mType=ITYPE_BOTTOM_TAPPABLE_ELEMENT, mFrame=[0,2256][1080,2400], mVisible=true, mInsetsRoundedCornerFrame=false} } host=PopupWindow:4c6cf84 from=android.view.ViewRootImpl.setView:1732
04-06 10:45:47.185 28007 28007 I ViewRootImpl@ff8c36d[PopupWindow:4c6cf84]: setView = android.widget.PopupWindow$PopupDecorView@96b2969 TM=false
04-06 10:45:47.187 28007 28007 W RemoteInputConnectionImpl: requestCursorAnchorInfo on inactive InputConnection
04-06 10:45:47.189 28007 28007 I IMM_LC  : showSoftInput(View,I)
04-06 10:45:47.189 28007 28007 I IMM_LC  : ssi() - flag : 0 view : com.evolucao.app reason = SHOW_SOFT_INPUT
04-06 10:45:47.191 28007 28007 I ViewRootImpl@85bad4a[PopupWindow:72ff2b5]: performTraversals params={(112,1390)(90x108) gr=TOP START CENTER sim={state=unchanged adjust=pan} ty=APPLICATION_SUB_PANEL fmt=TRANSLUCENT wanim=0x1030313 surfaceInsets=Rect(0, 0 - 0, 0) (manual)
04-06 10:45:47.191 28007 28007 I ViewRootImpl@85bad4a[PopupWindow:72ff2b5]:   fl=41800208
04-06 10:45:47.191 28007 28007 I ViewRootImpl@85bad4a[PopupWindow:72ff2b5]:   pfl=2018000
04-06 10:45:47.191 28007 28007 I ViewRootImpl@85bad4a[PopupWindow:72ff2b5]:   bhv=DEFAULT
04-06 10:45:47.191 28007 28007 I ViewRootImpl@85bad4a[PopupWindow:72ff2b5]:   fitTypes=STATUS_BARS NAVIGATION_BARS CAPTION_BAR naviIconColor=0
04-06 10:45:47.191 28007 28007 I ViewRootImpl@85bad4a[PopupWindow:72ff2b5]:   sfl=20000}
04-06 10:45:47.192 28007 28007 I ViewRootImpl@85bad4a[PopupWindow:72ff2b5]: performTraversals mFirst=true windowShouldResize=true viewVisibilityChanged=false mForceNextWindowRelayout=false params={(112,1390)(90x108) gr=TOP START CENTER sim={state=unchanged adjust=pan} ty=APPLICATION_SUB_PANEL fmt=TRANSLUCENT wanim=0x1030313 surfaceInsets=Rect(0, 0 - 0, 0) (manual)
04-06 10:45:47.192 28007 28007 I ViewRootImpl@85bad4a[PopupWindow:72ff2b5]:   fl=41800208
04-06 10:45:47.192 28007 28007 I ViewRootImpl@85bad4a[PopupWindow:72ff2b5]:   pfl=42018000
04-06 10:45:47.192 28007 28007 I ViewRootImpl@85bad4a[PopupWindow:72ff2b5]:   bhv=DEFAULT
04-06 10:45:47.192 28007 28007 I ViewRootImpl@85bad4a[PopupWindow:72ff2b5]:   fitTypes=STATUS_BARS NAVIGATION_BARS CAPTION_BAR naviIconColor=0
04-06 10:45:47.192 28007 28007 I ViewRootImpl@85bad4a[PopupWindow:72ff2b5]:   sfl=20000}
04-06 10:45:47.197 28007 28022 I ViewRootImpl@85bad4a[PopupWindow:72ff2b5]: Resizing android.view.ViewRootImpl@dc9b197: frame = [112,1390][202,1498] reportDraw = true forceLayout = false syncSeqId = 0
04-06 10:45:47.200 28007 28007 I ViewRootImpl@85bad4a[PopupWindow:72ff2b5]: updateBlastSurfaceIfNeeded mBlastBufferQueue=null isSameSurfaceControl=false
04-06 10:45:47.201 28007 28007 I BLASTBufferQueue: new BLASTBufferQueue, mName= ViewRootImpl@85bad4a[PopupWindow:72ff2b5] mNativeObject= 0xb4000069f9eb3d80 sc.mNativeObject= 0xb4000069f9d558c0 caller= android.view.ViewRootImpl.updateBlastSurfaceIfNeeded:2909 android.view.ViewRootImpl.relayoutWindow:9847 android.view.ViewRootImpl.performTraversals:3884 android.view.ViewRootImpl.doTraversal:3116 android.view.ViewRootImpl$TraversalRunnable.run:10885 android.view.Choreographer$CallbackRecord.run:1301 android.view.Choreographer$CallbackRecord.run:1309 android.view.Choreographer.doCallbacks:923 android.view.Choreographer.doFrame:852 android.view.Choreographer$FrameDisplayEventReceiver.run:1283 
04-06 10:45:47.201 28007 28007 I BLASTBufferQueue: update, w= 90 h= 108 mName = ViewRootImpl@85bad4a[PopupWindow:72ff2b5] mNativeObject= 0xb4000069f9eb3d80 sc.mNativeObject= 0xb4000069f9d558c0 format= -3 caller= android.graphics.BLASTBufferQueue.<init>:84 android.view.ViewRootImpl.updateBlastSurfaceIfNeeded:2909 android.view.ViewRootImpl.relayoutWindow:9847 android.view.ViewRootImpl.performTraversals:3884 android.view.ViewRootImpl.doTraversal:3116 android.view.ViewRootImpl$TraversalRunnable.run:10885 
04-06 10:45:47.201 28007 28007 I ViewRootImpl@85bad4a[PopupWindow:72ff2b5]: Relayout returned: old=(112,1390,202,1498) new=(112,1390,202,1498) req=(90,108)0 dur=8 res=0x3 s={true 0xb4000070a0e77000} ch=true seqId=0
04-06 10:45:47.202 28007 28007 I ViewRootImpl@85bad4a[PopupWindow:72ff2b5]: mThreadedRenderer.initialize() mSurface={isValid=true 0xb4000070a0e77000} hwInitialized=true
04-06 10:45:47.202 28007 28061 D OpenGLRenderer: eglCreateWindowSurface
04-06 10:45:47.203 28007 28007 I ViewRootImpl@85bad4a[PopupWindow:72ff2b5]: reportNextDraw android.view.ViewRootImpl.performTraversals:4438 android.view.ViewRootImpl.doTraversal:3116 android.view.ViewRootImpl$TraversalRunnable.run:10885 android.view.Choreographer$CallbackRecord.run:1301 android.view.Choreographer$CallbackRecord.run:1309 
04-06 10:45:47.203 28007 28007 I ViewRootImpl@85bad4a[PopupWindow:72ff2b5]: Setup new sync id=0
04-06 10:45:47.203 28007 28007 I ViewRootImpl@85bad4a[PopupWindow:72ff2b5]: Setting syncFrameCallback
04-06 10:45:47.203 28007 28007 I ViewRootImpl@85bad4a[PopupWindow:72ff2b5]: registerCallbacksForSync syncBuffer=false
04-06 10:45:47.204 28007 28081 I ViewRootImpl@85bad4a[PopupWindow:72ff2b5]: Received frameDrawingCallback syncResult=0 frameNum=1.
04-06 10:45:47.204 28007 28081 I ViewRootImpl@85bad4a[PopupWindow:72ff2b5]: Setting up sync and frameCommitCallback
04-06 10:45:47.205 28007 28061 I BLASTBufferQueue: [ViewRootImpl@85bad4a[PopupWindow:72ff2b5]#4](f:0,a:0) onFrameAvailable the first frame is available
04-06 10:45:47.205 28007 28061 I ViewRootImpl@85bad4a[PopupWindow:72ff2b5]: Received frameCommittedCallback lastAttemptedDrawFrameNum=1 didProduceBuffer=true
04-06 10:45:47.205 28007 28061 D OpenGLRenderer: CFMS:: SetUp Pid : 28007    Tid : 28061
04-06 10:45:47.205 28007 28061 W Parcel  : Expecting binder but got null!
04-06 10:45:47.205 28007 28007 I ViewRootImpl@85bad4a[PopupWindow:72ff2b5]: onSyncComplete
04-06 10:45:47.206 28007 28007 I ViewRootImpl@85bad4a[PopupWindow:72ff2b5]: setupSync seqId=0 mSyncId=0 fn=1 caller=android.view.ViewRootImpl$$ExternalSyntheticLambda11.accept:6 android.window.SurfaceSyncer.lambda$setupSync$1$android-window-SurfaceSyncer:128 android.window.SurfaceSyncer$$ExternalSyntheticLambda1.accept:8 android.window.SurfaceSyncer$SyncSet.checkIfSyncIsComplete:382 android.window.SurfaceSyncer$SyncSet.markSyncReady:359 android.window.SurfaceSyncer.markSyncReady:151 android.view.ViewRootImpl.performTraversals:4503 
04-06 10:45:47.207 28007 28007 I ViewRootImpl@ff8c36d[PopupWindow:4c6cf84]: performTraversals params={(112,1296)(90x94) gr=TOP START CENTER sim={state=unchanged adjust=pan} ty=APPLICATION_SUB_PANEL fmt=TRANSLUCENT wanim=0x1030313 surfaceInsets=Rect(0, 0 - 0, 0) (manual)
04-06 10:45:47.207 28007 28007 I ViewRootImpl@ff8c36d[PopupWindow:4c6cf84]:   fl=41800218
04-06 10:45:47.207 28007 28007 I ViewRootImpl@ff8c36d[PopupWindow:4c6cf84]:   pfl=2018000
04-06 10:45:47.207 28007 28007 I ViewRootImpl@ff8c36d[PopupWindow:4c6cf84]:   bhv=DEFAULT
04-06 10:45:47.207 28007 28007 I ViewRootImpl@ff8c36d[PopupWindow:4c6cf84]:   fitTypes=STATUS_BARS NAVIGATION_BARS CAPTION_BAR naviIconColor=0
04-06 10:45:47.207 28007 28007 I ViewRootImpl@ff8c36d[PopupWindow:4c6cf84]:   sfl=20000}
04-06 10:45:47.208 28007 28007 I ViewRootImpl@ff8c36d[PopupWindow:4c6cf84]: performTraversals mFirst=true windowShouldResize=true viewVisibilityChanged=false mForceNextWindowRelayout=false params={(112,1296)(90x94) gr=TOP START CENTER sim={state=unchanged adjust=pan} ty=APPLICATION_SUB_PANEL fmt=TRANSLUCENT wanim=0x1030313 surfaceInsets=Rect(0, 0 - 0, 0) (manual)
04-06 10:45:47.208 28007 28007 I ViewRootImpl@ff8c36d[PopupWindow:4c6cf84]:   fl=41800218
04-06 10:45:47.208 28007 28007 I ViewRootImpl@ff8c36d[PopupWindow:4c6cf84]:   pfl=42018000
04-06 10:45:47.208 28007 28007 I ViewRootImpl@ff8c36d[PopupWindow:4c6cf84]:   bhv=DEFAULT
04-06 10:45:47.208 28007 28007 I ViewRootImpl@ff8c36d[PopupWindow:4c6cf84]:   fitTypes=STATUS_BARS NAVIGATION_BARS CAPTION_BAR naviIconColor=0
04-06 10:45:47.208 28007 28007 I ViewRootImpl@ff8c36d[PopupWindow:4c6cf84]:   sfl=20000}
04-06 10:45:47.211 28007 28022 I ViewRootImpl@ff8c36d[PopupWindow:4c6cf84]: Resizing android.view.ViewRootImpl@974cfee: frame = [112,1296][202,1390] reportDraw = true forceLayout = false syncSeqId = 0
04-06 10:45:47.212 28007 28007 I ViewRootImpl@ff8c36d[PopupWindow:4c6cf84]: updateBlastSurfaceIfNeeded mBlastBufferQueue=null isSameSurfaceControl=false
04-06 10:45:47.212 28007 28007 I BLASTBufferQueue: new BLASTBufferQueue, mName= ViewRootImpl@ff8c36d[PopupWindow:4c6cf84] mNativeObject= 0xb4000069f9eb4100 sc.mNativeObject= 0xb4000069f9d55b40 caller= android.view.ViewRootImpl.updateBlastSurfaceIfNeeded:2909 android.view.ViewRootImpl.relayoutWindow:9847 android.view.ViewRootImpl.performTraversals:3884 android.view.ViewRootImpl.doTraversal:3116 android.view.ViewRootImpl$TraversalRunnable.run:10885 android.view.Choreographer$CallbackRecord.run:1301 android.view.Choreographer$CallbackRecord.run:1309 android.view.Choreographer.doCallbacks:923 android.view.Choreographer.doFrame:852 android.view.Choreographer$FrameDisplayEventReceiver.run:1283 
04-06 10:45:47.212 28007 28007 I BLASTBufferQueue: update, w= 90 h= 94 mName = ViewRootImpl@ff8c36d[PopupWindow:4c6cf84] mNativeObject= 0xb4000069f9eb4100 sc.mNativeObject= 0xb4000069f9d55b40 format= -3 caller= android.graphics.BLASTBufferQueue.<init>:84 android.view.ViewRootImpl.updateBlastSurfaceIfNeeded:2909 android.view.ViewRootImpl.relayoutWindow:9847 android.view.ViewRootImpl.performTraversals:3884 android.view.ViewRootImpl.doTraversal:3116 android.view.ViewRootImpl$TraversalRunnable.run:10885 
04-06 10:45:47.213 28007 28007 I ViewRootImpl@ff8c36d[PopupWindow:4c6cf84]: Relayout returned: old=(112,1296,202,1390) new=(112,1296,202,1390) req=(90,94)0 dur=4 res=0x3 s={true 0xb4000070a0e74800} ch=true seqId=0
04-06 10:45:47.213 28007 28007 I ViewRootImpl@ff8c36d[PopupWindow:4c6cf84]: mThreadedRenderer.initialize() mSurface={isValid=true 0xb4000070a0e74800} hwInitialized=true
04-06 10:45:47.213 28007 28061 D OpenGLRenderer: eglCreateWindowSurface
04-06 10:45:47.214 28007 28007 I ViewRootImpl@ff8c36d[PopupWindow:4c6cf84]: reportNextDraw android.view.ViewRootImpl.performTraversals:4438 android.view.ViewRootImpl.doTraversal:3116 android.view.ViewRootImpl$TraversalRunnable.run:10885 android.view.Choreographer$CallbackRecord.run:1301 android.view.Choreographer$CallbackRecord.run:1309 
04-06 10:45:47.214 28007 28007 I ViewRootImpl@ff8c36d[PopupWindow:4c6cf84]: Setup new sync id=0
04-06 10:45:47.214 28007 28007 I ViewRootImpl@ff8c36d[PopupWindow:4c6cf84]: Setting syncFrameCallback
04-06 10:45:47.214 28007 28007 I ViewRootImpl@ff8c36d[PopupWindow:4c6cf84]: registerCallbacksForSync syncBuffer=false
04-06 10:45:47.215 28007 28082 I ViewRootImpl@ff8c36d[PopupWindow:4c6cf84]: Received frameDrawingCallback syncResult=0 frameNum=1.
04-06 10:45:47.215 28007 28082 I ViewRootImpl@ff8c36d[PopupWindow:4c6cf84]: Setting up sync and frameCommitCallback
04-06 10:45:47.215 28007 28061 I BLASTBufferQueue: [ViewRootImpl@ff8c36d[PopupWindow:4c6cf84]#5](f:0,a:0) onFrameAvailable the first frame is available
04-06 10:45:47.215 28007 28061 I ViewRootImpl@ff8c36d[PopupWindow:4c6cf84]: Received frameCommittedCallback lastAttemptedDrawFrameNum=1 didProduceBuffer=true
04-06 10:45:47.216 28007 28061 D OpenGLRenderer: CFMS:: SetUp Pid : 28007    Tid : 28061
04-06 10:45:47.216 28007 28061 W Parcel  : Expecting binder but got null!
04-06 10:45:47.216 28007 28007 I ViewRootImpl@ff8c36d[PopupWindow:4c6cf84]: onSyncComplete
04-06 10:45:47.216 28007 28007 I ViewRootImpl@ff8c36d[PopupWindow:4c6cf84]: setupSync seqId=0 mSyncId=0 fn=1 caller=android.view.ViewRootImpl$$ExternalSyntheticLambda11.accept:6 android.window.SurfaceSyncer.lambda$setupSync$1$android-window-SurfaceSyncer:128 android.window.SurfaceSyncer$$ExternalSyntheticLambda1.accept:8 android.window.SurfaceSyncer$SyncSet.checkIfSyncIsComplete:382 android.window.SurfaceSyncer$SyncSet.markSyncReady:359 android.window.SurfaceSyncer.markSyncReady:151 android.view.ViewRootImpl.performTraversals:4503 
04-06 10:45:47.216 28007 28007 I ViewRootImpl@ff8c36d[PopupWindow:4c6cf84]: reportDrawFinished seqId=0 mSyncId=-1 fn=1 mSurfaceChangedTransaction=0xb4000070a0d8c000
04-06 10:45:47.217 28007 28007 I ViewRootImpl@85bad4a[PopupWindow:72ff2b5]: reportDrawFinished seqId=0 mSyncId=-1 fn=1 mSurfaceChangedTransaction=0xb4000070b06b5500
04-06 10:45:47.218 28007 28007 I ViewRootImpl@85bad4a[PopupWindow:72ff2b5]: handleResized, msg = 5 frames=ClientWindowFrames{frame=[112,1390][202,1498] display=[-100000,-100000][100000,100000] parentFrame=[0,0][0,0] parentClippedByDisplayCutout=false} forceNextWindowRelayout=false displayId=0 resizeMode=-1 frameChanged=false displayFrameChanged=false configChanged=false displayChanged=false
04-06 10:45:47.218 28007 28007 I ViewRootImpl@85bad4a[PopupWindow:72ff2b5]: handleResized mSyncSeqId = 0
04-06 10:45:47.218 28007 28007 I ViewRootImpl@85bad4a[PopupWindow:72ff2b5]: reportNextDraw android.view.ViewRootImpl.handleResized:2450 android.view.ViewRootImpl.-$$Nest$mhandleResized:0 android.view.ViewRootImpl$ViewRootHandler.handleMessageImpl:6728 android.view.ViewRootImpl$ViewRootHandler.handleMessage:6697 android.os.Handler.dispatchMessage:106 
04-06 10:45:47.219 28007 28007 I ViewRootImpl@85bad4a[PopupWindow:72ff2b5]: Setup new sync id=1
04-06 10:45:47.219 28007 28007 I ViewRootImpl@85bad4a[PopupWindow:72ff2b5]: Setting syncFrameCallback
04-06 10:45:47.219 28007 28007 I ViewRootImpl@85bad4a[PopupWindow:72ff2b5]: registerCallbacksForSync syncBuffer=false
04-06 10:45:47.221 28007 28081 I ViewRootImpl@85bad4a[PopupWindow:72ff2b5]: Received frameDrawingCallback syncResult=0 frameNum=2.
04-06 10:45:47.221 28007 28081 I ViewRootImpl@85bad4a[PopupWindow:72ff2b5]: Setting up sync and frameCommitCallback
04-06 10:45:47.222 28007 28061 I ViewRootImpl@85bad4a[PopupWindow:72ff2b5]: Received frameCommittedCallback lastAttemptedDrawFrameNum=2 didProduceBuffer=true
04-06 10:45:47.223 28007 28007 I ViewRootImpl@85bad4a[PopupWindow:72ff2b5]: onSyncComplete
04-06 10:45:47.224 28007 28007 I ViewRootImpl@85bad4a[PopupWindow:72ff2b5]: setupSync seqId=0 mSyncId=1 fn=2 caller=android.view.ViewRootImpl$$ExternalSyntheticLambda11.accept:6 android.window.SurfaceSyncer.lambda$setupSync$1$android-window-SurfaceSyncer:128 android.window.SurfaceSyncer$$ExternalSyntheticLambda1.accept:8 android.window.SurfaceSyncer$SyncSet.checkIfSyncIsComplete:382 android.window.SurfaceSyncer$SyncSet.markSyncReady:359 android.window.SurfaceSyncer.markSyncReady:151 android.view.ViewRootImpl.performTraversals:4503 
04-06 10:45:47.224 28007 28007 I ViewRootImpl@85bad4a[PopupWindow:72ff2b5]: reportDrawFinished seqId=0 mSyncId=-1 fn=2 mSurfaceChangedTransaction=0xb4000070b06b5500
04-06 10:45:47.224 28007 28007 I ViewRootImpl@ff8c36d[PopupWindow:4c6cf84]: handleResized, msg = 5 frames=ClientWindowFrames{frame=[112,1296][202,1390] display=[-100000,-100000][100000,100000] parentFrame=[0,0][0,0] parentClippedByDisplayCutout=false} forceNextWindowRelayout=false displayId=0 resizeMode=-1 frameChanged=false displayFrameChanged=false configChanged=false displayChanged=false
04-06 10:45:47.224 28007 28007 I ViewRootImpl@ff8c36d[PopupWindow:4c6cf84]: handleResized mSyncSeqId = 0
04-06 10:45:47.224 28007 28007 I ViewRootImpl@ff8c36d[PopupWindow:4c6cf84]: reportNextDraw android.view.ViewRootImpl.handleResized:2450 android.view.ViewRootImpl.-$$Nest$mhandleResized:0 android.view.ViewRootImpl$ViewRootHandler.handleMessageImpl:6728 android.view.ViewRootImpl$ViewRootHandler.handleMessage:6697 android.os.Handler.dispatchMessage:106 
04-06 10:45:47.234 28007 28007 I ViewRootImpl@ff8c36d[PopupWindow:4c6cf84]: Setup new sync id=1
04-06 10:45:47.234 28007 28007 I ViewRootImpl@ff8c36d[PopupWindow:4c6cf84]: Setting syncFrameCallback
04-06 10:45:47.234 28007 28007 I ViewRootImpl@ff8c36d[PopupWindow:4c6cf84]: registerCallbacksForSync syncBuffer=false
04-06 10:45:47.234 28007 28082 I ViewRootImpl@ff8c36d[PopupWindow:4c6cf84]: Received frameDrawingCallback syncResult=0 frameNum=2.
04-06 10:45:47.234 28007 28082 I ViewRootImpl@ff8c36d[PopupWindow:4c6cf84]: Setting up sync and frameCommitCallback
04-06 10:45:47.235 28007 28061 I ViewRootImpl@ff8c36d[PopupWindow:4c6cf84]: Received frameCommittedCallback lastAttemptedDrawFrameNum=2 didProduceBuffer=true
04-06 10:45:47.235 28007 28007 I ViewRootImpl@ff8c36d[PopupWindow:4c6cf84]: onSyncComplete
04-06 10:45:47.235 28007 28007 I ViewRootImpl@ff8c36d[PopupWindow:4c6cf84]: setupSync seqId=0 mSyncId=1 fn=2 caller=android.view.ViewRootImpl$$ExternalSyntheticLambda11.accept:6 android.window.SurfaceSyncer.lambda$setupSync$1$android-window-SurfaceSyncer:128 android.window.SurfaceSyncer$$ExternalSyntheticLambda1.accept:8 android.window.SurfaceSyncer$SyncSet.checkIfSyncIsComplete:382 android.window.SurfaceSyncer$SyncSet.markSyncReady:359 android.window.SurfaceSyncer.markSyncReady:151 android.view.ViewRootImpl.performTraversals:4503 
04-06 10:45:47.236 28007 28007 I ViewRootImpl@ff8c36d[PopupWindow:4c6cf84]: reportDrawFinished seqId=0 mSyncId=-1 fn=2 mSurfaceChangedTransaction=0xb4000070a0d8c000
04-06 10:45:47.236 28007 28007 W OnBackInvokedCallback: OnBackInvokedCallback is not enabled for the application.
04-06 10:45:47.236 28007 28007 W OnBackInvokedCallback: Set 'android:enableOnBackInvokedCallback="true"' in the application manifest.
04-06 10:45:47.237 28007 28007 D InsetsController: show(ime(), fromIme=true)
04-06 10:45:47.238 28007 28007 D InsetsController: show(ime(), fromIme=true)
04-06 10:45:47.248 28007 28007 D InsetsController: show(ime(), fromIme=true)
04-06 10:45:47.612 28007 28042 I DetoxWSClient: Sending out action 'invokeResult' (ID #8)
04-06 10:45:47.613 28007 28042 I DetoxDispatcher: Done with action 'invoke'
04-06 10:45:47.618 28007 28046 D DetoxWSClient: Received action 'invoke' (ID #9, params={"target":{"type":"Class","value":"com.wix.detox.espresso.EspressoDetox"},"method":"perform","args":[{"type":"Invocation","value":{"target":{"type":"Class","value":"com.wix.detox.espresso.DetoxMatcher"},"method":"matcherForTestId","args":["input-peso-meta",{"type":"boolean","value":false}]}},{"type":"Invocation","value":{"target":{"type":"Class","value":"androidx.test.espresso.action.ViewActions"},"method":"clearText","args":[]}}]})
04-06 10:45:47.619 28007 28042 I DetoxDispatcher: Handling action 'invoke' (ID #9)...
04-06 10:45:47.619 28007 28042 D Detox   : class com.wix.detox.espresso.DetoxMatcher, matcherForTestId, [input-peso-meta, false]
04-06 10:45:47.620 28007 28042 D Detox   : class androidx.test.espresso.action.ViewActions, clearText, []
04-06 10:45:47.620 28007 28042 D Detox   : class com.wix.detox.espresso.EspressoDetox, perform, [(view.getTag() is "input-peso-meta" and view has effective visibility <VISIBLE>), androidx.test.espresso.action.ReplaceTextAction@2e42e87]
04-06 10:45:47.626 28007 28007 I ViewInteraction: Performing 'replace text()' action on view (view.getTag() is "input-peso-meta" and view has effective visibility <VISIBLE>)
04-06 10:45:47.637 28007 28042 I DetoxWSClient: Sending out action 'invokeResult' (ID #9)
04-06 10:45:47.638 28007 28042 I DetoxDispatcher: Done with action 'invoke'
04-06 10:45:47.645 28007 28046 D DetoxWSClient: Received action 'invoke' (ID #10, params={"target":{"type":"Class","value":"com.wix.detox.espresso.EspressoDetox"},"method":"perform","args":[{"type":"Invocation","value":{"target":{"type":"Class","value":"com.wix.detox.espresso.DetoxMatcher"},"method":"matcherForTestId","args":["input-peso-meta",{"type":"boolean","value":false}]}},{"type":"Invocation","value":{"target":{"type":"Class","value":"androidx.test.espresso.action.ViewActions"},"method":"replaceText","args":["77"]}}]})
04-06 10:45:47.645 28007 28042 I DetoxDispatcher: Handling action 'invoke' (ID #10)...
04-06 10:45:47.645 28007 28042 D Detox   : class com.wix.detox.espresso.DetoxMatcher, matcherForTestId, [input-peso-meta, false]
04-06 10:45:47.646 28007 28042 D Detox   : class androidx.test.espresso.action.ViewActions, replaceText, [77]
04-06 10:45:47.646 28007 28042 D Detox   : class com.wix.detox.espresso.EspressoDetox, perform, [(view.getTag() is "input-peso-meta" and view has effective visibility <VISIBLE>), androidx.test.espresso.action.ReplaceTextAction@53398aa]
04-06 10:45:47.646 28007 28007 D InputMethodManager: startInputInner - Id : 0
04-06 10:45:47.647 28007 28007 I InputMethodManager: startInputInner - mService.startInputOrWindowGainedFocus
04-06 10:45:47.673 28007 28007 D InsetsController: show(ime(), fromIme=true)
04-06 10:45:47.688 28007 28007 D InputMethodManager: startInputInner - Id : 0
04-06 10:45:47.689 28007 28007 I InputMethodManager: startInputInner - mService.startInputOrWindowGainedFocus
04-06 10:45:47.693 28007 28007 I ViewInteraction: Performing 'replace text(77)' action on view (view.getTag() is "input-peso-meta" and view has effective visibility <VISIBLE>)
04-06 10:45:47.697 28007 28042 I DetoxWSClient: Sending out action 'invokeResult' (ID #10)
04-06 10:45:47.698 28007 28042 I DetoxDispatcher: Done with action 'invoke'
04-06 10:45:47.703 28007 28007 D InputMethodManager: startInputInner - Id : 0
04-06 10:45:47.703 28007 28007 I InputMethodManager: startInputInner - mService.startInputOrWindowGainedFocus
04-06 10:45:47.705 28007 28046 D DetoxWSClient: Received action 'invoke' (ID #11, params={"target":{"type":"Class","value":"com.wix.detox.espresso.DetoxAssertion"},"method":"assertMatcher","args":[{"type":"Invocation","value":{"target":{"type":"Class","value":"androidx.test.espresso.Espresso"},"method":"onView","args":[{"type":"Invocation","value":{"target":{"type":"Class","value":"com.wix.detox.espresso.DetoxMatcher"},"method":"matcherForTestId","args":["input-peso-meta",{"type":"boolean","value":false}]}}]}},{"type":"Invocation","value":{"target":{"type":"Class","value":"com.wix.detox.espresso.DetoxMatcher"},"method":"matcherForText","args":["77",{"type":"boolean","value":false}]}}]})
04-06 10:45:47.705 28007 28042 I DetoxDispatcher: Handling action 'invoke' (ID #11)...
04-06 10:45:47.705 28007 28042 D Detox   : class com.wix.detox.espresso.DetoxMatcher, matcherForTestId, [input-peso-meta, false]
04-06 10:45:47.706 28007 28042 D Detox   : class androidx.test.espresso.Espresso, onView, [(view.getTag() is "input-peso-meta" and view has effective visibility <VISIBLE>)]
04-06 10:45:47.706 28007 28042 D Detox   : class com.wix.detox.espresso.DetoxMatcher, matcherForText, [77, false]
04-06 10:45:47.707 28007 28042 D Detox   : class com.wix.detox.espresso.DetoxAssertion, assertMatcher, [androidx.test.espresso.ViewInteraction@8161db9, (an instance of android.widget.TextView and view.getText() with or without transformation to match: is "77" and view has effective visibility <VISIBLE>)]
04-06 10:45:47.715 28007 28007 D InsetsController: show(ime(), fromIme=true)
04-06 10:45:47.740 28007 28007 D InsetsController: show(ime(), fromIme=true)
04-06 10:45:47.742 28007 28007 I ViewInteraction: Checking 'MatchesViewAssertion(Detox){viewMatcher=(an instance of android.widget.TextView and view.getText() with or without transformation to match: is "77" and view has effective visibility <VISIBLE>)}' assertion on view (view.getTag() is "input-peso-meta" and view has effective visibility <VISIBLE>)
04-06 10:45:47.744 28007 28042 I DetoxWSClient: Sending out action 'invokeResult' (ID #11)
04-06 10:45:47.745 28007 28042 I DetoxDispatcher: Done with action 'invoke'
04-06 10:45:47.747 28007 28061 D OpenGLRenderer: setSurface called with nullptr
04-06 10:45:47.747 28007 28061 D OpenGLRenderer: setSurface() destroyed EGLSurface
04-06 10:45:47.747 28007 28061 D OpenGLRenderer: destroyEglSurface
04-06 10:45:47.748 28007 28046 D DetoxWSClient: Received action 'invoke' (ID #12, params={"target":{"type":"Class","value":"com.wix.detox.espresso.EspressoDetox"},"method":"perform","args":[{"type":"Invocation","value":{"target":{"type":"Class","value":"com.wix.detox.espresso.DetoxMatcher"},"method":"matcherForTestId","args":["input-altura",{"type":"boolean","value":false}]}},{"type":"Invocation","value":{"target":{"type":"Class","value":"com.wix.detox.espresso.DetoxViewActions"},"method":"click","args":[]}}]})
04-06 10:45:47.748 28007 28007 I ViewRootImpl@85bad4a[PopupWindow:72ff2b5]: dispatchDetachedFromWindow
04-06 10:45:47.748 28007 28042 I DetoxDispatcher: Handling action 'invoke' (ID #12)...
04-06 10:45:47.748 28007 28042 D Detox   : class com.wix.detox.espresso.DetoxMatcher, matcherForTestId, [input-altura, false]
04-06 10:45:47.749 28007 28042 D Detox   : class com.wix.detox.espresso.DetoxViewActions, click, []
04-06 10:45:47.749 28007 28042 D Detox   : class com.wix.detox.espresso.EspressoDetox, perform, [(view.getTag() is "input-altura" and view has effective visibility <VISIBLE>), com.wix.detox.espresso.action.RNClickAction@c9ce729]
04-06 10:45:47.751 28007 28007 D InputTransport: Input channel destroyed: 'b939d61', fd=156
04-06 10:45:47.752 28007 28061 D OpenGLRenderer: setSurface called with nullptr
04-06 10:45:47.752 28007 28061 D OpenGLRenderer: setSurface() destroyed EGLSurface
04-06 10:45:47.752 28007 28061 D OpenGLRenderer: destroyEglSurface
04-06 10:45:47.753 28007 28007 I ViewRootImpl@ff8c36d[PopupWindow:4c6cf84]: dispatchDetachedFromWindow
04-06 10:45:47.756 28007 28007 D InputTransport: Input channel destroyed: '48bae9d', fd=159
04-06 10:45:47.759 28007 28007 I ViewInteraction: Performing 'com.wix.detox.espresso.action.detoxsingletap@ff31aae click' action on view (view.getTag() is "input-altura" and view has effective visibility <VISIBLE>)
04-06 10:45:47.798 28007 28007 I ViewRootImpl@914008f[MainActivity]: ViewPostIme key 0
04-06 10:45:47.818 28007 28007 I ViewRootImpl@914008f[MainActivity]: ViewPostIme key 1
04-06 10:45:48.229 28007 28042 I DetoxWSClient: Sending out action 'invokeResult' (ID #12)
04-06 10:45:48.229 28007 28042 I DetoxDispatcher: Done with action 'invoke'
04-06 10:45:48.235 28007 28046 D DetoxWSClient: Received action 'invoke' (ID #13, params={"target":{"type":"Class","value":"com.wix.detox.espresso.EspressoDetox"},"method":"perform","args":[{"type":"Invocation","value":{"target":{"type":"Class","value":"com.wix.detox.espresso.DetoxMatcher"},"method":"matcherForTestId","args":["input-altura",{"type":"boolean","value":false}]}},{"type":"Invocation","value":{"target":{"type":"Class","value":"androidx.test.espresso.action.ViewActions"},"method":"clearText","args":[]}}]})
04-06 10:45:48.235 28007 28042 I DetoxDispatcher: Handling action 'invoke' (ID #13)...
04-06 10:45:48.236 28007 28042 D Detox   : class com.wix.detox.espresso.DetoxMatcher, matcherForTestId, [input-altura, false]
04-06 10:45:48.236 28007 28042 D Detox   : class androidx.test.espresso.action.ViewActions, clearText, []
04-06 10:45:48.237 28007 28042 D Detox   : class com.wix.detox.espresso.EspressoDetox, perform, [(view.getTag() is "input-altura" and view has effective visibility <VISIBLE>), androidx.test.espresso.action.ReplaceTextAction@f0411c2]
04-06 10:45:48.243 28007 28007 I ViewInteraction: Performing 'replace text()' action on view (view.getTag() is "input-altura" and view has effective visibility <VISIBLE>)
04-06 10:45:48.254 28007 28042 I DetoxWSClient: Sending out action 'invokeResult' (ID #13)
04-06 10:45:48.254 28007 28042 I DetoxDispatcher: Done with action 'invoke'
04-06 10:45:48.264 28007 28046 D DetoxWSClient: Received action 'invoke' (ID #14, params={"target":{"type":"Class","value":"com.wix.detox.espresso.EspressoDetox"},"method":"perform","args":[{"type":"Invocation","value":{"target":{"type":"Class","value":"com.wix.detox.espresso.DetoxMatcher"},"method":"matcherForTestId","args":["input-altura",{"type":"boolean","value":false}]}},{"type":"Invocation","value":{"target":{"type":"Class","value":"androidx.test.espresso.action.ViewActions"},"method":"replaceText","args":["178"]}}]})
04-06 10:45:48.265 28007 28042 I DetoxDispatcher: Handling action 'invoke' (ID #14)...
04-06 10:45:48.265 28007 28042 D Detox   : class com.wix.detox.espresso.DetoxMatcher, matcherForTestId, [input-altura, false]
04-06 10:45:48.265 28007 28042 D Detox   : class androidx.test.espresso.action.ViewActions, replaceText, [178]
04-06 10:45:48.265 28007 28042 D Detox   : class com.wix.detox.espresso.EspressoDetox, perform, [(view.getTag() is "input-altura" and view has effective visibility <VISIBLE>), androidx.test.espresso.action.ReplaceTextAction@84d6ad4]
04-06 10:45:48.281 28007 28007 I ViewInteraction: Performing 'replace text(178)' action on view (view.getTag() is "input-altura" and view has effective visibility <VISIBLE>)
04-06 10:45:48.285 28007 28042 I DetoxWSClient: Sending out action 'invokeResult' (ID #14)
04-06 10:45:48.285 28007 28042 I DetoxDispatcher: Done with action 'invoke'
04-06 10:45:48.289 28007 28046 D DetoxWSClient: Received action 'invoke' (ID #15, params={"target":{"type":"Class","value":"com.wix.detox.espresso.DetoxAssertion"},"method":"assertMatcher","args":[{"type":"Invocation","value":{"target":{"type":"Class","value":"androidx.test.espresso.Espresso"},"method":"onView","args":[{"type":"Invocation","value":{"target":{"type":"Class","value":"com.wix.detox.espresso.DetoxMatcher"},"method":"matcherForTestId","args":["input-altura",{"type":"boolean","value":false}]}}]}},{"type":"Invocation","value":{"target":{"type":"Class","value":"com.wix.detox.espresso.DetoxMatcher"},"method":"matcherForText","args":["178",{"type":"boolean","value":false}]}}]})
04-06 10:45:48.289 28007 28042 I DetoxDispatcher: Handling action 'invoke' (ID #15)...
04-06 10:45:48.289 28007 28042 D Detox   : class com.wix.detox.espresso.DetoxMatcher, matcherForTestId, [input-altura, false]
04-06 10:45:48.289 28007 28042 D Detox   : class androidx.test.espresso.Espresso, onView, [(view.getTag() is "input-altura" and view has effective visibility <VISIBLE>)]
04-06 10:45:48.290 28007 28042 D Detox   : class com.wix.detox.espresso.DetoxMatcher, matcherForText, [178, false]
04-06 10:45:48.290 28007 28042 D Detox   : class com.wix.detox.espresso.DetoxAssertion, assertMatcher, [androidx.test.espresso.ViewInteraction@31a256e, (an instance of android.widget.TextView and view.getText() with or without transformation to match: is "178" and view has effective visibility <VISIBLE>)]
04-06 10:45:48.333 28007 28007 I ViewInteraction: Checking 'MatchesViewAssertion(Detox){viewMatcher=(an instance of android.widget.TextView and view.getText() with or without transformation to match: is "178" and view has effective visibility <VISIBLE>)}' assertion on view (view.getTag() is "input-altura" and view has effective visibility <VISIBLE>)
04-06 10:45:48.337 28007 28042 I DetoxWSClient: Sending out action 'invokeResult' (ID #15)
04-06 10:45:48.337 28007 28042 I DetoxDispatcher: Done with action 'invoke'
04-06 10:45:48.342 28007 28046 D DetoxWSClient: Received action 'invoke' (ID #16, params={"target":{"type":"Invocation","value":{"target":{"type":"Class","value":"com.wix.detox.uiautomator.UiAutomator"},"method":"uiDevice","args":[]}},"method":"pressBack","args":[]})
04-06 10:45:48.342 28007 28042 I DetoxDispatcher: Handling action 'invoke' (ID #16)...
04-06 10:45:48.342 28007 28042 D Detox   : class com.wix.detox.uiautomator.UiAutomator, uiDevice, []
04-06 10:45:48.345 28007 28042 I UiDevice: Creating a new instance, old instance exists: false
04-06 10:45:48.353 28007 28018 D InputTransport: Input channel destroyed: 'ClientS', fd=215
04-06 10:45:48.353 28007 28018 D InputTransport: Input channel destroyed: 'ClientS', fd=192
04-06 10:45:48.353 28007 28018 D InputTransport: Input channel destroyed: 'ClientS', fd=188
04-06 10:45:48.354 28007 28061 D OpenGLRenderer: setSurface called with nullptr
04-06 10:45:48.354 28007 28061 D OpenGLRenderer: setSurface called with nullptr
04-06 10:45:48.354 28007 28018 D InputTransport: Input channel destroyed: 'ClientS', fd=106
04-06 10:45:48.354 28007 28018 D InputTransport: Input channel destroyed: 'ClientS', fd=113
04-06 10:45:48.354 28007 28018 D InputTransport: Input channel destroyed: 'ClientS', fd=172
04-06 10:45:48.354 28007 28018 D InputTransport: Input channel destroyed: 'ClientS', fd=171
04-06 10:45:48.355 28007 28061 D OpenGLRenderer: setSurface called with nullptr
04-06 10:45:48.355 28007 28061 D OpenGLRenderer: setSurface called with nullptr
04-06 10:45:48.355 28007 28018 D InputTransport: Input channel destroyed: 'ClientS', fd=162
04-06 10:45:48.356 28007 28042 D UiDevice: Setting accessibility service flags: 65618
04-06 10:45:48.996 28007 28042 D UiDevice: Pressing back button.
04-06 10:45:49.035 28007 28007 I ViewRootImpl@914008f[MainActivity]: The input has been finished in ImeInputStage.
04-06 10:45:49.056 28007 28007 I ViewRootImpl@914008f[MainActivity]: The input has been finished in ImeInputStage.
04-06 10:45:49.064 28007 28007 D InsetsController: controlAnimationUnchecked: Added types=8 animType=1 host=com.evolucao.app/com.evolucao.app.MainActivity from=android.view.InsetsController.applyAnimation:1576 android.view.InsetsController.applyAnimation:1557 android.view.InsetsController.hide:1093 
04-06 10:45:49.065 28007 28007 D InsetsSourceConsumer: setRequestedVisible: visible=false, type=19, host=com.evolucao.app/com.evolucao.app.MainActivity, from=android.view.InsetsSourceConsumer.hide:257 android.view.ImeInsetsSourceConsumer.hide:88 android.view.ImeInsetsSourceConsumer.hide:94 android.view.InsetsController.hideDirectly:1593 android.view.InsetsController.controlAnimationUnchecked:1234 android.view.InsetsController.applyAnimation:1576 android.view.InsetsController.applyAnimation:1557 android.view.InsetsController.hide:1093 android.view.ViewRootImpl$ViewRootHandler.handleMessageImpl:6765 android.view.ViewRootImpl$ViewRootHandler.handleMessage:6697 
04-06 10:45:49.078 28007 28042 I DetoxWSClient: Sending out action 'invokeResult' (ID #16)
