04-06 13:17:03.628  3489  3489 I ViewRootImpl@f832caa[PopupWindow:8125395]:   fl=41800008
04-06 13:17:03.628  3489  3489 I ViewRootImpl@f832caa[PopupWindow:8125395]:   pfl=42018000
04-06 13:17:03.628  3489  3489 I ViewRootImpl@f832caa[PopupWindow:8125395]:   bhv=DEFAULT
04-06 13:17:03.628  3489  3489 I ViewRootImpl@f832caa[PopupWindow:8125395]:   fitTypes=STATUS_BARS NAVIGATION_BARS CAPTION_BAR naviIconColor=0
04-06 13:17:03.628  3489  3489 I ViewRootImpl@f832caa[PopupWindow:8125395]:   sfl=20000}
04-06 13:17:03.629  3489  3489 I ViewRootImpl@f832caa[PopupWindow:8125395]: performTraversals mFirst=true windowShouldResize=true viewVisibilityChanged=false mForceNextWindowRelayout=false params={(0,88)(fillxwrap) gr=TOP START CENTER sim={state=unchanged adjust=pan} ty=APPLICATION_PANEL fmt=TRANSLUCENT surfaceInsets=Rect(0, 0 - 0, 0) (manual)
04-06 13:17:03.629  3489  3489 I ViewRootImpl@f832caa[PopupWindow:8125395]:   fl=41800008
04-06 13:17:03.629  3489  3489 I ViewRootImpl@f832caa[PopupWindow:8125395]:   pfl=42018000
04-06 13:17:03.629  3489  3489 I ViewRootImpl@f832caa[PopupWindow:8125395]:   bhv=DEFAULT
04-06 13:17:03.629  3489  3489 I ViewRootImpl@f832caa[PopupWindow:8125395]:   fitTypes=STATUS_BARS NAVIGATION_BARS CAPTION_BAR naviIconColor=0
04-06 13:17:03.629  3489  3489 I ViewRootImpl@f832caa[PopupWindow:8125395]:   sfl=20000}
04-06 13:17:03.634  3489  3511 I ViewRootImpl@f832caa[PopupWindow:8125395]: Resizing android.view.ViewRootImpl@9660b77: frame = [0,88][1080,167] reportDraw = true forceLayout = false syncSeqId = 0
04-06 13:17:03.634  3489  3489 I ViewRootImpl@f832caa[PopupWindow:8125395]: updateBlastSurfaceIfNeeded mBlastBufferQueue=null isSameSurfaceControl=false
04-06 13:17:03.634  3489  3489 I BLASTBufferQueue: new BLASTBufferQueue, mName= ViewRootImpl@f832caa[PopupWindow:8125395] mNativeObject= 0xb4000070a6e5aa80 sc.mNativeObject= 0xb4000070a0c707a0 caller= android.view.ViewRootImpl.updateBlastSurfaceIfNeeded:2909 android.view.ViewRootImpl.relayoutWindow:9847 android.view.ViewRootImpl.performTraversals:3884 android.view.ViewRootImpl.doTraversal:3116 android.view.ViewRootImpl$TraversalRunnable.run:10885 android.view.Choreographer$CallbackRecord.run:1301 android.view.Choreographer$CallbackRecord.run:1309 android.view.Choreographer.doCallbacks:923 android.view.Choreographer.doFrame:852 android.view.Choreographer$FrameDisplayEventReceiver.run:1283 
04-06 13:17:03.634  3489  3489 I BLASTBufferQueue: update, w= 1080 h= 79 mName = ViewRootImpl@f832caa[PopupWindow:8125395] mNativeObject= 0xb4000070a6e5aa80 sc.mNativeObject= 0xb4000070a0c707a0 format= -3 caller= android.graphics.BLASTBufferQueue.<init>:84 android.view.ViewRootImpl.updateBlastSurfaceIfNeeded:2909 android.view.ViewRootImpl.relayoutWindow:9847 android.view.ViewRootImpl.performTraversals:3884 android.view.ViewRootImpl.doTraversal:3116 android.view.ViewRootImpl$TraversalRunnable.run:10885 
04-06 13:17:03.635  3489  3489 I ViewRootImpl@f832caa[PopupWindow:8125395]: Relayout returned: old=(0,88,1080,2256) new=(0,88,1080,167) req=(1080,79)0 dur=5 res=0x3 s={true 0xb4000070a6e18800} ch=true seqId=0
04-06 13:17:03.636  3489  3489 I ViewRootImpl@f832caa[PopupWindow:8125395]: mThreadedRenderer.initialize() mSurface={isValid=true 0xb4000070a6e18800} hwInitialized=true
04-06 13:17:03.636  3489  3567 D OpenGLRenderer: eglCreateWindowSurface
04-06 13:17:03.637  3489  3489 I ViewRootImpl@f832caa[PopupWindow:8125395]: reportNextDraw android.view.ViewRootImpl.performTraversals:4438 android.view.ViewRootImpl.doTraversal:3116 android.view.ViewRootImpl$TraversalRunnable.run:10885 android.view.Choreographer$CallbackRecord.run:1301 android.view.Choreographer$CallbackRecord.run:1309 
04-06 13:17:03.637  3489  3489 I ViewRootImpl@f832caa[PopupWindow:8125395]: Setup new sync id=0
04-06 13:17:03.637  3489  3489 I ViewRootImpl@f832caa[PopupWindow:8125395]: Setting syncFrameCallback
04-06 13:17:03.637  3489  3489 I ViewRootImpl@f832caa[PopupWindow:8125395]: registerCallbacksForSync syncBuffer=false
04-06 13:17:03.643  3489  3599 I ViewRootImpl@f832caa[PopupWindow:8125395]: Received frameDrawingCallback syncResult=0 frameNum=1.
04-06 13:17:03.643  3489  3599 I ViewRootImpl@f832caa[PopupWindow:8125395]: Setting up sync and frameCommitCallback
04-06 13:17:03.646  3489  3567 I BLASTBufferQueue: [ViewRootImpl@f832caa[PopupWindow:8125395]#1](f:0,a:0) onFrameAvailable the first frame is available
04-06 13:17:03.646  3489  3567 I ViewRootImpl@f832caa[PopupWindow:8125395]: Received frameCommittedCallback lastAttemptedDrawFrameNum=1 didProduceBuffer=true
04-06 13:17:03.647  3489  3567 D OpenGLRenderer: CFMS:: SetUp Pid : 3489    Tid : 3567
04-06 13:17:03.647  3489  3567 W Parcel  : Expecting binder but got null!
04-06 13:17:03.647  3489  3489 I ViewRootImpl@f832caa[PopupWindow:8125395]: onSyncComplete
04-06 13:17:03.647  3489  3489 I ViewRootImpl@f832caa[PopupWindow:8125395]: setupSync seqId=0 mSyncId=0 fn=1 caller=android.view.ViewRootImpl$$ExternalSyntheticLambda11.accept:6 android.window.SurfaceSyncer.lambda$setupSync$1$android-window-SurfaceSyncer:128 android.window.SurfaceSyncer$$ExternalSyntheticLambda1.accept:8 android.window.SurfaceSyncer$SyncSet.checkIfSyncIsComplete:382 android.window.SurfaceSyncer$SyncSet.markSyncReady:359 android.window.SurfaceSyncer.markSyncReady:151 android.view.ViewRootImpl.performTraversals:4503 
04-06 13:17:03.647  3489  3489 I ViewRootImpl@f832caa[PopupWindow:8125395]: reportDrawFinished seqId=0 mSyncId=-1 fn=1 mSurfaceChangedTransaction=0xb4000070c2cf7700
04-06 13:17:03.649  3489  3489 I ViewRootImpl@f832caa[PopupWindow:8125395]: handleResized, msg = 5 frames=ClientWindowFrames{frame=[0,88][1080,167] display=[0,88][1080,2256] parentFrame=[0,0][0,0] parentClippedByDisplayCutout=false} forceNextWindowRelayout=false displayId=0 resizeMode=-1 frameChanged=false displayFrameChanged=false configChanged=false displayChanged=false
04-06 13:17:03.649  3489  3489 I ViewRootImpl@f832caa[PopupWindow:8125395]: handleResized mSyncSeqId = 0
04-06 13:17:03.649  3489  3489 I ViewRootImpl@f832caa[PopupWindow:8125395]: reportNextDraw android.view.ViewRootImpl.handleResized:2450 android.view.ViewRootImpl.-$$Nest$mhandleResized:0 android.view.ViewRootImpl$ViewRootHandler.handleMessageImpl:6728 android.view.ViewRootImpl$ViewRootHandler.handleMessage:6697 android.os.Handler.dispatchMessage:106 
04-06 13:17:03.649  3489  3489 I ViewRootImpl@914008f[MainActivity]: MSG_WINDOW_FOCUS_CHANGED 1 0
04-06 13:17:03.649  3489  3489 I ViewRootImpl@914008f[MainActivity]: mThreadedRenderer.initializeIfNeeded()#2 mSurface={isValid=true 0xb4000070a6e16000}
04-06 13:17:03.650  3489  3489 W unknown:BridgelessReact: ReactHost{0}.raiseSoftException(onWindowFocusChange(hasFocus = "true")): Tried to access onWindowFocusChange while context is not ready
04-06 13:17:03.651  3489  3489 E unknown:ReactHost: Unhandled SoftException
04-06 13:17:03.651  3489  3489 E unknown:ReactHost: com.facebook.react.bridge.ReactNoCrashSoftException: raiseSoftException(onWindowFocusChange(hasFocus = "true")): Tried to access onWindowFocusChange while context is not ready
04-06 13:17:03.651  3489  3489 E unknown:ReactHost: 	at com.facebook.react.runtime.ReactHostImpl.raiseSoftException(ReactHostImpl.kt:861)
04-06 13:17:03.651  3489  3489 E unknown:ReactHost: 	at com.facebook.react.runtime.ReactHostImpl.raiseSoftException$default(ReactHostImpl.kt:852)
04-06 13:17:03.651  3489  3489 E unknown:ReactHost: 	at com.facebook.react.runtime.ReactHostImpl.onWindowFocusChange(ReactHostImpl.kt:625)
04-06 13:17:03.651  3489  3489 E unknown:ReactHost: 	at com.facebook.react.ReactDelegate.onWindowFocusChanged(ReactDelegate.kt:232)
04-06 13:17:03.651  3489  3489 E unknown:ReactHost: 	at com.facebook.react.ReactActivityDelegate.onWindowFocusChanged(ReactActivityDelegate.java:237)
04-06 13:17:03.651  3489  3489 E unknown:ReactHost: 	at expo.modules.ReactActivityDelegateWrapper$onWindowFocusChanged$1.invokeSuspend(ReactActivityDelegateWrapper.kt:320)
04-06 13:17:03.651  3489  3489 E unknown:ReactHost: 	at expo.modules.ReactActivityDelegateWrapper$onWindowFocusChanged$1.invoke(Unknown Source:8)
04-06 13:17:03.651  3489  3489 E unknown:ReactHost: 	at expo.modules.ReactActivityDelegateWrapper$onWindowFocusChanged$1.invoke(Unknown Source:4)
04-06 13:17:03.651  3489  3489 E unknown:ReactHost: 	at expo.modules.ReactActivityDelegateWrapper$launchLifecycleScopeWithLock$1.invokeSuspend(ReactActivityDelegateWrapper.kt:452)
04-06 13:17:03.651  3489  3489 E unknown:ReactHost: 	at kotlin.coroutines.jvm.internal.BaseContinuationImpl.resumeWith(ContinuationImpl.kt:33)
04-06 13:17:03.651  3489  3489 E unknown:ReactHost: 	at kotlinx.coroutines.internal.DispatchedContinuationKt.resumeCancellableWith(DispatchedContinuation.kt:375)
04-06 13:17:03.651  3489  3489 E unknown:ReactHost: 	at kotlinx.coroutines.intrinsics.CancellableKt.startCoroutineCancellable(Cancellable.kt:26)
04-06 13:17:03.651  3489  3489 E unknown:ReactHost: 	at kotlinx.coroutines.CoroutineStart.invoke(CoroutineStart.kt:358)
04-06 13:17:03.651  3489  3489 E unknown:ReactHost: 	at kotlinx.coroutines.AbstractCoroutine.start(AbstractCoroutine.kt:134)
04-06 13:17:03.651  3489  3489 E unknown:ReactHost: 	at kotlinx.coroutines.BuildersKt__Builders_commonKt.launch(Builders.common.kt:53)
04-06 13:17:03.651  3489  3489 E unknown:ReactHost: 	at kotlinx.coroutines.BuildersKt.launch(Unknown Source:1)
04-06 13:17:03.651  3489  3489 E unknown:ReactHost: 	at kotlinx.coroutines.BuildersKt__Builders_commonKt.launch$default(Builders.common.kt:44)
04-06 13:17:03.651  3489  3489 E unknown:ReactHost: 	at kotlinx.coroutines.BuildersKt.launch$default(Unknown Source:1)
04-06 13:17:03.651  3489  3489 E unknown:ReactHost: 	at expo.modules.ReactActivityDelegateWrapper.launchLifecycleScopeWithLock(ReactActivityDelegateWrapper.kt:450)
04-06 13:17:03.651  3489  3489 E unknown:ReactHost: 	at expo.modules.ReactActivityDelegateWrapper.launchLifecycleScopeWithLock$default(ReactActivityDelegateWrapper.kt:446)
04-06 13:17:03.651  3489  3489 E unknown:ReactHost: 	at expo.modules.ReactActivityDelegateWrapper.onWindowFocusChanged(ReactActivityDelegateWrapper.kt:318)
04-06 13:17:03.651  3489  3489 E unknown:ReactHost: 	at com.facebook.react.ReactActivity.onWindowFocusChanged(ReactActivity.java:158)
04-06 13:17:03.651  3489  3489 E unknown:ReactHost: 	at androidx.appcompat.view.WindowCallbackWrapper.onWindowFocusChanged(WindowCallbackWrapper.java:124)
04-06 13:17:03.651  3489  3489 E unknown:ReactHost: 	at com.android.internal.policy.DecorView.onWindowFocusChanged(DecorView.java:2710)
04-06 13:17:03.651  3489  3489 E unknown:ReactHost: 	at android.view.View.dispatchWindowFocusChanged(View.java:15817)
04-06 13:17:03.651  3489  3489 E unknown:ReactHost: 	at android.view.ViewGroup.dispatchWindowFocusChanged(ViewGroup.java:1512)
04-06 13:17:03.651  3489  3489 E unknown:ReactHost: 	at android.view.ViewRootImpl.handleWindowFocusChanged(ViewRootImpl.java:4678)
04-06 13:17:03.651  3489  3489 E unknown:ReactHost: 	at android.view.ViewRootImpl.-$$Nest$mhandleWindowFocusChanged(Unknown Source:0)
04-06 13:17:03.651  3489  3489 E unknown:ReactHost: 	at android.view.ViewRootImpl$ViewRootHandler.handleMessageImpl(ViewRootImpl.java:6788)
04-06 13:17:03.651  3489  3489 E unknown:ReactHost: 	at android.view.ViewRootImpl$ViewRootHandler.handleMessage(ViewRootImpl.java:6697)
04-06 13:17:03.651  3489  3489 E unknown:ReactHost: 	at android.os.Handler.dispatchMessage(Handler.java:106)
04-06 13:17:03.651  3489  3489 E unknown:ReactHost: 	at android.os.Looper.loopOnce(Looper.java:226)
04-06 13:17:03.651  3489  3489 E unknown:ReactHost: 	at android.os.Looper.loop(Looper.java:313)
04-06 13:17:03.651  3489  3489 E unknown:ReactHost: 	at android.app.ActivityThread.main(ActivityThread.java:8762)
04-06 13:17:03.651  3489  3489 E unknown:ReactHost: 	at java.lang.reflect.Method.invoke(Native Method)
04-06 13:17:03.651  3489  3489 E unknown:ReactHost: 	at com.android.internal.os.RuntimeInit$MethodAndArgsCaller.run(RuntimeInit.java:604)
04-06 13:17:03.651  3489  3489 E unknown:ReactHost: 	at com.android.internal.os.ZygoteInit.main(ZygoteInit.java:1067)
04-06 13:17:03.651  3489  3489 D InputMethodManager: startInputInner - Id : 0
04-06 13:17:03.651  3489  3489 I InputMethodManager: startInputInner - mService.startInputOrWindowGainedFocus
04-06 13:17:03.656  3489  3489 I ViewRootImpl@f832caa[PopupWindow:8125395]: Setup new sync id=1
04-06 13:17:03.656  3489  3489 I ViewRootImpl@f832caa[PopupWindow:8125395]: Setting syncFrameCallback
04-06 13:17:03.656  3489  3489 I ViewRootImpl@f832caa[PopupWindow:8125395]: registerCallbacksForSync syncBuffer=false
04-06 13:17:03.659  3489  3600 I ViewRootImpl@f832caa[PopupWindow:8125395]: Received frameDrawingCallback syncResult=0 frameNum=3.
04-06 13:17:03.659  3489  3600 I ViewRootImpl@f832caa[PopupWindow:8125395]: Setting up sync and frameCommitCallback
04-06 13:17:03.666  3489  3567 I ViewRootImpl@f832caa[PopupWindow:8125395]: Received frameCommittedCallback lastAttemptedDrawFrameNum=3 didProduceBuffer=true
04-06 13:17:03.666  3489  3489 I ViewRootImpl@f832caa[PopupWindow:8125395]: onSyncComplete
04-06 13:17:03.667  3489  3489 I ViewRootImpl@f832caa[PopupWindow:8125395]: setupSync seqId=0 mSyncId=1 fn=3 caller=android.view.ViewRootImpl$$ExternalSyntheticLambda11.accept:6 android.window.SurfaceSyncer.lambda$setupSync$1$android-window-SurfaceSyncer:128 android.window.SurfaceSyncer$$ExternalSyntheticLambda1.accept:8 android.window.SurfaceSyncer$SyncSet.checkIfSyncIsComplete:382 android.window.SurfaceSyncer$SyncSet.markSyncReady:359 android.window.SurfaceSyncer.markSyncReady:151 android.view.ViewRootImpl.performTraversals:4503 
04-06 13:17:03.667  3489  3489 I ViewRootImpl@f832caa[PopupWindow:8125395]: reportDrawFinished seqId=0 mSyncId=-1 fn=3 mSurfaceChangedTransaction=0xb4000070c2cf7700
04-06 13:17:03.667  3489  3489 D InputMethodManager: startInputInner - Id : 0
04-06 13:17:03.914  3489  3596 D Detox.RNMarker: DOWNLOAD_END ({"url":"http:\/\/localhost:8081\/.expo\/.virtual-metro-entry.bundle?platform=android&dev=true&lazy=true&minify=false&app=com.evolucao.app&modulesOnly=false&runModule=true&excludeSource=true&sourcePaths=url-server","filesChangedCount":0})
04-06 13:17:03.914  3489  3596 W unknown:BridgelessReact: ReactHost{0}.loadJSBundleFromMetro(): Creating BundleLoader
04-06 13:17:03.915  3489  3595 W unknown:BridgelessReact: ReactHost{0}.getOrCreateReactInstanceTask(): Creating BridgelessReactContext
04-06 13:17:03.915  3489  3567 D OpenGLRenderer: setSurface called with nullptr
04-06 13:17:03.915  3489  3567 D OpenGLRenderer: setSurface() destroyed EGLSurface
04-06 13:17:03.915  3489  3567 D OpenGLRenderer: destroyEglSurface
04-06 13:17:03.916  3489  3489 I ViewRootImpl@f832caa[PopupWindow:8125395]: dispatchDetachedFromWindow
04-06 13:17:03.916  3489  3595 W unknown:BridgelessReact: ReactHost{0}.getOrCreateReactInstanceTask(): Creating ReactInstance
04-06 13:17:03.919  3489  3489 D InputTransport: Input channel destroyed: '56d1c15', fd=121
04-06 13:17:03.928  3489  3596 D TrafficStats: tagSocket(129) with statsTag=0xffffffff, statsUid=-1
04-06 13:17:03.931  3489  3595 D jni_lib_merge: Entering merged library JNI_OnLoad.
04-06 13:17:03.931  3489  3595 D jni_lib_merge: Preparing 4 pre-merged libs (including stub)
04-06 13:17:03.931  3489  3595 D jni_lib_merge: Preparing to register libhermes_executor_so.  onload_func: 0x70192dafa4
04-06 13:17:03.931  3489  3595 D jni_lib_merge: Preparing to register libhermesinstancejni_so.  onload_func: 0x70193148b4
04-06 13:17:03.931  3489  3595 D jni_lib_merge: Preparing to register libjsijniprofiler_so.  onload_func: 0x70193168f8
04-06 13:17:03.931  3489  3595 D jni_lib_merge: About to register 3 actual methods.
04-06 13:17:04.026  3489  3595 I ExpoModulesCore: ✅ AppContext was initialized
04-06 13:17:04.054  3489  3595 W unknown:BridgelessReact: ReactHost{0}.getOrCreateReactInstanceTask(): Loading JS Bundle
04-06 13:17:04.054  3489  3595 W unknown:BridgelessReact: ReactHost{0}.getOrCreateReactInstanceTask(): DevSupportManager.onNewReactContextCreated()
04-06 13:17:04.054  3489  3645 D Detox.RNMarker: RUN_JS_BUNDLE_START (/.virtual-metro-entry.bundle?platform=android&dev=true&lazy=true&minify=false&app=com.evolucao.app&modulesOnly=false&runModule=true&excludeSource=true&sourcePaths=url-server)
04-06 13:17:04.058  3489  3489 W unknown:ReactNative: Packager connection already open, nooping.
04-06 13:17:04.061  3489  3489 W unknown:BridgelessReact: ReactHost{0}.ReactContext.onHostResume()
04-06 13:17:04.062  3489  3595 W unknown:BridgelessReact: ReactHost{0}.startSurface(surfaceId = 0): Execute
04-06 13:17:04.066  3489  3489 W unknown:BridgelessReact: ReactHost{0}.getOrCreateReactInstanceTask(): Executing ReactInstanceEventListeners
04-06 13:17:04.066  3489  3489 I DetoxRNLoading: Got new RN-context through listener
04-06 13:17:04.067  3489  3528 I DetoxRNIdleRes: Setting up Espresso Idling Resources for React Native
04-06 13:17:04.074  3489  3489 D DetoxRNHelpers: Native RN module resolution (class com.reactnativecommunity.asyncstorage.AsyncStorageModule): no registered module found
04-06 13:17:04.075  3489  3528 D IdlingRegistry: Registering idling resources: [com.wix.detox.reactnative.idlingresources.uimodule.fabric.FabricUIManagerIdlingResources@fa053f5]
04-06 13:17:04.075  3489  3528 D IdlingRegistry: Registering idling resources: [com.wix.detox.reactnative.idlingresources.animations.AnimatedModuleIdlingResource@556958a]
04-06 13:17:04.075  3489  3528 D IdlingRegistry: Registering idling resources: [com.wix.detox.reactnative.idlingresources.timers.FabricTimersIdlingResource@a29e7fb]
04-06 13:17:04.075  3489  3528 D IdlingRegistry: Registering idling resources: [com.wix.detox.reactnative.idlingresources.network.NetworkIdlingResource@fa87018]
04-06 13:17:04.075  3489  3528 D IdlingRegistry: Registering idling resources: [com.wix.detox.reactnative.idlingresources.StabilizedIdlingResource@76f3a71]
04-06 13:17:04.089  3489  3647 W om.evolucao.app: Accessing hidden method Landroid/os/MessageQueue;->next()Landroid/os/Message; (unsupported, reflection, allowed)
04-06 13:17:04.089  3489  3647 W om.evolucao.app: Accessing hidden field Landroid/os/MessageQueue;->mMessages:Landroid/os/Message; (unsupported, reflection, allowed)
04-06 13:17:04.089  3489  3647 W om.evolucao.app: Accessing hidden method Landroid/os/Message;->recycleUnchecked()V (unsupported, reflection, allowed)
04-06 13:17:04.230  3489  3489 D DetoxRNHelpers: Native RN module resolution (class com.reactnativecommunity.asyncstorage.AsyncStorageModule): no registered module found
04-06 13:17:04.296  3489  3647 I WebViewFactory: Loading com.google.android.webview version 146.0.7680.164 (code 768016403)
04-06 13:17:04.298  3489  3647 D ApplicationLoaders: Returning zygote-cached class loader: /system/framework/android.test.base.jar
04-06 13:17:04.301  3489  3647 D nativeloader: Configuring classloader-namespace for other apk /data/app/~~23ppwVuk64Fm9vdWCRWMMw==/com.google.android.webview-FPIphznatdLDx2VBYoD68A==/base.apk. target_sdk_version=36, uses_libraries=, library_path=/data/app/~~23ppwVuk64Fm9vdWCRWMMw==/com.google.android.webview-FPIphznatdLDx2VBYoD68A==/lib/arm64:/data/app/~~23ppwVuk64Fm9vdWCRWMMw==/com.google.android.webview-FPIphznatdLDx2VBYoD68A==/base.apk!/lib/arm64-v8a, permitted_path=/data:/mnt/expand
04-06 13:17:04.313  3489  3647 I cr_WVCFactoryProvider: version=146.0.7680.164 (768016403) minSdkVersion=29 multiprocess=true packageId=127 splits=<none>
04-06 13:17:04.318  3489  3683 I chromium: [0406/131704.318382:INFO:android_webview/browser/variations/variations_seed_loader.cc:67] Failed to open file for reading.: No such file or directory (2)
04-06 13:17:04.318  3489  3683 I chromium: [0406/131704.318511:INFO:android_webview/browser/variations/variations_seed_loader.cc:67] Failed to open file for reading.: No such file or directory (2)
04-06 13:17:04.323  3489  3647 I cr_LibraryLoader: Successfully loaded native library
04-06 13:17:04.323  3489  3647 I cr_CachingUmaRecorder: Flushed 16 samples from 16 histograms, 0 samples were dropped.
04-06 13:17:04.335  3489  3686 D TrafficStats: tagSocket(143) with statsTag=0xffffffff, statsUid=-1
04-06 13:17:04.337  3489  3686 D TrafficStats: tagSocket(143) with statsTag=0xffffffff, statsUid=-1
04-06 13:17:04.346  3489  3645 W BridgelessReactContext: [WARNING] Bridgeless doesn't support CatalystInstance. Accessing an API that's not part of the new architecture is not encouraged usage.
04-06 13:17:04.352  3489  3645 I ExpoModulesCore: ✅ JSI interop was installed
04-06 13:17:04.357  3489  3645 I ExpoModulesCore: ✅ Constants were exported
04-06 13:17:04.398  3489  3645 W unknown:ViewManagerPropertyUpdater: Could not find generated setter for class com.th3rdwave.safeareacontext.SafeAreaProviderManager
04-06 13:17:04.401  3489  3645 W unknown:ViewManagerPropertyUpdater: Could not find generated setter for class com.facebook.react.uimanager.LayoutShadowNode
04-06 13:17:04.403  3489  3645 W unknown:ViewManagerPropertyUpdater: Could not find generated setter for class com.swmansion.rnscreens.SearchBarManager
04-06 13:17:04.403  3489  3645 W unknown:ViewManagerPropertyUpdater: Could not find generated setter for class com.swmansion.rnscreens.ScreenFooterManager
04-06 13:17:04.404  3489  3645 W unknown:ViewManagerPropertyUpdater: Could not find generated setter for class com.swmansion.rnscreens.gamma.tabs.TabScreenViewManager
04-06 13:17:04.405  3489  3645 W unknown:ViewManagerPropertyUpdater: Could not find generated setter for class expo.modules.kotlin.views.GroupViewManagerWrapper
04-06 13:17:04.406  3489  3645 W unknown:ViewManagerPropertyUpdater: Could not find generated setter for class com.swmansion.rnscreens.ScreenContainerViewManager
04-06 13:17:04.406  3489  3645 W unknown:ViewManagerPropertyUpdater: Could not find generated setter for class com.swmansion.rnscreens.gamma.tabs.TabsHostViewManager
04-06 13:17:04.408  3489  3645 W unknown:ViewManagerPropertyUpdater: Could not find generated setter for class com.swmansion.rnscreens.ModalScreenViewManager
04-06 13:17:04.409  3489  3645 W unknown:ViewManagerPropertyUpdater: Could not find generated setter for class com.swmansion.rnscreens.ScreenStackHeaderConfigViewManager
04-06 13:17:04.409  3489  3645 W unknown:ViewManagerPropertyUpdater: Could not find generated setter for class com.swmansion.rnscreens.ScreenContentWrapperManager
04-06 13:17:04.410  3489  3645 W unknown:ViewManagerPropertyUpdater: Could not find generated setter for class com.th3rdwave.safeareacontext.SafeAreaViewManager
04-06 13:17:04.411  3489  3645 W unknown:ViewManagerPropertyUpdater: Could not find generated setter for class com.th3rdwave.safeareacontext.SafeAreaViewShadowNode
04-06 13:17:04.411  3489  3645 W unknown:ViewManagerPropertyUpdater: Could not find generated setter for class com.swmansion.rnscreens.safearea.SafeAreaViewManager
04-06 13:17:04.412  3489  3645 W unknown:ViewManagerPropertyUpdater: Could not find generated setter for class com.swmansion.rnscreens.safearea.paper.SafeAreaViewShadowNode
04-06 13:17:04.412  3489  3645 W unknown:ViewManagerPropertyUpdater: Could not find generated setter for class com.swmansion.rnscreens.ScreenViewManager
04-06 13:17:04.413  3489  3645 W unknown:ViewManagerPropertyUpdater: Could not find generated setter for class com.swmansion.rnscreens.gamma.stack.host.StackHostViewManager
04-06 13:17:04.413  3489  3645 W unknown:ViewManagerPropertyUpdater: Could not find generated setter for class com.swmansion.rnscreens.ScreenStackHeaderSubviewManager
04-06 13:17:04.413  3489  3645 W unknown:ViewManagerPropertyUpdater: Could not find generated setter for class com.swmansion.rnscreens.gamma.stack.screen.StackScreenViewManager
04-06 13:17:04.414  3489  3645 W unknown:ViewManagerPropertyUpdater: Could not find generated setter for class com.swmansion.rnscreens.ScreenStackViewManager
04-06 13:17:04.489  3489  3645 W unknown:ViewManagerPropertyUpdater: Could not find generated setter for class com.facebook.react.views.debuggingoverlay.DebuggingOverlayManager
04-06 13:17:04.494  3489  3645 W unknown:ViewManagerPropertyUpdater: Could not find generated setter for class com.swmansion.gesturehandler.react.RNGestureHandlerButtonViewManager
04-06 13:17:04.499  3489  3645 W unknown:ViewManagerPropertyUpdater: Could not find generated setter for class com.facebook.react.views.safeareaview.ReactSafeAreaViewManager
04-06 13:17:04.504  3489  3645 W unknown:ViewManagerPropertyUpdater: Could not find generated setter for class com.facebook.react.views.modal.ReactModalHostManager
04-06 13:17:04.509  3489  3645 W unknown:ViewManagerPropertyUpdater: Could not find generated setter for class com.facebook.react.views.text.frescosupport.FrescoBasedReactTextInlineImageViewManager
04-06 13:17:04.510  3489  3645 W unknown:ViewManagerPropertyUpdater: Could not find generated setter for class com.facebook.react.views.text.frescosupport.FrescoBasedReactTextInlineImageShadowNode
04-06 13:17:04.514  3489  3645 W unknown:ViewManagerPropertyUpdater: Could not find generated setter for class com.facebook.react.views.progressbar.ReactProgressBarViewManager
04-06 13:17:04.515  3489  3645 W unknown:ViewManagerPropertyUpdater: Could not find generated setter for class com.facebook.react.views.progressbar.ProgressBarShadowNode
04-06 13:17:04.521  3489  3645 W unknown:ViewManagerPropertyUpdater: Could not find generated setter for class com.facebook.react.views.scroll.ReactHorizontalScrollViewManager
04-06 13:17:04.527  3489  3645 W unknown:ViewManagerPropertyUpdater: Could not find generated setter for class com.facebook.react.views.image.ReactImageManager
04-06 13:17:04.533  3489  3645 W unknown:ViewManagerPropertyUpdater: Could not find generated setter for class com.facebook.react.views.text.ReactTextViewManager
04-06 13:17:04.534  3489  3645 W unknown:ViewManagerPropertyUpdater: Could not find generated setter for class com.facebook.react.views.text.ReactTextShadowNode
04-06 13:17:04.540  3489  3645 W unknown:ViewManagerPropertyUpdater: Could not find generated setter for class com.facebook.react.views.scroll.ReactHorizontalScrollContainerViewManager
04-06 13:17:04.545  3489  3645 W unknown:ViewManagerPropertyUpdater: Could not find generated setter for class com.facebook.react.views.unimplementedview.ReactUnimplementedViewManager
04-06 13:17:04.550  3489  3645 W unknown:ViewManagerPropertyUpdater: Could not find generated setter for class com.facebook.react.views.scroll.ReactScrollViewManager
04-06 13:17:04.556  3489  3645 W unknown:ViewManagerPropertyUpdater: Could not find generated setter for class com.facebook.react.views.view.ReactViewManager
04-06 13:17:04.562  3489  3645 W unknown:ViewManagerPropertyUpdater: Could not find generated setter for class com.facebook.react.views.drawer.ReactDrawerLayoutManager
04-06 13:17:04.569  3489  3645 W unknown:ViewManagerPropertyUpdater: Could not find generated setter for class com.facebook.react.views.switchview.ReactSwitchManager
04-06 13:17:04.569  3489  3645 W unknown:ViewManagerPropertyUpdater: Could not find generated setter for class com.facebook.react.views.switchview.ReactSwitchShadowNode
04-06 13:17:04.574  3489  3645 W unknown:ViewManagerPropertyUpdater: Could not find generated setter for class com.facebook.react.views.swiperefresh.SwipeRefreshLayoutManager
04-06 13:17:04.581  3489  3645 W unknown:ViewManagerPropertyUpdater: Could not find generated setter for class com.facebook.react.views.textinput.ReactTextInputManager
04-06 13:17:04.582  3489  3645 W unknown:ViewManagerPropertyUpdater: Could not find generated setter for class com.facebook.react.views.textinput.ReactTextInputShadowNode
04-06 13:17:04.589  3489  3645 W unknown:ViewManagerPropertyUpdater: Could not find generated setter for class com.swmansion.gesturehandler.react.RNGestureHandlerRootViewManager
04-06 13:17:04.621  3489  3686 D TrafficStats: tagSocket(146) with statsTag=0xffffffff, statsUid=-1
04-06 13:17:04.789  3489  3645 V AsyncStorageExpoMigration: No scoped database found
04-06 13:17:04.964  3489  3645 D Detox.RNMarker: RUN_JS_BUNDLE_END (/.virtual-metro-entry.bundle?platform=android&dev=true&lazy=true&minify=false&app=com.evolucao.app&modulesOnly=false&runModule=true&excludeSource=true&sourcePaths=url-server)
04-06 13:17:04.966  3489  3645 I ReactNativeJS: Running "main" with {"rootTag":1,"initialProps":{},"fabric":true}
04-06 13:17:05.041  3489  3691 D TrafficStats: tagSocket(133) with statsTag=0xffffffff, statsUid=-1
04-06 13:17:05.173  3489  3489 I DecorView: notifyKeepScreenOnChanged: keepScreenOn=true
04-06 13:17:05.181  3489  3489 I ViewRootImpl@914008f[MainActivity]: performTraversals params={(0,0)(fillxfill) sim={adjust=resize} layoutInDisplayCutoutMode=always ty=BASE_APPLICATION wanim=0x1030309
04-06 13:17:05.181  3489  3489 I ViewRootImpl@914008f[MainActivity]:   fl=81810180
04-06 13:17:05.181  3489  3489 I ViewRootImpl@914008f[MainActivity]:   pfl=16020040
04-06 13:17:05.181  3489  3489 I ViewRootImpl@914008f[MainActivity]:   vsysui=100
04-06 13:17:05.181  3489  3489 I ViewRootImpl@914008f[MainActivity]:   bhv=DEFAULT
04-06 13:17:05.181  3489  3489 I ViewRootImpl@914008f[MainActivity]:   fitSides= naviIconColor=0}
04-06 13:17:05.182  3489  3489 I ViewRootImpl@914008f[MainActivity]: performTraversals mFirst=false windowShouldResize=false viewVisibilityChanged=false mForceNextWindowRelayout=false params={(0,0)(fillxfill) sim={adjust=resize} layoutInDisplayCutoutMode=always ty=BASE_APPLICATION wanim=0x1030309
04-06 13:17:05.182  3489  3489 I ViewRootImpl@914008f[MainActivity]:   fl=81810180
04-06 13:17:05.182  3489  3489 I ViewRootImpl@914008f[MainActivity]:   pfl=16020040
04-06 13:17:05.182  3489  3489 I ViewRootImpl@914008f[MainActivity]:   vsysui=100
04-06 13:17:05.182  3489  3489 I ViewRootImpl@914008f[MainActivity]:   bhv=DEFAULT
04-06 13:17:05.182  3489  3489 I ViewRootImpl@914008f[MainActivity]:   fitSides= naviIconColor=0}
04-06 13:17:05.187  3489  3645 D Detox.RNMarker: REACT_BRIDGELESS_LOADING_END (null)
04-06 13:17:05.192  3489  3489 I ViewRootImpl@914008f[MainActivity]: updateBlastSurfaceIfNeeded mBlastBufferQueue=0xb4000070c2c34c00 isSameSurfaceControl=true
04-06 13:17:05.192  3489  3489 I BLASTBufferQueue: update, w= 1080 h= 2400 mName = ViewRootImpl@914008f[MainActivity] mNativeObject= 0xb4000070c2c34c00 sc.mNativeObject= 0xb400007013819ba0 format= -1 caller= android.view.ViewRootImpl.updateBlastSurfaceIfNeeded:2898 android.view.ViewRootImpl.relayoutWindow:9847 android.view.ViewRootImpl.performTraversals:3884 android.view.ViewRootImpl.doTraversal:3116 android.view.ViewRootImpl$TraversalRunnable.run:10885 android.view.Choreographer$CallbackRecord.run:1301 
04-06 13:17:05.193  3489  3489 I ViewRootImpl@914008f[MainActivity]: Relayout returned: old=(0,0,1080,2400) new=(0,0,1080,2400) req=(1080,2400)0 dur=9 res=0x0 s={true 0xb4000070a6e16000} ch=false seqId=0
04-06 13:17:05.197  3489  3489 D Detox.RNMarker: CONTENT_APPEARED (main)
04-06 13:17:05.214  3489  3645 I ReactNativeJS: '[ANALYTICS]', 'app_opened', { event: 'app_opened',
04-06 13:17:05.214  3489  3645 I ReactNativeJS:   eventId: '1775492225209_7becddb436e424',
04-06 13:17:05.214  3489  3645 I ReactNativeJS:   appVersion: '1.0.0',
04-06 13:17:05.214  3489  3645 I ReactNativeJS:   category: 'engagement',
04-06 13:17:05.214  3489  3645 I ReactNativeJS:   userId: 'anonymous',
04-06 13:17:05.214  3489  3645 I ReactNativeJS:   timestamp: 1775492225209,
04-06 13:17:05.214  3489  3645 I ReactNativeJS:   timestampIso: '2026-04-06T16:17:05.209Z',
04-06 13:17:05.214  3489  3645 I ReactNativeJS:   screen: 'App',
04-06 13:17:05.214  3489  3645 I ReactNativeJS:   sessionId: 'session-1775492225197-0babdf29e0b05d',
04-06 13:17:05.214  3489  3645 I ReactNativeJS:   flowId: 'session-1775492225197-0babdf29e0b05d',
04-06 13:17:05.214  3489  3645 I ReactNativeJS:   meta: 
04-06 13:17:05.214  3489  3645 I ReactNativeJS:    { domain: 'engagement',
04-06 13:17:05.214  3489  3645 I ReactNativeJS:      version: 1,
04-06 13:17:05.214  3489  3645 I ReactNativeJS:      dayKey: '2026-04-06',
04-06 13:17:05.214  3489  3645 I ReactNativeJS:      isFirstOpenOfDay: true,
04-06 13:17:05.214  3489  3645 I ReactNativeJS:      category: 'engagement' } }
04-06 13:17:05.245  3489  3489 W Choreographer: Frame time is 0.095312 ms in the future!  Check that graphics HAL is generating vsync timestamps using the correct timebase.
04-06 13:17:05.437  3489  3489 D CompatibilityChangeReporter: Compat change id reported: 171228096; UID 10651; state: ENABLED
04-06 13:17:05.439  3489  3489 D ScrollView: initGoToTop
04-06 13:17:05.439  3489  3489 W om.evolucao.app: Accessing hidden field Landroid/widget/ScrollView;->mScroller:Landroid/widget/OverScroller; (unsupported, reflection, allowed)
04-06 13:17:05.445  3489  3502 I om.evolucao.app: Compiler allocated 4177KB to compile void android.widget.TextView.<init>(android.content.Context, android.util.AttributeSet, int, int)
04-06 13:17:05.457  3489  3489 W [RNScreens]: backTitleFontFamily prop is not available on Android
04-06 13:17:05.457  3489  3489 W [RNScreens]: disableBackButtonMenu prop is not available on Android
04-06 13:17:05.457  3489  3489 W [RNScreens]: backTitleVisible prop is not available on Android
04-06 13:17:05.457  3489  3489 W [RNScreens]: topInsetEnabled prop is not available on Android
04-06 13:17:05.457  3489  3489 W [RNScreens]: largeTitleHideShadow prop is not available on Android
04-06 13:17:05.457  3489  3489 W [RNScreens]: largeTitleFontWeight prop is not available on Android
04-06 13:17:05.457  3489  3489 W [RNScreens]: userInterfaceStyle prop is not available on Android
04-06 13:17:05.457  3489  3489 W [RNScreens]: largeTitleFontFamily prop is not available on Android
04-06 13:17:05.477  3489  3567 D OpenGLRenderer: setSurface called with nullptr
04-06 13:17:07.965  3489  3697 D ProfileInstaller: Installing profile for com.evolucao.app
04-06 13:17:12.406  3489  3548 D DetoxWSClient: Received action 'currentStatus' (ID #41, params={})
04-06 13:17:12.406  3489  3545 I DetoxDispatcher: Handling action 'currentStatus' (ID #41)...
04-06 13:17:12.420  3489  3545 I DetoxWSClient: Sending out action 'currentStatusResult' (ID #41)
04-06 13:17:12.424  3489  3545 I DetoxDispatcher: Done with action 'currentStatus'
04-06 13:17:22.438  3489  3548 D DetoxWSClient: Received action 'currentStatus' (ID #42, params={})
04-06 13:17:22.439  3489  3545 I DetoxDispatcher: Handling action 'currentStatus' (ID #42)...
04-06 13:17:22.448  3489  3545 I DetoxWSClient: Sending out action 'currentStatusResult' (ID #42)
04-06 13:17:22.449  3489  3545 I DetoxDispatcher: Done with action 'currentStatus'
04-06 13:17:32.470  3489  3548 D DetoxWSClient: Received action 'currentStatus' (ID #43, params={})
04-06 13:17:32.471  3489  3545 I DetoxDispatcher: Handling action 'currentStatus' (ID #43)...
04-06 13:17:32.480  3489  3545 I DetoxWSClient: Sending out action 'currentStatusResult' (ID #43)
04-06 13:17:32.481  3489  3545 I DetoxDispatcher: Done with action 'currentStatus'
04-06 13:17:42.497  3489  3548 D DetoxWSClient: Received action 'currentStatus' (ID #44, params={})
04-06 13:17:42.498  3489  3545 I DetoxDispatcher: Handling action 'currentStatus' (ID #44)...
04-06 13:17:42.506  3489  3545 I DetoxWSClient: Sending out action 'currentStatusResult' (ID #44)
04-06 13:17:42.507  3489  3545 I DetoxDispatcher: Done with action 'currentStatus'
04-06 13:17:52.526  3489  3548 D DetoxWSClient: Received action 'currentStatus' (ID #45, params={})
04-06 13:17:52.527  3489  3545 I DetoxDispatcher: Handling action 'currentStatus' (ID #45)...
04-06 13:17:52.536  3489  3545 I DetoxWSClient: Sending out action 'currentStatusResult' (ID #45)
04-06 13:17:52.537  3489  3545 I DetoxDispatcher: Done with action 'currentStatus'
04-06 13:18:02.553  3489  3548 D DetoxWSClient: Received action 'currentStatus' (ID #46, params={})
04-06 13:18:02.554  3489  3545 I DetoxDispatcher: Handling action 'currentStatus' (ID #46)...
04-06 13:18:02.563  3489  3545 I DetoxWSClient: Sending out action 'currentStatusResult' (ID #46)
04-06 13:18:02.564  3489  3545 I DetoxDispatcher: Done with action 'currentStatus'
04-06 13:18:12.582  3489  3548 D DetoxWSClient: Received action 'currentStatus' (ID #47, params={})
04-06 13:18:12.583  3489  3545 I DetoxDispatcher: Handling action 'currentStatus' (ID #47)...
04-06 13:18:12.590  3489  3545 I DetoxWSClient: Sending out action 'currentStatusResult' (ID #47)
04-06 13:18:12.591  3489  3545 I DetoxDispatcher: Done with action 'currentStatus'
04-06 13:18:22.599  3489  3548 D DetoxWSClient: Received action 'currentStatus' (ID #48, params={})
04-06 13:18:22.600  3489  3545 I DetoxDispatcher: Handling action 'currentStatus' (ID #48)...
04-06 13:18:22.609  3489  3545 I DetoxWSClient: Sending out action 'currentStatusResult' (ID #48)
04-06 13:18:22.609  3489  3545 I DetoxDispatcher: Done with action 'currentStatus'
04-06 13:18:32.629  3489  3548 D DetoxWSClient: Received action 'currentStatus' (ID #49, params={})
04-06 13:18:32.629  3489  3545 I DetoxDispatcher: Handling action 'currentStatus' (ID #49)...
04-06 13:18:32.637  3489  3545 I DetoxWSClient: Sending out action 'currentStatusResult' (ID #49)
04-06 13:18:32.638  3489  3545 I DetoxDispatcher: Done with action 'currentStatus'
04-06 13:18:42.661  3489  3548 D DetoxWSClient: Received action 'currentStatus' (ID #50, params={})
04-06 13:18:42.663  3489  3545 I DetoxDispatcher: Handling action 'currentStatus' (ID #50)...
04-06 13:18:42.671  3489  3545 I DetoxWSClient: Sending out action 'currentStatusResult' (ID #50)
04-06 13:18:42.672  3489  3545 I DetoxDispatcher: Done with action 'currentStatus'
04-06 13:18:52.683  3489  3548 D DetoxWSClient: Received action 'currentStatus' (ID #51, params={})
04-06 13:18:52.684  3489  3545 I DetoxDispatcher: Handling action 'currentStatus' (ID #51)...
04-06 13:18:52.692  3489  3545 I DetoxWSClient: Sending out action 'currentStatusResult' (ID #51)
04-06 13:18:52.693  3489  3545 I DetoxDispatcher: Done with action 'currentStatus'
04-06 13:19:02.711  3489  3548 D DetoxWSClient: Received action 'currentStatus' (ID #52, params={})
04-06 13:19:02.712  3489  3545 I DetoxDispatcher: Handling action 'currentStatus' (ID #52)...
04-06 13:19:02.720  3489  3545 I DetoxWSClient: Sending out action 'currentStatusResult' (ID #52)
04-06 13:19:02.721  3489  3545 I DetoxDispatcher: Done with action 'currentStatus'
04-06 13:19:12.732  3489  3548 D DetoxWSClient: Received action 'currentStatus' (ID #53, params={})
04-06 13:19:12.734  3489  3545 I DetoxDispatcher: Handling action 'currentStatus' (ID #53)...
04-06 13:19:12.742  3489  3545 I DetoxWSClient: Sending out action 'currentStatusResult' (ID #53)
04-06 13:19:12.743  3489  3545 I DetoxDispatcher: Done with action 'currentStatus'
04-06 13:19:22.753  3489  3548 D DetoxWSClient: Received action 'currentStatus' (ID #54, params={})
04-06 13:19:22.755  3489  3545 I DetoxDispatcher: Handling action 'currentStatus' (ID #54)...
04-06 13:19:22.764  3489  3545 I DetoxWSClient: Sending out action 'currentStatusResult' (ID #54)
04-06 13:19:22.765  3489  3545 I DetoxDispatcher: Done with action 'currentStatus'
04-06 13:19:32.786  3489  3548 D DetoxWSClient: Received action 'currentStatus' (ID #55, params={})
04-06 13:19:32.787  3489  3545 I DetoxDispatcher: Handling action 'currentStatus' (ID #55)...
04-06 13:19:32.795  3489  3545 I DetoxWSClient: Sending out action 'currentStatusResult' (ID #55)
04-06 13:19:32.796  3489  3545 I DetoxDispatcher: Done with action 'currentStatus'
04-06 13:19:42.808  3489  3548 D DetoxWSClient: Received action 'currentStatus' (ID #56, params={})
04-06 13:19:42.810  3489  3545 I DetoxDispatcher: Handling action 'currentStatus' (ID #56)...
04-06 13:19:42.819  3489  3545 I DetoxWSClient: Sending out action 'currentStatusResult' (ID #56)
04-06 13:19:42.820  3489  3545 I DetoxDispatcher: Done with action 'currentStatus'
04-06 13:19:52.837  3489  3548 D DetoxWSClient: Received action 'currentStatus' (ID #57, params={})
04-06 13:19:52.837  3489  3545 I DetoxDispatcher: Handling action 'currentStatus' (ID #57)...
04-0