04-06 10:36:32.825 21645 21687 D DetoxWSClient: Received action 'invoke' (ID #5, params={"target":{"type":"Class","value":"com.wix.detox.espresso.EspressoDetox"},"method":"perform","args":[{"type":"Invocation","value":{"target":{"type":"Class","value":"com.wix.detox.espresso.DetoxMatcher"},"method":"matcherForTestId","args":["input-peso-atual",{"type":"boolean","value":false}]}},{"type":"Invocation","value":{"target":{"type":"Class","value":"androidx.test.espresso.action.ViewActions"},"method":"clearText","args":[]}}]})
04-06 10:36:32.825 21645 21683 I DetoxDispatcher: Handling action 'invoke' (ID #5)...
04-06 10:36:32.826 21645 21683 D Detox   : class com.wix.detox.espresso.DetoxMatcher, matcherForTestId, [input-peso-atual, false]
04-06 10:36:32.827 21645 21683 D Detox   : class androidx.test.espresso.action.ViewActions, clearText, []
04-06 10:36:32.827 21645 21683 D Detox   : class com.wix.detox.espresso.EspressoDetox, perform, [(view.getTag() is "input-peso-atual" and view has effective visibility <VISIBLE>), androidx.test.espresso.action.ReplaceTextAction@eb44239]
04-06 10:36:32.854 21645 21645 I ViewInteraction: Performing 'replace text()' action on view (view.getTag() is "input-peso-atual" and view has effective visibility <VISIBLE>)
04-06 10:36:32.866 21645 21683 I DetoxWSClient: Sending out action 'invokeResult' (ID #5)
04-06 10:36:32.866 21645 21683 I DetoxDispatcher: Done with action 'invoke'
04-06 10:36:32.877 21645 21687 D DetoxWSClient: Received action 'invoke' (ID #6, params={"target":{"type":"Class","value":"com.wix.detox.espresso.EspressoDetox"},"method":"perform","args":[{"type":"Invocation","value":{"target":{"type":"Class","value":"com.wix.detox.espresso.DetoxMatcher"},"method":"matcherForTestId","args":["input-peso-atual",{"type":"boolean","value":false}]}},{"type":"Invocation","value":{"target":{"type":"Class","value":"androidx.test.espresso.action.ViewActions"},"method":"replaceText","args":["82"]}}]})
04-06 10:36:32.877 21645 21683 I DetoxDispatcher: Handling action 'invoke' (ID #6)...
04-06 10:36:32.877 21645 21683 D Detox   : class com.wix.detox.espresso.DetoxMatcher, matcherForTestId, [input-peso-atual, false]
04-06 10:36:32.878 21645 21683 D Detox   : class androidx.test.espresso.action.ViewActions, replaceText, [82]
04-06 10:36:32.878 21645 21683 D Detox   : class com.wix.detox.espresso.EspressoDetox, perform, [(view.getTag() is "input-peso-atual" and view has effective visibility <VISIBLE>), androidx.test.espresso.action.ReplaceTextAction@352bec4]
04-06 10:36:32.886 21645 21645 D InputMethodManager: startInputInner - Id : 0
04-06 10:36:32.886 21645 21645 I InputMethodManager: startInputInner - mService.startInputOrWindowGainedFocus
04-06 10:36:32.913 21645 21656 I om.evolucao.app: Compiler allocated 6133KB to compile void android.view.ViewRootImpl.performTraversals()
04-06 10:36:32.923 21645 21645 D InputMethodManager: startInputInner - Id : 0
04-06 10:36:32.924 21645 21645 I InputMethodManager: startInputInner - mService.startInputOrWindowGainedFocus
04-06 10:36:32.926 21645 21645 D InsetsController: show(ime(), fromIme=true)
04-06 10:36:32.928 21645 21645 I ViewInteraction: Performing 'replace text(82)' action on view (view.getTag() is "input-peso-atual" and view has effective visibility <VISIBLE>)
04-06 10:36:32.932 21645 21683 I DetoxWSClient: Sending out action 'invokeResult' (ID #6)
04-06 10:36:32.932 21645 21683 I DetoxDispatcher: Done with action 'invoke'
04-06 10:36:32.938 21645 21687 D DetoxWSClient: Received action 'invoke' (ID #7, params={"target":{"type":"Class","value":"com.wix.detox.espresso.DetoxAssertion"},"method":"assertMatcher","args":[{"type":"Invocation","value":{"target":{"type":"Class","value":"androidx.test.espresso.Espresso"},"method":"onView","args":[{"type":"Invocation","value":{"target":{"type":"Class","value":"com.wix.detox.espresso.DetoxMatcher"},"method":"matcherForTestId","args":["input-peso-atual",{"type":"boolean","value":false}]}}]}},{"type":"Invocation","value":{"target":{"type":"Class","value":"com.wix.detox.espresso.DetoxMatcher"},"method":"matcherForText","args":["82",{"type":"boolean","value":false}]}}]})
04-06 10:36:32.938 21645 21683 I DetoxDispatcher: Handling action 'invoke' (ID #7)...
04-06 10:36:32.938 21645 21683 D Detox   : class com.wix.detox.espresso.DetoxMatcher, matcherForTestId, [input-peso-atual, false]
04-06 10:36:32.938 21645 21645 D InputMethodManager: startInputInner - Id : 0
04-06 10:36:32.938 21645 21645 I InputMethodManager: startInputInner - mService.startInputOrWindowGainedFocus
04-06 10:36:32.939 21645 21683 D Detox   : class androidx.test.espresso.Espresso, onView, [(view.getTag() is "input-peso-atual" and view has effective visibility <VISIBLE>)]
04-06 10:36:32.939 21645 21683 D Detox   : class com.wix.detox.espresso.DetoxMatcher, matcherForText, [82, false]
04-06 10:36:32.940 21645 21683 D Detox   : class com.wix.detox.espresso.DetoxAssertion, assertMatcher, [androidx.test.espresso.ViewInteraction@bac53, (an instance of android.widget.TextView and view.getText() with or without transformation to match: is "82" and view has effective visibility <VISIBLE>)]
04-06 10:36:32.950 21645 21645 D InsetsController: show(ime(), fromIme=true)
04-06 10:36:32.972 21645 21645 D InsetsController: show(ime(), fromIme=true)
04-06 10:36:32.974 21645 21645 I ViewInteraction: Checking 'MatchesViewAssertion(Detox){viewMatcher=(an instance of android.widget.TextView and view.getText() with or without transformation to match: is "82" and view has effective visibility <VISIBLE>)}' assertion on view (view.getTag() is "input-peso-atual" and view has effective visibility <VISIBLE>)
04-06 10:36:32.976 21645 21683 I DetoxWSClient: Sending out action 'invokeResult' (ID #7)
04-06 10:36:32.977 21645 21683 I DetoxDispatcher: Done with action 'invoke'
04-06 10:36:32.981 21645 21687 D DetoxWSClient: Received action 'invoke' (ID #8, params={"target":{"type":"Class","value":"com.wix.detox.espresso.EspressoDetox"},"method":"perform","args":[{"type":"Invocation","value":{"target":{"type":"Class","value":"com.wix.detox.espresso.DetoxMatcher"},"method":"matcherForTestId","args":["input-peso-meta",{"type":"boolean","value":false}]}},{"type":"Invocation","value":{"target":{"type":"Class","value":"com.wix.detox.espresso.DetoxViewActions"},"method":"click","args":[]}}]})
04-06 10:36:32.981 21645 21683 I DetoxDispatcher: Handling action 'invoke' (ID #8)...
04-06 10:36:32.982 21645 21683 D Detox   : class com.wix.detox.espresso.DetoxMatcher, matcherForTestId, [input-peso-meta, false]
04-06 10:36:32.982 21645 21683 D Detox   : class com.wix.detox.espresso.DetoxViewActions, click, []
04-06 10:36:32.982 21645 21683 D Detox   : class com.wix.detox.espresso.EspressoDetox, perform, [(view.getTag() is "input-peso-meta" and view has effective visibility <VISIBLE>), com.wix.detox.espresso.action.RNClickAction@8285043]
04-06 10:36:32.983 21645 21701 D OpenGLRenderer: setSurface called with nullptr
04-06 10:36:32.983 21645 21701 D OpenGLRenderer: setSurface() destroyed EGLSurface
04-06 10:36:32.983 21645 21701 D OpenGLRenderer: destroyEglSurface
04-06 10:36:32.984 21645 21645 I ViewRootImpl@f3581cc[PopupWindow:f261fff]: dispatchDetachedFromWindow
04-06 10:36:32.988 21645 21645 D InputTransport: Input channel destroyed: 'be997e5', fd=170
04-06 10:36:32.988 21645 21701 D OpenGLRenderer: setSurface called with nullptr
04-06 10:36:32.988 21645 21701 D OpenGLRenderer: setSurface() destroyed EGLSurface
04-06 10:36:32.988 21645 21701 D OpenGLRenderer: destroyEglSurface
04-06 10:36:32.989 21645 21645 I ViewRootImpl@70a0ff7[PopupWindow:b96aff6]: dispatchDetachedFromWindow
04-06 10:36:32.992 21645 21645 D InputTransport: Input channel destroyed: '8a0cd61', fd=171
04-06 10:36:32.995 21645 21645 I ViewInteraction: Performing 'com.wix.detox.espresso.action.detoxsingletap@870c6c0 click' action on view (view.getTag() is "input-peso-meta" and view has effective visibility <VISIBLE>)
04-06 10:36:32.999 21645 21645 I ViewRootImpl@7efc384[MainActivity]: ViewPostIme pointer 0
04-06 10:36:33.029 21645 21645 I ViewRootImpl@7efc384[MainActivity]: ViewPostIme pointer 1
04-06 10:36:33.042 21645 21645 D InputMethodManager: startInputInner - Id : 0
04-06 10:36:33.042 21645 21645 I InputMethodManager: startInputInner - mService.startInputOrWindowGainedFocus
04-06 10:36:33.047 21645 21645 I IMM_LC  : showSoftInput(View,I)
04-06 10:36:33.047 21645 21645 I IMM_LC  : ssi() - flag : 0 view : com.evolucao.app reason = SHOW_SOFT_INPUT
04-06 10:36:33.057 21645 21701 D NativeCustomFrequencyManager: [NativeCFMS] BpCustomFrequencyManager::BpCustomFrequencyManager()
04-06 10:36:33.061 21645 21645 D InsetsController: onStateChanged: InsetsState: {mDisplayFrame=Rect(0, 0 - 1080, 2400), mDisplayCutout=DisplayCutout{insets=Rect(0, 88 - 0, 0) waterfall=Insets{left=0, top=0, right=0, bottom=0} boundingRect={Bounds=[Rect(0, 0 - 0, 0), Rect(512, 0 - 568, 88), Rect(0, 0 - 0, 0), Rect(0, 0 - 0, 0)]} cutoutPathParserInfo={CutoutPathParserInfo{displayWidth=1080 displayHeight=2400 physicalDisplayWidth=1080 physicalDisplayHeight=2400 density={3.0} cutoutSpec={M 0,0 M 0,10.71963616907435 a 9.280363830925644,9.280363830925644 0 1,0 0,18.56072766185129 a 9.280363830925644,9.280363830925644 0 1,0 0,-18.56072766185129 Z @dp} rotation={0} scale={1.0} physicalPixelDisplaySizeRatio={1.0}}}}, mRoundedCorners=RoundedCorners{[RoundedCorner{position=TopLeft, radius=96, center=Point(96, 96)}, RoundedCorner{position=TopRight, radius=96, center=Point(984, 96)}, RoundedCorner{position=BottomRight, radius=96, center=Point(984, 2304)}, RoundedCorner{position=BottomLeft, radius=96, center=Point(96, 2304)}]}  mRoundedCornerFrame=Rect(0, 0 - 1080, 2400), mPrivacyIndicatorBounds=PrivacyIndicatorBounds {static bounds=Rect(948, 0 - 1080, 88) rotation=0}, mSources= { InsetsSource: {mType=ITYPE_STATUS_BAR, mFrame=[0,0][1080,88], mVisible=true, mInsetsRoundedCornerFrame=false}, InsetsSource: {mType=ITYPE_NAVIGATION_BAR, mFrame=[0,2256][1080,2400], mVisible=true, mInsetsRoundedCornerFrame=false}, InsetsSource: {mType=ITYPE_LEFT_GESTURES, mFrame=[0,0][0,2400], mVisible=true, mInsetsRoundedCornerFrame=false}, InsetsSource: {mType=ITYPE_RIGHT_GESTURES, mFrame=[1080,0][1080,2400], mVisible=true, mInsetsRoundedCornerFrame=false}, InsetsSource: {mType=ITYPE_TOP_MANDATORY_GESTURES, mFrame=[0,0][1080,124], mVisible=true, mInsetsRoundedCornerFrame=false}, InsetsSource: {mType=ITYPE_BOTTOM_MANDATORY_GESTURES, mFrame=[0,2256][1080,2400], mVisible=true, mInsetsRoundedCornerFrame=false}, InsetsSource: {mType=ITYPE_LEFT_DISPLAY_CUTOUT, mFrame=[0,0][-100000,2400], mVisible=true, mInsetsRoundedCornerFrame=false}, InsetsSource: {mType=ITYPE_TOP_DISPLAY_CUTOUT, mFrame=[0,0][1080,88], mVisible=true, mInsetsRoundedCornerFrame=false}, InsetsSource: {mType=ITYPE_RIGHT_DISPLAY_CUTOUT, mFrame=[100000,0][1080,2400], mVisible=true, mInsetsRoundedCornerFrame=false}, InsetsSource: {mType=ITYPE_BOTTOM_DISPLAY_CUTOUT, mFrame=[0,100000][1080,2400], mVisible=true, mInsetsRoundedCornerFrame=false}, InsetsSource: {mType=ITYPE_TOP_TAPPABLE_ELEMENT, mFrame=[0,0][1080,88], mVisible=true, mInsetsRoundedCornerFrame=false}, InsetsSource: {mType=ITYPE_BOTTOM_TAPPABLE_ELEMENT, mFrame=[0,2256][1080,2400], mVisible=true, mInsetsRoundedCornerFrame=false} } host=PopupWindow:72d1b3e from=android.view.ViewRootImpl.setView:1732
04-06 10:36:33.062 21645 21645 I ViewRootImpl@c75ad9f[PopupWindow:72d1b3e]: setView = android.widget.PopupWindow$PopupDecorView@f1184bb TM=false
04-06 10:36:33.064 21645 21701 D NativeCustomFrequencyManager: [NativeCFMS] BpCustomFrequencyManager::BpCustomFrequencyManager()
04-06 10:36:33.066 21645 21645 D InsetsController: onStateChanged: InsetsState: {mDisplayFrame=Rect(0, 0 - 1080, 2400), mDisplayCutout=DisplayCutout{insets=Rect(0, 88 - 0, 0) waterfall=Insets{left=0, top=0, right=0, bottom=0} boundingRect={Bounds=[Rect(0, 0 - 0, 0), Rect(512, 0 - 568, 88), Rect(0, 0 - 0, 0), Rect(0, 0 - 0, 0)]} cutoutPathParserInfo={CutoutPathParserInfo{displayWidth=1080 displayHeight=2400 physicalDisplayWidth=1080 physicalDisplayHeight=2400 density={3.0} cutoutSpec={M 0,0 M 0,10.71963616907435 a 9.280363830925644,9.280363830925644 0 1,0 0,18.56072766185129 a 9.280363830925644,9.280363830925644 0 1,0 0,-18.56072766185129 Z @dp} rotation={0} scale={1.0} physicalPixelDisplaySizeRatio={1.0}}}}, mRoundedCorners=RoundedCorners{[RoundedCorner{position=TopLeft, radius=96, center=Point(96, 96)}, RoundedCorner{position=TopRight, radius=96, center=Point(984, 96)}, RoundedCorner{position=BottomRight, radius=96, center=Point(984, 2304)}, RoundedCorner{position=BottomLeft, radius=96, center=Point(96, 2304)}]}  mRoundedCornerFrame=Rect(0, 0 - 1080, 2400), mPrivacyIndicatorBounds=PrivacyIndicatorBounds {static bounds=Rect(948, 0 - 1080, 88) rotation=0}, mSources= { InsetsSource: {mType=ITYPE_STATUS_BAR, mFrame=[0,0][1080,88], mVisible=true, mInsetsRoundedCornerFrame=false}, InsetsSource: {mType=ITYPE_NAVIGATION_BAR, mFrame=[0,2256][1080,2400], mVisible=true, mInsetsRoundedCornerFrame=false}, InsetsSource: {mType=ITYPE_LEFT_GESTURES, mFrame=[0,0][0,2400], mVisible=true, mInsetsRoundedCornerFrame=false}, InsetsSource: {mType=ITYPE_RIGHT_GESTURES, mFrame=[1080,0][1080,2400], mVisible=true, mInsetsRoundedCornerFrame=false}, InsetsSource: {mType=ITYPE_TOP_MANDATORY_GESTURES, mFrame=[0,0][1080,124], mVisible=true, mInsetsRoundedCornerFrame=false}, InsetsSource: {mType=ITYPE_BOTTOM_MANDATORY_GESTURES, mFrame=[0,2256][1080,2400], mVisible=true, mInsetsRoundedCornerFrame=false}, InsetsSource: {mType=ITYPE_LEFT_DISPLAY_CUTOUT, mFrame=[0,0][-100000,2400], mVisible=true, mInsetsRoundedCornerFrame=false}, InsetsSource: {mType=ITYPE_TOP_DISPLAY_CUTOUT, mFrame=[0,0][1080,88], mVisible=true, mInsetsRoundedCornerFrame=false}, InsetsSource: {mType=ITYPE_RIGHT_DISPLAY_CUTOUT, mFrame=[100000,0][1080,2400], mVisible=true, mInsetsRoundedCornerFrame=false}, InsetsSource: {mType=ITYPE_BOTTOM_DISPLAY_CUTOUT, mFrame=[0,100000][1080,2400], mVisible=true, mInsetsRoundedCornerFrame=false}, InsetsSource: {mType=ITYPE_TOP_TAPPABLE_ELEMENT, mFrame=[0,0][1080,88], mVisible=true, mInsetsRoundedCornerFrame=false}, InsetsSource: {mType=ITYPE_BOTTOM_TAPPABLE_ELEMENT, mFrame=[0,2256][1080,2400], mVisible=true, mInsetsRoundedCornerFrame=false} } host=PopupWindow:3a0531 from=android.view.ViewRootImpl.setView:1732
04-06 10:36:33.067 21645 21645 I ViewRootImpl@b2f5416[PopupWindow:3a0531]: setView = android.widget.PopupWindow$PopupDecorView@bc49ba2 TM=false
04-06 10:36:33.070 21645 21645 W RemoteInputConnectionImpl: requestCursorAnchorInfo on inactive InputConnection
04-06 10:36:33.071 21645 21645 I IMM_LC  : showSoftInput(View,I)
04-06 10:36:33.071 21645 21645 I IMM_LC  : ssi() - flag : 0 view : com.evolucao.app reason = SHOW_SOFT_INPUT
04-06 10:36:33.074 21645 21645 I ViewRootImpl@c75ad9f[PopupWindow:72d1b3e]: performTraversals params={(112,1390)(90x108) gr=TOP START CENTER sim={state=unchanged adjust=pan} ty=APPLICATION_SUB_PANEL fmt=TRANSLUCENT wanim=0x1030313 surfaceInsets=Rect(0, 0 - 0, 0) (manual)
04-06 10:36:33.074 21645 21645 I ViewRootImpl@c75ad9f[PopupWindow:72d1b3e]:   fl=41800208
04-06 10:36:33.074 21645 21645 I ViewRootImpl@c75ad9f[PopupWindow:72d1b3e]:   pfl=2018000
04-06 10:36:33.074 21645 21645 I ViewRootImpl@c75ad9f[PopupWindow:72d1b3e]:   bhv=DEFAULT
04-06 10:36:33.074 21645 21645 I ViewRootImpl@c75ad9f[PopupWindow:72d1b3e]:   fitTypes=STATUS_BARS NAVIGATION_BARS CAPTION_BAR naviIconColor=0
04-06 10:36:33.074 21645 21645 I ViewRootImpl@c75ad9f[PopupWindow:72d1b3e]:   sfl=20000}
04-06 10:36:33.074 21645 21645 I ViewRootImpl@c75ad9f[PopupWindow:72d1b3e]: performTraversals mFirst=true windowShouldResize=true viewVisibilityChanged=false mForceNextWindowRelayout=false params={(112,1390)(90x108) gr=TOP START CENTER sim={state=unchanged adjust=pan} ty=APPLICATION_SUB_PANEL fmt=TRANSLUCENT wanim=0x1030313 surfaceInsets=Rect(0, 0 - 0, 0) (manual)
04-06 10:36:33.074 21645 21645 I ViewRootImpl@c75ad9f[PopupWindow:72d1b3e]:   fl=41800208
04-06 10:36:33.074 21645 21645 I ViewRootImpl@c75ad9f[PopupWindow:72d1b3e]:   pfl=42018000
04-06 10:36:33.074 21645 21645 I ViewRootImpl@c75ad9f[PopupWindow:72d1b3e]:   bhv=DEFAULT
04-06 10:36:33.074 21645 21645 I ViewRootImpl@c75ad9f[PopupWindow:72d1b3e]:   fitTypes=STATUS_BARS NAVIGATION_BARS CAPTION_BAR naviIconColor=0
04-06 10:36:33.074 21645 21645 I ViewRootImpl@c75ad9f[PopupWindow:72d1b3e]:   sfl=20000}
04-06 10:36:33.078 21645 21668 I ViewRootImpl@c75ad9f[PopupWindow:72d1b3e]: Resizing android.view.ViewRootImpl@488add8: frame = [112,1390][202,1498] reportDraw = true forceLayout = false syncSeqId = 0
04-06 10:36:33.080 21645 21645 I ViewRootImpl@c75ad9f[PopupWindow:72d1b3e]: updateBlastSurfaceIfNeeded mBlastBufferQueue=null isSameSurfaceControl=false
04-06 10:36:33.081 21645 21645 I BLASTBufferQueue: new BLASTBufferQueue, mName= ViewRootImpl@c75ad9f[PopupWindow:72d1b3e] mNativeObject= 0xb4000070a076ac80 sc.mNativeObject= 0xb4000070b1543c20 caller= android.view.ViewRootImpl.updateBlastSurfaceIfNeeded:2909 android.view.ViewRootImpl.relayoutWindow:9847 android.view.ViewRootImpl.performTraversals:3884 android.view.ViewRootImpl.doTraversal:3116 android.view.ViewRootImpl$TraversalRunnable.run:10885 android.view.Choreographer$CallbackRecord.run:1301 android.view.Choreographer$CallbackRecord.run:1309 android.view.Choreographer.doCallbacks:923 android.view.Choreographer.doFrame:852 android.view.Choreographer$FrameDisplayEventReceiver.run:1283 
04-06 10:36:33.081 21645 21645 I BLASTBufferQueue: update, w= 90 h= 108 mName = ViewRootImpl@c75ad9f[PopupWindow:72d1b3e] mNativeObject= 0xb4000070a076ac80 sc.mNativeObject= 0xb4000070b1543c20 format= -3 caller= android.graphics.BLASTBufferQueue.<init>:84 android.view.ViewRootImpl.updateBlastSurfaceIfNeeded:2909 android.view.ViewRootImpl.relayoutWindow:9847 android.view.ViewRootImpl.performTraversals:3884 android.view.ViewRootImpl.doTraversal:3116 android.view.ViewRootImpl$TraversalRunnable.run:10885 
04-06 10:36:33.081 21645 21645 I ViewRootImpl@c75ad9f[PopupWindow:72d1b3e]: Relayout returned: old=(112,1390,202,1498) new=(112,1390,202,1498) req=(90,108)0 dur=6 res=0x3 s={true 0xb4000070a076d800} ch=true seqId=0
04-06 10:36:33.082 21645 21645 I ViewRootImpl@c75ad9f[PopupWindow:72d1b3e]: mThreadedRenderer.initialize() mSurface={isValid=true 0xb4000070a076d800} hwInitialized=true
04-06 10:36:33.082 21645 21701 D OpenGLRenderer: eglCreateWindowSurface
04-06 10:36:33.082 21645 21645 I ViewRootImpl@c75ad9f[PopupWindow:72d1b3e]: reportNextDraw android.view.ViewRootImpl.performTraversals:4438 android.view.ViewRootImpl.doTraversal:3116 android.view.ViewRootImpl$TraversalRunnable.run:10885 android.view.Choreographer$CallbackRecord.run:1301 android.view.Choreographer$CallbackRecord.run:1309 
04-06 10:36:33.082 21645 21645 I ViewRootImpl@c75ad9f[PopupWindow:72d1b3e]: Setup new sync id=0
04-06 10:36:33.083 21645 21645 I ViewRootImpl@c75ad9f[PopupWindow:72d1b3e]: Setting syncFrameCallback
04-06 10:36:33.083 21645 21645 I ViewRootImpl@c75ad9f[PopupWindow:72d1b3e]: registerCallbacksForSync syncBuffer=false
04-06 10:36:33.083 21645 21721 I ViewRootImpl@c75ad9f[PopupWindow:72d1b3e]: Received frameDrawingCallback syncResult=0 frameNum=1.
04-06 10:36:33.083 21645 21721 I ViewRootImpl@c75ad9f[PopupWindow:72d1b3e]: Setting up sync and frameCommitCallback
04-06 10:36:33.084 21645 21701 I BLASTBufferQueue: [ViewRootImpl@c75ad9f[PopupWindow:72d1b3e]#4](f:0,a:0) onFrameAvailable the first frame is available
04-06 10:36:33.084 21645 21701 I ViewRootImpl@c75ad9f[PopupWindow:72d1b3e]: Received frameCommittedCallback lastAttemptedDrawFrameNum=1 didProduceBuffer=true
04-06 10:36:33.084 21645 21701 D OpenGLRenderer: CFMS:: SetUp Pid : 21645    Tid : 21701
04-06 10:36:33.085 21645 21701 W Parcel  : Expecting binder but got null!
04-06 10:36:33.085 21645 21645 I ViewRootImpl@c75ad9f[PopupWindow:72d1b3e]: onSyncComplete
04-06 10:36:33.085 21645 21645 I ViewRootImpl@c75ad9f[PopupWindow:72d1b3e]: setupSync seqId=0 mSyncId=0 fn=1 caller=android.view.ViewRootImpl$$ExternalSyntheticLambda11.accept:6 android.window.SurfaceSyncer.lambda$setupSync$1$android-window-SurfaceSyncer:128 android.window.SurfaceSyncer$$ExternalSyntheticLambda1.accept:8 android.window.SurfaceSyncer$SyncSet.checkIfSyncIsComplete:382 android.window.SurfaceSyncer$SyncSet.markSyncReady:359 android.window.SurfaceSyncer.markSyncReady:151 android.view.ViewRootImpl.performTraversals:4503 
04-06 10:36:33.086 21645 21645 I ViewRootImpl@b2f5416[PopupWindow:3a0531]: performTraversals params={(112,1296)(90x94) gr=TOP START CENTER sim={state=unchanged adjust=pan} ty=APPLICATION_SUB_PANEL fmt=TRANSLUCENT wanim=0x1030313 surfaceInsets=Rect(0, 0 - 0, 0) (manual)
04-06 10:36:33.086 21645 21645 I ViewRootImpl@b2f5416[PopupWindow:3a0531]:   fl=41800218
04-06 10:36:33.086 21645 21645 I ViewRootImpl@b2f5416[PopupWindow:3a0531]:   pfl=2018000
04-06 10:36:33.086 21645 21645 I ViewRootImpl@b2f5416[PopupWindow:3a0531]:   bhv=DEFAULT
04-06 10:36:33.086 21645 21645 I ViewRootImpl@b2f5416[PopupWindow:3a0531]:   fitTypes=STATUS_BARS NAVIGATION_BARS CAPTION_BAR naviIconColor=0
04-06 10:36:33.086 21645 21645 I ViewRootImpl@b2f5416[PopupWindow:3a0531]:   sfl=20000}
04-06 10:36:33.087 21645 21645 I ViewRootImpl@b2f5416[PopupWindow:3a0531]: performTraversals mFirst=true windowShouldResize=true viewVisibilityChanged=false mForceNextWindowRelayout=false params={(112,1296)(90x94) gr=TOP START CENTER sim={state=unchanged adjust=pan} ty=APPLICATION_SUB_PANEL fmt=TRANSLUCENT wanim=0x1030313 surfaceInsets=Rect(0, 0 - 0, 0) (manual)
04-06 10:36:33.087 21645 21645 I ViewRootImpl@b2f5416[PopupWindow:3a0531]:   fl=41800218
04-06 10:36:33.087 21645 21645 I ViewRootImpl@b2f5416[PopupWindow:3a0531]:   pfl=42018000
04-06 10:36:33.087 21645 21645 I ViewRootImpl@b2f5416[PopupWindow:3a0531]:   bhv=DEFAULT
04-06 10:36:33.087 21645 21645 I ViewRootImpl@b2f5416[PopupWindow:3a0531]:   fitTypes=STATUS_BARS NAVIGATION_BARS CAPTION_BAR naviIconColor=0
04-06 10:36:33.087 21645 21645 I ViewRootImpl@b2f5416[PopupWindow:3a0531]:   sfl=20000}
04-06 10:36:33.090 21645 21668 I ViewRootImpl@b2f5416[PopupWindow:3a0531]: Resizing android.view.ViewRootImpl@b6dd033: frame = [112,1296][202,1390] reportDraw = true forceLayout = false syncSeqId = 0
04-06 10:36:33.091 21645 21645 I ViewRootImpl@b2f5416[PopupWindow:3a0531]: updateBlastSurfaceIfNeeded mBlastBufferQueue=null isSameSurfaceControl=false
04-06 10:36:33.091 21645 21645 I BLASTBufferQueue: new BLASTBufferQueue, mName= ViewRootImpl@b2f5416[PopupWindow:3a0531] mNativeObject= 0xb4000070b11e2e00 sc.mNativeObject= 0xb4000070b1543ea0 caller= android.view.ViewRootImpl.updateBlastSurfaceIfNeeded:2909 android.view.ViewRootImpl.relayoutWindow:9847 android.view.ViewRootImpl.performTraversals:3884 android.view.ViewRootImpl.doTraversal:3116 android.view.ViewRootImpl$TraversalRunnable.run:10885 android.view.Choreographer$CallbackRecord.run:1301 android.view.Choreographer$CallbackRecord.run:1309 android.view.Choreographer.doCallbacks:923 android.view.Choreographer.doFrame:852 android.view.Choreographer$FrameDisplayEventReceiver.run:1283 
04-06 10:36:33.091 21645 21645 I BLASTBufferQueue: update, w= 90 h= 94 mName = ViewRootImpl@b2f5416[PopupWindow:3a0531] mNativeObject= 0xb4000070b11e2e00 sc.mNativeObject= 0xb4000070b1543ea0 format= -3 caller= android.graphics.BLASTBufferQueue.<init>:84 android.view.ViewRootImpl.updateBlastSurfaceIfNeeded:2909 android.view.ViewRootImpl.relayoutWindow:9847 android.view.ViewRootImpl.performTraversals:3884 android.view.ViewRootImpl.doTraversal:3116 android.view.ViewRootImpl$TraversalRunnable.run:10885 
04-06 10:36:33.092 21645 21645 I ViewRootImpl@b2f5416[PopupWindow:3a0531]: Relayout returned: old=(112,1296,202,1390) new=(112,1296,202,1390) req=(90,94)0 dur=4 res=0x3 s={true 0xb4000070a076b000} ch=true seqId=0
04-06 10:36:33.092 21645 21645 I ViewRootImpl@b2f5416[PopupWindow:3a0531]: mThreadedRenderer.initialize() mSurface={isValid=true 0xb4000070a076b000} hwInitialized=true
04-06 10:36:33.092 21645 21701 D OpenGLRenderer: eglCreateWindowSurface
04-06 10:36:33.093 21645 21645 I ViewRootImpl@b2f5416[PopupWindow:3a0531]: reportNextDraw android.view.ViewRootImpl.performTraversals:4438 android.view.ViewRootImpl.doTraversal:3116 android.view.ViewRootImpl$TraversalRunnable.run:10885 android.view.Choreographer$CallbackRecord.run:1301 android.view.Choreographer$CallbackRecord.run:1309 
04-06 10:36:33.093 21645 21645 I ViewRootImpl@b2f5416[PopupWindow:3a0531]: Setup new sync id=0
04-06 10:36:33.093 21645 21645 I ViewRootImpl@b2f5416[PopupWindow:3a0531]: Setting syncFrameCallback
04-06 10:36:33.093 21645 21645 I ViewRootImpl@b2f5416[PopupWindow:3a0531]: registerCallbacksForSync syncBuffer=false
04-06 10:36:33.094 21645 21722 I ViewRootImpl@b2f5416[PopupWindow:3a0531]: Received frameDrawingCallback syncResult=0 frameNum=1.
04-06 10:36:33.094 21645 21722 I ViewRootImpl@b2f5416[PopupWindow:3a0531]: Setting up sync and frameCommitCallback
04-06 10:36:33.094 21645 21701 I BLASTBufferQueue: [ViewRootImpl@b2f5416[PopupWindow:3a0531]#5](f:0,a:0) onFrameAvailable the first frame is available
04-06 10:36:33.094 21645 21701 I ViewRootImpl@b2f5416[PopupWindow:3a0531]: Received frameCommittedCallback lastAttemptedDrawFrameNum=1 didProduceBuffer=true
04-06 10:36:33.094 21645 21701 D OpenGLRenderer: CFMS:: SetUp Pid : 21645    Tid : 21701
04-06 10:36:33.094 21645 21701 W Parcel  : Expecting binder but got null!
04-06 10:36:33.095 21645 21645 I ViewRootImpl@b2f5416[PopupWindow:3a0531]: onSyncComplete
04-06 10:36:33.095 21645 21645 I ViewRootImpl@b2f5416[PopupWindow:3a0531]: setupSync seqId=0 mSyncId=0 fn=1 caller=android.view.ViewRootImpl$$ExternalSyntheticLambda11.accept:6 android.window.SurfaceSyncer.lambda$setupSync$1$android-window-SurfaceSyncer:128 android.window.SurfaceSyncer$$ExternalSyntheticLambda1.accept:8 android.window.SurfaceSyncer$SyncSet.checkIfSyncIsComplete:382 android.window.SurfaceSyncer$SyncSet.markSyncReady:359 android.window.SurfaceSyncer.markSyncReady:151 android.view.ViewRootImpl.performTraversals:4503 
04-06 10:36:33.095 21645 21645 I ViewRootImpl@b2f5416[PopupWindow:3a0531]: reportDrawFinished seqId=0 mSyncId=-1 fn=1 mSurfaceChangedTransaction=0xb4000070b0fa3800
04-06 10:36:33.095 21645 21645 I ViewRootImpl@c75ad9f[PopupWindow:72d1b3e]: reportDrawFinished seqId=0 mSyncId=-1 fn=1 mSurfaceChangedTransaction=0xb400007008c44b00
04-06 10:36:33.097 21645 21645 I ViewRootImpl@c75ad9f[PopupWindow:72d1b3e]: handleResized, msg = 5 frames=ClientWindowFrames{frame=[112,1390][202,1498] display=[-100000,-100000][100000,100000] parentFrame=[0,0][0,0] parentClippedByDisplayCutout=false} forceNextWindowRelayout=false displayId=0 resizeMode=-1 frameChanged=false displayFrameChanged=false configChanged=false displayChanged=false
04-06 10:36:33.097 21645 21645 I ViewRootImpl@c75ad9f[PopupWindow:72d1b3e]: handleResized mSyncSeqId = 0
04-06 10:36:33.097 21645 21645 I ViewRootImpl@c75ad9f[PopupWindow:72d1b3e]: reportNextDraw android.view.ViewRootImpl.handleResized:2450 android.view.ViewRootImpl.-$$Nest$mhandleResized:0 android.view.ViewRootImpl$ViewRootHandler.handleMessageImpl:6728 android.view.ViewRootImpl$ViewRootHandler.handleMessage:6697 android.os.Handler.dispatchMessage:106 
04-06 10:36:33.098 21645 21645 I ViewRootImpl@c75ad9f[PopupWindow:72d1b3e]: Setup new sync id=1
04-06 10:36:33.098 21645 21645 I ViewRootImpl@c75ad9f[PopupWindow:72d1b3e]: Setting syncFrameCallback
04-06 10:36:33.098 21645 21645 I ViewRootImpl@c75ad9f[PopupWindow:72d1b3e]: registerCallbacksForSync syncBuffer=false
04-06 10:36:33.099 21645 21721 I ViewRootImpl@c75ad9f[PopupWindow:72d1b3e]: Received frameDrawingCallback syncResult=0 frameNum=2.
04-06 10:36:33.099 21645 21721 I ViewRootImpl@c75ad9f[PopupWindow:72d1b3e]: Setting up sync and frameCommitCallback
04-06 10:36:33.099 21645 21701 I ViewRootImpl@c75ad9f[PopupWindow:72d1b3e]: Received frameCommittedCallback lastAttemptedDrawFrameNum=2 didProduceBuffer=true
04-06 10:36:33.099 21645 21645 I ViewRootImpl@c75ad9f[PopupWindow:72d1b3e]: onSyncComplete
04-06 10:36:33.100 21645 21645 I ViewRootImpl@c75ad9f[PopupWindow:72d1b3e]: setupSync seqId=0 mSyncId=1 fn=2 caller=android.view.ViewRootImpl$$ExternalSyntheticLambda11.accept:6 android.window.SurfaceSyncer.lambda$setupSync$1$android-window-SurfaceSyncer:128 android.window.SurfaceSyncer$$ExternalSyntheticLambda1.accept:8 android.window.SurfaceSyncer$SyncSet.checkIfSyncIsComplete:382 android.window.SurfaceSyncer$SyncSet.markSyncReady:359 android.window.SurfaceSyncer.markSyncReady:151 android.view.ViewRootImpl.performTraversals:4503 
04-06 10:36:33.100 21645 21645 I ViewRootImpl@c75ad9f[PopupWindow:72d1b3e]: reportDrawFinished seqId=0 mSyncId=-1 fn=2 mSurfaceChangedTransaction=0xb400007008c44b00
04-06 10:36:33.100 21645 21645 I ViewRootImpl@b2f5416[PopupWindow:3a0531]: handleResized, msg = 5 frames=ClientWindowFrames{frame=[112,1296][202,1390] display=[-100000,-100000][100000,100000] parentFrame=[0,0][0,0] parentClippedByDisplayCutout=false} forceNextWindowRelayout=false displayId=0 resizeMode=-1 frameChanged=false displayFrameChanged=false configChanged=false displayChanged=false
04-06 10:36:33.100 21645 21645 I ViewRootImpl@b2f5416[PopupWindow:3a0531]: handleResized mSyncSeqId = 0
04-06 10:36:33.100 21645 21645 I ViewRootImpl@b2f5416[PopupWindow:3a0531]: reportNextDraw android.view.ViewRootImpl.handleResized:2450 android.view.ViewRootImpl.-$$Nest$mhandleResized:0 android.view.ViewRootImpl$ViewRootHandler.handleMessageImpl:6728 android.view.ViewRootImpl$ViewRootHandler.handleMessage:6697 android.os.Handler.dispatchMessage:106 
04-06 10:36:33.113 21645 21645 I ViewRootImpl@b2f5416[PopupWindow:3a0531]: Setup new sync id=1
04-06 10:36:33.113 21645 21645 I ViewRootImpl@b2f5416[PopupWindow:3a0531]: Setting syncFrameCallback
04-06 10:36:33.114 21645 21645 I ViewRootImpl@b2f5416[PopupWindow:3a0531]: registerCallbacksForSync syncBuffer=false
04-06 10:36:33.115 21645 21722 I ViewRootImpl@b2f5416[PopupWindow:3a0531]: Received frameDrawingCallback syncResult=0 frameNum=2.
04-06 10:36:33.115 21645 21722 I ViewRootImpl@b2f5416[PopupWindow:3a0531]: Setting up sync and frameCommitCallback
04-06 10:36:33.116 21645 21701 I ViewRootImpl@b2f5416[PopupWindow:3a0531]: Received frameCommittedCallback lastAttemptedDrawFrameNum=2 didProduceBuffer=true
04-06 10:36:33.116 21645 21645 I ViewRootImpl@b2f5416[PopupWindow:3a0531]: onSyncComplete
04-06 10:36:33.117 21645 21645 I ViewRootImpl@b2f5416[PopupWindow:3a0531]: setupSync seqId=0 mSyncId=1 fn=2 caller=android.view.ViewRootImpl$$ExternalSyntheticLambda11.accept:6 android.window.SurfaceSyncer.lambda$setupSync$1$android-window-SurfaceSyncer:128 android.window.SurfaceSyncer$$ExternalSyntheticLambda1.accept:8 android.window.SurfaceSyncer$SyncSet.checkIfSyncIsComplete:382 android.window.SurfaceSyncer$SyncSet.markSyncReady:359 android.window.SurfaceSyncer.markSyncReady:151 android.view.ViewRootImpl.performTraversals:4503 
04-06 10:36:33.117 21645 21645 I ViewRootImpl@b2f5416[PopupWindow:3a0531]: reportDrawFinished seqId=0 mSyncId=-1 fn=2 mSurfaceChangedTransaction=0xb4000070b0fa3800
04-06 10:36:33.118 21645 21645 W OnBackInvokedCallback: OnBackInvokedCallback is not enabled for the application.
04-06 10:36:33.118 21645 21645 W OnBackInvokedCallback: Set 'android:enableOnBackInvokedCallback="true"' in the application manifest.
04-06 10:36:33.118 21645 21645 D InsetsController: show(ime(), fromIme=true)
04-06 10:36:33.118 21645 21645 D InsetsController: show(ime(), fromIme=true)
04-06 10:36:33.134 21645 21645 D InsetsController: show(ime(), fromIme=true)
04-06 10:36:33.493 21645 21683 I DetoxWSClient: Sending out action 'invokeResult' (ID #8)
04-06 10:36:33.493 21645 21683 I DetoxDispatcher: Done with action 'invoke'
04-06 10:36:33.498 21645 21687 D DetoxWSClient: Received action 'invoke' (ID #9, params={"target":{"type":"Class","value":"com.wix.detox.espresso.EspressoDetox"},"method":"perform","args":[{"type":"Invocation","value":{"target":{"type":"Class","value":"com.wix.detox.espresso.DetoxMatcher"},"method":"matcherForTestId","args":["input-peso-meta",{"type":"boolean","value":false}]}},{"type":"Invocation","value":{"target":{"type":"Class","value":"androidx.test.espresso.action.ViewActions"},"method":"clearText","args":[]}}]})
04-06 10:36:33.499 21645 21683 I DetoxDispatcher: Handling action 'invoke' (ID #9)...
04-06 10:36:33.499 21645 21683 D Detox   : class com.wix.detox.espresso.DetoxMatcher, matcherForTestId, [input-peso-meta, false]
04-06 10:36:33.500 21645 21683 D Detox   : class androidx.test.espresso.action.ViewActions, clearText, []
04-06 10:36:33.500 21645 21683 D Detox   : class com.wix.detox.espresso.EspressoDetox, perform, [(view.getTag() is "input-peso-meta" and view has effective visibility <VISIBLE>), androidx.test.espresso.action.ReplaceTextAction@1ef3d08]
04-06 10:36:33.506 21645 21645 I ViewInteraction: Performing 'replace text()' action on view (view.getTag() is "input-peso-meta" and view has effective visibility <VISIBLE>)
04-06 10:36:33.516 21645 21683 I DetoxWSClient: Sending out action 'invokeResult' (ID #9)
04-06 10:36:33.525 21645 21645 D InputMethodManager: startInputInner - Id : 0
04-06 10:36:33.525 21645 21645 I InputMethodManager: startInputInner - mService.startInputOrWindowGainedFocus
04-06 10:36:33.534 21645 21683 I DetoxDispatcher: Done with action 'invoke'
04-06 10:36:33.537 21645 21687 D DetoxWSClient: Received action 'invoke' (ID #10, params={"target":{"type":"Class","value":"com.wix.detox.espresso.EspressoDetox"},"method":"perform","args":[{"type":"Invocation","value":{"target":{"type":"Class","value":"com.wix.detox.espresso.DetoxMatcher"},"method":"matcherForTestId","args":["input-peso-meta",{"type":"boolean","value":false}]}},{"type":"Invocation","value":{"target":{"type":"Class","value":"androidx.test.espresso.action.ViewActions"},"method":"replaceText","args":["77"]}}]})
04-06 10:36:33.537 21645 21683 I DetoxDispatcher: Handling action 'invoke' (ID #10)...
04-06 10:36:33.537 21645 21683 D Detox   : class com.wix.detox.espresso.DetoxMatcher, matcherForTestId, [input-peso-meta, false]
04-06 10:36:33.537 21645 21683 D Detox   : class androidx.test.espresso.action.ViewActions, replaceText, [77]
04-06 10:36:33.538 21645 21683 D Detox   : class com.wix.detox.espresso.EspressoDetox, perform, [(view.getTag() is "input-peso-meta" and view has effective visibility <VISIBLE>), androidx.test.espresso.action.ReplaceTextAction@cf7fc9b]
04-06 10:36:33.551 21645 21645 D InputMethodManager: startInputInner - Id : 0
04-06 10:36:33.552 21645 21645 I InputMethodManager: startInputInner - mService.startInputOrWindowGainedFocus
04-06 10:36:33.554 21645 21645 D InsetsController: show(ime(), fromIme=true)
04-06 10:36:33.555 21645 21645 I ViewInteraction: Performing 'replace text(77)' action on view (view.getTag() is "input-peso-meta" and view has effective visibility <VISIBLE>)
04-06 10:36:33.559 21645 21683 I DetoxWSClient: Sending out action 'invokeResult' (ID #10)
04-06 10:36:33.559 21645 21683 I DetoxDispatcher: Done with action 'invoke'
04-06 10:36:33.564 21645 21687 D DetoxWSClient: Received action 'invoke' (ID #11, params={"target":{"type":"Class","value":"com.wix.detox.espresso.DetoxAssertion"},"method":"assertMatcher","args":[{"type":"Invocation","value":{"target":{"type":"Class","value":"androidx.test.espresso.Espresso"},"method":"onView","args":[{"type":"Invocation","value":{"target":{"type":"Class","value":"com.wix.detox.espresso.DetoxMatcher"},"method":"matcherForTestId","args":["input-peso-meta",{"type":"boolean","value":false}]}}]}},{"type":"Invocation","value":{"target":{"type":"Class","value":"com.wix.detox.espresso.DetoxMatcher"},"method":"matcherForText","args":["77",{"type":"boolean","value":false}]}}]})
04-06 10:36:33.565 21645 21683 I DetoxDispatcher: Handling action 'invoke' (ID #11)...
04-06 10:36:33.565 21645 21683 D Detox   : class com.wix.detox.espresso.DetoxMatcher, matcherForTestId, [input-peso-meta, false]
04-06 10:36:33.566 21645 21645 D InputMethodManager: startInputInner - Id : 0
04-06 10:36:33.566 21645 21683 D Detox   : class androidx.test.espresso.Espresso, onView, [(view.getTag() is "input-peso-meta" and view has effective visibility <VISIBLE>)]
04-06 10:36:33.566 21645 21645 I InputMethodManager: startInputInner - mService.startInputOrWindowGainedFocus
04-06 10:36:33.566 21645 21683 D Detox   : class com.wix.detox.espresso.DetoxMatcher, matcherForText, [77, false]
04-06 10:36:33.567 21645 21683 D Detox   : class com.wix.detox.espresso.DetoxAssertion, assertMatcher, [androidx.test.espresso.ViewInteraction@ac9c0b2, (an instance of android.widget.TextView and view.getText() with or without transformation to match: is "77" and view has effective visibility <VISIBLE>)]
04-06 10:36:33.582 21645 21645 D InsetsController: show(ime(), fromIme=true)
04-06 10:36:33.602 21645 21645 I ViewInteraction: Checking 'MatchesViewAssertion(Detox){viewMatcher=(an instance of android.widget.TextView and view.getText() with or without transformation to match: is "77" and view has effective visibility <VISIBLE>)}' assertion on view (view.getTag() is "input-peso-meta" and view has effective visibility <VISIBLE>)
04-06 10:36:33.604 21645 21683 I DetoxWSClient: Sending out action 'invokeResult' (ID #11)
04-06 10:36:33.604 21645 21683 I DetoxDispatcher: Done with action 'invoke'
04-06 10:36:33.609 21645 21687 D DetoxWSClient: Received action 'invoke' (ID #12, params={"target":{"type":"Class","value":"com.wix.detox.espresso.EspressoDetox"},"method":"perform","args":[{"type":"Invocation","value":{"target":{"type":"Class","value":"com.wix.detox.espresso.DetoxMatcher"},"method":"matcherForTestId","args":["input-altura",{"type":"boolean","value":false}]}},{"type":"Invocation","value":{"target":{"type":"Class","value":"com.wix.detox.espresso.DetoxViewActions"},"method":"click","args":[]}}]})
04-06 10:36:33.609 21645 21683 I DetoxDispatcher: Handling action 'invoke' (ID #12)...
04-06 10:36:33.610 21645 21683 D Detox   : class com.wix.detox.espresso.DetoxMatcher, matcherForTestId, [input-altura, false]
04-06 10:36:33.610 21645 21683 D Detox   : class com.wix.detox.espresso.DetoxViewActions, click, []
04-06 10:36:33.610 21645 21683 D Detox   : class com.wix.detox.espresso.EspressoDetox, perform, [(view.getTag() is "input-altura" and view has effective visibility <VISIBLE>), com.wix.detox.espresso.action.RNClickAction@4cfba62]
04-06 10:36:33.611 21645 21701 D OpenGLRenderer: setSurface called with nullptr
04-06 10:36:33.611 21645 21701 D OpenGLRenderer: setSurface() destroyed EGLSurface
04-06 10:36:33.611 21645 21701 D OpenGLRenderer: destroyEglSurface
04-06 10:36:33.611 21645 21645 I ViewRootImpl@c75ad9f[PopupWindow:72d1b3e]: dispatchDetachedFromWindow
04-06 10:36:33.615 21645 21645 D InputTransport: Input channel destroyed: '1a9a46e', fd=113
04-06 10:36:33.616 21645 21701 D OpenGLRenderer: setSurface called with nullptr
04-06 10:36:33.616 21645 21701 D OpenGLRenderer: setSurface() destroyed EGLSurface
04-06 10:36:33.616 21645 21701 D OpenGLRenderer: destroyEglSurface
04-06 10:36:33.617 21645 21645 I ViewRootImpl@b2f5416[PopupWindow:3a0531]: dispatchDetachedFromWindow
04-06 10:36:33.620 21645 21645 D InputTransport: Input channel destroyed: '9cf997a', fd=134
04-06 10:36:33.622 21645 21645 D InsetsController: show(ime(), fromIme=true)
04-06 10:36:33.623 21645 21645 I ViewInteraction: Performing 'com.wix.detox.espresso.action.detoxsingletap@10867f3 click' action on view (view.getTag() is "input-altura" and view has effective visibility <VISIBLE>)
04-06 10:36:33.661 21645 21645 I ViewRootImpl@7efc384[MainActivity]: ViewPostIme key 0
04-06 10:36:33.679 21645 21645 I ViewRootImpl@7efc384[MainActivity]: ViewPostIme key 1
04-06 10:36:34.097 21645 21683 I DetoxWSClient: Sending out action 'invokeResult' (ID #12)
04-06 10:36:34.098 21645 21683 I DetoxDispatcher: Done with action 'invoke'
04-06 10:36:34.103 21645 21687 D DetoxWSClient: Received action 'invoke' (ID #13, params={"target":{"type":"Class","value":"com.wix.detox.espresso.EspressoDetox"},"method":"perform","args":[{"type":"Invocation","value":{"target":{"type":"Class","value":"com.wix.detox.espresso.DetoxMatcher"},"method":"matcherForTestId","args":["input-altura",{"type":"boolean","value":false}]}},{"type":"Invocation","value":{"target":{"type":"Class","value":"androidx.test.espresso.action.ViewActions"},"method":"clearText","args":[]}}]})
04-06 10:36:34.104 21645 21683 I DetoxDispatcher: Handling action 'invoke' (ID #13)...
04-06 10:36:34.104 21645 21683 D Detox   : class com.wix.detox.espresso.DetoxMatcher, matcherForTestId, [input-altura, false]
04-06 10:36:34.105 21645 21683 D Detox   : class androidx.test.espresso.action.ViewActions, clearText, []
04-06 10:36:34.105 21645 21683 D Detox   : class com.wix.detox.espresso.EspressoDetox, perform, [(view.getTag() is "input-altura" and view has effective visibility <VISIBLE>), androidx.test.espresso.action.ReplaceTextAction@ad54337]
04-06 10:36:34.111 21645 21645 I ViewInteraction: Performing 'replace text()' action on view (view.getTag() is "input-altura" and view has effective visibility <VISIBLE>)
04-06 10:36:34.122 21645 21683 I DetoxWSClient: Sending out action 'invokeResult' (ID #13)
04-06 10:36:34.122 21645 21683 I DetoxDispatcher: Done with action 'invoke'
04-06 10:36:34.126 21645 21687 D DetoxWSClient: Received action 'invoke' (ID #14, params={"target":{"type":"Class","value":"com.wix.detox.espresso.EspressoDetox"},"method":"perform","args":[{"type":"Invocation","value":{"target":{"type":"Class","value":"com.wix.detox.espresso.DetoxMatcher"},"method":"matcherForTestId","args":["input-altura",{"type":"boolean","value":false}]}},{"type":"Invocation","value":{"target":{"type":"Class","value":"androidx.test.espresso.action.ViewActions"},"method":"replaceText","args":["178"]}}]})
04-06 10:36:34.127 21645 21683 I DetoxDispatcher: Handling action 'invoke' (ID #14)...
04-06 10:36:34.127 21645 21683 D Detox   : class com.wix.detox.espresso.DetoxMatcher, matcherForTestId, [input-altura, false]
04-06 10:36:34.128 21645 21683 D Detox   : class androidx.test.espresso.action.ViewActions, replaceText, [178]
04-06 10:36:34.128 21645 21683 D Detox   : class com.wix.detox.espresso.EspressoDetox, perform, [(view.getTag() is "input-altura" and view has effective visibility <VISIBLE>), androidx.test.espresso.action.ReplaceTextAction@eada1c5]
04-06 10:36:34.161 21645 21645 I ViewInteraction: Performing 'replace text(178)' action on view (view.getTag() is "input-altura" and view has effective visibility <VISIBLE>)
04-06 10:36:34.165 21645 21683 I DetoxWSClient: Sending out action 'invokeResult' (ID #14)
04-06 10:36:34.165 21645 21683 I DetoxDispatcher: Done with action 'invoke'
04-06 10:36:34.168 21645 21687 D DetoxWSClient: Received action 'invoke' (ID #15, params={"target":{"type":"Class","value":"com.wix.detox.espresso.DetoxAssertion"},"method":"assertMatcher","args":[{"type":"Invocation","value":{"target":{"type":"Class","value":"androidx.test.espresso.Espresso"},"method":"onView","args":[{"type":"Invocation","value":{"target":{"type":"Class","value":"com.wix.detox.espresso.DetoxMatcher"},"method":"matcherForTestId","args":["input-altura",{"type":"boolean","value":false}]}}]}},{"type":"Invocation","value":{"target":{"type":"Class","value":"com.wix.detox.espresso.DetoxMatcher"},"method":"matcherForText","args":["178",{"type":"boolean","value":false}]}}]})
04-06 10:36:34.168 21645 21683 I DetoxDispatcher: Handling action 'invoke' (ID #15)...
04-06 10:36:34.169 21645 21683 D Detox   : class com.wix.detox.espresso.DetoxMatcher, matcherForTestId, [input-altura, false]
04-06 10:36:34.169 21645 21683 D Detox   : class androidx.test.espresso.Espresso, onView, [(view.getTag() is "input-altura" and view has effective visibility <VISIBLE>)]
04-06 10:36:34.169 21645 21683 D Detox   : class com.wix.detox.espresso.DetoxMatcher, matcherForText, [178, false]
04-06 10:36:34.170 21645 21683 D Detox   : class com.wix.detox.espresso.DetoxAssertion, assertMatcher, [androidx.test.espresso.ViewInteraction@ee0bfb3, (an instance of android.widget.TextView and view.getText() with or without transformation to match: is "178" and view has effective visibility <VISIBLE>)]
04-06 10:36:34.227 21645 21645 I ViewInteraction: Checking 'MatchesViewAssertion(Detox){viewMatcher=(an instance of android.widget.TextView and view.getText() with or without transformation to match: is "178" and view has effective visibility <VISIBLE>)}' assertion on view (view.getTag() is "input-altura" and view has effective visibility <VISIBLE>)
04-06 10:36:34.232 21645 21683 I DetoxWSClient: Sending out action 'invokeResult' (ID #15)
04-06 10:36:34.232 21645 21683 I DetoxDispatcher: Done with action 'invoke'
04-06 10:36:34.237 21645 21687 D DetoxWSClient: Received action 'invoke' (ID #16, params={"target":{"type":"Invocation","value":{"target":{"type":"Class","value":"com.wix.detox.uiautomator.UiAutomator"},"method":"uiDevice","args":[]}},"method":"pressBack","args":[]})
04-06 10:36:34.237 21645 21683 I DetoxDispatcher: Handling action 'invoke' (ID #16)...
04-06 10:36:34.237 21645 21683 D Detox   : class com.wix.detox.uiautomator.UiAutomator, uiDevice, []
04-06 10:36:34.240 21645 21683 I UiDevice: Creating a new instance, old instance exists: false
04-06 10:36:34.252 21645 21683 D UiDevice: Setting accessibility service flags: 65618
04-06 10:36:34.727 21645 21659 D InputTransport: Input channel destroyed: 'ClientS', fd=154
04-06 10:36:34.727 21645 21659 D InputTransport: Input channel destroyed: 'ClientS', fd=192
04-06 10:36:34.727 21645 21659 D InputTransport: Input channel destroyed: 'ClientS', fd=187
04-06 10:36:34.727 21645 21701 D OpenGLRenderer: setSurface called with nullptr
04-06 10:36:34.727 21645 21701 D OpenGLRenderer: setSurface called with nullptr
04-06 10:36:34.727 21645 21659 D InputTransport: Input channel destroyed: 'ClientS', fd=106
04-06 10:36:34.728 21645 21659 D InputTransport: Input channel destroyed: 'ClientS', fd=166
04-06 10:36:34.728 21645 21659 D InputTransport: Input channel destroyed: 'ClientS', fd=165
04-06 10:36:34.728 21645 21659 D InputTransport: Input channel destroyed: 'ClientS', fd=158
04-06 10:36:34.728 21645 21701 D OpenGLRenderer: setSurface called with nullptr
04-06 10:36:34.728 21645 21701 D OpenGLRenderer: setSurface called with nullptr
04-06 10:36:34.728 21645 21659 D InputTransport: Input channel destroyed: 'ClientS', fd=161
04-06 10:36:34.894 21645 21683 D UiDevice: Pressing back button.
04-06 10:36:34.909 21645 21645 I ViewRootImpl@7efc384[MainActivity]: The input has been finished in ImeInputStage.
04-06 10:36:34.922 21645 21645 I ViewRootImpl@7efc384[MainActivity]: The input has been finished in ImeInputStage.
04-06 10:36:34.927 21645 21645 D InsetsController: controlAnimationUnchecked: Added types=8 animType=1 host=com.evolucao.app/com.evolucao.app.MainActivity from=android.view.InsetsController.applyAnimation:1576 android.view.InsetsController.applyAnimation:1557 android.view.InsetsController.hide:1093 
04-06 10:36:34.928 21645 21645 D InsetsSourceConsumer: setRequestedVisible: visible=false, type=19, host=com.evolucao.app/com.evolucao.app.MainActivity, from=android.view.InsetsSourceConsumer.hide:257 android.view.ImeInsetsSourceConsumer.hide:88 android.view.ImeInsetsSourceConsumer.hide:94 android.view.InsetsController.hideDirectly:1593 android.view.InsetsController.controlAnimationUnchecked:1234 android.view.InsetsController.applyAnimation:1576 android.view.InsetsController.applyAnimation:1557 android.view.InsetsController.hide:1093 android.view.ViewRootImpl$ViewRootHandler.handleMessageImpl:6765 android.view.ViewRootImpl$ViewRootHandler.handleMessage:6697 
04-06 10:36:34.945 21645 21664 I ViewRootImpl@7efc384[MainActivity]: Resizing android.view.ViewRootImpl@2cd4d69: frame = [0,0][1080,2400] reportDraw = false forceLayout = false syncSeqId = 0
