04-06 10:36:34.946 21645 21645 D InsetsController: onStateChanged: InsetsState: {mDisplayFrame=Rect(0, 0 - 1080, 2400), mDisplayCutout=DisplayCutout{insets=Rect(0, 88 - 0, 0) waterfall=Insets{left=0, top=0, right=0, bottom=0} boundingRect={Bounds=[Rect(0, 0 - 0, 0), Rect(512, 0 - 568, 88), Rect(0, 0 - 0, 0), Rect(0, 0 - 0, 0)]} cutoutPathParserInfo={CutoutPathParserInfo{displayWidth=1080 displayHeight=2400 physicalDisplayWidth=1080 physicalDisplayHeight=2400 density={3.0} cutoutSpec={M 0,0 M 0,10.71963616907435 a 9.280363830925644,9.280363830925644 0 1,0 0,18.56072766185129 a 9.280363830925644,9.280363830925644 0 1,0 0,-18.56072766185129 Z @dp} rotation={0} scale={1.0} physicalPixelDisplaySizeRatio={1.0}}}}, mRoundedCorners=RoundedCorners{[RoundedCorner{position=TopLeft, radius=96, center=Point(96, 96)}, RoundedCorner{position=TopRight, radius=96, center=Point(984, 96)}, RoundedCorner{position=BottomRight, radius=96, center=Point(984, 2304)}, RoundedCorner{position=BottomLeft, radius=96, center=Point(96, 2304)}]}  mRoundedCornerFrame=Rect(0, 0 - 1080, 2400), mPrivacyIndicatorBounds=PrivacyIndicatorBounds {static bounds=Rect(948, 0 - 1080, 88) rotation=0}, mSources= { InsetsSource: {mType=ITYPE_STATUS_BAR, mFrame=[0,0][1080,88], mVisible=true, mInsetsRoundedCornerFrame=false}, InsetsSource: {mType=ITYPE_NAVIGATION_BAR, mFrame=[0,2256][1080,2400], mVisible=true, mInsetsRoundedCornerFrame=false}, InsetsSource: {mType=ITYPE_LEFT_GESTURES, mFrame=[0,0][0,2400], mVisible=true, mInsetsRoundedCornerFrame=false}, InsetsSource: {mType=ITYPE_RIGHT_GESTURES, mFrame=[1080,0][1080,2400], mVisible=true, mInsetsRoundedCornerFrame=false}, InsetsSource: {mType=ITYPE_TOP_MANDATORY_GESTURES, mFrame=[0,0][1080,124], mVisible=true, mInsetsRoundedCornerFrame=false}, InsetsSource: {mType=ITYPE_BOTTOM_MANDATORY_GESTURES, mFrame=[0,2256][1080,2400], mVisible=true, mInsetsRoundedCornerFrame=false}, InsetsSource: {mType=ITYPE_LEFT_DISPLAY_CUTOUT, mFrame=[0,0][-100000,2400], mVisible=true, mInsetsRoundedCornerFrame=false}, InsetsSource: {mType=ITYPE_TOP_DISPLAY_CUTOUT, mFrame=[0,0][1080,88], mVisible=true, mInsetsRoundedCornerFrame=false}, InsetsSource: {mType=ITYPE_RIGHT_DISPLAY_CUTOUT, mFrame=[100000,0][1080,2400], mVisible=true, mInsetsRoundedCornerFrame=false}, InsetsSource: {mType=ITYPE_BOTTOM_DISPLAY_CUTOUT, mFrame=[0,100000][1080,2400], mVisible=true, mInsetsRoundedCornerFrame=false}, InsetsSource: {mType=ITYPE_TOP_TAPPABLE_ELEMENT, mFrame=[0,0][1080,88], mVisible=true, mInsetsRoundedCornerFrame=false}, InsetsSource: {mType=ITYPE_BOTTOM_TAPPABLE_ELEMENT, mFrame=[0,2256][1080,2400], mVisible=true, mInsetsRoundedCornerFrame=false}, InsetsSource: {mType=ITYPE_IME, mFrame=[0,1374][1080,2400], mVisibleFrame=[0,1374][1080,2400], mVisible=false, mInsetsRoundedCornerFrame=false} } host=com.evolucao.app/com.evolucao.app.MainActivity from=android.view.ViewRootImpl$ViewRootHandler.handleMessageImpl:6740
04-06 10:36:34.948 21645 21645 I ViewRootImpl@7efc384[MainActivity]: handleResized, msg = 4 frames=ClientWindowFrames{frame=[0,0][1080,2400] display=[0,0][1080,2400] parentFrame=[0,0][0,0] parentClippedByDisplayCutout=false} forceNextWindowRelayout=false displayId=0 resizeMode=-1 frameChanged=false displayFrameChanged=false configChanged=false displayChanged=false
04-06 10:36:34.949 21645 21683 I DetoxWSClient: Sending out action 'invokeResult' (ID #16)
04-06 10:36:34.950 21645 21683 I DetoxDispatcher: Done with action 'invoke'
04-06 10:36:34.957 21645 21687 D DetoxWSClient: Received action 'invoke' (ID #17, params={"target":{"type":"Class","value":"com.wix.detox.espresso.DetoxAssertion"},"method":"waitForAssertMatcher","args":[{"type":"Invocation","value":{"target":{"type":"Class","value":"androidx.test.espresso.Espresso"},"method":"onView","args":[{"type":"Invocation","value":{"target":{"type":"Class","value":"com.wix.detox.espresso.DetoxMatcher"},"method":"matcherForTestId","args":["btn-continuar",{"type":"boolean","value":false}]}}]}},{"type":"Invocation","value":{"target":{"type":"Class","value":"com.wix.detox.espresso.DetoxMatcher"},"method":"matcherForSufficientlyVisible","args":[{"type":"Integer","value":75}]}},{"type":"Double","value":3}]})
04-06 10:36:34.958 21645 21683 I DetoxDispatcher: Handling action 'invoke' (ID #17)...
04-06 10:36:34.958 21645 21683 D Detox   : class com.wix.detox.espresso.DetoxMatcher, matcherForTestId, [btn-continuar, false]
04-06 10:36:34.959 21645 21683 D Detox   : class androidx.test.espresso.Espresso, onView, [(view.getTag() is "btn-continuar" and view has effective visibility <VISIBLE>)]
04-06 10:36:34.959 21645 21683 D Detox   : class com.wix.detox.espresso.DetoxMatcher, matcherForSufficientlyVisible, [75]
04-06 10:36:34.960 21645 21683 D Detox   : class com.wix.detox.espresso.DetoxAssertion, waitForAssertMatcher, [androidx.test.espresso.ViewInteraction@c35aeff, (view has effective visibility <VISIBLE> and view.getGlobalVisibleRect() covers at least <75> percent of the view's area), 3.0]
04-06 10:36:34.962 21645 21645 I ViewInteraction: Checking 'MatchesViewAssertion(Detox){viewMatcher=(view has effective visibility <VISIBLE> and view.getGlobalVisibleRect() covers at least <75> percent of the view's area)}' assertion on view (view.getTag() is "btn-continuar" and view has effective visibility <VISIBLE>)
04-06 10:36:34.964 21645 21683 I DetoxWSClient: Sending out action 'invokeResult' (ID #17)
04-06 10:36:34.964 21645 21683 I DetoxDispatcher: Done with action 'invoke'
04-06 10:36:34.969 21645 21687 D DetoxWSClient: Received action 'invoke' (ID #18, params={"target":{"type":"Class","value":"com.wix.detox.espresso.EspressoDetox"},"method":"perform","args":[{"type":"Invocation","value":{"target":{"type":"Class","value":"com.wix.detox.espresso.DetoxMatcher"},"method":"matcherForAtIndex","args":[{"type":"Integer","value":0},{"type":"Invocation","value":{"target":{"type":"Class","value":"com.wix.detox.espresso.DetoxMatcher"},"method":"matcherForClass","args":["com.facebook.react.views.scroll.ReactScrollView"]}}]}},{"type":"Invocation","value":{"target":{"type":"Class","value":"com.wix.detox.espresso.DetoxAction"},"method":"swipeInDirection","args":[{"type":"Integer","value":3},{"type":"boolean","value":true},{"type":"Double","value":0.25},{"type":"Double","value":null},{"type":"Double","value":null}]}}]})
04-06 10:36:34.969 21645 21683 I DetoxDispatcher: Handling action 'invoke' (ID #18)...
04-06 10:36:34.970 21645 21683 D Detox   : class com.wix.detox.espresso.DetoxMatcher, matcherForClass, [com.facebook.react.views.scroll.ReactScrollView]
04-06 10:36:34.970 21645 21683 D Detox   : class com.wix.detox.espresso.DetoxMatcher, matcherForAtIndex, [0, (is assignable from class: class com.facebook.react.views.scroll.ReactScrollView and view has effective visibility <VISIBLE>)]
04-06 10:36:34.971 21645 21683 D Detox   : class com.wix.detox.espresso.DetoxAction, swipeInDirection, [3, true, 0.25, NaN, NaN]
04-06 10:36:34.973 21645 21683 D Detox   : class com.wix.detox.espresso.EspressoDetox, perform, [View at index #0, of those matching MATCHER(is assignable from class: class com.facebook.react.views.scroll.ReactScrollView and view has effective visibility <VISIBLE>), androidx.test.espresso.action.GeneralSwipeAction@66764cc]
04-06 10:36:34.977 21645 21645 I ViewInteraction: Performing 'fast swipe' action on view View at index #0, of those matching MATCHER(is assignable from class: class com.facebook.react.views.scroll.ReactScrollView and view has effective visibility <VISIBLE>)
04-06 10:36:35.153 21645 21645 D InsetsController: cancelAnimation of types: 8, animType: 1, host: com.evolucao.app/com.evolucao.app.MainActivity, from:android.view.InsetsController.notifyFinished:1375 android.view.InsetsAnimationThreadControlRunner$1.lambda$notifyFinished$0$android-view-InsetsAnimationThreadControlRunner$1:84 android.view.InsetsAnimationThreadControlRunner$1$$ExternalSyntheticLambda1.run:4 
04-06 10:36:35.154 21645 21645 I IMM_LC  : notifyImeHidden: mService.hideSoftInput
04-06 10:36:35.174 21645 21663 I ViewRootImpl@7efc384[MainActivity]: Resizing android.view.ViewRootImpl@2cd4d69: frame = [0,0][1080,2400] reportDraw = false forceLayout = false syncSeqId = 0
04-06 10:36:35.175 21645 21645 D InsetsController: onStateChanged: InsetsState: {mDisplayFrame=Rect(0, 0 - 1080, 2400), mDisplayCutout=DisplayCutout{insets=Rect(0, 88 - 0, 0) waterfall=Insets{left=0, top=0, right=0, bottom=0} boundingRect={Bounds=[Rect(0, 0 - 0, 0), Rect(512, 0 - 568, 88), Rect(0, 0 - 0, 0), Rect(0, 0 - 0, 0)]} cutoutPathParserInfo={CutoutPathParserInfo{displayWidth=1080 displayHeight=2400 physicalDisplayWidth=1080 physicalDisplayHeight=2400 density={3.0} cutoutSpec={M 0,0 M 0,10.71963616907435 a 9.280363830925644,9.280363830925644 0 1,0 0,18.56072766185129 a 9.280363830925644,9.280363830925644 0 1,0 0,-18.56072766185129 Z @dp} rotation={0} scale={1.0} physicalPixelDisplaySizeRatio={1.0}}}}, mRoundedCorners=RoundedCorners{[RoundedCorner{position=TopLeft, radius=96, center=Point(96, 96)}, RoundedCorner{position=TopRight, radius=96, center=Point(984, 96)}, RoundedCorner{position=BottomRight, radius=96, center=Point(984, 2304)}, RoundedCorner{position=BottomLeft, radius=96, center=Point(96, 2304)}]}  mRoundedCornerFrame=Rect(0, 0 - 1080, 2400), mPrivacyIndicatorBounds=PrivacyIndicatorBounds {static bounds=Rect(948, 0 - 1080, 88) rotation=0}, mSources= { InsetsSource: {mType=ITYPE_STATUS_BAR, mFrame=[0,0][1080,88], mVisible=true, mInsetsRoundedCornerFrame=false}, InsetsSource: {mType=ITYPE_NAVIGATION_BAR, mFrame=[0,2256][1080,2400], mVisible=true, mInsetsRoundedCornerFrame=false}, InsetsSource: {mType=ITYPE_LEFT_GESTURES, mFrame=[0,0][0,2400], mVisible=true, mInsetsRoundedCornerFrame=false}, InsetsSource: {mType=ITYPE_RIGHT_GESTURES, mFrame=[1080,0][1080,2400], mVisible=true, mInsetsRoundedCornerFrame=false}, InsetsSource: {mType=ITYPE_TOP_MANDATORY_GESTURES, mFrame=[0,0][1080,124], mVisible=true, mInsetsRoundedCornerFrame=false}, InsetsSource: {mType=ITYPE_BOTTOM_MANDATORY_GESTURES, mFrame=[0,2256][1080,2400], mVisible=true, mInsetsRoundedCornerFrame=false}, InsetsSource: {mType=ITYPE_LEFT_DISPLAY_CUTOUT, mFrame=[0,0][-100000,2400], mVisible=true, mInsetsRoundedCornerFrame=false}, InsetsSource: {mType=ITYPE_TOP_DISPLAY_CUTOUT, mFrame=[0,0][1080,88], mVisible=true, mInsetsRoundedCornerFrame=false}, InsetsSource: {mType=ITYPE_RIGHT_DISPLAY_CUTOUT, mFrame=[100000,0][1080,2400], mVisible=true, mInsetsRoundedCornerFrame=false}, InsetsSource: {mType=ITYPE_BOTTOM_DISPLAY_CUTOUT, mFrame=[0,100000][1080,2400], mVisible=true, mInsetsRoundedCornerFrame=false}, InsetsSource: {mType=ITYPE_TOP_TAPPABLE_ELEMENT, mFrame=[0,0][1080,88], mVisible=true, mInsetsRoundedCornerFrame=false}, InsetsSource: {mType=ITYPE_BOTTOM_TAPPABLE_ELEMENT, mFrame=[0,2256][1080,2400], mVisible=true, mInsetsRoundedCornerFrame=false}, InsetsSource: {mType=ITYPE_IME, mFrame=[0,0][0,0], mVisibleFrame=[0,1374][1080,2400], mVisible=false, mInsetsRoundedCornerFrame=false} } host=com.evolucao.app/com.evolucao.app.MainActivity from=android.view.ViewRootImpl$ViewRootHandler.handleMessageImpl:6727
04-06 10:36:35.176 21645 21645 I ViewRootImpl@7efc384[MainActivity]: handleResized, msg = 4 frames=ClientWindowFrames{frame=[0,0][1080,2400] display=[0,0][1080,2400] parentFrame=[0,0][0,0] parentClippedByDisplayCutout=false} forceNextWindowRelayout=false displayId=0 resizeMode=-1 frameChanged=false displayFrameChanged=false configChanged=false displayChanged=false
04-06 10:36:35.239 21645 21683 I DetoxWSClient: Sending out action 'invokeResult' (ID #18)
04-06 10:36:35.240 21645 21683 I DetoxDispatcher: Done with action 'invoke'
04-06 10:36:35.245 21645 21687 D DetoxWSClient: Received action 'invoke' (ID #19, params={"target":{"type":"Class","value":"com.wix.detox.espresso.EspressoDetox"},"method":"perform","args":[{"type":"Invocation","value":{"target":{"type":"Class","value":"com.wix.detox.espresso.DetoxMatcher"},"method":"matcherForTestId","args":["btn-continuar",{"type":"boolean","value":false}]}},{"type":"Invocation","value":{"target":{"type":"Class","value":"com.wix.detox.espresso.DetoxAction"},"method":"tapAtLocation","args":[{"type":"Integer","value":30},{"type":"Integer","value":18}]}}]})
04-06 10:36:35.245 21645 21683 I DetoxDispatcher: Handling action 'invoke' (ID #19)...
04-06 10:36:35.245 21645 21683 D Detox   : class com.wix.detox.espresso.DetoxMatcher, matcherForTestId, [btn-continuar, false]
04-06 10:36:35.246 21645 21683 D Detox   : class com.wix.detox.espresso.DetoxAction, tapAtLocation, [30, 18]
04-06 10:36:35.246 21645 21683 D Detox   : class com.wix.detox.espresso.EspressoDetox, perform, [(view.getTag() is "btn-continuar" and view has effective visibility <VISIBLE>), com.wix.detox.espresso.action.RNClickAction@c844315]
04-06 10:36:35.251 21645 21645 I ViewInteraction: Performing 'com.wix.detox.espresso.action.detoxsingletap@7ff262a click' action on view (view.getTag() is "btn-continuar" and view has effective visibility <VISIBLE>)
04-06 10:36:35.256 21645 21645 I ViewRootImpl@7efc384[MainActivity]: ViewPostIme pointer 0
04-06 10:36:35.288 21645 21645 I ViewRootImpl@7efc384[MainActivity]: ViewPostIme pointer 1
04-06 10:36:35.310 21645 21645 W OnBackInvokedCallback: OnBackInvokedCallback is not enabled for the application.
04-06 10:36:35.310 21645 21645 W OnBackInvokedCallback: Set 'android:enableOnBackInvokedCallback="true"' in the application manifest.
04-06 10:36:35.317 21645 21645 I Dialog  : mIsDeviceDefault = false, mIsSamsungBasicInteraction = false, isMetaDataInActivity = false
04-06 10:36:35.321 21645 21645 I DecorView: [INFO] isPopOver=false config=false
04-06 10:36:35.321 21645 21645 I DecorView: updateCaptionType: isFloating=true isApplication=true hasWindowDecorCaption=false this=DecorView@8a4620b[]
04-06 10:36:35.321 21645 21645 D DecorView: setCaptionType = 0, this = DecorView@8a4620b[]
04-06 10:36:35.322 21645 21645 I DecorView: setWindowBackground: isPopOver=false color=ff010101 d=android.graphics.drawable.InsetDrawable@338eb01
04-06 10:36:35.336 21645 21645 D ScrollView: initGoToTop
04-06 10:36:35.344 21645 21701 D NativeCustomFrequencyManager: [NativeCFMS] BpCustomFrequencyManager::BpCustomFrequencyManager()
04-06 10:36:35.349 21645 21645 D InsetsController: onStateChanged: InsetsState: {mDisplayFrame=Rect(0, 0 - 1080, 2400), mDisplayCutout=DisplayCutout{insets=Rect(0, 88 - 0, 0) waterfall=Insets{left=0, top=0, right=0, bottom=0} boundingRect={Bounds=[Rect(0, 0 - 0, 0), Rect(512, 0 - 568, 88), Rect(0, 0 - 0, 0), Rect(0, 0 - 0, 0)]} cutoutPathParserInfo={CutoutPathParserInfo{displayWidth=1080 displayHeight=2400 physicalDisplayWidth=1080 physicalDisplayHeight=2400 density={3.0} cutoutSpec={M 0,0 M 0,10.71963616907435 a 9.280363830925644,9.280363830925644 0 1,0 0,18.56072766185129 a 9.280363830925644,9.280363830925644 0 1,0 0,-18.56072766185129 Z @dp} rotation={0} scale={1.0} physicalPixelDisplaySizeRatio={1.0}}}}, mRoundedCorners=RoundedCorners{[RoundedCorner{position=TopLeft, radius=96, center=Point(96, 96)}, RoundedCorner{position=TopRight, radius=96, center=Point(984, 96)}, RoundedCorner{position=BottomRight, radius=96, center=Point(984, 2304)}, RoundedCorner{position=BottomLeft, radius=96, center=Point(96, 2304)}]}  mRoundedCornerFrame=Rect(0, 0 - 1080, 2400), mPrivacyIndicatorBounds=PrivacyIndicatorBounds {static bounds=Rect(948, 0 - 1080, 88) rotation=0}, mSources= { InsetsSource: {mType=ITYPE_STATUS_BAR, mFrame=[0,0][1080,88], mVisible=true, mInsetsRoundedCornerFrame=false}, InsetsSource: {mType=ITYPE_NAVIGATION_BAR, mFrame=[0,2256][1080,2400], mVisible=true, mInsetsRoundedCornerFrame=false}, InsetsSource: {mType=ITYPE_LEFT_GESTURES, mFrame=[0,0][0,2400], mVisible=true, mInsetsRoundedCornerFrame=false}, InsetsSource: {mType=ITYPE_RIGHT_GESTURES, mFrame=[1080,0][1080,2400], mVisible=true, mInsetsRoundedCornerFrame=false}, InsetsSource: {mType=ITYPE_TOP_MANDATORY_GESTURES, mFrame=[0,0][1080,124], mVisible=true, mInsetsRoundedCornerFrame=false}, InsetsSource: {mType=ITYPE_BOTTOM_MANDATORY_GESTURES, mFrame=[0,2256][1080,2400], mVisible=true, mInsetsRoundedCornerFrame=false}, InsetsSource: {mType=ITYPE_LEFT_DISPLAY_CUTOUT, mFrame=[0,0][-100000,2400], mVisible=true, mInsetsRoundedCornerFrame=false}, InsetsSource: {mType=ITYPE_TOP_DISPLAY_CUTOUT, mFrame=[0,0][1080,88], mVisible=true, mInsetsRoundedCornerFrame=false}, InsetsSource: {mType=ITYPE_RIGHT_DISPLAY_CUTOUT, mFrame=[100000,0][1080,2400], mVisible=true, mInsetsRoundedCornerFrame=false}, InsetsSource: {mType=ITYPE_BOTTOM_DISPLAY_CUTOUT, mFrame=[0,100000][1080,2400], mVisible=true, mInsetsRoundedCornerFrame=false}, InsetsSource: {mType=ITYPE_TOP_TAPPABLE_ELEMENT, mFrame=[0,0][1080,88], mVisible=true, mInsetsRoundedCornerFrame=false}, InsetsSource: {mType=ITYPE_BOTTOM_TAPPABLE_ELEMENT, mFrame=[0,2256][1080,2400], mVisible=true, mInsetsRoundedCornerFrame=false} } host=com.evolucao.app/com.evolucao.app.MainActivity from=android.view.ViewRootImpl.setView:1732
04-06 10:36:35.351 21645 21645 I ViewRootImpl@9519671[MainActivity]: setView = com.android.internal.policy.DecorView@8a4620b TM=false
04-06 10:36:35.360 21645 21645 I ViewRootImpl@9519671[MainActivity]: performTraversals params={(0,0)(wrapxwrap) gr=CENTER sim={adjust=pan forwardNavigation} ty=APPLICATION fmt=TRANSLUCENT wanim=0x7f120002 surfaceInsets=Rect(120, 120 - 120, 120)
04-06 10:36:35.360 21645 21645 I ViewRootImpl@9519671[MainActivity]:   fl=1820002
04-06 10:36:35.360 21645 21645 I ViewRootImpl@9519671[MainActivity]:   pfl=42000000
04-06 10:36:35.360 21645 21645 I ViewRootImpl@9519671[MainActivity]:   bhv=DEFAULT
04-06 10:36:35.360 21645 21645 I ViewRootImpl@9519671[MainActivity]:   fitTypes=STATUS_BARS NAVIGATION_BARS CAPTION_BAR
04-06 10:36:35.360 21645 21645 I ViewRootImpl@9519671[MainActivity]:  dimAmount=0.6 naviIconColor=0}
04-06 10:36:35.361 21645 21645 I ViewRootImpl@9519671[MainActivity]: performTraversals mFirst=true windowShouldResize=false viewVisibilityChanged=false mForceNextWindowRelayout=false params={(0,0)(wrapxwrap) gr=CENTER sim={adjust=pan forwardNavigation} ty=APPLICATION fmt=TRANSLUCENT wanim=0x7f120002 surfaceInsets=Rect(120, 120 - 120, 120)
04-06 10:36:35.361 21645 21645 I ViewRootImpl@9519671[MainActivity]:   fl=1820002
04-06 10:36:35.361 21645 21645 I ViewRootImpl@9519671[MainActivity]:   pfl=42000000
04-06 10:36:35.361 21645 21645 I ViewRootImpl@9519671[MainActivity]:   bhv=DEFAULT
04-06 10:36:35.361 21645 21645 I ViewRootImpl@9519671[MainActivity]:   fitTypes=STATUS_BARS NAVIGATION_BARS CAPTION_BAR
04-06 10:36:35.361 21645 21645 I ViewRootImpl@9519671[MainActivity]:  dimAmount=0.6 naviIconColor=0}
04-06 10:36:35.366 21645 21645 I ViewRootImpl@9519671[MainActivity]: updateBlastSurfaceIfNeeded mBlastBufferQueue=null isSameSurfaceControl=false
04-06 10:36:35.366 21645 21645 I BLASTBufferQueue: new BLASTBufferQueue, mName= ViewRootImpl@9519671[MainActivity] mNativeObject= 0xb4000070b10ddd00 sc.mNativeObject= 0xb4000070a0d02960 caller= android.view.ViewRootImpl.updateBlastSurfaceIfNeeded:2909 android.view.ViewRootImpl.relayoutWindow:9847 android.view.ViewRootImpl.performTraversals:3884 android.view.ViewRootImpl.doTraversal:3116 android.view.ViewRootImpl$TraversalRunnable.run:10885 android.view.Choreographer$CallbackRecord.run:1301 android.view.Choreographer$CallbackRecord.run:1309 android.view.Choreographer.doCallbacks:923 android.view.Choreographer.doFrame:852 android.view.Choreographer$FrameDisplayEventReceiver.run:1283 
04-06 10:36:35.367 21645 21645 I BLASTBufferQueue: update, w= 1266 h= 825 mName = ViewRootImpl@9519671[MainActivity] mNativeObject= 0xb4000070b10ddd00 sc.mNativeObject= 0xb4000070a0d02960 format= -3 caller= android.graphics.BLASTBufferQueue.<init>:84 android.view.ViewRootImpl.updateBlastSurfaceIfNeeded:2909 android.view.ViewRootImpl.relayoutWindow:9847 android.view.ViewRootImpl.performTraversals:3884 android.view.ViewRootImpl.doTraversal:3116 android.view.ViewRootImpl$TraversalRunnable.run:10885 
04-06 10:36:35.367 21645 21645 I ViewRootImpl@9519671[MainActivity]: Relayout returned: old=(0,88,1080,2256) new=(27,879,1053,1464) req=(1026,585)0 dur=5 res=0x3 s={true 0xb4000070a076d800} ch=true seqId=0
04-06 10:36:35.368 21645 21645 I ViewRootImpl@9519671[MainActivity]: mThreadedRenderer.initialize() mSurface={isValid=true 0xb4000070a076d800} hwInitialized=true
04-06 10:36:35.368 21645 21701 D OpenGLRenderer: eglCreateWindowSurface
04-06 10:36:35.370 21645 21645 D ScrollView:  onsize change changed 
04-06 10:36:35.371 21645 21645 I ViewRootImpl@9519671[MainActivity]: reportNextDraw android.view.ViewRootImpl.performTraversals:4438 android.view.ViewRootImpl.doTraversal:3116 android.view.ViewRootImpl$TraversalRunnable.run:10885 android.view.Choreographer$CallbackRecord.run:1301 android.view.Choreographer$CallbackRecord.run:1309 
04-06 10:36:35.371 21645 21645 I ViewRootImpl@9519671[MainActivity]: Setup new sync id=0
04-06 10:36:35.371 21645 21645 I ViewRootImpl@9519671[MainActivity]: Setting syncFrameCallback
04-06 10:36:35.372 21645 21645 I ViewRootImpl@9519671[MainActivity]: registerCallbacksForSync syncBuffer=false
04-06 10:36:35.373 21645 21721 I ViewRootImpl@9519671[MainActivity]: Received frameDrawingCallback syncResult=0 frameNum=1.
04-06 10:36:35.373 21645 21721 I ViewRootImpl@9519671[MainActivity]: Setting up sync and frameCommitCallback
04-06 10:36:35.381 21645 21701 I BLASTBufferQueue: [ViewRootImpl@9519671[MainActivity]#6](f:0,a:0) onFrameAvailable the first frame is available
04-06 10:36:35.382 21645 21701 I ViewRootImpl@9519671[MainActivity]: Received frameCommittedCallback lastAttemptedDrawFrameNum=1 didProduceBuffer=true
04-06 10:36:35.382 21645 21701 D OpenGLRenderer: CFMS:: SetUp Pid : 21645    Tid : 21701
04-06 10:36:35.383 21645 21701 W Parcel  : Expecting binder but got null!
04-06 10:36:35.383 21645 21645 I ViewRootImpl@9519671[MainActivity]: onSyncComplete
04-06 10:36:35.383 21645 21645 I ViewRootImpl@9519671[MainActivity]: setupSync seqId=0 mSyncId=0 fn=1 caller=android.view.ViewRootImpl$$ExternalSyntheticLambda11.accept:6 android.window.SurfaceSyncer.lambda$setupSync$1$android-window-SurfaceSyncer:128 android.window.SurfaceSyncer$$ExternalSyntheticLambda1.accept:8 android.window.SurfaceSyncer$SyncSet.checkIfSyncIsComplete:382 android.window.SurfaceSyncer$SyncSet.markSyncReady:359 android.window.SurfaceSyncer.markSyncReady:151 android.view.ViewRootImpl.performTraversals:4503 
04-06 10:36:35.384 21645 21645 I ViewRootImpl@9519671[MainActivity]: reportDrawFinished seqId=0 mSyncId=-1 fn=1 mSurfaceChangedTransaction=0xb4000070a0e81700
04-06 10:36:35.402 21645 21645 I ViewRootImpl@7efc384[MainActivity]: MSG_WINDOW_FOCUS_CHANGED 0 0
04-06 10:36:35.439 21645 21645 I ViewRootImpl@9519671[MainActivity]: MSG_WINDOW_FOCUS_CHANGED 1 0
04-06 10:36:35.439 21645 21645 I ViewRootImpl@9519671[MainActivity]: mThreadedRenderer.initializeIfNeeded()#2 mSurface={isValid=true 0xb4000070a076d800}
04-06 10:36:35.984 21645 21683 I DetoxWSClient: Sending out action 'invokeResult' (ID #19)
04-06 10:36:35.984 21645 21683 I DetoxDispatcher: Done with action 'invoke'
04-06 10:36:35.989 21645 21687 D DetoxWSClient: Received action 'invoke' (ID #20, params={"target":{"type":"Class","value":"com.wix.detox.espresso.DetoxAssertion"},"method":"waitForAssertMatcher","args":[{"type":"Invocation","value":{"target":{"type":"Class","value":"androidx.test.espresso.Espresso"},"method":"onView","args":[{"type":"Invocation","value":{"target":{"type":"Class","value":"com.wix.detox.espresso.DetoxMatcher"},"method":"matcherForTestId","args":["tab-treino",{"type":"boolean","value":false}]}}]}},{"type":"Invocation","value":{"target":{"type":"Class","value":"com.wix.detox.espresso.DetoxMatcher"},"method":"matcherForSufficientlyVisible","args":[{"type":"Integer","value":75}]}},{"type":"Double","value":3}]})
04-06 10:36:35.989 21645 21683 I DetoxDispatcher: Handling action 'invoke' (ID #20)...
04-06 10:36:35.990 21645 21683 D Detox   : class com.wix.detox.espresso.DetoxMatcher, matcherForTestId, [tab-treino, false]
04-06 10:36:35.990 21645 21683 D Detox   : class androidx.test.espresso.Espresso, onView, [(view.getTag() is "tab-treino" and view has effective visibility <VISIBLE>)]
04-06 10:36:35.991 21645 21683 D Detox   : class com.wix.detox.espresso.DetoxMatcher, matcherForSufficientlyVisible, [75]
04-06 10:36:35.992 21645 21683 D Detox   : class com.wix.detox.espresso.DetoxAssertion, waitForAssertMatcher, [androidx.test.espresso.ViewInteraction@33d8cd5, (view has effective visibility <VISIBLE> and view.getGlobalVisibleRect() covers at least <75> percent of the view's area), 3.0]
04-06 10:36:36.004 21645 21645 I ViewInteraction: Checking 'MatchesViewAssertion(Detox){viewMatcher=(view has effective visibility <VISIBLE> and view.getGlobalVisibleRect() covers at least <75> percent of the view's area)}' assertion on view (view.getTag() is "tab-treino" and view has effective visibility <VISIBLE>)
04-06 10:36:36.039 21645 21645 I ViewInteraction: Checking 'MatchesViewAssertion(Detox){viewMatcher=(view has effective visibility <VISIBLE> and view.getGlobalVisibleRect() covers at least <75> percent of the view's area)}' assertion on view (view.getTag() is "tab-treino" and view has effective visibility <VISIBLE>)
04-06 10:36:36.072 21645 21645 I ViewInteraction: Checking 'MatchesViewAssertion(Detox){viewMatcher=(view has effective visibility <VISIBLE> and view.getGlobalVisibleRect() covers at least <75> percent of the view's area)}' assertion on view (view.getTag() is "tab-treino" and view has effective visibility <VISIBLE>)
04-06 10:36:36.106 21645 21645 I ViewInteraction: Checking 'MatchesViewAssertion(Detox){viewMatcher=(view has effective visibility <VISIBLE> and view.getGlobalVisibleRect() covers at least <75> percent of the view's area)}' assertion on view (view.getTag() is "tab-treino" and view has effective visibility <VISIBLE>)
04-06 10:36:36.140 21645 21645 I ViewInteraction: Checking 'MatchesViewAssertion(Detox){viewMatcher=(view has effective visibility <VISIBLE> and view.getGlobalVisibleRect() covers at least <75> percent of the view's area)}' assertion on view (view.getTag() is "tab-treino" and view has effective visibility <VISIBLE>)
04-06 10:36:36.174 21645 21645 I ViewInteraction: Checking 'MatchesViewAssertion(Detox){viewMatcher=(view has effective visibility <VISIBLE> and view.getGlobalVisibleRect() covers at least <75> percent of the view's area)}' assertion on view (view.getTag() is "tab-treino" and view has effective visibility <VISIBLE>)
04-06 10:36:36.209 21645 21645 I ViewInteraction: Checking 'MatchesViewAssertion(Detox){viewMatcher=(view has effective visibility <VISIBLE> and view.getGlobalVisibleRect() covers at least <75> percent of the view's area)}' assertion on view (view.getTag() is "tab-treino" and view has effective visibility <VISIBLE>)
04-06 10:36:36.243 21645 21645 I ViewInteraction: Checking 'MatchesViewAssertion(Detox){viewMatcher=(view has effective visibility <VISIBLE> and view.getGlobalVisibleRect() covers at least <75> percent of the view's area)}' assertion on view (view.getTag() is "tab-treino" and view has effective visibility <VISIBLE>)
04-06 10:36:36.279 21645 21645 I ViewInteraction: Checking 'MatchesViewAssertion(Detox){viewMatcher=(view has effective visibility <VISIBLE> and view.getGlobalVisibleRect() covers at least <75> percent of the view's area)}' assertion on view (view.getTag() is "tab-treino" and view has effective visibility <VISIBLE>)
04-06 10:36:36.313 21645 21645 I ViewInteraction: Checking 'MatchesViewAssertion(Detox){viewMatcher=(view has effective visibility <VISIBLE> and view.getGlobalVisibleRect() covers at least <75> percent of the view's area)}' assertion on view (view.getTag() is "tab-treino" and view has effective visibility <VISIBLE>)
04-06 10:36:36.347 21645 21645 I ViewInteraction: Checking 'MatchesViewAssertion(Detox){viewMatcher=(view has effective visibility <VISIBLE> and view.getGlobalVisibleRect() covers at least <75> percent of the view's area)}' assertion on view (view.getTag() is "tab-treino" and view has effective visibility <VISIBLE>)
04-06 10:36:36.384 21645 21645 I ViewInteraction: Checking 'MatchesViewAssertion(Detox){viewMatcher=(view has effective visibility <VISIBLE> and view.getGlobalVisibleRect() covers at least <75> percent of the view's area)}' assertion on view (view.getTag() is "tab-treino" and view has effective visibility <VISIBLE>)
04-06 10:36:36.416 21645 21645 I ViewInteraction: Checking 'MatchesViewAssertion(Detox){viewMatcher=(view has effective visibility <VISIBLE> and view.getGlobalVisibleRect() covers at least <75> percent of the view's area)}' assertion on view (view.getTag() is "tab-treino" and view has effective visibility <VISIBLE>)
04-06 10:36:36.448 21645 21645 I ViewInteraction: Checking 'MatchesViewAssertion(Detox){viewMatcher=(view has effective visibility <VISIBLE> and view.getGlobalVisibleRect() covers at least <75> percent of the view's area)}' assertion on view (view.getTag() is "tab-treino" and view has effective visibility <VISIBLE>)
04-06 10:36:36.482 21645 21645 I ViewInteraction: Checking 'MatchesViewAssertion(Detox){viewMatcher=(view has effective visibility <VISIBLE> and view.getGlobalVisibleRect() covers at least <75> percent of the view's area)}' assertion on view (view.getTag() is "tab-treino" and view has effective visibility <VISIBLE>)
04-06 10:36:36.515 21645 21645 I ViewInteraction: Checking 'MatchesViewAssertion(Detox){viewMatcher=(view has effective visibility <VISIBLE> and view.getGlobalVisibleRect() covers at least <75> percent of the view's area)}' assertion on view (view.getTag() is "tab-treino" and view has effective visibility <VISIBLE>)
04-06 10:36:36.576 21645 21645 I ViewInteraction: Checking 'MatchesViewAssertion(Detox){viewMatcher=(view has effective visibility <VISIBLE> and view.getGlobalVisibleRect() covers at least <75> percent of the view's area)}' assertion on view (view.getTag() is "tab-treino" and view has effective visibility <VISIBLE>)
04-06 10:36:36.640 21645 21645 I ViewInteraction: Checking 'MatchesViewAssertion(Detox){viewMatcher=(view has effective visibility <VISIBLE> and view.getGlobalVisibleRect() covers at least <75> percent of the view's area)}' assertion on view (view.getTag() is "tab-treino" and view has effective visibility <VISIBLE>)
04-06 10:36:36.697 21645 21645 I ViewInteraction: Checking 'MatchesViewAssertion(Detox){viewMatcher=(view has effective visibility <VISIBLE> and view.getGlobalVisibleRect() covers at least <75> percent of the view's area)}' assertion on view (view.getTag() is "tab-treino" and view has effective visibility <VISIBLE>)
04-06 10:36:36.754 21645 21645 I ViewInteraction: Checking 'MatchesViewAssertion(Detox){viewMatcher=(view has effective visibility <VISIBLE> and view.getGlobalVisibleRect() covers at least <75> percent of the view's area)}' assertion on view (view.getTag() is "tab-treino" and view has effective visibility <VISIBLE>)
04-06 10:36:36.816 21645 21645 I ViewInteraction: Checking 'MatchesViewAssertion(Detox){viewMatcher=(view has effective visibility <VISIBLE> and view.getGlobalVisibleRect() covers at least <75> percent of the view's area)}' assertion on view (view.getTag() is "tab-treino" and view has effective visibility <VISIBLE>)
04-06 10:36:36.873 21645 21645 I ViewInteraction: Checking 'MatchesViewAssertion(Detox){viewMatcher=(view has effective visibility <VISIBLE> and view.getGlobalVisibleRect() covers at least <75> percent of the view's area)}' assertion on view (view.getTag() is "tab-treino" and view has effective visibility <VISIBLE>)
04-06 10:36:36.933 21645 21645 I ViewInteraction: Checking 'MatchesViewAssertion(Detox){viewMatcher=(view has effective visibility <VISIBLE> and view.getGlobalVisibleRect() covers at least <75> percent of the view's area)}' assertion on view (view.getTag() is "tab-treino" and view has effective visibility <VISIBLE>)
04-06 10:36:36.995 21645 21645 I ViewInteraction: Checking 'MatchesViewAssertion(Detox){viewMatcher=(view has effective visibility <VISIBLE> and view.getGlobalVisibleRect() covers at least <75> percent of the view's area)}' assertion on view (view.getTag() is "tab-treino" and view has effective visibility <VISIBLE>)
04-06 10:36:37.058 21645 21645 I ViewInteraction: Checking 'MatchesViewAssertion(Detox){viewMatcher=(view has effective visibility <VISIBLE> and view.getGlobalVisibleRect() covers at least <75> percent of the view's area)}' assertion on view (view.getTag() is "tab-treino" and view has effective visibility <VISIBLE>)
04-06 10:36:37.119 21645 21645 I ViewInteraction: Checking 'MatchesViewAssertion(Detox){viewMatcher=(view has effective visibility <VISIBLE> and view.getGlobalVisibleRect() covers at least <75> percent of the view's area)}' assertion on view (view.getTag() is "tab-treino" and view has effective visibility <VISIBLE>)
04-06 10:36:37.150 21645 21645 I ViewInteraction: Checking 'MatchesViewAssertion(Detox){viewMatcher=(view has effective visibility <VISIBLE> and view.getGlobalVisibleRect() covers at least <75> percent of the view's area)}' assertion on view (view.getTag() is "tab-treino" and view has effective visibility <VISIBLE>)
04-06 10:36:37.189 21645 21645 I ViewInteraction: Checking 'MatchesViewAssertion(Detox){viewMatcher=(view has effective visibility <VISIBLE> and view.getGlobalVisibleRect() covers at least <75> percent of the view's area)}' assertion on view (view.getTag() is "tab-treino" and view has effective visibility <VISIBLE>)
04-06 10:36:37.229 21645 21645 I ViewInteraction: Checking 'MatchesViewAssertion(Detox){viewMatcher=(view has effective visibility <VISIBLE> and view.getGlobalVisibleRect() covers at least <75> percent of the view's area)}' assertion on view (view.getTag() is "tab-treino" and view has effective visibility <VISIBLE>)
04-06 10:36:37.270 21645 21645 I ViewInteraction: Checking 'MatchesViewAssertion(Detox){viewMatcher=(view has effective visibility <VISIBLE> and view.getGlobalVisibleRect() covers at least <75> percent of the view's area)}' assertion on view (view.getTag() is "tab-treino" and view has effective visibility <VISIBLE>)
04-06 10:36:37.310 21645 21645 I ViewInteraction: Checking 'MatchesViewAssertion(Detox){viewMatcher=(view has effective visibility <VISIBLE> and view.getGlobalVisibleRect() covers at least <75> percent of the view's area)}' assertion on view (view.getTag() is "tab-treino" and view has effective visibility <VISIBLE>)
04-06 10:36:37.350 21645 21645 I ViewInteraction: Checking 'MatchesViewAssertion(Detox){viewMatcher=(view has effective visibility <VISIBLE> and view.getGlobalVisibleRect() covers at least <75> percent of the view's area)}' assertion on view (view.getTag() is "tab-treino" and view has effective visibility <VISIBLE>)
04-06 10:36:37.390 21645 21645 I ViewInteraction: Checking 'MatchesViewAssertion(Detox){viewMatcher=(view has effective visibility <VISIBLE> and view.getGlobalVisibleRect() covers at least <75> percent of the view's area)}' assertion on view (view.getTag() is "tab-treino" and view has effective visibility <VISIBLE>)
04-06 10:36:37.429 21645 21645 I ViewInteraction: Checking 'MatchesViewAssertion(Detox){viewMatcher=(view has effective visibility <VISIBLE> and view.getGlobalVisibleRect() covers at least <75> percent of the view's area)}' assertion on view (view.getTag() is "tab-treino" and view has effective visibility <VISIBLE>)
04-06 10:36:37.479 21645 21645 I ViewInteraction: Checking 'MatchesViewAssertion(Detox){viewMatcher=(view has effective visibility <VISIBLE> and view.getGlobalVisibleRect() covers at least <75> percent of the view's area)}' assertion on view (view.getTag() is "tab-treino" and view has effective visibility <VISIBLE>)
04-06 10:36:37.519 21645 21645 I ViewInteraction: Checking 'MatchesViewAssertion(Detox){viewMatcher=(view has effective visibility <VISIBLE> and view.getGlobalVisibleRect() covers at least <75> percent of the view's area)}' assertion on view (view.getTag() is "tab-treino" and view has effective visibility <VISIBLE>)
04-06 10:36:37.559 21645 21645 I ViewInteraction: Checking 'MatchesViewAssertion(Detox){viewMatcher=(view has effective visibility <VISIBLE> and view.getGlobalVisibleRect() covers at least <75> percent of the view's area)}' assertion on view (view.getTag() is "tab-treino" and view has effective visibility <VISIBLE>)
04-06 10:36:37.598 21645 21645 I ViewInteraction: Checking 'MatchesViewAssertion(Detox){viewMatcher=(view has effective visibility <VISIBLE> and view.getGlobalVisibleRect() covers at least <75> percent of the view's area)}' assertion on view (view.getTag() is "tab-treino" and view has effective visibility <VISIBLE>)
04-06 10:36:37.638 21645 21645 I ViewInteraction: Checking 'MatchesViewAssertion(Detox){viewMatcher=(view has effective visibility <VISIBLE> and view.getGlobalVisibleRect() covers at least <75> percent of the view's area)}' assertion on view (view.getTag() is "tab-treino" and view has effective visibility <VISIBLE>)
04-06 10:36:37.677 21645 21645 I ViewInteraction: Checking 'MatchesViewAssertion(Detox){viewMatcher=(view has effective visibility <VISIBLE> and view.getGlobalVisibleRect() covers at least <75> percent of the view's area)}' assertion on view (view.getTag() is "tab-treino" and view has effective visibility <VISIBLE>)
04-06 10:36:37.717 21645 21645 I ViewInteraction: Checking 'MatchesViewAssertion(Detox){viewMatcher=(view has effective visibility <VISIBLE> and view.getGlobalVisibleRect() covers at least <75> percent of the view's area)}' assertion on view (view.getTag() is "tab-treino" and view has effective visibility <VISIBLE>)
04-06 10:36:37.756 21645 21645 I ViewInteraction: Checking 'MatchesViewAssertion(Detox){viewMatcher=(view has effective visibility <VISIBLE> and view.getGlobalVisibleRect() covers at least <75> percent of the view's area)}' assertion on view (view.getTag() is "tab-treino" and view has effective visibility <VISIBLE>)
04-06 10:36:37.789 21645 21645 I ViewInteraction: Checking 'MatchesViewAssertion(Detox){viewMatcher=(view has effective visibility <VISIBLE> and view.getGlobalVisibleRect() covers at least <75> percent of the view's area)}' assertion on view (view.getTag() is "tab-treino" and view has effective visibility <VISIBLE>)
04-06 10:36:37.826 21645 21645 I ViewInteraction: Checking 'MatchesViewAssertion(Detox){viewMatcher=(view has effective visibility <VISIBLE> and view.getGlobalVisibleRect() covers at least <75> percent of the view's area)}' assertion on view (view.getTag() is "tab-treino" and view has effective visibility <VISIBLE>)
04-06 10:36:37.864 21645 21645 I ViewInteraction: Checking 'MatchesViewAssertion(Detox){viewMatcher=(view has effective visibility <VISIBLE> and view.getGlobalVisibleRect() covers at least <75> percent of the view's area)}' assertion on view (view.getTag() is "tab-treino" and view has effective visibility <VISIBLE>)
04-06 10:36:37.901 21645 21645 I ViewInteraction: Checking 'MatchesViewAssertion(Detox){viewMatcher=(view has effective visibility <VISIBLE> and view.getGlobalVisibleRect() covers at least <75> percent of the view's area)}' assertion on view (view.getTag() is "tab-treino" and view has effective visibility <VISIBLE>)
04-06 10:36:37.934 21645 21645 I ViewInteraction: Checking 'MatchesViewAssertion(Detox){viewMatcher=(view has effective visibility <VISIBLE> and view.getGlobalVisibleRect() covers at least <75> percent of the view's area)}' assertion on view (view.getTag() is "tab-treino" and view has effective visibility <VISIBLE>)
04-06 10:36:37.963 21645 21645 I ViewInteraction: Checking 'MatchesViewAssertion(Detox){viewMatcher=(view has effective visibility <VISIBLE> and view.getGlobalVisibleRect() covers at least <75> percent of the view's area)}' assertion on view (view.getTag() is "tab-treino" and view has effective visibility <VISIBLE>)
04-06 10:36:37.998 21645 21645 I ViewInteraction: Checking 'MatchesViewAssertion(Detox){viewMatcher=(view has effective visibility <VISIBLE> and view.getGlobalVisibleRect() covers at least <75> percent of the view's area)}' assertion on view (view.getTag() is "tab-treino" and view has effective visibility <VISIBLE>)
04-06 10:36:38.037 21645 21645 I ViewInteraction: Checking 'MatchesViewAssertion(Detox){viewMatcher=(view has effective visibility <VISIBLE> and view.getGlobalVisibleRect() covers at least <75> percent of the view's area)}' assertion on view (view.getTag() is "tab-treino" and view has effective visibility <VISIBLE>)
04-06 10:36:38.076 21645 21645 I ViewInteraction: Checking 'MatchesViewAssertion(Detox){viewMatcher=(view has effective visibility <VISIBLE> and view.getGlobalVisibleRect() covers at least <75> percent of the view's area)}' assertion on view (view.getTag() is "tab-treino" and view has effective visibility <VISIBLE>)
04-06 10:36:38.116 21645 21645 I ViewInteraction: Checking 'MatchesViewAssertion(Detox){viewMatcher=(view has effective visibility <VISIBLE> and view.getGlobalVisibleRect() covers at least <75> percent of the view's area)}' assertion on view (view.getTag() is "tab-treino" and view has effective visibility <VISIBLE>)
04-06 10:36:38.156 21645 21645 I ViewInteraction: Checking 'MatchesViewAssertion(Detox){viewMatcher=(view has effective visibility <VISIBLE> and view.getGlobalVisibleRect() covers at least <75> percent of the view's area)}' assertion on view (view.getTag() is "tab-treino" and view has effective visibility <VISIBLE>)
04-06 10:36:38.193 21645 21645 I ViewInteraction: Checking 'MatchesViewAssertion(Detox){viewMatcher=(view has effective visibility <VISIBLE> and view.getGlobalVisibleRect() covers at least <75> percent of the view's area)}' assertion on view (view.getTag() is "tab-treino" and view has effective visibility <VISIBLE>)
04-06 10:36:38.231 21645 21645 I ViewInteraction: Checking 'MatchesViewAssertion(Detox){viewMatcher=(view has effective visibility <VISIBLE> and view.getGlobalVisibleRect() covers at least <75> percent of the view's area)}' assertion on view (view.getTag() is "tab-treino" and view has effective visibility <VISIBLE>)
04-06 10:36:38.269 21645 21645 I ViewInteraction: Checking 'MatchesViewAssertion(Detox){viewMatcher=(view has effective visibility <VISIBLE> and view.getGlobalVisibleRect() covers at least <75> percent of the view's area)}' assertion on view (view.getTag() is "tab-treino" and view has effective visibility <VISIBLE>)
04-06 10:36:38.309 21645 21645 I ViewInteraction: Checking 'MatchesViewAssertion(Detox){viewMatcher=(view has effective visibility <VISIBLE> and view.getGlobalVisibleRect() covers at least <75> percent of the view's area)}' assertion on view (view.getTag() is "tab-treino" and view has effective visibility <VISIBLE>)
04-06 10:36:38.347 21645 21645 I ViewInteraction: Checking 'MatchesViewAssertion(Detox){viewMatcher=(view has effective visibility <VISIBLE> and view.getGlobalVisibleRect() covers at least <75> percent of the view's area)}' assertion on view (view.getTag() is "tab-treino" and view has effective visibility <VISIBLE>)
04-06 10:36:38.391 21645 21645 I ViewInteraction: Checking 'MatchesViewAssertion(Detox){viewMatcher=(view has effective visibility <VISIBLE> and view.getGlobalVisibleRect() covers at least <75> percent of the view's area)}' assertion on view (view.getTag() is "tab-treino" and view has effective visibility <VISIBLE>)
04-06 10:36:38.421 21645 21645 I ViewInteraction: Checking 'MatchesViewAssertion(Detox){viewMatcher=(view has effective visibility <VISIBLE> and view.getGlobalVisibleRect() covers at least <75> percent of the view's area)}' assertion on view (view.getTag() is "tab-treino" and view has effective visibility <VISIBLE>)
04-06 10:36:38.460 21645 21645 I ViewInteraction: Checking 'MatchesViewAssertion(Detox){viewMatcher=(view has effective visibility <VISIBLE> and view.getGlobalVisibleRect() covers at least <75> percent of the view's area)}' assertion on view (view.getTag() is "tab-treino" and view has effective visibility <VISIBLE>)
04-06 10:36:38.498 21645 21645 I ViewInteraction: Checking 'MatchesViewAssertion(Detox){viewMatcher=(view has effective visibility <VISIBLE> and view.getGlobalVisibleRect() covers at least <75> percent of the view's area)}' assertion on view (view.getTag() is "tab-treino" and view has effective visibility <VISIBLE>)
04-06 10:36:38.537 21645 21645 I ViewInteraction: Checking 'MatchesViewAssertion(Detox){viewMatcher=(view has effective visibility <VISIBLE> and view.getGlobalVisibleRect() covers at least <75> percent of the view's area)}' assertion on view (view.getTag() is "tab-treino" and view has effective visibility <VISIBLE>)
04-06 10:36:38.576 21645 21645 I ViewInteraction: Checking 'MatchesViewAssertion(Detox){viewMatcher=(view has effective visibility <VISIBLE> and view.getGlobalVisibleRect() covers at least <75> percent of the view's area)}' assertion on view (view.getTag() is "tab-treino" and view has effective visibility <VISIBLE>)
04-06 10:36:38.616 21645 21645 I ViewInteraction: Checking 'MatchesViewAssertion(Detox){viewMatcher=(view has effective visibility <VISIBLE> and view.getGlobalVisibleRect() covers at least <75> percent of the view's area)}' assertion on view (view.getTag() is "tab-treino" and view has effective visibility <VISIBLE>)
04-06 10:36:38.654 21645 21645 I ViewInteraction: Checking 'MatchesViewAssertion(Detox){viewMatcher=(view has effective visibility <VISIBLE> and view.getGlobalVisibleRect() covers at least <75> percent of the view's area)}' assertion on view (view.getTag() is "tab-treino" and view has effective visibility <VISIBLE>)
04-06 10:36:38.694 21645 21645 I ViewInteraction: Checking 'MatchesViewAssertion(Detox){viewMatcher=(view has effective visibility <VISIBLE> and view.getGlobalVisibleRect() covers at least <75> percent of the view's area)}' assertion on view (view.getTag() is "tab-treino" and view has effective visibility <VISIBLE>)
04-06 10:36:38.733 21645 21645 I ViewInteraction: Checking 'MatchesViewAssertion(Detox){viewMatcher=(view has effective visibility <VISIBLE> and view.getGlobalVisibleRect() covers at least <75> percent of the view's area)}' assertion on view (view.getTag() is "tab-treino" and view has effective visibility <VISIBLE>)
04-06 10:36:38.772 21645 21645 I ViewInteraction: Checking 'MatchesViewAssertion(Detox){viewMatcher=(view has effective visibility <VISIBLE> and view.getGlobalVisibleRect() covers at least <75> percent of the view's area)}' assertion on view (view.getTag() is "tab-treino" and view has effective visibility <VISIBLE>)
04-06 10:36:38.811 21645 21645 I ViewInteraction: Checking 'MatchesViewAssertion(Detox){viewMatcher=(view has effective visibility <VISIBLE> and view.getGlobalVisibleRect() covers at least <75> percent of the view's area)}' assertion on view (view.getTag() is "tab-treino" and view has effective visibility <VISIBLE>)
04-06 10:36:38.850 21645 21645 I ViewInteraction: Checking 'MatchesViewAssertion(Detox){viewMatcher=(view has effective visibility <VISIBLE> and view.getGlobalVisibleRect() covers at least <75> percent of the view's area)}' assertion on view (view.getTag() is "tab-treino" and view has effective visibility <VISIBLE>)
04-06 10:36:38.888 21645 21645 I ViewInteraction: Checking 'MatchesViewAssertion(Detox){viewMatcher=(view has effective visibility <VISIBLE> and view.getGlobalVisibleRect() covers at least <75> percent of the view's area)}' assertion on view (view.getTag() is "tab-treino" and view has effective visibility <VISIBLE>)
04-06 10:36:38.926 21645 21645 I ViewInteraction: Checking 'MatchesViewAssertion(Detox){viewMatcher=(view has effective visibility <VISIBLE> and view.getGlobalVisibleRect() covers at least <75> percent of the view's area)}' assertion on view (view.getTag() is "tab-treino" and view has effective visibility <VISIBLE>)
04-06 10:36:38.981 21645 21645 I ViewInteraction: Checking 'MatchesViewAssertion(Detox){viewMatcher=(view has effective visibility <VISIBLE> and view.getGlobalVisibleRect() covers at least <75> percent of the view's area)}' assertion on view (view.getTag() is "tab-treino" and view has effective visibility <VISIBLE>)
04-06 10:36:39.015 21645 21683 I DetoxActionHandlers: Test exception
04-06 10:36:39.015 21645 21683 I DetoxActionHandlers: java.lang.reflect.InvocationTargetException
04-06 10:36:39.015 21645 21683 I DetoxActionHandlers: 	at java.lang.reflect.Method.invoke(Native Method)
04-06 10:36:39.015 21645 21683 I DetoxActionHandlers: 	at org.apache.commons.lang3.reflect.MethodUtils.invokeStaticMethod(MethodUtils.java:443)
04-06 10:36:39.015 21645 21683 I DetoxActionHandlers: 	at org.apache.commons.lang3.reflect.MethodUtils.invokeStaticMethod(MethodUtils.java:405)
04-06 10:36:39.015 21645 21683 I DetoxActionHandlers: 	at com.wix.invoke.types.ClassTarget.execute(ClassTarget.java:23)
04-06 10:36:39.015 21645 21683 I DetoxActionHandlers: 	at com.wix.invoke.types.Target.invoke(Target.java:59)
04-06 10:36:39.015 21645 21683 I DetoxActionHandlers: 	at com.wix.invoke.MethodInvocation.invoke(MethodInvocation.java:35)
04-06 10:36:39.015 21645 21683 I DetoxActionHandlers: 	at com.wix.invoke.MethodInvocation.invoke(MethodInvocation.java:26)
04-06 10:36:39.015 21645 21683 I DetoxActionHandlers: 	at com.wix.invoke.MethodInvocation.invoke(MethodInvocation.java:20)
04-06 10:36:39.015 21645 21683 I DetoxActionHandlers: 	at com.wix.detox.adapters.server.InvokeActionHandler.handle(DetoxActionHandlers.kt:54)
04-06 10:36:39.015 21645 21683 I DetoxActionHandlers: 	at com.wix.detox.adapters.server.ActionsExecutor.executeAction$lambda$2$lambda$1(DetoxActionsDispatcher.kt:76)
04-06 10:36:39.015 21645 21683 I DetoxActionHandlers: 	at com.wix.detox.adapters.server.ActionsExecutor.$r8$lambda$GVbB7LHtBHxNHGbgYnHJ6YrwCqs(Unknown Source:0)
04-06 10:36:39.015 21645 21683 I DetoxActionHandlers: 	at com.wix.detox.adapters.server.ActionsExecutor$$ExternalSyntheticLambda0.run(D8$$SyntheticClass:0)
