04-06 10:42:59.241 26561 26593 I DetoxDispatcher: Handling action 'invoke' (ID #5)...
04-06 10:42:59.242 26561 26593 D Detox   : class com.wix.detox.espresso.DetoxMatcher, matcherForTestId, [input-peso-atual, false]
04-06 10:42:59.243 26561 26593 D Detox   : class androidx.test.espresso.action.ViewActions, clearText, []
04-06 10:42:59.243 26561 26593 D Detox   : class com.wix.detox.espresso.EspressoDetox, perform, [(view.getTag() is "input-peso-atual" and view has effective visibility <VISIBLE>), androidx.test.espresso.action.ReplaceTextAction@5f0e4fb]
04-06 10:42:59.275 26561 26561 I ViewInteraction: Performing 'replace text()' action on view (view.getTag() is "input-peso-atual" and view has effective visibility <VISIBLE>)
04-06 10:42:59.287 26561 26593 I DetoxWSClient: Sending out action 'invokeResult' (ID #5)
04-06 10:42:59.287 26561 26593 I DetoxDispatcher: Done with action 'invoke'
04-06 10:42:59.298 26561 26561 D InputMethodManager: startInputInner - Id : 0
04-06 10:42:59.298 26561 26561 I InputMethodManager: startInputInner - mService.startInputOrWindowGainedFocus
04-06 10:42:59.299 26561 26597 D DetoxWSClient: Received action 'invoke' (ID #6, params={"target":{"type":"Class","value":"com.wix.detox.espresso.EspressoDetox"},"method":"perform","args":[{"type":"Invocation","value":{"target":{"type":"Class","value":"com.wix.detox.espresso.DetoxMatcher"},"method":"matcherForTestId","args":["input-peso-atual",{"type":"boolean","value":false}]}},{"type":"Invocation","value":{"target":{"type":"Class","value":"androidx.test.espresso.action.ViewActions"},"method":"replaceText","args":["82"]}}]})
04-06 10:42:59.299 26561 26593 I DetoxDispatcher: Handling action 'invoke' (ID #6)...
04-06 10:42:59.300 26561 26593 D Detox   : class com.wix.detox.espresso.DetoxMatcher, matcherForTestId, [input-peso-atual, false]
04-06 10:42:59.300 26561 26593 D Detox   : class androidx.test.espresso.action.ViewActions, replaceText, [82]
04-06 10:42:59.300 26561 26593 D Detox   : class com.wix.detox.espresso.EspressoDetox, perform, [(view.getTag() is "input-peso-atual" and view has effective visibility <VISIBLE>), androidx.test.espresso.action.ReplaceTextAction@8df452e]
04-06 10:42:59.310 26561 26570 I om.evolucao.app: Compiler allocated 6133KB to compile void android.view.ViewRootImpl.performTraversals()
04-06 10:42:59.327 26561 26561 D InsetsController: show(ime(), fromIme=true)
04-06 10:42:59.343 26561 26561 D InputMethodManager: startInputInner - Id : 0
04-06 10:42:59.344 26561 26561 I InputMethodManager: startInputInner - mService.startInputOrWindowGainedFocus
04-06 10:42:59.348 26561 26561 I ViewInteraction: Performing 'replace text(82)' action on view (view.getTag() is "input-peso-atual" and view has effective visibility <VISIBLE>)
04-06 10:42:59.353 26561 26593 I DetoxWSClient: Sending out action 'invokeResult' (ID #6)
04-06 10:42:59.353 26561 26593 I DetoxDispatcher: Done with action 'invoke'
04-06 10:42:59.360 26561 26561 D InputMethodManager: startInputInner - Id : 0
04-06 10:42:59.360 26561 26561 I InputMethodManager: startInputInner - mService.startInputOrWindowGainedFocus
04-06 10:42:59.360 26561 26597 D DetoxWSClient: Received action 'invoke' (ID #7, params={"target":{"type":"Class","value":"com.wix.detox.espresso.DetoxAssertion"},"method":"assertMatcher","args":[{"type":"Invocation","value":{"target":{"type":"Class","value":"androidx.test.espresso.Espresso"},"method":"onView","args":[{"type":"Invocation","value":{"target":{"type":"Class","value":"com.wix.detox.espresso.DetoxMatcher"},"method":"matcherForTestId","args":["input-peso-atual",{"type":"boolean","value":false}]}}]}},{"type":"Invocation","value":{"target":{"type":"Class","value":"com.wix.detox.espresso.DetoxMatcher"},"method":"matcherForText","args":["82",{"type":"boolean","value":false}]}}]})
04-06 10:42:59.361 26561 26593 I DetoxDispatcher: Handling action 'invoke' (ID #7)...
04-06 10:42:59.361 26561 26593 D Detox   : class com.wix.detox.espresso.DetoxMatcher, matcherForTestId, [input-peso-atual, false]
04-06 10:42:59.361 26561 26593 D Detox   : class androidx.test.espresso.Espresso, onView, [(view.getTag() is "input-peso-atual" and view has effective visibility <VISIBLE>)]
04-06 10:42:59.362 26561 26593 D Detox   : class com.wix.detox.espresso.DetoxMatcher, matcherForText, [82, false]
04-06 10:42:59.362 26561 26593 D Detox   : class com.wix.detox.espresso.DetoxAssertion, assertMatcher, [androidx.test.espresso.ViewInteraction@55dee45, (an instance of android.widget.TextView and view.getText() with or without transformation to match: is "82" and view has effective visibility <VISIBLE>)]
04-06 10:42:59.372 26561 26561 D InsetsController: show(ime(), fromIme=true)
04-06 10:42:59.390 26561 26561 D InsetsController: show(ime(), fromIme=true)
04-06 10:42:59.408 26561 26611 D OpenGLRenderer: setSurface called with nullptr
04-06 10:42:59.408 26561 26611 D OpenGLRenderer: setSurface() destroyed EGLSurface
04-06 10:42:59.408 26561 26611 D OpenGLRenderer: destroyEglSurface
04-06 10:42:59.409 26561 26561 I ViewRootImpl@b96aff6[PopupWindow:f37e491]: dispatchDetachedFromWindow
04-06 10:42:59.415 26561 26561 D InputTransport: Input channel destroyed: 'f0b7a97', fd=174
04-06 10:42:59.416 26561 26611 D OpenGLRenderer: setSurface called with nullptr
04-06 10:42:59.416 26561 26611 D OpenGLRenderer: setSurface() destroyed EGLSurface
04-06 10:42:59.416 26561 26611 D OpenGLRenderer: destroyEglSurface
04-06 10:42:59.417 26561 26561 I ViewRootImpl@39994c9[PopupWindow:6e4dcd0]: dispatchDetachedFromWindow
04-06 10:42:59.423 26561 26561 D InputTransport: Input channel destroyed: '9b6aa69', fd=175
04-06 10:42:59.428 26561 26561 I ViewInteraction: Checking 'MatchesViewAssertion(Detox){viewMatcher=(an instance of android.widget.TextView and view.getText() with or without transformation to match: is "82" and view has effective visibility <VISIBLE>)}' assertion on view (view.getTag() is "input-peso-atual" and view has effective visibility <VISIBLE>)
04-06 10:42:59.431 26561 26593 I DetoxWSClient: Sending out action 'invokeResult' (ID #7)
04-06 10:42:59.431 26561 26593 I DetoxDispatcher: Done with action 'invoke'
04-06 10:42:59.436 26561 26597 D DetoxWSClient: Received action 'invoke' (ID #8, params={"target":{"type":"Class","value":"com.wix.detox.espresso.EspressoDetox"},"method":"perform","args":[{"type":"Invocation","value":{"target":{"type":"Class","value":"com.wix.detox.espresso.DetoxMatcher"},"method":"matcherForTestId","args":["input-peso-meta",{"type":"boolean","value":false}]}},{"type":"Invocation","value":{"target":{"type":"Class","value":"com.wix.detox.espresso.DetoxViewActions"},"method":"click","args":[]}}]})
04-06 10:42:59.436 26561 26593 I DetoxDispatcher: Handling action 'invoke' (ID #8)...
04-06 10:42:59.436 26561 26593 D Detox   : class com.wix.detox.espresso.DetoxMatcher, matcherForTestId, [input-peso-meta, false]
04-06 10:42:59.437 26561 26593 D Detox   : class com.wix.detox.espresso.DetoxViewActions, click, []
04-06 10:42:59.437 26561 26593 D Detox   : class com.wix.detox.espresso.EspressoDetox, perform, [(view.getTag() is "input-peso-meta" and view has effective visibility <VISIBLE>), com.wix.detox.espresso.action.RNClickAction@72ff2b5]
04-06 10:42:59.440 26561 26561 I ViewInteraction: Performing 'com.wix.detox.espresso.action.detoxsingletap@85bad4a click' action on view (view.getTag() is "input-peso-meta" and view has effective visibility <VISIBLE>)
04-06 10:42:59.443 26561 26561 I ViewRootImpl@73623ee[MainActivity]: ViewPostIme pointer 0
04-06 10:42:59.473 26561 26561 I ViewRootImpl@73623ee[MainActivity]: ViewPostIme pointer 1
04-06 10:42:59.484 26561 26561 D InputMethodManager: startInputInner - Id : 0
04-06 10:42:59.484 26561 26561 I InputMethodManager: startInputInner - mService.startInputOrWindowGainedFocus
04-06 10:42:59.488 26561 26561 I IMM_LC  : showSoftInput(View,I)
04-06 10:42:59.489 26561 26561 I IMM_LC  : ssi() - flag : 0 view : com.evolucao.app reason = SHOW_SOFT_INPUT
04-06 10:42:59.506 26561 26611 D NativeCustomFrequencyManager: [NativeCFMS] BpCustomFrequencyManager::BpCustomFrequencyManager()
04-06 10:42:59.510 26561 26561 D InsetsController: onStateChanged: InsetsState: {mDisplayFrame=Rect(0, 0 - 1080, 2400), mDisplayCutout=DisplayCutout{insets=Rect(0, 88 - 0, 0) waterfall=Insets{left=0, top=0, right=0, bottom=0} boundingRect={Bounds=[Rect(0, 0 - 0, 0), Rect(512, 0 - 568, 88), Rect(0, 0 - 0, 0), Rect(0, 0 - 0, 0)]} cutoutPathParserInfo={CutoutPathParserInfo{displayWidth=1080 displayHeight=2400 physicalDisplayWidth=1080 physicalDisplayHeight=2400 density={3.0} cutoutSpec={M 0,0 M 0,10.71963616907435 a 9.280363830925644,9.280363830925644 0 1,0 0,18.56072766185129 a 9.280363830925644,9.280363830925644 0 1,0 0,-18.56072766185129 Z @dp} rotation={0} scale={1.0} physicalPixelDisplaySizeRatio={1.0}}}}, mRoundedCorners=RoundedCorners{[RoundedCorner{position=TopLeft, radius=96, center=Point(96, 96)}, RoundedCorner{position=TopRight, radius=96, center=Point(984, 96)}, RoundedCorner{position=BottomRight, radius=96, center=Point(984, 2304)}, RoundedCorner{position=BottomLeft, radius=96, center=Point(96, 2304)}]}  mRoundedCornerFrame=Rect(0, 0 - 1080, 2400), mPrivacyIndicatorBounds=PrivacyIndicatorBounds {static bounds=Rect(948, 0 - 1080, 88) rotation=0}, mSources= { InsetsSource: {mType=ITYPE_STATUS_BAR, mFrame=[0,0][1080,88], mVisible=true, mInsetsRoundedCornerFrame=false}, InsetsSource: {mType=ITYPE_NAVIGATION_BAR, mFrame=[0,2256][1080,2400], mVisible=true, mInsetsRoundedCornerFrame=false}, InsetsSource: {mType=ITYPE_LEFT_GESTURES, mFrame=[0,0][0,2400], mVisible=true, mInsetsRoundedCornerFrame=false}, InsetsSource: {mType=ITYPE_RIGHT_GESTURES, mFrame=[1080,0][1080,2400], mVisible=true, mInsetsRoundedCornerFrame=false}, InsetsSource: {mType=ITYPE_TOP_MANDATORY_GESTURES, mFrame=[0,0][1080,124], mVisible=true, mInsetsRoundedCornerFrame=false}, InsetsSource: {mType=ITYPE_BOTTOM_MANDATORY_GESTURES, mFrame=[0,2256][1080,2400], mVisible=true, mInsetsRoundedCornerFrame=false}, InsetsSource: {mType=ITYPE_LEFT_DISPLAY_CUTOUT, mFrame=[0,0][-100000,2400], mVisible=true, mInsetsRoundedCornerFrame=false}, InsetsSource: {mType=ITYPE_TOP_DISPLAY_CUTOUT, mFrame=[0,0][1080,88], mVisible=true, mInsetsRoundedCornerFrame=false}, InsetsSource: {mType=ITYPE_RIGHT_DISPLAY_CUTOUT, mFrame=[100000,0][1080,2400], mVisible=true, mInsetsRoundedCornerFrame=false}, InsetsSource: {mType=ITYPE_BOTTOM_DISPLAY_CUTOUT, mFrame=[0,100000][1080,2400], mVisible=true, mInsetsRoundedCornerFrame=false}, InsetsSource: {mType=ITYPE_TOP_TAPPABLE_ELEMENT, mFrame=[0,0][1080,88], mVisible=true, mInsetsRoundedCornerFrame=false}, InsetsSource: {mType=ITYPE_BOTTOM_TAPPABLE_ELEMENT, mFrame=[0,2256][1080,2400], mVisible=true, mInsetsRoundedCornerFrame=false} } host=PopupWindow:488add8 from=android.view.ViewRootImpl.setView:1732
04-06 10:42:59.512 26561 26561 I ViewRootImpl@3a0531[PopupWindow:488add8]: setView = android.widget.PopupWindow$PopupDecorView@ff8c36d TM=false
04-06 10:42:59.513 26561 26611 D NativeCustomFrequencyManager: [NativeCFMS] BpCustomFrequencyManager::BpCustomFrequencyManager()
04-06 10:42:59.516 26561 26561 D InsetsController: onStateChanged: InsetsState: {mDisplayFrame=Rect(0, 0 - 1080, 2400), mDisplayCutout=DisplayCutout{insets=Rect(0, 88 - 0, 0) waterfall=Insets{left=0, top=0, right=0, bottom=0} boundingRect={Bounds=[Rect(0, 0 - 0, 0), Rect(512, 0 - 568, 88), Rect(0, 0 - 0, 0), Rect(0, 0 - 0, 0)]} cutoutPathParserInfo={CutoutPathParserInfo{displayWidth=1080 displayHeight=2400 physicalDisplayWidth=1080 physicalDisplayHeight=2400 density={3.0} cutoutSpec={M 0,0 M 0,10.71963616907435 a 9.280363830925644,9.280363830925644 0 1,0 0,18.56072766185129 a 9.280363830925644,9.280363830925644 0 1,0 0,-18.56072766185129 Z @dp} rotation={0} scale={1.0} physicalPixelDisplaySizeRatio={1.0}}}}, mRoundedCorners=RoundedCorners{[RoundedCorner{position=TopLeft, radius=96, center=Point(96, 96)}, RoundedCorner{position=TopRight, radius=96, center=Point(984, 96)}, RoundedCorner{position=BottomRight, radius=96, center=Point(984, 2304)}, RoundedCorner{position=BottomLeft, radius=96, center=Point(96, 2304)}]}  mRoundedCornerFrame=Rect(0, 0 - 1080, 2400), mPrivacyIndicatorBounds=PrivacyIndicatorBounds {static bounds=Rect(948, 0 - 1080, 88) rotation=0}, mSources= { InsetsSource: {mType=ITYPE_STATUS_BAR, mFrame=[0,0][1080,88], mVisible=true, mInsetsRoundedCornerFrame=false}, InsetsSource: {mType=ITYPE_NAVIGATION_BAR, mFrame=[0,2256][1080,2400], mVisible=true, mInsetsRoundedCornerFrame=false}, InsetsSource: {mType=ITYPE_LEFT_GESTURES, mFrame=[0,0][0,2400], mVisible=true, mInsetsRoundedCornerFrame=false}, InsetsSource: {mType=ITYPE_RIGHT_GESTURES, mFrame=[1080,0][1080,2400], mVisible=true, mInsetsRoundedCornerFrame=false}, InsetsSource: {mType=ITYPE_TOP_MANDATORY_GESTURES, mFrame=[0,0][1080,124], mVisible=true, mInsetsRoundedCornerFrame=false}, InsetsSource: {mType=ITYPE_BOTTOM_MANDATORY_GESTURES, mFrame=[0,2256][1080,2400], mVisible=true, mInsetsRoundedCornerFrame=false}, InsetsSource: {mType=ITYPE_LEFT_DISPLAY_CUTOUT, mFrame=[0,0][-100000,2400], mVisible=true, mInsetsRoundedCornerFrame=false}, InsetsSource: {mType=ITYPE_TOP_DISPLAY_CUTOUT, mFrame=[0,0][1080,88], mVisible=true, mInsetsRoundedCornerFrame=false}, InsetsSource: {mType=ITYPE_RIGHT_DISPLAY_CUTOUT, mFrame=[100000,0][1080,2400], mVisible=true, mInsetsRoundedCornerFrame=false}, InsetsSource: {mType=ITYPE_BOTTOM_DISPLAY_CUTOUT, mFrame=[0,100000][1080,2400], mVisible=true, mInsetsRoundedCornerFrame=false}, InsetsSource: {mType=ITYPE_TOP_TAPPABLE_ELEMENT, mFrame=[0,0][1080,88], mVisible=true, mInsetsRoundedCornerFrame=false}, InsetsSource: {mType=ITYPE_BOTTOM_TAPPABLE_ELEMENT, mFrame=[0,2256][1080,2400], mVisible=true, mInsetsRoundedCornerFrame=false} } host=PopupWindow:b6dd033 from=android.view.ViewRootImpl.setView:1732
04-06 10:42:59.517 26561 26561 I ViewRootImpl@da35ff0[PopupWindow:b6dd033]: setView = android.widget.PopupWindow$PopupDecorView@a768b1c TM=false
04-06 10:42:59.519 26561 26561 W RemoteInputConnectionImpl: requestCursorAnchorInfo on inactive InputConnection
04-06 10:42:59.521 26561 26561 I IMM_LC  : showSoftInput(View,I)
04-06 10:42:59.521 26561 26561 I IMM_LC  : ssi() - flag : 0 view : com.evolucao.app reason = SHOW_SOFT_INPUT
04-06 10:42:59.523 26561 26561 I ViewRootImpl@3a0531[PopupWindow:488add8]: performTraversals params={(112,1390)(90x108) gr=TOP START CENTER sim={state=unchanged adjust=pan} ty=APPLICATION_SUB_PANEL fmt=TRANSLUCENT wanim=0x1030313 surfaceInsets=Rect(0, 0 - 0, 0) (manual)
04-06 10:42:59.523 26561 26561 I ViewRootImpl@3a0531[PopupWindow:488add8]:   fl=41800208
04-06 10:42:59.523 26561 26561 I ViewRootImpl@3a0531[PopupWindow:488add8]:   pfl=2018000
04-06 10:42:59.523 26561 26561 I ViewRootImpl@3a0531[PopupWindow:488add8]:   bhv=DEFAULT
04-06 10:42:59.523 26561 26561 I ViewRootImpl@3a0531[PopupWindow:488add8]:   fitTypes=STATUS_BARS NAVIGATION_BARS CAPTION_BAR naviIconColor=0
04-06 10:42:59.523 26561 26561 I ViewRootImpl@3a0531[PopupWindow:488add8]:   sfl=20000}
04-06 10:42:59.524 26561 26561 I ViewRootImpl@3a0531[PopupWindow:488add8]: performTraversals mFirst=true windowShouldResize=true viewVisibilityChanged=false mForceNextWindowRelayout=false params={(112,1390)(90x108) gr=TOP START CENTER sim={state=unchanged adjust=pan} ty=APPLICATION_SUB_PANEL fmt=TRANSLUCENT wanim=0x1030313 surfaceInsets=Rect(0, 0 - 0, 0) (manual)
04-06 10:42:59.524 26561 26561 I ViewRootImpl@3a0531[PopupWindow:488add8]:   fl=41800208
04-06 10:42:59.524 26561 26561 I ViewRootImpl@3a0531[PopupWindow:488add8]:   pfl=42018000
04-06 10:42:59.524 26561 26561 I ViewRootImpl@3a0531[PopupWindow:488add8]:   bhv=DEFAULT
04-06 10:42:59.524 26561 26561 I ViewRootImpl@3a0531[PopupWindow:488add8]:   fitTypes=STATUS_BARS NAVIGATION_BARS CAPTION_BAR naviIconColor=0
04-06 10:42:59.524 26561 26561 I ViewRootImpl@3a0531[PopupWindow:488add8]:   sfl=20000}
04-06 10:42:59.528 26561 26577 I ViewRootImpl@3a0531[PopupWindow:488add8]: Resizing android.view.ViewRootImpl@bc49ba2: frame = [112,1390][202,1498] reportDraw = true forceLayout = false syncSeqId = 0
04-06 10:42:59.529 26561 26561 I ViewRootImpl@3a0531[PopupWindow:488add8]: updateBlastSurfaceIfNeeded mBlastBufferQueue=null isSameSurfaceControl=false
04-06 10:42:59.530 26561 26561 I BLASTBufferQueue: new BLASTBufferQueue, mName= ViewRootImpl@3a0531[PopupWindow:488add8] mNativeObject= 0xb4000070a073b900 sc.mNativeObject= 0xb4000070a08ba2a0 caller= android.view.ViewRootImpl.updateBlastSurfaceIfNeeded:2909 android.view.ViewRootImpl.relayoutWindow:9847 android.view.ViewRootImpl.performTraversals:3884 android.view.ViewRootImpl.doTraversal:3116 android.view.ViewRootImpl$TraversalRunnable.run:10885 android.view.Choreographer$CallbackRecord.run:1301 android.view.Choreographer$CallbackRecord.run:1309 android.view.Choreographer.doCallbacks:923 android.view.Choreographer.doFrame:852 android.view.Choreographer$FrameDisplayEventReceiver.run:1283 
04-06 10:42:59.530 26561 26561 I BLASTBufferQueue: update, w= 90 h= 108 mName = ViewRootImpl@3a0531[PopupWindow:488add8] mNativeObject= 0xb4000070a073b900 sc.mNativeObject= 0xb4000070a08ba2a0 format= -3 caller= android.graphics.BLASTBufferQueue.<init>:84 android.view.ViewRootImpl.updateBlastSurfaceIfNeeded:2909 android.view.ViewRootImpl.relayoutWindow:9847 android.view.ViewRootImpl.performTraversals:3884 android.view.ViewRootImpl.doTraversal:3116 android.view.ViewRootImpl$TraversalRunnable.run:10885 
04-06 10:42:59.530 26561 26561 I ViewRootImpl@3a0531[PopupWindow:488add8]: Relayout returned: old=(112,1390,202,1498) new=(112,1390,202,1498) req=(90,108)0 dur=5 res=0x3 s={true 0xb4000070a70ab000} ch=true seqId=0
04-06 10:42:59.531 26561 26561 I ViewRootImpl@3a0531[PopupWindow:488add8]: mThreadedRenderer.initialize() mSurface={isValid=true 0xb4000070a70ab000} hwInitialized=true
04-06 10:42:59.531 26561 26611 D OpenGLRenderer: eglCreateWindowSurface
04-06 10:42:59.532 26561 26561 I ViewRootImpl@3a0531[PopupWindow:488add8]: reportNextDraw android.view.ViewRootImpl.performTraversals:4438 android.view.ViewRootImpl.doTraversal:3116 android.view.ViewRootImpl$TraversalRunnable.run:10885 android.view.Choreographer$CallbackRecord.run:1301 android.view.Choreographer$CallbackRecord.run:1309 
04-06 10:42:59.532 26561 26561 I ViewRootImpl@3a0531[PopupWindow:488add8]: Setup new sync id=0
04-06 10:42:59.532 26561 26561 I ViewRootImpl@3a0531[PopupWindow:488add8]: Setting syncFrameCallback
04-06 10:42:59.532 26561 26561 I ViewRootImpl@3a0531[PopupWindow:488add8]: registerCallbacksForSync syncBuffer=false
04-06 10:42:59.532 26561 26633 I ViewRootImpl@3a0531[PopupWindow:488add8]: Received frameDrawingCallback syncResult=0 frameNum=1.
04-06 10:42:59.532 26561 26633 I ViewRootImpl@3a0531[PopupWindow:488add8]: Setting up sync and frameCommitCallback
04-06 10:42:59.533 26561 26611 I BLASTBufferQueue: [ViewRootImpl@3a0531[PopupWindow:488add8]#4](f:0,a:0) onFrameAvailable the first frame is available
04-06 10:42:59.533 26561 26611 I ViewRootImpl@3a0531[PopupWindow:488add8]: Received frameCommittedCallback lastAttemptedDrawFrameNum=1 didProduceBuffer=true
04-06 10:42:59.534 26561 26611 D OpenGLRenderer: CFMS:: SetUp Pid : 26561    Tid : 26611
04-06 10:42:59.534 26561 26611 W Parcel  : Expecting binder but got null!
04-06 10:42:59.534 26561 26561 I ViewRootImpl@3a0531[PopupWindow:488add8]: onSyncComplete
04-06 10:42:59.534 26561 26561 I ViewRootImpl@3a0531[PopupWindow:488add8]: setupSync seqId=0 mSyncId=0 fn=1 caller=android.view.ViewRootImpl$$ExternalSyntheticLambda11.accept:6 android.window.SurfaceSyncer.lambda$setupSync$1$android-window-SurfaceSyncer:128 android.window.SurfaceSyncer$$ExternalSyntheticLambda1.accept:8 android.window.SurfaceSyncer$SyncSet.checkIfSyncIsComplete:382 android.window.SurfaceSyncer$SyncSet.markSyncReady:359 android.window.SurfaceSyncer.markSyncReady:151 android.view.ViewRootImpl.performTraversals:4503 
04-06 10:42:59.535 26561 26561 I ViewRootImpl@da35ff0[PopupWindow:b6dd033]: performTraversals params={(112,1296)(90x94) gr=TOP START CENTER sim={state=unchanged adjust=pan} ty=APPLICATION_SUB_PANEL fmt=TRANSLUCENT wanim=0x1030313 surfaceInsets=Rect(0, 0 - 0, 0) (manual)
04-06 10:42:59.535 26561 26561 I ViewRootImpl@da35ff0[PopupWindow:b6dd033]:   fl=41800218
04-06 10:42:59.535 26561 26561 I ViewRootImpl@da35ff0[PopupWindow:b6dd033]:   pfl=2018000
04-06 10:42:59.535 26561 26561 I ViewRootImpl@da35ff0[PopupWindow:b6dd033]:   bhv=DEFAULT
04-06 10:42:59.535 26561 26561 I ViewRootImpl@da35ff0[PopupWindow:b6dd033]:   fitTypes=STATUS_BARS NAVIGATION_BARS CAPTION_BAR naviIconColor=0
04-06 10:42:59.535 26561 26561 I ViewRootImpl@da35ff0[PopupWindow:b6dd033]:   sfl=20000}
04-06 10:42:59.536 26561 26561 I ViewRootImpl@da35ff0[PopupWindow:b6dd033]: performTraversals mFirst=true windowShouldResize=true viewVisibilityChanged=false mForceNextWindowRelayout=false params={(112,1296)(90x94) gr=TOP START CENTER sim={state=unchanged adjust=pan} ty=APPLICATION_SUB_PANEL fmt=TRANSLUCENT wanim=0x1030313 surfaceInsets=Rect(0, 0 - 0, 0) (manual)
04-06 10:42:59.536 26561 26561 I ViewRootImpl@da35ff0[PopupWindow:b6dd033]:   fl=41800218
04-06 10:42:59.536 26561 26561 I ViewRootImpl@da35ff0[PopupWindow:b6dd033]:   pfl=42018000
04-06 10:42:59.536 26561 26561 I ViewRootImpl@da35ff0[PopupWindow:b6dd033]:   bhv=DEFAULT
04-06 10:42:59.536 26561 26561 I ViewRootImpl@da35ff0[PopupWindow:b6dd033]:   fitTypes=STATUS_BARS NAVIGATION_BARS CAPTION_BAR naviIconColor=0
04-06 10:42:59.536 26561 26561 I ViewRootImpl@da35ff0[PopupWindow:b6dd033]:   sfl=20000}
04-06 10:42:59.539 26561 26575 I ViewRootImpl@da35ff0[PopupWindow:b6dd033]: Resizing android.view.ViewRootImpl@683f325: frame = [112,1296][202,1390] reportDraw = true forceLayout = false syncSeqId = 0
04-06 10:42:59.540 26561 26561 I ViewRootImpl@da35ff0[PopupWindow:b6dd033]: updateBlastSurfaceIfNeeded mBlastBufferQueue=null isSameSurfaceControl=false
04-06 10:42:59.541 26561 26561 I BLASTBufferQueue: new BLASTBufferQueue, mName= ViewRootImpl@da35ff0[PopupWindow:b6dd033] mNativeObject= 0xb4000070a073bc80 sc.mNativeObject= 0xb4000070a08ba7a0 caller= android.view.ViewRootImpl.updateBlastSurfaceIfNeeded:2909 android.view.ViewRootImpl.relayoutWindow:9847 android.view.ViewRootImpl.performTraversals:3884 android.view.ViewRootImpl.doTraversal:3116 android.view.ViewRootImpl$TraversalRunnable.run:10885 android.view.Choreographer$CallbackRecord.run:1301 android.view.Choreographer$CallbackRecord.run:1309 android.view.Choreographer.doCallbacks:923 android.view.Choreographer.doFrame:852 android.view.Choreographer$FrameDisplayEventReceiver.run:1283 
04-06 10:42:59.541 26561 26561 I BLASTBufferQueue: update, w= 90 h= 94 mName = ViewRootImpl@da35ff0[PopupWindow:b6dd033] mNativeObject= 0xb4000070a073bc80 sc.mNativeObject= 0xb4000070a08ba7a0 format= -3 caller= android.graphics.BLASTBufferQueue.<init>:84 android.view.ViewRootImpl.updateBlastSurfaceIfNeeded:2909 android.view.ViewRootImpl.relayoutWindow:9847 android.view.ViewRootImpl.performTraversals:3884 android.view.ViewRootImpl.doTraversal:3116 android.view.ViewRootImpl$TraversalRunnable.run:10885 
04-06 10:42:59.541 26561 26561 I ViewRootImpl@da35ff0[PopupWindow:b6dd033]: Relayout returned: old=(112,1296,202,1390) new=(112,1296,202,1390) req=(90,94)0 dur=4 res=0x3 s={true 0xb4000070a70a8800} ch=true seqId=0
04-06 10:42:59.542 26561 26561 I ViewRootImpl@da35ff0[PopupWindow:b6dd033]: mThreadedRenderer.initialize() mSurface={isValid=true 0xb4000070a70a8800} hwInitialized=true
04-06 10:42:59.542 26561 26611 D OpenGLRenderer: eglCreateWindowSurface
04-06 10:42:59.543 26561 26561 I ViewRootImpl@da35ff0[PopupWindow:b6dd033]: reportNextDraw android.view.ViewRootImpl.performTraversals:4438 android.view.ViewRootImpl.doTraversal:3116 android.view.ViewRootImpl$TraversalRunnable.run:10885 android.view.Choreographer$CallbackRecord.run:1301 android.view.Choreographer$CallbackRecord.run:1309 
04-06 10:42:59.543 26561 26561 I ViewRootImpl@da35ff0[PopupWindow:b6dd033]: Setup new sync id=0
04-06 10:42:59.543 26561 26561 I ViewRootImpl@da35ff0[PopupWindow:b6dd033]: Setting syncFrameCallback
04-06 10:42:59.543 26561 26561 I ViewRootImpl@da35ff0[PopupWindow:b6dd033]: registerCallbacksForSync syncBuffer=false
04-06 10:42:59.543 26561 26632 I ViewRootImpl@da35ff0[PopupWindow:b6dd033]: Received frameDrawingCallback syncResult=0 frameNum=1.
04-06 10:42:59.543 26561 26632 I ViewRootImpl@da35ff0[PopupWindow:b6dd033]: Setting up sync and frameCommitCallback
04-06 10:42:59.544 26561 26611 I BLASTBufferQueue: [ViewRootImpl@da35ff0[PopupWindow:b6dd033]#5](f:0,a:0) onFrameAvailable the first frame is available
04-06 10:42:59.544 26561 26611 I ViewRootImpl@da35ff0[PopupWindow:b6dd033]: Received frameCommittedCallback lastAttemptedDrawFrameNum=1 didProduceBuffer=true
04-06 10:42:59.544 26561 26611 D OpenGLRenderer: CFMS:: SetUp Pid : 26561    Tid : 26611
04-06 10:42:59.544 26561 26611 W Parcel  : Expecting binder but got null!
04-06 10:42:59.544 26561 26561 I ViewRootImpl@da35ff0[PopupWindow:b6dd033]: onSyncComplete
04-06 10:42:59.545 26561 26561 I ViewRootImpl@da35ff0[PopupWindow:b6dd033]: setupSync seqId=0 mSyncId=0 fn=1 caller=android.view.ViewRootImpl$$ExternalSyntheticLambda11.accept:6 android.window.SurfaceSyncer.lambda$setupSync$1$android-window-SurfaceSyncer:128 android.window.SurfaceSyncer$$ExternalSyntheticLambda1.accept:8 android.window.SurfaceSyncer$SyncSet.checkIfSyncIsComplete:382 android.window.SurfaceSyncer$SyncSet.markSyncReady:359 android.window.SurfaceSyncer.markSyncReady:151 android.view.ViewRootImpl.performTraversals:4503 
04-06 10:42:59.545 26561 26561 I ViewRootImpl@da35ff0[PopupWindow:b6dd033]: reportDrawFinished seqId=0 mSyncId=-1 fn=1 mSurfaceChangedTransaction=0xb4000070a0386e00
04-06 10:42:59.545 26561 26561 I ViewRootImpl@3a0531[PopupWindow:488add8]: reportDrawFinished seqId=0 mSyncId=-1 fn=1 mSurfaceChangedTransaction=0xb4000069fd9cca00
04-06 10:42:59.547 26561 26561 I ViewRootImpl@3a0531[PopupWindow:488add8]: handleResized, msg = 5 frames=ClientWindowFrames{frame=[112,1390][202,1498] display=[-100000,-100000][100000,100000] parentFrame=[0,0][0,0] parentClippedByDisplayCutout=false} forceNextWindowRelayout=false displayId=0 resizeMode=-1 frameChanged=false displayFrameChanged=false configChanged=false displayChanged=false
04-06 10:42:59.547 26561 26561 I ViewRootImpl@3a0531[PopupWindow:488add8]: handleResized mSyncSeqId = 0
04-06 10:42:59.547 26561 26561 I ViewRootImpl@3a0531[PopupWindow:488add8]: reportNextDraw android.view.ViewRootImpl.handleResized:2450 android.view.ViewRootImpl.-$$Nest$mhandleResized:0 android.view.ViewRootImpl$ViewRootHandler.handleMessageImpl:6728 android.view.ViewRootImpl$ViewRootHandler.handleMessage:6697 android.os.Handler.dispatchMessage:106 
04-06 10:42:59.548 26561 26561 I ViewRootImpl@3a0531[PopupWindow:488add8]: Setup new sync id=1
04-06 10:42:59.548 26561 26561 I ViewRootImpl@3a0531[PopupWindow:488add8]: Setting syncFrameCallback
04-06 10:42:59.548 26561 26561 I ViewRootImpl@3a0531[PopupWindow:488add8]: registerCallbacksForSync syncBuffer=false
04-06 10:42:59.549 26561 26633 I ViewRootImpl@3a0531[PopupWindow:488add8]: Received frameDrawingCallback syncResult=0 frameNum=2.
04-06 10:42:59.549 26561 26633 I ViewRootImpl@3a0531[PopupWindow:488add8]: Setting up sync and frameCommitCallback
04-06 10:42:59.549 26561 26611 I ViewRootImpl@3a0531[PopupWindow:488add8]: Received frameCommittedCallback lastAttemptedDrawFrameNum=2 didProduceBuffer=true
04-06 10:42:59.550 26561 26561 I ViewRootImpl@3a0531[PopupWindow:488add8]: onSyncComplete
04-06 10:42:59.550 26561 26561 I ViewRootImpl@3a0531[PopupWindow:488add8]: setupSync seqId=0 mSyncId=1 fn=2 caller=android.view.ViewRootImpl$$ExternalSyntheticLambda11.accept:6 android.window.SurfaceSyncer.lambda$setupSync$1$android-window-SurfaceSyncer:128 android.window.SurfaceSyncer$$ExternalSyntheticLambda1.accept:8 android.window.SurfaceSyncer$SyncSet.checkIfSyncIsComplete:382 android.window.SurfaceSyncer$SyncSet.markSyncReady:359 android.window.SurfaceSyncer.markSyncReady:151 android.view.ViewRootImpl.performTraversals:4503 
04-06 10:42:59.550 26561 26561 I ViewRootImpl@3a0531[PopupWindow:488add8]: reportDrawFinished seqId=0 mSyncId=-1 fn=2 mSurfaceChangedTransaction=0xb4000069fd9cca00
04-06 10:42:59.551 26561 26561 I ViewRootImpl@da35ff0[PopupWindow:b6dd033]: handleResized, msg = 5 frames=ClientWindowFrames{frame=[112,1296][202,1390] display=[-100000,-100000][100000,100000] parentFrame=[0,0][0,0] parentClippedByDisplayCutout=false} forceNextWindowRelayout=false displayId=0 resizeMode=-1 frameChanged=false displayFrameChanged=false configChanged=false displayChanged=false
04-06 10:42:59.551 26561 26561 I ViewRootImpl@da35ff0[PopupWindow:b6dd033]: handleResized mSyncSeqId = 0
04-06 10:42:59.551 26561 26561 I ViewRootImpl@da35ff0[PopupWindow:b6dd033]: reportNextDraw android.view.ViewRootImpl.handleResized:2450 android.view.ViewRootImpl.-$$Nest$mhandleResized:0 android.view.ViewRootImpl$ViewRootHandler.handleMessageImpl:6728 android.view.ViewRootImpl$ViewRootHandler.handleMessage:6697 android.os.Handler.dispatchMessage:106 
04-06 10:42:59.552 26561 26561 I ViewRootImpl@da35ff0[PopupWindow:b6dd033]: Setup new sync id=1
04-06 10:42:59.552 26561 26561 I ViewRootImpl@da35ff0[PopupWindow:b6dd033]: Setting syncFrameCallback
04-06 10:42:59.552 26561 26561 I ViewRootImpl@da35ff0[PopupWindow:b6dd033]: registerCallbacksForSync syncBuffer=false
04-06 10:42:59.553 26561 26632 I ViewRootImpl@da35ff0[PopupWindow:b6dd033]: Received frameDrawingCallback syncResult=0 frameNum=2.
04-06 10:42:59.553 26561 26632 I ViewRootImpl@da35ff0[PopupWindow:b6dd033]: Setting up sync and frameCommitCallback
04-06 10:42:59.553 26561 26611 I ViewRootImpl@da35ff0[PopupWindow:b6dd033]: Received frameCommittedCallback lastAttemptedDrawFrameNum=2 didProduceBuffer=true
04-06 10:42:59.553 26561 26561 I ViewRootImpl@da35ff0[PopupWindow:b6dd033]: onSyncComplete
04-06 10:42:59.554 26561 26561 I ViewRootImpl@da35ff0[PopupWindow:b6dd033]: setupSync seqId=0 mSyncId=1 fn=2 caller=android.view.ViewRootImpl$$ExternalSyntheticLambda11.accept:6 android.window.SurfaceSyncer.lambda$setupSync$1$android-window-SurfaceSyncer:128 android.window.SurfaceSyncer$$ExternalSyntheticLambda1.accept:8 android.window.SurfaceSyncer$SyncSet.checkIfSyncIsComplete:382 android.window.SurfaceSyncer$SyncSet.markSyncReady:359 android.window.SurfaceSyncer.markSyncReady:151 android.view.ViewRootImpl.performTraversals:4503 
04-06 10:42:59.554 26561 26561 I ViewRootImpl@da35ff0[PopupWindow:b6dd033]: reportDrawFinished seqId=0 mSyncId=-1 fn=2 mSurfaceChangedTransaction=0xb4000070a0386e00
04-06 10:42:59.559 26561 26561 W OnBackInvokedCallback: OnBackInvokedCallback is not enabled for the application.
04-06 10:42:59.559 26561 26561 W OnBackInvokedCallback: Set 'android:enableOnBackInvokedCallback="true"' in the application manifest.
04-06 10:42:59.560 26561 26561 D InsetsController: show(ime(), fromIme=true)
04-06 10:42:59.566 26561 26561 D InsetsController: show(ime(), fromIme=true)
04-06 10:42:59.591 26561 26561 D InsetsController: show(ime(), fromIme=true)
04-06 10:42:59.931 26561 26593 I DetoxWSClient: Sending out action 'invokeResult' (ID #8)
04-06 10:42:59.932 26561 26593 I DetoxDispatcher: Done with action 'invoke'
04-06 10:42:59.937 26561 26597 D DetoxWSClient: Received action 'invoke' (ID #9, params={"target":{"type":"Class","value":"com.wix.detox.espresso.EspressoDetox"},"method":"perform","args":[{"type":"Invocation","value":{"target":{"type":"Class","value":"com.wix.detox.espresso.DetoxMatcher"},"method":"matcherForTestId","args":["input-peso-meta",{"type":"boolean","value":false}]}},{"type":"Invocation","value":{"target":{"type":"Class","value":"androidx.test.espresso.action.ViewActions"},"method":"clearText","args":[]}}]})
04-06 10:42:59.938 26561 26593 I DetoxDispatcher: Handling action 'invoke' (ID #9)...
04-06 10:42:59.938 26561 26593 D Detox   : class com.wix.detox.espresso.DetoxMatcher, matcherForTestId, [input-peso-meta, false]
04-06 10:42:59.939 26561 26593 D Detox   : class androidx.test.espresso.action.ViewActions, clearText, []
04-06 10:42:59.939 26561 26593 D Detox   : class com.wix.detox.espresso.EspressoDetox, perform, [(view.getTag() is "input-peso-meta" and view has effective visibility <VISIBLE>), androidx.test.espresso.action.ReplaceTextAction@c6f3152]
04-06 10:42:59.945 26561 26561 I ViewInteraction: Performing 'replace text()' action on view (view.getTag() is "input-peso-meta" and view has effective visibility <VISIBLE>)
04-06 10:42:59.955 26561 26593 I DetoxWSClient: Sending out action 'invokeResult' (ID #9)
04-06 10:42:59.962 26561 26593 I DetoxDispatcher: Done with action 'invoke'
04-06 10:42:59.963 26561 26561 D InputMethodManager: startInputInner - Id : 0
04-06 10:42:59.964 26561 26561 I InputMethodManager: startInputInner - mService.startInputOrWindowGainedFocus
04-06 10:42:59.966 26561 26597 D DetoxWSClient: Received action 'invoke' (ID #10, params={"target":{"type":"Class","value":"com.wix.detox.espresso.EspressoDetox"},"method":"perform","args":[{"type":"Invocation","value":{"target":{"type":"Class","value":"com.wix.detox.espresso.DetoxMatcher"},"method":"matcherForTestId","args":["input-peso-meta",{"type":"boolean","value":false}]}},{"type":"Invocation","value":{"target":{"type":"Class","value":"androidx.test.espresso.action.ViewActions"},"method":"replaceText","args":["77"]}}]})
04-06 10:42:59.969 26561 26593 I DetoxDispatcher: Handling action 'invoke' (ID #10)...
04-06 10:42:59.970 26561 26593 D Detox   : class com.wix.detox.espresso.DetoxMatcher, matcherForTestId, [input-peso-meta, false]
04-06 10:42:59.970 26561 26593 D Detox   : class androidx.test.espresso.action.ViewActions, replaceText, [77]
04-06 10:42:59.970 26561 26593 D Detox   : class com.wix.detox.espresso.EspressoDetox, perform, [(view.getTag() is "input-peso-meta" and view has effective visibility <VISIBLE>), androidx.test.espresso.action.ReplaceTextAction@c607c4d]
04-06 10:42:59.990 26561 26561 D InsetsController: show(ime(), fromIme=true)
04-06 10:43:00.007 26561 26561 D InputMethodManager: startInputInner - Id : 0
04-06 10:43:00.007 26561 26561 I InputMethodManager: startInputInner - mService.startInputOrWindowGainedFocus
04-06 10:43:00.011 26561 26561 I ViewInteraction: Performing 'replace text(77)' action on view (view.getTag() is "input-peso-meta" and view has effective visibility <VISIBLE>)
04-06 10:43:00.015 26561 26593 I DetoxWSClient: Sending out action 'invokeResult' (ID #10)
04-06 10:43:00.015 26561 26593 I DetoxDispatcher: Done with action 'invoke'
04-06 10:43:00.020 26561 26597 D DetoxWSClient: Received action 'invoke' (ID #11, params={"target":{"type":"Class","value":"com.wix.detox.espresso.DetoxAssertion"},"method":"assertMatcher","args":[{"type":"Invocation","value":{"target":{"type":"Class","value":"androidx.test.espresso.Espresso"},"method":"onView","args":[{"type":"Invocation","value":{"target":{"type":"Class","value":"com.wix.detox.espresso.DetoxMatcher"},"method":"matcherForTestId","args":["input-peso-meta",{"type":"boolean","value":false}]}}]}},{"type":"Invocation","value":{"target":{"type":"Class","value":"com.wix.detox.espresso.DetoxMatcher"},"method":"matcherForText","args":["77",{"type":"boolean","value":false}]}}]})
04-06 10:43:00.020 26561 26593 I DetoxDispatcher: Handling action 'invoke' (ID #11)...
04-06 10:43:00.021 26561 26593 D Detox   : class com.wix.detox.espresso.DetoxMatcher, matcherForTestId, [input-peso-meta, false]
04-06 10:43:00.021 26561 26593 D Detox   : class androidx.test.espresso.Espresso, onView, [(view.getTag() is "input-peso-meta" and view has effective visibility <VISIBLE>)]
04-06 10:43:00.022 26561 26593 D Detox   : class com.wix.detox.espresso.DetoxMatcher, matcherForText, [77, false]
04-06 10:43:00.022 26561 26593 D Detox   : class com.wix.detox.espresso.DetoxAssertion, assertMatcher, [androidx.test.espresso.ViewInteraction@fd007ac, (an instance of android.widget.TextView and view.getText() with or without transformation to match: is "77" and view has effective visibility <VISIBLE>)]
04-06 10:43:00.022 26561 26561 D InputMethodManager: startInputInner - Id : 0
04-06 10:43:00.023 26561 26561 I InputMethodManager: startInputInner - mService.startInputOrWindowGainedFocus
04-06 10:43:00.033 26561 26561 D InsetsController: show(ime(), fromIme=true)
04-06 10:43:00.052 26561 26611 D OpenGLRenderer: setSurface called with nullptr
04-06 10:43:00.052 26561 26611 D OpenGLRenderer: setSurface() destroyed EGLSurface
04-06 10:43:00.052 26561 26611 D OpenGLRenderer: destroyEglSurface
04-06 10:43:00.052 26561 26561 I ViewRootImpl@3a0531[PopupWindow:488add8]: dispatchDetachedFromWindow
04-06 10:43:00.055 26561 26561 D InputTransport: Input channel destroyed: 'a1a2bf1', fd=161
04-06 10:43:00.056 26561 26611 D OpenGLRenderer: setSurface called with nullptr
04-06 10:43:00.056 26561 26611 D OpenGLRenderer: setSurface() destroyed EGLSurface
04-06 10:43:00.056 26561 26611 D OpenGLRenderer: destroyEglSurface
04-06 10:43:00.057 26561 26561 I ViewRootImpl@da35ff0[PopupWindow:b6dd033]: dispatchDetachedFromWindow
04-06 10:43:00.059 26561 26561 D InputTransport: Input channel destroyed: '394962d', fd=163
04-06 10:43:00.064 26561 26561 I ViewInteraction: Checking 'MatchesViewAssertion(Detox){viewMatcher=(an instance of android.widget.TextView and view.getText() with or without transformation to match: is "77" and view has effective visibility <VISIBLE>)}' assertion on view (view.getTag() is "input-peso-meta" and view has effective visibility <VISIBLE>)
04-06 10:43:00.066 26561 26593 I DetoxWSClient: Sending out action 'invokeResult' (ID #11)
04-06 10:43:00.067 26561 26593 I DetoxDispatcher: Done with action 'invoke'
04-06 10:43:00.071 26561 26561 D InsetsController: show(ime(), fromIme=true)
04-06 10:43:00.071 26561 26597 D DetoxWSClient: Received action 'invoke' (ID #12, params={"target":{"type":"Class","value":"com.wix.detox.espresso.EspressoDetox"},"method":"perform","args":[{"type":"Invocation","value":{"target":{"type":"Class","value":"com.wix.detox.espresso.DetoxMatcher"},"method":"matcherForTestId","args":["input-altura",{"type":"boolean","value":false}]}},{"type":"Invocation","value":{"target":{"type":"Class","value":"com.wix.detox.espresso.DetoxViewActions"},"method":"click","args":[]}}]})
04-06 10:43:00.071 26561 26593 I DetoxDispatcher: Handling action 'invoke' (ID #12)...
04-06 10:43:00.071 26561 26593 D Detox   : class com.wix.detox.espresso.DetoxMatcher, matcherForTestId, [input-altura, false]
04-06 10:43:00.072 26561 26593 D Detox   : class com.wix.detox.espresso.DetoxViewActions, click, []
04-06 10:43:00.072 26561 26593 D Detox   : class com.wix.detox.espresso.EspressoDetox, perform, [(view.getTag() is "input-altura" and view has effective visibility <VISIBLE>), com.wix.detox.espresso.action.RNClickAction@abab3dc]
04-06 10:43:00.075 26561 26561 I ViewInteraction: Performing 'com.wix.detox.espresso.action.detoxsingletap@c73cce5 click' action on view (view.getTag() is "input-altura" and view has effective visibility <VISIBLE>)
04-06 10:43:00.113 26561 26561 I ViewRootImpl@73623ee[MainActivity]: ViewPostIme key 0
04-06 10:43:00.131 26561 26561 I ViewRootImpl@73623ee[MainActivity]: ViewPostIme key 1
04-06 10:43:00.544 26561 26593 I DetoxWSClient: Sending out action 'invokeResult' (ID #12)
04-06 10:43:00.545 26561 26593 I DetoxDispatcher: Done with action 'invoke'
04-06 10:43:00.549 26561 26597 D DetoxWSClient: Received action 'invoke' (ID #13, params={"target":{"type":"Class","value":"com.wix.detox.espresso.EspressoDetox"},"method":"perform","args":[{"type":"Invocation","value":{"target":{"type":"Class","value":"com.wix.detox.espresso.DetoxMatcher"},"method":"matcherForTestId","args":["input-altura",{"type":"boolean","value":false}]}},{"type":"Invocation","value":{"target":{"type":"Class","value":"androidx.test.espresso.action.ViewActions"},"method":"clearText","args":[]}}]})
04-06 10:43:00.550 26561 26593 I DetoxDispatcher: Handling action 'invoke' (ID #13)...
04-06 10:43:00.550 26561 26593 D Detox   : class com.wix.detox.espresso.DetoxMatcher, matcherForTestId, [input-altura, false]
04-06 10:43:00.551 26561 26593 D Detox   : class androidx.test.espresso.action.ViewActions, clearText, []
04-06 10:43:00.551 26561 26593 D Detox   : class com.wix.detox.espresso.EspressoDetox, perform, [(view.getTag() is "input-altura" and view has effective visibility <VISIBLE>), androidx.test.espresso.action.ReplaceTextAction@da92e09]
04-06 10:43:00.557 26561 26561 I ViewInteraction: Performing 'replace text()' action on view (view.getTag() is "input-altura" and view has effective visibility <VISIBLE>)
04-06 10:43:00.568 26561 26593 I DetoxWSClient: Sending out action 'invokeResult' (ID #13)
04-06 10:43:00.569 26561 26593 I DetoxDispatcher: Done with action 'invoke'
04-06 10:43:00.574 26561 26597 D DetoxWSClient: Received action 'invoke' (ID #14, params={"target":{"type":"Class","value":"com.wix.detox.espresso.EspressoDetox"},"method":"perform","args":[{"type":"Invocation","value":{"target":{"type":"Class","value":"com.wix.detox.espresso.DetoxMatcher"},"method":"matcherForTestId","args":["input-altura",{"type":"boolean","value":false}]}},{"type":"Invocation","value":{"target":{"type":"Class","value":"androidx.test.espresso.action.ViewActions"},"method":"replaceText","args":["178"]}}]})
04-06 10:43:00.574 26561 26593 I DetoxDispatcher: Handling action 'invoke' (ID #14)...
04-06 10:43:00.575 26561 26593 D Detox   : class com.wix.detox.espresso.DetoxMatcher, matcherForTestId, [input-altura, false]
04-06 10:43:00.575 26561 26593 D Detox   : class androidx.test.espresso.action.ViewActions, replaceText, [178]
04-06 10:43:00.575 26561 26593 D Detox   : class com.wix.detox.espresso.EspressoDetox, perform, [(view.getTag() is "input-altura" and view has effective visibility <VISIBLE>), androidx.test.espresso.action.ReplaceTextAction@f476827]
04-06 10:43:00.598 26561 26561 I ViewInteraction: Performing 'replace text(178)' action on view (view.getTag() is "input-altura" and view has effective visibility <VISIBLE>)
04-06 10:43:00.602 26561 26593 I DetoxWSClient: Sending out action 'invokeResult' (ID #14)
04-06 10:43:00.603 26561 26593 I DetoxDispatcher: Done with action 'invoke'
04-06 10:43:00.606 26561 26597 D DetoxWSClient: Received action 'invoke' (ID #15, params={"target":{"type":"Class","value":"com.wix.detox.espresso.DetoxAssertion"},"method":"assertMatcher","args":[{"type":"Invocation","value":{"target":{"type":"Class","value":"androidx.test.espresso.Espresso"},"method":"onView","args":[{"type":"Invocation","value":{"target":{"type":"Class","value":"com.wix.detox.espresso.DetoxMatcher"},"method":"matcherForTestId","args":["input-altura",{"type":"boolean","value":false}]}}]}},{"type":"Invocation","value":{"target":{"type":"Class","value":"com.wix.detox.espresso.DetoxMatcher"},"method":"matcherForText","args":["178",{"type":"boolean","value":false}]}}]})
04-06 10:43:00.606 26561 26593 I DetoxDispatcher: Handling action 'invoke' (ID #15)...
04-06 10:43:00.607 26561 26593 D Detox   : class com.wix.detox.espresso.DetoxMatcher, matcherForTestId, [input-altura, false]
04-06 10:43:00.607 26561 26593 D Detox   : class androidx.test.espresso.Espresso, onView, [(view.getTag() is "input-altura" and view has effective visibility <VISIBLE>)]
04-06 10:43:00.608 26561 26593 D Detox   : class com.wix.detox.espresso.DetoxMatcher, matcherForText, [178, false]
04-06 10:43:00.608 26561 26593 D Detox   : class com.wix.detox.espresso.DetoxAssertion, assertMatcher, [androidx.test.espresso.ViewInteraction@2b366a5, (an instance of android.widget.TextView and view.getText() with or without transformation to match: is "178" and view has effective visibility <VISIBLE>)]
04-06 10:43:00.649 26561 26561 I ViewInteraction: Checking 'MatchesViewAssertion(Detox){viewMatcher=(an instance of android.widget.TextView and view.getText() with or without transformation to match: is "178" and view has effective visibility <VISIBLE>)}' assertion on view (view.getTag() is "input-altura" and view has effective visibility <VISIBLE>)
04-06 10:43:00.652 26561 26593 I DetoxWSClient: Sending out action 'invokeResult' (ID #15)
04-06 10:43:00.653 26561 26593 I DetoxDispatcher: Done with action 'invoke'
04-06 10:43:00.657 26561 26597 D DetoxWSClient: Received action 'invoke' (ID #16, params={"target":{"type":"Invocation","value":{"target":{"type":"Class","value":"com.wix.detox.uiautomator.UiAutomator"},"method":"uiDevice","args":[]}},"method":"pressBack","args":[]})
04-06 10:43:00.657 26561 26593 I DetoxDispatcher: Handling action 'invoke' (ID #16)...
04-06 10:43:00.657 26561 26593 D Detox   : class com.wix.detox.uiautomator.UiAutomator, uiDevice, []
04-06 10:43:00.659 26561 26593 I UiDevice: Creating a new instance, old instance exists: false
04-06 10:43:00.670 26561 26593 D UiDevice: Setting accessibility service flags: 65618
04-06 10:43:00.710 26561 26572 D InputTransport: Input channel destroyed: 'ClientS', fd=191
04-06 10:43:00.711 26561 26572 D InputTransport: Input channel destroyed: 'ClientS', fd=204
04-06 10:43:00.711 26561 26572 D InputTransport: Input channel destroyed: 'ClientS', fd=193
04-06 10:43:00.711 26561 26611 D OpenGLRenderer: setSurface called with nullptr
04-06 10:43:00.711 26561 26611 D OpenGLRenderer: setSurface called with nullptr
04-06 10:43:00.711 26561 26572 D InputTransport: Input channel destroyed: 'ClientS', fd=133
04-06 10:43:00.712 26561 26572 D InputTransport: Input channel destroyed: 'ClientS', fd=170
04-06 10:43:00.712 26561 26572 D InputTransport: Input channel destroyed: 'ClientS', fd=169
04-06 10:43:00.712 26561 26572 D InputTransport: Input channel destroyed: 'ClientS', fd=162
04-06 10:43:00.712 26561 26611 D OpenGLRenderer: setSurface called with nullptr
04-06 10:43:00.712 26561 26611 D OpenGLRenderer: setSurface called with nullptr
04-06 10:43:00.713 26561 26572 D InputTransport: Input channel destroyed: 'ClientS', fd=165
04-06 10:43:01.316 26561 26593 D UiDevice: Pressing back button.
04-06 10:43:01.347 26561 26561 I ViewRootImpl@73623ee[MainActivity]: The input has been finished in ImeInputStage.
04-06 10:43:01.366 26561 26561 I ViewRootImpl@73623ee[MainActivity]: The input has been finished in ImeInputStage.
04-06 10:43:01.372 26561 26561 D InsetsController: controlAnimationUnchecked: Added types=8 animType=1 host=com.evolucao.app/com.evolucao.app.MainActivity from=android.view.InsetsController.applyAnimation:1576 android.view.InsetsController.applyAnimation:1557 android.view.InsetsController.hide:1093 
04-06 10:43:01.373 26561 26561 D InsetsSourceConsumer: setRequestedVisible: visible=false, type=19, host=com.evolucao.app/com.evolucao.app.MainActivity, from=android.view.InsetsSourceConsumer.hide:257 android.view.ImeInsetsSourceConsumer.hide:88 android.view.ImeInsetsSourceConsumer.hide:94 android.view.InsetsController.hideDirectly:1593 android.view.InsetsController.controlAnimationUnchecked:1234 android.view.InsetsController.applyAnimation:1576 android.view.InsetsController.applyAnimation:1557 android.view.InsetsController.hide:1093 android.view.ViewRootImpl$ViewRootHandler.handleMessageImpl:6765 android.view.ViewRootImpl$ViewRootHandler.handleMessage:6697 
