04-06 02:25:50.980 17923 17923 W unknown:BridgelessReact: ReactHost{0}.raiseSoftException(onWindowFocusChange(hasFocus = "true")): Tried to access onWindowFocusChange while context is not ready
04-06 02:25:50.981 17923 17923 E unknown:ReactHost: Unhandled SoftException
04-06 02:25:50.981 17923 17923 E unknown:ReactHost: com.facebook.react.bridge.ReactNoCrashSoftException: raiseSoftException(onWindowFocusChange(hasFocus = "true")): Tried to access onWindowFocusChange while context is not ready
04-06 02:25:50.981 17923 17923 E unknown:ReactHost: 	at com.facebook.react.runtime.ReactHostImpl.raiseSoftException(ReactHostImpl.kt:861)
04-06 02:25:50.981 17923 17923 E unknown:ReactHost: 	at com.facebook.react.runtime.ReactHostImpl.raiseSoftException$default(ReactHostImpl.kt:852)
04-06 02:25:50.981 17923 17923 E unknown:ReactHost: 	at com.facebook.react.runtime.ReactHostImpl.onWindowFocusChange(ReactHostImpl.kt:625)
04-06 02:25:50.981 17923 17923 E unknown:ReactHost: 	at com.facebook.react.ReactDelegate.onWindowFocusChanged(ReactDelegate.kt:232)
04-06 02:25:50.981 17923 17923 E unknown:ReactHost: 	at com.facebook.react.ReactActivityDelegate.onWindowFocusChanged(ReactActivityDelegate.java:237)
04-06 02:25:50.981 17923 17923 E unknown:ReactHost: 	at expo.modules.ReactActivityDelegateWrapper$onWindowFocusChanged$1.invokeSuspend(ReactActivityDelegateWrapper.kt:320)
04-06 02:25:50.981 17923 17923 E unknown:ReactHost: 	at expo.modules.ReactActivityDelegateWrapper$onWindowFocusChanged$1.invoke(Unknown Source:8)
04-06 02:25:50.981 17923 17923 E unknown:ReactHost: 	at expo.modules.ReactActivityDelegateWrapper$onWindowFocusChanged$1.invoke(Unknown Source:4)
04-06 02:25:50.981 17923 17923 E unknown:ReactHost: 	at expo.modules.ReactActivityDelegateWrapper$launchLifecycleScopeWithLock$1.invokeSuspend(ReactActivityDelegateWrapper.kt:452)
04-06 02:25:50.981 17923 17923 E unknown:ReactHost: 	at kotlin.coroutines.jvm.internal.BaseContinuationImpl.resumeWith(ContinuationImpl.kt:33)
04-06 02:25:50.981 17923 17923 E unknown:ReactHost: 	at kotlinx.coroutines.internal.DispatchedContinuationKt.resumeCancellableWith(DispatchedContinuation.kt:375)
04-06 02:25:50.981 17923 17923 E unknown:ReactHost: 	at kotlinx.coroutines.intrinsics.CancellableKt.startCoroutineCancellable(Cancellable.kt:26)
04-06 02:25:50.981 17923 17923 E unknown:ReactHost: 	at kotlinx.coroutines.CoroutineStart.invoke(CoroutineStart.kt:358)
04-06 02:25:50.981 17923 17923 E unknown:ReactHost: 	at kotlinx.coroutines.AbstractCoroutine.start(AbstractCoroutine.kt:134)
04-06 02:25:50.981 17923 17923 E unknown:ReactHost: 	at kotlinx.coroutines.BuildersKt__Builders_commonKt.launch(Builders.common.kt:53)
04-06 02:25:50.981 17923 17923 E unknown:ReactHost: 	at kotlinx.coroutines.BuildersKt.launch(Unknown Source:1)
04-06 02:25:50.981 17923 17923 E unknown:ReactHost: 	at kotlinx.coroutines.BuildersKt__Builders_commonKt.launch$default(Builders.common.kt:44)
04-06 02:25:50.981 17923 17923 E unknown:ReactHost: 	at kotlinx.coroutines.BuildersKt.launch$default(Unknown Source:1)
04-06 02:25:50.981 17923 17923 E unknown:ReactHost: 	at expo.modules.ReactActivityDelegateWrapper.launchLifecycleScopeWithLock(ReactActivityDelegateWrapper.kt:450)
04-06 02:25:50.981 17923 17923 E unknown:ReactHost: 	at expo.modules.ReactActivityDelegateWrapper.launchLifecycleScopeWithLock$default(ReactActivityDelegateWrapper.kt:446)
04-06 02:25:50.981 17923 17923 E unknown:ReactHost: 	at expo.modules.ReactActivityDelegateWrapper.onWindowFocusChanged(ReactActivityDelegateWrapper.kt:318)
04-06 02:25:50.981 17923 17923 E unknown:ReactHost: 	at com.facebook.react.ReactActivity.onWindowFocusChanged(ReactActivity.java:158)
04-06 02:25:50.981 17923 17923 E unknown:ReactHost: 	at androidx.appcompat.view.WindowCallbackWrapper.onWindowFocusChanged(WindowCallbackWrapper.java:124)
04-06 02:25:50.981 17923 17923 E unknown:ReactHost: 	at com.android.internal.policy.DecorView.onWindowFocusChanged(DecorView.java:2710)
04-06 02:25:50.981 17923 17923 E unknown:ReactHost: 	at android.view.View.dispatchWindowFocusChanged(View.java:15817)
04-06 02:25:50.981 17923 17923 E unknown:ReactHost: 	at android.view.ViewGroup.dispatchWindowFocusChanged(ViewGroup.java:1512)
04-06 02:25:50.981 17923 17923 E unknown:ReactHost: 	at android.view.ViewRootImpl.handleWindowFocusChanged(ViewRootImpl.java:4678)
04-06 02:25:50.981 17923 17923 E unknown:ReactHost: 	at android.view.ViewRootImpl.-$$Nest$mhandleWindowFocusChanged(Unknown Source:0)
04-06 02:25:50.981 17923 17923 E unknown:ReactHost: 	at android.view.ViewRootImpl$ViewRootHandler.handleMessageImpl(ViewRootImpl.java:6788)
04-06 02:25:50.981 17923 17923 E unknown:ReactHost: 	at android.view.ViewRootImpl$ViewRootHandler.handleMessage(ViewRootImpl.java:6697)
04-06 02:25:50.981 17923 17923 E unknown:ReactHost: 	at android.os.Handler.dispatchMessage(Handler.java:106)
04-06 02:25:50.981 17923 17923 E unknown:ReactHost: 	at android.os.Looper.loopOnce(Looper.java:226)
04-06 02:25:50.981 17923 17923 E unknown:ReactHost: 	at android.os.Looper.loop(Looper.java:313)
04-06 02:25:50.981 17923 17923 E unknown:ReactHost: 	at android.app.ActivityThread.main(ActivityThread.java:8762)
04-06 02:25:50.981 17923 17923 E unknown:ReactHost: 	at java.lang.reflect.Method.invoke(Native Method)
04-06 02:25:50.981 17923 17923 E unknown:ReactHost: 	at com.android.internal.os.RuntimeInit$MethodAndArgsCaller.run(RuntimeInit.java:604)
04-06 02:25:50.981 17923 17923 E unknown:ReactHost: 	at com.android.internal.os.ZygoteInit.main(ZygoteInit.java:1067)
04-06 02:25:50.981 17923 17923 D InputMethodManager: startInputInner - Id : 0
04-06 02:25:50.981 17923 17923 I InputMethodManager: startInputInner - mService.startInputOrWindowGainedFocus
04-06 02:25:50.988 17923 17923 D InputMethodManager: startInputInner - Id : 0
04-06 02:25:51.001 17923 18022 W unknown:BridgelessReact: ReactHost{0}.isMetroRunning(): Async result = true
04-06 02:25:51.002 17923 18021 W unknown:BridgelessReact: ReactHost{0}.loadJSBundleFromMetro()
04-06 02:25:51.002 17923 18021 D Detox.RNMarker: DOWNLOAD_START (null)
04-06 02:25:51.006 17923 17923 D CompatibilityChangeReporter: Compat change id reported: 210923482; UID 10401; state: ENABLED
04-06 02:25:51.012 17923 17995 D NativeCustomFrequencyManager: [NativeCFMS] BpCustomFrequencyManager::BpCustomFrequencyManager()
04-06 02:25:51.015 17923 17923 D InsetsController: onStateChanged: InsetsState: {mDisplayFrame=Rect(0, 0 - 1080, 2400), mDisplayCutout=DisplayCutout{insets=Rect(0, 88 - 0, 0) waterfall=Insets{left=0, top=0, right=0, bottom=0} boundingRect={Bounds=[Rect(0, 0 - 0, 0), Rect(512, 0 - 568, 88), Rect(0, 0 - 0, 0), Rect(0, 0 - 0, 0)]} cutoutPathParserInfo={CutoutPathParserInfo{displayWidth=1080 displayHeight=2400 physicalDisplayWidth=1080 physicalDisplayHeight=2400 density={3.0} cutoutSpec={M 0,0 M 0,10.71963616907435 a 9.280363830925644,9.280363830925644 0 1,0 0,18.56072766185129 a 9.280363830925644,9.280363830925644 0 1,0 0,-18.56072766185129 Z @dp} rotation={0} scale={1.0} physicalPixelDisplaySizeRatio={1.0}}}}, mRoundedCorners=RoundedCorners{[RoundedCorner{position=TopLeft, radius=96, center=Point(96, 96)}, RoundedCorner{position=TopRight, radius=96, center=Point(984, 96)}, RoundedCorner{position=BottomRight, radius=96, center=Point(984, 2304)}, RoundedCorner{position=BottomLeft, radius=96, center=Point(96, 2304)}]}  mRoundedCornerFrame=Rect(0, 0 - 1080, 2400), mPrivacyIndicatorBounds=PrivacyIndicatorBounds {static bounds=Rect(948, 0 - 1080, 88) rotation=0}, mSources= { InsetsSource: {mType=ITYPE_STATUS_BAR, mFrame=[0,0][1080,88], mVisible=true, mInsetsRoundedCornerFrame=false}, InsetsSource: {mType=ITYPE_NAVIGATION_BAR, mFrame=[0,2256][1080,2400], mVisible=true, mInsetsRoundedCornerFrame=false}, InsetsSource: {mType=ITYPE_LEFT_GESTURES, mFrame=[0,0][0,2400], mVisible=true, mInsetsRoundedCornerFrame=false}, InsetsSource: {mType=ITYPE_RIGHT_GESTURES, mFrame=[1080,0][1080,2400], mVisible=true, mInsetsRoundedCornerFrame=false}, InsetsSource: {mType=ITYPE_TOP_MANDATORY_GESTURES, mFrame=[0,0][1080,124], mVisible=true, mInsetsRoundedCornerFrame=false}, InsetsSource: {mType=ITYPE_BOTTOM_MANDATORY_GESTURES, mFrame=[0,2256][1080,2400], mVisible=true, mInsetsRoundedCornerFrame=false}, InsetsSource: {mType=ITYPE_LEFT_DISPLAY_CUTOUT, mFrame=[0,0][-100000,2400], mVisible=true, mInsetsRoundedCornerFrame=false}, InsetsSource: {mType=ITYPE_TOP_DISPLAY_CUTOUT, mFrame=[0,0][1080,88], mVisible=true, mInsetsRoundedCornerFrame=false}, InsetsSource: {mType=ITYPE_RIGHT_DISPLAY_CUTOUT, mFrame=[100000,0][1080,2400], mVisible=true, mInsetsRoundedCornerFrame=false}, InsetsSource: {mType=ITYPE_BOTTOM_DISPLAY_CUTOUT, mFrame=[0,100000][1080,2400], mVisible=true, mInsetsRoundedCornerFrame=false}, InsetsSource: {mType=ITYPE_TOP_TAPPABLE_ELEMENT, mFrame=[0,0][1080,88], mVisible=true, mInsetsRoundedCornerFrame=false}, InsetsSource: {mType=ITYPE_BOTTOM_TAPPABLE_ELEMENT, mFrame=[0,2256][1080,2400], mVisible=true, mInsetsRoundedCornerFrame=false}, InsetsSource: {mType=ITYPE_IME, mFrame=[0,0][0,0], mVisibleFrame=[0,1374][1080,2400], mVisible=false, mInsetsRoundedCornerFrame=false} } host=PopupWindow:5b0a702 from=android.view.ViewRootImpl.setView:1732
04-06 02:25:51.016 17923 17923 I ViewRootImpl@ca5e813[PopupWindow:5b0a702]: setView = android.widget.PopupWindow$PopupDecorView@5fcf26f TM=false
04-06 02:25:51.031 17923 17923 I ViewRootImpl@ca5e813[PopupWindow:5b0a702]: performTraversals params={(0,88)(fillxwrap) gr=TOP START CENTER sim={state=unchanged adjust=pan} ty=APPLICATION_PANEL fmt=TRANSLUCENT surfaceInsets=Rect(0, 0 - 0, 0) (manual)
04-06 02:25:51.031 17923 17923 I ViewRootImpl@ca5e813[PopupWindow:5b0a702]:   fl=41800008
04-06 02:25:51.031 17923 17923 I ViewRootImpl@ca5e813[PopupWindow:5b0a702]:   pfl=42018000
04-06 02:25:51.031 17923 17923 I ViewRootImpl@ca5e813[PopupWindow:5b0a702]:   bhv=DEFAULT
04-06 02:25:51.031 17923 17923 I ViewRootImpl@ca5e813[PopupWindow:5b0a702]:   fitTypes=STATUS_BARS NAVIGATION_BARS CAPTION_BAR naviIconColor=0
04-06 02:25:51.031 17923 17923 I ViewRootImpl@ca5e813[PopupWindow:5b0a702]:   sfl=20000}
04-06 02:25:51.032 17923 17923 I ViewRootImpl@ca5e813[PopupWindow:5b0a702]: performTraversals mFirst=true windowShouldResize=true viewVisibilityChanged=false mForceNextWindowRelayout=false params={(0,88)(fillxwrap) gr=TOP START CENTER sim={state=unchanged adjust=pan} ty=APPLICATION_PANEL fmt=TRANSLUCENT surfaceInsets=Rect(0, 0 - 0, 0) (manual)
04-06 02:25:51.032 17923 17923 I ViewRootImpl@ca5e813[PopupWindow:5b0a702]:   fl=41800008
04-06 02:25:51.032 17923 17923 I ViewRootImpl@ca5e813[PopupWindow:5b0a702]:   pfl=42018000
04-06 02:25:51.032 17923 17923 I ViewRootImpl@ca5e813[PopupWindow:5b0a702]:   bhv=DEFAULT
04-06 02:25:51.032 17923 17923 I ViewRootImpl@ca5e813[PopupWindow:5b0a702]:   fitTypes=STATUS_BARS NAVIGATION_BARS CAPTION_BAR naviIconColor=0
04-06 02:25:51.032 17923 17923 I ViewRootImpl@ca5e813[PopupWindow:5b0a702]:   sfl=20000}
04-06 02:25:51.036 17923 17938 I ViewRootImpl@ca5e813[PopupWindow:5b0a702]: Resizing android.view.ViewRootImpl@f6b3b7c: frame = [0,88][1080,167] reportDraw = true forceLayout = false syncSeqId = 0
04-06 02:25:51.037 17923 17923 I ViewRootImpl@ca5e813[PopupWindow:5b0a702]: updateBlastSurfaceIfNeeded mBlastBufferQueue=null isSameSurfaceControl=false
04-06 02:25:51.037 17923 17923 I BLASTBufferQueue: new BLASTBufferQueue, mName= ViewRootImpl@ca5e813[PopupWindow:5b0a702] mNativeObject= 0xb4000070a0db3480 sc.mNativeObject= 0xb4000070a0cf56c0 caller= android.view.ViewRootImpl.updateBlastSurfaceIfNeeded:2909 android.view.ViewRootImpl.relayoutWindow:9847 android.view.ViewRootImpl.performTraversals:3884 android.view.ViewRootImpl.doTraversal:3116 android.view.ViewRootImpl$TraversalRunnable.run:10885 android.view.Choreographer$CallbackRecord.run:1301 android.view.Choreographer$CallbackRecord.run:1309 android.view.Choreographer.doCallbacks:923 android.view.Choreographer.doFrame:852 android.view.Choreographer$FrameDisplayEventReceiver.run:1283 
04-06 02:25:51.037 17923 17923 I BLASTBufferQueue: update, w= 1080 h= 79 mName = ViewRootImpl@ca5e813[PopupWindow:5b0a702] mNativeObject= 0xb4000070a0db3480 sc.mNativeObject= 0xb4000070a0cf56c0 format= -3 caller= android.graphics.BLASTBufferQueue.<init>:84 android.view.ViewRootImpl.updateBlastSurfaceIfNeeded:2909 android.view.ViewRootImpl.relayoutWindow:9847 android.view.ViewRootImpl.performTraversals:3884 android.view.ViewRootImpl.doTraversal:3116 android.view.ViewRootImpl$TraversalRunnable.run:10885 
04-06 02:25:51.038 17923 17923 I ViewRootImpl@ca5e813[PopupWindow:5b0a702]: Relayout returned: old=(0,88,1080,2256) new=(0,88,1080,167) req=(1080,79)0 dur=5 res=0x3 s={true 0xb4000070b3c84800} ch=true seqId=0
04-06 02:25:51.038 17923 17923 I ViewRootImpl@ca5e813[PopupWindow:5b0a702]: mThreadedRenderer.initialize() mSurface={isValid=true 0xb4000070b3c84800} hwInitialized=true
04-06 02:25:51.038 17923 17995 D OpenGLRenderer: eglCreateWindowSurface
04-06 02:25:51.039 17923 17923 I ViewRootImpl@ca5e813[PopupWindow:5b0a702]: reportNextDraw android.view.ViewRootImpl.performTraversals:4438 android.view.ViewRootImpl.doTraversal:3116 android.view.ViewRootImpl$TraversalRunnable.run:10885 android.view.Choreographer$CallbackRecord.run:1301 android.view.Choreographer$CallbackRecord.run:1309 
04-06 02:25:51.039 17923 17923 I ViewRootImpl@ca5e813[PopupWindow:5b0a702]: Setup new sync id=0
04-06 02:25:51.039 17923 17923 I ViewRootImpl@ca5e813[PopupWindow:5b0a702]: Setting syncFrameCallback
04-06 02:25:51.039 17923 17923 I ViewRootImpl@ca5e813[PopupWindow:5b0a702]: registerCallbacksForSync syncBuffer=false
04-06 02:25:51.040 17923 18028 I ViewRootImpl@ca5e813[PopupWindow:5b0a702]: Received frameDrawingCallback syncResult=0 frameNum=1.
04-06 02:25:51.040 17923 18028 I ViewRootImpl@ca5e813[PopupWindow:5b0a702]: Setting up sync and frameCommitCallback
04-06 02:25:51.046 17923 17995 I BLASTBufferQueue: [ViewRootImpl@ca5e813[PopupWindow:5b0a702]#1](f:0,a:0) onFrameAvailable the first frame is available
04-06 02:25:51.047 17923 17995 I ViewRootImpl@ca5e813[PopupWindow:5b0a702]: Received frameCommittedCallback lastAttemptedDrawFrameNum=1 didProduceBuffer=true
04-06 02:25:51.047 17923 17995 D OpenGLRenderer: CFMS:: SetUp Pid : 17923    Tid : 17995
04-06 02:25:51.047 17923 17995 W Parcel  : Expecting binder but got null!
04-06 02:25:51.048 17923 17923 I ViewRootImpl@ca5e813[PopupWindow:5b0a702]: onSyncComplete
04-06 02:25:51.048 17923 17923 I ViewRootImpl@ca5e813[PopupWindow:5b0a702]: setupSync seqId=0 mSyncId=0 fn=1 caller=android.view.ViewRootImpl$$ExternalSyntheticLambda11.accept:6 android.window.SurfaceSyncer.lambda$setupSync$1$android-window-SurfaceSyncer:128 android.window.SurfaceSyncer$$ExternalSyntheticLambda1.accept:8 android.window.SurfaceSyncer$SyncSet.checkIfSyncIsComplete:382 android.window.SurfaceSyncer$SyncSet.markSyncReady:359 android.window.SurfaceSyncer.markSyncReady:151 android.view.ViewRootImpl.performTraversals:4503 
04-06 02:25:51.048 17923 17923 I ViewRootImpl@ca5e813[PopupWindow:5b0a702]: reportDrawFinished seqId=0 mSyncId=-1 fn=1 mSurfaceChangedTransaction=0xb4000070b3e08400
04-06 02:25:51.049 17923 17923 I ViewRootImpl@ca5e813[PopupWindow:5b0a702]: handleResized, msg = 5 frames=ClientWindowFrames{frame=[0,88][1080,167] display=[0,88][1080,2256] parentFrame=[0,0][0,0] parentClippedByDisplayCutout=false} forceNextWindowRelayout=false displayId=0 resizeMode=-1 frameChanged=false displayFrameChanged=false configChanged=false displayChanged=false
04-06 02:25:51.049 17923 17923 I ViewRootImpl@ca5e813[PopupWindow:5b0a702]: handleResized mSyncSeqId = 0
04-06 02:25:51.049 17923 17923 I ViewRootImpl@ca5e813[PopupWindow:5b0a702]: reportNextDraw android.view.ViewRootImpl.handleResized:2450 android.view.ViewRootImpl.-$$Nest$mhandleResized:0 android.view.ViewRootImpl$ViewRootHandler.handleMessageImpl:6728 android.view.ViewRootImpl$ViewRootHandler.handleMessage:6697 android.os.Handler.dispatchMessage:106 
04-06 02:25:51.060 17923 17923 I ViewRootImpl@ca5e813[PopupWindow:5b0a702]: Setup new sync id=1
04-06 02:25:51.060 17923 17923 I ViewRootImpl@ca5e813[PopupWindow:5b0a702]: Setting syncFrameCallback
04-06 02:25:51.060 17923 17923 I ViewRootImpl@ca5e813[PopupWindow:5b0a702]: registerCallbacksForSync syncBuffer=false
04-06 02:25:51.061 17923 18029 I ViewRootImpl@ca5e813[PopupWindow:5b0a702]: Received frameDrawingCallback syncResult=0 frameNum=3.
04-06 02:25:51.061 17923 18029 I ViewRootImpl@ca5e813[PopupWindow:5b0a702]: Setting up sync and frameCommitCallback
04-06 02:25:51.067 17923 17995 I ViewRootImpl@ca5e813[PopupWindow:5b0a702]: Received frameCommittedCallback lastAttemptedDrawFrameNum=3 didProduceBuffer=true
04-06 02:25:51.067 17923 17923 I ViewRootImpl@ca5e813[PopupWindow:5b0a702]: onSyncComplete
04-06 02:25:51.067 17923 17923 I ViewRootImpl@ca5e813[PopupWindow:5b0a702]: setupSync seqId=0 mSyncId=1 fn=3 caller=android.view.ViewRootImpl$$ExternalSyntheticLambda11.accept:6 android.window.SurfaceSyncer.lambda$setupSync$1$android-window-SurfaceSyncer:128 android.window.SurfaceSyncer$$ExternalSyntheticLambda1.accept:8 android.window.SurfaceSyncer$SyncSet.checkIfSyncIsComplete:382 android.window.SurfaceSyncer$SyncSet.markSyncReady:359 android.window.SurfaceSyncer.markSyncReady:151 android.view.ViewRootImpl.performTraversals:4503 
04-06 02:25:51.067 17923 17923 I ViewRootImpl@ca5e813[PopupWindow:5b0a702]: reportDrawFinished seqId=0 mSyncId=-1 fn=3 mSurfaceChangedTransaction=0xb4000070b3e08400
04-06 02:25:51.260 17923 17923 D InsetsController: cancelAnimation of types: 1, animType: 0, host: com.evolucao.app/com.evolucao.app.MainActivity, from:android.view.InsetsController.notifyFinished:1375 android.view.InsetsAnimationThreadControlRunner$1.lambda$notifyFinished$0$android-view-InsetsAnimationThreadControlRunner$1:84 android.view.InsetsAnimationThreadControlRunner$1$$ExternalSyntheticLambda1.run:4 
04-06 02:25:51.260 17923 17923 D InsetsSourceConsumer: ensureControlPosition: Point(0, 0) for ITYPE_STATUS_BAR on com.evolucao.app/com.evolucao.app.MainActivity from android.view.InsetsSourceConsumer.notifyAnimationFinished:419
04-06 02:25:51.276 17923 18028 I ViewRootImpl@73623ee[MainActivity]: mWNT: t=0xb4000070a0db7500 mBlastBufferQueue=0xb4000070c2c34c00 fn= 2 caller= android.view.SyncRtSurfaceTransactionApplier.applyTransaction:96 android.view.SyncRtSurfaceTransactionApplier.lambda$scheduleApply$0$android-view-SyncRtSurfaceTransactionApplier:69 android.view.SyncRtSurfaceTransactionApplier$$ExternalSyntheticLambda0.onFrameDraw:4 
04-06 02:25:51.353 17923 17995 D OpenGLRenderer: setSurface called with nullptr
04-06 02:25:51.353 17923 17995 D OpenGLRenderer: setSurface() destroyed EGLSurface
04-06 02:25:51.353 17923 17995 D OpenGLRenderer: destroyEglSurface
04-06 02:25:51.353 17923 18022 D Detox.RNMarker: DOWNLOAD_END ({"url":"http:\/\/localhost:8081\/.expo\/.virtual-metro-entry.bundle?platform=android&dev=true&lazy=true&minify=false&app=com.evolucao.app&modulesOnly=false&runModule=true&excludeSource=true&sourcePaths=url-server","filesChangedCount":0})
04-06 02:25:51.353 17923 18022 W unknown:BridgelessReact: ReactHost{0}.loadJSBundleFromMetro(): Creating BundleLoader
04-06 02:25:51.354 17923 17923 I ViewRootImpl@ca5e813[PopupWindow:5b0a702]: dispatchDetachedFromWindow
04-06 02:25:51.354 17923 18021 W unknown:BridgelessReact: ReactHost{0}.getOrCreateReactInstanceTask(): Creating BridgelessReactContext
04-06 02:25:51.355 17923 18021 W unknown:BridgelessReact: ReactHost{0}.getOrCreateReactInstanceTask(): Creating ReactInstance
04-06 02:25:51.356 17923 17923 D InputTransport: Input channel destroyed: '69fc60e', fd=130
04-06 02:25:51.364 17923 18022 D TrafficStats: tagSocket(134) with statsTag=0xffffffff, statsUid=-1
04-06 02:25:51.367 17923 18021 D jni_lib_merge: Entering merged library JNI_OnLoad.
04-06 02:25:51.367 17923 18021 D jni_lib_merge: Preparing 4 pre-merged libs (including stub)
04-06 02:25:51.367 17923 18021 D jni_lib_merge: Preparing to register libhermes_executor_so.  onload_func: 0x7028532fa4
04-06 02:25:51.367 17923 18021 D jni_lib_merge: Preparing to register libhermesinstancejni_so.  onload_func: 0x702856c8b4
04-06 02:25:51.367 17923 18021 D jni_lib_merge: Preparing to register libjsijniprofiler_so.  onload_func: 0x702856e8f8
04-06 02:25:51.367 17923 18021 D jni_lib_merge: About to register 3 actual methods.
04-06 02:25:51.477 17923 18021 I ExpoModulesCore: ✅ AppContext was initialized
04-06 02:25:51.505 17923 18021 W unknown:BridgelessReact: ReactHost{0}.getOrCreateReactInstanceTask(): Loading JS Bundle
04-06 02:25:51.505 17923 18021 W unknown:BridgelessReact: ReactHost{0}.getOrCreateReactInstanceTask(): DevSupportManager.onNewReactContextCreated()
04-06 02:25:51.506 17923 18050 D Detox.RNMarker: RUN_JS_BUNDLE_START (/.virtual-metro-entry.bundle?platform=android&dev=true&lazy=true&minify=false&app=com.evolucao.app&modulesOnly=false&runModule=true&excludeSource=true&sourcePaths=url-server)
04-06 02:25:51.509 17923 17923 W unknown:ReactNative: Packager connection already open, nooping.
04-06 02:25:51.511 17923 17923 W unknown:BridgelessReact: ReactHost{0}.ReactContext.onHostResume()
04-06 02:25:51.512 17923 18021 W unknown:BridgelessReact: ReactHost{0}.startSurface(surfaceId = 0): Execute
04-06 02:25:51.515 17923 17923 W unknown:BridgelessReact: ReactHost{0}.getOrCreateReactInstanceTask(): Executing ReactInstanceEventListeners
04-06 02:25:51.515 17923 17923 I DetoxRNLoading: Got new RN-context through listener
04-06 02:25:51.516 17923 17974 I DetoxRNIdleRes: Setting up Espresso Idling Resources for React Native
04-06 02:25:51.523 17923 17923 D DetoxRNHelpers: Native RN module resolution (class com.reactnativecommunity.asyncstorage.AsyncStorageModule): no registered module found
04-06 02:25:51.523 17923 17974 D IdlingRegistry: Registering idling resources: [com.wix.detox.reactnative.idlingresources.uimodule.fabric.FabricUIManagerIdlingResources@a29e7fb]
04-06 02:25:51.523 17923 17974 D IdlingRegistry: Registering idling resources: [com.wix.detox.reactnative.idlingresources.animations.AnimatedModuleIdlingResource@fa87018]
04-06 02:25:51.523 17923 17974 D IdlingRegistry: Registering idling resources: [com.wix.detox.reactnative.idlingresources.timers.FabricTimersIdlingResource@76f3a71]
04-06 02:25:51.523 17923 17974 D IdlingRegistry: Registering idling resources: [com.wix.detox.reactnative.idlingresources.network.NetworkIdlingResource@2908056]
04-06 02:25:51.523 17923 17974 D IdlingRegistry: Registering idling resources: [com.wix.detox.reactnative.idlingresources.StabilizedIdlingResource@72508d7]
04-06 02:25:51.536 17923 18051 W om.evolucao.app: Accessing hidden method Landroid/os/MessageQueue;->next()Landroid/os/Message; (unsupported, reflection, allowed)
04-06 02:25:51.536 17923 18051 W om.evolucao.app: Accessing hidden field Landroid/os/MessageQueue;->mMessages:Landroid/os/Message; (unsupported, reflection, allowed)
04-06 02:25:51.536 17923 18051 W om.evolucao.app: Accessing hidden method Landroid/os/Message;->recycleUnchecked()V (unsupported, reflection, allowed)
04-06 02:25:51.687 17923 17923 D DetoxRNHelpers: Native RN module resolution (class com.reactnativecommunity.asyncstorage.AsyncStorageModule): no registered module found
04-06 02:25:51.763 17923 18051 I WebViewFactory: Loading com.google.android.webview version 146.0.7680.164 (code 768016403)
04-06 02:25:51.768 17923 18051 D ApplicationLoaders: Returning zygote-cached class loader: /system/framework/android.test.base.jar
04-06 02:25:51.772 17923 18051 D nativeloader: Configuring classloader-namespace for other apk /data/app/~~23ppwVuk64Fm9vdWCRWMMw==/com.google.android.webview-FPIphznatdLDx2VBYoD68A==/base.apk. target_sdk_version=36, uses_libraries=, library_path=/data/app/~~23ppwVuk64Fm9vdWCRWMMw==/com.google.android.webview-FPIphznatdLDx2VBYoD68A==/lib/arm64:/data/app/~~23ppwVuk64Fm9vdWCRWMMw==/com.google.android.webview-FPIphznatdLDx2VBYoD68A==/base.apk!/lib/arm64-v8a, permitted_path=/data:/mnt/expand
04-06 02:25:51.789 17923 18051 I cr_WVCFactoryProvider: version=146.0.7680.164 (768016403) minSdkVersion=29 multiprocess=true packageId=127 splits=<none>
04-06 02:25:51.795 17923 18067 I chromium: [0406/022551.795227:INFO:android_webview/browser/variations/variations_seed_loader.cc:67] Failed to open file for reading.: No such file or directory (2)
04-06 02:25:51.795 17923 18067 I chromium: [0406/022551.795395:INFO:android_webview/browser/variations/variations_seed_loader.cc:67] Failed to open file for reading.: No such file or directory (2)
04-06 02:25:51.800 17923 18051 I cr_LibraryLoader: Successfully loaded native library
04-06 02:25:51.801 17923 18051 I cr_CachingUmaRecorder: Flushed 16 samples from 16 histograms, 0 samples were dropped.
04-06 02:25:51.806 17923 18050 W BridgelessReactContext: [WARNING] Bridgeless doesn't support CatalystInstance. Accessing an API that's not part of the new architecture is not encouraged usage.
04-06 02:25:51.813 17923 18050 I ExpoModulesCore: ✅ JSI interop was installed
04-06 02:25:51.815 17923 18074 D TrafficStats: tagSocket(151) with statsTag=0xffffffff, statsUid=-1
04-06 02:25:51.818 17923 18074 D TrafficStats: tagSocket(151) with statsTag=0xffffffff, statsUid=-1
04-06 02:25:51.818 17923 18050 I ExpoModulesCore: ✅ Constants were exported
04-06 02:25:51.861 17923 18050 W unknown:ViewManagerPropertyUpdater: Could not find generated setter for class com.th3rdwave.safeareacontext.SafeAreaProviderManager
04-06 02:25:51.864 17923 18050 W unknown:ViewManagerPropertyUpdater: Could not find generated setter for class com.facebook.react.uimanager.LayoutShadowNode
04-06 02:25:51.866 17923 18050 W unknown:ViewManagerPropertyUpdater: Could not find generated setter for class com.swmansion.rnscreens.SearchBarManager
04-06 02:25:51.866 17923 18050 W unknown:ViewManagerPropertyUpdater: Could not find generated setter for class com.swmansion.rnscreens.ScreenFooterManager
04-06 02:25:51.867 17923 18050 W unknown:ViewManagerPropertyUpdater: Could not find generated setter for class com.swmansion.rnscreens.gamma.tabs.TabScreenViewManager
04-06 02:25:51.868 17923 18050 W unknown:ViewManagerPropertyUpdater: Could not find generated setter for class expo.modules.kotlin.views.GroupViewManagerWrapper
04-06 02:25:51.869 17923 18050 W unknown:ViewManagerPropertyUpdater: Could not find generated setter for class com.swmansion.rnscreens.ScreenContainerViewManager
04-06 02:25:51.869 17923 18050 W unknown:ViewManagerPropertyUpdater: Could not find generated setter for class com.swmansion.rnscreens.gamma.tabs.TabsHostViewManager
04-06 02:25:51.870 17923 18050 W unknown:ViewManagerPropertyUpdater: Could not find generated setter for class com.swmansion.rnscreens.ModalScreenViewManager
04-06 02:25:51.871 17923 18050 W unknown:ViewManagerPropertyUpdater: Could not find generated setter for class com.swmansion.rnscreens.ScreenStackHeaderConfigViewManager
04-06 02:25:51.873 17923 18050 W unknown:ViewManagerPropertyUpdater: Could not find generated setter for class com.swmansion.rnscreens.ScreenContentWrapperManager
04-06 02:25:51.873 17923 18050 W unknown:ViewManagerPropertyUpdater: Could not find generated setter for class com.th3rdwave.safeareacontext.SafeAreaViewManager
04-06 02:25:51.874 17923 18050 W unknown:ViewManagerPropertyUpdater: Could not find generated setter for class com.th3rdwave.safeareacontext.SafeAreaViewShadowNode
04-06 02:25:51.875 17923 18050 W unknown:ViewManagerPropertyUpdater: Could not find generated setter for class com.swmansion.rnscreens.safearea.SafeAreaViewManager
04-06 02:25:51.875 17923 18050 W unknown:ViewManagerPropertyUpdater: Could not find generated setter for class com.swmansion.rnscreens.safearea.paper.SafeAreaViewShadowNode
04-06 02:25:51.876 17923 18050 W unknown:ViewManagerPropertyUpdater: Could not find generated setter for class com.swmansion.rnscreens.ScreenViewManager
04-06 02:25:51.876 17923 18050 W unknown:ViewManagerPropertyUpdater: Could not find generated setter for class com.swmansion.rnscreens.gamma.stack.host.StackHostViewManager
04-06 02:25:51.876 17923 18050 W unknown:ViewManagerPropertyUpdater: Could not find generated setter for class com.swmansion.rnscreens.ScreenStackHeaderSubviewManager
04-06 02:25:51.877 17923 18050 W unknown:ViewManagerPropertyUpdater: Could not find generated setter for class com.swmansion.rnscreens.gamma.stack.screen.StackScreenViewManager
04-06 02:25:51.877 17923 18050 W unknown:ViewManagerPropertyUpdater: Could not find generated setter for class com.swmansion.rnscreens.ScreenStackViewManager
04-06 02:25:51.950 17923 18050 W unknown:ViewManagerPropertyUpdater: Could not find generated setter for class com.facebook.react.views.debuggingoverlay.DebuggingOverlayManager
04-06 02:25:51.955 17923 18050 W unknown:ViewManagerPropertyUpdater: Could not find generated setter for class com.swmansion.gesturehandler.react.RNGestureHandlerButtonViewManager
04-06 02:25:51.960 17923 18050 W unknown:ViewManagerPropertyUpdater: Could not find generated setter for class com.facebook.react.views.safeareaview.ReactSafeAreaViewManager
04-06 02:25:51.964 17923 18050 W unknown:ViewManagerPropertyUpdater: Could not find generated setter for class com.facebook.react.views.modal.ReactModalHostManager
04-06 02:25:51.969 17923 18050 W unknown:ViewManagerPropertyUpdater: Could not find generated setter for class com.facebook.react.views.text.frescosupport.FrescoBasedReactTextInlineImageViewManager
04-06 02:25:51.969 17923 18050 W unknown:ViewManagerPropertyUpdater: Could not find generated setter for class com.facebook.react.views.text.frescosupport.FrescoBasedReactTextInlineImageShadowNode
04-06 02:25:51.974 17923 18050 W unknown:ViewManagerPropertyUpdater: Could not find generated setter for class com.facebook.react.views.progressbar.ReactProgressBarViewManager
04-06 02:25:51.974 17923 18050 W unknown:ViewManagerPropertyUpdater: Could not find generated setter for class com.facebook.react.views.progressbar.ProgressBarShadowNode
04-06 02:25:51.979 17923 18050 W unknown:ViewManagerPropertyUpdater: Could not find generated setter for class com.facebook.react.views.scroll.ReactHorizontalScrollViewManager
04-06 02:25:51.985 17923 18050 W unknown:ViewManagerPropertyUpdater: Could not find generated setter for class com.facebook.react.views.image.ReactImageManager
04-06 02:25:51.991 17923 18050 W unknown:ViewManagerPropertyUpdater: Could not find generated setter for class com.facebook.react.views.text.ReactTextViewManager
04-06 02:25:51.992 17923 18050 W unknown:ViewManagerPropertyUpdater: Could not find generated setter for class com.facebook.react.views.text.ReactTextShadowNode
04-06 02:25:51.998 17923 18050 W unknown:ViewManagerPropertyUpdater: Could not find generated setter for class com.facebook.react.views.scroll.ReactHorizontalScrollContainerViewManager
04-06 02:25:52.003 17923 18050 W unknown:ViewManagerPropertyUpdater: Could not find generated setter for class com.facebook.react.views.unimplementedview.ReactUnimplementedViewManager
04-06 02:25:52.008 17923 18050 W unknown:ViewManagerPropertyUpdater: Could not find generated setter for class com.facebook.react.views.scroll.ReactScrollViewManager
04-06 02:25:52.013 17923 18050 W unknown:ViewManagerPropertyUpdater: Could not find generated setter for class com.facebook.react.views.view.ReactViewManager
04-06 02:25:52.019 17923 18050 W unknown:ViewManagerPropertyUpdater: Could not find generated setter for class com.facebook.react.views.drawer.ReactDrawerLayoutManager
04-06 02:25:52.024 17923 18050 W unknown:ViewManagerPropertyUpdater: Could not find generated setter for class com.facebook.react.views.switchview.ReactSwitchManager
04-06 02:25:52.025 17923 18050 W unknown:ViewManagerPropertyUpdater: Could not find generated setter for class com.facebook.react.views.switchview.ReactSwitchShadowNode
04-06 02:25:52.029 17923 18050 W unknown:ViewManagerPropertyUpdater: Could not find generated setter for class com.facebook.react.views.swiperefresh.SwipeRefreshLayoutManager
04-06 02:25:52.035 17923 18050 W unknown:ViewManagerPropertyUpdater: Could not find generated setter for class com.facebook.react.views.textinput.ReactTextInputManager
04-06 02:25:52.037 17923 18050 W unknown:ViewManagerPropertyUpdater: Could not find generated setter for class com.facebook.react.views.textinput.ReactTextInputShadowNode
04-06 02:25:52.043 17923 18050 W unknown:ViewManagerPropertyUpdater: Could not find generated setter for class com.swmansion.gesturehandler.react.RNGestureHandlerRootViewManager
04-06 02:25:52.075 17923 18074 D TrafficStats: tagSocket(151) with statsTag=0xffffffff, statsUid=-1
04-06 02:25:52.240 17923 18050 V AsyncStorageExpoMigration: No scoped database found
04-06 02:25:52.416 17923 18050 D Detox.RNMarker: RUN_JS_BUNDLE_END (/.virtual-metro-entry.bundle?platform=android&dev=true&lazy=true&minify=false&app=com.evolucao.app&modulesOnly=false&runModule=true&excludeSource=true&sourcePaths=url-server)
04-06 02:25:52.418 17923 18050 I ReactNativeJS: Running "main" with {"rootTag":1,"initialProps":{},"fabric":true}
04-06 02:25:52.497 17923 18079 D TrafficStats: tagSocket(138) with statsTag=0xffffffff, statsUid=-1
04-06 02:25:52.616 17923 17923 I DecorView: notifyKeepScreenOnChanged: keepScreenOn=true
04-06 02:25:52.618 17923 17923 I ViewRootImpl@73623ee[MainActivity]: performTraversals params={(0,0)(fillxfill) sim={adjust=resize} layoutInDisplayCutoutMode=always ty=BASE_APPLICATION wanim=0x1030309
04-06 02:25:52.618 17923 17923 I ViewRootImpl@73623ee[MainActivity]:   fl=81810180
04-06 02:25:52.618 17923 17923 I ViewRootImpl@73623ee[MainActivity]:   pfl=16020040
04-06 02:25:52.618 17923 17923 I ViewRootImpl@73623ee[MainActivity]:   vsysui=100
04-06 02:25:52.618 17923 17923 I ViewRootImpl@73623ee[MainActivity]:   bhv=DEFAULT
04-06 02:25:52.618 17923 17923 I ViewRootImpl@73623ee[MainActivity]:   fitSides= naviIconColor=0}
04-06 02:25:52.619 17923 17923 I ViewRootImpl@73623ee[MainActivity]: performTraversals mFirst=false windowShouldResize=false viewVisibilityChanged=false mForceNextWindowRelayout=false params={(0,0)(fillxfill) sim={adjust=resize} layoutInDisplayCutoutMode=always ty=BASE_APPLICATION wanim=0x1030309
04-06 02:25:52.619 17923 17923 I ViewRootImpl@73623ee[MainActivity]:   fl=81810180
04-06 02:25:52.619 17923 17923 I ViewRootImpl@73623ee[MainActivity]:   pfl=16020040
04-06 02:25:52.619 17923 17923 I ViewRootImpl@73623ee[MainActivity]:   vsysui=100
04-06 02:25:52.619 17923 17923 I ViewRootImpl@73623ee[MainActivity]:   bhv=DEFAULT
04-06 02:25:52.619 17923 17923 I ViewRootImpl@73623ee[MainActivity]:   fitSides= naviIconColor=0}
04-06 02:25:52.624 17923 17923 I ViewRootImpl@73623ee[MainActivity]: updateBlastSurfaceIfNeeded mBlastBufferQueue=0xb4000070c2c34c00 isSameSurfaceControl=true
04-06 02:25:52.625 17923 17923 I BLASTBufferQueue: update, w= 1080 h= 2400 mName = ViewRootImpl@73623ee[MainActivity] mNativeObject= 0xb4000070c2c34c00 sc.mNativeObject= 0xb4000070a0cf9cc0 format= -1 caller= android.view.ViewRootImpl.updateBlastSurfaceIfNeeded:2898 android.view.ViewRootImpl.relayoutWindow:9847 android.view.ViewRootImpl.performTraversals:3884 android.view.ViewRootImpl.doTraversal:3116 android.view.ViewRootImpl$TraversalRunnable.run:10885 android.view.Choreographer$CallbackRecord.run:1301 
04-06 02:25:52.625 17923 17923 I ViewRootImpl@73623ee[MainActivity]: Relayout returned: old=(0,0,1080,2400) new=(0,0,1080,2400) req=(1080,2400)0 dur=5 res=0x0 s={true 0xb4000070b3db3000} ch=false seqId=0
04-06 02:25:52.635 17923 17923 D Detox.RNMarker: CONTENT_APPEARED (main)
04-06 02:25:52.646 17923 18050 D Detox.RNMarker: REACT_BRIDGELESS_LOADING_END (null)
04-06 02:25:52.657 17923 18050 I ReactNativeJS: '[ANALYTICS]', 'app_opened', { event: 'app_opened',
04-06 02:25:52.657 17923 18050 I ReactNativeJS:   eventId: '1775453152650_6f1bca0310869c',
04-06 02:25:52.657 17923 18050 I ReactNativeJS:   appVersion: '1.0.0',
04-06 02:25:52.657 17923 18050 I ReactNativeJS:   category: 'engagement',
04-06 02:25:52.657 17923 18050 I ReactNativeJS:   userId: 'anonymous',
04-06 02:25:52.657 17923 18050 I ReactNativeJS:   timestamp: 1775453152650,
04-06 02:25:52.657 17923 18050 I ReactNativeJS:   timestampIso: '2026-04-06T05:25:52.650Z',
04-06 02:25:52.657 17923 18050 I ReactNativeJS:   screen: 'App',
04-06 02:25:52.657 17923 18050 I ReactNativeJS:   sessionId: 'session-1775453152633-fecd4a6b94f0f8',
04-06 02:25:52.657 17923 18050 I ReactNativeJS:   flowId: 'session-1775453152633-fecd4a6b94f0f8',
04-06 02:25:52.657 17923 18050 I ReactNativeJS:   meta: 
04-06 02:25:52.657 17923 18050 I ReactNativeJS:    { domain: 'engagement',
04-06 02:25:52.657 17923 18050 I ReactNativeJS:      version: 1,
04-06 02:25:52.657 17923 18050 I ReactNativeJS:      dayKey: '2026-04-06',
04-06 02:25:52.657 17923 18050 I ReactNativeJS:      isFirstOpenOfDay: true,
04-06 02:25:52.657 17923 18050 I ReactNativeJS:      category: 'engagement' } }
04-06 02:25:52.877 17923 17923 D CompatibilityChangeReporter: Compat change id reported: 171228096; UID 10401; state: ENABLED
04-06 02:25:52.879 17923 17923 D ScrollView: initGoToTop
04-06 02:25:52.879 17923 17923 W om.evolucao.app: Accessing hidden field Landroid/widget/ScrollView;->mScroller:Landroid/widget/OverScroller; (unsupported, reflection, allowed)
04-06 02:25:52.894 17923 17923 W [RNScreens]: backTitleFontFamily prop is not available on Android
04-06 02:25:52.894 17923 17923 W [RNScreens]: disableBackButtonMenu prop is not available on Android
04-06 02:25:52.895 17923 17923 W [RNScreens]: backTitleVisible prop is not available on Android
04-06 02:25:52.895 17923 17923 W [RNScreens]: topInsetEnabled prop is not available on Android
04-06 02:25:52.895 17923 17923 W [RNScreens]: largeTitleHideShadow prop is not available on Android
04-06 02:25:52.895 17923 17923 W [RNScreens]: largeTitleFontWeight prop is not available on Android
04-06 02:25:52.895 17923 17923 W [RNScreens]: userInterfaceStyle prop is not available on Android
04-06 02:25:52.895 17923 17923 W [RNScreens]: largeTitleFontFamily prop is not available on Android
04-06 02:25:52.899 17923 17932 I om.evolucao.app: Compiler allocated 4177KB to compile void android.widget.TextView.<init>(android.content.Context, android.util.AttributeSet, int, int)
04-06 02:25:52.933 17923 17995 D OpenGLRenderer: setSurface called with nullptr
04-06 02:25:55.988 17923 18111 D ProfileInstaller: Installing profile for com.evolucao.app
04-06 02:25:59.215 17923 17981 D DetoxWSClient: Received action 'currentStatus' (ID #1, params={})
04-06 02:25:59.215 17923 17977 I DetoxDispatcher: Handling action 'currentStatus' (ID #1)...
04-06 02:25:59.224 17923 17977 I DetoxWSClient: Sending out action 'currentStatusResult' (ID #1)
04-06 02:25:59.224 17923 17977 I DetoxDispatcher: Done with action 'currentStatus'
04-06 02:26:09.233 17923 17981 D DetoxWSClient: Received action 'currentStatus' (ID #2, params={})
04-06 02:26:09.234 17923 17977 I DetoxDispatcher: Handling action 'currentStatus' (ID #2)...
04-06 02:26:09.241 17923 17977 I DetoxWSClient: Sending out action 'currentStatusResult' (ID #2)
04-06 02:26:09.242 17923 17977 I DetoxDispatcher: Done with action 'currentStatus'
04-06 02:26:19.258 17923 17981 D DetoxWSClient: Received action 'currentStatus' (ID #3, params={})
04-06 02:26:19.258 17923 17977 I DetoxDispatcher: Handling action 'currentStatus' (ID #3)...
04-06 02:26:19.265 17923 17977 I DetoxWSClient: Sending out action 'currentStatusResult' (ID #3)
04-06 02:26:19.266 17923 17977 I DetoxDispatcher: Done with action 'currentStatus'
04-06 02:26:29.283 17923 17981 D DetoxWSClient: Received action 'currentStatus' (ID #4, params={})
04-06 02:26:29.284 17923 17977 I DetoxDispatcher: Handling action 'currentStatus' (ID #4)...
04-06 02:26:29.292 17923 17977 I DetoxWSClient: Sending out action 'currentStatusResult' (ID #4)
04-06 02:26:29.293 17923 17977 I DetoxDispatcher: Done with action 'currentStatus'
04-06 02:26:39.306 17923 17981 D DetoxWSClient: Received action 'currentStatus' (ID #5, params={})
04-06 02:26:39.306 17923 17977 I DetoxDispatcher: Handling action 'currentStatus' (ID #5)...
04-06 02:26:39.311 17923 17977 I DetoxWSClient: Sending out action 'currentStatusResult' (ID #5)
04-06 02:26:39.311 17923 17977 I DetoxDispatcher: Done with action 'currentStatus'
04-06 02:26:45.651 17923 17995 D NativeCustomFrequencyManager: [NativeCFMS] BpCustomFrequencyManager::BpCustomFrequencyManager()
04-06 02:26:45.661 17923 17923 D InsetsController: onStateChanged: InsetsState: {mDisplayFrame=Rect(0, 0 - 1080, 2400), mDisplayCutout=DisplayCutout{insets=Rect(0, 88 - 0, 0) waterfall=Insets{left=0, top=0, right=0, bottom=0} boundingRect={Bounds=[Rect(0, 0 - 0, 0), Rect(512, 0 - 568, 88), Rect(0, 0 - 0, 0), Rect(0, 0 - 0, 0)]} cutoutPathParserInfo={CutoutPathParserInfo{displayWidth=1080 displayHeight=2400 physicalDisplayWidth=1080 physicalDisplayHeight=2400 density={3.0} cutoutSpec={M 0,0 M 0,10.71963616907435 a 9.280363830925644,9.280363830925644 0 1,0 0,18.56072766185129 a 9.280363830925644,9.280363830925644 0 1,0 0,-18.56072766185129 Z @dp} rotation={0} scale={1.0} physicalPixelDisplaySizeRatio={1.0}}}}, mRoundedCorners=RoundedCorners{[RoundedCorner{position=TopLeft, radius=96, center=Point(96, 96)}, RoundedCorner{position=TopRight, radius=96, center=Point(984, 96)}, RoundedCorner{position=BottomRight, radius=96, center=Point(984, 2304)}, RoundedCorner{position=BottomLeft, radius=96, center=Point(96, 2304)}]}  mRoundedCornerFrame=Rect(0, 0 - 1080, 2400), mPrivacyIndicatorBounds=PrivacyIndicatorBounds {static bounds=Rect(948, 0 - 1080, 88) rotation=0}, mSources= { InsetsSource: {mType=ITYPE_STATUS_BAR, mFrame=[0,0][1080,88], mVisible=true, mInsetsRoundedCornerFrame=false}, InsetsSource: {mType=ITYPE_NAVIGATION_BAR, mFrame=[0,2256][1080,2400], mVisible=true, mInsetsRoundedCornerFrame=false}, InsetsSource: {mType=ITYPE_LEFT_GESTURES, mFrame=[0,0][0,2400], mVisible=true, mInsetsRoundedCornerFrame=false}, InsetsSource: {mType=ITYPE_RIGHT_GESTURES, mFrame=[1080,0][1080,2400], mVisible=true, mInsetsRoundedCornerFrame=false}, InsetsSource: {mType=ITYPE_TOP_MANDATORY_GESTURES, mFrame=[0,0][1080,124], mVisible=true, mInsetsRoundedCornerFrame=false}, InsetsSource: {mType=ITYPE_BOTTOM_MANDATORY_GESTURES, mFrame=[0,2256][1080,2400], mVisible=true, mInsetsRoundedCornerFrame=false}, InsetsSource: {mType=ITYPE_LEFT_DISPLAY_CUTOUT, mFrame=[0,0][-100000,2400], mVisible=true, mInsetsRoundedCornerFrame=false}, InsetsSource: {mType=ITYPE_TOP_DISPLAY_CUTOUT, mFrame=[0,0][1080,88], mVisible=true, mInsetsRoundedCornerFrame=false}, InsetsSource: {mType=ITYPE_RIGHT_DISPLAY_CUTOUT, mFrame=[100000,0][1080,2400], mVisible=true, mInsetsRoundedCornerFrame=false}, InsetsSource: {mType=ITYPE_BOTTOM_DISPLAY_CUTOUT, mFrame=[0,100000][1080,2400], mVisible=true, mInsetsRoundedCornerFrame=false}, InsetsSource: {mType=ITYPE_TOP_TAPPABLE_ELEMENT, mFrame=[0,0][1080,88], mVisible=true, mInsetsRoundedCornerFrame=false}, InsetsSource: {mType=ITYPE_BOTTOM_TAPPABLE_ELEMENT, mFrame=[0,2256][1080,2400], mVisible=true, mInsetsRoundedCornerFrame=false} } host=PopupWindow:8bb6654 from=android.view.ViewRootImpl.setView:1732
04-06 02:26:45.663 17923 17923 I ViewRootImpl@9f059fd[PopupWindow:8bb6654]: setView = android.widget.PopupWindow$PopupDecorView@ded98f9 TM=false
04-06 02:26:45.667 17923 17923 I ViewRootImpl@9f059fd[PopupWindow:8bb6654]: performTraversals params={(0,88)(fillxwrap) gr=TOP START CENTER sim={state=unchanged adjust=pan} ty=APPLICATION_PANEL fmt=TRANSLUCENT surfaceInsets=Rect(0, 0 - 0, 0) (manual)
04-06 02:26:45.667 17923 17923 I ViewRootImpl@9f059fd[PopupWindow:8bb6654]:   fl=41800008
04-06 02:26:45.667 17923 17923 I ViewRootImpl@9f059fd[PopupWindow:8bb6654]:   pfl=42018000
04-06 02:26:45.667 17923 17923 I ViewRootImpl@9f059fd[PopupWindow:8bb6654]:   bhv=DEFAULT
04-06 02:26:45.667 17923 17923 I ViewRootImpl@9f059fd[PopupWindow:8bb6654]:   fitTypes=STATUS_BARS NAVIGATION_BARS CAPTION_BAR naviIconColor=0
04-06 02:26:45.667 17923 17923 I ViewRootImpl@9f059fd[PopupWindow:8bb6654]:   sfl=20000}
04-06 02:26:45.668 17923 17923 I ViewRootImpl@9f059fd[PopupWindow:8bb6654]: performTraversals mFirst=true windowShouldResize=true viewVisibilityChanged=false mForceNextWindowRelayout=false params={(0,88)(fillxwrap) gr=TOP START CENTER sim={state=unchanged adjust=pan} ty=APPLICATION_PANEL fmt=TRANSLUCENT surfaceInsets=Rect(0, 0 - 0, 0) (manual)
04-06 02:26:45.668 17923 17923 I ViewRootImpl@9f059fd[PopupWindow:8bb6654]:   fl=41800008
04-06 02:26:45.668 17923 17923 I ViewRootImpl@9f059fd[PopupWindow:8bb6654]:   pfl=42018000
04-06 02:26:45.668 17923 17923 I ViewRootImpl@9f059fd[PopupWindow:8bb6654]:   bhv=DEFAULT
04-06 02:26:45.668 17923 17923 I ViewRootImpl@9f059fd[PopupWindow:8bb6654]:   fitTypes=STATUS_BARS NAVIGATION_BARS CAPTION_BAR naviIconColor=0
04-06 02:26:45.668 17923 17923 I ViewRootImpl@9f059fd[PopupWindow:8bb6654]:   sfl=20000}
04-06 02:26:45.674 17923 17938 I ViewRootImpl@9f059fd[PopupWindow:8bb6654]: Resizing android.view.ViewRootImpl@c5c303e: frame = [0,88][1080,167] reportDraw = true forceLayout = false syncSeqId = 0
04-06 02:26:45.678 17923 17923 I ViewRootImpl@9f059fd[PopupWindow:8bb6654]: updateBlastSurfaceIfNeeded mBlastBufferQueue=null isSameSurfaceControl=false
04-06 02:26:45.679 17923 17923 I BLASTBufferQueue: new BLASTBufferQueue, mName= ViewRootImpl@9f059fd[PopupWindow:8bb6654] mNativeObject= 0xb4000070a06c0380 sc.mNativeObject= 0xb4000070a0d02d20 caller= android.view.ViewRootImpl.updateBlastSurfaceIfNeeded:2909 android.view.ViewRootImpl.relayoutWindow:9847 android.view.ViewRootImpl.performTraversals:3884 android.view.ViewRootImpl.doTraversal:3116 android.view.ViewRootImpl$TraversalRunnable.run:10885 android.view.Choreographer$CallbackRecord.run:1301 android.view.Choreographer$CallbackRecord.run:1309 android.view.Choreographer.doCallbacks:923 android.view.Choreographer.doFrame:852 android.view.Choreographer$FrameDisplayEventReceiver.run:1283 
04-06 02:26:45.679 17923 17923 I BLASTBufferQueue: update, w= 1080 h= 79 mName = ViewRootImpl@9f059fd[PopupWindow:8bb6654] mNativeObject= 0xb4000070a06c0380 sc.mNativeObject= 0xb4000070a0d02d20 format= -3 caller= android.graphics.BLASTBufferQueue.<init>:84 android.view.ViewRootImpl.updateBlastSurfaceIfNeeded:2909 android.view.ViewRootImpl.relayoutWindow:9847 android.view.ViewRootImpl.performTraversals:3884 android.view.ViewRootImpl.doTraversal:3116 android.view.ViewRootImpl$TraversalRunnable.run:10885 
04-06 02:26:45.680 17923 17923 I ViewRootImpl@9f059fd[PopupWindow:8bb6654]: Relayout returned: old=(0,88,1080,2256) new=(0,88,1080,167) req=(1080,79)0 dur=10 res=0x3 s={true 0xb4000070b0ce0000} ch=true seqId=0
04-06 02:26:45.681 17923 17923 I ViewRootImpl@9f059fd[PopupWindow:8bb6654]: mThreadedRenderer.initialize() mSurface={isValid=true 0xb4000070b0ce0000} hwInitialized=true
04-06 02:26:45.681 17923 17995 D OpenGLRenderer: eglCreateWindowSurface
04-06 02:26:45.682 17923 17923 I ViewRootImpl@9f059fd[PopupWindow:8bb6654]: reportNextDraw android.view.ViewRootImpl.performTraversals:4438 android.view.ViewRootImpl.doTraversal:3116 android.view.ViewRootImpl$TraversalRunnable.run:10885 android.view.Choreographer$CallbackRecord.run:1301 android.view.Choreographer$CallbackRecord.run:1309 
04-06 02:26:45.682 17923 17923 I ViewRootImpl@9f059fd[PopupWindow:8bb6654]: Setup new sync id=0
04-06 02:26:45.682 17923 17923 I ViewRootImpl@9f059fd[PopupWindow:8bb6654]: Setting syncFrameCallback
04-06 02:26:45.683 17923 17923 I ViewRootImpl@9f059fd[PopupWindow:8bb6654]: registerCallbacksForSync syncBuffer=false
04-06 02:26:45.684 17923 18028 I ViewRootImpl@9f059fd[PopupWindow:8bb6654]: Received frameDrawingCallback syncResult=0 frameNum=1.
04-06 02:26:45.684 17923 18028 I ViewRootImpl@9f059fd[PopupWindow:8bb6654]: Setting up sync and frameCommitCallback
04-06 02:26:45.685 17923 17995 I BLASTBufferQueue: [ViewRootImpl@9f059fd[PopupWindow:8bb6654]#2](f:0,a:0) onFrameAvailable the first frame is available
04-06 02:26:45.686 17923 17995 I ViewRootImpl@9f059fd[PopupWindow:8bb6654]: Received frameCommittedCallback lastAttemptedDrawFrameNum=1 didProduceBuffer=true
04-06 02:26:45.686 17923 17995 D OpenGLRenderer: CFMS:: SetUp Pid : 17923    Tid : 17995
04-06 02:26:45.687 17923 17995 W Parcel  : Expecting binder but got null!
04-06 02:26:45.688 17923 17923 I ViewRootImpl@9f059fd[PopupWindow:8bb6654]: onSyncComplete
04-06 02:26:45.688 17923 17923 I ViewRootImpl@9f059fd[PopupWindow:8bb6654]: setupSync seqId=0 mSyncId=0 fn=1 caller=android.view.ViewRootImpl$$ExternalSyntheticLambda11.accept:6 android.window.SurfaceSyncer.lambda$setupSync$1$android-window-SurfaceSyncer:128 android.window.SurfaceSyncer$$ExternalSyntheticLambda1.accept:8 android.window.SurfaceSyncer$SyncSet.checkIfSyncIsComplete:382 android.window.SurfaceSyncer$SyncSet.markSyncReady:359 android.window.SurfaceSyncer.markSyncReady:151 android.view.ViewRootImpl.performTraversals:4503 
04-06 02:26:45.689 17923 17923 I ViewRootImpl@9f059fd[PopupWindow:8bb6654]: reportDrawFinished seqId=0 mSyncId=-1 fn=1 mSurfaceChangedTransaction=0xb4000070b0d35700
04-06 02:26:45.692 17923 17923 I ViewRootImpl@9f059fd[PopupWindow:8bb6654]: handleResized, msg = 5 frames=ClientWindowFrames{frame=[0,88][1080,167] display=[0,88][1080,2256] parentFrame=[0,0][0,0] parentClippedByDisplayCutout=false} forceNextWindowRelayout=false displayId=0 resizeMode=-1 frameChanged=false displayFrameChanged=false configChanged=false displayChanged=false
04-06 02:26:45.692 17923 17923 I ViewRootImpl@9f059fd[PopupWindow:8bb6654]: handleResized mSyncSeqId = 0
04-06 02:26:45.692 17923 17923 I ViewRootImpl@9f059fd[PopupWindow:8bb6654]: reportNextDraw android.view.ViewRootImpl.handleResized:2450 android.view.ViewRootImpl.-$$Nest$mhandleResized:0 android.view.ViewRootImpl$ViewRootHandler.handleMessageImpl:6728 android.view.ViewRootImpl$ViewRootHandler.handleMessage:6697 android.os.Handler.dispatchMessage:106 
04-06 02:26:45.694 17923 17995 D OpenGLRenderer: setSurface called with nullptr
