--------- beginning of main
04-06 11:55:45.216 26660 26660 I Detox   : Wait is over: App is now idle!
04-06 11:55:45.216 26660 26700 I DetoxWSClient: Sending out action 'ready' (ID #-1000)
04-06 11:55:45.217 26660 26700 I DetoxDispatcher: Done with action 'isReady'
04-06 11:55:45.746 26660 26704 D DetoxWSClient: Received action 'invoke' (ID #1, params={"target":{"type":"Class","value":"com.wix.detox.espresso.DetoxAssertion"},"method":"waitForAssertMatcher","args":[{"type":"Invocation","value":{"target":{"type":"Class","value":"androidx.test.espresso.Espresso"},"method":"onView","args":[{"type":"Invocation","value":{"target":{"type":"Class","value":"com.wix.detox.espresso.DetoxMatcher"},"method":"matcherForTestId","args":["app-root",{"type":"boolean","value":false}]}}]}},{"type":"Invocation","value":{"target":{"type":"Class","value":"com.wix.detox.espresso.DetoxMatcher"},"method":"matcherForSufficientlyVisible","args":[{"type":"Integer","value":75}]}},{"type":"Double","value":5}]})
04-06 11:55:45.747 26660 26700 I DetoxDispatcher: Handling action 'invoke' (ID #1)...
04-06 11:55:45.755 26660 26700 D Detox   : class com.wix.detox.espresso.DetoxMatcher, matcherForTestId, [app-root, false]
04-06 11:55:45.768 26660 26700 D Detox   : class androidx.test.espresso.Espresso, onView, [(view.getTag() is "app-root" and view has effective visibility <VISIBLE>)]
04-06 11:55:45.769 26660 26700 D Detox   : class com.wix.detox.espresso.DetoxMatcher, matcherForSufficientlyVisible, [75]
04-06 11:55:45.770 26660 26700 D Detox   : class com.wix.detox.espresso.DetoxAssertion, waitForAssertMatcher, [androidx.test.espresso.ViewInteraction@6f46e31, (view has effective visibility <VISIBLE> and view.getGlobalVisibleRect() covers at least <75> percent of the view's area), 5.0]
04-06 11:55:45.780 26660 26660 I ViewInteraction: Checking 'MatchesViewAssertion(Detox){viewMatcher=(view has effective visibility <VISIBLE> and view.getGlobalVisibleRect() covers at least <75> percent of the view's area)}' assertion on view (view.getTag() is "app-root" and view has effective visibility <VISIBLE>)
04-06 11:55:45.785 26660 26700 I DetoxWSClient: Sending out action 'invokeResult' (ID #1)
04-06 11:55:45.786 26660 26700 I DetoxDispatcher: Done with action 'invoke'
04-06 11:55:45.790 26660 26704 D DetoxWSClient: Received action 'invoke' (ID #2, params={"target":{"type":"Class","value":"com.wix.detox.espresso.DetoxAssertion"},"method":"assertMatcher","args":[{"type":"Invocation","value":{"target":{"type":"Class","value":"androidx.test.espresso.Espresso"},"method":"onView","args":[{"type":"Invocation","value":{"target":{"type":"Class","value":"com.wix.detox.espresso.DetoxMatcher"},"method":"matcherForTestId","args":["app-root",{"type":"boolean","value":false}]}}]}},{"type":"Invocation","value":{"target":{"type":"Class","value":"com.wix.detox.espresso.DetoxMatcher"},"method":"matcherForSufficientlyVisible","args":[{"type":"Integer","value":75}]}}]})
04-06 11:55:45.790 26660 26700 I DetoxDispatcher: Handling action 'invoke' (ID #2)...
04-06 11:55:45.791 26660 26700 D Detox   : class com.wix.detox.espresso.DetoxMatcher, matcherForTestId, [app-root, false]
04-06 11:55:45.791 26660 26700 D Detox   : class androidx.test.espresso.Espresso, onView, [(view.getTag() is "app-root" and view has effective visibility <VISIBLE>)]
04-06 11:55:45.792 26660 26700 D Detox   : class com.wix.detox.espresso.DetoxMatcher, matcherForSufficientlyVisible, [75]
04-06 11:55:45.793 26660 26700 D Detox   : class com.wix.detox.espresso.DetoxAssertion, assertMatcher, [androidx.test.espresso.ViewInteraction@270bc6d, (view has effective visibility <VISIBLE> and view.getGlobalVisibleRect() covers at least <75> percent of the view's area)]
04-06 11:55:45.796 26660 26660 I ViewInteraction: Checking 'MatchesViewAssertion(Detox){viewMatcher=(view has effective visibility <VISIBLE> and view.getGlobalVisibleRect() covers at least <75> percent of the view's area)}' assertion on view (view.getTag() is "app-root" and view has effective visibility <VISIBLE>)
04-06 11:55:45.798 26660 26700 I DetoxWSClient: Sending out action 'invokeResult' (ID #2)
04-06 11:55:45.798 26660 26700 I DetoxDispatcher: Done with action 'invoke'
04-06 11:55:45.802 26660 26704 D DetoxWSClient: Received action 'invoke' (ID #3, params={"target":{"type":"Class","value":"com.wix.detox.espresso.DetoxAssertion"},"method":"waitForAssertMatcher","args":[{"type":"Invocation","value":{"target":{"type":"Class","value":"androidx.test.espresso.Espresso"},"method":"onView","args":[{"type":"Invocation","value":{"target":{"type":"Class","value":"com.wix.detox.espresso.DetoxMatcher"},"method":"matcherForTestId","args":["questionnaire-screen",{"type":"boolean","value":false}]}}]}},{"type":"Invocation","value":{"target":{"type":"Class","value":"com.wix.detox.espresso.DetoxMatcher"},"method":"matcherForSufficientlyVisible","args":[{"type":"Integer","value":75}]}},{"type":"Double","value":5}]})
04-06 11:55:45.803 26660 26700 I DetoxDispatcher: Handling action 'invoke' (ID #3)...
04-06 11:55:45.803 26660 26700 D Detox   : class com.wix.detox.espresso.DetoxMatcher, matcherForTestId, [questionnaire-screen, false]
04-06 11:55:45.803 26660 26700 D Detox   : class androidx.test.espresso.Espresso, onView, [(view.getTag() is "questionnaire-screen" and view has effective visibility <VISIBLE>)]
04-06 11:55:45.804 26660 26700 D Detox   : class com.wix.detox.espresso.DetoxMatcher, matcherForSufficientlyVisible, [75]
04-06 11:55:45.804 26660 26700 D Detox   : class com.wix.detox.espresso.DetoxAssertion, waitForAssertMatcher, [androidx.test.espresso.ViewInteraction@cb7a0a2, (view has effective visibility <VISIBLE> and view.getGlobalVisibleRect() covers at least <75> percent of the view's area), 5.0]
04-06 11:55:45.807 26660 26660 I ViewInteraction: Checking 'MatchesViewAssertion(Detox){viewMatcher=(view has effective visibility <VISIBLE> and view.getGlobalVisibleRect() covers at least <75> percent of the view's area)}' assertion on view (view.getTag() is "questionnaire-screen" and view has effective visibility <VISIBLE>)
04-06 11:55:45.809 26660 26700 I DetoxWSClient: Sending out action 'invokeResult' (ID #3)
04-06 11:55:45.809 26660 26700 I DetoxDispatcher: Done with action 'invoke'
04-06 11:55:45.813 26660 26704 D DetoxWSClient: Received action 'invoke' (ID #4, params={"target":{"type":"Class","value":"com.wix.detox.espresso.DetoxAssertion"},"method":"waitForAssertMatcher","args":[{"type":"Invocation","value":{"target":{"type":"Class","value":"androidx.test.espresso.Espresso"},"method":"onView","args":[{"type":"Invocation","value":{"target":{"type":"Class","value":"com.wix.detox.espresso.DetoxMatcher"},"method":"matcherForTestId","args":["input-peso-atual",{"type":"boolean","value":false}]}}]}},{"type":"Invocation","value":{"target":{"type":"Class","value":"com.wix.detox.espresso.DetoxMatcher"},"method":"matcherForSufficientlyVisible","args":[{"type":"Integer","value":75}]}},{"type":"Double","value":5}]})
04-06 11:55:45.814 26660 26700 I DetoxDispatcher: Handling action 'invoke' (ID #4)...
04-06 11:55:45.814 26660 26700 D Detox   : class com.wix.detox.espresso.DetoxMatcher, matcherForTestId, [input-peso-atual, false]
04-06 11:55:45.814 26660 26700 D Detox   : class androidx.test.espresso.Espresso, onView, [(view.getTag() is "input-peso-atual" and view has effective visibility <VISIBLE>)]
04-06 11:55:45.815 26660 26700 D Detox   : class com.wix.detox.espresso.DetoxMatcher, matcherForSufficientlyVisible, [75]
04-06 11:55:45.815 26660 26700 D Detox   : class com.wix.detox.espresso.DetoxAssertion, waitForAssertMatcher, [androidx.test.espresso.ViewInteraction@c526cf0, (view has effective visibility <VISIBLE> and view.getGlobalVisibleRect() covers at least <75> percent of the view's area), 5.0]
04-06 11:55:45.818 26660 26660 I ViewInteraction: Checking 'MatchesViewAssertion(Detox){viewMatcher=(view has effective visibility <VISIBLE> and view.getGlobalVisibleRect() covers at least <75> percent of the view's area)}' assertion on view (view.getTag() is "input-peso-atual" and view has effective visibility <VISIBLE>)
04-06 11:55:45.824 26660 26700 I DetoxWSClient: Sending out action 'invokeResult' (ID #4)
04-06 11:55:45.824 26660 26700 I DetoxDispatcher: Done with action 'invoke'
04-06 11:55:46.459 26660 26704 D DetoxWSClient: Received action 'invoke' (ID #5, params={"target":{"type":"Class","value":"com.wix.detox.espresso.DetoxAssertion"},"method":"waitForAssertMatcher","args":[{"type":"Invocation","value":{"target":{"type":"Class","value":"androidx.test.espresso.Espresso"},"method":"onView","args":[{"type":"Invocation","value":{"target":{"type":"Class","value":"com.wix.detox.espresso.DetoxMatcher"},"method":"matcherForTestId","args":["app-root",{"type":"boolean","value":false}]}}]}},{"type":"Invocation","value":{"target":{"type":"Class","value":"com.wix.detox.espresso.DetoxMatcher"},"method":"matcherForSufficientlyVisible","args":[{"type":"Integer","value":75}]}},{"type":"Double","value":5}]})
04-06 11:55:46.460 26660 26700 I DetoxDispatcher: Handling action 'invoke' (ID #5)...
04-06 11:55:46.460 26660 26700 D Detox   : class com.wix.detox.espresso.DetoxMatcher, matcherForTestId, [app-root, false]
04-06 11:55:46.461 26660 26700 D Detox   : class androidx.test.espresso.Espresso, onView, [(view.getTag() is "app-root" and view has effective visibility <VISIBLE>)]
04-06 11:55:46.461 26660 26700 D Detox   : class com.wix.detox.espresso.DetoxMatcher, matcherForSufficientlyVisible, [75]
04-06 11:55:46.462 26660 26700 D Detox   : class com.wix.detox.espresso.DetoxAssertion, waitForAssertMatcher, [androidx.test.espresso.ViewInteraction@19edf6f, (view has effective visibility <VISIBLE> and view.getGlobalVisibleRect() covers at least <75> percent of the view's area), 5.0]
04-06 11:55:46.465 26660 26660 I ViewInteraction: Checking 'MatchesViewAssertion(Detox){viewMatcher=(view has effective visibility <VISIBLE> and view.getGlobalVisibleRect() covers at least <75> percent of the view's area)}' assertion on view (view.getTag() is "app-root" and view has effective visibility <VISIBLE>)
04-06 11:55:46.467 26660 26700 I DetoxWSClient: Sending out action 'invokeResult' (ID #5)
04-06 11:55:46.467 26660 26700 I DetoxDispatcher: Done with action 'invoke'
04-06 11:55:46.475 26660 26704 D DetoxWSClient: Received action 'invoke' (ID #6, params={"target":{"type":"Class","value":"com.wix.detox.espresso.DetoxAssertion"},"method":"assertMatcher","args":[{"type":"Invocation","value":{"target":{"type":"Class","value":"androidx.test.espresso.Espresso"},"method":"onView","args":[{"type":"Invocation","value":{"target":{"type":"Class","value":"com.wix.detox.espresso.DetoxMatcher"},"method":"matcherForTestId","args":["app-root",{"type":"boolean","value":false}]}}]}},{"type":"Invocation","value":{"target":{"type":"Class","value":"com.wix.detox.espresso.DetoxMatcher"},"method":"matcherForSufficientlyVisible","args":[{"type":"Integer","value":75}]}}]})
04-06 11:55:46.475 26660 26700 I DetoxDispatcher: Handling action 'invoke' (ID #6)...
04-06 11:55:46.475 26660 26700 D Detox   : class com.wix.detox.espresso.DetoxMatcher, matcherForTestId, [app-root, false]
04-06 11:55:46.476 26660 26700 D Detox   : class androidx.test.espresso.Espresso, onView, [(view.getTag() is "app-root" and view has effective visibility <VISIBLE>)]
04-06 11:55:46.476 26660 26700 D Detox   : class com.wix.detox.espresso.DetoxMatcher, matcherForSufficientlyVisible, [75]
04-06 11:55:46.476 26660 26700 D Detox   : class com.wix.detox.espresso.DetoxAssertion, assertMatcher, [androidx.test.espresso.ViewInteraction@793247c, (view has effective visibility <VISIBLE> and view.getGlobalVisibleRect() covers at least <75> percent of the view's area)]
04-06 11:55:46.479 26660 26660 I ViewInteraction: Checking 'MatchesViewAssertion(Detox){viewMatcher=(view has effective visibility <VISIBLE> and view.getGlobalVisibleRect() covers at least <75> percent of the view's area)}' assertion on view (view.getTag() is "app-root" and view has effective visibility <VISIBLE>)
04-06 11:55:46.481 26660 26700 I DetoxWSClient: Sending out action 'invokeResult' (ID #6)
04-06 11:55:46.481 26660 26700 I DetoxDispatcher: Done with action 'invoke'
04-06 11:55:46.487 26660 26704 D DetoxWSClient: Received action 'invoke' (ID #7, params={"target":{"type":"Class","value":"com.wix.detox.espresso.DetoxAssertion"},"method":"waitForAssertMatcher","args":[{"type":"Invocation","value":{"target":{"type":"Class","value":"androidx.test.espresso.Espresso"},"method":"onView","args":[{"type":"Invocation","value":{"target":{"type":"Class","value":"com.wix.detox.espresso.DetoxMatcher"},"method":"matcherForTestId","args":["screen-home",{"type":"boolean","value":false}]}}]}},{"type":"Invocation","value":{"target":{"type":"Class","value":"com.wix.detox.espresso.DetoxMatcher"},"method":"matcherForSufficientlyVisible","args":[{"type":"Integer","value":75}]}},{"type":"Double","value":5}]})
04-06 11:55:46.488 26660 26700 I DetoxDispatcher: Handling action 'invoke' (ID #7)...
04-06 11:55:46.488 26660 26700 D Detox   : class com.wix.detox.espresso.DetoxMatcher, matcherForTestId, [screen-home, false]
04-06 11:55:46.488 26660 26700 D Detox   : class androidx.test.espresso.Espresso, onView, [(view.getTag() is "screen-home" and view has effective visibility <VISIBLE>)]
04-06 11:55:46.489 26660 26700 D Detox   : class com.wix.detox.espresso.DetoxMatcher, matcherForSufficientlyVisible, [75]
04-06 11:55:46.489 26660 26700 D Detox   : class com.wix.detox.espresso.DetoxAssertion, waitForAssertMatcher, [androidx.test.espresso.ViewInteraction@2ac8105, (view has effective visibility <VISIBLE> and view.getGlobalVisibleRect() covers at least <75> percent of the view's area), 5.0]
04-06 11:55:46.511 26660 26660 I ViewInteraction: Checking 'MatchesViewAssertion(Detox){viewMatcher=(view has effective visibility <VISIBLE> and view.getGlobalVisibleRect() covers at least <75> percent of the view's area)}' assertion on view (view.getTag() is "screen-home" and view has effective visibility <VISIBLE>)
04-06 11:55:46.560 26660 26660 I ViewInteraction: Checking 'MatchesViewAssertion(Detox){viewMatcher=(view has effective visibility <VISIBLE> and view.getGlobalVisibleRect() covers at least <75> percent of the view's area)}' assertion on view (view.getTag() is "screen-home" and view has effective visibility <VISIBLE>)
04-06 11:55:46.599 26660 26660 I ViewInteraction: Checking 'MatchesViewAssertion(Detox){viewMatcher=(view has effective visibility <VISIBLE> and view.getGlobalVisibleRect() covers at least <75> percent of the view's area)}' assertion on view (view.getTag() is "screen-home" and view has effective visibility <VISIBLE>)
04-06 11:55:46.646 26660 26660 I ViewInteraction: Checking 'MatchesViewAssertion(Detox){viewMatcher=(view has effective visibility <VISIBLE> and view.getGlobalVisibleRect() covers at least <75> percent of the view's area)}' assertion on view (view.getTag() is "screen-home" and view has effective visibility <VISIBLE>)
04-06 11:55:46.698 26660 26660 I ViewInteraction: Checking 'MatchesViewAssertion(Detox){viewMatcher=(view has effective visibility <VISIBLE> and view.getGlobalVisibleRect() covers at least <75> percent of the view's area)}' assertion on view (view.getTag() is "screen-home" and view has effective visibility <VISIBLE>)
04-06 11:55:46.749 26660 26660 I ViewInteraction: Checking 'MatchesViewAssertion(Detox){viewMatcher=(view has effective visibility <VISIBLE> and view.getGlobalVisibleRect() covers at least <75> percent of the view's area)}' assertion on view (view.getTag() is "screen-home" and view has effective visibility <VISIBLE>)
04-06 11:55:46.802 26660 26660 I ViewInteraction: Checking 'MatchesViewAssertion(Detox){viewMatcher=(view has effective visibility <VISIBLE> and view.getGlobalVisibleRect() covers at least <75> percent of the view's area)}' assertion on view (view.getTag() is "screen-home" and view has effective visibility <VISIBLE>)
04-06 11:55:46.847 26660 26660 I ViewInteraction: Checking 'MatchesViewAssertion(Detox){viewMatcher=(view has effective visibility <VISIBLE> and view.getGlobalVisibleRect() covers at least <75> percent of the view's area)}' assertion on view (view.getTag() is "screen-home" and view has effective visibility <VISIBLE>)
04-06 11:55:46.895 26660 26660 I ViewInteraction: Checking 'MatchesViewAssertion(Detox){viewMatcher=(view has effective visibility <VISIBLE> and view.getGlobalVisibleRect() covers at least <75> percent of the view's area)}' assertion on view (view.getTag() is "screen-home" and view has effective visibility <VISIBLE>)
04-06 11:55:46.943 26660 26660 I ViewInteraction: Checking 'MatchesViewAssertion(Detox){viewMatcher=(view has effective visibility <VISIBLE> and view.getGlobalVisibleRect() covers at least <75> percent of the view's area)}' assertion on view (view.getTag() is "screen-home" and view has effective visibility <VISIBLE>)
04-06 11:55:46.986 26660 26660 I ViewInteraction: Checking 'MatchesViewAssertion(Detox){viewMatcher=(view has effective visibility <VISIBLE> and view.getGlobalVisibleRect() covers at least <75> percent of the view's area)}' assertion on view (view.getTag() is "screen-home" and view has effective visibility <VISIBLE>)
04-06 11:55:47.024 26660 26660 I ViewInteraction: Checking 'MatchesViewAssertion(Detox){viewMatcher=(view has effective visibility <VISIBLE> and view.getGlobalVisibleRect() covers at least <75> percent of the view's area)}' assertion on view (view.getTag() is "screen-home" and view has effective visibility <VISIBLE>)
04-06 11:55:47.063 26660 26660 I ViewInteraction: Checking 'MatchesViewAssertion(Detox){viewMatcher=(view has effective visibility <VISIBLE> and view.getGlobalVisibleRect() covers at least <75> percent of the view's area)}' assertion on view (view.getTag() is "screen-home" and view has effective visibility <VISIBLE>)
04-06 11:55:47.100 26660 26660 I ViewInteraction: Checking 'MatchesViewAssertion(Detox){viewMatcher=(view has effective visibility <VISIBLE> and view.getGlobalVisibleRect() covers at least <75> percent of the view's area)}' assertion on view (view.getTag() is "screen-home" and view has effective visibility <VISIBLE>)
04-06 11:55:47.144 26660 26660 I ViewInteraction: Checking 'MatchesViewAssertion(Detox){viewMatcher=(view has effective visibility <VISIBLE> and view.getGlobalVisibleRect() covers at least <75> percent of the view's area)}' assertion on view (view.getTag() is "screen-home" and view has effective visibility <VISIBLE>)
04-06 11:55:47.192 26660 26660 I ViewInteraction: Checking 'MatchesViewAssertion(Detox){viewMatcher=(view has effective visibility <VISIBLE> and view.getGlobalVisibleRect() covers at least <75> percent of the view's area)}' assertion on view (view.getTag() is "screen-home" and view has effective visibility <VISIBLE>)
04-06 11:55:47.243 26660 26660 I ViewInteraction: Checking 'MatchesViewAssertion(Detox){viewMatcher=(view has effective visibility <VISIBLE> and view.getGlobalVisibleRect() covers at least <75> percent of the view's area)}' assertion on view (view.getTag() is "screen-home" and view has effective visibility <VISIBLE>)
04-06 11:55:47.291 26660 26660 I ViewInteraction: Checking 'MatchesViewAssertion(Detox){viewMatcher=(view has effective visibility <VISIBLE> and view.getGlobalVisibleRect() covers at least <75> percent of the view's area)}' assertion on view (view.getTag() is "screen-home" and view has effective visibility <VISIBLE>)
04-06 11:55:47.339 26660 26660 I ViewInteraction: Checking 'MatchesViewAssertion(Detox){viewMatcher=(view has effective visibility <VISIBLE> and view.getGlobalVisibleRect() covers at least <75> percent of the view's area)}' assertion on view (view.getTag() is "screen-home" and view has effective visibility <VISIBLE>)
04-06 11:55:47.387 26660 26660 I ViewInteraction: Checking 'MatchesViewAssertion(Detox){viewMatcher=(view has effective visibility <VISIBLE> and view.getGlobalVisibleRect() covers at least <75> percent of the view's area)}' assertion on view (view.getTag() is "screen-home" and view has effective visibility <VISIBLE>)
04-06 11:55:47.435 26660 26660 I ViewInteraction: Checking 'MatchesViewAssertion(Detox){viewMatcher=(view has effective visibility <VISIBLE> and view.getGlobalVisibleRect() covers at least <75> percent of the view's area)}' assertion on view (view.getTag() is "screen-home" and view has effective visibility <VISIBLE>)
04-06 11:55:47.482 26660 26660 I ViewInteraction: Checking 'MatchesViewAssertion(Detox){viewMatcher=(view has effective visibility <VISIBLE> and view.getGlobalVisibleRect() covers at least <75> percent of the view's area)}' assertion on view (view.getTag() is "screen-home" and view has effective visibility <VISIBLE>)
04-06 11:55:47.530 26660 26660 I ViewInteraction: Checking 'MatchesViewAssertion(Detox){viewMatcher=(view has effective visibility <VISIBLE> and view.getGlobalVisibleRect() covers at least <75> percent of the view's area)}' assertion on view (view.getTag() is "screen-home" and view has effective visibility <VISIBLE>)
04-06 11:55:47.575 26660 26660 I ViewInteraction: Checking 'MatchesViewAssertion(Detox){viewMatcher=(view has effective visibility <VISIBLE> and view.getGlobalVisibleRect() covers at least <75> percent of the view's area)}' assertion on view (view.getTag() is "screen-home" and view has effective visibility <VISIBLE>)
04-06 11:55:47.626 26660 26660 I ViewInteraction: Checking 'MatchesViewAssertion(Detox){viewMatcher=(view has effective visibility <VISIBLE> and view.getGlobalVisibleRect() covers at least <75> percent of the view's area)}' assertion on view (view.getTag() is "screen-home" and view has effective visibility <VISIBLE>)
04-06 11:55:47.674 26660 26660 I ViewInteraction: Checking 'MatchesViewAssertion(Detox){viewMatcher=(view has effective visibility <VISIBLE> and view.getGlobalVisibleRect() covers at least <75> percent of the view's area)}' assertion on view (view.getTag() is "screen-home" and view has effective visibility <VISIBLE>)
04-06 11:55:47.722 26660 26660 I ViewInteraction: Checking 'MatchesViewAssertion(Detox){viewMatcher=(view has effective visibility <VISIBLE> and view.getGlobalVisibleRect() covers at least <75> percent of the view's area)}' assertion on view (view.getTag() is "screen-home" and view has effective visibility <VISIBLE>)
04-06 11:55:47.769 26660 26660 I ViewInteraction: Checking 'MatchesViewAssertion(Detox){viewMatcher=(view has effective visibility <VISIBLE> and view.getGlobalVisibleRect() covers at least <75> percent of the view's area)}' assertion on view (view.getTag() is "screen-home" and view has effective visibility <VISIBLE>)
04-06 11:55:47.818 26660 26660 I ViewInteraction: Checking 'MatchesViewAssertion(Detox){viewMatcher=(view has effective visibility <VISIBLE> and view.getGlobalVisibleRect() covers at least <75> percent of the view's area)}' assertion on view (view.getTag() is "screen-home" and view has effective visibility <VISIBLE>)
04-06 11:55:47.865 26660 26660 I ViewInteraction: Checking 'MatchesViewAssertion(Detox){viewMatcher=(view has effective visibility <VISIBLE> and view.getGlobalVisibleRect() covers at least <75> percent of the view's area)}' assertion on view (view.getTag() is "screen-home" and view has effective visibility <VISIBLE>)
04-06 11:55:47.913 26660 26660 I ViewInteraction: Checking 'MatchesViewAssertion(Detox){viewMatcher=(view has effective visibility <VISIBLE> and view.getGlobalVisibleRect() covers at least <75> percent of the view's area)}' assertion on view (view.getTag() is "screen-home" and view has effective visibility <VISIBLE>)
04-06 11:55:47.952 26660 26660 I ViewInteraction: Checking 'MatchesViewAssertion(Detox){viewMatcher=(view has effective visibility <VISIBLE> and view.getGlobalVisibleRect() covers at least <75> percent of the view's area)}' assertion on view (view.getTag() is "screen-home" and view has effective visibility <VISIBLE>)
04-06 11:55:47.994 26660 26660 I ViewInteraction: Checking 'MatchesViewAssertion(Detox){viewMatcher=(view has effective visibility <VISIBLE> and view.getGlobalVisibleRect() covers at least <75> percent of the view's area)}' assertion on view (view.getTag() is "screen-home" and view has effective visibility <VISIBLE>)
04-06 11:55:48.041 26660 26660 I ViewInteraction: Checking 'MatchesViewAssertion(Detox){viewMatcher=(view has effective visibility <VISIBLE> and view.getGlobalVisibleRect() covers at least <75> percent of the view's area)}' assertion on view (view.getTag() is "screen-home" and view has effective visibility <VISIBLE>)
04-06 11:55:48.083 26660 26660 I ViewInteraction: Checking 'MatchesViewAssertion(Detox){viewMatcher=(view has effective visibility <VISIBLE> and view.getGlobalVisibleRect() covers at least <75> percent of the view's area)}' assertion on view (view.getTag() is "screen-home" and view has effective visibility <VISIBLE>)
04-06 11:55:48.130 26660 26660 I ViewInteraction: Checking 'MatchesViewAssertion(Detox){viewMatcher=(view has effective visibility <VISIBLE> and view.getGlobalVisibleRect() covers at least <75> percent of the view's area)}' assertion on view (view.getTag() is "screen-home" and view has effective visibility <VISIBLE>)
04-06 11:55:48.177 26660 26660 I ViewInteraction: Checking 'MatchesViewAssertion(Detox){viewMatcher=(view has effective visibility <VISIBLE> and view.getGlobalVisibleRect() covers at least <75> percent of the view's area)}' assertion on view (view.getTag() is "screen-home" and view has effective visibility <VISIBLE>)
04-06 11:55:48.224 26660 26660 I ViewInteraction: Checking 'MatchesViewAssertion(Detox){viewMatcher=(view has effective visibility <VISIBLE> and view.getGlobalVisibleRect() covers at least <75> percent of the view's area)}' assertion on view (view.getTag() is "screen-home" and view has effective visibility <VISIBLE>)
04-06 11:55:48.268 26660 26660 I ViewInteraction: Checking 'MatchesViewAssertion(Detox){viewMatcher=(view has effective visibility <VISIBLE> and view.getGlobalVisibleRect() covers at least <75> percent of the view's area)}' assertion on view (view.getTag() is "screen-home" and view has effective visibility <VISIBLE>)
04-06 11:55:48.316 26660 26660 I ViewInteraction: Checking 'MatchesViewAssertion(Detox){viewMatcher=(view has effective visibility <VISIBLE> and view.getGlobalVisibleRect() covers at least <75> percent of the view's area)}' assertion on view (view.getTag() is "screen-home" and view has effective visibility <VISIBLE>)
04-06 11:55:48.363 26660 26660 I ViewInteraction: Checking 'MatchesViewAssertion(Detox){viewMatcher=(view has effective visibility <VISIBLE> and view.getGlobalVisibleRect() covers at least <75> percent of the view's area)}' assertion on view (view.getTag() is "screen-home" and view has effective visibility <VISIBLE>)
04-06 11:55:48.402 26660 26660 I ViewInteraction: Checking 'MatchesViewAssertion(Detox){viewMatcher=(view has effective visibility <VISIBLE> and view.getGlobalVisibleRect() covers at least <75> percent of the view's area)}' assertion on view (view.getTag() is "screen-home" and view has effective visibility <VISIBLE>)
04-06 11:55:48.450 26660 26660 I ViewInteraction: Checking 'MatchesViewAssertion(Detox){viewMatcher=(view has effective visibility <VISIBLE> and view.getGlobalVisibleRect() covers at least <75> percent of the view's area)}' assertion on view (view.getTag() is "screen-home" and view has effective visibility <VISIBLE>)
04-06 11:55:48.499 26660 26660 I ViewInteraction: Checking 'MatchesViewAssertion(Detox){viewMatcher=(view has effective visibility <VISIBLE> and view.getGlobalVisibleRect() covers at least <75> percent of the view's area)}' assertion on view (view.getTag() is "screen-home" and view has effective visibility <VISIBLE>)
04-06 11:55:48.544 26660 26660 I ViewInteraction: Checking 'MatchesViewAssertion(Detox){viewMatcher=(view has effective visibility <VISIBLE> and view.getGlobalVisibleRect() covers at least <75> percent of the view's area)}' assertion on view (view.getTag() is "screen-home" and view has effective visibility <VISIBLE>)
04-06 11:55:48.588 26660 26660 I ViewInteraction: Checking 'MatchesViewAssertion(Detox){viewMatcher=(view has effective visibility <VISIBLE> and view.getGlobalVisibleRect() covers at least <75> percent of the view's area)}' assertion on view (view.getTag() is "screen-home" and view has effective visibility <VISIBLE>)
04-06 11:55:48.632 26660 26660 I ViewInteraction: Checking 'MatchesViewAssertion(Detox){viewMatcher=(view has effective visibility <VISIBLE> and view.getGlobalVisibleRect() covers at least <75> percent of the view's area)}' assertion on view (view.getTag() is "screen-home" and view has effective visibility <VISIBLE>)
04-06 11:55:48.676 26660 26660 I ViewInteraction: Checking 'MatchesViewAssertion(Detox){viewMatcher=(view has effective visibility <VISIBLE> and view.getGlobalVisibleRect() covers at least <75> percent of the view's area)}' assertion on view (view.getTag() is "screen-home" and view has effective visibility <VISIBLE>)
04-06 11:55:48.722 26660 26660 I ViewInteraction: Checking 'MatchesViewAssertion(Detox){viewMatcher=(view has effective visibility <VISIBLE> and view.getGlobalVisibleRect() covers at least <75> percent of the view's area)}' assertion on view (view.getTag() is "screen-home" and view has effective visibility <VISIBLE>)
04-06 11:55:48.768 26660 26660 I ViewInteraction: Checking 'MatchesViewAssertion(Detox){viewMatcher=(view has effective visibility <VISIBLE> and view.getGlobalVisibleRect() covers at least <75> percent of the view's area)}' assertion on view (view.getTag() is "screen-home" and view has effective visibility <VISIBLE>)
04-06 11:55:48.812 26660 26660 I ViewInteraction: Checking 'MatchesViewAssertion(Detox){viewMatcher=(view has effective visibility <VISIBLE> and view.getGlobalVisibleRect() covers at least <75> percent of the view's area)}' assertion on view (view.getTag() is "screen-home" and view has effective visibility <VISIBLE>)
04-06 11:55:48.854 26660 26660 I ViewInteraction: Checking 'MatchesViewAssertion(Detox){viewMatcher=(view has effective visibility <VISIBLE> and view.getGlobalVisibleRect() covers at least <75> percent of the view's area)}' assertion on view (view.getTag() is "screen-home" and view has effective visibility <VISIBLE>)
04-06 11:55:48.904 26660 26660 I ViewInteraction: Checking 'MatchesViewAssertion(Detox){viewMatcher=(view has effective visibility <VISIBLE> and view.getGlobalVisibleRect() covers at least <75> percent of the view's area)}' assertion on view (view.getTag() is "screen-home" and view has effective visibility <VISIBLE>)
04-06 11:55:48.952 26660 26660 I ViewInteraction: Checking 'MatchesViewAssertion(Detox){viewMatcher=(view has effective visibility <VISIBLE> and view.getGlobalVisibleRect() covers at least <75> percent of the view's area)}' assertion on view (view.getTag() is "screen-home" and view has effective visibility <VISIBLE>)
04-06 11:55:49.000 26660 26660 I ViewInteraction: Checking 'MatchesViewAssertion(Detox){viewMatcher=(view has effective visibility <VISIBLE> and view.getGlobalVisibleRect() covers at least <75> percent of the view's area)}' assertion on view (view.getTag() is "screen-home" and view has effective visibility <VISIBLE>)
04-06 11:55:49.048 26660 26660 I ViewInteraction: Checking 'MatchesViewAssertion(Detox){viewMatcher=(view has effective visibility <VISIBLE> and view.getGlobalVisibleRect() covers at least <75> percent of the view's area)}' assertion on view (view.getTag() is "screen-home" and view has effective visibility <VISIBLE>)
04-06 11:55:49.087 26660 26660 I ViewInteraction: Checking 'MatchesViewAssertion(Detox){viewMatcher=(view has effective visibility <VISIBLE> and view.getGlobalVisibleRect() covers at least <75> percent of the view's area)}' assertion on view (view.getTag() is "screen-home" and view has effective visibility <VISIBLE>)
04-06 11:55:49.131 26660 26660 I ViewInteraction: Checking 'MatchesViewAssertion(Detox){viewMatcher=(view has effective visibility <VISIBLE> and view.getGlobalVisibleRect() covers at least <75> percent of the view's area)}' assertion on view (view.getTag() is "screen-home" and view has effective visibility <VISIBLE>)
04-06 11:55:49.175 26660 26660 I ViewInteraction: Checking 'MatchesViewAssertion(Detox){viewMatcher=(view has effective visibility <VISIBLE> and view.getGlobalVisibleRect() covers at least <75> percent of the view's area)}' assertion on view (view.getTag() is "screen-home" and view has effective visibility <VISIBLE>)
04-06 11:55:49.221 26660 26660 I ViewInteraction: Checking 'MatchesViewAssertion(Detox){viewMatcher=(view has effective visibility <VISIBLE> and view.getGlobalVisibleRect() covers at least <75> percent of the view's area)}' assertion on view (view.getTag() is "screen-home" and view has effective visibility <VISIBLE>)
04-06 11:55:49.257 26660 26660 I ViewInteraction: Checking 'MatchesViewAssertion(Detox){viewMatcher=(view has effective visibility <VISIBLE> and view.getGlobalVisibleRect() covers at least <75> percent of the view's area)}' assertion on view (view.getTag() is "screen-home" and view has effective visibility <VISIBLE>)
04-06 11:55:49.303 26660 26660 I ViewInteraction: Checking 'MatchesViewAssertion(Detox){viewMatcher=(view has effective visibility <VISIBLE> and view.getGlobalVisibleRect() covers at least <75> percent of the view's area)}' assertion on view (view.getTag() is "screen-home" and view has effective visibility <VISIBLE>)
04-06 11:55:49.351 26660 26660 I ViewInteraction: Checking 'MatchesViewAssertion(Detox){viewMatcher=(view has effective visibility <VISIBLE> and view.getGlobalVisibleRect() covers at least <75> percent of the view's area)}' assertion on view (view.getTag() is "screen-home" and view has effective visibility <VISIBLE>)
04-06 11:55:49.399 26660 26660 I ViewInteraction: Checking 'MatchesViewAssertion(Detox){viewMatcher=(view has effective visibility <VISIBLE> and view.getGlobalVisibleRect() covers at least <75> percent of the view's area)}' assertion on view (view.getTag() is "screen-home" and view has effective visibility <VISIBLE>)
04-06 11:55:49.447 26660 26660 I ViewInteraction: Checking 'MatchesViewAssertion(Detox){viewMatcher=(view has effective visibility <VISIBLE> and view.getGlobalVisibleRect() covers at least <75> percent of the view's area)}' assertion on view (view.getTag() is "screen-home" and view has effective visibility <VISIBLE>)
04-06 11:55:49.494 26660 26660 I ViewInteraction: Checking 'MatchesViewAssertion(Detox){viewMatcher=(view has effective visibility <VISIBLE> and view.getGlobalVisibleRect() covers at least <75> percent of the view's area)}' assertion on view (view.getTag() is "screen-home" and view has effective visibility <VISIBLE>)
04-06 11:55:49.545 26660 26660 I ViewInteraction: Checking 'MatchesViewAssertion(Detox){viewMatcher=(view has effective visibility <VISIBLE> and view.getGlobalVisibleRect() covers at least <75> percent of the view's area)}' assertion on view (view.getTag() is "screen-home" and view has effective visibility <VISIBLE>)
04-06 11:55:49.590 26660 26660 I ViewInteraction: Checking 'MatchesViewAssertion(Detox){viewMatcher=(view has effective visibility <VISIBLE> and view.getGlobalVisibleRect() covers at least <75> percent of the view's area)}' assertion on view (view.getTag() is "screen-home" and view has effective visibility <VISIBLE>)
04-06 11:55:49.638 26660 26660 I ViewInteraction: Checking 'MatchesViewAssertion(Detox){viewMatcher=(view has effective visibility <VISIBLE> and view.getGlobalVisibleRect() covers at least <75> percent of the view's area)}' assertion on view (view.getTag() is "screen-home" and view has effective visibility <VISIBLE>)
04-06 11:55:49.675 26660 26660 I ViewInteraction: Checking 'MatchesViewAssertion(Detox){viewMatcher=(view has effective visibility <VISIBLE> and view.getGlobalVisibleRect() covers at least <75> percent of the view's area)}' assertion on view (view.getTag() is "screen-home" and view has effective visibility <VISIBLE>)
04-06 11:55:49.719 26660 26660 I ViewInteraction: Checking 'MatchesViewAssertion(Detox){viewMatcher=(view has effective visibility <VISIBLE> and view.getGlobalVisibleRect() covers at least <75> percent of the view's area)}' assertion on view (view.getTag() is "screen-home" and view has effective visibility <VISIBLE>)
04-06 11:55:49.754 26660 26660 I ViewInteraction: Checking 'MatchesViewAssertion(Detox){viewMatcher=(view has effective visibility <VISIBLE> and view.getGlobalVisibleRect() covers at least <75> percent of the view's area)}' assertion on view (view.getTag() is "screen-home" and view has effective visibility <VISIBLE>)
04-06 11:55:49.798 26660 26660 I ViewInteraction: Checking 'MatchesViewAssertion(Detox){viewMatcher=(view has effective visibility <VISIBLE> and view.getGlobalVisibleRect() covers at least <75> percent of the view's area)}' assertion on view (view.getTag() is "screen-home" and view has effective visibility <VISIBLE>)
04-06 11:55:49.846 26660 26660 I ViewInteraction: Checking 'MatchesViewAssertion(Detox){viewMatcher=(view has effective visibility <VISIBLE> and view.getGlobalVisibleRect() covers at least <75> percent of the view's area)}' assertion on view (view.getTag() is "screen-home" and view has effective visibility <VISIBLE>)
04-06 11:55:49.894 26660 26660 I ViewInteraction: Checking 'MatchesViewAssertion(Detox){viewMatcher=(view has effective visibility <VISIBLE> and view.getGlobalVisibleRect() covers at least <75> percent of the view's area)}' assertion on view (view.getTag() is "screen-home" and view has effective visibility <VISIBLE>)
04-06 11:55:49.942 26660 26660 I ViewInteraction: Checking 'MatchesViewAssertion(Detox){viewMatcher=(view has effective visibility <VISIBLE> and view.getGlobalVisibleRect() covers at least <75> percent of the view's area)}' assertion on view (view.getTag() is "screen-home" and view has effective visibility <VISIBLE>)
04-06 11:55:49.989 26660 26660 I ViewInteraction: Checking 'MatchesViewAssertion(Detox){viewMatcher=(view has effective visibility <VISIBLE> and view.getGlobalVisibleRect() covers at least <75> percent of the view's area)}' assertion on view (view.getTag() is "screen-home" and view has effective visibility <VISIBLE>)
04-06 11:55:50.034 26660 26660 I ViewInteraction: Checking 'MatchesViewAssertion(Detox){viewMatcher=(view has effective visibility <VISIBLE> and view.getGlobalVisibleRect() covers at least <75> percent of the view's area)}' assertion on view (view.getTag() is "screen-home" and view has effective visibility <VISIBLE>)
04-06 11:55:50.079 26660 26660 I ViewInteraction: Checking 'MatchesViewAssertion(Detox){viewMatcher=(view has effective visibility <VISIBLE> and view.getGlobalVisibleRect() covers at least <75> percent of the view's area)}' assertion on view (view.getTag() is "screen-home" and view has effective visibility <VISIBLE>)
04-06 11:55:50.131 26660 26660 I ViewInteraction: Checking 'MatchesViewAssertion(Detox){viewMatcher=(view has effective visibility <VISIBLE> and view.getGlobalVisibleRect() covers at least <75> percent of the view's area)}' assertion on view (view.getTag() is "screen-home" and view has effective visibility <VISIBLE>)
04-06 11:55:50.164 26660 26660 I ViewInteraction: Checking 'MatchesViewAssertion(Detox){viewMatcher=(view has effective visibility <VISIBLE> and view.getGlobalVisibleRect() covers at least <75> percent of the view's area)}' assertion on view (view.getTag() is "screen-home" and view has effective visibility <VISIBLE>)
04-06 11:55:50.205 26660 26660 I ViewInteraction: Checking 'MatchesViewAssertion(Detox){viewMatcher=(view has effective visibility <VISIBLE> and view.getGlobalVisibleRect() covers at least <75> percent of the view's area)}' assertion on view (view.getTag() is "screen-home" and view has effective visibility <VISIBLE>)
04-06 11:55:50.246 26660 26660 I ViewInteraction: Checking 'MatchesViewAssertion(Detox){viewMatcher=(view has effective visibility <VISIBLE> and view.getGlobalVisibleRect() covers at least <75> percent of the view's area)}' assertion on view (view.getTag() is "screen-home" and view has effective visibility <VISIBLE>)
04-06 11:55:50.288 26660 26660 I ViewInteraction: Checking 'MatchesViewAssertion(Detox){viewMatcher=(view has effective visibility <VISIBLE> and view.getGlobalVisibleRect() covers at least <75> percent of the view's area)}' assertion on view (view.getTag() is "screen-home" and view has effective visibility <VISIBLE>)
04-06 11:55:50.331 26660 26660 I ViewInteraction: Checking 'MatchesViewAssertion(Detox){viewMatcher=(view has effective visibility <VISIBLE> and view.getGlobalVisibleRect() covers at least <75> percent of the view's area)}' assertion on view (view.getTag() is "screen-home" and view has effective visibility <VISIBLE>)
04-06 11:55:50.373 26660 26660 I ViewInteraction: Checking 'MatchesViewAssertion(Detox){viewMatcher=(view has effective visibility <VISIBLE> and view.getGlobalVisibleRect() covers at least <75> percent of the view's area)}' assertion on view (view.getTag() is "screen-home" and view has effective visibility <VISIBLE>)
04-06 11:55:50.418 26660 26660 I ViewInteraction: Checking 'MatchesViewAssertion(Detox){viewMatcher=(view has effective visibility <VISIBLE> and view.getGlobalVisibleRect() covers at least <75> percent of the view's area)}' assertion on view (view.getTag() is "screen-home" and view has effective visibility <VISIBLE>)
04-06 11:55:50.463 26660 26660 I ViewInteraction: Checking 'MatchesViewAssertion(Detox){viewMatcher=(view has effective visibility <VISIBLE> and view.getGlobalVisibleRect() covers at least <75> percent of the view's area)}' assertion on view (view.getTag() is "screen-home" and view has effective visibility <VISIBLE>)
04-06 11:55:50.506 26660 26660 I ViewInteraction: Checking 'MatchesViewAssertion(Detox){viewMatcher=(view has effective visibility <VISIBLE> and view.getGlobalVisibleRect() covers at least <75> percent of the view's area)}' assertion on view (view.getTag() is "screen-home" and view has effective visibility <VISIBLE>)
04-06 11:55:50.551 26660 26660 I ViewInteraction: Checking 'MatchesViewAssertion(Detox){viewMatcher=(view has effective visibility <VISIBLE> and view.getGlobalVisibleRect() covers at least <75> percent of the view's area)}' assertion on view (view.getTag() is "screen-home" and view has effective visibility <VISIBLE>)
04-06 11:55:50.596 26660 26660 I ViewInteraction: Checking 'MatchesViewAssertion(Detox){viewMatcher=(view has effective visibility <VISIBLE> and view.getGlobalVisibleRect() covers at least <75> percent of the view's area)}' assertion on view (view.getTag() is "screen-home" and view has effective visibility <VISIBLE>)
04-06 11:55:50.635 26660 26660 I ViewInteraction: Checking 'MatchesViewAssertion(Detox){viewMatcher=(view has effective visibility <VISIBLE> and view.getGlobalVisibleRect() covers at least <75> percent of the view's area)}' assertion on view (view.getTag() is "screen-home" and view has effective visibility <VISIBLE>)
04-06 11:55:50.682 26660 26660 I ViewInteraction: Checking 'MatchesViewAssertion(Detox){viewMatcher=(view has effective visibility <VISIBLE> and view.getGlobalVisibleRect() covers at least <75> percent of the view's area)}' assertion on view (view.getTag() is "screen-home" and view has effective visibility <VISIBLE>)
04-06 11:55:50.721 26660 26660 I ViewInteraction: Checking 'MatchesViewAssertion(Detox){viewMatcher=(view has effective visibility <VISIBLE> and view.getGlobalVisibleRect() covers at least <75> percent of the view's area)}' assertion on view (view.getTag() is "screen-home" and view has effective visibility <VISIBLE>)
04-06 11:55:50.763 26660 26660 I ViewInteraction: Checking 'MatchesViewAssertion(Detox){viewMatcher=(view has effective visibility <VISIBLE> and view.getGlobalVisibleRect() covers at least <75> percent of the view's area)}' assertion on view (view.getTag() is "screen-home" and view has effective visibility <VISIBLE>)
04-06 11:55:50.807 26660 26660 I ViewInteraction: Checking 'MatchesViewAssertion(Detox){viewMatcher=(view has effective visibility <VISIBLE> and view.getGlobalVisibleRect() covers at least <75> percent of the view's area)}' assertion on view (view.getTag() is "screen-home" and view has effective visibility <VISIBLE>)
04-06 11:55:50.855 26660 26660 I ViewInteraction: Checking 'MatchesViewAssertion(Detox){viewMatcher=(view has effective visibility <VISIBLE> and view.getGlobalVisibleRect() covers at least <75> percent of the view's area)}' assertion on view (view.getTag() is "screen-home" and view has effective visibility <VISIBLE>)
04-06 11:55:50.902 26660 26660 I ViewInteraction: Checking 'MatchesViewAssertion(Detox){viewMatcher=(view has effective visibility <VISIBLE> and view.getGlobalVisibleRect() covers at least <75> percent of the view's area)}' assertion on view (view.getTag() is "screen-home" and view has effective visibility <VISIBLE>)
04-06 11:55:50.951 26660 26660 I ViewInteraction: Checking 'MatchesViewAssertion(Detox){viewMatcher=(view has effective visibility <VISIBLE> and view.getGlobalVisibleRect() covers at least <75> percent of the view's area)}' assertion on view (view.getTag() is "screen-home" and view has effective visibility <VISIBLE>)
04-06 11:55:50.999 26660 26660 I ViewInteraction: Checking 'MatchesViewAssertion(Detox){viewMatcher=(view has effective visibility <VISIBLE> and view.getGlobalVisibleRect() covers at least <75> percent of the view's area)}' assertion on view (view.getTag() is "screen-home" and view has effective visibility <VISIBLE>)
04-06 11:55:51.046 26660 26660 I ViewInteraction: Checking 'MatchesViewAssertion(Detox){viewMatcher=(view has effective visibility <VISIBLE> and view.getGlobalVisibleRect() covers at least <75> percent of the view's area)}' assertion on view (view.getTag() is "screen-home" and view has effective visibility <VISIBLE>)
04-06 11:55:51.090 26660 26660 I ViewInteraction: Checking 'MatchesViewAssertion(Detox){viewMatcher=(view has effective visibility <VISIBLE> and view.getGlobalVisibleRect() covers at least <75> percent of the view's area)}' assertion on view (view.getTag() is "screen-home" and view has effective visibility <VISIBLE>)
04-06 11:55:51.127 26660 26660 I ViewInteraction: Checking 'MatchesViewAssertion(Detox){viewMatcher=(view has effective visibility <VISIBLE> and view.getGlobalVisibleRect() covers at least <75> percent of the view's area)}' assertion on view (view.getTag() is "screen-home" and view has effective visibility <VISIBLE>)
04-06 11:55:51.163 26660 26660 I ViewInteraction: Checking 'MatchesViewAssertion(Detox){viewMatcher=(view has effective visibility <VISIBLE> and view.getGlobalVisibleRect() covers at least <75> percent of the view's area)}' assertion on view (view.getTag() is "screen-home" and view has effective visibility <VISIBLE>)
04-06 11:55:51.206 26660 26660 I ViewInteraction: Checking 'MatchesViewAssertion(Detox){viewMatcher=(view has effective visibility <VISIBLE> and view.getGlobalVisibleRect() covers at least <75> percent of the view's area)}' assertion on view (view.getTag() is "screen-home" and view has effective visibility <VISIBLE>)
04-06 11:55:51.251 26660 26660 I ViewInteraction: Checking 'MatchesViewAssertion(Detox){viewMatcher=(view has effective visibility <VISIBLE> and view.getGlobalVisibleRect() covers at least <75> percent of the view's area)}' assertion on view (view.getTag() is "screen-home" and view has effective visibility <VISIBLE>)
04-06 11:55:51.296 26660 26660 I ViewInteraction: Checking 'MatchesViewAssertion(Detox){viewMatcher=(view has effective visibility <VISIBLE> and view.getGlobalVisibleRect() covers at least <75> percent of the view's area)}' assertion on view (view.getTag() is "screen-home" and view has effective visibility <VISIBLE>)
04-06 11:55:51.337 26660 26660 I ViewInteraction: Checking 'MatchesViewAssertion(Detox){viewMatcher=(view has effective visibility <VISIBLE> and view.getGlobalVisibleRect() covers at least <75> percent of the view's area)}' assertion on view (view.getTag() is "screen-home" and view has effective visibility <VISIBLE>)
04-06 11:55:51.376 26660 26660 I ViewInteraction: Checking 'MatchesViewAssertion(Detox){viewMatcher=(view has effective visibility <VISIBLE> and view.getGlobalVisibleRect() covers at least <75> percent of the view's area)}' assertion on view (view.getTag() is "screen-home" and view has effective visibility <VISIBLE>)
04-06 11:55:51.418 26660 26660 I ViewInteraction: Checking 'MatchesViewAssertion(Detox){viewMatcher=(view has effective visibility <VISIBLE> and view.getGlobalVisibleRect() covers at least <75> percent of the view's area)}' assertion on view (view.getTag() is "screen-home" and view has effective visibility <VISIBLE>)
04-06 11:55:51.463 26660 26660 I ViewInteraction: Checking 'MatchesViewAssertion(Detox){viewMatcher=(view has effective visibility <VISIBLE> and view.getGlobalVisibleRect() covers at least <75> percent of the view's area)}' assertion on view (view.getTag() is "screen-home" and view has effective visibility <VISIBLE>)
04-06 11:55:51.509 26660 26660 I ViewInteraction: Checking 'MatchesViewAssertion(Detox){viewMatcher=(view has effective visibility <VISIBLE> and view.getGlobalVisibleRect() covers at least <75> percent of the view's area)}' assertion on view (view.getTag() is "screen-home" and view has effective visibility <VISIBLE>)
04-06 11:55:51.537 26660 26700 I DetoxActionHandlers: Test exception
04-06 11:55:51.537 26660 26700 I DetoxActionHandlers: java.lang.reflect.InvocationTargetException
04-06 11:55:51.537 26660 26700 I DetoxActionHandlers: 	at java.lang.reflect.Method.invoke(Native Method)
04-06 11:55:51.537 26660 26700 I DetoxActionHandlers: 	at org.apache.commons.lang3.reflect.MethodUtils.invokeStaticMethod(MethodUtils.java:443)
