04-06 11:56:10.290 26660 26660 I ViewInteraction: Checking 'MatchesViewAssertion(Detox){viewMatcher=(view has effective visibility <VISIBLE> and view.getGlobalVisibleRect() covers at least <75> percent of the view's area)}' assertion on view (view.getTag() is "screen-treinos" and view has effective visibility <VISIBLE>)
04-06 11:56:10.296 26660 26700 I DetoxWSClient: Sending out action 'invokeResult' (ID #47)
04-06 11:56:10.296 26660 26700 I DetoxDispatcher: Done with action 'invoke'
04-06 11:56:10.301 26660 26704 D DetoxWSClient: Received action 'invoke' (ID #48, params={"target":{"type":"Class","value":"com.wix.detox.espresso.DetoxAssertion"},"method":"waitForAssertMatcher","args":[{"type":"Invocation","value":{"target":{"type":"Class","value":"androidx.test.espresso.Espresso"},"method":"onView","args":[{"type":"Invocation","value":{"target":{"type":"Class","value":"com.wix.detox.espresso.DetoxMatcher"},"method":"matcherForTestId","args":["app-root",{"type":"boolean","value":false}]}}]}},{"type":"Invocation","value":{"target":{"type":"Class","value":"com.wix.detox.espresso.DetoxMatcher"},"method":"matcherForSufficientlyVisible","args":[{"type":"Integer","value":75}]}},{"type":"Double","value":5}]})
04-06 11:56:10.302 26660 26700 I DetoxDispatcher: Handling action 'invoke' (ID #48)...
04-06 11:56:10.303 26660 26700 D Detox   : class com.wix.detox.espresso.DetoxMatcher, matcherForTestId, [app-root, false]
04-06 11:56:10.304 26660 26700 D Detox   : class androidx.test.espresso.Espresso, onView, [(view.getTag() is "app-root" and view has effective visibility <VISIBLE>)]
04-06 11:56:10.305 26660 26700 D Detox   : class com.wix.detox.espresso.DetoxMatcher, matcherForSufficientlyVisible, [75]
04-06 11:56:10.306 26660 26700 D Detox   : class com.wix.detox.espresso.DetoxAssertion, waitForAssertMatcher, [androidx.test.espresso.ViewInteraction@a711ad9, (view has effective visibility <VISIBLE> and view.getGlobalVisibleRect() covers at least <75> percent of the view's area), 5.0]
04-06 11:56:10.312 26660 26660 I ViewInteraction: Checking 'MatchesViewAssertion(Detox){viewMatcher=(view has effective visibility <VISIBLE> and view.getGlobalVisibleRect() covers at least <75> percent of the view's area)}' assertion on view (view.getTag() is "app-root" and view has effective visibility <VISIBLE>)
04-06 11:56:10.321 26660 26700 I DetoxWSClient: Sending out action 'invokeResult' (ID #48)
04-06 11:56:10.322 26660 26700 I DetoxDispatcher: Done with action 'invoke'
04-06 11:56:10.327 26660 26704 D DetoxWSClient: Received action 'invoke' (ID #49, params={"target":{"type":"Class","value":"com.wix.detox.espresso.DetoxAssertion"},"method":"assertMatcher","args":[{"type":"Invocation","value":{"target":{"type":"Class","value":"androidx.test.espresso.Espresso"},"method":"onView","args":[{"type":"Invocation","value":{"target":{"type":"Class","value":"com.wix.detox.espresso.DetoxMatcher"},"method":"matcherForTestId","args":["app-root",{"type":"boolean","value":false}]}}]}},{"type":"Invocation","value":{"target":{"type":"Class","value":"com.wix.detox.espresso.DetoxMatcher"},"method":"matcherForSufficientlyVisible","args":[{"type":"Integer","value":75}]}}]})
04-06 11:56:10.328 26660 26700 I DetoxDispatcher: Handling action 'invoke' (ID #49)...
04-06 11:56:10.329 26660 26700 D Detox   : class com.wix.detox.espresso.DetoxMatcher, matcherForTestId, [app-root, false]
04-06 11:56:10.330 26660 26700 D Detox   : class androidx.test.espresso.Espresso, onView, [(view.getTag() is "app-root" and view has effective visibility <VISIBLE>)]
04-06 11:56:10.331 26660 26700 D Detox   : class com.wix.detox.espresso.DetoxMatcher, matcherForSufficientlyVisible, [75]
04-06 11:56:10.332 26660 26700 D Detox   : class com.wix.detox.espresso.DetoxAssertion, assertMatcher, [androidx.test.espresso.ViewInteraction@52cbc9e, (view has effective visibility <VISIBLE> and view.getGlobalVisibleRect() covers at least <75> percent of the view's area)]
04-06 11:56:10.339 26660 26660 I ViewInteraction: Checking 'MatchesViewAssertion(Detox){viewMatcher=(view has effective visibility <VISIBLE> and view.getGlobalVisibleRect() covers at least <75> percent of the view's area)}' assertion on view (view.getTag() is "app-root" and view has effective visibility <VISIBLE>)
04-06 11:56:10.343 26660 26700 I DetoxWSClient: Sending out action 'invokeResult' (ID #49)
04-06 11:56:10.344 26660 26700 I DetoxDispatcher: Done with action 'invoke'
04-06 11:56:10.349 26660 26704 D DetoxWSClient: Received action 'invoke' (ID #50, params={"target":{"type":"Class","value":"com.wix.detox.espresso.DetoxAssertion"},"method":"waitForAssertMatcher","args":[{"type":"Invocation","value":{"target":{"type":"Class","value":"androidx.test.espresso.Espresso"},"method":"onView","args":[{"type":"Invocation","value":{"target":{"type":"Class","value":"com.wix.detox.espresso.DetoxMatcher"},"method":"matcherForTestId","args":["btn-iniciar-treino",{"type":"boolean","value":false}]}}]}},{"type":"Invocation","value":{"target":{"type":"Class","value":"com.wix.detox.espresso.DetoxMatcher"},"method":"matcherForSufficientlyVisible","args":[{"type":"Integer","value":75}]}},{"type":"Double","value":5}]})
04-06 11:56:10.350 26660 26700 I DetoxDispatcher: Handling action 'invoke' (ID #50)...
04-06 11:56:10.350 26660 26700 D Detox   : class com.wix.detox.espresso.DetoxMatcher, matcherForTestId, [btn-iniciar-treino, false]
04-06 11:56:10.351 26660 26700 D Detox   : class androidx.test.espresso.Espresso, onView, [(view.getTag() is "btn-iniciar-treino" and view has effective visibility <VISIBLE>)]
04-06 11:56:10.352 26660 26700 D Detox   : class com.wix.detox.espresso.DetoxMatcher, matcherForSufficientlyVisible, [75]
04-06 11:56:10.353 26660 26700 D Detox   : class com.wix.detox.espresso.DetoxAssertion, waitForAssertMatcher, [androidx.test.espresso.ViewInteraction@5b8a37f, (view has effective visibility <VISIBLE> and view.getGlobalVisibleRect() covers at least <75> percent of the view's area), 5.0]
04-06 11:56:10.356 26660 26660 I ViewInteraction: Checking 'MatchesViewAssertion(Detox){viewMatcher=(view has effective visibility <VISIBLE> and view.getGlobalVisibleRect() covers at least <75> percent of the view's area)}' assertion on view (view.getTag() is "btn-iniciar-treino" and view has effective visibility <VISIBLE>)
04-06 11:56:10.360 26660 26700 I DetoxWSClient: Sending out action 'invokeResult' (ID #50)
04-06 11:56:10.360 26660 26700 I DetoxDispatcher: Done with action 'invoke'
04-06 11:56:10.365 26660 26704 D DetoxWSClient: Received action 'invoke' (ID #51, params={"target":{"type":"Class","value":"com.wix.detox.espresso.EspressoDetox"},"method":"perform","args":[{"type":"Invocation","value":{"target":{"type":"Class","value":"com.wix.detox.espresso.DetoxMatcher"},"method":"matcherForTestId","args":["btn-iniciar-treino",{"type":"boolean","value":false}]}},{"type":"Invocation","value":{"target":{"type":"Class","value":"com.wix.detox.espresso.DetoxViewActions"},"method":"click","args":[]}}]})
04-06 11:56:10.365 26660 26700 I DetoxDispatcher: Handling action 'invoke' (ID #51)...
04-06 11:56:10.365 26660 26700 D Detox   : class com.wix.detox.espresso.DetoxMatcher, matcherForTestId, [btn-iniciar-treino, false]
04-06 11:56:10.366 26660 26700 D Detox   : class com.wix.detox.espresso.DetoxViewActions, click, []
04-06 11:56:10.366 26660 26700 D Detox   : class com.wix.detox.espresso.EspressoDetox, perform, [(view.getTag() is "btn-iniciar-treino" and view has effective visibility <VISIBLE>), com.wix.detox.espresso.action.RNClickAction@34f8b95]
04-06 11:56:10.371 26660 26660 I ViewInteraction: Performing 'com.wix.detox.espresso.action.detoxsingletap@fa404aa click' action on view (view.getTag() is "btn-iniciar-treino" and view has effective visibility <VISIBLE>)
04-06 11:56:10.378 26660 26660 I ViewRootImpl@7efc384[MainActivity]: ViewPostIme pointer 0
04-06 11:56:10.408 26660 26660 I ViewRootImpl@7efc384[MainActivity]: ViewPostIme pointer 1
04-06 11:56:10.535 26660 26660 W [RNScreens]: backTitleFontFamily prop is not available on Android
04-06 11:56:10.535 26660 26660 W [RNScreens]: disableBackButtonMenu prop is not available on Android
04-06 11:56:10.535 26660 26660 W [RNScreens]: backTitleVisible prop is not available on Android
04-06 11:56:10.535 26660 26660 W [RNScreens]: topInsetEnabled prop is not available on Android
04-06 11:56:10.535 26660 26660 W [RNScreens]: largeTitleHideShadow prop is not available on Android
04-06 11:56:10.535 26660 26660 W [RNScreens]: largeTitleFontWeight prop is not available on Android
04-06 11:56:10.535 26660 26660 W [RNScreens]: userInterfaceStyle prop is not available on Android
04-06 11:56:10.536 26660 26660 W [RNScreens]: largeTitleFontFamily prop is not available on Android
04-06 11:56:10.546 26660 26753 I ReactNativeJS: 'match:', 'local-cache'
04-06 11:56:10.547 26660 26753 I ReactNativeJS: 'recommendation:', 'push', '| confidence:', 'alta'
04-06 11:56:10.589 26660 26753 I ReactNativeJS: 'match:', 'local-cache'
04-06 11:56:10.590 26660 26753 I ReactNativeJS: 'recommendation:', 'push', '| confidence:', 'alta'
04-06 11:56:10.709 26660 26672 W om.evolucao.app: Cleared Reference was only reachable from finalizer (only reported once)
04-06 11:56:10.714 26660 26672 I om.evolucao.app: Background concurrent copying GC freed 258388(10MB) AllocSpace objects, 8(612KB) LOS objects, 49% free, 14MB/29MB, paused 77us,33us total 103.652ms
04-06 11:56:10.784 26660 26660 W UiControllerImpl: Waiting for: DYNAMIC_TASKS_HAVE_IDLED for 100 iterations.
04-06 11:56:11.199 26660 26660 W UiControllerImpl: Waiting for: DYNAMIC_TASKS_HAVE_IDLED for 200 iterations.
04-06 11:56:11.770 26660 26660 W om.evolucao.app: Accessing hidden field Landroid/widget/HorizontalScrollView;->mScroller:Landroid/widget/OverScroller; (unsupported, reflection, allowed)
04-06 11:56:11.790 26660 26660 D ScrollView: initGoToTop
04-06 11:56:12.954 26660 26700 I DetoxWSClient: Sending out action 'invokeResult' (ID #51)
04-06 11:56:12.954 26660 26700 I DetoxDispatcher: Done with action 'invoke'
04-06 11:56:13.267 26660 26704 D DetoxWSClient: Received action 'invoke' (ID #52, params={"target":{"type":"Class","value":"com.wix.detox.espresso.DetoxAssertion"},"method":"waitForAssertMatcher","args":[{"type":"Invocation","value":{"target":{"type":"Class","value":"androidx.test.espresso.Espresso"},"method":"onView","args":[{"type":"Invocation","value":{"target":{"type":"Class","value":"com.wix.detox.espresso.DetoxMatcher"},"method":"matcherForTestId","args":["screen-workout",{"type":"boolean","value":false}]}}]}},{"type":"Invocation","value":{"target":{"type":"Class","value":"com.wix.detox.espresso.DetoxMatcher"},"method":"matcherForSufficientlyVisible","args":[{"type":"Integer","value":75}]}},{"type":"Double","value":5}]})
04-06 11:56:13.269 26660 26700 I DetoxDispatcher: Handling action 'invoke' (ID #52)...
04-06 11:56:13.270 26660 26700 D Detox   : class com.wix.detox.espresso.DetoxMatcher, matcherForTestId, [screen-workout, false]
04-06 11:56:13.272 26660 26700 D Detox   : class androidx.test.espresso.Espresso, onView, [(view.getTag() is "screen-workout" and view has effective visibility <VISIBLE>)]
04-06 11:56:13.276 26660 26700 D Detox   : class com.wix.detox.espresso.DetoxMatcher, matcherForSufficientlyVisible, [75]
04-06 11:56:13.277 26660 26700 D Detox   : class com.wix.detox.espresso.DetoxAssertion, waitForAssertMatcher, [androidx.test.espresso.ViewInteraction@fa7755, (view has effective visibility <VISIBLE> and view.getGlobalVisibleRect() covers at least <75> percent of the view's area), 5.0]
04-06 11:56:13.290 26660 26660 I ViewInteraction: Checking 'MatchesViewAssertion(Detox){viewMatcher=(view has effective visibility <VISIBLE> and view.getGlobalVisibleRect() covers at least <75> percent of the view's area)}' assertion on view (view.getTag() is "screen-workout" and view has effective visibility <VISIBLE>)
04-06 11:56:13.296 26660 26700 I DetoxWSClient: Sending out action 'invokeResult' (ID #52)
04-06 11:56:13.297 26660 26700 I DetoxDispatcher: Done with action 'invoke'
04-06 11:56:14.038 26660 26704 D DetoxWSClient: Received action 'invoke' (ID #53, params={"target":{"type":"Class","value":"com.wix.detox.espresso.DetoxAssertion"},"method":"waitForAssertMatcher","args":[{"type":"Invocation","value":{"target":{"type":"Class","value":"androidx.test.espresso.Espresso"},"method":"onView","args":[{"type":"Invocation","value":{"target":{"type":"Class","value":"com.wix.detox.espresso.DetoxMatcher"},"method":"matcherForTestId","args":["app-root",{"type":"boolean","value":false}]}}]}},{"type":"Invocation","value":{"target":{"type":"Class","value":"com.wix.detox.espresso.DetoxMatcher"},"method":"matcherForSufficientlyVisible","args":[{"type":"Integer","value":75}]}},{"type":"Double","value":5}]})
04-06 11:56:14.039 26660 26700 I DetoxDispatcher: Handling action 'invoke' (ID #53)...
04-06 11:56:14.040 26660 26700 D Detox   : class com.wix.detox.espresso.DetoxMatcher, matcherForTestId, [app-root, false]
04-06 11:56:14.041 26660 26700 D Detox   : class androidx.test.espresso.Espresso, onView, [(view.getTag() is "app-root" and view has effective visibility <VISIBLE>)]
04-06 11:56:14.042 26660 26700 D Detox   : class com.wix.detox.espresso.DetoxMatcher, matcherForSufficientlyVisible, [75]
04-06 11:56:14.042 26660 26700 D Detox   : class com.wix.detox.espresso.DetoxAssertion, waitForAssertMatcher, [androidx.test.espresso.ViewInteraction@42a2a5b, (view has effective visibility <VISIBLE> and view.getGlobalVisibleRect() covers at least <75> percent of the view's area), 5.0]
04-06 11:56:14.049 26660 26660 I ViewInteraction: Checking 'MatchesViewAssertion(Detox){viewMatcher=(view has effective visibility <VISIBLE> and view.getGlobalVisibleRect() covers at least <75> percent of the view's area)}' assertion on view (view.getTag() is "app-root" and view has effective visibility <VISIBLE>)
04-06 11:56:14.053 26660 26700 I DetoxWSClient: Sending out action 'invokeResult' (ID #53)
04-06 11:56:14.053 26660 26700 I DetoxDispatcher: Done with action 'invoke'
04-06 11:56:14.057 26660 26704 D DetoxWSClient: Received action 'invoke' (ID #54, params={"target":{"type":"Class","value":"com.wix.detox.espresso.DetoxAssertion"},"method":"assertMatcher","args":[{"type":"Invocation","value":{"target":{"type":"Class","value":"androidx.test.espresso.Espresso"},"method":"onView","args":[{"type":"Invocation","value":{"target":{"type":"Class","value":"com.wix.detox.espresso.DetoxMatcher"},"method":"matcherForTestId","args":["app-root",{"type":"boolean","value":false}]}}]}},{"type":"Invocation","value":{"target":{"type":"Class","value":"com.wix.detox.espresso.DetoxMatcher"},"method":"matcherForSufficientlyVisible","args":[{"type":"Integer","value":75}]}}]})
04-06 11:56:14.057 26660 26700 I DetoxDispatcher: Handling action 'invoke' (ID #54)...
04-06 11:56:14.058 26660 26700 D Detox   : class com.wix.detox.espresso.DetoxMatcher, matcherForTestId, [app-root, false]
04-06 11:56:14.059 26660 26700 D Detox   : class androidx.test.espresso.Espresso, onView, [(view.getTag() is "app-root" and view has effective visibility <VISIBLE>)]
04-06 11:56:14.060 26660 26700 D Detox   : class com.wix.detox.espresso.DetoxMatcher, matcherForSufficientlyVisible, [75]
04-06 11:56:14.060 26660 26700 D Detox   : class com.wix.detox.espresso.DetoxAssertion, assertMatcher, [androidx.test.espresso.ViewInteraction@c3df2f8, (view has effective visibility <VISIBLE> and view.getGlobalVisibleRect() covers at least <75> percent of the view's area)]
04-06 11:56:14.066 26660 26660 I ViewInteraction: Checking 'MatchesViewAssertion(Detox){viewMatcher=(view has effective visibility <VISIBLE> and view.getGlobalVisibleRect() covers at least <75> percent of the view's area)}' assertion on view (view.getTag() is "app-root" and view has effective visibility <VISIBLE>)
04-06 11:56:14.070 26660 26700 I DetoxWSClient: Sending out action 'invokeResult' (ID #54)
04-06 11:56:14.070 26660 26700 I DetoxDispatcher: Done with action 'invoke'
04-06 11:56:14.074 26660 26704 D DetoxWSClient: Received action 'invoke' (ID #55, params={"target":{"type":"Class","value":"com.wix.detox.espresso.DetoxAssertion"},"method":"waitForAssertMatcher","args":[{"type":"Invocation","value":{"target":{"type":"Class","value":"androidx.test.espresso.Espresso"},"method":"onView","args":[{"type":"Invocation","value":{"target":{"type":"Class","value":"com.wix.detox.espresso.DetoxMatcher"},"method":"matcherForTestId","args":["input-peso",{"type":"boolean","value":false}]}}]}},{"type":"Invocation","value":{"target":{"type":"Class","value":"com.wix.detox.espresso.DetoxMatcher"},"method":"matcherForSufficientlyVisible","args":[{"type":"Integer","value":75}]}},{"type":"Double","value":5}]})
04-06 11:56:14.075 26660 26700 I DetoxDispatcher: Handling action 'invoke' (ID #55)...
04-06 11:56:14.075 26660 26700 D Detox   : class com.wix.detox.espresso.DetoxMatcher, matcherForTestId, [input-peso, false]
04-06 11:56:14.076 26660 26700 D Detox   : class androidx.test.espresso.Espresso, onView, [(view.getTag() is "input-peso" and view has effective visibility <VISIBLE>)]
04-06 11:56:14.077 26660 26700 D Detox   : class com.wix.detox.espresso.DetoxMatcher, matcherForSufficientlyVisible, [75]
04-06 11:56:14.077 26660 26700 D Detox   : class com.wix.detox.espresso.DetoxAssertion, waitForAssertMatcher, [androidx.test.espresso.ViewInteraction@a3833d1, (view has effective visibility <VISIBLE> and view.getGlobalVisibleRect() covers at least <75> percent of the view's area), 5.0]
04-06 11:56:14.083 26660 26660 I ViewInteraction: Checking 'MatchesViewAssertion(Detox){viewMatcher=(view has effective visibility <VISIBLE> and view.getGlobalVisibleRect() covers at least <75> percent of the view's area)}' assertion on view (view.getTag() is "input-peso" and view has effective visibility <VISIBLE>)
04-06 11:56:14.108 26660 26700 I DetoxWSClient: Sending out action 'invokeResult' (ID #55)
04-06 11:56:14.109 26660 26700 I DetoxDispatcher: Done with action 'invoke'
04-06 11:56:14.114 26660 26704 D DetoxWSClient: Received action 'invoke' (ID #56, params={"target":{"type":"Class","value":"com.wix.detox.espresso.DetoxAssertion"},"method":"waitForAssertMatcher","args":[{"type":"Invocation","value":{"target":{"type":"Class","value":"androidx.test.espresso.Espresso"},"method":"onView","args":[{"type":"Invocation","value":{"target":{"type":"Class","value":"com.wix.detox.espresso.DetoxMatcher"},"method":"matcherForTestId","args":["input-reps",{"type":"boolean","value":false}]}}]}},{"type":"Invocation","value":{"target":{"type":"Class","value":"com.wix.detox.espresso.DetoxMatcher"},"method":"matcherForSufficientlyVisible","args":[{"type":"Integer","value":75}]}},{"type":"Double","value":5}]})
04-06 11:56:14.114 26660 26700 I DetoxDispatcher: Handling action 'invoke' (ID #56)...
04-06 11:56:14.114 26660 26700 D Detox   : class com.wix.detox.espresso.DetoxMatcher, matcherForTestId, [input-reps, false]
04-06 11:56:14.115 26660 26700 D Detox   : class androidx.test.espresso.Espresso, onView, [(view.getTag() is "input-reps" and view has effective visibility <VISIBLE>)]
04-06 11:56:14.115 26660 26700 D Detox   : class com.wix.detox.espresso.DetoxMatcher, matcherForSufficientlyVisible, [75]
04-06 11:56:14.116 26660 26700 D Detox   : class com.wix.detox.espresso.DetoxAssertion, waitForAssertMatcher, [androidx.test.espresso.ViewInteraction@4d032c2, (view has effective visibility <VISIBLE> and view.getGlobalVisibleRect() covers at least <75> percent of the view's area), 5.0]
04-06 11:56:14.118 26660 26660 I ViewInteraction: Checking 'MatchesViewAssertion(Detox){viewMatcher=(view has effective visibility <VISIBLE> and view.getGlobalVisibleRect() covers at least <75> percent of the view's area)}' assertion on view (view.getTag() is "input-reps" and view has effective visibility <VISIBLE>)
04-06 11:56:14.131 26660 26700 I DetoxWSClient: Sending out action 'invokeResult' (ID #56)
04-06 11:56:14.132 26660 26700 I DetoxDispatcher: Done with action 'invoke'
04-06 11:56:14.136 26660 26704 D DetoxWSClient: Received action 'invoke' (ID #57, params={"target":{"type":"Class","value":"com.wix.detox.espresso.DetoxAssertion"},"method":"waitForAssertMatcher","args":[{"type":"Invocation","value":{"target":{"type":"Class","value":"androidx.test.espresso.Espresso"},"method":"onView","args":[{"type":"Invocation","value":{"target":{"type":"Class","value":"com.wix.detox.espresso.DetoxMatcher"},"method":"matcherForTestId","args":["input-peso",{"type":"boolean","value":false}]}}]}},{"type":"Invocation","value":{"target":{"type":"Class","value":"com.wix.detox.espresso.DetoxMatcher"},"method":"matcherForSufficientlyVisible","args":[{"type":"Integer","value":75}]}},{"type":"Double","value":5}]})
04-06 11:56:14.136 26660 26700 I DetoxDispatcher: Handling action 'invoke' (ID #57)...
04-06 11:56:14.136 26660 26700 D Detox   : class com.wix.detox.espresso.DetoxMatcher, matcherForTestId, [input-peso, false]
04-06 11:56:14.136 26660 26700 D Detox   : class androidx.test.espresso.Espresso, onView, [(view.getTag() is "input-peso" and view has effective visibility <VISIBLE>)]
04-06 11:56:14.137 26660 26700 D Detox   : class com.wix.detox.espresso.DetoxMatcher, matcherForSufficientlyVisible, [75]
04-06 11:56:14.137 26660 26700 D Detox   : class com.wix.detox.espresso.DetoxAssertion, waitForAssertMatcher, [androidx.test.espresso.ViewInteraction@e8d9c10, (view has effective visibility <VISIBLE> and view.getGlobalVisibleRect() covers at least <75> percent of the view's area), 5.0]
04-06 11:56:14.140 26660 26660 I ViewInteraction: Checking 'MatchesViewAssertion(Detox){viewMatcher=(view has effective visibility <VISIBLE> and view.getGlobalVisibleRect() covers at least <75> percent of the view's area)}' assertion on view (view.getTag() is "input-peso" and view has effective visibility <VISIBLE>)
04-06 11:56:14.151 26660 26700 I DetoxWSClient: Sending out action 'invokeResult' (ID #57)
04-06 11:56:14.151 26660 26700 I DetoxDispatcher: Done with action 'invoke'
04-06 11:56:14.154 26660 26704 D DetoxWSClient: Received action 'invoke' (ID #58, params={"target":{"type":"Class","value":"com.wix.detox.espresso.EspressoDetox"},"method":"perform","args":[{"type":"Invocation","value":{"target":{"type":"Class","value":"com.wix.detox.espresso.DetoxMatcher"},"method":"matcherForTestId","args":["input-peso",{"type":"boolean","value":false}]}},{"type":"Invocation","value":{"target":{"type":"Class","value":"com.wix.detox.espresso.DetoxViewActions"},"method":"click","args":[]}}]})
04-06 11:56:14.155 26660 26700 I DetoxDispatcher: Handling action 'invoke' (ID #58)...
04-06 11:56:14.155 26660 26700 D Detox   : class com.wix.detox.espresso.DetoxMatcher, matcherForTestId, [input-peso, false]
04-06 11:56:14.155 26660 26700 D Detox   : class com.wix.detox.espresso.DetoxViewActions, click, []
04-06 11:56:14.155 26660 26700 D Detox   : class com.wix.detox.espresso.EspressoDetox, perform, [(view.getTag() is "input-peso" and view has effective visibility <VISIBLE>), com.wix.detox.espresso.action.RNClickAction@c388309]
04-06 11:56:14.158 26660 26660 I ViewInteraction: Performing 'com.wix.detox.espresso.action.detoxsingletap@df2b90e click' action on view (view.getTag() is "input-peso" and view has effective visibility <VISIBLE>)
04-06 11:56:14.170 26660 26660 I ViewRootImpl@7efc384[MainActivity]: ViewPostIme pointer 0
04-06 11:56:14.202 26660 26660 I ViewRootImpl@7efc384[MainActivity]: ViewPostIme pointer 1
04-06 11:56:14.226 26660 26660 D InputMethodManager: startInputInner - Id : 0
04-06 11:56:14.227 26660 26660 I InputMethodManager: startInputInner - mService.startInputOrWindowGainedFocus
04-06 11:56:14.231 26660 26660 I IMM_LC  : showSoftInput(View,I)
04-06 11:56:14.231 26660 26660 I IMM_LC  : ssi() - flag : 0 view : com.evolucao.app reason = SHOW_SOFT_INPUT
04-06 11:56:14.258 26660 26717 D NativeCustomFrequencyManager: [NativeCFMS] BpCustomFrequencyManager::BpCustomFrequencyManager()
04-06 11:56:14.264 26660 26660 D InsetsController: onStateChanged: InsetsState: {mDisplayFrame=Rect(0, 0 - 1080, 2400), mDisplayCutout=DisplayCutout{insets=Rect(0, 88 - 0, 0) waterfall=Insets{left=0, top=0, right=0, bottom=0} boundingRect={Bounds=[Rect(0, 0 - 0, 0), Rect(512, 0 - 568, 88), Rect(0, 0 - 0, 0), Rect(0, 0 - 0, 0)]} cutoutPathParserInfo={CutoutPathParserInfo{displayWidth=1080 displayHeight=2400 physicalDisplayWidth=1080 physicalDisplayHeight=2400 density={3.0} cutoutSpec={M 0,0 M 0,10.71963616907435 a 9.280363830925644,9.280363830925644 0 1,0 0,18.56072766185129 a 9.280363830925644,9.280363830925644 0 1,0 0,-18.56072766185129 Z @dp} rotation={0} scale={1.0} physicalPixelDisplaySizeRatio={1.0}}}}, mRoundedCorners=RoundedCorners{[RoundedCorner{position=TopLeft, radius=96, center=Point(96, 96)}, RoundedCorner{position=TopRight, radius=96, center=Point(984, 96)}, RoundedCorner{position=BottomRight, radius=96, center=Point(984, 2304)}, RoundedCorner{position=BottomLeft, radius=96, center=Point(96, 2304)}]}  mRoundedCornerFrame=Rect(0, 0 - 1080, 2400), mPrivacyIndicatorBounds=PrivacyIndicatorBounds {static bounds=Rect(948, 0 - 1080, 88) rotation=0}, mSources= { InsetsSource: {mType=ITYPE_STATUS_BAR, mFrame=[0,0][1080,88], mVisible=true, mInsetsRoundedCornerFrame=false}, InsetsSource: {mType=ITYPE_NAVIGATION_BAR, mFrame=[0,2256][1080,2400], mVisible=true, mInsetsRoundedCornerFrame=false}, InsetsSource: {mType=ITYPE_LEFT_GESTURES, mFrame=[0,0][0,2400], mVisible=true, mInsetsRoundedCornerFrame=false}, InsetsSource: {mType=ITYPE_RIGHT_GESTURES, mFrame=[1080,0][1080,2400], mVisible=true, mInsetsRoundedCornerFrame=false}, InsetsSource: {mType=ITYPE_TOP_MANDATORY_GESTURES, mFrame=[0,0][1080,124], mVisible=true, mInsetsRoundedCornerFrame=false}, InsetsSource: {mType=ITYPE_BOTTOM_MANDATORY_GESTURES, mFrame=[0,2256][1080,2400], mVisible=true, mInsetsRoundedCornerFrame=false}, InsetsSource: {mType=ITYPE_LEFT_DISPLAY_CUTOUT, mFrame=[0,0][-100000,2400], mVisible=true, mInsetsRoundedCornerFrame=false}, InsetsSource: {mType=ITYPE_TOP_DISPLAY_CUTOUT, mFrame=[0,0][1080,88], mVisible=true, mInsetsRoundedCornerFrame=false}, InsetsSource: {mType=ITYPE_RIGHT_DISPLAY_CUTOUT, mFrame=[100000,0][1080,2400], mVisible=true, mInsetsRoundedCornerFrame=false}, InsetsSource: {mType=ITYPE_BOTTOM_DISPLAY_CUTOUT, mFrame=[0,100000][1080,2400], mVisible=true, mInsetsRoundedCornerFrame=false}, InsetsSource: {mType=ITYPE_TOP_TAPPABLE_ELEMENT, mFrame=[0,0][1080,88], mVisible=true, mInsetsRoundedCornerFrame=false}, InsetsSource: {mType=ITYPE_BOTTOM_TAPPABLE_ELEMENT, mFrame=[0,2256][1080,2400], mVisible=true, mInsetsRoundedCornerFrame=false} } host=PopupWindow:bda897d from=android.view.ViewRootImpl.setView:1732
04-06 11:56:14.267 26660 26660 I ViewRootImpl@59ed072[PopupWindow:bda897d]: setView = android.widget.PopupWindow$PopupDecorView@e0581be TM=false
04-06 11:56:14.269 26660 26717 D NativeCustomFrequencyManager: [NativeCFMS] BpCustomFrequencyManager::BpCustomFrequencyManager()
04-06 11:56:14.273 26660 26660 D InsetsController: onStateChanged: InsetsState: {mDisplayFrame=Rect(0, 0 - 1080, 2400), mDisplayCutout=DisplayCutout{insets=Rect(0, 88 - 0, 0) waterfall=Insets{left=0, top=0, right=0, bottom=0} boundingRect={Bounds=[Rect(0, 0 - 0, 0), Rect(512, 0 - 568, 88), Rect(0, 0 - 0, 0), Rect(0, 0 - 0, 0)]} cutoutPathParserInfo={CutoutPathParserInfo{displayWidth=1080 displayHeight=2400 physicalDisplayWidth=1080 physicalDisplayHeight=2400 density={3.0} cutoutSpec={M 0,0 M 0,10.71963616907435 a 9.280363830925644,9.280363830925644 0 1,0 0,18.56072766185129 a 9.280363830925644,9.280363830925644 0 1,0 0,-18.56072766185129 Z @dp} rotation={0} scale={1.0} physicalPixelDisplaySizeRatio={1.0}}}}, mRoundedCorners=RoundedCorners{[RoundedCorner{position=TopLeft, radius=96, center=Point(96, 96)}, RoundedCorner{position=TopRight, radius=96, center=Point(984, 96)}, RoundedCorner{position=BottomRight, radius=96, center=Point(984, 2304)}, RoundedCorner{position=BottomLeft, radius=96, center=Point(96, 2304)}]}  mRoundedCornerFrame=Rect(0, 0 - 1080, 2400), mPrivacyIndicatorBounds=PrivacyIndicatorBounds {static bounds=Rect(948, 0 - 1080, 88) rotation=0}, mSources= { InsetsSource: {mType=ITYPE_STATUS_BAR, mFrame=[0,0][1080,88], mVisible=true, mInsetsRoundedCornerFrame=false}, InsetsSource: {mType=ITYPE_NAVIGATION_BAR, mFrame=[0,2256][1080,2400], mVisible=true, mInsetsRoundedCornerFrame=false}, InsetsSource: {mType=ITYPE_LEFT_GESTURES, mFrame=[0,0][0,2400], mVisible=true, mInsetsRoundedCornerFrame=false}, InsetsSource: {mType=ITYPE_RIGHT_GESTURES, mFrame=[1080,0][1080,2400], mVisible=true, mInsetsRoundedCornerFrame=false}, InsetsSource: {mType=ITYPE_TOP_MANDATORY_GESTURES, mFrame=[0,0][1080,124], mVisible=true, mInsetsRoundedCornerFrame=false}, InsetsSource: {mType=ITYPE_BOTTOM_MANDATORY_GESTURES, mFrame=[0,2256][1080,2400], mVisible=true, mInsetsRoundedCornerFrame=false}, InsetsSource: {mType=ITYPE_LEFT_DISPLAY_CUTOUT, mFrame=[0,0][-100000,2400], mVisible=true, mInsetsRoundedCornerFrame=false}, InsetsSource: {mType=ITYPE_TOP_DISPLAY_CUTOUT, mFrame=[0,0][1080,88], mVisible=true, mInsetsRoundedCornerFrame=false}, InsetsSource: {mType=ITYPE_RIGHT_DISPLAY_CUTOUT, mFrame=[100000,0][1080,2400], mVisible=true, mInsetsRoundedCornerFrame=false}, InsetsSource: {mType=ITYPE_BOTTOM_DISPLAY_CUTOUT, mFrame=[0,100000][1080,2400], mVisible=true, mInsetsRoundedCornerFrame=false}, InsetsSource: {mType=ITYPE_TOP_TAPPABLE_ELEMENT, mFrame=[0,0][1080,88], mVisible=true, mInsetsRoundedCornerFrame=false}, InsetsSource: {mType=ITYPE_BOTTOM_TAPPABLE_ELEMENT, mFrame=[0,2256][1080,2400], mVisible=true, mInsetsRoundedCornerFrame=false} } host=PopupWindow:a66996c from=android.view.ViewRootImpl.setView:1732
04-06 11:56:14.276 26660 26660 I ViewRootImpl@5f66b35[PopupWindow:a66996c]: setView = android.widget.PopupWindow$PopupDecorView@42f85b1 TM=false
04-06 11:56:14.281 26660 26660 I IMM_LC  : showSoftInput(View,I)
04-06 11:56:14.281 26660 26660 I IMM_LC  : ssi() - flag : 0 view : com.evolucao.app reason = SHOW_SOFT_INPUT
04-06 11:56:14.284 26660 26660 I ViewRootImpl@59ed072[PopupWindow:bda897d]: performTraversals params={(231,1797)(90x108) gr=TOP START CENTER sim={state=unchanged adjust=pan} ty=APPLICATION_SUB_PANEL fmt=TRANSLUCENT wanim=0x1030313 surfaceInsets=Rect(0, 0 - 0, 0) (manual)
04-06 11:56:14.284 26660 26660 I ViewRootImpl@59ed072[PopupWindow:bda897d]:   fl=41800208
04-06 11:56:14.284 26660 26660 I ViewRootImpl@59ed072[PopupWindow:bda897d]:   pfl=2018000
04-06 11:56:14.284 26660 26660 I ViewRootImpl@59ed072[PopupWindow:bda897d]:   bhv=DEFAULT
04-06 11:56:14.284 26660 26660 I ViewRootImpl@59ed072[PopupWindow:bda897d]:   fitTypes=STATUS_BARS NAVIGATION_BARS CAPTION_BAR naviIconColor=0
04-06 11:56:14.284 26660 26660 I ViewRootImpl@59ed072[PopupWindow:bda897d]:   sfl=20000}
04-06 11:56:14.286 26660 26660 I ViewRootImpl@59ed072[PopupWindow:bda897d]: performTraversals mFirst=true windowShouldResize=true viewVisibilityChanged=false mForceNextWindowRelayout=false params={(231,1797)(90x108) gr=TOP START CENTER sim={state=unchanged adjust=pan} ty=APPLICATION_SUB_PANEL fmt=TRANSLUCENT wanim=0x1030313 surfaceInsets=Rect(0, 0 - 0, 0) (manual)
04-06 11:56:14.286 26660 26660 I ViewRootImpl@59ed072[PopupWindow:bda897d]:   fl=41800208
04-06 11:56:14.286 26660 26660 I ViewRootImpl@59ed072[PopupWindow:bda897d]:   pfl=42018000
04-06 11:56:14.286 26660 26660 I ViewRootImpl@59ed072[PopupWindow:bda897d]:   bhv=DEFAULT
04-06 11:56:14.286 26660 26660 I ViewRootImpl@59ed072[PopupWindow:bda897d]:   fitTypes=STATUS_BARS NAVIGATION_BARS CAPTION_BAR naviIconColor=0
04-06 11:56:14.286 26660 26660 I ViewRootImpl@59ed072[PopupWindow:bda897d]:   sfl=20000}
04-06 11:56:14.294 26660 26919 I ViewRootImpl@59ed072[PopupWindow:bda897d]: Resizing android.view.ViewRootImpl@cd4521f: frame = [231,1797][321,1905] reportDraw = true forceLayout = false syncSeqId = 0
04-06 11:56:14.296 26660 26660 I ViewRootImpl@59ed072[PopupWindow:bda897d]: updateBlastSurfaceIfNeeded mBlastBufferQueue=null isSameSurfaceControl=false
04-06 11:56:14.296 26660 26660 I BLASTBufferQueue: new BLASTBufferQueue, mName= ViewRootImpl@59ed072[PopupWindow:bda897d] mNativeObject= 0xb4000070a0623780 sc.mNativeObject= 0xb4000070b1a6a740 caller= android.view.ViewRootImpl.updateBlastSurfaceIfNeeded:2909 android.view.ViewRootImpl.relayoutWindow:9847 android.view.ViewRootImpl.performTraversals:3884 android.view.ViewRootImpl.doTraversal:3116 android.view.ViewRootImpl$TraversalRunnable.run:10885 android.view.Choreographer$CallbackRecord.run:1301 android.view.Choreographer$CallbackRecord.run:1309 android.view.Choreographer.doCallbacks:923 android.view.Choreographer.doFrame:852 android.view.Choreographer$FrameDisplayEventReceiver.run:1283 
04-06 11:56:14.296 26660 26660 I BLASTBufferQueue: update, w= 90 h= 108 mName = ViewRootImpl@59ed072[PopupWindow:bda897d] mNativeObject= 0xb4000070a0623780 sc.mNativeObject= 0xb4000070b1a6a740 format= -3 caller= android.graphics.BLASTBufferQueue.<init>:84 android.view.ViewRootImpl.updateBlastSurfaceIfNeeded:2909 android.view.ViewRootImpl.relayoutWindow:9847 android.view.ViewRootImpl.performTraversals:3884 android.view.ViewRootImpl.doTraversal:3116 android.view.ViewRootImpl$TraversalRunnable.run:10885 
04-06 11:56:14.297 26660 26660 I ViewRootImpl@59ed072[PopupWindow:bda897d]: Relayout returned: old=(231,1797,321,1905) new=(231,1797,321,1905) req=(90,108)0 dur=10 res=0x3 s={true 0xb4000070b1b90800} ch=true seqId=0
04-06 11:56:14.297 26660 26660 I ViewRootImpl@59ed072[PopupWindow:bda897d]: mThreadedRenderer.initialize() mSurface={isValid=true 0xb4000070b1b90800} hwInitialized=true
04-06 11:56:14.297 26660 26717 D OpenGLRenderer: eglCreateWindowSurface
04-06 11:56:14.299 26660 26660 I ViewRootImpl@59ed072[PopupWindow:bda897d]: reportNextDraw android.view.ViewRootImpl.performTraversals:4438 android.view.ViewRootImpl.doTraversal:3116 android.view.ViewRootImpl$TraversalRunnable.run:10885 android.view.Choreographer$CallbackRecord.run:1301 android.view.Choreographer$CallbackRecord.run:1309 
04-06 11:56:14.299 26660 26660 I ViewRootImpl@59ed072[PopupWindow:bda897d]: Setup new sync id=0
04-06 11:56:14.299 26660 26660 I ViewRootImpl@59ed072[PopupWindow:bda897d]: Setting syncFrameCallback
04-06 11:56:14.299 26660 26660 I ViewRootImpl@59ed072[PopupWindow:bda897d]: registerCallbacksForSync syncBuffer=false
04-06 11:56:14.300 26660 26740 I ViewRootImpl@59ed072[PopupWindow:bda897d]: Received frameDrawingCallback syncResult=0 frameNum=1.
04-06 11:56:14.300 26660 26740 I ViewRootImpl@59ed072[PopupWindow:bda897d]: Setting up sync and frameCommitCallback
04-06 11:56:14.310 26660 26717 I BLASTBufferQueue: [ViewRootImpl@59ed072[PopupWindow:bda897d]#2](f:0,a:0) onFrameAvailable the first frame is available
04-06 11:56:14.310 26660 26717 I ViewRootImpl@59ed072[PopupWindow:bda897d]: Received frameCommittedCallback lastAttemptedDrawFrameNum=1 didProduceBuffer=true
04-06 11:56:14.311 26660 26717 D OpenGLRenderer: CFMS:: SetUp Pid : 26660    Tid : 26717
04-06 11:56:14.311 26660 26717 W Parcel  : Expecting binder but got null!
04-06 11:56:14.312 26660 26660 I ViewRootImpl@59ed072[PopupWindow:bda897d]: onSyncComplete
04-06 11:56:14.312 26660 26660 I ViewRootImpl@59ed072[PopupWindow:bda897d]: setupSync seqId=0 mSyncId=0 fn=1 caller=android.view.ViewRootImpl$$ExternalSyntheticLambda11.accept:6 android.window.SurfaceSyncer.lambda$setupSync$1$android-window-SurfaceSyncer:128 android.window.SurfaceSyncer$$ExternalSyntheticLambda1.accept:8 android.window.SurfaceSyncer$SyncSet.checkIfSyncIsComplete:382 android.window.SurfaceSyncer$SyncSet.markSyncReady:359 android.window.SurfaceSyncer.markSyncReady:151 android.view.ViewRootImpl.performTraversals:4503 
04-06 11:56:14.313 26660 26660 I ViewRootImpl@5f66b35[PopupWindow:a66996c]: performTraversals params={(231,1703)(90x94) gr=TOP START CENTER sim={state=unchanged adjust=pan} ty=APPLICATION_SUB_PANEL fmt=TRANSLUCENT wanim=0x1030313 surfaceInsets=Rect(0, 0 - 0, 0) (manual)
04-06 11:56:14.313 26660 26660 I ViewRootImpl@5f66b35[PopupWindow:a66996c]:   fl=41800218
04-06 11:56:14.313 26660 26660 I ViewRootImpl@5f66b35[PopupWindow:a66996c]:   pfl=2018000
04-06 11:56:14.313 26660 26660 I ViewRootImpl@5f66b35[PopupWindow:a66996c]:   bhv=DEFAULT
04-06 11:56:14.313 26660 26660 I ViewRootImpl@5f66b35[PopupWindow:a66996c]:   fitTypes=STATUS_BARS NAVIGATION_BARS CAPTION_BAR naviIconColor=0
04-06 11:56:14.313 26660 26660 I ViewRootImpl@5f66b35[PopupWindow:a66996c]:   sfl=20000}
04-06 11:56:14.314 26660 26660 I ViewRootImpl@5f66b35[PopupWindow:a66996c]: performTraversals mFirst=true windowShouldResize=true viewVisibilityChanged=false mForceNextWindowRelayout=false params={(231,1703)(90x94) gr=TOP START CENTER sim={state=unchanged adjust=pan} ty=APPLICATION_SUB_PANEL fmt=TRANSLUCENT wanim=0x1030313 surfaceInsets=Rect(0, 0 - 0, 0) (manual)
04-06 11:56:14.314 26660 26660 I ViewRootImpl@5f66b35[PopupWindow:a66996c]:   fl=41800218
04-06 11:56:14.314 26660 26660 I ViewRootImpl@5f66b35[PopupWindow:a66996c]:   pfl=42018000
04-06 11:56:14.314 26660 26660 I ViewRootImpl@5f66b35[PopupWindow:a66996c]:   bhv=DEFAULT
04-06 11:56:14.314 26660 26660 I ViewRootImpl@5f66b35[PopupWindow:a66996c]:   fitTypes=STATUS_BARS NAVIGATION_BARS CAPTION_BAR naviIconColor=0
04-06 11:56:14.314 26660 26660 I ViewRootImpl@5f66b35[PopupWindow:a66996c]:   sfl=20000}
04-06 11:56:14.319 26660 26660 I ViewRootImpl@5f66b35[PopupWindow:a66996c]: updateBlastSurfaceIfNeeded mBlastBufferQueue=null isSameSurfaceControl=false
04-06 11:56:14.320 26660 26919 I ViewRootImpl@5f66b35[PopupWindow:a66996c]: Resizing android.view.ViewRootImpl@ade0a96: frame = [231,1703][321,1797] reportDraw = true forceLayout = false syncSeqId = 0
04-06 11:56:14.320 26660 26660 I BLASTBufferQueue: new BLASTBufferQueue, mName= ViewRootImpl@5f66b35[PopupWindow:a66996c] mNativeObject= 0xb4000070a0623b00 sc.mNativeObject= 0xb4000070b1a6a9c0 caller= android.view.ViewRootImpl.updateBlastSurfaceIfNeeded:2909 android.view.ViewRootImpl.relayoutWindow:9847 android.view.ViewRootImpl.performTraversals:3884 android.view.ViewRootImpl.doTraversal:3116 android.view.ViewRootImpl$TraversalRunnable.run:10885 android.view.Choreographer$CallbackRecord.run:1301 android.view.Choreographer$CallbackRecord.run:1309 android.view.Choreographer.doCallbacks:923 android.view.Choreographer.doFrame:852 android.view.Choreographer$FrameDisplayEventReceiver.run:1283 
04-06 11:56:14.321 26660 26660 I BLASTBufferQueue: update, w= 90 h= 94 mName = ViewRootImpl@5f66b35[PopupWindow:a66996c] mNativeObject= 0xb4000070a0623b00 sc.mNativeObject= 0xb4000070b1a6a9c0 format= -3 caller= android.graphics.BLASTBufferQueue.<init>:84 android.view.ViewRootImpl.updateBlastSurfaceIfNeeded:2909 android.view.ViewRootImpl.relayoutWindow:9847 android.view.ViewRootImpl.performTraversals:3884 android.view.ViewRootImpl.doTraversal:3116 android.view.ViewRootImpl$TraversalRunnable.run:10885 
04-06 11:56:14.321 26660 26660 I ViewRootImpl@5f66b35[PopupWindow:a66996c]: Relayout returned: old=(231,1703,321,1797) new=(231,1703,321,1797) req=(90,94)0 dur=5 res=0x3 s={true 0xb4000070b1c8d000} ch=true seqId=0
04-06 11:56:14.322 26660 26660 I ViewRootImpl@5f66b35[PopupWindow:a66996c]: mThreadedRenderer.initialize() mSurface={isValid=true 0xb4000070b1c8d000} hwInitialized=true
04-06 11:56:14.323 26660 26717 D OpenGLRenderer: eglCreateWindowSurface
04-06 11:56:14.324 26660 26660 I ViewRootImpl@5f66b35[PopupWindow:a66996c]: reportNextDraw android.view.ViewRootImpl.performTraversals:4438 android.view.ViewRootImpl.doTraversal:3116 android.view.ViewRootImpl$TraversalRunnable.run:10885 android.view.Choreographer$CallbackRecord.run:1301 android.view.Choreographer$CallbackRecord.run:1309 
04-06 11:56:14.324 26660 26660 I ViewRootImpl@5f66b35[PopupWindow:a66996c]: Setup new sync id=0
04-06 11:56:14.324 26660 26660 I ViewRootImpl@5f66b35[PopupWindow:a66996c]: Setting syncFrameCallback
04-06 11:56:14.324 26660 26660 I ViewRootImpl@5f66b35[PopupWindow:a66996c]: registerCallbacksForSync syncBuffer=false
04-06 11:56:14.325 26660 26741 I ViewRootImpl@5f66b35[PopupWindow:a66996c]: Received frameDrawingCallback syncResult=0 frameNum=1.
04-06 11:56:14.325 26660 26741 I ViewRootImpl@5f66b35[PopupWindow:a66996c]: Setting up sync and frameCommitCallback
04-06 11:56:14.325 26660 26717 I BLASTBufferQueue: [ViewRootImpl@5f66b35[PopupWindow:a66996c]#3](f:0,a:0) onFrameAvailable the first frame is available
04-06 11:56:14.326 26660 26717 I ViewRootImpl@5f66b35[PopupWindow:a66996c]: Received frameCommittedCallback lastAttemptedDrawFrameNum=1 didProduceBuffer=true
04-06 11:56:14.326 26660 26717 D OpenGLRenderer: CFMS:: SetUp Pid : 26660    Tid : 26717
04-06 11:56:14.326 26660 26717 W Parcel  : Expecting binder but got null!
04-06 11:56:14.326 26660 26660 I ViewRootImpl@5f66b35[PopupWindow:a66996c]: onSyncComplete
04-06 11:56:14.327 26660 26660 I ViewRootImpl@5f66b35[PopupWindow:a66996c]: setupSync seqId=0 mSyncId=0 fn=1 caller=android.view.ViewRootImpl$$ExternalSyntheticLambda11.accept:6 android.window.SurfaceSyncer.lambda$setupSync$1$android-window-SurfaceSyncer:128 android.window.SurfaceSyncer$$ExternalSyntheticLambda1.accept:8 android.window.SurfaceSyncer$SyncSet.checkIfSyncIsComplete:382 android.window.SurfaceSyncer$SyncSet.markSyncReady:359 android.window.SurfaceSyncer.markSyncReady:151 android.view.ViewRootImpl.performTraversals:4503 
04-06 11:56:14.327 26660 26660 I ViewRootImpl@5f66b35[PopupWindow:a66996c]: reportDrawFinished seqId=0 mSyncId=-1 fn=1 mSurfaceChangedTransaction=0xb4000070a0684d00
04-06 11:56:14.327 26660 26660 I ViewRootImpl@59ed072[PopupWindow:bda897d]: reportDrawFinished seqId=0 mSyncId=-1 fn=1 mSurfaceChangedTransaction=0xb4000070a0d4b700
04-06 11:56:14.331 26660 26660 I ViewRootImpl@59ed072[PopupWindow:bda897d]: handleResized, msg = 5 frames=ClientWindowFrames{frame=[231,1797][321,1905] display=[-100000,-100000][100000,100000] parentFrame=[0,0][0,0] parentClippedByDisplayCutout=false} forceNextWindowRelayout=false displayId=0 resizeMode=-1 frameChanged=false displayFrameChanged=false configChanged=false displayChanged=false
04-06 11:56:14.331 26660 26660 I ViewRootImpl@59ed072[PopupWindow:bda897d]: handleResized mSyncSeqId = 0
04-06 11:56:14.331 26660 26660 I ViewRootImpl@59ed072[PopupWindow:bda897d]: reportNextDraw android.view.ViewRootImpl.handleResized:2450 android.view.ViewRootImpl.-$$Nest$mhandleResized:0 android.view.ViewRootImpl$ViewRootHandler.handleMessageImpl:6728 android.view.ViewRootImpl$ViewRootHandler.handleMessage:6697 android.os.Handler.dispatchMessage:106 
04-06 11:56:14.332 26660 26660 I ViewRootImpl@5f66b35[PopupWindow:a66996c]: handleResized, msg = 5 frames=ClientWindowFrames{frame=[231,1703][321,1797] display=[-100000,-100000][100000,100000] parentFrame=[0,0][0,0] parentClippedByDisplayCutout=false} forceNextWindowRelayout=false displayId=0 resizeMode=-1 frameChanged=false displayFrameChanged=false configChanged=false displayChanged=false
04-06 11:56:14.332 26660 26660 I ViewRootImpl@5f66b35[PopupWindow:a66996c]: handleResized mSyncSeqId = 0
04-06 11:56:14.332 26660 26660 I ViewRootImpl@5f66b35[PopupWindow:a66996c]: reportNextDraw android.view.ViewRootImpl.handleResized:2450 android.view.ViewRootImpl.-$$Nest$mhandleResized:0 android.view.ViewRootImpl$ViewRootHandler.handleMessageImpl:6728 android.view.ViewRootImpl$ViewRootHandler.handleMessage:6697 android.os.Handler.dispatchMessage:106 
04-06 11:56:14.336 26660 26660 I ViewRootImpl@59ed072[PopupWindow:bda897d]: Setup new sync id=1
04-06 11:56:14.337 26660 26660 I ViewRootImpl@59ed072[PopupWindow:bda897d]: Setting syncFrameCallback
04-06 11:56:14.337 26660 26660 I ViewRootImpl@59ed072[PopupWindow:bda897d]: registerCallbacksForSync syncBuffer=false
04-06 11:56:14.338 26660 26740 I ViewRootImpl@59ed072[PopupWindow:bda897d]: Received frameDrawingCallback syncResult=0 frameNum=3.
04-06 11:56:14.338 26660 26740 I ViewRootImpl@59ed072[PopupWindow:bda897d]: Setting up sync and frameCommitCallback
04-06 11:56:14.339 26660 26717 I ViewRootImpl@59ed072[PopupWindow:bda897d]: Received frameCommittedCallback lastAttemptedDrawFrameNum=3 didProduceBuffer=true
04-06 11:56:14.339 26660 26660 I ViewRootImpl@59ed072[PopupWindow:bda897d]: onSyncComplete
04-06 11:56:14.340 26660 26660 I ViewRootImpl@59ed072[PopupWindow:bda897d]: setupSync seqId=0 mSyncId=1 fn=3 caller=android.view.ViewRootImpl$$ExternalSyntheticLambda11.accept:6 android.window.SurfaceSyncer.lambda$setupSync$1$android-window-SurfaceSyncer:128 android.window.SurfaceSyncer$$ExternalSyntheticLambda1.accept:8 android.window.SurfaceSyncer$SyncSet.checkIfSyncIsComplete:382 android.window.SurfaceSyncer$SyncSet.markSyncReady:359 android.window.SurfaceSyncer.markSyncReady:151 android.view.ViewRootImpl.performTraversals:4503 
04-06 11:56:14.340 26660 26660 I ViewRootImpl@5f66b35[PopupWindow:a66996c]: Setup new sync id=1
04-06 11:56:14.340 26660 26660 I ViewRootImpl@5f66b35[PopupWindow:a66996c]: Setting syncFrameCallback
04-06 11:56:14.340 26660 26660 I ViewRootImpl@5f66b35[PopupWindow:a66996c]: registerCallbacksForSync syncBuffer=false
04-06 11:56:14.340 26660 26741 I ViewRootImpl@5f66b35[PopupWindow:a66996c]: Received frameDrawingCallback syncResult=0 frameNum=2.
04-06 11:56:14.340 26660 26741 I ViewRootImpl@5f66b35[PopupWindow:a66996c]: Setting up sync and frameCommitCallback
04-06 11:56:14.341 26660 26717 I ViewRootImpl@5f66b35[PopupWindow:a66996c]: Received frameCommittedCallback lastAttemptedDrawFrameNum=2 didProduceBuffer=true
04-06 11:56:14.341 26660 26660 I ViewRootImpl@5f66b35[PopupWindow:a66996c]: onSyncComplete
04-06 11:56:14.342 26660 26660 I ViewRootImpl@5f66b35[PopupWindow:a66996c]: setupSync seqId=0 mSyncId=1 fn=2 caller=android.view.ViewRootImpl$$ExternalSyntheticLambda11.accept:6 android.window.SurfaceSyncer.lambda$setupSync$1$android-window-SurfaceSyncer:128 android.window.SurfaceSyncer$$ExternalSyntheticLambda1.accept:8 android.window.SurfaceSyncer$SyncSet.checkIfSyncIsComplete:382 android.window.SurfaceSyncer$SyncSet.markSyncReady:359 android.window.SurfaceSyncer.markSyncReady:151 android.view.ViewRootImpl.performTraversals:4503 
04-06 11:56:14.342 26660 26660 I ViewRootImpl@5f66b35[PopupWindow:a66996c]: reportDrawFinished seqId=0 mSyncId=-1 fn=2 mSurfaceChangedTransaction=0xb4000070a0684d00
04-06 11:56:14.342 26660 26660 I ViewRootImpl@59ed072[PopupWindow:bda897d]: reportDrawFinished seqId=0 mSyncId=-1 fn=3 mSurfaceChangedTransaction=0xb4000070a0d4b700
04-06 11:56:14.408 26660 26660 W OnBackInvokedCallback: OnBackInvokedCallback is not enabled for the application.
04-06 11:56:14.408 26660 26660 W OnBackInvokedCallback: Set 'android:enableOnBackInvokedCallback="true"' in the application manifest.
04-06 11:56:14.431 26660 26680 I ViewRootImpl@7efc384[MainActivity]: Resizing android.view.ViewRootImpl@2cd4d69: frame = [0,0][1080,2400] reportDraw = false forceLayout = false syncSeqId = 0
04-06 11:56:14.432 26660 26676 I ViewRootImpl@5f66b35[PopupWindow:a66996c]: Resizing android.view.ViewRootImpl@ade0a96: frame = [231,1703][321,1797] reportDraw = false forceLayout = false syncSeqId = 0
04-06 11:56:14.432 26660 26905 I ViewRootImpl@59ed072[PopupWindow:bda897d]: Resizing android.view.ViewRootImpl@cd4521f: frame = [231,1797][321,1905] reportDraw = false forceLayout = false syncSeqId = 0
