04-06 11:56:18.936 26660 26660 D InsetsController: onStateChanged: InsetsState: {mDisplayFrame=Rect(0, 0 - 1080, 2400), mDisplayCutout=DisplayCutout{insets=Rect(0, 88 - 0, 0) waterfall=Insets{left=0, top=0, right=0, bottom=0} boundingRect={Bounds=[Rect(0, 0 - 0, 0), Rect(512, 0 - 568, 88), Rect(0, 0 - 0, 0), Rect(0, 0 - 0, 0)]} cutoutPathParserInfo={CutoutPathParserInfo{displayWidth=1080 displayHeight=2400 physicalDisplayWidth=1080 physicalDisplayHeight=2400 density={3.0} cutoutSpec={M 0,0 M 0,10.71963616907435 a 9.280363830925644,9.280363830925644 0 1,0 0,18.56072766185129 a 9.280363830925644,9.280363830925644 0 1,0 0,-18.56072766185129 Z @dp} rotation={0} scale={1.0} physicalPixelDisplaySizeRatio={1.0}}}}, mRoundedCorners=RoundedCorners{[RoundedCorner{position=TopLeft, radius=96, center=Point(96, 96)}, RoundedCorner{position=TopRight, radius=96, center=Point(984, 96)}, RoundedCorner{position=BottomRight, radius=96, center=Point(984, 2304)}, RoundedCorner{position=BottomLeft, radius=96, center=Point(96, 2304)}]}  mRoundedCornerFrame=Rect(0, 0 - 1080, 2400), mPrivacyIndicatorBounds=PrivacyIndicatorBounds {static bounds=Rect(948, 0 - 1080, 88) rotation=0}, mSources= { InsetsSource: {mType=ITYPE_STATUS_BAR, mFrame=[0,0][1080,88], mVisible=true, mInsetsRoundedCornerFrame=false}, InsetsSource: {mType=ITYPE_NAVIGATION_BAR, mFrame=[0,2256][1080,2400], mVisible=true, mInsetsRoundedCornerFrame=false}, InsetsSource: {mType=ITYPE_LEFT_GESTURES, mFrame=[0,0][0,2400], mVisible=true, mInsetsRoundedCornerFrame=false}, InsetsSource: {mType=ITYPE_RIGHT_GESTURES, mFrame=[1080,0][1080,2400], mVisible=true, mInsetsRoundedCornerFrame=false}, InsetsSource: {mType=ITYPE_TOP_MANDATORY_GESTURES, mFrame=[0,0][1080,124], mVisible=true, mInsetsRoundedCornerFrame=false}, InsetsSource: {mType=ITYPE_BOTTOM_MANDATORY_GESTURES, mFrame=[0,2256][1080,2400], mVisible=true, mInsetsRoundedCornerFrame=false}, InsetsSource: {mType=ITYPE_LEFT_DISPLAY_CUTOUT, mFrame=[0,0][-100000,2400], mVisible=true, mInsetsRoundedCornerFrame=false}, InsetsSource: {mType=ITYPE_TOP_DISPLAY_CUTOUT, mFrame=[0,0][1080,88], mVisible=true, mInsetsRoundedCornerFrame=false}, InsetsSource: {mType=ITYPE_RIGHT_DISPLAY_CUTOUT, mFrame=[100000,0][1080,2400], mVisible=true, mInsetsRoundedCornerFrame=false}, InsetsSource: {mType=ITYPE_BOTTOM_DISPLAY_CUTOUT, mFrame=[0,100000][1080,2400], mVisible=true, mInsetsRoundedCornerFrame=false}, InsetsSource: {mType=ITYPE_TOP_TAPPABLE_ELEMENT, mFrame=[0,0][1080,88], mVisible=true, mInsetsRoundedCornerFrame=false}, InsetsSource: {mType=ITYPE_BOTTOM_TAPPABLE_ELEMENT, mFrame=[0,2256][1080,2400], mVisible=true, mInsetsRoundedCornerFrame=false}, InsetsSource: {mType=ITYPE_IME, mFrame=[0,1374][1080,2400], mVisibleFrame=[0,1374][1080,2400], mVisible=true, mInsetsRoundedCornerFrame=false} } host=com.evolucao.app/com.evolucao.app.MainActivity from=android.view.ViewRootImpl$ViewRootHandler.handleMessageImpl:6740
04-06 11:56:18.941 26660 26660 I ViewRootImpl@7efc384[MainActivity]: handleResized, msg = 4 frames=ClientWindowFrames{frame=[0,0][1080,2400] display=[0,0][1080,2400] parentFrame=[0,0][0,0] parentClippedByDisplayCutout=false} forceNextWindowRelayout=false displayId=0 resizeMode=-1 frameChanged=false displayFrameChanged=false configChanged=false displayChanged=false
04-06 11:56:19.142 26660 26660 D InsetsController: cancelAnimation of types: 8, animType: 0, host: com.evolucao.app/com.evolucao.app.MainActivity, from:android.view.InsetsController.notifyFinished:1375 android.view.InsetsAnimationThreadControlRunner$1.lambda$notifyFinished$0$android-view-InsetsAnimationThreadControlRunner$1:84 android.view.InsetsAnimationThreadControlRunner$1$$ExternalSyntheticLambda1.run:4 
04-06 11:56:19.142 26660 26660 D InsetsSourceConsumer: ensureControlPosition: Point(0, 88) for ITYPE_IME on com.evolucao.app/com.evolucao.app.MainActivity from android.view.InsetsSourceConsumer.notifyAnimationFinished:419
04-06 11:56:19.158 26660 26741 I ViewRootImpl@7efc384[MainActivity]: mWNT: t=0xb4000070a0815700 mBlastBufferQueue=0xb4000070c2c34c00 fn= 305 caller= android.view.SyncRtSurfaceTransactionApplier.applyTransaction:96 android.view.SyncRtSurfaceTransactionApplier.lambda$scheduleApply$0$android-view-SyncRtSurfaceTransactionApplier:69 android.view.SyncRtSurfaceTransactionApplier$$ExternalSyntheticLambda0.onFrameDraw:4 
04-06 11:56:19.445 26660 26717 D OpenGLRenderer: setSurface called with nullptr
04-06 11:56:19.445 26660 26717 D OpenGLRenderer: setSurface called with nullptr
04-06 11:56:22.366 26660 26660 W UiControllerImpl: Waiting for: DYNAMIC_TASKS_HAVE_IDLED for 100 iterations.
04-06 11:56:23.640 26660 26660 W UiControllerImpl: Waiting for: DYNAMIC_TASKS_HAVE_IDLED for 100 iterations.
04-06 11:56:24.849 26660 26660 W UiControllerImpl: Waiting for: DYNAMIC_TASKS_HAVE_IDLED for 100 iterations.
04-06 11:56:26.140 26660 26660 W UiControllerImpl: Waiting for: DYNAMIC_TASKS_HAVE_IDLED for 100 iterations.
04-06 11:56:27.381 26660 26660 W UiControllerImpl: Waiting for: DYNAMIC_TASKS_HAVE_IDLED for 100 iterations.
04-06 11:56:28.134 26660 26704 D DetoxWSClient: Received action 'currentStatus' (ID #73, params={})
04-06 11:56:28.135 26660 26701 I DetoxDispatcher: Handling action 'currentStatus' (ID #73)...
04-06 11:56:28.140 26660 26701 I DetoxWSClient: Sending out action 'currentStatusResult' (ID #73)
04-06 11:56:28.141 26660 26701 I DetoxDispatcher: Done with action 'currentStatus'
04-06 11:56:28.557 26660 26660 W UiControllerImpl: Waiting for: DYNAMIC_TASKS_HAVE_IDLED for 100 iterations.
04-06 11:56:29.840 26660 26660 W UiControllerImpl: Waiting for: DYNAMIC_TASKS_HAVE_IDLED for 100 iterations.
04-06 11:56:31.123 26660 26660 W UiControllerImpl: Waiting for: DYNAMIC_TASKS_HAVE_IDLED for 100 iterations.
04-06 11:56:32.382 26660 26660 W UiControllerImpl: Waiting for: DYNAMIC_TASKS_HAVE_IDLED for 100 iterations.
04-06 11:56:33.622 26660 26660 W UiControllerImpl: Waiting for: DYNAMIC_TASKS_HAVE_IDLED for 100 iterations.
04-06 11:56:34.831 26660 26660 W UiControllerImpl: Waiting for: DYNAMIC_TASKS_HAVE_IDLED for 100 iterations.
04-06 11:56:36.107 26660 26660 W UiControllerImpl: Waiting for: DYNAMIC_TASKS_HAVE_IDLED for 100 iterations.
04-06 11:56:37.331 26660 26660 W UiControllerImpl: Waiting for: DYNAMIC_TASKS_HAVE_IDLED for 100 iterations.
04-06 11:56:38.162 26660 26704 D DetoxWSClient: Received action 'currentStatus' (ID #74, params={})
04-06 11:56:38.163 26660 26701 I DetoxDispatcher: Handling action 'currentStatus' (ID #74)...
04-06 11:56:38.170 26660 26701 I DetoxWSClient: Sending out action 'currentStatusResult' (ID #74)
04-06 11:56:38.171 26660 26701 I DetoxDispatcher: Done with action 'currentStatus'
04-06 11:56:41.040 26660 26660 W UiControllerImpl: Waiting for: DYNAMIC_TASKS_HAVE_IDLED for 100 iterations.
04-06 11:56:42.330 26660 26660 W UiControllerImpl: Waiting for: DYNAMIC_TASKS_HAVE_IDLED for 100 iterations.
04-06 11:56:43.556 26660 26660 W UiControllerImpl: Waiting for: DYNAMIC_TASKS_HAVE_IDLED for 100 iterations.
04-06 11:56:44.795 26660 26660 W UiControllerImpl: Waiting for: DYNAMIC_TASKS_HAVE_IDLED for 100 iterations.
04-06 11:56:48.187 26660 26704 D DetoxWSClient: Received action 'currentStatus' (ID #75, params={})
04-06 11:56:48.188 26660 26701 I DetoxDispatcher: Handling action 'currentStatus' (ID #75)...
04-06 11:56:48.196 26660 26701 I DetoxWSClient: Sending out action 'currentStatusResult' (ID #75)
04-06 11:56:48.197 26660 26701 I DetoxDispatcher: Done with action 'currentStatus'
04-06 11:56:48.489 26660 26660 W UiControllerImpl: Waiting for: DYNAMIC_TASKS_HAVE_IDLED for 100 iterations.
04-06 11:56:53.518 26660 26660 W UiControllerImpl: Waiting for: DYNAMIC_TASKS_HAVE_IDLED for 100 iterations.
04-06 11:56:54.744 26660 26660 W UiControllerImpl: Waiting for: DYNAMIC_TASKS_HAVE_IDLED for 100 iterations.
04-06 11:56:55.986 26660 26660 W UiControllerImpl: Waiting for: DYNAMIC_TASKS_HAVE_IDLED for 100 iterations.
04-06 11:56:57.260 26660 26660 W UiControllerImpl: Waiting for: DYNAMIC_TASKS_HAVE_IDLED for 100 iterations.
04-06 11:56:58.218 26660 26704 D DetoxWSClient: Received action 'currentStatus' (ID #76, params={})
04-06 11:56:58.219 26660 26701 I DetoxDispatcher: Handling action 'currentStatus' (ID #76)...
04-06 11:56:58.227 26660 26701 I DetoxWSClient: Sending out action 'currentStatusResult' (ID #76)
04-06 11:56:58.227 26660 26701 I DetoxDispatcher: Done with action 'currentStatus'
04-06 11:56:58.484 26660 26660 W UiControllerImpl: Waiting for: DYNAMIC_TASKS_HAVE_IDLED for 100 iterations.
04-06 11:56:59.727 26660 26660 W UiControllerImpl: Waiting for: DYNAMIC_TASKS_HAVE_IDLED for 100 iterations.
04-06 11:57:00.968 26660 26660 W UiControllerImpl: Waiting for: DYNAMIC_TASKS_HAVE_IDLED for 100 iterations.
04-06 11:57:02.226 26660 26660 W UiControllerImpl: Waiting for: DYNAMIC_TASKS_HAVE_IDLED for 100 iterations.
04-06 11:57:03.484 26660 26660 W UiControllerImpl: Waiting for: DYNAMIC_TASKS_HAVE_IDLED for 100 iterations.
04-06 11:57:04.676 26660 26660 W UiControllerImpl: Waiting for: DYNAMIC_TASKS_HAVE_IDLED for 100 iterations.
04-06 11:57:05.967 26660 26660 W UiControllerImpl: Waiting for: DYNAMIC_TASKS_HAVE_IDLED for 100 iterations.
04-06 11:57:07.226 26660 26660 W UiControllerImpl: Waiting for: DYNAMIC_TASKS_HAVE_IDLED for 100 iterations.
04-06 11:57:08.236 26660 26704 D DetoxWSClient: Received action 'currentStatus' (ID #77, params={})
04-06 11:57:08.237 26660 26701 I DetoxDispatcher: Handling action 'currentStatus' (ID #77)...
04-06 11:57:08.240 26660 26701 I DetoxWSClient: Sending out action 'currentStatusResult' (ID #77)
04-06 11:57:08.240 26660 26701 I DetoxDispatcher: Done with action 'currentStatus'
04-06 11:57:08.399 26660 26660 W UiControllerImpl: Waiting for: DYNAMIC_TASKS_HAVE_IDLED for 100 iterations.
04-06 11:57:09.675 26660 26660 W UiControllerImpl: Waiting for: DYNAMIC_TASKS_HAVE_IDLED for 100 iterations.
04-06 11:57:10.949 26660 26660 W UiControllerImpl: Waiting for: DYNAMIC_TASKS_HAVE_IDLED for 100 iterations.
04-06 11:57:12.174 26660 26660 W UiControllerImpl: Waiting for: DYNAMIC_TASKS_HAVE_IDLED for 100 iterations.
04-06 11:57:13.433 26660 26660 W UiControllerImpl: Waiting for: DYNAMIC_TASKS_HAVE_IDLED for 100 iterations.
04-06 11:57:14.625 26660 26660 W UiControllerImpl: Waiting for: DYNAMIC_TASKS_HAVE_IDLED for 100 iterations.
04-06 11:57:15.932 26660 26660 W UiControllerImpl: Waiting for: DYNAMIC_TASKS_HAVE_IDLED for 100 iterations.
04-06 11:57:17.190 26660 26660 W UiControllerImpl: Waiting for: DYNAMIC_TASKS_HAVE_IDLED for 100 iterations.
04-06 11:57:18.261 26660 26704 D DetoxWSClient: Received action 'currentStatus' (ID #78, params={})
04-06 11:57:18.262 26660 26701 I DetoxDispatcher: Handling action 'currentStatus' (ID #78)...
04-06 11:57:18.270 26660 26701 I DetoxWSClient: Sending out action 'currentStatusResult' (ID #78)
04-06 11:57:18.271 26660 26701 I DetoxDispatcher: Done with action 'currentStatus'
04-06 11:57:18.374 26660 26660 W UiControllerImpl: Waiting for: DYNAMIC_TASKS_HAVE_IDLED for 100 iterations.
04-06 11:57:19.657 26660 26660 W UiControllerImpl: Waiting for: DYNAMIC_TASKS_HAVE_IDLED for 100 iterations.
04-06 11:57:20.895 26660 26660 W UiControllerImpl: Waiting for: DYNAMIC_TASKS_HAVE_IDLED for 100 iterations.
04-06 11:57:22.156 26660 26660 W UiControllerImpl: Waiting for: DYNAMIC_TASKS_HAVE_IDLED for 100 iterations.
04-06 11:57:23.396 26660 26660 W UiControllerImpl: Waiting for: DYNAMIC_TASKS_HAVE_IDLED for 100 iterations.
04-06 11:57:24.623 26660 26660 W UiControllerImpl: Waiting for: DYNAMIC_TASKS_HAVE_IDLED for 100 iterations.
04-06 11:57:25.907 26660 26660 W UiControllerImpl: Waiting for: DYNAMIC_TASKS_HAVE_IDLED for 100 iterations.
04-06 11:57:27.139 26660 26660 W UiControllerImpl: Waiting for: DYNAMIC_TASKS_HAVE_IDLED for 100 iterations.
04-06 11:57:28.280 26660 26704 D DetoxWSClient: Received action 'currentStatus' (ID #79, params={})
04-06 11:57:28.281 26660 26701 I DetoxDispatcher: Handling action 'currentStatus' (ID #79)...
04-06 11:57:28.288 26660 26701 I DetoxWSClient: Sending out action 'currentStatusResult' (ID #79)
04-06 11:57:28.289 26660 26701 I DetoxDispatcher: Done with action 'currentStatus'
04-06 11:57:28.348 26660 26660 W UiControllerImpl: Waiting for: DYNAMIC_TASKS_HAVE_IDLED for 100 iterations.
04-06 11:57:32.122 26660 26660 W UiControllerImpl: Waiting for: DYNAMIC_TASKS_HAVE_IDLED for 100 iterations.
04-06 11:57:33.862 26660 26700 I DetoxWSClient: Sending out action 'invokeResult' (ID #72)
04-06 11:57:33.862 26660 26700 I DetoxDispatcher: Done with action 'invoke'
04-06 11:57:34.180 26660 26704 D DetoxWSClient: Received action 'invoke' (ID #80, params={"target":{"type":"Class","value":"com.wix.detox.espresso.DetoxAssertion"},"method":"waitForAssertMatcher","args":[{"type":"Invocation","value":{"target":{"type":"Class","value":"androidx.test.espresso.Espresso"},"method":"onView","args":[{"type":"Invocation","value":{"target":{"type":"Class","value":"com.wix.detox.espresso.DetoxMatcher"},"method":"matcherForTestId","args":["app-root",{"type":"boolean","value":false}]}}]}},{"type":"Invocation","value":{"target":{"type":"Class","value":"com.wix.detox.espresso.DetoxMatcher"},"method":"matcherForSufficientlyVisible","args":[{"type":"Integer","value":75}]}},{"type":"Double","value":5}]})
04-06 11:57:34.181 26660 26700 I DetoxDispatcher: Handling action 'invoke' (ID #80)...
04-06 11:57:34.182 26660 26700 D Detox   : class com.wix.detox.espresso.DetoxMatcher, matcherForTestId, [app-root, false]
04-06 11:57:34.183 26660 26700 D Detox   : class androidx.test.espresso.Espresso, onView, [(view.getTag() is "app-root" and view has effective visibility <VISIBLE>)]
04-06 11:57:34.184 26660 26700 D Detox   : class com.wix.detox.espresso.DetoxMatcher, matcherForSufficientlyVisible, [75]
04-06 11:57:34.185 26660 26700 D Detox   : class com.wix.detox.espresso.DetoxAssertion, waitForAssertMatcher, [androidx.test.espresso.ViewInteraction@b25d214, (view has effective visibility <VISIBLE> and view.getGlobalVisibleRect() covers at least <75> percent of the view's area), 5.0]
04-06 11:57:34.196 26660 26660 I ViewInteraction: Checking 'MatchesViewAssertion(Detox){viewMatcher=(view has effective visibility <VISIBLE> and view.getGlobalVisibleRect() covers at least <75> percent of the view's area)}' assertion on view (view.getTag() is "app-root" and view has effective visibility <VISIBLE>)
04-06 11:57:34.202 26660 26700 I DetoxWSClient: Sending out action 'invokeResult' (ID #80)
04-06 11:57:34.202 26660 26700 I DetoxDispatcher: Done with action 'invoke'
04-06 11:57:34.207 26660 26704 D DetoxWSClient: Received action 'invoke' (ID #81, params={"target":{"type":"Class","value":"com.wix.detox.espresso.DetoxAssertion"},"method":"assertMatcher","args":[{"type":"Invocation","value":{"target":{"type":"Class","value":"androidx.test.espresso.Espresso"},"method":"onView","args":[{"type":"Invocation","value":{"target":{"type":"Class","value":"com.wix.detox.espresso.DetoxMatcher"},"method":"matcherForTestId","args":["app-root",{"type":"boolean","value":false}]}}]}},{"type":"Invocation","value":{"target":{"type":"Class","value":"com.wix.detox.espresso.DetoxMatcher"},"method":"matcherForSufficientlyVisible","args":[{"type":"Integer","value":75}]}}]})
04-06 11:57:34.207 26660 26700 I DetoxDispatcher: Handling action 'invoke' (ID #81)...
04-06 11:57:34.207 26660 26700 D Detox   : class com.wix.detox.espresso.DetoxMatcher, matcherForTestId, [app-root, false]
04-06 11:57:34.207 26660 26700 D Detox   : class androidx.test.espresso.Espresso, onView, [(view.getTag() is "app-root" and view has effective visibility <VISIBLE>)]
04-06 11:57:34.208 26660 26700 D Detox   : class com.wix.detox.espresso.DetoxMatcher, matcherForSufficientlyVisible, [75]
04-06 11:57:34.208 26660 26700 D Detox   : class com.wix.detox.espresso.DetoxAssertion, assertMatcher, [androidx.test.espresso.ViewInteraction@494babd, (view has effective visibility <VISIBLE> and view.getGlobalVisibleRect() covers at least <75> percent of the view's area)]
04-06 11:57:34.211 26660 26660 I ViewInteraction: Checking 'MatchesViewAssertion(Detox){viewMatcher=(view has effective visibility <VISIBLE> and view.getGlobalVisibleRect() covers at least <75> percent of the view's area)}' assertion on view (view.getTag() is "app-root" and view has effective visibility <VISIBLE>)
04-06 11:57:34.212 26660 26700 I DetoxWSClient: Sending out action 'invokeResult' (ID #81)
04-06 11:57:34.212 26660 26700 I DetoxDispatcher: Done with action 'invoke'
04-06 11:57:34.216 26660 26704 D DetoxWSClient: Received action 'invoke' (ID #82, params={"target":{"type":"Class","value":"com.wix.detox.espresso.DetoxAssertion"},"method":"waitForAssertMatcher","args":[{"type":"Invocation","value":{"target":{"type":"Class","value":"androidx.test.espresso.Espresso"},"method":"onView","args":[{"type":"Invocation","value":{"target":{"type":"Class","value":"com.wix.detox.espresso.DetoxMatcher"},"method":"matcherForTestId","args":["serie-salva-indicator",{"type":"boolean","value":false}]}}]}},{"type":"Invocation","value":{"target":{"type":"Class","value":"com.wix.detox.espresso.DetoxMatcher"},"method":"matcherForSufficientlyVisible","args":[{"type":"Integer","value":75}]}},{"type":"Double","value":5}]})
04-06 11:57:34.216 26660 26700 I DetoxDispatcher: Handling action 'invoke' (ID #82)...
04-06 11:57:34.217 26660 26700 D Detox   : class com.wix.detox.espresso.DetoxMatcher, matcherForTestId, [serie-salva-indicator, false]
04-06 11:57:34.217 26660 26700 D Detox   : class androidx.test.espresso.Espresso, onView, [(view.getTag() is "serie-salva-indicator" and view has effective visibility <VISIBLE>)]
04-06 11:57:34.218 26660 26700 D Detox   : class com.wix.detox.espresso.DetoxMatcher, matcherForSufficientlyVisible, [75]
04-06 11:57:34.218 26660 26700 D Detox   : class com.wix.detox.espresso.DetoxAssertion, waitForAssertMatcher, [androidx.test.espresso.ViewInteraction@f6748b2, (view has effective visibility <VISIBLE> and view.getGlobalVisibleRect() covers at least <75> percent of the view's area), 5.0]
04-06 11:57:34.341 26660 26660 I ViewInteraction: Checking 'MatchesViewAssertion(Detox){viewMatcher=(view has effective visibility <VISIBLE> and view.getGlobalVisibleRect() covers at least <75> percent of the view's area)}' assertion on view (view.getTag() is "serie-salva-indicator" and view has effective visibility <VISIBLE>)
04-06 11:57:34.497 26660 26660 I ViewInteraction: Checking 'MatchesViewAssertion(Detox){viewMatcher=(view has effective visibility <VISIBLE> and view.getGlobalVisibleRect() covers at least <75> percent of the view's area)}' assertion on view (view.getTag() is "serie-salva-indicator" and view has effective visibility <VISIBLE>)
04-06 11:57:34.636 26660 26660 I ViewInteraction: Checking 'MatchesViewAssertion(Detox){viewMatcher=(view has effective visibility <VISIBLE> and view.getGlobalVisibleRect() covers at least <75> percent of the view's area)}' assertion on view (view.getTag() is "serie-salva-indicator" and view has effective visibility <VISIBLE>)
04-06 11:57:34.769 26660 26660 I ViewInteraction: Checking 'MatchesViewAssertion(Detox){viewMatcher=(view has effective visibility <VISIBLE> and view.getGlobalVisibleRect() covers at least <75> percent of the view's area)}' assertion on view (view.getTag() is "serie-salva-indicator" and view has effective visibility <VISIBLE>)
04-06 11:57:34.905 26660 26660 I ViewInteraction: Checking 'MatchesViewAssertion(Detox){viewMatcher=(view has effective visibility <VISIBLE> and view.getGlobalVisibleRect() covers at least <75> percent of the view's area)}' assertion on view (view.getTag() is "serie-salva-indicator" and view has effective visibility <VISIBLE>)
04-06 11:57:35.037 26660 26660 I ViewInteraction: Checking 'MatchesViewAssertion(Detox){viewMatcher=(view has effective visibility <VISIBLE> and view.getGlobalVisibleRect() covers at least <75> percent of the view's area)}' assertion on view (view.getTag() is "serie-salva-indicator" and view has effective visibility <VISIBLE>)
04-06 11:57:35.180 26660 26660 I ViewInteraction: Checking 'MatchesViewAssertion(Detox){viewMatcher=(view has effective visibility <VISIBLE> and view.getGlobalVisibleRect() covers at least <75> percent of the view's area)}' assertion on view (view.getTag() is "serie-salva-indicator" and view has effective visibility <VISIBLE>)
04-06 11:57:35.309 26660 26660 I ViewInteraction: Checking 'MatchesViewAssertion(Detox){viewMatcher=(view has effective visibility <VISIBLE> and view.getGlobalVisibleRect() covers at least <75> percent of the view's area)}' assertion on view (view.getTag() is "serie-salva-indicator" and view has effective visibility <VISIBLE>)
04-06 11:57:35.449 26660 26660 I ViewInteraction: Checking 'MatchesViewAssertion(Detox){viewMatcher=(view has effective visibility <VISIBLE> and view.getGlobalVisibleRect() covers at least <75> percent of the view's area)}' assertion on view (view.getTag() is "serie-salva-indicator" and view has effective visibility <VISIBLE>)
04-06 11:57:35.582 26660 26660 I ViewInteraction: Checking 'MatchesViewAssertion(Detox){viewMatcher=(view has effective visibility <VISIBLE> and view.getGlobalVisibleRect() covers at least <75> percent of the view's area)}' assertion on view (view.getTag() is "serie-salva-indicator" and view has effective visibility <VISIBLE>)
04-06 11:57:35.722 26660 26660 I ViewInteraction: Checking 'MatchesViewAssertion(Detox){viewMatcher=(view has effective visibility <VISIBLE> and view.getGlobalVisibleRect() covers at least <75> percent of the view's area)}' assertion on view (view.getTag() is "serie-salva-indicator" and view has effective visibility <VISIBLE>)
04-06 11:57:35.857 26660 26660 I ViewInteraction: Checking 'MatchesViewAssertion(Detox){viewMatcher=(view has effective visibility <VISIBLE> and view.getGlobalVisibleRect() covers at least <75> percent of the view's area)}' assertion on view (view.getTag() is "serie-salva-indicator" and view has effective visibility <VISIBLE>)
04-06 11:57:36.000 26660 26660 I ViewInteraction: Checking 'MatchesViewAssertion(Detox){viewMatcher=(view has effective visibility <VISIBLE> and view.getGlobalVisibleRect() covers at least <75> percent of the view's area)}' assertion on view (view.getTag() is "serie-salva-indicator" and view has effective visibility <VISIBLE>)
04-06 11:57:36.131 26660 26660 I ViewInteraction: Checking 'MatchesViewAssertion(Detox){viewMatcher=(view has effective visibility <VISIBLE> and view.getGlobalVisibleRect() covers at least <75> percent of the view's area)}' assertion on view (view.getTag() is "serie-salva-indicator" and view has effective visibility <VISIBLE>)
04-06 11:57:36.479 26660 26660 I ViewInteraction: Checking 'MatchesViewAssertion(Detox){viewMatcher=(view has effective visibility <VISIBLE> and view.getGlobalVisibleRect() covers at least <75> percent of the view's area)}' assertion on view (view.getTag() is "serie-salva-indicator" and view has effective visibility <VISIBLE>)
04-06 11:57:36.611 26660 26660 I ViewInteraction: Checking 'MatchesViewAssertion(Detox){viewMatcher=(view has effective visibility <VISIBLE> and view.getGlobalVisibleRect() covers at least <75> percent of the view's area)}' assertion on view (view.getTag() is "serie-salva-indicator" and view has effective visibility <VISIBLE>)
04-06 11:57:36.740 26660 26660 I ViewInteraction: Checking 'MatchesViewAssertion(Detox){viewMatcher=(view has effective visibility <VISIBLE> and view.getGlobalVisibleRect() covers at least <75> percent of the view's area)}' assertion on view (view.getTag() is "serie-salva-indicator" and view has effective visibility <VISIBLE>)
04-06 11:57:36.869 26660 26660 I ViewInteraction: Checking 'MatchesViewAssertion(Detox){viewMatcher=(view has effective visibility <VISIBLE> and view.getGlobalVisibleRect() covers at least <75> percent of the view's area)}' assertion on view (view.getTag() is "serie-salva-indicator" and view has effective visibility <VISIBLE>)
04-06 11:57:36.999 26660 26660 I ViewInteraction: Checking 'MatchesViewAssertion(Detox){viewMatcher=(view has effective visibility <VISIBLE> and view.getGlobalVisibleRect() covers at least <75> percent of the view's area)}' assertion on view (view.getTag() is "serie-salva-indicator" and view has effective visibility <VISIBLE>)
04-06 11:57:37.119 26660 26660 I ViewInteraction: Checking 'MatchesViewAssertion(Detox){viewMatcher=(view has effective visibility <VISIBLE> and view.getGlobalVisibleRect() covers at least <75> percent of the view's area)}' assertion on view (view.getTag() is "serie-salva-indicator" and view has effective visibility <VISIBLE>)
04-06 11:57:37.240 26660 26660 I ViewInteraction: Checking 'MatchesViewAssertion(Detox){viewMatcher=(view has effective visibility <VISIBLE> and view.getGlobalVisibleRect() covers at least <75> percent of the view's area)}' assertion on view (view.getTag() is "serie-salva-indicator" and view has effective visibility <VISIBLE>)
04-06 11:57:37.373 26660 26660 I ViewInteraction: Checking 'MatchesViewAssertion(Detox){viewMatcher=(view has effective visibility <VISIBLE> and view.getGlobalVisibleRect() covers at least <75> percent of the view's area)}' assertion on view (view.getTag() is "serie-salva-indicator" and view has effective visibility <VISIBLE>)
04-06 11:57:37.494 26660 26660 I ViewInteraction: Checking 'MatchesViewAssertion(Detox){viewMatcher=(view has effective visibility <VISIBLE> and view.getGlobalVisibleRect() covers at least <75> percent of the view's area)}' assertion on view (view.getTag() is "serie-salva-indicator" and view has effective visibility <VISIBLE>)
04-06 11:57:37.629 26660 26660 I ViewInteraction: Checking 'MatchesViewAssertion(Detox){viewMatcher=(view has effective visibility <VISIBLE> and view.getGlobalVisibleRect() covers at least <75> percent of the view's area)}' assertion on view (view.getTag() is "serie-salva-indicator" and view has effective visibility <VISIBLE>)
04-06 11:57:37.759 26660 26660 I ViewInteraction: Checking 'MatchesViewAssertion(Detox){viewMatcher=(view has effective visibility <VISIBLE> and view.getGlobalVisibleRect() covers at least <75> percent of the view's area)}' assertion on view (view.getTag() is "serie-salva-indicator" and view has effective visibility <VISIBLE>)
04-06 11:57:37.891 26660 26660 I ViewInteraction: Checking 'MatchesViewAssertion(Detox){viewMatcher=(view has effective visibility <VISIBLE> and view.getGlobalVisibleRect() covers at least <75> percent of the view's area)}' assertion on view (view.getTag() is "serie-salva-indicator" and view has effective visibility <VISIBLE>)
04-06 11:57:38.012 26660 26660 I ViewInteraction: Checking 'MatchesViewAssertion(Detox){viewMatcher=(view has effective visibility <VISIBLE> and view.getGlobalVisibleRect() covers at least <75> percent of the view's area)}' assertion on view (view.getTag() is "serie-salva-indicator" and view has effective visibility <VISIBLE>)
04-06 11:57:38.146 26660 26660 I ViewInteraction: Checking 'MatchesViewAssertion(Detox){viewMatcher=(view has effective visibility <VISIBLE> and view.getGlobalVisibleRect() covers at least <75> percent of the view's area)}' assertion on view (view.getTag() is "serie-salva-indicator" and view has effective visibility <VISIBLE>)
04-06 11:57:38.275 26660 26660 I ViewInteraction: Checking 'MatchesViewAssertion(Detox){viewMatcher=(view has effective visibility <VISIBLE> and view.getGlobalVisibleRect() covers at least <75> percent of the view's area)}' assertion on view (view.getTag() is "serie-salva-indicator" and view has effective visibility <VISIBLE>)
04-06 11:57:38.400 26660 26660 I ViewInteraction: Checking 'MatchesViewAssertion(Detox){viewMatcher=(view has effective visibility <VISIBLE> and view.getGlobalVisibleRect() covers at least <75> percent of the view's area)}' assertion on view (view.getTag() is "serie-salva-indicator" and view has effective visibility <VISIBLE>)
04-06 11:57:38.519 26660 26660 I ViewInteraction: Checking 'MatchesViewAssertion(Detox){viewMatcher=(view has effective visibility <VISIBLE> and view.getGlobalVisibleRect() covers at least <75> percent of the view's area)}' assertion on view (view.getTag() is "serie-salva-indicator" and view has effective visibility <VISIBLE>)
04-06 11:57:38.653 26660 26660 I ViewInteraction: Checking 'MatchesViewAssertion(Detox){viewMatcher=(view has effective visibility <VISIBLE> and view.getGlobalVisibleRect() covers at least <75> percent of the view's area)}' assertion on view (view.getTag() is "serie-salva-indicator" and view has effective visibility <VISIBLE>)
04-06 11:57:38.776 26660 26660 I ViewInteraction: Checking 'MatchesViewAssertion(Detox){viewMatcher=(view has effective visibility <VISIBLE> and view.getGlobalVisibleRect() covers at least <75> percent of the view's area)}' assertion on view (view.getTag() is "serie-salva-indicator" and view has effective visibility <VISIBLE>)
04-06 11:57:38.908 26660 26660 I ViewInteraction: Checking 'MatchesViewAssertion(Detox){viewMatcher=(view has effective visibility <VISIBLE> and view.getGlobalVisibleRect() covers at least <75> percent of the view's area)}' assertion on view (view.getTag() is "serie-salva-indicator" and view has effective visibility <VISIBLE>)
04-06 11:57:39.041 26660 26660 I ViewInteraction: Checking 'MatchesViewAssertion(Detox){viewMatcher=(view has effective visibility <VISIBLE> and view.getGlobalVisibleRect() covers at least <75> percent of the view's area)}' assertion on view (view.getTag() is "serie-salva-indicator" and view has effective visibility <VISIBLE>)
04-06 11:57:39.180 26660 26660 I ViewInteraction: Checking 'MatchesViewAssertion(Detox){viewMatcher=(view has effective visibility <VISIBLE> and view.getGlobalVisibleRect() covers at least <75> percent of the view's area)}' assertion on view (view.getTag() is "serie-salva-indicator" and view has effective visibility <VISIBLE>)
04-06 11:57:39.306 26660 26660 I ViewInteraction: Checking 'MatchesViewAssertion(Detox){viewMatcher=(view has effective visibility <VISIBLE> and view.getGlobalVisibleRect() covers at least <75> percent of the view's area)}' assertion on view (view.getTag() is "serie-salva-indicator" and view has effective visibility <VISIBLE>)
04-06 11:57:39.333 26660 26700 I DetoxActionHandlers: Test exception
04-06 11:57:39.333 26660 26700 I DetoxActionHandlers: java.lang.reflect.InvocationTargetException
04-06 11:57:39.333 26660 26700 I DetoxActionHandlers: 	at java.lang.reflect.Method.invoke(Native Method)
04-06 11:57:39.333 26660 26700 I DetoxActionHandlers: 	at org.apache.commons.lang3.reflect.MethodUtils.invokeStaticMethod(MethodUtils.java:443)
04-06 11:57:39.333 26660 26700 I DetoxActionHandlers: 	at org.apache.commons.lang3.reflect.MethodUtils.invokeStaticMethod(MethodUtils.java:405)
04-06 11:57:39.333 26660 26700 I DetoxActionHandlers: 	at com.wix.invoke.types.ClassTarget.execute(ClassTarget.java:23)
04-06 11:57:39.333 26660 26700 I DetoxActionHandlers: 	at com.wix.invoke.types.Target.invoke(Target.java:59)
04-06 11:57:39.333 26660 26700 I DetoxActionHandlers: 	at com.wix.invoke.MethodInvocation.invoke(MethodInvocation.java:35)
04-06 11:57:39.333 26660 26700 I DetoxActionHandlers: 	at com.wix.invoke.MethodInvocation.invoke(MethodInvocation.java:26)
04-06 11:57:39.333 26660 26700 I DetoxActionHandlers: 	at com.wix.invoke.MethodInvocation.invoke(MethodInvocation.java:20)
04-06 11:57:39.333 26660 26700 I DetoxActionHandlers: 	at com.wix.detox.adapters.server.InvokeActionHandler.handle(DetoxActionHandlers.kt:54)
04-06 11:57:39.333 26660 26700 I DetoxActionHandlers: 	at com.wix.detox.adapters.server.ActionsExecutor.executeAction$lambda$2$lambda$1(DetoxActionsDispatcher.kt:76)
04-06 11:57:39.333 26660 26700 I DetoxActionHandlers: 	at com.wix.detox.adapters.server.ActionsExecutor.$r8$lambda$GVbB7LHtBHxNHGbgYnHJ6YrwCqs(Unknown Source:0)
04-06 11:57:39.333 26660 26700 I DetoxActionHandlers: 	at com.wix.detox.adapters.server.ActionsExecutor$$ExternalSyntheticLambda0.run(D8$$SyntheticClass:0)
04-06 11:57:39.333 26660 26700 I DetoxActionHandlers: 	at android.os.Handler.handleCallback(Handler.java:942)
04-06 11:57:39.333 26660 26700 I DetoxActionHandlers: 	at android.os.Handler.dispatchMessage(Handler.java:99)
04-06 11:57:39.333 26660 26700 I DetoxActionHandlers: 	at android.os.Looper.loopOnce(Looper.java:226)
04-06 11:57:39.333 26660 26700 I DetoxActionHandlers: 	at android.os.Looper.loop(Looper.java:313)
04-06 11:57:39.333 26660 26700 I DetoxActionHandlers: 	at com.w