04-06 10:33:13.672 19576 19576 I IMM_LC  : showSoftInput(View,I)
04-06 10:33:13.672 19576 19576 I IMM_LC  : ssi() - flag : 0 view : com.evolucao.app reason = SHOW_SOFT_INPUT
04-06 10:33:13.674 19576 19576 I ViewRootImpl@7727a6e[PopupWindow:82ede9]: performTraversals params={(112,1390)(90x108) gr=TOP START CENTER sim={state=unchanged adjust=pan} ty=APPLICATION_SUB_PANEL fmt=TRANSLUCENT wanim=0x1030313 surfaceInsets=Rect(0, 0 - 0, 0) (manual)
04-06 10:33:13.674 19576 19576 I ViewRootImpl@7727a6e[PopupWindow:82ede9]:   fl=41800208
04-06 10:33:13.674 19576 19576 I ViewRootImpl@7727a6e[PopupWindow:82ede9]:   pfl=2018000
04-06 10:33:13.674 19576 19576 I ViewRootImpl@7727a6e[PopupWindow:82ede9]:   bhv=DEFAULT
04-06 10:33:13.674 19576 19576 I ViewRootImpl@7727a6e[PopupWindow:82ede9]:   fitTypes=STATUS_BARS NAVIGATION_BARS CAPTION_BAR naviIconColor=0
04-06 10:33:13.674 19576 19576 I ViewRootImpl@7727a6e[PopupWindow:82ede9]:   sfl=20000}
04-06 10:33:13.675 19576 19576 I ViewRootImpl@7727a6e[PopupWindow:82ede9]: performTraversals mFirst=true windowShouldResize=true viewVisibilityChanged=false mForceNextWindowRelayout=false params={(112,1390)(90x108) gr=TOP START CENTER sim={state=unchanged adjust=pan} ty=APPLICATION_SUB_PANEL fmt=TRANSLUCENT wanim=0x1030313 surfaceInsets=Rect(0, 0 - 0, 0) (manual)
04-06 10:33:13.675 19576 19576 I ViewRootImpl@7727a6e[PopupWindow:82ede9]:   fl=41800208
04-06 10:33:13.675 19576 19576 I ViewRootImpl@7727a6e[PopupWindow:82ede9]:   pfl=42018000
04-06 10:33:13.675 19576 19576 I ViewRootImpl@7727a6e[PopupWindow:82ede9]:   bhv=DEFAULT
04-06 10:33:13.675 19576 19576 I ViewRootImpl@7727a6e[PopupWindow:82ede9]:   fitTypes=STATUS_BARS NAVIGATION_BARS CAPTION_BAR naviIconColor=0
04-06 10:33:13.675 19576 19576 I ViewRootImpl@7727a6e[PopupWindow:82ede9]:   sfl=20000}
04-06 10:33:13.678 19576 19713 I ViewRootImpl@7727a6e[PopupWindow:82ede9]: Resizing android.view.ViewRootImpl@f8eb32b: frame = [112,1390][202,1498] reportDraw = true forceLayout = false syncSeqId = 0
04-06 10:33:13.679 19576 19576 I ViewRootImpl@7727a6e[PopupWindow:82ede9]: updateBlastSurfaceIfNeeded mBlastBufferQueue=null isSameSurfaceControl=false
04-06 10:33:13.680 19576 19576 I BLASTBufferQueue: new BLASTBufferQueue, mName= ViewRootImpl@7727a6e[PopupWindow:82ede9] mNativeObject= 0xb4000070a6dc9280 sc.mNativeObject= 0xb4000070a0ccec80 caller= android.view.ViewRootImpl.updateBlastSurfaceIfNeeded:2909 android.view.ViewRootImpl.relayoutWindow:9847 android.view.ViewRootImpl.performTraversals:3884 android.view.ViewRootImpl.doTraversal:3116 android.view.ViewRootImpl$TraversalRunnable.run:10885 android.view.Choreographer$CallbackRecord.run:1301 android.view.Choreographer$CallbackRecord.run:1309 android.view.Choreographer.doCallbacks:923 android.view.Choreographer.doFrame:852 android.view.Choreographer$FrameDisplayEventReceiver.run:1283 
04-06 10:33:13.680 19576 19576 I BLASTBufferQueue: update, w= 90 h= 108 mName = ViewRootImpl@7727a6e[PopupWindow:82ede9] mNativeObject= 0xb4000070a6dc9280 sc.mNativeObject= 0xb4000070a0ccec80 format= -3 caller= android.graphics.BLASTBufferQueue.<init>:84 android.view.ViewRootImpl.updateBlastSurfaceIfNeeded:2909 android.view.ViewRootImpl.relayoutWindow:9847 android.view.ViewRootImpl.performTraversals:3884 android.view.ViewRootImpl.doTraversal:3116 android.view.ViewRootImpl$TraversalRunnable.run:10885 
04-06 10:33:13.680 19576 19576 I ViewRootImpl@7727a6e[PopupWindow:82ede9]: Relayout returned: old=(112,1390,202,1498) new=(112,1390,202,1498) req=(90,108)0 dur=4 res=0x3 s={true 0xb4000070a6f27800} ch=true seqId=0
04-06 10:33:13.681 19576 19576 I ViewRootImpl@7727a6e[PopupWindow:82ede9]: mThreadedRenderer.initialize() mSurface={isValid=true 0xb4000070a6f27800} hwInitialized=true
04-06 10:33:13.681 19576 19629 D OpenGLRenderer: eglCreateWindowSurface
04-06 10:33:13.682 19576 19576 I ViewRootImpl@7727a6e[PopupWindow:82ede9]: reportNextDraw android.view.ViewRootImpl.performTraversals:4438 android.view.ViewRootImpl.doTraversal:3116 android.view.ViewRootImpl$TraversalRunnable.run:10885 android.view.Choreographer$CallbackRecord.run:1301 android.view.Choreographer$CallbackRecord.run:1309 
04-06 10:33:13.682 19576 19576 I ViewRootImpl@7727a6e[PopupWindow:82ede9]: Setup new sync id=0
04-06 10:33:13.682 19576 19576 I ViewRootImpl@7727a6e[PopupWindow:82ede9]: Setting syncFrameCallback
04-06 10:33:13.682 19576 19576 I ViewRootImpl@7727a6e[PopupWindow:82ede9]: registerCallbacksForSync syncBuffer=false
04-06 10:33:13.683 19576 19649 I ViewRootImpl@7727a6e[PopupWindow:82ede9]: Received frameDrawingCallback syncResult=0 frameNum=1.
04-06 10:33:13.683 19576 19649 I ViewRootImpl@7727a6e[PopupWindow:82ede9]: Setting up sync and frameCommitCallback
04-06 10:33:13.683 19576 19629 I BLASTBufferQueue: [ViewRootImpl@7727a6e[PopupWindow:82ede9]#4](f:0,a:0) onFrameAvailable the first frame is available
04-06 10:33:13.683 19576 19629 I ViewRootImpl@7727a6e[PopupWindow:82ede9]: Received frameCommittedCallback lastAttemptedDrawFrameNum=1 didProduceBuffer=true
04-06 10:33:13.684 19576 19629 D OpenGLRenderer: CFMS:: SetUp Pid : 19576    Tid : 19629
04-06 10:33:13.684 19576 19629 W Parcel  : Expecting binder but got null!
04-06 10:33:13.684 19576 19576 I ViewRootImpl@7727a6e[PopupWindow:82ede9]: onSyncComplete
04-06 10:33:13.684 19576 19576 I ViewRootImpl@7727a6e[PopupWindow:82ede9]: setupSync seqId=0 mSyncId=0 fn=1 caller=android.view.ViewRootImpl$$ExternalSyntheticLambda11.accept:6 android.window.SurfaceSyncer.lambda$setupSync$1$android-window-SurfaceSyncer:128 android.window.SurfaceSyncer$$ExternalSyntheticLambda1.accept:8 android.window.SurfaceSyncer$SyncSet.checkIfSyncIsComplete:382 android.window.SurfaceSyncer$SyncSet.markSyncReady:359 android.window.SurfaceSyncer.markSyncReady:151 android.view.ViewRootImpl.performTraversals:4503 
04-06 10:33:13.686 19576 19576 I ViewRootImpl@4617121[PopupWindow:89b9388]: performTraversals params={(112,1296)(90x94) gr=TOP START CENTER sim={state=unchanged adjust=pan} ty=APPLICATION_SUB_PANEL fmt=TRANSLUCENT wanim=0x1030313 surfaceInsets=Rect(0, 0 - 0, 0) (manual)
04-06 10:33:13.686 19576 19576 I ViewRootImpl@4617121[PopupWindow:89b9388]:   fl=41800218
04-06 10:33:13.686 19576 19576 I ViewRootImpl@4617121[PopupWindow:89b9388]:   pfl=2018000
04-06 10:33:13.686 19576 19576 I ViewRootImpl@4617121[PopupWindow:89b9388]:   bhv=DEFAULT
04-06 10:33:13.686 19576 19576 I ViewRootImpl@4617121[PopupWindow:89b9388]:   fitTypes=STATUS_BARS NAVIGATION_BARS CAPTION_BAR naviIconColor=0
04-06 10:33:13.686 19576 19576 I ViewRootImpl@4617121[PopupWindow:89b9388]:   sfl=20000}
04-06 10:33:13.687 19576 19576 I ViewRootImpl@4617121[PopupWindow:89b9388]: performTraversals mFirst=true windowShouldResize=true viewVisibilityChanged=false mForceNextWindowRelayout=false params={(112,1296)(90x94) gr=TOP START CENTER sim={state=unchanged adjust=pan} ty=APPLICATION_SUB_PANEL fmt=TRANSLUCENT wanim=0x1030313 surfaceInsets=Rect(0, 0 - 0, 0) (manual)
04-06 10:33:13.687 19576 19576 I ViewRootImpl@4617121[PopupWindow:89b9388]:   fl=41800218
04-06 10:33:13.687 19576 19576 I ViewRootImpl@4617121[PopupWindow:89b9388]:   pfl=42018000
04-06 10:33:13.687 19576 19576 I ViewRootImpl@4617121[PopupWindow:89b9388]:   bhv=DEFAULT
04-06 10:33:13.687 19576 19576 I ViewRootImpl@4617121[PopupWindow:89b9388]:   fitTypes=STATUS_BARS NAVIGATION_BARS CAPTION_BAR naviIconColor=0
04-06 10:33:13.687 19576 19576 I ViewRootImpl@4617121[PopupWindow:89b9388]:   sfl=20000}
04-06 10:33:13.690 19576 19718 I ViewRootImpl@4617121[PopupWindow:89b9388]: Resizing android.view.ViewRootImpl@174d3d2: frame = [112,1296][202,1390] reportDraw = true forceLayout = false syncSeqId = 0
04-06 10:33:13.691 19576 19576 I ViewRootImpl@4617121[PopupWindow:89b9388]: updateBlastSurfaceIfNeeded mBlastBufferQueue=null isSameSurfaceControl=false
04-06 10:33:13.691 19576 19576 I BLASTBufferQueue: new BLASTBufferQueue, mName= ViewRootImpl@4617121[PopupWindow:89b9388] mNativeObject= 0xb4000070a6ec1c00 sc.mNativeObject= 0xb4000070a0ce1060 caller= android.view.ViewRootImpl.updateBlastSurfaceIfNeeded:2909 android.view.ViewRootImpl.relayoutWindow:9847 android.view.ViewRootImpl.performTraversals:3884 android.view.ViewRootImpl.doTraversal:3116 android.view.ViewRootImpl$TraversalRunnable.run:10885 android.view.Choreographer$CallbackRecord.run:1301 android.view.Choreographer$CallbackRecord.run:1309 android.view.Choreographer.doCallbacks:923 android.view.Choreographer.doFrame:852 android.view.Choreographer$FrameDisplayEventReceiver.run:1283 
04-06 10:33:13.691 19576 19576 I BLASTBufferQueue: update, w= 90 h= 94 mName = ViewRootImpl@4617121[PopupWindow:89b9388] mNativeObject= 0xb4000070a6ec1c00 sc.mNativeObject= 0xb4000070a0ce1060 format= -3 caller= android.graphics.BLASTBufferQueue.<init>:84 android.view.ViewRootImpl.updateBlastSurfaceIfNeeded:2909 android.view.ViewRootImpl.relayoutWindow:9847 android.view.ViewRootImpl.performTraversals:3884 android.view.ViewRootImpl.doTraversal:3116 android.view.ViewRootImpl$TraversalRunnable.run:10885 
04-06 10:33:13.692 19576 19576 I ViewRootImpl@4617121[PopupWindow:89b9388]: Relayout returned: old=(112,1296,202,1390) new=(112,1296,202,1390) req=(90,94)0 dur=4 res=0x3 s={true 0xb4000070a0e57800} ch=true seqId=0
04-06 10:33:13.692 19576 19576 I ViewRootImpl@4617121[PopupWindow:89b9388]: mThreadedRenderer.initialize() mSurface={isValid=true 0xb4000070a0e57800} hwInitialized=true
04-06 10:33:13.692 19576 19629 D OpenGLRenderer: eglCreateWindowSurface
04-06 10:33:13.693 19576 19576 I ViewRootImpl@4617121[PopupWindow:89b9388]: reportNextDraw android.view.ViewRootImpl.performTraversals:4438 android.view.ViewRootImpl.doTraversal:3116 android.view.ViewRootImpl$TraversalRunnable.run:10885 android.view.Choreographer$CallbackRecord.run:1301 android.view.Choreographer$CallbackRecord.run:1309 
04-06 10:33:13.693 19576 19576 I ViewRootImpl@4617121[PopupWindow:89b9388]: Setup new sync id=0
04-06 10:33:13.693 19576 19576 I ViewRootImpl@4617121[PopupWindow:89b9388]: Setting syncFrameCallback
04-06 10:33:13.693 19576 19576 I ViewRootImpl@4617121[PopupWindow:89b9388]: registerCallbacksForSync syncBuffer=false
04-06 10:33:13.693 19576 19650 I ViewRootImpl@4617121[PopupWindow:89b9388]: Received frameDrawingCallback syncResult=0 frameNum=1.
04-06 10:33:13.694 19576 19650 I ViewRootImpl@4617121[PopupWindow:89b9388]: Setting up sync and frameCommitCallback
04-06 10:33:13.694 19576 19629 I BLASTBufferQueue: [ViewRootImpl@4617121[PopupWindow:89b9388]#5](f:0,a:0) onFrameAvailable the first frame is available
04-06 10:33:13.694 19576 19629 I ViewRootImpl@4617121[PopupWindow:89b9388]: Received frameCommittedCallback lastAttemptedDrawFrameNum=1 didProduceBuffer=true
04-06 10:33:13.694 19576 19629 D OpenGLRenderer: CFMS:: SetUp Pid : 19576    Tid : 19629
04-06 10:33:13.695 19576 19629 W Parcel  : Expecting binder but got null!
04-06 10:33:13.695 19576 19576 I ViewRootImpl@4617121[PopupWindow:89b9388]: onSyncComplete
04-06 10:33:13.695 19576 19576 I ViewRootImpl@4617121[PopupWindow:89b9388]: setupSync seqId=0 mSyncId=0 fn=1 caller=android.view.ViewRootImpl$$ExternalSyntheticLambda11.accept:6 android.window.SurfaceSyncer.lambda$setupSync$1$android-window-SurfaceSyncer:128 android.window.SurfaceSyncer$$ExternalSyntheticLambda1.accept:8 android.window.SurfaceSyncer$SyncSet.checkIfSyncIsComplete:382 android.window.SurfaceSyncer$SyncSet.markSyncReady:359 android.window.SurfaceSyncer.markSyncReady:151 android.view.ViewRootImpl.performTraversals:4503 
04-06 10:33:13.695 19576 19576 I ViewRootImpl@4617121[PopupWindow:89b9388]: reportDrawFinished seqId=0 mSyncId=-1 fn=1 mSurfaceChangedTransaction=0xb4000070b4d4ca00
04-06 10:33:13.695 19576 19576 I ViewRootImpl@7727a6e[PopupWindow:82ede9]: reportDrawFinished seqId=0 mSyncId=-1 fn=1 mSurfaceChangedTransaction=0xb4000070b4cd1d00
04-06 10:33:13.698 19576 19576 I ViewRootImpl@7727a6e[PopupWindow:82ede9]: handleResized, msg = 5 frames=ClientWindowFrames{frame=[112,1390][202,1498] display=[-100000,-100000][100000,100000] parentFrame=[0,0][0,0] parentClippedByDisplayCutout=false} forceNextWindowRelayout=false displayId=0 resizeMode=-1 frameChanged=false displayFrameChanged=false configChanged=false displayChanged=false
04-06 10:33:13.698 19576 19576 I ViewRootImpl@7727a6e[PopupWindow:82ede9]: handleResized mSyncSeqId = 0
04-06 10:33:13.698 19576 19576 I ViewRootImpl@7727a6e[PopupWindow:82ede9]: reportNextDraw android.view.ViewRootImpl.handleResized:2450 android.view.ViewRootImpl.-$$Nest$mhandleResized:0 android.view.ViewRootImpl$ViewRootHandler.handleMessageImpl:6728 android.view.ViewRootImpl$ViewRootHandler.handleMessage:6697 android.os.Handler.dispatchMessage:106 
04-06 10:33:13.699 19576 19576 I ViewRootImpl@4617121[PopupWindow:89b9388]: handleResized, msg = 5 frames=ClientWindowFrames{frame=[112,1296][202,1390] display=[-100000,-100000][100000,100000] parentFrame=[0,0][0,0] parentClippedByDisplayCutout=false} forceNextWindowRelayout=false displayId=0 resizeMode=-1 frameChanged=false displayFrameChanged=false configChanged=false displayChanged=false
04-06 10:33:13.699 19576 19576 I ViewRootImpl@4617121[PopupWindow:89b9388]: handleResized mSyncSeqId = 0
04-06 10:33:13.699 19576 19576 I ViewRootImpl@4617121[PopupWindow:89b9388]: reportNextDraw android.view.ViewRootImpl.handleResized:2450 android.view.ViewRootImpl.-$$Nest$mhandleResized:0 android.view.ViewRootImpl$ViewRootHandler.handleMessageImpl:6728 android.view.ViewRootImpl$ViewRootHandler.handleMessage:6697 android.os.Handler.dispatchMessage:106 
04-06 10:33:13.709 19576 19576 I ViewRootImpl@7727a6e[PopupWindow:82ede9]: Setup new sync id=1
04-06 10:33:13.709 19576 19576 I ViewRootImpl@7727a6e[PopupWindow:82ede9]: Setting syncFrameCallback
04-06 10:33:13.709 19576 19576 I ViewRootImpl@7727a6e[PopupWindow:82ede9]: registerCallbacksForSync syncBuffer=false
04-06 10:33:13.710 19576 19649 I ViewRootImpl@7727a6e[PopupWindow:82ede9]: Received frameDrawingCallback syncResult=0 frameNum=3.
04-06 10:33:13.710 19576 19649 I ViewRootImpl@7727a6e[PopupWindow:82ede9]: Setting up sync and frameCommitCallback
04-06 10:33:13.711 19576 19629 I ViewRootImpl@7727a6e[PopupWindow:82ede9]: Received frameCommittedCallback lastAttemptedDrawFrameNum=3 didProduceBuffer=true
04-06 10:33:13.711 19576 19576 I ViewRootImpl@7727a6e[PopupWindow:82ede9]: onSyncComplete
04-06 10:33:13.711 19576 19576 I ViewRootImpl@7727a6e[PopupWindow:82ede9]: setupSync seqId=0 mSyncId=1 fn=3 caller=android.view.ViewRootImpl$$ExternalSyntheticLambda11.accept:6 android.window.SurfaceSyncer.lambda$setupSync$1$android-window-SurfaceSyncer:128 android.window.SurfaceSyncer$$ExternalSyntheticLambda1.accept:8 android.window.SurfaceSyncer$SyncSet.checkIfSyncIsComplete:382 android.window.SurfaceSyncer$SyncSet.markSyncReady:359 android.window.SurfaceSyncer.markSyncReady:151 android.view.ViewRootImpl.performTraversals:4503 
04-06 10:33:13.711 19576 19576 I ViewRootImpl@4617121[PopupWindow:89b9388]: Setup new sync id=1
04-06 10:33:13.711 19576 19576 I ViewRootImpl@4617121[PopupWindow:89b9388]: Setting syncFrameCallback
04-06 10:33:13.711 19576 19576 I ViewRootImpl@4617121[PopupWindow:89b9388]: registerCallbacksForSync syncBuffer=false
04-06 10:33:13.712 19576 19650 I ViewRootImpl@4617121[PopupWindow:89b9388]: Received frameDrawingCallback syncResult=0 frameNum=2.
04-06 10:33:13.712 19576 19650 I ViewRootImpl@4617121[PopupWindow:89b9388]: Setting up sync and frameCommitCallback
04-06 10:33:13.712 19576 19629 I ViewRootImpl@4617121[PopupWindow:89b9388]: Received frameCommittedCallback lastAttemptedDrawFrameNum=2 didProduceBuffer=true
04-06 10:33:13.712 19576 19576 I ViewRootImpl@4617121[PopupWindow:89b9388]: onSyncComplete
04-06 10:33:13.713 19576 19576 I ViewRootImpl@4617121[PopupWindow:89b9388]: setupSync seqId=0 mSyncId=1 fn=2 caller=android.view.ViewRootImpl$$ExternalSyntheticLambda11.accept:6 android.window.SurfaceSyncer.lambda$setupSync$1$android-window-SurfaceSyncer:128 android.window.SurfaceSyncer$$ExternalSyntheticLambda1.accept:8 android.window.SurfaceSyncer$SyncSet.checkIfSyncIsComplete:382 android.window.SurfaceSyncer$SyncSet.markSyncReady:359 android.window.SurfaceSyncer.markSyncReady:151 android.view.ViewRootImpl.performTraversals:4503 
04-06 10:33:13.713 19576 19576 I ViewRootImpl@4617121[PopupWindow:89b9388]: reportDrawFinished seqId=0 mSyncId=-1 fn=2 mSurfaceChangedTransaction=0xb4000070b4d4ca00
04-06 10:33:13.713 19576 19576 I ViewRootImpl@7727a6e[PopupWindow:82ede9]: reportDrawFinished seqId=0 mSyncId=-1 fn=3 mSurfaceChangedTransaction=0xb4000070b4cd1d00
04-06 10:33:13.714 19576 19576 W OnBackInvokedCallback: OnBackInvokedCallback is not enabled for the application.
04-06 10:33:13.714 19576 19576 W OnBackInvokedCallback: Set 'android:enableOnBackInvokedCallback="true"' in the application manifest.
04-06 10:33:13.727 19576 19576 D InsetsController: show(ime(), fromIme=true)
04-06 10:33:13.733 19576 19576 D InsetsController: show(ime(), fromIme=true)
04-06 10:33:14.090 19576 19612 I DetoxWSClient: Sending out action 'invokeResult' (ID #4)
04-06 10:33:14.091 19576 19612 I DetoxDispatcher: Done with action 'invoke'
04-06 10:33:14.096 19576 19616 D DetoxWSClient: Received action 'invoke' (ID #5, params={"target":{"type":"Class","value":"com.wix.detox.espresso.EspressoDetox"},"method":"perform","args":[{"type":"Invocation","value":{"target":{"type":"Class","value":"com.wix.detox.espresso.DetoxMatcher"},"method":"matcherForTestId","args":["input-peso-meta",{"type":"boolean","value":false}]}},{"type":"Invocation","value":{"target":{"type":"Class","value":"androidx.test.espresso.action.ViewActions"},"method":"replaceText","args":["77"]}}]})
04-06 10:33:14.096 19576 19612 I DetoxDispatcher: Handling action 'invoke' (ID #5)...
04-06 10:33:14.097 19576 19612 D Detox   : class com.wix.detox.espresso.DetoxMatcher, matcherForTestId, [input-peso-meta, false]
04-06 10:33:14.098 19576 19612 D Detox   : class androidx.test.espresso.action.ViewActions, replaceText, [77]
04-06 10:33:14.098 19576 19612 D Detox   : class com.wix.detox.espresso.EspressoDetox, perform, [(view.getTag() is "input-peso-meta" and view has effective visibility <VISIBLE>), androidx.test.espresso.action.ReplaceTextAction@3c6bd1b]
04-06 10:33:14.105 19576 19576 I ViewInteraction: Performing 'replace text(77)' action on view (view.getTag() is "input-peso-meta" and view has effective visibility <VISIBLE>)
04-06 10:33:14.117 19576 19612 I DetoxWSClient: Sending out action 'invokeResult' (ID #5)
04-06 10:33:14.117 19576 19612 I DetoxDispatcher: Done with action 'invoke'
04-06 10:33:14.122 19576 19616 D DetoxWSClient: Received action 'invoke' (ID #6, params={"target":{"type":"Class","value":"com.wix.detox.espresso.EspressoDetox"},"method":"perform","args":[{"type":"Invocation","value":{"target":{"type":"Class","value":"com.wix.detox.espresso.DetoxMatcher"},"method":"matcherForTestId","args":["input-altura",{"type":"boolean","value":false}]}},{"type":"Invocation","value":{"target":{"type":"Class","value":"com.wix.detox.espresso.DetoxViewActions"},"method":"click","args":[]}}]})
04-06 10:33:14.125 19576 19612 I DetoxDispatcher: Handling action 'invoke' (ID #6)...
04-06 10:33:14.125 19576 19612 D Detox   : class com.wix.detox.espresso.DetoxMatcher, matcherForTestId, [input-altura, false]
04-06 10:33:14.126 19576 19612 D Detox   : class com.wix.detox.espresso.DetoxViewActions, click, []
04-06 10:33:14.126 19576 19612 D Detox   : class com.wix.detox.espresso.EspressoDetox, perform, [(view.getTag() is "input-altura" and view has effective visibility <VISIBLE>), com.wix.detox.espresso.action.RNClickAction@2fc7ce]
04-06 10:33:14.129 19576 19576 D InputMethodManager: startInputInner - Id : 0
04-06 10:33:14.129 19576 19576 I InputMethodManager: startInputInner - mService.startInputOrWindowGainedFocus
04-06 10:33:14.163 19576 19576 D InsetsController: show(ime(), fromIme=true)
04-06 10:33:14.165 19576 19576 I ViewInteraction: Performing 'com.wix.detox.espresso.action.detoxsingletap@bcd230b click' action on view (view.getTag() is "input-altura" and view has effective visibility <VISIBLE>)
04-06 10:33:14.201 19576 19576 I ViewRootImpl@73623ee[MainActivity]: ViewPostIme key 0
04-06 10:33:14.210 19576 19576 I ViewRootImpl@73623ee[MainActivity]: ViewPostIme key 1
04-06 10:33:14.212 19576 19629 D OpenGLRenderer: setSurface called with nullptr
04-06 10:33:14.212 19576 19629 D OpenGLRenderer: setSurface() destroyed EGLSurface
04-06 10:33:14.212 19576 19629 D OpenGLRenderer: destroyEglSurface
04-06 10:33:14.213 19576 19576 I ViewRootImpl@7727a6e[PopupWindow:82ede9]: dispatchDetachedFromWindow
04-06 10:33:14.217 19576 19576 D InputTransport: Input channel destroyed: 'd236e6e', fd=129
04-06 10:33:14.218 19576 19629 D OpenGLRenderer: setSurface called with nullptr
04-06 10:33:14.218 19576 19629 D OpenGLRenderer: setSurface() destroyed EGLSurface
04-06 10:33:14.218 19576 19629 D OpenGLRenderer: destroyEglSurface
04-06 10:33:14.218 19576 19576 I ViewRootImpl@4617121[PopupWindow:89b9388]: dispatchDetachedFromWindow
04-06 10:33:14.222 19576 19576 D InputTransport: Input channel destroyed: '41c037a', fd=133
04-06 10:33:14.632 19576 19612 I DetoxWSClient: Sending out action 'invokeResult' (ID #6)
04-06 10:33:14.633 19576 19612 I DetoxDispatcher: Done with action 'invoke'
04-06 10:33:14.639 19576 19616 D DetoxWSClient: Received action 'invoke' (ID #7, params={"target":{"type":"Class","value":"com.wix.detox.espresso.EspressoDetox"},"method":"perform","args":[{"type":"Invocation","value":{"target":{"type":"Class","value":"com.wix.detox.espresso.DetoxMatcher"},"method":"matcherForTestId","args":["input-altura",{"type":"boolean","value":false}]}},{"type":"Invocation","value":{"target":{"type":"Class","value":"androidx.test.espresso.action.ViewActions"},"method":"replaceText","args":["178"]}}]})
04-06 10:33:14.640 19576 19612 I DetoxDispatcher: Handling action 'invoke' (ID #7)...
04-06 10:33:14.641 19576 19612 D Detox   : class com.wix.detox.espresso.DetoxMatcher, matcherForTestId, [input-altura, false]
04-06 10:33:14.642 19576 19612 D Detox   : class androidx.test.espresso.action.ViewActions, replaceText, [178]
04-06 10:33:14.642 19576 19612 D Detox   : class com.wix.detox.espresso.EspressoDetox, perform, [(view.getTag() is "input-altura" and view has effective visibility <VISIBLE>), androidx.test.espresso.action.ReplaceTextAction@57b63bf]
04-06 10:33:14.652 19576 19576 I ViewInteraction: Performing 'replace text(178)' action on view (view.getTag() is "input-altura" and view has effective visibility <VISIBLE>)
04-06 10:33:14.667 19576 19612 I DetoxWSClient: Sending out action 'invokeResult' (ID #7)
04-06 10:33:14.668 19576 19612 I DetoxDispatcher: Done with action 'invoke'
04-06 10:33:14.674 19576 19616 D DetoxWSClient: Received action 'invoke' (ID #8, params={"target":{"type":"Invocation","value":{"target":{"type":"Class","value":"com.wix.detox.uiautomator.UiAutomator"},"method":"uiDevice","args":[]}},"method":"pressBack","args":[]})
04-06 10:33:14.683 19576 19612 I DetoxDispatcher: Handling action 'invoke' (ID #8)...
04-06 10:33:14.683 19576 19612 D Detox   : class com.wix.detox.uiautomator.UiAutomator, uiDevice, []
04-06 10:33:14.684 19576 19612 I UiDevice: Creating a new instance, old instance exists: false
04-06 10:33:14.697 19576 19612 D UiDevice: Setting accessibility service flags: 65618
04-06 10:33:15.337 19576 19612 D UiDevice: Pressing back button.
04-06 10:33:15.355 19576 19576 I ViewRootImpl@73623ee[MainActivity]: The input has been finished in ImeInputStage.
04-06 10:33:15.366 19576 19576 I ViewRootImpl@73623ee[MainActivity]: The input has been finished in ImeInputStage.
04-06 10:33:15.369 19576 19576 D InsetsController: controlAnimationUnchecked: Added types=8 animType=1 host=com.evolucao.app/com.evolucao.app.MainActivity from=android.view.InsetsController.applyAnimation:1576 android.view.InsetsController.applyAnimation:1557 android.view.InsetsController.hide:1093 
04-06 10:33:15.369 19576 19576 D InsetsSourceConsumer: setRequestedVisible: visible=false, type=19, host=com.evolucao.app/com.evolucao.app.MainActivity, from=android.view.InsetsSourceConsumer.hide:257 android.view.ImeInsetsSourceConsumer.hide:88 android.view.ImeInsetsSourceConsumer.hide:94 android.view.InsetsController.hideDirectly:1593 android.view.InsetsController.controlAnimationUnchecked:1234 android.view.InsetsController.applyAnimation:1576 android.view.InsetsController.applyAnimation:1557 android.view.InsetsController.hide:1093 android.view.ViewRootImpl$ViewRootHandler.handleMessageImpl:6765 android.view.ViewRootImpl$ViewRootHandler.handleMessage:6697 
04-06 10:33:15.381 19576 19718 I ViewRootImpl@73623ee[MainActivity]: Resizing android.view.ViewRootImpl@25a16ab: frame = [0,0][1080,2400] reportDraw = false forceLayout = false syncSeqId = 0
04-06 10:33:15.387 19576 19612 I DetoxWSClient: Sending out action 'invokeResult' (ID #8)
04-06 10:33:15.387 19576 19612 I DetoxDispatcher: Done with action 'invoke'
04-06 10:33:15.390 19576 19576 D InsetsController: onStateChanged: InsetsState: {mDisplayFrame=Rect(0, 0 - 1080, 2400), mDisplayCutout=DisplayCutout{insets=Rect(0, 88 - 0, 0) waterfall=Insets{left=0, top=0, right=0, bottom=0} boundingRect={Bounds=[Rect(0, 0 - 0, 0), Rect(512, 0 - 568, 88), Rect(0, 0 - 0, 0), Rect(0, 0 - 0, 0)]} cutoutPathParserInfo={CutoutPathParserInfo{displayWidth=1080 displayHeight=2400 physicalDisplayWidth=1080 physicalDisplayHeight=2400 density={3.0} cutoutSpec={M 0,0 M 0,10.71963616907435 a 9.280363830925644,9.280363830925644 0 1,0 0,18.56072766185129 a 9.280363830925644,9.280363830925644 0 1,0 0,-18.56072766185129 Z @dp} rotation={0} scale={1.0} physicalPixelDisplaySizeRatio={1.0}}}}, mRoundedCorners=RoundedCorners{[RoundedCorner{position=TopLeft, radius=96, center=Point(96, 96)}, RoundedCorner{position=TopRight, radius=96, center=Point(984, 96)}, RoundedCorner{position=BottomRight, radius=96, center=Point(984, 2304)}, RoundedCorner{position=BottomLeft, radius=96, center=Point(96, 2304)}]}  mRoundedCornerFrame=Rect(0, 0 - 1080, 2400), mPrivacyIndicatorBounds=PrivacyIndicatorBounds {static bounds=Rect(948, 0 - 1080, 88) rotation=0}, mSources= { InsetsSource: {mType=ITYPE_STATUS_BAR, mFrame=[0,0][1080,88], mVisible=true, mInsetsRoundedCornerFrame=false}, InsetsSource: {mType=ITYPE_NAVIGATION_BAR, mFrame=[0,2256][1080,2400], mVisible=true, mInsetsRoundedCornerFrame=false}, InsetsSource: {mType=ITYPE_LEFT_GESTURES, mFrame=[0,0][0,2400], mVisible=true, mInsetsRoundedCornerFrame=false}, InsetsSource: {mType=ITYPE_RIGHT_GESTURES, mFrame=[1080,0][1080,2400], mVisible=true, mInsetsRoundedCornerFrame=false}, InsetsSource: {mType=ITYPE_TOP_MANDATORY_GESTURES, mFrame=[0,0][1080,124], mVisible=true, mInsetsRoundedCornerFrame=false}, InsetsSource: {mType=ITYPE_BOTTOM_MANDATORY_GESTURES, mFrame=[0,2256][1080,2400], mVisible=true, mInsetsRoundedCornerFrame=false}, InsetsSource: {mType=ITYPE_LEFT_DISPLAY_CUTOUT, mFrame=[0,0][-100000,2400], mVisible=true, mInsetsRoundedCornerFrame=false}, InsetsSource: {mType=ITYPE_TOP_DISPLAY_CUTOUT, mFrame=[0,0][1080,88], mVisible=true, mInsetsRoundedCornerFrame=false}, InsetsSource: {mType=ITYPE_RIGHT_DISPLAY_CUTOUT, mFrame=[100000,0][1080,2400], mVisible=true, mInsetsRoundedCornerFrame=false}, InsetsSource: {mType=ITYPE_BOTTOM_DISPLAY_CUTOUT, mFrame=[0,100000][1080,2400], mVisible=true, mInsetsRoundedCornerFrame=false}, InsetsSource: {mType=ITYPE_TOP_TAPPABLE_ELEMENT, mFrame=[0,0][1080,88], mVisible=true, mInsetsRoundedCornerFrame=false}, InsetsSource: {mType=ITYPE_BOTTOM_TAPPABLE_ELEMENT, mFrame=[0,2256][1080,2400], mVisible=true, mInsetsRoundedCornerFrame=false}, InsetsSource: {mType=ITYPE_IME, mFrame=[0,1374][1080,2400], mVisibleFrame=[0,1374][1080,2400], mVisible=false, mInsetsRoundedCornerFrame=false} } host=com.evolucao.app/com.evolucao.app.MainActivity from=android.view.ViewRootImpl$ViewRootHandler.handleMessageImpl:6740
04-06 10:33:15.392 19576 19576 I ViewRootImpl@73623ee[MainActivity]: handleResized, msg = 4 frames=ClientWindowFrames{frame=[0,0][1080,2400] display=[0,0][1080,2400] parentFrame=[0,0][0,0] parentClippedByDisplayCutout=false} forceNextWindowRelayout=false displayId=0 resizeMode=-1 frameChanged=false displayFrameChanged=false configChanged=false displayChanged=false
04-06 10:33:15.393 19576 19616 D DetoxWSClient: Received action 'invoke' (ID #9, params={"target":{"type":"Class","value":"com.wix.detox.espresso.DetoxAssertion"},"method":"waitForAssertMatcher","args":[{"type":"Invocation","value":{"target":{"type":"Class","value":"androidx.test.espresso.Espresso"},"method":"onView","args":[{"type":"Invocation","value":{"target":{"type":"Class","value":"com.wix.detox.espresso.DetoxMatcher"},"method":"matcherForTestId","args":["btn-continuar",{"type":"boolean","value":false}]}}]}},{"type":"Invocation","value":{"target":{"type":"Class","value":"com.wix.detox.espresso.DetoxMatcher"},"method":"matcherForSufficientlyVisible","args":[{"type":"Integer","value":75}]}},{"type":"Double","value":3}]})
04-06 10:33:15.394 19576 19612 I DetoxDispatcher: Handling action 'invoke' (ID #9)...
04-06 10:33:15.395 19576 19612 D Detox   : class com.wix.detox.espresso.DetoxMatcher, matcherForTestId, [btn-continuar, false]
04-06 10:33:15.396 19576 19612 D Detox   : class androidx.test.espresso.Espresso, onView, [(view.getTag() is "btn-continuar" and view has effective visibility <VISIBLE>)]
04-06 10:33:15.397 19576 19612 D Detox   : class com.wix.detox.espresso.DetoxMatcher, matcherForSufficientlyVisible, [75]
04-06 10:33:15.398 19576 19612 D Detox   : class com.wix.detox.espresso.DetoxAssertion, waitForAssertMatcher, [androidx.test.espresso.ViewInteraction@c75ad9f, (view has effective visibility <VISIBLE> and view.getGlobalVisibleRect() covers at least <75> percent of the view's area), 3.0]
04-06 10:33:15.401 19576 19576 I ViewInteraction: Checking 'MatchesViewAssertion(Detox){viewMatcher=(view has effective visibility <VISIBLE> and view.getGlobalVisibleRect() covers at least <75> percent of the view's area)}' assertion on view (view.getTag() is "btn-continuar" and view has effective visibility <VISIBLE>)
04-06 10:33:15.404 19576 19612 I DetoxWSClient: Sending out action 'invokeResult' (ID #9)
04-06 10:33:15.404 19576 19612 I DetoxDispatcher: Done with action 'invoke'
04-06 10:33:15.411 19576 19616 D DetoxWSClient: Received action 'invoke' (ID #10, params={"target":{"type":"Class","value":"com.wix.detox.espresso.EspressoDetox"},"method":"perform","args":[{"type":"Invocation","value":{"target":{"type":"Class","value":"com.wix.detox.espresso.DetoxMatcher"},"method":"matcherForAtIndex","args":[{"type":"Integer","value":0},{"type":"Invocation","value":{"target":{"type":"Class","value":"com.wix.detox.espresso.DetoxMatcher"},"method":"matcherForClass","args":["com.facebook.react.views.scroll.ReactScrollView"]}}]}},{"type":"Invocation","value":{"target":{"type":"Class","value":"com.wix.detox.espresso.DetoxAction"},"method":"swipeInDirection","args":[{"type":"Integer","value":3},{"type":"boolean","value":true},{"type":"Double","value":0.25},{"type":"Double","value":null},{"type":"Double","value":null}]}}]})
04-06 10:33:15.411 19576 19612 I DetoxDispatcher: Handling action 'invoke' (ID #10)...
04-06 10:33:15.412 19576 19612 D Detox   : class com.wix.detox.espresso.DetoxMatcher, matcherForClass, [com.facebook.react.views.scroll.ReactScrollView]
04-06 10:33:15.412 19576 19612 D Detox   : class com.wix.detox.espresso.DetoxMatcher, matcherForAtIndex, [0, (is assignable from class: class com.facebook.react.views.scroll.ReactScrollView and view has effective visibility <VISIBLE>)]
04-06 10:33:15.413 19576 19612 D Detox   : class com.wix.detox.espresso.DetoxAction, swipeInDirection, [3, true, 0.25, NaN, NaN]
04-06 10:33:15.415 19576 19612 D Detox   : class com.wix.detox.espresso.EspressoDetox, perform, [View at index #0, of those matching MATCHER(is assignable from class: class com.facebook.react.views.scroll.ReactScrollView and view has effective visibility <VISIBLE>), androidx.test.espresso.action.GeneralSwipeAction@85bad4a]
04-06 10:33:15.419 19576 19576 I ViewInteraction: Performing 'fast swipe' action on view View at index #0, of those matching MATCHER(is assignable from class: class com.facebook.react.views.scroll.ReactScrollView and view has effective visibility <VISIBLE>)
04-06 10:33:15.597 19576 19576 D InsetsController: cancelAnimation of types: 8, animType: 1, host: com.evolucao.app/com.evolucao.app.MainActivity, from:android.view.InsetsController.notifyFinished:1375 android.view.InsetsAnimationThreadControlRunner$1.lambda$notifyFinished$0$android-view-InsetsAnimationThreadControlRunner$1:84 android.view.InsetsAnimationThreadControlRunner$1$$ExternalSyntheticLambda1.run:4 
04-06 10:33:15.597 19576 19576 I IMM_LC  : notifyImeHidden: mService.hideSoftInput
04-06 10:33:15.620 19576 19713 I ViewRootImpl@73623ee[MainActivity]: Resizing android.view.ViewRootImpl@25a16ab: frame = [0,0][1080,2400] reportDraw = false forceLayout = false syncSeqId = 0
04-06 10:33:15.622 19576 19576 D InsetsController: onStateChanged: InsetsState: {mDisplayFrame=Rect(0, 0 - 1080, 2400), mDisplayCutout=DisplayCutout{insets=Rect(0, 88 - 0, 0) waterfall=Insets{left=0, top=0, right=0, bottom=0} boundingRect={Bounds=[Rect(0, 0 - 0, 0), Rect(512, 0 - 568, 88), Rect(0, 0 - 0, 0), Rect(0, 0 - 0, 0)]} cutoutPathParserInfo={CutoutPathParserInfo{displayWidth=1080 displayHeight=2400 physicalDisplayWidth=1080 physicalDisplayHeight=2400 density={3.0} cutoutSpec={M 0,0 M 0,10.71963616907435 a 9.280363830925644,9.280363830925644 0 1,0 0,18.56072766185129 a 9.280363830925644,9.280363830925644 0 1,0 0,-18.56072766185129 Z @dp} rotation={0} scale={1.0} physicalPixelDisplaySizeRatio={1.0}}}}, mRoundedCorners=RoundedCorners{[RoundedCorner{position=TopLeft, radius=96, center=Point(96, 96)}, RoundedCorner{position=TopRight, radius=96, center=Point(984, 96)}, RoundedCorner{position=BottomRight, radius=96, center=Point(984, 2304)}, RoundedCorner{position=BottomLeft, radius=96, center=Point(96, 2304)}]}  mRoundedCornerFrame=Rect(0, 0 - 1080, 2400), mPrivacyIndicatorBounds=PrivacyIndicatorBounds {static bounds=Rect(948, 0 - 1080, 88) rotation=0}, mSources= { InsetsSource: {mType=ITYPE_STATUS_BAR, mFrame=[0,0][1080,88], mVisible=true, mInsetsRoundedCornerFrame=false}, InsetsSource: {mType=ITYPE_NAVIGATION_BAR, mFrame=[0,2256][1080,2400], mVisible=true, mInsetsRoundedCornerFrame=false}, InsetsSource: {mType=ITYPE_LEFT_GESTURES, mFrame=[0,0][0,2400], mVisible=true, mInsetsRoundedCornerFrame=false}, InsetsSource: {mType=ITYPE_RIGHT_GESTURES, mFrame=[1080,0][1080,2400], mVisible=true, mInsetsRoundedCornerFrame=false}, InsetsSource: {mType=ITYPE_TOP_MANDATORY_GESTURES, mFrame=[0,0][1080,124], mVisible=true, mInsetsRoundedCornerFrame=false}, InsetsSource: {mType=ITYPE_BOTTOM_MANDATORY_GESTURES, mFrame=[0,2256][1080,2400], mVisible=true, mInsetsRoundedCornerFrame=false}, InsetsSource: {mType=ITYPE_LEFT_DISPLAY_CUTOUT, mFrame=[0,0][-100000,2400], mVisible=true, mInsetsRoundedCornerFrame=false}, InsetsSource: {mType=ITYPE_TOP_DISPLAY_CUTOUT, mFrame=[0,0][1080,88], mVisible=true, mInsetsRoundedCornerFrame=false}, InsetsSource: {mType=ITYPE_RIGHT_DISPLAY_CUTOUT, mFrame=[100000,0][1080,2400], mVisible=true, mInsetsRoundedCornerFrame=false}, InsetsSource: {mType=ITYPE_BOTTOM_DISPLAY_CUTOUT, mFrame=[0,100000][1080,2400], mVisible=true, mInsetsRoundedCornerFrame=false}, InsetsSource: {mType=ITYPE_TOP_TAPPABLE_ELEMENT, mFrame=[0,0][1080,88], mVisible=true, mInsetsRoundedCornerFrame=false}, InsetsSource: {mType=ITYPE_BOTTOM_TAPPABLE_ELEMENT, mFrame=[0,2256][1080,2400], mVisible=true, mInsetsRoundedCornerFrame=false}, InsetsSource: {mType=ITYPE_IME, mFrame=[0,0][0,0], mVisibleFrame=[0,1374][1080,2400], mVisible=false, mInsetsRoundedCornerFrame=false} } host=com.evolucao.app/com.evolucao.app.MainActivity from=android.view.ViewRootImpl$ViewRootHandler.handleMessageImpl:6727
04-06 10:33:15.623 19576 19576 I ViewRootImpl@73623ee[MainActivity]: handleResized, msg = 4 frames=ClientWindowFrames{frame=[0,0][1080,2400] display=[0,0][1080,2400] parentFrame=[0,0][0,0] parentClippedByDisplayCutout=false} forceNextWindowRelayout=false displayId=0 resizeMode=-1 frameChanged=false displayFrameChanged=false configChanged=false displayChanged=false
04-06 10:33:15.664 19576 19612 I DetoxWSClient: Sending out action 'invokeResult' (ID #10)
04-06 10:33:15.664 19576 19612 I DetoxDispatcher: Done with action 'invoke'
04-06 10:33:15.669 19576 19616 D DetoxWSClient: Received action 'invoke' (ID #11, params={"target":{"type":"Class","value":"com.wix.detox.espresso.EspressoDetox"},"method":"perform","args":[{"type":"Invocation","value":{"target":{"type":"Class","value":"com.wix.detox.espresso.DetoxMatcher"},"method":"matcherForTestId","args":["btn-continuar",{"type":"boolean","value":false}]}},{"type":"Invocation","value":{"target":{"type":"Class","value":"com.wix.detox.espresso.DetoxAction"},"method":"tapAtLocation","args":[{"type":"Integer","value":30},{"type":"Integer","value":18}]}}]})
04-06 10:33:15.669 19576 19612 I DetoxDispatcher: Handling action 'invoke' (ID #11)...
04-06 10:33:15.669 19576 19612 D Detox   : class com.wix.detox.espresso.DetoxMatcher, matcherForTestId, [btn-continuar, false]
04-06 10:33:15.670 19576 19612 D Detox   : class com.wix.detox.espresso.DetoxAction, tapAtLocation, [30, 18]
04-06 10:33:15.671 19576 19612 D Detox   : class com.wix.detox.espresso.EspressoDetox, perform, [(view.getTag() is "btn-continuar" and view has effective visibility <VISIBLE>), com.wix.detox.espresso.action.RNClickAction@3a0531]
04-06 10:33:15.675 19576 19576 I ViewInteraction: Performing 'com.wix.detox.espresso.action.detoxsingletap@b2f5416 click' action on view (view.getTag() is "btn-continuar" and view has effective visibility <VISIBLE>)
04-06 10:33:15.681 19576 19576 I ViewRootImpl@73623ee[MainActivity]: ViewPostIme pointer 0
04-06 10:33:15.709 19576 19576 I ViewRootImpl@73623ee[MainActivity]: ViewPostIme pointer 1
04-06 10:33:15.726 19576 19576 W OnBackInvokedCallback: OnBackInvokedCallback is not enabled for the application.
04-06 10:33:15.726 19576 19576 W OnBackInvokedCallback: Set 'android:enableOnBackInvokedCallback="true"' in the application manifest.
04-06 10:33:15.735 19576 19576 I Dialog  : mIsDeviceDefault = false, mIsSamsungBasicInteraction = false, isMetaDataInActivity = false
04-06 10:33:15.740 19576 19576 I DecorView: [INFO] isPopOver=false config=false
04-06 10:33:15.740 19576 19576 I DecorView: updateCaptionType: isFloating=true isApplication=true hasWindowDecorCaption=false this=DecorView@8c2eec6[]
04-06 10:33:15.740 19576 19576 D DecorView: setCaptionType = 0, this = DecorView@8c2eec6[]
04-06 10:33:15.741 19576 19576 I DecorView: setWindowBackground: isPopOver=false color=ff010101 d=android.graphics.drawable.InsetDrawable@4bf21b4
04-06 10:33:15.755 19576 19576 D ScrollView: initGoToTop
04-06 10:33:15.763 19576 19629 D NativeCustomFrequencyManager: [NativeCFMS] BpCustomFrequencyManager::BpCustomFrequencyManager()
04-06 10:33:15.770 19576 19576 D InsetsController: onStateChanged: InsetsState: {mDisplayFrame=Rect(0, 0 - 1080, 2400), mDisplayCutout=DisplayCutout{insets=Rect(0, 88 - 0, 0) waterfall=Insets{left=0, top=0, right=0, bottom=0} boundingRect={Bounds=[Rect(0, 0 - 0, 0), Rect(512, 0 - 568, 88), Rect(0, 0 - 0, 0), Rect(0, 0 - 0, 0)]} cutoutPathParserInfo={CutoutPathParserInfo{displayWidth=1080 displayHeight=2400 physicalDisplayWidth=1080 physicalDisplayHeight=2400 density={3.0} cutoutSpec={M 0,0 M 0,10.71963616907435 a 9.280363830925644,9.280363830925644 0 1,0 0,18.56072766185129 a 9.280363830925644,9.280363830925644 0 1,0 0,-18.56072766185129 Z @dp} rotation={0} scale={1.0} physicalPixelDisplaySizeRatio={1.0}}}}, mRoundedCorners=RoundedCorners{[RoundedCorner{position=TopLeft, radius=96, center=Point(96, 96)}, RoundedCorner{position=TopRight, radius=96, center=Point(984, 96)}, RoundedCorner{position=BottomRight, radius=96, center=Point(984, 2304)}, RoundedCorner{position=BottomLeft, radius=96, center=Point(96, 2304)}]}  mRoundedCornerFrame=Rect(0, 0 - 1080, 2400), mPrivacyIndicatorBounds=PrivacyIndicatorBounds {static bounds=Rect(948, 0 - 1080, 88) rotation=0}, mSources= { InsetsSource: {mType=ITYPE_STATUS_BAR, mFrame=[0,0][1080,88], mVisible=true, mInsetsRoundedCornerFrame=false}, InsetsSource: {mType=ITYPE_NAVIGATION_BAR, mFrame=[0,2256][1080,2400], mVisible=true, mInsetsRoundedCornerFrame=false}, InsetsSource: {mType=ITYPE_LEFT_GESTURES, mFrame=[0,0][0,2400], mVisible=true, mInsetsRoundedCornerFrame=false}, InsetsSource: {mType=ITYPE_RIGHT_GESTURES, mFrame=[1080,0][1080,2400], mVisible=true, mInsetsRoundedCornerFrame=false}, InsetsSource: {mType=ITYPE_TOP_MANDATORY_GESTURES, mFrame=[0,0][1080,124], mVisible=true, mInsetsRoundedCornerFrame=false}, InsetsSource: {mType=ITYPE_BOTTOM_MANDATORY_GESTURES, mFrame=[0,2256][1080,2400], mVisible=true, mInsetsRoundedCornerFrame=false}, InsetsSource: {mType=ITYPE_LEFT_DISPLAY_CUTOUT, mFrame=[0,0][-100000,2400], mVisible=true, mInsetsRoundedCornerFrame=false}, InsetsSource: {mType=ITYPE_TOP_DISPLAY_CUTOUT, mFrame=[0,0][1080,88], mVisible=true, mInsetsRoundedCornerFrame=false}, InsetsSource: {mType=ITYPE_RIGHT_DISPLAY_CUTOUT, mFrame=[100000,0][1080,2400], mVisible=true, mInsetsRoundedCornerFrame=false}, InsetsSource: {mType=ITYPE_BOTTOM_DISPLAY_CUTOUT, mFrame=[0,100000][1080,2400], mVisible=true, mInsetsRoundedCornerFrame=false}, InsetsSource: {mType=ITYPE_TOP_TAPPABLE_ELEMENT, mFrame=[0,0][1080,88], mVisible=true, mInsetsRoundedCornerFrame=false}, InsetsSource: {mType=ITYPE_BOTTOM_TAPPABLE_ELEMENT, mFrame=[0,2256][1080,2400], mVisible=true, mInsetsRoundedCornerFrame=false} } host=com.evolucao.app/com.evolucao.app.MainActivity from=android.view.ViewRootImpl.setView:1732
04-06 10:33:15.772 19576 19576 I ViewRootImpl@a485fe4[MainActivity]: setView = com.android.internal.policy.DecorView@8c2eec6 TM=false
04-06 10:33:15.781 19576 19576 I ViewRootImpl@a485fe4[MainActivity]: performTraversals params={(0,0)(wrapxwrap) gr=CENTER sim={adjust=pan forwardNavigation} ty=APPLICATION fmt=TRANSLUCENT wanim=0x7f120002 surfaceInsets=Rect(120, 120 - 120, 120)
04-06 10:33:15.781 19576 19576 I ViewRootImpl@a485fe4[MainActivity]:   fl=1820002
04-06 10:33:15.781 19576 19576 I ViewRootImpl@a485fe4[MainActivity]:   pfl=42000000
04-06 10:33:15.781 19576 19576 I ViewRootImpl@a485fe4[MainActivity]:   bhv=DEFAULT
04-06 10:33:15.781 19576 19576 I ViewRootImpl@a485fe4[MainActivity]:   fitTypes=STATUS_BARS NAVIGATION_BARS CAPTION_BAR
04-06 10:33:15.781 19576 19576 I ViewRootImpl@a485fe4[MainActivity]:  dimAmount=0.6 naviIconColor=0}
04-06 10:33:15.782 19576 19576 I ViewRootImpl@a485fe4[MainActivity]: performTraversals mFirst=true windowShouldResize=false viewVisibilityChanged=false mForceNextWindowRelayout=false params={(0,0)(wrapxwrap) gr=CENTER sim={adjust=pan forwardNavigation} ty=APPLICATION fmt=TRANSLUCENT wanim=0x7f120002 surfaceInsets=Rect(120, 120 - 120, 120)
04-06 10:33:15.782 19576 19576 I ViewRootImpl@a485fe4[MainActivity]:   fl=1820002
04-06 10:33:15.782 19576 19576 I ViewRootImpl@a485fe4[MainActivity]:   pfl=42000000
04-06 10:33:15.782 19576 19576 I ViewRootImpl@a485fe4[MainActivity]:   bhv=DEFAULT
04-06 10:33:15.782 19576 19576 I ViewRootImpl@a485fe4[MainActivity]:   fitTypes=STATUS_BARS NAVIGATION_BARS CAPTION_BAR
04-06 10:33:15.782 19576 19576 I ViewRootImpl@a485fe4[MainActivity]:  dimAmount=0.6 naviIconColor=0}
04-06 10:33:15.786 19576 19576 I ViewRootImpl@a485fe4[MainActivity]: updateBlastSurfaceIfNeeded mBlastBufferQueue=null isSameSurfaceControl=false
04-06 10:33:15.787 19576 19576 I BLASTBufferQueue: new BLASTBufferQueue, mName= ViewRootImpl@a485fe4[MainActivity] mNativeObject= 0xb4000070a6f1db00 sc.mNativeObject= 0xb4000070a6f20680 caller= android.view.ViewRootImpl.updateBlastSurfaceIfNeeded:2909 android.view.ViewRootImpl.relayoutWindow:9847 android.view.ViewRootImpl.performTraversals:3884 android.view.ViewRootImpl.doTraversal:3116 android.view.ViewRootImpl$TraversalRunnable.run:10885 android.view.Choreographer$CallbackRecord.run:1301 android.view.Choreographer$CallbackRecord.run:1309 android.view.Choreographer.doCallbacks:923 android.view.Choreographer.doFrame:852 android.view.Choreographer$FrameDisplayEventReceiver.run:1283 
04-06 10:33:15.787 19576 19576 I BLASTBufferQueue: update, w= 1266 h= 825 mName = ViewRootImpl@a485fe4[MainActivity] mNativeObject= 0xb4000070a6f1db00 sc.mNativeObject= 0xb4000070a6f20680 format= -3 caller= android.graphics.BLASTBufferQueue.<init>:84 android.view.ViewRootImpl.updateBlastSurfaceIfNeeded:2909 android.view.ViewRootImpl.relayoutWindow:9847 android.view.ViewRootImpl.performTraversals:3884 android.view.ViewRootImpl.doTraversal:3116 android.view.ViewRootImpl$TraversalRunnable.run:10885 
04-06 10:33:15.787 19576 19576 I ViewRootImpl@a485fe4[MainActivity]: Relayout returned: old=(0,88,1080,2256) new=(27,879,1053,1464) req=(1026,585)0 dur=4 res=0x3 s={true 0xb4000070a6edd800} ch=true seqId=0
04-06 10:33:15.788 19576 19576 I ViewRootImpl@a485fe4[MainActivity]: mThreadedRenderer.initialize() mSurface={isValid=true 0xb4000070a6edd800} hwInitialized=true
04-06 10:33:15.788 19576 19629 D OpenGLRenderer: eglCreateWindowSurface
04-06 10:33:15.790 19576 19576 D ScrollView:  onsize change changed 
04-06 10:33:15.791 19576 19576 I ViewRootImpl@a485fe4[MainActivity]: reportNextDraw android.view.ViewRootImpl.performTraversals:4438 android.view.ViewRootImpl.doTraversal:3116 android.view.ViewRootImpl$TraversalRunnable.run:10885 android.view.Choreographer$CallbackRecord.run:1301 android.view.Choreographer$CallbackRecord.run:1309 
04-06 10:33:15.791 19576 19576 I ViewRootImpl@a485fe4[MainActivity]: Setup new sync id=0
04-06 10:33:15.791 19576 19576 I ViewRootImpl@a485fe4[MainActivity]: Setting syncFrameCallback
04-06 10:33:15.791 19576 19576 I ViewRootImpl@a485fe4[MainActivity]: registerCallbacksForSync syncBuffer=false
04-06 10:33:15.793 19576 19649 I ViewRootImpl@a485fe4[MainActivity]: Received frameDrawingCallback syncResult=0 frameNum=1.
04-06 10:33:15.793 19576 19649 I ViewRootImpl@a485fe4[MainActivity]: Setting up sync and frameCommitCallback
04-06 10:33:15.802 19576 19629 I BLASTBufferQueue: [ViewRootImpl@a485fe4[MainActivity]#6](f:0,a:0) onFrameAvailable the first frame is available
04-06 10:33:15.802 19576 19629 I ViewRootImpl@a485fe4[MainActivity]: Received frameCommittedCallback lastAttemptedDrawFrameNum=1 didProduceBuffer=true
04-06 10:33:15.803 19576 19629 D OpenGLRenderer: CFMS:: SetUp Pid : 19576    Tid : 19629
04-06 10:33:15.803 19576 19629 W Parcel  : Expecting binder but got null!
04-06 10:33:15.803 19576 19576 I ViewRootImpl@a485fe4[MainActivity]: onSyncComplete
04-06 10:33:15.804 19576 19576 I ViewRootImpl@a485fe4[MainActivity]: setupSync seqId=0 mSyncId=0 fn=1 caller=android.view.ViewRootImpl$$ExternalSyntheticLambda11.accept:6 android.window.SurfaceSyncer.lambda$setupSync$1$android-window-SurfaceSyncer:128 android.window.SurfaceSyncer$$ExternalSyntheticLambda1.accept:8 android.window.SurfaceSyncer$SyncSet.checkIfSyncIsComplete:382 android.window.SurfaceSyncer$SyncSet.markSyncReady:359 android.window.SurfaceSyncer.markSyncReady:151 android.view.ViewRootImpl.performTraversals:4503 
04-06 10:33:15.805 19576 19576 I ViewRootImpl@a485fe4[MainActivity]: reportDrawFinished seqId=0 mSyncId=-1 fn=1 mSurfaceChangedTransaction=0xb4000070b4c5c200
04-06 10:33:15.816 19576 19576 I ViewRootImpl@73623ee[MainActivity]: MSG_WINDOW_FOCUS_CHANGED 0 0
04-06 10:33:15.864 19576 19576 I ViewRootImpl@a485fe4[MainActivity]: MSG_WINDOW_FOCUS_CHANGED 1 0
04-06 10:33:15.864 19576 19576 I ViewRootImpl@a485fe4[MainActivity]: mThreadedRenderer.initializeIfNeeded()#2 mSurface={isValid=true 0xb4000070a6edd800}
04-06 10:33:16.364 19576 19612 I DetoxWSClient: Sending out action 'invokeResult' (ID #11)
04-06 10:33:16.365 19576 19612 I DetoxDispatcher: Done with action 'invoke'
04-06 10:33:16.369 19576 19616 D DetoxWSClient: Received action 'invoke' (ID #12, params={"target":{"type":"Class","value":"com.wix.detox.espresso.DetoxAssertion"},"method":"waitForAssertMatcher","args":[{"type":"Invocation","value":{"target":{"type":"Class","value":"androidx.test.espresso.Espresso"},"method":"onView","args":[{"type":"Invocation","value":{"target":{"type":"Class","value":"com.wix.detox.espresso.DetoxMatcher"},"method":"matcherForTestId","args":["tab-treino",{"type":"boolean","value":false}]}}]}},{"type":"Invocation","value":{"target":{"type":"Class","value":"com.wix.detox.espresso.DetoxMatcher"},"method":"matcherForSufficientlyVisible","args":[{"type":"Integer","value":75}]}},{"type":"Double","value":3}]})
04-06 10:33:16.369 19576 19612 I DetoxDispatcher: Handling action 'invoke' (ID #12)...
04-06 10:33:16.370 19576 19612 D Detox   : class com.wix.detox.espresso.DetoxMatcher, matcherForTestId, [tab-treino, false]
04-06 10:33:16.370 19576 19612 D Detox   : class androidx.test.espresso.Espresso, onView, [(view.getTag() is "tab-treino" and view has effective visibility <VISIBLE>)]
04-06 10:33:16.372 19576 19612 D Detox   : class com.wix.detox.espresso.DetoxMatcher, matcherForSufficientlyVisible, [75]
04-06 10:33:16.372 19576 19612 D Detox   : class com.wix.detox.espresso.DetoxAssertion, waitForAssertMatcher, [androidx.test.espresso.ViewInteraction@d0bf298, (view has effective visibility <VISIBLE> and view.getGlobalVisibleRect() covers at least <75> percent of the view's area), 3.0]
04-06 10:33:16.383 19576 19576 I ViewInteraction: Checking 'MatchesViewAssertion(Detox){viewMatcher=(view has effective visibility <VISIBLE> and view.getGlobalVisibleRect() covers at least <75> percent of the view's area)}' assertion on view (view.getTag() is "tab-treino" and view has effective visibility <VISIBLE>)
04-06 10:33:16.423 19576 19576 I ViewInteraction: Checking 'MatchesViewAssertion(Detox){viewMatcher=(view has effective visibility <VISIBLE> and view.getGlobalVisibleRect() covers at least <75> percent of the view's area)}' assertion on view (view.getTag() is "tab-treino" and view has effective visibility <VISIBLE>)
