04-06 12:12:42.824  5286  5286 I ViewInteraction: Checking 'MatchesViewAssertion(Detox){viewMatcher=(view has effective visibility <VISIBLE> and view.getGlobalVisibleRect() covers at least <75> percent of the view's area)}' assertion on view (view.getTag() is "screen-treinos" and view has effective visibility <VISIBLE>)
04-06 12:12:42.830  5286  5331 I DetoxWSClient: Sending out action 'invokeResult' (ID #47)
04-06 12:12:42.830  5286  5331 I DetoxDispatcher: Done with action 'invoke'
04-06 12:12:42.836  5286  5335 D DetoxWSClient: Received action 'invoke' (ID #48, params={"target":{"type":"Class","value":"com.wix.detox.espresso.DetoxAssertion"},"method":"waitForAssertMatcher","args":[{"type":"Invocation","value":{"target":{"type":"Class","value":"androidx.test.espresso.Espresso"},"method":"onView","args":[{"type":"Invocation","value":{"target":{"type":"Class","value":"com.wix.detox.espresso.DetoxMatcher"},"method":"matcherForTestId","args":["app-root",{"type":"boolean","value":false}]}}]}},{"type":"Invocation","value":{"target":{"type":"Class","value":"com.wix.detox.espresso.DetoxMatcher"},"method":"matcherForSufficientlyVisible","args":[{"type":"Integer","value":75}]}},{"type":"Double","value":5}]})
04-06 12:12:42.836  5286  5331 I DetoxDispatcher: Handling action 'invoke' (ID #48)...
04-06 12:12:42.837  5286  5331 D Detox   : class com.wix.detox.espresso.DetoxMatcher, matcherForTestId, [app-root, false]
04-06 12:12:42.838  5286  5331 D Detox   : class androidx.test.espresso.Espresso, onView, [(view.getTag() is "app-root" and view has effective visibility <VISIBLE>)]
04-06 12:12:42.839  5286  5331 D Detox   : class com.wix.detox.espresso.DetoxMatcher, matcherForSufficientlyVisible, [75]
04-06 12:12:42.839  5286  5331 D Detox   : class com.wix.detox.espresso.DetoxAssertion, waitForAssertMatcher, [androidx.test.espresso.ViewInteraction@8cdcd5f, (view has effective visibility <VISIBLE> and view.getGlobalVisibleRect() covers at least <75> percent of the view's area), 5.0]
04-06 12:12:42.844  5286  5286 I ViewInteraction: Checking 'MatchesViewAssertion(Detox){viewMatcher=(view has effective visibility <VISIBLE> and view.getGlobalVisibleRect() covers at least <75> percent of the view's area)}' assertion on view (view.getTag() is "app-root" and view has effective visibility <VISIBLE>)
04-06 12:12:42.847  5286  5331 I DetoxWSClient: Sending out action 'invokeResult' (ID #48)
04-06 12:12:42.847  5286  5331 I DetoxDispatcher: Done with action 'invoke'
04-06 12:12:42.852  5286  5335 D DetoxWSClient: Received action 'invoke' (ID #49, params={"target":{"type":"Class","value":"com.wix.detox.espresso.DetoxAssertion"},"method":"assertMatcher","args":[{"type":"Invocation","value":{"target":{"type":"Class","value":"androidx.test.espresso.Espresso"},"method":"onView","args":[{"type":"Invocation","value":{"target":{"type":"Class","value":"com.wix.detox.espresso.DetoxMatcher"},"method":"matcherForTestId","args":["app-root",{"type":"boolean","value":false}]}}]}},{"type":"Invocation","value":{"target":{"type":"Class","value":"com.wix.detox.espresso.DetoxMatcher"},"method":"matcherForSufficientlyVisible","args":[{"type":"Integer","value":75}]}}]})
04-06 12:12:42.853  5286  5331 I DetoxDispatcher: Handling action 'invoke' (ID #49)...
04-06 12:12:42.853  5286  5331 D Detox   : class com.wix.detox.espresso.DetoxMatcher, matcherForTestId, [app-root, false]
04-06 12:12:42.854  5286  5331 D Detox   : class androidx.test.espresso.Espresso, onView, [(view.getTag() is "app-root" and view has effective visibility <VISIBLE>)]
04-06 12:12:42.855  5286  5331 D Detox   : class com.wix.detox.espresso.DetoxMatcher, matcherForSufficientlyVisible, [75]
04-06 12:12:42.855  5286  5331 D Detox   : class com.wix.detox.espresso.DetoxAssertion, assertMatcher, [androidx.test.espresso.ViewInteraction@aad93ac, (view has effective visibility <VISIBLE> and view.getGlobalVisibleRect() covers at least <75> percent of the view's area)]
04-06 12:12:42.859  5286  5286 I ViewInteraction: Checking 'MatchesViewAssertion(Detox){viewMatcher=(view has effective visibility <VISIBLE> and view.getGlobalVisibleRect() covers at least <75> percent of the view's area)}' assertion on view (view.getTag() is "app-root" and view has effective visibility <VISIBLE>)
04-06 12:12:42.861  5286  5331 I DetoxWSClient: Sending out action 'invokeResult' (ID #49)
04-06 12:12:42.862  5286  5331 I DetoxDispatcher: Done with action 'invoke'
04-06 12:12:42.865  5286  5335 D DetoxWSClient: Received action 'invoke' (ID #50, params={"target":{"type":"Class","value":"com.wix.detox.espresso.DetoxAssertion"},"method":"waitForAssertMatcher","args":[{"type":"Invocation","value":{"target":{"type":"Class","value":"androidx.test.espresso.Espresso"},"method":"onView","args":[{"type":"Invocation","value":{"target":{"type":"Class","value":"com.wix.detox.espresso.DetoxMatcher"},"method":"matcherForTestId","args":["btn-iniciar-treino",{"type":"boolean","value":false}]}}]}},{"type":"Invocation","value":{"target":{"type":"Class","value":"com.wix.detox.espresso.DetoxMatcher"},"method":"matcherForSufficientlyVisible","args":[{"type":"Integer","value":75}]}},{"type":"Double","value":5}]})
04-06 12:12:42.866  5286  5331 I DetoxDispatcher: Handling action 'invoke' (ID #50)...
04-06 12:12:42.866  5286  5331 D Detox   : class com.wix.detox.espresso.DetoxMatcher, matcherForTestId, [btn-iniciar-treino, false]
04-06 12:12:42.867  5286  5331 D Detox   : class androidx.test.espresso.Espresso, onView, [(view.getTag() is "btn-iniciar-treino" and view has effective visibility <VISIBLE>)]
04-06 12:12:42.867  5286  5331 D Detox   : class com.wix.detox.espresso.DetoxMatcher, matcherForSufficientlyVisible, [75]
04-06 12:12:42.868  5286  5331 D Detox   : class com.wix.detox.espresso.DetoxAssertion, waitForAssertMatcher, [androidx.test.espresso.ViewInteraction@1ee7875, (view has effective visibility <VISIBLE> and view.getGlobalVisibleRect() covers at least <75> percent of the view's area), 5.0]
04-06 12:12:42.871  5286  5286 I ViewInteraction: Checking 'MatchesViewAssertion(Detox){viewMatcher=(view has effective visibility <VISIBLE> and view.getGlobalVisibleRect() covers at least <75> percent of the view's area)}' assertion on view (view.getTag() is "btn-iniciar-treino" and view has effective visibility <VISIBLE>)
04-06 12:12:42.875  5286  5331 I DetoxWSClient: Sending out action 'invokeResult' (ID #50)
04-06 12:12:42.875  5286  5331 I DetoxDispatcher: Done with action 'invoke'
04-06 12:12:42.879  5286  5335 D DetoxWSClient: Received action 'invoke' (ID #51, params={"target":{"type":"Class","value":"com.wix.detox.espresso.EspressoDetox"},"method":"perform","args":[{"type":"Invocation","value":{"target":{"type":"Class","value":"com.wix.detox.espresso.DetoxMatcher"},"method":"matcherForTestId","args":["btn-iniciar-treino",{"type":"boolean","value":false}]}},{"type":"Invocation","value":{"target":{"type":"Class","value":"com.wix.detox.espresso.DetoxViewActions"},"method":"click","args":[]}}]})
04-06 12:12:42.879  5286  5331 I DetoxDispatcher: Handling action 'invoke' (ID #51)...
04-06 12:12:42.879  5286  5331 D Detox   : class com.wix.detox.espresso.DetoxMatcher, matcherForTestId, [btn-iniciar-treino, false]
04-06 12:12:42.880  5286  5331 D Detox   : class com.wix.detox.espresso.DetoxViewActions, click, []
04-06 12:12:42.880  5286  5331 D Detox   : class com.wix.detox.espresso.EspressoDetox, perform, [(view.getTag() is "btn-iniciar-treino" and view has effective visibility <VISIBLE>), com.wix.detox.espresso.action.RNClickAction@72be07b]
04-06 12:12:42.886  5286  5286 I ViewInteraction: Performing 'com.wix.detox.espresso.action.detoxsingletap@6363e98 click' action on view (view.getTag() is "btn-iniciar-treino" and view has effective visibility <VISIBLE>)
04-06 12:12:42.892  5286  5286 I ViewRootImpl@73623ee[MainActivity]: ViewPostIme pointer 0
04-06 12:12:42.923  5286  5286 I ViewRootImpl@73623ee[MainActivity]: ViewPostIme pointer 1
04-06 12:12:43.076  5286  5286 W [RNScreens]: backTitleFontFamily prop is not available on Android
04-06 12:12:43.076  5286  5286 W [RNScreens]: disableBackButtonMenu prop is not available on Android
04-06 12:12:43.076  5286  5286 W [RNScreens]: backTitleVisible prop is not available on Android
04-06 12:12:43.076  5286  5286 W [RNScreens]: topInsetEnabled prop is not available on Android
04-06 12:12:43.076  5286  5286 W [RNScreens]: largeTitleHideShadow prop is not available on Android
04-06 12:12:43.076  5286  5286 W [RNScreens]: largeTitleFontWeight prop is not available on Android
04-06 12:12:43.076  5286  5286 W [RNScreens]: userInterfaceStyle prop is not available on Android
04-06 12:12:43.076  5286  5286 W [RNScreens]: largeTitleFontFamily prop is not available on Android
04-06 12:12:43.090  5286  5391 I ReactNativeJS: 'match:', 'local-cache'
04-06 12:12:43.091  5286  5391 I ReactNativeJS: 'recommendation:', 'push', '| confidence:', 'alta'
04-06 12:12:43.129  5286  5391 I ReactNativeJS: 'match:', 'local-cache'
04-06 12:12:43.129  5286  5391 I ReactNativeJS: 'recommendation:', 'push', '| confidence:', 'alta'
04-06 12:12:43.321  5286  5286 W UiControllerImpl: Waiting for: DYNAMIC_TASKS_HAVE_IDLED for 100 iterations.
04-06 12:12:44.099  5286  5286 W UiControllerImpl: Waiting for: DYNAMIC_TASKS_HAVE_IDLED for 300 iterations.
04-06 12:12:44.297  5286  5286 W om.evolucao.app: Accessing hidden field Landroid/widget/HorizontalScrollView;->mScroller:Landroid/widget/OverScroller; (unsupported, reflection, allowed)
04-06 12:12:44.317  5286  5286 D ScrollView: initGoToTop
04-06 12:12:44.770  5286  5686 D expo-notifications: Notification request "e7a038a3-3498-475c-a147-200d6ee1be40" will not trigger in the future, removing.
04-06 12:12:45.510  5286  5331 I DetoxWSClient: Sending out action 'invokeResult' (ID #51)
04-06 12:12:45.510  5286  5331 I DetoxDispatcher: Done with action 'invoke'
04-06 12:12:45.830  5286  5335 D DetoxWSClient: Received action 'invoke' (ID #52, params={"target":{"type":"Class","value":"com.wix.detox.espresso.DetoxAssertion"},"method":"waitForAssertMatcher","args":[{"type":"Invocation","value":{"target":{"type":"Class","value":"androidx.test.espresso.Espresso"},"method":"onView","args":[{"type":"Invocation","value":{"target":{"type":"Class","value":"com.wix.detox.espresso.DetoxMatcher"},"method":"matcherForTestId","args":["screen-workout",{"type":"boolean","value":false}]}}]}},{"type":"Invocation","value":{"target":{"type":"Class","value":"com.wix.detox.espresso.DetoxMatcher"},"method":"matcherForSufficientlyVisible","args":[{"type":"Integer","value":75}]}},{"type":"Double","value":5}]})
04-06 12:12:45.831  5286  5331 I DetoxDispatcher: Handling action 'invoke' (ID #52)...
04-06 12:12:45.832  5286  5331 D Detox   : class com.wix.detox.espresso.DetoxMatcher, matcherForTestId, [screen-workout, false]
04-06 12:12:45.833  5286  5331 D Detox   : class androidx.test.espresso.Espresso, onView, [(view.getTag() is "screen-workout" and view has effective visibility <VISIBLE>)]
04-06 12:12:45.834  5286  5331 D Detox   : class com.wix.detox.espresso.DetoxMatcher, matcherForSufficientlyVisible, [75]
04-06 12:12:45.835  5286  5331 D Detox   : class com.wix.detox.espresso.DetoxAssertion, waitForAssertMatcher, [androidx.test.espresso.ViewInteraction@abf2a1b, (view has effective visibility <VISIBLE> and view.getGlobalVisibleRect() covers at least <75> percent of the view's area), 5.0]
04-06 12:12:45.846  5286  5286 I ViewInteraction: Checking 'MatchesViewAssertion(Detox){viewMatcher=(view has effective visibility <VISIBLE> and view.getGlobalVisibleRect() covers at least <75> percent of the view's area)}' assertion on view (view.getTag() is "screen-workout" and view has effective visibility <VISIBLE>)
04-06 12:12:45.853  5286  5331 I DetoxWSClient: Sending out action 'invokeResult' (ID #52)
04-06 12:12:45.854  5286  5331 I DetoxDispatcher: Done with action 'invoke'
04-06 12:12:46.561  5286  5335 D DetoxWSClient: Received action 'invoke' (ID #53, params={"target":{"type":"Class","value":"com.wix.detox.espresso.DetoxAssertion"},"method":"waitForAssertMatcher","args":[{"type":"Invocation","value":{"target":{"type":"Class","value":"androidx.test.espresso.Espresso"},"method":"onView","args":[{"type":"Invocation","value":{"target":{"type":"Class","value":"com.wix.detox.espresso.DetoxMatcher"},"method":"matcherForTestId","args":["app-root",{"type":"boolean","value":false}]}}]}},{"type":"Invocation","value":{"target":{"type":"Class","value":"com.wix.detox.espresso.DetoxMatcher"},"method":"matcherForSufficientlyVisible","args":[{"type":"Integer","value":75}]}},{"type":"Double","value":5}]})
04-06 12:12:46.561  5286  5331 I DetoxDispatcher: Handling action 'invoke' (ID #53)...
04-06 12:12:46.562  5286  5331 D Detox   : class com.wix.detox.espresso.DetoxMatcher, matcherForTestId, [app-root, false]
04-06 12:12:46.563  5286  5331 D Detox   : class androidx.test.espresso.Espresso, onView, [(view.getTag() is "app-root" and view has effective visibility <VISIBLE>)]
04-06 12:12:46.564  5286  5331 D Detox   : class com.wix.detox.espresso.DetoxMatcher, matcherForSufficientlyVisible, [75]
04-06 12:12:46.565  5286  5331 D Detox   : class com.wix.detox.espresso.DetoxAssertion, waitForAssertMatcher, [androidx.test.espresso.ViewInteraction@6ae9991, (view has effective visibility <VISIBLE> and view.getGlobalVisibleRect() covers at least <75> percent of the view's area), 5.0]
04-06 12:12:46.571  5286  5286 I ViewInteraction: Checking 'MatchesViewAssertion(Detox){viewMatcher=(view has effective visibility <VISIBLE> and view.getGlobalVisibleRect() covers at least <75> percent of the view's area)}' assertion on view (view.getTag() is "app-root" and view has effective visibility <VISIBLE>)
04-06 12:12:46.575  5286  5331 I DetoxWSClient: Sending out action 'invokeResult' (ID #53)
04-06 12:12:46.576  5286  5331 I DetoxDispatcher: Done with action 'invoke'
04-06 12:12:46.580  5286  5335 D DetoxWSClient: Received action 'invoke' (ID #54, params={"target":{"type":"Class","value":"com.wix.detox.espresso.DetoxAssertion"},"method":"assertMatcher","args":[{"type":"Invocation","value":{"target":{"type":"Class","value":"androidx.test.espresso.Espresso"},"method":"onView","args":[{"type":"Invocation","value":{"target":{"type":"Class","value":"com.wix.detox.espresso.DetoxMatcher"},"method":"matcherForTestId","args":["app-root",{"type":"boolean","value":false}]}}]}},{"type":"Invocation","value":{"target":{"type":"Class","value":"com.wix.detox.espresso.DetoxMatcher"},"method":"matcherForSufficientlyVisible","args":[{"type":"Integer","value":75}]}}]})
04-06 12:12:46.580  5286  5331 I DetoxDispatcher: Handling action 'invoke' (ID #54)...
04-06 12:12:46.581  5286  5331 D Detox   : class com.wix.detox.espresso.DetoxMatcher, matcherForTestId, [app-root, false]
04-06 12:12:46.581  5286  5331 D Detox   : class androidx.test.espresso.Espresso, onView, [(view.getTag() is "app-root" and view has effective visibility <VISIBLE>)]
04-06 12:12:46.583  5286  5331 D Detox   : class com.wix.detox.espresso.DetoxMatcher, matcherForSufficientlyVisible, [75]
04-06 12:12:46.583  5286  5331 D Detox   : class com.wix.detox.espresso.DetoxAssertion, assertMatcher, [androidx.test.espresso.ViewInteraction@247c0f6, (view has effective visibility <VISIBLE> and view.getGlobalVisibleRect() covers at least <75> percent of the view's area)]
04-06 12:12:46.589  5286  5286 I ViewInteraction: Checking 'MatchesViewAssertion(Detox){viewMatcher=(view has effective visibility <VISIBLE> and view.getGlobalVisibleRect() covers at least <75> percent of the view's area)}' assertion on view (view.getTag() is "app-root" and view has effective visibility <VISIBLE>)
04-06 12:12:46.593  5286  5331 I DetoxWSClient: Sending out action 'invokeResult' (ID #54)
04-06 12:12:46.593  5286  5331 I DetoxDispatcher: Done with action 'invoke'
04-06 12:12:46.598  5286  5335 D DetoxWSClient: Received action 'invoke' (ID #55, params={"target":{"type":"Class","value":"com.wix.detox.espresso.DetoxAssertion"},"method":"waitForAssertMatcher","args":[{"type":"Invocation","value":{"target":{"type":"Class","value":"androidx.test.espresso.Espresso"},"method":"onView","args":[{"type":"Invocation","value":{"target":{"type":"Class","value":"com.wix.detox.espresso.DetoxMatcher"},"method":"matcherForTestId","args":["input-peso",{"type":"boolean","value":false}]}}]}},{"type":"Invocation","value":{"target":{"type":"Class","value":"com.wix.detox.espresso.DetoxMatcher"},"method":"matcherForSufficientlyVisible","args":[{"type":"Integer","value":75}]}},{"type":"Double","value":5}]})
04-06 12:12:46.598  5286  5331 I DetoxDispatcher: Handling action 'invoke' (ID #55)...
04-06 12:12:46.599  5286  5331 D Detox   : class com.wix.detox.espresso.DetoxMatcher, matcherForTestId, [input-peso, false]
04-06 12:12:46.600  5286  5331 D Detox   : class androidx.test.espresso.Espresso, onView, [(view.getTag() is "input-peso" and view has effective visibility <VISIBLE>)]
04-06 12:12:46.600  5286  5331 D Detox   : class com.wix.detox.espresso.DetoxMatcher, matcherForSufficientlyVisible, [75]
04-06 12:12:46.601  5286  5331 D Detox   : class com.wix.detox.espresso.DetoxAssertion, waitForAssertMatcher, [androidx.test.espresso.ViewInteraction@99c4cf7, (view has effective visibility <VISIBLE> and view.getGlobalVisibleRect() covers at least <75> percent of the view's area), 5.0]
04-06 12:12:46.607  5286  5286 I ViewInteraction: Checking 'MatchesViewAssertion(Detox){viewMatcher=(view has effective visibility <VISIBLE> and view.getGlobalVisibleRect() covers at least <75> percent of the view's area)}' assertion on view (view.getTag() is "input-peso" and view has effective visibility <VISIBLE>)
04-06 12:12:46.635  5286  5331 I DetoxWSClient: Sending out action 'invokeResult' (ID #55)
04-06 12:12:46.635  5286  5331 I DetoxDispatcher: Done with action 'invoke'
04-06 12:12:46.639  5286  5335 D DetoxWSClient: Received action 'invoke' (ID #56, params={"target":{"type":"Class","value":"com.wix.detox.espresso.DetoxAssertion"},"method":"waitForAssertMatcher","args":[{"type":"Invocation","value":{"target":{"type":"Class","value":"androidx.test.espresso.Espresso"},"method":"onView","args":[{"type":"Invocation","value":{"target":{"type":"Class","value":"com.wix.detox.espresso.DetoxMatcher"},"method":"matcherForTestId","args":["input-reps",{"type":"boolean","value":false}]}}]}},{"type":"Invocation","value":{"target":{"type":"Class","value":"com.wix.detox.espresso.DetoxMatcher"},"method":"matcherForSufficientlyVisible","args":[{"type":"Integer","value":75}]}},{"type":"Double","value":5}]})
04-06 12:12:46.639  5286  5331 I DetoxDispatcher: Handling action 'invoke' (ID #56)...
04-06 12:12:46.639  5286  5331 D Detox   : class com.wix.detox.espresso.DetoxMatcher, matcherForTestId, [input-reps, false]
04-06 12:12:46.640  5286  5331 D Detox   : class androidx.test.espresso.Espresso, onView, [(view.getTag() is "input-reps" and view has effective visibility <VISIBLE>)]
04-06 12:12:46.640  5286  5331 D Detox   : class com.wix.detox.espresso.DetoxMatcher, matcherForSufficientlyVisible, [75]
04-06 12:12:46.641  5286  5331 D Detox   : class com.wix.detox.espresso.DetoxAssertion, waitForAssertMatcher, [androidx.test.espresso.ViewInteraction@cc5d8d0, (view has effective visibility <VISIBLE> and view.getGlobalVisibleRect() covers at least <75> percent of the view's area), 5.0]
04-06 12:12:46.643  5286  5286 I ViewInteraction: Checking 'MatchesViewAssertion(Detox){viewMatcher=(view has effective visibility <VISIBLE> and view.getGlobalVisibleRect() covers at least <75> percent of the view's area)}' assertion on view (view.getTag() is "input-reps" and view has effective visibility <VISIBLE>)
04-06 12:12:46.654  5286  5331 I DetoxWSClient: Sending out action 'invokeResult' (ID #56)
04-06 12:12:46.654  5286  5331 I DetoxDispatcher: Done with action 'invoke'
04-06 12:12:46.658  5286  5335 D DetoxWSClient: Received action 'invoke' (ID #57, params={"target":{"type":"Class","value":"com.wix.detox.espresso.DetoxAssertion"},"method":"waitForAssertMatcher","args":[{"type":"Invocation","value":{"target":{"type":"Class","value":"androidx.test.espresso.Espresso"},"method":"onView","args":[{"type":"Invocation","value":{"target":{"type":"Class","value":"com.wix.detox.espresso.DetoxMatcher"},"method":"matcherForTestId","args":["input-peso",{"type":"boolean","value":false}]}}]}},{"type":"Invocation","value":{"target":{"type":"Class","value":"com.wix.detox.espresso.DetoxMatcher"},"method":"matcherForSufficientlyVisible","args":[{"type":"Integer","value":75}]}},{"type":"Double","value":5}]})
04-06 12:12:46.658  5286  5331 I DetoxDispatcher: Handling action 'invoke' (ID #57)...
04-06 12:12:46.658  5286  5331 D Detox   : class com.wix.detox.espresso.DetoxMatcher, matcherForTestId, [input-peso, false]
04-06 12:12:46.659  5286  5331 D Detox   : class androidx.test.espresso.Espresso, onView, [(view.getTag() is "input-peso" and view has effective visibility <VISIBLE>)]
04-06 12:12:46.659  5286  5331 D Detox   : class com.wix.detox.espresso.DetoxMatcher, matcherForSufficientlyVisible, [75]
04-06 12:12:46.659  5286  5331 D Detox   : class com.wix.detox.espresso.DetoxAssertion, waitForAssertMatcher, [androidx.test.espresso.ViewInteraction@90f23ce, (view has effective visibility <VISIBLE> and view.getGlobalVisibleRect() covers at least <75> percent of the view's area), 5.0]
04-06 12:12:46.662  5286  5286 I ViewInteraction: Checking 'MatchesViewAssertion(Detox){viewMatcher=(view has effective visibility <VISIBLE> and view.getGlobalVisibleRect() covers at least <75> percent of the view's area)}' assertion on view (view.getTag() is "input-peso" and view has effective visibility <VISIBLE>)
04-06 12:12:46.673  5286  5331 I DetoxWSClient: Sending out action 'invokeResult' (ID #57)
04-06 12:12:46.673  5286  5331 I DetoxDispatcher: Done with action 'invoke'
04-06 12:12:46.676  5286  5335 D DetoxWSClient: Received action 'invoke' (ID #58, params={"target":{"type":"Class","value":"com.wix.detox.espresso.EspressoDetox"},"method":"perform","args":[{"type":"Invocation","value":{"target":{"type":"Class","value":"com.wix.detox.espresso.DetoxMatcher"},"method":"matcherForTestId","args":["input-peso",{"type":"boolean","value":false}]}},{"type":"Invocation","value":{"target":{"type":"Class","value":"com.wix.detox.espresso.DetoxViewActions"},"method":"click","args":[]}}]})
04-06 12:12:46.676  5286  5331 I DetoxDispatcher: Handling action 'invoke' (ID #58)...
04-06 12:12:46.676  5286  5331 D Detox   : class com.wix.detox.espresso.DetoxMatcher, matcherForTestId, [input-peso, false]
04-06 12:12:46.676  5286  5331 D Detox   : class com.wix.detox.espresso.DetoxViewActions, click, []
04-06 12:12:46.676  5286  5331 D Detox   : class com.wix.detox.espresso.EspressoDetox, perform, [(view.getTag() is "input-peso" and view has effective visibility <VISIBLE>), com.wix.detox.espresso.action.RNClickAction@7af32ef]
04-06 12:12:46.679  5286  5286 I ViewInteraction: Performing 'com.wix.detox.espresso.action.detoxsingletap@af7b1fc click' action on view (view.getTag() is "input-peso" and view has effective visibility <VISIBLE>)
04-06 12:12:46.692  5286  5286 I ViewRootImpl@73623ee[MainActivity]: ViewPostIme pointer 0
04-06 12:12:46.721  5286  5286 I ViewRootImpl@73623ee[MainActivity]: ViewPostIme pointer 1
04-06 12:12:46.746  5286  5286 D InputMethodManager: startInputInner - Id : 0
04-06 12:12:46.746  5286  5286 I InputMethodManager: startInputInner - mService.startInputOrWindowGainedFocus
04-06 12:12:46.753  5286  5286 I IMM_LC  : showSoftInput(View,I)
04-06 12:12:46.753  5286  5286 I IMM_LC  : ssi() - flag : 0 view : com.evolucao.app reason = SHOW_SOFT_INPUT
04-06 12:12:46.768  5286  5352 D NativeCustomFrequencyManager: [NativeCFMS] BpCustomFrequencyManager::BpCustomFrequencyManager()
04-06 12:12:46.772  5286  5286 D InsetsController: onStateChanged: InsetsState: {mDisplayFrame=Rect(0, 0 - 1080, 2400), mDisplayCutout=DisplayCutout{insets=Rect(0, 88 - 0, 0) waterfall=Insets{left=0, top=0, right=0, bottom=0} boundingRect={Bounds=[Rect(0, 0 - 0, 0), Rect(512, 0 - 568, 88), Rect(0, 0 - 0, 0), Rect(0, 0 - 0, 0)]} cutoutPathParserInfo={CutoutPathParserInfo{displayWidth=1080 displayHeight=2400 physicalDisplayWidth=1080 physicalDisplayHeight=2400 density={3.0} cutoutSpec={M 0,0 M 0,10.71963616907435 a 9.280363830925644,9.280363830925644 0 1,0 0,18.56072766185129 a 9.280363830925644,9.280363830925644 0 1,0 0,-18.56072766185129 Z @dp} rotation={0} scale={1.0} physicalPixelDisplaySizeRatio={1.0}}}}, mRoundedCorners=RoundedCorners{[RoundedCorner{position=TopLeft, radius=96, center=Point(96, 96)}, RoundedCorner{position=TopRight, radius=96, center=Point(984, 96)}, RoundedCorner{position=BottomRight, radius=96, center=Point(984, 2304)}, RoundedCorner{position=BottomLeft, radius=96, center=Point(96, 2304)}]}  mRoundedCornerFrame=Rect(0, 0 - 1080, 2400), mPrivacyIndicatorBounds=PrivacyIndicatorBounds {static bounds=Rect(948, 0 - 1080, 88) rotation=0}, mSources= { InsetsSource: {mType=ITYPE_STATUS_BAR, mFrame=[0,0][1080,88], mVisible=true, mInsetsRoundedCornerFrame=false}, InsetsSource: {mType=ITYPE_NAVIGATION_BAR, mFrame=[0,2256][1080,2400], mVisible=true, mInsetsRoundedCornerFrame=false}, InsetsSource: {mType=ITYPE_LEFT_GESTURES, mFrame=[0,0][0,2400], mVisible=true, mInsetsRoundedCornerFrame=false}, InsetsSource: {mType=ITYPE_RIGHT_GESTURES, mFrame=[1080,0][1080,2400], mVisible=true, mInsetsRoundedCornerFrame=false}, InsetsSource: {mType=ITYPE_TOP_MANDATORY_GESTURES, mFrame=[0,0][1080,124], mVisible=true, mInsetsRoundedCornerFrame=false}, InsetsSource: {mType=ITYPE_BOTTOM_MANDATORY_GESTURES, mFrame=[0,2256][1080,2400], mVisible=true, mInsetsRoundedCornerFrame=false}, InsetsSource: {mType=ITYPE_LEFT_DISPLAY_CUTOUT, mFrame=[0,0][-100000,2400], mVisible=true, mInsetsRoundedCornerFrame=false}, InsetsSource: {mType=ITYPE_TOP_DISPLAY_CUTOUT, mFrame=[0,0][1080,88], mVisible=true, mInsetsRoundedCornerFrame=false}, InsetsSource: {mType=ITYPE_RIGHT_DISPLAY_CUTOUT, mFrame=[100000,0][1080,2400], mVisible=true, mInsetsRoundedCornerFrame=false}, InsetsSource: {mType=ITYPE_BOTTOM_DISPLAY_CUTOUT, mFrame=[0,100000][1080,2400], mVisible=true, mInsetsRoundedCornerFrame=false}, InsetsSource: {mType=ITYPE_TOP_TAPPABLE_ELEMENT, mFrame=[0,0][1080,88], mVisible=true, mInsetsRoundedCornerFrame=false}, InsetsSource: {mType=ITYPE_BOTTOM_TAPPABLE_ELEMENT, mFrame=[0,2256][1080,2400], mVisible=true, mInsetsRoundedCornerFrame=false} } host=PopupWindow:95f5483 from=android.view.ViewRootImpl.setView:1732
04-06 12:12:46.775  5286  5286 I ViewRootImpl@9a91600[PopupWindow:95f5483]: setView = android.widget.PopupWindow$PopupDecorView@89922c TM=false
04-06 12:12:46.778  5286  5352 D NativeCustomFrequencyManager: [NativeCFMS] BpCustomFrequencyManager::BpCustomFrequencyManager()
04-06 12:12:46.781  5286  5286 D InsetsController: onStateChanged: InsetsState: {mDisplayFrame=Rect(0, 0 - 1080, 2400), mDisplayCutout=DisplayCutout{insets=Rect(0, 88 - 0, 0) waterfall=Insets{left=0, top=0, right=0, bottom=0} boundingRect={Bounds=[Rect(0, 0 - 0, 0), Rect(512, 0 - 568, 88), Rect(0, 0 - 0, 0), Rect(0, 0 - 0, 0)]} cutoutPathParserInfo={CutoutPathParserInfo{displayWidth=1080 displayHeight=2400 physicalDisplayWidth=1080 physicalDisplayHeight=2400 density={3.0} cutoutSpec={M 0,0 M 0,10.71963616907435 a 9.280363830925644,9.280363830925644 0 1,0 0,18.56072766185129 a 9.280363830925644,9.280363830925644 0 1,0 0,-18.56072766185129 Z @dp} rotation={0} scale={1.0} physicalPixelDisplaySizeRatio={1.0}}}}, mRoundedCorners=RoundedCorners{[RoundedCorner{position=TopLeft, radius=96, center=Point(96, 96)}, RoundedCorner{position=TopRight, radius=96, center=Point(984, 96)}, RoundedCorner{position=BottomRight, radius=96, center=Point(984, 2304)}, RoundedCorner{position=BottomLeft, radius=96, center=Point(96, 2304)}]}  mRoundedCornerFrame=Rect(0, 0 - 1080, 2400), mPrivacyIndicatorBounds=PrivacyIndicatorBounds {static bounds=Rect(948, 0 - 1080, 88) rotation=0}, mSources= { InsetsSource: {mType=ITYPE_STATUS_BAR, mFrame=[0,0][1080,88], mVisible=true, mInsetsRoundedCornerFrame=false}, InsetsSource: {mType=ITYPE_NAVIGATION_BAR, mFrame=[0,2256][1080,2400], mVisible=true, mInsetsRoundedCornerFrame=false}, InsetsSource: {mType=ITYPE_LEFT_GESTURES, mFrame=[0,0][0,2400], mVisible=true, mInsetsRoundedCornerFrame=false}, InsetsSource: {mType=ITYPE_RIGHT_GESTURES, mFrame=[1080,0][1080,2400], mVisible=true, mInsetsRoundedCornerFrame=false}, InsetsSource: {mType=ITYPE_TOP_MANDATORY_GESTURES, mFrame=[0,0][1080,124], mVisible=true, mInsetsRoundedCornerFrame=false}, InsetsSource: {mType=ITYPE_BOTTOM_MANDATORY_GESTURES, mFrame=[0,2256][1080,2400], mVisible=true, mInsetsRoundedCornerFrame=false}, InsetsSource: {mType=ITYPE_LEFT_DISPLAY_CUTOUT, mFrame=[0,0][-100000,2400], mVisible=true, mInsetsRoundedCornerFrame=false}, InsetsSource: {mType=ITYPE_TOP_DISPLAY_CUTOUT, mFrame=[0,0][1080,88], mVisible=true, mInsetsRoundedCornerFrame=false}, InsetsSource: {mType=ITYPE_RIGHT_DISPLAY_CUTOUT, mFrame=[100000,0][1080,2400], mVisible=true, mInsetsRoundedCornerFrame=false}, InsetsSource: {mType=ITYPE_BOTTOM_DISPLAY_CUTOUT, mFrame=[0,100000][1080,2400], mVisible=true, mInsetsRoundedCornerFrame=false}, InsetsSource: {mType=ITYPE_TOP_TAPPABLE_ELEMENT, mFrame=[0,0][1080,88], mVisible=true, mInsetsRoundedCornerFrame=false}, InsetsSource: {mType=ITYPE_BOTTOM_TAPPABLE_ELEMENT, mFrame=[0,2256][1080,2400], mVisible=true, mInsetsRoundedCornerFrame=false} } host=PopupWindow:60f828a from=android.view.ViewRootImpl.setView:1732
04-06 12:12:46.783  5286  5286 I ViewRootImpl@f1cd0fb[PopupWindow:60f828a]: setView = android.widget.PopupWindow$PopupDecorView@2dd81d7 TM=false
04-06 12:12:46.790  5286  5286 I IMM_LC  : showSoftInput(View,I)
04-06 12:12:46.790  5286  5286 I IMM_LC  : ssi() - flag : 0 view : com.evolucao.app reason = SHOW_SOFT_INPUT
04-06 12:12:46.793  5286  5286 I ViewRootImpl@9a91600[PopupWindow:95f5483]: performTraversals params={(231,1797)(90x108) gr=TOP START CENTER sim={state=unchanged adjust=pan} ty=APPLICATION_SUB_PANEL fmt=TRANSLUCENT wanim=0x1030313 surfaceInsets=Rect(0, 0 - 0, 0) (manual)
04-06 12:12:46.793  5286  5286 I ViewRootImpl@9a91600[PopupWindow:95f5483]:   fl=41800208
04-06 12:12:46.793  5286  5286 I ViewRootImpl@9a91600[PopupWindow:95f5483]:   pfl=2018000
04-06 12:12:46.793  5286  5286 I ViewRootImpl@9a91600[PopupWindow:95f5483]:   bhv=DEFAULT
04-06 12:12:46.793  5286  5286 I ViewRootImpl@9a91600[PopupWindow:95f5483]:   fitTypes=STATUS_BARS NAVIGATION_BARS CAPTION_BAR naviIconColor=0
04-06 12:12:46.793  5286  5286 I ViewRootImpl@9a91600[PopupWindow:95f5483]:   sfl=20000}
04-06 12:12:46.794  5286  5286 I ViewRootImpl@9a91600[PopupWindow:95f5483]: performTraversals mFirst=true windowShouldResize=true viewVisibilityChanged=false mForceNextWindowRelayout=false params={(231,1797)(90x108) gr=TOP START CENTER sim={state=unchanged adjust=pan} ty=APPLICATION_SUB_PANEL fmt=TRANSLUCENT wanim=0x1030313 surfaceInsets=Rect(0, 0 - 0, 0) (manual)
04-06 12:12:46.794  5286  5286 I ViewRootImpl@9a91600[PopupWindow:95f5483]:   fl=41800208
04-06 12:12:46.794  5286  5286 I ViewRootImpl@9a91600[PopupWindow:95f5483]:   pfl=42018000
04-06 12:12:46.794  5286  5286 I ViewRootImpl@9a91600[PopupWindow:95f5483]:   bhv=DEFAULT
04-06 12:12:46.794  5286  5286 I ViewRootImpl@9a91600[PopupWindow:95f5483]:   fitTypes=STATUS_BARS NAVIGATION_BARS CAPTION_BAR naviIconColor=0
04-06 12:12:46.794  5286  5286 I ViewRootImpl@9a91600[PopupWindow:95f5483]:   sfl=20000}
04-06 12:12:46.798  5286  5307 I ViewRootImpl@9a91600[PopupWindow:95f5483]: Resizing android.view.ViewRootImpl@f24d4f5: frame = [231,1797][321,1905] reportDraw = true forceLayout = false syncSeqId = 0
04-06 12:12:46.799  5286  5286 I ViewRootImpl@9a91600[PopupWindow:95f5483]: updateBlastSurfaceIfNeeded mBlastBufferQueue=null isSameSurfaceControl=false
04-06 12:12:46.800  5286  5286 I BLASTBufferQueue: new BLASTBufferQueue, mName= ViewRootImpl@9a91600[PopupWindow:95f5483] mNativeObject= 0xb4000070a6da2280 sc.mNativeObject= 0xb4000070a6e222c0 caller= android.view.ViewRootImpl.updateBlastSurfaceIfNeeded:2909 android.view.ViewRootImpl.relayoutWindow:9847 android.view.ViewRootImpl.performTraversals:3884 android.view.ViewRootImpl.doTraversal:3116 android.view.ViewRootImpl$TraversalRunnable.run:10885 android.view.Choreographer$CallbackRecord.run:1301 android.view.Choreographer$CallbackRecord.run:1309 android.view.Choreographer.doCallbacks:923 android.view.Choreographer.doFrame:852 android.view.Choreographer$FrameDisplayEventReceiver.run:1283 
04-06 12:12:46.800  5286  5286 I BLASTBufferQueue: update, w= 90 h= 108 mName = ViewRootImpl@9a91600[PopupWindow:95f5483] mNativeObject= 0xb4000070a6da2280 sc.mNativeObject= 0xb4000070a6e222c0 format= -3 caller= android.graphics.BLASTBufferQueue.<init>:84 android.view.ViewRootImpl.updateBlastSurfaceIfNeeded:2909 android.view.ViewRootImpl.relayoutWindow:9847 android.view.ViewRootImpl.performTraversals:3884 android.view.ViewRootImpl.doTraversal:3116 android.view.ViewRootImpl$TraversalRunnable.run:10885 
04-06 12:12:46.801  5286  5286 I ViewRootImpl@9a91600[PopupWindow:95f5483]: Relayout returned: old=(231,1797,321,1905) new=(231,1797,321,1905) req=(90,108)0 dur=5 res=0x3 s={true 0xb4000070a0e68800} ch=true seqId=0
04-06 12:12:46.801  5286  5286 I ViewRootImpl@9a91600[PopupWindow:95f5483]: mThreadedRenderer.initialize() mSurface={isValid=true 0xb4000070a0e68800} hwInitialized=true
04-06 12:12:46.801  5286  5352 D OpenGLRenderer: eglCreateWindowSurface
04-06 12:12:46.803  5286  5286 I ViewRootImpl@9a91600[PopupWindow:95f5483]: reportNextDraw android.view.ViewRootImpl.performTraversals:4438 android.view.ViewRootImpl.doTraversal:3116 android.view.ViewRootImpl$TraversalRunnable.run:10885 android.view.Choreographer$CallbackRecord.run:1301 android.view.Choreographer$CallbackRecord.run:1309 
04-06 12:12:46.803  5286  5286 I ViewRootImpl@9a91600[PopupWindow:95f5483]: Setup new sync id=0
04-06 12:12:46.803  5286  5286 I ViewRootImpl@9a91600[PopupWindow:95f5483]: Setting syncFrameCallback
04-06 12:12:46.803  5286  5286 I ViewRootImpl@9a91600[PopupWindow:95f5483]: registerCallbacksForSync syncBuffer=false
04-06 12:12:46.804  5286  5377 I ViewRootImpl@9a91600[PopupWindow:95f5483]: Received frameDrawingCallback syncResult=0 frameNum=1.
04-06 12:12:46.804  5286  5377 I ViewRootImpl@9a91600[PopupWindow:95f5483]: Setting up sync and frameCommitCallback
04-06 12:12:46.813  5286  5352 I BLASTBufferQueue: [ViewRootImpl@9a91600[PopupWindow:95f5483]#2](f:0,a:0) onFrameAvailable the first frame is available
04-06 12:12:46.814  5286  5352 I ViewRootImpl@9a91600[PopupWindow:95f5483]: Received frameCommittedCallback lastAttemptedDrawFrameNum=1 didProduceBuffer=true
04-06 12:12:46.814  5286  5352 D OpenGLRenderer: CFMS:: SetUp Pid : 5286    Tid : 5352
04-06 12:12:46.815  5286  5352 W Parcel  : Expecting binder but got null!
04-06 12:12:46.816  5286  5286 I ViewRootImpl@9a91600[PopupWindow:95f5483]: onSyncComplete
04-06 12:12:46.816  5286  5286 I ViewRootImpl@9a91600[PopupWindow:95f5483]: setupSync seqId=0 mSyncId=0 fn=1 caller=android.view.ViewRootImpl$$ExternalSyntheticLambda11.accept:6 android.window.SurfaceSyncer.lambda$setupSync$1$android-window-SurfaceSyncer:128 android.window.SurfaceSyncer$$ExternalSyntheticLambda1.accept:8 android.window.SurfaceSyncer$SyncSet.checkIfSyncIsComplete:382 android.window.SurfaceSyncer$SyncSet.markSyncReady:359 android.window.SurfaceSyncer.markSyncReady:151 android.view.ViewRootImpl.performTraversals:4503 
04-06 12:12:46.817  5286  5286 I ViewRootImpl@f1cd0fb[PopupWindow:60f828a]: performTraversals params={(231,1703)(90x94) gr=TOP START CENTER sim={state=unchanged adjust=pan} ty=APPLICATION_SUB_PANEL fmt=TRANSLUCENT wanim=0x1030313 surfaceInsets=Rect(0, 0 - 0, 0) (manual)
04-06 12:12:46.817  5286  5286 I ViewRootImpl@f1cd0fb[PopupWindow:60f828a]:   fl=41800218
04-06 12:12:46.817  5286  5286 I ViewRootImpl@f1cd0fb[PopupWindow:60f828a]:   pfl=2018000
04-06 12:12:46.817  5286  5286 I ViewRootImpl@f1cd0fb[PopupWindow:60f828a]:   bhv=DEFAULT
04-06 12:12:46.817  5286  5286 I ViewRootImpl@f1cd0fb[PopupWindow:60f828a]:   fitTypes=STATUS_BARS NAVIGATION_BARS CAPTION_BAR naviIconColor=0
04-06 12:12:46.817  5286  5286 I ViewRootImpl@f1cd0fb[PopupWindow:60f828a]:   sfl=20000}
04-06 12:12:46.818  5286  5286 I ViewRootImpl@f1cd0fb[PopupWindow:60f828a]: performTraversals mFirst=true windowShouldResize=true viewVisibilityChanged=false mForceNextWindowRelayout=false params={(231,1703)(90x94) gr=TOP START CENTER sim={state=unchanged adjust=pan} ty=APPLICATION_SUB_PANEL fmt=TRANSLUCENT wanim=0x1030313 surfaceInsets=Rect(0, 0 - 0, 0) (manual)
04-06 12:12:46.818  5286  5286 I ViewRootImpl@f1cd0fb[PopupWindow:60f828a]:   fl=41800218
04-06 12:12:46.818  5286  5286 I ViewRootImpl@f1cd0fb[PopupWindow:60f828a]:   pfl=42018000
04-06 12:12:46.818  5286  5286 I ViewRootImpl@f1cd0fb[PopupWindow:60f828a]:   bhv=DEFAULT
04-06 12:12:46.818  5286  5286 I ViewRootImpl@f1cd0fb[PopupWindow:60f828a]:   fitTypes=STATUS_BARS NAVIGATION_BARS CAPTION_BAR naviIconColor=0
04-06 12:12:46.818  5286  5286 I ViewRootImpl@f1cd0fb[PopupWindow:60f828a]:   sfl=20000}
04-06 12:12:46.822  5286  5307 I ViewRootImpl@f1cd0fb[PopupWindow:60f828a]: Resizing android.view.ViewRootImpl@929fac4: frame = [231,1703][321,1797] reportDraw = true forceLayout = false syncSeqId = 0
04-06 12:12:46.823  5286  5286 I ViewRootImpl@f1cd0fb[PopupWindow:60f828a]: updateBlastSurfaceIfNeeded mBlastBufferQueue=null isSameSurfaceControl=false
04-06 12:12:46.824  5286  5286 I BLASTBufferQueue: new BLASTBufferQueue, mName= ViewRootImpl@f1cd0fb[PopupWindow:60f828a] mNativeObject= 0xb4000070a6da2600 sc.mNativeObject= 0xb4000070a6e22540 caller= android.view.ViewRootImpl.updateBlastSurfaceIfNeeded:2909 android.view.ViewRootImpl.relayoutWindow:9847 android.view.ViewRootImpl.performTraversals:3884 android.view.ViewRootImpl.doTraversal:3116 android.view.ViewRootImpl$TraversalRunnable.run:10885 android.view.Choreographer$CallbackRecord.run:1301 android.view.Choreographer$CallbackRecord.run:1309 android.view.Choreographer.doCallbacks:923 android.view.Choreographer.doFrame:852 android.view.Choreographer$FrameDisplayEventReceiver.run:1283 
04-06 12:12:46.824  5286  5286 I BLASTBufferQueue: update, w= 90 h= 94 mName = ViewRootImpl@f1cd0fb[PopupWindow:60f828a] mNativeObject= 0xb4000070a6da2600 sc.mNativeObject= 0xb4000070a6e22540 format= -3 caller= android.graphics.BLASTBufferQueue.<init>:84 android.view.ViewRootImpl.updateBlastSurfaceIfNeeded:2909 android.view.ViewRootImpl.relayoutWindow:9847 android.view.ViewRootImpl.performTraversals:3884 android.view.ViewRootImpl.doTraversal:3116 android.view.ViewRootImpl$TraversalRunnable.run:10885 
04-06 12:12:46.825  5286  5286 I ViewRootImpl@f1cd0fb[PopupWindow:60f828a]: Relayout returned: old=(231,1703,321,1797) new=(231,1703,321,1797) req=(90,94)0 dur=5 res=0x3 s={true 0xb4000070b1b95800} ch=true seqId=0
04-06 12:12:46.826  5286  5286 I ViewRootImpl@f1cd0fb[PopupWindow:60f828a]: mThreadedRenderer.initialize() mSurface={isValid=true 0xb4000070b1b95800} hwInitialized=true
04-06 12:12:46.826  5286  5352 D OpenGLRenderer: eglCreateWindowSurface
04-06 12:12:46.828  5286  5286 I ViewRootImpl@f1cd0fb[PopupWindow:60f828a]: reportNextDraw android.view.ViewRootImpl.performTraversals:4438 android.view.ViewRootImpl.doTraversal:3116 android.view.ViewRootImpl$TraversalRunnable.run:10885 android.view.Choreographer$CallbackRecord.run:1301 android.view.Choreographer$CallbackRecord.run:1309 
04-06 12:12:46.828  5286  5286 I ViewRootImpl@f1cd0fb[PopupWindow:60f828a]: Setup new sync id=0
04-06 12:12:46.828  5286  5286 I ViewRootImpl@f1cd0fb[PopupWindow:60f828a]: Setting syncFrameCallback
04-06 12:12:46.828  5286  5286 I ViewRootImpl@f1cd0fb[PopupWindow:60f828a]: registerCallbacksForSync syncBuffer=false
04-06 12:12:46.829  5286  5376 I ViewRootImpl@f1cd0fb[PopupWindow:60f828a]: Received frameDrawingCallback syncResult=0 frameNum=1.
04-06 12:12:46.829  5286  5376 I ViewRootImpl@f1cd0fb[PopupWindow:60f828a]: Setting up sync and frameCommitCallback
04-06 12:12:46.829  5286  5352 I BLASTBufferQueue: [ViewRootImpl@f1cd0fb[PopupWindow:60f828a]#3](f:0,a:0) onFrameAvailable the first frame is available
04-06 12:12:46.830  5286  5352 I ViewRootImpl@f1cd0fb[PopupWindow:60f828a]: Received frameCommittedCallback lastAttemptedDrawFrameNum=1 didProduceBuffer=true
04-06 12:12:46.830  5286  5352 D OpenGLRenderer: CFMS:: SetUp Pid : 5286    Tid : 5352
04-06 12:12:46.831  5286  5352 W Parcel  : Expecting binder but got null!
04-06 12:12:46.831  5286  5286 I ViewRootImpl@f1cd0fb[PopupWindow:60f828a]: onSyncComplete
04-06 12:12:46.831  5286  5286 I ViewRootImpl@f1cd0fb[PopupWindow:60f828a]: setupSync seqId=0 mSyncId=0 fn=1 caller=android.view.ViewRootImpl$$ExternalSyntheticLambda11.accept:6 android.window.SurfaceSyncer.lambda$setupSync$1$android-window-SurfaceSyncer:128 android.window.SurfaceSyncer$$ExternalSyntheticLambda1.accept:8 android.window.SurfaceSyncer$SyncSet.checkIfSyncIsComplete:382 android.window.SurfaceSyncer$SyncSet.markSyncReady:359 android.window.SurfaceSyncer.markSyncReady:151 android.view.ViewRootImpl.performTraversals:4503 
04-06 12:12:46.832  5286  5286 I ViewRootImpl@f1cd0fb[PopupWindow:60f828a]: reportDrawFinished seqId=0 mSyncId=-1 fn=1 mSurfaceChangedTransaction=0xb4000070477c3b00
04-06 12:12:46.832  5286  5286 I ViewRootImpl@9a91600[PopupWindow:95f5483]: reportDrawFinished seqId=0 mSyncId=-1 fn=1 mSurfaceChangedTransaction=0xb4000070a0c39100
04-06 12:12:46.833  5286  5286 I ViewRootImpl@9a91600[PopupWindow:95f5483]: handleResized, msg = 5 frames=ClientWindowFrames{frame=[231,1797][321,1905] display=[-100000,-100000][100000,100000] parentFrame=[0,0][0,0] parentClippedByDisplayCutout=false} forceNextWindowRelayout=false displayId=0 resizeMode=-1 frameChanged=false displayFrameChanged=false configChanged=false displayChanged=false
04-06 12:12:46.833  5286  5286 I ViewRootImpl@9a91600[PopupWindow:95f5483]: handleResized mSyncSeqId = 0
04-06 12:12:46.833  5286  5286 I ViewRootImpl@9a91600[PopupWindow:95f5483]: reportNextDraw android.view.ViewRootImpl.handleResized:2450 android.view.ViewRootImpl.-$$Nest$mhandleResized:0 android.view.ViewRootImpl$ViewRootHandler.handleMessageImpl:6728 android.view.ViewRootImpl$ViewRootHandler.handleMessage:6697 android.os.Handler.dispatchMessage:106 
04-06 12:12:46.834  5286  5286 I ViewRootImpl@9a91600[PopupWindow:95f5483]: Setup new sync id=1
04-06 12:12:46.834  5286  5286 I ViewRootImpl@9a91600[PopupWindow:95f5483]: Setting syncFrameCallback
04-06 12:12:46.834  5286  5286 I ViewRootImpl@9a91600[PopupWindow:95f5483]: registerCallbacksForSync syncBuffer=false
04-06 12:12:46.836  5286  5377 I ViewRootImpl@9a91600[PopupWindow:95f5483]: Received frameDrawingCallback syncResult=0 frameNum=2.
04-06 12:12:46.836  5286  5377 I ViewRootImpl@9a91600[PopupWindow:95f5483]: Setting up sync and frameCommitCallback
04-06 12:12:46.837  5286  5352 I ViewRootImpl@9a91600[PopupWindow:95f5483]: Received frameCommittedCallback lastAttemptedDrawFrameNum=2 didProduceBuffer=true
04-06 12:12:46.837  5286  5286 I ViewRootImpl@9a91600[PopupWindow:95f5483]: onSyncComplete
04-06 12:12:46.837  5286  5286 I ViewRootImpl@9a91600[PopupWindow:95f5483]: setupSync seqId=0 mSyncId=1 fn=2 caller=android.view.ViewRootImpl$$ExternalSyntheticLambda11.accept:6 android.window.SurfaceSyncer.lambda$setupSync$1$android-window-SurfaceSyncer:128 android.window.SurfaceSyncer$$ExternalSyntheticLambda1.accept:8 android.window.SurfaceSyncer$SyncSet.checkIfSyncIsComplete:382 android.window.SurfaceSyncer$SyncSet.markSyncReady:359 android.window.SurfaceSyncer.markSyncReady:151 android.view.ViewRootImpl.performTraversals:4503 
04-06 12:12:46.838  5286  5286 I ViewRootImpl@9a91600[PopupWindow:95f5483]: reportDrawFinished seqId=0 mSyncId=-1 fn=2 mSurfaceChangedTransaction=0xb4000070a0c39100
04-06 12:12:46.839  5286  5286 I ViewRootImpl@f1cd0fb[PopupWindow:60f828a]: handleResized, msg = 5 frames=ClientWindowFrames{frame=[231,1703][321,1797] display=[-100000,-100000][100000,100000] parentFrame=[0,0][0,0] parentClippedByDisplayCutout=false} forceNextWindowRelayout=false displayId=0 resizeMode=-1 frameChanged=false displayFrameChanged=false configChanged=false displayChanged=false
04-06 12:12:46.839  5286  5286 I ViewRootImpl@f1cd0fb[PopupWindow:60f828a]: handleResized mSyncSeqId = 0
04-06 12:12:46.839  5286  5286 I ViewRootImpl@f1cd0fb[PopupWindow:60f828a]: reportNextDraw android.view.ViewRootImpl.handleResized:2450 android.view.ViewRootImpl.-$$Nest$mhandleResized:0 android.view.ViewRootImpl$ViewRootHandler.handleMessageImpl:6728 android.view.ViewRootImpl$ViewRootHandler.handleMessage:6697 android.os.Handler.dispatchMessage:106 
04-06 12:12:46.840  5286  5286 I ViewRootImpl@f1cd0fb[PopupWindow:60f828a]: Setup new sync id=1
04-06 12:12:46.840  5286  5286 I ViewRootImpl@f1cd0fb[PopupWindow:60f828a]: Setting syncFrameCallback
04-06 12:12:46.840  5286  5286 I ViewRootImpl@f1cd0fb[PopupWindow:60f828a]: registerCallbacksForSync syncBuffer=false
04-06 12:12:46.842  5286  5376 I ViewRootImpl@f1cd0fb[PopupWindow:60f828a]: Received frameDrawingCallback syncResult=0 frameNum=2.
04-06 12:12:46.842  5286  5376 I ViewRootImpl@f1cd0fb[PopupWindow:60f828a]: Setting up sync and frameCommitCallback
04-06 12:12:46.843  5286  5352 I ViewRootImpl@f1cd0fb[PopupWindow:60f828a]: Received frameCommittedCallback lastAttemptedDrawFrameNum=2 didProduceBuffer=true
04-06 12:12:46.843  5286  5286 I ViewRootImpl@f1cd0fb[PopupWindow:60f828a]: onSyncComplete
04-06 12:12:46.844  5286  5286 I ViewRootImpl@f1cd0fb[PopupWindow:60f828a]: setupSync seqId=0 mSyncId=1 fn=2 caller=android.view.ViewRootImpl$$ExternalSyntheticLambda11.accept:6 android.window.SurfaceSyncer.lambda$setupSync$1$android-window-SurfaceSyncer:128 android.window.SurfaceSyncer$$ExternalSyntheticLambda1.accept:8 android.window.SurfaceSyncer$SyncSet.checkIfSyncIsComplete:382 android.window.SurfaceSyncer$SyncSet.markSyncReady:359 android.window.SurfaceSyncer.markSyncReady:151 android.view.ViewRootImpl.performTraversals:4503 
04-06 12:12:46.845  5286  5286 I ViewRootImpl@f1cd0fb[PopupWindow:60f828a]: reportDrawFinished seqId=0 mSyncId=-1 fn=2 mSurfaceChangedTransaction=0xb4000070477c3b00
04-06 12:12:46.870  5286  5286 W OnBackInvokedCallback: OnBackInvokedCallback is not enabled for the application.
04-06 12:12:46.870  5286  5286 W OnBackInvokedCallback: Set 'android:enableOnBackInvokedCallback="true"' in the application manifest.
04-06 12:12:46.888  5286  5584 I ViewRootImpl@73623ee[MainActivity]: Resizing android.view.ViewRootImpl@25a16ab: frame = [0,0][1080,2400] reportDraw = false forceLayout = false syncSeqId = 0
04-06 12:12:46.888  5286  5306 I ViewRootImpl@f1cd0fb[PopupWindow:60f828a]: Resizing android.view.ViewRootImpl@929fac4: frame = [231,1703][321,1797] reportDraw = false forceLayout = false syncSeqId = 0
04-06 12:12:46.888  5286  5307 I ViewRootImpl@9a91600[PopupWindow:95f5483]: Resizing android.view.ViewRootImpl@f24d4f5: frame = [231,1797][321,1905] reportDraw = false forceLayout = false syncSeqId = 0
04-06 12:12:46.889  5286  5286 D InsetsController: onStateChanged: InsetsState: {mDisplayFrame=Rect(0, 0 - 1080, 2400), mDisplayCutout=DisplayCutout{insets=Rect(0, 88 - 0, 0) waterfall=Insets{left=0, top=0, right=0, bottom=0} boundingRect={Bounds=[Rect(0, 0 - 0, 0), Rect(512, 0 - 568, 88), Rect(0, 0 - 0, 0), Rect(0, 0 - 0, 0)]} cutoutPathParserInfo={CutoutPathParserInfo{displayWidth=1080 displayHeight=2400 physicalDisplayWidth=1080 physicalDisplayHeight=2400 density={3.0} cutoutSpec={M 0,0 M 0,10.71963616907435 a 9.280363830925644,9.280363830925644 0 1,0 0,18.56072766185129 a 9.280363830925644,9.280363830925644 0 1,0 0,-18.56072766185129 Z @dp} rotation={0} scale={1.0} physicalPixelDisplaySizeRatio={1.0}}}}, mRoundedCorners=RoundedCorners{[RoundedCorner{position=TopLeft, radius=96, center=Point(96, 96)}, RoundedCorner{position=TopRight, radius=96, center=Point(984, 96)}, RoundedCorner{position=BottomRight, radius=96, center=Point(984, 2304)}, RoundedCorner{position=BottomLeft, radius=96, center=Point(96, 2304)}]}  mRoundedCornerFrame=Rect(0, 0 - 1080, 2400), mPrivacyIndicatorBounds=PrivacyIndicatorBounds {static bounds=Rect(948, 0 - 1080, 88) rotation=0}, mSources= { InsetsSource: {mType=ITYPE_STATUS_BAR, mFrame=[0,0][1080,88], mVisible=true, mInsetsRoundedCornerFrame=false}, InsetsSource: {mType=ITYPE_NAVIGATION_BAR, mFrame=[0,2256][1080,2400], mVisible=true, mInsetsRoundedCornerFrame=false}, InsetsSource: {mType=ITYPE_LEFT_GESTURES, mFrame=[0,0][0,2400], mVisible=true, mInsetsRoundedCornerFrame=false}, InsetsSource: {mType=ITYPE_RIGHT_GESTURES, mFrame=[1080,0][1080,2400], mVisible=true, mInsetsRoundedCornerFrame=false}, InsetsSource: {mType=ITYPE_TOP_MANDATORY_GESTURES, mFrame=[0,0][1080,124], mVisible=true, mInsetsRoundedCornerFrame=false}, InsetsSource: {mType=ITYPE_BOTTOM_MANDATORY_GESTURES, mFrame=[0,2256][1080,2400], mVisible=true, mInsetsRoundedCornerFrame=false}, InsetsSource: {mType=ITYPE_LEFT_DISPLAY_CUTOUT, mFrame=[0,0][-100000,2400], mVisible=true, mInsetsRoundedCornerFrame=false}, InsetsSource: {mType=ITYPE_TOP_DISPLAY_CUTOUT, mFrame=[0,0][1080,88], mVisible=true, mInsetsRoundedCornerFrame=false}, InsetsSource: {mType=ITYPE_RIGHT_DISPLAY_CUTOUT, mFrame=[100000,0][1080,2400], mVisible=true, mInsetsRoundedCornerFrame=false}, InsetsSource: {mType=ITYPE_BOTTOM_DISPLAY_CUTOUT, mFrame=[0,100000][1080,2400], mVisible=true, mInsetsRoundedCornerFrame=false}, InsetsSource: {mType=ITYPE_TOP_TAPPABLE_ELEMENT, mFrame=[0,0][1080,88], mVisible=true, mInsetsRoundedCornerFrame=false}, InsetsSource: {mType=ITYPE_BOTTOM_TAPPABLE_ELEMENT, mFrame=[0,2256][1080,2400], mVisible=true, mInsetsRoundedCornerFrame=false}, InsetsSource: {mType=ITYPE_IME, mFrame=[0,1374][1080,2400], mVisibleFrame=[0,1374][1080,2400], mVisible=false, mInsetsRoundedCornerFrame=false} } host=com.evolucao.app/com.evolucao.app.MainActivity from=android.view.ViewRootImpl$ViewRootHandler.handleMessageImpl:6727
