04-06 12:14:05.486  6620  6709 I DetoxDispatcher: Done with action 'invoke'
04-06 12:14:05.490  6620  6715 D DetoxWSClient: Received action 'invoke' (ID #48, params={"target":{"type":"Class","value":"com.wix.detox.espresso.DetoxAssertion"},"method":"waitForAssertMatcher","args":[{"type":"Invocation","value":{"target":{"type":"Class","value":"androidx.test.espresso.Espresso"},"method":"onView","args":[{"type":"Invocation","value":{"target":{"type":"Class","value":"com.wix.detox.espresso.DetoxMatcher"},"method":"matcherForTestId","args":["app-root",{"type":"boolean","value":false}]}}]}},{"type":"Invocation","value":{"target":{"type":"Class","value":"com.wix.detox.espresso.DetoxMatcher"},"method":"matcherForSufficientlyVisible","args":[{"type":"Integer","value":75}]}},{"type":"Double","value":5}]})
04-06 12:14:05.491  6620  6709 I DetoxDispatcher: Handling action 'invoke' (ID #48)...
04-06 12:14:05.492  6620  6709 D Detox   : class com.wix.detox.espresso.DetoxMatcher, matcherForTestId, [app-root, false]
04-06 12:14:05.492  6620  6709 D Detox   : class androidx.test.espresso.Espresso, onView, [(view.getTag() is "app-root" and view has effective visibility <VISIBLE>)]
04-06 12:14:05.493  6620  6709 D Detox   : class com.wix.detox.espresso.DetoxMatcher, matcherForSufficientlyVisible, [75]
04-06 12:14:05.494  6620  6709 D Detox   : class com.wix.detox.espresso.DetoxAssertion, waitForAssertMatcher, [androidx.test.espresso.ViewInteraction@aad93ac, (view has effective visibility <VISIBLE> and view.getGlobalVisibleRect() covers at least <75> percent of the view's area), 5.0]
04-06 12:14:05.498  6620  6620 I ViewInteraction: Checking 'MatchesViewAssertion(Detox){viewMatcher=(view has effective visibility <VISIBLE> and view.getGlobalVisibleRect() covers at least <75> percent of the view's area)}' assertion on view (view.getTag() is "app-root" and view has effective visibility <VISIBLE>)
04-06 12:14:05.501  6620  6709 I DetoxWSClient: Sending out action 'invokeResult' (ID #48)
04-06 12:14:05.502  6620  6709 I DetoxDispatcher: Done with action 'invoke'
04-06 12:14:05.505  6620  6715 D DetoxWSClient: Received action 'invoke' (ID #49, params={"target":{"type":"Class","value":"com.wix.detox.espresso.DetoxAssertion"},"method":"assertMatcher","args":[{"type":"Invocation","value":{"target":{"type":"Class","value":"androidx.test.espresso.Espresso"},"method":"onView","args":[{"type":"Invocation","value":{"target":{"type":"Class","value":"com.wix.detox.espresso.DetoxMatcher"},"method":"matcherForTestId","args":["app-root",{"type":"boolean","value":false}]}}]}},{"type":"Invocation","value":{"target":{"type":"Class","value":"com.wix.detox.espresso.DetoxMatcher"},"method":"matcherForSufficientlyVisible","args":[{"type":"Integer","value":75}]}}]})
04-06 12:14:05.505  6620  6709 I DetoxDispatcher: Handling action 'invoke' (ID #49)...
04-06 12:14:05.506  6620  6709 D Detox   : class com.wix.detox.espresso.DetoxMatcher, matcherForTestId, [app-root, false]
04-06 12:14:05.506  6620  6709 D Detox   : class androidx.test.espresso.Espresso, onView, [(view.getTag() is "app-root" and view has effective visibility <VISIBLE>)]
04-06 12:14:05.507  6620  6709 D Detox   : class com.wix.detox.espresso.DetoxMatcher, matcherForSufficientlyVisible, [75]
04-06 12:14:05.508  6620  6709 D Detox   : class com.wix.detox.espresso.DetoxAssertion, assertMatcher, [androidx.test.espresso.ViewInteraction@1ee7875, (view has effective visibility <VISIBLE> and view.getGlobalVisibleRect() covers at least <75> percent of the view's area)]
04-06 12:14:05.511  6620  6620 I ViewInteraction: Checking 'MatchesViewAssertion(Detox){viewMatcher=(view has effective visibility <VISIBLE> and view.getGlobalVisibleRect() covers at least <75> percent of the view's area)}' assertion on view (view.getTag() is "app-root" and view has effective visibility <VISIBLE>)
04-06 12:14:05.514  6620  6709 I DetoxWSClient: Sending out action 'invokeResult' (ID #49)
04-06 12:14:05.515  6620  6709 I DetoxDispatcher: Done with action 'invoke'
04-06 12:14:05.518  6620  6715 D DetoxWSClient: Received action 'invoke' (ID #50, params={"target":{"type":"Class","value":"com.wix.detox.espresso.DetoxAssertion"},"method":"waitForAssertMatcher","args":[{"type":"Invocation","value":{"target":{"type":"Class","value":"androidx.test.espresso.Espresso"},"method":"onView","args":[{"type":"Invocation","value":{"target":{"type":"Class","value":"com.wix.detox.espresso.DetoxMatcher"},"method":"matcherForTestId","args":["btn-iniciar-treino",{"type":"boolean","value":false}]}}]}},{"type":"Invocation","value":{"target":{"type":"Class","value":"com.wix.detox.espresso.DetoxMatcher"},"method":"matcherForSufficientlyVisible","args":[{"type":"Integer","value":75}]}},{"type":"Double","value":5}]})
04-06 12:14:05.518  6620  6709 I DetoxDispatcher: Handling action 'invoke' (ID #50)...
04-06 12:14:05.518  6620  6709 D Detox   : class com.wix.detox.espresso.DetoxMatcher, matcherForTestId, [btn-iniciar-treino, false]
04-06 12:14:05.519  6620  6709 D Detox   : class androidx.test.espresso.Espresso, onView, [(view.getTag() is "btn-iniciar-treino" and view has effective visibility <VISIBLE>)]
04-06 12:14:05.520  6620  6709 D Detox   : class com.wix.detox.espresso.DetoxMatcher, matcherForSufficientlyVisible, [75]
04-06 12:14:05.520  6620  6709 D Detox   : class com.wix.detox.espresso.DetoxAssertion, waitForAssertMatcher, [androidx.test.espresso.ViewInteraction@abb200a, (view has effective visibility <VISIBLE> and view.getGlobalVisibleRect() covers at least <75> percent of the view's area), 5.0]
04-06 12:14:05.523  6620  6620 I ViewInteraction: Checking 'MatchesViewAssertion(Detox){viewMatcher=(view has effective visibility <VISIBLE> and view.getGlobalVisibleRect() covers at least <75> percent of the view's area)}' assertion on view (view.getTag() is "btn-iniciar-treino" and view has effective visibility <VISIBLE>)
04-06 12:14:05.526  6620  6709 I DetoxWSClient: Sending out action 'invokeResult' (ID #50)
04-06 12:14:05.526  6620  6709 I DetoxDispatcher: Done with action 'invoke'
04-06 12:14:05.529  6620  6715 D DetoxWSClient: Received action 'invoke' (ID #51, params={"target":{"type":"Class","value":"com.wix.detox.espresso.EspressoDetox"},"method":"perform","args":[{"type":"Invocation","value":{"target":{"type":"Class","value":"com.wix.detox.espresso.DetoxMatcher"},"method":"matcherForTestId","args":["btn-iniciar-treino",{"type":"boolean","value":false}]}},{"type":"Invocation","value":{"target":{"type":"Class","value":"com.wix.detox.espresso.DetoxViewActions"},"method":"click","args":[]}}]})
04-06 12:14:05.530  6620  6709 I DetoxDispatcher: Handling action 'invoke' (ID #51)...
04-06 12:14:05.530  6620  6709 D Detox   : class com.wix.detox.espresso.DetoxMatcher, matcherForTestId, [btn-iniciar-treino, false]
04-06 12:14:05.530  6620  6709 D Detox   : class com.wix.detox.espresso.DetoxViewActions, click, []
04-06 12:14:05.531  6620  6709 D Detox   : class com.wix.detox.espresso.EspressoDetox, perform, [(view.getTag() is "btn-iniciar-treino" and view has effective visibility <VISIBLE>), com.wix.detox.espresso.action.RNClickAction@6363e98]
04-06 12:14:05.535  6620  6620 I ViewInteraction: Performing 'com.wix.detox.espresso.action.detoxsingletap@dbb26f1 click' action on view (view.getTag() is "btn-iniciar-treino" and view has effective visibility <VISIBLE>)
04-06 12:14:05.540  6620  6620 I ViewRootImpl@73623ee[MainActivity]: ViewPostIme pointer 0
04-06 12:14:05.571  6620  6620 I ViewRootImpl@73623ee[MainActivity]: ViewPostIme pointer 1
04-06 12:14:05.706  6620  6620 W [RNScreens]: backTitleFontFamily prop is not available on Android
04-06 12:14:05.706  6620  6620 W [RNScreens]: disableBackButtonMenu prop is not available on Android
04-06 12:14:05.706  6620  6620 W [RNScreens]: backTitleVisible prop is not available on Android
04-06 12:14:05.706  6620  6620 W [RNScreens]: topInsetEnabled prop is not available on Android
04-06 12:14:05.706  6620  6620 W [RNScreens]: largeTitleHideShadow prop is not available on Android
04-06 12:14:05.706  6620  6620 W [RNScreens]: largeTitleFontWeight prop is not available on Android
04-06 12:14:05.706  6620  6620 W [RNScreens]: userInterfaceStyle prop is not available on Android
04-06 12:14:05.706  6620  6620 W [RNScreens]: largeTitleFontFamily prop is not available on Android
04-06 12:14:05.719  6620  6790 I ReactNativeJS: 'match:', 'local-cache'
04-06 12:14:05.719  6620  6790 I ReactNativeJS: 'recommendation:', 'push', '| confidence:', 'alta'
04-06 12:14:05.757  6620  6790 I ReactNativeJS: 'match:', 'local-cache'
04-06 12:14:05.758  6620  6790 I ReactNativeJS: 'recommendation:', 'push', '| confidence:', 'alta'
04-06 12:14:05.862  6620  6620 W UiControllerImpl: Waiting for: DYNAMIC_TASKS_HAVE_IDLED for 100 iterations.
04-06 12:14:06.514  6620  6633 I om.evolucao.app: Background concurrent copying GC freed 250679(8636KB) AllocSpace objects, 0(0B) LOS objects, 49% free, 16MB/33MB, paused 78us,149us total 114.478ms
04-06 12:14:06.927  6620  6620 W om.evolucao.app: Accessing hidden field Landroid/widget/HorizontalScrollView;->mScroller:Landroid/widget/OverScroller; (unsupported, reflection, allowed)
04-06 12:14:06.948  6620  6620 D ScrollView: initGoToTop
04-06 12:14:07.378  6620  7089 D expo-notifications: Notification request "a346127b-5824-42ab-bf50-d98db1fdc6ff" will not trigger in the future, removing.
04-06 12:14:08.124  6620  6709 I DetoxWSClient: Sending out action 'invokeResult' (ID #51)
04-06 12:14:08.125  6620  6709 I DetoxDispatcher: Done with action 'invoke'
04-06 12:14:08.444  6620  6715 D DetoxWSClient: Received action 'invoke' (ID #52, params={"target":{"type":"Class","value":"com.wix.detox.espresso.DetoxAssertion"},"method":"waitForAssertMatcher","args":[{"type":"Invocation","value":{"target":{"type":"Class","value":"androidx.test.espresso.Espresso"},"method":"onView","args":[{"type":"Invocation","value":{"target":{"type":"Class","value":"com.wix.detox.espresso.DetoxMatcher"},"method":"matcherForTestId","args":["screen-workout",{"type":"boolean","value":false}]}}]}},{"type":"Invocation","value":{"target":{"type":"Class","value":"com.wix.detox.espresso.DetoxMatcher"},"method":"matcherForSufficientlyVisible","args":[{"type":"Integer","value":75}]}},{"type":"Double","value":5}]})
04-06 12:14:08.446  6620  6709 I DetoxDispatcher: Handling action 'invoke' (ID #52)...
04-06 12:14:08.448  6620  6709 D Detox   : class com.wix.detox.espresso.DetoxMatcher, matcherForTestId, [screen-workout, false]
04-06 12:14:08.450  6620  6709 D Detox   : class androidx.test.espresso.Espresso, onView, [(view.getTag() is "screen-workout" and view has effective visibility <VISIBLE>)]
04-06 12:14:08.452  6620  6709 D Detox   : class com.wix.detox.espresso.DetoxMatcher, matcherForSufficientlyVisible, [75]
04-06 12:14:08.454  6620  6709 D Detox   : class com.wix.detox.espresso.DetoxAssertion, waitForAssertMatcher, [androidx.test.espresso.ViewInteraction@d0d0c2a, (view has effective visibility <VISIBLE> and view.getGlobalVisibleRect() covers at least <75> percent of the view's area), 5.0]
04-06 12:14:08.468  6620  6620 I ViewInteraction: Checking 'MatchesViewAssertion(Detox){viewMatcher=(view has effective visibility <VISIBLE> and view.getGlobalVisibleRect() covers at least <75> percent of the view's area)}' assertion on view (view.getTag() is "screen-workout" and view has effective visibility <VISIBLE>)
04-06 12:14:08.473  6620  6709 I DetoxWSClient: Sending out action 'invokeResult' (ID #52)
04-06 12:14:08.473  6620  6709 I DetoxDispatcher: Done with action 'invoke'
04-06 12:14:09.180  6620  6715 D DetoxWSClient: Received action 'invoke' (ID #53, params={"target":{"type":"Class","value":"com.wix.detox.espresso.DetoxAssertion"},"method":"waitForAssertMatcher","args":[{"type":"Invocation","value":{"target":{"type":"Class","value":"androidx.test.espresso.Espresso"},"method":"onView","args":[{"type":"Invocation","value":{"target":{"type":"Class","value":"com.wix.detox.espresso.DetoxMatcher"},"method":"matcherForTestId","args":["app-root",{"type":"boolean","value":false}]}}]}},{"type":"Invocation","value":{"target":{"type":"Class","value":"com.wix.detox.espresso.DetoxMatcher"},"method":"matcherForSufficientlyVisible","args":[{"type":"Integer","value":75}]}},{"type":"Double","value":5}]})
04-06 12:14:09.181  6620  6709 I DetoxDispatcher: Handling action 'invoke' (ID #53)...
04-06 12:14:09.182  6620  6709 D Detox   : class com.wix.detox.espresso.DetoxMatcher, matcherForTestId, [app-root, false]
04-06 12:14:09.182  6620  6709 D Detox   : class androidx.test.espresso.Espresso, onView, [(view.getTag() is "app-root" and view has effective visibility <VISIBLE>)]
04-06 12:14:09.184  6620  6709 D Detox   : class com.wix.detox.espresso.DetoxMatcher, matcherForSufficientlyVisible, [75]
04-06 12:14:09.184  6620  6709 D Detox   : class com.wix.detox.espresso.DetoxAssertion, waitForAssertMatcher, [androidx.test.espresso.ViewInteraction@e1b57b8, (view has effective visibility <VISIBLE> and view.getGlobalVisibleRect() covers at least <75> percent of the view's area), 5.0]
04-06 12:14:09.191  6620  6620 I ViewInteraction: Checking 'MatchesViewAssertion(Detox){viewMatcher=(view has effective visibility <VISIBLE> and view.getGlobalVisibleRect() covers at least <75> percent of the view's area)}' assertion on view (view.getTag() is "app-root" and view has effective visibility <VISIBLE>)
04-06 12:14:09.196  6620  6709 I DetoxWSClient: Sending out action 'invokeResult' (ID #53)
04-06 12:14:09.196  6620  6709 I DetoxDispatcher: Done with action 'invoke'
04-06 12:14:09.201  6620  6715 D DetoxWSClient: Received action 'invoke' (ID #54, params={"target":{"type":"Class","value":"com.wix.detox.espresso.DetoxAssertion"},"method":"assertMatcher","args":[{"type":"Invocation","value":{"target":{"type":"Class","value":"androidx.test.espresso.Espresso"},"method":"onView","args":[{"type":"Invocation","value":{"target":{"type":"Class","value":"com.wix.detox.espresso.DetoxMatcher"},"method":"matcherForTestId","args":["app-root",{"type":"boolean","value":false}]}}]}},{"type":"Invocation","value":{"target":{"type":"Class","value":"com.wix.detox.espresso.DetoxMatcher"},"method":"matcherForSufficientlyVisible","args":[{"type":"Integer","value":75}]}}]})
04-06 12:14:09.201  6620  6709 I DetoxDispatcher: Handling action 'invoke' (ID #54)...
04-06 12:14:09.202  6620  6709 D Detox   : class com.wix.detox.espresso.DetoxMatcher, matcherForTestId, [app-root, false]
04-06 12:14:09.202  6620  6709 D Detox   : class androidx.test.espresso.Espresso, onView, [(view.getTag() is "app-root" and view has effective visibility <VISIBLE>)]
04-06 12:14:09.204  6620  6709 D Detox   : class com.wix.detox.espresso.DetoxMatcher, matcherForSufficientlyVisible, [75]
04-06 12:14:09.204  6620  6709 D Detox   : class com.wix.detox.espresso.DetoxAssertion, assertMatcher, [androidx.test.espresso.ViewInteraction@6ae9991, (view has effective visibility <VISIBLE> and view.getGlobalVisibleRect() covers at least <75> percent of the view's area)]
04-06 12:14:09.212  6620  6620 I ViewInteraction: Checking 'MatchesViewAssertion(Detox){viewMatcher=(view has effective visibility <VISIBLE> and view.getGlobalVisibleRect() covers at least <75> percent of the view's area)}' assertion on view (view.getTag() is "app-root" and view has effective visibility <VISIBLE>)
04-06 12:14:09.216  6620  6709 I DetoxWSClient: Sending out action 'invokeResult' (ID #54)
04-06 12:14:09.216  6620  6709 I DetoxDispatcher: Done with action 'invoke'
04-06 12:14:09.221  6620  6715 D DetoxWSClient: Received action 'invoke' (ID #55, params={"target":{"type":"Class","value":"com.wix.detox.espresso.DetoxAssertion"},"method":"waitForAssertMatcher","args":[{"type":"Invocation","value":{"target":{"type":"Class","value":"androidx.test.espresso.Espresso"},"method":"onView","args":[{"type":"Invocation","value":{"target":{"type":"Class","value":"com.wix.detox.espresso.DetoxMatcher"},"method":"matcherForTestId","args":["input-peso",{"type":"boolean","value":false}]}}]}},{"type":"Invocation","value":{"target":{"type":"Class","value":"com.wix.detox.espresso.DetoxMatcher"},"method":"matcherForSufficientlyVisible","args":[{"type":"Integer","value":75}]}},{"type":"Double","value":5}]})
04-06 12:14:09.221  6620  6709 I DetoxDispatcher: Handling action 'invoke' (ID #55)...
04-06 12:14:09.222  6620  6709 D Detox   : class com.wix.detox.espresso.DetoxMatcher, matcherForTestId, [input-peso, false]
04-06 12:14:09.222  6620  6709 D Detox   : class androidx.test.espresso.Espresso, onView, [(view.getTag() is "input-peso" and view has effective visibility <VISIBLE>)]
04-06 12:14:09.224  6620  6709 D Detox   : class com.wix.detox.espresso.DetoxMatcher, matcherForSufficientlyVisible, [75]
04-06 12:14:09.224  6620  6709 D Detox   : class com.wix.detox.espresso.DetoxAssertion, waitForAssertMatcher, [androidx.test.espresso.ViewInteraction@247c0f6, (view has effective visibility <VISIBLE> and view.getGlobalVisibleRect() covers at least <75> percent of the view's area), 5.0]
04-06 12:14:09.230  6620  6620 I ViewInteraction: Checking 'MatchesViewAssertion(Detox){viewMatcher=(view has effective visibility <VISIBLE> and view.getGlobalVisibleRect() covers at least <75> percent of the view's area)}' assertion on view (view.getTag() is "input-peso" and view has effective visibility <VISIBLE>)
04-06 12:14:09.259  6620  6709 I DetoxWSClient: Sending out action 'invokeResult' (ID #55)
04-06 12:14:09.259  6620  6709 I DetoxDispatcher: Done with action 'invoke'
04-06 12:14:09.263  6620  6715 D DetoxWSClient: Received action 'invoke' (ID #56, params={"target":{"type":"Class","value":"com.wix.detox.espresso.DetoxAssertion"},"method":"waitForAssertMatcher","args":[{"type":"Invocation","value":{"target":{"type":"Class","value":"androidx.test.espresso.Espresso"},"method":"onView","args":[{"type":"Invocation","value":{"target":{"type":"Class","value":"com.wix.detox.espresso.DetoxMatcher"},"method":"matcherForTestId","args":["input-reps",{"type":"boolean","value":false}]}}]}},{"type":"Invocation","value":{"target":{"type":"Class","value":"com.wix.detox.espresso.DetoxMatcher"},"method":"matcherForSufficientlyVisible","args":[{"type":"Integer","value":75}]}},{"type":"Double","value":5}]})
04-06 12:14:09.264  6620  6709 I DetoxDispatcher: Handling action 'invoke' (ID #56)...
04-06 12:14:09.264  6620  6709 D Detox   : class com.wix.detox.espresso.DetoxMatcher, matcherForTestId, [input-reps, false]
04-06 12:14:09.264  6620  6709 D Detox   : class androidx.test.espresso.Espresso, onView, [(view.getTag() is "input-reps" and view has effective visibility <VISIBLE>)]
04-06 12:14:09.265  6620  6709 D Detox   : class com.wix.detox.espresso.DetoxMatcher, matcherForSufficientlyVisible, [75]
04-06 12:14:09.265  6620  6709 D Detox   : class com.wix.detox.espresso.DetoxAssertion, waitForAssertMatcher, [androidx.test.espresso.ViewInteraction@2dd2093, (view has effective visibility <VISIBLE> and view.getGlobalVisibleRect() covers at least <75> percent of the view's area), 5.0]
04-06 12:14:09.268  6620  6620 I ViewInteraction: Checking 'MatchesViewAssertion(Detox){viewMatcher=(view has effective visibility <VISIBLE> and view.getGlobalVisibleRect() covers at least <75> percent of the view's area)}' assertion on view (view.getTag() is "input-reps" and view has effective visibility <VISIBLE>)
04-06 12:14:09.283  6620  6709 I DetoxWSClient: Sending out action 'invokeResult' (ID #56)
04-06 12:14:09.284  6620  6709 I DetoxDispatcher: Done with action 'invoke'
04-06 12:14:09.287  6620  6715 D DetoxWSClient: Received action 'invoke' (ID #57, params={"target":{"type":"Class","value":"com.wix.detox.espresso.DetoxAssertion"},"method":"waitForAssertMatcher","args":[{"type":"Invocation","value":{"target":{"type":"Class","value":"androidx.test.espresso.Espresso"},"method":"onView","args":[{"type":"Invocation","value":{"target":{"type":"Class","value":"com.wix.detox.espresso.DetoxMatcher"},"method":"matcherForTestId","args":["input-peso",{"type":"boolean","value":false}]}}]}},{"type":"Invocation","value":{"target":{"type":"Class","value":"com.wix.detox.espresso.DetoxMatcher"},"method":"matcherForSufficientlyVisible","args":[{"type":"Integer","value":75}]}},{"type":"Double","value":5}]})
04-06 12:14:09.287  6620  6709 I DetoxDispatcher: Handling action 'invoke' (ID #57)...
04-06 12:14:09.287  6620  6709 D Detox   : class com.wix.detox.espresso.DetoxMatcher, matcherForTestId, [input-peso, false]
04-06 12:14:09.288  6620  6709 D Detox   : class androidx.test.espresso.Espresso, onView, [(view.getTag() is "input-peso" and view has effective visibility <VISIBLE>)]
04-06 12:14:09.288  6620  6709 D Detox   : class com.wix.detox.espresso.DetoxMatcher, matcherForSufficientlyVisible, [75]
04-06 12:14:09.289  6620  6709 D Detox   : class com.wix.detox.espresso.DetoxAssertion, waitForAssertMatcher, [androidx.test.espresso.ViewInteraction@92ce0c9, (view has effective visibility <VISIBLE> and view.getGlobalVisibleRect() covers at least <75> percent of the view's area), 5.0]
04-06 12:14:09.292  6620  6620 I ViewInteraction: Checking 'MatchesViewAssertion(Detox){viewMatcher=(view has effective visibility <VISIBLE> and view.getGlobalVisibleRect() covers at least <75> percent of the view's area)}' assertion on view (view.getTag() is "input-peso" and view has effective visibility <VISIBLE>)
04-06 12:14:09.304  6620  6709 I DetoxWSClient: Sending out action 'invokeResult' (ID #57)
04-06 12:14:09.305  6620  6709 I DetoxDispatcher: Done with action 'invoke'
04-06 12:14:09.308  6620  6715 D DetoxWSClient: Received action 'invoke' (ID #58, params={"target":{"type":"Class","value":"com.wix.detox.espresso.EspressoDetox"},"method":"perform","args":[{"type":"Invocation","value":{"target":{"type":"Class","value":"com.wix.detox.espresso.DetoxMatcher"},"method":"matcherForTestId","args":["input-peso",{"type":"boolean","value":false}]}},{"type":"Invocation","value":{"target":{"type":"Class","value":"com.wix.detox.espresso.DetoxViewActions"},"method":"click","args":[]}}]})
04-06 12:14:09.308  6620  6709 I DetoxDispatcher: Handling action 'invoke' (ID #58)...
04-06 12:14:09.308  6620  6709 D Detox   : class com.wix.detox.espresso.DetoxMatcher, matcherForTestId, [input-peso, false]
04-06 12:14:09.309  6620  6709 D Detox   : class com.wix.detox.espresso.DetoxViewActions, click, []
04-06 12:14:09.309  6620  6709 D Detox   : class com.wix.detox.espresso.EspressoDetox, perform, [(view.getTag() is "input-peso" and view has effective visibility <VISIBLE>), com.wix.detox.espresso.action.RNClickAction@90f23ce]
04-06 12:14:09.312  6620  6620 I ViewInteraction: Performing 'com.wix.detox.espresso.action.detoxsingletap@7af32ef click' action on view (view.getTag() is "input-peso" and view has effective visibility <VISIBLE>)
04-06 12:14:09.324  6620  6620 I ViewRootImpl@73623ee[MainActivity]: ViewPostIme pointer 0
04-06 12:14:09.354  6620  6620 I ViewRootImpl@73623ee[MainActivity]: ViewPostIme pointer 1
04-06 12:14:09.380  6620  6620 D InputMethodManager: startInputInner - Id : 0
04-06 12:14:09.381  6620  6620 I InputMethodManager: startInputInner - mService.startInputOrWindowGainedFocus
04-06 12:14:09.385  6620  6620 I IMM_LC  : showSoftInput(View,I)
04-06 12:14:09.385  6620  6620 I IMM_LC  : ssi() - flag : 0 view : com.evolucao.app reason = SHOW_SOFT_INPUT
04-06 12:14:09.405  6620  6734 D NativeCustomFrequencyManager: [NativeCFMS] BpCustomFrequencyManager::BpCustomFrequencyManager()
04-06 12:14:09.409  6620  6620 D InsetsController: onStateChanged: InsetsState: {mDisplayFrame=Rect(0, 0 - 1080, 2400), mDisplayCutout=DisplayCutout{insets=Rect(0, 88 - 0, 0) waterfall=Insets{left=0, top=0, right=0, bottom=0} boundingRect={Bounds=[Rect(0, 0 - 0, 0), Rect(512, 0 - 568, 88), Rect(0, 0 - 0, 0), Rect(0, 0 - 0, 0)]} cutoutPathParserInfo={CutoutPathParserInfo{displayWidth=1080 displayHeight=2400 physicalDisplayWidth=1080 physicalDisplayHeight=2400 density={3.0} cutoutSpec={M 0,0 M 0,10.71963616907435 a 9.280363830925644,9.280363830925644 0 1,0 0,18.56072766185129 a 9.280363830925644,9.280363830925644 0 1,0 0,-18.56072766185129 Z @dp} rotation={0} scale={1.0} physicalPixelDisplaySizeRatio={1.0}}}}, mRoundedCorners=RoundedCorners{[RoundedCorner{position=TopLeft, radius=96, center=Point(96, 96)}, RoundedCorner{position=TopRight, radius=96, center=Point(984, 96)}, RoundedCorner{position=BottomRight, radius=96, center=Point(984, 2304)}, RoundedCorner{position=BottomLeft, radius=96, center=Point(96, 2304)}]}  mRoundedCornerFrame=Rect(0, 0 - 1080, 2400), mPrivacyIndicatorBounds=PrivacyIndicatorBounds {static bounds=Rect(948, 0 - 1080, 88) rotation=0}, mSources= { InsetsSource: {mType=ITYPE_STATUS_BAR, mFrame=[0,0][1080,88], mVisible=true, mInsetsRoundedCornerFrame=false}, InsetsSource: {mType=ITYPE_NAVIGATION_BAR, mFrame=[0,2256][1080,2400], mVisible=true, mInsetsRoundedCornerFrame=false}, InsetsSource: {mType=ITYPE_LEFT_GESTURES, mFrame=[0,0][0,2400], mVisible=true, mInsetsRoundedCornerFrame=false}, InsetsSource: {mType=ITYPE_RIGHT_GESTURES, mFrame=[1080,0][1080,2400], mVisible=true, mInsetsRoundedCornerFrame=false}, InsetsSource: {mType=ITYPE_TOP_MANDATORY_GESTURES, mFrame=[0,0][1080,124], mVisible=true, mInsetsRoundedCornerFrame=false}, InsetsSource: {mType=ITYPE_BOTTOM_MANDATORY_GESTURES, mFrame=[0,2256][1080,2400], mVisible=true, mInsetsRoundedCornerFrame=false}, InsetsSource: {mType=ITYPE_LEFT_DISPLAY_CUTOUT, mFrame=[0,0][-100000,2400], mVisible=true, mInsetsRoundedCornerFrame=false}, InsetsSource: {mType=ITYPE_TOP_DISPLAY_CUTOUT, mFrame=[0,0][1080,88], mVisible=true, mInsetsRoundedCornerFrame=false}, InsetsSource: {mType=ITYPE_RIGHT_DISPLAY_CUTOUT, mFrame=[100000,0][1080,2400], mVisible=true, mInsetsRoundedCornerFrame=false}, InsetsSource: {mType=ITYPE_BOTTOM_DISPLAY_CUTOUT, mFrame=[0,100000][1080,2400], mVisible=true, mInsetsRoundedCornerFrame=false}, InsetsSource: {mType=ITYPE_TOP_TAPPABLE_ELEMENT, mFrame=[0,0][1080,88], mVisible=true, mInsetsRoundedCornerFrame=false}, InsetsSource: {mType=ITYPE_BOTTOM_TAPPABLE_ELEMENT, mFrame=[0,2256][1080,2400], mVisible=true, mInsetsRoundedCornerFrame=false} } host=PopupWindow:e533f32 from=android.view.ViewRootImpl.setView:1732
04-06 12:14:09.412  6620  6620 I ViewRootImpl@95f5483[PopupWindow:e533f32]: setView = android.widget.PopupWindow$PopupDecorView@5b8b5df TM=false
04-06 12:14:09.414  6620  6734 D NativeCustomFrequencyManager: [NativeCFMS] BpCustomFrequencyManager::BpCustomFrequencyManager()
04-06 12:14:09.417  6620  6620 D InsetsController: onStateChanged: InsetsState: {mDisplayFrame=Rect(0, 0 - 1080, 2400), mDisplayCutout=DisplayCutout{insets=Rect(0, 88 - 0, 0) waterfall=Insets{left=0, top=0, right=0, bottom=0} boundingRect={Bounds=[Rect(0, 0 - 0, 0), Rect(512, 0 - 568, 88), Rect(0, 0 - 0, 0), Rect(0, 0 - 0, 0)]} cutoutPathParserInfo={CutoutPathParserInfo{displayWidth=1080 displayHeight=2400 physicalDisplayWidth=1080 physicalDisplayHeight=2400 density={3.0} cutoutSpec={M 0,0 M 0,10.71963616907435 a 9.280363830925644,9.280363830925644 0 1,0 0,18.56072766185129 a 9.280363830925644,9.280363830925644 0 1,0 0,-18.56072766185129 Z @dp} rotation={0} scale={1.0} physicalPixelDisplaySizeRatio={1.0}}}}, mRoundedCorners=RoundedCorners{[RoundedCorner{position=TopLeft, radius=96, center=Point(96, 96)}, RoundedCorner{position=TopRight, radius=96, center=Point(984, 96)}, RoundedCorner{position=BottomRight, radius=96, center=Point(984, 2304)}, RoundedCorner{position=BottomLeft, radius=96, center=Point(96, 2304)}]}  mRoundedCornerFrame=Rect(0, 0 - 1080, 2400), mPrivacyIndicatorBounds=PrivacyIndicatorBounds {static bounds=Rect(948, 0 - 1080, 88) rotation=0}, mSources= { InsetsSource: {mType=ITYPE_STATUS_BAR, mFrame=[0,0][1080,88], mVisible=true, mInsetsRoundedCornerFrame=false}, InsetsSource: {mType=ITYPE_NAVIGATION_BAR, mFrame=[0,2256][1080,2400], mVisible=true, mInsetsRoundedCornerFrame=false}, InsetsSource: {mType=ITYPE_LEFT_GESTURES, mFrame=[0,0][0,2400], mVisible=true, mInsetsRoundedCornerFrame=false}, InsetsSource: {mType=ITYPE_RIGHT_GESTURES, mFrame=[1080,0][1080,2400], mVisible=true, mInsetsRoundedCornerFrame=false}, InsetsSource: {mType=ITYPE_TOP_MANDATORY_GESTURES, mFrame=[0,0][1080,124], mVisible=true, mInsetsRoundedCornerFrame=false}, InsetsSource: {mType=ITYPE_BOTTOM_MANDATORY_GESTURES, mFrame=[0,2256][1080,2400], mVisible=true, mInsetsRoundedCornerFrame=false}, InsetsSource: {mType=ITYPE_LEFT_DISPLAY_CUTOUT, mFrame=[0,0][-100000,2400], mVisible=true, mInsetsRoundedCornerFrame=false}, InsetsSource: {mType=ITYPE_TOP_DISPLAY_CUTOUT, mFrame=[0,0][1080,88], mVisible=true, mInsetsRoundedCornerFrame=false}, InsetsSource: {mType=ITYPE_RIGHT_DISPLAY_CUTOUT, mFrame=[100000,0][1080,2400], mVisible=true, mInsetsRoundedCornerFrame=false}, InsetsSource: {mType=ITYPE_BOTTOM_DISPLAY_CUTOUT, mFrame=[0,100000][1080,2400], mVisible=true, mInsetsRoundedCornerFrame=false}, InsetsSource: {mType=ITYPE_TOP_TAPPABLE_ELEMENT, mFrame=[0,0][1080,88], mVisible=true, mInsetsRoundedCornerFrame=false}, InsetsSource: {mType=ITYPE_BOTTOM_TAPPABLE_ELEMENT, mFrame=[0,2256][1080,2400], mVisible=true, mInsetsRoundedCornerFrame=false} } host=PopupWindow:f24d4f5 from=android.view.ViewRootImpl.setView:1732
04-06 12:14:09.419  6620  6620 I ViewRootImpl@60f828a[PopupWindow:f24d4f5]: setView = android.widget.PopupWindow$PopupDecorView@a6b3d56 TM=false
04-06 12:14:09.426  6620  6620 I IMM_LC  : showSoftInput(View,I)
04-06 12:14:09.426  6620  6620 I IMM_LC  : ssi() - flag : 0 view : com.evolucao.app reason = SHOW_SOFT_INPUT
04-06 12:14:09.429  6620  6620 I ViewRootImpl@95f5483[PopupWindow:e533f32]: performTraversals params={(231,1797)(90x108) gr=TOP START CENTER sim={state=unchanged adjust=pan} ty=APPLICATION_SUB_PANEL fmt=TRANSLUCENT wanim=0x1030313 surfaceInsets=Rect(0, 0 - 0, 0) (manual)
04-06 12:14:09.429  6620  6620 I ViewRootImpl@95f5483[PopupWindow:e533f32]:   fl=41800208
04-06 12:14:09.429  6620  6620 I ViewRootImpl@95f5483[PopupWindow:e533f32]:   pfl=2018000
04-06 12:14:09.429  6620  6620 I ViewRootImpl@95f5483[PopupWindow:e533f32]:   bhv=DEFAULT
04-06 12:14:09.429  6620  6620 I ViewRootImpl@95f5483[PopupWindow:e533f32]:   fitTypes=STATUS_BARS NAVIGATION_BARS CAPTION_BAR naviIconColor=0
04-06 12:14:09.429  6620  6620 I ViewRootImpl@95f5483[PopupWindow:e533f32]:   sfl=20000}
04-06 12:14:09.430  6620  6620 I ViewRootImpl@95f5483[PopupWindow:e533f32]: performTraversals mFirst=true windowShouldResize=true viewVisibilityChanged=false mForceNextWindowRelayout=false params={(231,1797)(90x108) gr=TOP START CENTER sim={state=unchanged adjust=pan} ty=APPLICATION_SUB_PANEL fmt=TRANSLUCENT wanim=0x1030313 surfaceInsets=Rect(0, 0 - 0, 0) (manual)
04-06 12:14:09.430  6620  6620 I ViewRootImpl@95f5483[PopupWindow:e533f32]:   fl=41800208
04-06 12:14:09.430  6620  6620 I ViewRootImpl@95f5483[PopupWindow:e533f32]:   pfl=42018000
04-06 12:14:09.430  6620  6620 I ViewRootImpl@95f5483[PopupWindow:e533f32]:   bhv=DEFAULT
04-06 12:14:09.430  6620  6620 I ViewRootImpl@95f5483[PopupWindow:e533f32]:   fitTypes=STATUS_BARS NAVIGATION_BARS CAPTION_BAR naviIconColor=0
04-06 12:14:09.430  6620  6620 I ViewRootImpl@95f5483[PopupWindow:e533f32]:   sfl=20000}
04-06 12:14:09.434  6620  6637 I ViewRootImpl@95f5483[PopupWindow:e533f32]: Resizing android.view.ViewRootImpl@89922c: frame = [231,1797][321,1905] reportDraw = true forceLayout = false syncSeqId = 0
04-06 12:14:09.435  6620  6620 I ViewRootImpl@95f5483[PopupWindow:e533f32]: updateBlastSurfaceIfNeeded mBlastBufferQueue=null isSameSurfaceControl=false
04-06 12:14:09.435  6620  6620 I BLASTBufferQueue: new BLASTBufferQueue, mName= ViewRootImpl@95f5483[PopupWindow:e533f32] mNativeObject= 0xb4000070b1393d00 sc.mNativeObject= 0xb4000070a09d2c60 caller= android.view.ViewRootImpl.updateBlastSurfaceIfNeeded:2909 android.view.ViewRootImpl.relayoutWindow:9847 android.view.ViewRootImpl.performTraversals:3884 android.view.ViewRootImpl.doTraversal:3116 android.view.ViewRootImpl$TraversalRunnable.run:10885 android.view.Choreographer$CallbackRecord.run:1301 android.view.Choreographer$CallbackRecord.run:1309 android.view.Choreographer.doCallbacks:923 android.view.Choreographer.doFrame:852 android.view.Choreographer$FrameDisplayEventReceiver.run:1283 
04-06 12:14:09.436  6620  6620 I BLASTBufferQueue: update, w= 90 h= 108 mName = ViewRootImpl@95f5483[PopupWindow:e533f32] mNativeObject= 0xb4000070b1393d00 sc.mNativeObject= 0xb4000070a09d2c60 format= -3 caller= android.graphics.BLASTBufferQueue.<init>:84 android.view.ViewRootImpl.updateBlastSurfaceIfNeeded:2909 android.view.ViewRootImpl.relayoutWindow:9847 android.view.ViewRootImpl.performTraversals:3884 android.view.ViewRootImpl.doTraversal:3116 android.view.ViewRootImpl$TraversalRunnable.run:10885 
04-06 12:14:09.436  6620  6620 I ViewRootImpl@95f5483[PopupWindow:e533f32]: Relayout returned: old=(231,1797,321,1905) new=(231,1797,321,1905) req=(90,108)0 dur=5 res=0x3 s={true 0xb4000070a0e8a000} ch=true seqId=0
04-06 12:14:09.437  6620  6620 I ViewRootImpl@95f5483[PopupWindow:e533f32]: mThreadedRenderer.initialize() mSurface={isValid=true 0xb4000070a0e8a000} hwInitialized=true
04-06 12:14:09.437  6620  6734 D OpenGLRenderer: eglCreateWindowSurface
04-06 12:14:09.440  6620  6620 I ViewRootImpl@95f5483[PopupWindow:e533f32]: reportNextDraw android.view.ViewRootImpl.performTraversals:4438 android.view.ViewRootImpl.doTraversal:3116 android.view.ViewRootImpl$TraversalRunnable.run:10885 android.view.Choreographer$CallbackRecord.run:1301 android.view.Choreographer$CallbackRecord.run:1309 
04-06 12:14:09.440  6620  6620 I ViewRootImpl@95f5483[PopupWindow:e533f32]: Setup new sync id=0
04-06 12:14:09.440  6620  6620 I ViewRootImpl@95f5483[PopupWindow:e533f32]: Setting syncFrameCallback
04-06 12:14:09.440  6620  6620 I ViewRootImpl@95f5483[PopupWindow:e533f32]: registerCallbacksForSync syncBuffer=false
04-06 12:14:09.442  6620  6772 I ViewRootImpl@95f5483[PopupWindow:e533f32]: Received frameDrawingCallback syncResult=0 frameNum=1.
04-06 12:14:09.442  6620  6772 I ViewRootImpl@95f5483[PopupWindow:e533f32]: Setting up sync and frameCommitCallback
04-06 12:14:09.449  6620  6734 I BLASTBufferQueue: [ViewRootImpl@95f5483[PopupWindow:e533f32]#2](f:0,a:0) onFrameAvailable the first frame is available
04-06 12:14:09.450  6620  6734 I ViewRootImpl@95f5483[PopupWindow:e533f32]: Received frameCommittedCallback lastAttemptedDrawFrameNum=1 didProduceBuffer=true
04-06 12:14:09.450  6620  6734 D OpenGLRenderer: CFMS:: SetUp Pid : 6620    Tid : 6734
04-06 12:14:09.451  6620  6734 W Parcel  : Expecting binder but got null!
04-06 12:14:09.452  6620  6620 I ViewRootImpl@95f5483[PopupWindow:e533f32]: onSyncComplete
04-06 12:14:09.452  6620  6620 I ViewRootImpl@95f5483[PopupWindow:e533f32]: setupSync seqId=0 mSyncId=0 fn=1 caller=android.view.ViewRootImpl$$ExternalSyntheticLambda11.accept:6 android.window.SurfaceSyncer.lambda$setupSync$1$android-window-SurfaceSyncer:128 android.window.SurfaceSyncer$$ExternalSyntheticLambda1.accept:8 android.window.SurfaceSyncer$SyncSet.checkIfSyncIsComplete:382 android.window.SurfaceSyncer$SyncSet.markSyncReady:359 android.window.SurfaceSyncer.markSyncReady:151 android.view.ViewRootImpl.performTraversals:4503 
04-06 12:14:09.453  6620  6620 I ViewRootImpl@60f828a[PopupWindow:f24d4f5]: performTraversals params={(231,1703)(90x94) gr=TOP START CENTER sim={state=unchanged adjust=pan} ty=APPLICATION_SUB_PANEL fmt=TRANSLUCENT wanim=0x1030313 surfaceInsets=Rect(0, 0 - 0, 0) (manual)
04-06 12:14:09.453  6620  6620 I ViewRootImpl@60f828a[PopupWindow:f24d4f5]:   fl=41800218
04-06 12:14:09.453  6620  6620 I ViewRootImpl@60f828a[PopupWindow:f24d4f5]:   pfl=2018000
04-06 12:14:09.453  6620  6620 I ViewRootImpl@60f828a[PopupWindow:f24d4f5]:   bhv=DEFAULT
04-06 12:14:09.453  6620  6620 I ViewRootImpl@60f828a[PopupWindow:f24d4f5]:   fitTypes=STATUS_BARS NAVIGATION_BARS CAPTION_BAR naviIconColor=0
04-06 12:14:09.453  6620  6620 I ViewRootImpl@60f828a[PopupWindow:f24d4f5]:   sfl=20000}
04-06 12:14:09.454  6620  6620 I ViewRootImpl@60f828a[PopupWindow:f24d4f5]: performTraversals mFirst=true windowShouldResize=true viewVisibilityChanged=false mForceNextWindowRelayout=false params={(231,1703)(90x94) gr=TOP START CENTER sim={state=unchanged adjust=pan} ty=APPLICATION_SUB_PANEL fmt=TRANSLUCENT wanim=0x1030313 surfaceInsets=Rect(0, 0 - 0, 0) (manual)
04-06 12:14:09.454  6620  6620 I ViewRootImpl@60f828a[PopupWindow:f24d4f5]:   fl=41800218
04-06 12:14:09.454  6620  6620 I ViewRootImpl@60f828a[PopupWindow:f24d4f5]:   pfl=42018000
04-06 12:14:09.454  6620  6620 I ViewRootImpl@60f828a[PopupWindow:f24d4f5]:   bhv=DEFAULT
04-06 12:14:09.454  6620  6620 I ViewRootImpl@60f828a[PopupWindow:f24d4f5]:   fitTypes=STATUS_BARS NAVIGATION_BARS CAPTION_BAR naviIconColor=0
04-06 12:14:09.454  6620  6620 I ViewRootImpl@60f828a[PopupWindow:f24d4f5]:   sfl=20000}
04-06 12:14:09.459  6620  6637 I ViewRootImpl@60f828a[PopupWindow:f24d4f5]: Resizing android.view.ViewRootImpl@2dd81d7: frame = [231,1703][321,1797] reportDraw = true forceLayout = false syncSeqId = 0
04-06 12:14:09.460  6620  6620 I ViewRootImpl@60f828a[PopupWindow:f24d4f5]: updateBlastSurfaceIfNeeded mBlastBufferQueue=null isSameSurfaceControl=false
04-06 12:14:09.461  6620  6620 I BLASTBufferQueue: new BLASTBufferQueue, mName= ViewRootImpl@60f828a[PopupWindow:f24d4f5] mNativeObject= 0xb4000070b1394080 sc.mNativeObject= 0xb4000070a09d2ee0 caller= android.view.ViewRootImpl.updateBlastSurfaceIfNeeded:2909 android.view.ViewRootImpl.relayoutWindow:9847 android.view.ViewRootImpl.performTraversals:3884 android.view.ViewRootImpl.doTraversal:3116 android.view.ViewRootImpl$TraversalRunnable.run:10885 android.view.Choreographer$CallbackRecord.run:1301 android.view.Choreographer$CallbackRecord.run:1309 android.view.Choreographer.doCallbacks:923 android.view.Choreographer.doFrame:852 android.view.Choreographer$FrameDisplayEventReceiver.run:1283 
04-06 12:14:09.461  6620  6620 I BLASTBufferQueue: update, w= 90 h= 94 mName = ViewRootImpl@60f828a[PopupWindow:f24d4f5] mNativeObject= 0xb4000070b1394080 sc.mNativeObject= 0xb4000070a09d2ee0 format= -3 caller= android.graphics.BLASTBufferQueue.<init>:84 android.view.ViewRootImpl.updateBlastSurfaceIfNeeded:2909 android.view.ViewRootImpl.relayoutWindow:9847 android.view.ViewRootImpl.performTraversals:3884 android.view.ViewRootImpl.doTraversal:3116 android.view.ViewRootImpl$TraversalRunnable.run:10885 
04-06 12:14:09.461  6620  6620 I ViewRootImpl@60f828a[PopupWindow:f24d4f5]: Relayout returned: old=(231,1703,321,1797) new=(231,1703,321,1797) req=(90,94)0 dur=6 res=0x3 s={true 0xb4000070b1111800} ch=true seqId=0
04-06 12:14:09.462  6620  6620 I ViewRootImpl@60f828a[PopupWindow:f24d4f5]: mThreadedRenderer.initialize() mSurface={isValid=true 0xb4000070b1111800} hwInitialized=true
04-06 12:14:09.462  6620  6734 D OpenGLRenderer: eglCreateWindowSurface
04-06 12:14:09.463  6620  6620 I ViewRootImpl@60f828a[PopupWindow:f24d4f5]: reportNextDraw android.view.ViewRootImpl.performTraversals:4438 android.view.ViewRootImpl.doTraversal:3116 android.view.ViewRootImpl$TraversalRunnable.run:10885 android.view.Choreographer$CallbackRecord.run:1301 android.view.Choreographer$CallbackRecord.run:1309 
04-06 12:14:09.464  6620  6620 I ViewRootImpl@60f828a[PopupWindow:f24d4f5]: Setup new sync id=0
04-06 12:14:09.464  6620  6620 I ViewRootImpl@60f828a[PopupWindow:f24d4f5]: Setting syncFrameCallback
04-06 12:14:09.464  6620  6620 I ViewRootImpl@60f828a[PopupWindow:f24d4f5]: registerCallbacksForSync syncBuffer=false
04-06 12:14:09.465  6620  6774 I ViewRootImpl@60f828a[PopupWindow:f24d4f5]: Received frameDrawingCallback syncResult=0 frameNum=1.
04-06 12:14:09.465  6620  6774 I ViewRootImpl@60f828a[PopupWindow:f24d4f5]: Setting up sync and frameCommitCallback
04-06 12:14:09.465  6620  6734 I BLASTBufferQueue: [ViewRootImpl@60f828a[PopupWindow:f24d4f5]#3](f:0,a:0) onFrameAvailable the first frame is available
04-06 12:14:09.465  6620  6734 I ViewRootImpl@60f828a[PopupWindow:f24d4f5]: Received frameCommittedCallback lastAttemptedDrawFrameNum=1 didProduceBuffer=true
04-06 12:14:09.466  6620  6734 D OpenGLRenderer: CFMS:: SetUp Pid : 6620    Tid : 6734
04-06 12:14:09.466  6620  6734 W Parcel  : Expecting binder but got null!
04-06 12:14:09.466  6620  6620 I ViewRootImpl@60f828a[PopupWindow:f24d4f5]: onSyncComplete
04-06 12:14:09.466  6620  6620 I ViewRootImpl@60f828a[PopupWindow:f24d4f5]: setupSync seqId=0 mSyncId=0 fn=1 caller=android.view.ViewRootImpl$$ExternalSyntheticLambda11.accept:6 android.window.SurfaceSyncer.lambda$setupSync$1$android-window-SurfaceSyncer:128 android.window.SurfaceSyncer$$ExternalSyntheticLambda1.accept:8 android.window.SurfaceSyncer$SyncSet.checkIfSyncIsComplete:382 android.window.SurfaceSyncer$SyncSet.markSyncReady:359 android.window.SurfaceSyncer.markSyncReady:151 android.view.ViewRootImpl.performTraversals:4503 
04-06 12:14:09.466  6620  6620 I ViewRootImpl@60f828a[PopupWindow:f24d4f5]: reportDrawFinished seqId=0 mSyncId=-1 fn=1 mSurfaceChangedTransaction=0xb4000070b1156000
04-06 12:14:09.467  6620  6620 I ViewRootImpl@95f5483[PopupWindow:e533f32]: reportDrawFinished seqId=0 mSyncId=-1 fn=1 mSurfaceChangedTransaction=0xb4000070a0bd1200
04-06 12:14:09.468  6620  6620 I ViewRootImpl@95f5483[PopupWindow:e533f32]: handleResized, msg = 5 frames=ClientWindowFrames{frame=[231,1797][321,1905] display=[-100000,-100000][100000,100000] parentFrame=[0,0][0,0] parentClippedByDisplayCutout=false} forceNextWindowRelayout=false displayId=0 resizeMode=-1 frameChanged=false displayFrameChanged=false configChanged=false displayChanged=false
04-06 12:14:09.468  6620  6620 I ViewRootImpl@95f5483[PopupWindow:e533f32]: handleResized mSyncSeqId = 0
04-06 12:14:09.468  6620  6620 I ViewRootImpl@95f5483[PopupWindow:e533f32]: reportNextDraw android.view.ViewRootImpl.handleResized:2450 android.view.ViewRootImpl.-$$Nest$mhandleResized:0 android.view.ViewRootImpl$ViewRootHandler.handleMessageImpl:6728 android.view.ViewRootImpl$ViewRootHandler.handleMessage:6697 android.os.Handler.dispatchMessage:106 
04-06 12:14:09.469  6620  6620 I ViewRootImpl@95f5483[PopupWindow:e533f32]: Setup new sync id=1
04-06 12:14:09.469  6620  6620 I ViewRootImpl@95f5483[PopupWindow:e533f32]: Setting syncFrameCallback
04-06 12:14:09.469  6620  6620 I ViewRootImpl@95f5483[PopupWindow:e533f32]: registerCallbacksForSync syncBuffer=false
04-06 12:14:09.471  6620  6772 I ViewRootImpl@95f5483[PopupWindow:e533f32]: Received frameDrawingCallback syncResult=0 frameNum=2.
04-06 12:14:09.471  6620  6772 I ViewRootImpl@95f5483[PopupWindow:e533f32]: Setting up sync and frameCommitCallback
04-06 12:14:09.475  6620  6734 I ViewRootImpl@95f5483[PopupWindow:e533f32]: Received frameCommittedCallback lastAttemptedDrawFrameNum=2 didProduceBuffer=true
04-06 12:14:09.475  6620  6620 I ViewRootImpl@95f5483[PopupWindow:e533f32]: onSyncComplete
04-06 12:14:09.476  6620  6620 I ViewRootImpl@95f5483[PopupWindow:e533f32]: setupSync seqId=0 mSyncId=1 fn=2 caller=android.view.ViewRootImpl$$ExternalSyntheticLambda11.accept:6 android.window.SurfaceSyncer.lambda$setupSync$1$android-window-SurfaceSyncer:128 android.window.SurfaceSyncer$$ExternalSyntheticLambda1.accept:8 android.window.SurfaceSyncer$SyncSet.checkIfSyncIsComplete:382 android.window.SurfaceSyncer$SyncSet.markSyncReady:359 android.window.SurfaceSyncer.markSyncReady:151 android.view.ViewRootImpl.performTraversals:4503 
04-06 12:14:09.476  6620  6620 I ViewRootImpl@95f5483[PopupWindow:e533f32]: reportDrawFinished seqId=0 mSyncId=-1 fn=2 mSurfaceChangedTransaction=0xb4000070a0bd1200
04-06 12:14:09.477  6620  6620 I ViewRootImpl@60f828a[PopupWindow:f24d4f5]: handleResized, msg = 5 frames=ClientWindowFrames{frame=[231,1703][321,1797] display=[-100000,-100000][100000,100000] parentFrame=[0,0][0,0] parentClippedByDisplayCutout=false} forceNextWindowRelayout=false displayId=0 resizeMode=-1 frameChanged=false displayFrameChanged=false configChanged=false displayChanged=false
04-06 12:14:09.477  6620  6620 I ViewRootImpl@60f828a[PopupWindow:f24d4f5]: handleResized mSyncSeqId = 0
04-06 12:14:09.477  6620  6620 I ViewRootImpl@60f828a[PopupWindow:f24d4f5]: reportNextDraw android.view.ViewRootImpl.handleResized:2450 android.view.ViewRootImpl.-$$Nest$mhandleResized:0 android.view.ViewRootImpl$ViewRootHandler.handleMessageImpl:6728 android.view.ViewRootImpl$ViewRootHandler.handleMessage:6697 android.os.Handler.dispatchMessage:106 
04-06 12:14:09.478  6620  6620 I ViewRootImpl@60f828a[PopupWindow:f24d4f5]: Setup new sync id=1
04-06 12:14:09.478  6620  6620 I ViewRootImpl@60f828a[PopupWindow:f24d4f5]: Setting syncFrameCallback
04-06 12:14:09.478  6620  6620 I ViewRootImpl@60f828a[PopupWindow:f24d4f5]: registerCallbacksForSync syncBuffer=false
04-06 12:14:09.479  6620  6774 I ViewRootImpl@60f828a[PopupWindow:f24d4f5]: Received frameDrawingCallback syncResult=0 frameNum=2.
04-06 12:14:09.479  6620  6774 I ViewRootImpl@60f828a[PopupWindow:f24d4f5]: Setting up sync and frameCommitCallback
04-06 12:14:09.480  6620  6734 I ViewRootImpl@60f828a[PopupWindow:f24d4f5]: Received frameCommittedCallback lastAttemptedDrawFrameNum=2 didProduceBuffer=true
04-06 12:14:09.480  6620  6620 I ViewRootImpl@60f828a[PopupWindow:f24d4f5]: onSyncComplete
04-06 12:14:09.480  6620  6620 I ViewRootImpl@60f828a[PopupWindow:f24d4f5]: setupSync seqId=0 mSyncId=1 fn=2 caller=android.view.ViewRootImpl$$ExternalSyntheticLambda11.accept:6 android.window.SurfaceSyncer.lambda$setupSync$1$android-window-SurfaceSyncer:128 android.window.SurfaceSyncer$$ExternalSyntheticLambda1.accept:8 android.window.SurfaceSyncer$SyncSet.checkIfSyncIsComplete:382 android.window.SurfaceSyncer$SyncSet.markSyncReady:359 android.window.SurfaceSyncer.markSyncReady:151 android.view.ViewRootImpl.performTraversals:4503 
04-06 12:14:09.481  6620  6620 I ViewRootImpl@60f828a[PopupWindow:f24d4f5]: reportDrawFinished seqId=0 mSyncId=-1 fn=2 mSurfaceChangedTransaction=0xb4000070b1156000
04-06 12:14:09.502  6620  6620 W OnBackInvokedCallback: OnBackInvokedCallback is not enabled for the application.
04-06 12:14:09.502  6620  6620 W OnBackInvokedCallback: Set 'android:enableOnBackInvokedCallback="true"' in the application manifest.
04-06 12:14:09.522  6620  6640 I ViewRootImpl@60f828a[PopupWindow:f24d4f5]: Resizing android.view.ViewRootImpl@2dd81d7: frame = [231,1703][321,1797] reportDraw = false forceLayout = false syncSeqId = 0
04-06 12:14:09.523  6620  6639 I ViewRootImpl@73623ee[MainActivity]: Resizing android.view.ViewRootImpl@25a16ab: frame = [0,0][1080,2400] reportDraw = false forceLayout = false syncSeqId = 0
04-06 12:14:09.523  6620  6637 I ViewRootImpl@95f5483[PopupWindow:e533f32]: Resizing android.view.ViewRootImpl@89922c: frame = [231,1797][321,1905] reportDraw = false forceLayout = false syncSeqId = 0
04-06 12:14:09.523  6620  6620 I ViewRootImpl@60f828a[PopupWindow:f24d4f5]: handleResized, msg = 4 frames=ClientWindowFrames{frame=[231,1703][321,1797] display=[-100000,-100000][100000,100000] parentFrame=[0,0][0,0] parentClippedByDisplayCutout=false} forceNextWindowRelayout=false displayId=0 resizeMode=-1 frameChanged=false displayFrameChanged=false configChanged=false displayChanged=false
