04-06 10:32:22.938 18577 18577 I ViewRootImpl@82ede9[PopupWindow:be56670]: performTraversals params={(112,1390)(90x108) gr=TOP START CENTER sim={state=unchanged adjust=pan} ty=APPLICATION_SUB_PANEL fmt=TRANSLUCENT wanim=0x1030313 surfaceInsets=Rect(0, 0 - 0, 0) (manual)
04-06 10:32:22.938 18577 18577 I ViewRootImpl@82ede9[PopupWindow:be56670]:   fl=41800208
04-06 10:32:22.938 18577 18577 I ViewRootImpl@82ede9[PopupWindow:be56670]:   pfl=2018000
04-06 10:32:22.938 18577 18577 I ViewRootImpl@82ede9[PopupWindow:be56670]:   bhv=DEFAULT
04-06 10:32:22.938 18577 18577 I ViewRootImpl@82ede9[PopupWindow:be56670]:   fitTypes=STATUS_BARS NAVIGATION_BARS CAPTION_BAR naviIconColor=0
04-06 10:32:22.938 18577 18577 I ViewRootImpl@82ede9[PopupWindow:be56670]:   sfl=20000}
04-06 10:32:22.939 18577 18577 I ViewRootImpl@82ede9[PopupWindow:be56670]: performTraversals mFirst=true windowShouldResize=true viewVisibilityChanged=false mForceNextWindowRelayout=false params={(112,1390)(90x108) gr=TOP START CENTER sim={state=unchanged adjust=pan} ty=APPLICATION_SUB_PANEL fmt=TRANSLUCENT wanim=0x1030313 surfaceInsets=Rect(0, 0 - 0, 0) (manual)
04-06 10:32:22.939 18577 18577 I ViewRootImpl@82ede9[PopupWindow:be56670]:   fl=41800208
04-06 10:32:22.939 18577 18577 I ViewRootImpl@82ede9[PopupWindow:be56670]:   pfl=42018000
04-06 10:32:22.939 18577 18577 I ViewRootImpl@82ede9[PopupWindow:be56670]:   bhv=DEFAULT
04-06 10:32:22.939 18577 18577 I ViewRootImpl@82ede9[PopupWindow:be56670]:   fitTypes=STATUS_BARS NAVIGATION_BARS CAPTION_BAR naviIconColor=0
04-06 10:32:22.939 18577 18577 I ViewRootImpl@82ede9[PopupWindow:be56670]:   sfl=20000}
04-06 10:32:22.948 18577 18838 I ViewRootImpl@82ede9[PopupWindow:be56670]: Resizing android.view.ViewRootImpl@24fcf7a: frame = [112,1390][202,1498] reportDraw = true forceLayout = false syncSeqId = 0
04-06 10:32:22.952 18577 18577 I ViewRootImpl@82ede9[PopupWindow:be56670]: updateBlastSurfaceIfNeeded mBlastBufferQueue=null isSameSurfaceControl=false
04-06 10:32:22.952 18577 18577 I BLASTBufferQueue: new BLASTBufferQueue, mName= ViewRootImpl@82ede9[PopupWindow:be56670] mNativeObject= 0xb4000070a0e1a400 sc.mNativeObject= 0xb400007003641a80 caller= android.view.ViewRootImpl.updateBlastSurfaceIfNeeded:2909 android.view.ViewRootImpl.relayoutWindow:9847 android.view.ViewRootImpl.performTraversals:3884 android.view.ViewRootImpl.doTraversal:3116 android.view.ViewRootImpl$TraversalRunnable.run:10885 android.view.Choreographer$CallbackRecord.run:1301 android.view.Choreographer$CallbackRecord.run:1309 android.view.Choreographer.doCallbacks:923 android.view.Choreographer.doFrame:852 android.view.Choreographer$FrameDisplayEventReceiver.run:1283 
04-06 10:32:22.952 18577 18577 I BLASTBufferQueue: update, w= 90 h= 108 mName = ViewRootImpl@82ede9[PopupWindow:be56670] mNativeObject= 0xb4000070a0e1a400 sc.mNativeObject= 0xb400007003641a80 format= -3 caller= android.graphics.BLASTBufferQueue.<init>:84 android.view.ViewRootImpl.updateBlastSurfaceIfNeeded:2909 android.view.ViewRootImpl.relayoutWindow:9847 android.view.ViewRootImpl.performTraversals:3884 android.view.ViewRootImpl.doTraversal:3116 android.view.ViewRootImpl$TraversalRunnable.run:10885 
04-06 10:32:22.953 18577 18577 I ViewRootImpl@82ede9[PopupWindow:be56670]: Relayout returned: old=(112,1390,202,1498) new=(112,1390,202,1498) req=(90,108)0 dur=13 res=0x3 s={true 0xb400007003c60800} ch=true seqId=0
04-06 10:32:22.954 18577 18644 D OpenGLRenderer: eglCreateWindowSurface
04-06 10:32:22.954 18577 18577 I ViewRootImpl@82ede9[PopupWindow:be56670]: mThreadedRenderer.initialize() mSurface={isValid=true 0xb400007003c60800} hwInitialized=true
04-06 10:32:22.955 18577 18577 I ViewRootImpl@82ede9[PopupWindow:be56670]: reportNextDraw android.view.ViewRootImpl.performTraversals:4438 android.view.ViewRootImpl.doTraversal:3116 android.view.ViewRootImpl$TraversalRunnable.run:10885 android.view.Choreographer$CallbackRecord.run:1301 android.view.Choreographer$CallbackRecord.run:1309 
04-06 10:32:22.955 18577 18577 I ViewRootImpl@82ede9[PopupWindow:be56670]: Setup new sync id=0
04-06 10:32:22.955 18577 18577 I ViewRootImpl@82ede9[PopupWindow:be56670]: Setting syncFrameCallback
04-06 10:32:22.955 18577 18577 I ViewRootImpl@82ede9[PopupWindow:be56670]: registerCallbacksForSync syncBuffer=false
04-06 10:32:22.957 18577 18698 I ViewRootImpl@82ede9[PopupWindow:be56670]: Received frameDrawingCallback syncResult=0 frameNum=1.
04-06 10:32:22.957 18577 18698 I ViewRootImpl@82ede9[PopupWindow:be56670]: Setting up sync and frameCommitCallback
04-06 10:32:22.957 18577 18644 I BLASTBufferQueue: [ViewRootImpl@82ede9[PopupWindow:be56670]#4](f:0,a:0) onFrameAvailable the first frame is available
04-06 10:32:22.957 18577 18644 I ViewRootImpl@82ede9[PopupWindow:be56670]: Received frameCommittedCallback lastAttemptedDrawFrameNum=1 didProduceBuffer=true
04-06 10:32:22.958 18577 18644 D OpenGLRenderer: CFMS:: SetUp Pid : 18577    Tid : 18644
04-06 10:32:22.958 18577 18644 W Parcel  : Expecting binder but got null!
04-06 10:32:22.958 18577 18577 I ViewRootImpl@82ede9[PopupWindow:be56670]: onSyncComplete
04-06 10:32:22.958 18577 18577 I ViewRootImpl@82ede9[PopupWindow:be56670]: setupSync seqId=0 mSyncId=0 fn=1 caller=android.view.ViewRootImpl$$ExternalSyntheticLambda11.accept:6 android.window.SurfaceSyncer.lambda$setupSync$1$android-window-SurfaceSyncer:128 android.window.SurfaceSyncer$$ExternalSyntheticLambda1.accept:8 android.window.SurfaceSyncer$SyncSet.checkIfSyncIsComplete:382 android.window.SurfaceSyncer$SyncSet.markSyncReady:359 android.window.SurfaceSyncer.markSyncReady:151 android.view.ViewRootImpl.performTraversals:4503 
04-06 10:32:22.960 18577 18577 I ViewRootImpl@89b9388[PopupWindow:f8eb32b]: performTraversals params={(112,1296)(90x94) gr=TOP START CENTER sim={state=unchanged adjust=pan} ty=APPLICATION_SUB_PANEL fmt=TRANSLUCENT wanim=0x1030313 surfaceInsets=Rect(0, 0 - 0, 0) (manual)
04-06 10:32:22.960 18577 18577 I ViewRootImpl@89b9388[PopupWindow:f8eb32b]:   fl=41800218
04-06 10:32:22.960 18577 18577 I ViewRootImpl@89b9388[PopupWindow:f8eb32b]:   pfl=2018000
04-06 10:32:22.960 18577 18577 I ViewRootImpl@89b9388[PopupWindow:f8eb32b]:   bhv=DEFAULT
04-06 10:32:22.960 18577 18577 I ViewRootImpl@89b9388[PopupWindow:f8eb32b]:   fitTypes=STATUS_BARS NAVIGATION_BARS CAPTION_BAR naviIconColor=0
04-06 10:32:22.960 18577 18577 I ViewRootImpl@89b9388[PopupWindow:f8eb32b]:   sfl=20000}
04-06 10:32:22.960 18577 18577 I ViewRootImpl@89b9388[PopupWindow:f8eb32b]: performTraversals mFirst=true windowShouldResize=true viewVisibilityChanged=false mForceNextWindowRelayout=false params={(112,1296)(90x94) gr=TOP START CENTER sim={state=unchanged adjust=pan} ty=APPLICATION_SUB_PANEL fmt=TRANSLUCENT wanim=0x1030313 surfaceInsets=Rect(0, 0 - 0, 0) (manual)
04-06 10:32:22.960 18577 18577 I ViewRootImpl@89b9388[PopupWindow:f8eb32b]:   fl=41800218
04-06 10:32:22.960 18577 18577 I ViewRootImpl@89b9388[PopupWindow:f8eb32b]:   pfl=42018000
04-06 10:32:22.960 18577 18577 I ViewRootImpl@89b9388[PopupWindow:f8eb32b]:   bhv=DEFAULT
04-06 10:32:22.960 18577 18577 I ViewRootImpl@89b9388[PopupWindow:f8eb32b]:   fitTypes=STATUS_BARS NAVIGATION_BARS CAPTION_BAR naviIconColor=0
04-06 10:32:22.960 18577 18577 I ViewRootImpl@89b9388[PopupWindow:f8eb32b]:   sfl=20000}
04-06 10:32:22.965 18577 18838 I ViewRootImpl@89b9388[PopupWindow:f8eb32b]: Resizing android.view.ViewRootImpl@cc2fe5d: frame = [112,1296][202,1390] reportDraw = true forceLayout = false syncSeqId = 0
04-06 10:32:22.967 18577 18577 I ViewRootImpl@89b9388[PopupWindow:f8eb32b]: updateBlastSurfaceIfNeeded mBlastBufferQueue=null isSameSurfaceControl=false
04-06 10:32:22.967 18577 18577 I BLASTBufferQueue: new BLASTBufferQueue, mName= ViewRootImpl@89b9388[PopupWindow:f8eb32b] mNativeObject= 0xb4000070a0e1a780 sc.mNativeObject= 0xb400007003642160 caller= android.view.ViewRootImpl.updateBlastSurfaceIfNeeded:2909 android.view.ViewRootImpl.relayoutWindow:9847 android.view.ViewRootImpl.performTraversals:3884 android.view.ViewRootImpl.doTraversal:3116 android.view.ViewRootImpl$TraversalRunnable.run:10885 android.view.Choreographer$CallbackRecord.run:1301 android.view.Choreographer$CallbackRecord.run:1309 android.view.Choreographer.doCallbacks:923 android.view.Choreographer.doFrame:852 android.view.Choreographer$FrameDisplayEventReceiver.run:1283 
04-06 10:32:22.967 18577 18577 I BLASTBufferQueue: update, w= 90 h= 94 mName = ViewRootImpl@89b9388[PopupWindow:f8eb32b] mNativeObject= 0xb4000070a0e1a780 sc.mNativeObject= 0xb400007003642160 format= -3 caller= android.graphics.BLASTBufferQueue.<init>:84 android.view.ViewRootImpl.updateBlastSurfaceIfNeeded:2909 android.view.ViewRootImpl.relayoutWindow:9847 android.view.ViewRootImpl.performTraversals:3884 android.view.ViewRootImpl.doTraversal:3116 android.view.ViewRootImpl$TraversalRunnable.run:10885 
04-06 10:32:22.968 18577 18577 I ViewRootImpl@89b9388[PopupWindow:f8eb32b]: Relayout returned: old=(112,1296,202,1390) new=(112,1296,202,1390) req=(90,94)0 dur=6 res=0x3 s={true 0xb400007003c5e000} ch=true seqId=0
04-06 10:32:22.968 18577 18577 I ViewRootImpl@89b9388[PopupWindow:f8eb32b]: mThreadedRenderer.initialize() mSurface={isValid=true 0xb400007003c5e000} hwInitialized=true
04-06 10:32:22.968 18577 18644 D OpenGLRenderer: eglCreateWindowSurface
04-06 10:32:22.969 18577 18577 I ViewRootImpl@89b9388[PopupWindow:f8eb32b]: reportNextDraw android.view.ViewRootImpl.performTraversals:4438 android.view.ViewRootImpl.doTraversal:3116 android.view.ViewRootImpl$TraversalRunnable.run:10885 android.view.Choreographer$CallbackRecord.run:1301 android.view.Choreographer$CallbackRecord.run:1309 
04-06 10:32:22.969 18577 18577 I ViewRootImpl@89b9388[PopupWindow:f8eb32b]: Setup new sync id=0
04-06 10:32:22.969 18577 18577 I ViewRootImpl@89b9388[PopupWindow:f8eb32b]: Setting syncFrameCallback
04-06 10:32:22.969 18577 18577 I ViewRootImpl@89b9388[PopupWindow:f8eb32b]: registerCallbacksForSync syncBuffer=false
04-06 10:32:22.970 18577 18699 I ViewRootImpl@89b9388[PopupWindow:f8eb32b]: Received frameDrawingCallback syncResult=0 frameNum=1.
04-06 10:32:22.970 18577 18699 I ViewRootImpl@89b9388[PopupWindow:f8eb32b]: Setting up sync and frameCommitCallback
04-06 10:32:22.970 18577 18644 I BLASTBufferQueue: [ViewRootImpl@89b9388[PopupWindow:f8eb32b]#5](f:0,a:0) onFrameAvailable the first frame is available
04-06 10:32:22.971 18577 18644 I ViewRootImpl@89b9388[PopupWindow:f8eb32b]: Received frameCommittedCallback lastAttemptedDrawFrameNum=1 didProduceBuffer=true
04-06 10:32:22.973 18577 18644 D OpenGLRenderer: CFMS:: SetUp Pid : 18577    Tid : 18644
04-06 10:32:22.973 18577 18644 W Parcel  : Expecting binder but got null!
04-06 10:32:22.973 18577 18577 I ViewRootImpl@89b9388[PopupWindow:f8eb32b]: onSyncComplete
04-06 10:32:22.973 18577 18577 I ViewRootImpl@89b9388[PopupWindow:f8eb32b]: setupSync seqId=0 mSyncId=0 fn=1 caller=android.view.ViewRootImpl$$ExternalSyntheticLambda11.accept:6 android.window.SurfaceSyncer.lambda$setupSync$1$android-window-SurfaceSyncer:128 android.window.SurfaceSyncer$$ExternalSyntheticLambda1.accept:8 android.window.SurfaceSyncer$SyncSet.checkIfSyncIsComplete:382 android.window.SurfaceSyncer$SyncSet.markSyncReady:359 android.window.SurfaceSyncer.markSyncReady:151 android.view.ViewRootImpl.performTraversals:4503 
04-06 10:32:22.973 18577 18577 I ViewRootImpl@89b9388[PopupWindow:f8eb32b]: reportDrawFinished seqId=0 mSyncId=-1 fn=1 mSurfaceChangedTransaction=0xb400007001866e00
04-06 10:32:22.974 18577 18577 I ViewRootImpl@82ede9[PopupWindow:be56670]: reportDrawFinished seqId=0 mSyncId=-1 fn=1 mSurfaceChangedTransaction=0xb4000070d4144f00
04-06 10:32:22.976 18577 18577 I ViewRootImpl@82ede9[PopupWindow:be56670]: handleResized, msg = 5 frames=ClientWindowFrames{frame=[112,1390][202,1498] display=[-100000,-100000][100000,100000] parentFrame=[0,0][0,0] parentClippedByDisplayCutout=false} forceNextWindowRelayout=false displayId=0 resizeMode=-1 frameChanged=false displayFrameChanged=false configChanged=false displayChanged=false
04-06 10:32:22.976 18577 18577 I ViewRootImpl@82ede9[PopupWindow:be56670]: handleResized mSyncSeqId = 0
04-06 10:32:22.976 18577 18577 I ViewRootImpl@82ede9[PopupWindow:be56670]: reportNextDraw android.view.ViewRootImpl.handleResized:2450 android.view.ViewRootImpl.-$$Nest$mhandleResized:0 android.view.ViewRootImpl$ViewRootHandler.handleMessageImpl:6728 android.view.ViewRootImpl$ViewRootHandler.handleMessage:6697 android.os.Handler.dispatchMessage:106 
04-06 10:32:22.977 18577 18577 I ViewRootImpl@89b9388[PopupWindow:f8eb32b]: handleResized, msg = 5 frames=ClientWindowFrames{frame=[112,1296][202,1390] display=[-100000,-100000][100000,100000] parentFrame=[0,0][0,0] parentClippedByDisplayCutout=false} forceNextWindowRelayout=false displayId=0 resizeMode=-1 frameChanged=false displayFrameChanged=false configChanged=false displayChanged=false
04-06 10:32:22.977 18577 18577 I ViewRootImpl@89b9388[PopupWindow:f8eb32b]: handleResized mSyncSeqId = 0
04-06 10:32:22.977 18577 18577 I ViewRootImpl@89b9388[PopupWindow:f8eb32b]: reportNextDraw android.view.ViewRootImpl.handleResized:2450 android.view.ViewRootImpl.-$$Nest$mhandleResized:0 android.view.ViewRootImpl$ViewRootHandler.handleMessageImpl:6728 android.view.ViewRootImpl$ViewRootHandler.handleMessage:6697 android.os.Handler.dispatchMessage:106 
04-06 10:32:22.978 18577 18577 I ViewRootImpl@82ede9[PopupWindow:be56670]: Setup new sync id=1
04-06 10:32:22.978 18577 18577 I ViewRootImpl@82ede9[PopupWindow:be56670]: Setting syncFrameCallback
04-06 10:32:22.978 18577 18577 I ViewRootImpl@82ede9[PopupWindow:be56670]: registerCallbacksForSync syncBuffer=false
04-06 10:32:22.979 18577 18698 I ViewRootImpl@82ede9[PopupWindow:be56670]: Received frameDrawingCallback syncResult=0 frameNum=3.
04-06 10:32:22.979 18577 18698 I ViewRootImpl@82ede9[PopupWindow:be56670]: Setting up sync and frameCommitCallback
04-06 10:32:22.980 18577 18644 I ViewRootImpl@82ede9[PopupWindow:be56670]: Received frameCommittedCallback lastAttemptedDrawFrameNum=3 didProduceBuffer=true
04-06 10:32:22.980 18577 18577 I ViewRootImpl@82ede9[PopupWindow:be56670]: onSyncComplete
04-06 10:32:22.980 18577 18577 I ViewRootImpl@82ede9[PopupWindow:be56670]: setupSync seqId=0 mSyncId=1 fn=3 caller=android.view.ViewRootImpl$$ExternalSyntheticLambda11.accept:6 android.window.SurfaceSyncer.lambda$setupSync$1$android-window-SurfaceSyncer:128 android.window.SurfaceSyncer$$ExternalSyntheticLambda1.accept:8 android.window.SurfaceSyncer$SyncSet.checkIfSyncIsComplete:382 android.window.SurfaceSyncer$SyncSet.markSyncReady:359 android.window.SurfaceSyncer.markSyncReady:151 android.view.ViewRootImpl.performTraversals:4503 
04-06 10:32:22.980 18577 18577 I ViewRootImpl@89b9388[PopupWindow:f8eb32b]: Setup new sync id=1
04-06 10:32:22.980 18577 18577 I ViewRootImpl@89b9388[PopupWindow:f8eb32b]: Setting syncFrameCallback
04-06 10:32:22.980 18577 18577 I ViewRootImpl@89b9388[PopupWindow:f8eb32b]: registerCallbacksForSync syncBuffer=false
04-06 10:32:22.981 18577 18699 I ViewRootImpl@89b9388[PopupWindow:f8eb32b]: Received frameDrawingCallback syncResult=0 frameNum=2.
04-06 10:32:22.981 18577 18699 I ViewRootImpl@89b9388[PopupWindow:f8eb32b]: Setting up sync and frameCommitCallback
04-06 10:32:22.981 18577 18644 I ViewRootImpl@89b9388[PopupWindow:f8eb32b]: Received frameCommittedCallback lastAttemptedDrawFrameNum=2 didProduceBuffer=true
04-06 10:32:22.982 18577 18577 I ViewRootImpl@89b9388[PopupWindow:f8eb32b]: onSyncComplete
04-06 10:32:22.982 18577 18577 I ViewRootImpl@89b9388[PopupWindow:f8eb32b]: setupSync seqId=0 mSyncId=1 fn=2 caller=android.view.ViewRootImpl$$ExternalSyntheticLambda11.accept:6 android.window.SurfaceSyncer.lambda$setupSync$1$android-window-SurfaceSyncer:128 android.window.SurfaceSyncer$$ExternalSyntheticLambda1.accept:8 android.window.SurfaceSyncer$SyncSet.checkIfSyncIsComplete:382 android.window.SurfaceSyncer$SyncSet.markSyncReady:359 android.window.SurfaceSyncer.markSyncReady:151 android.view.ViewRootImpl.performTraversals:4503 
04-06 10:32:22.982 18577 18577 I ViewRootImpl@89b9388[PopupWindow:f8eb32b]: reportDrawFinished seqId=0 mSyncId=-1 fn=2 mSurfaceChangedTransaction=0xb400007001866e00
04-06 10:32:22.982 18577 18577 I ViewRootImpl@82ede9[PopupWindow:be56670]: reportDrawFinished seqId=0 mSyncId=-1 fn=3 mSurfaceChangedTransaction=0xb4000070d4144f00
04-06 10:32:22.999 18577 18577 W OnBackInvokedCallback: OnBackInvokedCallback is not enabled for the application.
04-06 10:32:22.999 18577 18577 W OnBackInvokedCallback: Set 'android:enableOnBackInvokedCallback="true"' in the application manifest.
04-06 10:32:23.001 18577 18577 D InsetsController: show(ime(), fromIme=true)
04-06 10:32:23.003 18577 18577 D InsetsController: show(ime(), fromIme=true)
04-06 10:32:23.028 18577 18577 D InsetsController: show(ime(), fromIme=true)
04-06 10:32:23.358 18577 18623 I DetoxWSClient: Sending out action 'invokeResult' (ID #4)
04-06 10:32:23.358 18577 18623 I DetoxDispatcher: Done with action 'invoke'
04-06 10:32:23.363 18577 18629 D DetoxWSClient: Received action 'invoke' (ID #5, params={"target":{"type":"Class","value":"com.wix.detox.espresso.EspressoDetox"},"method":"perform","args":[{"type":"Invocation","value":{"target":{"type":"Class","value":"com.wix.detox.espresso.DetoxMatcher"},"method":"matcherForTestId","args":["input-peso-meta",{"type":"boolean","value":false}]}},{"type":"Invocation","value":{"target":{"type":"Class","value":"androidx.test.espresso.action.ViewActions"},"method":"replaceText","args":["77"]}}]})
04-06 10:32:23.364 18577 18623 I DetoxDispatcher: Handling action 'invoke' (ID #5)...
04-06 10:32:23.364 18577 18623 D Detox   : class com.wix.detox.espresso.DetoxMatcher, matcherForTestId, [input-peso-meta, false]
04-06 10:32:23.365 18577 18623 D Detox   : class androidx.test.espresso.action.ViewActions, replaceText, [77]
04-06 10:32:23.366 18577 18623 D Detox   : class com.wix.detox.espresso.EspressoDetox, perform, [(view.getTag() is "input-peso-meta" and view has effective visibility <VISIBLE>), androidx.test.espresso.action.ReplaceTextAction@bfb0b2a]
04-06 10:32:23.372 18577 18577 I ViewInteraction: Performing 'replace text(77)' action on view (view.getTag() is "input-peso-meta" and view has effective visibility <VISIBLE>)
04-06 10:32:23.384 18577 18623 I DetoxWSClient: Sending out action 'invokeResult' (ID #5)
04-06 10:32:23.384 18577 18623 I DetoxDispatcher: Done with action 'invoke'
04-06 10:32:23.388 18577 18629 D DetoxWSClient: Received action 'invoke' (ID #6, params={"target":{"type":"Class","value":"com.wix.detox.espresso.EspressoDetox"},"method":"perform","args":[{"type":"Invocation","value":{"target":{"type":"Class","value":"com.wix.detox.espresso.DetoxMatcher"},"method":"matcherForTestId","args":["input-altura",{"type":"boolean","value":false}]}},{"type":"Invocation","value":{"target":{"type":"Class","value":"com.wix.detox.espresso.DetoxViewActions"},"method":"click","args":[]}}]})
04-06 10:32:23.388 18577 18623 I DetoxDispatcher: Handling action 'invoke' (ID #6)...
04-06 10:32:23.389 18577 18623 D Detox   : class com.wix.detox.espresso.DetoxMatcher, matcherForTestId, [input-altura, false]
04-06 10:32:23.389 18577 18623 D Detox   : class com.wix.detox.espresso.DetoxViewActions, click, []
04-06 10:32:23.389 18577 18623 D Detox   : class com.wix.detox.espresso.EspressoDetox, perform, [(view.getTag() is "input-altura" and view has effective visibility <VISIBLE>), com.wix.detox.espresso.action.RNClickAction@39994c9]
04-06 10:32:23.395 18577 18577 D InputMethodManager: startInputInner - Id : 0
04-06 10:32:23.395 18577 18577 I InputMethodManager: startInputInner - mService.startInputOrWindowGainedFocus
04-06 10:32:23.418 18577 18577 D InsetsController: show(ime(), fromIme=true)
04-06 10:32:23.434 18577 18577 I ViewInteraction: Performing 'com.wix.detox.espresso.action.detoxsingletap@2fc7ce click' action on view (view.getTag() is "input-altura" and view has effective visibility <VISIBLE>)
04-06 10:32:23.471 18577 18577 I ViewRootImpl@914008f[MainActivity]: ViewPostIme key 0
04-06 10:32:23.482 18577 18577 I ViewRootImpl@914008f[MainActivity]: ViewPostIme key 1
04-06 10:32:23.493 18577 18644 D OpenGLRenderer: setSurface called with nullptr
04-06 10:32:23.493 18577 18644 D OpenGLRenderer: setSurface() destroyed EGLSurface
04-06 10:32:23.493 18577 18644 D OpenGLRenderer: destroyEglSurface
04-06 10:32:23.494 18577 18577 I ViewRootImpl@82ede9[PopupWindow:be56670]: dispatchDetachedFromWindow
04-06 10:32:23.497 18577 18577 D InputTransport: Input channel destroyed: 'e7b3219', fd=128
04-06 10:32:23.498 18577 18644 D OpenGLRenderer: setSurface called with nullptr
04-06 10:32:23.498 18577 18644 D OpenGLRenderer: setSurface() destroyed EGLSurface
04-06 10:32:23.498 18577 18644 D OpenGLRenderer: destroyEglSurface
04-06 10:32:23.499 18577 18577 I ViewRootImpl@89b9388[PopupWindow:f8eb32b]: dispatchDetachedFromWindow
04-06 10:32:23.503 18577 18577 D InputTransport: Input channel destroyed: '6222e52', fd=135
04-06 10:32:23.902 18577 18623 I DetoxWSClient: Sending out action 'invokeResult' (ID #6)
04-06 10:32:23.903 18577 18623 I DetoxDispatcher: Done with action 'invoke'
04-06 10:32:23.913 18577 18629 D DetoxWSClient: Received action 'invoke' (ID #7, params={"target":{"type":"Class","value":"com.wix.detox.espresso.EspressoDetox"},"method":"perform","args":[{"type":"Invocation","value":{"target":{"type":"Class","value":"com.wix.detox.espresso.DetoxMatcher"},"method":"matcherForTestId","args":["input-altura",{"type":"boolean","value":false}]}},{"type":"Invocation","value":{"target":{"type":"Class","value":"androidx.test.espresso.action.ViewActions"},"method":"replaceText","args":["178"]}}]})
04-06 10:32:23.914 18577 18623 I DetoxDispatcher: Handling action 'invoke' (ID #7)...
04-06 10:32:23.916 18577 18623 D Detox   : class com.wix.detox.espresso.DetoxMatcher, matcherForTestId, [input-altura, false]
04-06 10:32:23.917 18577 18623 D Detox   : class androidx.test.espresso.action.ViewActions, replaceText, [178]
04-06 10:32:23.918 18577 18623 D Detox   : class com.wix.detox.espresso.EspressoDetox, perform, [(view.getTag() is "input-altura" and view has effective visibility <VISIBLE>), androidx.test.espresso.action.ReplaceTextAction@1bd55de]
04-06 10:32:23.935 18577 18577 I ViewInteraction: Performing 'replace text(178)' action on view (view.getTag() is "input-altura" and view has effective visibility <VISIBLE>)
04-06 10:32:23.955 18577 18623 I DetoxWSClient: Sending out action 'invokeResult' (ID #7)
04-06 10:32:23.955 18577 18623 I DetoxDispatcher: Done with action 'invoke'
04-06 10:32:23.961 18577 18629 D DetoxWSClient: Received action 'invoke' (ID #8, params={"target":{"type":"Invocation","value":{"target":{"type":"Class","value":"com.wix.detox.uiautomator.UiAutomator"},"method":"uiDevice","args":[]}},"method":"pressBack","args":[]})
04-06 10:32:23.961 18577 18623 I DetoxDispatcher: Handling action 'invoke' (ID #8)...
04-06 10:32:23.961 18577 18623 D Detox   : class com.wix.detox.uiautomator.UiAutomator, uiDevice, []
04-06 10:32:23.964 18577 18623 I UiDevice: Creating a new instance, old instance exists: false
04-06 10:32:23.986 18577 18623 D UiDevice: Setting accessibility service flags: 65618
04-06 10:32:24.637 18577 18623 D UiDevice: Pressing back button.
04-06 10:32:24.668 18577 18577 I ViewRootImpl@914008f[MainActivity]: The input has been finished in ImeInputStage.
04-06 10:32:24.689 18577 18577 I ViewRootImpl@914008f[MainActivity]: The input has been finished in ImeInputStage.
04-06 10:32:24.695 18577 18577 D InsetsController: controlAnimationUnchecked: Added types=8 animType=1 host=com.evolucao.app/com.evolucao.app.MainActivity from=android.view.InsetsController.applyAnimation:1576 android.view.InsetsController.applyAnimation:1557 android.view.InsetsController.hide:1093 
04-06 10:32:24.695 18577 18577 D InsetsSourceConsumer: setRequestedVisible: visible=false, type=19, host=com.evolucao.app/com.evolucao.app.MainActivity, from=android.view.InsetsSourceConsumer.hide:257 android.view.ImeInsetsSourceConsumer.hide:88 android.view.ImeInsetsSourceConsumer.hide:94 android.view.InsetsController.hideDirectly:1593 android.view.InsetsController.controlAnimationUnchecked:1234 android.view.InsetsController.applyAnimation:1576 android.view.InsetsController.applyAnimation:1557 android.view.InsetsController.hide:1093 android.view.ViewRootImpl$ViewRootHandler.handleMessageImpl:6765 android.view.ViewRootImpl$ViewRootHandler.handleMessage:6697 
04-06 10:32:24.709 18577 18598 I ViewRootImpl@914008f[MainActivity]: Resizing android.view.ViewRootImpl@685f108: frame = [0,0][1080,2400] reportDraw = false forceLayout = false syncSeqId = 0
04-06 10:32:24.709 18577 18577 D InsetsController: onStateChanged: InsetsState: {mDisplayFrame=Rect(0, 0 - 1080, 2400), mDisplayCutout=DisplayCutout{insets=Rect(0, 88 - 0, 0) waterfall=Insets{left=0, top=0, right=0, bottom=0} boundingRect={Bounds=[Rect(0, 0 - 0, 0), Rect(512, 0 - 568, 88), Rect(0, 0 - 0, 0), Rect(0, 0 - 0, 0)]} cutoutPathParserInfo={CutoutPathParserInfo{displayWidth=1080 displayHeight=2400 physicalDisplayWidth=1080 physicalDisplayHeight=2400 density={3.0} cutoutSpec={M 0,0 M 0,10.71963616907435 a 9.280363830925644,9.280363830925644 0 1,0 0,18.56072766185129 a 9.280363830925644,9.280363830925644 0 1,0 0,-18.56072766185129 Z @dp} rotation={0} scale={1.0} physicalPixelDisplaySizeRatio={1.0}}}}, mRoundedCorners=RoundedCorners{[RoundedCorner{position=TopLeft, radius=96, center=Point(96, 96)}, RoundedCorner{position=TopRight, radius=96, center=Point(984, 96)}, RoundedCorner{position=BottomRight, radius=96, center=Point(984, 2304)}, RoundedCorner{position=BottomLeft, radius=96, center=Point(96, 2304)}]}  mRoundedCornerFrame=Rect(0, 0 - 1080, 2400), mPrivacyIndicatorBounds=PrivacyIndicatorBounds {static bounds=Rect(948, 0 - 1080, 88) rotation=0}, mSources= { InsetsSource: {mType=ITYPE_STATUS_BAR, mFrame=[0,0][1080,88], mVisible=true, mInsetsRoundedCornerFrame=false}, InsetsSource: {mType=ITYPE_NAVIGATION_BAR, mFrame=[0,2256][1080,2400], mVisible=true, mInsetsRoundedCornerFrame=false}, InsetsSource: {mType=ITYPE_LEFT_GESTURES, mFrame=[0,0][0,2400], mVisible=true, mInsetsRoundedCornerFrame=false}, InsetsSource: {mType=ITYPE_RIGHT_GESTURES, mFrame=[1080,0][1080,2400], mVisible=true, mInsetsRoundedCornerFrame=false}, InsetsSource: {mType=ITYPE_TOP_MANDATORY_GESTURES, mFrame=[0,0][1080,124], mVisible=true, mInsetsRoundedCornerFrame=false}, InsetsSource: {mType=ITYPE_BOTTOM_MANDATORY_GESTURES, mFrame=[0,2256][1080,2400], mVisible=true, mInsetsRoundedCornerFrame=false}, InsetsSource: {mType=ITYPE_LEFT_DISPLAY_CUTOUT, mFrame=[0,0][-100000,2400], mVisible=true, mInsetsRoundedCornerFrame=false}, InsetsSource: {mType=ITYPE_TOP_DISPLAY_CUTOUT, mFrame=[0,0][1080,88], mVisible=true, mInsetsRoundedCornerFrame=false}, InsetsSource: {mType=ITYPE_RIGHT_DISPLAY_CUTOUT, mFrame=[100000,0][1080,2400], mVisible=true, mInsetsRoundedCornerFrame=false}, InsetsSource: {mType=ITYPE_BOTTOM_DISPLAY_CUTOUT, mFrame=[0,100000][1080,2400], mVisible=true, mInsetsRoundedCornerFrame=false}, InsetsSource: {mType=ITYPE_TOP_TAPPABLE_ELEMENT, mFrame=[0,0][1080,88], mVisible=true, mInsetsRoundedCornerFrame=false}, InsetsSource: {mType=ITYPE_BOTTOM_TAPPABLE_ELEMENT, mFrame=[0,2256][1080,2400], mVisible=true, mInsetsRoundedCornerFrame=false}, InsetsSource: {mType=ITYPE_IME, mFrame=[0,1374][1080,2400], mVisibleFrame=[0,1374][1080,2400], mVisible=false, mInsetsRoundedCornerFrame=false} } host=com.evolucao.app/com.evolucao.app.MainActivity from=android.view.ViewRootImpl$ViewRootHandler.handleMessageImpl:6740
04-06 10:32:24.711 18577 18577 I ViewRootImpl@914008f[MainActivity]: handleResized, msg = 4 frames=ClientWindowFrames{frame=[0,0][1080,2400] display=[0,0][1080,2400] parentFrame=[0,0][0,0] parentClippedByDisplayCutout=false} forceNextWindowRelayout=false displayId=0 resizeMode=-1 frameChanged=false displayFrameChanged=false configChanged=false displayChanged=false
04-06 10:32:24.738 18577 18623 I DetoxWSClient: Sending out action 'invokeResult' (ID #8)
04-06 10:32:24.738 18577 18623 I DetoxDispatcher: Done with action 'invoke'
04-06 10:32:24.744 18577 18629 D DetoxWSClient: Received action 'invoke' (ID #9, params={"target":{"type":"Class","value":"com.wix.detox.espresso.DetoxAssertion"},"method":"waitForAssertMatcher","args":[{"type":"Invocation","value":{"target":{"type":"Class","value":"androidx.test.espresso.Espresso"},"method":"onView","args":[{"type":"Invocation","value":{"target":{"type":"Class","value":"com.wix.detox.espresso.DetoxMatcher"},"method":"matcherForTestId","args":["btn-continuar",{"type":"boolean","value":false}]}}]}},{"type":"Invocation","value":{"target":{"type":"Class","value":"com.wix.detox.espresso.DetoxMatcher"},"method":"matcherForSufficientlyVisible","args":[{"type":"Integer","value":75}]}},{"type":"Double","value":3}]})
04-06 10:32:24.745 18577 18623 I DetoxDispatcher: Handling action 'invoke' (ID #9)...
04-06 10:32:24.745 18577 18623 D Detox   : class com.wix.detox.espresso.DetoxMatcher, matcherForTestId, [btn-continuar, false]
04-06 10:32:24.746 18577 18623 D Detox   : class androidx.test.espresso.Espresso, onView, [(view.getTag() is "btn-continuar" and view has effective visibility <VISIBLE>)]
04-06 10:32:24.747 18577 18623 D Detox   : class com.wix.detox.espresso.DetoxMatcher, matcherForSufficientlyVisible, [75]
04-06 10:32:24.749 18577 18623 D Detox   : class com.wix.detox.espresso.DetoxAssertion, waitForAssertMatcher, [androidx.test.espresso.ViewInteraction@72d1b3e, (view has effective visibility <VISIBLE> and view.getGlobalVisibleRect() covers at least <75> percent of the view's area), 3.0]
04-06 10:32:24.756 18577 18577 I ViewInteraction: Checking 'MatchesViewAssertion(Detox){viewMatcher=(view has effective visibility <VISIBLE> and view.getGlobalVisibleRect() covers at least <75> percent of the view's area)}' assertion on view (view.getTag() is "btn-continuar" and view has effective visibility <VISIBLE>)
04-06 10:32:24.760 18577 18623 I DetoxWSClient: Sending out action 'invokeResult' (ID #9)
04-06 10:32:24.761 18577 18623 I DetoxDispatcher: Done with action 'invoke'
04-06 10:32:24.768 18577 18629 D DetoxWSClient: Received action 'invoke' (ID #10, params={"target":{"type":"Class","value":"com.wix.detox.espresso.EspressoDetox"},"method":"perform","args":[{"type":"Invocation","value":{"target":{"type":"Class","value":"com.wix.detox.espresso.DetoxMatcher"},"method":"matcherForTestId","args":["btn-continuar",{"type":"boolean","value":false}]}},{"type":"Invocation","value":{"target":{"type":"Class","value":"com.wix.detox.espresso.DetoxViewActions"},"method":"click","args":[]}}]})
04-06 10:32:24.768 18577 18623 I DetoxDispatcher: Handling action 'invoke' (ID #10)...
04-06 10:32:24.769 18577 18623 D Detox   : class com.wix.detox.espresso.DetoxMatcher, matcherForTestId, [btn-continuar, false]
04-06 10:32:24.769 18577 18623 D Detox   : class com.wix.detox.espresso.DetoxViewActions, click, []
04-06 10:32:24.770 18577 18623 D Detox   : class com.wix.detox.espresso.EspressoDetox, perform, [(view.getTag() is "btn-continuar" and view has effective visibility <VISIBLE>), com.wix.detox.espresso.action.RNClickAction@72ff2b5]
04-06 10:32:24.776 18577 18577 I ViewInteraction: Performing 'com.wix.detox.espresso.action.detoxsingletap@85bad4a click' action on view (view.getTag() is "btn-continuar" and view has effective visibility <VISIBLE>)
04-06 10:32:24.786 18577 18577 I ViewRootImpl@914008f[MainActivity]: MSG_WINDOW_TOUCH_MODE_CHANGED 
04-06 10:32:24.916 18577 18577 D InsetsController: cancelAnimation of types: 8, animType: 1, host: com.evolucao.app/com.evolucao.app.MainActivity, from:android.view.InsetsController.notifyFinished:1375 android.view.InsetsAnimationThreadControlRunner$1.lambda$notifyFinished$0$android-view-InsetsAnimationThreadControlRunner$1:84 android.view.InsetsAnimationThreadControlRunner$1$$ExternalSyntheticLambda1.run:4 
04-06 10:32:24.916 18577 18577 I IMM_LC  : notifyImeHidden: mService.hideSoftInput
04-06 10:32:24.953 18577 18838 I ViewRootImpl@914008f[MainActivity]: Resizing android.view.ViewRootImpl@685f108: frame = [0,0][1080,2400] reportDraw = false forceLayout = false syncSeqId = 0
04-06 10:32:24.955 18577 18577 D InsetsController: onStateChanged: InsetsState: {mDisplayFrame=Rect(0, 0 - 1080, 2400), mDisplayCutout=DisplayCutout{insets=Rect(0, 88 - 0, 0) waterfall=Insets{left=0, top=0, right=0, bottom=0} boundingRect={Bounds=[Rect(0, 0 - 0, 0), Rect(512, 0 - 568, 88), Rect(0, 0 - 0, 0), Rect(0, 0 - 0, 0)]} cutoutPathParserInfo={CutoutPathParserInfo{displayWidth=1080 displayHeight=2400 physicalDisplayWidth=1080 physicalDisplayHeight=2400 density={3.0} cutoutSpec={M 0,0 M 0,10.71963616907435 a 9.280363830925644,9.280363830925644 0 1,0 0,18.56072766185129 a 9.280363830925644,9.280363830925644 0 1,0 0,-18.56072766185129 Z @dp} rotation={0} scale={1.0} physicalPixelDisplaySizeRatio={1.0}}}}, mRoundedCorners=RoundedCorners{[RoundedCorner{position=TopLeft, radius=96, center=Point(96, 96)}, RoundedCorner{position=TopRight, radius=96, center=Point(984, 96)}, RoundedCorner{position=BottomRight, radius=96, center=Point(984, 2304)}, RoundedCorner{position=BottomLeft, radius=96, center=Point(96, 2304)}]}  mRoundedCornerFrame=Rect(0, 0 - 1080, 2400), mPrivacyIndicatorBounds=PrivacyIndicatorBounds {static bounds=Rect(948, 0 - 1080, 88) rotation=0}, mSources= { InsetsSource: {mType=ITYPE_STATUS_BAR, mFrame=[0,0][1080,88], mVisible=true, mInsetsRoundedCornerFrame=false}, InsetsSource: {mType=ITYPE_NAVIGATION_BAR, mFrame=[0,2256][1080,2400], mVisible=true, mInsetsRoundedCornerFrame=false}, InsetsSource: {mType=ITYPE_LEFT_GESTURES, mFrame=[0,0][0,2400], mVisible=true, mInsetsRoundedCornerFrame=false}, InsetsSource: {mType=ITYPE_RIGHT_GESTURES, mFrame=[1080,0][1080,2400], mVisible=true, mInsetsRoundedCornerFrame=false}, InsetsSource: {mType=ITYPE_TOP_MANDATORY_GESTURES, mFrame=[0,0][1080,124], mVisible=true, mInsetsRoundedCornerFrame=false}, InsetsSource: {mType=ITYPE_BOTTOM_MANDATORY_GESTURES, mFrame=[0,2256][1080,2400], mVisible=true, mInsetsRoundedCornerFrame=false}, InsetsSource: {mType=ITYPE_LEFT_DISPLAY_CUTOUT, mFrame=[0,0][-100000,2400], mVisible=true, mInsetsRoundedCornerFrame=false}, InsetsSource: {mType=ITYPE_TOP_DISPLAY_CUTOUT, mFrame=[0,0][1080,88], mVisible=true, mInsetsRoundedCornerFrame=false}, InsetsSource: {mType=ITYPE_RIGHT_DISPLAY_CUTOUT, mFrame=[100000,0][1080,2400], mVisible=true, mInsetsRoundedCornerFrame=false}, InsetsSource: {mType=ITYPE_BOTTOM_DISPLAY_CUTOUT, mFrame=[0,100000][1080,2400], mVisible=true, mInsetsRoundedCornerFrame=false}, InsetsSource: {mType=ITYPE_TOP_TAPPABLE_ELEMENT, mFrame=[0,0][1080,88], mVisible=true, mInsetsRoundedCornerFrame=false}, InsetsSource: {mType=ITYPE_BOTTOM_TAPPABLE_ELEMENT, mFrame=[0,2256][1080,2400], mVisible=true, mInsetsRoundedCornerFrame=false}, InsetsSource: {mType=ITYPE_IME, mFrame=[0,0][0,0], mVisibleFrame=[0,1374][1080,2400], mVisible=false, mInsetsRoundedCornerFrame=false} } host=com.evolucao.app/com.evolucao.app.MainActivity from=android.view.ViewRootImpl$ViewRootHandler.handleMessageImpl:6727
04-06 10:32:24.955 18577 18577 I ViewRootImpl@914008f[MainActivity]: handleResized, msg = 4 frames=ClientWindowFrames{frame=[0,0][1080,2400] display=[0,0][1080,2400] parentFrame=[0,0][0,0] parentClippedByDisplayCutout=false} forceNextWindowRelayout=false displayId=0 resizeMode=-1 frameChanged=false displayFrameChanged=false configChanged=false displayChanged=false
04-06 10:32:25.188 18577 18623 I DetoxWSClient: Sending out action 'invokeResult' (ID #10)
04-06 10:32:25.189 18577 18623 I DetoxDispatcher: Done with action 'invoke'
04-06 10:32:25.195 18577 18629 D DetoxWSClient: Received action 'invoke' (ID #11, params={"target":{"type":"Class","value":"com.wix.detox.espresso.DetoxAssertion"},"method":"waitForAssertMatcher","args":[{"type":"Invocation","value":{"target":{"type":"Class","value":"androidx.test.espresso.Espresso"},"method":"onView","args":[{"type":"Invocation","value":{"target":{"type":"Class","value":"com.wix.detox.espresso.DetoxMatcher"},"method":"matcherForTestId","args":["tab-treino",{"type":"boolean","value":false}]}}]}},{"type":"Invocation","value":{"target":{"type":"Class","value":"com.wix.detox.espresso.DetoxMatcher"},"method":"matcherForSufficientlyVisible","args":[{"type":"Integer","value":75}]}},{"type":"Double","value":3}]})
04-06 10:32:25.196 18577 18623 I DetoxDispatcher: Handling action 'invoke' (ID #11)...
04-06 10:32:25.197 18577 18623 D Detox   : class com.wix.detox.espresso.DetoxMatcher, matcherForTestId, [tab-treino, false]
04-06 10:32:25.197 18577 18623 D Detox   : class androidx.test.espresso.Espresso, onView, [(view.getTag() is "tab-treino" and view has effective visibility <VISIBLE>)]
04-06 10:32:25.199 18577 18623 D Detox   : class com.wix.detox.espresso.DetoxMatcher, matcherForSufficientlyVisible, [75]
04-06 10:32:25.199 18577 18623 D Detox   : class com.wix.detox.espresso.DetoxAssertion, waitForAssertMatcher, [androidx.test.espresso.ViewInteraction@f1184bb, (view has effective visibility <VISIBLE> and view.getGlobalVisibleRect() covers at least <75> percent of the view's area), 3.0]
04-06 10:32:25.234 18577 18577 I ViewInteraction: Checking 'MatchesViewAssertion(Detox){viewMatcher=(view has effective visibility <VISIBLE> and view.getGlobalVisibleRect() covers at least <75> percent of the view's area)}' assertion on view (view.getTag() is "tab-treino" and view has effective visibility <VISIBLE>)
04-06 10:32:25.291 18577 18577 I ViewInteraction: Checking 'MatchesViewAssertion(Detox){viewMatcher=(view has effective visibility <VISIBLE> and view.getGlobalVisibleRect() covers at least <75> percent of the view's area)}' assertion on view (view.getTag() is "tab-treino" and view has effective visibility <VISIBLE>)
04-06 10:32:25.343 18577 18577 I ViewInteraction: Checking 'MatchesViewAssertion(Detox){viewMatcher=(view has effective visibility <VISIBLE> and view.getGlobalVisibleRect() covers at least <75> percent of the view's area)}' assertion on view (view.getTag() is "tab-treino" and view has effective visibility <VISIBLE>)
04-06 10:32:25.396 18577 18577 I ViewInteraction: Checking 'MatchesViewAssertion(Detox){viewMatcher=(view has effective visibility <VISIBLE> and view.getGlobalVisibleRect() covers at least <75> percent of the view's area)}' assertion on view (view.getTag() is "tab-treino" and view has effective visibility <VISIBLE>)
04-06 10:32:25.406 18577 18593 D InputTransport: Input channel destroyed: 'ClientS', fd=172
04-06 10:32:25.406 18577 18644 D OpenGLRenderer: setSurface called with nullptr
04-06 10:32:25.406 18577 18644 D OpenGLRenderer: setSurface called with nullptr
04-06 10:32:25.406 18577 18593 D InputTransport: Input channel destroyed: 'ClientS', fd=113
04-06 10:32:25.406 18577 18593 D InputTransport: Input channel destroyed: 'ClientS', fd=154
04-06 10:32:25.407 18577 18644 D OpenGLRenderer: setSurface called with nullptr
04-06 10:32:25.407 18577 18644 D OpenGLRenderer: setSurface called with nullptr
04-06 10:32:25.407 18577 18593 D InputTransport: Input channel destroyed: 'ClientS', fd=162
04-06 10:32:25.445 18577 18577 I ViewInteraction: Checking 'MatchesViewAssertion(Detox){viewMatcher=(view has effective visibility <VISIBLE> and view.getGlobalVisibleRect() covers at least <75> percent of the view's area)}' assertion on view (view.getTag() is "tab-treino" and view has effective visibility <VISIBLE>)
04-06 10:32:25.481 18577 18577 I ViewInteraction: Checking 'MatchesViewAssertion(Detox){viewMatcher=(view has effective visibility <VISIBLE> and view.getGlobalVisibleRect() covers at least <75> percent of the view's area)}' assertion on view (view.getTag() is "tab-treino" and view has effective visibility <VISIBLE>)
04-06 10:32:25.554 18577 18577 I ViewInteraction: Checking 'MatchesViewAssertion(Detox){viewMatcher=(view has effective visibility <VISIBLE> and view.getGlobalVisibleRect() covers at least <75> percent of the view's area)}' assertion on view (view.getTag() is "tab-treino" and view has effective visibility <VISIBLE>)
04-06 10:32:25.602 18577 18577 I ViewInteraction: Checking 'MatchesViewAssertion(Detox){viewMatcher=(view has effective visibility <VISIBLE> and view.getGlobalVisibleRect() covers at least <75> percent of the view's area)}' assertion on view (view.getTag() is "tab-treino" and view has effective visibility <VISIBLE>)
04-06 10:32:25.650 18577 18577 I ViewInteraction: Checking 'MatchesViewAssertion(Detox){viewMatcher=(view has effective visibility <VISIBLE> and view.getGlobalVisibleRect() covers at least <75> percent of the view's area)}' assertion on view (view.getTag() is "tab-treino" and view has effective visibility <VISIBLE>)
04-06 10:32:25.697 18577 18577 I ViewInteraction: Checking 'MatchesViewAssertion(Detox){viewMatcher=(view has effective visibility <VISIBLE> and view.getGlobalVisibleRect() covers at least <75> percent of the view's area)}' assertion on view (view.getTag() is "tab-treino" and view has effective visibility <VISIBLE>)
04-06 10:32:25.745 18577 18577 I ViewInteraction: Checking 'MatchesViewAssertion(Detox){viewMatcher=(view has effective visibility <VISIBLE> and view.getGlobalVisibleRect() covers at least <75> percent of the view's area)}' assertion on view (view.getTag() is "tab-treino" and view has effective visibility <VISIBLE>)
04-06 10:32:25.792 18577 18577 I ViewInteraction: Checking 'MatchesViewAssertion(Detox){viewMatcher=(view has effective visibility <VISIBLE> and view.getGlobalVisibleRect() covers at least <75> percent of the view's area)}' assertion on view (view.getTag() is "tab-treino" and view has effective visibility <VISIBLE>)
04-06 10:32:25.841 18577 18577 I ViewInteraction: Checking 'MatchesViewAssertion(Detox){viewMatcher=(view has effective visibility <VISIBLE> and view.getGlobalVisibleRect() covers at least <75> percent of the view's area)}' assertion on view (view.getTag() is "tab-treino" and view has effective visibility <VISIBLE>)
04-06 10:32:25.886 18577 18577 I ViewInteraction: Checking 'MatchesViewAssertion(Detox){viewMatcher=(view has effective visibility <VISIBLE> and view.getGlobalVisibleRect() covers at least <75> percent of the view's area)}' assertion on view (view.getTag() is "tab-treino" and view has effective visibility <VISIBLE>)
04-06 10:32:25.933 18577 18577 I ViewInteraction: Checking 'MatchesViewAssertion(Detox){viewMatcher=(view has effective visibility <VISIBLE> and view.getGlobalVisibleRect() covers at least <75> percent of the view's area)}' assertion on view (view.getTag() is "tab-treino" and view has effective visibility <VISIBLE>)
04-06 10:32:25.982 18577 18577 I ViewInteraction: Checking 'MatchesViewAssertion(Detox){viewMatcher=(view has effective visibility <VISIBLE> and view.getGlobalVisibleRect() covers at least <75> percent of the view's area)}' assertion on view (view.getTag() is "tab-treino" and view has effective visibility <VISIBLE>)
04-06 10:32:26.049 18577 18577 I ViewInteraction: Checking 'MatchesViewAssertion(Detox){viewMatcher=(view has effective visibility <VISIBLE> and view.getGlobalVisibleRect() covers at least <75> percent of the view's area)}' assertion on view (view.getTag() is "tab-treino" and view has effective visibility <VISIBLE>)
04-06 10:32:26.096 18577 18577 I ViewInteraction: Checking 'MatchesViewAssertion(Detox){viewMatcher=(view has effective visibility <VISIBLE> and view.getGlobalVisibleRect() covers at least <75> percent of the view's area)}' assertion on view (view.getTag() is "tab-treino" and view has effective visibility <VISIBLE>)
04-06 10:32:26.142 18577 18577 I ViewInteraction: Checking 'MatchesViewAssertion(Detox){viewMatcher=(view has effective visibility <VISIBLE> and view.getGlobalVisibleRect() covers at least <75> percent of the view's area)}' assertion on view (view.getTag() is "tab-treino" and view has effective visibility <VISIBLE>)
04-06 10:32:26.190 18577 18577 I ViewInteraction: Checking 'MatchesViewAssertion(Detox){viewMatcher=(view has effective visibility <VISIBLE> and view.getGlobalVisibleRect() covers at least <75> percent of the view's area)}' assertion on view (view.getTag() is "tab-treino" and view has effective visibility <VISIBLE>)
04-06 10:32:26.229 18577 18577 I ViewInteraction: Checking 'MatchesViewAssertion(Detox){viewMatcher=(view has effective visibility <VISIBLE> and view.getGlobalVisibleRect() covers at least <75> percent of the view's area)}' assertion on view (view.getTag() is "tab-treino" and view has effective visibility <VISIBLE>)
04-06 10:32:26.279 18577 18577 I ViewInteraction: Checking 'MatchesViewAssertion(Detox){viewMatcher=(view has effective visibility <VISIBLE> and view.getGlobalVisibleRect() covers at least <75> percent of the view's area)}' assertion on view (view.getTag() is "tab-treino" and view has effective visibility <VISIBLE>)
04-06 10:32:26.330 18577 18577 I ViewInteraction: Checking 'MatchesViewAssertion(Detox){viewMatcher=(view has effective visibility <VISIBLE> and view.getGlobalVisibleRect() covers at least <75> percent of the view's area)}' assertion on view (view.getTag() is "tab-treino" and view has effective visibility <VISIBLE>)
04-06 10:32:26.379 18577 18577 I ViewInteraction: Checking 'MatchesViewAssertion(Detox){viewMatcher=(view has effective visibility <VISIBLE> and view.getGlobalVisibleRect() covers at least <75> percent of the view's area)}' assertion on view (view.getTag() is "tab-treino" and view has effective visibility <VISIBLE>)
04-06 10:32:26.426 18577 18577 I ViewInteraction: Checking 'MatchesViewAssertion(Detox){viewMatcher=(view has effective visibility <VISIBLE> and view.getGlobalVisibleRect() covers at least <75> percent of the view's area)}' assertion on view (view.getTag() is "tab-treino" and view has effective visibility <VISIBLE>)
04-06 10:32:26.460 18577 18577 I ViewInteraction: Checking 'MatchesViewAssertion(Detox){viewMatcher=(view has effective visibility <VISIBLE> and view.getGlobalVisibleRect() covers at least <75> percent of the view's area)}' assertion on view (view.getTag() is "tab-treino" and view has effective visibility <VISIBLE>)
04-06 10:32:26.504 18577 18577 I ViewInteraction: Checking 'MatchesViewAssertion(Detox){viewMatcher=(view has effective visibility <VISIBLE> and view.getGlobalVisibleRect() covers at least <75> percent of the view's area)}' assertion on view (view.getTag() is "tab-treino" and view has effective visibility <VISIBLE>)
04-06 10:32:26.547 18577 18577 I ViewInteraction: Checking 'MatchesViewAssertion(Detox){viewMatcher=(view has effective visibility <VISIBLE> and view.getGlobalVisibleRect() covers at least <75> percent of the view's area)}' assertion on view (view.getTag() is "tab-treino" and view has effective visibility <VISIBLE>)
04-06 10:32:26.583 18577 18577 I ViewInteraction: Checking 'MatchesViewAssertion(Detox){viewMatcher=(view has effective visibility <VISIBLE> and view.getGlobalVisibleRect() covers at least <75> percent of the view's area)}' assertion on view (view.getTag() is "tab-treino" and view has effective visibility <VISIBLE>)
04-06 10:32:26.633 18577 18577 I ViewInteraction: Checking 'MatchesViewAssertion(Detox){viewMatcher=(view has effective visibility <VISIBLE> and view.getGlobalVisibleRect() covers at least <75> percent of the view's area)}' assertion on view (view.getTag() is "tab-treino" and view has effective visibility <VISIBLE>)
04-06 10:32:26.688 18577 18577 I ViewInteraction: Checking 'MatchesViewAssertion(Detox){viewMatcher=(view has effective visibility <VISIBLE> and view.getGlobalVisibleRect() covers at least <75> percent of the view's area)}' assertion on view (view.getTag() is "tab-treino" and view has effective visibility <VISIBLE>)
04-06 10:32:26.734 18577 18577 I ViewInteraction: Checking 'MatchesViewAssertion(Detox){viewMatcher=(view has effective visibility <VISIBLE> and view.getGlobalVisibleRect() covers at least <75> percent of the view's area)}' assertion on view (view.getTag() is "tab-treino" and view has effective visibility <VISIBLE>)
04-06 10:32:26.781 18577 18577 I ViewInteraction: Checking 'MatchesViewAssertion(Detox){viewMatcher=(view has effective visibility <VISIBLE> and view.getGlobalVisibleRect() covers at least <75> percent of the view's area)}' assertion on view (view.getTag() is "tab-treino" and view has effective visibility <VISIBLE>)
04-06 10:32:26.828 18577 18577 I ViewInteraction: Checking 'MatchesViewAssertion(Detox){viewMatcher=(view has effective visibility <VISIBLE> and view.getGlobalVisibleRect() covers at least <75> percent of the view's area)}' assertion on view (view.getTag() is "tab-treino" and view has effective visibility <VISIBLE>)
04-06 10:32:26.875 18577 18577 I ViewInteraction: Checking 'MatchesViewAssertion(Detox){viewMatcher=(view has effective visibility <VISIBLE> and view.getGlobalVisibleRect() covers at least <75> percent of the view's area)}' assertion on view (view.getTag() is "tab-treino" and view has effective visibility <VISIBLE>)
04-06 10:32:26.922 18577 18577 I ViewInteraction: Checking 'MatchesViewAssertion(Detox){viewMatcher=(view has effective visibility <VISIBLE> and view.getGlobalVisibleRect() covers at least <75> percent of the view's area)}' assertion on view (view.getTag() is "tab-treino" and view has effective visibility <VISIBLE>)
04-06 10:32:26.972 18577 18577 I ViewInteraction: Checking 'MatchesViewAssertion(Detox){viewMatcher=(view has effective visibility <VISIBLE> and view.getGlobalVisibleRect() covers at least <75> percent of the view's area)}' assertion on view (view.getTag() is "tab-treino" and view has effective visibility <VISIBLE>)
04-06 10:32:27.013 18577 18577 I ViewInteraction: Checking 'MatchesViewAssertion(Detox){viewMatcher=(view has effective visibility <VISIBLE> and view.getGlobalVisibleRect() covers at least <75> percent of the view's area)}' assertion on view (view.getTag() is "tab-treino" and view has effective visibility <VISIBLE>)
