--------- beginning of main
04-06 12:03:05.251 30469 30469 I Detox   : Wait is over: App is now idle!
04-06 12:03:05.251 30469 30504 I DetoxWSClient: Sending out action 'ready' (ID #-1000)
04-06 12:03:05.252 30469 30504 I DetoxDispatcher: Done with action 'isReady'
04-06 12:03:05.817 30469 30508 D DetoxWSClient: Received action 'invoke' (ID #1, params={"target":{"type":"Class","value":"com.wix.detox.espresso.DetoxAssertion"},"method":"waitForAssertMatcher","args":[{"type":"Invocation","value":{"target":{"type":"Class","value":"androidx.test.espresso.Espresso"},"method":"onView","args":[{"type":"Invocation","value":{"target":{"type":"Class","value":"com.wix.detox.espresso.DetoxMatcher"},"method":"matcherForTestId","args":["app-root",{"type":"boolean","value":false}]}}]}},{"type":"Invocation","value":{"target":{"type":"Class","value":"com.wix.detox.espresso.DetoxMatcher"},"method":"matcherForSufficientlyVisible","args":[{"type":"Integer","value":75}]}},{"type":"Double","value":5}]})
04-06 12:03:05.818 30469 30504 I DetoxDispatcher: Handling action 'invoke' (ID #1)...
04-06 12:03:05.830 30469 30504 D Detox   : class com.wix.detox.espresso.DetoxMatcher, matcherForTestId, [app-root, false]
04-06 12:03:05.843 30469 30504 D Detox   : class androidx.test.espresso.Espresso, onView, [(view.getTag() is "app-root" and view has effective visibility <VISIBLE>)]
04-06 12:03:05.844 30469 30504 D Detox   : class com.wix.detox.espresso.DetoxMatcher, matcherForSufficientlyVisible, [75]
04-06 12:03:05.846 30469 30504 D Detox   : class com.wix.detox.espresso.DetoxAssertion, waitForAssertMatcher, [androidx.test.espresso.ViewInteraction@568c297, (view has effective visibility <VISIBLE> and view.getGlobalVisibleRect() covers at least <75> percent of the view's area), 5.0]
04-06 12:03:05.868 30469 30469 I ViewInteraction: Checking 'MatchesViewAssertion(Detox){viewMatcher=(view has effective visibility <VISIBLE> and view.getGlobalVisibleRect() covers at least <75> percent of the view's area)}' assertion on view (view.getTag() is "app-root" and view has effective visibility <VISIBLE>)
04-06 12:03:05.879 30469 30504 I DetoxWSClient: Sending out action 'invokeResult' (ID #1)
04-06 12:03:05.880 30469 30504 I DetoxDispatcher: Done with action 'invoke'
04-06 12:03:05.886 30469 30508 D DetoxWSClient: Received action 'invoke' (ID #2, params={"target":{"type":"Class","value":"com.wix.detox.espresso.DetoxAssertion"},"method":"assertMatcher","args":[{"type":"Invocation","value":{"target":{"type":"Class","value":"androidx.test.espresso.Espresso"},"method":"onView","args":[{"type":"Invocation","value":{"target":{"type":"Class","value":"com.wix.detox.espresso.DetoxMatcher"},"method":"matcherForTestId","args":["app-root",{"type":"boolean","value":false}]}}]}},{"type":"Invocation","value":{"target":{"type":"Class","value":"com.wix.detox.espresso.DetoxMatcher"},"method":"matcherForSufficientlyVisible","args":[{"type":"Integer","value":75}]}}]})
04-06 12:03:05.886 30469 30504 I DetoxDispatcher: Handling action 'invoke' (ID #2)...
04-06 12:03:05.887 30469 30504 D Detox   : class com.wix.detox.espresso.DetoxMatcher, matcherForTestId, [app-root, false]
04-06 12:03:05.888 30469 30504 D Detox   : class androidx.test.espresso.Espresso, onView, [(view.getTag() is "app-root" and view has effective visibility <VISIBLE>)]
04-06 12:03:05.889 30469 30504 D Detox   : class com.wix.detox.espresso.DetoxMatcher, matcherForSufficientlyVisible, [75]
04-06 12:03:05.890 30469 30504 D Detox   : class com.wix.detox.espresso.DetoxAssertion, assertMatcher, [androidx.test.espresso.ViewInteraction@c526cf0, (view has effective visibility <VISIBLE> and view.getGlobalVisibleRect() covers at least <75> percent of the view's area)]
04-06 12:03:05.893 30469 30469 I ViewInteraction: Checking 'MatchesViewAssertion(Detox){viewMatcher=(view has effective visibility <VISIBLE> and view.getGlobalVisibleRect() covers at least <75> percent of the view's area)}' assertion on view (view.getTag() is "app-root" and view has effective visibility <VISIBLE>)
04-06 12:03:05.896 30469 30504 I DetoxWSClient: Sending out action 'invokeResult' (ID #2)
04-06 12:03:05.896 30469 30504 I DetoxDispatcher: Done with action 'invoke'
04-06 12:03:05.901 30469 30508 D DetoxWSClient: Received action 'invoke' (ID #3, params={"target":{"type":"Class","value":"com.wix.detox.espresso.DetoxAssertion"},"method":"waitForAssertMatcher","args":[{"type":"Invocation","value":{"target":{"type":"Class","value":"androidx.test.espresso.Espresso"},"method":"onView","args":[{"type":"Invocation","value":{"target":{"type":"Class","value":"com.wix.detox.espresso.DetoxMatcher"},"method":"matcherForTestId","args":["questionnaire-screen",{"type":"boolean","value":false}]}}]}},{"type":"Invocation","value":{"target":{"type":"Class","value":"com.wix.detox.espresso.DetoxMatcher"},"method":"matcherForSufficientlyVisible","args":[{"type":"Integer","value":75}]}},{"type":"Double","value":5}]})
04-06 12:03:05.902 30469 30504 I DetoxDispatcher: Handling action 'invoke' (ID #3)...
04-06 12:03:05.903 30469 30504 D Detox   : class com.wix.detox.espresso.DetoxMatcher, matcherForTestId, [questionnaire-screen, false]
04-06 12:03:05.903 30469 30504 D Detox   : class androidx.test.espresso.Espresso, onView, [(view.getTag() is "questionnaire-screen" and view has effective visibility <VISIBLE>)]
04-06 12:03:05.904 30469 30504 D Detox   : class com.wix.detox.espresso.DetoxMatcher, matcherForSufficientlyVisible, [75]
04-06 12:03:05.905 30469 30504 D Detox   : class com.wix.detox.espresso.DetoxAssertion, waitForAssertMatcher, [androidx.test.espresso.ViewInteraction@de9b269, (view has effective visibility <VISIBLE> and view.getGlobalVisibleRect() covers at least <75> percent of the view's area), 5.0]
04-06 12:03:05.910 30469 30469 I ViewInteraction: Checking 'MatchesViewAssertion(Detox){viewMatcher=(view has effective visibility <VISIBLE> and view.getGlobalVisibleRect() covers at least <75> percent of the view's area)}' assertion on view (view.getTag() is "questionnaire-screen" and view has effective visibility <VISIBLE>)
04-06 12:03:05.914 30469 30504 I DetoxWSClient: Sending out action 'invokeResult' (ID #3)
04-06 12:03:05.914 30469 30504 I DetoxDispatcher: Done with action 'invoke'
04-06 12:03:05.919 30469 30508 D DetoxWSClient: Received action 'invoke' (ID #4, params={"target":{"type":"Class","value":"com.wix.detox.espresso.DetoxAssertion"},"method":"waitForAssertMatcher","args":[{"type":"Invocation","value":{"target":{"type":"Class","value":"androidx.test.espresso.Espresso"},"method":"onView","args":[{"type":"Invocation","value":{"target":{"type":"Class","value":"com.wix.detox.espresso.DetoxMatcher"},"method":"matcherForTestId","args":["input-peso-atual",{"type":"boolean","value":false}]}}]}},{"type":"Invocation","value":{"target":{"type":"Class","value":"com.wix.detox.espresso.DetoxMatcher"},"method":"matcherForSufficientlyVisible","args":[{"type":"Integer","value":75}]}},{"type":"Double","value":5}]})
04-06 12:03:05.919 30469 30504 I DetoxDispatcher: Handling action 'invoke' (ID #4)...
04-06 12:03:05.920 30469 30504 D Detox   : class com.wix.detox.espresso.DetoxMatcher, matcherForTestId, [input-peso-atual, false]
04-06 12:03:05.920 30469 30504 D Detox   : class androidx.test.espresso.Espresso, onView, [(view.getTag() is "input-peso-atual" and view has effective visibility <VISIBLE>)]
04-06 12:03:05.922 30469 30504 D Detox   : class com.wix.detox.espresso.DetoxMatcher, matcherForSufficientlyVisible, [75]
04-06 12:03:05.922 30469 30504 D Detox   : class com.wix.detox.espresso.DetoxAssertion, waitForAssertMatcher, [androidx.test.espresso.ViewInteraction@67b6d8f, (view has effective visibility <VISIBLE> and view.getGlobalVisibleRect() covers at least <75> percent of the view's area), 5.0]
04-06 12:03:05.928 30469 30469 I ViewInteraction: Checking 'MatchesViewAssertion(Detox){viewMatcher=(view has effective visibility <VISIBLE> and view.getGlobalVisibleRect() covers at least <75> percent of the view's area)}' assertion on view (view.getTag() is "input-peso-atual" and view has effective visibility <VISIBLE>)
04-06 12:03:05.939 30469 30504 I DetoxWSClient: Sending out action 'invokeResult' (ID #4)
04-06 12:03:05.939 30469 30504 I DetoxDispatcher: Done with action 'invoke'
04-06 12:03:06.596 30469 30508 D DetoxWSClient: Received action 'invoke' (ID #5, params={"target":{"type":"Class","value":"com.wix.detox.espresso.DetoxAssertion"},"method":"waitForAssertMatcher","args":[{"type":"Invocation","value":{"target":{"type":"Class","value":"androidx.test.espresso.Espresso"},"method":"onView","args":[{"type":"Invocation","value":{"target":{"type":"Class","value":"com.wix.detox.espresso.DetoxMatcher"},"method":"matcherForTestId","args":["app-root",{"type":"boolean","value":false}]}}]}},{"type":"Invocation","value":{"target":{"type":"Class","value":"com.wix.detox.espresso.DetoxMatcher"},"method":"matcherForSufficientlyVisible","args":[{"type":"Integer","value":75}]}},{"type":"Double","value":5}]})
04-06 12:03:06.597 30469 30504 I DetoxDispatcher: Handling action 'invoke' (ID #5)...
04-06 12:03:06.598 30469 30504 D Detox   : class com.wix.detox.espresso.DetoxMatcher, matcherForTestId, [app-root, false]
04-06 12:03:06.598 30469 30504 D Detox   : class androidx.test.espresso.Espresso, onView, [(view.getTag() is "app-root" and view has effective visibility <VISIBLE>)]
04-06 12:03:06.600 30469 30504 D Detox   : class com.wix.detox.espresso.DetoxMatcher, matcherForSufficientlyVisible, [75]
04-06 12:03:06.600 30469 30504 D Detox   : class com.wix.detox.espresso.DetoxAssertion, waitForAssertMatcher, [androidx.test.espresso.ViewInteraction@1a0a55a, (view has effective visibility <VISIBLE> and view.getGlobalVisibleRect() covers at least <75> percent of the view's area), 5.0]
04-06 12:03:06.607 30469 30469 I ViewInteraction: Checking 'MatchesViewAssertion(Detox){viewMatcher=(view has effective visibility <VISIBLE> and view.getGlobalVisibleRect() covers at least <75> percent of the view's area)}' assertion on view (view.getTag() is "app-root" and view has effective visibility <VISIBLE>)
04-06 12:03:06.611 30469 30504 I DetoxWSClient: Sending out action 'invokeResult' (ID #5)
04-06 12:03:06.611 30469 30504 I DetoxDispatcher: Done with action 'invoke'
04-06 12:03:06.616 30469 30508 D DetoxWSClient: Received action 'invoke' (ID #6, params={"target":{"type":"Class","value":"com.wix.detox.espresso.DetoxAssertion"},"method":"assertMatcher","args":[{"type":"Invocation","value":{"target":{"type":"Class","value":"androidx.test.espresso.Espresso"},"method":"onView","args":[{"type":"Invocation","value":{"target":{"type":"Class","value":"com.wix.detox.espresso.DetoxMatcher"},"method":"matcherForTestId","args":["app-root",{"type":"boolean","value":false}]}}]}},{"type":"Invocation","value":{"target":{"type":"Class","value":"com.wix.detox.espresso.DetoxMatcher"},"method":"matcherForSufficientlyVisible","args":[{"type":"Integer","value":75}]}}]})
04-06 12:03:06.617 30469 30504 I DetoxDispatcher: Handling action 'invoke' (ID #6)...
04-06 12:03:06.617 30469 30504 D Detox   : class com.wix.detox.espresso.DetoxMatcher, matcherForTestId, [app-root, false]
04-06 12:03:06.618 30469 30504 D Detox   : class androidx.test.espresso.Espresso, onView, [(view.getTag() is "app-root" and view has effective visibility <VISIBLE>)]
04-06 12:03:06.619 30469 30504 D Detox   : class com.wix.detox.espresso.DetoxMatcher, matcherForSufficientlyVisible, [75]
04-06 12:03:06.620 30469 30504 D Detox   : class com.wix.detox.espresso.DetoxAssertion, assertMatcher, [androidx.test.espresso.ViewInteraction@164038b, (view has effective visibility <VISIBLE> and view.getGlobalVisibleRect() covers at least <75> percent of the view's area)]
04-06 12:03:06.625 30469 30469 I ViewInteraction: Checking 'MatchesViewAssertion(Detox){viewMatcher=(view has effective visibility <VISIBLE> and view.getGlobalVisibleRect() covers at least <75> percent of the view's area)}' assertion on view (view.getTag() is "app-root" and view has effective visibility <VISIBLE>)
04-06 12:03:06.629 30469 30504 I DetoxWSClient: Sending out action 'invokeResult' (ID #6)
04-06 12:03:06.630 30469 30504 I DetoxDispatcher: Done with action 'invoke'
04-06 12:03:06.635 30469 30508 D DetoxWSClient: Received action 'invoke' (ID #7, params={"target":{"type":"Class","value":"com.wix.detox.espresso.DetoxAssertion"},"method":"waitForAssertMatcher","args":[{"type":"Invocation","value":{"target":{"type":"Class","value":"androidx.test.espresso.Espresso"},"method":"onView","args":[{"type":"Invocation","value":{"target":{"type":"Class","value":"com.wix.detox.espresso.DetoxMatcher"},"method":"matcherForTestId","args":["screen-home",{"type":"boolean","value":false}]}}]}},{"type":"Invocation","value":{"target":{"type":"Class","value":"com.wix.detox.espresso.DetoxMatcher"},"method":"matcherForSufficientlyVisible","args":[{"type":"Integer","value":75}]}},{"type":"Double","value":5}]})
04-06 12:03:06.635 30469 30504 I DetoxDispatcher: Handling action 'invoke' (ID #7)...
04-06 12:03:06.636 30469 30504 D Detox   : class com.wix.detox.espresso.DetoxMatcher, matcherForTestId, [screen-home, false]
04-06 12:03:06.637 30469 30504 D Detox   : class androidx.test.espresso.Espresso, onView, [(view.getTag() is "screen-home" and view has effective visibility <VISIBLE>)]
04-06 12:03:06.638 30469 30504 D Detox   : class com.wix.detox.espresso.DetoxMatcher, matcherForSufficientlyVisible, [75]
04-06 12:03:06.638 30469 30504 D Detox   : class com.wix.detox.espresso.DetoxAssertion, waitForAssertMatcher, [androidx.test.espresso.ViewInteraction@92c0c68, (view has effective visibility <VISIBLE> and view.getGlobalVisibleRect() covers at least <75> percent of the view's area), 5.0]
04-06 12:03:06.672 30469 30469 I ViewInteraction: Checking 'MatchesViewAssertion(Detox){viewMatcher=(view has effective visibility <VISIBLE> and view.getGlobalVisibleRect() covers at least <75> percent of the view's area)}' assertion on view (view.getTag() is "screen-home" and view has effective visibility <VISIBLE>)
04-06 12:03:06.724 30469 30469 I ViewInteraction: Checking 'MatchesViewAssertion(Detox){viewMatcher=(view has effective visibility <VISIBLE> and view.getGlobalVisibleRect() covers at least <75> percent of the view's area)}' assertion on view (view.getTag() is "screen-home" and view has effective visibility <VISIBLE>)
04-06 12:03:06.779 30469 30469 I ViewInteraction: Checking 'MatchesViewAssertion(Detox){viewMatcher=(view has effective visibility <VISIBLE> and view.getGlobalVisibleRect() covers at least <75> percent of the view's area)}' assertion on view (view.getTag() is "screen-home" and view has effective visibility <VISIBLE>)
04-06 12:03:06.831 30469 30469 I ViewInteraction: Checking 'MatchesViewAssertion(Detox){viewMatcher=(view has effective visibility <VISIBLE> and view.getGlobalVisibleRect() covers at least <75> percent of the view's area)}' assertion on view (view.getTag() is "screen-home" and view has effective visibility <VISIBLE>)
04-06 12:03:06.879 30469 30469 I ViewInteraction: Checking 'MatchesViewAssertion(Detox){viewMatcher=(view has effective visibility <VISIBLE> and view.getGlobalVisibleRect() covers at least <75> percent of the view's area)}' assertion on view (view.getTag() is "screen-home" and view has effective visibility <VISIBLE>)
04-06 12:03:06.928 30469 30469 I ViewInteraction: Checking 'MatchesViewAssertion(Detox){viewMatcher=(view has effective visibility <VISIBLE> and view.getGlobalVisibleRect() covers at least <75> percent of the view's area)}' assertion on view (view.getTag() is "screen-home" and view has effective visibility <VISIBLE>)
04-06 12:03:06.969 30469 30469 I ViewInteraction: Checking 'MatchesViewAssertion(Detox){viewMatcher=(view has effective visibility <VISIBLE> and view.getGlobalVisibleRect() covers at least <75> percent of the view's area)}' assertion on view (view.getTag() is "screen-home" and view has effective visibility <VISIBLE>)
04-06 12:03:07.020 30469 30469 I ViewInteraction: Checking 'MatchesViewAssertion(Detox){viewMatcher=(view has effective visibility <VISIBLE> and view.getGlobalVisibleRect() covers at least <75> percent of the view's area)}' assertion on view (view.getTag() is "screen-home" and view has effective visibility <VISIBLE>)
04-06 12:03:07.070 30469 30469 I ViewInteraction: Checking 'MatchesViewAssertion(Detox){viewMatcher=(view has effective visibility <VISIBLE> and view.getGlobalVisibleRect() covers at least <75> percent of the view's area)}' assertion on view (view.getTag() is "screen-home" and view has effective visibility <VISIBLE>)
04-06 12:03:07.116 30469 30469 I ViewInteraction: Checking 'MatchesViewAssertion(Detox){viewMatcher=(view has effective visibility <VISIBLE> and view.getGlobalVisibleRect() covers at least <75> percent of the view's area)}' assertion on view (view.getTag() is "screen-home" and view has effective visibility <VISIBLE>)
04-06 12:03:07.163 30469 30469 I ViewInteraction: Checking 'MatchesViewAssertion(Detox){viewMatcher=(view has effective visibility <VISIBLE> and view.getGlobalVisibleRect() covers at least <75> percent of the view's area)}' assertion on view (view.getTag() is "screen-home" and view has effective visibility <VISIBLE>)
04-06 12:03:07.213 30469 30469 I ViewInteraction: Checking 'MatchesViewAssertion(Detox){viewMatcher=(view has effective visibility <VISIBLE> and view.getGlobalVisibleRect() covers at least <75> percent of the view's area)}' assertion on view (view.getTag() is "screen-home" and view has effective visibility <VISIBLE>)
04-06 12:03:07.256 30469 30469 I ViewInteraction: Checking 'MatchesViewAssertion(Detox){viewMatcher=(view has effective visibility <VISIBLE> and view.getGlobalVisibleRect() covers at least <75> percent of the view's area)}' assertion on view (view.getTag() is "screen-home" and view has effective visibility <VISIBLE>)
04-06 12:03:07.297 30469 30469 I ViewInteraction: Checking 'MatchesViewAssertion(Detox){viewMatcher=(view has effective visibility <VISIBLE> and view.getGlobalVisibleRect() covers at least <75> percent of the view's area)}' assertion on view (view.getTag() is "screen-home" and view has effective visibility <VISIBLE>)
04-06 12:03:07.350 30469 30469 I ViewInteraction: Checking 'MatchesViewAssertion(Detox){viewMatcher=(view has effective visibility <VISIBLE> and view.getGlobalVisibleRect() covers at least <75> percent of the view's area)}' assertion on view (view.getTag() is "screen-home" and view has effective visibility <VISIBLE>)
04-06 12:03:07.402 30469 30469 I ViewInteraction: Checking 'MatchesViewAssertion(Detox){viewMatcher=(view has effective visibility <VISIBLE> and view.getGlobalVisibleRect() covers at least <75> percent of the view's area)}' assertion on view (view.getTag() is "screen-home" and view has effective visibility <VISIBLE>)
04-06 12:03:07.451 30469 30469 I ViewInteraction: Checking 'MatchesViewAssertion(Detox){viewMatcher=(view has effective visibility <VISIBLE> and view.getGlobalVisibleRect() covers at least <75> percent of the view's area)}' assertion on view (view.getTag() is "screen-home" and view has effective visibility <VISIBLE>)
04-06 12:03:07.499 30469 30469 I ViewInteraction: Checking 'MatchesViewAssertion(Detox){viewMatcher=(view has effective visibility <VISIBLE> and view.getGlobalVisibleRect() covers at least <75> percent of the view's area)}' assertion on view (view.getTag() is "screen-home" and view has effective visibility <VISIBLE>)
04-06 12:03:07.547 30469 30469 I ViewInteraction: Checking 'MatchesViewAssertion(Detox){viewMatcher=(view has effective visibility <VISIBLE> and view.getGlobalVisibleRect() covers at least <75> percent of the view's area)}' assertion on view (view.getTag() is "screen-home" and view has effective visibility <VISIBLE>)
04-06 12:03:07.594 30469 30469 I ViewInteraction: Checking 'MatchesViewAssertion(Detox){viewMatcher=(view has effective visibility <VISIBLE> and view.getGlobalVisibleRect() covers at least <75> percent of the view's area)}' assertion on view (view.getTag() is "screen-home" and view has effective visibility <VISIBLE>)
04-06 12:03:07.642 30469 30469 I ViewInteraction: Checking 'MatchesViewAssertion(Detox){viewMatcher=(view has effective visibility <VISIBLE> and view.getGlobalVisibleRect() covers at least <75> percent of the view's area)}' assertion on view (view.getTag() is "screen-home" and view has effective visibility <VISIBLE>)
04-06 12:03:07.688 30469 30469 I ViewInteraction: Checking 'MatchesViewAssertion(Detox){viewMatcher=(view has effective visibility <VISIBLE> and view.getGlobalVisibleRect() covers at least <75> percent of the view's area)}' assertion on view (view.getTag() is "screen-home" and view has effective visibility <VISIBLE>)
04-06 12:03:07.740 30469 30469 I ViewInteraction: Checking 'MatchesViewAssertion(Detox){viewMatcher=(view has effective visibility <VISIBLE> and view.getGlobalVisibleRect() covers at least <75> percent of the view's area)}' assertion on view (view.getTag() is "screen-home" and view has effective visibility <VISIBLE>)
04-06 12:03:07.786 30469 30469 I ViewInteraction: Checking 'MatchesViewAssertion(Detox){viewMatcher=(view has effective visibility <VISIBLE> and view.getGlobalVisibleRect() covers at least <75> percent of the view's area)}' assertion on view (view.getTag() is "screen-home" and view has effective visibility <VISIBLE>)
04-06 12:03:07.834 30469 30469 I ViewInteraction: Checking 'MatchesViewAssertion(Detox){viewMatcher=(view has effective visibility <VISIBLE> and view.getGlobalVisibleRect() covers at least <75> percent of the view's area)}' assertion on view (view.getTag() is "screen-home" and view has effective visibility <VISIBLE>)
04-06 12:03:07.882 30469 30469 I ViewInteraction: Checking 'MatchesViewAssertion(Detox){viewMatcher=(view has effective visibility <VISIBLE> and view.getGlobalVisibleRect() covers at least <75> percent of the view's area)}' assertion on view (view.getTag() is "screen-home" and view has effective visibility <VISIBLE>)
04-06 12:03:07.930 30469 30469 I ViewInteraction: Checking 'MatchesViewAssertion(Detox){viewMatcher=(view has effective visibility <VISIBLE> and view.getGlobalVisibleRect() covers at least <75> percent of the view's area)}' assertion on view (view.getTag() is "screen-home" and view has effective visibility <VISIBLE>)
04-06 12:03:07.977 30469 30469 I ViewInteraction: Checking 'MatchesViewAssertion(Detox){viewMatcher=(view has effective visibility <VISIBLE> and view.getGlobalVisibleRect() covers at least <75> percent of the view's area)}' assertion on view (view.getTag() is "screen-home" and view has effective visibility <VISIBLE>)
04-06 12:03:08.026 30469 30469 I ViewInteraction: Checking 'MatchesViewAssertion(Detox){viewMatcher=(view has effective visibility <VISIBLE> and view.getGlobalVisibleRect() covers at least <75> percent of the view's area)}' assertion on view (view.getTag() is "screen-home" and view has effective visibility <VISIBLE>)
04-06 12:03:08.072 30469 30469 I ViewInteraction: Checking 'MatchesViewAssertion(Detox){viewMatcher=(view has effective visibility <VISIBLE> and view.getGlobalVisibleRect() covers at least <75> percent of the view's area)}' assertion on view (view.getTag() is "screen-home" and view has effective visibility <VISIBLE>)
04-06 12:03:08.121 30469 30469 I ViewInteraction: Checking 'MatchesViewAssertion(Detox){viewMatcher=(view has effective visibility <VISIBLE> and view.getGlobalVisibleRect() covers at least <75> percent of the view's area)}' assertion on view (view.getTag() is "screen-home" and view has effective visibility <VISIBLE>)
04-06 12:03:08.159 30469 30469 I ViewInteraction: Checking 'MatchesViewAssertion(Detox){viewMatcher=(view has effective visibility <VISIBLE> and view.getGlobalVisibleRect() covers at least <75> percent of the view's area)}' assertion on view (view.getTag() is "screen-home" and view has effective visibility <VISIBLE>)
04-06 12:03:08.200 30469 30469 I ViewInteraction: Checking 'MatchesViewAssertion(Detox){viewMatcher=(view has effective visibility <VISIBLE> and view.getGlobalVisibleRect() covers at least <75> percent of the view's area)}' assertion on view (view.getTag() is "screen-home" and view has effective visibility <VISIBLE>)
04-06 12:03:08.249 30469 30469 I ViewInteraction: Checking 'MatchesViewAssertion(Detox){viewMatcher=(view has effective visibility <VISIBLE> and view.getGlobalVisibleRect() covers at least <75> percent of the view's area)}' assertion on view (view.getTag() is "screen-home" and view has effective visibility <VISIBLE>)
04-06 12:03:08.297 30469 30469 I ViewInteraction: Checking 'MatchesViewAssertion(Detox){viewMatcher=(view has effective visibility <VISIBLE> and view.getGlobalVisibleRect() covers at least <75> percent of the view's area)}' assertion on view (view.getTag() is "screen-home" and view has effective visibility <VISIBLE>)
04-06 12:03:08.341 30469 30469 I ViewInteraction: Checking 'MatchesViewAssertion(Detox){viewMatcher=(view has effective visibility <VISIBLE> and view.getGlobalVisibleRect() covers at least <75> percent of the view's area)}' assertion on view (view.getTag() is "screen-home" and view has effective visibility <VISIBLE>)
04-06 12:03:08.389 30469 30469 I ViewInteraction: Checking 'MatchesViewAssertion(Detox){viewMatcher=(view has effective visibility <VISIBLE> and view.getGlobalVisibleRect() covers at least <75> percent of the view's area)}' assertion on view (view.getTag() is "screen-home" and view has effective visibility <VISIBLE>)
04-06 12:03:08.436 30469 30469 I ViewInteraction: Checking 'MatchesViewAssertion(Detox){viewMatcher=(view has effective visibility <VISIBLE> and view.getGlobalVisibleRect() covers at least <75> percent of the view's area)}' assertion on view (view.getTag() is "screen-home" and view has effective visibility <VISIBLE>)
04-06 12:03:08.484 30469 30469 I ViewInteraction: Checking 'MatchesViewAssertion(Detox){viewMatcher=(view has effective visibility <VISIBLE> and view.getGlobalVisibleRect() covers at least <75> percent of the view's area)}' assertion on view (view.getTag() is "screen-home" and view has effective visibility <VISIBLE>)
04-06 12:03:08.533 30469 30469 I ViewInteraction: Checking 'MatchesViewAssertion(Detox){viewMatcher=(view has effective visibility <VISIBLE> and view.getGlobalVisibleRect() covers at least <75> percent of the view's area)}' assertion on view (view.getTag() is "screen-home" and view has effective visibility <VISIBLE>)
04-06 12:03:08.583 30469 30469 I ViewInteraction: Checking 'MatchesViewAssertion(Detox){viewMatcher=(view has effective visibility <VISIBLE> and view.getGlobalVisibleRect() covers at least <75> percent of the view's area)}' assertion on view (view.getTag() is "screen-home" and view has effective visibility <VISIBLE>)
04-06 12:03:08.618 30469 30469 I ViewInteraction: Checking 'MatchesViewAssertion(Detox){viewMatcher=(view has effective visibility <VISIBLE> and view.getGlobalVisibleRect() covers at least <75> percent of the view's area)}' assertion on view (view.getTag() is "screen-home" and view has effective visibility <VISIBLE>)
04-06 12:03:08.663 30469 30469 I ViewInteraction: Checking 'MatchesViewAssertion(Detox){viewMatcher=(view has effective visibility <VISIBLE> and view.getGlobalVisibleRect() covers at least <75> percent of the view's area)}' assertion on view (view.getTag() is "screen-home" and view has effective visibility <VISIBLE>)
04-06 12:03:08.711 30469 30469 I ViewInteraction: Checking 'MatchesViewAssertion(Detox){viewMatcher=(view has effective visibility <VISIBLE> and view.getGlobalVisibleRect() covers at least <75> percent of the view's area)}' assertion on view (view.getTag() is "screen-home" and view has effective visibility <VISIBLE>)
04-06 12:03:08.760 30469 30469 I ViewInteraction: Checking 'MatchesViewAssertion(Detox){viewMatcher=(view has effective visibility <VISIBLE> and view.getGlobalVisibleRect() covers at least <75> percent of the view's area)}' assertion on view (view.getTag() is "screen-home" and view has effective visibility <VISIBLE>)
04-06 12:03:08.808 30469 30469 I ViewInteraction: Checking 'MatchesViewAssertion(Detox){viewMatcher=(view has effective visibility <VISIBLE> and view.getGlobalVisibleRect() covers at least <75> percent of the view's area)}' assertion on view (view.getTag() is "screen-home" and view has effective visibility <VISIBLE>)
04-06 12:03:08.856 30469 30469 I ViewInteraction: Checking 'MatchesViewAssertion(Detox){viewMatcher=(view has effective visibility <VISIBLE> and view.getGlobalVisibleRect() covers at least <75> percent of the view's area)}' assertion on view (view.getTag() is "screen-home" and view has effective visibility <VISIBLE>)
04-06 12:03:08.904 30469 30469 I ViewInteraction: Checking 'MatchesViewAssertion(Detox){viewMatcher=(view has effective visibility <VISIBLE> and view.getGlobalVisibleRect() covers at least <75> percent of the view's area)}' assertion on view (view.getTag() is "screen-home" and view has effective visibility <VISIBLE>)
04-06 12:03:08.952 30469 30469 I ViewInteraction: Checking 'MatchesViewAssertion(Detox){viewMatcher=(view has effective visibility <VISIBLE> and view.getGlobalVisibleRect() covers at least <75> percent of the view's area)}' assertion on view (view.getTag() is "screen-home" and view has effective visibility <VISIBLE>)
04-06 12:03:08.999 30469 30469 I ViewInteraction: Checking 'MatchesViewAssertion(Detox){viewMatcher=(view has effective visibility <VISIBLE> and view.getGlobalVisibleRect() covers at least <75> percent of the view's area)}' assertion on view (view.getTag() is "screen-home" and view has effective visibility <VISIBLE>)
04-06 12:03:09.041 30469 30469 I ViewInteraction: Checking 'MatchesViewAssertion(Detox){viewMatcher=(view has effective visibility <VISIBLE> and view.getGlobalVisibleRect() covers at least <75> percent of the view's area)}' assertion on view (view.getTag() is "screen-home" and view has effective visibility <VISIBLE>)
04-06 12:03:09.078 30469 30469 I ViewInteraction: Checking 'MatchesViewAssertion(Detox){viewMatcher=(view has effective visibility <VISIBLE> and view.getGlobalVisibleRect() covers at least <75> percent of the view's area)}' assertion on view (view.getTag() is "screen-home" and view has effective visibility <VISIBLE>)
04-06 12:03:09.115 30469 30469 I ViewInteraction: Checking 'MatchesViewAssertion(Detox){viewMatcher=(view has effective visibility <VISIBLE> and view.getGlobalVisibleRect() covers at least <75> percent of the view's area)}' assertion on view (view.getTag() is "screen-home" and view has effective visibility <VISIBLE>)
04-06 12:03:09.159 30469 30469 I ViewInteraction: Checking 'MatchesViewAssertion(Detox){viewMatcher=(view has effective visibility <VISIBLE> and view.getGlobalVisibleRect() covers at least <75> percent of the view's area)}' assertion on view (view.getTag() is "screen-home" and view has effective visibility <VISIBLE>)
04-06 12:03:09.208 30469 30469 I ViewInteraction: Checking 'MatchesViewAssertion(Detox){viewMatcher=(view has effective visibility <VISIBLE> and view.getGlobalVisibleRect() covers at least <75> percent of the view's area)}' assertion on view (view.getTag() is "screen-home" and view has effective visibility <VISIBLE>)
04-06 12:03:09.256 30469 30469 I ViewInteraction: Checking 'MatchesViewAssertion(Detox){viewMatcher=(view has effective visibility <VISIBLE> and view.getGlobalVisibleRect() covers at least <75> percent of the view's area)}' assertion on view (view.getTag() is "screen-home" and view has effective visibility <VISIBLE>)
04-06 12:03:09.304 30469 30469 I ViewInteraction: Checking 'MatchesViewAssertion(Detox){viewMatcher=(view has effective visibility <VISIBLE> and view.getGlobalVisibleRect() covers at least <75> percent of the view's area)}' assertion on view (view.getTag() is "screen-home" and view has effective visibility <VISIBLE>)
04-06 12:03:09.351 30469 30469 I ViewInteraction: Checking 'MatchesViewAssertion(Detox){viewMatcher=(view has effective visibility <VISIBLE> and view.getGlobalVisibleRect() covers at least <75> percent of the view's area)}' assertion on view (view.getTag() is "screen-home" and view has effective visibility <VISIBLE>)
04-06 12:03:09.389 30469 30469 I ViewInteraction: Checking 'MatchesViewAssertion(Detox){viewMatcher=(view has effective visibility <VISIBLE> and view.getGlobalVisibleRect() covers at least <75> percent of the view's area)}' assertion on view (view.getTag() is "screen-home" and view has effective visibility <VISIBLE>)
04-06 12:03:09.433 30469 30469 I ViewInteraction: Checking 'MatchesViewAssertion(Detox){viewMatcher=(view has effective visibility <VISIBLE> and view.getGlobalVisibleRect() covers at least <75> percent of the view's area)}' assertion on view (view.getTag() is "screen-home" and view has effective visibility <VISIBLE>)
04-06 12:03:09.471 30469 30469 I ViewInteraction: Checking 'MatchesViewAssertion(Detox){viewMatcher=(view has effective visibility <VISIBLE> and view.getGlobalVisibleRect() covers at least <75> percent of the view's area)}' assertion on view (view.getTag() is "screen-home" and view has effective visibility <VISIBLE>)
04-06 12:03:09.516 30469 30469 I ViewInteraction: Checking 'MatchesViewAssertion(Detox){viewMatcher=(view has effective visibility <VISIBLE> and view.getGlobalVisibleRect() covers at least <75> percent of the view's area)}' assertion on view (view.getTag() is "screen-home" and view has effective visibility <VISIBLE>)
04-06 12:03:09.561 30469 30469 I ViewInteraction: Checking 'MatchesViewAssertion(Detox){viewMatcher=(view has effective visibility <VISIBLE> and view.getGlobalVisibleRect() covers at least <75> percent of the view's area)}' assertion on view (view.getTag() is "screen-home" and view has effective visibility <VISIBLE>)
04-06 12:03:09.613 30469 30469 I ViewInteraction: Checking 'MatchesViewAssertion(Detox){viewMatcher=(view has effective visibility <VISIBLE> and view.getGlobalVisibleRect() covers at least <75> percent of the view's area)}' assertion on view (view.getTag() is "screen-home" and view has effective visibility <VISIBLE>)
04-06 12:03:09.657 30469 30469 I ViewInteraction: Checking 'MatchesViewAssertion(Detox){viewMatcher=(view has effective visibility <VISIBLE> and view.getGlobalVisibleRect() covers at least <75> percent of the view's area)}' assertion on view (view.getTag() is "screen-home" and view has effective visibility <VISIBLE>)
04-06 12:03:09.704 30469 30469 I ViewInteraction: Checking 'MatchesViewAssertion(Detox){viewMatcher=(view has effective visibility <VISIBLE> and view.getGlobalVisibleRect() covers at least <75> percent of the view's area)}' assertion on view (view.getTag() is "screen-home" and view has effective visibility <VISIBLE>)
04-06 12:03:09.750 30469 30469 I ViewInteraction: Checking 'MatchesViewAssertion(Detox){viewMatcher=(view has effective visibility <VISIBLE> and view.getGlobalVisibleRect() covers at least <75> percent of the view's area)}' assertion on view (view.getTag() is "screen-home" and view has effective visibility <VISIBLE>)
04-06 12:03:09.797 30469 30469 I ViewInteraction: Checking 'MatchesViewAssertion(Detox){viewMatcher=(view has effective visibility <VISIBLE> and view.getGlobalVisibleRect() covers at least <75> percent of the view's area)}' assertion on view (view.getTag() is "screen-home" and view has effective visibility <VISIBLE>)
04-06 12:03:09.842 30469 30469 I ViewInteraction: Checking 'MatchesViewAssertion(Detox){viewMatcher=(view has effective visibility <VISIBLE> and view.getGlobalVisibleRect() covers at least <75> percent of the view's area)}' assertion on view (view.getTag() is "screen-home" and view has effective visibility <VISIBLE>)
04-06 12:03:09.889 30469 30469 I ViewInteraction: Checking 'MatchesViewAssertion(Detox){viewMatcher=(view has effective visibility <VISIBLE> and view.getGlobalVisibleRect() covers at least <75> percent of the view's area)}' assertion on view (view.getTag() is "screen-home" and view has effective visibility <VISIBLE>)
04-06 12:03:09.928 30469 30469 I ViewInteraction: Checking 'MatchesViewAssertion(Detox){viewMatcher=(view has effective visibility <VISIBLE> and view.getGlobalVisibleRect() covers at least <75> percent of the view's area)}' assertion on view (view.getTag() is "screen-home" and view has effective visibility <VISIBLE>)
04-06 12:03:09.964 30469 30469 I ViewInteraction: Checking 'MatchesViewAssertion(Detox){viewMatcher=(view has effective visibility <VISIBLE> and view.getGlobalVisibleRect() covers at least <75> percent of the view's area)}' assertion on view (view.getTag() is "screen-home" and view has effective visibility <VISIBLE>)
04-06 12:03:10.007 30469 30469 I ViewInteraction: Checking 'MatchesViewAssertion(Detox){viewMatcher=(view has effective visibility <VISIBLE> and view.getGlobalVisibleRect() covers at least <75> percent of the view's area)}' assertion on view (view.getTag() is "screen-home" and view has effective visibility <VISIBLE>)
04-06 12:03:10.055 30469 30469 I ViewInteraction: Checking 'MatchesViewAssertion(Detox){viewMatcher=(view has effective visibility <VISIBLE> and view.getGlobalVisibleRect() covers at least <75> percent of the view's area)}' assertion on view (view.getTag() is "screen-home" and view has effective visibility <VISIBLE>)
04-06 12:03:10.103 30469 30469 I ViewInteraction: Checking 'MatchesViewAssertion(Detox){viewMatcher=(view has effective visibility <VISIBLE> and view.getGlobalVisibleRect() covers at least <75> percent of the view's area)}' assertion on view (view.getTag() is "screen-home" and view has effective visibility <VISIBLE>)
04-06 12:03:10.151 30469 30469 I ViewInteraction: Checking 'MatchesViewAssertion(Detox){viewMatcher=(view has effective visibility <VISIBLE> and view.getGlobalVisibleRect() covers at least <75> percent of the view's area)}' assertion on view (view.getTag() is "screen-home" and view has effective visibility <VISIBLE>)
04-06 12:03:10.197 30469 30469 I ViewInteraction: Checking 'MatchesViewAssertion(Detox){viewMatcher=(view has effective visibility <VISIBLE> and view.getGlobalVisibleRect() covers at least <75> percent of the view's area)}' assertion on view (view.getTag() is "screen-home" and view has effective visibility <VISIBLE>)
04-06 12:03:10.245 30469 30469 I ViewInteraction: Checking 'MatchesViewAssertion(Detox){viewMatcher=(view has effective visibility <VISIBLE> and view.getGlobalVisibleRect() covers at least <75> percent of the view's area)}' assertion on view (view.getTag() is "screen-home" and view has effective visibility <VISIBLE>)
04-06 12:03:10.290 30469 30469 I ViewInteraction: Checking 'MatchesViewAssertion(Detox){viewMatcher=(view has effective visibility <VISIBLE> and view.getGlobalVisibleRect() covers at least <75> percent of the view's area)}' assertion on view (view.getTag() is "screen-home" and view has effective visibility <VISIBLE>)
04-06 12:03:10.331 30469 30469 I ViewInteraction: Checking 'MatchesViewAssertion(Detox){viewMatcher=(view has effective visibility <VISIBLE> and view.getGlobalVisibleRect() covers at least <75> percent of the view's area)}' assertion on view (view.getTag() is "screen-home" and view has effective visibility <VISIBLE>)
04-06 12:03:10.374 30469 30469 I ViewInteraction: Checking 'MatchesViewAssertion(Detox){viewMatcher=(view has effective visibility <VISIBLE> and view.getGlobalVisibleRect() covers at least <75> percent of the view's area)}' assertion on view (view.getTag() is "screen-home" and view has effective visibility <VISIBLE>)
04-06 12:03:10.412 30469 30469 I ViewInteraction: Checking 'MatchesViewAssertion(Detox){viewMatcher=(view has effective visibility <VISIBLE> and view.getGlobalVisibleRect() covers at least <75> percent of the view's area)}' assertion on view (view.getTag() is "screen-home" and view has effective visibility <VISIBLE>)
04-06 12:03:10.456 30469 30469 I ViewInteraction: Checking 'MatchesViewAssertion(Detox){viewMatcher=(view has effective visibility <VISIBLE> and view.getGlobalVisibleRect() covers at least <75> percent of the view's area)}' assertion on view (view.getTag() is "screen-home" and view has effective visibility <VISIBLE>)
04-06 12:03:10.502 30469 30469 I ViewInteraction: Checking 'MatchesViewAssertion(Detox){viewMatcher=(view has effective visibility <VISIBLE> and view.getGlobalVisibleRect() covers at least <75> percent of the view's area)}' assertion on view (view.getTag() is "screen-home" and view has effective visibility <VISIBLE>)
04-06 12:03:10.549 30469 30469 I ViewInteraction: Checking 'MatchesViewAssertion(Detox){viewMatcher=(view has effective visibility <VISIBLE> and view.getGlobalVisibleRect() covers at least <75> percent of the view's area)}' assertion on view (view.getTag() is "screen-home" and view has effective visibility <VISIBLE>)
04-06 12:03:10.596 30469 30469 I ViewInteraction: Checking 'MatchesViewAssertion(Detox){viewMatcher=(view has effective visibility <VISIBLE> and view.getGlobalVisibleRect() covers at least <75> percent of the view's area)}' assertion on view (view.getTag() is "screen-home" and view has effective visibility <VISIBLE>)
04-06 12:03:10.641 30469 30469 I ViewInteraction: Checking 'MatchesViewAssertion(Detox){viewMatcher=(view has effective visibility <VISIBLE> and view.getGlobalVisibleRect() covers at least <75> percent of the view's area)}' assertion on view (view.getTag() is "screen-home" and view has effective visibility <VISIBLE>)
04-06 12:03:10.687 30469 30469 I ViewInteraction: Checking 'MatchesViewAssertion(Detox){viewMatcher=(view has effective visibility <VISIBLE> and view.getGlobalVisibleRect() covers at least <75> percent of the view's area)}' assertion on view (view.getTag() is "screen-home" and view has effective visibility <VISIBLE>)
04-06 12:03:10.731 30469 30469 I ViewInteraction: Checking 'MatchesViewAssertion(Detox){viewMatcher=(view has effective visibility <VISIBLE> and view.getGlobalVisibleRect() covers at least <75> percent of the view's area)}' assertion on view (view.getTag() is "screen-home" and view has effective visibility <VISIBLE>)
04-06 12:03:10.776 30469 30469 I ViewInteraction: Checking 'MatchesViewAssertion(Detox){viewMatcher=(view has effective visibility <VISIBLE> and view.getGlobalVisibleRect() covers at least <75> percent of the view's area)}' assertion on view (view.getTag() is "screen-home" and view has effective visibility <VISIBLE>)
04-06 12:03:10.822 30469 30469 I ViewInteraction: Checking 'MatchesViewAssertion(Detox){viewMatcher=(view has effective visibility <VISIBLE> and view.getGlobalVisibleRect() covers at least <75> percent of the view's area)}' assertion on view (view.getTag() is "screen-home" and view has effective visibility <VISIBLE>)
04-06 12:03:10.858 30469 30469 I ViewInteraction: Checking 'MatchesViewAssertion(Detox){viewMatcher=(view has effective visibility <VISIBLE> and view.getGlobalVisibleRect() covers at least <75> percent of the view's area)}' assertion on view (view.getTag() is "screen-home" and view has effective visibility <VISIBLE>)
04-06 12:03:10.904 30469 30469 I ViewInteraction: Checking 'MatchesViewAssertion(Detox){viewMatcher=(view has effective visibility <VISIBLE> and view.getGlobalVisibleRect() covers at least <75> percent of the view's area)}' assertion on view (view.getTag() is "screen-home" and view has effective visibility <VISIBLE>)
04-06 12:03:10.948 30469 30469 I ViewInteraction: Checking 'MatchesViewAssertion(Detox){viewMatcher=(view has effective visibility <VISIBLE> and view.getGlobalVisibleRect() covers at least <75> percent of the view's area)}' assertion on view (view.getTag() is "screen-home" and view has effective visibility <VISIBLE>)
04-06 12:03:10.993 30469 30469 I ViewInteraction: Checking 'MatchesViewAssertion(Detox){viewMatcher=(view has effective visibility <VISIBLE> and view.getGlobalVisibleRect() covers at least <75> percent of the view's area)}' assertion on view (view.getTag() is "screen-home" and view has effective visibility <VISIBLE>)
04-06 12:03:11.036 30469 30469 I ViewInteraction: Checking 'MatchesViewAssertion(Detox){viewMatcher=(view has effective visibility <VISIBLE> and view.getGlobalVisibleRect() covers at least <75> percent of the view's area)}' assertion on view (view.getTag() is "screen-home" and view has effective visibility <VISIBLE>)
04-06 12:03:11.076 30469 30469 I ViewInteraction: Checking 'MatchesViewAssertion(Detox){viewMatcher=(view has effective visibility <VISIBLE> and view.getGlobalVisibleRect() covers at least <75> percent of the view's area)}' assertion on view (view.getTag() is "screen-home" and view has effective visibility <VISIBLE>)
04-06 12:03:11.120 30469 30469 I ViewInteraction: Checking 'MatchesViewAssertion(Detox){viewMatcher=(view has effective visibility <VISIBLE> and view.getGlobalVisibleRect() covers at least <75> percent of the view's area)}' assertion on view (view.getTag() is "screen-home" and view has effective visibility <VISIBLE>)
04-06 12:03:11.163 30469 30469 I ViewInteraction: Checking 'MatchesViewAssertion(Detox){viewMatcher=(view has effective visibility <VISIBLE> and view.getGlobalVisibleRect() covers at least <75> percent of the view's area)}' assertion on view (view.getTag() is "screen-home" and view has effective visibility <VISIBLE>)
04-06 12:03:11.206 30469 30469 I ViewInteraction: Checking 'MatchesViewAssertion(Detox){viewMatcher=(view has effective visibility <VISIBLE> and view.getGlobalVisibleRect() covers at least <75> percent of the view's area)}' assertion on view (view.getTag() is "screen-home" and view has effective visibility <VISIBLE>)
04-06 12:03:11.253 30469 30469 I ViewInteraction: Checking 'MatchesViewAssertion(Detox){viewMatcher=(view has effective visibility <VISIBLE> and view.getGlobalVisibleRect() covers at least <75> percent of the view's area)}' assertion on view (view.getTag() is "screen-home" and view has effective visibility <VISIBLE>)
04-06 12:03:11.297 30469 30469 I ViewInteraction: Checking 'MatchesViewAssertion(Detox){viewMatcher=(view has effective visibility <VISIBLE> and view.getGlobalVisibleRect() covers at least <75> percent of the view's area)}' assertion on view (view.getTag() is "screen-home" and view has effective visibility <VISIBLE>)
04-06 12:03:11.336 30469 30469 I ViewInteraction: Checking 'MatchesViewAssertion(Detox){viewMatcher=(view has effective visibility <VISIBLE> and view.getGlobalVisibleRect() covers at least <75> percent of the view's area)}' assertion on view (view.getTag() is "screen-home" and view has effective visibility <VISIBLE>)
04-06 12:03:11.380 30469 30469 I ViewInteraction: Checking 'MatchesViewAssertion(Detox){viewMatcher=(view has effective visibility <VISIBLE> and view.getGlobalVisibleRect() covers at least <75> percent of the view's area)}' assertion on view (view.getTag() is "screen-home" and view has effective visibility <VISIBLE>)
04-06 12:03:11.426 30469 30469 I ViewInteraction: Checking 'MatchesViewAssertion(Detox){viewMatcher=(view has effective visibility <VISIBLE> and view.getGlobalVisibleRect() covers at least <75> percent of the view's area)}' assertion on view (view.getTag() is "screen-home" and view has effective visibility <VISIBLE>)
04-06 12:03:11.465 30469 30469 I ViewInteraction: Checking 'MatchesViewAssertion(Detox){viewMatcher=(view has effective visibility <VISIBLE> and view.getGlobalVisibleRect() covers at least <75> percent of the view's area)}' assertion on view (view.getTag() is "screen-home" and view has effective visibility <VISIBLE>)
04-06 12:03:11.510 30469 30469 I ViewInteraction: Checking 'MatchesViewAssertion(Detox){viewMatcher=(view has effective visibility <VISIBLE> and view.getGlobalVisibleRect() covers at least <75> percent of the view's area)}' assertion on view (view.getTag() is "screen-home" and view has effective visibility <VISIBLE>)
04-06 12:03:11.556 30469 30469 I ViewInteraction: Checking 'MatchesViewAssertion(Detox){viewMatcher=(view has effective visibility <VISIBLE> and view.getGlobalVisibleRect() covers at least <75> percent of the view's area)}' assertion on view (view.getTag() is "screen-home" and view has effective visibility <VISIBLE>)
04-06 12:03:11.602 30469 30469 I ViewInteraction: Checking 'MatchesViewAssertion(Detox){viewMatcher=(view has effective visibility <VISIBLE> and view.getGlobalVisibleRect() covers at least <75> percent of the view's area)}' assertion on view (view.getTag() is "screen-home" and view has effective visibility <VISIBLE>)
04-06 12:03:11.643 30469 30469 I ViewInteraction: Checking 'MatchesViewAssertion(Detox){viewMatcher=(view has effective visibility <VISIBLE> and view.getGlobalVisibleRect() covers at least <75> percent of the view's area)}' assertion on view (view.getTag() is "screen-home" and view has effective visibility <VISIBLE>)
04-06 12:03:11.672 30469 30504 I DetoxActionHandlers: Test exception
04-06 12:03:11.672 30469 30504 I DetoxActionHandlers: java.lang.reflect.InvocationTargetException
04-06 12:03:11.672 30469 30504 I DetoxActionHandlers: 	at java.lang.reflect.Method.invoke(Native Method)
04-06 12:03:11.672 30469 30504 I DetoxActionHandlers: 	at org.apache.commons.lang3.reflect.MethodUtils.invokeStaticMethod(MethodUtils.java:443)
04-06 12:03:11.672 30469 30504 I DetoxActionHandlers: 	at org.apache.commons.lang3.reflect.MethodUtils.invokeStaticMethod(MethodUtils.java:405)
04-06 12:03:11.672 30469 30504 I DetoxActionHandlers: 	at com.wix.invoke.types.ClassTarget.execute(ClassTarget.java:23)
04-06 12:03:11.672 30469 30504 I DetoxActionHandlers: 	at com.wix.invoke.types.Target.invoke(Target.java:59)
04-06 12:03:11.672 30469 30504 I DetoxActionHandlers: 	at com.wix.invoke.MethodInvocation.invoke(MethodInvocation.java:35)
04-06 12:03:11.672 30469 30504 I DetoxActionHandlers: 	at com.wix.invoke.MethodInvocation.invoke(MethodInvocation.java:26)
04-06 12:03:11.672 30469 30504 I DetoxActionHandlers: 	at com.wix.invoke.MethodInvocation.invoke(MethodInvocation.java:20)
