04-06 12:03:11.672 30469 30504 I DetoxActionHandlers: 	at com.wix.detox.adapters.server.InvokeActionHandler.handle(DetoxActionHandlers.kt:54)
04-06 12:03:11.672 30469 30504 I DetoxActionHandlers: 	at com.wix.detox.adapters.server.ActionsExecutor.executeAction$lambda$2$lambda$1(DetoxActionsDispatcher.kt:76)
04-06 12:03:11.672 30469 30504 I DetoxActionHandlers: 	at com.wix.detox.adapters.server.ActionsExecutor.$r8$lambda$GVbB7LHtBHxNHGbgYnHJ6YrwCqs(Unknown Source:0)
04-06 12:03:11.672 30469 30504 I DetoxActionHandlers: 	at com.wix.detox.adapters.server.ActionsExecutor$$ExternalSyntheticLambda0.run(D8$$SyntheticClass:0)
04-06 12:03:11.672 30469 30504 I DetoxActionHandlers: 	at android.os.Handler.handleCallback(Handler.java:942)
04-06 12:03:11.672 30469 30504 I DetoxActionHandlers: 	at android.os.Handler.dispatchMessage(Handler.java:99)
04-06 12:03:11.672 30469 30504 I DetoxActionHandlers: 	at android.os.Looper.loopOnce(Looper.java:226)
04-06 12:03:11.672 30469 30504 I DetoxActionHandlers: 	at android.os.Looper.loop(Looper.java:313)
04-06 12:03:11.672 30469 30504 I DetoxActionHandlers: 	at com.wix.detox.adapters.server.ActionsExecutor._init_$lambda$0(DetoxActionsDispatcher.kt:62)
04-06 12:03:11.672 30469 30504 I DetoxActionHandlers: 	at com.wix.detox.adapters.server.ActionsExecutor.$r8$lambda$xlgL0CQim6vNM0wWEqM8JIDgZUE(Unknown Source:0)
04-06 12:03:11.672 30469 30504 I DetoxActionHandlers: 	at com.wix.detox.adapters.server.ActionsExecutor$$ExternalSyntheticLambda1.run(D8$$SyntheticClass:0)
04-06 12:03:11.672 30469 30504 I DetoxActionHandlers: 	at java.lang.Thread.run(Thread.java:1012)
04-06 12:03:11.672 30469 30504 I DetoxActionHandlers: Caused by: com.wix.detox.common.DetoxErrors$DetoxRuntimeException: 5.0sec timeout expired without matching of given matcher: (view has effective visibility <VISIBLE> and view.getGlobalVisibleRect() covers at least <75> percent of the view's area)
04-06 12:03:11.672 30469 30504 I DetoxActionHandlers: 	at com.wix.detox.espresso.DetoxAssertion.waitForAssertMatcher(DetoxAssertion.java:72)
04-06 12:03:11.672 30469 30504 I DetoxActionHandlers: 	... 20 more
04-06 12:03:11.672 30469 30504 I DetoxWSClient: Sending out action 'testFailed' (ID #7)
04-06 12:03:11.673 30469 30504 I DetoxDispatcher: Done with action 'invoke'
04-06 12:03:11.678 30469 30508 D DetoxWSClient: Received action 'invoke' (ID #8, params={"target":{"type":"Class","value":"com.wix.detox.espresso.DetoxAssertion"},"method":"waitForAssertMatcher","args":[{"type":"Invocation","value":{"target":{"type":"Class","value":"androidx.test.espresso.Espresso"},"method":"onView","args":[{"type":"Invocation","value":{"target":{"type":"Class","value":"com.wix.detox.espresso.DetoxMatcher"},"method":"matcherForTestId","args":["tab-treino",{"type":"boolean","value":false}]}}]}},{"type":"Invocation","value":{"target":{"type":"Class","value":"com.wix.detox.espresso.DetoxMatcher"},"method":"matcherForSufficientlyVisible","args":[{"type":"Integer","value":75}]}},{"type":"Double","value":5}]})
04-06 12:03:11.679 30469 30504 I DetoxDispatcher: Handling action 'invoke' (ID #8)...
04-06 12:03:11.680 30469 30504 D Detox   : class com.wix.detox.espresso.DetoxMatcher, matcherForTestId, [tab-treino, false]
04-06 12:03:11.681 30469 30504 D Detox   : class androidx.test.espresso.Espresso, onView, [(view.getTag() is "tab-treino" and view has effective visibility <VISIBLE>)]
04-06 12:03:11.683 30469 30504 D Detox   : class com.wix.detox.espresso.DetoxMatcher, matcherForSufficientlyVisible, [75]
04-06 12:03:11.684 30469 30504 D Detox   : class com.wix.detox.espresso.DetoxAssertion, waitForAssertMatcher, [androidx.test.espresso.ViewInteraction@7727a6e, (view has effective visibility <VISIBLE> and view.getGlobalVisibleRect() covers at least <75> percent of the view's area), 5.0]
04-06 12:03:11.704 30469 30469 I ViewInteraction: Checking 'MatchesViewAssertion(Detox){viewMatcher=(view has effective visibility <VISIBLE> and view.getGlobalVisibleRect() covers at least <75> percent of the view's area)}' assertion on view (view.getTag() is "tab-treino" and view has effective visibility <VISIBLE>)
04-06 12:03:11.749 30469 30469 I ViewInteraction: Checking 'MatchesViewAssertion(Detox){viewMatcher=(view has effective visibility <VISIBLE> and view.getGlobalVisibleRect() covers at least <75> percent of the view's area)}' assertion on view (view.getTag() is "tab-treino" and view has effective visibility <VISIBLE>)
04-06 12:03:11.792 30469 30469 I ViewInteraction: Checking 'MatchesViewAssertion(Detox){viewMatcher=(view has effective visibility <VISIBLE> and view.getGlobalVisibleRect() covers at least <75> percent of the view's area)}' assertion on view (view.getTag() is "tab-treino" and view has effective visibility <VISIBLE>)
04-06 12:03:11.832 30469 30469 I ViewInteraction: Checking 'MatchesViewAssertion(Detox){viewMatcher=(view has effective visibility <VISIBLE> and view.getGlobalVisibleRect() covers at least <75> percent of the view's area)}' assertion on view (view.getTag() is "tab-treino" and view has effective visibility <VISIBLE>)
04-06 12:03:11.878 30469 30469 I ViewInteraction: Checking 'MatchesViewAssertion(Detox){viewMatcher=(view has effective visibility <VISIBLE> and view.getGlobalVisibleRect() covers at least <75> percent of the view's area)}' assertion on view (view.getTag() is "tab-treino" and view has effective visibility <VISIBLE>)
04-06 12:03:11.924 30469 30469 I ViewInteraction: Checking 'MatchesViewAssertion(Detox){viewMatcher=(view has effective visibility <VISIBLE> and view.getGlobalVisibleRect() covers at least <75> percent of the view's area)}' assertion on view (view.getTag() is "tab-treino" and view has effective visibility <VISIBLE>)
04-06 12:03:11.964 30469 30469 I ViewInteraction: Checking 'MatchesViewAssertion(Detox){viewMatcher=(view has effective visibility <VISIBLE> and view.getGlobalVisibleRect() covers at least <75> percent of the view's area)}' assertion on view (view.getTag() is "tab-treino" and view has effective visibility <VISIBLE>)
04-06 12:03:12.007 30469 30469 I ViewInteraction: Checking 'MatchesViewAssertion(Detox){viewMatcher=(view has effective visibility <VISIBLE> and view.getGlobalVisibleRect() covers at least <75> percent of the view's area)}' assertion on view (view.getTag() is "tab-treino" and view has effective visibility <VISIBLE>)
04-06 12:03:12.053 30469 30469 I ViewInteraction: Checking 'MatchesViewAssertion(Detox){viewMatcher=(view has effective visibility <VISIBLE> and view.getGlobalVisibleRect() covers at least <75> percent of the view's area)}' assertion on view (view.getTag() is "tab-treino" and view has effective visibility <VISIBLE>)
04-06 12:03:12.101 30469 30469 I ViewInteraction: Checking 'MatchesViewAssertion(Detox){viewMatcher=(view has effective visibility <VISIBLE> and view.getGlobalVisibleRect() covers at least <75> percent of the view's area)}' assertion on view (view.getTag() is "tab-treino" and view has effective visibility <VISIBLE>)
04-06 12:03:12.145 30469 30469 I ViewInteraction: Checking 'MatchesViewAssertion(Detox){viewMatcher=(view has effective visibility <VISIBLE> and view.getGlobalVisibleRect() covers at least <75> percent of the view's area)}' assertion on view (view.getTag() is "tab-treino" and view has effective visibility <VISIBLE>)
04-06 12:03:12.186 30469 30469 I ViewInteraction: Checking 'MatchesViewAssertion(Detox){viewMatcher=(view has effective visibility <VISIBLE> and view.getGlobalVisibleRect() covers at least <75> percent of the view's area)}' assertion on view (view.getTag() is "tab-treino" and view has effective visibility <VISIBLE>)
04-06 12:03:12.228 30469 30469 I ViewInteraction: Checking 'MatchesViewAssertion(Detox){viewMatcher=(view has effective visibility <VISIBLE> and view.getGlobalVisibleRect() covers at least <75> percent of the view's area)}' assertion on view (view.getTag() is "tab-treino" and view has effective visibility <VISIBLE>)
04-06 12:03:12.264 30469 30469 I ViewInteraction: Checking 'MatchesViewAssertion(Detox){viewMatcher=(view has effective visibility <VISIBLE> and view.getGlobalVisibleRect() covers at least <75> percent of the view's area)}' assertion on view (view.getTag() is "tab-treino" and view has effective visibility <VISIBLE>)
04-06 12:03:12.298 30469 30469 I ViewInteraction: Checking 'MatchesViewAssertion(Detox){viewMatcher=(view has effective visibility <VISIBLE> and view.getGlobalVisibleRect() covers at least <75> percent of the view's area)}' assertion on view (view.getTag() is "tab-treino" and view has effective visibility <VISIBLE>)
04-06 12:03:12.336 30469 30469 I ViewInteraction: Checking 'MatchesViewAssertion(Detox){viewMatcher=(view has effective visibility <VISIBLE> and view.getGlobalVisibleRect() covers at least <75> percent of the view's area)}' assertion on view (view.getTag() is "tab-treino" and view has effective visibility <VISIBLE>)
04-06 12:03:12.379 30469 30469 I ViewInteraction: Checking 'MatchesViewAssertion(Detox){viewMatcher=(view has effective visibility <VISIBLE> and view.getGlobalVisibleRect() covers at least <75> percent of the view's area)}' assertion on view (view.getTag() is "tab-treino" and view has effective visibility <VISIBLE>)
04-06 12:03:12.419 30469 30469 I ViewInteraction: Checking 'MatchesViewAssertion(Detox){viewMatcher=(view has effective visibility <VISIBLE> and view.getGlobalVisibleRect() covers at least <75> percent of the view's area)}' assertion on view (view.getTag() is "tab-treino" and view has effective visibility <VISIBLE>)
04-06 12:03:12.452 30469 30469 I ViewInteraction: Checking 'MatchesViewAssertion(Detox){viewMatcher=(view has effective visibility <VISIBLE> and view.getGlobalVisibleRect() covers at least <75> percent of the view's area)}' assertion on view (view.getTag() is "tab-treino" and view has effective visibility <VISIBLE>)
04-06 12:03:12.497 30469 30469 I ViewInteraction: Checking 'MatchesViewAssertion(Detox){viewMatcher=(view has effective visibility <VISIBLE> and view.getGlobalVisibleRect() covers at least <75> percent of the view's area)}' assertion on view (view.getTag() is "tab-treino" and view has effective visibility <VISIBLE>)
04-06 12:03:12.532 30469 30469 I ViewInteraction: Checking 'MatchesViewAssertion(Detox){viewMatcher=(view has effective visibility <VISIBLE> and view.getGlobalVisibleRect() covers at least <75> percent of the view's area)}' assertion on view (view.getTag() is "tab-treino" and view has effective visibility <VISIBLE>)
04-06 12:03:12.575 30469 30469 I ViewInteraction: Checking 'MatchesViewAssertion(Detox){viewMatcher=(view has effective visibility <VISIBLE> and view.getGlobalVisibleRect() covers at least <75> percent of the view's area)}' assertion on view (view.getTag() is "tab-treino" and view has effective visibility <VISIBLE>)
04-06 12:03:12.616 30469 30469 I ViewInteraction: Checking 'MatchesViewAssertion(Detox){viewMatcher=(view has effective visibility <VISIBLE> and view.getGlobalVisibleRect() covers at least <75> percent of the view's area)}' assertion on view (view.getTag() is "tab-treino" and view has effective visibility <VISIBLE>)
04-06 12:03:12.659 30469 30469 I ViewInteraction: Checking 'MatchesViewAssertion(Detox){viewMatcher=(view has effective visibility <VISIBLE> and view.getGlobalVisibleRect() covers at least <75> percent of the view's area)}' assertion on view (view.getTag() is "tab-treino" and view has effective visibility <VISIBLE>)
04-06 12:03:12.701 30469 30469 I ViewInteraction: Checking 'MatchesViewAssertion(Detox){viewMatcher=(view has effective visibility <VISIBLE> and view.getGlobalVisibleRect() covers at least <75> percent of the view's area)}' assertion on view (view.getTag() is "tab-treino" and view has effective visibility <VISIBLE>)
04-06 12:03:12.744 30469 30469 I ViewInteraction: Checking 'MatchesViewAssertion(Detox){viewMatcher=(view has effective visibility <VISIBLE> and view.getGlobalVisibleRect() covers at least <75> percent of the view's area)}' assertion on view (view.getTag() is "tab-treino" and view has effective visibility <VISIBLE>)
04-06 12:03:12.790 30469 30469 I ViewInteraction: Checking 'MatchesViewAssertion(Detox){viewMatcher=(view has effective visibility <VISIBLE> and view.getGlobalVisibleRect() covers at least <75> percent of the view's area)}' assertion on view (view.getTag() is "tab-treino" and view has effective visibility <VISIBLE>)
04-06 12:03:12.833 30469 30469 I ViewInteraction: Checking 'MatchesViewAssertion(Detox){viewMatcher=(view has effective visibility <VISIBLE> and view.getGlobalVisibleRect() covers at least <75> percent of the view's area)}' assertion on view (view.getTag() is "tab-treino" and view has effective visibility <VISIBLE>)
04-06 12:03:12.877 30469 30469 I ViewInteraction: Checking 'MatchesViewAssertion(Detox){viewMatcher=(view has effective visibility <VISIBLE> and view.getGlobalVisibleRect() covers at least <75> percent of the view's area)}' assertion on view (view.getTag() is "tab-treino" and view has effective visibility <VISIBLE>)
04-06 12:03:12.920 30469 30469 I ViewInteraction: Checking 'MatchesViewAssertion(Detox){viewMatcher=(view has effective visibility <VISIBLE> and view.getGlobalVisibleRect() covers at least <75> percent of the view's area)}' assertion on view (view.getTag() is "tab-treino" and view has effective visibility <VISIBLE>)
04-06 12:03:12.965 30469 30469 I ViewInteraction: Checking 'MatchesViewAssertion(Detox){viewMatcher=(view has effective visibility <VISIBLE> and view.getGlobalVisibleRect() covers at least <75> percent of the view's area)}' assertion on view (view.getTag() is "tab-treino" and view has effective visibility <VISIBLE>)
04-06 12:03:13.008 30469 30469 I ViewInteraction: Checking 'MatchesViewAssertion(Detox){viewMatcher=(view has effective visibility <VISIBLE> and view.getGlobalVisibleRect() covers at least <75> percent of the view's area)}' assertion on view (view.getTag() is "tab-treino" and view has effective visibility <VISIBLE>)
04-06 12:03:13.051 30469 30469 I ViewInteraction: Checking 'MatchesViewAssertion(Detox){viewMatcher=(view has effective visibility <VISIBLE> and view.getGlobalVisibleRect() covers at least <75> percent of the view's area)}' assertion on view (view.getTag() is "tab-treino" and view has effective visibility <VISIBLE>)
04-06 12:03:13.085 30469 30469 I ViewInteraction: Checking 'MatchesViewAssertion(Detox){viewMatcher=(view has effective visibility <VISIBLE> and view.getGlobalVisibleRect() covers at least <75> percent of the view's area)}' assertion on view (view.getTag() is "tab-treino" and view has effective visibility <VISIBLE>)
04-06 12:03:13.128 30469 30469 I ViewInteraction: Checking 'MatchesViewAssertion(Detox){viewMatcher=(view has effective visibility <VISIBLE> and view.getGlobalVisibleRect() covers at least <75> percent of the view's area)}' assertion on view (view.getTag() is "tab-treino" and view has effective visibility <VISIBLE>)
04-06 12:03:13.170 30469 30469 I ViewInteraction: Checking 'MatchesViewAssertion(Detox){viewMatcher=(view has effective visibility <VISIBLE> and view.getGlobalVisibleRect() covers at least <75> percent of the view's area)}' assertion on view (view.getTag() is "tab-treino" and view has effective visibility <VISIBLE>)
04-06 12:03:13.213 30469 30469 I ViewInteraction: Checking 'MatchesViewAssertion(Detox){viewMatcher=(view has effective visibility <VISIBLE> and view.getGlobalVisibleRect() covers at least <75> percent of the view's area)}' assertion on view (view.getTag() is "tab-treino" and view has effective visibility <VISIBLE>)
04-06 12:03:13.255 30469 30469 I ViewInteraction: Checking 'MatchesViewAssertion(Detox){viewMatcher=(view has effective visibility <VISIBLE> and view.getGlobalVisibleRect() covers at least <75> percent of the view's area)}' assertion on view (view.getTag() is "tab-treino" and view has effective visibility <VISIBLE>)
04-06 12:03:13.299 30469 30469 I ViewInteraction: Checking 'MatchesViewAssertion(Detox){viewMatcher=(view has effective visibility <VISIBLE> and view.getGlobalVisibleRect() covers at least <75> percent of the view's area)}' assertion on view (view.getTag() is "tab-treino" and view has effective visibility <VISIBLE>)
04-06 12:03:13.344 30469 30469 I ViewInteraction: Checking 'MatchesViewAssertion(Detox){viewMatcher=(view has effective visibility <VISIBLE> and view.getGlobalVisibleRect() covers at least <75> percent of the view's area)}' assertion on view (view.getTag() is "tab-treino" and view has effective visibility <VISIBLE>)
04-06 12:03:13.386 30469 30469 I ViewInteraction: Checking 'MatchesViewAssertion(Detox){viewMatcher=(view has effective visibility <VISIBLE> and view.getGlobalVisibleRect() covers at least <75> percent of the view's area)}' assertion on view (view.getTag() is "tab-treino" and view has effective visibility <VISIBLE>)
04-06 12:03:13.429 30469 30469 I ViewInteraction: Checking 'MatchesViewAssertion(Detox){viewMatcher=(view has effective visibility <VISIBLE> and view.getGlobalVisibleRect() covers at least <75> percent of the view's area)}' assertion on view (view.getTag() is "tab-treino" and view has effective visibility <VISIBLE>)
04-06 12:03:13.491 30469 30469 I ViewInteraction: Checking 'MatchesViewAssertion(Detox){viewMatcher=(view has effective visibility <VISIBLE> and view.getGlobalVisibleRect() covers at least <75> percent of the view's area)}' assertion on view (view.getTag() is "tab-treino" and view has effective visibility <VISIBLE>)
04-06 12:03:13.536 30469 30469 I ViewInteraction: Checking 'MatchesViewAssertion(Detox){viewMatcher=(view has effective visibility <VISIBLE> and view.getGlobalVisibleRect() covers at least <75> percent of the view's area)}' assertion on view (view.getTag() is "tab-treino" and view has effective visibility <VISIBLE>)
04-06 12:03:13.581 30469 30469 I ViewInteraction: Checking 'MatchesViewAssertion(Detox){viewMatcher=(view has effective visibility <VISIBLE> and view.getGlobalVisibleRect() covers at least <75> percent of the view's area)}' assertion on view (view.getTag() is "tab-treino" and view has effective visibility <VISIBLE>)
04-06 12:03:13.624 30469 30469 I ViewInteraction: Checking 'MatchesViewAssertion(Detox){viewMatcher=(view has effective visibility <VISIBLE> and view.getGlobalVisibleRect() covers at least <75> percent of the view's area)}' assertion on view (view.getTag() is "tab-treino" and view has effective visibility <VISIBLE>)
04-06 12:03:13.661 30469 30469 I ViewInteraction: Checking 'MatchesViewAssertion(Detox){viewMatcher=(view has effective visibility <VISIBLE> and view.getGlobalVisibleRect() covers at least <75> percent of the view's area)}' assertion on view (view.getTag() is "tab-treino" and view has effective visibility <VISIBLE>)
04-06 12:03:13.705 30469 30469 I ViewInteraction: Checking 'MatchesViewAssertion(Detox){viewMatcher=(view has effective visibility <VISIBLE> and view.getGlobalVisibleRect() covers at least <75> percent of the view's area)}' assertion on view (view.getTag() is "tab-treino" and view has effective visibility <VISIBLE>)
04-06 12:03:13.749 30469 30469 I ViewInteraction: Checking 'MatchesViewAssertion(Detox){viewMatcher=(view has effective visibility <VISIBLE> and view.getGlobalVisibleRect() covers at least <75> percent of the view's area)}' assertion on view (view.getTag() is "tab-treino" and view has effective visibility <VISIBLE>)
04-06 12:03:13.793 30469 30469 I ViewInteraction: Checking 'MatchesViewAssertion(Detox){viewMatcher=(view has effective visibility <VISIBLE> and view.getGlobalVisibleRect() covers at least <75> percent of the view's area)}' assertion on view (view.getTag() is "tab-treino" and view has effective visibility <VISIBLE>)
04-06 12:03:13.834 30469 30469 I ViewInteraction: Checking 'MatchesViewAssertion(Detox){viewMatcher=(view has effective visibility <VISIBLE> and view.getGlobalVisibleRect() covers at least <75> percent of the view's area)}' assertion on view (view.getTag() is "tab-treino" and view has effective visibility <VISIBLE>)
04-06 12:03:13.873 30469 30469 I ViewInteraction: Checking 'MatchesViewAssertion(Detox){viewMatcher=(view has effective visibility <VISIBLE> and view.getGlobalVisibleRect() covers at least <75> percent of the view's area)}' assertion on view (view.getTag() is "tab-treino" and view has effective visibility <VISIBLE>)
04-06 12:03:13.914 30469 30469 I ViewInteraction: Checking 'MatchesViewAssertion(Detox){viewMatcher=(view has effective visibility <VISIBLE> and view.getGlobalVisibleRect() covers at least <75> percent of the view's area)}' assertion on view (view.getTag() is "tab-treino" and view has effective visibility <VISIBLE>)
04-06 12:03:13.957 30469 30469 I ViewInteraction: Checking 'MatchesViewAssertion(Detox){viewMatcher=(view has effective visibility <VISIBLE> and view.getGlobalVisibleRect() covers at least <75> percent of the view's area)}' assertion on view (view.getTag() is "tab-treino" and view has effective visibility <VISIBLE>)
04-06 12:03:14.003 30469 30469 I ViewInteraction: Checking 'MatchesViewAssertion(Detox){viewMatcher=(view has effective visibility <VISIBLE> and view.getGlobalVisibleRect() covers at least <75> percent of the view's area)}' assertion on view (view.getTag() is "tab-treino" and view has effective visibility <VISIBLE>)
04-06 12:03:14.040 30469 30469 I ViewInteraction: Checking 'MatchesViewAssertion(Detox){viewMatcher=(view has effective visibility <VISIBLE> and view.getGlobalVisibleRect() covers at least <75> percent of the view's area)}' assertion on view (view.getTag() is "tab-treino" and view has effective visibility <VISIBLE>)
04-06 12:03:14.084 30469 30469 I ViewInteraction: Checking 'MatchesViewAssertion(Detox){viewMatcher=(view has effective visibility <VISIBLE> and view.getGlobalVisibleRect() covers at least <75> percent of the view's area)}' assertion on view (view.getTag() is "tab-treino" and view has effective visibility <VISIBLE>)
04-06 12:03:14.127 30469 30469 I ViewInteraction: Checking 'MatchesViewAssertion(Detox){viewMatcher=(view has effective visibility <VISIBLE> and view.getGlobalVisibleRect() covers at least <75> percent of the view's area)}' assertion on view (view.getTag() is "tab-treino" and view has effective visibility <VISIBLE>)
04-06 12:03:14.169 30469 30469 I ViewInteraction: Checking 'MatchesViewAssertion(Detox){viewMatcher=(view has effective visibility <VISIBLE> and view.getGlobalVisibleRect() covers at least <75> percent of the view's area)}' assertion on view (view.getTag() is "tab-treino" and view has effective visibility <VISIBLE>)
04-06 12:03:14.211 30469 30469 I ViewInteraction: Checking 'MatchesViewAssertion(Detox){viewMatcher=(view has effective visibility <VISIBLE> and view.getGlobalVisibleRect() covers at least <75> percent of the view's area)}' assertion on view (view.getTag() is "tab-treino" and view has effective visibility <VISIBLE>)
04-06 12:03:14.255 30469 30469 I ViewInteraction: Checking 'MatchesViewAssertion(Detox){viewMatcher=(view has effective visibility <VISIBLE> and view.getGlobalVisibleRect() covers at least <75> percent of the view's area)}' assertion on view (view.getTag() is "tab-treino" and view has effective visibility <VISIBLE>)
04-06 12:03:14.297 30469 30469 I ViewInteraction: Checking 'MatchesViewAssertion(Detox){viewMatcher=(view has effective visibility <VISIBLE> and view.getGlobalVisibleRect() covers at least <75> percent of the view's area)}' assertion on view (view.getTag() is "tab-treino" and view has effective visibility <VISIBLE>)
04-06 12:03:14.341 30469 30469 I ViewInteraction: Checking 'MatchesViewAssertion(Detox){viewMatcher=(view has effective visibility <VISIBLE> and view.getGlobalVisibleRect() covers at least <75> percent of the view's area)}' assertion on view (view.getTag() is "tab-treino" and view has effective visibility <VISIBLE>)
04-06 12:03:14.387 30469 30469 I ViewInteraction: Checking 'MatchesViewAssertion(Detox){viewMatcher=(view has effective visibility <VISIBLE> and view.getGlobalVisibleRect() covers at least <75> percent of the view's area)}' assertion on view (view.getTag() is "tab-treino" and view has effective visibility <VISIBLE>)
04-06 12:03:14.435 30469 30469 I ViewInteraction: Checking 'MatchesViewAssertion(Detox){viewMatcher=(view has effective visibility <VISIBLE> and view.getGlobalVisibleRect() covers at least <75> percent of the view's area)}' assertion on view (view.getTag() is "tab-treino" and view has effective visibility <VISIBLE>)
04-06 12:03:14.478 30469 30469 I ViewInteraction: Checking 'MatchesViewAssertion(Detox){viewMatcher=(view has effective visibility <VISIBLE> and view.getGlobalVisibleRect() covers at least <75> percent of the view's area)}' assertion on view (view.getTag() is "tab-treino" and view has effective visibility <VISIBLE>)
04-06 12:03:14.521 30469 30469 I ViewInteraction: Checking 'MatchesViewAssertion(Detox){viewMatcher=(view has effective visibility <VISIBLE> and view.getGlobalVisibleRect() covers at least <75> percent of the view's area)}' assertion on view (view.getTag() is "tab-treino" and view has effective visibility <VISIBLE>)
04-06 12:03:14.565 30469 30469 I ViewInteraction: Checking 'MatchesViewAssertion(Detox){viewMatcher=(view has effective visibility <VISIBLE> and view.getGlobalVisibleRect() covers at least <75> percent of the view's area)}' assertion on view (view.getTag() is "tab-treino" and view has effective visibility <VISIBLE>)
04-06 12:03:14.601 30469 30469 I ViewInteraction: Checking 'MatchesViewAssertion(Detox){viewMatcher=(view has effective visibility <VISIBLE> and view.getGlobalVisibleRect() covers at least <75> percent of the view's area)}' assertion on view (view.getTag() is "tab-treino" and view has effective visibility <VISIBLE>)
04-06 12:03:14.647 30469 30469 I ViewInteraction: Checking 'MatchesViewAssertion(Detox){viewMatcher=(view has effective visibility <VISIBLE> and view.getGlobalVisibleRect() covers at least <75> percent of the view's area)}' assertion on view (view.getTag() is "tab-treino" and view has effective visibility <VISIBLE>)
04-06 12:03:14.690 30469 30469 I ViewInteraction: Checking 'MatchesViewAssertion(Detox){viewMatcher=(view has effective visibility <VISIBLE> and view.getGlobalVisibleRect() covers at least <75> percent of the view's area)}' assertion on view (view.getTag() is "tab-treino" and view has effective visibility <VISIBLE>)
04-06 12:03:14.737 30469 30469 I ViewInteraction: Checking 'MatchesViewAssertion(Detox){viewMatcher=(view has effective visibility <VISIBLE> and view.getGlobalVisibleRect() covers at least <75> percent of the view's area)}' assertion on view (view.getTag() is "tab-treino" and view has effective visibility <VISIBLE>)
04-06 12:03:14.781 30469 30469 I ViewInteraction: Checking 'MatchesViewAssertion(Detox){viewMatcher=(view has effective visibility <VISIBLE> and view.getGlobalVisibleRect() covers at least <75> percent of the view's area)}' assertion on view (view.getTag() is "tab-treino" and view has effective visibility <VISIBLE>)
04-06 12:03:14.825 30469 30469 I ViewInteraction: Checking 'MatchesViewAssertion(Detox){viewMatcher=(view has effective visibility <VISIBLE> and view.getGlobalVisibleRect() covers at least <75> percent of the view's area)}' assertion on view (view.getTag() is "tab-treino" and view has effective visibility <VISIBLE>)
04-06 12:03:14.869 30469 30469 I ViewInteraction: Checking 'MatchesViewAssertion(Detox){viewMatcher=(view has effective visibility <VISIBLE> and view.getGlobalVisibleRect() covers at least <75> percent of the view's area)}' assertion on view (view.getTag() is "tab-treino" and view has effective visibility <VISIBLE>)
04-06 12:03:14.916 30469 30469 I ViewInteraction: Checking 'MatchesViewAssertion(Detox){viewMatcher=(view has effective visibility <VISIBLE> and view.getGlobalVisibleRect() covers at least <75> percent of the view's area)}' assertion on view (view.getTag() is "tab-treino" and view has effective visibility <VISIBLE>)
04-06 12:03:14.952 30469 30469 I ViewInteraction: Checking 'MatchesViewAssertion(Detox){viewMatcher=(view has effective visibility <VISIBLE> and view.getGlobalVisibleRect() covers at least <75> percent of the view's area)}' assertion on view (view.getTag() is "tab-treino" and view has effective visibility <VISIBLE>)
04-06 12:03:14.997 30469 30469 I ViewInteraction: Checking 'MatchesViewAssertion(Detox){viewMatcher=(view has effective visibility <VISIBLE> and view.getGlobalVisibleRect() covers at least <75> percent of the view's area)}' assertion on view (view.getTag() is "tab-treino" and view has effective visibility <VISIBLE>)
04-06 12:03:15.042 30469 30469 I ViewInteraction: Checking 'MatchesViewAssertion(Detox){viewMatcher=(view has effective visibility <VISIBLE> and view.getGlobalVisibleRect() covers at least <75> percent of the view's area)}' assertion on view (view.getTag() is "tab-treino" and view has effective visibility <VISIBLE>)
04-06 12:03:15.080 30469 30469 I ViewInteraction: Checking 'MatchesViewAssertion(Detox){viewMatcher=(view has effective visibility <VISIBLE> and view.getGlobalVisibleRect() covers at least <75> percent of the view's area)}' assertion on view (view.getTag() is "tab-treino" and view has effective visibility <VISIBLE>)
04-06 12:03:15.125 30469 30469 I ViewInteraction: Checking 'MatchesViewAssertion(Detox){viewMatcher=(view has effective visibility <VISIBLE> and view.getGlobalVisibleRect() covers at least <75> percent of the view's area)}' assertion on view (view.getTag() is "tab-treino" and view has effective visibility <VISIBLE>)
04-06 12:03:15.168 30469 30469 I ViewInteraction: Checking 'MatchesViewAssertion(Detox){viewMatcher=(view has effective visibility <VISIBLE> and view.getGlobalVisibleRect() covers at least <75> percent of the view's area)}' assertion on view (view.getTag() is "tab-treino" and view has effective visibility <VISIBLE>)
04-06 12:03:15.211 30469 30469 I ViewInteraction: Checking 'MatchesViewAssertion(Detox){viewMatcher=(view has effective visibility <VISIBLE> and view.getGlobalVisibleRect() covers at least <75> percent of the view's area)}' assertion on view (view.getTag() is "tab-treino" and view has effective visibility <VISIBLE>)
04-06 12:03:15.254 30469 30469 I ViewInteraction: Checking 'MatchesViewAssertion(Detox){viewMatcher=(view has effective visibility <VISIBLE> and view.getGlobalVisibleRect() covers at least <75> percent of the view's area)}' assertion on view (view.getTag() is "tab-treino" and view has effective visibility <VISIBLE>)
04-06 12:03:15.301 30469 30469 I ViewInteraction: Checking 'MatchesViewAssertion(Detox){viewMatcher=(view has effective visibility <VISIBLE> and view.getGlobalVisibleRect() covers at least <75> percent of the view's area)}' assertion on view (view.getTag() is "tab-treino" and view has effective visibility <VISIBLE>)
04-06 12:03:15.346 30469 30469 I ViewInteraction: Checking 'MatchesViewAssertion(Detox){viewMatcher=(view has effective visibility <VISIBLE> and view.getGlobalVisibleRect() covers at least <75> percent of the view's area)}' assertion on view (view.getTag() is "tab-treino" and view has effective visibility <VISIBLE>)
04-06 12:03:15.391 30469 30469 I ViewInteraction: Checking 'MatchesViewAssertion(Detox){viewMatcher=(view has effective visibility <VISIBLE> and view.getGlobalVisibleRect() covers at least <75> percent of the view's area)}' assertion on view (view.getTag() is "tab-treino" and view has effective visibility <VISIBLE>)
04-06 12:03:15.428 30469 30469 I ViewInteraction: Checking 'MatchesViewAssertion(Detox){viewMatcher=(view has effective visibility <VISIBLE> and view.getGlobalVisibleRect() covers at least <75> percent of the view's area)}' assertion on view (view.getTag() is "tab-treino" and view has effective visibility <VISIBLE>)
04-06 12:03:15.463 30469 30469 I ViewInteraction: Checking 'MatchesViewAssertion(Detox){viewMatcher=(view has effective visibility <VISIBLE> and view.getGlobalVisibleRect() covers at least <75> percent of the view's area)}' assertion on view (view.getTag() is "tab-treino" and view has effective visibility <VISIBLE>)
04-06 12:03:15.498 30469 30469 I ViewInteraction: Checking 'MatchesViewAssertion(Detox){viewMatcher=(view has effective visibility <VISIBLE> and view.getGlobalVisibleRect() covers at least <75> percent of the view's area)}' assertion on view (view.getTag() is "tab-treino" and view has effective visibility <VISIBLE>)
04-06 12:03:15.540 30469 30469 I ViewInteraction: Checking 'MatchesViewAssertion(Detox){viewMatcher=(view has effective visibility <VISIBLE> and view.getGlobalVisibleRect() covers at least <75> percent of the view's area)}' assertion on view (view.getTag() is "tab-treino" and view has effective visibility <VISIBLE>)
04-06 12:03:15.584 30469 30469 I ViewInteraction: Checking 'MatchesViewAssertion(Detox){viewMatcher=(view has effective visibility <VISIBLE> and view.getGlobalVisibleRect() covers at least <75> percent of the view's area)}' assertion on view (view.getTag() is "tab-treino" and view has effective visibility <VISIBLE>)
04-06 12:03:15.625 30469 30469 I ViewInteraction: Checking 'MatchesViewAssertion(Detox){viewMatcher=(view has effective visibility <VISIBLE> and view.getGlobalVisibleRect() covers at least <75> percent of the view's area)}' assertion on view (view.getTag() is "tab-treino" and view has effective visibility <VISIBLE>)
04-06 12:03:15.666 30469 30469 I ViewInteraction: Checking 'MatchesViewAssertion(Detox){viewMatcher=(view has effective visibility <VISIBLE> and view.getGlobalVisibleRect() covers at least <75> percent of the view's area)}' assertion on view (view.getTag() is "tab-treino" and view has effective visibility <VISIBLE>)
04-06 12:03:15.712 30469 30469 I ViewInteraction: Checking 'MatchesViewAssertion(Detox){viewMatcher=(view has effective visibility <VISIBLE> and view.getGlobalVisibleRect() covers at least <75> percent of the view's area)}' assertion on view (view.getTag() is "tab-treino" and view has effective visibility <VISIBLE>)
04-06 12:03:15.756 30469 30469 I ViewInteraction: Checking 'MatchesViewAssertion(Detox){viewMatcher=(view has effective visibility <VISIBLE> and view.getGlobalVisibleRect() covers at least <75> percent of the view's area)}' assertion on view (view.getTag() is "tab-treino" and view has effective visibility <VISIBLE>)
04-06 12:03:15.800 30469 30469 I ViewInteraction: Checking 'MatchesViewAssertion(Detox){viewMatcher=(view has effective visibility <VISIBLE> and view.getGlobalVisibleRect() covers at least <75> percent of the view's area)}' assertion on view (view.getTag() is "tab-treino" and view has effective visibility <VISIBLE>)
04-06 12:03:15.845 30469 30469 I ViewInteraction: Checking 'MatchesViewAssertion(Detox){viewMatcher=(view has effective visibility <VISIBLE> and view.getGlobalVisibleRect() covers at least <75> percent of the view's area)}' assertion on view (view.getTag() is "tab-treino" and view has effective visibility <VISIBLE>)
04-06 12:03:15.893 30469 30469 I ViewInteraction: Checking 'MatchesViewAssertion(Detox){viewMatcher=(view has effective visibility <VISIBLE> and view.getGlobalVisibleRect() covers at least <75> percent of the view's area)}' assertion on view (view.getTag() is "tab-treino" and view has effective visibility <VISIBLE>)
04-06 12:03:15.932 30469 30469 I ViewInteraction: Checking 'MatchesViewAssertion(Detox){viewMatcher=(view has effective visibility <VISIBLE> and view.getGlobalVisibleRect() covers at least <75> percent of the view's area)}' assertion on view (view.getTag() is "tab-treino" and view has effective visibility <VISIBLE>)
04-06 12:03:15.975 30469 30469 I ViewInteraction: Checking 'MatchesViewAssertion(Detox){viewMatcher=(view has effective visibility <VISIBLE> and view.getGlobalVisibleRect() covers at least <75> percent of the view's area)}' assertion on view (view.getTag() is "tab-treino" and view has effective visibility <VISIBLE>)
04-06 12:03:16.021 30469 30469 I ViewInteraction: Checking 'MatchesViewAssertion(Detox){viewMatcher=(view has effective visibility <VISIBLE> and view.getGlobalVisibleRect() covers at least <75> percent of the view's area)}' assertion on view (view.getTag() is "tab-treino" and view has effective visibility <VISIBLE>)
04-06 12:03:16.064 30469 30469 I ViewInteraction: Checking 'MatchesViewAssertion(Detox){viewMatcher=(view has effective visibility <VISIBLE> and view.getGlobalVisibleRect() covers at least <75> percent of the view's area)}' assertion on view (view.getTag() is "tab-treino" and view has effective visibility <VISIBLE>)
04-06 12:03:16.109 30469 30469 I ViewInteraction: Checking 'MatchesViewAssertion(Detox){viewMatcher=(view has effective visibility <VISIBLE> and view.getGlobalVisibleRect() covers at least <75> percent of the view's area)}' assertion on view (view.getTag() is "tab-treino" and view has effective visibility <VISIBLE>)
04-06 12:03:16.153 30469 30469 I ViewInteraction: Checking 'MatchesViewAssertion(Detox){viewMatcher=(view has effective visibility <VISIBLE> and view.getGlobalVisibleRect() covers at least <75> percent of the view's area)}' assertion on view (view.getTag() is "tab-treino" and view has effective visibility <VISIBLE>)
04-06 12:03:16.196 30469 30469 I ViewInteraction: Checking 'MatchesViewAssertion(Detox){viewMatcher=(view has effective visibility <VISIBLE> and view.getGlobalVisibleRect() covers at least <75> percent of the view's area)}' assertion on view (view.getTag() is "tab-treino" and view has effective visibility <VISIBLE>)
04-06 12:03:16.241 30469 30469 I ViewInteraction: Checking 'MatchesViewAssertion(Detox){viewMatcher=(view has effective visibility <VISIBLE> and view.getGlobalVisibleRect() covers at least <75> percent of the view's area)}' assertion on view (view.getTag() is "tab-treino" and view has effective visibility <VISIBLE>)
04-06 12:03:16.286 30469 30469 I ViewInteraction: Checking 'MatchesViewAssertion(Detox){viewMatcher=(view has effective visibility <VISIBLE> and view.getGlobalVisibleRect() covers at least <75> percent of the view's area)}' assertion on view (view.getTag() is "tab-treino" and view has effective visibility <VISIBLE>)
04-06 12:03:16.329 30469 30469 I ViewInteraction: Checking 'MatchesViewAssertion(Detox){viewMatcher=(view has effective visibility <VISIBLE> and view.getGlobalVisibleRect() covers at least <75> percent of the view's area)}' assertion on view (view.getTag() is "tab-treino" and view has effective visibility <VISIBLE>)
04-06 12:03:16.370 30469 30469 I ViewInteraction: Checking 'MatchesViewAssertion(Detox){viewMatcher=(view has effective visibility <VISIBLE> and view.getGlobalVisibleRect() covers at least <75> percent of the view's area)}' assertion on view (view.getTag() is "tab-treino" and view has effective visibility <VISIBLE>)
04-06 12:03:16.406 30469 30469 I ViewInteraction: Checking 'MatchesViewAssertion(Detox){viewMatcher=(view has effective visibility <VISIBLE> and view.getGlobalVisibleRect() covers at least <75> percent of the view's area)}' assertion on view (view.getTag() is "tab-treino" and view has effective visibility <VISIBLE>)
04-06 12:03:16.453 30469 30469 I ViewInteraction: Checking 'MatchesViewAssertion(Detox){viewMatcher=(view has effective visibility <VISIBLE> and view.getGlobalVisibleRect() covers at least <75> percent of the view's area)}' assertion on view (view.getTag() is "tab-treino" and view has effective visibility <VISIBLE>)
04-06 12:03:16.496 30469 30469 I ViewInteraction: Checking 'MatchesViewAssertion(Detox){viewMatcher=(view has effective visibility <VISIBLE> and view.getGlobalVisibleRect() covers at least <75> percent of the view's area)}' assertion on view (view.getTag() is "tab-treino" and view has effective visibility <VISIBLE>)
04-06 12:03:16.533 30469 30469 I ViewInteraction: Checking 'MatchesViewAssertion(Detox){viewMatcher=(view has effective visibility <VISIBLE> and view.getGlobalVisibleRect() covers at least <75> percent of the view's area)}' assertion on view (view.getTag() is "tab-treino" and view has effective visibility <VISIBLE>)
04-06 12:03:16.581 30469 30469 I ViewInteraction: Checking 'MatchesViewAssertion(Detox){viewMatcher=(view has effective visibility <VISIBLE> and view.getGlobalVisibleRect() covers at least <75> percent of the view's area)}' assertion on view (view.getTag() is "tab-treino" and view has effective visibility <VISIBLE>)
04-06 12:03:16.628 30469 30469 I ViewInteraction: Checking 'MatchesViewAssertion(Detox){viewMatcher=(view has effective visibility <VISIBLE> and view.getGlobalVisibleRect() covers at least <75> percent of the view's area)}' assertion on view (view.getTag() is "tab-treino" and view has effective visibility <VISIBLE>)
04-06 12:03:16.672 30469 30469 I ViewInteraction: Checking 'MatchesViewAssertion(Detox){viewMatcher=(view has effective visibility <VISIBLE> and view.getGlobalVisibleRect() covers at least <75> percent of the view's area)}' assertion on view (view.getTag() is "tab-treino" and view has effective visibility <VISIBLE>)
04-06 12:03:16.700 30469 30504 I DetoxActionHandlers: Test exception
04-06 12:03:16.700 30469 30504 I DetoxActionHandlers: java.lang.reflect.InvocationTargetException
04-06 12:03:16.700 30469 30504 I DetoxActionHandlers: 	at java.lang.reflect.Method.invoke(Native Method)
04-06 12:03:16.700 30469 30504 I DetoxActionHandlers: 	at org.apache.commons.lang3.reflect.MethodUtils.invokeStaticMethod(MethodUtils.java:443)
04-06 12:03:16.700 30469 30504 I DetoxActionHandlers: 	at org.apache.commons.lang3.reflect.MethodUtils.invokeStaticMethod(MethodUtils.java:405)
04-06 12:03:16.700 30469 30504 I DetoxActionHandlers: 	at com.wix.invoke.types.ClassTarget.execute(ClassTarget.java:23)
04-06 12:03:16.700 30469 30504 I DetoxActionHandlers: 	at com.wix.invoke.types.Target.invoke(Target.java:59)
04-06 12:03:16.700 30469 30504 I DetoxActionHandlers: 	at com.wix.invoke.MethodInvocation.invoke(MethodInvocation.java:35)
04-06 12:03:16.700 30469 30504 I DetoxActionHandlers: 	at com.wix.invoke.MethodInvocation.invoke(MethodInvocation.java:26)
04-06 12:03:16.700 30469 30504 I DetoxActionHandlers: 	at com.wix.invoke.MethodInvocation.invoke(MethodInvocation.java:20)
04-06 12:03:16.700 30469 30504 I DetoxActionHandlers: 	at com.wix.detox.adapters.server.InvokeActionHandler.handle(DetoxActionHandlers.kt:54)
04-06 12:03:16.700 30469 30504 I DetoxActionHandlers: 	at com.wix.detox.adapters.server.ActionsExecutor.executeAction$lambda$2$lambda$1(DetoxActionsDispatcher.kt:76)
04-06 12:03:16.700 30469 30504 I DetoxActionHandlers: 	at com.wix.detox.adapters.server.ActionsExecutor.$r8$lambda$GVbB7LHtBHxNHGbgYnHJ6YrwCqs(Unknown Source:0)
04-06 12:03:16.700 30469 30504 I DetoxActionHandlers: 	at com.wix.detox.adapters.server.ActionsExecutor$$ExternalSyntheticLambda0.run(D8$$SyntheticClass:0)
04-06 12:03:16.700 30469 30504 I DetoxActionHandlers: 	at android.os.Handler.handleCallback(Handler.java:942)
04-06 12:03:16.700 30469 30504 I DetoxActionHandlers: 	at android.os.Handler.dispatchMessage(Handler.java:99)
04-06 12:03:16.700 30469 30504 I DetoxActionHandlers: 	at android.os.Looper.loopOnce(Looper.java:226)
04-06 12:03:16.700 30469 30504 I DetoxActionHandlers: 	at android.os.Looper.loop(Looper.java:313)
04-06 12:03:16.700 30469 30504 I DetoxActionHandlers: 	at com.wix.detox.adapters.server.ActionsExecutor._init_$lambda$0(DetoxActionsDispatcher.kt:62)
04-06 12:03:16.700 30469 30504 I DetoxActionHandlers: 	at com.wix.detox.adapters.server.ActionsExecutor.$r8$lambda$xlgL0CQim6vNM0wWEqM8JIDgZUE(Unknown Source:0)
04-06 12:03:16.700 30469 30504 I DetoxActionHandlers: 	at com.wix.detox.adapters.server.ActionsExecutor$$ExternalSyntheticLambda1.run(D8$$SyntheticClass:0)
04-06 12:03:16.700 30469 30504 I DetoxActionHandlers: 	at java.lang.Thread.run(Thread.java:1012)
04-06 12:03:16.700 30469 30504 I DetoxActionHandlers: Caused by: com.wix.detox.common.DetoxErrors$DetoxRuntimeException: 5.0sec timeout expired without matching of given matcher: (view has effective visibility <VISIBLE> and view.getGlobalVisibleRect() covers at least <75> percent of the view's area)
04-06 12:03:16.700 30469 30504 I DetoxActionHandlers: 	at com.wix.detox.espresso.DetoxAssertion.waitForAssertMatcher(DetoxAssertion.java:72)
04-06 12:03:16.700 30469 30504 I DetoxActionHandlers: 	... 20 more
04-06 12:03:16.701 30469 30504 I DetoxWSClient: Sending out action 'testFailed' (ID #8)
04-06 12:03:16.701 30469 30504 I DetoxDispatcher: Done with action 'invoke'
04-06 12:03:16.708 30469 30508 D DetoxWSClient: Received action 'invoke' (ID #9, params={"target":{"type":"Class","value":"com.wix.detox.espresso.DetoxAssertion"},"method":"waitForAssertMatcher","args":[{"type":"Invocation","value":{"target":{"type":"Class","value":"androidx.test.espresso.Espresso"},"method":"onView","args":[{"type":"Invocation","value":{"target":{"type":"Class","value":"com.wix.detox.espresso.DetoxMatcher"},"method":"matcherForTestId","args":["questionnaire-screen",{"type":"boolean","value":false}]}}]}},{"type":"Invocation","value":{"target":{"type":"Class","value":"com.wix.detox.espresso.DetoxMatcher"},"method":"matcherForSufficientlyVisible","args":[{"type":"Integer","value":75}]}},{"type":"Double","value":5}]})
04-06 12:03:16.709 30469 30504 I DetoxDispatcher: Handling action 'invoke' (ID #9)...
04-06 12:03:16.710 30469 30504 D Detox   : class com.wix.detox.espresso.DetoxMatcher, matcherForTestId, [questionnaire-screen, false]
04-06 12:03:16.712 30469 30504 D Detox   : class androidx.test.espresso.Espresso, onView, [(view.getTag() is "questionnaire-screen" and view has effective visibility <VISIBLE>)]
04-06 12:03:16.713 30469 30504 D Detox   : class com.wix.detox.espresso.DetoxMatcher, matcherForSufficientlyVisible, [75]
04-06 12:03:16.714 30469 30504 D Detox   : class com.wix.detox.espresso.DetoxAssertion, waitForAssertMatcher, [androidx.test.espresso.ViewInteraction@4937fa5, (view has effective visibility <VISIBLE> and view.getGlobalVisibleRect() covers at least <75> percent of the view's area), 5.0]
04-06 12:03:16.719 30469 30469 I ViewInteraction: Checking 'MatchesViewAssertion(Detox){viewMatcher=(view has effective visibility <VISIBLE> and view.getGlobalVisibleRect() covers at least <75> percent of the view's area)}' assertion on view (view.getTag() is "questionnaire-screen" and view has effective visibility <VISIBLE>)
04-06 12:03:16.723 30469 30504 I DetoxWSClient: Sending out action 'invokeResult' (ID #9)
04-06 12:03:16.724 30469 30504 I DetoxDispatcher: Done with action 'invoke'
04-06 12:03:16.728 30469 30508 D DetoxWSClient: Received action 'invoke' (ID #10, params={"target":{"type":"Class","value":"com.wix.detox.espresso.DetoxAssertion"},"method":"waitForAssertMatcher","args":[{"type":"Invocation","value":{"target":{"type":"Class","value":"androidx.test.espresso.Espresso"},"method":"onView","args":[{"type":"Invocation","value":{"target":{"type":"Class","value":"com.wix.detox.espresso.DetoxMatcher"},"method":"matcherForTestId","args":["input-peso-atual",{"type":"boolean","value":false}]}}]}},{"type":"Invocation","value":{"target":{"type":"Class","value":"com.wix.detox.espresso.DetoxMatcher"},"method":"matcherForSufficientlyVisible","args":[{"type":"Integer","value":75}]}},{"type":"Double","value":5}]})
04-06 12:03:16.729 30469 30504 I DetoxDispatcher: Handling action 'invoke' (ID #10)...
04-06 12:03:16.730 30469 30504 D Detox   : class com.wix.detox.espresso.DetoxMatcher, matcherForTestId, [input-peso-atual, false]
04-06 12:03:16.730 30469 30504 D Detox   : class androidx.test.espresso.Espresso, onView, [(view.getTag() is "input-peso-atual" and view has effective visibility <VISIBLE>)]
04-06 12:03:16.731 30469 30504 D Detox   : class com.wix.detox.espresso.DetoxMatcher, matcherForSufficientlyVisible, [75]
04-06 12:03:16.732 30469 30504 D Detox   : class com.wix.detox.espresso.DetoxAssertion, waitForAssertMatcher, [androidx.test.espresso.ViewInteraction@24fcf7a, (view has effective visibility <VISIBLE> and view.getGlobalVisibleRect() covers at least <75> percent of the view's area), 5.0]
04-06 12:03:16.737 30469 30469 I ViewInteraction: Checking 'MatchesViewAssertion(Detox){viewMatcher=(view has effective visibility <VISIBLE> and view.getGlobalVisibleRect() covers at least <75> percent of the view's area)}' assertion on view (view.getTag() is "input-peso-atual" and view has effective visibility <VISIBLE>)
04-06 12:03:16.742 30469 30504 I DetoxWSClient: Sending out action 'invokeResult' (ID #10)
04-06 12:03:16.743 30469 30504 I DetoxDispatcher: Done with action 'invoke'
04-06 12:03:16.748 30469 30508 D DetoxWSClient: Received action 'invoke' (ID #11, params={"target":{"type":"Class","value":"com.wix.detox.espresso.EspressoDetox"},"method":"perform","args":[{"type":"Invocation","value":{"target":{"type":"Class","value":"com.wix.detox.espresso.DetoxMatcher"},"method":"matcherForTestId","args":["input-peso-atual",{"type":"boolean","value":false}]}},{"type":"Invocation","value":{"target":{"type":"Class","value":"com.wix.detox.espresso.DetoxViewActions"},"method":"click","args":[]}}]})
04-06 12:03:16.749 30469 30504 I DetoxDispatcher: Handling action 'invoke' (ID #11)...
04-06 12:03:16.749 30469 30504 D Detox   : class com.wix.detox.espresso.DetoxMatcher, matcherForTestId, [input-peso-atual, false]
04-06 12:03:16.750 30469 30504 D Detox   : class com.wix.detox.espresso.DetoxViewActions, click, []
04-06 12:03:16.753 30469 30504 W om.evolucao.app: Accessing hidden method Landroid/view/ViewConfiguration;->getDoubleTapMinTime()I (unsupported, reflection, allowed)
04-06 12:03:16.756 30469 30504 D Detox   : class com.wix.detox.espresso.EspressoDetox, perform, [(view.getTag() is "input-peso-atual" and view has effective visibility <VISIBLE>), com.wix.detox.espresso.action.RNClickAction@f8eb32b]
04-06 12:03:16.762 30469 30469 I ViewInteraction: Performing 'com.wix.detox.espresso.action.detoxsingletap@89b9388 click' action on view (view.getTag() is "input-peso-atual" and view has effective visibility <VISIBLE>)
