04-06 12:03:30.320 30469 30504 D Detox   : class com.wix.detox.espresso.DetoxMatcher, matcherForTestId, [app-root, false]
04-06 12:03:30.320 30469 30504 D Detox   : class androidx.test.espresso.Espresso, onView, [(view.getTag() is "app-root" and view has effective visibility <VISIBLE>)]
04-06 12:03:30.321 30469 30504 D Detox   : class com.wix.detox.espresso.DetoxMatcher, matcherForSufficientlyVisible, [75]
04-06 12:03:30.321 30469 30504 D Detox   : class com.wix.detox.espresso.DetoxAssertion, assertMatcher, [androidx.test.espresso.ViewInteraction@abb200a, (view has effective visibility <VISIBLE> and view.getGlobalVisibleRect() covers at least <75> percent of the view's area)]
04-06 12:03:30.325 30469 30469 I ViewInteraction: Checking 'MatchesViewAssertion(Detox){viewMatcher=(view has effective visibility <VISIBLE> and view.getGlobalVisibleRect() covers at least <75> percent of the view's area)}' assertion on view (view.getTag() is "app-root" and view has effective visibility <VISIBLE>)
04-06 12:03:30.327 30469 30504 I DetoxWSClient: Sending out action 'invokeResult' (ID #49)
04-06 12:03:30.327 30469 30504 I DetoxDispatcher: Done with action 'invoke'
04-06 12:03:30.330 30469 30508 D DetoxWSClient: Received action 'invoke' (ID #50, params={"target":{"type":"Class","value":"com.wix.detox.espresso.DetoxAssertion"},"method":"waitForAssertMatcher","args":[{"type":"Invocation","value":{"target":{"type":"Class","value":"androidx.test.espresso.Espresso"},"method":"onView","args":[{"type":"Invocation","value":{"target":{"type":"Class","value":"com.wix.detox.espresso.DetoxMatcher"},"method":"matcherForTestId","args":["btn-iniciar-treino",{"type":"boolean","value":false}]}}]}},{"type":"Invocation","value":{"target":{"type":"Class","value":"com.wix.detox.espresso.DetoxMatcher"},"method":"matcherForSufficientlyVisible","args":[{"type":"Integer","value":75}]}},{"type":"Double","value":5}]})
04-06 12:03:30.332 30469 30504 I DetoxDispatcher: Handling action 'invoke' (ID #50)...
04-06 12:03:30.332 30469 30504 D Detox   : class com.wix.detox.espresso.DetoxMatcher, matcherForTestId, [btn-iniciar-treino, false]
04-06 12:03:30.332 30469 30504 D Detox   : class androidx.test.espresso.Espresso, onView, [(view.getTag() is "btn-iniciar-treino" and view has effective visibility <VISIBLE>)]
04-06 12:03:30.333 30469 30504 D Detox   : class com.wix.detox.espresso.DetoxMatcher, matcherForSufficientlyVisible, [75]
04-06 12:03:30.334 30469 30504 D Detox   : class com.wix.detox.espresso.DetoxAssertion, waitForAssertMatcher, [androidx.test.espresso.ViewInteraction@72be07b, (view has effective visibility <VISIBLE> and view.getGlobalVisibleRect() covers at least <75> percent of the view's area), 5.0]
04-06 12:03:30.336 30469 30469 I ViewInteraction: Checking 'MatchesViewAssertion(Detox){viewMatcher=(view has effective visibility <VISIBLE> and view.getGlobalVisibleRect() covers at least <75> percent of the view's area)}' assertion on view (view.getTag() is "btn-iniciar-treino" and view has effective visibility <VISIBLE>)
04-06 12:03:30.339 30469 30504 I DetoxWSClient: Sending out action 'invokeResult' (ID #50)
04-06 12:03:30.339 30469 30504 I DetoxDispatcher: Done with action 'invoke'
04-06 12:03:30.344 30469 30508 D DetoxWSClient: Received action 'invoke' (ID #51, params={"target":{"type":"Class","value":"com.wix.detox.espresso.EspressoDetox"},"method":"perform","args":[{"type":"Invocation","value":{"target":{"type":"Class","value":"com.wix.detox.espresso.DetoxMatcher"},"method":"matcherForTestId","args":["btn-iniciar-treino",{"type":"boolean","value":false}]}},{"type":"Invocation","value":{"target":{"type":"Class","value":"com.wix.detox.espresso.DetoxViewActions"},"method":"click","args":[]}}]})
04-06 12:03:30.344 30469 30504 I DetoxDispatcher: Handling action 'invoke' (ID #51)...
04-06 12:03:30.344 30469 30504 D Detox   : class com.wix.detox.espresso.DetoxMatcher, matcherForTestId, [btn-iniciar-treino, false]
04-06 12:03:30.344 30469 30504 D Detox   : class com.wix.detox.espresso.DetoxViewActions, click, []
04-06 12:03:30.345 30469 30504 D Detox   : class com.wix.detox.espresso.EspressoDetox, perform, [(view.getTag() is "btn-iniciar-treino" and view has effective visibility <VISIBLE>), com.wix.detox.espresso.action.RNClickAction@dbb26f1]
04-06 12:03:30.348 30469 30469 I ViewInteraction: Performing 'com.wix.detox.espresso.action.detoxsingletap@df332d6 click' action on view (view.getTag() is "btn-iniciar-treino" and view has effective visibility <VISIBLE>)
04-06 12:03:30.353 30469 30469 I ViewRootImpl@73623ee[MainActivity]: ViewPostIme pointer 0
04-06 12:03:30.383 30469 30469 I ViewRootImpl@73623ee[MainActivity]: ViewPostIme pointer 1
04-06 12:03:30.515 30469 30469 W [RNScreens]: backTitleFontFamily prop is not available on Android
04-06 12:03:30.515 30469 30469 W [RNScreens]: disableBackButtonMenu prop is not available on Android
04-06 12:03:30.515 30469 30469 W [RNScreens]: backTitleVisible prop is not available on Android
04-06 12:03:30.515 30469 30469 W [RNScreens]: topInsetEnabled prop is not available on Android
04-06 12:03:30.515 30469 30469 W [RNScreens]: largeTitleHideShadow prop is not available on Android
04-06 12:03:30.515 30469 30469 W [RNScreens]: largeTitleFontWeight prop is not available on Android
04-06 12:03:30.515 30469 30469 W [RNScreens]: userInterfaceStyle prop is not available on Android
04-06 12:03:30.515 30469 30469 W [RNScreens]: largeTitleFontFamily prop is not available on Android
04-06 12:03:30.527 30469 30561 I ReactNativeJS: 'match:', 'local-cache'
04-06 12:03:30.527 30469 30561 I ReactNativeJS: 'recommendation:', 'push', '| confidence:', 'alta'
04-06 12:03:30.568 30469 30561 I ReactNativeJS: 'match:', 'local-cache'
04-06 12:03:30.568 30469 30561 I ReactNativeJS: 'recommendation:', 'push', '| confidence:', 'alta'
04-06 12:03:30.858 30469 30469 W UiControllerImpl: Waiting for: DYNAMIC_TASKS_HAVE_IDLED for 100 iterations.
04-06 12:03:31.169 30469 30469 W UiControllerImpl: Waiting for: DYNAMIC_TASKS_HAVE_IDLED for 200 iterations.
04-06 12:03:31.497 30469 30469 W UiControllerImpl: Waiting for: DYNAMIC_TASKS_HAVE_IDLED for 300 iterations.
04-06 12:03:31.721 30469 30469 W om.evolucao.app: Accessing hidden field Landroid/widget/HorizontalScrollView;->mScroller:Landroid/widget/OverScroller; (unsupported, reflection, allowed)
04-06 12:03:31.743 30469 30469 D ScrollView: initGoToTop
04-06 12:03:32.180 30469 30469 W Choreographer: Frame time is 0.18109299 ms in the future!  Check that graphics HAL is generating vsync timestamps using the correct timebase.
04-06 12:03:32.214 30469 30832 D expo-notifications: Notification request "cb84963e-757e-4d8a-8612-76dde0661802" will not trigger in the future, removing.
04-06 12:03:32.901 30469 30504 I DetoxWSClient: Sending out action 'invokeResult' (ID #51)
04-06 12:03:32.901 30469 30504 I DetoxDispatcher: Done with action 'invoke'
04-06 12:03:33.215 30469 30508 D DetoxWSClient: Received action 'invoke' (ID #52, params={"target":{"type":"Class","value":"com.wix.detox.espresso.DetoxAssertion"},"method":"waitForAssertMatcher","args":[{"type":"Invocation","value":{"target":{"type":"Class","value":"androidx.test.espresso.Espresso"},"method":"onView","args":[{"type":"Invocation","value":{"target":{"type":"Class","value":"com.wix.detox.espresso.DetoxMatcher"},"method":"matcherForTestId","args":["screen-workout",{"type":"boolean","value":false}]}}]}},{"type":"Invocation","value":{"target":{"type":"Class","value":"com.wix.detox.espresso.DetoxMatcher"},"method":"matcherForSufficientlyVisible","args":[{"type":"Integer","value":75}]}},{"type":"Double","value":5}]})
04-06 12:03:33.216 30469 30504 I DetoxDispatcher: Handling action 'invoke' (ID #52)...
04-06 12:03:33.217 30469 30504 D Detox   : class com.wix.detox.espresso.DetoxMatcher, matcherForTestId, [screen-workout, false]
04-06 12:03:33.217 30469 30504 D Detox   : class androidx.test.espresso.Espresso, onView, [(view.getTag() is "screen-workout" and view has effective visibility <VISIBLE>)]
04-06 12:03:33.218 30469 30504 D Detox   : class com.wix.detox.espresso.DetoxMatcher, matcherForSufficientlyVisible, [75]
04-06 12:03:33.219 30469 30504 D Detox   : class com.wix.detox.espresso.DetoxAssertion, waitForAssertMatcher, [androidx.test.espresso.ViewInteraction@247c0f6, (view has effective visibility <VISIBLE> and view.getGlobalVisibleRect() covers at least <75> percent of the view's area), 5.0]
04-06 12:03:33.226 30469 30469 I ViewInteraction: Checking 'MatchesViewAssertion(Detox){viewMatcher=(view has effective visibility <VISIBLE> and view.getGlobalVisibleRect() covers at least <75> percent of the view's area)}' assertion on view (view.getTag() is "screen-workout" and view has effective visibility <VISIBLE>)
04-06 12:03:33.230 30469 30504 I DetoxWSClient: Sending out action 'invokeResult' (ID #52)
04-06 12:03:33.230 30469 30504 I DetoxDispatcher: Done with action 'invoke'
04-06 12:03:33.926 30469 30508 D DetoxWSClient: Received action 'invoke' (ID #53, params={"target":{"type":"Class","value":"com.wix.detox.espresso.DetoxAssertion"},"method":"waitForAssertMatcher","args":[{"type":"Invocation","value":{"target":{"type":"Class","value":"androidx.test.espresso.Espresso"},"method":"onView","args":[{"type":"Invocation","value":{"target":{"type":"Class","value":"com.wix.detox.espresso.DetoxMatcher"},"method":"matcherForTestId","args":["app-root",{"type":"boolean","value":false}]}}]}},{"type":"Invocation","value":{"target":{"type":"Class","value":"com.wix.detox.espresso.DetoxMatcher"},"method":"matcherForSufficientlyVisible","args":[{"type":"Integer","value":75}]}},{"type":"Double","value":5}]})
04-06 12:03:33.927 30469 30504 I DetoxDispatcher: Handling action 'invoke' (ID #53)...
04-06 12:03:33.927 30469 30504 D Detox   : class com.wix.detox.espresso.DetoxMatcher, matcherForTestId, [app-root, false]
04-06 12:03:33.928 30469 30504 D Detox   : class androidx.test.espresso.Espresso, onView, [(view.getTag() is "app-root" and view has effective visibility <VISIBLE>)]
04-06 12:03:33.929 30469 30504 D Detox   : class com.wix.detox.espresso.DetoxMatcher, matcherForSufficientlyVisible, [75]
04-06 12:03:33.930 30469 30504 D Detox   : class com.wix.detox.espresso.DetoxAssertion, waitForAssertMatcher, [androidx.test.espresso.ViewInteraction@50a3764, (view has effective visibility <VISIBLE> and view.getGlobalVisibleRect() covers at least <75> percent of the view's area), 5.0]
04-06 12:03:33.936 30469 30469 I ViewInteraction: Checking 'MatchesViewAssertion(Detox){viewMatcher=(view has effective visibility <VISIBLE> and view.getGlobalVisibleRect() covers at least <75> percent of the view's area)}' assertion on view (view.getTag() is "app-root" and view has effective visibility <VISIBLE>)
04-06 12:03:33.940 30469 30504 I DetoxWSClient: Sending out action 'invokeResult' (ID #53)
04-06 12:03:33.940 30469 30504 I DetoxDispatcher: Done with action 'invoke'
04-06 12:03:33.944 30469 30508 D DetoxWSClient: Received action 'invoke' (ID #54, params={"target":{"type":"Class","value":"com.wix.detox.espresso.DetoxAssertion"},"method":"assertMatcher","args":[{"type":"Invocation","value":{"target":{"type":"Class","value":"androidx.test.espresso.Espresso"},"method":"onView","args":[{"type":"Invocation","value":{"target":{"type":"Class","value":"com.wix.detox.espresso.DetoxMatcher"},"method":"matcherForTestId","args":["app-root",{"type":"boolean","value":false}]}}]}},{"type":"Invocation","value":{"target":{"type":"Class","value":"com.wix.detox.espresso.DetoxMatcher"},"method":"matcherForSufficientlyVisible","args":[{"type":"Integer","value":75}]}}]})
04-06 12:03:33.944 30469 30504 I DetoxDispatcher: Handling action 'invoke' (ID #54)...
04-06 12:03:33.944 30469 30504 D Detox   : class com.wix.detox.espresso.DetoxMatcher, matcherForTestId, [app-root, false]
04-06 12:03:33.945 30469 30504 D Detox   : class androidx.test.espresso.Espresso, onView, [(view.getTag() is "app-root" and view has effective visibility <VISIBLE>)]
04-06 12:03:33.946 30469 30504 D Detox   : class com.wix.detox.espresso.DetoxMatcher, matcherForSufficientlyVisible, [75]
04-06 12:03:33.947 30469 30504 D Detox   : class com.wix.detox.espresso.DetoxAssertion, assertMatcher, [androidx.test.espresso.ViewInteraction@d923dcd, (view has effective visibility <VISIBLE> and view.getGlobalVisibleRect() covers at least <75> percent of the view's area)]
04-06 12:03:33.950 30469 30469 I ViewInteraction: Checking 'MatchesViewAssertion(Detox){viewMatcher=(view has effective visibility <VISIBLE> and view.getGlobalVisibleRect() covers at least <75> percent of the view's area)}' assertion on view (view.getTag() is "app-root" and view has effective visibility <VISIBLE>)
04-06 12:03:33.953 30469 30504 I DetoxWSClient: Sending out action 'invokeResult' (ID #54)
04-06 12:03:33.953 30469 30504 I DetoxDispatcher: Done with action 'invoke'
04-06 12:03:33.957 30469 30508 D DetoxWSClient: Received action 'invoke' (ID #55, params={"target":{"type":"Class","value":"com.wix.detox.espresso.DetoxAssertion"},"method":"waitForAssertMatcher","args":[{"type":"Invocation","value":{"target":{"type":"Class","value":"androidx.test.espresso.Espresso"},"method":"onView","args":[{"type":"Invocation","value":{"target":{"type":"Class","value":"com.wix.detox.espresso.DetoxMatcher"},"method":"matcherForTestId","args":["input-peso",{"type":"boolean","value":false}]}}]}},{"type":"Invocation","value":{"target":{"type":"Class","value":"com.wix.detox.espresso.DetoxMatcher"},"method":"matcherForSufficientlyVisible","args":[{"type":"Integer","value":75}]}},{"type":"Double","value":5}]})
04-06 12:03:33.957 30469 30504 I DetoxDispatcher: Handling action 'invoke' (ID #55)...
04-06 12:03:33.957 30469 30504 D Detox   : class com.wix.detox.espresso.DetoxMatcher, matcherForTestId, [input-peso, false]
04-06 12:03:33.958 30469 30504 D Detox   : class androidx.test.espresso.Espresso, onView, [(view.getTag() is "input-peso" and view has effective visibility <VISIBLE>)]
04-06 12:03:33.958 30469 30504 D Detox   : class com.wix.detox.espresso.DetoxMatcher, matcherForSufficientlyVisible, [75]
04-06 12:03:33.959 30469 30504 D Detox   : class com.wix.detox.espresso.DetoxAssertion, waitForAssertMatcher, [androidx.test.espresso.ViewInteraction@fa6f682, (view has effective visibility <VISIBLE> and view.getGlobalVisibleRect() covers at least <75> percent of the view's area), 5.0]
04-06 12:03:33.962 30469 30469 I ViewInteraction: Checking 'MatchesViewAssertion(Detox){viewMatcher=(view has effective visibility <VISIBLE> and view.getGlobalVisibleRect() covers at least <75> percent of the view's area)}' assertion on view (view.getTag() is "input-peso" and view has effective visibility <VISIBLE>)
04-06 12:03:33.978 30469 30504 I DetoxWSClient: Sending out action 'invokeResult' (ID #55)
04-06 12:03:33.978 30469 30504 I DetoxDispatcher: Done with action 'invoke'
04-06 12:03:33.981 30469 30508 D DetoxWSClient: Received action 'invoke' (ID #56, params={"target":{"type":"Class","value":"com.wix.detox.espresso.DetoxAssertion"},"method":"waitForAssertMatcher","args":[{"type":"Invocation","value":{"target":{"type":"Class","value":"androidx.test.espresso.Espresso"},"method":"onView","args":[{"type":"Invocation","value":{"target":{"type":"Class","value":"com.wix.detox.espresso.DetoxMatcher"},"method":"matcherForTestId","args":["input-reps",{"type":"boolean","value":false}]}}]}},{"type":"Invocation","value":{"target":{"type":"Class","value":"com.wix.detox.espresso.DetoxMatcher"},"method":"matcherForSufficientlyVisible","args":[{"type":"Integer","value":75}]}},{"type":"Double","value":5}]})
04-06 12:03:33.982 30469 30504 I DetoxDispatcher: Handling action 'invoke' (ID #56)...
04-06 12:03:33.982 30469 30504 D Detox   : class com.wix.detox.espresso.DetoxMatcher, matcherForTestId, [input-reps, false]
04-06 12:03:33.982 30469 30504 D Detox   : class androidx.test.espresso.Espresso, onView, [(view.getTag() is "input-reps" and view has effective visibility <VISIBLE>)]
04-06 12:03:33.983 30469 30504 D Detox   : class com.wix.detox.espresso.DetoxMatcher, matcherForSufficientlyVisible, [75]
04-06 12:03:33.983 30469 30504 D Detox   : class com.wix.detox.espresso.DetoxAssertion, waitForAssertMatcher, [androidx.test.espresso.ViewInteraction@7af32ef, (view has effective visibility <VISIBLE> and view.getGlobalVisibleRect() covers at least <75> percent of the view's area), 5.0]
04-06 12:03:33.986 30469 30469 I ViewInteraction: Checking 'MatchesViewAssertion(Detox){viewMatcher=(view has effective visibility <VISIBLE> and view.getGlobalVisibleRect() covers at least <75> percent of the view's area)}' assertion on view (view.getTag() is "input-reps" and view has effective visibility <VISIBLE>)
04-06 12:03:33.996 30469 30504 I DetoxWSClient: Sending out action 'invokeResult' (ID #56)
04-06 12:03:33.997 30469 30504 I DetoxDispatcher: Done with action 'invoke'
04-06 12:03:34.000 30469 30508 D DetoxWSClient: Received action 'invoke' (ID #57, params={"target":{"type":"Class","value":"com.wix.detox.espresso.DetoxAssertion"},"method":"waitForAssertMatcher","args":[{"type":"Invocation","value":{"target":{"type":"Class","value":"androidx.test.espresso.Espresso"},"method":"onView","args":[{"type":"Invocation","value":{"target":{"type":"Class","value":"com.wix.detox.espresso.DetoxMatcher"},"method":"matcherForTestId","args":["input-peso",{"type":"boolean","value":false}]}}]}},{"type":"Invocation","value":{"target":{"type":"Class","value":"com.wix.detox.espresso.DetoxMatcher"},"method":"matcherForSufficientlyVisible","args":[{"type":"Integer","value":75}]}},{"type":"Double","value":5}]})
04-06 12:03:34.000 30469 30504 I DetoxDispatcher: Handling action 'invoke' (ID #57)...
04-06 12:03:34.000 30469 30504 D Detox   : class com.wix.detox.espresso.DetoxMatcher, matcherForTestId, [input-peso, false]
04-06 12:03:34.000 30469 30504 D Detox   : class androidx.test.espresso.Espresso, onView, [(view.getTag() is "input-peso" and view has effective visibility <VISIBLE>)]
04-06 12:03:34.001 30469 30504 D Detox   : class com.wix.detox.espresso.DetoxMatcher, matcherForSufficientlyVisible, [75]
04-06 12:03:34.001 30469 30504 D Detox   : class com.wix.detox.espresso.DetoxAssertion, waitForAssertMatcher, [androidx.test.espresso.ViewInteraction@899c085, (view has effective visibility <VISIBLE> and view.getGlobalVisibleRect() covers at least <75> percent of the view's area), 5.0]
04-06 12:03:34.004 30469 30469 I ViewInteraction: Checking 'MatchesViewAssertion(Detox){viewMatcher=(view has effective visibility <VISIBLE> and view.getGlobalVisibleRect() covers at least <75> percent of the view's area)}' assertion on view (view.getTag() is "input-peso" and view has effective visibility <VISIBLE>)
04-06 12:03:34.014 30469 30504 I DetoxWSClient: Sending out action 'invokeResult' (ID #57)
04-06 12:03:34.014 30469 30504 I DetoxDispatcher: Done with action 'invoke'
04-06 12:03:34.017 30469 30508 D DetoxWSClient: Received action 'invoke' (ID #58, params={"target":{"type":"Class","value":"com.wix.detox.espresso.EspressoDetox"},"method":"perform","args":[{"type":"Invocation","value":{"target":{"type":"Class","value":"com.wix.detox.espresso.DetoxMatcher"},"method":"matcherForTestId","args":["input-peso",{"type":"boolean","value":false}]}},{"type":"Invocation","value":{"target":{"type":"Class","value":"com.wix.detox.espresso.DetoxViewActions"},"method":"click","args":[]}}]})
04-06 12:03:34.018 30469 30504 I DetoxDispatcher: Handling action 'invoke' (ID #58)...
04-06 12:03:34.018 30469 30504 D Detox   : class com.wix.detox.espresso.DetoxMatcher, matcherForTestId, [input-peso, false]
04-06 12:03:34.018 30469 30504 D Detox   : class com.wix.detox.espresso.DetoxViewActions, click, []
04-06 12:03:34.018 30469 30504 D Detox   : class com.wix.detox.espresso.EspressoDetox, perform, [(view.getTag() is "input-peso" and view has effective visibility <VISIBLE>), com.wix.detox.espresso.action.RNClickAction@dfdaeda]
04-06 12:03:34.021 30469 30469 I ViewInteraction: Performing 'com.wix.detox.espresso.action.detoxsingletap@6e60f0b click' action on view (view.getTag() is "input-peso" and view has effective visibility <VISIBLE>)
04-06 12:03:34.034 30469 30469 I ViewRootImpl@73623ee[MainActivity]: ViewPostIme pointer 0
04-06 12:03:34.063 30469 30469 I ViewRootImpl@73623ee[MainActivity]: ViewPostIme pointer 1
04-06 12:03:34.089 30469 30469 D InputMethodManager: startInputInner - Id : 0
04-06 12:03:34.089 30469 30469 I InputMethodManager: startInputInner - mService.startInputOrWindowGainedFocus
04-06 12:03:34.093 30469 30469 I IMM_LC  : showSoftInput(View,I)
04-06 12:03:34.093 30469 30469 I IMM_LC  : ssi() - flag : 0 view : com.evolucao.app reason = SHOW_SOFT_INPUT
04-06 12:03:34.113 30469 30521 D NativeCustomFrequencyManager: [NativeCFMS] BpCustomFrequencyManager::BpCustomFrequencyManager()
04-06 12:03:34.118 30469 30469 D InsetsController: onStateChanged: InsetsState: {mDisplayFrame=Rect(0, 0 - 1080, 2400), mDisplayCutout=DisplayCutout{insets=Rect(0, 88 - 0, 0) waterfall=Insets{left=0, top=0, right=0, bottom=0} boundingRect={Bounds=[Rect(0, 0 - 0, 0), Rect(512, 0 - 568, 88), Rect(0, 0 - 0, 0), Rect(0, 0 - 0, 0)]} cutoutPathParserInfo={CutoutPathParserInfo{displayWidth=1080 displayHeight=2400 physicalDisplayWidth=1080 physicalDisplayHeight=2400 density={3.0} cutoutSpec={M 0,0 M 0,10.71963616907435 a 9.280363830925644,9.280363830925644 0 1,0 0,18.56072766185129 a 9.280363830925644,9.280363830925644 0 1,0 0,-18.56072766185129 Z @dp} rotation={0} scale={1.0} physicalPixelDisplaySizeRatio={1.0}}}}, mRoundedCorners=RoundedCorners{[RoundedCorner{position=TopLeft, radius=96, center=Point(96, 96)}, RoundedCorner{position=TopRight, radius=96, center=Point(984, 96)}, RoundedCorner{position=BottomRight, radius=96, center=Point(984, 2304)}, RoundedCorner{position=BottomLeft, radius=96, center=Point(96, 2304)}]}  mRoundedCornerFrame=Rect(0, 0 - 1080, 2400), mPrivacyIndicatorBounds=PrivacyIndicatorBounds {static bounds=Rect(948, 0 - 1080, 88) rotation=0}, mSources= { InsetsSource: {mType=ITYPE_STATUS_BAR, mFrame=[0,0][1080,88], mVisible=true, mInsetsRoundedCornerFrame=false}, InsetsSource: {mType=ITYPE_NAVIGATION_BAR, mFrame=[0,2256][1080,2400], mVisible=true, mInsetsRoundedCornerFrame=false}, InsetsSource: {mType=ITYPE_LEFT_GESTURES, mFrame=[0,0][0,2400], mVisible=true, mInsetsRoundedCornerFrame=false}, InsetsSource: {mType=ITYPE_RIGHT_GESTURES, mFrame=[1080,0][1080,2400], mVisible=true, mInsetsRoundedCornerFrame=false}, InsetsSource: {mType=ITYPE_TOP_MANDATORY_GESTURES, mFrame=[0,0][1080,124], mVisible=true, mInsetsRoundedCornerFrame=false}, InsetsSource: {mType=ITYPE_BOTTOM_MANDATORY_GESTURES, mFrame=[0,2256][1080,2400], mVisible=true, mInsetsRoundedCornerFrame=false}, InsetsSource: {mType=ITYPE_LEFT_DISPLAY_CUTOUT, mFrame=[0,0][-100000,2400], mVisible=true, mInsetsRoundedCornerFrame=false}, InsetsSource: {mType=ITYPE_TOP_DISPLAY_CUTOUT, mFrame=[0,0][1080,88], mVisible=true, mInsetsRoundedCornerFrame=false}, InsetsSource: {mType=ITYPE_RIGHT_DISPLAY_CUTOUT, mFrame=[100000,0][1080,2400], mVisible=true, mInsetsRoundedCornerFrame=false}, InsetsSource: {mType=ITYPE_BOTTOM_DISPLAY_CUTOUT, mFrame=[0,100000][1080,2400], mVisible=true, mInsetsRoundedCornerFrame=false}, InsetsSource: {mType=ITYPE_TOP_TAPPABLE_ELEMENT, mFrame=[0,0][1080,88], mVisible=true, mInsetsRoundedCornerFrame=false}, InsetsSource: {mType=ITYPE_BOTTOM_TAPPABLE_ELEMENT, mFrame=[0,2256][1080,2400], mVisible=true, mInsetsRoundedCornerFrame=false} } host=PopupWindow:d721c7e from=android.view.ViewRootImpl.setView:1732
04-06 12:03:34.121 30469 30469 I ViewRootImpl@5b8b5df[PopupWindow:d721c7e]: setView = android.widget.PopupWindow$PopupDecorView@f1cd0fb TM=false
04-06 12:03:34.123 30469 30521 D NativeCustomFrequencyManager: [NativeCFMS] BpCustomFrequencyManager::BpCustomFrequencyManager()
04-06 12:03:34.126 30469 30469 D InsetsController: onStateChanged: InsetsState: {mDisplayFrame=Rect(0, 0 - 1080, 2400), mDisplayCutout=DisplayCutout{insets=Rect(0, 88 - 0, 0) waterfall=Insets{left=0, top=0, right=0, bottom=0} boundingRect={Bounds=[Rect(0, 0 - 0, 0), Rect(512, 0 - 568, 88), Rect(0, 0 - 0, 0), Rect(0, 0 - 0, 0)]} cutoutPathParserInfo={CutoutPathParserInfo{displayWidth=1080 displayHeight=2400 physicalDisplayWidth=1080 physicalDisplayHeight=2400 density={3.0} cutoutSpec={M 0,0 M 0,10.71963616907435 a 9.280363830925644,9.280363830925644 0 1,0 0,18.56072766185129 a 9.280363830925644,9.280363830925644 0 1,0 0,-18.56072766185129 Z @dp} rotation={0} scale={1.0} physicalPixelDisplaySizeRatio={1.0}}}}, mRoundedCorners=RoundedCorners{[RoundedCorner{position=TopLeft, radius=96, center=Point(96, 96)}, RoundedCorner{position=TopRight, radius=96, center=Point(984, 96)}, RoundedCorner{position=BottomRight, radius=96, center=Point(984, 2304)}, RoundedCorner{position=BottomLeft, radius=96, center=Point(96, 2304)}]}  mRoundedCornerFrame=Rect(0, 0 - 1080, 2400), mPrivacyIndicatorBounds=PrivacyIndicatorBounds {static bounds=Rect(948, 0 - 1080, 88) rotation=0}, mSources= { InsetsSource: {mType=ITYPE_STATUS_BAR, mFrame=[0,0][1080,88], mVisible=true, mInsetsRoundedCornerFrame=false}, InsetsSource: {mType=ITYPE_NAVIGATION_BAR, mFrame=[0,2256][1080,2400], mVisible=true, mInsetsRoundedCornerFrame=false}, InsetsSource: {mType=ITYPE_LEFT_GESTURES, mFrame=[0,0][0,2400], mVisible=true, mInsetsRoundedCornerFrame=false}, InsetsSource: {mType=ITYPE_RIGHT_GESTURES, mFrame=[1080,0][1080,2400], mVisible=true, mInsetsRoundedCornerFrame=false}, InsetsSource: {mType=ITYPE_TOP_MANDATORY_GESTURES, mFrame=[0,0][1080,124], mVisible=true, mInsetsRoundedCornerFrame=false}, InsetsSource: {mType=ITYPE_BOTTOM_MANDATORY_GESTURES, mFrame=[0,2256][1080,2400], mVisible=true, mInsetsRoundedCornerFrame=false}, InsetsSource: {mType=ITYPE_LEFT_DISPLAY_CUTOUT, mFrame=[0,0][-100000,2400], mVisible=true, mInsetsRoundedCornerFrame=false}, InsetsSource: {mType=ITYPE_TOP_DISPLAY_CUTOUT, mFrame=[0,0][1080,88], mVisible=true, mInsetsRoundedCornerFrame=false}, InsetsSource: {mType=ITYPE_RIGHT_DISPLAY_CUTOUT, mFrame=[100000,0][1080,2400], mVisible=true, mInsetsRoundedCornerFrame=false}, InsetsSource: {mType=ITYPE_BOTTOM_DISPLAY_CUTOUT, mFrame=[0,100000][1080,2400], mVisible=true, mInsetsRoundedCornerFrame=false}, InsetsSource: {mType=ITYPE_TOP_TAPPABLE_ELEMENT, mFrame=[0,0][1080,88], mVisible=true, mInsetsRoundedCornerFrame=false}, InsetsSource: {mType=ITYPE_BOTTOM_TAPPABLE_ELEMENT, mFrame=[0,2256][1080,2400], mVisible=true, mInsetsRoundedCornerFrame=false} } host=PopupWindow:13acb71 from=android.view.ViewRootImpl.setView:1732
04-06 12:03:34.128 30469 30469 I ViewRootImpl@a6b3d56[PopupWindow:13acb71]: setView = android.widget.PopupWindow$PopupDecorView@ef5d8e2 TM=false
04-06 12:03:34.140 30469 30469 I IMM_LC  : showSoftInput(View,I)
04-06 12:03:34.140 30469 30469 I IMM_LC  : ssi() - flag : 0 view : com.evolucao.app reason = SHOW_SOFT_INPUT
04-06 12:03:34.143 30469 30469 I ViewRootImpl@5b8b5df[PopupWindow:d721c7e]: performTraversals params={(231,1797)(90x108) gr=TOP START CENTER sim={state=unchanged adjust=pan} ty=APPLICATION_SUB_PANEL fmt=TRANSLUCENT wanim=0x1030313 surfaceInsets=Rect(0, 0 - 0, 0) (manual)
04-06 12:03:34.143 30469 30469 I ViewRootImpl@5b8b5df[PopupWindow:d721c7e]:   fl=41800208
04-06 12:03:34.143 30469 30469 I ViewRootImpl@5b8b5df[PopupWindow:d721c7e]:   pfl=2018000
04-06 12:03:34.143 30469 30469 I ViewRootImpl@5b8b5df[PopupWindow:d721c7e]:   bhv=DEFAULT
04-06 12:03:34.143 30469 30469 I ViewRootImpl@5b8b5df[PopupWindow:d721c7e]:   fitTypes=STATUS_BARS NAVIGATION_BARS CAPTION_BAR naviIconColor=0
04-06 12:03:34.143 30469 30469 I ViewRootImpl@5b8b5df[PopupWindow:d721c7e]:   sfl=20000}
04-06 12:03:34.143 30469 30469 I ViewRootImpl@5b8b5df[PopupWindow:d721c7e]: performTraversals mFirst=true windowShouldResize=true viewVisibilityChanged=false mForceNextWindowRelayout=false params={(231,1797)(90x108) gr=TOP START CENTER sim={state=unchanged adjust=pan} ty=APPLICATION_SUB_PANEL fmt=TRANSLUCENT wanim=0x1030313 surfaceInsets=Rect(0, 0 - 0, 0) (manual)
04-06 12:03:34.143 30469 30469 I ViewRootImpl@5b8b5df[PopupWindow:d721c7e]:   fl=41800208
04-06 12:03:34.143 30469 30469 I ViewRootImpl@5b8b5df[PopupWindow:d721c7e]:   pfl=42018000
04-06 12:03:34.143 30469 30469 I ViewRootImpl@5b8b5df[PopupWindow:d721c7e]:   bhv=DEFAULT
04-06 12:03:34.143 30469 30469 I ViewRootImpl@5b8b5df[PopupWindow:d721c7e]:   fitTypes=STATUS_BARS NAVIGATION_BARS CAPTION_BAR naviIconColor=0
04-06 12:03:34.143 30469 30469 I ViewRootImpl@5b8b5df[PopupWindow:d721c7e]:   sfl=20000}
04-06 12:03:34.148 30469 30706 I ViewRootImpl@5b8b5df[PopupWindow:d721c7e]: Resizing android.view.ViewRootImpl@413a518: frame = [231,1797][321,1905] reportDraw = true forceLayout = false syncSeqId = 0
04-06 12:03:34.150 30469 30469 I ViewRootImpl@5b8b5df[PopupWindow:d721c7e]: updateBlastSurfaceIfNeeded mBlastBufferQueue=null isSameSurfaceControl=false
04-06 12:03:34.151 30469 30469 I BLASTBufferQueue: new BLASTBufferQueue, mName= ViewRootImpl@5b8b5df[PopupWindow:d721c7e] mNativeObject= 0xb4000070a0b58580 sc.mNativeObject= 0xb40000704425e280 caller= android.view.ViewRootImpl.updateBlastSurfaceIfNeeded:2909 android.view.ViewRootImpl.relayoutWindow:9847 android.view.ViewRootImpl.performTraversals:3884 android.view.ViewRootImpl.doTraversal:3116 android.view.ViewRootImpl$TraversalRunnable.run:10885 android.view.Choreographer$CallbackRecord.run:1301 android.view.Choreographer$CallbackRecord.run:1309 android.view.Choreographer.doCallbacks:923 android.view.Choreographer.doFrame:852 android.view.Choreographer$FrameDisplayEventReceiver.run:1283 
04-06 12:03:34.151 30469 30469 I BLASTBufferQueue: update, w= 90 h= 108 mName = ViewRootImpl@5b8b5df[PopupWindow:d721c7e] mNativeObject= 0xb4000070a0b58580 sc.mNativeObject= 0xb40000704425e280 format= -3 caller= android.graphics.BLASTBufferQueue.<init>:84 android.view.ViewRootImpl.updateBlastSurfaceIfNeeded:2909 android.view.ViewRootImpl.relayoutWindow:9847 android.view.ViewRootImpl.performTraversals:3884 android.view.ViewRootImpl.doTraversal:3116 android.view.ViewRootImpl$TraversalRunnable.run:10885 
04-06 12:03:34.151 30469 30469 I ViewRootImpl@5b8b5df[PopupWindow:d721c7e]: Relayout returned: old=(231,1797,321,1905) new=(231,1797,321,1905) req=(90,108)0 dur=7 res=0x3 s={true 0xb4000070441d7800} ch=true seqId=0
04-06 12:03:34.152 30469 30469 I ViewRootImpl@5b8b5df[PopupWindow:d721c7e]: mThreadedRenderer.initialize() mSurface={isValid=true 0xb4000070441d7800} hwInitialized=true
04-06 12:03:34.152 30469 30521 D OpenGLRenderer: eglCreateWindowSurface
04-06 12:03:34.154 30469 30469 I ViewRootImpl@5b8b5df[PopupWindow:d721c7e]: reportNextDraw android.view.ViewRootImpl.performTraversals:4438 android.view.ViewRootImpl.doTraversal:3116 android.view.ViewRootImpl$TraversalRunnable.run:10885 android.view.Choreographer$CallbackRecord.run:1301 android.view.Choreographer$CallbackRecord.run:1309 
04-06 12:03:34.154 30469 30469 I ViewRootImpl@5b8b5df[PopupWindow:d721c7e]: Setup new sync id=0
04-06 12:03:34.154 30469 30469 I ViewRootImpl@5b8b5df[PopupWindow:d721c7e]: Setting syncFrameCallback
04-06 12:03:34.154 30469 30469 I ViewRootImpl@5b8b5df[PopupWindow:d721c7e]: registerCallbacksForSync syncBuffer=false
04-06 12:03:34.157 30469 30544 I ViewRootImpl@5b8b5df[PopupWindow:d721c7e]: Received frameDrawingCallback syncResult=0 frameNum=1.
04-06 12:03:34.157 30469 30544 I ViewRootImpl@5b8b5df[PopupWindow:d721c7e]: Setting up sync and frameCommitCallback
04-06 12:03:34.163 30469 30521 I BLASTBufferQueue: [ViewRootImpl@5b8b5df[PopupWindow:d721c7e]#2](f:0,a:0) onFrameAvailable the first frame is available
04-06 12:03:34.164 30469 30521 I ViewRootImpl@5b8b5df[PopupWindow:d721c7e]: Received frameCommittedCallback lastAttemptedDrawFrameNum=1 didProduceBuffer=true
04-06 12:03:34.164 30469 30521 D OpenGLRenderer: CFMS:: SetUp Pid : 30469    Tid : 30521
04-06 12:03:34.165 30469 30521 W Parcel  : Expecting binder but got null!
04-06 12:03:34.165 30469 30469 I ViewRootImpl@5b8b5df[PopupWindow:d721c7e]: onSyncComplete
04-06 12:03:34.166 30469 30469 I ViewRootImpl@5b8b5df[PopupWindow:d721c7e]: setupSync seqId=0 mSyncId=0 fn=1 caller=android.view.ViewRootImpl$$ExternalSyntheticLambda11.accept:6 android.window.SurfaceSyncer.lambda$setupSync$1$android-window-SurfaceSyncer:128 android.window.SurfaceSyncer$$ExternalSyntheticLambda1.accept:8 android.window.SurfaceSyncer$SyncSet.checkIfSyncIsComplete:382 android.window.SurfaceSyncer$SyncSet.markSyncReady:359 android.window.SurfaceSyncer.markSyncReady:151 android.view.ViewRootImpl.performTraversals:4503 
04-06 12:03:34.167 30469 30469 I ViewRootImpl@a6b3d56[PopupWindow:13acb71]: performTraversals params={(231,1703)(90x94) gr=TOP START CENTER sim={state=unchanged adjust=pan} ty=APPLICATION_SUB_PANEL fmt=TRANSLUCENT wanim=0x1030313 surfaceInsets=Rect(0, 0 - 0, 0) (manual)
04-06 12:03:34.167 30469 30469 I ViewRootImpl@a6b3d56[PopupWindow:13acb71]:   fl=41800218
04-06 12:03:34.167 30469 30469 I ViewRootImpl@a6b3d56[PopupWindow:13acb71]:   pfl=2018000
04-06 12:03:34.167 30469 30469 I ViewRootImpl@a6b3d56[PopupWindow:13acb71]:   bhv=DEFAULT
04-06 12:03:34.167 30469 30469 I ViewRootImpl@a6b3d56[PopupWindow:13acb71]:   fitTypes=STATUS_BARS NAVIGATION_BARS CAPTION_BAR naviIconColor=0
04-06 12:03:34.167 30469 30469 I ViewRootImpl@a6b3d56[PopupWindow:13acb71]:   sfl=20000}
04-06 12:03:34.168 30469 30469 I ViewRootImpl@a6b3d56[PopupWindow:13acb71]: performTraversals mFirst=true windowShouldResize=true viewVisibilityChanged=false mForceNextWindowRelayout=false params={(231,1703)(90x94) gr=TOP START CENTER sim={state=unchanged adjust=pan} ty=APPLICATION_SUB_PANEL fmt=TRANSLUCENT wanim=0x1030313 surfaceInsets=Rect(0, 0 - 0, 0) (manual)
04-06 12:03:34.168 30469 30469 I ViewRootImpl@a6b3d56[PopupWindow:13acb71]:   fl=41800218
04-06 12:03:34.168 30469 30469 I ViewRootImpl@a6b3d56[PopupWindow:13acb71]:   pfl=42018000
04-06 12:03:34.168 30469 30469 I ViewRootImpl@a6b3d56[PopupWindow:13acb71]:   bhv=DEFAULT
04-06 12:03:34.168 30469 30469 I ViewRootImpl@a6b3d56[PopupWindow:13acb71]:   fitTypes=STATUS_BARS NAVIGATION_BARS CAPTION_BAR naviIconColor=0
04-06 12:03:34.168 30469 30469 I ViewRootImpl@a6b3d56[PopupWindow:13acb71]:   sfl=20000}
04-06 12:03:34.172 30469 30706 I ViewRootImpl@a6b3d56[PopupWindow:13acb71]: Resizing android.view.ViewRootImpl@78e6473: frame = [231,1703][321,1797] reportDraw = true forceLayout = false syncSeqId = 0
04-06 12:03:34.174 30469 30469 I ViewRootImpl@a6b3d56[PopupWindow:13acb71]: updateBlastSurfaceIfNeeded mBlastBufferQueue=null isSameSurfaceControl=false
04-06 12:03:34.174 30469 30469 I BLASTBufferQueue: new BLASTBufferQueue, mName= ViewRootImpl@a6b3d56[PopupWindow:13acb71] mNativeObject= 0xb4000070a0b58900 sc.mNativeObject= 0xb4000070a7126140 caller= android.view.ViewRootImpl.updateBlastSurfaceIfNeeded:2909 android.view.ViewRootImpl.relayoutWindow:9847 android.view.ViewRootImpl.performTraversals:3884 android.view.ViewRootImpl.doTraversal:3116 android.view.ViewRootImpl$TraversalRunnable.run:10885 android.view.Choreographer$CallbackRecord.run:1301 android.view.Choreographer$CallbackRecord.run:1309 android.view.Choreographer.doCallbacks:923 android.view.Choreographer.doFrame:852 android.view.Choreographer$FrameDisplayEventReceiver.run:1283 
04-06 12:03:34.174 30469 30469 I BLASTBufferQueue: update, w= 90 h= 94 mName = ViewRootImpl@a6b3d56[PopupWindow:13acb71] mNativeObject= 0xb4000070a0b58900 sc.mNativeObject= 0xb4000070a7126140 format= -3 caller= android.graphics.BLASTBufferQueue.<init>:84 android.view.ViewRootImpl.updateBlastSurfaceIfNeeded:2909 android.view.ViewRootImpl.relayoutWindow:9847 android.view.ViewRootImpl.performTraversals:3884 android.view.ViewRootImpl.doTraversal:3116 android.view.ViewRootImpl$TraversalRunnable.run:10885 
04-06 12:03:34.175 30469 30469 I ViewRootImpl@a6b3d56[PopupWindow:13acb71]: Relayout returned: old=(231,1703,321,1797) new=(231,1703,321,1797) req=(90,94)0 dur=6 res=0x3 s={true 0xb4000069f40cc000} ch=true seqId=0
04-06 12:03:34.175 30469 30469 I ViewRootImpl@a6b3d56[PopupWindow:13acb71]: mThreadedRenderer.initialize() mSurface={isValid=true 0xb4000069f40cc000} hwInitialized=true
04-06 12:03:34.175 30469 30521 D OpenGLRenderer: eglCreateWindowSurface
04-06 12:03:34.177 30469 30469 I ViewRootImpl@a6b3d56[PopupWindow:13acb71]: reportNextDraw android.view.ViewRootImpl.performTraversals:4438 android.view.ViewRootImpl.doTraversal:3116 android.view.ViewRootImpl$TraversalRunnable.run:10885 android.view.Choreographer$CallbackRecord.run:1301 android.view.Choreographer$CallbackRecord.run:1309 
04-06 12:03:34.177 30469 30469 I ViewRootImpl@a6b3d56[PopupWindow:13acb71]: Setup new sync id=0
04-06 12:03:34.177 30469 30469 I ViewRootImpl@a6b3d56[PopupWindow:13acb71]: Setting syncFrameCallback
04-06 12:03:34.177 30469 30469 I ViewRootImpl@a6b3d56[PopupWindow:13acb71]: registerCallbacksForSync syncBuffer=false
04-06 12:03:34.177 30469 30545 I ViewRootImpl@a6b3d56[PopupWindow:13acb71]: Received frameDrawingCallback syncResult=0 frameNum=1.
04-06 12:03:34.177 30469 30545 I ViewRootImpl@a6b3d56[PopupWindow:13acb71]: Setting up sync and frameCommitCallback
04-06 12:03:34.178 30469 30521 I BLASTBufferQueue: [ViewRootImpl@a6b3d56[PopupWindow:13acb71]#3](f:0,a:0) onFrameAvailable the first frame is available
04-06 12:03:34.178 30469 30521 I ViewRootImpl@a6b3d56[PopupWindow:13acb71]: Received frameCommittedCallback lastAttemptedDrawFrameNum=1 didProduceBuffer=true
04-06 12:03:34.179 30469 30521 D OpenGLRenderer: CFMS:: SetUp Pid : 30469    Tid : 30521
04-06 12:03:34.179 30469 30521 W Parcel  : Expecting binder but got null!
04-06 12:03:34.179 30469 30469 I ViewRootImpl@a6b3d56[PopupWindow:13acb71]: onSyncComplete
04-06 12:03:34.179 30469 30469 I ViewRootImpl@a6b3d56[PopupWindow:13acb71]: setupSync seqId=0 mSyncId=0 fn=1 caller=android.view.ViewRootImpl$$ExternalSyntheticLambda11.accept:6 android.window.SurfaceSyncer.lambda$setupSync$1$android-window-SurfaceSyncer:128 android.window.SurfaceSyncer$$ExternalSyntheticLambda1.accept:8 android.window.SurfaceSyncer$SyncSet.checkIfSyncIsComplete:382 android.window.SurfaceSyncer$SyncSet.markSyncReady:359 android.window.SurfaceSyncer.markSyncReady:151 android.view.ViewRootImpl.performTraversals:4503 
04-06 12:03:34.180 30469 30469 I ViewRootImpl@a6b3d56[PopupWindow:13acb71]: reportDrawFinished seqId=0 mSyncId=-1 fn=1 mSurfaceChangedTransaction=0xb4000070a7167e00
04-06 12:03:34.180 30469 30469 I ViewRootImpl@5b8b5df[PopupWindow:d721c7e]: reportDrawFinished seqId=0 mSyncId=-1 fn=1 mSurfaceChangedTransaction=0xb4000070a7167300
04-06 12:03:34.181 30469 30469 I ViewRootImpl@5b8b5df[PopupWindow:d721c7e]: handleResized, msg = 5 frames=ClientWindowFrames{frame=[231,1797][321,1905] display=[-100000,-100000][100000,100000] parentFrame=[0,0][0,0] parentClippedByDisplayCutout=false} forceNextWindowRelayout=false displayId=0 resizeMode=-1 frameChanged=false displayFrameChanged=false configChanged=false displayChanged=false
04-06 12:03:34.181 30469 30469 I ViewRootImpl@5b8b5df[PopupWindow:d721c7e]: handleResized mSyncSeqId = 0
04-06 12:03:34.181 30469 30469 I ViewRootImpl@5b8b5df[PopupWindow:d721c7e]: reportNextDraw android.view.ViewRootImpl.handleResized:2450 android.view.ViewRootImpl.-$$Nest$mhandleResized:0 android.view.ViewRootImpl$ViewRootHandler.handleMessageImpl:6728 android.view.ViewRootImpl$ViewRootHandler.handleMessage:6697 android.os.Handler.dispatchMessage:106 
04-06 12:03:34.182 30469 30469 I ViewRootImpl@5b8b5df[PopupWindow:d721c7e]: Setup new sync id=1
04-06 12:03:34.182 30469 30469 I ViewRootImpl@5b8b5df[PopupWindow:d721c7e]: Setting syncFrameCallback
04-06 12:03:34.182 30469 30469 I ViewRootImpl@5b8b5df[PopupWindow:d721c7e]: registerCallbacksForSync syncBuffer=false
04-06 12:03:34.188 30469 30544 I ViewRootImpl@5b8b5df[PopupWindow:d721c7e]: Received frameDrawingCallback syncResult=0 frameNum=2.
04-06 12:03:34.188 30469 30544 I ViewRootImpl@5b8b5df[PopupWindow:d721c7e]: Setting up sync and frameCommitCallback
04-06 12:03:34.189 30469 30521 I ViewRootImpl@5b8b5df[PopupWindow:d721c7e]: Received frameCommittedCallback lastAttemptedDrawFrameNum=2 didProduceBuffer=true
04-06 12:03:34.189 30469 30469 I ViewRootImpl@5b8b5df[PopupWindow:d721c7e]: onSyncComplete
04-06 12:03:34.189 30469 30469 I ViewRootImpl@5b8b5df[PopupWindow:d721c7e]: setupSync seqId=0 mSyncId=1 fn=2 caller=android.view.ViewRootImpl$$ExternalSyntheticLambda11.accept:6 android.window.SurfaceSyncer.lambda$setupSync$1$android-window-SurfaceSyncer:128 android.window.SurfaceSyncer$$ExternalSyntheticLambda1.accept:8 android.window.SurfaceSyncer$SyncSet.checkIfSyncIsComplete:382 android.window.SurfaceSyncer$SyncSet.markSyncReady:359 android.window.SurfaceSyncer.markSyncReady:151 android.view.ViewRootImpl.performTraversals:4503 
04-06 12:03:34.190 30469 30469 I ViewRootImpl@5b8b5df[PopupWindow:d721c7e]: reportDrawFinished seqId=0 mSyncId=-1 fn=2 mSurfaceChangedTransaction=0xb4000070a7167300
04-06 12:03:34.190 30469 30469 I ViewRootImpl@a6b3d56[PopupWindow:13acb71]: handleResized, msg = 5 frames=ClientWindowFrames{frame=[231,1703][321,1797] display=[-100000,-100000][100000,100000] parentFrame=[0,0][0,0] parentClippedByDisplayCutout=false} forceNextWindowRelayout=false displayId=0 resizeMode=-1 frameChanged=false displayFrameChanged=false configChanged=false displayChanged=false
04-06 12:03:34.190 30469 30469 I ViewRootImpl@a6b3d56[PopupWindow:13acb71]: handleResized mSyncSeqId = 0
04-06 12:03:34.190 30469 30469 I ViewRootImpl@a6b3d56[PopupWindow:13acb71]: reportNextDraw android.view.ViewRootImpl.handleResized:2450 android.view.ViewRootImpl.-$$Nest$mhandleResized:0 android.view.ViewRootImpl$ViewRootHandler.handleMessageImpl:6728 android.view.ViewRootImpl$ViewRootHandler.handleMessage:6697 android.os.Handler.dispatchMessage:106 
04-06 12:03:34.192 30469 30469 I ViewRootImpl@a6b3d56[PopupWindow:13acb71]: Setup new sync id=1
04-06 12:03:34.192 30469 30469 I ViewRootImpl@a6b3d56[PopupWindow:13acb71]: Setting syncFrameCallback
04-06 12:03:34.192 30469 30469 I ViewRootImpl@a6b3d56[PopupWindow:13acb71]: registerCallbacksForSync syncBuffer=false
04-06 12:03:34.195 30469 30545 I ViewRootImpl@a6b3d56[PopupWindow:13acb71]: Received frameDrawingCallback syncResult=0 frameNum=2.
04-06 12:03:34.195 30469 30545 I ViewRootImpl@a6b3d56[PopupWindow:13acb71]: Setting up sync and frameCommitCallback
04-06 12:03:34.195 30469 30521 I ViewRootImpl@a6b3d56[PopupWindow:13acb71]: Received frameCommittedCallback lastAttemptedDrawFrameNum=2 didProduceBuffer=true
04-06 12:03:34.195 30469 30469 I ViewRootImpl@a6b3d56[PopupWindow:13acb71]: onSyncComplete
04-06 12:03:34.196 30469 30469 I ViewRootImpl@a6b3d56[PopupWindow:13acb71]: setupSync seqId=0 mSyncId=1 fn=2 caller=android.view.ViewRootImpl$$ExternalSyntheticLambda11.accept:6 android.window.SurfaceSyncer.lambda$setupSync$1$android-window-SurfaceSyncer:128 android.window.SurfaceSyncer$$ExternalSyntheticLambda1.accept:8 android.window.SurfaceSyncer$SyncSet.checkIfSyncIsComplete:382 android.window.SurfaceSyncer$SyncSet.markSyncReady:359 android.window.SurfaceSyncer.markSyncReady:151 android.view.ViewRootImpl.performTraversals:4503 
04-06 12:03:34.197 30469 30469 I ViewRootImpl@a6b3d56[PopupWindow:13acb71]: reportDrawFinished seqId=0 mSyncId=-1 fn=2 mSurfaceChangedTransaction=0xb4000070a7167e00
04-06 12:03:34.206 30469 30469 W OnBackInvokedCallback: OnBackInvokedCallback is not enabled for the application.
04-06 12:03:34.206 30469 30469 W OnBackInvokedCallback: Set 'android:enableOnBackInvokedCallback="true"' in the application manifest.
04-06 12:03:34.223 30469 30706 I ViewRootImpl@5b8b5df[PopupWindow:d721c7e]: Resizing android.view.ViewRootImpl@413a518: frame = [231,1797][321,1905] reportDraw = false forceLayout = false syncSeqId = 0
04-06 12:03:34.223 30469 30469 I ViewRootImpl@5b8b5df[PopupWindow:d721c7e]: handleResized, msg = 4 frames=ClientWindowFrames{frame=[231,1797][321,1905] display=[-100000,-100000][100000,100000] parentFrame=[0,0][0,0] parentClippedByDisplayCutout=false} forceNextWindowRelayout=false displayId=0 resizeMode=-1 frameChanged=false displayFrameChanged=false configChanged=false displayChanged=false
04-06 12:03:34.224 30469 30586 I ViewRootImpl@73623ee[MainActivity]: Resizing android.view.ViewRootImpl@25a16ab: frame = [0,0][1080,2400] reportDraw = false forceLayout = false syncSeqId = 0
04-06 12:03:34.225 30469 30469 D InsetsController: onStateChanged: InsetsState: {mDisplayFrame=Rect(0, 0 - 1080, 2400), mDisplayCutout=DisplayCutout{insets=Rect(0, 88 - 0, 0) waterfall=Insets{left=0, top=0, right=0, bottom=0} boundingRect={Bounds=[Rect(0, 0 - 0, 0), Rect(512, 0 - 568, 88), Rect(0, 0 - 0, 0), Rect(0, 0 - 0, 0)]} cutoutPathParserInfo={CutoutPathParserInfo{displayWidth=1080 displayHeight=2400 physicalDisplayWidth=1080 physicalDisplayHeight=2400 density={3.0} cutoutSpec={M 0,0 M 0,10.71963616907435 a 9.280363830925644,9.280363830925644 0 1,0 0,18.56072766185129 a 9.280363830925644,9.280363830925644 0 1,0 0,-18.56072766185129 Z @dp} rotation={0} scale={1.0} physicalPixelDisplaySizeRatio={1.0}}}}, mRoundedCorners=RoundedCorners{[RoundedCorner{position=TopLeft, radius=96, center=Point(96, 96)}, RoundedCorner{position=TopRight, radius=96, center=Point(984, 96)}, RoundedCorner{position=BottomRight, radius=96, center=Point(984, 2304)}, RoundedCorner{position=BottomLeft, radius=96, center=Point(96, 2304)}]}  mRoundedCornerFrame=Rect(0, 0 - 1080, 2400), mPrivacyIndicatorBounds=PrivacyIndicatorBounds {static bounds=Rect(948, 0 - 1080, 88) rotation=0}, mSources= { InsetsSource: {mType=ITYPE_STATUS_BAR, mFrame=[0,0][1080,88], mVisible=true, mInsetsRoundedCornerFrame=false}, InsetsSource: {mType=ITYPE_NAVIGATION_BAR, mFrame=[0,2256][1080,2400], mVisible=true, mInsetsRoundedCornerFrame=false}, InsetsSource: {mType=ITYPE_LEFT_GESTURES, mFrame=[0,0][0,2400], mVisible=true, mInsetsRoundedCornerFrame=false}, InsetsSource: {mType=ITYPE_RIGHT_GESTURES, mFrame=[1080,0][1080,2400], mVisible=true, mInsetsRoundedCornerFrame=false}, InsetsSource: {mType=ITYPE_TOP_MANDATORY_GESTURES, mFrame=[0,0][1080,124], mVisible=true, mInsetsRoundedCornerFrame=false}, InsetsSource: {mType=ITYPE_BOTTOM_MANDATORY_GESTURES, mFrame=[0,2256][1080,2400], mVisible=true, mInsetsRoundedCornerFrame=false}, InsetsSource: {mType=ITYPE_LEFT_DISPLAY_CUTOUT, mFrame=[0,0][-100000,2400], mVisible=true, mInsetsRoundedCornerFrame=false}, InsetsSource: {mType=ITYPE_TOP_DISPLAY_CUTOUT, mFrame=[0,0][1080,88], mVisible=true, mInsetsRoundedCornerFrame=false}, InsetsSource: {mType=ITYPE_RIGHT_DISPLAY_CUTOUT, mFrame=[100000,0][1080,2400], mVisible=true, mInsetsRoundedCornerFrame=false}, InsetsSource: {mType=ITYPE_BOTTOM_DISPLAY_CUTOUT, mFrame=[0,100000][1080,2400], mVisible=true, mInsetsRoundedCornerFrame=false}, InsetsSource: {mType=ITYPE_TOP_TAPPABLE_ELEMENT, mFrame=[0,0][1080,88], mVisible=true, mInsetsRoundedCornerFrame=false}, InsetsSource: {mType=ITYPE_BOTTOM_TAPPABLE_ELEMENT, mFrame=[0,2256][1080,2400], mVisible=true, mInsetsRoundedCornerFrame=false}, InsetsSource: {mType=ITYPE_IME, mFrame=[0,1374][1080,2400], mVisibleFrame=[0,1374][1080,2400], mVisible=false, mInsetsRoundedCornerFrame=false} } host=com.evolucao.app/com.evolucao.app.MainActivity from=android.view.ViewRootImpl$ViewRootHandler.handleMessageImpl:6727
04-06 12:03:34.225 30469 30482 I ViewRootImpl@a6b3d56[PopupWindow:13acb71]: Resizing android.view.ViewRootImpl@78e6473: frame = [231,1703][321,1797] reportDraw = false forceLayout = false syncSeqId = 0
04-06 12:03:34.225 30469 30469 I ViewRootImpl@73623ee[MainActivity]: handleResized, msg = 4 frames=ClientWindowFrames{frame=[0,0][1080,2400] display=[0,0][1080,2400] parentFrame=[0,0][0,0] parentClippedByDisplayCutout=false} forceNextWindowRelayout=false displayId=0 resizeMode=-1 frameChanged=false displayFrameChanged=false configChanged=false displayChanged=false
04-06 12:03:34.225 30469 30469 I ViewRootImpl@a6b3d56[PopupWindow:13acb71]: handleResized, msg = 4 frames=ClientWindowFrames{frame=[231,1703][321,1797] display=[-100000,-100000][100000,100000] parentFrame=[0,0][0,0] parentClippedByDisplayCutout=false} forceNextWindowRelayout=false displayId=0 resizeMode=-1 frameChanged=false displayFrameChanged=false configChanged=false displayChanged=false
04-06 12:03:34.247 30469 30469 D InsetsController: show(ime(), fromIme=true)
04-06 12:03:34.248 30469 30469 D InsetsController: controlAnimationUnchecked: Added types=8 animType=0 host=com.evolucao.app/com.evolucao.app.MainActivity from=android.view.InsetsController.applyAnimation:1576 android.view.InsetsController.applyAnimation:1557 android.view.InsetsController.show:1063 
04-06 12:03:34.248 30469 30469 D InsetsSourceConsumer: setRequestedVisible: visible=true, type=19, host=com.evolucao.app/com.evolucao.app.MainActivity, from=android.view.InsetsSourceConsumer.show:250 android.view.ImeInsetsSourceConsumer.show:82 android.view.InsetsController.showDirectly:1609 android.view.InsetsController.controlAnimationUnchecked:1232 android.view.InsetsController.applyAnimation:1576 android.view.InsetsController.applyAnimation:1557 android.view.InsetsController.show:1063 android.view.ViewRootImpl$ViewRootHandler.handleMessageImpl:6761 android.view.ViewRootImpl$ViewRootHandler.handleMessage:6697 android.os.Handler.dispatchMessage:106 
04-06 12:03:34.263 30469 30483 I ViewRootImpl@a6b3d56[PopupWindow:13acb71]: Resizing android.view.ViewRootImpl@78e6473: frame = [231,1703][321,1797] reportDraw = false forceLayout = false syncSeqId = 0
04-06 12:03:34.264 30469 30482 I ViewRootImpl@5b8b5df[PopupWindow:d721c7e]: Resizing android.view.ViewRootImpl@413a518: frame = [231,1797][321,1905] reportDraw = false forceLayout = false syncSeqId = 0
