04-06 11:59:28.987 27920 27958 D Detox   : class com.wix.detox.espresso.DetoxAssertion, waitForAssertMatcher, [androidx.test.espresso.ViewInteraction@b6e1d52, (view has effective visibility <VISIBLE> and view.getGlobalVisibleRect() covers at least <75> percent of the view's area), 5.0]
04-06 11:59:28.989 27920 27920 I ViewInteraction: Checking 'MatchesViewAssertion(Detox){viewMatcher=(view has effective visibility <VISIBLE> and view.getGlobalVisibleRect() covers at least <75> percent of the view's area)}' assertion on view (view.getTag() is "app-root" and view has effective visibility <VISIBLE>)
04-06 11:59:28.991 27920 27958 I DetoxWSClient: Sending out action 'invokeResult' (ID #48)
04-06 11:59:28.991 27920 27958 I DetoxDispatcher: Done with action 'invoke'
04-06 11:59:28.994 27920 27962 D DetoxWSClient: Received action 'invoke' (ID #49, params={"target":{"type":"Class","value":"com.wix.detox.espresso.DetoxAssertion"},"method":"assertMatcher","args":[{"type":"Invocation","value":{"target":{"type":"Class","value":"androidx.test.espresso.Espresso"},"method":"onView","args":[{"type":"Invocation","value":{"target":{"type":"Class","value":"com.wix.detox.espresso.DetoxMatcher"},"method":"matcherForTestId","args":["app-root",{"type":"boolean","value":false}]}}]}},{"type":"Invocation","value":{"target":{"type":"Class","value":"com.wix.detox.espresso.DetoxMatcher"},"method":"matcherForSufficientlyVisible","args":[{"type":"Integer","value":75}]}}]})
04-06 11:59:28.994 27920 27958 I DetoxDispatcher: Handling action 'invoke' (ID #49)...
04-06 11:59:28.994 27920 27958 D Detox   : class com.wix.detox.espresso.DetoxMatcher, matcherForTestId, [app-root, false]
04-06 11:59:28.995 27920 27958 D Detox   : class androidx.test.espresso.Espresso, onView, [(view.getTag() is "app-root" and view has effective visibility <VISIBLE>)]
04-06 11:59:28.995 27920 27958 D Detox   : class com.wix.detox.espresso.DetoxMatcher, matcherForSufficientlyVisible, [75]
04-06 11:59:28.995 27920 27958 D Detox   : class com.wix.detox.espresso.DetoxAssertion, assertMatcher, [androidx.test.espresso.ViewInteraction@a3da823, (view has effective visibility <VISIBLE> and view.getGlobalVisibleRect() covers at least <75> percent of the view's area)]
04-06 11:59:28.997 27920 27920 I ViewInteraction: Checking 'MatchesViewAssertion(Detox){viewMatcher=(view has effective visibility <VISIBLE> and view.getGlobalVisibleRect() covers at least <75> percent of the view's area)}' assertion on view (view.getTag() is "app-root" and view has effective visibility <VISIBLE>)
04-06 11:59:28.999 27920 27958 I DetoxWSClient: Sending out action 'invokeResult' (ID #49)
04-06 11:59:28.999 27920 27958 I DetoxDispatcher: Done with action 'invoke'
04-06 11:59:29.002 27920 27962 D DetoxWSClient: Received action 'invoke' (ID #50, params={"target":{"type":"Class","value":"com.wix.detox.espresso.DetoxAssertion"},"method":"waitForAssertMatcher","args":[{"type":"Invocation","value":{"target":{"type":"Class","value":"androidx.test.espresso.Espresso"},"method":"onView","args":[{"type":"Invocation","value":{"target":{"type":"Class","value":"com.wix.detox.espresso.DetoxMatcher"},"method":"matcherForTestId","args":["btn-iniciar-treino",{"type":"boolean","value":false}]}}]}},{"type":"Invocation","value":{"target":{"type":"Class","value":"com.wix.detox.espresso.DetoxMatcher"},"method":"matcherForSufficientlyVisible","args":[{"type":"Integer","value":75}]}},{"type":"Double","value":5}]})
04-06 11:59:29.002 27920 27958 I DetoxDispatcher: Handling action 'invoke' (ID #50)...
04-06 11:59:29.003 27920 27958 D Detox   : class com.wix.detox.espresso.DetoxMatcher, matcherForTestId, [btn-iniciar-treino, false]
04-06 11:59:29.003 27920 27958 D Detox   : class androidx.test.espresso.Espresso, onView, [(view.getTag() is "btn-iniciar-treino" and view has effective visibility <VISIBLE>)]
04-06 11:59:29.004 27920 27958 D Detox   : class com.wix.detox.espresso.DetoxMatcher, matcherForSufficientlyVisible, [75]
04-06 11:59:29.004 27920 27958 D Detox   : class com.wix.detox.espresso.DetoxAssertion, waitForAssertMatcher, [androidx.test.espresso.ViewInteraction@38d7120, (view has effective visibility <VISIBLE> and view.getGlobalVisibleRect() covers at least <75> percent of the view's area), 5.0]
04-06 11:59:29.007 27920 27920 I ViewInteraction: Checking 'MatchesViewAssertion(Detox){viewMatcher=(view has effective visibility <VISIBLE> and view.getGlobalVisibleRect() covers at least <75> percent of the view's area)}' assertion on view (view.getTag() is "btn-iniciar-treino" and view has effective visibility <VISIBLE>)
04-06 11:59:29.009 27920 27958 I DetoxWSClient: Sending out action 'invokeResult' (ID #50)
04-06 11:59:29.009 27920 27958 I DetoxDispatcher: Done with action 'invoke'
04-06 11:59:29.012 27920 27962 D DetoxWSClient: Received action 'invoke' (ID #51, params={"target":{"type":"Class","value":"com.wix.detox.espresso.EspressoDetox"},"method":"perform","args":[{"type":"Invocation","value":{"target":{"type":"Class","value":"com.wix.detox.espresso.DetoxMatcher"},"method":"matcherForTestId","args":["btn-iniciar-treino",{"type":"boolean","value":false}]}},{"type":"Invocation","value":{"target":{"type":"Class","value":"com.wix.detox.espresso.DetoxViewActions"},"method":"click","args":[]}}]})
04-06 11:59:29.012 27920 27958 I DetoxDispatcher: Handling action 'invoke' (ID #51)...
04-06 11:59:29.012 27920 27958 D Detox   : class com.wix.detox.espresso.DetoxMatcher, matcherForTestId, [btn-iniciar-treino, false]
04-06 11:59:29.013 27920 27958 D Detox   : class com.wix.detox.espresso.DetoxViewActions, click, []
04-06 11:59:29.013 27920 27958 D Detox   : class com.wix.detox.espresso.EspressoDetox, perform, [(view.getTag() is "btn-iniciar-treino" and view has effective visibility <VISIBLE>), com.wix.detox.espresso.action.RNClickAction@52cbc9e]
04-06 11:59:29.017 27920 27920 I ViewInteraction: Performing 'com.wix.detox.espresso.action.detoxsingletap@5b8a37f click' action on view (view.getTag() is "btn-iniciar-treino" and view has effective visibility <VISIBLE>)
04-06 11:59:29.022 27920 27920 I ViewRootImpl@7efc384[MainActivity]: ViewPostIme pointer 0
04-06 11:59:29.051 27920 27920 I ViewRootImpl@7efc384[MainActivity]: ViewPostIme pointer 1
04-06 11:59:29.207 27920 27920 W [RNScreens]: backTitleFontFamily prop is not available on Android
04-06 11:59:29.207 27920 27920 W [RNScreens]: disableBackButtonMenu prop is not available on Android
04-06 11:59:29.207 27920 27920 W [RNScreens]: backTitleVisible prop is not available on Android
04-06 11:59:29.207 27920 27920 W [RNScreens]: topInsetEnabled prop is not available on Android
04-06 11:59:29.207 27920 27920 W [RNScreens]: largeTitleHideShadow prop is not available on Android
04-06 11:59:29.208 27920 27920 W [RNScreens]: largeTitleFontWeight prop is not available on Android
04-06 11:59:29.208 27920 27920 W [RNScreens]: userInterfaceStyle prop is not available on Android
04-06 11:59:29.208 27920 27920 W [RNScreens]: largeTitleFontFamily prop is not available on Android
04-06 11:59:29.223 27920 28017 I ReactNativeJS: 'match:', 'local-cache'
04-06 11:59:29.223 27920 28017 I ReactNativeJS: 'recommendation:', 'push', '| confidence:', 'alta'
04-06 11:59:29.265 27920 28017 I ReactNativeJS: 'match:', 'local-cache'
04-06 11:59:29.265 27920 28017 I ReactNativeJS: 'recommendation:', 'push', '| confidence:', 'alta'
04-06 11:59:29.988 27920 27920 W UiControllerImpl: Waiting for: DYNAMIC_TASKS_HAVE_IDLED for 200 iterations.
04-06 11:59:30.041 27920 27930 I om.evolucao.app: Background concurrent copying GC freed 252186(8524KB) AllocSpace objects, 0(0B) LOS objects, 50% free, 16MB/33MB, paused 122us,31us total 105.334ms
04-06 11:59:30.456 27920 27920 W om.evolucao.app: Accessing hidden field Landroid/widget/HorizontalScrollView;->mScroller:Landroid/widget/OverScroller; (unsupported, reflection, allowed)
04-06 11:59:30.477 27920 27920 D ScrollView: initGoToTop
04-06 11:59:31.647 27920 27958 I DetoxWSClient: Sending out action 'invokeResult' (ID #51)
04-06 11:59:31.647 27920 27958 I DetoxDispatcher: Done with action 'invoke'
04-06 11:59:31.970 27920 27962 D DetoxWSClient: Received action 'invoke' (ID #52, params={"target":{"type":"Class","value":"com.wix.detox.espresso.DetoxAssertion"},"method":"waitForAssertMatcher","args":[{"type":"Invocation","value":{"target":{"type":"Class","value":"androidx.test.espresso.Espresso"},"method":"onView","args":[{"type":"Invocation","value":{"target":{"type":"Class","value":"com.wix.detox.espresso.DetoxMatcher"},"method":"matcherForTestId","args":["screen-workout",{"type":"boolean","value":false}]}}]}},{"type":"Invocation","value":{"target":{"type":"Class","value":"com.wix.detox.espresso.DetoxMatcher"},"method":"matcherForSufficientlyVisible","args":[{"type":"Integer","value":75}]}},{"type":"Double","value":5}]})
04-06 11:59:31.971 27920 27958 I DetoxDispatcher: Handling action 'invoke' (ID #52)...
04-06 11:59:31.973 27920 27958 D Detox   : class com.wix.detox.espresso.DetoxMatcher, matcherForTestId, [screen-workout, false]
04-06 11:59:31.975 27920 27958 D Detox   : class androidx.test.espresso.Espresso, onView, [(view.getTag() is "screen-workout" and view has effective visibility <VISIBLE>)]
04-06 11:59:31.977 27920 27958 D Detox   : class com.wix.detox.espresso.DetoxMatcher, matcherForSufficientlyVisible, [75]
04-06 11:59:31.979 27920 27958 D Detox   : class com.wix.detox.espresso.DetoxAssertion, waitForAssertMatcher, [androidx.test.espresso.ViewInteraction@f4461e3, (view has effective visibility <VISIBLE> and view.getGlobalVisibleRect() covers at least <75> percent of the view's area), 5.0]
04-06 11:59:31.995 27920 27920 I ViewInteraction: Checking 'MatchesViewAssertion(Detox){viewMatcher=(view has effective visibility <VISIBLE> and view.getGlobalVisibleRect() covers at least <75> percent of the view's area)}' assertion on view (view.getTag() is "screen-workout" and view has effective visibility <VISIBLE>)
04-06 11:59:32.005 27920 27958 I DetoxWSClient: Sending out action 'invokeResult' (ID #52)
04-06 11:59:32.008 27920 27958 I DetoxDispatcher: Done with action 'invoke'
04-06 11:59:32.728 27920 27962 D DetoxWSClient: Received action 'invoke' (ID #53, params={"target":{"type":"Class","value":"com.wix.detox.espresso.DetoxAssertion"},"method":"waitForAssertMatcher","args":[{"type":"Invocation","value":{"target":{"type":"Class","value":"androidx.test.espresso.Espresso"},"method":"onView","args":[{"type":"Invocation","value":{"target":{"type":"Class","value":"com.wix.detox.espresso.DetoxMatcher"},"method":"matcherForTestId","args":["app-root",{"type":"boolean","value":false}]}}]}},{"type":"Invocation","value":{"target":{"type":"Class","value":"com.wix.detox.espresso.DetoxMatcher"},"method":"matcherForSufficientlyVisible","args":[{"type":"Integer","value":75}]}},{"type":"Double","value":5}]})
04-06 11:59:32.728 27920 27958 I DetoxDispatcher: Handling action 'invoke' (ID #53)...
04-06 11:59:32.729 27920 27958 D Detox   : class com.wix.detox.espresso.DetoxMatcher, matcherForTestId, [app-root, false]
04-06 11:59:32.730 27920 27958 D Detox   : class androidx.test.espresso.Espresso, onView, [(view.getTag() is "app-root" and view has effective visibility <VISIBLE>)]
04-06 11:59:32.733 27920 27958 D Detox   : class com.wix.detox.espresso.DetoxMatcher, matcherForSufficientlyVisible, [75]
04-06 11:59:32.735 27920 27958 D Detox   : class com.wix.detox.espresso.DetoxAssertion, waitForAssertMatcher, [androidx.test.espresso.ViewInteraction@170ca99, (view has effective visibility <VISIBLE> and view.getGlobalVisibleRect() covers at least <75> percent of the view's area), 5.0]
04-06 11:59:32.744 27920 27920 I ViewInteraction: Checking 'MatchesViewAssertion(Detox){viewMatcher=(view has effective visibility <VISIBLE> and view.getGlobalVisibleRect() covers at least <75> percent of the view's area)}' assertion on view (view.getTag() is "app-root" and view has effective visibility <VISIBLE>)
04-06 11:59:32.748 27920 27958 I DetoxWSClient: Sending out action 'invokeResult' (ID #53)
04-06 11:59:32.748 27920 27958 I DetoxDispatcher: Done with action 'invoke'
04-06 11:59:32.752 27920 27962 D DetoxWSClient: Received action 'invoke' (ID #54, params={"target":{"type":"Class","value":"com.wix.detox.espresso.DetoxAssertion"},"method":"assertMatcher","args":[{"type":"Invocation","value":{"target":{"type":"Class","value":"androidx.test.espresso.Espresso"},"method":"onView","args":[{"type":"Invocation","value":{"target":{"type":"Class","value":"com.wix.detox.espresso.DetoxMatcher"},"method":"matcherForTestId","args":["app-root",{"type":"boolean","value":false}]}}]}},{"type":"Invocation","value":{"target":{"type":"Class","value":"com.wix.detox.espresso.DetoxMatcher"},"method":"matcherForSufficientlyVisible","args":[{"type":"Integer","value":75}]}}]})
04-06 11:59:32.752 27920 27958 I DetoxDispatcher: Handling action 'invoke' (ID #54)...
04-06 11:59:32.753 27920 27958 D Detox   : class com.wix.detox.espresso.DetoxMatcher, matcherForTestId, [app-root, false]
04-06 11:59:32.753 27920 27958 D Detox   : class androidx.test.espresso.Espresso, onView, [(view.getTag() is "app-root" and view has effective visibility <VISIBLE>)]
04-06 11:59:32.754 27920 27958 D Detox   : class com.wix.detox.espresso.DetoxMatcher, matcherForSufficientlyVisible, [75]
04-06 11:59:32.755 27920 27958 D Detox   : class com.wix.detox.espresso.DetoxAssertion, assertMatcher, [androidx.test.espresso.ViewInteraction@617115e, (view has effective visibility <VISIBLE> and view.getGlobalVisibleRect() covers at least <75> percent of the view's area)]
04-06 11:59:32.764 27920 27920 I ViewInteraction: Checking 'MatchesViewAssertion(Detox){viewMatcher=(view has effective visibility <VISIBLE> and view.getGlobalVisibleRect() covers at least <75> percent of the view's area)}' assertion on view (view.getTag() is "app-root" and view has effective visibility <VISIBLE>)
04-06 11:59:32.768 27920 27958 I DetoxWSClient: Sending out action 'invokeResult' (ID #54)
04-06 11:59:32.768 27920 27958 I DetoxDispatcher: Done with action 'invoke'
04-06 11:59:32.773 27920 27962 D DetoxWSClient: Received action 'invoke' (ID #55, params={"target":{"type":"Class","value":"com.wix.detox.espresso.DetoxAssertion"},"method":"waitForAssertMatcher","args":[{"type":"Invocation","value":{"target":{"type":"Class","value":"androidx.test.espresso.Espresso"},"method":"onView","args":[{"type":"Invocation","value":{"target":{"type":"Class","value":"com.wix.detox.espresso.DetoxMatcher"},"method":"matcherForTestId","args":["input-peso",{"type":"boolean","value":false}]}}]}},{"type":"Invocation","value":{"target":{"type":"Class","value":"com.wix.detox.espresso.DetoxMatcher"},"method":"matcherForSufficientlyVisible","args":[{"type":"Integer","value":75}]}},{"type":"Double","value":5}]})
04-06 11:59:32.773 27920 27958 I DetoxDispatcher: Handling action 'invoke' (ID #55)...
04-06 11:59:32.773 27920 27958 D Detox   : class com.wix.detox.espresso.DetoxMatcher, matcherForTestId, [input-peso, false]
04-06 11:59:32.774 27920 27958 D Detox   : class androidx.test.espresso.Espresso, onView, [(view.getTag() is "input-peso" and view has effective visibility <VISIBLE>)]
04-06 11:59:32.775 27920 27958 D Detox   : class com.wix.detox.espresso.DetoxMatcher, matcherForSufficientlyVisible, [75]
04-06 11:59:32.776 27920 27958 D Detox   : class com.wix.detox.espresso.DetoxAssertion, waitForAssertMatcher, [androidx.test.espresso.ViewInteraction@bd1393f, (view has effective visibility <VISIBLE> and view.getGlobalVisibleRect() covers at least <75> percent of the view's area), 5.0]
04-06 11:59:32.782 27920 27920 I ViewInteraction: Checking 'MatchesViewAssertion(Detox){viewMatcher=(view has effective visibility <VISIBLE> and view.getGlobalVisibleRect() covers at least <75> percent of the view's area)}' assertion on view (view.getTag() is "input-peso" and view has effective visibility <VISIBLE>)
04-06 11:59:32.811 27920 27958 I DetoxWSClient: Sending out action 'invokeResult' (ID #55)
04-06 11:59:32.811 27920 27958 I DetoxDispatcher: Done with action 'invoke'
04-06 11:59:32.815 27920 27962 D DetoxWSClient: Received action 'invoke' (ID #56, params={"target":{"type":"Class","value":"com.wix.detox.espresso.DetoxAssertion"},"method":"waitForAssertMatcher","args":[{"type":"Invocation","value":{"target":{"type":"Class","value":"androidx.test.espresso.Espresso"},"method":"onView","args":[{"type":"Invocation","value":{"target":{"type":"Class","value":"com.wix.detox.espresso.DetoxMatcher"},"method":"matcherForTestId","args":["input-reps",{"type":"boolean","value":false}]}}]}},{"type":"Invocation","value":{"target":{"type":"Class","value":"com.wix.detox.espresso.DetoxMatcher"},"method":"matcherForSufficientlyVisible","args":[{"type":"Integer","value":75}]}},{"type":"Double","value":5}]})
04-06 11:59:32.816 27920 27958 I DetoxDispatcher: Handling action 'invoke' (ID #56)...
04-06 11:59:32.816 27920 27958 D Detox   : class com.wix.detox.espresso.DetoxMatcher, matcherForTestId, [input-reps, false]
04-06 11:59:32.816 27920 27958 D Detox   : class androidx.test.espresso.Espresso, onView, [(view.getTag() is "input-reps" and view has effective visibility <VISIBLE>)]
04-06 11:59:32.817 27920 27958 D Detox   : class com.wix.detox.espresso.DetoxMatcher, matcherForSufficientlyVisible, [75]
04-06 11:59:32.817 27920 27958 D Detox   : class com.wix.detox.espresso.DetoxAssertion, waitForAssertMatcher, [androidx.test.espresso.ViewInteraction@ca405f8, (view has effective visibility <VISIBLE> and view.getGlobalVisibleRect() covers at least <75> percent of the view's area), 5.0]
04-06 11:59:32.820 27920 27920 I ViewInteraction: Checking 'MatchesViewAssertion(Detox){viewMatcher=(view has effective visibility <VISIBLE> and view.getGlobalVisibleRect() covers at least <75> percent of the view's area)}' assertion on view (view.getTag() is "input-reps" and view has effective visibility <VISIBLE>)
04-06 11:59:32.831 27920 27958 I DetoxWSClient: Sending out action 'invokeResult' (ID #56)
04-06 11:59:32.831 27920 27958 I DetoxDispatcher: Done with action 'invoke'
04-06 11:59:32.836 27920 27962 D DetoxWSClient: Received action 'invoke' (ID #57, params={"target":{"type":"Class","value":"com.wix.detox.espresso.DetoxAssertion"},"method":"waitForAssertMatcher","args":[{"type":"Invocation","value":{"target":{"type":"Class","value":"androidx.test.espresso.Espresso"},"method":"onView","args":[{"type":"Invocation","value":{"target":{"type":"Class","value":"com.wix.detox.espresso.DetoxMatcher"},"method":"matcherForTestId","args":["input-peso",{"type":"boolean","value":false}]}}]}},{"type":"Invocation","value":{"target":{"type":"Class","value":"com.wix.detox.espresso.DetoxMatcher"},"method":"matcherForSufficientlyVisible","args":[{"type":"Integer","value":75}]}},{"type":"Double","value":5}]})
04-06 11:59:32.836 27920 27958 I DetoxDispatcher: Handling action 'invoke' (ID #57)...
04-06 11:59:32.836 27920 27958 D Detox   : class com.wix.detox.espresso.DetoxMatcher, matcherForTestId, [input-peso, false]
04-06 11:59:32.837 27920 27958 D Detox   : class androidx.test.espresso.Espresso, onView, [(view.getTag() is "input-peso" and view has effective visibility <VISIBLE>)]
04-06 11:59:32.837 27920 27958 D Detox   : class com.wix.detox.espresso.DetoxMatcher, matcherForSufficientlyVisible, [75]
04-06 11:59:32.837 27920 27958 D Detox   : class com.wix.detox.espresso.DetoxAssertion, waitForAssertMatcher, [androidx.test.espresso.ViewInteraction@5a9b936, (view has effective visibility <VISIBLE> and view.getGlobalVisibleRect() covers at least <75> percent of the view's area), 5.0]
04-06 11:59:32.840 27920 27920 I ViewInteraction: Checking 'MatchesViewAssertion(Detox){viewMatcher=(view has effective visibility <VISIBLE> and view.getGlobalVisibleRect() covers at least <75> percent of the view's area)}' assertion on view (view.getTag() is "input-peso" and view has effective visibility <VISIBLE>)
04-06 11:59:32.852 27920 27958 I DetoxWSClient: Sending out action 'invokeResult' (ID #57)
04-06 11:59:32.852 27920 27958 I DetoxDispatcher: Done with action 'invoke'
04-06 11:59:32.855 27920 27962 D DetoxWSClient: Received action 'invoke' (ID #58, params={"target":{"type":"Class","value":"com.wix.detox.espresso.EspressoDetox"},"method":"perform","args":[{"type":"Invocation","value":{"target":{"type":"Class","value":"com.wix.detox.espresso.DetoxMatcher"},"method":"matcherForTestId","args":["input-peso",{"type":"boolean","value":false}]}},{"type":"Invocation","value":{"target":{"type":"Class","value":"com.wix.detox.espresso.DetoxViewActions"},"method":"click","args":[]}}]})
04-06 11:59:32.855 27920 27958 I DetoxDispatcher: Handling action 'invoke' (ID #58)...
04-06 11:59:32.856 27920 27958 D Detox   : class com.wix.detox.espresso.DetoxMatcher, matcherForTestId, [input-peso, false]
04-06 11:59:32.856 27920 27958 D Detox   : class com.wix.detox.espresso.DetoxViewActions, click, []
04-06 11:59:32.856 27920 27958 D Detox   : class com.wix.detox.espresso.EspressoDetox, perform, [(view.getTag() is "input-peso" and view has effective visibility <VISIBLE>), com.wix.detox.espresso.action.RNClickAction@5768037]
04-06 11:59:32.859 27920 27920 I ViewInteraction: Performing 'com.wix.detox.espresso.action.detoxsingletap@f89a4 click' action on view (view.getTag() is "input-peso" and view has effective visibility <VISIBLE>)
04-06 11:59:32.872 27920 27920 I ViewRootImpl@7efc384[MainActivity]: ViewPostIme pointer 0
04-06 11:59:32.902 27920 27920 I ViewRootImpl@7efc384[MainActivity]: ViewPostIme pointer 1
04-06 11:59:32.924 27920 27920 D InputMethodManager: startInputInner - Id : 0
04-06 11:59:32.925 27920 27920 I InputMethodManager: startInputInner - mService.startInputOrWindowGainedFocus
04-06 11:59:32.928 27920 27920 I IMM_LC  : showSoftInput(View,I)
04-06 11:59:32.929 27920 27920 I IMM_LC  : ssi() - flag : 0 view : com.evolucao.app reason = SHOW_SOFT_INPUT
04-06 11:59:32.942 27920 27975 D NativeCustomFrequencyManager: [NativeCFMS] BpCustomFrequencyManager::BpCustomFrequencyManager()
04-06 11:59:32.946 27920 27920 D InsetsController: onStateChanged: InsetsState: {mDisplayFrame=Rect(0, 0 - 1080, 2400), mDisplayCutout=DisplayCutout{insets=Rect(0, 88 - 0, 0) waterfall=Insets{left=0, top=0, right=0, bottom=0} boundingRect={Bounds=[Rect(0, 0 - 0, 0), Rect(512, 0 - 568, 88), Rect(0, 0 - 0, 0), Rect(0, 0 - 0, 0)]} cutoutPathParserInfo={CutoutPathParserInfo{displayWidth=1080 displayHeight=2400 physicalDisplayWidth=1080 physicalDisplayHeight=2400 density={3.0} cutoutSpec={M 0,0 M 0,10.71963616907435 a 9.280363830925644,9.280363830925644 0 1,0 0,18.56072766185129 a 9.280363830925644,9.280363830925644 0 1,0 0,-18.56072766185129 Z @dp} rotation={0} scale={1.0} physicalPixelDisplaySizeRatio={1.0}}}}, mRoundedCorners=RoundedCorners{[RoundedCorner{position=TopLeft, radius=96, center=Point(96, 96)}, RoundedCorner{position=TopRight, radius=96, center=Point(984, 96)}, RoundedCorner{position=BottomRight, radius=96, center=Point(984, 2304)}, RoundedCorner{position=BottomLeft, radius=96, center=Point(96, 2304)}]}  mRoundedCornerFrame=Rect(0, 0 - 1080, 2400), mPrivacyIndicatorBounds=PrivacyIndicatorBounds {static bounds=Rect(948, 0 - 1080, 88) rotation=0}, mSources= { InsetsSource: {mType=ITYPE_STATUS_BAR, mFrame=[0,0][1080,88], mVisible=true, mInsetsRoundedCornerFrame=false}, InsetsSource: {mType=ITYPE_NAVIGATION_BAR, mFrame=[0,2256][1080,2400], mVisible=true, mInsetsRoundedCornerFrame=false}, InsetsSource: {mType=ITYPE_LEFT_GESTURES, mFrame=[0,0][0,2400], mVisible=true, mInsetsRoundedCornerFrame=false}, InsetsSource: {mType=ITYPE_RIGHT_GESTURES, mFrame=[1080,0][1080,2400], mVisible=true, mInsetsRoundedCornerFrame=false}, InsetsSource: {mType=ITYPE_TOP_MANDATORY_GESTURES, mFrame=[0,0][1080,124], mVisible=true, mInsetsRoundedCornerFrame=false}, InsetsSource: {mType=ITYPE_BOTTOM_MANDATORY_GESTURES, mFrame=[0,2256][1080,2400], mVisible=true, mInsetsRoundedCornerFrame=false}, InsetsSource: {mType=ITYPE_LEFT_DISPLAY_CUTOUT, mFrame=[0,0][-100000,2400], mVisible=true, mInsetsRoundedCornerFrame=false}, InsetsSource: {mType=ITYPE_TOP_DISPLAY_CUTOUT, mFrame=[0,0][1080,88], mVisible=true, mInsetsRoundedCornerFrame=false}, InsetsSource: {mType=ITYPE_RIGHT_DISPLAY_CUTOUT, mFrame=[100000,0][1080,2400], mVisible=true, mInsetsRoundedCornerFrame=false}, InsetsSource: {mType=ITYPE_BOTTOM_DISPLAY_CUTOUT, mFrame=[0,100000][1080,2400], mVisible=true, mInsetsRoundedCornerFrame=false}, InsetsSource: {mType=ITYPE_TOP_TAPPABLE_ELEMENT, mFrame=[0,0][1080,88], mVisible=true, mInsetsRoundedCornerFrame=false}, InsetsSource: {mType=ITYPE_BOTTOM_TAPPABLE_ELEMENT, mFrame=[0,2256][1080,2400], mVisible=true, mInsetsRoundedCornerFrame=false} } host=PopupWindow:5a9f4b from=android.view.ViewRootImpl.setView:1732
04-06 11:59:32.949 27920 27920 I ViewRootImpl@220dd28[PopupWindow:5a9f4b]: setView = android.widget.PopupWindow$PopupDecorView@73aa3d4 TM=false
04-06 11:59:32.951 27920 27975 D NativeCustomFrequencyManager: [NativeCFMS] BpCustomFrequencyManager::BpCustomFrequencyManager()
04-06 11:59:32.954 27920 27920 D InsetsController: onStateChanged: InsetsState: {mDisplayFrame=Rect(0, 0 - 1080, 2400), mDisplayCutout=DisplayCutout{insets=Rect(0, 88 - 0, 0) waterfall=Insets{left=0, top=0, right=0, bottom=0} boundingRect={Bounds=[Rect(0, 0 - 0, 0), Rect(512, 0 - 568, 88), Rect(0, 0 - 0, 0), Rect(0, 0 - 0, 0)]} cutoutPathParserInfo={CutoutPathParserInfo{displayWidth=1080 displayHeight=2400 physicalDisplayWidth=1080 physicalDisplayHeight=2400 density={3.0} cutoutSpec={M 0,0 M 0,10.71963616907435 a 9.280363830925644,9.280363830925644 0 1,0 0,18.56072766185129 a 9.280363830925644,9.280363830925644 0 1,0 0,-18.56072766185129 Z @dp} rotation={0} scale={1.0} physicalPixelDisplaySizeRatio={1.0}}}}, mRoundedCorners=RoundedCorners{[RoundedCorner{position=TopLeft, radius=96, center=Point(96, 96)}, RoundedCorner{position=TopRight, radius=96, center=Point(984, 96)}, RoundedCorner{position=BottomRight, radius=96, center=Point(984, 2304)}, RoundedCorner{position=BottomLeft, radius=96, center=Point(96, 2304)}]}  mRoundedCornerFrame=Rect(0, 0 - 1080, 2400), mPrivacyIndicatorBounds=PrivacyIndicatorBounds {static bounds=Rect(948, 0 - 1080, 88) rotation=0}, mSources= { InsetsSource: {mType=ITYPE_STATUS_BAR, mFrame=[0,0][1080,88], mVisible=true, mInsetsRoundedCornerFrame=false}, InsetsSource: {mType=ITYPE_NAVIGATION_BAR, mFrame=[0,2256][1080,2400], mVisible=true, mInsetsRoundedCornerFrame=false}, InsetsSource: {mType=ITYPE_LEFT_GESTURES, mFrame=[0,0][0,2400], mVisible=true, mInsetsRoundedCornerFrame=false}, InsetsSource: {mType=ITYPE_RIGHT_GESTURES, mFrame=[1080,0][1080,2400], mVisible=true, mInsetsRoundedCornerFrame=false}, InsetsSource: {mType=ITYPE_TOP_MANDATORY_GESTURES, mFrame=[0,0][1080,124], mVisible=true, mInsetsRoundedCornerFrame=false}, InsetsSource: {mType=ITYPE_BOTTOM_MANDATORY_GESTURES, mFrame=[0,2256][1080,2400], mVisible=true, mInsetsRoundedCornerFrame=false}, InsetsSource: {mType=ITYPE_LEFT_DISPLAY_CUTOUT, mFrame=[0,0][-100000,2400], mVisible=true, mInsetsRoundedCornerFrame=false}, InsetsSource: {mType=ITYPE_TOP_DISPLAY_CUTOUT, mFrame=[0,0][1080,88], mVisible=true, mInsetsRoundedCornerFrame=false}, InsetsSource: {mType=ITYPE_RIGHT_DISPLAY_CUTOUT, mFrame=[100000,0][1080,2400], mVisible=true, mInsetsRoundedCornerFrame=false}, InsetsSource: {mType=ITYPE_BOTTOM_DISPLAY_CUTOUT, mFrame=[0,100000][1080,2400], mVisible=true, mInsetsRoundedCornerFrame=false}, InsetsSource: {mType=ITYPE_TOP_TAPPABLE_ELEMENT, mFrame=[0,0][1080,88], mVisible=true, mInsetsRoundedCornerFrame=false}, InsetsSource: {mType=ITYPE_BOTTOM_TAPPABLE_ELEMENT, mFrame=[0,2256][1080,2400], mVisible=true, mInsetsRoundedCornerFrame=false} } host=PopupWindow:59ed072 from=android.view.ViewRootImpl.setView:1732
04-06 11:59:32.956 27920 27920 I ViewRootImpl@24dacc3[PopupWindow:59ed072]: setView = android.widget.PopupWindow$PopupDecorView@cd4521f TM=false
04-06 11:59:32.964 27920 27920 I IMM_LC  : showSoftInput(View,I)
04-06 11:59:32.964 27920 27920 I IMM_LC  : ssi() - flag : 0 view : com.evolucao.app reason = SHOW_SOFT_INPUT
04-06 11:59:32.967 27920 27920 I ViewRootImpl@220dd28[PopupWindow:5a9f4b]: performTraversals params={(231,1797)(90x108) gr=TOP START CENTER sim={state=unchanged adjust=pan} ty=APPLICATION_SUB_PANEL fmt=TRANSLUCENT wanim=0x1030313 surfaceInsets=Rect(0, 0 - 0, 0) (manual)
04-06 11:59:32.967 27920 27920 I ViewRootImpl@220dd28[PopupWindow:5a9f4b]:   fl=41800208
04-06 11:59:32.967 27920 27920 I ViewRootImpl@220dd28[PopupWindow:5a9f4b]:   pfl=2018000
04-06 11:59:32.967 27920 27920 I ViewRootImpl@220dd28[PopupWindow:5a9f4b]:   bhv=DEFAULT
04-06 11:59:32.967 27920 27920 I ViewRootImpl@220dd28[PopupWindow:5a9f4b]:   fitTypes=STATUS_BARS NAVIGATION_BARS CAPTION_BAR naviIconColor=0
04-06 11:59:32.967 27920 27920 I ViewRootImpl@220dd28[PopupWindow:5a9f4b]:   sfl=20000}
04-06 11:59:32.968 27920 27920 I ViewRootImpl@220dd28[PopupWindow:5a9f4b]: performTraversals mFirst=true windowShouldResize=true viewVisibilityChanged=false mForceNextWindowRelayout=false params={(231,1797)(90x108) gr=TOP START CENTER sim={state=unchanged adjust=pan} ty=APPLICATION_SUB_PANEL fmt=TRANSLUCENT wanim=0x1030313 surfaceInsets=Rect(0, 0 - 0, 0) (manual)
04-06 11:59:32.968 27920 27920 I ViewRootImpl@220dd28[PopupWindow:5a9f4b]:   fl=41800208
04-06 11:59:32.968 27920 27920 I ViewRootImpl@220dd28[PopupWindow:5a9f4b]:   pfl=42018000
04-06 11:59:32.968 27920 27920 I ViewRootImpl@220dd28[PopupWindow:5a9f4b]:   bhv=DEFAULT
04-06 11:59:32.968 27920 27920 I ViewRootImpl@220dd28[PopupWindow:5a9f4b]:   fitTypes=STATUS_BARS NAVIGATION_BARS CAPTION_BAR naviIconColor=0
04-06 11:59:32.968 27920 27920 I ViewRootImpl@220dd28[PopupWindow:5a9f4b]:   sfl=20000}
04-06 11:59:32.971 27920 27936 I ViewRootImpl@220dd28[PopupWindow:5a9f4b]: Resizing android.view.ViewRootImpl@bda897d: frame = [231,1797][321,1905] reportDraw = true forceLayout = false syncSeqId = 0
04-06 11:59:32.973 27920 27920 I ViewRootImpl@220dd28[PopupWindow:5a9f4b]: updateBlastSurfaceIfNeeded mBlastBufferQueue=null isSameSurfaceControl=false
04-06 11:59:32.973 27920 27920 I BLASTBufferQueue: new BLASTBufferQueue, mName= ViewRootImpl@220dd28[PopupWindow:5a9f4b] mNativeObject= 0xb4000070a05e5600 sc.mNativeObject= 0xb40000704427e340 caller= android.view.ViewRootImpl.updateBlastSurfaceIfNeeded:2909 android.view.ViewRootImpl.relayoutWindow:9847 android.view.ViewRootImpl.performTraversals:3884 android.view.ViewRootImpl.doTraversal:3116 android.view.ViewRootImpl$TraversalRunnable.run:10885 android.view.Choreographer$CallbackRecord.run:1301 android.view.Choreographer$CallbackRecord.run:1309 android.view.Choreographer.doCallbacks:923 android.view.Choreographer.doFrame:852 android.view.Choreographer$FrameDisplayEventReceiver.run:1283 
04-06 11:59:32.973 27920 27920 I BLASTBufferQueue: update, w= 90 h= 108 mName = ViewRootImpl@220dd28[PopupWindow:5a9f4b] mNativeObject= 0xb4000070a05e5600 sc.mNativeObject= 0xb40000704427e340 format= -3 caller= android.graphics.BLASTBufferQueue.<init>:84 android.view.ViewRootImpl.updateBlastSurfaceIfNeeded:2909 android.view.ViewRootImpl.relayoutWindow:9847 android.view.ViewRootImpl.performTraversals:3884 android.view.ViewRootImpl.doTraversal:3116 android.view.ViewRootImpl$TraversalRunnable.run:10885 
04-06 11:59:32.974 27920 27920 I ViewRootImpl@220dd28[PopupWindow:5a9f4b]: Relayout returned: old=(231,1797,321,1905) new=(231,1797,321,1905) req=(90,108)0 dur=5 res=0x3 s={true 0xb4000070441f8800} ch=true seqId=0
04-06 11:59:32.974 27920 27920 I ViewRootImpl@220dd28[PopupWindow:5a9f4b]: mThreadedRenderer.initialize() mSurface={isValid=true 0xb4000070441f8800} hwInitialized=true
04-06 11:59:32.976 27920 27975 D OpenGLRenderer: eglCreateWindowSurface
04-06 11:59:32.976 27920 27920 I ViewRootImpl@220dd28[PopupWindow:5a9f4b]: reportNextDraw android.view.ViewRootImpl.performTraversals:4438 android.view.ViewRootImpl.doTraversal:3116 android.view.ViewRootImpl$TraversalRunnable.run:10885 android.view.Choreographer$CallbackRecord.run:1301 android.view.Choreographer$CallbackRecord.run:1309 
04-06 11:59:32.977 27920 27920 I ViewRootImpl@220dd28[PopupWindow:5a9f4b]: Setup new sync id=0
04-06 11:59:32.977 27920 27920 I ViewRootImpl@220dd28[PopupWindow:5a9f4b]: Setting syncFrameCallback
04-06 11:59:32.977 27920 27920 I ViewRootImpl@220dd28[PopupWindow:5a9f4b]: registerCallbacksForSync syncBuffer=false
04-06 11:59:32.978 27920 28003 I ViewRootImpl@220dd28[PopupWindow:5a9f4b]: Received frameDrawingCallback syncResult=0 frameNum=1.
04-06 11:59:32.978 27920 28003 I ViewRootImpl@220dd28[PopupWindow:5a9f4b]: Setting up sync and frameCommitCallback
04-06 11:59:32.986 27920 27975 I BLASTBufferQueue: [ViewRootImpl@220dd28[PopupWindow:5a9f4b]#2](f:0,a:0) onFrameAvailable the first frame is available
04-06 11:59:32.987 27920 27975 I ViewRootImpl@220dd28[PopupWindow:5a9f4b]: Received frameCommittedCallback lastAttemptedDrawFrameNum=1 didProduceBuffer=true
04-06 11:59:32.987 27920 27975 D OpenGLRenderer: CFMS:: SetUp Pid : 27920    Tid : 27975
04-06 11:59:32.988 27920 27975 W Parcel  : Expecting binder but got null!
04-06 11:59:32.988 27920 27920 I ViewRootImpl@220dd28[PopupWindow:5a9f4b]: onSyncComplete
04-06 11:59:32.989 27920 27920 I ViewRootImpl@220dd28[PopupWindow:5a9f4b]: setupSync seqId=0 mSyncId=0 fn=1 caller=android.view.ViewRootImpl$$ExternalSyntheticLambda11.accept:6 android.window.SurfaceSyncer.lambda$setupSync$1$android-window-SurfaceSyncer:128 android.window.SurfaceSyncer$$ExternalSyntheticLambda1.accept:8 android.window.SurfaceSyncer$SyncSet.checkIfSyncIsComplete:382 android.window.SurfaceSyncer$SyncSet.markSyncReady:359 android.window.SurfaceSyncer.markSyncReady:151 android.view.ViewRootImpl.performTraversals:4503 
04-06 11:59:32.990 27920 27920 I ViewRootImpl@24dacc3[PopupWindow:59ed072]: performTraversals params={(231,1703)(90x94) gr=TOP START CENTER sim={state=unchanged adjust=pan} ty=APPLICATION_SUB_PANEL fmt=TRANSLUCENT wanim=0x1030313 surfaceInsets=Rect(0, 0 - 0, 0) (manual)
04-06 11:59:32.990 27920 27920 I ViewRootImpl@24dacc3[PopupWindow:59ed072]:   fl=41800218
04-06 11:59:32.990 27920 27920 I ViewRootImpl@24dacc3[PopupWindow:59ed072]:   pfl=2018000
04-06 11:59:32.990 27920 27920 I ViewRootImpl@24dacc3[PopupWindow:59ed072]:   bhv=DEFAULT
04-06 11:59:32.990 27920 27920 I ViewRootImpl@24dacc3[PopupWindow:59ed072]:   fitTypes=STATUS_BARS NAVIGATION_BARS CAPTION_BAR naviIconColor=0
04-06 11:59:32.990 27920 27920 I ViewRootImpl@24dacc3[PopupWindow:59ed072]:   sfl=20000}
04-06 11:59:32.990 27920 27920 I ViewRootImpl@24dacc3[PopupWindow:59ed072]: performTraversals mFirst=true windowShouldResize=true viewVisibilityChanged=false mForceNextWindowRelayout=false params={(231,1703)(90x94) gr=TOP START CENTER sim={state=unchanged adjust=pan} ty=APPLICATION_SUB_PANEL fmt=TRANSLUCENT wanim=0x1030313 surfaceInsets=Rect(0, 0 - 0, 0) (manual)
04-06 11:59:32.990 27920 27920 I ViewRootImpl@24dacc3[PopupWindow:59ed072]:   fl=41800218
04-06 11:59:32.990 27920 27920 I ViewRootImpl@24dacc3[PopupWindow:59ed072]:   pfl=42018000
04-06 11:59:32.990 27920 27920 I ViewRootImpl@24dacc3[PopupWindow:59ed072]:   bhv=DEFAULT
04-06 11:59:32.990 27920 27920 I ViewRootImpl@24dacc3[PopupWindow:59ed072]:   fitTypes=STATUS_BARS NAVIGATION_BARS CAPTION_BAR naviIconColor=0
04-06 11:59:32.990 27920 27920 I ViewRootImpl@24dacc3[PopupWindow:59ed072]:   sfl=20000}
04-06 11:59:32.996 27920 28166 I ViewRootImpl@24dacc3[PopupWindow:59ed072]: Resizing android.view.ViewRootImpl@a66996c: frame = [231,1703][321,1797] reportDraw = true forceLayout = false syncSeqId = 0
04-06 11:59:32.997 27920 27920 I ViewRootImpl@24dacc3[PopupWindow:59ed072]: updateBlastSurfaceIfNeeded mBlastBufferQueue=null isSameSurfaceControl=false
04-06 11:59:32.997 27920 27920 I BLASTBufferQueue: new BLASTBufferQueue, mName= ViewRootImpl@24dacc3[PopupWindow:59ed072] mNativeObject= 0xb4000070a05e5980 sc.mNativeObject= 0xb40000704427e160 caller= android.view.ViewRootImpl.updateBlastSurfaceIfNeeded:2909 android.view.ViewRootImpl.relayoutWindow:9847 android.view.ViewRootImpl.performTraversals:3884 android.view.ViewRootImpl.doTraversal:3116 android.view.ViewRootImpl$TraversalRunnable.run:10885 android.view.Choreographer$CallbackRecord.run:1301 android.view.Choreographer$CallbackRecord.run:1309 android.view.Choreographer.doCallbacks:923 android.view.Choreographer.doFrame:852 android.view.Choreographer$FrameDisplayEventReceiver.run:1283 
04-06 11:59:32.998 27920 27920 I BLASTBufferQueue: update, w= 90 h= 94 mName = ViewRootImpl@24dacc3[PopupWindow:59ed072] mNativeObject= 0xb4000070a05e5980 sc.mNativeObject= 0xb40000704427e160 format= -3 caller= android.graphics.BLASTBufferQueue.<init>:84 android.view.ViewRootImpl.updateBlastSurfaceIfNeeded:2909 android.view.ViewRootImpl.relayoutWindow:9847 android.view.ViewRootImpl.performTraversals:3884 android.view.ViewRootImpl.doTraversal:3116 android.view.ViewRootImpl$TraversalRunnable.run:10885 
04-06 11:59:32.998 27920 27920 I ViewRootImpl@24dacc3[PopupWindow:59ed072]: Relayout returned: old=(231,1703,321,1797) new=(231,1703,321,1797) req=(90,94)0 dur=7 res=0x3 s={true 0xb4000069ed22c000} ch=true seqId=0
04-06 11:59:32.999 27920 27920 I ViewRootImpl@24dacc3[PopupWindow:59ed072]: mThreadedRenderer.initialize() mSurface={isValid=true 0xb4000069ed22c000} hwInitialized=true
04-06 11:59:32.999 27920 27975 D OpenGLRenderer: eglCreateWindowSurface
04-06 11:59:33.001 27920 27920 I ViewRootImpl@24dacc3[PopupWindow:59ed072]: reportNextDraw android.view.ViewRootImpl.performTraversals:4438 android.view.ViewRootImpl.doTraversal:3116 android.view.ViewRootImpl$TraversalRunnable.run:10885 android.view.Choreographer$CallbackRecord.run:1301 android.view.Choreographer$CallbackRecord.run:1309 
04-06 11:59:33.001 27920 27920 I ViewRootImpl@24dacc3[PopupWindow:59ed072]: Setup new sync id=0
04-06 11:59:33.001 27920 27920 I ViewRootImpl@24dacc3[PopupWindow:59ed072]: Setting syncFrameCallback
04-06 11:59:33.001 27920 27920 I ViewRootImpl@24dacc3[PopupWindow:59ed072]: registerCallbacksForSync syncBuffer=false
04-06 11:59:33.002 27920 28002 I ViewRootImpl@24dacc3[PopupWindow:59ed072]: Received frameDrawingCallback syncResult=0 frameNum=1.
04-06 11:59:33.002 27920 28002 I ViewRootImpl@24dacc3[PopupWindow:59ed072]: Setting up sync and frameCommitCallback
04-06 11:59:33.002 27920 27975 I BLASTBufferQueue: [ViewRootImpl@24dacc3[PopupWindow:59ed072]#3](f:0,a:0) onFrameAvailable the first frame is available
04-06 11:59:33.003 27920 27975 I ViewRootImpl@24dacc3[PopupWindow:59ed072]: Received frameCommittedCallback lastAttemptedDrawFrameNum=1 didProduceBuffer=true
04-06 11:59:33.003 27920 27975 D OpenGLRenderer: CFMS:: SetUp Pid : 27920    Tid : 27975
04-06 11:59:33.003 27920 27975 W Parcel  : Expecting binder but got null!
04-06 11:59:33.003 27920 27920 I ViewRootImpl@24dacc3[PopupWindow:59ed072]: onSyncComplete
04-06 11:59:33.004 27920 27920 I ViewRootImpl@24dacc3[PopupWindow:59ed072]: setupSync seqId=0 mSyncId=0 fn=1 caller=android.view.ViewRootImpl$$ExternalSyntheticLambda11.accept:6 android.window.SurfaceSyncer.lambda$setupSync$1$android-window-SurfaceSyncer:128 android.window.SurfaceSyncer$$ExternalSyntheticLambda1.accept:8 android.window.SurfaceSyncer$SyncSet.checkIfSyncIsComplete:382 android.window.SurfaceSyncer$SyncSet.markSyncReady:359 android.window.SurfaceSyncer.markSyncReady:151 android.view.ViewRootImpl.performTraversals:4503 
04-06 11:59:33.004 27920 27920 I ViewRootImpl@24dacc3[PopupWindow:59ed072]: reportDrawFinished seqId=0 mSyncId=-1 fn=1 mSurfaceChangedTransaction=0xb4000070a70a4c00
04-06 11:59:33.004 27920 27920 I ViewRootImpl@220dd28[PopupWindow:5a9f4b]: reportDrawFinished seqId=0 mSyncId=-1 fn=1 mSurfaceChangedTransaction=0xb4000070a0cb5800
04-06 11:59:33.005 27920 27920 I ViewRootImpl@220dd28[PopupWindow:5a9f4b]: handleResized, msg = 5 frames=ClientWindowFrames{frame=[231,1797][321,1905] display=[-100000,-100000][100000,100000] parentFrame=[0,0][0,0] parentClippedByDisplayCutout=false} forceNextWindowRelayout=false displayId=0 resizeMode=-1 frameChanged=false displayFrameChanged=false configChanged=false displayChanged=false
04-06 11:59:33.005 27920 27920 I ViewRootImpl@220dd28[PopupWindow:5a9f4b]: handleResized mSyncSeqId = 0
04-06 11:59:33.005 27920 27920 I ViewRootImpl@220dd28[PopupWindow:5a9f4b]: reportNextDraw android.view.ViewRootImpl.handleResized:2450 android.view.ViewRootImpl.-$$Nest$mhandleResized:0 android.view.ViewRootImpl$ViewRootHandler.handleMessageImpl:6728 android.view.ViewRootImpl$ViewRootHandler.handleMessage:6697 android.os.Handler.dispatchMessage:106 
04-06 11:59:33.006 27920 27920 I ViewRootImpl@220dd28[PopupWindow:5a9f4b]: Setup new sync id=1
04-06 11:59:33.006 27920 27920 I ViewRootImpl@220dd28[PopupWindow:5a9f4b]: Setting syncFrameCallback
04-06 11:59:33.006 27920 27920 I ViewRootImpl@220dd28[PopupWindow:5a9f4b]: registerCallbacksForSync syncBuffer=false
04-06 11:59:33.013 27920 28003 I ViewRootImpl@220dd28[PopupWindow:5a9f4b]: Received frameDrawingCallback syncResult=0 frameNum=2.
04-06 11:59:33.013 27920 28003 I ViewRootImpl@220dd28[PopupWindow:5a9f4b]: Setting up sync and frameCommitCallback
04-06 11:59:33.014 27920 27975 I ViewRootImpl@220dd28[PopupWindow:5a9f4b]: Received frameCommittedCallback lastAttemptedDrawFrameNum=2 didProduceBuffer=true
04-06 11:59:33.014 27920 27920 I ViewRootImpl@220dd28[PopupWindow:5a9f4b]: onSyncComplete
04-06 11:59:33.015 27920 27920 I ViewRootImpl@220dd28[PopupWindow:5a9f4b]: setupSync seqId=0 mSyncId=1 fn=2 caller=android.view.ViewRootImpl$$ExternalSyntheticLambda11.accept:6 android.window.SurfaceSyncer.lambda$setupSync$1$android-window-SurfaceSyncer:128 android.window.SurfaceSyncer$$ExternalSyntheticLambda1.accept:8 android.window.SurfaceSyncer$SyncSet.checkIfSyncIsComplete:382 android.window.SurfaceSyncer$SyncSet.markSyncReady:359 android.window.SurfaceSyncer.markSyncReady:151 android.view.ViewRootImpl.performTraversals:4503 
04-06 11:59:33.015 27920 27920 I ViewRootImpl@220dd28[PopupWindow:5a9f4b]: reportDrawFinished seqId=0 mSyncId=-1 fn=2 mSurfaceChangedTransaction=0xb4000070a0cb5800
04-06 11:59:33.016 27920 27920 I ViewRootImpl@24dacc3[PopupWindow:59ed072]: handleResized, msg = 5 frames=ClientWindowFrames{frame=[231,1703][321,1797] display=[-100000,-100000][100000,100000] parentFrame=[0,0][0,0] parentClippedByDisplayCutout=false} forceNextWindowRelayout=false displayId=0 resizeMode=-1 frameChanged=false displayFrameChanged=false configChanged=false displayChanged=false
04-06 11:59:33.016 27920 27920 I ViewRootImpl@24dacc3[PopupWindow:59ed072]: handleResized mSyncSeqId = 0
04-06 11:59:33.016 27920 27920 I ViewRootImpl@24dacc3[PopupWindow:59ed072]: reportNextDraw android.view.ViewRootImpl.handleResized:2450 android.view.ViewRootImpl.-$$Nest$mhandleResized:0 android.view.ViewRootImpl$ViewRootHandler.handleMessageImpl:6728 android.view.ViewRootImpl$ViewRootHandler.handleMessage:6697 android.os.Handler.dispatchMessage:106 
04-06 11:59:33.027 27920 27920 I ViewRootImpl@24dacc3[PopupWindow:59ed072]: Setup new sync id=1
04-06 11:59:33.027 27920 27920 I ViewRootImpl@24dacc3[PopupWindow:59ed072]: Setting syncFrameCallback
04-06 11:59:33.027 27920 27920 I ViewRootImpl@24dacc3[PopupWindow:59ed072]: registerCallbacksForSync syncBuffer=false
04-06 11:59:33.029 27920 28002 I ViewRootImpl@24dacc3[PopupWindow:59ed072]: Received frameDrawingCallback syncResult=0 frameNum=2.
04-06 11:59:33.029 27920 28002 I ViewRootImpl@24dacc3[PopupWindow:59ed072]: Setting up sync and frameCommitCallback
04-06 11:59:33.030 27920 27975 I ViewRootImpl@24dacc3[PopupWindow:59ed072]: Received frameCommittedCallback lastAttemptedDrawFrameNum=2 didProduceBuffer=true
04-06 11:59:33.031 27920 27920 I ViewRootImpl@24dacc3[PopupWindow:59ed072]: onSyncComplete
04-06 11:59:33.031 27920 27920 I ViewRootImpl@24dacc3[PopupWindow:59ed072]: setupSync seqId=0 mSyncId=1 fn=2 caller=android.view.ViewRootImpl$$ExternalSyntheticLambda11.accept:6 android.window.SurfaceSyncer.lambda$setupSync$1$android-window-SurfaceSyncer:128 android.window.SurfaceSyncer$$ExternalSyntheticLambda1.accept:8 android.window.SurfaceSyncer$SyncSet.checkIfSyncIsComplete:382 android.window.SurfaceSyncer$SyncSet.markSyncReady:359 android.window.SurfaceSyncer.markSyncReady:151 android.view.ViewRootImpl.performTraversals:4503 
04-06 11:59:33.032 27920 27920 I ViewRootImpl@24dacc3[PopupWindow:59ed072]: reportDrawFinished seqId=0 mSyncId=-1 fn=2 mSurfaceChangedTransaction=0xb4000070a70a4c00
04-06 11:59:33.033 27920 27920 W OnBackInvokedCallback: OnBackInvokedCallback is not enabled for the application.
04-06 11:59:33.033 27920 27920 W OnBackInvokedCallback: Set 'android:enableOnBackInvokedCallback="true"' in the application manifest.
04-06 11:59:33.050 27920 27934 I ViewRootImpl@24dacc3[PopupWindow:59ed072]: Resizing android.view.ViewRootImpl@a66996c: frame = [231,1703][321,1797] reportDraw = false forceLayout = false syncSeqId = 0
04-06 11:59:33.051 27920 27920 I ViewRootImpl@24dacc3[PopupWindow:59ed072]: handleResized, msg = 4 frames=ClientWindowFrames{frame=[231,1703][321,1797] display=[-100000,-100000][100000,100000] parentFrame=[0,0][0,0] parentClippedByDisplayCutout=false} forceNextWindowRelayout=false displayId=0 resizeMode=-1 frameChanged=false displayFrameChanged=false configChanged=false displayChanged=false
04-06 11:59:33.052 27920 27936 I ViewRootImpl@220dd28[PopupWindow:5a9f4b]: Resizing android.view.ViewRootImpl@bda897d: frame = [231,1797][321,1905] reportDraw = false forceLayout = false syncSeqId = 0
04-06 11:59:33.052 27920 27920 I ViewRootImpl@220dd28[PopupWindow:5a9f4b]: handleResized, msg = 4 frames=ClientWindowFrames{frame=[231,1797][321,1905] display=[-100000,-100000][100000,100000] parentFrame=[0,0][0,0] parentClippedByDisplayCutout=false} forceNextWindowRelayout=false displayId=0 resizeMode=-1 frameChanged=false displayFrameChanged=false configChanged=false displayChanged=false
04-06 11:59:33.053 27920 28296 I ViewRootImpl@7efc384[MainActivity]: Resizing android.view.ViewRootImpl@2cd4d69: frame = [0,0][1080,2400] reportDraw = false forceLayout = false syncSeqId = 0
04-06 11:59:33.053 27920 27920 D InsetsController: onStateChanged: InsetsState: {mDisplayFrame=Rect(0, 0 - 1080, 2400), mDisplayCutout=DisplayCutout{insets=Rect(0, 88 - 0, 0) waterfall=Insets{left=0, top=0, right=0, bottom=0} boundingRect={Bounds=[Rect(0, 0 - 0, 0), Rect(512, 0 - 568, 88), Rect(0, 0 - 0, 0), Rect(0, 0 - 0, 0)]} cutoutPathParserInfo={CutoutPathParserInfo{displayWidth=1080 displayHeight=2400 physicalDisplayWidth=1080 physicalDisplayHeight=2400 density={3.0} cutoutSpec={M 0,0 M 0,10.71963616907435 a 9.280363830925644,9.280363830925644 0 1,0 0,18.56072766185129 a 9.280363830925644,9.280363830925644 0 1,0 0,-18.56072766185129 Z @dp} rotation={0} scale={1.0} physicalPixelDisplaySizeRatio={1.0}}}}, mRoundedCorners=RoundedCorners{[RoundedCorner{position=TopLeft, radius=96, center=Point(96, 96)}, RoundedCorner{position=TopRight, radius=96, center=Point(984, 96)}, RoundedCorner{position=BottomRight, radius=96, center=Point(984, 2304)}, RoundedCorner{position=BottomLeft, radius=96, center=Point(96, 2304)}]}  mRoundedCornerFrame=Rect(0, 0 - 1080, 2400), mPrivacyIndicatorBounds=PrivacyIndicatorBounds {static bounds=Rect(948, 0 - 1080, 88) rotation=0}, mSources= { InsetsSource: {mType=ITYPE_STATUS_BAR, mFrame=[0,0][1080,88], mVisible=true, mInsetsRoundedCornerFrame=false}, InsetsSource: {mType=ITYPE_NAVIGATION_BAR, mFrame=[0,2256][1080,2400], mVisible=true, mInsetsRoundedCornerFrame=false}, InsetsSource: {mType=ITYPE_LEFT_GESTURES, mFrame=[0,0][0,2400], mVisible=true, mInsetsRoundedCornerFrame=false}, InsetsSource: {mType=ITYPE_RIGHT_GESTURES, mFrame=[1080,0][1080,2400], mVisible=true, mInsetsRoundedCornerFrame=false}, InsetsSource: {mType=ITYPE_TOP_MANDATORY_GESTURES, mFrame=[0,0][1080,124], mVisible=true, mInsetsRoundedCornerFrame=false}, InsetsSource: {mType=ITYPE_BOTTOM_MANDATORY_GESTURES, mFrame=[0,2256][1080,2400], mVisible=true, mInsetsRoundedCornerFrame=false}, InsetsSource: {mType=ITYPE_LEFT_DISPLAY_CUTOUT, mFrame=[0,0][-100000,2400], mVisible=true, mInsetsRoundedCornerFrame=false}, InsetsSource: {mType=ITYPE_TOP_DISPLAY_CUTOUT, mFrame=[0,0][1080,88], mVisible=true, mInsetsRoundedCornerFrame=false}, InsetsSource: {mType=ITYPE_RIGHT_DISPLAY_CUTOUT, mFrame=[100000,0][1080,2400], mVisible=true, mInsetsRoundedCornerFrame=false}, InsetsSource: {mType=ITYPE_BOTTOM_DISPLAY_CUTOUT, mFrame=[0,100000][1080,2400], mVisible=true, mInsetsRoundedCornerFrame=false}, InsetsSource: {mType=ITYPE_TOP_TAPPABLE_ELEMENT, mFrame=[0,0][1080,88], mVisible=true, mInsetsRoundedCornerFrame=false}, InsetsSource: {mType=ITYPE_BOTTOM_TAPPABLE_ELEMENT, mFrame=[0,2256][1080,2400], mVisible=true, mInsetsRoundedCornerFrame=false}, InsetsSource: {mType=ITYPE_IME, mFrame=[0,1374][1080,2400], mVisibleFrame=[0,1374][1080,2400], mVisible=false, mInsetsRoundedCornerFrame=false} } host=com.evolucao.app/com.evolucao.app.MainActivity from=android.view.ViewRootImpl$ViewRootHandler.handleMessageImpl:6727
04-06 11:59:33.054 27920 27920 I ViewRootImpl@7efc384[MainActivity]: handleResized, msg = 4 frames=ClientWindowFrames{frame=[0,0][1080,2400] display=[0,0][1080,2400] parentFrame=[0,0][0,0] parentClippedByDisplayCutout=false} forceNextWindowRelayout=false displayId=0 resizeMode=-1 frameChanged=false displayFrameChanged=false configChanged=false displayChanged=false
04-06 11:59:33.071 27920 27920 D InsetsController: show(ime(), fromIme=true)
04-06 11:59:33.072 27920 27920 D InsetsController: controlAnimationUnchecked: Added types=8 animType=0 host=com.evolucao.app/com.evolucao.app.MainActivity from=android.view.InsetsController.applyAnimation:1576 android.view.InsetsController.applyAnimation:1557 android.view.InsetsController.show:1063 
