04-06 11:59:37.555 27920 27920 D InsetsController: onStateChanged: InsetsState: {mDisplayFrame=Rect(0, 0 - 1080, 2400), mDisplayCutout=DisplayCutout{insets=Rect(0, 88 - 0, 0) waterfall=Insets{left=0, top=0, right=0, bottom=0} boundingRect={Bounds=[Rect(0, 0 - 0, 0), Rect(512, 0 - 568, 88), Rect(0, 0 - 0, 0), Rect(0, 0 - 0, 0)]} cutoutPathParserInfo={CutoutPathParserInfo{displayWidth=1080 displayHeight=2400 physicalDisplayWidth=1080 physicalDisplayHeight=2400 density={3.0} cutoutSpec={M 0,0 M 0,10.71963616907435 a 9.280363830925644,9.280363830925644 0 1,0 0,18.56072766185129 a 9.280363830925644,9.280363830925644 0 1,0 0,-18.56072766185129 Z @dp} rotation={0} scale={1.0} physicalPixelDisplaySizeRatio={1.0}}}}, mRoundedCorners=RoundedCorners{[RoundedCorner{position=TopLeft, radius=96, center=Point(96, 96)}, RoundedCorner{position=TopRight, radius=96, center=Point(984, 96)}, RoundedCorner{position=BottomRight, radius=96, center=Point(984, 2304)}, RoundedCorner{position=BottomLeft, radius=96, center=Point(96, 2304)}]}  mRoundedCornerFrame=Rect(0, 0 - 1080, 2400), mPrivacyIndicatorBounds=PrivacyIndicatorBounds {static bounds=Rect(948, 0 - 1080, 88) rotation=0}, mSources= { InsetsSource: {mType=ITYPE_STATUS_BAR, mFrame=[0,0][1080,88], mVisible=true, mInsetsRoundedCornerFrame=false}, InsetsSource: {mType=ITYPE_NAVIGATION_BAR, mFrame=[0,2256][1080,2400], mVisible=true, mInsetsRoundedCornerFrame=false}, InsetsSource: {mType=ITYPE_LEFT_GESTURES, mFrame=[0,0][0,2400], mVisible=true, mInsetsRoundedCornerFrame=false}, InsetsSource: {mType=ITYPE_RIGHT_GESTURES, mFrame=[1080,0][1080,2400], mVisible=true, mInsetsRoundedCornerFrame=false}, InsetsSource: {mType=ITYPE_TOP_MANDATORY_GESTURES, mFrame=[0,0][1080,124], mVisible=true, mInsetsRoundedCornerFrame=false}, InsetsSource: {mType=ITYPE_BOTTOM_MANDATORY_GESTURES, mFrame=[0,2256][1080,2400], mVisible=true, mInsetsRoundedCornerFrame=false}, InsetsSource: {mType=ITYPE_LEFT_DISPLAY_CUTOUT, mFrame=[0,0][-100000,2400], mVisible=true, mInsetsRoundedCornerFrame=false}, InsetsSource: {mType=ITYPE_TOP_DISPLAY_CUTOUT, mFrame=[0,0][1080,88], mVisible=true, mInsetsRoundedCornerFrame=false}, InsetsSource: {mType=ITYPE_RIGHT_DISPLAY_CUTOUT, mFrame=[100000,0][1080,2400], mVisible=true, mInsetsRoundedCornerFrame=false}, InsetsSource: {mType=ITYPE_BOTTOM_DISPLAY_CUTOUT, mFrame=[0,100000][1080,2400], mVisible=true, mInsetsRoundedCornerFrame=false}, InsetsSource: {mType=ITYPE_TOP_TAPPABLE_ELEMENT, mFrame=[0,0][1080,88], mVisible=true, mInsetsRoundedCornerFrame=false}, InsetsSource: {mType=ITYPE_BOTTOM_TAPPABLE_ELEMENT, mFrame=[0,2256][1080,2400], mVisible=true, mInsetsRoundedCornerFrame=false}, InsetsSource: {mType=ITYPE_IME, mFrame=[0,1374][1080,2400], mVisibleFrame=[0,1374][1080,2400], mVisible=true, mInsetsRoundedCornerFrame=false} } host=com.evolucao.app/com.evolucao.app.MainActivity from=android.view.ViewRootImpl$ViewRootHandler.handleMessageImpl:6740
04-06 11:59:37.556 27920 27920 I ViewRootImpl@7efc384[MainActivity]: handleResized, msg = 4 frames=ClientWindowFrames{frame=[0,0][1080,2400] display=[0,0][1080,2400] parentFrame=[0,0][0,0] parentClippedByDisplayCutout=false} forceNextWindowRelayout=false displayId=0 resizeMode=-1 frameChanged=false displayFrameChanged=false configChanged=false displayChanged=false
04-06 11:59:37.587 27920 27920 I ViewInteraction: Checking 'MatchesViewAssertion(Detox){viewMatcher=not null}' assertion on view (view.getTag() is "serie-salva-indicator" and view has effective visibility <VISIBLE>)
04-06 11:59:37.588 27920 27958 I DetoxWSClient: Sending out action 'invokeResult' (ID #74)
04-06 11:59:37.588 27920 27958 I DetoxDispatcher: Done with action 'invoke'
04-06 11:59:37.591 27920 27962 D DetoxWSClient: Received action 'invoke' (ID #75, params={"target":{"type":"Class","value":"com.wix.detox.espresso.EspressoDetox"},"method":"setSynchronization","args":[{"type":"boolean","value":true}]})
04-06 11:59:37.591 27920 27958 I DetoxDispatcher: Handling action 'invoke' (ID #75)...
04-06 11:59:37.592 27920 27958 D Detox   : class com.wix.detox.espresso.EspressoDetox, setSynchronization, [true]
04-06 11:59:37.592 27920 27958 I DetoxRNIdleRes: Setting up Espresso Idling Resources for React Native
04-06 11:59:37.599 27920 27958 D IdlingRegistry: Registering idling resources: [com.wix.detox.reactnative.idlingresources.uimodule.fabric.FabricUIManagerIdlingResources@558a48e]
04-06 11:59:37.599 27920 27958 D IdlingRegistry: Registering idling resources: [com.wix.detox.reactnative.idlingresources.animations.AnimatedModuleIdlingResource@cb584af]
04-06 11:59:37.599 27920 27958 D IdlingRegistry: Registering idling resources: [com.wix.detox.reactnative.idlingresources.timers.FabricTimersIdlingResource@61100bc]
04-06 11:59:37.599 27920 27958 D IdlingRegistry: Registering idling resources: [com.wix.detox.reactnative.idlingresources.network.NetworkIdlingResource@dec845]
04-06 11:59:37.599 27920 27958 D IdlingRegistry: Registering idling resources: [com.wix.detox.reactnative.idlingresources.StabilizedIdlingResource@a3e7b9a]
04-06 11:59:37.600 27920 27958 I DetoxWSClient: Sending out action 'invokeResult' (ID #75)
04-06 11:59:37.601 27920 27958 I DetoxDispatcher: Done with action 'invoke'
04-06 11:59:37.606 27920 27962 D DetoxWSClient: Received action 'invoke' (ID #76, params={"target":{"type":"Class","value":"com.wix.detox.espresso.DetoxAssertion"},"method":"waitForAssertMatcher","args":[{"type":"Invocation","value":{"target":{"type":"Class","value":"androidx.test.espresso.Espresso"},"method":"onView","args":[{"type":"Invocation","value":{"target":{"type":"Class","value":"com.wix.detox.espresso.DetoxMatcher"},"method":"matcherForTestId","args":["app-root",{"type":"boolean","value":false}]}}]}},{"type":"Invocation","value":{"target":{"type":"Class","value":"com.wix.detox.espresso.DetoxMatcher"},"method":"matcherForSufficientlyVisible","args":[{"type":"Integer","value":75}]}},{"type":"Double","value":5}]})
04-06 11:59:37.607 27920 27958 I DetoxDispatcher: Handling action 'invoke' (ID #76)...
04-06 11:59:37.607 27920 27958 D Detox   : class com.wix.detox.espresso.DetoxMatcher, matcherForTestId, [app-root, false]
04-06 11:59:37.607 27920 27958 D Detox   : class androidx.test.espresso.Espresso, onView, [(view.getTag() is "app-root" and view has effective visibility <VISIBLE>)]
04-06 11:59:37.608 27920 27958 D Detox   : class com.wix.detox.espresso.DetoxMatcher, matcherForSufficientlyVisible, [75]
04-06 11:59:37.608 27920 27958 D Detox   : class com.wix.detox.espresso.DetoxAssertion, waitForAssertMatcher, [androidx.test.espresso.ViewInteraction@95fbccb, (view has effective visibility <VISIBLE> and view.getGlobalVisibleRect() covers at least <75> percent of the view's area), 5.0]
04-06 11:59:37.767 27920 27920 D InsetsController: cancelAnimation of types: 8, animType: 0, host: com.evolucao.app/com.evolucao.app.MainActivity, from:android.view.InsetsController.notifyFinished:1375 android.view.InsetsAnimationThreadControlRunner$1.lambda$notifyFinished$0$android-view-InsetsAnimationThreadControlRunner$1:84 android.view.InsetsAnimationThreadControlRunner$1$$ExternalSyntheticLambda1.run:4 
04-06 11:59:37.767 27920 27920 D InsetsSourceConsumer: ensureControlPosition: Point(0, 88) for ITYPE_IME on com.evolucao.app/com.evolucao.app.MainActivity from android.view.InsetsSourceConsumer.notifyAnimationFinished:419
04-06 11:59:37.781 27920 28003 I ViewRootImpl@7efc384[MainActivity]: mWNT: t=0xb4000070a70a4200 mBlastBufferQueue=0xb4000070c2c34c00 fn= 304 caller= android.view.SyncRtSurfaceTransactionApplier.applyTransaction:96 android.view.SyncRtSurfaceTransactionApplier.lambda$scheduleApply$0$android-view-SyncRtSurfaceTransactionApplier:69 android.view.SyncRtSurfaceTransactionApplier$$ExternalSyntheticLambda0.onFrameDraw:4 
04-06 11:59:39.992 27920 27920 W UiControllerImpl: Waiting for: DYNAMIC_TASKS_HAVE_IDLED for 2200 iterations.
04-06 11:59:40.995 27920 27920 W UiControllerImpl: Waiting for: DYNAMIC_TASKS_HAVE_IDLED for 2300 iterations.
04-06 11:59:42.034 27920 27920 W UiControllerImpl: Waiting for: DYNAMIC_TASKS_HAVE_IDLED for 2400 iterations.
04-06 11:59:44.500 27920 27920 W UiControllerImpl: Waiting for: DYNAMIC_TASKS_HAVE_IDLED for 100 iterations.
04-06 11:59:45.739 27920 27920 W UiControllerImpl: Waiting for: DYNAMIC_TASKS_HAVE_IDLED for 100 iterations.
04-06 11:59:46.981 27920 27920 W UiControllerImpl: Waiting for: DYNAMIC_TASKS_HAVE_IDLED for 100 iterations.
04-06 11:59:47.618 27920 27962 D DetoxWSClient: Received action 'currentStatus' (ID #77, params={})
04-06 11:59:47.619 27920 27959 I DetoxDispatcher: Handling action 'currentStatus' (ID #77)...
04-06 11:59:47.624 27920 27959 I DetoxWSClient: Sending out action 'currentStatusResult' (ID #77)
04-06 11:59:47.626 27920 27959 I DetoxDispatcher: Done with action 'currentStatus'
04-06 11:59:48.142 27920 27920 W UiControllerImpl: Waiting for: DYNAMIC_TASKS_HAVE_IDLED for 100 iterations.
04-06 11:59:49.464 27920 27920 W UiControllerImpl: Waiting for: DYNAMIC_TASKS_HAVE_IDLED for 100 iterations.
04-06 11:59:51.947 27920 27920 W UiControllerImpl: Waiting for: DYNAMIC_TASKS_HAVE_IDLED for 100 iterations.
04-06 11:59:53.173 27920 27920 W UiControllerImpl: Waiting for: DYNAMIC_TASKS_HAVE_IDLED for 100 iterations.
04-06 11:59:54.489 27920 27920 W UiControllerImpl: Waiting for: DYNAMIC_TASKS_HAVE_IDLED for 100 iterations.
04-06 11:59:55.705 27920 27920 W UiControllerImpl: Waiting for: DYNAMIC_TASKS_HAVE_IDLED for 100 iterations.
04-06 11:59:56.948 27920 27920 W UiControllerImpl: Waiting for: DYNAMIC_TASKS_HAVE_IDLED for 100 iterations.
04-06 11:59:57.634 27920 27962 D DetoxWSClient: Received action 'currentStatus' (ID #78, params={})
04-06 11:59:57.635 27920 27959 I DetoxDispatcher: Handling action 'currentStatus' (ID #78)...
04-06 11:59:57.637 27920 27959 I DetoxWSClient: Sending out action 'currentStatusResult' (ID #78)
04-06 11:59:57.637 27920 27959 I DetoxDispatcher: Done with action 'currentStatus'
04-06 11:59:58.072 27920 27920 W UiControllerImpl: Waiting for: DYNAMIC_TASKS_HAVE_IDLED for 100 iterations.
04-06 11:59:59.430 27920 27920 W UiControllerImpl: Waiting for: DYNAMIC_TASKS_HAVE_IDLED for 100 iterations.
04-06 12:00:01.920 27920 27920 W UiControllerImpl: Waiting for: DYNAMIC_TASKS_HAVE_IDLED for 100 iterations.
04-06 12:00:03.137 27920 27920 W UiControllerImpl: Waiting for: DYNAMIC_TASKS_HAVE_IDLED for 100 iterations.
04-06 12:00:05.655 27920 27920 W UiControllerImpl: Waiting for: DYNAMIC_TASKS_HAVE_IDLED for 100 iterations.
04-06 12:00:06.959 27920 27920 W Choreographer: Frame time is 0.112745 ms in the future!  Check that graphics HAL is generating vsync timestamps using the correct timebase.
04-06 12:00:07.644 27920 27962 D DetoxWSClient: Received action 'currentStatus' (ID #79, params={})
04-06 12:00:07.645 27920 27959 I DetoxDispatcher: Handling action 'currentStatus' (ID #79)...
04-06 12:00:07.648 27920 27959 I DetoxWSClient: Sending out action 'currentStatusResult' (ID #79)
04-06 12:00:07.648 27920 27959 I DetoxDispatcher: Done with action 'currentStatus'
04-06 12:00:08.070 27920 27920 W UiControllerImpl: Waiting for: DYNAMIC_TASKS_HAVE_IDLED for 100 iterations.
04-06 12:00:10.621 27920 27920 W UiControllerImpl: Waiting for: DYNAMIC_TASKS_HAVE_IDLED for 100 iterations.
04-06 12:00:13.089 27920 27920 W UiControllerImpl: Waiting for: DYNAMIC_TASKS_HAVE_IDLED for 100 iterations.
04-06 12:00:14.345 27920 27920 W UiControllerImpl: Waiting for: DYNAMIC_TASKS_HAVE_IDLED for 100 iterations.
04-06 12:00:15.587 27920 27920 W UiControllerImpl: Waiting for: DYNAMIC_TASKS_HAVE_IDLED for 100 iterations.
04-06 12:00:16.853 27920 27920 W UiControllerImpl: Waiting for: DYNAMIC_TASKS_HAVE_IDLED for 100 iterations.
04-06 12:00:17.655 27920 27962 D DetoxWSClient: Received action 'currentStatus' (ID #80, params={})
04-06 12:00:17.656 27920 27959 I DetoxDispatcher: Handling action 'currentStatus' (ID #80)...
04-06 12:00:17.660 27920 27959 I DetoxWSClient: Sending out action 'currentStatusResult' (ID #80)
04-06 12:00:17.661 27920 27959 I DetoxDispatcher: Done with action 'currentStatus'
04-06 12:00:19.329 27920 27920 W UiControllerImpl: Waiting for: DYNAMIC_TASKS_HAVE_IDLED for 100 iterations.
04-06 12:00:20.587 27920 27920 W UiControllerImpl: Waiting for: DYNAMIC_TASKS_HAVE_IDLED for 100 iterations.
04-06 12:00:21.812 27920 27920 W UiControllerImpl: Waiting for: DYNAMIC_TASKS_HAVE_IDLED for 100 iterations.
04-06 12:00:22.470 27920 27920 W Choreographer: Frame time is 0.092911 ms in the future!  Check that graphics HAL is generating vsync timestamps using the correct timebase.
04-06 12:00:23.024 27920 27920 W UiControllerImpl: Waiting for: DYNAMIC_TASKS_HAVE_IDLED for 100 iterations.
04-06 12:00:24.294 27920 27920 W UiControllerImpl: Waiting for: DYNAMIC_TASKS_HAVE_IDLED for 100 iterations.
04-06 12:00:25.519 27920 27920 W UiControllerImpl: Waiting for: DYNAMIC_TASKS_HAVE_IDLED for 100 iterations.
04-06 12:00:26.761 27920 27920 W UiControllerImpl: Waiting for: DYNAMIC_TASKS_HAVE_IDLED for 100 iterations.
04-06 12:00:27.675 27920 27962 D DetoxWSClient: Received action 'currentStatus' (ID #81, params={})
04-06 12:00:27.676 27920 27959 I DetoxDispatcher: Handling action 'currentStatus' (ID #81)...
04-06 12:00:27.683 27920 27959 I DetoxWSClient: Sending out action 'currentStatusResult' (ID #81)
04-06 12:00:27.684 27920 27959 I DetoxDispatcher: Done with action 'currentStatus'
04-06 12:00:30.518 27920 27920 W UiControllerImpl: Waiting for: DYNAMIC_TASKS_HAVE_IDLED for 100 iterations.
04-06 12:00:31.743 27920 27920 W UiControllerImpl: Waiting for: DYNAMIC_TASKS_HAVE_IDLED for 100 iterations.
04-06 12:00:32.967 27920 27920 W UiControllerImpl: Waiting for: DYNAMIC_TASKS_HAVE_IDLED for 100 iterations.
04-06 12:00:34.244 27920 27920 W UiControllerImpl: Waiting for: DYNAMIC_TASKS_HAVE_IDLED for 100 iterations.
04-06 12:00:35.487 27920 27920 W UiControllerImpl: Waiting for: DYNAMIC_TASKS_HAVE_IDLED for 100 iterations.
04-06 12:00:37.701 27920 27962 D DetoxWSClient: Received action 'currentStatus' (ID #82, params={})
04-06 12:00:37.702 27920 27959 I DetoxDispatcher: Handling action 'currentStatus' (ID #82)...
04-06 12:00:37.704 27920 27959 I DetoxWSClient: Sending out action 'currentStatusResult' (ID #82)
04-06 12:00:37.704 27920 27959 I DetoxDispatcher: Done with action 'currentStatus'
04-06 12:00:37.937 27920 27920 W UiControllerImpl: Waiting for: DYNAMIC_TASKS_HAVE_IDLED for 100 iterations.
04-06 12:00:39.210 27920 27920 W UiControllerImpl: Waiting for: DYNAMIC_TASKS_HAVE_IDLED for 100 iterations.
04-06 12:00:39.475 27920 27920 W Choreographer: Frame time is 0.129929 ms in the future!  Check that graphics HAL is generating vsync timestamps using the correct timebase.
04-06 12:00:40.479 27920 27920 W UiControllerImpl: Waiting for: DYNAMIC_TASKS_HAVE_IDLED for 100 iterations.
04-06 12:00:41.693 27920 27920 W UiControllerImpl: Waiting for: DYNAMIC_TASKS_HAVE_IDLED for 100 iterations.
04-06 12:00:42.998 27920 27920 W Choreographer: Frame time is 0.081865996 ms in the future!  Check that graphics HAL is generating vsync timestamps using the correct timebase.
04-06 12:00:44.177 27920 27920 W UiControllerImpl: Waiting for: DYNAMIC_TASKS_HAVE_IDLED for 100 iterations.
04-06 12:00:46.677 27920 27920 W UiControllerImpl: Waiting for: DYNAMIC_TASKS_HAVE_IDLED for 100 iterations.
04-06 12:00:47.714 27920 27962 D DetoxWSClient: Received action 'currentStatus' (ID #83, params={})
04-06 12:00:47.714 27920 27959 I DetoxDispatcher: Handling action 'currentStatus' (ID #83)...
04-06 12:00:47.721 27920 27959 I DetoxWSClient: Sending out action 'currentStatusResult' (ID #83)
04-06 12:00:47.722 27920 27959 I DetoxDispatcher: Done with action 'currentStatus'
04-06 12:00:47.902 27920 27920 W UiControllerImpl: Waiting for: DYNAMIC_TASKS_HAVE_IDLED for 100 iterations.
04-06 12:00:49.176 27920 27920 W UiControllerImpl: Waiting for: DYNAMIC_TASKS_HAVE_IDLED for 100 iterations.
04-06 12:00:50.401 27920 27920 W UiControllerImpl: Waiting for: DYNAMIC_TASKS_HAVE_IDLED for 100 iterations.
04-06 12:00:51.659 27920 27920 W UiControllerImpl: Waiting for: DYNAMIC_TASKS_HAVE_IDLED for 100 iterations.
04-06 12:00:52.194 27920 27920 I ViewInteraction: Checking 'MatchesViewAssertion(Detox){viewMatcher=(view has effective visibility <VISIBLE> and view.getGlobalVisibleRect() covers at least <75> percent of the view's area)}' assertion on view (view.getTag() is "app-root" and view has effective visibility <VISIBLE>)
04-06 12:00:52.196 27920 27958 I DetoxWSClient: Sending out action 'invokeResult' (ID #76)
04-06 12:00:52.196 27920 27958 I DetoxDispatcher: Done with action 'invoke'
04-06 12:00:52.200 27920 27962 D DetoxWSClient: Received action 'invoke' (ID #84, params={"target":{"type":"Class","value":"com.wix.detox.espresso.DetoxAssertion"},"method":"assertMatcher","args":[{"type":"Invocation","value":{"target":{"type":"Class","value":"androidx.test.espresso.Espresso"},"method":"onView","args":[{"type":"Invocation","value":{"target":{"type":"Class","value":"com.wix.detox.espresso.DetoxMatcher"},"method":"matcherForTestId","args":["app-root",{"type":"boolean","value":false}]}}]}},{"type":"Invocation","value":{"target":{"type":"Class","value":"com.wix.detox.espresso.DetoxMatcher"},"method":"matcherForSufficientlyVisible","args":[{"type":"Integer","value":75}]}}]})
04-06 12:00:52.200 27920 27958 I DetoxDispatcher: Handling action 'invoke' (ID #84)...
04-06 12:00:52.201 27920 27958 D Detox   : class com.wix.detox.espresso.DetoxMatcher, matcherForTestId, [app-root, false]
04-06 12:00:52.201 27920 27958 D Detox   : class androidx.test.espresso.Espresso, onView, [(view.getTag() is "app-root" and view has effective visibility <VISIBLE>)]
04-06 12:00:52.202 27920 27958 D Detox   : class com.wix.detox.espresso.DetoxMatcher, matcherForSufficientlyVisible, [75]
04-06 12:00:52.203 27920 27958 D Detox   : class com.wix.detox.espresso.DetoxAssertion, assertMatcher, [androidx.test.espresso.ViewInteraction@f6748b2, (view has effective visibility <VISIBLE> and view.getGlobalVisibleRect() covers at least <75> percent of the view's area)]
04-06 12:00:52.206 27920 27920 I ViewInteraction: Checking 'MatchesViewAssertion(Detox){viewMatcher=(view has effective visibility <VISIBLE> and view.getGlobalVisibleRect() covers at least <75> percent of the view's area)}' assertion on view (view.getTag() is "app-root" and view has effective visibility <VISIBLE>)
04-06 12:00:52.208 27920 27958 I DetoxWSClient: Sending out action 'invokeResult' (ID #84)
04-06 12:00:52.208 27920 27958 I DetoxDispatcher: Done with action 'invoke'
04-06 12:00:52.212 27920 27962 D DetoxWSClient: Received action 'invoke' (ID #85, params={"target":{"type":"Class","value":"com.wix.detox.espresso.DetoxAssertion"},"method":"waitForAssertMatcher","args":[{"type":"Invocation","value":{"target":{"type":"Class","value":"androidx.test.espresso.Espresso"},"method":"onView","args":[{"type":"Invocation","value":{"target":{"type":"Class","value":"com.wix.detox.espresso.DetoxMatcher"},"method":"matcherForTestId","args":["serie-salva-indicator",{"type":"boolean","value":false}]}}]}},{"type":"Invocation","value":{"target":{"type":"Class","value":"com.wix.detox.espresso.DetoxMatcher"},"method":"matcherForSufficientlyVisible","args":[{"type":"Integer","value":75}]}},{"type":"Double","value":5}]})
04-06 12:00:52.212 27920 27958 I DetoxDispatcher: Handling action 'invoke' (ID #85)...
04-06 12:00:52.212 27920 27958 D Detox   : class com.wix.detox.espresso.DetoxMatcher, matcherForTestId, [serie-salva-indicator, false]
04-06 12:00:52.212 27920 27958 D Detox   : class androidx.test.espresso.Espresso, onView, [(view.getTag() is "serie-salva-indicator" and view has effective visibility <VISIBLE>)]
04-06 12:00:52.213 27920 27958 D Detox   : class com.wix.detox.espresso.DetoxMatcher, matcherForSufficientlyVisible, [75]
04-06 12:00:52.213 27920 27958 D Detox   : class com.wix.detox.espresso.DetoxAssertion, waitForAssertMatcher, [androidx.test.espresso.ViewInteraction@2cc6003, (view has effective visibility <VISIBLE> and view.getGlobalVisibleRect() covers at least <75> percent of the view's area), 5.0]
04-06 12:00:52.328 27920 27920 I ViewInteraction: Checking 'MatchesViewAssertion(Detox){viewMatcher=(view has effective visibility <VISIBLE> and view.getGlobalVisibleRect() covers at least <75> percent of the view's area)}' assertion on view (view.getTag() is "serie-salva-indicator" and view has effective visibility <VISIBLE>)
04-06 12:00:52.460 27920 27920 I ViewInteraction: Checking 'MatchesViewAssertion(Detox){viewMatcher=(view has effective visibility <VISIBLE> and view.getGlobalVisibleRect() covers at least <75> percent of the view's area)}' assertion on view (view.getTag() is "serie-salva-indicator" and view has effective visibility <VISIBLE>)
04-06 12:00:52.599 27920 27920 I ViewInteraction: Checking 'MatchesViewAssertion(Detox){viewMatcher=(view has effective visibility <VISIBLE> and view.getGlobalVisibleRect() covers at least <75> percent of the view's area)}' assertion on view (view.getTag() is "serie-salva-indicator" and view has effective visibility <VISIBLE>)
04-06 12:00:52.726 27920 27920 I ViewInteraction: Checking 'MatchesViewAssertion(Detox){viewMatcher=(view has effective visibility <VISIBLE> and view.getGlobalVisibleRect() covers at least <75> percent of the view's area)}' assertion on view (view.getTag() is "serie-salva-indicator" and view has effective visibility <VISIBLE>)
04-06 12:00:52.855 27920 27920 I ViewInteraction: Checking 'MatchesViewAssertion(Detox){viewMatcher=(view has effective visibility <VISIBLE> and view.getGlobalVisibleRect() covers at least <75> percent of the view's area)}' assertion on view (view.getTag() is "serie-salva-indicator" and view has effective visibility <VISIBLE>)
04-06 12:00:52.994 27920 27920 I ViewInteraction: Checking 'MatchesViewAssertion(Detox){viewMatcher=(view has effective visibility <VISIBLE> and view.getGlobalVisibleRect() covers at least <75> percent of the view's area)}' assertion on view (view.getTag() is "serie-salva-indicator" and view has effective visibility <VISIBLE>)
04-06 12:00:53.119 27920 27920 I ViewInteraction: Checking 'MatchesViewAssertion(Detox){viewMatcher=(view has effective visibility <VISIBLE> and view.getGlobalVisibleRect() covers at least <75> percent of the view's area)}' assertion on view (view.getTag() is "serie-salva-indicator" and view has effective visibility <VISIBLE>)
04-06 12:00:53.241 27920 27920 I ViewInteraction: Checking 'MatchesViewAssertion(Detox){viewMatcher=(view has effective visibility <VISIBLE> and view.getGlobalVisibleRect() covers at least <75> percent of the view's area)}' assertion on view (view.getTag() is "serie-salva-indicator" and view has effective visibility <VISIBLE>)
04-06 12:00:53.362 27920 27920 I ViewInteraction: Checking 'MatchesViewAssertion(Detox){viewMatcher=(view has effective visibility <VISIBLE> and view.getGlobalVisibleRect() covers at least <75> percent of the view's area)}' assertion on view (view.getTag() is "serie-salva-indicator" and view has effective visibility <VISIBLE>)
04-06 12:00:53.484 27920 27920 I ViewInteraction: Checking 'MatchesViewAssertion(Detox){viewMatcher=(view has effective visibility <VISIBLE> and view.getGlobalVisibleRect() covers at least <75> percent of the view's area)}' assertion on view (view.getTag() is "serie-salva-indicator" and view has effective visibility <VISIBLE>)
04-06 12:00:53.606 27920 27920 I ViewInteraction: Checking 'MatchesViewAssertion(Detox){viewMatcher=(view has effective visibility <VISIBLE> and view.getGlobalVisibleRect() covers at least <75> percent of the view's area)}' assertion on view (view.getTag() is "serie-salva-indicator" and view has effective visibility <VISIBLE>)
04-06 12:00:53.728 27920 27920 I ViewInteraction: Checking 'MatchesViewAssertion(Detox){viewMatcher=(view has effective visibility <VISIBLE> and view.getGlobalVisibleRect() covers at least <75> percent of the view's area)}' assertion on view (view.getTag() is "serie-salva-indicator" and view has effective visibility <VISIBLE>)
04-06 12:00:53.854 27920 27920 I ViewInteraction: Checking 'MatchesViewAssertion(Detox){viewMatcher=(view has effective visibility <VISIBLE> and view.getGlobalVisibleRect() covers at least <75> percent of the view's area)}' assertion on view (view.getTag() is "serie-salva-indicator" and view has effective visibility <VISIBLE>)
04-06 12:00:53.974 27920 27920 I ViewInteraction: Checking 'MatchesViewAssertion(Detox){viewMatcher=(view has effective visibility <VISIBLE> and view.getGlobalVisibleRect() covers at least <75> percent of the view's area)}' assertion on view (view.getTag() is "serie-salva-indicator" and view has effective visibility <VISIBLE>)
04-06 12:00:54.116 27920 27920 I ViewInteraction: Checking 'MatchesViewAssertion(Detox){viewMatcher=(view has effective visibility <VISIBLE> and view.getGlobalVisibleRect() covers at least <75> percent of the view's area)}' assertion on view (view.getTag() is "serie-salva-indicator" and view has effective visibility <VISIBLE>)
04-06 12:00:54.243 27920 27920 I ViewInteraction: Checking 'MatchesViewAssertion(Detox){viewMatcher=(view has effective visibility <VISIBLE> and view.getGlobalVisibleRect() covers at least <75> percent of the view's area)}' assertion on view (view.getTag() is "serie-salva-indicator" and view has effective visibility <VISIBLE>)
04-06 12:00:54.364 27920 27920 I ViewInteraction: Checking 'MatchesViewAssertion(Detox){viewMatcher=(view has effective visibility <VISIBLE> and view.getGlobalVisibleRect() covers at least <75> percent of the view's area)}' assertion on view (view.getTag() is "serie-salva-indicator" and view has effective visibility <VISIBLE>)
04-06 12:00:54.489 27920 27920 I ViewInteraction: Checking 'MatchesViewAssertion(Detox){viewMatcher=(view has effective visibility <VISIBLE> and view.getGlobalVisibleRect() covers at least <75> percent of the view's area)}' assertion on view (view.getTag() is "serie-salva-indicator" and view has effective visibility <VISIBLE>)
04-06 12:00:54.825 27920 27920 I ViewInteraction: Checking 'MatchesViewAssertion(Detox){viewMatcher=(view has effective visibility <VISIBLE> and view.getGlobalVisibleRect() covers at least <75> percent of the view's area)}' assertion on view (view.getTag() is "serie-salva-indicator" and view has effective visibility <VISIBLE>)
04-06 12:00:54.947 27920 27920 I ViewInteraction: Checking 'MatchesViewAssertion(Detox){viewMatcher=(view has effective visibility <VISIBLE> and view.getGlobalVisibleRect() covers at least <75> percent of the view's area)}' assertion on view (view.getTag() is "serie-salva-indicator" and view has effective visibility <VISIBLE>)
04-06 12:00:55.074 27920 27920 I ViewInteraction: Checking 'MatchesViewAssertion(Detox){viewMatcher=(view has effective visibility <VISIBLE> and view.getGlobalVisibleRect() covers at least <75> percent of the view's area)}' assertion on view (view.getTag() is "serie-salva-indicator" and view has effective visibility <VISIBLE>)
04-06 12:00:55.192 27920 27920 I ViewInteraction: Checking 'MatchesViewAssertion(Detox){viewMatcher=(view has effective visibility <VISIBLE> and view.getGlobalVisibleRect() covers at least <75> percent of the view's area)}' assertion on view (view.getTag() is "serie-salva-indicator" and view has effective visibility <VISIBLE>)
04-06 12:00:55.324 27920 27920 I ViewInteraction: Checking 'MatchesViewAssertion(Detox){viewMatcher=(view has effective visibility <VISIBLE> and view.getGlobalVisibleRect() covers at least <75> percent of the view's area)}' assertion on view (view.getTag() is "serie-salva-indicator" and view has effective visibility <VISIBLE>)
04-06 12:00:55.441 27920 27920 I ViewInteraction: Checking 'MatchesViewAssertion(Detox){viewMatcher=(view has effective visibility <VISIBLE> and view.getGlobalVisibleRect() covers at least <75> percent of the view's area)}' assertion on view (view.getTag() is "serie-salva-indicator" and view has effective visibility <VISIBLE>)
04-06 12:00:55.570 27920 27920 I ViewInteraction: Checking 'MatchesViewAssertion(Detox){viewMatcher=(view has effective visibility <VISIBLE> and view.getGlobalVisibleRect() covers at least <75> percent of the view's area)}' assertion on view (view.getTag() is "serie-salva-indicator" and view has effective visibility <VISIBLE>)
04-06 12:00:55.692 27920 27920 I ViewInteraction: Checking 'MatchesViewAssertion(Detox){viewMatcher=(view has effective visibility <VISIBLE> and view.getGlobalVisibleRect() covers at least <75> percent of the view's area)}' assertion on view (view.getTag() is "serie-salva-indicator" and view has effective visibility <VISIBLE>)
04-06 12:00:55.812 27920 27920 I ViewInteraction: Checking 'MatchesViewAssertion(Detox){viewMatcher=(view has effective visibility <VISIBLE> and view.getGlobalVisibleRect() covers at least <75> percent of the view's area)}' assertion on view (view.getTag() is "serie-salva-indicator" and view has effective visibility <VISIBLE>)
04-06 12:00:55.936 27920 27920 I ViewInteraction: Checking 'MatchesViewAssertion(Detox){viewMatcher=(view has effective visibility <VISIBLE> and view.getGlobalVisibleRect() covers at least <75> percent of the view's area)}' assertion on view (view.getTag() is "serie-salva-indicator" and view has effective visibility <VISIBLE>)
04-06 12:00:56.055 27920 27920 I ViewInteraction: Checking 'MatchesViewAssertion(Detox){viewMatcher=(view has effective visibility <VISIBLE> and view.getGlobalVisibleRect() covers at least <75> percent of the view's area)}' assertion on view (view.getTag() is "serie-salva-indicator" and view has effective visibility <VISIBLE>)
04-06 12:00:56.181 27920 27920 I ViewInteraction: Checking 'MatchesViewAssertion(Detox){viewMatcher=(view has effective visibility <VISIBLE> and view.getGlobalVisibleRect() covers at least <75> percent of the view's area)}' assertion on view (view.getTag() is "serie-salva-indicator" and view has effective visibility <VISIBLE>)
04-06 12:00:56.298 27920 27920 I ViewInteraction: Checking 'MatchesViewAssertion(Detox){viewMatcher=(view has effective visibility <VISIBLE> and view.getGlobalVisibleRect() covers at least <75> percent of the view's area)}' assertion on view (view.getTag() is "serie-salva-indicator" and view has effective visibility <VISIBLE>)
04-06 12:00:56.422 27920 27920 I ViewInteraction: Checking 'MatchesViewAssertion(Detox){viewMatcher=(view has effective visibility <VISIBLE> and view.getGlobalVisibleRect() covers at least <75> percent of the view's area)}' assertion on view (view.getTag() is "serie-salva-indicator" and view has effective visibility <VISIBLE>)
04-06 12:00:56.539 27920 27920 I ViewInteraction: Checking 'MatchesViewAssertion(Detox){viewMatcher=(view has effective visibility <VISIBLE> and view.getGlobalVisibleRect() covers at least <75> percent of the view's area)}' assertion on view (view.getTag() is "serie-salva-indicator" and view has effective visibility <VISIBLE>)
04-06 12:00:56.689 27920 27920 I ViewInteraction: Checking 'MatchesViewAssertion(Detox){viewMatcher=(view has effective visibility <VISIBLE> and view.getGlobalVisibleRect() covers at least <75> percent of the view's area)}' assertion on view (view.getTag() is "serie-salva-indicator" and view has effective visibility <VISIBLE>)
04-06 12:00:56.820 27920 27920 I ViewInteraction: Checking 'MatchesViewAssertion(Detox){viewMatcher=(view has effective visibility <VISIBLE> and view.getGlobalVisibleRect() covers at least <75> percent of the view's area)}' assertion on view (view.getTag() is "serie-salva-indicator" and view has effective visibility <VISIBLE>)
04-06 12:00:56.940 27920 27920 I ViewInteraction: Checking 'MatchesViewAssertion(Detox){viewMatcher=(view has effective visibility <VISIBLE> and view.getGlobalVisibleRect() covers at least <75> percent of the view's area)}' assertion on view (view.getTag() is "serie-salva-indicator" and view has effective visibility <VISIBLE>)
04-06 12:00:57.067 27920 27920 I ViewInteraction: Checking 'MatchesViewAssertion(Detox){viewMatcher=(view has effective visibility <VISIBLE> and view.getGlobalVisibleRect() covers at least <75> percent of the view's area)}' assertion on view (view.getTag() is "serie-salva-indicator" and view has effective visibility <VISIBLE>)
04-06 12:00:57.189 27920 27920 I ViewInteraction: Checking 'MatchesViewAssertion(Detox){viewMatcher=(view has effective visibility <VISIBLE> and view.getGlobalVisibleRect() covers at least <75> percent of the view's area)}' assertion on view (view.getTag() is "serie-salva-indicator" and view has effective visibility <VISIBLE>)
04-06 12:00:57.218 27920 27958 I DetoxActionHandlers: Test exception
04-06 12:00:57.218 27920 27958 I DetoxActionHandlers: java.lang.reflect.InvocationTargetException
04-06 12:00:57.218 27920 27958 I DetoxActionHandlers: 	at java.lang.reflect.Method.invoke(Native Method)
04-06 12:00:57.218 27920 27958 I DetoxActionHandlers: 	at org.apache.commons.lang3.reflect.MethodUtils.invokeStaticMethod(MethodUtils.java:443)
04-06 12:00:57.218 27920 27958 I DetoxActionHandlers: 	at org.apache.commons.lang3.reflect.MethodUtils.invokeStaticMethod(MethodUtils.java:405)
04-06 12:00:57.218 27920 27958 I DetoxActionHandlers: 	at com.wix.invoke.types.ClassTarget.execute(ClassTarget.java:23)
04-06 12:00:57.218 27920 27958 I DetoxActionHandlers: 	at com.wix.invoke.types.Target.invoke(Target.java:59)
04-06 12:00:57.218 27920 27958 I DetoxActionHandlers: 	at com.wix.invoke.MethodInvocation.invoke(MethodInvocation.java:35)
04-06 12:00:57.218 27920 27958 I DetoxActionHandlers: 	at com.wix.invoke.MethodInvocation.invoke(MethodInvocation.java:26)
04-06 12:00:57.218 27920 27958 I DetoxActionHandlers: 	at com.wix.invoke.MethodInvocation.invoke(MethodInvocation.java:20)
04-06 12:00:57.218 27920 27958 I DetoxActionHandlers: 	at com.wix.detox.adapters.server.InvokeActionHandler.handle(DetoxActionHandlers.kt:54)
04-06 12:00:57.218 27920 27958 I DetoxActionHandlers: 	at com.wix.detox.adapters.server.ActionsExecutor.executeAction$lambda$2$lambda$1(DetoxActionsDispatcher.kt:76)
04-06 12:00:57.218 27920 27958 I DetoxActionHandlers: 	at com.wix.detox.adapters.server.ActionsExecutor.$r8$lambda$GVbB7LHtBHxNHGbgYnHJ6YrwCqs(Unknown Source:0)
04-06 12:00:57.218 27920 27958 I DetoxActionHandlers: 	at com.wix.detox.adapters.server.ActionsExecutor$$ExternalSyntheticLambda0.run(D8$$SyntheticClass:0)
04-06 12:00:57.218 27920 27958 I DetoxActionHandlers: 	at android.os.Handler.handleCallback(Handler.java:942)
04-06 12:00:57.218 27920 27958 I DetoxActionHandlers: 	at android.os.Handler.dispatchMessage(Handler.java:99)
04-06 12:00:57.218 27920 27958 I DetoxActionHandlers: 	at android.os.Looper.loopOnce(Looper.java:226)
04-06 12:00:57.218 27920 27958 I DetoxActionHandlers: 	at android.os.Looper.loop(Looper.java:313)
04-06 12:00:57.218 27920 27958 I DetoxActionHandlers: 	at com.wix.detox.adapters.server.ActionsExecutor._init_$lambda$0(DetoxActionsDispatcher.kt:62)
04-06 12:00:57.218 27920 27958 I DetoxActionHandlers: 	at com.wix.detox.adapters.server.ActionsExecutor.$r8$lambda$xlgL0CQim6vNM0wWEqM8JIDgZUE(Unknown Source:0)
04-06 12:00:57.218 27920 27958 I DetoxActionHandlers: 	at com.wix.detox.adapters.server.ActionsExecutor$$ExternalSyntheticLambda1.run(D8$$SyntheticClass:0)
04-06 12:00:57.218 27920 27958 I DetoxActionHandlers: 	at java.lang.Thread.run(Thread.java:1012)
04-06 12:00:57.218 27920 27958 I DetoxActionHandlers: Caused by: com.wix.detox.common.DetoxErrors$DetoxRuntimeException: 5.0sec timeout expired without matching of given matcher: (view has effective visibility <VISIBLE> and view.getGlobalVisibleRect() covers at least <75> percent of the view's area)
04-06 12:00:57.218 27920 27958 I D