--------- beginning of main
04-06 02:41:13.128 26528 26585 D DetoxWSClient: Received action 'invoke' (ID #24, params={"target":{"type":"Class","value":"com.wix.detox.espresso.DetoxAssertion"},"method":"waitForAssertMatcher","args":[{"type":"Invocation","value":{"target":{"type":"Class","value":"androidx.test.espresso.Espresso"},"method":"onView","args":[{"type":"Invocation","value":{"target":{"type":"Class","value":"com.wix.detox.espresso.DetoxMatcher"},"method":"matcherForText","args":["Treinos",{"type":"boolean","value":false}]}}]}},{"type":"Invocation","value":{"target":{"type":"Class","value":"com.wix.detox.espresso.DetoxMatcher"},"method":"matcherForSufficientlyVisible","args":[{"type":"Integer","value":75}]}},{"type":"Double","value":2}]})
04-06 02:41:13.129 26528 26581 I DetoxDispatcher: Handling action 'invoke' (ID #24)...
04-06 02:41:13.130 26528 26581 D Detox   : class com.wix.detox.espresso.DetoxMatcher, matcherForText, [Treinos, false]
04-06 02:41:13.130 26528 26581 D Detox   : class androidx.test.espresso.Espresso, onView, [(an instance of android.widget.TextView and view.getText() with or without transformation to match: is "Treinos" and view has effective visibility <VISIBLE>)]
04-06 02:41:13.131 26528 26581 D Detox   : class com.wix.detox.espresso.DetoxMatcher, matcherForSufficientlyVisible, [75]
04-06 02:41:13.132 26528 26581 D Detox   : class com.wix.detox.espresso.DetoxAssertion, waitForAssertMatcher, [androidx.test.espresso.ViewInteraction@a33f03b, (view has effective visibility <VISIBLE> and view.getGlobalVisibleRect() covers at least <75> percent of the view's area), 2.0]
04-06 02:41:13.254 26528 26528 I ViewInteraction: Checking 'MatchesViewAssertion(Detox){viewMatcher=(view has effective visibility <VISIBLE> and view.getGlobalVisibleRect() covers at least <75> percent of the view's area)}' assertion on view (an instance of android.widget.TextView and view.getText() with or without transformation to match: is "Treinos" and view has effective visibility <VISIBLE>)
04-06 02:41:13.369 26528 26528 I ViewInteraction: Checking 'MatchesViewAssertion(Detox){viewMatcher=(view has effective visibility <VISIBLE> and view.getGlobalVisibleRect() covers at least <75> percent of the view's area)}' assertion on view (an instance of android.widget.TextView and view.getText() with or without transformation to match: is "Treinos" and view has effective visibility <VISIBLE>)
04-06 02:41:13.504 26528 26528 I ViewInteraction: Checking 'MatchesViewAssertion(Detox){viewMatcher=(view has effective visibility <VISIBLE> and view.getGlobalVisibleRect() covers at least <75> percent of the view's area)}' assertion on view (an instance of android.widget.TextView and view.getText() with or without transformation to match: is "Treinos" and view has effective visibility <VISIBLE>)
04-06 02:41:13.628 26528 26528 I ViewInteraction: Checking 'MatchesViewAssertion(Detox){viewMatcher=(view has effective visibility <VISIBLE> and view.getGlobalVisibleRect() covers at least <75> percent of the view's area)}' assertion on view (an instance of android.widget.TextView and view.getText() with or without transformation to match: is "Treinos" and view has effective visibility <VISIBLE>)
04-06 02:41:13.760 26528 26528 I ViewInteraction: Checking 'MatchesViewAssertion(Detox){viewMatcher=(view has effective visibility <VISIBLE> and view.getGlobalVisibleRect() covers at least <75> percent of the view's area)}' assertion on view (an instance of android.widget.TextView and view.getText() with or without transformation to match: is "Treinos" and view has effective visibility <VISIBLE>)
04-06 02:41:13.786 26528 26602 D NativeCustomFrequencyManager: [NativeCFMS] BpCustomFrequencyManager::BpCustomFrequencyManager()
04-06 02:41:13.792 26528 26528 D InsetsController: onStateChanged: InsetsState: {mDisplayFrame=Rect(0, 0 - 1080, 2400), mDisplayCutout=DisplayCutout{insets=Rect(0, 88 - 0, 0) waterfall=Insets{left=0, top=0, right=0, bottom=0} boundingRect={Bounds=[Rect(0, 0 - 0, 0), Rect(512, 0 - 568, 88), Rect(0, 0 - 0, 0), Rect(0, 0 - 0, 0)]} cutoutPathParserInfo={CutoutPathParserInfo{displayWidth=1080 displayHeight=2400 physicalDisplayWidth=1080 physicalDisplayHeight=2400 density={3.0} cutoutSpec={M 0,0 M 0,10.71963616907435 a 9.280363830925644,9.280363830925644 0 1,0 0,18.56072766185129 a 9.280363830925644,9.280363830925644 0 1,0 0,-18.56072766185129 Z @dp} rotation={0} scale={1.0} physicalPixelDisplaySizeRatio={1.0}}}}, mRoundedCorners=RoundedCorners{[RoundedCorner{position=TopLeft, radius=96, center=Point(96, 96)}, RoundedCorner{position=TopRight, radius=96, center=Point(984, 96)}, RoundedCorner{position=BottomRight, radius=96, center=Point(984, 2304)}, RoundedCorner{position=BottomLeft, radius=96, center=Point(96, 2304)}]}  mRoundedCornerFrame=Rect(0, 0 - 1080, 2400), mPrivacyIndicatorBounds=PrivacyIndicatorBounds {static bounds=Rect(948, 0 - 1080, 88) rotation=0}, mSources= { InsetsSource: {mType=ITYPE_STATUS_BAR, mFrame=[0,0][1080,88], mVisible=true, mInsetsRoundedCornerFrame=false}, InsetsSource: {mType=ITYPE_NAVIGATION_BAR, mFrame=[0,2256][1080,2400], mVisible=true, mInsetsRoundedCornerFrame=false}, InsetsSource: {mType=ITYPE_LEFT_GESTURES, mFrame=[0,0][0,2400], mVisible=true, mInsetsRoundedCornerFrame=false}, InsetsSource: {mType=ITYPE_RIGHT_GESTURES, mFrame=[1080,0][1080,2400], mVisible=true, mInsetsRoundedCornerFrame=false}, InsetsSource: {mType=ITYPE_TOP_MANDATORY_GESTURES, mFrame=[0,0][1080,124], mVisible=true, mInsetsRoundedCornerFrame=false}, InsetsSource: {mType=ITYPE_BOTTOM_MANDATORY_GESTURES, mFrame=[0,2256][1080,2400], mVisible=true, mInsetsRoundedCornerFrame=false}, InsetsSource: {mType=ITYPE_LEFT_DISPLAY_CUTOUT, mFrame=[0,0][-100000,2400], mVisible=true, mInsetsRoundedCornerFrame=false}, InsetsSource: {mType=ITYPE_TOP_DISPLAY_CUTOUT, mFrame=[0,0][1080,88], mVisible=true, mInsetsRoundedCornerFrame=false}, InsetsSource: {mType=ITYPE_RIGHT_DISPLAY_CUTOUT, mFrame=[100000,0][1080,2400], mVisible=true, mInsetsRoundedCornerFrame=false}, InsetsSource: {mType=ITYPE_BOTTOM_DISPLAY_CUTOUT, mFrame=[0,100000][1080,2400], mVisible=true, mInsetsRoundedCornerFrame=false}, InsetsSource: {mType=ITYPE_TOP_TAPPABLE_ELEMENT, mFrame=[0,0][1080,88], mVisible=true, mInsetsRoundedCornerFrame=false}, InsetsSource: {mType=ITYPE_BOTTOM_TAPPABLE_ELEMENT, mFrame=[0,2256][1080,2400], mVisible=true, mInsetsRoundedCornerFrame=false} } host=PopupWindow:ef75596 from=android.view.ViewRootImpl.setView:1732
04-06 02:41:13.798 26528 26528 I ViewRootImpl@3675517[PopupWindow:ef75596]: setView = android.widget.PopupWindow$PopupDecorView@4022bb3 TM=false
04-06 02:41:13.802 26528 26528 I ViewRootImpl@3675517[PopupWindow:ef75596]: performTraversals params={(0,88)(fillxwrap) gr=TOP START CENTER sim={state=unchanged adjust=pan} ty=APPLICATION_PANEL fmt=TRANSLUCENT surfaceInsets=Rect(0, 0 - 0, 0) (manual)
04-06 02:41:13.802 26528 26528 I ViewRootImpl@3675517[PopupWindow:ef75596]:   fl=41800008
04-06 02:41:13.802 26528 26528 I ViewRootImpl@3675517[PopupWindow:ef75596]:   pfl=42018000
04-06 02:41:13.802 26528 26528 I ViewRootImpl@3675517[PopupWindow:ef75596]:   bhv=DEFAULT
04-06 02:41:13.802 26528 26528 I ViewRootImpl@3675517[PopupWindow:ef75596]:   fitTypes=STATUS_BARS NAVIGATION_BARS CAPTION_BAR naviIconColor=0
04-06 02:41:13.802 26528 26528 I ViewRootImpl@3675517[PopupWindow:ef75596]:   sfl=20000}
04-06 02:41:13.802 26528 26528 I ViewRootImpl@3675517[PopupWindow:ef75596]: performTraversals mFirst=true windowShouldResize=true viewVisibilityChanged=false mForceNextWindowRelayout=false params={(0,88)(fillxwrap) gr=TOP START CENTER sim={state=unchanged adjust=pan} ty=APPLICATION_PANEL fmt=TRANSLUCENT surfaceInsets=Rect(0, 0 - 0, 0) (manual)
04-06 02:41:13.802 26528 26528 I ViewRootImpl@3675517[PopupWindow:ef75596]:   fl=41800008
04-06 02:41:13.802 26528 26528 I ViewRootImpl@3675517[PopupWindow:ef75596]:   pfl=42018000
04-06 02:41:13.802 26528 26528 I ViewRootImpl@3675517[PopupWindow:ef75596]:   bhv=DEFAULT
04-06 02:41:13.802 26528 26528 I ViewRootImpl@3675517[PopupWindow:ef75596]:   fitTypes=STATUS_BARS NAVIGATION_BARS CAPTION_BAR naviIconColor=0
04-06 02:41:13.802 26528 26528 I ViewRootImpl@3675517[PopupWindow:ef75596]:   sfl=20000}
04-06 02:41:13.810 26528 26736 I ViewRootImpl@3675517[PopupWindow:ef75596]: Resizing android.view.ViewRootImpl@daf5570: frame = [0,88][1080,167] reportDraw = true forceLayout = false syncSeqId = 0
04-06 02:41:13.812 26528 26528 I ViewRootImpl@3675517[PopupWindow:ef75596]: updateBlastSurfaceIfNeeded mBlastBufferQueue=null isSameSurfaceControl=false
04-06 02:41:13.812 26528 26528 I BLASTBufferQueue: new BLASTBufferQueue, mName= ViewRootImpl@3675517[PopupWindow:ef75596] mNativeObject= 0xb40000704779aa80 sc.mNativeObject= 0xb40000704445a3a0 caller= android.view.ViewRootImpl.updateBlastSurfaceIfNeeded:2909 android.view.ViewRootImpl.relayoutWindow:9847 android.view.ViewRootImpl.performTraversals:3884 android.view.ViewRootImpl.doTraversal:3116 android.view.ViewRootImpl$TraversalRunnable.run:10885 android.view.Choreographer$CallbackRecord.run:1301 android.view.Choreographer$CallbackRecord.run:1309 android.view.Choreographer.doCallbacks:923 android.view.Choreographer.doFrame:852 android.view.Choreographer$FrameDisplayEventReceiver.run:1283 
04-06 02:41:13.812 26528 26528 I BLASTBufferQueue: update, w= 1080 h= 79 mName = ViewRootImpl@3675517[PopupWindow:ef75596] mNativeObject= 0xb40000704779aa80 sc.mNativeObject= 0xb40000704445a3a0 format= -3 caller= android.graphics.BLASTBufferQueue.<init>:84 android.view.ViewRootImpl.updateBlastSurfaceIfNeeded:2909 android.view.ViewRootImpl.relayoutWindow:9847 android.view.ViewRootImpl.performTraversals:3884 android.view.ViewRootImpl.doTraversal:3116 android.view.ViewRootImpl$TraversalRunnable.run:10885 
04-06 02:41:13.813 26528 26528 I ViewRootImpl@3675517[PopupWindow:ef75596]: Relayout returned: old=(0,88,1080,2256) new=(0,88,1080,167) req=(1080,79)0 dur=10 res=0x3 s={true 0xb4000069fac48800} ch=true seqId=0
04-06 02:41:13.814 26528 26528 I ViewRootImpl@3675517[PopupWindow:ef75596]: mThreadedRenderer.initialize() mSurface={isValid=true 0xb4000069fac48800} hwInitialized=true
04-06 02:41:13.814 26528 26602 D OpenGLRenderer: eglCreateWindowSurface
04-06 02:41:13.815 26528 26528 I ViewRootImpl@3675517[PopupWindow:ef75596]: reportNextDraw android.view.ViewRootImpl.performTraversals:4438 android.view.ViewRootImpl.doTraversal:3116 android.view.ViewRootImpl$TraversalRunnable.run:10885 android.view.Choreographer$CallbackRecord.run:1301 android.view.Choreographer$CallbackRecord.run:1309 
04-06 02:41:13.815 26528 26528 I ViewRootImpl@3675517[PopupWindow:ef75596]: Setup new sync id=0
04-06 02:41:13.815 26528 26528 I ViewRootImpl@3675517[PopupWindow:ef75596]: Setting syncFrameCallback
04-06 02:41:13.815 26528 26528 I ViewRootImpl@3675517[PopupWindow:ef75596]: registerCallbacksForSync syncBuffer=false
04-06 02:41:13.817 26528 26623 I ViewRootImpl@3675517[PopupWindow:ef75596]: Received frameDrawingCallback syncResult=0 frameNum=1.
04-06 02:41:13.817 26528 26623 I ViewRootImpl@3675517[PopupWindow:ef75596]: Setting up sync and frameCommitCallback
04-06 02:41:13.817 26528 26602 I BLASTBufferQueue: [ViewRootImpl@3675517[PopupWindow:ef75596]#6](f:0,a:0) onFrameAvailable the first frame is available
04-06 02:41:13.818 26528 26602 I ViewRootImpl@3675517[PopupWindow:ef75596]: Received frameCommittedCallback lastAttemptedDrawFrameNum=1 didProduceBuffer=true
04-06 02:41:13.818 26528 26602 D OpenGLRenderer: CFMS:: SetUp Pid : 26528    Tid : 26602
04-06 02:41:13.819 26528 26602 W Parcel  : Expecting binder but got null!
04-06 02:41:13.819 26528 26528 I ViewRootImpl@3675517[PopupWindow:ef75596]: onSyncComplete
04-06 02:41:13.819 26528 26528 I ViewRootImpl@3675517[PopupWindow:ef75596]: setupSync seqId=0 mSyncId=0 fn=1 caller=android.view.ViewRootImpl$$ExternalSyntheticLambda11.accept:6 android.window.SurfaceSyncer.lambda$setupSync$1$android-window-SurfaceSyncer:128 android.window.SurfaceSyncer$$ExternalSyntheticLambda1.accept:8 android.window.SurfaceSyncer$SyncSet.checkIfSyncIsComplete:382 android.window.SurfaceSyncer$SyncSet.markSyncReady:359 android.window.SurfaceSyncer.markSyncReady:151 android.view.ViewRootImpl.performTraversals:4503 
04-06 02:41:13.819 26528 26528 I ViewRootImpl@3675517[PopupWindow:ef75596]: reportDrawFinished seqId=0 mSyncId=-1 fn=1 mSurfaceChangedTransaction=0xb400007044752100
04-06 02:41:13.821 26528 26528 I ViewRootImpl@3675517[PopupWindow:ef75596]: handleResized, msg = 5 frames=ClientWindowFrames{frame=[0,88][1080,167] display=[0,88][1080,2256] parentFrame=[0,0][0,0] parentClippedByDisplayCutout=false} forceNextWindowRelayout=false displayId=0 resizeMode=-1 frameChanged=false displayFrameChanged=false configChanged=false displayChanged=false
04-06 02:41:13.821 26528 26528 I ViewRootImpl@3675517[PopupWindow:ef75596]: handleResized mSyncSeqId = 0
04-06 02:41:13.822 26528 26528 I ViewRootImpl@3675517[PopupWindow:ef75596]: reportNextDraw android.view.ViewRootImpl.handleResized:2450 android.view.ViewRootImpl.-$$Nest$mhandleResized:0 android.view.ViewRootImpl$ViewRootHandler.handleMessageImpl:6728 android.view.ViewRootImpl$ViewRootHandler.handleMessage:6697 android.os.Handler.dispatchMessage:106 
04-06 02:41:13.824 26528 26602 D OpenGLRenderer: setSurface called with nullptr
04-06 02:41:13.824 26528 26602 D OpenGLRenderer: setSurface() destroyed EGLSurface
04-06 02:41:13.824 26528 26602 D OpenGLRenderer: destroyEglSurface
04-06 02:41:13.824 26528 26528 I ViewRootImpl@3675517[PopupWindow:ef75596]: dispatchDetachedFromWindow
04-06 02:41:13.827 26528 26528 D InputTransport: Input channel destroyed: 'edda7fe', fd=113
04-06 02:41:13.925 26528 26528 I ViewInteraction: Checking 'MatchesViewAssertion(Detox){viewMatcher=(view has effective visibility <VISIBLE> and view.getGlobalVisibleRect() covers at least <75> percent of the view's area)}' assertion on view (an instance of android.widget.TextView and view.getText() with or without transformation to match: is "Treinos" and view has effective visibility <VISIBLE>)
04-06 02:41:14.016 26528 26602 D OpenGLRenderer: setSurface called with nullptr
04-06 02:41:14.060 26528 26528 I ViewInteraction: Checking 'MatchesViewAssertion(Detox){viewMatcher=(view has effective visibility <VISIBLE> and view.getGlobalVisibleRect() covers at least <75> percent of the view's area)}' assertion on view (an instance of android.widget.TextView and view.getText() with or without transformation to match: is "Treinos" and view has effective visibility <VISIBLE>)
04-06 02:41:14.184 26528 26528 I ViewInteraction: Checking 'MatchesViewAssertion(Detox){viewMatcher=(view has effective visibility <VISIBLE> and view.getGlobalVisibleRect() covers at least <75> percent of the view's area)}' assertion on view (an instance of android.widget.TextView and view.getText() with or without transformation to match: is "Treinos" and view has effective visibility <VISIBLE>)
04-06 02:41:14.317 26528 26528 I ViewInteraction: Checking 'MatchesViewAssertion(Detox){viewMatcher=(view has effective visibility <VISIBLE> and view.getGlobalVisibleRect() covers at least <75> percent of the view's area)}' assertion on view (an instance of android.widget.TextView and view.getText() with or without transformation to match: is "Treinos" and view has effective visibility <VISIBLE>)
04-06 02:41:14.440 26528 26528 I ViewInteraction: Checking 'MatchesViewAssertion(Detox){viewMatcher=(view has effective visibility <VISIBLE> and view.getGlobalVisibleRect() covers at least <75> percent of the view's area)}' assertion on view (an instance of android.widget.TextView and view.getText() with or without transformation to match: is "Treinos" and view has effective visibility <VISIBLE>)
04-06 02:41:14.555 26528 26528 I ViewInteraction: Checking 'MatchesViewAssertion(Detox){viewMatcher=(view has effective visibility <VISIBLE> and view.getGlobalVisibleRect() covers at least <75> percent of the view's area)}' assertion on view (an instance of android.widget.TextView and view.getText() with or without transformation to match: is "Treinos" and view has effective visibility <VISIBLE>)
04-06 02:41:14.681 26528 26528 I ViewInteraction: Checking 'MatchesViewAssertion(Detox){viewMatcher=(view has effective visibility <VISIBLE> and view.getGlobalVisibleRect() covers at least <75> percent of the view's area)}' assertion on view (an instance of android.widget.TextView and view.getText() with or without transformation to match: is "Treinos" and view has effective visibility <VISIBLE>)
04-06 02:41:14.807 26528 26528 I ViewInteraction: Checking 'MatchesViewAssertion(Detox){viewMatcher=(view has effective visibility <VISIBLE> and view.getGlobalVisibleRect() covers at least <75> percent of the view's area)}' assertion on view (an instance of android.widget.TextView and view.getText() with or without transformation to match: is "Treinos" and view has effective visibility <VISIBLE>)
04-06 02:41:14.945 26528 26528 I ViewInteraction: Checking 'MatchesViewAssertion(Detox){viewMatcher=(view has effective visibility <VISIBLE> and view.getGlobalVisibleRect() covers at least <75> percent of the view's area)}' assertion on view (an instance of android.widget.TextView and view.getText() with or without transformation to match: is "Treinos" and view has effective visibility <VISIBLE>)
04-06 02:41:15.068 26528 26528 I ViewInteraction: Checking 'MatchesViewAssertion(Detox){viewMatcher=(view has effective visibility <VISIBLE> and view.getGlobalVisibleRect() covers at least <75> percent of the view's area)}' assertion on view (an instance of android.widget.TextView and view.getText() with or without transformation to match: is "Treinos" and view has effective visibility <VISIBLE>)
04-06 02:41:15.188 26528 26528 I ViewInteraction: Checking 'MatchesViewAssertion(Detox){viewMatcher=(view has effective visibility <VISIBLE> and view.getGlobalVisibleRect() covers at least <75> percent of the view's area)}' assertion on view (an instance of android.widget.TextView and view.getText() with or without transformation to match: is "Treinos" and view has effective visibility <VISIBLE>)
04-06 02:41:15.213 26528 26581 I DetoxActionHandlers: Test exception
04-06 02:41:15.213 26528 26581 I DetoxActionHandlers: java.lang.reflect.InvocationTargetException
04-06 02:41:15.213 26528 26581 I DetoxActionHandlers: 	at java.lang.reflect.Method.invoke(Native Method)
04-06 02:41:15.213 26528 26581 I DetoxActionHandlers: 	at org.apache.commons.lang3.reflect.MethodUtils.invokeStaticMethod(MethodUtils.java:443)
04-06 02:41:15.213 26528 26581 I DetoxActionHandlers: 	at org.apache.commons.lang3.reflect.MethodUtils.invokeStaticMethod(MethodUtils.java:405)
04-06 02:41:15.213 26528 26581 I DetoxActionHandlers: 	at com.wix.invoke.types.ClassTarget.execute(ClassTarget.java:23)
04-06 02:41:15.213 26528 26581 I DetoxActionHandlers: 	at com.wix.invoke.types.Target.invoke(Target.java:59)
04-06 02:41:15.213 26528 26581 I DetoxActionHandlers: 	at com.wix.invoke.MethodInvocation.invoke(MethodInvocation.java:35)
04-06 02:41:15.213 26528 26581 I DetoxActionHandlers: 	at com.wix.invoke.MethodInvocation.invoke(MethodInvocation.java:26)
04-06 02:41:15.213 26528 26581 I DetoxActionHandlers: 	at com.wix.invoke.MethodInvocation.invoke(MethodInvocation.java:20)
04-06 02:41:15.213 26528 26581 I DetoxActionHandlers: 	at com.wix.detox.adapters.server.InvokeActionHandler.handle(DetoxActionHandlers.kt:54)
04-06 02:41:15.213 26528 26581 I DetoxActionHandlers: 	at com.wix.detox.adapters.server.ActionsExecutor.executeAction$lambda$2$lambda$1(DetoxActionsDispatcher.kt:76)
04-06 02:41:15.213 26528 26581 I DetoxActionHandlers: 	at com.wix.detox.adapters.server.ActionsExecutor.$r8$lambda$GVbB7LHtBHxNHGbgYnHJ6YrwCqs(Unknown Source:0)
04-06 02:41:15.213 26528 26581 I DetoxActionHandlers: 	at com.wix.detox.adapters.server.ActionsExecutor$$ExternalSyntheticLambda0.run(D8$$SyntheticClass:0)
04-06 02:41:15.213 26528 26581 I DetoxActionHandlers: 	at android.os.Handler.handleCallback(Handler.java:942)
04-06 02:41:15.213 26528 26581 I DetoxActionHandlers: 	at android.os.Handler.dispatchMessage(Handler.java:99)
04-06 02:41:15.213 26528 26581 I DetoxActionHandlers: 	at android.os.Looper.loopOnce(Looper.java:226)
04-06 02:41:15.213 26528 26581 I DetoxActionHandlers: 	at android.os.Looper.loop(Looper.java:313)
04-06 02:41:15.213 26528 26581 I DetoxActionHandlers: 	at com.wix.detox.adapters.server.ActionsExecutor._init_$lambda$0(DetoxActionsDispatcher.kt:62)
04-06 02:41:15.213 26528 26581 I DetoxActionHandlers: 	at com.wix.detox.adapters.server.ActionsExecutor.$r8$lambda$xlgL0CQim6vNM0wWEqM8JIDgZUE(Unknown Source:0)
04-06 02:41:15.213 26528 26581 I DetoxActionHandlers: 	at com.wix.detox.adapters.server.ActionsExecutor$$ExternalSyntheticLambda1.run(D8$$SyntheticClass:0)
04-06 02:41:15.213 26528 26581 I DetoxActionHandlers: 	at java.lang.Thread.run(Thread.java:1012)
04-06 02:41:15.213 26528 26581 I DetoxActionHandlers: Caused by: com.wix.detox.common.DetoxErrors$DetoxRuntimeException: 2.0sec timeout expired without matching of given matcher: (view has effective visibility <VISIBLE> and view.getGlobalVisibleRect() covers at least <75> percent of the view's area)
04-06 02:41:15.213 26528 26581 I DetoxActionHandlers: 	at com.wix.detox.espresso.DetoxAssertion.waitForAssertMatcher(DetoxAssertion.java:72)
04-06 02:41:15.213 26528 26581 I DetoxActionHandlers: 	... 20 more
04-06 02:41:15.213 26528 26581 I DetoxWSClient: Sending out action 'testFailed' (ID #24)
04-06 02:41:15.214 26528 26581 I DetoxDispatcher: Done with action 'invoke'
04-06 02:41:15.218 26528 26585 D DetoxWSClient: Received action 'invoke' (ID #25, params={"target":{"type":"Invocation","value":{"target":{"type":"Class","value":"com.wix.detox.uiautomator.UiAutomator"},"method":"uiDevice","args":[]}},"method":"pressBack","args":[]})
04-06 02:41:15.218 26528 26581 I DetoxDispatcher: Handling action 'invoke' (ID #25)...
04-06 02:41:15.218 26528 26581 D Detox   : class com.wix.detox.uiautomator.UiAutomator, uiDevice, []
04-06 02:41:15.220 26528 26581 D UiDevice: Pressing back button.
04-06 02:41:15.246 26528 26528 I ViewRootImpl@73623ee[MainActivity]: ViewPostIme key 0
--------- beginning of system
04-06 02:41:15.253 26528 26528 D Activity: onKeyDown(KEYCODE_BACK)
04-06 02:41:15.260 26528 26528 I ViewRootImpl@73623ee[MainActivity]: ViewPostIme key 1
04-06 02:41:15.260 26528 26528 D Activity: onKeyUp(KEYCODE_BACK) isTracking()=true isCanceled()=false hasCallback=false
04-06 02:41:15.352 26528 26581 I DetoxWSClient: Sending out action 'invokeResult' (ID #25)
04-06 02:41:15.354 26528 26581 I DetoxDispatcher: Done with action 'invoke'
04-06 02:41:15.359 26528 26585 D DetoxWSClient: Received action 'invoke' (ID #26, params={"target":{"type":"Class","value":"com.wix.detox.espresso.EspressoDetox"},"method":"perform","args":[{"type":"Invocation","value":{"target":{"type":"Class","value":"com.wix.detox.espresso.DetoxMatcher"},"method":"matcherForAtIndex","args":[{"type":"Integer","value":0},{"type":"Invocation","value":{"target":{"type":"Class","value":"com.wix.detox.espresso.DetoxMatcher"},"method":"matcherForText","args":["Treinos",{"type":"boolean","value":false}]}}]}},{"type":"Invocation","value":{"target":{"type":"Class","value":"com.wix.detox.espresso.DetoxViewActions"},"method":"click","args":[]}}]})
04-06 02:41:15.359 26528 26581 I DetoxDispatcher: Handling action 'invoke' (ID #26)...
04-06 02:41:15.360 26528 26581 D Detox   : class com.wix.detox.espresso.DetoxMatcher, matcherForText, [Treinos, false]
04-06 02:41:15.360 26528 26581 D Detox   : class com.wix.detox.espresso.DetoxMatcher, matcherForAtIndex, [0, (an instance of android.widget.TextView and view.getText() with or without transformation to match: is "Treinos" and view has effective visibility <VISIBLE>)]
04-06 02:41:15.361 26528 26581 D Detox   : class com.wix.detox.espresso.DetoxViewActions, click, []
04-06 02:41:15.362 26528 26581 D Detox   : class com.wix.detox.espresso.EspressoDetox, perform, [View at index #0, of those matching MATCHER(an instance of android.widget.TextView and view.getText() with or without transformation to match: is "Treinos" and view has effective visibility <VISIBLE>), com.wix.detox.espresso.action.RNClickAction@6a39421]
04-06 02:41:15.373 26528 26528 D InputMethodManager: startInputInner - Id : 0
04-06 02:41:15.373 26528 26528 I InputMethodManager: startInputInner - mService.startInputOrWindowGainedFocus
04-06 02:41:15.912 26528 26528 I IMM_LC  : closeCurrentInput: mService.hideSoftInput
04-06 02:41:15.914 26528 26528 I ViewInteraction: Performing 'com.wix.detox.espresso.action.detoxsingletap@d4e5046 click' action on view View at index #0, of those matching MATCHER(an instance of android.widget.TextView and view.getText() with or without transformation to match: is "Treinos" and view has effective visibility <VISIBLE>)
04-06 02:41:15.919 26528 26528 I ViewRootImpl@73623ee[MainActivity]: ViewPostIme pointer 0
04-06 02:41:15.948 26528 26528 I ViewRootImpl@73623ee[MainActivity]: ViewPostIme pointer 1
04-06 02:41:16.321 26528 26581 I DetoxWSClient: Sending out action 'invokeResult' (ID #26)
04-06 02:41:16.321 26528 26581 I DetoxDispatcher: Done with action 'invoke'
04-06 02:41:16.327 26528 26585 D DetoxWSClient: Received action 'invoke' (ID #27, params={"target":{"type":"Class","value":"com.wix.detox.espresso.DetoxAssertion"},"method":"waitForAssertMatcher","args":[{"type":"Invocation","value":{"target":{"type":"Class","value":"androidx.test.espresso.Espresso"},"method":"onView","args":[{"type":"Invocation","value":{"target":{"type":"Class","value":"com.wix.detox.espresso.DetoxMatcher"},"method":"matcherForText","args":["Iniciar treino recomendado",{"type":"boolean","value":false}]}}]}},{"type":"Invocation","value":{"target":{"type":"Class","value":"com.wix.detox.espresso.DetoxMatcher"},"method":"matcherForSufficientlyVisible","args":[{"type":"Integer","value":75}]}},{"type":"Double","value":10}]})
04-06 02:41:16.327 26528 26581 I DetoxDispatcher: Handling action 'invoke' (ID #27)...
04-06 02:41:16.328 26528 26581 D Detox   : class com.wix.detox.espresso.DetoxMatcher, matcherForText, [Iniciar treino recomendado, false]
04-06 02:41:16.329 26528 26581 D Detox   : class androidx.test.espresso.Espresso, onView, [(an instance of android.widget.TextView and view.getText() with or without transformation to match: is "Iniciar treino recomendado" and view has effective visibility <VISIBLE>)]
04-06 02:41:16.330 26528 26581 D Detox   : class com.wix.detox.espresso.DetoxMatcher, matcherForSufficientlyVisible, [75]
04-06 02:41:16.330 26528 26581 D Detox   : class com.wix.detox.espresso.DetoxAssertion, waitForAssertMatcher, [androidx.test.espresso.ViewInteraction@9a2bdc4, (view has effective visibility <VISIBLE> and view.getGlobalVisibleRect() covers at least <75> percent of the view's area), 10.0]
04-06 02:41:16.333 26528 26528 I ViewInteraction: Checking 'MatchesViewAssertion(Detox){viewMatcher=(view has effective visibility <VISIBLE> and view.getGlobalVisibleRect() covers at least <75> percent of the view's area)}' assertion on view (an instance of android.widget.TextView and view.getText() with or without transformation to match: is "Iniciar treino recomendado" and view has effective visibility <VISIBLE>)
04-06 02:41:16.337 26528 26581 I DetoxWSClient: Sending out action 'invokeResult' (ID #27)
04-06 02:41:16.337 26528 26581 I DetoxDispatcher: Done with action 'invoke'
04-06 02:41:16.342 26528 26585 D DetoxWSClient: Received action 'invoke' (ID #28, params={"target":{"type":"Class","value":"com.wix.detox.espresso.EspressoDetox"},"method":"perform","args":[{"type":"Invocation","value":{"target":{"type":"Class","value":"com.wix.detox.espresso.DetoxMatcher"},"method":"matcherForAtIndex","args":[{"type":"Integer","value":0},{"type":"Invocation","value":{"target":{"type":"Class","value":"com.wix.detox.espresso.DetoxMatcher"},"method":"matcherForText","args":["Perfil",{"type":"boolean","value":false}]}}]}},{"type":"Invocation","value":{"target":{"type":"Class","value":"com.wix.detox.espresso.DetoxViewActions"},"method":"click","args":[]}}]})
04-06 02:41:16.343 26528 26581 I DetoxDispatcher: Handling action 'invoke' (ID #28)...
04-06 02:41:16.344 26528 26581 D Detox   : class com.wix.detox.espresso.DetoxMatcher, matcherForText, [Perfil, false]
04-06 02:41:16.344 26528 26581 D Detox   : class com.wix.detox.espresso.DetoxMatcher, matcherForAtIndex, [0, (an instance of android.widget.TextView and view.getText() with or without transformation to match: is "Perfil" and view has effective visibility <VISIBLE>)]
04-06 02:41:16.345 26528 26581 D Detox   : class com.wix.detox.espresso.DetoxViewActions, click, []
04-06 02:41:16.345 26528 26581 D Detox   : class com.wix.detox.espresso.EspressoDetox, perform, [View at index #0, of those matching MATCHER(an instance of android.widget.TextView and view.getText() with or without transformation to match: is "Perfil" and view has effective visibility <VISIBLE>), com.wix.detox.espresso.action.RNClickAction@9b4b4ad]
04-06 02:41:16.348 26528 26528 I ViewInteraction: Performing 'com.wix.detox.espresso.action.detoxsingletap@bcbd3e2 click' action on view View at index #0, of those matching MATCHER(an instance of android.widget.TextView and view.getText() with or without transformation to match: is "Perfil" and view has effective visibility <VISIBLE>)
04-06 02:41:16.353 26528 26528 I ViewRootImpl@73623ee[MainActivity]: ViewPostIme pointer 0
04-06 02:41:16.383 26528 26528 I ViewRootImpl@73623ee[MainActivity]: ViewPostIme pointer 1
04-06 02:41:16.556 26528 26528 D ScrollView: initGoToTop
04-06 02:41:16.755 26528 26581 I DetoxWSClient: Sending out action 'invokeResult' (ID #28)
04-06 02:41:16.755 26528 26581 I DetoxDispatcher: Done with action 'invoke'
04-06 02:41:16.762 26528 26585 D DetoxWSClient: Received action 'invoke' (ID #29, params={"target":{"type":"Class","value":"com.wix.detox.espresso.DetoxAssertion"},"method":"waitForAssertMatcher","args":[{"type":"Invocation","value":{"target":{"type":"Class","value":"androidx.test.espresso.Espresso"},"method":"onView","args":[{"type":"Invocation","value":{"target":{"type":"Class","value":"com.wix.detox.espresso.DetoxMatcher"},"method":"matcherForText","args":["Salvar perfil",{"type":"boolean","value":false}]}}]}},{"type":"Invocation","value":{"target":{"type":"Class","value":"com.wix.detox.espresso.DetoxMatcher"},"method":"matcherForSufficientlyVisible","args":[{"type":"Integer","value":75}]}},{"type":"Double","value":10}]})
04-06 02:41:16.762 26528 26581 I DetoxDispatcher: Handling action 'invoke' (ID #29)...
04-06 02:41:16.763 26528 26581 D Detox   : class com.wix.detox.espresso.DetoxMatcher, matcherForText, [Salvar perfil, false]
04-06 02:41:16.764 26528 26581 D Detox   : class androidx.test.espresso.Espresso, onView, [(an instance of android.widget.TextView and view.getText() with or without transformation to match: is "Salvar perfil" and view has effective visibility <VISIBLE>)]
04-06 02:41:16.765 26528 26581 D Detox   : class com.wix.detox.espresso.DetoxMatcher, matcherForSufficientlyVisible, [75]
04-06 02:41:16.765 26528 26581 D Detox   : class com.wix.detox.espresso.DetoxAssertion, waitForAssertMatcher, [androidx.test.espresso.ViewInteraction@da64221, (view has effective visibility <VISIBLE> and view.getGlobalVisibleRect() covers at least <75> percent of the view's area), 10.0]
04-06 02:41:16.769 26528 26528 I ViewInteraction: Checking 'MatchesViewAssertion(Detox){viewMatcher=(view has effective visibility <VISIBLE> and view.getGlobalVisibleRect() covers at least <75> percent of the view's area)}' assertion on view (an instance of android.widget.TextView and view.getText() with or without transformation to match: is "Salvar perfil" and view has effective visibility <VISIBLE>)
04-06 02:41:16.796 26528 26528 I ViewInteraction: Checking 'MatchesViewAssertion(Detox){viewMatcher=(view has effective visibility <VISIBLE> and view.getGlobalVisibleRect() covers at least <75> percent of the view's area)}' assertion on view (an instance of android.widget.TextView and view.getText() with or without transformation to match: is "Salvar perfil" and view has effective visibility <VISIBLE>)
04-06 02:41:16.822 26528 26528 I ViewInteraction: Checking 'MatchesViewAssertion(Detox){viewMatcher=(view has effective visibility <VISIBLE> and view.getGlobalVisibleRect() covers at least <75> percent of the view's area)}' assertion on view (an instance of android.widget.TextView and view.getText() with or without transformation to match: is "Salvar perfil" and view has effective visibility <VISIBLE>)
04-06 02:41:16.849 26528 26528 I ViewInteraction: Checking 'MatchesViewAssertion(Detox){viewMatcher=(view has effective visibility <VISIBLE> and view.getGlobalVisibleRect() covers at least <75> percent of the view's area)}' assertion on view (an instance of android.widget.TextView and view.getText() with or without transformation to match: is "Salvar perfil" and view has effective visibility <VISIBLE>)
04-06 02:41:16.876 26528 26528 I ViewInteraction: Checking 'MatchesViewAssertion(Detox){viewMatcher=(view has effective visibility <VISIBLE> and view.getGlobalVisibleRect() covers at least <75> percent of the view's area)}' assertion on view (an instance of android.widget.TextView and view.getText() with or without transformation to match: is "Salvar perfil" and view has effective visibility <VISIBLE>)
04-06 02:41:16.903 26528 26528 I ViewInteraction: Checking 'MatchesViewAssertion(Detox){viewMatcher=(view has effective visibility <VISIBLE> and view.getGlobalVisibleRect() covers at least <75> percent of the view's area)}' assertion on view (an instance of android.widget.TextView and view.getText() with or without transformation to match: is "Salvar perfil" and view has effective visibility <VISIBLE>)
04-06 02:41:16.930 26528 26528 I ViewInteraction: Checking 'MatchesViewAssertion(Detox){viewMatcher=(view has effective visibility <VISIBLE> and view.getGlobalVisibleRect() covers at least <75> percent of the view's area)}' assertion on view (an instance of android.widget.TextView and view.getText() with or without transformation to match: is "Salvar perfil" and view has effective visibility <VISIBLE>)
04-06 02:41:16.957 26528 26528 I ViewInteraction: Checking 'MatchesViewAssertion(Detox){viewMatcher=(view has effective visibility <VISIBLE> and view.getGlobalVisibleRect() covers at least <75> percent of the view's area)}' assertion on view (an instance of android.widget.TextView and view.getText() with or without transformation to match: is "Salvar perfil" and view has effective visibility <VISIBLE>)
04-06 02:41:16.984 26528 26528 I ViewInteraction: Checking 'MatchesViewAssertion(Detox){viewMatcher=(view has effective visibility <VISIBLE> and view.getGlobalVisibleRect() covers at least <75> percent of the view's area)}' assertion on view (an instance of android.widget.TextView and view.getText() with or without transformation to match: is "Salvar perfil" and view has effective visibility <VISIBLE>)
04-06 02:41:17.011 26528 26528 I ViewInteraction: Checking 'MatchesViewAssertion(Detox){viewMatcher=(view has effective visibility <VISIBLE> and view.getGlobalVisibleRect() covers at least <75> percent of the view's area)}' assertion on view (an instance of android.widget.TextView and view.getText() with or without transformation to match: is "Salvar perfil" and view has effective visibility <VISIBLE>)
04-06 02:41:17.037 26528 26528 I ViewInteraction: Checking 'MatchesViewAssertion(Detox){viewMatcher=(view has effective visibility <VISIBLE> and view.getGlobalVisibleRect() covers at least <75> percent of the view's area)}' assertion on view (an instance of android.widget.TextView and view.getText() with or without transformation to match: is "Salvar perfil" and view has effective visibility <VISIBLE>)
04-06 02:41:17.064 26528 26528 I ViewInteraction: Checking 'MatchesViewAssertion(Detox){viewMatcher=(view has effective visibility <VISIBLE> and view.getGlobalVisibleRect() covers at least <75> percent of the view's area)}' assertion on view (an instance of android.widget.TextView and view.getText() with or without transformation to match: is "Salvar perfil" and view has effective visibility <VISIBLE>)
04-06 02:41:17.091 26528 26528 I ViewInteraction: Checking 'MatchesViewAssertion(Detox){viewMatcher=(view has effective visibility <VISIBLE> and view.getGlobalVisibleRect() covers at least <75> percent of the view's area)}' assertion on view (an instance of android.widget.TextView and view.getText() with or without transformation to match: is "Salvar perfil" and view has effective visibility <VISIBLE>)
04-06 02:41:17.118 26528 26528 I ViewInteraction: Checking 'MatchesViewAssertion(Detox){viewMatcher=(view has effective visibility <VISIBLE> and view.getGlobalVisibleRect() covers at least <75> percent of the view's area)}' assertion on view (an instance of android.widget.TextView and view.getText() with or without transformation to match: is "Salvar perfil" and view has effective visibility <VISIBLE>)
04-06 02:41:17.151 26528 26528 I ViewInteraction: Checking 'MatchesViewAssertion(Detox){viewMatcher=(view has effective visibility <VISIBLE> and view.getGlobalVisibleRect() covers at least <75> percent of the view's area)}' assertion on view (an instance of android.widget.TextView and view.getText() with or without transformation to match: is "Salvar perfil" and view has effective visibility <VISIBLE>)
04-06 02:41:17.187 26528 26528 I ViewInteraction: Checking 'MatchesViewAssertion(Detox){viewMatcher=(view has effective visibility <VISIBLE> and view.getGlobalVisibleRect() covers at least <75> percent of the view's area)}' assertion on view (an instance of android.widget.TextView and view.getText() with or without transformation to match: is "Salvar perfil" and view has effective visibility <VISIBLE>)
04-06 02:41:17.223 26528 26528 I ViewInteraction: Checking 'MatchesViewAssertion(Detox){viewMatcher=(view has effective visibility <VISIBLE> and view.getGlobalVisibleRect() covers at least <75> percent of the view's area)}' assertion on view (an instance of android.widget.TextView and view.getText() with or without transformation to match: is "Salvar perfil" and view has effective visibility <VISIBLE>)
04-06 02:41:17.260 26528 26528 I ViewInteraction: Checking 'MatchesViewAssertion(Detox){viewMatcher=(view has effective visibility <VISIBLE> and view.getGlobalVisibleRect() covers at least <75> percent of the view's area)}' assertion on view (an instance of android.widget.TextView and view.getText() with or without transformation to match: is "Salvar perfil" and view has effective visibility <VISIBLE>)
04-06 02:41:17.299 26528 26528 I ViewInteraction: Checking 'MatchesViewAssertion(Detox){viewMatcher=(view has effective visibility <VISIBLE> and view.getGlobalVisibleRect() covers at least <75> percent of the view's area)}' assertion on view (an instance of android.widget.TextView and view.getText() with or without transformation to match: is "Salvar perfil" and view has effective visibility <VISIBLE>)
04-06 02:41:17.332 26528 26528 I ViewInteraction: Checking 'MatchesViewAssertion(Detox){viewMatcher=(view has effective visibility <VISIBLE> and view.getGlobalVisibleRect() covers at least <75> percent of the view's area)}' assertion on view (an instance of android.widget.TextView and view.getText() with or without transformation to match: is "Salvar perfil" and view has effective visibility <VISIBLE>)
04-06 02:41:17.367 26528 26528 I ViewInteraction: Checking 'MatchesViewAssertion(Detox){viewMatcher=(view has effective visibility <VISIBLE> and view.getGlobalVisibleRect() covers at least <75> percent of the view's area)}' assertion on view (an instance of android.widget.TextView and view.getText() with or without transformation to match: is "Salvar perfil" and view has effective visibility <VISIBLE>)
04-06 02:41:17.398 26528 26528 I ViewInteraction: Checking 'MatchesViewAssertion(Detox){viewMatcher=(view has effective visibility <VISIBLE> and view.getGlobalVisibleRect() covers at least <75> percent of the view's area)}' assertion on view (an instance of android.widget.TextView and view.getText() with or without transformation to match: is "Salvar perfil" and view has effective visibility <VISIBLE>)
04-06 02:41:17.434 26528 26528 I ViewInteraction: Checking 'MatchesViewAssertion(Detox){viewMatcher=(view has effective visibility <VISIBLE> and view.getGlobalVisibleRect() covers at least <75> percent of the view's area)}' assertion on view (an instance of android.widget.TextView and view.getText() with or without transformation to match: is "Salvar perfil" and view has effective visibility <VISIBLE>)
04-06 02:41:17.463 26528 26528 I ViewInteraction: Checking 'MatchesViewAssertion(Detox){viewMatcher=(view has effective visibility <VISIBLE> and view.getGlobalVisibleRect() covers at least <75> percent of the view's area)}' assertion on view (an instance of android.widget.TextView and view.getText() with or without transformation to match: is "Salvar perfil" and view has effective visibility <VISIBLE>)
04-06 02:41:17.490 26528 26528 I ViewInteraction: Checking 'MatchesViewAssertion(Detox){viewMatcher=(view has effective visibility <VISIBLE> and view.getGlobalVisibleRect() covers at least <75> percent of the view's area)}' assertion on view (an instance of android.widget.TextView and view.getText() with or without transformation to match: is "Salvar perfil" and view has effective visibility <VISIBLE>)
04-06 02:41:17.517 26528 26528 I ViewInteraction: Checking 'MatchesViewAssertion(Detox){viewMatcher=(view has effective visibility <VISIBLE> and view.getGlobalVisibleRect() covers at least <75> percent of the view's area)}' assertion on view (an instance of android.widget.TextView and view.getText() with or without transformation to match: is "Salvar perfil" and view has effective visibility <VISIBLE>)
04-06 02:41:17.544 26528 26528 I ViewInteraction: Checking 'MatchesViewAssertion(Detox){viewMatcher=(view has effective visibility <VISIBLE> and view.getGlobalVisibleRect() covers at least <75> percent of the view's area)}' assertion on view (an instance of android.widget.TextView and view.getText() with or without transformation to match: is "Salvar perfil" and view has effective visibility <VISIBLE>)
04-06 02:41:17.572 26528 26528 I ViewInteraction: Checking 'MatchesViewAssertion(Detox){viewMatcher=(view has effective visibility <VISIBLE> and view.getGlobalVisibleRect() covers at least <75> percent of the view's area)}' assertion on view (an instance of android.widget.TextView and view.getText() with or without transformation to match: is "Salvar perfil" and view has effective visibility <VISIBLE>)
04-06 02:41:17.599 26528 26528 I ViewInteraction: Checking 'MatchesViewAssertion(Detox){viewMatcher=(view has effective visibility <VISIBLE> and view.getGlobalVisibleRect() covers at least <75> percent of the view's area)}' assertion on view (an instance of android.widget.TextView and view.getText() with or without transformation to match: is "Salvar perfil" and view has effective visibility <VISIBLE>)
04-06 02:41:17.625 26528 26528 I ViewInteraction: Checking 'MatchesViewAssertion(Detox){viewMatcher=(view has effective visibility <VISIBLE> and view.getGlobalVisibleRect() covers at least <75> percent of the view's area)}' assertion on view (an instance of android.widget.TextView and view.getText() with or without transformation to match: is "Salvar perfil" and view has effective visibility <VISIBLE>)
04-06 02:41:17.651 26528 26528 I ViewInteraction: Checking 'MatchesViewAssertion(Detox){viewMatcher=(view has effective visibility <VISIBLE> and view.getGlobalVisibleRect() covers at least <75> percent of the view's area)}' assertion on view (an instance of android.widget.TextView and view.getText() with or without transformation to match: is "Salvar perfil" and view has effective visibility <VISIBLE>)
04-06 02:41:17.679 26528 26528 I ViewInteraction: Checking 'MatchesViewAssertion(Detox){viewMatcher=(view has effective visibility <VISIBLE> and view.getGlobalVisibleRect() covers at least <75> percent of the view's area)}' assertion on view (an instance of android.widget.TextView and view.getText() with or without transformation to match: is "Salvar perfil" and view has effective visibility <VISIBLE>)
04-06 02:41:17.707 26528 26528 I ViewInteraction: Checking 'MatchesViewAssertion(Detox){viewMatcher=(view has effective visibility <VISIBLE> and view.getGlobalVisibleRect() covers at least <75> percent of the view's area)}' assertion on view (an instance of android.widget.TextView and view.getText() with or without transformation to match: is "Salvar perfil" and view has effective visibility <VISIBLE>)
04-06 02:41:17.735 26528 26528 I ViewInteraction: Checking 'MatchesViewAssertion(Detox){viewMatcher=(view has effective visibility <VISIBLE> and view.getGlobalVisibleRect() covers at least <75> percent of the view's area)}' assertion on view (an instance of android.widget.TextView and view.getText() with or without transformation to match: is "Salvar perfil" and view has effective visibility <VISIBLE>)
04-06 02:41:17.765 26528 26528 I ViewInteraction: Checking 'MatchesViewAssertion(Detox){viewMatcher=(view has effective visibility <VISIBLE> and view.getGlobalVisibleRect() covers at least <75> percent of the view's area)}' assertion on view (an instance of android.widget.TextView and view.getText() with or without transformation to match: is "Salvar perfil" and view has effective visibility <VISIBLE>)
04-06 02:41:17.794 26528 26528 I ViewInteraction: Checking 'MatchesViewAssertion(Detox){viewMatcher=(view has effective visibility <VISIBLE> and view.getGlobalVisibleRect() covers at least <75> percent of the view's area)}' assertion on view (an instance of android.widget.TextView and view.getText() with or without transformation to match: is "Salvar perfil" and view has effective visibility <VISIBLE>)
04-06 02:41:17.821 26528 26528 I ViewInteraction: Checking 'MatchesViewAssertion(Detox){viewMatcher=(view has effective visibility <VISIBLE> and view.getGlobalVisibleRect() covers at least <75> percent of the view's area)}' assertion on view (an instance of android.widget.TextView and view.getText() with or without transformation to match: is "Salvar perfil" and view has effective visibility <VISIBLE>)
04-06 02:41:17.847 26528 26528 I ViewInteraction: Checking 'MatchesViewAssertion(Detox){viewMatcher=(view has effective visibility <VISIBLE> and view.getGlobalVisibleRect() covers at least <75> percent of the view's area)}' assertion on view (an instance of android.widget.TextView and view.getText() with or without transformation to match: is "Salvar perfil" and view has effective visibility <VISIBLE>)
04-06 02:41:17.875 26528 26528 I ViewInteraction: Checking 'MatchesViewAssertion(Detox){viewMatcher=(view has effective visibility <VISIBLE> and view.getGlobalVisibleRect() covers at least <75> percent of the view's area)}' assertion on view (an instance of android.widget.TextView and view.getText() with or without transformation to match: is "Salvar perfil" and view has effective visibility <VISIBLE>)
04-06 02:41:17.902 26528 26528 I ViewInteraction: Checking 'MatchesViewAssertion(Detox){viewMatcher=(view has effective visibility <VISIBLE> and view.getGlobalVisibleRect() covers at least <75> percent of the view's area)}' assertion on view (an instance of android.widget.TextView and view.getText() with or without transformation to match: is "Salvar perfil" and view has effective visibility <VISIBLE>)
04-06 02:41:17.929 26528 26528 I ViewInteraction: Checking 'MatchesViewAssertion(Detox){viewMatcher=(view has effective visibility <VISIBLE> and view.getGlobalVisibleRect() covers at least <75> percent of the view's area)}' assertion on view (an instance of android.widget.TextView and view.getText() with or without transformation to match: is "Salvar perfil" and view has effective visibility <VISIBLE>)
04-06 02:41:17.956 26528 26528 I ViewInteraction: Checking 'MatchesViewAssertion(Detox){viewMatcher=(view has effective visibility <VISIBLE> and view.getGlobalVisibleRect() covers at least <75> percent of the view's area)}' assertion on view (an instance of android.widget.TextView and view.getText() with or without transformation to match: is "Salvar perfil" and view has effective visibility <VISIBLE>)
04-06 02:41:17.984 26528 26528 I ViewInteraction: Checking 'MatchesViewAssertion(Detox){viewMatcher=(view has effective visibility <VISIBLE> and view.getGlobalVisibleRect() covers at least <75> percent of the view's area)}' assertion on view (an instance of android.widget.TextView and view.getText() with or without transformation to match: is "Salvar perfil" and view has effective visibility <VISIBLE>)
04-06 02:41:18.011 26528 26528 I ViewInteraction: Checking 'MatchesViewAssertion(Detox){viewMatcher=(view has effective visibility <VISIBLE> and view.getGlobalVisibleRect() covers at least <75> percent of the view's area)}' assertion on view (an instance of android.widget.TextView and view.getText() with or without transformation to match: is "Salvar perfil" and view has effective visibility <VISIBLE>)
04-06 02:41:18.038 26528 26528 I ViewInteraction: Checking 'MatchesViewAssertion(Detox){viewMatcher=(view has effective visibility <VISIBLE> and view.getGlobalVisibleRect() covers at least <75> percent of the view's area)}' assertion on view (an instance of android.widget.TextView and view.getText() with or without transformation to match: is "Salvar perfil" and view has effective visibility <VISIBLE>)
