04-06 12:02:22.460 29294 29331 D DetoxWSClient: Received action 'invoke' (ID #48, params={"target":{"type":"Class","value":"com.wix.detox.espresso.DetoxAssertion"},"method":"waitForAssertMatcher","args":[{"type":"Invocation","value":{"target":{"type":"Class","value":"androidx.test.espresso.Espresso"},"method":"onView","args":[{"type":"Invocation","value":{"target":{"type":"Class","value":"com.wix.detox.espresso.DetoxMatcher"},"method":"matcherForTestId","args":["app-root",{"type":"boolean","value":false}]}}]}},{"type":"Invocation","value":{"target":{"type":"Class","value":"com.wix.detox.espresso.DetoxMatcher"},"method":"matcherForSufficientlyVisible","args":[{"type":"Integer","value":75}]}},{"type":"Double","value":5}]})
04-06 12:02:22.460 29294 29327 I DetoxDispatcher: Handling action 'invoke' (ID #48)...
04-06 12:02:22.461 29294 29327 D Detox   : class com.wix.detox.espresso.DetoxMatcher, matcherForTestId, [app-root, false]
04-06 12:02:22.461 29294 29327 D Detox   : class androidx.test.espresso.Espresso, onView, [(view.getTag() is "app-root" and view has effective visibility <VISIBLE>)]
04-06 12:02:22.462 29294 29327 D Detox   : class com.wix.detox.espresso.DetoxMatcher, matcherForSufficientlyVisible, [75]
04-06 12:02:22.462 29294 29327 D Detox   : class com.wix.detox.espresso.DetoxAssertion, waitForAssertMatcher, [androidx.test.espresso.ViewInteraction@aad93ac, (view has effective visibility <VISIBLE> and view.getGlobalVisibleRect() covers at least <75> percent of the view's area), 5.0]
04-06 12:02:22.466 29294 29294 I ViewInteraction: Checking 'MatchesViewAssertion(Detox){viewMatcher=(view has effective visibility <VISIBLE> and view.getGlobalVisibleRect() covers at least <75> percent of the view's area)}' assertion on view (view.getTag() is "app-root" and view has effective visibility <VISIBLE>)
04-06 12:02:22.468 29294 29327 I DetoxWSClient: Sending out action 'invokeResult' (ID #48)
04-06 12:02:22.468 29294 29327 I DetoxDispatcher: Done with action 'invoke'
04-06 12:02:22.471 29294 29331 D DetoxWSClient: Received action 'invoke' (ID #49, params={"target":{"type":"Class","value":"com.wix.detox.espresso.DetoxAssertion"},"method":"assertMatcher","args":[{"type":"Invocation","value":{"target":{"type":"Class","value":"androidx.test.espresso.Espresso"},"method":"onView","args":[{"type":"Invocation","value":{"target":{"type":"Class","value":"com.wix.detox.espresso.DetoxMatcher"},"method":"matcherForTestId","args":["app-root",{"type":"boolean","value":false}]}}]}},{"type":"Invocation","value":{"target":{"type":"Class","value":"com.wix.detox.espresso.DetoxMatcher"},"method":"matcherForSufficientlyVisible","args":[{"type":"Integer","value":75}]}}]})
04-06 12:02:22.472 29294 29327 I DetoxDispatcher: Handling action 'invoke' (ID #49)...
04-06 12:02:22.472 29294 29327 D Detox   : class com.wix.detox.espresso.DetoxMatcher, matcherForTestId, [app-root, false]
04-06 12:02:22.473 29294 29327 D Detox   : class androidx.test.espresso.Espresso, onView, [(view.getTag() is "app-root" and view has effective visibility <VISIBLE>)]
04-06 12:02:22.473 29294 29327 D Detox   : class com.wix.detox.espresso.DetoxMatcher, matcherForSufficientlyVisible, [75]
04-06 12:02:22.474 29294 29327 D Detox   : class com.wix.detox.espresso.DetoxAssertion, assertMatcher, [androidx.test.espresso.ViewInteraction@1ee7875, (view has effective visibility <VISIBLE> and view.getGlobalVisibleRect() covers at least <75> percent of the view's area)]
04-06 12:02:22.477 29294 29294 I ViewInteraction: Checking 'MatchesViewAssertion(Detox){viewMatcher=(view has effective visibility <VISIBLE> and view.getGlobalVisibleRect() covers at least <75> percent of the view's area)}' assertion on view (view.getTag() is "app-root" and view has effective visibility <VISIBLE>)
04-06 12:02:22.479 29294 29327 I DetoxWSClient: Sending out action 'invokeResult' (ID #49)
04-06 12:02:22.479 29294 29327 I DetoxDispatcher: Done with action 'invoke'
04-06 12:02:22.483 29294 29331 D DetoxWSClient: Received action 'invoke' (ID #50, params={"target":{"type":"Class","value":"com.wix.detox.espresso.DetoxAssertion"},"method":"waitForAssertMatcher","args":[{"type":"Invocation","value":{"target":{"type":"Class","value":"androidx.test.espresso.Espresso"},"method":"onView","args":[{"type":"Invocation","value":{"target":{"type":"Class","value":"com.wix.detox.espresso.DetoxMatcher"},"method":"matcherForTestId","args":["btn-iniciar-treino",{"type":"boolean","value":false}]}}]}},{"type":"Invocation","value":{"target":{"type":"Class","value":"com.wix.detox.espresso.DetoxMatcher"},"method":"matcherForSufficientlyVisible","args":[{"type":"Integer","value":75}]}},{"type":"Double","value":5}]})
04-06 12:02:22.483 29294 29327 I DetoxDispatcher: Handling action 'invoke' (ID #50)...
04-06 12:02:22.484 29294 29327 D Detox   : class com.wix.detox.espresso.DetoxMatcher, matcherForTestId, [btn-iniciar-treino, false]
04-06 12:02:22.484 29294 29327 D Detox   : class androidx.test.espresso.Espresso, onView, [(view.getTag() is "btn-iniciar-treino" and view has effective visibility <VISIBLE>)]
04-06 12:02:22.485 29294 29327 D Detox   : class com.wix.detox.espresso.DetoxMatcher, matcherForSufficientlyVisible, [75]
04-06 12:02:22.485 29294 29327 D Detox   : class com.wix.detox.espresso.DetoxAssertion, waitForAssertMatcher, [androidx.test.espresso.ViewInteraction@abb200a, (view has effective visibility <VISIBLE> and view.getGlobalVisibleRect() covers at least <75> percent of the view's area), 5.0]
04-06 12:02:22.489 29294 29294 I ViewInteraction: Checking 'MatchesViewAssertion(Detox){viewMatcher=(view has effective visibility <VISIBLE> and view.getGlobalVisibleRect() covers at least <75> percent of the view's area)}' assertion on view (view.getTag() is "btn-iniciar-treino" and view has effective visibility <VISIBLE>)
04-06 12:02:22.492 29294 29327 I DetoxWSClient: Sending out action 'invokeResult' (ID #50)
04-06 12:02:22.492 29294 29327 I DetoxDispatcher: Done with action 'invoke'
04-06 12:02:22.496 29294 29331 D DetoxWSClient: Received action 'invoke' (ID #51, params={"target":{"type":"Class","value":"com.wix.detox.espresso.EspressoDetox"},"method":"perform","args":[{"type":"Invocation","value":{"target":{"type":"Class","value":"com.wix.detox.espresso.DetoxMatcher"},"method":"matcherForTestId","args":["btn-iniciar-treino",{"type":"boolean","value":false}]}},{"type":"Invocation","value":{"target":{"type":"Class","value":"com.wix.detox.espresso.DetoxViewActions"},"method":"click","args":[]}}]})
04-06 12:02:22.496 29294 29327 I DetoxDispatcher: Handling action 'invoke' (ID #51)...
04-06 12:02:22.497 29294 29327 D Detox   : class com.wix.detox.espresso.DetoxMatcher, matcherForTestId, [btn-iniciar-treino, false]
04-06 12:02:22.497 29294 29327 D Detox   : class com.wix.detox.espresso.DetoxViewActions, click, []
04-06 12:02:22.497 29294 29327 D Detox   : class com.wix.detox.espresso.EspressoDetox, perform, [(view.getTag() is "btn-iniciar-treino" and view has effective visibility <VISIBLE>), com.wix.detox.espresso.action.RNClickAction@6363e98]
04-06 12:02:22.502 29294 29294 I ViewInteraction: Performing 'com.wix.detox.espresso.action.detoxsingletap@dbb26f1 click' action on view (view.getTag() is "btn-iniciar-treino" and view has effective visibility <VISIBLE>)
04-06 12:02:22.508 29294 29294 I ViewRootImpl@73623ee[MainActivity]: ViewPostIme pointer 0
04-06 12:02:22.542 29294 29294 I ViewRootImpl@73623ee[MainActivity]: ViewPostIme pointer 1
04-06 12:02:22.662 29294 29294 W [RNScreens]: backTitleFontFamily prop is not available on Android
04-06 12:02:22.662 29294 29294 W [RNScreens]: disableBackButtonMenu prop is not available on Android
04-06 12:02:22.662 29294 29294 W [RNScreens]: backTitleVisible prop is not available on Android
04-06 12:02:22.662 29294 29294 W [RNScreens]: topInsetEnabled prop is not available on Android
04-06 12:02:22.662 29294 29294 W [RNScreens]: largeTitleHideShadow prop is not available on Android
04-06 12:02:22.662 29294 29294 W [RNScreens]: largeTitleFontWeight prop is not available on Android
04-06 12:02:22.662 29294 29294 W [RNScreens]: userInterfaceStyle prop is not available on Android
04-06 12:02:22.662 29294 29294 W [RNScreens]: largeTitleFontFamily prop is not available on Android
04-06 12:02:22.679 29294 29380 I ReactNativeJS: 'match:', 'local-cache'
04-06 12:02:22.679 29294 29380 I ReactNativeJS: 'recommendation:', 'push', '| confidence:', 'alta'
04-06 12:02:22.717 29294 29380 I ReactNativeJS: 'match:', 'local-cache'
04-06 12:02:22.718 29294 29380 I ReactNativeJS: 'recommendation:', 'push', '| confidence:', 'alta'
04-06 12:02:22.870 29294 29305 I om.evolucao.app: Background concurrent copying GC freed 229953(9046KB) AllocSpace objects, 9(664KB) LOS objects, 49% free, 14MB/29MB, paused 99us,31us total 113.379ms
04-06 12:02:23.944 29294 29294 W om.evolucao.app: Accessing hidden field Landroid/widget/HorizontalScrollView;->mScroller:Landroid/widget/OverScroller; (unsupported, reflection, allowed)
04-06 12:02:23.964 29294 29294 D ScrollView: initGoToTop
04-06 12:02:24.397 29294 29659 D expo-notifications: Notification request "134e2c8a-1385-43e4-8eed-73c17927187e" will not trigger in the future, removing.
04-06 12:02:25.143 29294 29327 I DetoxWSClient: Sending out action 'invokeResult' (ID #51)
04-06 12:02:25.143 29294 29327 I DetoxDispatcher: Done with action 'invoke'
04-06 12:02:25.464 29294 29331 D DetoxWSClient: Received action 'invoke' (ID #52, params={"target":{"type":"Class","value":"com.wix.detox.espresso.DetoxAssertion"},"method":"waitForAssertMatcher","args":[{"type":"Invocation","value":{"target":{"type":"Class","value":"androidx.test.espresso.Espresso"},"method":"onView","args":[{"type":"Invocation","value":{"target":{"type":"Class","value":"com.wix.detox.espresso.DetoxMatcher"},"method":"matcherForTestId","args":["screen-workout",{"type":"boolean","value":false}]}}]}},{"type":"Invocation","value":{"target":{"type":"Class","value":"com.wix.detox.espresso.DetoxMatcher"},"method":"matcherForSufficientlyVisible","args":[{"type":"Integer","value":75}]}},{"type":"Double","value":5}]})
04-06 12:02:25.465 29294 29327 I DetoxDispatcher: Handling action 'invoke' (ID #52)...
04-06 12:02:25.466 29294 29327 D Detox   : class com.wix.detox.espresso.DetoxMatcher, matcherForTestId, [screen-workout, false]
04-06 12:02:25.467 29294 29327 D Detox   : class androidx.test.espresso.Espresso, onView, [(view.getTag() is "screen-workout" and view has effective visibility <VISIBLE>)]
04-06 12:02:25.468 29294 29327 D Detox   : class com.wix.detox.espresso.DetoxMatcher, matcherForSufficientlyVisible, [75]
04-06 12:02:25.468 29294 29327 D Detox   : class com.wix.detox.espresso.DetoxAssertion, waitForAssertMatcher, [androidx.test.espresso.ViewInteraction@6ae9991, (view has effective visibility <VISIBLE> and view.getGlobalVisibleRect() covers at least <75> percent of the view's area), 5.0]
04-06 12:02:25.474 29294 29294 I ViewInteraction: Checking 'MatchesViewAssertion(Detox){viewMatcher=(view has effective visibility <VISIBLE> and view.getGlobalVisibleRect() covers at least <75> percent of the view's area)}' assertion on view (view.getTag() is "screen-workout" and view has effective visibility <VISIBLE>)
04-06 12:02:25.478 29294 29327 I DetoxWSClient: Sending out action 'invokeResult' (ID #52)
04-06 12:02:25.482 29294 29327 I DetoxDispatcher: Done with action 'invoke'
04-06 12:02:26.185 29294 29331 D DetoxWSClient: Received action 'invoke' (ID #53, params={"target":{"type":"Class","value":"com.wix.detox.espresso.DetoxAssertion"},"method":"waitForAssertMatcher","args":[{"type":"Invocation","value":{"target":{"type":"Class","value":"androidx.test.espresso.Espresso"},"method":"onView","args":[{"type":"Invocation","value":{"target":{"type":"Class","value":"com.wix.detox.espresso.DetoxMatcher"},"method":"matcherForTestId","args":["app-root",{"type":"boolean","value":false}]}}]}},{"type":"Invocation","value":{"target":{"type":"Class","value":"com.wix.detox.espresso.DetoxMatcher"},"method":"matcherForSufficientlyVisible","args":[{"type":"Integer","value":75}]}},{"type":"Double","value":5}]})
04-06 12:02:26.185 29294 29327 I DetoxDispatcher: Handling action 'invoke' (ID #53)...
04-06 12:02:26.186 29294 29327 D Detox   : class com.wix.detox.espresso.DetoxMatcher, matcherForTestId, [app-root, false]
04-06 12:02:26.187 29294 29327 D Detox   : class androidx.test.espresso.Espresso, onView, [(view.getTag() is "app-root" and view has effective visibility <VISIBLE>)]
04-06 12:02:26.188 29294 29327 D Detox   : class com.wix.detox.espresso.DetoxMatcher, matcherForSufficientlyVisible, [75]
04-06 12:02:26.188 29294 29327 D Detox   : class com.wix.detox.espresso.DetoxAssertion, waitForAssertMatcher, [androidx.test.espresso.ViewInteraction@99c4cf7, (view has effective visibility <VISIBLE> and view.getGlobalVisibleRect() covers at least <75> percent of the view's area), 5.0]
04-06 12:02:26.191 29294 29294 I ViewInteraction: Checking 'MatchesViewAssertion(Detox){viewMatcher=(view has effective visibility <VISIBLE> and view.getGlobalVisibleRect() covers at least <75> percent of the view's area)}' assertion on view (view.getTag() is "app-root" and view has effective visibility <VISIBLE>)
04-06 12:02:26.193 29294 29327 I DetoxWSClient: Sending out action 'invokeResult' (ID #53)
04-06 12:02:26.193 29294 29327 I DetoxDispatcher: Done with action 'invoke'
04-06 12:02:26.196 29294 29331 D DetoxWSClient: Received action 'invoke' (ID #54, params={"target":{"type":"Class","value":"com.wix.detox.espresso.DetoxAssertion"},"method":"assertMatcher","args":[{"type":"Invocation","value":{"target":{"type":"Class","value":"androidx.test.espresso.Espresso"},"method":"onView","args":[{"type":"Invocation","value":{"target":{"type":"Class","value":"com.wix.detox.espresso.DetoxMatcher"},"method":"matcherForTestId","args":["app-root",{"type":"boolean","value":false}]}}]}},{"type":"Invocation","value":{"target":{"type":"Class","value":"com.wix.detox.espresso.DetoxMatcher"},"method":"matcherForSufficientlyVisible","args":[{"type":"Integer","value":75}]}}]})
04-06 12:02:26.196 29294 29327 I DetoxDispatcher: Handling action 'invoke' (ID #54)...
04-06 12:02:26.197 29294 29327 D Detox   : class com.wix.detox.espresso.DetoxMatcher, matcherForTestId, [app-root, false]
04-06 12:02:26.197 29294 29327 D Detox   : class androidx.test.espresso.Espresso, onView, [(view.getTag() is "app-root" and view has effective visibility <VISIBLE>)]
04-06 12:02:26.197 29294 29327 D Detox   : class com.wix.detox.espresso.DetoxMatcher, matcherForSufficientlyVisible, [75]
04-06 12:02:26.198 29294 29327 D Detox   : class com.wix.detox.espresso.DetoxAssertion, assertMatcher, [androidx.test.espresso.ViewInteraction@50a3764, (view has effective visibility <VISIBLE> and view.getGlobalVisibleRect() covers at least <75> percent of the view's area)]
04-06 12:02:26.201 29294 29294 I ViewInteraction: Checking 'MatchesViewAssertion(Detox){viewMatcher=(view has effective visibility <VISIBLE> and view.getGlobalVisibleRect() covers at least <75> percent of the view's area)}' assertion on view (view.getTag() is "app-root" and view has effective visibility <VISIBLE>)
04-06 12:02:26.204 29294 29327 I DetoxWSClient: Sending out action 'invokeResult' (ID #54)
04-06 12:02:26.204 29294 29327 I DetoxDispatcher: Done with action 'invoke'
04-06 12:02:26.209 29294 29331 D DetoxWSClient: Received action 'invoke' (ID #55, params={"target":{"type":"Class","value":"com.wix.detox.espresso.DetoxAssertion"},"method":"waitForAssertMatcher","args":[{"type":"Invocation","value":{"target":{"type":"Class","value":"androidx.test.espresso.Espresso"},"method":"onView","args":[{"type":"Invocation","value":{"target":{"type":"Class","value":"com.wix.detox.espresso.DetoxMatcher"},"method":"matcherForTestId","args":["input-peso",{"type":"boolean","value":false}]}}]}},{"type":"Invocation","value":{"target":{"type":"Class","value":"com.wix.detox.espresso.DetoxMatcher"},"method":"matcherForSufficientlyVisible","args":[{"type":"Integer","value":75}]}},{"type":"Double","value":5}]})
04-06 12:02:26.209 29294 29327 I DetoxDispatcher: Handling action 'invoke' (ID #55)...
04-06 12:02:26.209 29294 29327 D Detox   : class com.wix.detox.espresso.DetoxMatcher, matcherForTestId, [input-peso, false]
04-06 12:02:26.210 29294 29327 D Detox   : class androidx.test.espresso.Espresso, onView, [(view.getTag() is "input-peso" and view has effective visibility <VISIBLE>)]
04-06 12:02:26.210 29294 29327 D Detox   : class com.wix.detox.espresso.DetoxMatcher, matcherForSufficientlyVisible, [75]
04-06 12:02:26.211 29294 29327 D Detox   : class com.wix.detox.espresso.DetoxAssertion, waitForAssertMatcher, [androidx.test.espresso.ViewInteraction@d923dcd, (view has effective visibility <VISIBLE> and view.getGlobalVisibleRect() covers at least <75> percent of the view's area), 5.0]
04-06 12:02:26.215 29294 29294 I ViewInteraction: Checking 'MatchesViewAssertion(Detox){viewMatcher=(view has effective visibility <VISIBLE> and view.getGlobalVisibleRect() covers at least <75> percent of the view's area)}' assertion on view (view.getTag() is "input-peso" and view has effective visibility <VISIBLE>)
04-06 12:02:26.233 29294 29327 I DetoxWSClient: Sending out action 'invokeResult' (ID #55)
04-06 12:02:26.233 29294 29327 I DetoxDispatcher: Done with action 'invoke'
04-06 12:02:26.236 29294 29331 D DetoxWSClient: Received action 'invoke' (ID #56, params={"target":{"type":"Class","value":"com.wix.detox.espresso.DetoxAssertion"},"method":"waitForAssertMatcher","args":[{"type":"Invocation","value":{"target":{"type":"Class","value":"androidx.test.espresso.Espresso"},"method":"onView","args":[{"type":"Invocation","value":{"target":{"type":"Class","value":"com.wix.detox.espresso.DetoxMatcher"},"method":"matcherForTestId","args":["input-reps",{"type":"boolean","value":false}]}}]}},{"type":"Invocation","value":{"target":{"type":"Class","value":"com.wix.detox.espresso.DetoxMatcher"},"method":"matcherForSufficientlyVisible","args":[{"type":"Integer","value":75}]}},{"type":"Double","value":5}]})
04-06 12:02:26.237 29294 29327 I DetoxDispatcher: Handling action 'invoke' (ID #56)...
04-06 12:02:26.237 29294 29327 D Detox   : class com.wix.detox.espresso.DetoxMatcher, matcherForTestId, [input-reps, false]
04-06 12:02:26.237 29294 29327 D Detox   : class androidx.test.espresso.Espresso, onView, [(view.getTag() is "input-reps" and view has effective visibility <VISIBLE>)]
04-06 12:02:26.238 29294 29327 D Detox   : class com.wix.detox.espresso.DetoxMatcher, matcherForSufficientlyVisible, [75]
04-06 12:02:26.238 29294 29327 D Detox   : class com.wix.detox.espresso.DetoxAssertion, waitForAssertMatcher, [androidx.test.espresso.ViewInteraction@90f23ce, (view has effective visibility <VISIBLE> and view.getGlobalVisibleRect() covers at least <75> percent of the view's area), 5.0]
04-06 12:02:26.241 29294 29294 I ViewInteraction: Checking 'MatchesViewAssertion(Detox){viewMatcher=(view has effective visibility <VISIBLE> and view.getGlobalVisibleRect() covers at least <75> percent of the view's area)}' assertion on view (view.getTag() is "input-reps" and view has effective visibility <VISIBLE>)
04-06 12:02:26.251 29294 29327 I DetoxWSClient: Sending out action 'invokeResult' (ID #56)
04-06 12:02:26.252 29294 29327 I DetoxDispatcher: Done with action 'invoke'
04-06 12:02:26.255 29294 29331 D DetoxWSClient: Received action 'invoke' (ID #57, params={"target":{"type":"Class","value":"com.wix.detox.espresso.DetoxAssertion"},"method":"waitForAssertMatcher","args":[{"type":"Invocation","value":{"target":{"type":"Class","value":"androidx.test.espresso.Espresso"},"method":"onView","args":[{"type":"Invocation","value":{"target":{"type":"Class","value":"com.wix.detox.espresso.DetoxMatcher"},"method":"matcherForTestId","args":["input-peso",{"type":"boolean","value":false}]}}]}},{"type":"Invocation","value":{"target":{"type":"Class","value":"com.wix.detox.espresso.DetoxMatcher"},"method":"matcherForSufficientlyVisible","args":[{"type":"Integer","value":75}]}},{"type":"Double","value":5}]})
04-06 12:02:26.255 29294 29327 I DetoxDispatcher: Handling action 'invoke' (ID #57)...
04-06 12:02:26.255 29294 29327 D Detox   : class com.wix.detox.espresso.DetoxMatcher, matcherForTestId, [input-peso, false]
04-06 12:02:26.256 29294 29327 D Detox   : class androidx.test.espresso.Espresso, onView, [(view.getTag() is "input-peso" and view has effective visibility <VISIBLE>)]
04-06 12:02:26.256 29294 29327 D Detox   : class com.wix.detox.espresso.DetoxMatcher, matcherForSufficientlyVisible, [75]
04-06 12:02:26.256 29294 29327 D Detox   : class com.wix.detox.espresso.DetoxAssertion, waitForAssertMatcher, [androidx.test.espresso.ViewInteraction@af7b1fc, (view has effective visibility <VISIBLE> and view.getGlobalVisibleRect() covers at least <75> percent of the view's area), 5.0]
04-06 12:02:26.259 29294 29294 I ViewInteraction: Checking 'MatchesViewAssertion(Detox){viewMatcher=(view has effective visibility <VISIBLE> and view.getGlobalVisibleRect() covers at least <75> percent of the view's area)}' assertion on view (view.getTag() is "input-peso" and view has effective visibility <VISIBLE>)
04-06 12:02:26.270 29294 29327 I DetoxWSClient: Sending out action 'invokeResult' (ID #57)
04-06 12:02:26.270 29294 29327 I DetoxDispatcher: Done with action 'invoke'
04-06 12:02:26.274 29294 29331 D DetoxWSClient: Received action 'invoke' (ID #58, params={"target":{"type":"Class","value":"com.wix.detox.espresso.EspressoDetox"},"method":"perform","args":[{"type":"Invocation","value":{"target":{"type":"Class","value":"com.wix.detox.espresso.DetoxMatcher"},"method":"matcherForTestId","args":["input-peso",{"type":"boolean","value":false}]}},{"type":"Invocation","value":{"target":{"type":"Class","value":"com.wix.detox.espresso.DetoxViewActions"},"method":"click","args":[]}}]})
04-06 12:02:26.274 29294 29327 I DetoxDispatcher: Handling action 'invoke' (ID #58)...
04-06 12:02:26.274 29294 29327 D Detox   : class com.wix.detox.espresso.DetoxMatcher, matcherForTestId, [input-peso, false]
04-06 12:02:26.275 29294 29327 D Detox   : class com.wix.detox.espresso.DetoxViewActions, click, []
04-06 12:02:26.275 29294 29327 D Detox   : class com.wix.detox.espresso.EspressoDetox, perform, [(view.getTag() is "input-peso" and view has effective visibility <VISIBLE>), com.wix.detox.espresso.action.RNClickAction@899c085]
04-06 12:02:26.277 29294 29294 I ViewInteraction: Performing 'com.wix.detox.espresso.action.detoxsingletap@dfdaeda click' action on view (view.getTag() is "input-peso" and view has effective visibility <VISIBLE>)
04-06 12:02:26.291 29294 29294 I ViewRootImpl@73623ee[MainActivity]: ViewPostIme pointer 0
04-06 12:02:26.321 29294 29294 I ViewRootImpl@73623ee[MainActivity]: ViewPostIme pointer 1
04-06 12:02:26.346 29294 29294 D InputMethodManager: startInputInner - Id : 0
04-06 12:02:26.346 29294 29294 I InputMethodManager: startInputInner - mService.startInputOrWindowGainedFocus
04-06 12:02:26.350 29294 29294 I IMM_LC  : showSoftInput(View,I)
04-06 12:02:26.350 29294 29294 I IMM_LC  : ssi() - flag : 0 view : com.evolucao.app reason = SHOW_SOFT_INPUT
04-06 12:02:26.365 29294 29344 D NativeCustomFrequencyManager: [NativeCFMS] BpCustomFrequencyManager::BpCustomFrequencyManager()
04-06 12:02:26.370 29294 29294 D InsetsController: onStateChanged: InsetsState: {mDisplayFrame=Rect(0, 0 - 1080, 2400), mDisplayCutout=DisplayCutout{insets=Rect(0, 88 - 0, 0) waterfall=Insets{left=0, top=0, right=0, bottom=0} boundingRect={Bounds=[Rect(0, 0 - 0, 0), Rect(512, 0 - 568, 88), Rect(0, 0 - 0, 0), Rect(0, 0 - 0, 0)]} cutoutPathParserInfo={CutoutPathParserInfo{displayWidth=1080 displayHeight=2400 physicalDisplayWidth=1080 physicalDisplayHeight=2400 density={3.0} cutoutSpec={M 0,0 M 0,10.71963616907435 a 9.280363830925644,9.280363830925644 0 1,0 0,18.56072766185129 a 9.280363830925644,9.280363830925644 0 1,0 0,-18.56072766185129 Z @dp} rotation={0} scale={1.0} physicalPixelDisplaySizeRatio={1.0}}}}, mRoundedCorners=RoundedCorners{[RoundedCorner{position=TopLeft, radius=96, center=Point(96, 96)}, RoundedCorner{position=TopRight, radius=96, center=Point(984, 96)}, RoundedCorner{position=BottomRight, radius=96, center=Point(984, 2304)}, RoundedCorner{position=BottomLeft, radius=96, center=Point(96, 2304)}]}  mRoundedCornerFrame=Rect(0, 0 - 1080, 2400), mPrivacyIndicatorBounds=PrivacyIndicatorBounds {static bounds=Rect(948, 0 - 1080, 88) rotation=0}, mSources= { InsetsSource: {mType=ITYPE_STATUS_BAR, mFrame=[0,0][1080,88], mVisible=true, mInsetsRoundedCornerFrame=false}, InsetsSource: {mType=ITYPE_NAVIGATION_BAR, mFrame=[0,2256][1080,2400], mVisible=true, mInsetsRoundedCornerFrame=false}, InsetsSource: {mType=ITYPE_LEFT_GESTURES, mFrame=[0,0][0,2400], mVisible=true, mInsetsRoundedCornerFrame=false}, InsetsSource: {mType=ITYPE_RIGHT_GESTURES, mFrame=[1080,0][1080,2400], mVisible=true, mInsetsRoundedCornerFrame=false}, InsetsSource: {mType=ITYPE_TOP_MANDATORY_GESTURES, mFrame=[0,0][1080,124], mVisible=true, mInsetsRoundedCornerFrame=false}, InsetsSource: {mType=ITYPE_BOTTOM_MANDATORY_GESTURES, mFrame=[0,2256][1080,2400], mVisible=true, mInsetsRoundedCornerFrame=false}, InsetsSource: {mType=ITYPE_LEFT_DISPLAY_CUTOUT, mFrame=[0,0][-100000,2400], mVisible=true, mInsetsRoundedCornerFrame=false}, InsetsSource: {mType=ITYPE_TOP_DISPLAY_CUTOUT, mFrame=[0,0][1080,88], mVisible=true, mInsetsRoundedCornerFrame=false}, InsetsSource: {mType=ITYPE_RIGHT_DISPLAY_CUTOUT, mFrame=[100000,0][1080,2400], mVisible=true, mInsetsRoundedCornerFrame=false}, InsetsSource: {mType=ITYPE_BOTTOM_DISPLAY_CUTOUT, mFrame=[0,100000][1080,2400], mVisible=true, mInsetsRoundedCornerFrame=false}, InsetsSource: {mType=ITYPE_TOP_TAPPABLE_ELEMENT, mFrame=[0,0][1080,88], mVisible=true, mInsetsRoundedCornerFrame=false}, InsetsSource: {mType=ITYPE_BOTTOM_TAPPABLE_ELEMENT, mFrame=[0,2256][1080,2400], mVisible=true, mInsetsRoundedCornerFrame=false} } host=PopupWindow:5b28e39 from=android.view.ViewRootImpl.setView:1732
04-06 12:02:26.373 29294 29294 I ViewRootImpl@d721c7e[PopupWindow:5b28e39]: setView = android.widget.PopupWindow$PopupDecorView@60f828a TM=false
04-06 12:02:26.376 29294 29344 D NativeCustomFrequencyManager: [NativeCFMS] BpCustomFrequencyManager::BpCustomFrequencyManager()
04-06 12:02:26.379 29294 29294 D InsetsController: onStateChanged: InsetsState: {mDisplayFrame=Rect(0, 0 - 1080, 2400), mDisplayCutout=DisplayCutout{insets=Rect(0, 88 - 0, 0) waterfall=Insets{left=0, top=0, right=0, bottom=0} boundingRect={Bounds=[Rect(0, 0 - 0, 0), Rect(512, 0 - 568, 88), Rect(0, 0 - 0, 0), Rect(0, 0 - 0, 0)]} cutoutPathParserInfo={CutoutPathParserInfo{displayWidth=1080 displayHeight=2400 physicalDisplayWidth=1080 physicalDisplayHeight=2400 density={3.0} cutoutSpec={M 0,0 M 0,10.71963616907435 a 9.280363830925644,9.280363830925644 0 1,0 0,18.56072766185129 a 9.280363830925644,9.280363830925644 0 1,0 0,-18.56072766185129 Z @dp} rotation={0} scale={1.0} physicalPixelDisplaySizeRatio={1.0}}}}, mRoundedCorners=RoundedCorners{[RoundedCorner{position=TopLeft, radius=96, center=Point(96, 96)}, RoundedCorner{position=TopRight, radius=96, center=Point(984, 96)}, RoundedCorner{position=BottomRight, radius=96, center=Point(984, 2304)}, RoundedCorner{position=BottomLeft, radius=96, center=Point(96, 2304)}]}  mRoundedCornerFrame=Rect(0, 0 - 1080, 2400), mPrivacyIndicatorBounds=PrivacyIndicatorBounds {static bounds=Rect(948, 0 - 1080, 88) rotation=0}, mSources= { InsetsSource: {mType=ITYPE_STATUS_BAR, mFrame=[0,0][1080,88], mVisible=true, mInsetsRoundedCornerFrame=false}, InsetsSource: {mType=ITYPE_NAVIGATION_BAR, mFrame=[0,2256][1080,2400], mVisible=true, mInsetsRoundedCornerFrame=false}, InsetsSource: {mType=ITYPE_LEFT_GESTURES, mFrame=[0,0][0,2400], mVisible=true, mInsetsRoundedCornerFrame=false}, InsetsSource: {mType=ITYPE_RIGHT_GESTURES, mFrame=[1080,0][1080,2400], mVisible=true, mInsetsRoundedCornerFrame=false}, InsetsSource: {mType=ITYPE_TOP_MANDATORY_GESTURES, mFrame=[0,0][1080,124], mVisible=true, mInsetsRoundedCornerFrame=false}, InsetsSource: {mType=ITYPE_BOTTOM_MANDATORY_GESTURES, mFrame=[0,2256][1080,2400], mVisible=true, mInsetsRoundedCornerFrame=false}, InsetsSource: {mType=ITYPE_LEFT_DISPLAY_CUTOUT, mFrame=[0,0][-100000,2400], mVisible=true, mInsetsRoundedCornerFrame=false}, InsetsSource: {mType=ITYPE_TOP_DISPLAY_CUTOUT, mFrame=[0,0][1080,88], mVisible=true, mInsetsRoundedCornerFrame=false}, InsetsSource: {mType=ITYPE_RIGHT_DISPLAY_CUTOUT, mFrame=[100000,0][1080,2400], mVisible=true, mInsetsRoundedCornerFrame=false}, InsetsSource: {mType=ITYPE_BOTTOM_DISPLAY_CUTOUT, mFrame=[0,100000][1080,2400], mVisible=true, mInsetsRoundedCornerFrame=false}, InsetsSource: {mType=ITYPE_TOP_TAPPABLE_ELEMENT, mFrame=[0,0][1080,88], mVisible=true, mInsetsRoundedCornerFrame=false}, InsetsSource: {mType=ITYPE_BOTTOM_TAPPABLE_ELEMENT, mFrame=[0,2256][1080,2400], mVisible=true, mInsetsRoundedCornerFrame=false} } host=PopupWindow:413a518 from=android.view.ViewRootImpl.setView:1732
04-06 12:02:26.383 29294 29294 I ViewRootImpl@13acb71[PopupWindow:413a518]: setView = android.widget.PopupWindow$PopupDecorView@8dfadad TM=false
04-06 12:02:26.390 29294 29294 I IMM_LC  : showSoftInput(View,I)
04-06 12:02:26.390 29294 29294 I IMM_LC  : ssi() - flag : 0 view : com.evolucao.app reason = SHOW_SOFT_INPUT
04-06 12:02:26.393 29294 29294 I ViewRootImpl@d721c7e[PopupWindow:5b28e39]: performTraversals params={(231,1797)(90x108) gr=TOP START CENTER sim={state=unchanged adjust=pan} ty=APPLICATION_SUB_PANEL fmt=TRANSLUCENT wanim=0x1030313 surfaceInsets=Rect(0, 0 - 0, 0) (manual)
04-06 12:02:26.393 29294 29294 I ViewRootImpl@d721c7e[PopupWindow:5b28e39]:   fl=41800208
04-06 12:02:26.393 29294 29294 I ViewRootImpl@d721c7e[PopupWindow:5b28e39]:   pfl=2018000
04-06 12:02:26.393 29294 29294 I ViewRootImpl@d721c7e[PopupWindow:5b28e39]:   bhv=DEFAULT
04-06 12:02:26.393 29294 29294 I ViewRootImpl@d721c7e[PopupWindow:5b28e39]:   fitTypes=STATUS_BARS NAVIGATION_BARS CAPTION_BAR naviIconColor=0
04-06 12:02:26.393 29294 29294 I ViewRootImpl@d721c7e[PopupWindow:5b28e39]:   sfl=20000}
04-06 12:02:26.394 29294 29294 I ViewRootImpl@d721c7e[PopupWindow:5b28e39]: performTraversals mFirst=true windowShouldResize=true viewVisibilityChanged=false mForceNextWindowRelayout=false params={(231,1797)(90x108) gr=TOP START CENTER sim={state=unchanged adjust=pan} ty=APPLICATION_SUB_PANEL fmt=TRANSLUCENT wanim=0x1030313 surfaceInsets=Rect(0, 0 - 0, 0) (manual)
04-06 12:02:26.394 29294 29294 I ViewRootImpl@d721c7e[PopupWindow:5b28e39]:   fl=41800208
04-06 12:02:26.394 29294 29294 I ViewRootImpl@d721c7e[PopupWindow:5b28e39]:   pfl=42018000
04-06 12:02:26.394 29294 29294 I ViewRootImpl@d721c7e[PopupWindow:5b28e39]:   bhv=DEFAULT
04-06 12:02:26.394 29294 29294 I ViewRootImpl@d721c7e[PopupWindow:5b28e39]:   fitTypes=STATUS_BARS NAVIGATION_BARS CAPTION_BAR naviIconColor=0
04-06 12:02:26.394 29294 29294 I ViewRootImpl@d721c7e[PopupWindow:5b28e39]:   sfl=20000}
04-06 12:02:26.399 29294 29584 I ViewRootImpl@d721c7e[PopupWindow:5b28e39]: Resizing android.view.ViewRootImpl@f1cd0fb: frame = [231,1797][321,1905] reportDraw = true forceLayout = false syncSeqId = 0
04-06 12:02:26.401 29294 29294 I ViewRootImpl@d721c7e[PopupWindow:5b28e39]: updateBlastSurfaceIfNeeded mBlastBufferQueue=null isSameSurfaceControl=false
04-06 12:02:26.401 29294 29294 I BLASTBufferQueue: new BLASTBufferQueue, mName= ViewRootImpl@d721c7e[PopupWindow:5b28e39] mNativeObject= 0xb400007001070980 sc.mNativeObject= 0xb4000069fecb2fa0 caller= android.view.ViewRootImpl.updateBlastSurfaceIfNeeded:2909 android.view.ViewRootImpl.relayoutWindow:9847 android.view.ViewRootImpl.performTraversals:3884 android.view.ViewRootImpl.doTraversal:3116 android.view.ViewRootImpl$TraversalRunnable.run:10885 android.view.Choreographer$CallbackRecord.run:1301 android.view.Choreographer$CallbackRecord.run:1309 android.view.Choreographer.doCallbacks:923 android.view.Choreographer.doFrame:852 android.view.Choreographer$FrameDisplayEventReceiver.run:1283 
04-06 12:02:26.402 29294 29294 I BLASTBufferQueue: update, w= 90 h= 108 mName = ViewRootImpl@d721c7e[PopupWindow:5b28e39] mNativeObject= 0xb400007001070980 sc.mNativeObject= 0xb4000069fecb2fa0 format= -3 caller= android.graphics.BLASTBufferQueue.<init>:84 android.view.ViewRootImpl.updateBlastSurfaceIfNeeded:2909 android.view.ViewRootImpl.relayoutWindow:9847 android.view.ViewRootImpl.performTraversals:3884 android.view.ViewRootImpl.doTraversal:3116 android.view.ViewRootImpl$TraversalRunnable.run:10885 
04-06 12:02:26.402 29294 29294 I ViewRootImpl@d721c7e[PopupWindow:5b28e39]: Relayout returned: old=(231,1797,321,1905) new=(231,1797,321,1905) req=(90,108)0 dur=7 res=0x3 s={true 0xb4000069fd9fc800} ch=true seqId=0
04-06 12:02:26.403 29294 29294 I ViewRootImpl@d721c7e[PopupWindow:5b28e39]: mThreadedRenderer.initialize() mSurface={isValid=true 0xb4000069fd9fc800} hwInitialized=true
04-06 12:02:26.403 29294 29344 D OpenGLRenderer: eglCreateWindowSurface
04-06 12:02:26.404 29294 29294 I ViewRootImpl@d721c7e[PopupWindow:5b28e39]: reportNextDraw android.view.ViewRootImpl.performTraversals:4438 android.view.ViewRootImpl.doTraversal:3116 android.view.ViewRootImpl$TraversalRunnable.run:10885 android.view.Choreographer$CallbackRecord.run:1301 android.view.Choreographer$CallbackRecord.run:1309 
04-06 12:02:26.404 29294 29294 I ViewRootImpl@d721c7e[PopupWindow:5b28e39]: Setup new sync id=0
04-06 12:02:26.405 29294 29294 I ViewRootImpl@d721c7e[PopupWindow:5b28e39]: Setting syncFrameCallback
04-06 12:02:26.405 29294 29294 I ViewRootImpl@d721c7e[PopupWindow:5b28e39]: registerCallbacksForSync syncBuffer=false
04-06 12:02:26.407 29294 29368 I ViewRootImpl@d721c7e[PopupWindow:5b28e39]: Received frameDrawingCallback syncResult=0 frameNum=1.
04-06 12:02:26.407 29294 29368 I ViewRootImpl@d721c7e[PopupWindow:5b28e39]: Setting up sync and frameCommitCallback
04-06 12:02:26.415 29294 29344 I BLASTBufferQueue: [ViewRootImpl@d721c7e[PopupWindow:5b28e39]#2](f:0,a:0) onFrameAvailable the first frame is available
04-06 12:02:26.416 29294 29344 I ViewRootImpl@d721c7e[PopupWindow:5b28e39]: Received frameCommittedCallback lastAttemptedDrawFrameNum=1 didProduceBuffer=true
04-06 12:02:26.416 29294 29344 D OpenGLRenderer: CFMS:: SetUp Pid : 29294    Tid : 29344
04-06 12:02:26.417 29294 29344 W Parcel  : Expecting binder but got null!
04-06 12:02:26.417 29294 29294 I ViewRootImpl@d721c7e[PopupWindow:5b28e39]: onSyncComplete
04-06 12:02:26.418 29294 29294 I ViewRootImpl@d721c7e[PopupWindow:5b28e39]: setupSync seqId=0 mSyncId=0 fn=1 caller=android.view.ViewRootImpl$$ExternalSyntheticLambda11.accept:6 android.window.SurfaceSyncer.lambda$setupSync$1$android-window-SurfaceSyncer:128 android.window.SurfaceSyncer$$ExternalSyntheticLambda1.accept:8 android.window.SurfaceSyncer$SyncSet.checkIfSyncIsComplete:382 android.window.SurfaceSyncer$SyncSet.markSyncReady:359 android.window.SurfaceSyncer.markSyncReady:151 android.view.ViewRootImpl.performTraversals:4503 
04-06 12:02:26.419 29294 29294 I ViewRootImpl@13acb71[PopupWindow:413a518]: performTraversals params={(231,1703)(90x94) gr=TOP START CENTER sim={state=unchanged adjust=pan} ty=APPLICATION_SUB_PANEL fmt=TRANSLUCENT wanim=0x1030313 surfaceInsets=Rect(0, 0 - 0, 0) (manual)
04-06 12:02:26.419 29294 29294 I ViewRootImpl@13acb71[PopupWindow:413a518]:   fl=41800218
04-06 12:02:26.419 29294 29294 I ViewRootImpl@13acb71[PopupWindow:413a518]:   pfl=2018000
04-06 12:02:26.419 29294 29294 I ViewRootImpl@13acb71[PopupWindow:413a518]:   bhv=DEFAULT
04-06 12:02:26.419 29294 29294 I ViewRootImpl@13acb71[PopupWindow:413a518]:   fitTypes=STATUS_BARS NAVIGATION_BARS CAPTION_BAR naviIconColor=0
04-06 12:02:26.419 29294 29294 I ViewRootImpl@13acb71[PopupWindow:413a518]:   sfl=20000}
04-06 12:02:26.420 29294 29294 I ViewRootImpl@13acb71[PopupWindow:413a518]: performTraversals mFirst=true windowShouldResize=true viewVisibilityChanged=false mForceNextWindowRelayout=false params={(231,1703)(90x94) gr=TOP START CENTER sim={state=unchanged adjust=pan} ty=APPLICATION_SUB_PANEL fmt=TRANSLUCENT wanim=0x1030313 surfaceInsets=Rect(0, 0 - 0, 0) (manual)
04-06 12:02:26.420 29294 29294 I ViewRootImpl@13acb71[PopupWindow:413a518]:   fl=41800218
04-06 12:02:26.420 29294 29294 I ViewRootImpl@13acb71[PopupWindow:413a518]:   pfl=42018000
04-06 12:02:26.420 29294 29294 I ViewRootImpl@13acb71[PopupWindow:413a518]:   bhv=DEFAULT
04-06 12:02:26.420 29294 29294 I ViewRootImpl@13acb71[PopupWindow:413a518]:   fitTypes=STATUS_BARS NAVIGATION_BARS CAPTION_BAR naviIconColor=0
04-06 12:02:26.420 29294 29294 I ViewRootImpl@13acb71[PopupWindow:413a518]:   sfl=20000}
04-06 12:02:26.425 29294 29584 I ViewRootImpl@13acb71[PopupWindow:413a518]: Resizing android.view.ViewRootImpl@ef5d8e2: frame = [231,1703][321,1797] reportDraw = true forceLayout = false syncSeqId = 0
04-06 12:02:26.427 29294 29294 I ViewRootImpl@13acb71[PopupWindow:413a518]: updateBlastSurfaceIfNeeded mBlastBufferQueue=null isSameSurfaceControl=false
04-06 12:02:26.428 29294 29294 I BLASTBufferQueue: new BLASTBufferQueue, mName= ViewRootImpl@13acb71[PopupWindow:413a518] mNativeObject= 0xb400007001070d00 sc.mNativeObject= 0xb4000069fecb30e0 caller= android.view.ViewRootImpl.updateBlastSurfaceIfNeeded:2909 android.view.ViewRootImpl.relayoutWindow:9847 android.view.ViewRootImpl.performTraversals:3884 android.view.ViewRootImpl.doTraversal:3116 android.view.ViewRootImpl$TraversalRunnable.run:10885 android.view.Choreographer$CallbackRecord.run:1301 android.view.Choreographer$CallbackRecord.run:1309 android.view.Choreographer.doCallbacks:923 android.view.Choreographer.doFrame:852 android.view.Choreographer$FrameDisplayEventReceiver.run:1283 
04-06 12:02:26.428 29294 29294 I BLASTBufferQueue: update, w= 90 h= 94 mName = ViewRootImpl@13acb71[PopupWindow:413a518] mNativeObject= 0xb400007001070d00 sc.mNativeObject= 0xb4000069fecb30e0 format= -3 caller= android.graphics.BLASTBufferQueue.<init>:84 android.view.ViewRootImpl.updateBlastSurfaceIfNeeded:2909 android.view.ViewRootImpl.relayoutWindow:9847 android.view.ViewRootImpl.performTraversals:3884 android.view.ViewRootImpl.doTraversal:3116 android.view.ViewRootImpl$TraversalRunnable.run:10885 
04-06 12:02:26.428 29294 29294 I ViewRootImpl@13acb71[PopupWindow:413a518]: Relayout returned: old=(231,1703,321,1797) new=(231,1703,321,1797) req=(90,94)0 dur=7 res=0x3 s={true 0xb4000069fe82d000} ch=true seqId=0
04-06 12:02:26.429 29294 29294 I ViewRootImpl@13acb71[PopupWindow:413a518]: mThreadedRenderer.initialize() mSurface={isValid=true 0xb4000069fe82d000} hwInitialized=true
04-06 12:02:26.429 29294 29344 D OpenGLRenderer: eglCreateWindowSurface
04-06 12:02:26.431 29294 29294 I ViewRootImpl@13acb71[PopupWindow:413a518]: reportNextDraw android.view.ViewRootImpl.performTraversals:4438 android.view.ViewRootImpl.doTraversal:3116 android.view.ViewRootImpl$TraversalRunnable.run:10885 android.view.Choreographer$CallbackRecord.run:1301 android.view.Choreographer$CallbackRecord.run:1309 
04-06 12:02:26.431 29294 29294 I ViewRootImpl@13acb71[PopupWindow:413a518]: Setup new sync id=0
04-06 12:02:26.431 29294 29294 I ViewRootImpl@13acb71[PopupWindow:413a518]: Setting syncFrameCallback
04-06 12:02:26.431 29294 29294 I ViewRootImpl@13acb71[PopupWindow:413a518]: registerCallbacksForSync syncBuffer=false
04-06 12:02:26.432 29294 29367 I ViewRootImpl@13acb71[PopupWindow:413a518]: Received frameDrawingCallback syncResult=0 frameNum=1.
04-06 12:02:26.432 29294 29367 I ViewRootImpl@13acb71[PopupWindow:413a518]: Setting up sync and frameCommitCallback
04-06 12:02:26.433 29294 29344 I BLASTBufferQueue: [ViewRootImpl@13acb71[PopupWindow:413a518]#3](f:0,a:0) onFrameAvailable the first frame is available
04-06 12:02:26.433 29294 29344 I ViewRootImpl@13acb71[PopupWindow:413a518]: Received frameCommittedCallback lastAttemptedDrawFrameNum=1 didProduceBuffer=true
04-06 12:02:26.434 29294 29344 D OpenGLRenderer: CFMS:: SetUp Pid : 29294    Tid : 29344
04-06 12:02:26.434 29294 29344 W Parcel  : Expecting binder but got null!
04-06 12:02:26.434 29294 29294 I ViewRootImpl@13acb71[PopupWindow:413a518]: onSyncComplete
04-06 12:02:26.434 29294 29294 I ViewRootImpl@13acb71[PopupWindow:413a518]: setupSync seqId=0 mSyncId=0 fn=1 caller=android.view.ViewRootImpl$$ExternalSyntheticLambda11.accept:6 android.window.SurfaceSyncer.lambda$setupSync$1$android-window-SurfaceSyncer:128 android.window.SurfaceSyncer$$ExternalSyntheticLambda1.accept:8 android.window.SurfaceSyncer$SyncSet.checkIfSyncIsComplete:382 android.window.SurfaceSyncer$SyncSet.markSyncReady:359 android.window.SurfaceSyncer.markSyncReady:151 android.view.ViewRootImpl.performTraversals:4503 
04-06 12:02:26.435 29294 29294 I ViewRootImpl@13acb71[PopupWindow:413a518]: reportDrawFinished seqId=0 mSyncId=-1 fn=1 mSurfaceChangedTransaction=0xb4000069fe30b900
04-06 12:02:26.435 29294 29294 I ViewRootImpl@d721c7e[PopupWindow:5b28e39]: reportDrawFinished seqId=0 mSyncId=-1 fn=1 mSurfaceChangedTransaction=0xb4000070a6ea9200
04-06 12:02:26.436 29294 29294 I ViewRootImpl@d721c7e[PopupWindow:5b28e39]: handleResized, msg = 5 frames=ClientWindowFrames{frame=[231,1797][321,1905] display=[-100000,-100000][100000,100000] parentFrame=[0,0][0,0] parentClippedByDisplayCutout=false} forceNextWindowRelayout=false displayId=0 resizeMode=-1 frameChanged=false displayFrameChanged=false configChanged=false displayChanged=false
04-06 12:02:26.436 29294 29294 I ViewRootImpl@d721c7e[PopupWindow:5b28e39]: handleResized mSyncSeqId = 0
04-06 12:02:26.437 29294 29294 I ViewRootImpl@d721c7e[PopupWindow:5b28e39]: reportNextDraw android.view.ViewRootImpl.handleResized:2450 android.view.ViewRootImpl.-$$Nest$mhandleResized:0 android.view.ViewRootImpl$ViewRootHandler.handleMessageImpl:6728 android.view.ViewRootImpl$ViewRootHandler.handleMessage:6697 android.os.Handler.dispatchMessage:106 
04-06 12:02:26.437 29294 29294 I ViewRootImpl@d721c7e[PopupWindow:5b28e39]: Setup new sync id=1
04-06 12:02:26.437 29294 29294 I ViewRootImpl@d721c7e[PopupWindow:5b28e39]: Setting syncFrameCallback
04-06 12:02:26.437 29294 29294 I ViewRootImpl@d721c7e[PopupWindow:5b28e39]: registerCallbacksForSync syncBuffer=false
04-06 12:02:26.439 29294 29368 I ViewRootImpl@d721c7e[PopupWindow:5b28e39]: Received frameDrawingCallback syncResult=0 frameNum=2.
04-06 12:02:26.439 29294 29368 I ViewRootImpl@d721c7e[PopupWindow:5b28e39]: Setting up sync and frameCommitCallback
04-06 12:02:26.442 29294 29344 I ViewRootImpl@d721c7e[PopupWindow:5b28e39]: Received frameCommittedCallback lastAttemptedDrawFrameNum=2 didProduceBuffer=true
04-06 12:02:26.442 29294 29294 I ViewRootImpl@d721c7e[PopupWindow:5b28e39]: onSyncComplete
04-06 12:02:26.442 29294 29294 I ViewRootImpl@d721c7e[PopupWindow:5b28e39]: setupSync seqId=0 mSyncId=1 fn=2 caller=android.view.ViewRootImpl$$ExternalSyntheticLambda11.accept:6 android.window.SurfaceSyncer.lambda$setupSync$1$android-window-SurfaceSyncer:128 android.window.SurfaceSyncer$$ExternalSyntheticLambda1.accept:8 android.window.SurfaceSyncer$SyncSet.checkIfSyncIsComplete:382 android.window.SurfaceSyncer$SyncSet.markSyncReady:359 android.window.SurfaceSyncer.markSyncReady:151 android.view.ViewRootImpl.performTraversals:4503 
04-06 12:02:26.442 29294 29294 I ViewRootImpl@d721c7e[PopupWindow:5b28e39]: reportDrawFinished seqId=0 mSyncId=-1 fn=2 mSurfaceChangedTransaction=0xb4000070a6ea9200
04-06 12:02:26.443 29294 29294 I ViewRootImpl@13acb71[PopupWindow:413a518]: handleResized, msg = 5 frames=ClientWindowFrames{frame=[231,1703][321,1797] display=[-100000,-100000][100000,100000] parentFrame=[0,0][0,0] parentClippedByDisplayCutout=false} forceNextWindowRelayout=false displayId=0 resizeMode=-1 frameChanged=false displayFrameChanged=false configChanged=false displayChanged=false
04-06 12:02:26.443 29294 29294 I ViewRootImpl@13acb71[PopupWindow:413a518]: handleResized mSyncSeqId = 0
04-06 12:02:26.443 29294 29294 I ViewRootImpl@13acb71[PopupWindow:413a518]: reportNextDraw android.view.ViewRootImpl.handleResized:2450 android.view.ViewRootImpl.-$$Nest$mhandleResized:0 android.view.ViewRootImpl$ViewRootHandler.handleMessageImpl:6728 android.view.ViewRootImpl$ViewRootHandler.handleMessage:6697 android.os.Handler.dispatchMessage:106 
04-06 12:02:26.445 29294 29294 I ViewRootImpl@13acb71[PopupWindow:413a518]: Setup new sync id=1
04-06 12:02:26.445 29294 29294 I ViewRootImpl@13acb71[PopupWindow:413a518]: Setting syncFrameCallback
04-06 12:02:26.445 29294 29294 I ViewRootImpl@13acb71[PopupWindow:413a518]: registerCallbacksForSync syncBuffer=false
04-06 12:02:26.447 29294 29367 I ViewRootImpl@13acb71[PopupWindow:413a518]: Received frameDrawingCallback syncResult=0 frameNum=2.
04-06 12:02:26.447 29294 29367 I ViewRootImpl@13acb71[PopupWindow:413a518]: Setting up sync and frameCommitCallback
04-06 12:02:26.448 29294 29344 I ViewRootImpl@13acb71[PopupWindow:413a518]: Received frameCommittedCallback lastAttemptedDrawFrameNum=2 didProduceBuffer=true
04-06 12:02:26.448 29294 29294 I ViewRootImpl@13acb71[PopupWindow:413a518]: onSyncComplete
04-06 12:02:26.448 29294 29294 I ViewRootImpl@13acb71[PopupWindow:413a518]: setupSync seqId=0 mSyncId=1 fn=2 caller=android.view.ViewRootImpl$$ExternalSyntheticLambda11.accept:6 android.window.SurfaceSyncer.lambda$setupSync$1$android-window-SurfaceSyncer:128 android.window.SurfaceSyncer$$ExternalSyntheticLambda1.accept:8 android.window.SurfaceSyncer$SyncSet.checkIfSyncIsComplete:382 android.window.SurfaceSyncer$SyncSet.markSyncReady:359 android.window.SurfaceSyncer.markSyncReady:151 android.view.ViewRootImpl.performTraversals:4503 
04-06 12:02:26.449 29294 29294 I ViewRootImpl@13acb71[PopupWindow:413a518]: reportDrawFinished seqId=0 mSyncId=-1 fn=2 mSurfaceChangedTransaction=0xb4000069fe30b900
04-06 12:02:26.475 29294 29294 W OnBackInvokedCallback: OnBackInvokedCallback is not enabled for the application.
04-06 12:02:26.475 29294 29294 W OnBackInvokedCallback: Set 'android:enableOnBackInvokedCallback="true"' in the application manifest.
04-06 12:02:26.492 29294 29310 I ViewRootImpl@13acb71[PopupWindow:413a518]: Resizing android.view.ViewRootImpl@ef5d8e2: frame = [231,1703][321,1797] reportDraw = false forceLayout = false syncSeqId = 0
04-06 12:02:26.493 29294 29584 I ViewRootImpl@d721c7e[PopupWindow:5b28e39]: Resizing android.view.ViewRootImpl@f1cd0fb: frame = [231,1797][321,1905] reportDraw = false forceLayout = false syncSeqId = 0
04-06 12:02:26.494 29294 29294 I ViewRootImpl@13acb71[PopupWindow:413a518]: handleResized, msg = 4 frames=ClientWindowFrames{frame=[231,1703][321,1797] display=[-100000,-100000][100000,100000] parentFrame=[0,0][0,0] parentClippedByDisplayCutout=false} forceNextWindowRelayout=false displayId=0 resizeMode=-1 frameChanged=false displayFrameChanged=false configChanged=false displayChanged=false
04-06 12:02:26.494 29294 29294 I ViewRootImpl@d721c7e[PopupWindow:5b28e39]: handleResized, msg = 4 frames=ClientWindowFrames{frame=[231,1797][321,1905] display=[-100000,-100000][100000,100000] parentFrame=[0,0][0,0] parentClippedByDisplayCutout=false} forceNextWindowRelayout=false displayId=0 resizeMode=-1 frameChanged=false displayFrameChanged=false configChanged=false displayChanged=false
04-06 12:02:26.494 29294 29594 I ViewRootImpl@73623ee[MainActivity]: Resizing android.view.ViewRootImpl@25a16ab: frame = [0,0][1080,2400] reportDraw = false forceLayout = false syncSeqId = 0
