--------- beginning of main
04-06 02:43:03.339 27595 27635 I DetoxWSClient: Sending out action 'invokeResult' (ID #8)
04-06 02:43:03.339 27595 27635 I DetoxDispatcher: Done with action 'invoke'
04-06 02:43:03.344 27595 27640 D DetoxWSClient: Received action 'invoke' (ID #9, params={"target":{"type":"Class","value":"com.wix.detox.espresso.DetoxAssertion"},"method":"waitForAssertMatcher","args":[{"type":"Invocation","value":{"target":{"type":"Class","value":"androidx.test.espresso.Espresso"},"method":"onView","args":[{"type":"Invocation","value":{"target":{"type":"Class","value":"com.wix.detox.espresso.DetoxMatcher"},"method":"matcherForText","args":["Treinos",{"type":"boolean","value":false}]}}]}},{"type":"Invocation","value":{"target":{"type":"Class","value":"com.wix.detox.espresso.DetoxMatcher"},"method":"matcherForSufficientlyVisible","args":[{"type":"Integer","value":75}]}},{"type":"Double","value":20}]})
04-06 02:43:03.344 27595 27635 I DetoxDispatcher: Handling action 'invoke' (ID #9)...
04-06 02:43:03.344 27595 27635 D Detox   : class com.wix.detox.espresso.DetoxMatcher, matcherForText, [Treinos, false]
04-06 02:43:03.345 27595 27635 D Detox   : class androidx.test.espresso.Espresso, onView, [(an instance of android.widget.TextView and view.getText() with or without transformation to match: is "Treinos" and view has effective visibility <VISIBLE>)]
04-06 02:43:03.345 27595 27635 D Detox   : class com.wix.detox.espresso.DetoxMatcher, matcherForSufficientlyVisible, [75]
04-06 02:43:03.346 27595 27635 D Detox   : class com.wix.detox.espresso.DetoxAssertion, waitForAssertMatcher, [androidx.test.espresso.ViewInteraction@9dd488e, (view has effective visibility <VISIBLE> and view.getGlobalVisibleRect() covers at least <75> percent of the view's area), 20.0]
04-06 02:43:03.349 27595 27595 I ViewInteraction: Checking 'MatchesViewAssertion(Detox){viewMatcher=(view has effective visibility <VISIBLE> and view.getGlobalVisibleRect() covers at least <75> percent of the view's area)}' assertion on view (an instance of android.widget.TextView and view.getText() with or without transformation to match: is "Treinos" and view has effective visibility <VISIBLE>)
04-06 02:43:03.351 27595 27635 I DetoxWSClient: Sending out action 'invokeResult' (ID #9)
04-06 02:43:03.352 27595 27635 I DetoxDispatcher: Done with action 'invoke'
04-06 02:43:03.453 27595 27640 D DetoxWSClient: Received action 'invoke' (ID #10, params={"target":{"type":"Class","value":"com.wix.detox.espresso.EspressoDetox"},"method":"perform","args":[{"type":"Invocation","value":{"target":{"type":"Class","value":"com.wix.detox.espresso.DetoxMatcher"},"method":"matcherForAtIndex","args":[{"type":"Integer","value":0},{"type":"Invocation","value":{"target":{"type":"Class","value":"com.wix.detox.espresso.DetoxMatcher"},"method":"matcherForText","args":["Treinos",{"type":"boolean","value":false}]}}]}},{"type":"Invocation","value":{"target":{"type":"Class","value":"com.wix.detox.espresso.DetoxViewActions"},"method":"click","args":[]}}]})
04-06 02:43:03.454 27595 27635 I DetoxDispatcher: Handling action 'invoke' (ID #10)...
04-06 02:43:03.455 27595 27635 D Detox   : class com.wix.detox.espresso.DetoxMatcher, matcherForText, [Treinos, false]
04-06 02:43:03.456 27595 27635 D Detox   : class com.wix.detox.espresso.DetoxMatcher, matcherForAtIndex, [0, (an instance of android.widget.TextView and view.getText() with or without transformation to match: is "Treinos" and view has effective visibility <VISIBLE>)]
04-06 02:43:03.457 27595 27635 D Detox   : class com.wix.detox.espresso.DetoxViewActions, click, []
04-06 02:43:03.457 27595 27635 D Detox   : class com.wix.detox.espresso.EspressoDetox, perform, [View at index #0, of those matching MATCHER(an instance of android.widget.TextView and view.getText() with or without transformation to match: is "Treinos" and view has effective visibility <VISIBLE>), com.wix.detox.espresso.action.RNClickAction@32044bc]
04-06 02:43:03.463 27595 27595 I ViewInteraction: Performing 'com.wix.detox.espresso.action.detoxsingletap@f16bc45 click' action on view View at index #0, of those matching MATCHER(an instance of android.widget.TextView and view.getText() with or without transformation to match: is "Treinos" and view has effective visibility <VISIBLE>)
04-06 02:43:03.470 27595 27595 I ViewRootImpl@914008f[MainActivity]: ViewPostIme pointer 0
04-06 02:43:03.499 27595 27595 I ViewRootImpl@914008f[MainActivity]: ViewPostIme pointer 1
04-06 02:43:03.566 27595 27693 I ReactNativeJS: 'match:', 'local-cache'
04-06 02:43:03.567 27595 27693 I ReactNativeJS: 'recommendation:', 'push', '| confidence:', 'alta'
04-06 02:43:03.640 27595 27595 D ScrollView: initGoToTop
04-06 02:43:03.878 27595 27635 I DetoxWSClient: Sending out action 'invokeResult' (ID #10)
04-06 02:43:03.879 27595 27635 I DetoxDispatcher: Done with action 'invoke'
04-06 02:43:03.883 27595 27640 D DetoxWSClient: Received action 'invoke' (ID #11, params={"target":{"type":"Class","value":"com.wix.detox.espresso.DetoxAssertion"},"method":"waitForAssertMatcher","args":[{"type":"Invocation","value":{"target":{"type":"Class","value":"androidx.test.espresso.Espresso"},"method":"onView","args":[{"type":"Invocation","value":{"target":{"type":"Class","value":"com.wix.detox.espresso.DetoxMatcher"},"method":"matcherForText","args":["Iniciar treino recomendado",{"type":"boolean","value":false}]}}]}},{"type":"Invocation","value":{"target":{"type":"Class","value":"com.wix.detox.espresso.DetoxMatcher"},"method":"matcherForSufficientlyVisible","args":[{"type":"Integer","value":75}]}},{"type":"Double","value":10}]})
04-06 02:43:03.884 27595 27635 I DetoxDispatcher: Handling action 'invoke' (ID #11)...
04-06 02:43:03.884 27595 27635 D Detox   : class com.wix.detox.espresso.DetoxMatcher, matcherForText, [Iniciar treino recomendado, false]
04-06 02:43:03.885 27595 27635 D Detox   : class androidx.test.espresso.Espresso, onView, [(an instance of android.widget.TextView and view.getText() with or without transformation to match: is "Iniciar treino recomendado" and view has effective visibility <VISIBLE>)]
04-06 02:43:03.886 27595 27635 D Detox   : class com.wix.detox.espresso.DetoxMatcher, matcherForSufficientlyVisible, [75]
04-06 02:43:03.887 27595 27635 D Detox   : class com.wix.detox.espresso.DetoxAssertion, waitForAssertMatcher, [androidx.test.espresso.ViewInteraction@7951d58, (view has effective visibility <VISIBLE> and view.getGlobalVisibleRect() covers at least <75> percent of the view's area), 10.0]
04-06 02:43:03.890 27595 27595 I ViewInteraction: Checking 'MatchesViewAssertion(Detox){viewMatcher=(view has effective visibility <VISIBLE> and view.getGlobalVisibleRect() covers at least <75> percent of the view's area)}' assertion on view (an instance of android.widget.TextView and view.getText() with or without transformation to match: is "Iniciar treino recomendado" and view has effective visibility <VISIBLE>)
04-06 02:43:03.893 27595 27635 I DetoxWSClient: Sending out action 'invokeResult' (ID #11)
04-06 02:43:03.894 27595 27635 I DetoxDispatcher: Done with action 'invoke'
04-06 02:43:03.899 27595 27640 D DetoxWSClient: Received action 'invoke' (ID #12, params={"target":{"type":"Class","value":"com.wix.detox.espresso.EspressoDetox"},"method":"perform","args":[{"type":"Invocation","value":{"target":{"type":"Class","value":"com.wix.detox.espresso.DetoxMatcher"},"method":"matcherForText","args":["Iniciar treino recomendado",{"type":"boolean","value":false}]}},{"type":"Invocation","value":{"target":{"type":"Class","value":"com.wix.detox.espresso.DetoxViewActions"},"method":"click","args":[]}}]})
04-06 02:43:03.899 27595 27635 I DetoxDispatcher: Handling action 'invoke' (ID #12)...
04-06 02:43:03.900 27595 27635 D Detox   : class com.wix.detox.espresso.DetoxMatcher, matcherForText, [Iniciar treino recomendado, false]
04-06 02:43:03.900 27595 27635 D Detox   : class com.wix.detox.espresso.DetoxViewActions, click, []
04-06 02:43:03.901 27595 27635 D Detox   : class com.wix.detox.espresso.EspressoDetox, perform, [(an instance of android.widget.TextView and view.getText() with or without transformation to match: is "Iniciar treino recomendado" and view has effective visibility <VISIBLE>), com.wix.detox.espresso.action.RNClickAction@55c0f96]
04-06 02:43:03.904 27595 27595 I ViewInteraction: Performing 'com.wix.detox.espresso.action.detoxsingletap@8f68717 click' action on view (an instance of android.widget.TextView and view.getText() with or without transformation to match: is "Iniciar treino recomendado" and view has effective visibility <VISIBLE>)
04-06 02:43:03.909 27595 27595 I ViewRootImpl@914008f[MainActivity]: ViewPostIme pointer 0
04-06 02:43:03.942 27595 27595 I ViewRootImpl@914008f[MainActivity]: ViewPostIme pointer 1
04-06 02:43:04.068 27595 27595 W [RNScreens]: backTitleFontFamily prop is not available on Android
04-06 02:43:04.068 27595 27595 W [RNScreens]: disableBackButtonMenu prop is not available on Android
04-06 02:43:04.068 27595 27595 W [RNScreens]: backTitleVisible prop is not available on Android
04-06 02:43:04.069 27595 27595 W [RNScreens]: topInsetEnabled prop is not available on Android
04-06 02:43:04.069 27595 27595 W [RNScreens]: largeTitleHideShadow prop is not available on Android
04-06 02:43:04.069 27595 27595 W [RNScreens]: largeTitleFontWeight prop is not available on Android
04-06 02:43:04.069 27595 27595 W [RNScreens]: userInterfaceStyle prop is not available on Android
04-06 02:43:04.069 27595 27595 W [RNScreens]: largeTitleFontFamily prop is not available on Android
04-06 02:43:04.076 27595 27693 I ReactNativeJS: 'match:', 'local-cache'
04-06 02:43:04.076 27595 27693 I ReactNativeJS: 'recommendation:', 'push', '| confidence:', 'alta'
04-06 02:43:04.117 27595 27693 I ReactNativeJS: 'match:', 'local-cache'
04-06 02:43:04.118 27595 27693 I ReactNativeJS: 'recommendation:', 'push', '| confidence:', 'alta'
04-06 02:43:04.311 27595 27635 I DetoxWSClient: Sending out action 'invokeResult' (ID #12)
04-06 02:43:04.311 27595 27635 I DetoxDispatcher: Done with action 'invoke'
04-06 02:43:04.316 27595 27640 D DetoxWSClient: Received action 'invoke' (ID #13, params={"target":{"type":"Class","value":"com.wix.detox.espresso.DetoxAssertion"},"method":"waitForAssertMatcher","args":[{"type":"Invocation","value":{"target":{"type":"Class","value":"androidx.test.espresso.Espresso"},"method":"onView","args":[{"type":"Invocation","value":{"target":{"type":"Class","value":"com.wix.detox.espresso.DetoxMatcher"},"method":"matcherForText","args":["Treino de hoje",{"type":"boolean","value":false}]}}]}},{"type":"Invocation","value":{"target":{"type":"Class","value":"com.wix.detox.espresso.DetoxMatcher"},"method":"matcherForSufficientlyVisible","args":[{"type":"Integer","value":75}]}},{"type":"Double","value":10}]})
04-06 02:43:04.316 27595 27635 I DetoxDispatcher: Handling action 'invoke' (ID #13)...
04-06 02:43:04.316 27595 27635 D Detox   : class com.wix.detox.espresso.DetoxMatcher, matcherForText, [Treino de hoje, false]
04-06 02:43:04.317 27595 27635 D Detox   : class androidx.test.espresso.Espresso, onView, [(an instance of android.widget.TextView and view.getText() with or without transformation to match: is "Treino de hoje" and view has effective visibility <VISIBLE>)]
04-06 02:43:04.318 27595 27635 D Detox   : class com.wix.detox.espresso.DetoxMatcher, matcherForSufficientlyVisible, [75]
04-06 02:43:04.318 27595 27635 D Detox   : class com.wix.detox.espresso.DetoxAssertion, waitForAssertMatcher, [androidx.test.espresso.ViewInteraction@1e734a5, (view has effective visibility <VISIBLE> and view.getGlobalVisibleRect() covers at least <75> percent of the view's area), 10.0]
04-06 02:43:04.331 27595 27595 I ViewInteraction: Checking 'MatchesViewAssertion(Detox){viewMatcher=(view has effective visibility <VISIBLE> and view.getGlobalVisibleRect() covers at least <75> percent of the view's area)}' assertion on view (an instance of android.widget.TextView and view.getText() with or without transformation to match: is "Treino de hoje" and view has effective visibility <VISIBLE>)
04-06 02:43:04.367 27595 27595 I ViewInteraction: Checking 'MatchesViewAssertion(Detox){viewMatcher=(view has effective visibility <VISIBLE> and view.getGlobalVisibleRect() covers at least <75> percent of the view's area)}' assertion on view (an instance of android.widget.TextView and view.getText() with or without transformation to match: is "Treino de hoje" and view has effective visibility <VISIBLE>)
04-06 02:43:04.400 27595 27595 I ViewInteraction: Checking 'MatchesViewAssertion(Detox){viewMatcher=(view has effective visibility <VISIBLE> and view.getGlobalVisibleRect() covers at least <75> percent of the view's area)}' assertion on view (an instance of android.widget.TextView and view.getText() with or without transformation to match: is "Treino de hoje" and view has effective visibility <VISIBLE>)
04-06 02:43:04.445 27595 27595 I ViewInteraction: Checking 'MatchesViewAssertion(Detox){viewMatcher=(view has effective visibility <VISIBLE> and view.getGlobalVisibleRect() covers at least <75> percent of the view's area)}' assertion on view (an instance of android.widget.TextView and view.getText() with or without transformation to match: is "Treino de hoje" and view has effective visibility <VISIBLE>)
04-06 02:43:04.485 27595 27595 I ViewInteraction: Checking 'MatchesViewAssertion(Detox){viewMatcher=(view has effective visibility <VISIBLE> and view.getGlobalVisibleRect() covers at least <75> percent of the view's area)}' assertion on view (an instance of android.widget.TextView and view.getText() with or without transformation to match: is "Treino de hoje" and view has effective visibility <VISIBLE>)
04-06 02:43:04.531 27595 27595 I ViewInteraction: Checking 'MatchesViewAssertion(Detox){viewMatcher=(view has effective visibility <VISIBLE> and view.getGlobalVisibleRect() covers at least <75> percent of the view's area)}' assertion on view (an instance of android.widget.TextView and view.getText() with or without transformation to match: is "Treino de hoje" and view has effective visibility <VISIBLE>)
04-06 02:43:04.565 27595 27595 I ViewInteraction: Checking 'MatchesViewAssertion(Detox){viewMatcher=(view has effective visibility <VISIBLE> and view.getGlobalVisibleRect() covers at least <75> percent of the view's area)}' assertion on view (an instance of android.widget.TextView and view.getText() with or without transformation to match: is "Treino de hoje" and view has effective visibility <VISIBLE>)
04-06 02:43:04.599 27595 27595 I ViewInteraction: Checking 'MatchesViewAssertion(Detox){viewMatcher=(view has effective visibility <VISIBLE> and view.getGlobalVisibleRect() covers at least <75> percent of the view's area)}' assertion on view (an instance of android.widget.TextView and view.getText() with or without transformation to match: is "Treino de hoje" and view has effective visibility <VISIBLE>)
04-06 02:43:04.632 27595 27595 I ViewInteraction: Checking 'MatchesViewAssertion(Detox){viewMatcher=(view has effective visibility <VISIBLE> and view.getGlobalVisibleRect() covers at least <75> percent of the view's area)}' assertion on view (an instance of android.widget.TextView and view.getText() with or without transformation to match: is "Treino de hoje" and view has effective visibility <VISIBLE>)
04-06 02:43:04.665 27595 27595 I ViewInteraction: Checking 'MatchesViewAssertion(Detox){viewMatcher=(view has effective visibility <VISIBLE> and view.getGlobalVisibleRect() covers at least <75> percent of the view's area)}' assertion on view (an instance of android.widget.TextView and view.getText() with or without transformation to match: is "Treino de hoje" and view has effective visibility <VISIBLE>)
04-06 02:43:04.698 27595 27595 I ViewInteraction: Checking 'MatchesViewAssertion(Detox){viewMatcher=(view has effective visibility <VISIBLE> and view.getGlobalVisibleRect() covers at least <75> percent of the view's area)}' assertion on view (an instance of android.widget.TextView and view.getText() with or without transformation to match: is "Treino de hoje" and view has effective visibility <VISIBLE>)
04-06 02:43:04.731 27595 27595 I ViewInteraction: Checking 'MatchesViewAssertion(Detox){viewMatcher=(view has effective visibility <VISIBLE> and view.getGlobalVisibleRect() covers at least <75> percent of the view's area)}' assertion on view (an instance of android.widget.TextView and view.getText() with or without transformation to match: is "Treino de hoje" and view has effective visibility <VISIBLE>)
04-06 02:43:04.764 27595 27595 I ViewInteraction: Checking 'MatchesViewAssertion(Detox){viewMatcher=(view has effective visibility <VISIBLE> and view.getGlobalVisibleRect() covers at least <75> percent of the view's area)}' assertion on view (an instance of android.widget.TextView and view.getText() with or without transformation to match: is "Treino de hoje" and view has effective visibility <VISIBLE>)
04-06 02:43:04.797 27595 27595 I ViewInteraction: Checking 'MatchesViewAssertion(Detox){viewMatcher=(view has effective visibility <VISIBLE> and view.getGlobalVisibleRect() covers at least <75> percent of the view's area)}' assertion on view (an instance of android.widget.TextView and view.getText() with or without transformation to match: is "Treino de hoje" and view has effective visibility <VISIBLE>)
04-06 02:43:04.829 27595 27595 I ViewInteraction: Checking 'MatchesViewAssertion(Detox){viewMatcher=(view has effective visibility <VISIBLE> and view.getGlobalVisibleRect() covers at least <75> percent of the view's area)}' assertion on view (an instance of android.widget.TextView and view.getText() with or without transformation to match: is "Treino de hoje" and view has effective visibility <VISIBLE>)
04-06 02:43:04.875 27595 27595 I ViewInteraction: Checking 'MatchesViewAssertion(Detox){viewMatcher=(view has effective visibility <VISIBLE> and view.getGlobalVisibleRect() covers at least <75> percent of the view's area)}' assertion on view (an instance of android.widget.TextView and view.getText() with or without transformation to match: is "Treino de hoje" and view has effective visibility <VISIBLE>)
04-06 02:43:04.928 27595 27595 I ViewInteraction: Checking 'MatchesViewAssertion(Detox){viewMatcher=(view has effective visibility <VISIBLE> and view.getGlobalVisibleRect() covers at least <75> percent of the view's area)}' assertion on view (an instance of android.widget.TextView and view.getText() with or without transformation to match: is "Treino de hoje" and view has effective visibility <VISIBLE>)
04-06 02:43:04.962 27595 27595 I ViewInteraction: Checking 'MatchesViewAssertion(Detox){viewMatcher=(view has effective visibility <VISIBLE> and view.getGlobalVisibleRect() covers at least <75> percent of the view's area)}' assertion on view (an instance of android.widget.TextView and view.getText() with or without transformation to match: is "Treino de hoje" and view has effective visibility <VISIBLE>)
04-06 02:43:04.996 27595 27595 I ViewInteraction: Checking 'MatchesViewAssertion(Detox){viewMatcher=(view has effective visibility <VISIBLE> and view.getGlobalVisibleRect() covers at least <75> percent of the view's area)}' assertion on view (an instance of android.widget.TextView and view.getText() with or without transformation to match: is "Treino de hoje" and view has effective visibility <VISIBLE>)
04-06 02:43:05.041 27595 27595 I ViewInteraction: Checking 'MatchesViewAssertion(Detox){viewMatcher=(view has effective visibility <VISIBLE> and view.getGlobalVisibleRect() covers at least <75> percent of the view's area)}' assertion on view (an instance of android.widget.TextView and view.getText() with or without transformation to match: is "Treino de hoje" and view has effective visibility <VISIBLE>)
04-06 02:43:05.094 27595 27595 I ViewInteraction: Checking 'MatchesViewAssertion(Detox){viewMatcher=(view has effective visibility <VISIBLE> and view.getGlobalVisibleRect() covers at least <75> percent of the view's area)}' assertion on view (an instance of android.widget.TextView and view.getText() with or without transformation to match: is "Treino de hoje" and view has effective visibility <VISIBLE>)
04-06 02:43:05.130 27595 27595 I ViewInteraction: Checking 'MatchesViewAssertion(Detox){viewMatcher=(view has effective visibility <VISIBLE> and view.getGlobalVisibleRect() covers at least <75> percent of the view's area)}' assertion on view (an instance of android.widget.TextView and view.getText() with or without transformation to match: is "Treino de hoje" and view has effective visibility <VISIBLE>)
04-06 02:43:05.284 27595 27595 W om.evolucao.app: Accessing hidden field Landroid/widget/HorizontalScrollView;->mScroller:Landroid/widget/OverScroller; (unsupported, reflection, allowed)
04-06 02:43:05.304 27595 27595 D ScrollView: initGoToTop
04-06 02:43:06.129 27595 27595 I ViewInteraction: Checking 'MatchesViewAssertion(Detox){viewMatcher=(view has effective visibility <VISIBLE> and view.getGlobalVisibleRect() covers at least <75> percent of the view's area)}' assertion on view (an instance of android.widget.TextView and view.getText() with or without transformation to match: is "Treino de hoje" and view has effective visibility <VISIBLE>)
04-06 02:43:06.133 27595 27635 I DetoxWSClient: Sending out action 'invokeResult' (ID #13)
04-06 02:43:06.134 27595 27635 I DetoxDispatcher: Done with action 'invoke'
04-06 02:43:06.139 27595 27640 D DetoxWSClient: Received action 'invoke' (ID #14, params={"target":{"type":"Class","value":"com.wix.detox.espresso.DetoxAssertion"},"method":"waitForAssertMatcher","args":[{"type":"Invocation","value":{"target":{"type":"Class","value":"androidx.test.espresso.Espresso"},"method":"onView","args":[{"type":"Invocation","value":{"target":{"type":"Class","value":"com.wix.detox.espresso.DetoxMatcher"},"method":"matcherForTestId","args":["input-peso",{"type":"boolean","value":false}]}}]}},{"type":"Invocation","value":{"target":{"type":"Class","value":"com.wix.detox.espresso.DetoxMatcher"},"method":"matcherForSufficientlyVisible","args":[{"type":"Integer","value":75}]}},{"type":"Double","value":10}]})
04-06 02:43:06.139 27595 27635 I DetoxDispatcher: Handling action 'invoke' (ID #14)...
04-06 02:43:06.140 27595 27635 D Detox   : class com.wix.detox.espresso.DetoxMatcher, matcherForTestId, [input-peso, false]
04-06 02:43:06.141 27595 27635 D Detox   : class androidx.test.espresso.Espresso, onView, [(view.getTag() is "input-peso" and view has effective visibility <VISIBLE>)]
04-06 02:43:06.142 27595 27635 D Detox   : class com.wix.detox.espresso.DetoxMatcher, matcherForSufficientlyVisible, [75]
04-06 02:43:06.146 27595 27635 D Detox   : class com.wix.detox.espresso.DetoxAssertion, waitForAssertMatcher, [androidx.test.espresso.ViewInteraction@846718b, (view has effective visibility <VISIBLE> and view.getGlobalVisibleRect() covers at least <75> percent of the view's area), 10.0]
04-06 02:43:06.151 27595 27595 I ViewInteraction: Checking 'MatchesViewAssertion(Detox){viewMatcher=(view has effective visibility <VISIBLE> and view.getGlobalVisibleRect() covers at least <75> percent of the view's area)}' assertion on view (view.getTag() is "input-peso" and view has effective visibility <VISIBLE>)
04-06 02:43:06.172 27595 27635 I DetoxWSClient: Sending out action 'invokeResult' (ID #14)
04-06 02:43:06.172 27595 27635 I DetoxDispatcher: Done with action 'invoke'
04-06 02:43:06.176 27595 27640 D DetoxWSClient: Received action 'invoke' (ID #15, params={"target":{"type":"Class","value":"com.wix.detox.espresso.EspressoDetox"},"method":"perform","args":[{"type":"Invocation","value":{"target":{"type":"Class","value":"com.wix.detox.espresso.DetoxMatcher"},"method":"matcherForTestId","args":["input-peso",{"type":"boolean","value":false}]}},{"type":"Invocation","value":{"target":{"type":"Class","value":"com.wix.detox.espresso.DetoxViewActions"},"method":"click","args":[]}}]})
04-06 02:43:06.176 27595 27635 I DetoxDispatcher: Handling action 'invoke' (ID #15)...
04-06 02:43:06.176 27595 27635 D Detox   : class com.wix.detox.espresso.DetoxMatcher, matcherForTestId, [input-peso, false]
04-06 02:43:06.177 27595 27635 D Detox   : class com.wix.detox.espresso.DetoxViewActions, click, []
04-06 02:43:06.177 27595 27635 D Detox   : class com.wix.detox.espresso.EspressoDetox, perform, [(view.getTag() is "input-peso" and view has effective visibility <VISIBLE>), com.wix.detox.espresso.action.RNClickAction@b34c980]
04-06 02:43:06.180 27595 27595 I ViewInteraction: Performing 'com.wix.detox.espresso.action.detoxsingletap@3defbb9 click' action on view (view.getTag() is "input-peso" and view has effective visibility <VISIBLE>)
04-06 02:43:06.194 27595 27595 I ViewRootImpl@914008f[MainActivity]: ViewPostIme pointer 0
04-06 02:43:06.223 27595 27595 I ViewRootImpl@914008f[MainActivity]: ViewPostIme pointer 1
04-06 02:43:06.248 27595 27595 D InputMethodManager: startInputInner - Id : 0
04-06 02:43:06.249 27595 27595 I InputMethodManager: startInputInner - mService.startInputOrWindowGainedFocus
04-06 02:43:06.253 27595 27595 D CompatibilityChangeReporter: Compat change id reported: 163400105; UID 10439; state: ENABLED
04-06 02:43:06.253 27595 27595 I IMM_LC  : showSoftInput(View,I)
04-06 02:43:06.253 27595 27595 I IMM_LC  : ssi() - flag : 0 view : com.evolucao.app reason = SHOW_SOFT_INPUT
04-06 02:43:06.270 27595 27662 D NativeCustomFrequencyManager: [NativeCFMS] BpCustomFrequencyManager::BpCustomFrequencyManager()
04-06 02:43:06.275 27595 27595 D InsetsController: onStateChanged: InsetsState: {mDisplayFrame=Rect(0, 0 - 1080, 2400), mDisplayCutout=DisplayCutout{insets=Rect(0, 88 - 0, 0) waterfall=Insets{left=0, top=0, right=0, bottom=0} boundingRect={Bounds=[Rect(0, 0 - 0, 0), Rect(512, 0 - 568, 88), Rect(0, 0 - 0, 0), Rect(0, 0 - 0, 0)]} cutoutPathParserInfo={CutoutPathParserInfo{displayWidth=1080 displayHeight=2400 physicalDisplayWidth=1080 physicalDisplayHeight=2400 density={3.0} cutoutSpec={M 0,0 M 0,10.71963616907435 a 9.280363830925644,9.280363830925644 0 1,0 0,18.56072766185129 a 9.280363830925644,9.280363830925644 0 1,0 0,-18.56072766185129 Z @dp} rotation={0} scale={1.0} physicalPixelDisplaySizeRatio={1.0}}}}, mRoundedCorners=RoundedCorners{[RoundedCorner{position=TopLeft, radius=96, center=Point(96, 96)}, RoundedCorner{position=TopRight, radius=96, center=Point(984, 96)}, RoundedCorner{position=BottomRight, radius=96, center=Point(984, 2304)}, RoundedCorner{position=BottomLeft, radius=96, center=Point(96, 2304)}]}  mRoundedCornerFrame=Rect(0, 0 - 1080, 2400), mPrivacyIndicatorBounds=PrivacyIndicatorBounds {static bounds=Rect(948, 0 - 1080, 88) rotation=0}, mSources= { InsetsSource: {mType=ITYPE_STATUS_BAR, mFrame=[0,0][1080,88], mVisible=true, mInsetsRoundedCornerFrame=false}, InsetsSource: {mType=ITYPE_NAVIGATION_BAR, mFrame=[0,2256][1080,2400], mVisible=true, mInsetsRoundedCornerFrame=false}, InsetsSource: {mType=ITYPE_LEFT_GESTURES, mFrame=[0,0][0,2400], mVisible=true, mInsetsRoundedCornerFrame=false}, InsetsSource: {mType=ITYPE_RIGHT_GESTURES, mFrame=[1080,0][1080,2400], mVisible=true, mInsetsRoundedCornerFrame=false}, InsetsSource: {mType=ITYPE_TOP_MANDATORY_GESTURES, mFrame=[0,0][1080,124], mVisible=true, mInsetsRoundedCornerFrame=false}, InsetsSource: {mType=ITYPE_BOTTOM_MANDATORY_GESTURES, mFrame=[0,2256][1080,2400], mVisible=true, mInsetsRoundedCornerFrame=false}, InsetsSource: {mType=ITYPE_LEFT_DISPLAY_CUTOUT, mFrame=[0,0][-100000,2400], mVisible=true, mInsetsRoundedCornerFrame=false}, InsetsSource: {mType=ITYPE_TOP_DISPLAY_CUTOUT, mFrame=[0,0][1080,88], mVisible=true, mInsetsRoundedCornerFrame=false}, InsetsSource: {mType=ITYPE_RIGHT_DISPLAY_CUTOUT, mFrame=[100000,0][1080,2400], mVisible=true, mInsetsRoundedCornerFrame=false}, InsetsSource: {mType=ITYPE_BOTTOM_DISPLAY_CUTOUT, mFrame=[0,100000][1080,2400], mVisible=true, mInsetsRoundedCornerFrame=false}, InsetsSource: {mType=ITYPE_TOP_TAPPABLE_ELEMENT, mFrame=[0,0][1080,88], mVisible=true, mInsetsRoundedCornerFrame=false}, InsetsSource: {mType=ITYPE_BOTTOM_TAPPABLE_ELEMENT, mFrame=[0,2256][1080,2400], mVisible=true, mInsetsRoundedCornerFrame=false} } host=PopupWindow:9cd92b0 from=android.view.ViewRootImpl.setView:1732
04-06 02:43:06.277 27595 27595 I ViewRootImpl@3594529[PopupWindow:9cd92b0]: setView = android.widget.PopupWindow$PopupDecorView@5980ae5 TM=false
04-06 02:43:06.280 27595 27662 D NativeCustomFrequencyManager: [NativeCFMS] BpCustomFrequencyManager::BpCustomFrequencyManager()
04-06 02:43:06.286 27595 27595 D InsetsController: onStateChanged: InsetsState: {mDisplayFrame=Rect(0, 0 - 1080, 2400), mDisplayCutout=DisplayCutout{insets=Rect(0, 88 - 0, 0) waterfall=Insets{left=0, top=0, right=0, bottom=0} boundingRect={Bounds=[Rect(0, 0 - 0, 0), Rect(512, 0 - 568, 88), Rect(0, 0 - 0, 0), Rect(0, 0 - 0, 0)]} cutoutPathParserInfo={CutoutPathParserInfo{displayWidth=1080 displayHeight=2400 physicalDisplayWidth=1080 physicalDisplayHeight=2400 density={3.0} cutoutSpec={M 0,0 M 0,10.71963616907435 a 9.280363830925644,9.280363830925644 0 1,0 0,18.56072766185129 a 9.280363830925644,9.280363830925644 0 1,0 0,-18.56072766185129 Z @dp} rotation={0} scale={1.0} physicalPixelDisplaySizeRatio={1.0}}}}, mRoundedCorners=RoundedCorners{[RoundedCorner{position=TopLeft, radius=96, center=Point(96, 96)}, RoundedCorner{position=TopRight, radius=96, center=Point(984, 96)}, RoundedCorner{position=BottomRight, radius=96, center=Point(984, 2304)}, RoundedCorner{position=BottomLeft, radius=96, center=Point(96, 2304)}]}  mRoundedCornerFrame=Rect(0, 0 - 1080, 2400), mPrivacyIndicatorBounds=PrivacyIndicatorBounds {static bounds=Rect(948, 0 - 1080, 88) rotation=0}, mSources= { InsetsSource: {mType=ITYPE_STATUS_BAR, mFrame=[0,0][1080,88], mVisible=true, mInsetsRoundedCornerFrame=false}, InsetsSource: {mType=ITYPE_NAVIGATION_BAR, mFrame=[0,2256][1080,2400], mVisible=true, mInsetsRoundedCornerFrame=false}, InsetsSource: {mType=ITYPE_LEFT_GESTURES, mFrame=[0,0][0,2400], mVisible=true, mInsetsRoundedCornerFrame=false}, InsetsSource: {mType=ITYPE_RIGHT_GESTURES, mFrame=[1080,0][1080,2400], mVisible=true, mInsetsRoundedCornerFrame=false}, InsetsSource: {mType=ITYPE_TOP_MANDATORY_GESTURES, mFrame=[0,0][1080,124], mVisible=true, mInsetsRoundedCornerFrame=false}, InsetsSource: {mType=ITYPE_BOTTOM_MANDATORY_GESTURES, mFrame=[0,2256][1080,2400], mVisible=true, mInsetsRoundedCornerFrame=false}, InsetsSource: {mType=ITYPE_LEFT_DISPLAY_CUTOUT, mFrame=[0,0][-100000,2400], mVisible=true, mInsetsRoundedCornerFrame=false}, InsetsSource: {mType=ITYPE_TOP_DISPLAY_CUTOUT, mFrame=[0,0][1080,88], mVisible=true, mInsetsRoundedCornerFrame=false}, InsetsSource: {mType=ITYPE_RIGHT_DISPLAY_CUTOUT, mFrame=[100000,0][1080,2400], mVisible=true, mInsetsRoundedCornerFrame=false}, InsetsSource: {mType=ITYPE_BOTTOM_DISPLAY_CUTOUT, mFrame=[0,100000][1080,2400], mVisible=true, mInsetsRoundedCornerFrame=false}, InsetsSource: {mType=ITYPE_TOP_TAPPABLE_ELEMENT, mFrame=[0,0][1080,88], mVisible=true, mInsetsRoundedCornerFrame=false}, InsetsSource: {mType=ITYPE_BOTTOM_TAPPABLE_ELEMENT, mFrame=[0,2256][1080,2400], mVisible=true, mInsetsRoundedCornerFrame=false} } host=PopupWindow:4b0506b from=android.view.ViewRootImpl.setView:1732
04-06 02:43:06.288 27595 27595 I ViewRootImpl@55507c8[PopupWindow:4b0506b]: setView = android.widget.PopupWindow$PopupDecorView@e96d874 TM=false
04-06 02:43:06.293 27595 27595 I IMM_LC  : showSoftInput(View,I)
04-06 02:43:06.293 27595 27595 I IMM_LC  : ssi() - flag : 0 view : com.evolucao.app reason = SHOW_SOFT_INPUT
04-06 02:43:06.296 27595 27595 I ViewRootImpl@3594529[PopupWindow:9cd92b0]: performTraversals params={(231,1797)(90x108) gr=TOP START CENTER sim={state=unchanged adjust=pan} ty=APPLICATION_SUB_PANEL fmt=TRANSLUCENT wanim=0x1030313 surfaceInsets=Rect(0, 0 - 0, 0) (manual)
04-06 02:43:06.296 27595 27595 I ViewRootImpl@3594529[PopupWindow:9cd92b0]:   fl=41800208
04-06 02:43:06.296 27595 27595 I ViewRootImpl@3594529[PopupWindow:9cd92b0]:   pfl=2018000
04-06 02:43:06.296 27595 27595 I ViewRootImpl@3594529[PopupWindow:9cd92b0]:   bhv=DEFAULT
04-06 02:43:06.296 27595 27595 I ViewRootImpl@3594529[PopupWindow:9cd92b0]:   fitTypes=STATUS_BARS NAVIGATION_BARS CAPTION_BAR naviIconColor=0
04-06 02:43:06.296 27595 27595 I ViewRootImpl@3594529[PopupWindow:9cd92b0]:   sfl=20000}
04-06 02:43:06.296 27595 27595 I ViewRootImpl@3594529[PopupWindow:9cd92b0]: performTraversals mFirst=true windowShouldResize=true viewVisibilityChanged=false mForceNextWindowRelayout=false params={(231,1797)(90x108) gr=TOP START CENTER sim={state=unchanged adjust=pan} ty=APPLICATION_SUB_PANEL fmt=TRANSLUCENT wanim=0x1030313 surfaceInsets=Rect(0, 0 - 0, 0) (manual)
04-06 02:43:06.296 27595 27595 I ViewRootImpl@3594529[PopupWindow:9cd92b0]:   fl=41800208
04-06 02:43:06.296 27595 27595 I ViewRootImpl@3594529[PopupWindow:9cd92b0]:   pfl=42018000
04-06 02:43:06.296 27595 27595 I ViewRootImpl@3594529[PopupWindow:9cd92b0]:   bhv=DEFAULT
04-06 02:43:06.296 27595 27595 I ViewRootImpl@3594529[PopupWindow:9cd92b0]:   fitTypes=STATUS_BARS NAVIGATION_BARS CAPTION_BAR naviIconColor=0
04-06 02:43:06.296 27595 27595 I ViewRootImpl@3594529[PopupWindow:9cd92b0]:   sfl=20000}
04-06 02:43:06.301 27595 27616 I ViewRootImpl@3594529[PopupWindow:9cd92b0]: Resizing android.view.ViewRootImpl@72c99ba: frame = [231,1797][321,1905] reportDraw = true forceLayout = false syncSeqId = 0
04-06 02:43:06.303 27595 27595 I ViewRootImpl@3594529[PopupWindow:9cd92b0]: updateBlastSurfaceIfNeeded mBlastBufferQueue=null isSameSurfaceControl=false
04-06 02:43:06.303 27595 27595 I BLASTBufferQueue: new BLASTBufferQueue, mName= ViewRootImpl@3594529[PopupWindow:9cd92b0] mNativeObject= 0xb4000070c2d25200 sc.mNativeObject= 0xb4000069fb859dc0 caller= android.view.ViewRootImpl.updateBlastSurfaceIfNeeded:2909 android.view.ViewRootImpl.relayoutWindow:9847 android.view.ViewRootImpl.performTraversals:3884 android.view.ViewRootImpl.doTraversal:3116 android.view.ViewRootImpl$TraversalRunnable.run:10885 android.view.Choreographer$CallbackRecord.run:1301 android.view.Choreographer$CallbackRecord.run:1309 android.view.Choreographer.doCallbacks:923 android.view.Choreographer.doFrame:852 android.view.Choreographer$FrameDisplayEventReceiver.run:1283 
04-06 02:43:06.303 27595 27595 I BLASTBufferQueue: update, w= 90 h= 108 mName = ViewRootImpl@3594529[PopupWindow:9cd92b0] mNativeObject= 0xb4000070c2d25200 sc.mNativeObject= 0xb4000069fb859dc0 format= -3 caller= android.graphics.BLASTBufferQueue.<init>:84 android.view.ViewRootImpl.updateBlastSurfaceIfNeeded:2909 android.view.ViewRootImpl.relayoutWindow:9847 android.view.ViewRootImpl.performTraversals:3884 android.view.ViewRootImpl.doTraversal:3116 android.view.ViewRootImpl$TraversalRunnable.run:10885 
04-06 02:43:06.304 27595 27595 I ViewRootImpl@3594529[PopupWindow:9cd92b0]: Relayout returned: old=(231,1797,321,1905) new=(231,1797,321,1905) req=(90,108)0 dur=7 res=0x3 s={true 0xb4000070a0e90800} ch=true seqId=0
04-06 02:43:06.305 27595 27595 I ViewRootImpl@3594529[PopupWindow:9cd92b0]: mThreadedRenderer.initialize() mSurface={isValid=true 0xb4000070a0e90800} hwInitialized=true
04-06 02:43:06.305 27595 27662 D OpenGLRenderer: eglCreateWindowSurface
04-06 02:43:06.306 27595 27595 I ViewRootImpl@3594529[PopupWindow:9cd92b0]: reportNextDraw android.view.ViewRootImpl.performTraversals:4438 android.view.ViewRootImpl.doTraversal:3116 android.view.ViewRootImpl$TraversalRunnable.run:10885 android.view.Choreographer$CallbackRecord.run:1301 android.view.Choreographer$CallbackRecord.run:1309 
04-06 02:43:06.306 27595 27595 I ViewRootImpl@3594529[PopupWindow:9cd92b0]: Setup new sync id=0
04-06 02:43:06.306 27595 27595 I ViewRootImpl@3594529[PopupWindow:9cd92b0]: Setting syncFrameCallback
04-06 02:43:06.306 27595 27595 I ViewRootImpl@3594529[PopupWindow:9cd92b0]: registerCallbacksForSync syncBuffer=false
04-06 02:43:06.313 27595 27684 I ViewRootImpl@3594529[PopupWindow:9cd92b0]: Received frameDrawingCallback syncResult=0 frameNum=1.
04-06 02:43:06.313 27595 27684 I ViewRootImpl@3594529[PopupWindow:9cd92b0]: Setting up sync and frameCommitCallback
04-06 02:43:06.314 27595 27662 I BLASTBufferQueue: [ViewRootImpl@3594529[PopupWindow:9cd92b0]#2](f:0,a:0) onFrameAvailable the first frame is available
04-06 02:43:06.315 27595 27662 I ViewRootImpl@3594529[PopupWindow:9cd92b0]: Received frameCommittedCallback lastAttemptedDrawFrameNum=1 didProduceBuffer=true
04-06 02:43:06.315 27595 27662 D OpenGLRenderer: CFMS:: SetUp Pid : 27595    Tid : 27662
04-06 02:43:06.315 27595 27662 W Parcel  : Expecting binder but got null!
04-06 02:43:06.316 27595 27595 I ViewRootImpl@3594529[PopupWindow:9cd92b0]: onSyncComplete
04-06 02:43:06.316 27595 27595 I ViewRootImpl@3594529[PopupWindow:9cd92b0]: setupSync seqId=0 mSyncId=0 fn=1 caller=android.view.ViewRootImpl$$ExternalSyntheticLambda11.accept:6 android.window.SurfaceSyncer.lambda$setupSync$1$android-window-SurfaceSyncer:128 android.window.SurfaceSyncer$$ExternalSyntheticLambda1.accept:8 android.window.SurfaceSyncer$SyncSet.checkIfSyncIsComplete:382 android.window.SurfaceSyncer$SyncSet.markSyncReady:359 android.window.SurfaceSyncer.markSyncReady:151 android.view.ViewRootImpl.performTraversals:4503 
04-06 02:43:06.317 27595 27595 I ViewRootImpl@55507c8[PopupWindow:4b0506b]: performTraversals params={(231,1703)(90x94) gr=TOP START CENTER sim={state=unchanged adjust=pan} ty=APPLICATION_SUB_PANEL fmt=TRANSLUCENT wanim=0x1030313 surfaceInsets=Rect(0, 0 - 0, 0) (manual)
04-06 02:43:06.317 27595 27595 I ViewRootImpl@55507c8[PopupWindow:4b0506b]:   fl=41800218
04-06 02:43:06.317 27595 27595 I ViewRootImpl@55507c8[PopupWindow:4b0506b]:   pfl=2018000
04-06 02:43:06.317 27595 27595 I ViewRootImpl@55507c8[PopupWindow:4b0506b]:   bhv=DEFAULT
04-06 02:43:06.317 27595 27595 I ViewRootImpl@55507c8[PopupWindow:4b0506b]:   fitTypes=STATUS_BARS NAVIGATION_BARS CAPTION_BAR naviIconColor=0
04-06 02:43:06.317 27595 27595 I ViewRootImpl@55507c8[PopupWindow:4b0506b]:   sfl=20000}
04-06 02:43:06.318 27595 27595 I ViewRootImpl@55507c8[PopupWindow:4b0506b]: performTraversals mFirst=true windowShouldResize=true viewVisibilityChanged=false mForceNextWindowRelayout=false params={(231,1703)(90x94) gr=TOP START CENTER sim={state=unchanged adjust=pan} ty=APPLICATION_SUB_PANEL fmt=TRANSLUCENT wanim=0x1030313 surfaceInsets=Rect(0, 0 - 0, 0) (manual)
04-06 02:43:06.318 27595 27595 I ViewRootImpl@55507c8[PopupWindow:4b0506b]:   fl=41800218
04-06 02:43:06.318 27595 27595 I ViewRootImpl@55507c8[PopupWindow:4b0506b]:   pfl=42018000
04-06 02:43:06.318 27595 27595 I ViewRootImpl@55507c8[PopupWindow:4b0506b]:   bhv=DEFAULT
04-06 02:43:06.318 27595 27595 I ViewRootImpl@55507c8[PopupWindow:4b0506b]:   fitTypes=STATUS_BARS NAVIGATION_BARS CAPTION_BAR naviIconColor=0
04-06 02:43:06.318 27595 27595 I ViewRootImpl@55507c8[PopupWindow:4b0506b]:   sfl=20000}
04-06 02:43:06.321 27595 27616 I ViewRootImpl@55507c8[PopupWindow:4b0506b]: Resizing android.view.ViewRootImpl@9e5b19d: frame = [231,1703][321,1797] reportDraw = true forceLayout = false syncSeqId = 0
04-06 02:43:06.323 27595 27595 I ViewRootImpl@55507c8[PopupWindow:4b0506b]: updateBlastSurfaceIfNeeded mBlastBufferQueue=null isSameSurfaceControl=false
04-06 02:43:06.324 27595 27595 I BLASTBufferQueue: new BLASTBufferQueue, mName= ViewRootImpl@55507c8[PopupWindow:4b0506b] mNativeObject= 0xb4000070c2d25580 sc.mNativeObject= 0xb4000069fb85d240 caller= android.view.ViewRootImpl.updateBlastSurfaceIfNeeded:2909 android.view.ViewRootImpl.relayoutWindow:9847 android.view.ViewRootImpl.performTraversals:3884 android.view.ViewRootImpl.doTraversal:3116 android.view.ViewRootImpl$TraversalRunnable.run:10885 android.view.Choreographer$CallbackRecord.run:1301 android.view.Choreographer$CallbackRecord.run:1309 android.view.Choreographer.doCallbacks:923 android.view.Choreographer.doFrame:852 android.view.Choreographer$FrameDisplayEventReceiver.run:1283 
04-06 02:43:06.324 27595 27595 I BLASTBufferQueue: update, w= 90 h= 94 mName = ViewRootImpl@55507c8[PopupWindow:4b0506b] mNativeObject= 0xb4000070c2d25580 sc.mNativeObject= 0xb4000069fb85d240 format= -3 caller= android.graphics.BLASTBufferQueue.<init>:84 android.view.ViewRootImpl.updateBlastSurfaceIfNeeded:2909 android.view.ViewRootImpl.relayoutWindow:9847 android.view.ViewRootImpl.performTraversals:3884 android.view.ViewRootImpl.doTraversal:3116 android.view.ViewRootImpl$TraversalRunnable.run:10885 
04-06 02:43:06.324 27595 27595 I ViewRootImpl@55507c8[PopupWindow:4b0506b]: Relayout returned: old=(231,1703,321,1797) new=(231,1703,321,1797) req=(90,94)0 dur=5 res=0x3 s={true 0xb4000070035bd800} ch=true seqId=0
04-06 02:43:06.325 27595 27595 I ViewRootImpl@55507c8[PopupWindow:4b0506b]: mThreadedRenderer.initialize() mSurface={isValid=true 0xb4000070035bd800} hwInitialized=true
04-06 02:43:06.326 27595 27662 D OpenGLRenderer: eglCreateWindowSurface
04-06 02:43:06.326 27595 27595 I ViewRootImpl@55507c8[PopupWindow:4b0506b]: reportNextDraw android.view.ViewRootImpl.performTraversals:4438 android.view.ViewRootImpl.doTraversal:3116 android.view.ViewRootImpl$TraversalRunnable.run:10885 android.view.Choreographer$CallbackRecord.run:1301 android.view.Choreographer$CallbackRecord.run:1309 
04-06 02:43:06.326 27595 27595 I ViewRootImpl@55507c8[PopupWindow:4b0506b]: Setup new sync id=0
04-06 02:43:06.326 27595 27595 I ViewRootImpl@55507c8[PopupWindow:4b0506b]: Setting syncFrameCallback
04-06 02:43:06.326 27595 27595 I ViewRootImpl@55507c8[PopupWindow:4b0506b]: registerCallbacksForSync syncBuffer=false
04-06 02:43:06.327 27595 27683 I ViewRootImpl@55507c8[PopupWindow:4b0506b]: Received frameDrawingCallback syncResult=0 frameNum=1.
04-06 02:43:06.327 27595 27683 I ViewRootImpl@55507c8[PopupWindow:4b0506b]: Setting up sync and frameCommitCallback
04-06 02:43:06.328 27595 27662 I BLASTBufferQueue: [ViewRootImpl@55507c8[PopupWindow:4b0506b]#3](f:0,a:0) onFrameAvailable the first frame is available
04-06 02:43:06.328 27595 27662 I ViewRootImpl@55507c8[PopupWindow:4b0506b]: Received frameCommittedCallback lastAttemptedDrawFrameNum=1 didProduceBuffer=true
04-06 02:43:06.328 27595 27662 D OpenGLRenderer: CFMS:: SetUp Pid : 27595    Tid : 27662
04-06 02:43:06.329 27595 27662 W Parcel  : Expecting binder but got null!
04-06 02:43:06.329 27595 27595 I ViewRootImpl@55507c8[PopupWindow:4b0506b]: onSyncComplete
04-06 02:43:06.329 27595 27595 I ViewRootImpl@55507c8[PopupWindow:4b0506b]: setupSync seqId=0 mSyncId=0 fn=1 caller=android.view.ViewRootImpl$$ExternalSyntheticLambda11.accept:6 android.window.SurfaceSyncer.lambda$setupSync$1$android-window-SurfaceSyncer:128 android.window.SurfaceSyncer$$ExternalSyntheticLambda1.accept:8 android.window.SurfaceSyncer$SyncSet.checkIfSyncIsComplete:382 android.window.SurfaceSyncer$SyncSet.markSyncReady:359 android.window.SurfaceSyncer.markSyncReady:151 android.view.ViewRootImpl.performTraversals:4503 
04-06 02:43:06.329 27595 27595 I ViewRootImpl@55507c8[PopupWindow:4b0506b]: reportDrawFinished seqId=0 mSyncId=-1 fn=1 mSurfaceChangedTransaction=0xb4000069fb86ad00
04-06 02:43:06.330 27595 27595 I ViewRootImpl@3594529[PopupWindow:9cd92b0]: reportDrawFinished seqId=0 mSyncId=-1 fn=1 mSurfaceChangedTransaction=0xb400007003bcd100
04-06 02:43:06.336 27595 27595 I ViewRootImpl@3594529[PopupWindow:9cd92b0]: handleResized, msg = 5 frames=ClientWindowFrames{frame=[231,1797][321,1905] display=[-100000,-100000][100000,100000] parentFrame=[0,0][0,0] parentClippedByDisplayCutout=false} forceNextWindowRelayout=false displayId=0 resizeMode=-1 frameChanged=false displayFrameChanged=false configChanged=false displayChanged=false
04-06 02:43:06.336 27595 27595 I ViewRootImpl@3594529[PopupWindow:9cd92b0]: handleResized mSyncSeqId = 0
04-06 02:43:06.337 27595 27595 I ViewRootImpl@3594529[PopupWindow:9cd92b0]: reportNextDraw android.view.ViewRootImpl.handleResized:2450 android.view.ViewRootImpl.-$$Nest$mhandleResized:0 android.view.ViewRootImpl$ViewRootHandler.handleMessageImpl:6728 android.view.ViewRootImpl$ViewRootHandler.handleMessage:6697 android.os.Handler.dispatchMessage:106 
04-06 02:43:06.337 27595 27595 I ViewRootImpl@55507c8[PopupWindow:4b0506b]: handleResized, msg = 5 frames=ClientWindowFrames{frame=[231,1703][321,1797] display=[-100000,-100000][100000,100000] parentFrame=[0,0][0,0] parentClippedByDisplayCutout=false} forceNextWindowRelayout=false displayId=0 resizeMode=-1 frameChanged=false displayFrameChanged=false configChanged=false displayChanged=false
04-06 02:43:06.337 27595 27595 I ViewRootImpl@55507c8[PopupWindow:4b0506b]: handleResized mSyncSeqId = 0
04-06 02:43:06.337 27595 27595 I ViewRootImpl@55507c8[PopupWindow:4b0506b]: reportNextDraw android.view.ViewRootImpl.handleResized:2450 android.view.ViewRootImpl.-$$Nest$mhandleResized:0 android.view.ViewRootImpl$ViewRootHandler.handleMessageImpl:6728 android.view.ViewRootImpl$ViewRootHandler.handleMessage:6697 android.os.Handler.dispatchMessage:106 
04-06 02:43:06.349 27595 27595 I ViewRootImpl@3594529[PopupWindow:9cd92b0]: Setup new sync id=1
04-06 02:43:06.349 27595 27595 I ViewRootImpl@3594529[PopupWindow:9cd92b0]: Setting syncFrameCallback
04-06 02:43:06.349 27595 27595 I ViewRootImpl@3594529[PopupWindow:9cd92b0]: registerCallbacksForSync syncBuffer=false
04-06 02:43:06.350 27595 27684 I ViewRootImpl@3594529[PopupWindow:9cd92b0]: Received frameDrawingCallback syncResult=0 frameNum=3.
04-06 02:43:06.350 27595 27684 I ViewRootImpl@3594529[PopupWindow:9cd92b0]: Setting up sync and frameCommitCallback
04-06 02:43:06.351 27595 27662 I ViewRootImpl@3594529[PopupWindow:9cd92b0]: Received frameCommittedCallback lastAttemptedDrawFrameNum=3 didProduceBuffer=true
04-06 02:43:06.351 27595 27595 I ViewRootImpl@3594529[PopupWindow:9cd92b0]: onSyncComplete
04-06 02:43:06.352 27595 27595 I ViewRootImpl@3594529[PopupWindow:9cd92b0]: setupSync seqId=0 mSyncId=1 fn=3 caller=android.view.ViewRootImpl$$ExternalSyntheticLambda11.accept:6 android.window.SurfaceSyncer.lambda$setupSync$1$android-window-SurfaceSyncer:128 android.window.SurfaceSyncer$$ExternalSyntheticLambda1.accept:8 android.window.SurfaceSyncer$SyncSet.checkIfSyncIsComplete:382 android.window.SurfaceSyncer$SyncSet.markSyncReady:359 android.window.SurfaceSyncer.markSyncReady:151 android.view.ViewRootImpl.performTraversals:4503 
04-06 02:43:06.352 27595 27595 I ViewRootImpl@55507c8[PopupWindow:4b0506b]: Setup new sync id=1
04-06 02:43:06.352 27595 27595 I ViewRootImpl@55507c8[PopupWindow:4b0506b]: Setting syncFrameCallback
04-06 02:43:06.352 27595 27595 I ViewRootImpl@55507c8[PopupWindow:4b0506b]: registerCallbacksForSync syncBuffer=false
04-06 02:43:06.353 27595 27683 I ViewRootImpl@55507c8[PopupWindow:4b0506b]: Received frameDrawingCallback syncResult=0 frameNum=2.
04-06 02:43:06.353 27595 27683 I ViewRootImpl@55507c8[PopupWindow:4b0506b]: Setting up sync and frameCommitCallback
04-06 02:43:06.353 27595 27662 I ViewRootImpl@55507c8[PopupWindow:4b0506b]: Received frameCommittedCallback lastAttemptedDrawFrameNum=2 didProduceBuffer=true
04-06 02:43:06.354 27595 27595 I ViewRootImpl@55507c8[PopupWindow:4b0506b]: onSyncComplete
04-06 02:43:06.354 27595 27595 I ViewRootImpl@55507c8[PopupWindow:4b0506b]: setupSync seqId=0 mSyncId=1 fn=2 caller=android.view.ViewRootImpl$$ExternalSyntheticLambda11.accept:6 android.window.SurfaceSyncer.lambda$setupSync$1$android-window-SurfaceSyncer:128 android.window.SurfaceSyncer$$ExternalSyntheticLambda1.accept:8 android.window.SurfaceSyncer$SyncSet.checkIfSyncIsComplete:382 android.window.SurfaceSyncer$SyncSet.markSyncReady:359 android.window.SurfaceSyncer.markSyncReady:151 android.view.ViewRootImpl.performTraversals:4503 
04-06 02:43:06.354 27595 27595 I ViewRootImpl@55507c8[PopupWindow:4b0506b]: reportDrawFinished seqId=0 mSyncId=-1 fn=2 mSurfaceChangedTransaction=0xb4000069fb86ad00
04-06 02:43:06.355 27595 27595 I ViewRootImpl@3594529[PopupWindow:9cd92b0]: reportDrawFinished seqId=0 mSyncId=-1 fn=3 mSurfaceChangedTransaction=0xb400007003bcd100
04-06 02:43:06.369 27595 27595 W OnBackInvokedCallback: OnBackInvokedCallback is not enabled for the application.
04-06 02:43:06.369 27595 27595 W OnBackInvokedCallback: Set 'android:enableOnBackInvokedCallback="true"' in the application manifest.
04-06 02:43:06.380 27595 27616 I ViewRootImpl@914008f[MainActivity]: Resizing android.view.ViewRootImpl@685f108: frame = [0,0][1080,2400] reportDraw = false forceLayout = false syncSeqId = 0
04-06 02:43:06.380 27595 27617 I ViewRootImpl@55507c8[PopupWindow:4b0506b]: Resizing android.view.ViewRootImpl@9e5b19d: frame = [231,1703][321,1797] reportDraw = false forceLayout = false syncSeqId = 0
