04-06 12:04:25.047 31683 31683 I ViewInteraction: Checking 'MatchesViewAssertion(Detox){viewMatcher=(view has effective visibility <VISIBLE> and view.getGlobalVisibleRect() covers at least <75> percent of the view's area)}' assertion on view (view.getTag() is "home-ready" and view has effective visibility <VISIBLE>)
04-06 12:04:25.095 31683 31683 I ViewInteraction: Checking 'MatchesViewAssertion(Detox){viewMatcher=(view has effective visibility <VISIBLE> and view.getGlobalVisibleRect() covers at least <75> percent of the view's area)}' assertion on view (view.getTag() is "home-ready" and view has effective visibility <VISIBLE>)
04-06 12:04:25.142 31683 31683 I ViewInteraction: Checking 'MatchesViewAssertion(Detox){viewMatcher=(view has effective visibility <VISIBLE> and view.getGlobalVisibleRect() covers at least <75> percent of the view's area)}' assertion on view (view.getTag() is "home-ready" and view has effective visibility <VISIBLE>)
04-06 12:04:25.184 31683 31683 I ViewInteraction: Checking 'MatchesViewAssertion(Detox){viewMatcher=(view has effective visibility <VISIBLE> and view.getGlobalVisibleRect() covers at least <75> percent of the view's area)}' assertion on view (view.getTag() is "home-ready" and view has effective visibility <VISIBLE>)
04-06 12:04:25.218 31683 31683 I ViewInteraction: Checking 'MatchesViewAssertion(Detox){viewMatcher=(view has effective visibility <VISIBLE> and view.getGlobalVisibleRect() covers at least <75> percent of the view's area)}' assertion on view (view.getTag() is "home-ready" and view has effective visibility <VISIBLE>)
04-06 12:04:25.263 31683 31683 I ViewInteraction: Checking 'MatchesViewAssertion(Detox){viewMatcher=(view has effective visibility <VISIBLE> and view.getGlobalVisibleRect() covers at least <75> percent of the view's area)}' assertion on view (view.getTag() is "home-ready" and view has effective visibility <VISIBLE>)
04-06 12:04:25.306 31683 31683 I ViewInteraction: Checking 'MatchesViewAssertion(Detox){viewMatcher=(view has effective visibility <VISIBLE> and view.getGlobalVisibleRect() covers at least <75> percent of the view's area)}' assertion on view (view.getTag() is "home-ready" and view has effective visibility <VISIBLE>)
04-06 12:04:25.346 31683 31683 I ViewInteraction: Checking 'MatchesViewAssertion(Detox){viewMatcher=(view has effective visibility <VISIBLE> and view.getGlobalVisibleRect() covers at least <75> percent of the view's area)}' assertion on view (view.getTag() is "home-ready" and view has effective visibility <VISIBLE>)
04-06 12:04:25.388 31683 31683 I ViewInteraction: Checking 'MatchesViewAssertion(Detox){viewMatcher=(view has effective visibility <VISIBLE> and view.getGlobalVisibleRect() covers at least <75> percent of the view's area)}' assertion on view (view.getTag() is "home-ready" and view has effective visibility <VISIBLE>)
04-06 12:04:25.431 31683 31683 I ViewInteraction: Checking 'MatchesViewAssertion(Detox){viewMatcher=(view has effective visibility <VISIBLE> and view.getGlobalVisibleRect() covers at least <75> percent of the view's area)}' assertion on view (view.getTag() is "home-ready" and view has effective visibility <VISIBLE>)
04-06 12:04:25.478 31683 31683 I ViewInteraction: Checking 'MatchesViewAssertion(Detox){viewMatcher=(view has effective visibility <VISIBLE> and view.getGlobalVisibleRect() covers at least <75> percent of the view's area)}' assertion on view (view.getTag() is "home-ready" and view has effective visibility <VISIBLE>)
04-06 12:04:25.512 31683 31683 I ViewInteraction: Checking 'MatchesViewAssertion(Detox){viewMatcher=(view has effective visibility <VISIBLE> and view.getGlobalVisibleRect() covers at least <75> percent of the view's area)}' assertion on view (view.getTag() is "home-ready" and view has effective visibility <VISIBLE>)
04-06 12:04:25.558 31683 31683 I ViewInteraction: Checking 'MatchesViewAssertion(Detox){viewMatcher=(view has effective visibility <VISIBLE> and view.getGlobalVisibleRect() covers at least <75> percent of the view's area)}' assertion on view (view.getTag() is "home-ready" and view has effective visibility <VISIBLE>)
04-06 12:04:25.606 31683 31683 I ViewInteraction: Checking 'MatchesViewAssertion(Detox){viewMatcher=(view has effective visibility <VISIBLE> and view.getGlobalVisibleRect() covers at least <75> percent of the view's area)}' assertion on view (view.getTag() is "home-ready" and view has effective visibility <VISIBLE>)
04-06 12:04:25.654 31683 31683 I ViewInteraction: Checking 'MatchesViewAssertion(Detox){viewMatcher=(view has effective visibility <VISIBLE> and view.getGlobalVisibleRect() covers at least <75> percent of the view's area)}' assertion on view (view.getTag() is "home-ready" and view has effective visibility <VISIBLE>)
04-06 12:04:25.689 31683 31683 I ViewInteraction: Checking 'MatchesViewAssertion(Detox){viewMatcher=(view has effective visibility <VISIBLE> and view.getGlobalVisibleRect() covers at least <75> percent of the view's area)}' assertion on view (view.getTag() is "home-ready" and view has effective visibility <VISIBLE>)
04-06 12:04:25.735 31683 31683 I ViewInteraction: Checking 'MatchesViewAssertion(Detox){viewMatcher=(view has effective visibility <VISIBLE> and view.getGlobalVisibleRect() covers at least <75> percent of the view's area)}' assertion on view (view.getTag() is "home-ready" and view has effective visibility <VISIBLE>)
04-06 12:04:25.783 31683 31683 I ViewInteraction: Checking 'MatchesViewAssertion(Detox){viewMatcher=(view has effective visibility <VISIBLE> and view.getGlobalVisibleRect() covers at least <75> percent of the view's area)}' assertion on view (view.getTag() is "home-ready" and view has effective visibility <VISIBLE>)
04-06 12:04:25.831 31683 31683 I ViewInteraction: Checking 'MatchesViewAssertion(Detox){viewMatcher=(view has effective visibility <VISIBLE> and view.getGlobalVisibleRect() covers at least <75> percent of the view's area)}' assertion on view (view.getTag() is "home-ready" and view has effective visibility <VISIBLE>)
04-06 12:04:25.877 31683 31683 I ViewInteraction: Checking 'MatchesViewAssertion(Detox){viewMatcher=(view has effective visibility <VISIBLE> and view.getGlobalVisibleRect() covers at least <75> percent of the view's area)}' assertion on view (view.getTag() is "home-ready" and view has effective visibility <VISIBLE>)
04-06 12:04:25.922 31683 31683 I ViewInteraction: Checking 'MatchesViewAssertion(Detox){viewMatcher=(view has effective visibility <VISIBLE> and view.getGlobalVisibleRect() covers at least <75> percent of the view's area)}' assertion on view (view.getTag() is "home-ready" and view has effective visibility <VISIBLE>)
04-06 12:04:25.966 31683 31683 I ViewInteraction: Checking 'MatchesViewAssertion(Detox){viewMatcher=(view has effective visibility <VISIBLE> and view.getGlobalVisibleRect() covers at least <75> percent of the view's area)}' assertion on view (view.getTag() is "home-ready" and view has effective visibility <VISIBLE>)
04-06 12:04:26.009 31683 31683 I ViewInteraction: Checking 'MatchesViewAssertion(Detox){viewMatcher=(view has effective visibility <VISIBLE> and view.getGlobalVisibleRect() covers at least <75> percent of the view's area)}' assertion on view (view.getTag() is "home-ready" and view has effective visibility <VISIBLE>)
04-06 12:04:26.054 31683 31683 I ViewInteraction: Checking 'MatchesViewAssertion(Detox){viewMatcher=(view has effective visibility <VISIBLE> and view.getGlobalVisibleRect() covers at least <75> percent of the view's area)}' assertion on view (view.getTag() is "home-ready" and view has effective visibility <VISIBLE>)
04-06 12:04:26.101 31683 31683 I ViewInteraction: Checking 'MatchesViewAssertion(Detox){viewMatcher=(view has effective visibility <VISIBLE> and view.getGlobalVisibleRect() covers at least <75> percent of the view's area)}' assertion on view (view.getTag() is "home-ready" and view has effective visibility <VISIBLE>)
04-06 12:04:26.143 31683 31683 I ViewInteraction: Checking 'MatchesViewAssertion(Detox){viewMatcher=(view has effective visibility <VISIBLE> and view.getGlobalVisibleRect() covers at least <75> percent of the view's area)}' assertion on view (view.getTag() is "home-ready" and view has effective visibility <VISIBLE>)
04-06 12:04:26.186 31683 31683 I ViewInteraction: Checking 'MatchesViewAssertion(Detox){viewMatcher=(view has effective visibility <VISIBLE> and view.getGlobalVisibleRect() covers at least <75> percent of the view's area)}' assertion on view (view.getTag() is "home-ready" and view has effective visibility <VISIBLE>)
04-06 12:04:26.228 31683 31683 I ViewInteraction: Checking 'MatchesViewAssertion(Detox){viewMatcher=(view has effective visibility <VISIBLE> and view.getGlobalVisibleRect() covers at least <75> percent of the view's area)}' assertion on view (view.getTag() is "home-ready" and view has effective visibility <VISIBLE>)
04-06 12:04:26.271 31683 31683 I ViewInteraction: Checking 'MatchesViewAssertion(Detox){viewMatcher=(view has effective visibility <VISIBLE> and view.getGlobalVisibleRect() covers at least <75> percent of the view's area)}' assertion on view (view.getTag() is "home-ready" and view has effective visibility <VISIBLE>)
04-06 12:04:26.313 31683 31683 I ViewInteraction: Checking 'MatchesViewAssertion(Detox){viewMatcher=(view has effective visibility <VISIBLE> and view.getGlobalVisibleRect() covers at least <75> percent of the view's area)}' assertion on view (view.getTag() is "home-ready" and view has effective visibility <VISIBLE>)
04-06 12:04:26.358 31683 31683 I ViewInteraction: Checking 'MatchesViewAssertion(Detox){viewMatcher=(view has effective visibility <VISIBLE> and view.getGlobalVisibleRect() covers at least <75> percent of the view's area)}' assertion on view (view.getTag() is "home-ready" and view has effective visibility <VISIBLE>)
04-06 12:04:26.406 31683 31683 I ViewInteraction: Checking 'MatchesViewAssertion(Detox){viewMatcher=(view has effective visibility <VISIBLE> and view.getGlobalVisibleRect() covers at least <75> percent of the view's area)}' assertion on view (view.getTag() is "home-ready" and view has effective visibility <VISIBLE>)
04-06 12:04:26.451 31683 31683 I ViewInteraction: Checking 'MatchesViewAssertion(Detox){viewMatcher=(view has effective visibility <VISIBLE> and view.getGlobalVisibleRect() covers at least <75> percent of the view's area)}' assertion on view (view.getTag() is "home-ready" and view has effective visibility <VISIBLE>)
04-06 12:04:26.498 31683 31683 I ViewInteraction: Checking 'MatchesViewAssertion(Detox){viewMatcher=(view has effective visibility <VISIBLE> and view.getGlobalVisibleRect() covers at least <75> percent of the view's area)}' assertion on view (view.getTag() is "home-ready" and view has effective visibility <VISIBLE>)
04-06 12:04:26.544 31683 31683 I ViewInteraction: Checking 'MatchesViewAssertion(Detox){viewMatcher=(view has effective visibility <VISIBLE> and view.getGlobalVisibleRect() covers at least <75> percent of the view's area)}' assertion on view (view.getTag() is "home-ready" and view has effective visibility <VISIBLE>)
04-06 12:04:26.585 31683 31683 I ViewInteraction: Checking 'MatchesViewAssertion(Detox){viewMatcher=(view has effective visibility <VISIBLE> and view.getGlobalVisibleRect() covers at least <75> percent of the view's area)}' assertion on view (view.getTag() is "home-ready" and view has effective visibility <VISIBLE>)
04-06 12:04:26.621 31683 31683 I ViewInteraction: Checking 'MatchesViewAssertion(Detox){viewMatcher=(view has effective visibility <VISIBLE> and view.getGlobalVisibleRect() covers at least <75> percent of the view's area)}' assertion on view (view.getTag() is "home-ready" and view has effective visibility <VISIBLE>)
04-06 12:04:26.665 31683 31683 I ViewInteraction: Checking 'MatchesViewAssertion(Detox){viewMatcher=(view has effective visibility <VISIBLE> and view.getGlobalVisibleRect() covers at least <75> percent of the view's area)}' assertion on view (view.getTag() is "home-ready" and view has effective visibility <VISIBLE>)
04-06 12:04:26.710 31683 31683 I ViewInteraction: Checking 'MatchesViewAssertion(Detox){viewMatcher=(view has effective visibility <VISIBLE> and view.getGlobalVisibleRect() covers at least <75> percent of the view's area)}' assertion on view (view.getTag() is "home-ready" and view has effective visibility <VISIBLE>)
04-06 12:04:26.757 31683 31683 I ViewInteraction: Checking 'MatchesViewAssertion(Detox){viewMatcher=(view has effective visibility <VISIBLE> and view.getGlobalVisibleRect() covers at least <75> percent of the view's area)}' assertion on view (view.getTag() is "home-ready" and view has effective visibility <VISIBLE>)
04-06 12:04:26.799 31683 31683 I ViewInteraction: Checking 'MatchesViewAssertion(Detox){viewMatcher=(view has effective visibility <VISIBLE> and view.getGlobalVisibleRect() covers at least <75> percent of the view's area)}' assertion on view (view.getTag() is "home-ready" and view has effective visibility <VISIBLE>)
04-06 12:04:26.842 31683 31683 I ViewInteraction: Checking 'MatchesViewAssertion(Detox){viewMatcher=(view has effective visibility <VISIBLE> and view.getGlobalVisibleRect() covers at least <75> percent of the view's area)}' assertion on view (view.getTag() is "home-ready" and view has effective visibility <VISIBLE>)
04-06 12:04:26.884 31683 31683 I ViewInteraction: Checking 'MatchesViewAssertion(Detox){viewMatcher=(view has effective visibility <VISIBLE> and view.getGlobalVisibleRect() covers at least <75> percent of the view's area)}' assertion on view (view.getTag() is "home-ready" and view has effective visibility <VISIBLE>)
04-06 12:04:26.911 31683 31719 I DetoxActionHandlers: Test exception
04-06 12:04:26.911 31683 31719 I DetoxActionHandlers: java.lang.reflect.InvocationTargetException
04-06 12:04:26.911 31683 31719 I DetoxActionHandlers: 	at java.lang.reflect.Method.invoke(Native Method)
04-06 12:04:26.911 31683 31719 I DetoxActionHandlers: 	at org.apache.commons.lang3.reflect.MethodUtils.invokeStaticMethod(MethodUtils.java:443)
04-06 12:04:26.911 31683 31719 I DetoxActionHandlers: 	at org.apache.commons.lang3.reflect.MethodUtils.invokeStaticMethod(MethodUtils.java:405)
04-06 12:04:26.911 31683 31719 I DetoxActionHandlers: 	at com.wix.invoke.types.ClassTarget.execute(ClassTarget.java:23)
04-06 12:04:26.911 31683 31719 I DetoxActionHandlers: 	at com.wix.invoke.types.Target.invoke(Target.java:59)
04-06 12:04:26.911 31683 31719 I DetoxActionHandlers: 	at com.wix.invoke.MethodInvocation.invoke(MethodInvocation.java:35)
04-06 12:04:26.911 31683 31719 I DetoxActionHandlers: 	at com.wix.invoke.MethodInvocation.invoke(MethodInvocation.java:26)
04-06 12:04:26.911 31683 31719 I DetoxActionHandlers: 	at com.wix.invoke.MethodInvocation.invoke(MethodInvocation.java:20)
04-06 12:04:26.911 31683 31719 I DetoxActionHandlers: 	at com.wix.detox.adapters.server.InvokeActionHandler.handle(DetoxActionHandlers.kt:54)
04-06 12:04:26.911 31683 31719 I DetoxActionHandlers: 	at com.wix.detox.adapters.server.ActionsExecutor.executeAction$lambda$2$lambda$1(DetoxActionsDispatcher.kt:76)
04-06 12:04:26.911 31683 31719 I DetoxActionHandlers: 	at com.wix.detox.adapters.server.ActionsExecutor.$r8$lambda$GVbB7LHtBHxNHGbgYnHJ6YrwCqs(Unknown Source:0)
04-06 12:04:26.911 31683 31719 I DetoxActionHandlers: 	at com.wix.detox.adapters.server.ActionsExecutor$$ExternalSyntheticLambda0.run(D8$$SyntheticClass:0)
04-06 12:04:26.911 31683 31719 I DetoxActionHandlers: 	at android.os.Handler.handleCallback(Handler.java:942)
04-06 12:04:26.911 31683 31719 I DetoxActionHandlers: 	at android.os.Handler.dispatchMessage(Handler.java:99)
04-06 12:04:26.911 31683 31719 I DetoxActionHandlers: 	at android.os.Looper.loopOnce(Looper.java:226)
04-06 12:04:26.911 31683 31719 I DetoxActionHandlers: 	at android.os.Looper.loop(Looper.java:313)
04-06 12:04:26.911 31683 31719 I DetoxActionHandlers: 	at com.wix.detox.adapters.server.ActionsExecutor._init_$lambda$0(DetoxActionsDispatcher.kt:62)
04-06 12:04:26.911 31683 31719 I DetoxActionHandlers: 	at com.wix.detox.adapters.server.ActionsExecutor.$r8$lambda$xlgL0CQim6vNM0wWEqM8JIDgZUE(Unknown Source:0)
04-06 12:04:26.911 31683 31719 I DetoxActionHandlers: 	at com.wix.detox.adapters.server.ActionsExecutor$$ExternalSyntheticLambda1.run(D8$$SyntheticClass:0)
04-06 12:04:26.911 31683 31719 I DetoxActionHandlers: 	at java.lang.Thread.run(Thread.java:1012)
04-06 12:04:26.911 31683 31719 I DetoxActionHandlers: Caused by: com.wix.detox.common.DetoxErrors$DetoxRuntimeException: 2.5sec timeout expired without matching of given matcher: (view has effective visibility <VISIBLE> and view.getGlobalVisibleRect() covers at least <75> percent of the view's area)
04-06 12:04:26.911 31683 31719 I DetoxActionHandlers: 	at com.wix.detox.espresso.DetoxAssertion.waitForAssertMatcher(DetoxAssertion.java:72)
04-06 12:04:26.911 31683 31719 I DetoxActionHandlers: 	... 20 more
04-06 12:04:26.911 31683 31719 I DetoxWSClient: Sending out action 'testFailed' (ID #33)
04-06 12:04:26.912 31683 31719 I DetoxDispatcher: Done with action 'invoke'
04-06 12:04:26.916 31683 31724 D DetoxWSClient: Received action 'invoke' (ID #34, params={"target":{"type":"Class","value":"com.wix.detox.espresso.DetoxAssertion"},"method":"waitForAssertMatcher","args":[{"type":"Invocation","value":{"target":{"type":"Class","value":"androidx.test.espresso.Espresso"},"method":"onView","args":[{"type":"Invocation","value":{"target":{"type":"Class","value":"com.wix.detox.espresso.DetoxMatcher"},"method":"matcherForTestId","args":["btn-continuar",{"type":"boolean","value":false}]}}]}},{"type":"Invocation","value":{"target":{"type":"Class","value":"com.wix.detox.espresso.DetoxMatcher"},"method":"matcherForSufficientlyVisible","args":[{"type":"Integer","value":75}]}},{"type":"Double","value":1.2}]})
04-06 12:04:26.916 31683 31719 I DetoxDispatcher: Handling action 'invoke' (ID #34)...
04-06 12:04:26.917 31683 31719 D Detox   : class com.wix.detox.espresso.DetoxMatcher, matcherForTestId, [btn-continuar, false]
04-06 12:04:26.918 31683 31719 D Detox   : class androidx.test.espresso.Espresso, onView, [(view.getTag() is "btn-continuar" and view has effective visibility <VISIBLE>)]
04-06 12:04:26.919 31683 31719 D Detox   : class com.wix.detox.espresso.DetoxMatcher, matcherForSufficientlyVisible, [75]
04-06 12:04:26.919 31683 31719 D Detox   : class com.wix.detox.espresso.DetoxAssertion, waitForAssertMatcher, [androidx.test.espresso.ViewInteraction@4cfba62, (view has effective visibility <VISIBLE> and view.getGlobalVisibleRect() covers at least <75> percent of the view's area), 1.2]
04-06 12:04:26.923 31683 31683 I ViewInteraction: Checking 'MatchesViewAssertion(Detox){viewMatcher=(view has effective visibility <VISIBLE> and view.getGlobalVisibleRect() covers at least <75> percent of the view's area)}' assertion on view (view.getTag() is "btn-continuar" and view has effective visibility <VISIBLE>)
04-06 12:04:26.926 31683 31719 I DetoxWSClient: Sending out action 'invokeResult' (ID #34)
04-06 12:04:26.927 31683 31719 I DetoxDispatcher: Done with action 'invoke'
04-06 12:04:26.930 31683 31724 D DetoxWSClient: Received action 'invoke' (ID #35, params={"target":{"type":"Class","value":"com.wix.detox.espresso.DetoxAssertion"},"method":"waitForAssertMatcher","args":[{"type":"Invocation","value":{"target":{"type":"Class","value":"androidx.test.espresso.Espresso"},"method":"onView","args":[{"type":"Invocation","value":{"target":{"type":"Class","value":"com.wix.detox.espresso.DetoxMatcher"},"method":"matcherForTestId","args":["btn-continuar",{"type":"boolean","value":false}]}}]}},{"type":"Invocation","value":{"target":{"type":"Class","value":"com.wix.detox.espresso.DetoxMatcher"},"method":"matcherForSufficientlyVisible","args":[{"type":"Integer","value":75}]}},{"type":"Double","value":5}]})
04-06 12:04:26.931 31683 31719 I DetoxDispatcher: Handling action 'invoke' (ID #35)...
04-06 12:04:26.931 31683 31719 D Detox   : class com.wix.detox.espresso.DetoxMatcher, matcherForTestId, [btn-continuar, false]
04-06 12:04:26.932 31683 31719 D Detox   : class androidx.test.espresso.Espresso, onView, [(view.getTag() is "btn-continuar" and view has effective visibility <VISIBLE>)]
04-06 12:04:26.933 31683 31719 D Detox   : class com.wix.detox.espresso.DetoxMatcher, matcherForSufficientlyVisible, [75]
04-06 12:04:26.933 31683 31719 D Detox   : class com.wix.detox.espresso.DetoxAssertion, waitForAssertMatcher, [androidx.test.espresso.ViewInteraction@10867f3, (view has effective visibility <VISIBLE> and view.getGlobalVisibleRect() covers at least <75> percent of the view's area), 5.0]
04-06 12:04:26.937 31683 31683 I ViewInteraction: Checking 'MatchesViewAssertion(Detox){viewMatcher=(view has effective visibility <VISIBLE> and view.getGlobalVisibleRect() covers at least <75> percent of the view's area)}' assertion on view (view.getTag() is "btn-continuar" and view has effective visibility <VISIBLE>)
04-06 12:04:26.939 31683 31719 I DetoxWSClient: Sending out action 'invokeResult' (ID #35)
04-06 12:04:26.940 31683 31719 I DetoxDispatcher: Done with action 'invoke'
04-06 12:04:26.943 31683 31724 D DetoxWSClient: Received action 'invoke' (ID #36, params={"target":{"type":"Class","value":"com.wix.detox.espresso.EspressoDetox"},"method":"perform","args":[{"type":"Invocation","value":{"target":{"type":"Class","value":"com.wix.detox.espresso.DetoxMatcher"},"method":"matcherForTestId","args":["btn-continuar",{"type":"boolean","value":false}]}},{"type":"Invocation","value":{"target":{"type":"Class","value":"com.wix.detox.espresso.DetoxViewActions"},"method":"click","args":[]}}]})
04-06 12:04:26.943 31683 31719 I DetoxDispatcher: Handling action 'invoke' (ID #36)...
04-06 12:04:26.944 31683 31719 D Detox   : class com.wix.detox.espresso.DetoxMatcher, matcherForTestId, [btn-continuar, false]
04-06 12:04:26.944 31683 31719 D Detox   : class com.wix.detox.espresso.DetoxViewActions, click, []
04-06 12:04:26.944 31683 31719 D Detox   : class com.wix.detox.espresso.EspressoDetox, perform, [(view.getTag() is "btn-continuar" and view has effective visibility <VISIBLE>), com.wix.detox.espresso.action.RNClickAction@9327cb0]
04-06 12:04:26.948 31683 31683 I ViewInteraction: Performing 'com.wix.detox.espresso.action.detoxsingletap@c9ce729 click' action on view (view.getTag() is "btn-continuar" and view has effective visibility <VISIBLE>)
04-06 12:04:26.953 31683 31683 I ViewRootImpl@73623ee[MainActivity]: ViewPostIme pointer 0
04-06 12:04:26.982 31683 31683 I ViewRootImpl@73623ee[MainActivity]: ViewPostIme pointer 1
04-06 12:04:27.096 31683 31773 I ReactNativeJS: 'match:', 'local'
04-06 12:04:27.097 31683 31773 I ReactNativeJS: 'source:', 'local', '| confidence:', 0.9
04-06 12:04:27.097 31683 31773 I ReactNativeJS: 'exercise:', 'Supino Reto Barra'
04-06 12:04:27.215 31683 31693 I om.evolucao.app: Compiler allocated 4177KB to compile void android.widget.TextView.<init>(android.content.Context, android.util.AttributeSet, int, int)
04-06 12:04:27.276 31683 31683 D ScrollView: initGoToTop
04-06 12:04:27.319 31683 31683 W UiControllerImpl: Waiting for: DYNAMIC_TASKS_HAVE_IDLED for 100 iterations.
04-06 12:04:27.354 31683 31683 W [RNScreens]: backTitleFontFamily prop is not available on Android
04-06 12:04:27.354 31683 31683 W [RNScreens]: disableBackButtonMenu prop is not available on Android
04-06 12:04:27.354 31683 31683 W [RNScreens]: backTitleVisible prop is not available on Android
04-06 12:04:27.354 31683 31683 W [RNScreens]: topInsetEnabled prop is not available on Android
04-06 12:04:27.354 31683 31683 W [RNScreens]: largeTitleHideShadow prop is not available on Android
04-06 12:04:27.354 31683 31683 W [RNScreens]: largeTitleFontWeight prop is not available on Android
04-06 12:04:27.354 31683 31683 W [RNScreens]: userInterfaceStyle prop is not available on Android
04-06 12:04:27.354 31683 31683 W [RNScreens]: largeTitleFontFamily prop is not available on Android
04-06 12:04:27.357 31683 31778 D TrafficStats: tagSocket(113) with statsTag=0xffffffff, statsUid=-1
04-06 12:04:27.495 31683 31987 D CompatibilityChangeReporter: Compat change id reported: 160794467; UID 10557; state: ENABLED
04-06 12:04:27.921 31683 31683 I IMM_LC  : closeCurrentInput: mService.hideSoftInput
04-06 12:04:28.309 31683 31719 I DetoxWSClient: Sending out action 'invokeResult' (ID #36)
04-06 12:04:28.309 31683 31719 I DetoxDispatcher: Done with action 'invoke'
04-06 12:04:28.628 31683 31724 D DetoxWSClient: Received action 'invoke' (ID #37, params={"target":{"type":"Class","value":"com.wix.detox.espresso.DetoxAssertion"},"method":"waitForAssertMatcher","args":[{"type":"Invocation","value":{"target":{"type":"Class","value":"androidx.test.espresso.Espresso"},"method":"onView","args":[{"type":"Invocation","value":{"target":{"type":"Class","value":"com.wix.detox.espresso.DetoxMatcher"},"method":"matcherForTestId","args":["home-ready",{"type":"boolean","value":false}]}}]}},{"type":"Invocation","value":{"target":{"type":"Class","value":"com.wix.detox.espresso.DetoxMatcher"},"method":"matcherForSufficientlyVisible","args":[{"type":"Integer","value":75}]}},{"type":"Double","value":5}]})
04-06 12:04:28.630 31683 31719 I DetoxDispatcher: Handling action 'invoke' (ID #37)...
04-06 12:04:28.631 31683 31719 D Detox   : class com.wix.detox.espresso.DetoxMatcher, matcherForTestId, [home-ready, false]
04-06 12:04:28.633 31683 31719 D Detox   : class androidx.test.espresso.Espresso, onView, [(view.getTag() is "home-ready" and view has effective visibility <VISIBLE>)]
04-06 12:04:28.636 31683 31719 D Detox   : class com.wix.detox.espresso.DetoxMatcher, matcherForSufficientlyVisible, [75]
04-06 12:04:28.637 31683 31719 D Detox   : class com.wix.detox.espresso.DetoxAssertion, waitForAssertMatcher, [androidx.test.espresso.ViewInteraction@cfc163, (view has effective visibility <VISIBLE> and view.getGlobalVisibleRect() covers at least <75> percent of the view's area), 5.0]
04-06 12:04:28.649 31683 31683 I ViewInteraction: Checking 'MatchesViewAssertion(Detox){viewMatcher=(view has effective visibility <VISIBLE> and view.getGlobalVisibleRect() covers at least <75> percent of the view's area)}' assertion on view (view.getTag() is "home-ready" and view has effective visibility <VISIBLE>)
04-06 12:04:28.658 31683 31719 I DetoxWSClient: Sending out action 'invokeResult' (ID #37)
04-06 12:04:28.659 31683 31719 I DetoxDispatcher: Done with action 'invoke'
04-06 12:04:29.182 31683 31724 D DetoxWSClient: Received action 'invoke' (ID #38, params={"target":{"type":"Class","value":"com.wix.detox.espresso.DetoxAssertion"},"method":"waitForAssertMatcher","args":[{"type":"Invocation","value":{"target":{"type":"Class","value":"androidx.test.espresso.Espresso"},"method":"onView","args":[{"type":"Invocation","value":{"target":{"type":"Class","value":"com.wix.detox.espresso.DetoxMatcher"},"method":"matcherForTestId","args":["questionnaire-screen",{"type":"boolean","value":false}]}}]}},{"type":"Invocation","value":{"target":{"type":"Class","value":"com.wix.detox.espresso.DetoxMatcher"},"method":"matcherForNot","args":[{"type":"Invocation","value":{"target":{"type":"Class","value":"com.wix.detox.espresso.DetoxMatcher"},"method":"matcherForSufficientlyVisible","args":[{"type":"Integer","value":75}]}}]}},{"type":"Double","value":1.2}]})
04-06 12:04:29.184 31683 31719 I DetoxDispatcher: Handling action 'invoke' (ID #38)...
04-06 12:04:29.186 31683 31719 D Detox   : class com.wix.detox.espresso.DetoxMatcher, matcherForTestId, [questionnaire-screen, false]
04-06 12:04:29.187 31683 31719 D Detox   : class androidx.test.espresso.Espresso, onView, [(view.getTag() is "questionnaire-screen" and view has effective visibility <VISIBLE>)]
04-06 12:04:29.190 31683 31719 D Detox   : class com.wix.detox.espresso.DetoxMatcher, matcherForSufficientlyVisible, [75]
04-06 12:04:29.192 31683 31719 D Detox   : class com.wix.detox.espresso.DetoxMatcher, matcherForNot, [(view has effective visibility <VISIBLE> and view.getGlobalVisibleRect() covers at least <75> percent of the view's area)]
04-06 12:04:29.194 31683 31719 D Detox   : class com.wix.detox.espresso.DetoxAssertion, waitForAssertMatcher, [androidx.test.espresso.ViewInteraction@a0df619, not (view has effective visibility <VISIBLE> and view.getGlobalVisibleRect() covers at least <75> percent of the view's area), 1.2]
04-06 12:04:29.248 31683 31683 I ViewInteraction: Checking 'MatchesViewAssertion(Detox){viewMatcher=not (view has effective visibility <VISIBLE> and view.getGlobalVisibleRect() covers at least <75> percent of the view's area)}' assertion on view (view.getTag() is "questionnaire-screen" and view has effective visibility <VISIBLE>)
04-06 12:04:29.249 31683 31719 I DetoxWSClient: Sending out action 'invokeResult' (ID #38)
04-06 12:04:29.250 31683 31719 I DetoxDispatcher: Done with action 'invoke'
04-06 12:04:29.971 31683 31724 D DetoxWSClient: Received action 'invoke' (ID #39, params={"target":{"type":"Class","value":"com.wix.detox.espresso.DetoxAssertion"},"method":"waitForAssertMatcher","args":[{"type":"Invocation","value":{"target":{"type":"Class","value":"androidx.test.espresso.Espresso"},"method":"onView","args":[{"type":"Invocation","value":{"target":{"type":"Class","value":"com.wix.detox.espresso.DetoxMatcher"},"method":"matcherForTestId","args":["app-root",{"type":"boolean","value":false}]}}]}},{"type":"Invocation","value":{"target":{"type":"Class","value":"com.wix.detox.espresso.DetoxMatcher"},"method":"matcherForSufficientlyVisible","args":[{"type":"Integer","value":75}]}},{"type":"Double","value":5}]})
04-06 12:04:29.972 31683 31719 I DetoxDispatcher: Handling action 'invoke' (ID #39)...
04-06 12:04:29.972 31683 31719 D Detox   : class com.wix.detox.espresso.DetoxMatcher, matcherForTestId, [app-root, false]
04-06 12:04:29.973 31683 31719 D Detox   : class androidx.test.espresso.Espresso, onView, [(view.getTag() is "app-root" and view has effective visibility <VISIBLE>)]
04-06 12:04:29.974 31683 31719 D Detox   : class com.wix.detox.espresso.DetoxMatcher, matcherForSufficientlyVisible, [75]
04-06 12:04:29.975 31683 31719 D Detox   : class com.wix.detox.espresso.DetoxAssertion, waitForAssertMatcher, [androidx.test.espresso.ViewInteraction@e893270, (view has effective visibility <VISIBLE> and view.getGlobalVisibleRect() covers at least <75> percent of the view's area), 5.0]
04-06 12:04:29.979 31683 31683 I ViewInteraction: Checking 'MatchesViewAssertion(Detox){viewMatcher=(view has effective visibility <VISIBLE> and view.getGlobalVisibleRect() covers at least <75> percent of the view's area)}' assertion on view (view.getTag() is "app-root" and view has effective visibility <VISIBLE>)
04-06 12:04:29.982 31683 31719 I DetoxWSClient: Sending out action 'invokeResult' (ID #39)
04-06 12:04:29.983 31683 31719 I DetoxDispatcher: Done with action 'invoke'
04-06 12:04:29.987 31683 31724 D DetoxWSClient: Received action 'invoke' (ID #40, params={"target":{"type":"Class","value":"com.wix.detox.espresso.DetoxAssertion"},"method":"assertMatcher","args":[{"type":"Invocation","value":{"target":{"type":"Class","value":"androidx.test.espresso.Espresso"},"method":"onView","args":[{"type":"Invocation","value":{"target":{"type":"Class","value":"com.wix.detox.espresso.DetoxMatcher"},"method":"matcherForTestId","args":["app-root",{"type":"boolean","value":false}]}}]}},{"type":"Invocation","value":{"target":{"type":"Class","value":"com.wix.detox.espresso.DetoxMatcher"},"method":"matcherForSufficientlyVisible","args":[{"type":"Integer","value":75}]}}]})
04-06 12:04:29.987 31683 31719 I DetoxDispatcher: Handling action 'invoke' (ID #40)...
04-06 12:04:29.988 31683 31719 D Detox   : class com.wix.detox.espresso.DetoxMatcher, matcherForTestId, [app-root, false]
04-06 12:04:29.988 31683 31719 D Detox   : class androidx.test.espresso.Espresso, onView, [(view.getTag() is "app-root" and view has effective visibility <VISIBLE>)]
04-06 12:04:29.989 31683 31719 D Detox   : class com.wix.detox.espresso.DetoxMatcher, matcherForSufficientlyVisible, [75]
04-06 12:04:29.990 31683 31719 D Detox   : class com.wix.detox.espresso.DetoxAssertion, assertMatcher, [androidx.test.espresso.ViewInteraction@68c9e9, (view has effective visibility <VISIBLE> and view.getGlobalVisibleRect() covers at least <75> percent of the view's area)]
04-06 12:04:29.994 31683 31683 I ViewInteraction: Checking 'MatchesViewAssertion(Detox){viewMatcher=(view has effective visibility <VISIBLE> and view.getGlobalVisibleRect() covers at least <75> percent of the view's area)}' assertion on view (view.getTag() is "app-root" and view has effective visibility <VISIBLE>)
04-06 12:04:29.997 31683 31719 I DetoxWSClient: Sending out action 'invokeResult' (ID #40)
04-06 12:04:29.998 31683 31719 I DetoxDispatcher: Done with action 'invoke'
04-06 12:04:30.002 31683 31724 D DetoxWSClient: Received action 'invoke' (ID #41, params={"target":{"type":"Class","value":"com.wix.detox.espresso.DetoxAssertion"},"method":"waitForAssertMatcher","args":[{"type":"Invocation","value":{"target":{"type":"Class","value":"androidx.test.espresso.Espresso"},"method":"onView","args":[{"type":"Invocation","value":{"target":{"type":"Class","value":"com.wix.detox.espresso.DetoxMatcher"},"method":"matcherForTestId","args":["home-ready",{"type":"boolean","value":false}]}}]}},{"type":"Invocation","value":{"target":{"type":"Class","value":"com.wix.detox.espresso.DetoxMatcher"},"method":"matcherForSufficientlyVisible","args":[{"type":"Integer","value":75}]}},{"type":"Double","value":5}]})
04-06 12:04:30.003 31683 31719 I DetoxDispatcher: Handling action 'invoke' (ID #41)...
04-06 12:04:30.003 31683 31719 D Detox   : class com.wix.detox.espresso.DetoxMatcher, matcherForTestId, [home-ready, false]
04-06 12:04:30.004 31683 31719 D Detox   : class androidx.test.espresso.Espresso, onView, [(view.getTag() is "home-ready" and view has effective visibility <VISIBLE>)]
04-06 12:04:30.005 31683 31719 D Detox   : class com.wix.detox.espresso.DetoxMatcher, matcherForSufficientlyVisible, [75]
04-06 12:04:30.005 31683 31719 D Detox   : class com.wix.detox.espresso.DetoxAssertion, waitForAssertMatcher, [androidx.test.espresso.ViewInteraction@d59266e, (view has effective visibility <VISIBLE> and view.getGlobalVisibleRect() covers at least <75> percent of the view's area), 5.0]
04-06 12:04:30.009 31683 31683 I ViewInteraction: Checking 'MatchesViewAssertion(Detox){viewMatcher=(view has effective visibility <VISIBLE> and view.getGlobalVisibleRect() covers at least <75> percent of the view's area)}' assertion on view (view.getTag() is "home-ready" and view has effective visibility <VISIBLE>)
04-06 12:04:30.013 31683 31719 I DetoxWSClient: Sending out action 'invokeResult' (ID #41)
04-06 12:04:30.013 31683 31719 I DetoxDispatcher: Done with action 'invoke'
04-06 12:04:30.017 31683 31724 D DetoxWSClient: Received action 'invoke' (ID #42, params={"target":{"type":"Class","value":"com.wix.detox.espresso.DetoxAssertion"},"method":"waitForAssertMatcher","args":[{"type":"Invocation","value":{"target":{"type":"Class","value":"androidx.test.espresso.Espresso"},"method":"onView","args":[{"type":"Invocation","value":{"target":{"type":"Class","value":"com.wix.detox.espresso.DetoxMatcher"},"method":"matcherForTestId","args":["tab-treino",{"type":"boolean","value":false}]}}]}},{"type":"Invocation","value":{"target":{"type":"Class","value":"com.wix.detox.espresso.DetoxMatcher"},"method":"matcherForSufficientlyVisible","args":[{"type":"Integer","value":75}]}},{"type":"Double","value":5}]})
04-06 12:04:30.017 31683 31719 I DetoxDispatcher: Handling action 'invoke' (ID #42)...
04-06 12:04:30.018 31683 31719 D Detox   : class com.wix.detox.espresso.DetoxMatcher, matcherForTestId, [tab-treino, false]
04-06 12:04:30.018 31683 31719 D Detox   : class androidx.test.espresso.Espresso, onView, [(view.getTag() is "tab-treino" and view has effective visibility <VISIBLE>)]
04-06 12:04:30.019 31683 31719 D Detox   : class com.wix.detox.espresso.DetoxMatcher, matcherForSufficientlyVisible, [75]
04-06 12:04:30.020 31683 31719 D Detox   : class com.wix.detox.espresso.DetoxAssertion, waitForAssertMatcher, [androidx.test.espresso.ViewInteraction@fbf110f, (view has effective visibility <VISIBLE> and view.getGlobalVisibleRect() covers at least <75> percent of the view's area), 5.0]
04-06 12:04:30.024 31683 31683 I ViewInteraction: Checking 'MatchesViewAssertion(Detox){viewMatcher=(view has effective visibility <VISIBLE> and view.getGlobalVisibleRect() covers at least <75> percent of the view's area)}' assertion on view (view.getTag() is "tab-treino" and view has effective visibility <VISIBLE>)
04-06 12:04:30.027 31683 31719 I DetoxWSClient: Sending out action 'invokeResult' (ID #42)
04-06 12:04:30.027 31683 31719 I DetoxDispatcher: Done with action 'invoke'
04-06 12:04:30.030 31683 31724 D DetoxWSClient: Received action 'invoke' (ID #43, params={"target":{"type":"Class","value":"com.wix.detox.espresso.DetoxAssertion"},"method":"waitForAssertMatcher","args":[{"type":"Invocation","value":{"target":{"type":"Class","value":"androidx.test.espresso.Espresso"},"method":"onView","args":[{"type":"Invocation","value":{"target":{"type":"Class","value":"com.wix.detox.espresso.DetoxMatcher"},"method":"matcherForTestId","args":["app-root",{"type":"boolean","value":false}]}}]}},{"type":"Invocation","value":{"target":{"type":"Class","value":"com.wix.detox.espresso.DetoxMatcher"},"method":"matcherForSufficientlyVisible","args":[{"type":"Integer","value":75}]}},{"type":"Double","value":5}]})
04-06 12:04:30.030 31683 31719 I DetoxDispatcher: Handling action 'invoke' (ID #43)...
04-06 12:04:30.031 31683 31719 D Detox   : class com.wix.detox.espresso.DetoxMatcher, matcherForTestId, [app-root, false]
04-06 12:04:30.031 31683 31719 D Detox   : class androidx.test.espresso.Espresso, onView, [(view.getTag() is "app-root" and view has effective visibility <VISIBLE>)]
04-06 12:04:30.032 31683 31719 D Detox   : class com.wix.detox.espresso.DetoxMatcher, matcherForSufficientlyVisible, [75]
04-06 12:04:30.033 31683 31719 D Detox   : class com.wix.detox.espresso.DetoxAssertion, waitForAssertMatcher, [androidx.test.espresso.ViewInteraction@c27059c, (view has effective visibility <VISIBLE> and view.getGlobalVisibleRect() covers at least <75> percent of the view's area), 5.0]
04-06 12:04:30.035 31683 31683 I ViewInteraction: Checking 'MatchesViewAssertion(Detox){viewMatcher=(view has effective visibility <VISIBLE> and view.getGlobalVisibleRect() covers at least <75> percent of the view's area)}' assertion on view (view.getTag() is "app-root" and view has effective visibility <VISIBLE>)
04-06 12:04:30.038 31683 31719 I DetoxWSClient: Sending out action 'invokeResult' (ID #43)
04-06 12:04:30.038 31683 31719 I DetoxDispatcher: Done with action 'invoke'
04-06 12:04:30.041 31683 31724 D DetoxWSClient: Received action 'invoke' (ID #44, params={"target":{"type":"Class","value":"com.wix.detox.espresso.DetoxAssertion"},"method":"assertMatcher","args":[{"type":"Invocation","value":{"target":{"type":"Class","value":"androidx.test.espresso.Espresso"},"method":"onView","args":[{"type":"Invocation","value":{"target":{"type":"Class","value":"com.wix.detox.espresso.DetoxMatcher"},"method":"matcherForTestId","args":["app-root",{"type":"boolean","value":false}]}}]}},{"type":"Invocation","value":{"target":{"type":"Class","value":"com.wix.detox.espresso.DetoxMatcher"},"method":"matcherForSufficientlyVisible","args":[{"type":"Integer","value":75}]}}]})
04-06 12:04:30.042 31683 31719 I DetoxDispatcher: Handling action 'invoke' (ID #44)...
04-06 12:04:30.042 31683 31719 D Detox   : class com.wix.detox.espresso.DetoxMatcher, matcherForTestId, [app-root, false]
04-06 12:04:30.042 31683 31719 D Detox   : class androidx.test.espresso.Espresso, onView, [(view.getTag() is "app-root" and view has effective visibility <VISIBLE>)]
04-06 12:04:30.042 31683 31719 D Detox   : class com.wix.detox.espresso.DetoxMatcher, matcherForSufficientlyVisible, [75]
04-06 12:04:30.043 31683 31719 D Detox   : class com.wix.detox.espresso.DetoxAssertion, assertMatcher, [androidx.test.espresso.ViewInteraction@2fb1ba5, (view has effective visibility <VISIBLE> and view.getGlobalVisibleRect() covers at least <75> percent of the view's area)]
04-06 12:04:30.044 31683 31683 I ViewInteraction: Checking 'MatchesViewAssertion(Detox){viewMatcher=(view has effective visibility <VISIBLE> and view.getGlobalVisibleRect() covers at least <75> percent of the view's area)}' assertion on view (view.getTag() is "app-root" and view has effective visibility <VISIBLE>)
04-06 12:04:30.046 31683 31719 I DetoxWSClient: Sending out action 'invokeResult' (ID #44)
04-06 12:04:30.046 31683 31719 I DetoxDispatcher: Done with action 'invoke'
04-06 12:04:30.050 31683 31724 D DetoxWSClient: Received action 'invoke' (ID #45, params={"target":{"type":"Class","value":"com.wix.detox.espresso.DetoxAssertion"},"method":"waitForAssertMatcher","args":[{"type":"Invocation","value":{"target":{"type":"Class","value":"androidx.test.espresso.Espresso"},"method":"onView","args":[{"type":"Invocation","value":{"target":{"type":"Class","value":"com.wix.detox.espresso.DetoxMatcher"},"method":"matcherForTestId","args":["tab-treino",{"type":"boolean","value":false}]}}]}},{"type":"Invocation","value":{"target":{"type":"Class","value":"com.wix.detox.espresso.DetoxMatcher"},"method":"matcherForSufficientlyVisible","args":[{"type":"Integer","value":75}]}},{"type":"Double","value":5}]})
04-06 12:04:30.050 31683 31719 I DetoxDispatcher: Handling action 'invoke' (ID #45)...
04-06 12:04:30.050 31683 31719 D Detox   : class com.wix.detox.espresso.DetoxMatcher, matcherForTestId, [tab-treino, false]
04-06 12:04:30.050 31683 31719 D Detox   : class androidx.test.espresso.Espresso, onView, [(view.getTag() is "tab-treino" and view has effective visibility <VISIBLE>)]
04-06 12:04:30.051 31683 31719 D Detox   : class com.wix.detox.espresso.DetoxMatcher, matcherForSufficientlyVisible, [75]
04-06 12:04:30.051 31683 31719 D Detox   : class com.wix.detox.espresso.DetoxAssertion, waitForAssertMatcher, [androidx.test.espresso.ViewInteraction@df53b7a, (view has effective visibility <VISIBLE> and view.getGlobalVisibleRect() covers at least <75> percent of the view's area), 5.0]
04-06 12:04:30.054 31683 31683 I ViewInteraction: Checking 'MatchesViewAssertion(Detox){viewMatcher=(view has effective visibility <VISIBLE> and view.getGlobalVisibleRect() covers at least <75> percent of the view's area)}' assertion on view (view.getTag() is "tab-treino" and view has effective visibility <VISIBLE>)
04-06 12:04:30.055 31683 31719 I DetoxWSClient: Sending out action 'invokeResult' (ID #45)
04-06 12:04:30.056 31683 31719 I DetoxDispatcher: Done with action 'invoke'
04-06 12:04:30.059 31683 31724 D DetoxWSClient: Received action 'invoke' (ID #46, params={"target":{"type":"Class","value":"com.wix.detox.espresso.EspressoDetox"},"method":"perform","args":[{"type":"Invocation","value":{"target":{"type":"Class","value":"com.wix.detox.espresso.DetoxMatcher"},"method":"matcherForTestId","args":["tab-treino",{"type":"boolean","value":false}]}},{"type":"Invocation","value":{"target":{"type":"Class","value":"com.wix.detox.espresso.DetoxViewActions"},"method":"click","args":[]}}]})
04-06 12:04:30.059 31683 31719 I DetoxDispatcher: Handling action 'invoke' (ID #46)...
04-06 12:04:30.059 31683 31719 D Detox   : class com.wix.detox.espresso.DetoxMatcher, matcherForTestId, [tab-treino, false]
04-06 12:04:30.060 31683 31719 D Detox   : class com.wix.detox.espresso.DetoxViewActions, click, []
04-06 12:04:30.060 31683 31719 D Detox   : class com.wix.detox.espresso.EspressoDetox, perform, [(view.getTag() is "tab-treino" and view has effective visibility <VISIBLE>), com.wix.detox.espresso.action.RNClickAction@3e5af2b]
04-06 12:04:30.063 31683 31683 I ViewInteraction: Performing 'com.wix.detox.espresso.action.detoxsingletap@a6cdf88 click' action on view (view.getTag() is "tab-treino" and view has effective visibility <VISIBLE>)
04-06 12:04:30.069 31683 31683 I ViewRootImpl@73623ee[MainActivity]: ViewPostIme pointer 0
04-06 12:04:30.099 31683 31683 I ViewRootImpl@73623ee[MainActivity]: ViewPostIme pointer 1
04-06 12:04:30.157 31683 31773 I ReactNativeJS: 'match:', 'local-cache'
04-06 12:04:30.157 31683 31773 I ReactNativeJS: 'recommendation:', 'push', '| confidence:', 'alta'
04-06 12:04:30.223 31683 31683 D ScrollView: initGoToTop
04-06 12:04:30.773 31683 31719 I DetoxWSClient: Sending out action 'invokeResult' (ID #46)
04-06 12:04:30.773 31683 31719 I DetoxDispatcher: Done with action 'invoke'
04-06 12:04:31.082 31683 31724 D DetoxWSClient: Received action 'invoke' (ID #47, params={"target":{"type":"Class","value":"com.wix.detox.espresso.DetoxAssertion"},"method":"waitForAssertMatcher","args":[{"type":"Invocation","value":{"target":{"type":"Class","value":"androidx.test.espresso.Espresso"},"method":"onView","args":[{"type":"Invocation","value":{"target":{"type":"Class","value":"com.wix.detox.espresso.DetoxMatcher"},"method":"matcherForTestId","args":["screen-treinos",{"type":"boolean","value":false}]}}]}},{"type":"Invocation","value":{"target":{"type":"Class","value":"com.wix.detox.espresso.DetoxMatcher"},"method":"matcherForSufficientlyVisible","args":[{"type":"Integer","value":75}]}},{"type":"Double","value":5}]})
04-06 12:04:31.083 31683 31719 I DetoxDispatcher: Handling action 'invoke' (ID #47)...
04-06 12:04:31.083 31683 31719 D Detox   : class com.wix.detox.espresso.DetoxMatcher, matcherForTestId, [screen-treinos, false]
04-06 12:04:31.084 31683 31719 D Detox   : class androidx.test.espresso.Espresso, onView, [(view.getTag() is "screen-treinos" and view has effective visibility <VISIBLE>)]
04-06 12:04:31.085 31683 31719 D Detox   : class com.wix.detox.espresso.DetoxMatcher, matcherForSufficientlyVisible, [75]
04-06 12:04:31.086 31683 31719 D Detox   : class com.wix.detox.espresso.DetoxAssertion, waitForAssertMatcher, [androidx.test.espresso.ViewInteraction@cd6e1fe, (view has effective visibility <VISIBLE> and view.getGlobalVisibleRect() covers at least <75> percent of the view's area), 5.0]
04-06 12:04:31.095 31683 31683 I ViewInteraction: Checking 'MatchesViewAssertion(Detox){viewMatcher=(view has effective visibility <VISIBLE> and view.getGlobalVisibleRect() covers at least <75> percent of the view's area)}' assertion on view (view.getTag() is "screen-treinos" and view has effective visibility <VISIBLE>)
04-06 12:04:31.100 31683 31719 I DetoxWSClient: Sending out action 'invokeResult' (ID #47)
04-06 12:04:31.100 31683 31719 I DetoxDispatcher: Done with action 'invoke'
04-06 12:04:31.105 31683 31724 D DetoxWSClient: Received action 'invoke' (ID #48, params={"target":{"type":"Class","value":"com.wix.detox.espresso.DetoxAssertion"},"method":"waitForAssertMatcher","args":[{"type":"Invocation","value":{"target":{"type":"Class","value":"androidx.test.espresso.Espresso"},"method":"onView","args":[{"type":"Invocation","value":{"target":{"type":"Class","value":"com.wix.detox.espresso.DetoxMatcher"},"method":"matcherForTestId","args":["app-root",{"type":"boolean","value":false}]}}]}},{"type":"Invocation","value":{"target":{"type":"Class","value":"com.wix.detox.espresso.DetoxMatcher"},"method":"matcherForSufficientlyVisible","args":[{"type":"Integer","value":75}]}},{"type":"Double","value":5}]})
04-06 12:04:31.105 31683 31719 I DetoxDispatcher: Handling action 'invoke' (ID #48)...
04-06 12:04:31.106 31683 31719 D Detox   : class com.wix.detox.espresso.DetoxMatcher, matcherForTestId, [app-root, false]
04-06 12:04:31.106 31683 31719 D Detox   : class androidx.test.espresso.Espresso, onView, [(view.getTag() is "app-root" and view has effective visibility <VISIBLE>)]
04-06 12:04:31.107 31683 31719 D Detox   : class com.wix.detox.espresso.DetoxMatcher, matcherForSufficientlyVisible, [75]
04-06 12:04:31.108 31683 31719 D Detox   : class com.wix.detox.espresso.DetoxAssertion, waitForAssertMatcher, [androidx.test.espresso.ViewInteraction@aad93ac, (view has effective visibility <VISIBLE> and view.getGlobalVisibleRect() covers at least <75> percent of the view's area), 5.0]
04-06 12:04:31.111 31683 31683 I ViewInteraction: Checking 'MatchesViewAssertion(Detox){viewMatcher=(view has effective visibility <VISIBLE> and view.getGlobalVisibleRect() covers at least <75> percent of the view's area)}' assertion on view (view.getTag() is "app-root" and view has effective visibility <VISIBLE>)
04-06 12:04:31.114 31683 31719 I DetoxWSClient: Sending out action 'invokeResult' (ID #48)
04-06 12:04:31.115 31683 31719 I DetoxDispatcher: Done with action 'invoke'
04-06 12:04:31.120 31683 31724 D DetoxWSClient: Received action 'invoke' (ID #49, params={"target":{"type":"Class","value":"com.wix.detox.espresso.DetoxAssertion"},"method":"assertMatcher","args":[{"type":"Invocation","value":{"target":{"type":"Class","value":"androidx.test.espresso.Espresso"},"method":"onView","args":[{"type":"Invocation","value":{"target":{"type":"Class","value":"com.wix.detox.espresso.DetoxMatcher"},"method":"matcherForTestId","args":["app-root",{"type":"boolean","value":false}]}}]}},{"type":"Invocation","value":{"target":{"type":"Class","value":"com.wix.detox.espresso.DetoxMatcher"},"method":"matcherForSufficientlyVisible","args":[{"type":"Integer","value":75}]}}]})
04-06 12:04:31.120 31683 31719 I DetoxDispatcher: Handling action 'invoke' (ID #49)...
04-06 12:04:31.121 31683 31719 D Detox   : class com.wix.detox.espresso.DetoxMatcher, matcherForTestId, [app-root, false]
04-06 12:04:31.121 31683 31719 D Detox   : class androidx.test.espresso.Espresso, onView, [(view.getTag() is "app-root" and view has effective visibility <VISIBLE>)]
04-06 12:04:31.122 31683 31719 D Detox   : class com.wix.detox.espresso.DetoxMatcher, matcherForSufficientlyVisible, [75]
