04-06 12:04:31.122 31683 31719 D Detox   : class com.wix.detox.espresso.DetoxAssertion, assertMatcher, [androidx.test.espresso.ViewInteraction@1ee7875, (view has effective visibility <VISIBLE> and view.getGlobalVisibleRect() covers at least <75> percent of the view's area)]
04-06 12:04:31.126 31683 31683 I ViewInteraction: Checking 'MatchesViewAssertion(Detox){viewMatcher=(view has effective visibility <VISIBLE> and view.getGlobalVisibleRect() covers at least <75> percent of the view's area)}' assertion on view (view.getTag() is "app-root" and view has effective visibility <VISIBLE>)
04-06 12:04:31.129 31683 31719 I DetoxWSClient: Sending out action 'invokeResult' (ID #49)
04-06 12:04:31.129 31683 31719 I DetoxDispatcher: Done with action 'invoke'
04-06 12:04:31.133 31683 31724 D DetoxWSClient: Received action 'invoke' (ID #50, params={"target":{"type":"Class","value":"com.wix.detox.espresso.DetoxAssertion"},"method":"waitForAssertMatcher","args":[{"type":"Invocation","value":{"target":{"type":"Class","value":"androidx.test.espresso.Espresso"},"method":"onView","args":[{"type":"Invocation","value":{"target":{"type":"Class","value":"com.wix.detox.espresso.DetoxMatcher"},"method":"matcherForTestId","args":["btn-iniciar-treino",{"type":"boolean","value":false}]}}]}},{"type":"Invocation","value":{"target":{"type":"Class","value":"com.wix.detox.espresso.DetoxMatcher"},"method":"matcherForSufficientlyVisible","args":[{"type":"Integer","value":75}]}},{"type":"Double","value":5}]})
04-06 12:04:31.133 31683 31719 I DetoxDispatcher: Handling action 'invoke' (ID #50)...
04-06 12:04:31.134 31683 31719 D Detox   : class com.wix.detox.espresso.DetoxMatcher, matcherForTestId, [btn-iniciar-treino, false]
04-06 12:04:31.134 31683 31719 D Detox   : class androidx.test.espresso.Espresso, onView, [(view.getTag() is "btn-iniciar-treino" and view has effective visibility <VISIBLE>)]
04-06 12:04:31.135 31683 31719 D Detox   : class com.wix.detox.espresso.DetoxMatcher, matcherForSufficientlyVisible, [75]
04-06 12:04:31.136 31683 31719 D Detox   : class com.wix.detox.espresso.DetoxAssertion, waitForAssertMatcher, [androidx.test.espresso.ViewInteraction@abb200a, (view has effective visibility <VISIBLE> and view.getGlobalVisibleRect() covers at least <75> percent of the view's area), 5.0]
04-06 12:04:31.140 31683 31683 I ViewInteraction: Checking 'MatchesViewAssertion(Detox){viewMatcher=(view has effective visibility <VISIBLE> and view.getGlobalVisibleRect() covers at least <75> percent of the view's area)}' assertion on view (view.getTag() is "btn-iniciar-treino" and view has effective visibility <VISIBLE>)
04-06 12:04:31.144 31683 31719 I DetoxWSClient: Sending out action 'invokeResult' (ID #50)
04-06 12:04:31.144 31683 31719 I DetoxDispatcher: Done with action 'invoke'
04-06 12:04:31.149 31683 31724 D DetoxWSClient: Received action 'invoke' (ID #51, params={"target":{"type":"Class","value":"com.wix.detox.espresso.EspressoDetox"},"method":"perform","args":[{"type":"Invocation","value":{"target":{"type":"Class","value":"com.wix.detox.espresso.DetoxMatcher"},"method":"matcherForTestId","args":["btn-iniciar-treino",{"type":"boolean","value":false}]}},{"type":"Invocation","value":{"target":{"type":"Class","value":"com.wix.detox.espresso.DetoxViewActions"},"method":"click","args":[]}}]})
04-06 12:04:31.149 31683 31719 I DetoxDispatcher: Handling action 'invoke' (ID #51)...
04-06 12:04:31.149 31683 31719 D Detox   : class com.wix.detox.espresso.DetoxMatcher, matcherForTestId, [btn-iniciar-treino, false]
04-06 12:04:31.150 31683 31719 D Detox   : class com.wix.detox.espresso.DetoxViewActions, click, []
04-06 12:04:31.150 31683 31719 D Detox   : class com.wix.detox.espresso.EspressoDetox, perform, [(view.getTag() is "btn-iniciar-treino" and view has effective visibility <VISIBLE>), com.wix.detox.espresso.action.RNClickAction@6363e98]
04-06 12:04:31.155 31683 31683 I ViewInteraction: Performing 'com.wix.detox.espresso.action.detoxsingletap@dbb26f1 click' action on view (view.getTag() is "btn-iniciar-treino" and view has effective visibility <VISIBLE>)
04-06 12:04:31.161 31683 31683 I ViewRootImpl@73623ee[MainActivity]: ViewPostIme pointer 0
04-06 12:04:31.189 31683 31683 I ViewRootImpl@73623ee[MainActivity]: ViewPostIme pointer 1
04-06 12:04:31.332 31683 31683 W [RNScreens]: backTitleFontFamily prop is not available on Android
04-06 12:04:31.332 31683 31683 W [RNScreens]: disableBackButtonMenu prop is not available on Android
04-06 12:04:31.333 31683 31683 W [RNScreens]: backTitleVisible prop is not available on Android
04-06 12:04:31.333 31683 31683 W [RNScreens]: topInsetEnabled prop is not available on Android
04-06 12:04:31.333 31683 31683 W [RNScreens]: largeTitleHideShadow prop is not available on Android
04-06 12:04:31.333 31683 31683 W [RNScreens]: largeTitleFontWeight prop is not available on Android
04-06 12:04:31.333 31683 31683 W [RNScreens]: userInterfaceStyle prop is not available on Android
04-06 12:04:31.333 31683 31683 W [RNScreens]: largeTitleFontFamily prop is not available on Android
04-06 12:04:31.336 31683 31773 I ReactNativeJS: 'match:', 'local-cache'
04-06 12:04:31.337 31683 31773 I ReactNativeJS: 'recommendation:', 'push', '| confidence:', 'alta'
04-06 12:04:31.375 31683 31773 I ReactNativeJS: 'match:', 'local-cache'
04-06 12:04:31.376 31683 31773 I ReactNativeJS: 'recommendation:', 'push', '| confidence:', 'alta'
04-06 12:04:31.506 31683 31694 W om.evolucao.app: Cleared Reference was only reachable from finalizer (only reported once)
04-06 12:04:32.598 31683 31683 W om.evolucao.app: Accessing hidden field Landroid/widget/HorizontalScrollView;->mScroller:Landroid/widget/OverScroller; (unsupported, reflection, allowed)
04-06 12:04:32.619 31683 31683 D ScrollView: initGoToTop
04-06 12:04:33.059 31683 32025 D expo-notifications: Notification request "6ec305e7-b634-473b-8339-ccff041302da" will not trigger in the future, removing.
04-06 12:04:33.807 31683 31719 I DetoxWSClient: Sending out action 'invokeResult' (ID #51)
04-06 12:04:33.807 31683 31719 I DetoxDispatcher: Done with action 'invoke'
04-06 12:04:34.123 31683 31724 D DetoxWSClient: Received action 'invoke' (ID #52, params={"target":{"type":"Class","value":"com.wix.detox.espresso.DetoxAssertion"},"method":"waitForAssertMatcher","args":[{"type":"Invocation","value":{"target":{"type":"Class","value":"androidx.test.espresso.Espresso"},"method":"onView","args":[{"type":"Invocation","value":{"target":{"type":"Class","value":"com.wix.detox.espresso.DetoxMatcher"},"method":"matcherForTestId","args":["screen-workout",{"type":"boolean","value":false}]}}]}},{"type":"Invocation","value":{"target":{"type":"Class","value":"com.wix.detox.espresso.DetoxMatcher"},"method":"matcherForSufficientlyVisible","args":[{"type":"Integer","value":75}]}},{"type":"Double","value":5}]})
04-06 12:04:34.123 31683 31719 I DetoxDispatcher: Handling action 'invoke' (ID #52)...
04-06 12:04:34.124 31683 31719 D Detox   : class com.wix.detox.espresso.DetoxMatcher, matcherForTestId, [screen-workout, false]
04-06 12:04:34.125 31683 31719 D Detox   : class androidx.test.espresso.Espresso, onView, [(view.getTag() is "screen-workout" and view has effective visibility <VISIBLE>)]
04-06 12:04:34.126 31683 31719 D Detox   : class com.wix.detox.espresso.DetoxMatcher, matcherForSufficientlyVisible, [75]
04-06 12:04:34.127 31683 31719 D Detox   : class com.wix.detox.espresso.DetoxAssertion, waitForAssertMatcher, [androidx.test.espresso.ViewInteraction@6ae9991, (view has effective visibility <VISIBLE> and view.getGlobalVisibleRect() covers at least <75> percent of the view's area), 5.0]
04-06 12:04:34.137 31683 31683 I ViewInteraction: Checking 'MatchesViewAssertion(Detox){viewMatcher=(view has effective visibility <VISIBLE> and view.getGlobalVisibleRect() covers at least <75> percent of the view's area)}' assertion on view (view.getTag() is "screen-workout" and view has effective visibility <VISIBLE>)
04-06 12:04:34.143 31683 31719 I DetoxWSClient: Sending out action 'invokeResult' (ID #52)
04-06 12:04:34.143 31683 31719 I DetoxDispatcher: Done with action 'invoke'
04-06 12:04:34.882 31683 31724 D DetoxWSClient: Received action 'invoke' (ID #53, params={"target":{"type":"Class","value":"com.wix.detox.espresso.DetoxAssertion"},"method":"waitForAssertMatcher","args":[{"type":"Invocation","value":{"target":{"type":"Class","value":"androidx.test.espresso.Espresso"},"method":"onView","args":[{"type":"Invocation","value":{"target":{"type":"Class","value":"com.wix.detox.espresso.DetoxMatcher"},"method":"matcherForTestId","args":["app-root",{"type":"boolean","value":false}]}}]}},{"type":"Invocation","value":{"target":{"type":"Class","value":"com.wix.detox.espresso.DetoxMatcher"},"method":"matcherForSufficientlyVisible","args":[{"type":"Integer","value":75}]}},{"type":"Double","value":5}]})
04-06 12:04:34.883 31683 31719 I DetoxDispatcher: Handling action 'invoke' (ID #53)...
04-06 12:04:34.884 31683 31719 D Detox   : class com.wix.detox.espresso.DetoxMatcher, matcherForTestId, [app-root, false]
04-06 12:04:34.884 31683 31719 D Detox   : class androidx.test.espresso.Espresso, onView, [(view.getTag() is "app-root" and view has effective visibility <VISIBLE>)]
04-06 12:04:34.885 31683 31719 D Detox   : class com.wix.detox.espresso.DetoxMatcher, matcherForSufficientlyVisible, [75]
04-06 12:04:34.887 31683 31719 D Detox   : class com.wix.detox.espresso.DetoxAssertion, waitForAssertMatcher, [androidx.test.espresso.ViewInteraction@99c4cf7, (view has effective visibility <VISIBLE> and view.getGlobalVisibleRect() covers at least <75> percent of the view's area), 5.0]
04-06 12:04:34.893 31683 31683 I ViewInteraction: Checking 'MatchesViewAssertion(Detox){viewMatcher=(view has effective visibility <VISIBLE> and view.getGlobalVisibleRect() covers at least <75> percent of the view's area)}' assertion on view (view.getTag() is "app-root" and view has effective visibility <VISIBLE>)
04-06 12:04:34.897 31683 31719 I DetoxWSClient: Sending out action 'invokeResult' (ID #53)
04-06 12:04:34.897 31683 31719 I DetoxDispatcher: Done with action 'invoke'
04-06 12:04:34.901 31683 31724 D DetoxWSClient: Received action 'invoke' (ID #54, params={"target":{"type":"Class","value":"com.wix.detox.espresso.DetoxAssertion"},"method":"assertMatcher","args":[{"type":"Invocation","value":{"target":{"type":"Class","value":"androidx.test.espresso.Espresso"},"method":"onView","args":[{"type":"Invocation","value":{"target":{"type":"Class","value":"com.wix.detox.espresso.DetoxMatcher"},"method":"matcherForTestId","args":["app-root",{"type":"boolean","value":false}]}}]}},{"type":"Invocation","value":{"target":{"type":"Class","value":"com.wix.detox.espresso.DetoxMatcher"},"method":"matcherForSufficientlyVisible","args":[{"type":"Integer","value":75}]}}]})
04-06 12:04:34.902 31683 31719 I DetoxDispatcher: Handling action 'invoke' (ID #54)...
04-06 12:04:34.902 31683 31719 D Detox   : class com.wix.detox.espresso.DetoxMatcher, matcherForTestId, [app-root, false]
04-06 12:04:34.903 31683 31719 D Detox   : class androidx.test.espresso.Espresso, onView, [(view.getTag() is "app-root" and view has effective visibility <VISIBLE>)]
04-06 12:04:34.904 31683 31719 D Detox   : class com.wix.detox.espresso.DetoxMatcher, matcherForSufficientlyVisible, [75]
04-06 12:04:34.905 31683 31719 D Detox   : class com.wix.detox.espresso.DetoxAssertion, assertMatcher, [androidx.test.espresso.ViewInteraction@50a3764, (view has effective visibility <VISIBLE> and view.getGlobalVisibleRect() covers at least <75> percent of the view's area)]
04-06 12:04:34.911 31683 31683 I ViewInteraction: Checking 'MatchesViewAssertion(Detox){viewMatcher=(view has effective visibility <VISIBLE> and view.getGlobalVisibleRect() covers at least <75> percent of the view's area)}' assertion on view (view.getTag() is "app-root" and view has effective visibility <VISIBLE>)
04-06 12:04:34.914 31683 31719 I DetoxWSClient: Sending out action 'invokeResult' (ID #54)
04-06 12:04:34.915 31683 31719 I DetoxDispatcher: Done with action 'invoke'
04-06 12:04:34.919 31683 31724 D DetoxWSClient: Received action 'invoke' (ID #55, params={"target":{"type":"Class","value":"com.wix.detox.espresso.DetoxAssertion"},"method":"waitForAssertMatcher","args":[{"type":"Invocation","value":{"target":{"type":"Class","value":"androidx.test.espresso.Espresso"},"method":"onView","args":[{"type":"Invocation","value":{"target":{"type":"Class","value":"com.wix.detox.espresso.DetoxMatcher"},"method":"matcherForTestId","args":["input-peso",{"type":"boolean","value":false}]}}]}},{"type":"Invocation","value":{"target":{"type":"Class","value":"com.wix.detox.espresso.DetoxMatcher"},"method":"matcherForSufficientlyVisible","args":[{"type":"Integer","value":75}]}},{"type":"Double","value":5}]})
04-06 12:04:34.920 31683 31719 I DetoxDispatcher: Handling action 'invoke' (ID #55)...
04-06 12:04:34.920 31683 31719 D Detox   : class com.wix.detox.espresso.DetoxMatcher, matcherForTestId, [input-peso, false]
04-06 12:04:34.921 31683 31719 D Detox   : class androidx.test.espresso.Espresso, onView, [(view.getTag() is "input-peso" and view has effective visibility <VISIBLE>)]
04-06 12:04:34.922 31683 31719 D Detox   : class com.wix.detox.espresso.DetoxMatcher, matcherForSufficientlyVisible, [75]
04-06 12:04:34.922 31683 31719 D Detox   : class com.wix.detox.espresso.DetoxAssertion, waitForAssertMatcher, [androidx.test.espresso.ViewInteraction@d923dcd, (view has effective visibility <VISIBLE> and view.getGlobalVisibleRect() covers at least <75> percent of the view's area), 5.0]
04-06 12:04:34.928 31683 31683 I ViewInteraction: Checking 'MatchesViewAssertion(Detox){viewMatcher=(view has effective visibility <VISIBLE> and view.getGlobalVisibleRect() covers at least <75> percent of the view's area)}' assertion on view (view.getTag() is "input-peso" and view has effective visibility <VISIBLE>)
04-06 12:04:34.944 31683 31719 I DetoxWSClient: Sending out action 'invokeResult' (ID #55)
04-06 12:04:34.944 31683 31719 I DetoxDispatcher: Done with action 'invoke'
04-06 12:04:34.947 31683 31724 D DetoxWSClient: Received action 'invoke' (ID #56, params={"target":{"type":"Class","value":"com.wix.detox.espresso.DetoxAssertion"},"method":"waitForAssertMatcher","args":[{"type":"Invocation","value":{"target":{"type":"Class","value":"androidx.test.espresso.Espresso"},"method":"onView","args":[{"type":"Invocation","value":{"target":{"type":"Class","value":"com.wix.detox.espresso.DetoxMatcher"},"method":"matcherForTestId","args":["input-reps",{"type":"boolean","value":false}]}}]}},{"type":"Invocation","value":{"target":{"type":"Class","value":"com.wix.detox.espresso.DetoxMatcher"},"method":"matcherForSufficientlyVisible","args":[{"type":"Integer","value":75}]}},{"type":"Double","value":5}]})
04-06 12:04:34.948 31683 31719 I DetoxDispatcher: Handling action 'invoke' (ID #56)...
04-06 12:04:34.948 31683 31719 D Detox   : class com.wix.detox.espresso.DetoxMatcher, matcherForTestId, [input-reps, false]
04-06 12:04:34.948 31683 31719 D Detox   : class androidx.test.espresso.Espresso, onView, [(view.getTag() is "input-reps" and view has effective visibility <VISIBLE>)]
04-06 12:04:34.949 31683 31719 D Detox   : class com.wix.detox.espresso.DetoxMatcher, matcherForSufficientlyVisible, [75]
04-06 12:04:34.949 31683 31719 D Detox   : class com.wix.detox.espresso.DetoxAssertion, waitForAssertMatcher, [androidx.test.espresso.ViewInteraction@90f23ce, (view has effective visibility <VISIBLE> and view.getGlobalVisibleRect() covers at least <75> percent of the view's area), 5.0]
04-06 12:04:34.952 31683 31683 I ViewInteraction: Checking 'MatchesViewAssertion(Detox){viewMatcher=(view has effective visibility <VISIBLE> and view.getGlobalVisibleRect() covers at least <75> percent of the view's area)}' assertion on view (view.getTag() is "input-reps" and view has effective visibility <VISIBLE>)
04-06 12:04:34.962 31683 31719 I DetoxWSClient: Sending out action 'invokeResult' (ID #56)
04-06 12:04:34.962 31683 31719 I DetoxDispatcher: Done with action 'invoke'
04-06 12:04:34.966 31683 31724 D DetoxWSClient: Received action 'invoke' (ID #57, params={"target":{"type":"Class","value":"com.wix.detox.espresso.DetoxAssertion"},"method":"waitForAssertMatcher","args":[{"type":"Invocation","value":{"target":{"type":"Class","value":"androidx.test.espresso.Espresso"},"method":"onView","args":[{"type":"Invocation","value":{"target":{"type":"Class","value":"com.wix.detox.espresso.DetoxMatcher"},"method":"matcherForTestId","args":["input-peso",{"type":"boolean","value":false}]}}]}},{"type":"Invocation","value":{"target":{"type":"Class","value":"com.wix.detox.espresso.DetoxMatcher"},"method":"matcherForSufficientlyVisible","args":[{"type":"Integer","value":75}]}},{"type":"Double","value":5}]})
04-06 12:04:34.966 31683 31719 I DetoxDispatcher: Handling action 'invoke' (ID #57)...
04-06 12:04:34.967 31683 31719 D Detox   : class com.wix.detox.espresso.DetoxMatcher, matcherForTestId, [input-peso, false]
04-06 12:04:34.967 31683 31719 D Detox   : class androidx.test.espresso.Espresso, onView, [(view.getTag() is "input-peso" and view has effective visibility <VISIBLE>)]
04-06 12:04:34.967 31683 31719 D Detox   : class com.wix.detox.espresso.DetoxMatcher, matcherForSufficientlyVisible, [75]
04-06 12:04:34.968 31683 31719 D Detox   : class com.wix.detox.espresso.DetoxAssertion, waitForAssertMatcher, [androidx.test.espresso.ViewInteraction@af7b1fc, (view has effective visibility <VISIBLE> and view.getGlobalVisibleRect() covers at least <75> percent of the view's area), 5.0]
04-06 12:04:34.970 31683 31683 I ViewInteraction: Checking 'MatchesViewAssertion(Detox){viewMatcher=(view has effective visibility <VISIBLE> and view.getGlobalVisibleRect() covers at least <75> percent of the view's area)}' assertion on view (view.getTag() is "input-peso" and view has effective visibility <VISIBLE>)
04-06 12:04:34.981 31683 31719 I DetoxWSClient: Sending out action 'invokeResult' (ID #57)
04-06 12:04:34.981 31683 31719 I DetoxDispatcher: Done with action 'invoke'
04-06 12:04:34.984 31683 31724 D DetoxWSClient: Received action 'invoke' (ID #58, params={"target":{"type":"Class","value":"com.wix.detox.espresso.EspressoDetox"},"method":"perform","args":[{"type":"Invocation","value":{"target":{"type":"Class","value":"com.wix.detox.espresso.DetoxMatcher"},"method":"matcherForTestId","args":["input-peso",{"type":"boolean","value":false}]}},{"type":"Invocation","value":{"target":{"type":"Class","value":"com.wix.detox.espresso.DetoxViewActions"},"method":"click","args":[]}}]})
04-06 12:04:34.984 31683 31719 I DetoxDispatcher: Handling action 'invoke' (ID #58)...
04-06 12:04:34.985 31683 31719 D Detox   : class com.wix.detox.espresso.DetoxMatcher, matcherForTestId, [input-peso, false]
04-06 12:04:34.985 31683 31719 D Detox   : class com.wix.detox.espresso.DetoxViewActions, click, []
04-06 12:04:34.985 31683 31719 D Detox   : class com.wix.detox.espresso.EspressoDetox, perform, [(view.getTag() is "input-peso" and view has effective visibility <VISIBLE>), com.wix.detox.espresso.action.RNClickAction@899c085]
04-06 12:04:34.988 31683 31683 I ViewInteraction: Performing 'com.wix.detox.espresso.action.detoxsingletap@dfdaeda click' action on view (view.getTag() is "input-peso" and view has effective visibility <VISIBLE>)
04-06 12:04:35.000 31683 31683 I ViewRootImpl@73623ee[MainActivity]: ViewPostIme pointer 0
04-06 12:04:35.031 31683 31683 I ViewRootImpl@73623ee[MainActivity]: ViewPostIme pointer 1
04-06 12:04:35.053 31683 31683 D InputMethodManager: startInputInner - Id : 0
04-06 12:04:35.053 31683 31683 I InputMethodManager: startInputInner - mService.startInputOrWindowGainedFocus
04-06 12:04:35.057 31683 31683 I IMM_LC  : showSoftInput(View,I)
04-06 12:04:35.057 31683 31683 I IMM_LC  : ssi() - flag : 0 view : com.evolucao.app reason = SHOW_SOFT_INPUT
04-06 12:04:35.071 31683 31737 D NativeCustomFrequencyManager: [NativeCFMS] BpCustomFrequencyManager::BpCustomFrequencyManager()
04-06 12:04:35.076 31683 31683 D InsetsController: onStateChanged: InsetsState: {mDisplayFrame=Rect(0, 0 - 1080, 2400), mDisplayCutout=DisplayCutout{insets=Rect(0, 88 - 0, 0) waterfall=Insets{left=0, top=0, right=0, bottom=0} boundingRect={Bounds=[Rect(0, 0 - 0, 0), Rect(512, 0 - 568, 88), Rect(0, 0 - 0, 0), Rect(0, 0 - 0, 0)]} cutoutPathParserInfo={CutoutPathParserInfo{displayWidth=1080 displayHeight=2400 physicalDisplayWidth=1080 physicalDisplayHeight=2400 density={3.0} cutoutSpec={M 0,0 M 0,10.71963616907435 a 9.280363830925644,9.280363830925644 0 1,0 0,18.56072766185129 a 9.280363830925644,9.280363830925644 0 1,0 0,-18.56072766185129 Z @dp} rotation={0} scale={1.0} physicalPixelDisplaySizeRatio={1.0}}}}, mRoundedCorners=RoundedCorners{[RoundedCorner{position=TopLeft, radius=96, center=Point(96, 96)}, RoundedCorner{position=TopRight, radius=96, center=Point(984, 96)}, RoundedCorner{position=BottomRight, radius=96, center=Point(984, 2304)}, RoundedCorner{position=BottomLeft, radius=96, center=Point(96, 2304)}]}  mRoundedCornerFrame=Rect(0, 0 - 1080, 2400), mPrivacyIndicatorBounds=PrivacyIndicatorBounds {static bounds=Rect(948, 0 - 1080, 88) rotation=0}, mSources= { InsetsSource: {mType=ITYPE_STATUS_BAR, mFrame=[0,0][1080,88], mVisible=true, mInsetsRoundedCornerFrame=false}, InsetsSource: {mType=ITYPE_NAVIGATION_BAR, mFrame=[0,2256][1080,2400], mVisible=true, mInsetsRoundedCornerFrame=false}, InsetsSource: {mType=ITYPE_LEFT_GESTURES, mFrame=[0,0][0,2400], mVisible=true, mInsetsRoundedCornerFrame=false}, InsetsSource: {mType=ITYPE_RIGHT_GESTURES, mFrame=[1080,0][1080,2400], mVisible=true, mInsetsRoundedCornerFrame=false}, InsetsSource: {mType=ITYPE_TOP_MANDATORY_GESTURES, mFrame=[0,0][1080,124], mVisible=true, mInsetsRoundedCornerFrame=false}, InsetsSource: {mType=ITYPE_BOTTOM_MANDATORY_GESTURES, mFrame=[0,2256][1080,2400], mVisible=true, mInsetsRoundedCornerFrame=false}, InsetsSource: {mType=ITYPE_LEFT_DISPLAY_CUTOUT, mFrame=[0,0][-100000,2400], mVisible=true, mInsetsRoundedCornerFrame=false}, InsetsSource: {mType=ITYPE_TOP_DISPLAY_CUTOUT, mFrame=[0,0][1080,88], mVisible=true, mInsetsRoundedCornerFrame=false}, InsetsSource: {mType=ITYPE_RIGHT_DISPLAY_CUTOUT, mFrame=[100000,0][1080,2400], mVisible=true, mInsetsRoundedCornerFrame=false}, InsetsSource: {mType=ITYPE_BOTTOM_DISPLAY_CUTOUT, mFrame=[0,100000][1080,2400], mVisible=true, mInsetsRoundedCornerFrame=false}, InsetsSource: {mType=ITYPE_TOP_TAPPABLE_ELEMENT, mFrame=[0,0][1080,88], mVisible=true, mInsetsRoundedCornerFrame=false}, InsetsSource: {mType=ITYPE_BOTTOM_TAPPABLE_ELEMENT, mFrame=[0,2256][1080,2400], mVisible=true, mInsetsRoundedCornerFrame=false} } host=PopupWindow:5b28e39 from=android.view.ViewRootImpl.setView:1732
04-06 12:04:35.079 31683 31683 I ViewRootImpl@d721c7e[PopupWindow:5b28e39]: setView = android.widget.PopupWindow$PopupDecorView@60f828a TM=false
04-06 12:04:35.081 31683 31737 D NativeCustomFrequencyManager: [NativeCFMS] BpCustomFrequencyManager::BpCustomFrequencyManager()
04-06 12:04:35.084 31683 31683 D InsetsController: onStateChanged: InsetsState: {mDisplayFrame=Rect(0, 0 - 1080, 2400), mDisplayCutout=DisplayCutout{insets=Rect(0, 88 - 0, 0) waterfall=Insets{left=0, top=0, right=0, bottom=0} boundingRect={Bounds=[Rect(0, 0 - 0, 0), Rect(512, 0 - 568, 88), Rect(0, 0 - 0, 0), Rect(0, 0 - 0, 0)]} cutoutPathParserInfo={CutoutPathParserInfo{displayWidth=1080 displayHeight=2400 physicalDisplayWidth=1080 physicalDisplayHeight=2400 density={3.0} cutoutSpec={M 0,0 M 0,10.71963616907435 a 9.280363830925644,9.280363830925644 0 1,0 0,18.56072766185129 a 9.280363830925644,9.280363830925644 0 1,0 0,-18.56072766185129 Z @dp} rotation={0} scale={1.0} physicalPixelDisplaySizeRatio={1.0}}}}, mRoundedCorners=RoundedCorners{[RoundedCorner{position=TopLeft, radius=96, center=Point(96, 96)}, RoundedCorner{position=TopRight, radius=96, center=Point(984, 96)}, RoundedCorner{position=BottomRight, radius=96, center=Point(984, 2304)}, RoundedCorner{position=BottomLeft, radius=96, center=Point(96, 2304)}]}  mRoundedCornerFrame=Rect(0, 0 - 1080, 2400), mPrivacyIndicatorBounds=PrivacyIndicatorBounds {static bounds=Rect(948, 0 - 1080, 88) rotation=0}, mSources= { InsetsSource: {mType=ITYPE_STATUS_BAR, mFrame=[0,0][1080,88], mVisible=true, mInsetsRoundedCornerFrame=false}, InsetsSource: {mType=ITYPE_NAVIGATION_BAR, mFrame=[0,2256][1080,2400], mVisible=true, mInsetsRoundedCornerFrame=false}, InsetsSource: {mType=ITYPE_LEFT_GESTURES, mFrame=[0,0][0,2400], mVisible=true, mInsetsRoundedCornerFrame=false}, InsetsSource: {mType=ITYPE_RIGHT_GESTURES, mFrame=[1080,0][1080,2400], mVisible=true, mInsetsRoundedCornerFrame=false}, InsetsSource: {mType=ITYPE_TOP_MANDATORY_GESTURES, mFrame=[0,0][1080,124], mVisible=true, mInsetsRoundedCornerFrame=false}, InsetsSource: {mType=ITYPE_BOTTOM_MANDATORY_GESTURES, mFrame=[0,2256][1080,2400], mVisible=true, mInsetsRoundedCornerFrame=false}, InsetsSource: {mType=ITYPE_LEFT_DISPLAY_CUTOUT, mFrame=[0,0][-100000,2400], mVisible=true, mInsetsRoundedCornerFrame=false}, InsetsSource: {mType=ITYPE_TOP_DISPLAY_CUTOUT, mFrame=[0,0][1080,88], mVisible=true, mInsetsRoundedCornerFrame=false}, InsetsSource: {mType=ITYPE_RIGHT_DISPLAY_CUTOUT, mFrame=[100000,0][1080,2400], mVisible=true, mInsetsRoundedCornerFrame=false}, InsetsSource: {mType=ITYPE_BOTTOM_DISPLAY_CUTOUT, mFrame=[0,100000][1080,2400], mVisible=true, mInsetsRoundedCornerFrame=false}, InsetsSource: {mType=ITYPE_TOP_TAPPABLE_ELEMENT, mFrame=[0,0][1080,88], mVisible=true, mInsetsRoundedCornerFrame=false}, InsetsSource: {mType=ITYPE_BOTTOM_TAPPABLE_ELEMENT, mFrame=[0,2256][1080,2400], mVisible=true, mInsetsRoundedCornerFrame=false} } host=PopupWindow:413a518 from=android.view.ViewRootImpl.setView:1732
04-06 12:04:35.086 31683 31683 I ViewRootImpl@13acb71[PopupWindow:413a518]: setView = android.widget.PopupWindow$PopupDecorView@8dfadad TM=false
04-06 12:04:35.091 31683 31683 I IMM_LC  : showSoftInput(View,I)
04-06 12:04:35.091 31683 31683 I IMM_LC  : ssi() - flag : 0 view : com.evolucao.app reason = SHOW_SOFT_INPUT
04-06 12:04:35.094 31683 31683 I ViewRootImpl@d721c7e[PopupWindow:5b28e39]: performTraversals params={(231,1797)(90x108) gr=TOP START CENTER sim={state=unchanged adjust=pan} ty=APPLICATION_SUB_PANEL fmt=TRANSLUCENT wanim=0x1030313 surfaceInsets=Rect(0, 0 - 0, 0) (manual)
04-06 12:04:35.094 31683 31683 I ViewRootImpl@d721c7e[PopupWindow:5b28e39]:   fl=41800208
04-06 12:04:35.094 31683 31683 I ViewRootImpl@d721c7e[PopupWindow:5b28e39]:   pfl=2018000
04-06 12:04:35.094 31683 31683 I ViewRootImpl@d721c7e[PopupWindow:5b28e39]:   bhv=DEFAULT
04-06 12:04:35.094 31683 31683 I ViewRootImpl@d721c7e[PopupWindow:5b28e39]:   fitTypes=STATUS_BARS NAVIGATION_BARS CAPTION_BAR naviIconColor=0
04-06 12:04:35.094 31683 31683 I ViewRootImpl@d721c7e[PopupWindow:5b28e39]:   sfl=20000}
04-06 12:04:35.094 31683 31683 I ViewRootImpl@d721c7e[PopupWindow:5b28e39]: performTraversals mFirst=true windowShouldResize=true viewVisibilityChanged=false mForceNextWindowRelayout=false params={(231,1797)(90x108) gr=TOP START CENTER sim={state=unchanged adjust=pan} ty=APPLICATION_SUB_PANEL fmt=TRANSLUCENT wanim=0x1030313 surfaceInsets=Rect(0, 0 - 0, 0) (manual)
04-06 12:04:35.094 31683 31683 I ViewRootImpl@d721c7e[PopupWindow:5b28e39]:   fl=41800208
04-06 12:04:35.094 31683 31683 I ViewRootImpl@d721c7e[PopupWindow:5b28e39]:   pfl=42018000
04-06 12:04:35.094 31683 31683 I ViewRootImpl@d721c7e[PopupWindow:5b28e39]:   bhv=DEFAULT
04-06 12:04:35.094 31683 31683 I ViewRootImpl@d721c7e[PopupWindow:5b28e39]:   fitTypes=STATUS_BARS NAVIGATION_BARS CAPTION_BAR naviIconColor=0
04-06 12:04:35.094 31683 31683 I ViewRootImpl@d721c7e[PopupWindow:5b28e39]:   sfl=20000}
04-06 12:04:35.098 31683 31699 I ViewRootImpl@d721c7e[PopupWindow:5b28e39]: Resizing android.view.ViewRootImpl@f1cd0fb: frame = [231,1797][321,1905] reportDraw = true forceLayout = false syncSeqId = 0
04-06 12:04:35.100 31683 31683 I ViewRootImpl@d721c7e[PopupWindow:5b28e39]: updateBlastSurfaceIfNeeded mBlastBufferQueue=null isSameSurfaceControl=false
04-06 12:04:35.100 31683 31683 I BLASTBufferQueue: new BLASTBufferQueue, mName= ViewRootImpl@d721c7e[PopupWindow:5b28e39] mNativeObject= 0xb4000070a06cdc80 sc.mNativeObject= 0xb400007008843fa0 caller= android.view.ViewRootImpl.updateBlastSurfaceIfNeeded:2909 android.view.ViewRootImpl.relayoutWindow:9847 android.view.ViewRootImpl.performTraversals:3884 android.view.ViewRootImpl.doTraversal:3116 android.view.ViewRootImpl$TraversalRunnable.run:10885 android.view.Choreographer$CallbackRecord.run:1301 android.view.Choreographer$CallbackRecord.run:1309 android.view.Choreographer.doCallbacks:923 android.view.Choreographer.doFrame:852 android.view.Choreographer$FrameDisplayEventReceiver.run:1283 
04-06 12:04:35.100 31683 31683 I BLASTBufferQueue: update, w= 90 h= 108 mName = ViewRootImpl@d721c7e[PopupWindow:5b28e39] mNativeObject= 0xb4000070a06cdc80 sc.mNativeObject= 0xb400007008843fa0 format= -3 caller= android.graphics.BLASTBufferQueue.<init>:84 android.view.ViewRootImpl.updateBlastSurfaceIfNeeded:2909 android.view.ViewRootImpl.relayoutWindow:9847 android.view.ViewRootImpl.performTraversals:3884 android.view.ViewRootImpl.doTraversal:3116 android.view.ViewRootImpl$TraversalRunnable.run:10885 
04-06 12:04:35.101 31683 31683 I ViewRootImpl@d721c7e[PopupWindow:5b28e39]: Relayout returned: old=(231,1797,321,1905) new=(231,1797,321,1905) req=(90,108)0 dur=6 res=0x3 s={true 0xb400007008852800} ch=true seqId=0
04-06 12:04:35.101 31683 31683 I ViewRootImpl@d721c7e[PopupWindow:5b28e39]: mThreadedRenderer.initialize() mSurface={isValid=true 0xb400007008852800} hwInitialized=true
04-06 12:04:35.102 31683 31737 D OpenGLRenderer: eglCreateWindowSurface
04-06 12:04:35.104 31683 31683 I ViewRootImpl@d721c7e[PopupWindow:5b28e39]: reportNextDraw android.view.ViewRootImpl.performTraversals:4438 android.view.ViewRootImpl.doTraversal:3116 android.view.ViewRootImpl$TraversalRunnable.run:10885 android.view.Choreographer$CallbackRecord.run:1301 android.view.Choreographer$CallbackRecord.run:1309 
04-06 12:04:35.104 31683 31683 I ViewRootImpl@d721c7e[PopupWindow:5b28e39]: Setup new sync id=0
04-06 12:04:35.104 31683 31683 I ViewRootImpl@d721c7e[PopupWindow:5b28e39]: Setting syncFrameCallback
04-06 12:04:35.104 31683 31683 I ViewRootImpl@d721c7e[PopupWindow:5b28e39]: registerCallbacksForSync syncBuffer=false
04-06 12:04:35.107 31683 31761 I ViewRootImpl@d721c7e[PopupWindow:5b28e39]: Received frameDrawingCallback syncResult=0 frameNum=1.
04-06 12:04:35.107 31683 31761 I ViewRootImpl@d721c7e[PopupWindow:5b28e39]: Setting up sync and frameCommitCallback
04-06 12:04:35.114 31683 31737 I BLASTBufferQueue: [ViewRootImpl@d721c7e[PopupWindow:5b28e39]#2](f:0,a:0) onFrameAvailable the first frame is available
04-06 12:04:35.114 31683 31737 I ViewRootImpl@d721c7e[PopupWindow:5b28e39]: Received frameCommittedCallback lastAttemptedDrawFrameNum=1 didProduceBuffer=true
04-06 12:04:35.115 31683 31737 D OpenGLRenderer: CFMS:: SetUp Pid : 31683    Tid : 31737
04-06 12:04:35.116 31683 31737 W Parcel  : Expecting binder but got null!
04-06 12:04:35.116 31683 31683 I ViewRootImpl@d721c7e[PopupWindow:5b28e39]: onSyncComplete
04-06 12:04:35.116 31683 31683 I ViewRootImpl@d721c7e[PopupWindow:5b28e39]: setupSync seqId=0 mSyncId=0 fn=1 caller=android.view.ViewRootImpl$$ExternalSyntheticLambda11.accept:6 android.window.SurfaceSyncer.lambda$setupSync$1$android-window-SurfaceSyncer:128 android.window.SurfaceSyncer$$ExternalSyntheticLambda1.accept:8 android.window.SurfaceSyncer$SyncSet.checkIfSyncIsComplete:382 android.window.SurfaceSyncer$SyncSet.markSyncReady:359 android.window.SurfaceSyncer.markSyncReady:151 android.view.ViewRootImpl.performTraversals:4503 
04-06 12:04:35.118 31683 31683 I ViewRootImpl@13acb71[PopupWindow:413a518]: performTraversals params={(231,1703)(90x94) gr=TOP START CENTER sim={state=unchanged adjust=pan} ty=APPLICATION_SUB_PANEL fmt=TRANSLUCENT wanim=0x1030313 surfaceInsets=Rect(0, 0 - 0, 0) (manual)
04-06 12:04:35.118 31683 31683 I ViewRootImpl@13acb71[PopupWindow:413a518]:   fl=41800218
04-06 12:04:35.118 31683 31683 I ViewRootImpl@13acb71[PopupWindow:413a518]:   pfl=2018000
04-06 12:04:35.118 31683 31683 I ViewRootImpl@13acb71[PopupWindow:413a518]:   bhv=DEFAULT
04-06 12:04:35.118 31683 31683 I ViewRootImpl@13acb71[PopupWindow:413a518]:   fitTypes=STATUS_BARS NAVIGATION_BARS CAPTION_BAR naviIconColor=0
04-06 12:04:35.118 31683 31683 I ViewRootImpl@13acb71[PopupWindow:413a518]:   sfl=20000}
04-06 12:04:35.119 31683 31683 I ViewRootImpl@13acb71[PopupWindow:413a518]: performTraversals mFirst=true windowShouldResize=true viewVisibilityChanged=false mForceNextWindowRelayout=false params={(231,1703)(90x94) gr=TOP START CENTER sim={state=unchanged adjust=pan} ty=APPLICATION_SUB_PANEL fmt=TRANSLUCENT wanim=0x1030313 surfaceInsets=Rect(0, 0 - 0, 0) (manual)
04-06 12:04:35.119 31683 31683 I ViewRootImpl@13acb71[PopupWindow:413a518]:   fl=41800218
04-06 12:04:35.119 31683 31683 I ViewRootImpl@13acb71[PopupWindow:413a518]:   pfl=42018000
04-06 12:04:35.119 31683 31683 I ViewRootImpl@13acb71[PopupWindow:413a518]:   bhv=DEFAULT
04-06 12:04:35.119 31683 31683 I ViewRootImpl@13acb71[PopupWindow:413a518]:   fitTypes=STATUS_BARS NAVIGATION_BARS CAPTION_BAR naviIconColor=0
04-06 12:04:35.119 31683 31683 I ViewRootImpl@13acb71[PopupWindow:413a518]:   sfl=20000}
04-06 12:04:35.123 31683 31957 I ViewRootImpl@13acb71[PopupWindow:413a518]: Resizing android.view.ViewRootImpl@ef5d8e2: frame = [231,1703][321,1797] reportDraw = true forceLayout = false syncSeqId = 0
04-06 12:04:35.124 31683 31683 I ViewRootImpl@13acb71[PopupWindow:413a518]: updateBlastSurfaceIfNeeded mBlastBufferQueue=null isSameSurfaceControl=false
04-06 12:04:35.125 31683 31683 I BLASTBufferQueue: new BLASTBufferQueue, mName= ViewRootImpl@13acb71[PopupWindow:413a518] mNativeObject= 0xb4000070a06fc000 sc.mNativeObject= 0xb400007008844220 caller= android.view.ViewRootImpl.updateBlastSurfaceIfNeeded:2909 android.view.ViewRootImpl.relayoutWindow:9847 android.view.ViewRootImpl.performTraversals:3884 android.view.ViewRootImpl.doTraversal:3116 android.view.ViewRootImpl$TraversalRunnable.run:10885 android.view.Choreographer$CallbackRecord.run:1301 android.view.Choreographer$CallbackRecord.run:1309 android.view.Choreographer.doCallbacks:923 android.view.Choreographer.doFrame:852 android.view.Choreographer$FrameDisplayEventReceiver.run:1283 
04-06 12:04:35.125 31683 31683 I BLASTBufferQueue: update, w= 90 h= 94 mName = ViewRootImpl@13acb71[PopupWindow:413a518] mNativeObject= 0xb4000070a06fc000 sc.mNativeObject= 0xb400007008844220 format= -3 caller= android.graphics.BLASTBufferQueue.<init>:84 android.view.ViewRootImpl.updateBlastSurfaceIfNeeded:2909 android.view.ViewRootImpl.relayoutWindow:9847 android.view.ViewRootImpl.performTraversals:3884 android.view.ViewRootImpl.doTraversal:3116 android.view.ViewRootImpl$TraversalRunnable.run:10885 
04-06 12:04:35.125 31683 31683 I ViewRootImpl@13acb71[PopupWindow:413a518]: Relayout returned: old=(231,1703,321,1797) new=(231,1703,321,1797) req=(90,94)0 dur=5 res=0x3 s={true 0xb4000070441d1000} ch=true seqId=0
04-06 12:04:35.126 31683 31683 I ViewRootImpl@13acb71[PopupWindow:413a518]: mThreadedRenderer.initialize() mSurface={isValid=true 0xb4000070441d1000} hwInitialized=true
04-06 12:04:35.126 31683 31737 D OpenGLRenderer: eglCreateWindowSurface
04-06 12:04:35.127 31683 31683 I ViewRootImpl@13acb71[PopupWindow:413a518]: reportNextDraw android.view.ViewRootImpl.performTraversals:4438 android.view.ViewRootImpl.doTraversal:3116 android.view.ViewRootImpl$TraversalRunnable.run:10885 android.view.Choreographer$CallbackRecord.run:1301 android.view.Choreographer$CallbackRecord.run:1309 
04-06 12:04:35.127 31683 31683 I ViewRootImpl@13acb71[PopupWindow:413a518]: Setup new sync id=0
04-06 12:04:35.127 31683 31683 I ViewRootImpl@13acb71[PopupWindow:413a518]: Setting syncFrameCallback
04-06 12:04:35.127 31683 31683 I ViewRootImpl@13acb71[PopupWindow:413a518]: registerCallbacksForSync syncBuffer=false
04-06 12:04:35.128 31683 31762 I ViewRootImpl@13acb71[PopupWindow:413a518]: Received frameDrawingCallback syncResult=0 frameNum=1.
04-06 12:04:35.128 31683 31762 I ViewRootImpl@13acb71[PopupWindow:413a518]: Setting up sync and frameCommitCallback
04-06 12:04:35.129 31683 31737 I BLASTBufferQueue: [ViewRootImpl@13acb71[PopupWindow:413a518]#3](f:0,a:0) onFrameAvailable the first frame is available
04-06 12:04:35.129 31683 31737 I ViewRootImpl@13acb71[PopupWindow:413a518]: Received frameCommittedCallback lastAttemptedDrawFrameNum=1 didProduceBuffer=true
04-06 12:04:35.129 31683 31737 D OpenGLRenderer: CFMS:: SetUp Pid : 31683    Tid : 31737
04-06 12:04:35.129 31683 31737 W Parcel  : Expecting binder but got null!
04-06 12:04:35.130 31683 31683 I ViewRootImpl@13acb71[PopupWindow:413a518]: onSyncComplete
04-06 12:04:35.130 31683 31683 I ViewRootImpl@13acb71[PopupWindow:413a518]: setupSync seqId=0 mSyncId=0 fn=1 caller=android.view.ViewRootImpl$$ExternalSyntheticLambda11.accept:6 android.window.SurfaceSyncer.lambda$setupSync$1$android-window-SurfaceSyncer:128 android.window.SurfaceSyncer$$ExternalSyntheticLambda1.accept:8 android.window.SurfaceSyncer$SyncSet.checkIfSyncIsComplete:382 android.window.SurfaceSyncer$SyncSet.markSyncReady:359 android.window.SurfaceSyncer.markSyncReady:151 android.view.ViewRootImpl.performTraversals:4503 
04-06 12:04:35.130 31683 31683 I ViewRootImpl@13acb71[PopupWindow:413a518]: reportDrawFinished seqId=0 mSyncId=-1 fn=1 mSurfaceChangedTransaction=0xb4000070a0d58c00
04-06 12:04:35.130 31683 31683 I ViewRootImpl@d721c7e[PopupWindow:5b28e39]: reportDrawFinished seqId=0 mSyncId=-1 fn=1 mSurfaceChangedTransaction=0xb4000070a0c7c700
04-06 12:04:35.132 31683 31683 I ViewRootImpl@d721c7e[PopupWindow:5b28e39]: handleResized, msg = 5 frames=ClientWindowFrames{frame=[231,1797][321,1905] display=[-100000,-100000][100000,100000] parentFrame=[0,0][0,0] parentClippedByDisplayCutout=false} forceNextWindowRelayout=false displayId=0 resizeMode=-1 frameChanged=false displayFrameChanged=false configChanged=false displayChanged=false
04-06 12:04:35.132 31683 31683 I ViewRootImpl@d721c7e[PopupWindow:5b28e39]: handleResized mSyncSeqId = 0
04-06 12:04:35.132 31683 31683 I ViewRootImpl@d721c7e[PopupWindow:5b28e39]: reportNextDraw android.view.ViewRootImpl.handleResized:2450 android.view.ViewRootImpl.-$$Nest$mhandleResized:0 android.view.ViewRootImpl$ViewRootHandler.handleMessageImpl:6728 android.view.ViewRootImpl$ViewRootHandler.handleMessage:6697 android.os.Handler.dispatchMessage:106 
04-06 12:04:35.133 31683 31683 I ViewRootImpl@d721c7e[PopupWindow:5b28e39]: Setup new sync id=1
04-06 12:04:35.133 31683 31683 I ViewRootImpl@d721c7e[PopupWindow:5b28e39]: Setting syncFrameCallback
04-06 12:04:35.133 31683 31683 I ViewRootImpl@d721c7e[PopupWindow:5b28e39]: registerCallbacksForSync syncBuffer=false
04-06 12:04:35.136 31683 31761 I ViewRootImpl@d721c7e[PopupWindow:5b28e39]: Received frameDrawingCallback syncResult=0 frameNum=2.
04-06 12:04:35.136 31683 31761 I ViewRootImpl@d721c7e[PopupWindow:5b28e39]: Setting up sync and frameCommitCallback
04-06 12:04:35.138 31683 31737 I ViewRootImpl@d721c7e[PopupWindow:5b28e39]: Received frameCommittedCallback lastAttemptedDrawFrameNum=2 didProduceBuffer=true
04-06 12:04:35.141 31683 31683 I ViewRootImpl@d721c7e[PopupWindow:5b28e39]: onSyncComplete
04-06 12:04:35.141 31683 31683 I ViewRootImpl@d721c7e[PopupWindow:5b28e39]: setupSync seqId=0 mSyncId=1 fn=2 caller=android.view.ViewRootImpl$$ExternalSyntheticLambda11.accept:6 android.window.SurfaceSyncer.lambda$setupSync$1$android-window-SurfaceSyncer:128 android.window.SurfaceSyncer$$ExternalSyntheticLambda1.accept:8 android.window.SurfaceSyncer$SyncSet.checkIfSyncIsComplete:382 android.window.SurfaceSyncer$SyncSet.markSyncReady:359 android.window.SurfaceSyncer.markSyncReady:151 android.view.ViewRootImpl.performTraversals:4503 
04-06 12:04:35.141 31683 31683 I ViewRootImpl@d721c7e[PopupWindow:5b28e39]: reportDrawFinished seqId=0 mSyncId=-1 fn=2 mSurfaceChangedTransaction=0xb4000070a0c7c700
04-06 12:04:35.142 31683 31683 I ViewRootImpl@13acb71[PopupWindow:413a518]: handleResized, msg = 5 frames=ClientWindowFrames{frame=[231,1703][321,1797] display=[-100000,-100000][100000,100000] parentFrame=[0,0][0,0] parentClippedByDisplayCutout=false} forceNextWindowRelayout=false displayId=0 resizeMode=-1 frameChanged=false displayFrameChanged=false configChanged=false displayChanged=false
04-06 12:04:35.143 31683 31683 I ViewRootImpl@13acb71[PopupWindow:413a518]: handleResized mSyncSeqId = 0
04-06 12:04:35.143 31683 31683 I ViewRootImpl@13acb71[PopupWindow:413a518]: reportNextDraw android.view.ViewRootImpl.handleResized:2450 android.view.ViewRootImpl.-$$Nest$mhandleResized:0 android.view.ViewRootImpl$ViewRootHandler.handleMessageImpl:6728 android.view.ViewRootImpl$ViewRootHandler.handleMessage:6697 android.os.Handler.dispatchMessage:106 
04-06 12:04:35.144 31683 31683 I ViewRootImpl@13acb71[PopupWindow:413a518]: Setup new sync id=1
04-06 12:04:35.144 31683 31683 I ViewRootImpl@13acb71[PopupWindow:413a518]: Setting syncFrameCallback
04-06 12:04:35.144 31683 31683 I ViewRootImpl@13acb71[PopupWindow:413a518]: registerCallbacksForSync syncBuffer=false
04-06 12:04:35.145 31683 31762 I ViewRootImpl@13acb71[PopupWindow:413a518]: Received frameDrawingCallback syncResult=0 frameNum=2.
04-06 12:04:35.145 31683 31762 I ViewRootImpl@13acb71[PopupWindow:413a518]: Setting up sync and frameCommitCallback
04-06 12:04:35.146 31683 31737 I ViewRootImpl@13acb71[PopupWindow:413a518]: Received frameCommittedCallback lastAttemptedDrawFrameNum=2 didProduceBuffer=true
04-06 12:04:35.146 31683 31683 I ViewRootImpl@13acb71[PopupWindow:413a518]: onSyncComplete
04-06 12:04:35.146 31683 31683 I ViewRootImpl@13acb71[PopupWindow:413a518]: setupSync seqId=0 mSyncId=1 fn=2 caller=android.view.ViewRootImpl$$ExternalSyntheticLambda11.accept:6 android.window.SurfaceSyncer.lambda$setupSync$1$android-window-SurfaceSyncer:128 android.window.SurfaceSyncer$$ExternalSyntheticLambda1.accept:8 android.window.SurfaceSyncer$SyncSet.checkIfSyncIsComplete:382 android.window.SurfaceSyncer$SyncSet.markSyncReady:359 android.window.SurfaceSyncer.markSyncReady:151 android.view.ViewRootImpl.performTraversals:4503 
04-06 12:04:35.147 31683 31683 I ViewRootImpl@13acb71[PopupWindow:413a518]: reportDrawFinished seqId=0 mSyncId=-1 fn=2 mSurfaceChangedTransaction=0xb4000070a0d58c00
04-06 12:04:35.176 31683 31683 W OnBackInvokedCallback: OnBackInvokedCallback is not enabled for the application.
04-06 12:04:35.176 31683 31683 W OnBackInvokedCallback: Set 'android:enableOnBackInvokedCallback="true"' in the application manifest.
04-06 12:04:35.194 31683 31929 I ViewRootImpl@d721c7e[PopupWindow:5b28e39]: Resizing android.view.ViewRootImpl@f1cd0fb: frame = [231,1797][321,1905] reportDraw = false forceLayout = false syncSeqId = 0
04-06 12:04:35.195 31683 31754 I ViewRootImpl@13acb71[PopupWindow:413a518]: Resizing android.view.ViewRootImpl@ef5d8e2: frame = [231,1703][321,1797] reportDraw = false forceLayout = false syncSeqId = 0
04-06 12:04:35.196 31683 31683 I ViewRootImpl@d721c7e[PopupWindow:5b28e39]: handleResized, msg = 4 frames=ClientWindowFrames{frame=[231,1797][321,1905] display=[-100000,-100000][100000,100000] parentFrame=[0,0][0,0] parentClippedByDisplayCutout=false} forceNextWindowRelayout=false displayId=0 resizeMode=-1 frameChanged=false displayFrameChanged=false configChanged=false displayChanged=false
04-06 12:04:35.196 31683 31683 I ViewRootImpl@13acb71[PopupWindow:413a518]: handleResized, msg = 4 frames=ClientWindowFrames{frame=[231,1703][321,1797] display=[-100000,-100000][100000,100000] parentFrame=[0,0][0,0] parentClippedByDisplayCutout=false} forceNextWindowRelayout=false displayId=0 resizeMode=-1 frameChanged=false displayFrameChanged=false configChanged=false displayChanged=false
04-06 12:04:35.196 31683 32055 I ViewRootImpl@73623ee[MainActivity]: Resizing android.view.ViewRootImpl@25a16ab: frame = [0,0][1080,2400] reportDraw = false forceLayout = false syncSeqId = 0
04-06 12:04:35.196 31683 31683 D InsetsController: onStateChanged: InsetsState: {mDisplayFrame=Rect(0, 0 - 1080, 2400), mDisplayCutout=DisplayCutout{insets=Rect(0, 88 - 0, 0) waterfall=Insets{left=0, top=0, right=0, bottom=0} boundingRect={Bounds=[Rect(0, 0 - 0, 0), Rect(512, 0 - 568, 88), Rect(0, 0 - 0, 0), Rect(0, 0 - 0, 0)]} cutoutPathParserInfo={CutoutPathParserInfo{displayWidth=1080 displayHeight=2400 physicalDisplayWidth=1080 physicalDisplayHeight=2400 density={3.0} cutoutSpec={M 0,0 M 0,10.71963616907435 a 9.280363830925644,9.280363830925644 0 1,0 0,18.56072766185129 a 9.280363830925644,9.280363830925644 0 1,0 0,-18.56072766185129 Z @dp} rotation={0} scale={1.0} physicalPixelDisplaySizeRatio={1.0}}}}, mRoundedCorners=RoundedCorners{[RoundedCorner{position=TopLeft, radius=96, center=Point(96, 96)}, RoundedCorner{position=TopRight, radius=96, center=Point(984, 96)}, RoundedCorner{position=BottomRight, radius=96, center=Point(984, 2304)}, RoundedCorner{position=BottomLeft, radius=96, center=Point(96, 2304)}]}  mRoundedCornerFrame=Rect(0, 0 - 1080, 2400), mPrivacyIndicatorBounds=PrivacyIndicatorBounds {static bounds=Rect(948, 0 - 1080, 88) rotation=0}, mSources= { InsetsSource: {mType=ITYPE_STATUS_BAR, mFrame=[0,0][1080,88], mVisible=true, mInsetsRoundedCornerFrame=false}, InsetsSource: {mType=ITYPE_NAVIGATION_BAR, mFrame=[0,2256][1080,2400], mVisible=true, mInsetsRoundedCornerFrame=false}, InsetsSource: {mType=ITYPE_LEFT_GESTURES, mFrame=[0,0][0,2400], mVisible=true, mInsetsRoundedCornerFrame=false}, InsetsSource: {mType=ITYPE_RIGHT_GESTURES, mFrame=[1080,0][1080,2400], mVisible=true, mInsetsRoundedCornerFrame=false}, InsetsSource: {mType=ITYPE_TOP_MANDATORY_GESTURES, mFrame=[0,0][1080,124], mVisible=true, mInsetsRoundedCornerFrame=false}, InsetsSource: {mType=ITYPE_BOTTOM_MANDATORY_GESTURES, mFrame=[0,2256][1080,2400], mVisible=true, mInsetsRoundedCornerFrame=false}, InsetsSource: {mType=ITYPE_LEFT_DISPLAY_CUTOUT, mFrame=[0,0][-100000,2400], mVisible=true, mInsetsRoundedCornerFrame=false}, InsetsSource: {mType=ITYPE_TOP_DISPLAY_CUTOUT, mFrame=[0,0][1080,88], mVisible=true, mInsetsRoundedCornerFrame=false}, InsetsSource: {mType=ITYPE_RIGHT_DISPLAY_CUTOUT, mFrame=[100000,0][1080,2400], mVisible=true, mInsetsRoundedCornerFrame=false}, InsetsSource: {mType=ITYPE_BOTTOM_DISPLAY_CUTOUT, mFrame=[0,100000][1080,2400], mVisible=true, mInsetsRoundedCornerFrame=false}, InsetsSource: {mType=ITYPE_TOP_TAPPABLE_ELEMENT, mFrame=[0,0][1080,88], mVisible=true, mInsetsRoundedCornerFrame=false}, InsetsSource: {mType=ITYPE_BOTTOM_TAPPABLE_ELEMENT, mFrame=[0,2256][1080,2400], mVisible=true, mInsetsRoundedCornerFrame=false}, InsetsSource: {mType=ITYPE_IME, mFrame=[0,1374][1080,2400], mVisibleFrame=[0,1374][1080,2400], mVisible=false, mInsetsRoundedCornerFrame=false} } host=com.evolucao.app/com.evolucao.app.MainActivity from=android.view.ViewRootImpl$ViewRootHandler.handleMessageImpl:6727
04-06 12:04:35.197 31683 31683 I ViewRootImpl@73623ee[MainActivity]: handleResized, msg = 4 frames=ClientWindowFrames{frame=[0,0][1080,2400] display=[0,0][1080,2400] parentFrame=[0,0][0,0] parentClippedByDisplayCutout=false} forceNextWindowRelayout=false displayId=0 resizeMode=-1 frameChanged=false displayFrameChanged=false configChanged=false displayChanged=false
04-06 12:04:35.216 31683 31683 D InsetsController: show(ime(), fromIme=true)
04-06 12:04:35.219 31683 31683 D InsetsController: controlAnimationUnchecked: Added types=8 animType=0 host=com.evolucao.app/com.evolucao.app.MainActivity from=android.view.InsetsController.applyAnimation:1576 android.view.InsetsController.applyAnimation:1557 android.view.InsetsController.show:1063 
04-06 12:04:35.220 31683 31683 D InsetsSourceConsumer: setRequestedVisible: visible=true, type=19, host=com.evolucao.app/com.evolucao.app.MainActivity, from=android.view.InsetsSourceConsumer.show:250 android.view.ImeInsetsSourceConsumer.show:82 android.view.InsetsController.showDirectly:1609 android.view.InsetsController.controlAnimationUnchecked:1232 android.view.InsetsController.applyAnimation:1576 android.view.InsetsController.applyAnimation:1557 android.view.InsetsController.show:1063 android.view.ViewRootImpl$ViewRootHandler.handleMessageImpl:6761 android.view.ViewRootImpl$ViewRootHandler.handleMessage:6697 android.os.Handler.dispatchMessage:106 
04-06 12:04:35.228 31683 31929 I ViewRootImpl@13acb71[PopupWindow:413a518]: Resizing android.view.ViewRootImpl@ef5d8e2: frame = [231,1703][321,1797] reportDraw = false forceLayout = false syncSeqId = 0
04-06 12:04:35.229 31683 32055 I ViewRootImpl@d721c7e[PopupWindow:5b28e39]: Resizing android.view.ViewRootImpl@f1cd0fb: frame = [231,1797][321,1905] reportDraw = false forceLayout = false syncSeqId = 0
04-06 12:04:35.233 31683 31754 I ViewRootImpl@73623ee[MainActivity]: Resizing android.view.ViewRootImpl@25a16ab: frame = [0,0][1080,2400] reportDraw = false forceLayout = false syncSeqId = 0
04-06 12:04:35.240 31683 31683 D InsetsController: show(ime(), fromIme=true)
04-06 12:04:35.240 31683 31683 I ViewRootImpl@13acb71[PopupWindow:413a518]: handleResized, msg = 4 frames=ClientWindowFrames{frame=[231,1703][321,1797] display=[-100000,-100000][100000,100000] parentFrame=[0,0][0,0] parentClippedByDisplayCutout=false} forceNextWindowRelayout=false displayId=0 resizeMode=-1 frameChanged=false displayFrameChanged=false configChanged=false displayChanged=false
04-06 12:04:35.241 31683 31683 I ViewRootImpl@d721c7e[PopupWindow:5b28e39]: handleResized, msg = 4 frames=ClientWindowFrames{frame=[231,1797][321,1905] display=[-100000,-100000][100000,100000] parentFrame=[0,0][0,0] parentClippedByDisplayCutout=false} forceNextWindowRelayout=false displayId=0 resizeMode=-1 frameChanged=false displayFrameChanged=false configChanged=false displayChanged=false
