04-06 10:49:03.623 29519 29550 D Detox   : class com.wix.detox.espresso.DetoxMatcher, matcherForTestId, [input-peso-atual, false]
04-06 10:49:03.623 29519 29550 D Detox   : class androidx.test.espresso.action.ViewActions, clearText, []
04-06 10:49:03.624 29519 29550 D Detox   : class com.wix.detox.espresso.EspressoDetox, perform, [(view.getTag() is "input-peso-atual" and view has effective visibility <VISIBLE>), androidx.test.espresso.action.ReplaceTextAction@5b389df]
04-06 10:49:03.628 29519 29519 I ViewInteraction: Performing 'replace text()' action on view (view.getTag() is "input-peso-atual" and view has effective visibility <VISIBLE>)
04-06 10:49:03.635 29519 29550 I DetoxWSClient: Sending out action 'invokeResult' (ID #5)
04-06 10:49:03.635 29519 29550 I DetoxDispatcher: Done with action 'invoke'
04-06 10:49:03.638 29519 29554 D DetoxWSClient: Received action 'invoke' (ID #6, params={"target":{"type":"Class","value":"com.wix.detox.espresso.EspressoDetox"},"method":"perform","args":[{"type":"Invocation","value":{"target":{"type":"Class","value":"com.wix.detox.espresso.DetoxMatcher"},"method":"matcherForTestId","args":["input-peso-atual",{"type":"boolean","value":false}]}},{"type":"Invocation","value":{"target":{"type":"Class","value":"androidx.test.espresso.action.ViewActions"},"method":"replaceText","args":["82"]}}]})
04-06 10:49:03.638 29519 29550 I DetoxDispatcher: Handling action 'invoke' (ID #6)...
04-06 10:49:03.639 29519 29550 D Detox   : class com.wix.detox.espresso.DetoxMatcher, matcherForTestId, [input-peso-atual, false]
04-06 10:49:03.639 29519 29550 D Detox   : class androidx.test.espresso.action.ViewActions, replaceText, [82]
04-06 10:49:03.639 29519 29550 D Detox   : class com.wix.detox.espresso.EspressoDetox, perform, [(view.getTag() is "input-peso-atual" and view has effective visibility <VISIBLE>), androidx.test.espresso.action.ReplaceTextAction@352bec4]
04-06 10:49:03.649 29519 29519 D InputMethodManager: startInputInner - Id : 0
04-06 10:49:03.649 29519 29519 I InputMethodManager: startInputInner - mService.startInputOrWindowGainedFocus
04-06 10:49:03.677 29519 29527 I om.evolucao.app: Compiler allocated 6133KB to compile void android.view.ViewRootImpl.performTraversals()
04-06 10:49:03.682 29519 29519 D InputMethodManager: startInputInner - Id : 0
04-06 10:49:03.682 29519 29519 I InputMethodManager: startInputInner - mService.startInputOrWindowGainedFocus
04-06 10:49:03.686 29519 29519 I ViewInteraction: Performing 'replace text(82)' action on view (view.getTag() is "input-peso-atual" and view has effective visibility <VISIBLE>)
04-06 10:49:03.691 29519 29550 I DetoxWSClient: Sending out action 'invokeResult' (ID #6)
04-06 10:49:03.691 29519 29550 I DetoxDispatcher: Done with action 'invoke'
04-06 10:49:03.696 29519 29554 D DetoxWSClient: Received action 'invoke' (ID #7, params={"target":{"type":"Class","value":"com.wix.detox.espresso.DetoxAssertion"},"method":"assertMatcher","args":[{"type":"Invocation","value":{"target":{"type":"Class","value":"androidx.test.espresso.Espresso"},"method":"onView","args":[{"type":"Invocation","value":{"target":{"type":"Class","value":"com.wix.detox.espresso.DetoxMatcher"},"method":"matcherForTestId","args":["input-peso-atual",{"type":"boolean","value":false}]}}]}},{"type":"Invocation","value":{"target":{"type":"Class","value":"com.wix.detox.espresso.DetoxMatcher"},"method":"matcherForText","args":["82",{"type":"boolean","value":false}]}}]})
04-06 10:49:03.697 29519 29519 D InsetsController: show(ime(), fromIme=true)
04-06 10:49:03.697 29519 29550 I DetoxDispatcher: Handling action 'invoke' (ID #7)...
04-06 10:49:03.697 29519 29550 D Detox   : class com.wix.detox.espresso.DetoxMatcher, matcherForTestId, [input-peso-atual, false]
04-06 10:49:03.698 29519 29550 D Detox   : class androidx.test.espresso.Espresso, onView, [(view.getTag() is "input-peso-atual" and view has effective visibility <VISIBLE>)]
04-06 10:49:03.698 29519 29550 D Detox   : class com.wix.detox.espresso.DetoxMatcher, matcherForText, [82, false]
04-06 10:49:03.699 29519 29519 D InputMethodManager: startInputInner - Id : 0
04-06 10:49:03.699 29519 29550 D Detox   : class com.wix.detox.espresso.DetoxAssertion, assertMatcher, [androidx.test.espresso.ViewInteraction@d5b289, (an instance of android.widget.TextView and view.getText() with or without transformation to match: is "82" and view has effective visibility <VISIBLE>)]
04-06 10:49:03.699 29519 29519 I InputMethodManager: startInputInner - mService.startInputOrWindowGainedFocus
04-06 10:49:03.711 29519 29519 D InsetsController: show(ime(), fromIme=true)
04-06 10:49:03.732 29519 29519 D InsetsController: show(ime(), fromIme=true)
04-06 10:49:03.733 29519 29519 I ViewInteraction: Checking 'MatchesViewAssertion(Detox){viewMatcher=(an instance of android.widget.TextView and view.getText() with or without transformation to match: is "82" and view has effective visibility <VISIBLE>)}' assertion on view (view.getTag() is "input-peso-atual" and view has effective visibility <VISIBLE>)
04-06 10:49:03.737 29519 29550 I DetoxWSClient: Sending out action 'invokeResult' (ID #7)
04-06 10:49:03.737 29519 29550 I DetoxDispatcher: Done with action 'invoke'
04-06 10:49:03.741 29519 29554 D DetoxWSClient: Received action 'invoke' (ID #8, params={"target":{"type":"Class","value":"com.wix.detox.espresso.EspressoDetox"},"method":"perform","args":[{"type":"Invocation","value":{"target":{"type":"Class","value":"com.wix.detox.espresso.DetoxMatcher"},"method":"matcherForTestId","args":["input-peso-meta",{"type":"boolean","value":false}]}},{"type":"Invocation","value":{"target":{"type":"Class","value":"com.wix.detox.espresso.DetoxViewActions"},"method":"click","args":[]}}]})
04-06 10:49:03.741 29519 29550 I DetoxDispatcher: Handling action 'invoke' (ID #8)...
04-06 10:49:03.741 29519 29567 D OpenGLRenderer: setSurface called with nullptr
04-06 10:49:03.741 29519 29567 D OpenGLRenderer: setSurface() destroyed EGLSurface
04-06 10:49:03.741 29519 29567 D OpenGLRenderer: destroyEglSurface
04-06 10:49:03.742 29519 29550 D Detox   : class com.wix.detox.espresso.DetoxMatcher, matcherForTestId, [input-peso-meta, false]
04-06 10:49:03.742 29519 29550 D Detox   : class com.wix.detox.espresso.DetoxViewActions, click, []
04-06 10:49:03.742 29519 29519 I ViewRootImpl@bfb0b2a[PopupWindow:71c9c15]: dispatchDetachedFromWindow
04-06 10:49:03.742 29519 29550 D Detox   : class com.wix.detox.espresso.EspressoDetox, perform, [(view.getTag() is "input-peso-meta" and view has effective visibility <VISIBLE>), com.wix.detox.espresso.action.RNClickAction@d134ff9]
04-06 10:49:03.746 29519 29519 D InputTransport: Input channel destroyed: 'fa3c529', fd=174
04-06 10:49:03.747 29519 29567 D OpenGLRenderer: setSurface called with nullptr
04-06 10:49:03.747 29519 29567 D OpenGLRenderer: setSurface() destroyed EGLSurface
04-06 10:49:03.747 29519 29567 D OpenGLRenderer: destroyEglSurface
04-06 10:49:03.748 29519 29519 I ViewRootImpl@ce538cd[PopupWindow:303e64]: dispatchDetachedFromWindow
04-06 10:49:03.751 29519 29519 D InputTransport: Input channel destroyed: '703f717', fd=175
04-06 10:49:03.754 29519 29519 I ViewInteraction: Performing 'com.wix.detox.espresso.action.detoxsingletap@72d1b3e click' action on view (view.getTag() is "input-peso-meta" and view has effective visibility <VISIBLE>)
04-06 10:49:03.758 29519 29519 I ViewRootImpl@7efc384[MainActivity]: ViewPostIme pointer 0
04-06 10:49:03.788 29519 29519 I ViewRootImpl@7efc384[MainActivity]: ViewPostIme pointer 1
04-06 10:49:03.796 29519 29519 D InputMethodManager: startInputInner - Id : 0
04-06 10:49:03.796 29519 29519 I InputMethodManager: startInputInner - mService.startInputOrWindowGainedFocus
04-06 10:49:03.799 29519 29519 I IMM_LC  : showSoftInput(View,I)
04-06 10:49:03.799 29519 29519 I IMM_LC  : ssi() - flag : 0 view : com.evolucao.app reason = SHOW_SOFT_INPUT
04-06 10:49:03.808 29519 29567 D NativeCustomFrequencyManager: [NativeCFMS] BpCustomFrequencyManager::BpCustomFrequencyManager()
04-06 10:49:03.811 29519 29519 D InsetsController: onStateChanged: InsetsState: {mDisplayFrame=Rect(0, 0 - 1080, 2400), mDisplayCutout=DisplayCutout{insets=Rect(0, 88 - 0, 0) waterfall=Insets{left=0, top=0, right=0, bottom=0} boundingRect={Bounds=[Rect(0, 0 - 0, 0), Rect(512, 0 - 568, 88), Rect(0, 0 - 0, 0), Rect(0, 0 - 0, 0)]} cutoutPathParserInfo={CutoutPathParserInfo{displayWidth=1080 displayHeight=2400 physicalDisplayWidth=1080 physicalDisplayHeight=2400 density={3.0} cutoutSpec={M 0,0 M 0,10.71963616907435 a 9.280363830925644,9.280363830925644 0 1,0 0,18.56072766185129 a 9.280363830925644,9.280363830925644 0 1,0 0,-18.56072766185129 Z @dp} rotation={0} scale={1.0} physicalPixelDisplaySizeRatio={1.0}}}}, mRoundedCorners=RoundedCorners{[RoundedCorner{position=TopLeft, radius=96, center=Point(96, 96)}, RoundedCorner{position=TopRight, radius=96, center=Point(984, 96)}, RoundedCorner{position=BottomRight, radius=96, center=Point(984, 2304)}, RoundedCorner{position=BottomLeft, radius=96, center=Point(96, 2304)}]}  mRoundedCornerFrame=Rect(0, 0 - 1080, 2400), mPrivacyIndicatorBounds=PrivacyIndicatorBounds {static bounds=Rect(948, 0 - 1080, 88) rotation=0}, mSources= { InsetsSource: {mType=ITYPE_STATUS_BAR, mFrame=[0,0][1080,88], mVisible=true, mInsetsRoundedCornerFrame=false}, InsetsSource: {mType=ITYPE_NAVIGATION_BAR, mFrame=[0,2256][1080,2400], mVisible=true, mInsetsRoundedCornerFrame=false}, InsetsSource: {mType=ITYPE_LEFT_GESTURES, mFrame=[0,0][0,2400], mVisible=true, mInsetsRoundedCornerFrame=false}, InsetsSource: {mType=ITYPE_RIGHT_GESTURES, mFrame=[1080,0][1080,2400], mVisible=true, mInsetsRoundedCornerFrame=false}, InsetsSource: {mType=ITYPE_TOP_MANDATORY_GESTURES, mFrame=[0,0][1080,124], mVisible=true, mInsetsRoundedCornerFrame=false}, InsetsSource: {mType=ITYPE_BOTTOM_MANDATORY_GESTURES, mFrame=[0,2256][1080,2400], mVisible=true, mInsetsRoundedCornerFrame=false}, InsetsSource: {mType=ITYPE_LEFT_DISPLAY_CUTOUT, mFrame=[0,0][-100000,2400], mVisible=true, mInsetsRoundedCornerFrame=false}, InsetsSource: {mType=ITYPE_TOP_DISPLAY_CUTOUT, mFrame=[0,0][1080,88], mVisible=true, mInsetsRoundedCornerFrame=false}, InsetsSource: {mType=ITYPE_RIGHT_DISPLAY_CUTOUT, mFrame=[100000,0][1080,2400], mVisible=true, mInsetsRoundedCornerFrame=false}, InsetsSource: {mType=ITYPE_BOTTOM_DISPLAY_CUTOUT, mFrame=[0,100000][1080,2400], mVisible=true, mInsetsRoundedCornerFrame=false}, InsetsSource: {mType=ITYPE_TOP_TAPPABLE_ELEMENT, mFrame=[0,0][1080,88], mVisible=true, mInsetsRoundedCornerFrame=false}, InsetsSource: {mType=ITYPE_BOTTOM_TAPPABLE_ELEMENT, mFrame=[0,2256][1080,2400], mVisible=true, mInsetsRoundedCornerFrame=false} } host=PopupWindow:fb8eec from=android.view.ViewRootImpl.setView:1732
04-06 10:49:03.813 29519 29519 I ViewRootImpl@72ff2b5[PopupWindow:fb8eec]: setView = android.widget.PopupWindow$PopupDecorView@3a0531 TM=false
04-06 10:49:03.814 29519 29567 D NativeCustomFrequencyManager: [NativeCFMS] BpCustomFrequencyManager::BpCustomFrequencyManager()
04-06 10:49:03.817 29519 29519 D InsetsController: onStateChanged: InsetsState: {mDisplayFrame=Rect(0, 0 - 1080, 2400), mDisplayCutout=DisplayCutout{insets=Rect(0, 88 - 0, 0) waterfall=Insets{left=0, top=0, right=0, bottom=0} boundingRect={Bounds=[Rect(0, 0 - 0, 0), Rect(512, 0 - 568, 88), Rect(0, 0 - 0, 0), Rect(0, 0 - 0, 0)]} cutoutPathParserInfo={CutoutPathParserInfo{displayWidth=1080 displayHeight=2400 physicalDisplayWidth=1080 physicalDisplayHeight=2400 density={3.0} cutoutSpec={M 0,0 M 0,10.71963616907435 a 9.280363830925644,9.280363830925644 0 1,0 0,18.56072766185129 a 9.280363830925644,9.280363830925644 0 1,0 0,-18.56072766185129 Z @dp} rotation={0} scale={1.0} physicalPixelDisplaySizeRatio={1.0}}}}, mRoundedCorners=RoundedCorners{[RoundedCorner{position=TopLeft, radius=96, center=Point(96, 96)}, RoundedCorner{position=TopRight, radius=96, center=Point(984, 96)}, RoundedCorner{position=BottomRight, radius=96, center=Point(984, 2304)}, RoundedCorner{position=BottomLeft, radius=96, center=Point(96, 2304)}]}  mRoundedCornerFrame=Rect(0, 0 - 1080, 2400), mPrivacyIndicatorBounds=PrivacyIndicatorBounds {static bounds=Rect(948, 0 - 1080, 88) rotation=0}, mSources= { InsetsSource: {mType=ITYPE_STATUS_BAR, mFrame=[0,0][1080,88], mVisible=true, mInsetsRoundedCornerFrame=false}, InsetsSource: {mType=ITYPE_NAVIGATION_BAR, mFrame=[0,2256][1080,2400], mVisible=true, mInsetsRoundedCornerFrame=false}, InsetsSource: {mType=ITYPE_LEFT_GESTURES, mFrame=[0,0][0,2400], mVisible=true, mInsetsRoundedCornerFrame=false}, InsetsSource: {mType=ITYPE_RIGHT_GESTURES, mFrame=[1080,0][1080,2400], mVisible=true, mInsetsRoundedCornerFrame=false}, InsetsSource: {mType=ITYPE_TOP_MANDATORY_GESTURES, mFrame=[0,0][1080,124], mVisible=true, mInsetsRoundedCornerFrame=false}, InsetsSource: {mType=ITYPE_BOTTOM_MANDATORY_GESTURES, mFrame=[0,2256][1080,2400], mVisible=true, mInsetsRoundedCornerFrame=false}, InsetsSource: {mType=ITYPE_LEFT_DISPLAY_CUTOUT, mFrame=[0,0][-100000,2400], mVisible=true, mInsetsRoundedCornerFrame=false}, InsetsSource: {mType=ITYPE_TOP_DISPLAY_CUTOUT, mFrame=[0,0][1080,88], mVisible=true, mInsetsRoundedCornerFrame=false}, InsetsSource: {mType=ITYPE_RIGHT_DISPLAY_CUTOUT, mFrame=[100000,0][1080,2400], mVisible=true, mInsetsRoundedCornerFrame=false}, InsetsSource: {mType=ITYPE_BOTTOM_DISPLAY_CUTOUT, mFrame=[0,100000][1080,2400], mVisible=true, mInsetsRoundedCornerFrame=false}, InsetsSource: {mType=ITYPE_TOP_TAPPABLE_ELEMENT, mFrame=[0,0][1080,88], mVisible=true, mInsetsRoundedCornerFrame=false}, InsetsSource: {mType=ITYPE_BOTTOM_TAPPABLE_ELEMENT, mFrame=[0,2256][1080,2400], mVisible=true, mInsetsRoundedCornerFrame=false} } host=PopupWindow:dc9b197 from=android.view.ViewRootImpl.setView:1732
04-06 10:49:03.818 29519 29519 I ViewRootImpl@4c6cf84[PopupWindow:dc9b197]: setView = android.widget.PopupWindow$PopupDecorView@da35ff0 TM=false
04-06 10:49:03.821 29519 29519 W RemoteInputConnectionImpl: requestCursorAnchorInfo on inactive InputConnection
04-06 10:49:03.822 29519 29519 I IMM_LC  : showSoftInput(View,I)
04-06 10:49:03.822 29519 29519 I IMM_LC  : ssi() - flag : 0 view : com.evolucao.app reason = SHOW_SOFT_INPUT
04-06 10:49:03.824 29519 29519 I ViewRootImpl@72ff2b5[PopupWindow:fb8eec]: performTraversals params={(112,1390)(90x108) gr=TOP START CENTER sim={state=unchanged adjust=pan} ty=APPLICATION_SUB_PANEL fmt=TRANSLUCENT wanim=0x1030313 surfaceInsets=Rect(0, 0 - 0, 0) (manual)
04-06 10:49:03.824 29519 29519 I ViewRootImpl@72ff2b5[PopupWindow:fb8eec]:   fl=41800208
04-06 10:49:03.824 29519 29519 I ViewRootImpl@72ff2b5[PopupWindow:fb8eec]:   pfl=2018000
04-06 10:49:03.824 29519 29519 I ViewRootImpl@72ff2b5[PopupWindow:fb8eec]:   bhv=DEFAULT
04-06 10:49:03.824 29519 29519 I ViewRootImpl@72ff2b5[PopupWindow:fb8eec]:   fitTypes=STATUS_BARS NAVIGATION_BARS CAPTION_BAR naviIconColor=0
04-06 10:49:03.824 29519 29519 I ViewRootImpl@72ff2b5[PopupWindow:fb8eec]:   sfl=20000}
04-06 10:49:03.825 29519 29519 I ViewRootImpl@72ff2b5[PopupWindow:fb8eec]: performTraversals mFirst=true windowShouldResize=true viewVisibilityChanged=false mForceNextWindowRelayout=false params={(112,1390)(90x108) gr=TOP START CENTER sim={state=unchanged adjust=pan} ty=APPLICATION_SUB_PANEL fmt=TRANSLUCENT wanim=0x1030313 surfaceInsets=Rect(0, 0 - 0, 0) (manual)
04-06 10:49:03.825 29519 29519 I ViewRootImpl@72ff2b5[PopupWindow:fb8eec]:   fl=41800208
04-06 10:49:03.825 29519 29519 I ViewRootImpl@72ff2b5[PopupWindow:fb8eec]:   pfl=42018000
04-06 10:49:03.825 29519 29519 I ViewRootImpl@72ff2b5[PopupWindow:fb8eec]:   bhv=DEFAULT
04-06 10:49:03.825 29519 29519 I ViewRootImpl@72ff2b5[PopupWindow:fb8eec]:   fitTypes=STATUS_BARS NAVIGATION_BARS CAPTION_BAR naviIconColor=0
04-06 10:49:03.825 29519 29519 I ViewRootImpl@72ff2b5[PopupWindow:fb8eec]:   sfl=20000}
04-06 10:49:03.830 29519 29534 I ViewRootImpl@72ff2b5[PopupWindow:fb8eec]: Resizing android.view.ViewRootImpl@b2f5416: frame = [112,1390][202,1498] reportDraw = true forceLayout = false syncSeqId = 0
04-06 10:49:03.832 29519 29519 I ViewRootImpl@72ff2b5[PopupWindow:fb8eec]: updateBlastSurfaceIfNeeded mBlastBufferQueue=null isSameSurfaceControl=false
04-06 10:49:03.833 29519 29519 I BLASTBufferQueue: new BLASTBufferQueue, mName= ViewRootImpl@72ff2b5[PopupWindow:fb8eec] mNativeObject= 0xb4000070a060fa00 sc.mNativeObject= 0xb4000070a06a1bc0 caller= android.view.ViewRootImpl.updateBlastSurfaceIfNeeded:2909 android.view.ViewRootImpl.relayoutWindow:9847 android.view.ViewRootImpl.performTraversals:3884 android.view.ViewRootImpl.doTraversal:3116 android.view.ViewRootImpl$TraversalRunnable.run:10885 android.view.Choreographer$CallbackRecord.run:1301 android.view.Choreographer$CallbackRecord.run:1309 android.view.Choreographer.doCallbacks:923 android.view.Choreographer.doFrame:852 android.view.Choreographer$FrameDisplayEventReceiver.run:1283 
04-06 10:49:03.833 29519 29519 I BLASTBufferQueue: update, w= 90 h= 108 mName = ViewRootImpl@72ff2b5[PopupWindow:fb8eec] mNativeObject= 0xb4000070a060fa00 sc.mNativeObject= 0xb4000070a06a1bc0 format= -3 caller= android.graphics.BLASTBufferQueue.<init>:84 android.view.ViewRootImpl.updateBlastSurfaceIfNeeded:2909 android.view.ViewRootImpl.relayoutWindow:9847 android.view.ViewRootImpl.performTraversals:3884 android.view.ViewRootImpl.doTraversal:3116 android.view.ViewRootImpl$TraversalRunnable.run:10885 
04-06 10:49:03.833 29519 29519 I ViewRootImpl@72ff2b5[PopupWindow:fb8eec]: Relayout returned: old=(112,1390,202,1498) new=(112,1390,202,1498) req=(90,108)0 dur=7 res=0x3 s={true 0xb4000070a0647800} ch=true seqId=0
04-06 10:49:03.834 29519 29519 I ViewRootImpl@72ff2b5[PopupWindow:fb8eec]: mThreadedRenderer.initialize() mSurface={isValid=true 0xb4000070a0647800} hwInitialized=true
04-06 10:49:03.834 29519 29567 D OpenGLRenderer: eglCreateWindowSurface
04-06 10:49:03.835 29519 29519 I ViewRootImpl@72ff2b5[PopupWindow:fb8eec]: reportNextDraw android.view.ViewRootImpl.performTraversals:4438 android.view.ViewRootImpl.doTraversal:3116 android.view.ViewRootImpl$TraversalRunnable.run:10885 android.view.Choreographer$CallbackRecord.run:1301 android.view.Choreographer$CallbackRecord.run:1309 
04-06 10:49:03.835 29519 29519 I ViewRootImpl@72ff2b5[PopupWindow:fb8eec]: Setup new sync id=0
04-06 10:49:03.835 29519 29519 I ViewRootImpl@72ff2b5[PopupWindow:fb8eec]: Setting syncFrameCallback
04-06 10:49:03.835 29519 29519 I ViewRootImpl@72ff2b5[PopupWindow:fb8eec]: registerCallbacksForSync syncBuffer=false
04-06 10:49:03.836 29519 29587 I ViewRootImpl@72ff2b5[PopupWindow:fb8eec]: Received frameDrawingCallback syncResult=0 frameNum=1.
04-06 10:49:03.836 29519 29587 I ViewRootImpl@72ff2b5[PopupWindow:fb8eec]: Setting up sync and frameCommitCallback
04-06 10:49:03.836 29519 29567 I BLASTBufferQueue: [ViewRootImpl@72ff2b5[PopupWindow:fb8eec]#4](f:0,a:0) onFrameAvailable the first frame is available
04-06 10:49:03.837 29519 29567 I ViewRootImpl@72ff2b5[PopupWindow:fb8eec]: Received frameCommittedCallback lastAttemptedDrawFrameNum=1 didProduceBuffer=true
04-06 10:49:03.837 29519 29567 D OpenGLRenderer: CFMS:: SetUp Pid : 29519    Tid : 29567
04-06 10:49:03.837 29519 29567 W Parcel  : Expecting binder but got null!
04-06 10:49:03.837 29519 29519 I ViewRootImpl@72ff2b5[PopupWindow:fb8eec]: onSyncComplete
04-06 10:49:03.837 29519 29519 I ViewRootImpl@72ff2b5[PopupWindow:fb8eec]: setupSync seqId=0 mSyncId=0 fn=1 caller=android.view.ViewRootImpl$$ExternalSyntheticLambda11.accept:6 android.window.SurfaceSyncer.lambda$setupSync$1$android-window-SurfaceSyncer:128 android.window.SurfaceSyncer$$ExternalSyntheticLambda1.accept:8 android.window.SurfaceSyncer$SyncSet.checkIfSyncIsComplete:382 android.window.SurfaceSyncer$SyncSet.markSyncReady:359 android.window.SurfaceSyncer.markSyncReady:151 android.view.ViewRootImpl.performTraversals:4503 
04-06 10:49:03.839 29519 29519 I ViewRootImpl@4c6cf84[PopupWindow:dc9b197]: performTraversals params={(112,1296)(90x94) gr=TOP START CENTER sim={state=unchanged adjust=pan} ty=APPLICATION_SUB_PANEL fmt=TRANSLUCENT wanim=0x1030313 surfaceInsets=Rect(0, 0 - 0, 0) (manual)
04-06 10:49:03.839 29519 29519 I ViewRootImpl@4c6cf84[PopupWindow:dc9b197]:   fl=41800218
04-06 10:49:03.839 29519 29519 I ViewRootImpl@4c6cf84[PopupWindow:dc9b197]:   pfl=2018000
04-06 10:49:03.839 29519 29519 I ViewRootImpl@4c6cf84[PopupWindow:dc9b197]:   bhv=DEFAULT
04-06 10:49:03.839 29519 29519 I ViewRootImpl@4c6cf84[PopupWindow:dc9b197]:   fitTypes=STATUS_BARS NAVIGATION_BARS CAPTION_BAR naviIconColor=0
04-06 10:49:03.839 29519 29519 I ViewRootImpl@4c6cf84[PopupWindow:dc9b197]:   sfl=20000}
04-06 10:49:03.839 29519 29519 I ViewRootImpl@4c6cf84[PopupWindow:dc9b197]: performTraversals mFirst=true windowShouldResize=true viewVisibilityChanged=false mForceNextWindowRelayout=false params={(112,1296)(90x94) gr=TOP START CENTER sim={state=unchanged adjust=pan} ty=APPLICATION_SUB_PANEL fmt=TRANSLUCENT wanim=0x1030313 surfaceInsets=Rect(0, 0 - 0, 0) (manual)
04-06 10:49:03.839 29519 29519 I ViewRootImpl@4c6cf84[PopupWindow:dc9b197]:   fl=41800218
04-06 10:49:03.839 29519 29519 I ViewRootImpl@4c6cf84[PopupWindow:dc9b197]:   pfl=42018000
04-06 10:49:03.839 29519 29519 I ViewRootImpl@4c6cf84[PopupWindow:dc9b197]:   bhv=DEFAULT
04-06 10:49:03.839 29519 29519 I ViewRootImpl@4c6cf84[PopupWindow:dc9b197]:   fitTypes=STATUS_BARS NAVIGATION_BARS CAPTION_BAR naviIconColor=0
04-06 10:49:03.839 29519 29519 I ViewRootImpl@4c6cf84[PopupWindow:dc9b197]:   sfl=20000}
04-06 10:49:03.842 29519 29533 I ViewRootImpl@4c6cf84[PopupWindow:dc9b197]: Resizing android.view.ViewRootImpl@96b2969: frame = [112,1296][202,1390] reportDraw = true forceLayout = false syncSeqId = 0
04-06 10:49:03.843 29519 29519 I ViewRootImpl@4c6cf84[PopupWindow:dc9b197]: updateBlastSurfaceIfNeeded mBlastBufferQueue=null isSameSurfaceControl=false
04-06 10:49:03.844 29519 29519 I BLASTBufferQueue: new BLASTBufferQueue, mName= ViewRootImpl@4c6cf84[PopupWindow:dc9b197] mNativeObject= 0xb4000070a060fd80 sc.mNativeObject= 0xb4000070a06a20c0 caller= android.view.ViewRootImpl.updateBlastSurfaceIfNeeded:2909 android.view.ViewRootImpl.relayoutWindow:9847 android.view.ViewRootImpl.performTraversals:3884 android.view.ViewRootImpl.doTraversal:3116 android.view.ViewRootImpl$TraversalRunnable.run:10885 android.view.Choreographer$CallbackRecord.run:1301 android.view.Choreographer$CallbackRecord.run:1309 android.view.Choreographer.doCallbacks:923 android.view.Choreographer.doFrame:852 android.view.Choreographer$FrameDisplayEventReceiver.run:1283 
04-06 10:49:03.844 29519 29519 I BLASTBufferQueue: update, w= 90 h= 94 mName = ViewRootImpl@4c6cf84[PopupWindow:dc9b197] mNativeObject= 0xb4000070a060fd80 sc.mNativeObject= 0xb4000070a06a20c0 format= -3 caller= android.graphics.BLASTBufferQueue.<init>:84 android.view.ViewRootImpl.updateBlastSurfaceIfNeeded:2909 android.view.ViewRootImpl.relayoutWindow:9847 android.view.ViewRootImpl.performTraversals:3884 android.view.ViewRootImpl.doTraversal:3116 android.view.ViewRootImpl$TraversalRunnable.run:10885 
04-06 10:49:03.844 29519 29519 I ViewRootImpl@4c6cf84[PopupWindow:dc9b197]: Relayout returned: old=(112,1296,202,1390) new=(112,1296,202,1390) req=(90,94)0 dur=4 res=0x3 s={true 0xb4000070a0645000} ch=true seqId=0
04-06 10:49:03.845 29519 29519 I ViewRootImpl@4c6cf84[PopupWindow:dc9b197]: mThreadedRenderer.initialize() mSurface={isValid=true 0xb4000070a0645000} hwInitialized=true
04-06 10:49:03.845 29519 29567 D OpenGLRenderer: eglCreateWindowSurface
04-06 10:49:03.845 29519 29519 I ViewRootImpl@4c6cf84[PopupWindow:dc9b197]: reportNextDraw android.view.ViewRootImpl.performTraversals:4438 android.view.ViewRootImpl.doTraversal:3116 android.view.ViewRootImpl$TraversalRunnable.run:10885 android.view.Choreographer$CallbackRecord.run:1301 android.view.Choreographer$CallbackRecord.run:1309 
04-06 10:49:03.845 29519 29519 I ViewRootImpl@4c6cf84[PopupWindow:dc9b197]: Setup new sync id=0
04-06 10:49:03.845 29519 29519 I ViewRootImpl@4c6cf84[PopupWindow:dc9b197]: Setting syncFrameCallback
04-06 10:49:03.845 29519 29519 I ViewRootImpl@4c6cf84[PopupWindow:dc9b197]: registerCallbacksForSync syncBuffer=false
04-06 10:49:03.846 29519 29588 I ViewRootImpl@4c6cf84[PopupWindow:dc9b197]: Received frameDrawingCallback syncResult=0 frameNum=1.
04-06 10:49:03.846 29519 29588 I ViewRootImpl@4c6cf84[PopupWindow:dc9b197]: Setting up sync and frameCommitCallback
04-06 10:49:03.846 29519 29567 I BLASTBufferQueue: [ViewRootImpl@4c6cf84[PopupWindow:dc9b197]#5](f:0,a:0) onFrameAvailable the first frame is available
04-06 10:49:03.846 29519 29567 I ViewRootImpl@4c6cf84[PopupWindow:dc9b197]: Received frameCommittedCallback lastAttemptedDrawFrameNum=1 didProduceBuffer=true
04-06 10:49:03.847 29519 29567 D OpenGLRenderer: CFMS:: SetUp Pid : 29519    Tid : 29567
04-06 10:49:03.847 29519 29567 W Parcel  : Expecting binder but got null!
04-06 10:49:03.847 29519 29519 I ViewRootImpl@4c6cf84[PopupWindow:dc9b197]: onSyncComplete
04-06 10:49:03.847 29519 29519 I ViewRootImpl@4c6cf84[PopupWindow:dc9b197]: setupSync seqId=0 mSyncId=0 fn=1 caller=android.view.ViewRootImpl$$ExternalSyntheticLambda11.accept:6 android.window.SurfaceSyncer.lambda$setupSync$1$android-window-SurfaceSyncer:128 android.window.SurfaceSyncer$$ExternalSyntheticLambda1.accept:8 android.window.SurfaceSyncer$SyncSet.checkIfSyncIsComplete:382 android.window.SurfaceSyncer$SyncSet.markSyncReady:359 android.window.SurfaceSyncer.markSyncReady:151 android.view.ViewRootImpl.performTraversals:4503 
04-06 10:49:03.848 29519 29519 I ViewRootImpl@4c6cf84[PopupWindow:dc9b197]: reportDrawFinished seqId=0 mSyncId=-1 fn=1 mSurfaceChangedTransaction=0xb4000070a036db00
04-06 10:49:03.848 29519 29519 I ViewRootImpl@72ff2b5[PopupWindow:fb8eec]: reportDrawFinished seqId=0 mSyncId=-1 fn=1 mSurfaceChangedTransaction=0xb400007016f28500
04-06 10:49:03.849 29519 29519 I ViewRootImpl@72ff2b5[PopupWindow:fb8eec]: handleResized, msg = 5 frames=ClientWindowFrames{frame=[112,1390][202,1498] display=[-100000,-100000][100000,100000] parentFrame=[0,0][0,0] parentClippedByDisplayCutout=false} forceNextWindowRelayout=false displayId=0 resizeMode=-1 frameChanged=false displayFrameChanged=false configChanged=false displayChanged=false
04-06 10:49:03.849 29519 29519 I ViewRootImpl@72ff2b5[PopupWindow:fb8eec]: handleResized mSyncSeqId = 0
04-06 10:49:03.849 29519 29519 I ViewRootImpl@72ff2b5[PopupWindow:fb8eec]: reportNextDraw android.view.ViewRootImpl.handleResized:2450 android.view.ViewRootImpl.-$$Nest$mhandleResized:0 android.view.ViewRootImpl$ViewRootHandler.handleMessageImpl:6728 android.view.ViewRootImpl$ViewRootHandler.handleMessage:6697 android.os.Handler.dispatchMessage:106 
04-06 10:49:03.850 29519 29519 I ViewRootImpl@72ff2b5[PopupWindow:fb8eec]: Setup new sync id=1
04-06 10:49:03.850 29519 29519 I ViewRootImpl@72ff2b5[PopupWindow:fb8eec]: Setting syncFrameCallback
04-06 10:49:03.850 29519 29519 I ViewRootImpl@72ff2b5[PopupWindow:fb8eec]: registerCallbacksForSync syncBuffer=false
04-06 10:49:03.851 29519 29587 I ViewRootImpl@72ff2b5[PopupWindow:fb8eec]: Received frameDrawingCallback syncResult=0 frameNum=2.
04-06 10:49:03.851 29519 29587 I ViewRootImpl@72ff2b5[PopupWindow:fb8eec]: Setting up sync and frameCommitCallback
04-06 10:49:03.852 29519 29567 I ViewRootImpl@72ff2b5[PopupWindow:fb8eec]: Received frameCommittedCallback lastAttemptedDrawFrameNum=2 didProduceBuffer=true
04-06 10:49:03.852 29519 29519 I ViewRootImpl@72ff2b5[PopupWindow:fb8eec]: onSyncComplete
04-06 10:49:03.852 29519 29519 I ViewRootImpl@72ff2b5[PopupWindow:fb8eec]: setupSync seqId=0 mSyncId=1 fn=2 caller=android.view.ViewRootImpl$$ExternalSyntheticLambda11.accept:6 android.window.SurfaceSyncer.lambda$setupSync$1$android-window-SurfaceSyncer:128 android.window.SurfaceSyncer$$ExternalSyntheticLambda1.accept:8 android.window.SurfaceSyncer$SyncSet.checkIfSyncIsComplete:382 android.window.SurfaceSyncer$SyncSet.markSyncReady:359 android.window.SurfaceSyncer.markSyncReady:151 android.view.ViewRootImpl.performTraversals:4503 
04-06 10:49:03.852 29519 29519 I ViewRootImpl@72ff2b5[PopupWindow:fb8eec]: reportDrawFinished seqId=0 mSyncId=-1 fn=2 mSurfaceChangedTransaction=0xb400007016f28500
04-06 10:49:03.853 29519 29519 I ViewRootImpl@4c6cf84[PopupWindow:dc9b197]: handleResized, msg = 5 frames=ClientWindowFrames{frame=[112,1296][202,1390] display=[-100000,-100000][100000,100000] parentFrame=[0,0][0,0] parentClippedByDisplayCutout=false} forceNextWindowRelayout=false displayId=0 resizeMode=-1 frameChanged=false displayFrameChanged=false configChanged=false displayChanged=false
04-06 10:49:03.853 29519 29519 I ViewRootImpl@4c6cf84[PopupWindow:dc9b197]: handleResized mSyncSeqId = 0
04-06 10:49:03.853 29519 29519 I ViewRootImpl@4c6cf84[PopupWindow:dc9b197]: reportNextDraw android.view.ViewRootImpl.handleResized:2450 android.view.ViewRootImpl.-$$Nest$mhandleResized:0 android.view.ViewRootImpl$ViewRootHandler.handleMessageImpl:6728 android.view.ViewRootImpl$ViewRootHandler.handleMessage:6697 android.os.Handler.dispatchMessage:106 
04-06 10:49:03.856 29519 29519 I ViewRootImpl@4c6cf84[PopupWindow:dc9b197]: Setup new sync id=1
04-06 10:49:03.856 29519 29519 I ViewRootImpl@4c6cf84[PopupWindow:dc9b197]: Setting syncFrameCallback
04-06 10:49:03.856 29519 29519 I ViewRootImpl@4c6cf84[PopupWindow:dc9b197]: registerCallbacksForSync syncBuffer=false
04-06 10:49:03.856 29519 29588 I ViewRootImpl@4c6cf84[PopupWindow:dc9b197]: Received frameDrawingCallback syncResult=0 frameNum=2.
04-06 10:49:03.856 29519 29588 I ViewRootImpl@4c6cf84[PopupWindow:dc9b197]: Setting up sync and frameCommitCallback
04-06 10:49:03.857 29519 29567 I ViewRootImpl@4c6cf84[PopupWindow:dc9b197]: Received frameCommittedCallback lastAttemptedDrawFrameNum=2 didProduceBuffer=true
04-06 10:49:03.857 29519 29519 I ViewRootImpl@4c6cf84[PopupWindow:dc9b197]: onSyncComplete
04-06 10:49:03.857 29519 29519 I ViewRootImpl@4c6cf84[PopupWindow:dc9b197]: setupSync seqId=0 mSyncId=1 fn=2 caller=android.view.ViewRootImpl$$ExternalSyntheticLambda11.accept:6 android.window.SurfaceSyncer.lambda$setupSync$1$android-window-SurfaceSyncer:128 android.window.SurfaceSyncer$$ExternalSyntheticLambda1.accept:8 android.window.SurfaceSyncer$SyncSet.checkIfSyncIsComplete:382 android.window.SurfaceSyncer$SyncSet.markSyncReady:359 android.window.SurfaceSyncer.markSyncReady:151 android.view.ViewRootImpl.performTraversals:4503 
04-06 10:49:03.858 29519 29519 I ViewRootImpl@4c6cf84[PopupWindow:dc9b197]: reportDrawFinished seqId=0 mSyncId=-1 fn=2 mSurfaceChangedTransaction=0xb4000070a036db00
04-06 10:49:03.863 29519 29519 W OnBackInvokedCallback: OnBackInvokedCallback is not enabled for the application.
04-06 10:49:03.863 29519 29519 W OnBackInvokedCallback: Set 'android:enableOnBackInvokedCallback="true"' in the application manifest.
04-06 10:49:03.864 29519 29519 D InsetsController: show(ime(), fromIme=true)
04-06 10:49:03.867 29519 29519 D InsetsController: show(ime(), fromIme=true)
04-06 10:49:03.882 29519 29519 D InsetsController: show(ime(), fromIme=true)
04-06 10:49:04.234 29519 29550 I DetoxWSClient: Sending out action 'invokeResult' (ID #8)
04-06 10:49:04.234 29519 29550 I DetoxDispatcher: Done with action 'invoke'
04-06 10:49:04.238 29519 29554 D DetoxWSClient: Received action 'invoke' (ID #9, params={"target":{"type":"Class","value":"com.wix.detox.espresso.EspressoDetox"},"method":"perform","args":[{"type":"Invocation","value":{"target":{"type":"Class","value":"com.wix.detox.espresso.DetoxMatcher"},"method":"matcherForTestId","args":["input-peso-meta",{"type":"boolean","value":false}]}},{"type":"Invocation","value":{"target":{"type":"Class","value":"androidx.test.espresso.action.ViewActions"},"method":"clearText","args":[]}}]})
04-06 10:49:04.238 29519 29550 I DetoxDispatcher: Handling action 'invoke' (ID #9)...
04-06 10:49:04.239 29519 29550 D Detox   : class com.wix.detox.espresso.DetoxMatcher, matcherForTestId, [input-peso-meta, false]
04-06 10:49:04.239 29519 29550 D Detox   : class androidx.test.espresso.action.ViewActions, clearText, []
04-06 10:49:04.239 29519 29550 D Detox   : class com.wix.detox.espresso.EspressoDetox, perform, [(view.getTag() is "input-peso-meta" and view has effective visibility <VISIBLE>), androidx.test.espresso.action.ReplaceTextAction@8c2eec6]
04-06 10:49:04.242 29519 29519 I ViewInteraction: Performing 'replace text()' action on view (view.getTag() is "input-peso-meta" and view has effective visibility <VISIBLE>)
04-06 10:49:04.247 29519 29550 I DetoxWSClient: Sending out action 'invokeResult' (ID #9)
04-06 10:49:04.247 29519 29550 I DetoxDispatcher: Done with action 'invoke'
04-06 10:49:04.251 29519 29554 D DetoxWSClient: Received action 'invoke' (ID #10, params={"target":{"type":"Class","value":"com.wix.detox.espresso.EspressoDetox"},"method":"perform","args":[{"type":"Invocation","value":{"target":{"type":"Class","value":"com.wix.detox.espresso.DetoxMatcher"},"method":"matcherForTestId","args":["input-peso-meta",{"type":"boolean","value":false}]}},{"type":"Invocation","value":{"target":{"type":"Class","value":"androidx.test.espresso.action.ViewActions"},"method":"replaceText","args":["77"]}}]})
04-06 10:49:04.252 29519 29550 I DetoxDispatcher: Handling action 'invoke' (ID #10)...
04-06 10:49:04.252 29519 29550 D Detox   : class com.wix.detox.espresso.DetoxMatcher, matcherForTestId, [input-peso-meta, false]
04-06 10:49:04.252 29519 29550 D Detox   : class androidx.test.espresso.action.ViewActions, replaceText, [77]
04-06 10:49:04.252 29519 29550 D Detox   : class com.wix.detox.espresso.EspressoDetox, perform, [(view.getTag() is "input-peso-meta" and view has effective visibility <VISIBLE>), androidx.test.espresso.action.ReplaceTextAction@49a677f]
04-06 10:49:04.259 29519 29519 D InputMethodManager: startInputInner - Id : 0
04-06 10:49:04.260 29519 29519 I InputMethodManager: startInputInner - mService.startInputOrWindowGainedFocus
04-06 10:49:04.282 29519 29519 D InsetsController: show(ime(), fromIme=true)
04-06 10:49:04.293 29519 29519 D InputMethodManager: startInputInner - Id : 0
04-06 10:49:04.293 29519 29519 I InputMethodManager: startInputInner - mService.startInputOrWindowGainedFocus
04-06 10:49:04.298 29519 29519 I ViewInteraction: Performing 'replace text(77)' action on view (view.getTag() is "input-peso-meta" and view has effective visibility <VISIBLE>)
04-06 10:49:04.301 29519 29550 I DetoxWSClient: Sending out action 'invokeResult' (ID #10)
04-06 10:49:04.302 29519 29550 I DetoxDispatcher: Done with action 'invoke'
04-06 10:49:04.308 29519 29519 D InputMethodManager: startInputInner - Id : 0
04-06 10:49:04.308 29519 29519 I InputMethodManager: startInputInner - mService.startInputOrWindowGainedFocus
04-06 10:49:04.310 29519 29554 D DetoxWSClient: Received action 'invoke' (ID #11, params={"target":{"type":"Class","value":"com.wix.detox.espresso.DetoxAssertion"},"method":"assertMatcher","args":[{"type":"Invocation","value":{"target":{"type":"Class","value":"androidx.test.espresso.Espresso"},"method":"onView","args":[{"type":"Invocation","value":{"target":{"type":"Class","value":"com.wix.detox.espresso.DetoxMatcher"},"method":"matcherForTestId","args":["input-peso-meta",{"type":"boolean","value":false}]}}]}},{"type":"Invocation","value":{"target":{"type":"Class","value":"com.wix.detox.espresso.DetoxMatcher"},"method":"matcherForText","args":["77",{"type":"boolean","value":false}]}}]})
04-06 10:49:04.311 29519 29550 I DetoxDispatcher: Handling action 'invoke' (ID #11)...
04-06 10:49:04.311 29519 29550 D Detox   : class com.wix.detox.espresso.DetoxMatcher, matcherForTestId, [input-peso-meta, false]
04-06 10:49:04.311 29519 29550 D Detox   : class androidx.test.espresso.Espresso, onView, [(view.getTag() is "input-peso-meta" and view has effective visibility <VISIBLE>)]
04-06 10:49:04.312 29519 29550 D Detox   : class com.wix.detox.espresso.DetoxMatcher, matcherForText, [77, false]
04-06 10:49:04.312 29519 29550 D Detox   : class com.wix.detox.espresso.DetoxAssertion, assertMatcher, [androidx.test.espresso.ViewInteraction@32b3380, (an instance of android.widget.TextView and view.getText() with or without transformation to match: is "77" and view has effective visibility <VISIBLE>)]
04-06 10:49:04.323 29519 29519 D InsetsController: show(ime(), fromIme=true)
04-06 10:49:04.344 29519 29519 I ViewInteraction: Checking 'MatchesViewAssertion(Detox){viewMatcher=(an instance of android.widget.TextView and view.getText() with or without transformation to match: is "77" and view has effective visibility <VISIBLE>)}' assertion on view (view.getTag() is "input-peso-meta" and view has effective visibility <VISIBLE>)
04-06 10:49:04.346 29519 29550 I DetoxWSClient: Sending out action 'invokeResult' (ID #11)
04-06 10:49:04.346 29519 29550 I DetoxDispatcher: Done with action 'invoke'
04-06 10:49:04.349 29519 29519 D InsetsController: show(ime(), fromIme=true)
04-06 10:49:04.351 29519 29554 D DetoxWSClient: Received action 'invoke' (ID #12, params={"target":{"type":"Class","value":"com.wix.detox.espresso.EspressoDetox"},"method":"perform","args":[{"type":"Invocation","value":{"target":{"type":"Class","value":"com.wix.detox.espresso.DetoxMatcher"},"method":"matcherForTestId","args":["input-altura",{"type":"boolean","value":false}]}},{"type":"Invocation","value":{"target":{"type":"Class","value":"com.wix.detox.espresso.DetoxViewActions"},"method":"click","args":[]}}]})
04-06 10:49:04.351 29519 29550 I DetoxDispatcher: Handling action 'invoke' (ID #12)...
04-06 10:49:04.352 29519 29550 D Detox   : class com.wix.detox.espresso.DetoxMatcher, matcherForTestId, [input-altura, false]
04-06 10:49:04.352 29519 29550 D Detox   : class com.wix.detox.espresso.DetoxViewActions, click, []
04-06 10:49:04.352 29519 29550 D Detox   : class com.wix.detox.espresso.EspressoDetox, perform, [(view.getTag() is "input-altura" and view has effective visibility <VISIBLE>), com.wix.detox.espresso.action.RNClickAction@9327cb0]
04-06 10:49:04.356 29519 29519 I ViewInteraction: Performing 'com.wix.detox.espresso.action.detoxsingletap@c9ce729 click' action on view (view.getTag() is "input-altura" and view has effective visibility <VISIBLE>)
04-06 10:49:04.370 29519 29567 D OpenGLRenderer: setSurface called with nullptr
04-06 10:49:04.370 29519 29567 D OpenGLRenderer: setSurface() destroyed EGLSurface
04-06 10:49:04.370 29519 29567 D OpenGLRenderer: destroyEglSurface
04-06 10:49:04.371 29519 29519 I ViewRootImpl@72ff2b5[PopupWindow:fb8eec]: dispatchDetachedFromWindow
04-06 10:49:04.375 29519 29519 D InputTransport: Input channel destroyed: '431f81d', fd=113
04-06 10:49:04.376 29519 29567 D OpenGLRenderer: setSurface called with nullptr
04-06 10:49:04.376 29519 29567 D OpenGLRenderer: setSurface() destroyed EGLSurface
04-06 10:49:04.376 29519 29567 D OpenGLRenderer: destroyEglSurface
04-06 10:49:04.376 29519 29519 I ViewRootImpl@4c6cf84[PopupWindow:dc9b197]: dispatchDetachedFromWindow
04-06 10:49:04.379 29519 29519 D InputTransport: Input channel destroyed: 'e7af919', fd=125
04-06 10:49:04.393 29519 29519 I ViewRootImpl@7efc384[MainActivity]: ViewPostIme key 0
04-06 10:49:04.402 29519 29519 I ViewRootImpl@7efc384[MainActivity]: ViewPostIme key 1
04-06 10:49:04.812 29519 29550 I DetoxWSClient: Sending out action 'invokeResult' (ID #12)
04-06 10:49:04.812 29519 29550 I DetoxDispatcher: Done with action 'invoke'
04-06 10:49:04.816 29519 29554 D DetoxWSClient: Received action 'invoke' (ID #13, params={"target":{"type":"Class","value":"com.wix.detox.espresso.EspressoDetox"},"method":"perform","args":[{"type":"Invocation","value":{"target":{"type":"Class","value":"com.wix.detox.espresso.DetoxMatcher"},"method":"matcherForTestId","args":["input-altura",{"type":"boolean","value":false}]}},{"type":"Invocation","value":{"target":{"type":"Class","value":"androidx.test.espresso.action.ViewActions"},"method":"clearText","args":[]}}]})
04-06 10:49:04.816 29519 29550 I DetoxDispatcher: Handling action 'invoke' (ID #13)...
04-06 10:49:04.816 29519 29550 D Detox   : class com.wix.detox.espresso.DetoxMatcher, matcherForTestId, [input-altura, false]
04-06 10:49:04.817 29519 29550 D Detox   : class androidx.test.espresso.action.ViewActions, clearText, []
04-06 10:49:04.817 29519 29550 D Detox   : class com.wix.detox.espresso.EspressoDetox, perform, [(view.getTag() is "input-altura" and view has effective visibility <VISIBLE>), androidx.test.espresso.action.ReplaceTextAction@691be0d]
04-06 10:49:04.820 29519 29519 I ViewInteraction: Performing 'replace text()' action on view (view.getTag() is "input-altura" and view has effective visibility <VISIBLE>)
04-06 10:49:04.825 29519 29550 I DetoxWSClient: Sending out action 'invokeResult' (ID #13)
04-06 10:49:04.825 29519 29550 I DetoxDispatcher: Done with action 'invoke'
04-06 10:49:04.828 29519 29554 D DetoxWSClient: Received action 'invoke' (ID #14, params={"target":{"type":"Class","value":"com.wix.detox.espresso.EspressoDetox"},"method":"perform","args":[{"type":"Invocation","value":{"target":{"type":"Class","value":"com.wix.detox.espresso.DetoxMatcher"},"method":"matcherForTestId","args":["input-altura",{"type":"boolean","value":false}]}},{"type":"Invocation","value":{"target":{"type":"Class","value":"androidx.test.espresso.action.ViewActions"},"method":"replaceText","args":["178"]}}]})
04-06 10:49:04.828 29519 29550 I DetoxDispatcher: Handling action 'invoke' (ID #14)...
04-06 10:49:04.828 29519 29550 D Detox   : class com.wix.detox.espresso.DetoxMatcher, matcherForTestId, [input-altura, false]
04-06 10:49:04.829 29519 29550 D Detox   : class androidx.test.espresso.action.ViewActions, replaceText, [178]
04-06 10:49:04.829 29519 29550 D Detox   : class com.wix.detox.espresso.EspressoDetox, perform, [(view.getTag() is "input-altura" and view has effective visibility <VISIBLE>), androidx.test.espresso.action.ReplaceTextAction@a96171a]
04-06 10:49:04.871 29519 29519 I ViewInteraction: Performing 'replace text(178)' action on view (view.getTag() is "input-altura" and view has effective visibility <VISIBLE>)
04-06 10:49:04.876 29519 29550 I DetoxWSClient: Sending out action 'invokeResult' (ID #14)
04-06 10:49:04.877 29519 29550 I DetoxDispatcher: Done with action 'invoke'
04-06 10:49:04.881 29519 29554 D DetoxWSClient: Received action 'invoke' (ID #15, params={"target":{"type":"Class","value":"com.wix.detox.espresso.DetoxAssertion"},"method":"assertMatcher","args":[{"type":"Invocation","value":{"target":{"type":"Class","value":"androidx.test.espresso.Espresso"},"method":"onView","args":[{"type":"Invocation","value":{"target":{"type":"Class","value":"com.wix.detox.espresso.DetoxMatcher"},"method":"matcherForTestId","args":["input-altura",{"type":"boolean","value":false}]}}]}},{"type":"Invocation","value":{"target":{"type":"Class","value":"com.wix.detox.espresso.DetoxMatcher"},"method":"matcherForText","args":["178",{"type":"boolean","value":false}]}}]})
04-06 10:49:04.881 29519 29550 I DetoxDispatcher: Handling action 'invoke' (ID #15)...
04-06 10:49:04.881 29519 29550 D Detox   : class com.wix.detox.espresso.DetoxMatcher, matcherForTestId, [input-altura, false]
04-06 10:49:04.881 29519 29550 D Detox   : class androidx.test.espresso.Espresso, onView, [(view.getTag() is "input-altura" and view has effective visibility <VISIBLE>)]
04-06 10:49:04.882 29519 29550 D Detox   : class com.wix.detox.espresso.DetoxMatcher, matcherForText, [178, false]
04-06 10:49:04.882 29519 29550 D Detox   : class com.wix.detox.espresso.DetoxAssertion, assertMatcher, [androidx.test.espresso.ViewInteraction@6a264e9, (an instance of android.widget.TextView and view.getText() with or without transformation to match: is "178" and view has effective visibility <VISIBLE>)]
04-06 10:49:04.922 29519 29519 I ViewInteraction: Checking 'MatchesViewAssertion(Detox){viewMatcher=(an instance of android.widget.TextView and view.getText() with or without transformation to match: is "178" and view has effective visibility <VISIBLE>)}' assertion on view (view.getTag() is "input-altura" and view has effective visibility <VISIBLE>)
04-06 10:49:04.925 29519 29550 I DetoxWSClient: Sending out action 'invokeResult' (ID #15)
04-06 10:49:04.925 29519 29550 I DetoxDispatcher: Done with action 'invoke'
04-06 10:49:04.929 29519 29554 D DetoxWSClient: Received action 'invoke' (ID #16, params={"target":{"type":"Invocation","value":{"target":{"type":"Class","value":"com.wix.detox.uiautomator.UiAutomator"},"method":"uiDevice","args":[]}},"method":"pressBack","args":[]})
04-06 10:49:04.929 29519 29550 I DetoxDispatcher: Handling action 'invoke' (ID #16)...
04-06 10:49:04.929 29519 29550 D Detox   : class com.wix.detox.uiautomator.UiAutomator, uiDevice, []
04-06 10:49:04.931 29519 29550 I UiDevice: Creating a new instance, old instance exists: false
04-06 10:49:04.942 29519 29550 D UiDevice: Setting accessibility service flags: 65618
04-06 10:49:05.580 29519 29550 D UiDevice: Pressing back button.
04-06 10:49:05.603 29519 29519 I ViewRootImpl@7efc384[MainActivity]: The input has been finished in ImeInputStage.
04-06 10:49:05.615 29519 29519 I ViewRootImpl@7efc384[MainActivity]: The input has been finished in ImeInputStage.
04-06 10:49:05.620 29519 29519 D InsetsController: controlAnimationUnchecked: Added types=8 animType=1 host=com.evolucao.app/com.evolucao.app.MainActivity from=android.view.InsetsController.applyAnimation:1576 android.view.InsetsController.applyAnimation:1557 android.view.InsetsController.hide:1093 
04-06 10:49:05.621 29519 29519 D InsetsSourceConsumer: setRequestedVisible: visible=false, type=19, host=com.evolucao.app/com.evolucao.app.MainActivity, from=android.view.InsetsSourceConsumer.hide:257 android.view.ImeInsetsSourceConsumer.hide:88 android.view.ImeInsetsSourceConsumer.hide:94 android.view.InsetsController.hideDirectly:1593 android.view.InsetsController.controlAnimationUnchecked:1234 android.view.InsetsController.applyAnimation:1576 android.view.InsetsController.applyAnimation:1557 android.view.InsetsController.hide:1093 android.view.ViewRootImpl$ViewRootHandler.handleMessageImpl:6765 android.view.ViewRootImpl$ViewRootHandler.handleMessage:6697 
04-06 10:49:05.631 29519 29533 I ViewRootImpl@7efc384[MainActivity]: Resizing android.view.ViewRootImpl@2cd4d69: frame = [0,0][1080,2400] reportDraw = false forceLayout = false syncSeqId = 0
04-06 10:49:05.632 29519 29519 D InsetsController: onStateChanged: InsetsState: {mDisplayFrame=Rect(0, 0 - 1080, 2400), mDisplayCutout=DisplayCutout{insets=Rect(0, 88 - 0, 0) waterfall=Insets{left=0, top=0, right=0, bottom=0} boundingRect={Bounds=[Rect(0, 0 - 0, 0), Rect(512, 0 - 568, 88), Rect(0, 0 - 0, 0), Rect(0, 0 - 0, 0)]} cutoutPathParserInfo={CutoutPathParserInfo{displayWidth=1080 displayHeight=2400 physicalDisplayWidth=1080 physicalDisplayHeight=2400 density={3.0} cutoutSpec={M 0,0 M 0,10.71963616907435 a 9.280363830925644,9.280363830925644 0 1,0 0,18.56072766185129 a 9.280363830925644,9.280363830925644 0 1,0 0,-18.56072766185129 Z @dp} rotation={0} scale={1.0} physicalPixelDisplaySizeRatio={1.0}}}}, mRoundedCorners=RoundedCorners{[RoundedCorner{position=TopLeft, radius=96, center=Point(96, 96)}, RoundedCorner{position=TopRight, radius=96, center=Point(984, 96)}, RoundedCorner{position=BottomRight, radius=96, center=Point(984, 2304)}, RoundedCorner{position=BottomLeft, radius=96, center=Point(96, 2304)}]}  mRoundedCornerFrame=Rect(0, 0 - 1080, 2400), mPrivacyIndicatorBounds=PrivacyIndicatorBounds {static bounds=Rect(948, 0 - 1080, 88) rotation=0}, mSources= { InsetsSource: {mType=ITYPE_STATUS_BAR, mFrame=[0,0][1080,88], mVisible=true, mInsetsRoundedCornerFrame=false}, InsetsSource: {mType=ITYPE_NAVIGATION_BAR, mFrame=[0,2256][1080,2400], mVisible=true, mInsetsRoundedCornerFrame=false}, InsetsSource: {mType=ITYPE_LEFT_GESTURES, mFrame=[0,0][0,2400], mVisible=true, mInsetsRoundedCornerFrame=false}, InsetsSource: {mType=ITYPE_RIGHT_GESTURES, mFrame=[1080,0][1080,2400], mVisible=true, mInsetsRoundedCornerFrame=false}, InsetsSource: {mType=ITYPE_TOP_MANDATORY_GESTURES, mFrame=[0,0][1080,124], mVisible=true, mInsetsRoundedCornerFrame=false}, InsetsSource: {mType=ITYPE_BOTTOM_MANDATORY_GESTURES, mFrame=[0,2256][1080,2400], mVisible=true, mInsetsRoundedCornerFrame=false}, InsetsSource: {mType=ITYPE_LEFT_DISPLAY_CUTOUT, mFrame=[0,0][-100000,2400], mVisible=true, mInsetsRoundedCornerFrame=false}, InsetsSource: {mType=ITYPE_TOP_DISPLAY_CUTOUT, mFrame=[0,0][1080,88], mVisible=true, mInsetsRoundedCornerFrame=false}, InsetsSource: {mType=ITYPE_RIGHT_DISPLAY_CUTOUT, mFrame=[100000,0][1080,2400], mVisible=true, mInsetsRoundedCornerFrame=false}, InsetsSource: {mType=ITYPE_BOTTOM_DISPLAY_CUTOUT, mFrame=[0,100000][1080,2400], mVisible=true, mInsetsRoundedCornerFrame=false}, InsetsSource: {mType=ITYPE_TOP_TAPPABLE_ELEMENT, mFrame=[0,0][1080,88], mVisible=true, mInsetsRoundedCornerFrame=false}, InsetsSource: {mType=ITYPE_BOTTOM_TAPPABLE_ELEMENT, mFrame=[0,2256][1080,2400], mVisible=true, mInsetsRoundedCornerFrame=false}, InsetsSource: {mType=ITYPE_IME, mFrame=[0,1374][1080,2400], mVisibleFrame=[0,1374][1080,2400], mVisible=false, mInsetsRoundedCornerFrame=false} } host=com.evolucao.app/com.evolucao.app.MainActivity from=android.view.ViewRootImpl$ViewRootHandler.handleMessageImpl:6740
04-06 10:49:05.633 29519 29519 I ViewRootImpl@7efc384[MainActivity]: handleResized, msg = 4 frames=ClientWindowFrames{frame=[0,0][1080,2400] display=[0,0][1080,2400] parentFrame=[0,0][0,0] parentClippedByDisplayCutout=false} forceNextWindowRelayout=false displayId=0 resizeMode=-1 frameChanged=false displayFrameChanged=false configChanged=false displayChanged=false
04-06 10:49:05.634 29519 29550 I DetoxWSClient: Sending out action 'invokeResult' (ID #16)
04-06 10:49:05.634 29519 29550 I DetoxDispatcher: Done with action 'invoke'
