04-06 10:49:05.638 29519 29554 D DetoxWSClient: Received action 'invoke' (ID #17, params={"target":{"type":"Class","value":"com.wix.detox.espresso.DetoxAssertion"},"method":"waitForAssertMatcher","args":[{"type":"Invocation","value":{"target":{"type":"Class","value":"androidx.test.espresso.Espresso"},"method":"onView","args":[{"type":"Invocation","value":{"target":{"type":"Class","value":"com.wix.detox.espresso.DetoxMatcher"},"method":"matcherForTestId","args":["btn-continuar",{"type":"boolean","value":false}]}}]}},{"type":"Invocation","value":{"target":{"type":"Class","value":"com.wix.detox.espresso.DetoxMatcher"},"method":"matcherForSufficientlyVisible","args":[{"type":"Integer","value":75}]}},{"type":"Double","value":3}]})
04-06 10:49:05.639 29519 29550 I DetoxDispatcher: Handling action 'invoke' (ID #17)...
04-06 10:49:05.639 29519 29550 D Detox   : class com.wix.detox.espresso.DetoxMatcher, matcherForTestId, [btn-continuar, false]
04-06 10:49:05.639 29519 29550 D Detox   : class androidx.test.espresso.Espresso, onView, [(view.getTag() is "btn-continuar" and view has effective visibility <VISIBLE>)]
04-06 10:49:05.640 29519 29550 D Detox   : class com.wix.detox.espresso.DetoxMatcher, matcherForSufficientlyVisible, [75]
04-06 10:49:05.640 29519 29550 D Detox   : class com.wix.detox.espresso.DetoxAssertion, waitForAssertMatcher, [androidx.test.espresso.ViewInteraction@c844315, (view has effective visibility <VISIBLE> and view.getGlobalVisibleRect() covers at least <75> percent of the view's area), 3.0]
04-06 10:49:05.643 29519 29519 I ViewInteraction: Checking 'MatchesViewAssertion(Detox){viewMatcher=(view has effective visibility <VISIBLE> and view.getGlobalVisibleRect() covers at least <75> percent of the view's area)}' assertion on view (view.getTag() is "btn-continuar" and view has effective visibility <VISIBLE>)
04-06 10:49:05.645 29519 29550 I DetoxWSClient: Sending out action 'invokeResult' (ID #17)
04-06 10:49:05.645 29519 29550 I DetoxDispatcher: Done with action 'invoke'
04-06 10:49:05.653 29519 29554 D DetoxWSClient: Received action 'invoke' (ID #18, params={"target":{"type":"Class","value":"com.wix.detox.espresso.EspressoDetox"},"method":"perform","args":[{"type":"Invocation","value":{"target":{"type":"Class","value":"com.wix.detox.espresso.DetoxMatcher"},"method":"matcherForAtIndex","args":[{"type":"Integer","value":0},{"type":"Invocation","value":{"target":{"type":"Class","value":"com.wix.detox.espresso.DetoxMatcher"},"method":"matcherForClass","args":["com.facebook.react.views.scroll.ReactScrollView"]}}]}},{"type":"Invocation","value":{"target":{"type":"Class","value":"com.wix.detox.espresso.DetoxAction"},"method":"swipeInDirection","args":[{"type":"Integer","value":3},{"type":"boolean","value":true},{"type":"Double","value":0.25},{"type":"Double","value":null},{"type":"Double","value":null}]}}]})
04-06 10:49:05.653 29519 29550 I DetoxDispatcher: Handling action 'invoke' (ID #18)...
04-06 10:49:05.653 29519 29550 D Detox   : class com.wix.detox.espresso.DetoxMatcher, matcherForClass, [com.facebook.react.views.scroll.ReactScrollView]
04-06 10:49:05.654 29519 29550 D Detox   : class com.wix.detox.espresso.DetoxMatcher, matcherForAtIndex, [0, (is assignable from class: class com.facebook.react.views.scroll.ReactScrollView and view has effective visibility <VISIBLE>)]
04-06 10:49:05.654 29519 29550 D Detox   : class com.wix.detox.espresso.DetoxAction, swipeInDirection, [3, true, 0.25, NaN, NaN]
04-06 10:49:05.656 29519 29550 D Detox   : class com.wix.detox.espresso.EspressoDetox, perform, [View at index #0, of those matching MATCHER(is assignable from class: class com.facebook.react.views.scroll.ReactScrollView and view has effective visibility <VISIBLE>), androidx.test.espresso.action.GeneralSwipeAction@7ff262a]
04-06 10:49:05.660 29519 29519 I ViewInteraction: Performing 'fast swipe' action on view View at index #0, of those matching MATCHER(is assignable from class: class com.facebook.react.views.scroll.ReactScrollView and view has effective visibility <VISIBLE>)
04-06 10:49:05.842 29519 29519 D InsetsController: cancelAnimation of types: 8, animType: 1, host: com.evolucao.app/com.evolucao.app.MainActivity, from:android.view.InsetsController.notifyFinished:1375 android.view.InsetsAnimationThreadControlRunner$1.lambda$notifyFinished$0$android-view-InsetsAnimationThreadControlRunner$1:84 android.view.InsetsAnimationThreadControlRunner$1$$ExternalSyntheticLambda1.run:4 
04-06 10:49:05.843 29519 29519 I IMM_LC  : notifyImeHidden: mService.hideSoftInput
04-06 10:49:05.874 29519 29698 I ViewRootImpl@7efc384[MainActivity]: Resizing android.view.ViewRootImpl@2cd4d69: frame = [0,0][1080,2400] reportDraw = false forceLayout = false syncSeqId = 0
04-06 10:49:05.875 29519 29519 D InsetsController: onStateChanged: InsetsState: {mDisplayFrame=Rect(0, 0 - 1080, 2400), mDisplayCutout=DisplayCutout{insets=Rect(0, 88 - 0, 0) waterfall=Insets{left=0, top=0, right=0, bottom=0} boundingRect={Bounds=[Rect(0, 0 - 0, 0), Rect(512, 0 - 568, 88), Rect(0, 0 - 0, 0), Rect(0, 0 - 0, 0)]} cutoutPathParserInfo={CutoutPathParserInfo{displayWidth=1080 displayHeight=2400 physicalDisplayWidth=1080 physicalDisplayHeight=2400 density={3.0} cutoutSpec={M 0,0 M 0,10.71963616907435 a 9.280363830925644,9.280363830925644 0 1,0 0,18.56072766185129 a 9.280363830925644,9.280363830925644 0 1,0 0,-18.56072766185129 Z @dp} rotation={0} scale={1.0} physicalPixelDisplaySizeRatio={1.0}}}}, mRoundedCorners=RoundedCorners{[RoundedCorner{position=TopLeft, radius=96, center=Point(96, 96)}, RoundedCorner{position=TopRight, radius=96, center=Point(984, 96)}, RoundedCorner{position=BottomRight, radius=96, center=Point(984, 2304)}, RoundedCorner{position=BottomLeft, radius=96, center=Point(96, 2304)}]}  mRoundedCornerFrame=Rect(0, 0 - 1080, 2400), mPrivacyIndicatorBounds=PrivacyIndicatorBounds {static bounds=Rect(948, 0 - 1080, 88) rotation=0}, mSources= { InsetsSource: {mType=ITYPE_STATUS_BAR, mFrame=[0,0][1080,88], mVisible=true, mInsetsRoundedCornerFrame=false}, InsetsSource: {mType=ITYPE_NAVIGATION_BAR, mFrame=[0,2256][1080,2400], mVisible=true, mInsetsRoundedCornerFrame=false}, InsetsSource: {mType=ITYPE_LEFT_GESTURES, mFrame=[0,0][0,2400], mVisible=true, mInsetsRoundedCornerFrame=false}, InsetsSource: {mType=ITYPE_RIGHT_GESTURES, mFrame=[1080,0][1080,2400], mVisible=true, mInsetsRoundedCornerFrame=false}, InsetsSource: {mType=ITYPE_TOP_MANDATORY_GESTURES, mFrame=[0,0][1080,124], mVisible=true, mInsetsRoundedCornerFrame=false}, InsetsSource: {mType=ITYPE_BOTTOM_MANDATORY_GESTURES, mFrame=[0,2256][1080,2400], mVisible=true, mInsetsRoundedCornerFrame=false}, InsetsSource: {mType=ITYPE_LEFT_DISPLAY_CUTOUT, mFrame=[0,0][-100000,2400], mVisible=true, mInsetsRoundedCornerFrame=false}, InsetsSource: {mType=ITYPE_TOP_DISPLAY_CUTOUT, mFrame=[0,0][1080,88], mVisible=true, mInsetsRoundedCornerFrame=false}, InsetsSource: {mType=ITYPE_RIGHT_DISPLAY_CUTOUT, mFrame=[100000,0][1080,2400], mVisible=true, mInsetsRoundedCornerFrame=false}, InsetsSource: {mType=ITYPE_BOTTOM_DISPLAY_CUTOUT, mFrame=[0,100000][1080,2400], mVisible=true, mInsetsRoundedCornerFrame=false}, InsetsSource: {mType=ITYPE_TOP_TAPPABLE_ELEMENT, mFrame=[0,0][1080,88], mVisible=true, mInsetsRoundedCornerFrame=false}, InsetsSource: {mType=ITYPE_BOTTOM_TAPPABLE_ELEMENT, mFrame=[0,2256][1080,2400], mVisible=true, mInsetsRoundedCornerFrame=false}, InsetsSource: {mType=ITYPE_IME, mFrame=[0,0][0,0], mVisibleFrame=[0,1374][1080,2400], mVisible=false, mInsetsRoundedCornerFrame=false} } host=com.evolucao.app/com.evolucao.app.MainActivity from=android.view.ViewRootImpl$ViewRootHandler.handleMessageImpl:6727
04-06 10:49:05.875 29519 29519 I ViewRootImpl@7efc384[MainActivity]: handleResized, msg = 4 frames=ClientWindowFrames{frame=[0,0][1080,2400] display=[0,0][1080,2400] parentFrame=[0,0][0,0] parentClippedByDisplayCutout=false} forceNextWindowRelayout=false displayId=0 resizeMode=-1 frameChanged=false displayFrameChanged=false configChanged=false displayChanged=false
04-06 10:49:05.902 29519 29550 I DetoxWSClient: Sending out action 'invokeResult' (ID #18)
04-06 10:49:05.902 29519 29550 I DetoxDispatcher: Done with action 'invoke'
04-06 10:49:05.906 29519 29554 D DetoxWSClient: Received action 'invoke' (ID #19, params={"target":{"type":"Class","value":"com.wix.detox.espresso.EspressoDetox"},"method":"perform","args":[{"type":"Invocation","value":{"target":{"type":"Class","value":"com.wix.detox.espresso.DetoxMatcher"},"method":"matcherForTestId","args":["btn-continuar",{"type":"boolean","value":false}]}},{"type":"Invocation","value":{"target":{"type":"Class","value":"com.wix.detox.espresso.DetoxAction"},"method":"tapAtLocation","args":[{"type":"Integer","value":30},{"type":"Integer","value":18}]}}]})
04-06 10:49:05.906 29519 29550 I DetoxDispatcher: Handling action 'invoke' (ID #19)...
04-06 10:49:05.907 29519 29550 D Detox   : class com.wix.detox.espresso.DetoxMatcher, matcherForTestId, [btn-continuar, false]
04-06 10:49:05.907 29519 29550 D Detox   : class com.wix.detox.espresso.DetoxAction, tapAtLocation, [30, 18]
04-06 10:49:05.908 29519 29550 D Detox   : class com.wix.detox.espresso.EspressoDetox, perform, [(view.getTag() is "btn-continuar" and view has effective visibility <VISIBLE>), com.wix.detox.espresso.action.RNClickAction@f2fb91]
04-06 10:49:05.912 29519 29519 I ViewInteraction: Performing 'com.wix.detox.espresso.action.detoxsingletap@3417af6 click' action on view (view.getTag() is "btn-continuar" and view has effective visibility <VISIBLE>)
04-06 10:49:05.916 29519 29519 I ViewRootImpl@7efc384[MainActivity]: ViewPostIme pointer 0
04-06 10:49:05.948 29519 29519 I ViewRootImpl@7efc384[MainActivity]: ViewPostIme pointer 1
04-06 10:49:06.027 29519 29598 I ReactNativeJS: 'match:', 'local'
04-06 10:49:06.027 29519 29598 I ReactNativeJS: 'source:', 'local', '| confidence:', 0.9
04-06 10:49:06.027 29519 29598 I ReactNativeJS: 'exercise:', 'Supino Reto Barra'
04-06 10:49:06.054 29519 29529 D InputTransport: Input channel destroyed: 'ClientS', fd=202
04-06 10:49:06.054 29519 29529 D InputTransport: Input channel destroyed: 'ClientS', fd=191
04-06 10:49:06.054 29519 29529 D InputTransport: Input channel destroyed: 'ClientS', fd=189
04-06 10:49:06.054 29519 29567 D OpenGLRenderer: setSurface called with nullptr
04-06 10:49:06.054 29519 29567 D OpenGLRenderer: setSurface called with nullptr
04-06 10:49:06.054 29519 29529 D InputTransport: Input channel destroyed: 'ClientS', fd=106
04-06 10:49:06.055 29519 29529 D InputTransport: Input channel destroyed: 'ClientS', fd=167
04-06 10:49:06.055 29519 29529 D InputTransport: Input channel destroyed: 'ClientS', fd=163
04-06 10:49:06.055 29519 29529 D InputTransport: Input channel destroyed: 'ClientS', fd=142
04-06 10:49:06.055 29519 29567 D OpenGLRenderer: setSurface called with nullptr
04-06 10:49:06.055 29519 29567 D OpenGLRenderer: setSurface called with nullptr
04-06 10:49:06.056 29519 29529 D InputTransport: Input channel destroyed: 'ClientS', fd=165
04-06 10:49:06.115 29519 29527 I om.evolucao.app: Compiler allocated 4177KB to compile void android.widget.TextView.<init>(android.content.Context, android.util.AttributeSet, int, int)
04-06 10:49:06.174 29519 29519 D ScrollView: initGoToTop
04-06 10:49:06.200 29519 29519 W UiControllerImpl: Waiting for: DYNAMIC_TASKS_HAVE_IDLED for 100 iterations.
04-06 10:49:06.241 29519 29519 W [RNScreens]: backTitleFontFamily prop is not available on Android
04-06 10:49:06.241 29519 29519 W [RNScreens]: disableBackButtonMenu prop is not available on Android
04-06 10:49:06.241 29519 29519 W [RNScreens]: backTitleVisible prop is not available on Android
04-06 10:49:06.241 29519 29519 W [RNScreens]: topInsetEnabled prop is not available on Android
04-06 10:49:06.241 29519 29519 W [RNScreens]: largeTitleHideShadow prop is not available on Android
04-06 10:49:06.241 29519 29519 W [RNScreens]: largeTitleFontWeight prop is not available on Android
04-06 10:49:06.241 29519 29519 W [RNScreens]: userInterfaceStyle prop is not available on Android
04-06 10:49:06.241 29519 29519 W [RNScreens]: largeTitleFontFamily prop is not available on Android
04-06 10:49:06.254 29519 29603 D TrafficStats: tagSocket(106) with statsTag=0xffffffff, statsUid=-1
04-06 10:49:06.296 29519 29519 D InputMethodManager: startInputInner - Id : 0
04-06 10:49:06.296 29519 29519 I InputMethodManager: startInputInner - mService.startInputOrWindowGainedFocus
04-06 10:49:06.308 29519 29597 W AutofillManager: getView(1073741824): could not find view
04-06 10:49:06.308 29519 29597 W AutofillManager: getViewNodeParcelable(1073741824): could not find view
04-06 10:49:06.309 29519 29597 W AutofillManager: getView(1073741824): could not find view
04-06 10:49:06.309 29519 29597 W AutofillManager: getViewNodeParcelable(1073741824): could not find view
04-06 10:49:06.312 29519 29698 W AutofillManager: getView(1073741824): could not find view
04-06 10:49:06.312 29519 29698 W AutofillManager: getViewNodeParcelable(1073741824): could not find view
04-06 10:49:06.803 29519 29519 I IMM_LC  : closeCurrentInput: mService.hideSoftInput
04-06 10:49:07.192 29519 29550 I DetoxWSClient: Sending out action 'invokeResult' (ID #19)
04-06 10:49:07.192 29519 29550 I DetoxDispatcher: Done with action 'invoke'
04-06 10:49:07.196 29519 29554 D DetoxWSClient: Received action 'invoke' (ID #20, params={"target":{"type":"Class","value":"com.wix.detox.espresso.DetoxAssertion"},"method":"waitForAssertMatcher","args":[{"type":"Invocation","value":{"target":{"type":"Class","value":"androidx.test.espresso.Espresso"},"method":"onView","args":[{"type":"Invocation","value":{"target":{"type":"Class","value":"com.wix.detox.espresso.DetoxMatcher"},"method":"matcherForTestId","args":["tab-treino",{"type":"boolean","value":false}]}}]}},{"type":"Invocation","value":{"target":{"type":"Class","value":"com.wix.detox.espresso.DetoxMatcher"},"method":"matcherForSufficientlyVisible","args":[{"type":"Integer","value":75}]}},{"type":"Double","value":3}]})
04-06 10:49:07.196 29519 29550 I DetoxDispatcher: Handling action 'invoke' (ID #20)...
04-06 10:49:07.196 29519 29550 D Detox   : class com.wix.detox.espresso.DetoxMatcher, matcherForTestId, [tab-treino, false]
04-06 10:49:07.197 29519 29550 D Detox   : class androidx.test.espresso.Espresso, onView, [(view.getTag() is "tab-treino" and view has effective visibility <VISIBLE>)]
04-06 10:49:07.197 29519 29550 D Detox   : class com.wix.detox.espresso.DetoxMatcher, matcherForSufficientlyVisible, [75]
04-06 10:49:07.198 29519 29550 D Detox   : class com.wix.detox.espresso.DetoxAssertion, waitForAssertMatcher, [androidx.test.espresso.ViewInteraction@351a825, (view has effective visibility <VISIBLE> and view.getGlobalVisibleRect() covers at least <75> percent of the view's area), 3.0]
04-06 10:49:07.201 29519 29519 I ViewInteraction: Checking 'MatchesViewAssertion(Detox){viewMatcher=(view has effective visibility <VISIBLE> and view.getGlobalVisibleRect() covers at least <75> percent of the view's area)}' assertion on view (view.getTag() is "tab-treino" and view has effective visibility <VISIBLE>)
04-06 10:49:07.203 29519 29550 I DetoxWSClient: Sending out action 'invokeResult' (ID #20)
04-06 10:49:07.203 29519 29550 I DetoxDispatcher: Done with action 'invoke'
04-06 10:49:07.205 29519 29554 D DetoxWSClient: Received action 'invoke' (ID #21, params={"target":{"type":"Class","value":"com.wix.detox.espresso.DetoxAssertion"},"method":"waitForAssertMatcher","args":[{"type":"Invocation","value":{"target":{"type":"Class","value":"androidx.test.espresso.Espresso"},"method":"onView","args":[{"type":"Invocation","value":{"target":{"type":"Class","value":"com.wix.detox.espresso.DetoxMatcher"},"method":"matcherForTestId","args":["home-ready",{"type":"boolean","value":false}]}}]}},{"type":"Invocation","value":{"target":{"type":"Class","value":"com.wix.detox.espresso.DetoxMatcher"},"method":"matcherForSufficientlyVisible","args":[{"type":"Integer","value":75}]}},{"type":"Double","value":3}]})
04-06 10:49:07.206 29519 29550 I DetoxDispatcher: Handling action 'invoke' (ID #21)...
04-06 10:49:07.206 29519 29550 D Detox   : class com.wix.detox.espresso.DetoxMatcher, matcherForTestId, [home-ready, false]
04-06 10:49:07.206 29519 29550 D Detox   : class androidx.test.espresso.Espresso, onView, [(view.getTag() is "home-ready" and view has effective visibility <VISIBLE>)]
04-06 10:49:07.207 29519 29550 D Detox   : class com.wix.detox.espresso.DetoxMatcher, matcherForSufficientlyVisible, [75]
04-06 10:49:07.207 29519 29550 D Detox   : class com.wix.detox.espresso.DetoxAssertion, waitForAssertMatcher, [androidx.test.espresso.ViewInteraction@ea4fab, (view has effective visibility <VISIBLE> and view.getGlobalVisibleRect() covers at least <75> percent of the view's area), 3.0]
04-06 10:49:07.209 29519 29519 I ViewInteraction: Checking 'MatchesViewAssertion(Detox){viewMatcher=(view has effective visibility <VISIBLE> and view.getGlobalVisibleRect() covers at least <75> percent of the view's area)}' assertion on view (view.getTag() is "home-ready" and view has effective visibility <VISIBLE>)
04-06 10:49:07.211 29519 29550 I DetoxWSClient: Sending out action 'invokeResult' (ID #21)
04-06 10:49:07.211 29519 29550 I DetoxDispatcher: Done with action 'invoke'
04-06 10:49:07.215 29519 29554 D DetoxWSClient: Received action 'invoke' (ID #22, params={"target":{"type":"Class","value":"com.wix.detox.espresso.DetoxAssertion"},"method":"waitForAssertMatcher","args":[{"type":"Invocation","value":{"target":{"type":"Class","value":"androidx.test.espresso.Espresso"},"method":"onView","args":[{"type":"Invocation","value":{"target":{"type":"Class","value":"com.wix.detox.espresso.DetoxMatcher"},"method":"matcherForTestId","args":["tab-treino",{"type":"boolean","value":false}]}}]}},{"type":"Invocation","value":{"target":{"type":"Class","value":"com.wix.detox.espresso.DetoxMatcher"},"method":"matcherForSufficientlyVisible","args":[{"type":"Integer","value":75}]}},{"type":"Double","value":3}]})
04-06 10:49:07.216 29519 29550 I DetoxDispatcher: Handling action 'invoke' (ID #22)...
04-06 10:49:07.217 29519 29550 D Detox   : class com.wix.detox.espresso.DetoxMatcher, matcherForTestId, [tab-treino, false]
04-06 10:49:07.217 29519 29550 D Detox   : class androidx.test.espresso.Espresso, onView, [(view.getTag() is "tab-treino" and view has effective visibility <VISIBLE>)]
04-06 10:49:07.217 29519 29550 D Detox   : class com.wix.detox.espresso.DetoxMatcher, matcherForSufficientlyVisible, [75]
04-06 10:49:07.218 29519 29550 D Detox   : class com.wix.detox.espresso.DetoxAssertion, waitForAssertMatcher, [androidx.test.espresso.ViewInteraction@819a1a1, (view has effective visibility <VISIBLE> and view.getGlobalVisibleRect() covers at least <75> percent of the view's area), 3.0]
04-06 10:49:07.220 29519 29519 I ViewInteraction: Checking 'MatchesViewAssertion(Detox){viewMatcher=(view has effective visibility <VISIBLE> and view.getGlobalVisibleRect() covers at least <75> percent of the view's area)}' assertion on view (view.getTag() is "tab-treino" and view has effective visibility <VISIBLE>)
04-06 10:49:07.222 29519 29550 I DetoxWSClient: Sending out action 'invokeResult' (ID #22)
04-06 10:49:07.222 29519 29550 I DetoxDispatcher: Done with action 'invoke'
04-06 10:49:07.226 29519 29554 D DetoxWSClient: Received action 'invoke' (ID #23, params={"target":{"type":"Class","value":"com.wix.detox.espresso.EspressoDetox"},"method":"perform","args":[{"type":"Invocation","value":{"target":{"type":"Class","value":"com.wix.detox.espresso.DetoxMatcher"},"method":"matcherForTestId","args":["tab-treino",{"type":"boolean","value":false}]}},{"type":"Invocation","value":{"target":{"type":"Class","value":"com.wix.detox.espresso.DetoxViewActions"},"method":"click","args":[]}}]})
04-06 10:49:07.226 29519 29550 I DetoxDispatcher: Handling action 'invoke' (ID #23)...
04-06 10:49:07.227 29519 29550 D Detox   : class com.wix.detox.espresso.DetoxMatcher, matcherForTestId, [tab-treino, false]
04-06 10:49:07.227 29519 29550 D Detox   : class com.wix.detox.espresso.DetoxViewActions, click, []
04-06 10:49:07.227 29519 29550 D Detox   : class com.wix.detox.espresso.EspressoDetox, perform, [(view.getTag() is "tab-treino" and view has effective visibility <VISIBLE>), com.wix.detox.espresso.action.RNClickAction@5af0fc6]
04-06 10:49:07.230 29519 29519 I ViewInteraction: Performing 'com.wix.detox.espresso.action.detoxsingletap@b7c3b87 click' action on view (view.getTag() is "tab-treino" and view has effective visibility <VISIBLE>)
04-06 10:49:07.233 29519 29519 I ViewRootImpl@7efc384[MainActivity]: ViewPostIme pointer 0
04-06 10:49:07.264 29519 29519 I ViewRootImpl@7efc384[MainActivity]: ViewPostIme pointer 1
04-06 10:49:07.317 29519 29598 I ReactNativeJS: 'match:', 'local-cache'
04-06 10:49:07.318 29519 29598 I ReactNativeJS: 'recommendation:', 'push', '| confidence:', 'alta'
04-06 10:49:07.366 29519 29519 D ScrollView: initGoToTop
04-06 10:49:07.922 29519 29550 I DetoxWSClient: Sending out action 'invokeResult' (ID #23)
04-06 10:49:07.922 29519 29550 I DetoxDispatcher: Done with action 'invoke'
04-06 10:49:07.927 29519 29554 D DetoxWSClient: Received action 'invoke' (ID #24, params={"target":{"type":"Class","value":"com.wix.detox.espresso.DetoxAssertion"},"method":"waitForAssertMatcher","args":[{"type":"Invocation","value":{"target":{"type":"Class","value":"androidx.test.espresso.Espresso"},"method":"onView","args":[{"type":"Invocation","value":{"target":{"type":"Class","value":"com.wix.detox.espresso.DetoxMatcher"},"method":"matcherForTestId","args":["btn-iniciar-treino",{"type":"boolean","value":false}]}}]}},{"type":"Invocation","value":{"target":{"type":"Class","value":"com.wix.detox.espresso.DetoxMatcher"},"method":"matcherForSufficientlyVisible","args":[{"type":"Integer","value":75}]}},{"type":"Double","value":3}]})
04-06 10:49:07.927 29519 29550 I DetoxDispatcher: Handling action 'invoke' (ID #24)...
04-06 10:49:07.928 29519 29550 D Detox   : class com.wix.detox.espresso.DetoxMatcher, matcherForTestId, [btn-iniciar-treino, false]
04-06 10:49:07.928 29519 29550 D Detox   : class androidx.test.espresso.Espresso, onView, [(view.getTag() is "btn-iniciar-treino" and view has effective visibility <VISIBLE>)]
04-06 10:49:07.929 29519 29550 D Detox   : class com.wix.detox.espresso.DetoxMatcher, matcherForSufficientlyVisible, [75]
04-06 10:49:07.929 29519 29550 D Detox   : class com.wix.detox.espresso.DetoxAssertion, waitForAssertMatcher, [androidx.test.espresso.ViewInteraction@d9264f5, (view has effective visibility <VISIBLE> and view.getGlobalVisibleRect() covers at least <75> percent of the view's area), 3.0]
04-06 10:49:07.932 29519 29519 I ViewInteraction: Checking 'MatchesViewAssertion(Detox){viewMatcher=(view has effective visibility <VISIBLE> and view.getGlobalVisibleRect() covers at least <75> percent of the view's area)}' assertion on view (view.getTag() is "btn-iniciar-treino" and view has effective visibility <VISIBLE>)
04-06 10:49:07.933 29519 29550 I DetoxWSClient: Sending out action 'invokeResult' (ID #24)
04-06 10:49:07.934 29519 29550 I DetoxDispatcher: Done with action 'invoke'
04-06 10:49:07.941 29519 29554 D DetoxWSClient: Received action 'invoke' (ID #25, params={"target":{"type":"Class","value":"com.wix.detox.espresso.EspressoDetox"},"method":"perform","args":[{"type":"Invocation","value":{"target":{"type":"Class","value":"com.wix.detox.espresso.DetoxMatcher"},"method":"matcherForTestId","args":["btn-iniciar-treino",{"type":"boolean","value":false}]}},{"type":"Invocation","value":{"target":{"type":"Class","value":"com.wix.detox.espresso.DetoxViewActions"},"method":"click","args":[]}}]})
04-06 10:49:07.941 29519 29550 I DetoxDispatcher: Handling action 'invoke' (ID #25)...
04-06 10:49:07.942 29519 29550 D Detox   : class com.wix.detox.espresso.DetoxMatcher, matcherForTestId, [btn-iniciar-treino, false]
04-06 10:49:07.942 29519 29550 D Detox   : class com.wix.detox.espresso.DetoxViewActions, click, []
04-06 10:49:07.942 29519 29550 D Detox   : class com.wix.detox.espresso.EspressoDetox, perform, [(view.getTag() is "btn-iniciar-treino" and view has effective visibility <VISIBLE>), com.wix.detox.espresso.action.RNClickAction@2ace0fb]
04-06 10:49:07.947 29519 29519 I ViewInteraction: Performing 'com.wix.detox.espresso.action.detoxsingletap@d4a7518 click' action on view (view.getTag() is "btn-iniciar-treino" and view has effective visibility <VISIBLE>)
04-06 10:49:07.951 29519 29519 I ViewRootImpl@7efc384[MainActivity]: ViewPostIme pointer 0
04-06 10:49:07.984 29519 29519 I ViewRootImpl@7efc384[MainActivity]: ViewPostIme pointer 1
04-06 10:49:08.094 29519 29519 W [RNScreens]: backTitleFontFamily prop is not available on Android
04-06 10:49:08.094 29519 29519 W [RNScreens]: disableBackButtonMenu prop is not available on Android
04-06 10:49:08.094 29519 29519 W [RNScreens]: backTitleVisible prop is not available on Android
04-06 10:49:08.094 29519 29519 W [RNScreens]: topInsetEnabled prop is not available on Android
04-06 10:49:08.094 29519 29519 W [RNScreens]: largeTitleHideShadow prop is not available on Android
04-06 10:49:08.094 29519 29519 W [RNScreens]: largeTitleFontWeight prop is not available on Android
04-06 10:49:08.094 29519 29519 W [RNScreens]: userInterfaceStyle prop is not available on Android
04-06 10:49:08.094 29519 29519 W [RNScreens]: largeTitleFontFamily prop is not available on Android
04-06 10:49:08.099 29519 29598 I ReactNativeJS: 'match:', 'local-cache'
04-06 10:49:08.099 29519 29598 I ReactNativeJS: 'recommendation:', 'push', '| confidence:', 'alta'
04-06 10:49:08.132 29519 29598 I ReactNativeJS: 'match:', 'local-cache'
04-06 10:49:08.132 29519 29598 I ReactNativeJS: 'recommendation:', 'push', '| confidence:', 'alta'
04-06 10:49:08.230 29519 29529 D InputTransport: Input channel destroyed: 'ClientS', fd=134
04-06 10:49:08.402 29519 29519 W UiControllerImpl: Waiting for: DYNAMIC_TASKS_HAVE_IDLED for 100 iterations.
04-06 10:49:09.110 29519 29519 W om.evolucao.app: Accessing hidden field Landroid/widget/HorizontalScrollView;->mScroller:Landroid/widget/OverScroller; (unsupported, reflection, allowed)
04-06 10:49:09.129 29519 29519 D ScrollView: initGoToTop
04-06 10:49:10.260 29519 29550 I DetoxWSClient: Sending out action 'invokeResult' (ID #25)
04-06 10:49:10.260 29519 29550 I DetoxDispatcher: Done with action 'invoke'
04-06 10:49:10.267 29519 29554 D DetoxWSClient: Received action 'invoke' (ID #26, params={"target":{"type":"Class","value":"com.wix.detox.espresso.DetoxAssertion"},"method":"waitForAssertMatcher","args":[{"type":"Invocation","value":{"target":{"type":"Class","value":"androidx.test.espresso.Espresso"},"method":"onView","args":[{"type":"Invocation","value":{"target":{"type":"Class","value":"com.wix.detox.espresso.DetoxMatcher"},"method":"matcherForTestId","args":["input-peso",{"type":"boolean","value":false}]}}]}},{"type":"Invocation","value":{"target":{"type":"Class","value":"com.wix.detox.espresso.DetoxMatcher"},"method":"matcherForSufficientlyVisible","args":[{"type":"Integer","value":75}]}},{"type":"Double","value":3}]})
04-06 10:49:10.267 29519 29550 I DetoxDispatcher: Handling action 'invoke' (ID #26)...
04-06 10:49:10.268 29519 29550 D Detox   : class com.wix.detox.espresso.DetoxMatcher, matcherForTestId, [input-peso, false]
04-06 10:49:10.269 29519 29550 D Detox   : class androidx.test.espresso.Espresso, onView, [(view.getTag() is "input-peso" and view has effective visibility <VISIBLE>)]
04-06 10:49:10.270 29519 29550 D Detox   : class com.wix.detox.espresso.DetoxMatcher, matcherForSufficientlyVisible, [75]
04-06 10:49:10.271 29519 29550 D Detox   : class com.wix.detox.espresso.DetoxAssertion, waitForAssertMatcher, [androidx.test.espresso.ViewInteraction@42284ec, (view has effective visibility <VISIBLE> and view.getGlobalVisibleRect() covers at least <75> percent of the view's area), 3.0]
04-06 10:49:10.278 29519 29519 I ViewInteraction: Checking 'MatchesViewAssertion(Detox){viewMatcher=(view has effective visibility <VISIBLE> and view.getGlobalVisibleRect() covers at least <75> percent of the view's area)}' assertion on view (view.getTag() is "input-peso" and view has effective visibility <VISIBLE>)
04-06 10:49:10.290 29519 29550 I DetoxWSClient: Sending out action 'invokeResult' (ID #26)
04-06 10:49:10.290 29519 29550 I DetoxDispatcher: Done with action 'invoke'
04-06 10:49:10.294 29519 29554 D DetoxWSClient: Received action 'invoke' (ID #27, params={"target":{"type":"Class","value":"com.wix.detox.espresso.DetoxAssertion"},"method":"waitForAssertMatcher","args":[{"type":"Invocation","value":{"target":{"type":"Class","value":"androidx.test.espresso.Espresso"},"method":"onView","args":[{"type":"Invocation","value":{"target":{"type":"Class","value":"com.wix.detox.espresso.DetoxMatcher"},"method":"matcherForTestId","args":["input-reps",{"type":"boolean","value":false}]}}]}},{"type":"Invocation","value":{"target":{"type":"Class","value":"com.wix.detox.espresso.DetoxMatcher"},"method":"matcherForSufficientlyVisible","args":[{"type":"Integer","value":75}]}},{"type":"Double","value":3}]})
04-06 10:49:10.294 29519 29550 I DetoxDispatcher: Handling action 'invoke' (ID #27)...
04-06 10:49:10.294 29519 29550 D Detox   : class com.wix.detox.espresso.DetoxMatcher, matcherForTestId, [input-reps, false]
04-06 10:49:10.294 29519 29550 D Detox   : class androidx.test.espresso.Espresso, onView, [(view.getTag() is "input-reps" and view has effective visibility <VISIBLE>)]
04-06 10:49:10.295 29519 29550 D Detox   : class com.wix.detox.espresso.DetoxMatcher, matcherForSufficientlyVisible, [75]
04-06 10:49:10.295 29519 29550 D Detox   : class com.wix.detox.espresso.DetoxAssertion, waitForAssertMatcher, [androidx.test.espresso.ViewInteraction@1ec3a31, (view has effective visibility <VISIBLE> and view.getGlobalVisibleRect() covers at least <75> percent of the view's area), 3.0]
04-06 10:49:10.298 29519 29519 I ViewInteraction: Checking 'MatchesViewAssertion(Detox){viewMatcher=(view has effective visibility <VISIBLE> and view.getGlobalVisibleRect() covers at least <75> percent of the view's area)}' assertion on view (view.getTag() is "input-reps" and view has effective visibility <VISIBLE>)
04-06 10:49:10.308 29519 29550 I DetoxWSClient: Sending out action 'invokeResult' (ID #27)
04-06 10:49:10.308 29519 29550 I DetoxDispatcher: Done with action 'invoke'
04-06 10:49:10.312 29519 29554 D DetoxWSClient: Received action 'invoke' (ID #28, params={"target":{"type":"Class","value":"com.wix.detox.espresso.EspressoDetox"},"method":"perform","args":[{"type":"Invocation","value":{"target":{"type":"Class","value":"com.wix.detox.espresso.DetoxMatcher"},"method":"matcherForTestId","args":["input-peso",{"type":"boolean","value":false}]}},{"type":"Invocation","value":{"target":{"type":"Class","value":"com.wix.detox.espresso.DetoxViewActions"},"method":"click","args":[]}}]})
04-06 10:49:10.312 29519 29550 I DetoxDispatcher: Handling action 'invoke' (ID #28)...
04-06 10:49:10.312 29519 29550 D Detox   : class com.wix.detox.espresso.DetoxMatcher, matcherForTestId, [input-peso, false]
04-06 10:49:10.312 29519 29550 D Detox   : class com.wix.detox.espresso.DetoxViewActions, click, []
04-06 10:49:10.312 29519 29550 D Detox   : class com.wix.detox.espresso.EspressoDetox, perform, [(view.getTag() is "input-peso" and view has effective visibility <VISIBLE>), com.wix.detox.espresso.action.RNClickAction@dc36e97]
04-06 10:49:10.315 29519 29519 I ViewInteraction: Performing 'com.wix.detox.espresso.action.detoxsingletap@7b24884 click' action on view (view.getTag() is "input-peso" and view has effective visibility <VISIBLE>)
04-06 10:49:10.327 29519 29519 I ViewRootImpl@7efc384[MainActivity]: ViewPostIme pointer 0
04-06 10:49:10.357 29519 29519 I ViewRootImpl@7efc384[MainActivity]: ViewPostIme pointer 1
04-06 10:49:10.372 29519 29519 D InputMethodManager: startInputInner - Id : 0
04-06 10:49:10.372 29519 29519 I InputMethodManager: startInputInner - mService.startInputOrWindowGainedFocus
04-06 10:49:10.374 29519 29519 I IMM_LC  : showSoftInput(View,I)
04-06 10:49:10.374 29519 29519 I IMM_LC  : ssi() - flag : 0 view : com.evolucao.app reason = SHOW_SOFT_INPUT
04-06 10:49:10.386 29519 29567 D NativeCustomFrequencyManager: [NativeCFMS] BpCustomFrequencyManager::BpCustomFrequencyManager()
04-06 10:49:10.390 29519 29519 D InsetsController: onStateChanged: InsetsState: {mDisplayFrame=Rect(0, 0 - 1080, 2400), mDisplayCutout=DisplayCutout{insets=Rect(0, 88 - 0, 0) waterfall=Insets{left=0, top=0, right=0, bottom=0} boundingRect={Bounds=[Rect(0, 0 - 0, 0), Rect(512, 0 - 568, 88), Rect(0, 0 - 0, 0), Rect(0, 0 - 0, 0)]} cutoutPathParserInfo={CutoutPathParserInfo{displayWidth=1080 displayHeight=2400 physicalDisplayWidth=1080 physicalDisplayHeight=2400 density={3.0} cutoutSpec={M 0,0 M 0,10.71963616907435 a 9.280363830925644,9.280363830925644 0 1,0 0,18.56072766185129 a 9.280363830925644,9.280363830925644 0 1,0 0,-18.56072766185129 Z @dp} rotation={0} scale={1.0} physicalPixelDisplaySizeRatio={1.0}}}}, mRoundedCorners=RoundedCorners{[RoundedCorner{position=TopLeft, radius=96, center=Point(96, 96)}, RoundedCorner{position=TopRight, radius=96, center=Point(984, 96)}, RoundedCorner{position=BottomRight, radius=96, center=Point(984, 2304)}, RoundedCorner{position=BottomLeft, radius=96, center=Point(96, 2304)}]}  mRoundedCornerFrame=Rect(0, 0 - 1080, 2400), mPrivacyIndicatorBounds=PrivacyIndicatorBounds {static bounds=Rect(948, 0 - 1080, 88) rotation=0}, mSources= { InsetsSource: {mType=ITYPE_STATUS_BAR, mFrame=[0,0][1080,88], mVisible=true, mInsetsRoundedCornerFrame=false}, InsetsSource: {mType=ITYPE_NAVIGATION_BAR, mFrame=[0,2256][1080,2400], mVisible=true, mInsetsRoundedCornerFrame=false}, InsetsSource: {mType=ITYPE_LEFT_GESTURES, mFrame=[0,0][0,2400], mVisible=true, mInsetsRoundedCornerFrame=false}, InsetsSource: {mType=ITYPE_RIGHT_GESTURES, mFrame=[1080,0][1080,2400], mVisible=true, mInsetsRoundedCornerFrame=false}, InsetsSource: {mType=ITYPE_TOP_MANDATORY_GESTURES, mFrame=[0,0][1080,124], mVisible=true, mInsetsRoundedCornerFrame=false}, InsetsSource: {mType=ITYPE_BOTTOM_MANDATORY_GESTURES, mFrame=[0,2256][1080,2400], mVisible=true, mInsetsRoundedCornerFrame=false}, InsetsSource: {mType=ITYPE_LEFT_DISPLAY_CUTOUT, mFrame=[0,0][-100000,2400], mVisible=true, mInsetsRoundedCornerFrame=false}, InsetsSource: {mType=ITYPE_TOP_DISPLAY_CUTOUT, mFrame=[0,0][1080,88], mVisible=true, mInsetsRoundedCornerFrame=false}, InsetsSource: {mType=ITYPE_RIGHT_DISPLAY_CUTOUT, mFrame=[100000,0][1080,2400], mVisible=true, mInsetsRoundedCornerFrame=false}, InsetsSource: {mType=ITYPE_BOTTOM_DISPLAY_CUTOUT, mFrame=[0,100000][1080,2400], mVisible=true, mInsetsRoundedCornerFrame=false}, InsetsSource: {mType=ITYPE_TOP_TAPPABLE_ELEMENT, mFrame=[0,0][1080,88], mVisible=true, mInsetsRoundedCornerFrame=false}, InsetsSource: {mType=ITYPE_BOTTOM_TAPPABLE_ELEMENT, mFrame=[0,2256][1080,2400], mVisible=true, mInsetsRoundedCornerFrame=false} } host=PopupWindow:e63fab from=android.view.ViewRootImpl.setView:1732
04-06 10:49:10.392 29519 29519 I ViewRootImpl@2b16608[PopupWindow:e63fab]: setView = android.widget.PopupWindow$PopupDecorView@9fadab4 TM=false
04-06 10:49:10.395 29519 29567 D NativeCustomFrequencyManager: [NativeCFMS] BpCustomFrequencyManager::BpCustomFrequencyManager()
04-06 10:49:10.398 29519 29519 D InsetsController: onStateChanged: InsetsState: {mDisplayFrame=Rect(0, 0 - 1080, 2400), mDisplayCutout=DisplayCutout{insets=Rect(0, 88 - 0, 0) waterfall=Insets{left=0, top=0, right=0, bottom=0} boundingRect={Bounds=[Rect(0, 0 - 0, 0), Rect(512, 0 - 568, 88), Rect(0, 0 - 0, 0), Rect(0, 0 - 0, 0)]} cutoutPathParserInfo={CutoutPathParserInfo{displayWidth=1080 displayHeight=2400 physicalDisplayWidth=1080 physicalDisplayHeight=2400 density={3.0} cutoutSpec={M 0,0 M 0,10.71963616907435 a 9.280363830925644,9.280363830925644 0 1,0 0,18.56072766185129 a 9.280363830925644,9.280363830925644 0 1,0 0,-18.56072766185129 Z @dp} rotation={0} scale={1.0} physicalPixelDisplaySizeRatio={1.0}}}}, mRoundedCorners=RoundedCorners{[RoundedCorner{position=TopLeft, radius=96, center=Point(96, 96)}, RoundedCorner{position=TopRight, radius=96, center=Point(984, 96)}, RoundedCorner{position=BottomRight, radius=96, center=Point(984, 2304)}, RoundedCorner{position=BottomLeft, radius=96, center=Point(96, 2304)}]}  mRoundedCornerFrame=Rect(0, 0 - 1080, 2400), mPrivacyIndicatorBounds=PrivacyIndicatorBounds {static bounds=Rect(948, 0 - 1080, 88) rotation=0}, mSources= { InsetsSource: {mType=ITYPE_STATUS_BAR, mFrame=[0,0][1080,88], mVisible=true, mInsetsRoundedCornerFrame=false}, InsetsSource: {mType=ITYPE_NAVIGATION_BAR, mFrame=[0,2256][1080,2400], mVisible=true, mInsetsRoundedCornerFrame=false}, InsetsSource: {mType=ITYPE_LEFT_GESTURES, mFrame=[0,0][0,2400], mVisible=true, mInsetsRoundedCornerFrame=false}, InsetsSource: {mType=ITYPE_RIGHT_GESTURES, mFrame=[1080,0][1080,2400], mVisible=true, mInsetsRoundedCornerFrame=false}, InsetsSource: {mType=ITYPE_TOP_MANDATORY_GESTURES, mFrame=[0,0][1080,124], mVisible=true, mInsetsRoundedCornerFrame=false}, InsetsSource: {mType=ITYPE_BOTTOM_MANDATORY_GESTURES, mFrame=[0,2256][1080,2400], mVisible=true, mInsetsRoundedCornerFrame=false}, InsetsSource: {mType=ITYPE_LEFT_DISPLAY_CUTOUT, mFrame=[0,0][-100000,2400], mVisible=true, mInsetsRoundedCornerFrame=false}, InsetsSource: {mType=ITYPE_TOP_DISPLAY_CUTOUT, mFrame=[0,0][1080,88], mVisible=true, mInsetsRoundedCornerFrame=false}, InsetsSource: {mType=ITYPE_RIGHT_DISPLAY_CUTOUT, mFrame=[100000,0][1080,2400], mVisible=true, mInsetsRoundedCornerFrame=false}, InsetsSource: {mType=ITYPE_BOTTOM_DISPLAY_CUTOUT, mFrame=[0,100000][1080,2400], mVisible=true, mInsetsRoundedCornerFrame=false}, InsetsSource: {mType=ITYPE_TOP_TAPPABLE_ELEMENT, mFrame=[0,0][1080,88], mVisible=true, mInsetsRoundedCornerFrame=false}, InsetsSource: {mType=ITYPE_BOTTOM_TAPPABLE_ELEMENT, mFrame=[0,2256][1080,2400], mVisible=true, mInsetsRoundedCornerFrame=false} } host=PopupWindow:1381252 from=android.view.ViewRootImpl.setView:1732
04-06 10:49:10.400 29519 29519 I ViewRootImpl@7e0f923[PopupWindow:1381252]: setView = android.widget.PopupWindow$PopupDecorView@8c0047f TM=false
04-06 10:49:10.405 29519 29519 I IMM_LC  : showSoftInput(View,I)
04-06 10:49:10.405 29519 29519 I IMM_LC  : ssi() - flag : 0 view : com.evolucao.app reason = SHOW_SOFT_INPUT
04-06 10:49:10.408 29519 29519 I ViewRootImpl@2b16608[PopupWindow:e63fab]: performTraversals params={(231,1797)(90x108) gr=TOP START CENTER sim={state=unchanged adjust=pan} ty=APPLICATION_SUB_PANEL fmt=TRANSLUCENT wanim=0x1030313 surfaceInsets=Rect(0, 0 - 0, 0) (manual)
04-06 10:49:10.408 29519 29519 I ViewRootImpl@2b16608[PopupWindow:e63fab]:   fl=41800208
04-06 10:49:10.408 29519 29519 I ViewRootImpl@2b16608[PopupWindow:e63fab]:   pfl=2018000
04-06 10:49:10.408 29519 29519 I ViewRootImpl@2b16608[PopupWindow:e63fab]:   bhv=DEFAULT
04-06 10:49:10.408 29519 29519 I ViewRootImpl@2b16608[PopupWindow:e63fab]:   fitTypes=STATUS_BARS NAVIGATION_BARS CAPTION_BAR naviIconColor=0
04-06 10:49:10.408 29519 29519 I ViewRootImpl@2b16608[PopupWindow:e63fab]:   sfl=20000}
04-06 10:49:10.408 29519 29519 I ViewRootImpl@2b16608[PopupWindow:e63fab]: performTraversals mFirst=true windowShouldResize=true viewVisibilityChanged=false mForceNextWindowRelayout=false params={(231,1797)(90x108) gr=TOP START CENTER sim={state=unchanged adjust=pan} ty=APPLICATION_SUB_PANEL fmt=TRANSLUCENT wanim=0x1030313 surfaceInsets=Rect(0, 0 - 0, 0) (manual)
04-06 10:49:10.408 29519 29519 I ViewRootImpl@2b16608[PopupWindow:e63fab]:   fl=41800208
04-06 10:49:10.408 29519 29519 I ViewRootImpl@2b16608[PopupWindow:e63fab]:   pfl=42018000
04-06 10:49:10.408 29519 29519 I ViewRootImpl@2b16608[PopupWindow:e63fab]:   bhv=DEFAULT
04-06 10:49:10.408 29519 29519 I ViewRootImpl@2b16608[PopupWindow:e63fab]:   fitTypes=STATUS_BARS NAVIGATION_BARS CAPTION_BAR naviIconColor=0
04-06 10:49:10.408 29519 29519 I ViewRootImpl@2b16608[PopupWindow:e63fab]:   sfl=20000}
04-06 10:49:10.412 29519 29597 I ViewRootImpl@2b16608[PopupWindow:e63fab]: Resizing android.view.ViewRootImpl@9aa26dd: frame = [231,1797][321,1905] reportDraw = true forceLayout = false syncSeqId = 0
04-06 10:49:10.413 29519 29519 I ViewRootImpl@2b16608[PopupWindow:e63fab]: updateBlastSurfaceIfNeeded mBlastBufferQueue=null isSameSurfaceControl=false
04-06 10:49:10.413 29519 29519 I BLASTBufferQueue: new BLASTBufferQueue, mName= ViewRootImpl@2b16608[PopupWindow:e63fab] mNativeObject= 0xb4000070a05daf80 sc.mNativeObject= 0xb400007044121b00 caller= android.view.ViewRootImpl.updateBlastSurfaceIfNeeded:2909 android.view.ViewRootImpl.relayoutWindow:9847 android.view.ViewRootImpl.performTraversals:3884 android.view.ViewRootImpl.doTraversal:3116 android.view.ViewRootImpl$TraversalRunnable.run:10885 android.view.Choreographer$CallbackRecord.run:1301 android.view.Choreographer$CallbackRecord.run:1309 android.view.Choreographer.doCallbacks:923 android.view.Choreographer.doFrame:852 android.view.Choreographer$FrameDisplayEventReceiver.run:1283 
04-06 10:49:10.413 29519 29519 I BLASTBufferQueue: update, w= 90 h= 108 mName = ViewRootImpl@2b16608[PopupWindow:e63fab] mNativeObject= 0xb4000070a05daf80 sc.mNativeObject= 0xb400007044121b00 format= -3 caller= android.graphics.BLASTBufferQueue.<init>:84 android.view.ViewRootImpl.updateBlastSurfaceIfNeeded:2909 android.view.ViewRootImpl.relayoutWindow:9847 android.view.ViewRootImpl.performTraversals:3884 android.view.ViewRootImpl.doTraversal:3116 android.view.ViewRootImpl$TraversalRunnable.run:10885 
04-06 10:49:10.414 29519 29519 I ViewRootImpl@2b16608[PopupWindow:e63fab]: Relayout returned: old=(231,1797,321,1905) new=(231,1797,321,1905) req=(90,108)0 dur=5 res=0x3 s={true 0xb400007000938000} ch=true seqId=0
04-06 10:49:10.414 29519 29519 I ViewRootImpl@2b16608[PopupWindow:e63fab]: mThreadedRenderer.initialize() mSurface={isValid=true 0xb400007000938000} hwInitialized=true
04-06 10:49:10.414 29519 29567 D OpenGLRenderer: eglCreateWindowSurface
04-06 10:49:10.416 29519 29519 I ViewRootImpl@2b16608[PopupWindow:e63fab]: reportNextDraw android.view.ViewRootImpl.performTraversals:4438 android.view.ViewRootImpl.doTraversal:3116 android.view.ViewRootImpl$TraversalRunnable.run:10885 android.view.Choreographer$CallbackRecord.run:1301 android.view.Choreographer$CallbackRecord.run:1309 
04-06 10:49:10.416 29519 29519 I ViewRootImpl@2b16608[PopupWindow:e63fab]: Setup new sync id=0
04-06 10:49:10.416 29519 29519 I ViewRootImpl@2b16608[PopupWindow:e63fab]: Setting syncFrameCallback
04-06 10:49:10.416 29519 29519 I ViewRootImpl@2b16608[PopupWindow:e63fab]: registerCallbacksForSync syncBuffer=false
04-06 10:49:10.417 29519 29588 I ViewRootImpl@2b16608[PopupWindow:e63fab]: Received frameDrawingCallback syncResult=0 frameNum=1.
04-06 10:49:10.417 29519 29588 I ViewRootImpl@2b16608[PopupWindow:e63fab]: Setting up sync and frameCommitCallback
04-06 10:49:10.417 29519 29567 I BLASTBufferQueue: [ViewRootImpl@2b16608[PopupWindow:e63fab]#6](f:0,a:0) onFrameAvailable the first frame is available
04-06 10:49:10.418 29519 29567 I ViewRootImpl@2b16608[PopupWindow:e63fab]: Received frameCommittedCallback lastAttemptedDrawFrameNum=1 didProduceBuffer=true
04-06 10:49:10.418 29519 29567 D OpenGLRenderer: CFMS:: SetUp Pid : 29519    Tid : 29567
04-06 10:49:10.419 29519 29567 W Parcel  : Expecting binder but got null!
04-06 10:49:10.419 29519 29519 I ViewRootImpl@2b16608[PopupWindow:e63fab]: onSyncComplete
04-06 10:49:10.419 29519 29519 I ViewRootImpl@2b16608[PopupWindow:e63fab]: setupSync seqId=0 mSyncId=0 fn=1 caller=android.view.ViewRootImpl$$ExternalSyntheticLambda11.accept:6 android.window.SurfaceSyncer.lambda$setupSync$1$android-window-SurfaceSyncer:128 android.window.SurfaceSyncer$$ExternalSyntheticLambda1.accept:8 android.window.SurfaceSyncer$SyncSet.checkIfSyncIsComplete:382 android.window.SurfaceSyncer$SyncSet.markSyncReady:359 android.window.SurfaceSyncer.markSyncReady:151 android.view.ViewRootImpl.performTraversals:4503 
04-06 10:49:10.420 29519 29519 I ViewRootImpl@7e0f923[PopupWindow:1381252]: performTraversals params={(231,1703)(90x94) gr=TOP START CENTER sim={state=unchanged adjust=pan} ty=APPLICATION_SUB_PANEL fmt=TRANSLUCENT wanim=0x1030313 surfaceInsets=Rect(0, 0 - 0, 0) (manual)
04-06 10:49:10.420 29519 29519 I ViewRootImpl@7e0f923[PopupWindow:1381252]:   fl=41800218
04-06 10:49:10.420 29519 29519 I ViewRootImpl@7e0f923[PopupWindow:1381252]:   pfl=2018000
04-06 10:49:10.420 29519 29519 I ViewRootImpl@7e0f923[PopupWindow:1381252]:   bhv=DEFAULT
04-06 10:49:10.420 29519 29519 I ViewRootImpl@7e0f923[PopupWindow:1381252]:   fitTypes=STATUS_BARS NAVIGATION_BARS CAPTION_BAR naviIconColor=0
04-06 10:49:10.420 29519 29519 I ViewRootImpl@7e0f923[PopupWindow:1381252]:   sfl=20000}
04-06 10:49:10.421 29519 29519 I ViewRootImpl@7e0f923[PopupWindow:1381252]: performTraversals mFirst=true windowShouldResize=true viewVisibilityChanged=false mForceNextWindowRelayout=false params={(231,1703)(90x94) gr=TOP START CENTER sim={state=unchanged adjust=pan} ty=APPLICATION_SUB_PANEL fmt=TRANSLUCENT wanim=0x1030313 surfaceInsets=Rect(0, 0 - 0, 0) (manual)
04-06 10:49:10.421 29519 29519 I ViewRootImpl@7e0f923[PopupWindow:1381252]:   fl=41800218
04-06 10:49:10.421 29519 29519 I ViewRootImpl@7e0f923[PopupWindow:1381252]:   pfl=42018000
04-06 10:49:10.421 29519 29519 I ViewRootImpl@7e0f923[PopupWindow:1381252]:   bhv=DEFAULT
04-06 10:49:10.421 29519 29519 I ViewRootImpl@7e0f923[PopupWindow:1381252]:   fitTypes=STATUS_BARS NAVIGATION_BARS CAPTION_BAR naviIconColor=0
04-06 10:49:10.421 29519 29519 I ViewRootImpl@7e0f923[PopupWindow:1381252]:   sfl=20000}
04-06 10:49:10.424 29519 29597 I ViewRootImpl@7e0f923[PopupWindow:1381252]: Resizing android.view.ViewRootImpl@45acc4c: frame = [231,1703][321,1797] reportDraw = true forceLayout = false syncSeqId = 0
04-06 10:49:10.425 29519 29519 I ViewRootImpl@7e0f923[PopupWindow:1381252]: updateBlastSurfaceIfNeeded mBlastBufferQueue=null isSameSurfaceControl=false
04-06 10:49:10.425 29519 29519 I BLASTBufferQueue: new BLASTBufferQueue, mName= ViewRootImpl@7e0f923[PopupWindow:1381252] mNativeObject= 0xb4000070a05dba00 sc.mNativeObject= 0xb4000070007c6000 caller= android.view.ViewRootImpl.updateBlastSurfaceIfNeeded:2909 android.view.ViewRootImpl.relayoutWindow:9847 android.view.ViewRootImpl.performTraversals:3884 android.view.ViewRootImpl.doTraversal:3116 android.view.ViewRootImpl$TraversalRunnable.run:10885 android.view.Choreographer$CallbackRecord.run:1301 android.view.Choreographer$CallbackRecord.run:1309 android.view.Choreographer.doCallbacks:923 android.view.Choreographer.doFrame:852 android.view.Choreographer$FrameDisplayEventReceiver.run:1283 
04-06 10:49:10.425 29519 29519 I BLASTBufferQueue: update, w= 90 h= 94 mName = ViewRootImpl@7e0f923[PopupWindow:1381252] mNativeObject= 0xb4000070a05dba00 sc.mNativeObject= 0xb4000070007c6000 format= -3 caller= android.graphics.BLASTBufferQueue.<init>:84 android.view.ViewRootImpl.updateBlastSurfaceIfNeeded:2909 android.view.ViewRootImpl.relayoutWindow:9847 android.view.ViewRootImpl.performTraversals:3884 android.view.ViewRootImpl.doTraversal:3116 android.view.ViewRootImpl$TraversalRunnable.run:10885 
04-06 10:49:10.426 29519 29519 I ViewRootImpl@7e0f923[PopupWindow:1381252]: Relayout returned: old=(231,1703,321,1797) new=(231,1703,321,1797) req=(90,94)0 dur=4 res=0x3 s={true 0xb40000700093a800} ch=true seqId=0
04-06 10:49:10.427 29519 29519 I ViewRootImpl@7e0f923[PopupWindow:1381252]: mThreadedRenderer.initialize() mSurface={isValid=true 0xb40000700093a800} hwInitialized=true
04-06 10:49:10.427 29519 29567 D OpenGLRenderer: eglCreateWindowSurface
04-06 10:49:10.428 29519 29519 I ViewRootImpl@7e0f923[PopupWindow:1381252]: reportNextDraw android.view.ViewRootImpl.performTraversals:4438 android.view.ViewRootImpl.doTraversal:3116 android.view.ViewRootImpl$TraversalRunnable.run:10885 android.view.Choreographer$CallbackRecord.run:1301 android.view.Choreographer$CallbackRecord.run:1309 
04-06 10:49:10.428 29519 29519 I ViewRootImpl@7e0f923[PopupWindow:1381252]: Setup new sync id=0
04-06 10:49:10.428 29519 29519 I ViewRootImpl@7e0f923[PopupWindow:1381252]: Setting syncFrameCallback
04-06 10:49:10.428 29519 29519 I ViewRootImpl@7e0f923[PopupWindow:1381252]: registerCallbacksForSync syncBuffer=false
04-06 10:49:10.429 29519 29587 I ViewRootImpl@7e0f923[PopupWindow:1381252]: Received frameDrawingCallback syncResult=0 frameNum=1.
04-06 10:49:10.429 29519 29587 I ViewRootImpl@7e0f923[PopupWindow:1381252]: Setting up sync and frameCommitCallback
04-06 10:49:10.429 29519 29567 I BLASTBufferQueue: [ViewRootImpl@7e0f923[PopupWindow:1381252]#7](f:0,a:0) onFrameAvailable the first frame is available
04-06 10:49:10.429 29519 29567 I ViewRootImpl@7e0f923[PopupWindow:1381252]: Received frameCommittedCallback lastAttemptedDrawFrameNum=1 didProduceBuffer=true
04-06 10:49:10.430 29519 29567 D OpenGLRenderer: CFMS:: SetUp Pid : 29519    Tid : 29567
04-06 10:49:10.430 29519 29567 W Parcel  : Expecting binder but got null!
04-06 10:49:10.430 29519 29519 I ViewRootImpl@7e0f923[PopupWindow:1381252]: onSyncComplete
04-06 10:49:10.430 29519 29519 I ViewRootImpl@7e0f923[PopupWindow:1381252]: setupSync seqId=0 mSyncId=0 fn=1 caller=android.view.ViewRootImpl$$ExternalSyntheticLambda11.accept:6 android.window.SurfaceSyncer.lambda$setupSync$1$android-window-SurfaceSyncer:128 android.window.SurfaceSyncer$$ExternalSyntheticLambda1.accept:8 android.window.SurfaceSyncer$SyncSet.checkIfSyncIsComplete:382 android.window.SurfaceSyncer$SyncSet.markSyncReady:359 android.window.SurfaceSyncer.markSyncReady:151 android.view.ViewRootImpl.performTraversals:4503 
04-06 10:49:10.431 29519 29519 I ViewRootImpl@7e0f923[PopupWindow:1381252]: reportDrawFinished seqId=0 mSyncId=-1 fn=1 mSurfaceChangedTransaction=0xb4000070a072b700
