04-06 11:46:20.059 21886 21886 I ViewRootImpl@b18b023[PopupWindow:a304552]: reportNextDraw android.view.ViewRootImpl.handleResized:2450 android.view.ViewRootImpl.-$$Nest$mhandleResized:0 android.view.ViewRootImpl$ViewRootHandler.handleMessageImpl:6728 android.view.ViewRootImpl$ViewRootHandler.handleMessage:6697 android.os.Handler.dispatchMessage:106 
04-06 11:46:20.059 21886 21886 I ViewRootImpl@7efc384[MainActivity]: MSG_WINDOW_FOCUS_CHANGED 1 0
04-06 11:46:20.060 21886 21886 I ViewRootImpl@7efc384[MainActivity]: mThreadedRenderer.initializeIfNeeded()#2 mSurface={isValid=true 0xb4000070a70e8000}
04-06 11:46:20.060 21886 21886 W unknown:BridgelessReact: ReactHost{0}.raiseSoftException(onWindowFocusChange(hasFocus = "true")): Tried to access onWindowFocusChange while context is not ready
04-06 11:46:20.061 21886 21886 E unknown:ReactHost: Unhandled SoftException
04-06 11:46:20.061 21886 21886 E unknown:ReactHost: com.facebook.react.bridge.ReactNoCrashSoftException: raiseSoftException(onWindowFocusChange(hasFocus = "true")): Tried to access onWindowFocusChange while context is not ready
04-06 11:46:20.061 21886 21886 E unknown:ReactHost: 	at com.facebook.react.runtime.ReactHostImpl.raiseSoftException(ReactHostImpl.kt:861)
04-06 11:46:20.061 21886 21886 E unknown:ReactHost: 	at com.facebook.react.runtime.ReactHostImpl.raiseSoftException$default(ReactHostImpl.kt:852)
04-06 11:46:20.061 21886 21886 E unknown:ReactHost: 	at com.facebook.react.runtime.ReactHostImpl.onWindowFocusChange(ReactHostImpl.kt:625)
04-06 11:46:20.061 21886 21886 E unknown:ReactHost: 	at com.facebook.react.ReactDelegate.onWindowFocusChanged(ReactDelegate.kt:232)
04-06 11:46:20.061 21886 21886 E unknown:ReactHost: 	at com.facebook.react.ReactActivityDelegate.onWindowFocusChanged(ReactActivityDelegate.java:237)
04-06 11:46:20.061 21886 21886 E unknown:ReactHost: 	at expo.modules.ReactActivityDelegateWrapper$onWindowFocusChanged$1.invokeSuspend(ReactActivityDelegateWrapper.kt:320)
04-06 11:46:20.061 21886 21886 E unknown:ReactHost: 	at expo.modules.ReactActivityDelegateWrapper$onWindowFocusChanged$1.invoke(Unknown Source:8)
04-06 11:46:20.061 21886 21886 E unknown:ReactHost: 	at expo.modules.ReactActivityDelegateWrapper$onWindowFocusChanged$1.invoke(Unknown Source:4)
04-06 11:46:20.061 21886 21886 E unknown:ReactHost: 	at expo.modules.ReactActivityDelegateWrapper$launchLifecycleScopeWithLock$1.invokeSuspend(ReactActivityDelegateWrapper.kt:452)
04-06 11:46:20.061 21886 21886 E unknown:ReactHost: 	at kotlin.coroutines.jvm.internal.BaseContinuationImpl.resumeWith(ContinuationImpl.kt:33)
04-06 11:46:20.061 21886 21886 E unknown:ReactHost: 	at kotlinx.coroutines.internal.DispatchedContinuationKt.resumeCancellableWith(DispatchedContinuation.kt:375)
04-06 11:46:20.061 21886 21886 E unknown:ReactHost: 	at kotlinx.coroutines.intrinsics.CancellableKt.startCoroutineCancellable(Cancellable.kt:26)
04-06 11:46:20.061 21886 21886 E unknown:ReactHost: 	at kotlinx.coroutines.CoroutineStart.invoke(CoroutineStart.kt:358)
04-06 11:46:20.061 21886 21886 E unknown:ReactHost: 	at kotlinx.coroutines.AbstractCoroutine.start(AbstractCoroutine.kt:134)
04-06 11:46:20.061 21886 21886 E unknown:ReactHost: 	at kotlinx.coroutines.BuildersKt__Builders_commonKt.launch(Builders.common.kt:53)
04-06 11:46:20.061 21886 21886 E unknown:ReactHost: 	at kotlinx.coroutines.BuildersKt.launch(Unknown Source:1)
04-06 11:46:20.061 21886 21886 E unknown:ReactHost: 	at kotlinx.coroutines.BuildersKt__Builders_commonKt.launch$default(Builders.common.kt:44)
04-06 11:46:20.061 21886 21886 E unknown:ReactHost: 	at kotlinx.coroutines.BuildersKt.launch$default(Unknown Source:1)
04-06 11:46:20.061 21886 21886 E unknown:ReactHost: 	at expo.modules.ReactActivityDelegateWrapper.launchLifecycleScopeWithLock(ReactActivityDelegateWrapper.kt:450)
04-06 11:46:20.061 21886 21886 E unknown:ReactHost: 	at expo.modules.ReactActivityDelegateWrapper.launchLifecycleScopeWithLock$default(ReactActivityDelegateWrapper.kt:446)
04-06 11:46:20.061 21886 21886 E unknown:ReactHost: 	at expo.modules.ReactActivityDelegateWrapper.onWindowFocusChanged(ReactActivityDelegateWrapper.kt:318)
04-06 11:46:20.061 21886 21886 E unknown:ReactHost: 	at com.facebook.react.ReactActivity.onWindowFocusChanged(ReactActivity.java:158)
04-06 11:46:20.061 21886 21886 E unknown:ReactHost: 	at androidx.appcompat.view.WindowCallbackWrapper.onWindowFocusChanged(WindowCallbackWrapper.java:124)
04-06 11:46:20.061 21886 21886 E unknown:ReactHost: 	at com.android.internal.policy.DecorView.onWindowFocusChanged(DecorView.java:2710)
04-06 11:46:20.061 21886 21886 E unknown:ReactHost: 	at android.view.View.dispatchWindowFocusChanged(View.java:15817)
04-06 11:46:20.061 21886 21886 E unknown:ReactHost: 	at android.view.ViewGroup.dispatchWindowFocusChanged(ViewGroup.java:1512)
04-06 11:46:20.061 21886 21886 E unknown:ReactHost: 	at android.view.ViewRootImpl.handleWindowFocusChanged(ViewRootImpl.java:4678)
04-06 11:46:20.061 21886 21886 E unknown:ReactHost: 	at android.view.ViewRootImpl.-$$Nest$mhandleWindowFocusChanged(Unknown Source:0)
04-06 11:46:20.061 21886 21886 E unknown:ReactHost: 	at android.view.ViewRootImpl$ViewRootHandler.handleMessageImpl(ViewRootImpl.java:6788)
04-06 11:46:20.061 21886 21886 E unknown:ReactHost: 	at android.view.ViewRootImpl$ViewRootHandler.handleMessage(ViewRootImpl.java:6697)
04-06 11:46:20.061 21886 21886 E unknown:ReactHost: 	at android.os.Handler.dispatchMessage(Handler.java:106)
04-06 11:46:20.061 21886 21886 E unknown:ReactHost: 	at android.os.Looper.loopOnce(Looper.java:226)
04-06 11:46:20.061 21886 21886 E unknown:ReactHost: 	at android.os.Looper.loop(Looper.java:313)
04-06 11:46:20.061 21886 21886 E unknown:ReactHost: 	at android.app.ActivityThread.main(ActivityThread.java:8762)
04-06 11:46:20.061 21886 21886 E unknown:ReactHost: 	at java.lang.reflect.Method.invoke(Native Method)
04-06 11:46:20.061 21886 21886 E unknown:ReactHost: 	at com.android.internal.os.RuntimeInit$MethodAndArgsCaller.run(RuntimeInit.java:604)
04-06 11:46:20.061 21886 21886 E unknown:ReactHost: 	at com.android.internal.os.ZygoteInit.main(ZygoteInit.java:1067)
04-06 11:46:20.061 21886 21886 D InputMethodManager: startInputInner - Id : 0
04-06 11:46:20.061 21886 21886 I InputMethodManager: startInputInner - mService.startInputOrWindowGainedFocus
04-06 11:46:20.066 21886 21886 D InputMethodManager: startInputInner - Id : 0
04-06 11:46:20.073 21886 21886 I ViewRootImpl@b18b023[PopupWindow:a304552]: Setup new sync id=1
04-06 11:46:20.073 21886 21886 I ViewRootImpl@b18b023[PopupWindow:a304552]: Setting syncFrameCallback
04-06 11:46:20.073 21886 21886 I ViewRootImpl@b18b023[PopupWindow:a304552]: registerCallbacksForSync syncBuffer=false
04-06 11:46:20.074 21886 21972 I ViewRootImpl@b18b023[PopupWindow:a304552]: Received frameDrawingCallback syncResult=0 frameNum=3.
04-06 11:46:20.074 21886 21972 I ViewRootImpl@b18b023[PopupWindow:a304552]: Setting up sync and frameCommitCallback
04-06 11:46:20.079 21886 21947 I ViewRootImpl@b18b023[PopupWindow:a304552]: Received frameCommittedCallback lastAttemptedDrawFrameNum=3 didProduceBuffer=true
04-06 11:46:20.080 21886 21886 I ViewRootImpl@b18b023[PopupWindow:a304552]: onSyncComplete
04-06 11:46:20.080 21886 21886 I ViewRootImpl@b18b023[PopupWindow:a304552]: setupSync seqId=0 mSyncId=1 fn=3 caller=android.view.ViewRootImpl$$ExternalSyntheticLambda11.accept:6 android.window.SurfaceSyncer.lambda$setupSync$1$android-window-SurfaceSyncer:128 android.window.SurfaceSyncer$$ExternalSyntheticLambda1.accept:8 android.window.SurfaceSyncer$SyncSet.checkIfSyncIsComplete:382 android.window.SurfaceSyncer$SyncSet.markSyncReady:359 android.window.SurfaceSyncer.markSyncReady:151 android.view.ViewRootImpl.performTraversals:4503 
04-06 11:46:20.080 21886 21886 I ViewRootImpl@b18b023[PopupWindow:a304552]: reportDrawFinished seqId=0 mSyncId=-1 fn=3 mSurfaceChangedTransaction=0xb4000070d4164a00
04-06 11:46:20.284 21886 21947 D OpenGLRenderer: setSurface called with nullptr
04-06 11:46:20.284 21886 21947 D OpenGLRenderer: setSurface() destroyed EGLSurface
04-06 11:46:20.284 21886 21969 D Detox.RNMarker: DOWNLOAD_END ({"url":"http:\/\/localhost:8081\/.expo\/.virtual-metro-entry.bundle?platform=android&dev=true&lazy=true&minify=false&app=com.evolucao.app&modulesOnly=false&runModule=true&excludeSource=true&sourcePaths=url-server","filesChangedCount":0})
04-06 11:46:20.284 21886 21947 D OpenGLRenderer: destroyEglSurface
04-06 11:46:20.284 21886 21969 W unknown:BridgelessReact: ReactHost{0}.loadJSBundleFromMetro(): Creating BundleLoader
04-06 11:46:20.285 21886 21968 W unknown:BridgelessReact: ReactHost{0}.getOrCreateReactInstanceTask(): Creating BridgelessReactContext
04-06 11:46:20.286 21886 21968 W unknown:BridgelessReact: ReactHost{0}.getOrCreateReactInstanceTask(): Creating ReactInstance
04-06 11:46:20.287 21886 21886 I ViewRootImpl@b18b023[PopupWindow:a304552]: dispatchDetachedFromWindow
04-06 11:46:20.291 21886 21886 D InputTransport: Input channel destroyed: '9fcc92c', fd=121
04-06 11:46:20.310 21886 21968 D jni_lib_merge: Entering merged library JNI_OnLoad.
04-06 11:46:20.310 21886 21968 D jni_lib_merge: Preparing 4 pre-merged libs (including stub)
04-06 11:46:20.310 21886 21968 D jni_lib_merge: Preparing to register libhermes_executor_so.  onload_func: 0x70214aefa4
04-06 11:46:20.310 21886 21968 D jni_lib_merge: Preparing to register libhermesinstancejni_so.  onload_func: 0x70214e88b4
04-06 11:46:20.310 21886 21968 D jni_lib_merge: Preparing to register libjsijniprofiler_so.  onload_func: 0x70214ea8f8
04-06 11:46:20.310 21886 21968 D jni_lib_merge: About to register 3 actual methods.
04-06 11:46:20.310 21886 21969 D TrafficStats: tagSocket(128) with statsTag=0xffffffff, statsUid=-1
04-06 11:46:20.414 21886 21968 I ExpoModulesCore: ✅ AppContext was initialized
04-06 11:46:20.442 21886 21968 W unknown:BridgelessReact: ReactHost{0}.getOrCreateReactInstanceTask(): Loading JS Bundle
04-06 11:46:20.442 21886 21968 W unknown:BridgelessReact: ReactHost{0}.getOrCreateReactInstanceTask(): DevSupportManager.onNewReactContextCreated()
04-06 11:46:20.443 21886 21986 D Detox.RNMarker: RUN_JS_BUNDLE_START (/.virtual-metro-entry.bundle?platform=android&dev=true&lazy=true&minify=false&app=com.evolucao.app&modulesOnly=false&runModule=true&excludeSource=true&sourcePaths=url-server)
04-06 11:46:20.446 21886 21886 W unknown:ReactNative: Packager connection already open, nooping.
04-06 11:46:20.451 21886 21886 W unknown:BridgelessReact: ReactHost{0}.ReactContext.onHostResume()
04-06 11:46:20.452 21886 21968 W unknown:BridgelessReact: ReactHost{0}.startSurface(surfaceId = 0): Execute
04-06 11:46:20.457 21886 21886 W unknown:BridgelessReact: ReactHost{0}.getOrCreateReactInstanceTask(): Executing ReactInstanceEventListeners
04-06 11:46:20.457 21886 21886 I DetoxRNLoading: Got new RN-context through listener
04-06 11:46:20.460 21886 21927 I DetoxRNIdleRes: Setting up Espresso Idling Resources for React Native
04-06 11:46:20.468 21886 21886 D DetoxRNHelpers: Native RN module resolution (class com.reactnativecommunity.asyncstorage.AsyncStorageModule): no registered module found
04-06 11:46:20.468 21886 21927 D IdlingRegistry: Registering idling resources: [com.wix.detox.reactnative.idlingresources.uimodule.fabric.FabricUIManagerIdlingResources@6dc8b83]
04-06 11:46:20.468 21886 21927 D IdlingRegistry: Registering idling resources: [com.wix.detox.reactnative.idlingresources.animations.AnimatedModuleIdlingResource@8bb8100]
04-06 11:46:20.468 21886 21927 D IdlingRegistry: Registering idling resources: [com.wix.detox.reactnative.idlingresources.timers.FabricTimersIdlingResource@f241d39]
04-06 11:46:20.468 21886 21927 D IdlingRegistry: Registering idling resources: [com.wix.detox.reactnative.idlingresources.network.NetworkIdlingResource@65dff7e]
04-06 11:46:20.468 21886 21927 D IdlingRegistry: Registering idling resources: [com.wix.detox.reactnative.idlingresources.StabilizedIdlingResource@3525cdf]
04-06 11:46:20.475 21886 21987 W om.evolucao.app: Accessing hidden method Landroid/os/MessageQueue;->next()Landroid/os/Message; (unsupported, reflection, allowed)
04-06 11:46:20.475 21886 21987 W om.evolucao.app: Accessing hidden field Landroid/os/MessageQueue;->mMessages:Landroid/os/Message; (unsupported, reflection, allowed)
04-06 11:46:20.475 21886 21987 W om.evolucao.app: Accessing hidden method Landroid/os/Message;->recycleUnchecked()V (unsupported, reflection, allowed)
04-06 11:46:20.627 21886 21886 D DetoxRNHelpers: Native RN module resolution (class com.reactnativecommunity.asyncstorage.AsyncStorageModule): no registered module found
04-06 11:46:20.628 21886 21929 W om.evolucao.app: Long monitor contention with owner Instr: androidx.test.runner.AndroidJUnitRunner (21927) at void com.wix.detox.DetoxMain.launchActivityOnCue(android.content.Context, com.wix.detox.ActivityLaunchHelper)(DetoxMain.kt:53) waiters=0 in void com.wix.detox.DetoxMain$setupActionHandlers$SynchronizedActionHandler.handle(java.lang.String, long) for 873ms
04-06 11:46:20.688 21886 21987 I WebViewFactory: Loading com.google.android.webview version 146.0.7680.164 (code 768016403)
04-06 11:46:20.690 21886 21987 D ApplicationLoaders: Returning zygote-cached class loader: /system/framework/android.test.base.jar
04-06 11:46:20.693 21886 21987 D nativeloader: Configuring classloader-namespace for other apk /data/app/~~23ppwVuk64Fm9vdWCRWMMw==/com.google.android.webview-FPIphznatdLDx2VBYoD68A==/base.apk. target_sdk_version=36, uses_libraries=, library_path=/data/app/~~23ppwVuk64Fm9vdWCRWMMw==/com.google.android.webview-FPIphznatdLDx2VBYoD68A==/lib/arm64:/data/app/~~23ppwVuk64Fm9vdWCRWMMw==/com.google.android.webview-FPIphznatdLDx2VBYoD68A==/base.apk!/lib/arm64-v8a, permitted_path=/data:/mnt/expand
04-06 11:46:20.710 21886 21987 I cr_WVCFactoryProvider: version=146.0.7680.164 (768016403) minSdkVersion=29 multiprocess=true packageId=127 splits=<none>
04-06 11:46:20.719 21886 22001 I chromium: [0406/114620.718039:INFO:android_webview/browser/variations/variations_seed_loader.cc:67] Failed to open file for reading.: No such file or directory (2)
04-06 11:46:20.719 21886 22001 I chromium: [0406/114620.719190:INFO:android_webview/browser/variations/variations_seed_loader.cc:67] Failed to open file for reading.: No such file or directory (2)
04-06 11:46:20.726 21886 21987 I cr_LibraryLoader: Successfully loaded native library
04-06 11:46:20.728 21886 21987 I cr_CachingUmaRecorder: Flushed 16 samples from 16 histograms, 0 samples were dropped.
04-06 11:46:20.741 21886 21986 W BridgelessReactContext: [WARNING] Bridgeless doesn't support CatalystInstance. Accessing an API that's not part of the new architecture is not encouraged usage.
04-06 11:46:20.747 21886 21986 I ExpoModulesCore: ✅ JSI interop was installed
04-06 11:46:20.753 21886 21986 I ExpoModulesCore: ✅ Constants were exported
04-06 11:46:20.753 21886 22006 D TrafficStats: tagSocket(145) with statsTag=0xffffffff, statsUid=-1
04-06 11:46:20.755 21886 22006 D TrafficStats: tagSocket(145) with statsTag=0xffffffff, statsUid=-1
04-06 11:46:20.795 21886 21986 W unknown:ViewManagerPropertyUpdater: Could not find generated setter for class com.th3rdwave.safeareacontext.SafeAreaProviderManager
04-06 11:46:20.798 21886 21986 W unknown:ViewManagerPropertyUpdater: Could not find generated setter for class com.facebook.react.uimanager.LayoutShadowNode
04-06 11:46:20.799 21886 21986 W unknown:ViewManagerPropertyUpdater: Could not find generated setter for class com.swmansion.rnscreens.SearchBarManager
04-06 11:46:20.800 21886 21986 W unknown:ViewManagerPropertyUpdater: Could not find generated setter for class com.swmansion.rnscreens.ScreenFooterManager
04-06 11:46:20.801 21886 21986 W unknown:ViewManagerPropertyUpdater: Could not find generated setter for class com.swmansion.rnscreens.gamma.tabs.TabScreenViewManager
04-06 11:46:20.802 21886 21986 W unknown:ViewManagerPropertyUpdater: Could not find generated setter for class expo.modules.kotlin.views.GroupViewManagerWrapper
04-06 11:46:20.803 21886 21986 W unknown:ViewManagerPropertyUpdater: Could not find generated setter for class com.swmansion.rnscreens.ScreenContainerViewManager
04-06 11:46:20.803 21886 21986 W unknown:ViewManagerPropertyUpdater: Could not find generated setter for class com.swmansion.rnscreens.gamma.tabs.TabsHostViewManager
04-06 11:46:20.805 21886 21986 W unknown:ViewManagerPropertyUpdater: Could not find generated setter for class com.swmansion.rnscreens.ModalScreenViewManager
04-06 11:46:20.806 21886 21986 W unknown:ViewManagerPropertyUpdater: Could not find generated setter for class com.swmansion.rnscreens.ScreenStackHeaderConfigViewManager
04-06 11:46:20.807 21886 21986 W unknown:ViewManagerPropertyUpdater: Could not find generated setter for class com.swmansion.rnscreens.ScreenContentWrapperManager
04-06 11:46:20.807 21886 21986 W unknown:ViewManagerPropertyUpdater: Could not find generated setter for class com.th3rdwave.safeareacontext.SafeAreaViewManager
04-06 11:46:20.808 21886 21986 W unknown:ViewManagerPropertyUpdater: Could not find generated setter for class com.th3rdwave.safeareacontext.SafeAreaViewShadowNode
04-06 11:46:20.809 21886 21986 W unknown:ViewManagerPropertyUpdater: Could not find generated setter for class com.swmansion.rnscreens.safearea.SafeAreaViewManager
04-06 11:46:20.809 21886 21986 W unknown:ViewManagerPropertyUpdater: Could not find generated setter for class com.swmansion.rnscreens.safearea.paper.SafeAreaViewShadowNode
04-06 11:46:20.809 21886 21986 W unknown:ViewManagerPropertyUpdater: Could not find generated setter for class com.swmansion.rnscreens.ScreenViewManager
04-06 11:46:20.810 21886 21986 W unknown:ViewManagerPropertyUpdater: Could not find generated setter for class com.swmansion.rnscreens.gamma.stack.host.StackHostViewManager
04-06 11:46:20.810 21886 21986 W unknown:ViewManagerPropertyUpdater: Could not find generated setter for class com.swmansion.rnscreens.ScreenStackHeaderSubviewManager
04-06 11:46:20.811 21886 21986 W unknown:ViewManagerPropertyUpdater: Could not find generated setter for class com.swmansion.rnscreens.gamma.stack.screen.StackScreenViewManager
04-06 11:46:20.811 21886 21986 W unknown:ViewManagerPropertyUpdater: Could not find generated setter for class com.swmansion.rnscreens.ScreenStackViewManager
04-06 11:46:20.886 21886 21986 W unknown:ViewManagerPropertyUpdater: Could not find generated setter for class com.facebook.react.views.debuggingoverlay.DebuggingOverlayManager
04-06 11:46:20.890 21886 21986 W unknown:ViewManagerPropertyUpdater: Could not find generated setter for class com.swmansion.gesturehandler.react.RNGestureHandlerButtonViewManager
04-06 11:46:20.895 21886 21986 W unknown:ViewManagerPropertyUpdater: Could not find generated setter for class com.facebook.react.views.safeareaview.ReactSafeAreaViewManager
04-06 11:46:20.899 21886 21986 W unknown:ViewManagerPropertyUpdater: Could not find generated setter for class com.facebook.react.views.modal.ReactModalHostManager
04-06 11:46:20.905 21886 21986 W unknown:ViewManagerPropertyUpdater: Could not find generated setter for class com.facebook.react.views.text.frescosupport.FrescoBasedReactTextInlineImageViewManager
04-06 11:46:20.905 21886 21986 W unknown:ViewManagerPropertyUpdater: Could not find generated setter for class com.facebook.react.views.text.frescosupport.FrescoBasedReactTextInlineImageShadowNode
04-06 11:46:20.910 21886 21986 W unknown:ViewManagerPropertyUpdater: Could not find generated setter for class com.facebook.react.views.progressbar.ReactProgressBarViewManager
04-06 11:46:20.911 21886 21986 W unknown:ViewManagerPropertyUpdater: Could not find generated setter for class com.facebook.react.views.progressbar.ProgressBarShadowNode
04-06 11:46:20.916 21886 21986 W unknown:ViewManagerPropertyUpdater: Could not find generated setter for class com.facebook.react.views.scroll.ReactHorizontalScrollViewManager
04-06 11:46:20.923 21886 21986 W unknown:ViewManagerPropertyUpdater: Could not find generated setter for class com.facebook.react.views.image.ReactImageManager
04-06 11:46:20.929 21886 21986 W unknown:ViewManagerPropertyUpdater: Could not find generated setter for class com.facebook.react.views.text.ReactTextViewManager
04-06 11:46:20.930 21886 21986 W unknown:ViewManagerPropertyUpdater: Could not find generated setter for class com.facebook.react.views.text.ReactTextShadowNode
04-06 11:46:20.937 21886 21986 W unknown:ViewManagerPropertyUpdater: Could not find generated setter for class com.facebook.react.views.scroll.ReactHorizontalScrollContainerViewManager
04-06 11:46:20.942 21886 21986 W unknown:ViewManagerPropertyUpdater: Could not find generated setter for class com.facebook.react.views.unimplementedview.ReactUnimplementedViewManager
04-06 11:46:20.948 21886 21986 W unknown:ViewManagerPropertyUpdater: Could not find generated setter for class com.facebook.react.views.scroll.ReactScrollViewManager
04-06 11:46:20.954 21886 21986 W unknown:ViewManagerPropertyUpdater: Could not find generated setter for class com.facebook.react.views.view.ReactViewManager
04-06 11:46:20.960 21886 21986 W unknown:ViewManagerPropertyUpdater: Could not find generated setter for class com.facebook.react.views.drawer.ReactDrawerLayoutManager
04-06 11:46:20.965 21886 21986 W unknown:ViewManagerPropertyUpdater: Could not find generated setter for class com.facebook.react.views.switchview.ReactSwitchManager
04-06 11:46:20.965 21886 21986 W unknown:ViewManagerPropertyUpdater: Could not find generated setter for class com.facebook.react.views.switchview.ReactSwitchShadowNode
04-06 11:46:20.970 21886 21986 W unknown:ViewManagerPropertyUpdater: Could not find generated setter for class com.facebook.react.views.swiperefresh.SwipeRefreshLayoutManager
04-06 11:46:20.977 21886 21986 W unknown:ViewManagerPropertyUpdater: Could not find generated setter for class com.facebook.react.views.textinput.ReactTextInputManager
04-06 11:46:20.978 21886 21986 W unknown:ViewManagerPropertyUpdater: Could not find generated setter for class com.facebook.react.views.textinput.ReactTextInputShadowNode
04-06 11:46:20.984 21886 21986 W unknown:ViewManagerPropertyUpdater: Could not find generated setter for class com.swmansion.gesturehandler.react.RNGestureHandlerRootViewManager
04-06 11:46:21.017 21886 22006 D TrafficStats: tagSocket(145) with statsTag=0xffffffff, statsUid=-1
04-06 11:46:21.183 21886 21986 V AsyncStorageExpoMigration: No scoped database found
04-06 11:46:21.359 21886 21986 D Detox.RNMarker: RUN_JS_BUNDLE_END (/.virtual-metro-entry.bundle?platform=android&dev=true&lazy=true&minify=false&app=com.evolucao.app&modulesOnly=false&runModule=true&excludeSource=true&sourcePaths=url-server)
04-06 11:46:21.361 21886 21986 I ReactNativeJS: Running "main" with {"rootTag":1,"initialProps":{},"fabric":true}
04-06 11:46:21.441 21886 22008 D TrafficStats: tagSocket(133) with statsTag=0xffffffff, statsUid=-1
04-06 11:46:21.568 21886 21886 I DecorView: notifyKeepScreenOnChanged: keepScreenOn=true
04-06 11:46:21.581 21886 21886 D Detox.RNMarker: CONTENT_APPEARED (main)
04-06 11:46:21.585 21886 21886 I ViewRootImpl@7efc384[MainActivity]: performTraversals params={(0,0)(fillxfill) sim={adjust=resize} layoutInDisplayCutoutMode=always ty=BASE_APPLICATION wanim=0x1030309
04-06 11:46:21.585 21886 21886 I ViewRootImpl@7efc384[MainActivity]:   fl=81810180
04-06 11:46:21.585 21886 21886 I ViewRootImpl@7efc384[MainActivity]:   pfl=16020040
04-06 11:46:21.585 21886 21886 I ViewRootImpl@7efc384[MainActivity]:   vsysui=100
04-06 11:46:21.585 21886 21886 I ViewRootImpl@7efc384[MainActivity]:   bhv=DEFAULT
04-06 11:46:21.585 21886 21886 I ViewRootImpl@7efc384[MainActivity]:   fitSides= naviIconColor=0}
04-06 11:46:21.587 21886 21886 I ViewRootImpl@7efc384[MainActivity]: performTraversals mFirst=false windowShouldResize=false viewVisibilityChanged=false mForceNextWindowRelayout=false params={(0,0)(fillxfill) sim={adjust=resize} layoutInDisplayCutoutMode=always ty=BASE_APPLICATION wanim=0x1030309
04-06 11:46:21.587 21886 21886 I ViewRootImpl@7efc384[MainActivity]:   fl=81810180
04-06 11:46:21.587 21886 21886 I ViewRootImpl@7efc384[MainActivity]:   pfl=16020040
04-06 11:46:21.587 21886 21886 I ViewRootImpl@7efc384[MainActivity]:   vsysui=100
04-06 11:46:21.587 21886 21886 I ViewRootImpl@7efc384[MainActivity]:   bhv=DEFAULT
04-06 11:46:21.587 21886 21886 I ViewRootImpl@7efc384[MainActivity]:   fitSides= naviIconColor=0}
04-06 11:46:21.595 21886 21886 I ViewRootImpl@7efc384[MainActivity]: updateBlastSurfaceIfNeeded mBlastBufferQueue=0xb4000070c2c34c00 isSameSurfaceControl=true
04-06 11:46:21.596 21886 21886 I BLASTBufferQueue: update, w= 1080 h= 2400 mName = ViewRootImpl@7efc384[MainActivity] mNativeObject= 0xb4000070c2c34c00 sc.mNativeObject= 0xb4000070a0cd24c0 format= -1 caller= android.view.ViewRootImpl.updateBlastSurfaceIfNeeded:2898 android.view.ViewRootImpl.relayoutWindow:9847 android.view.ViewRootImpl.performTraversals:3884 android.view.ViewRootImpl.doTraversal:3116 android.view.ViewRootImpl$TraversalRunnable.run:10885 android.view.Choreographer$CallbackRecord.run:1301 
04-06 11:46:21.596 21886 21886 I ViewRootImpl@7efc384[MainActivity]: Relayout returned: old=(0,0,1080,2400) new=(0,0,1080,2400) req=(1080,2400)0 dur=8 res=0x0 s={true 0xb4000070a70e8000} ch=false seqId=0
04-06 11:46:21.601 21886 21986 I ReactNativeJS: '[ANALYTICS]', 'app_opened', { event: 'app_opened',
04-06 11:46:21.601 21886 21986 I ReactNativeJS:   eventId: '1775486781596_d7732efcaff698',
04-06 11:46:21.601 21886 21986 I ReactNativeJS:   appVersion: '1.0.0',
04-06 11:46:21.601 21886 21986 I ReactNativeJS:   category: 'engagement',
04-06 11:46:21.601 21886 21986 I ReactNativeJS:   userId: 'anonymous',
04-06 11:46:21.601 21886 21986 I ReactNativeJS:   timestamp: 1775486781596,
04-06 11:46:21.601 21886 21986 I ReactNativeJS:   timestampIso: '2026-04-06T14:46:21.596Z',
04-06 11:46:21.601 21886 21986 I ReactNativeJS:   screen: 'App',
04-06 11:46:21.601 21886 21986 I ReactNativeJS:   sessionId: 'session-1775486781582-e6f1140c3d9958',
04-06 11:46:21.601 21886 21986 I ReactNativeJS:   flowId: 'session-1775486781582-e6f1140c3d9958',
04-06 11:46:21.601 21886 21986 I ReactNativeJS:   meta: 
04-06 11:46:21.601 21886 21986 I ReactNativeJS:    { domain: 'engagement',
04-06 11:46:21.601 21886 21986 I ReactNativeJS:      version: 1,
04-06 11:46:21.601 21886 21986 I ReactNativeJS:      dayKey: '2026-04-06',
04-06 11:46:21.601 21886 21986 I ReactNativeJS:      isFirstOpenOfDay: true,
04-06 11:46:21.601 21886 21986 I ReactNativeJS:      category: 'engagement' } }
04-06 11:46:21.602 21886 21986 D Detox.RNMarker: REACT_BRIDGELESS_LOADING_END (null)
04-06 11:46:21.784 21886 21894 I om.evolucao.app: Compiler allocated 4177KB to compile void android.widget.TextView.<init>(android.content.Context, android.util.AttributeSet, int, int)
04-06 11:46:21.803 21886 21886 D CompatibilityChangeReporter: Compat change id reported: 171228096; UID 10525; state: ENABLED
04-06 11:46:21.805 21886 21886 D ScrollView: initGoToTop
04-06 11:46:21.805 21886 21886 W om.evolucao.app: Accessing hidden field Landroid/widget/ScrollView;->mScroller:Landroid/widget/OverScroller; (unsupported, reflection, allowed)
04-06 11:46:21.822 21886 21886 W [RNScreens]: backTitleFontFamily prop is not available on Android
04-06 11:46:21.822 21886 21886 W [RNScreens]: disableBackButtonMenu prop is not available on Android
04-06 11:46:21.822 21886 21886 W [RNScreens]: backTitleVisible prop is not available on Android
04-06 11:46:21.822 21886 21886 W [RNScreens]: topInsetEnabled prop is not available on Android
04-06 11:46:21.822 21886 21886 W [RNScreens]: largeTitleHideShadow prop is not available on Android
04-06 11:46:21.823 21886 21886 W [RNScreens]: largeTitleFontWeight prop is not available on Android
04-06 11:46:21.823 21886 21886 W [RNScreens]: userInterfaceStyle prop is not available on Android
04-06 11:46:21.823 21886 21886 W [RNScreens]: largeTitleFontFamily prop is not available on Android
04-06 11:46:21.883 21886 21947 D OpenGLRenderer: setSurface called wit