04-06 10:34:22.342 20264 20264 I IMM_LC  : ssi() - flag : 0 view : com.evolucao.app reason = SHOW_SOFT_INPUT
04-06 10:34:22.345 20264 20264 I ViewRootImpl@7727a6e[PopupWindow:82ede9]: performTraversals params={(112,1390)(90x108) gr=TOP START CENTER sim={state=unchanged adjust=pan} ty=APPLICATION_SUB_PANEL fmt=TRANSLUCENT wanim=0x1030313 surfaceInsets=Rect(0, 0 - 0, 0) (manual)
04-06 10:34:22.345 20264 20264 I ViewRootImpl@7727a6e[PopupWindow:82ede9]:   fl=41800208
04-06 10:34:22.345 20264 20264 I ViewRootImpl@7727a6e[PopupWindow:82ede9]:   pfl=2018000
04-06 10:34:22.345 20264 20264 I ViewRootImpl@7727a6e[PopupWindow:82ede9]:   bhv=DEFAULT
04-06 10:34:22.345 20264 20264 I ViewRootImpl@7727a6e[PopupWindow:82ede9]:   fitTypes=STATUS_BARS NAVIGATION_BARS CAPTION_BAR naviIconColor=0
04-06 10:34:22.345 20264 20264 I ViewRootImpl@7727a6e[PopupWindow:82ede9]:   sfl=20000}
04-06 10:34:22.346 20264 20264 I ViewRootImpl@7727a6e[PopupWindow:82ede9]: performTraversals mFirst=true windowShouldResize=true viewVisibilityChanged=false mForceNextWindowRelayout=false params={(112,1390)(90x108) gr=TOP START CENTER sim={state=unchanged adjust=pan} ty=APPLICATION_SUB_PANEL fmt=TRANSLUCENT wanim=0x1030313 surfaceInsets=Rect(0, 0 - 0, 0) (manual)
04-06 10:34:22.346 20264 20264 I ViewRootImpl@7727a6e[PopupWindow:82ede9]:   fl=41800208
04-06 10:34:22.346 20264 20264 I ViewRootImpl@7727a6e[PopupWindow:82ede9]:   pfl=42018000
04-06 10:34:22.346 20264 20264 I ViewRootImpl@7727a6e[PopupWindow:82ede9]:   bhv=DEFAULT
04-06 10:34:22.346 20264 20264 I ViewRootImpl@7727a6e[PopupWindow:82ede9]:   fitTypes=STATUS_BARS NAVIGATION_BARS CAPTION_BAR naviIconColor=0
04-06 10:34:22.346 20264 20264 I ViewRootImpl@7727a6e[PopupWindow:82ede9]:   sfl=20000}
04-06 10:34:22.350 20264 20278 I ViewRootImpl@7727a6e[PopupWindow:82ede9]: Resizing android.view.ViewRootImpl@f8eb32b: frame = [112,1390][202,1498] reportDraw = true forceLayout = false syncSeqId = 0
04-06 10:34:22.352 20264 20264 I ViewRootImpl@7727a6e[PopupWindow:82ede9]: updateBlastSurfaceIfNeeded mBlastBufferQueue=null isSameSurfaceControl=false
04-06 10:34:22.352 20264 20264 I BLASTBufferQueue: new BLASTBufferQueue, mName= ViewRootImpl@7727a6e[PopupWindow:82ede9] mNativeObject= 0xb4000070a0757d80 sc.mNativeObject= 0xb4000070a0d30a80 caller= android.view.ViewRootImpl.updateBlastSurfaceIfNeeded:2909 android.view.ViewRootImpl.relayoutWindow:9847 android.view.ViewRootImpl.performTraversals:3884 android.view.ViewRootImpl.doTraversal:3116 android.view.ViewRootImpl$TraversalRunnable.run:10885 android.view.Choreographer$CallbackRecord.run:1301 android.view.Choreographer$CallbackRecord.run:1309 android.view.Choreographer.doCallbacks:923 android.view.Choreographer.doFrame:852 android.view.Choreographer$FrameDisplayEventReceiver.run:1283 
04-06 10:34:22.352 20264 20264 I BLASTBufferQueue: update, w= 90 h= 108 mName = ViewRootImpl@7727a6e[PopupWindow:82ede9] mNativeObject= 0xb4000070a0757d80 sc.mNativeObject= 0xb4000070a0d30a80 format= -3 caller= android.graphics.BLASTBufferQueue.<init>:84 android.view.ViewRootImpl.updateBlastSurfaceIfNeeded:2909 android.view.ViewRootImpl.relayoutWindow:9847 android.view.ViewRootImpl.performTraversals:3884 android.view.ViewRootImpl.doTraversal:3116 android.view.ViewRootImpl$TraversalRunnable.run:10885 
04-06 10:34:22.353 20264 20264 I ViewRootImpl@7727a6e[PopupWindow:82ede9]: Relayout returned: old=(112,1390,202,1498) new=(112,1390,202,1498) req=(90,108)0 dur=6 res=0x3 s={true 0xb4000070a0775800} ch=true seqId=0
04-06 10:34:22.354 20264 20264 I ViewRootImpl@7727a6e[PopupWindow:82ede9]: mThreadedRenderer.initialize() mSurface={isValid=true 0xb4000070a0775800} hwInitialized=true
04-06 10:34:22.354 20264 20313 D OpenGLRenderer: eglCreateWindowSurface
04-06 10:34:22.355 20264 20264 I ViewRootImpl@7727a6e[PopupWindow:82ede9]: reportNextDraw android.view.ViewRootImpl.performTraversals:4438 android.view.ViewRootImpl.doTraversal:3116 android.view.ViewRootImpl$TraversalRunnable.run:10885 android.view.Choreographer$CallbackRecord.run:1301 android.view.Choreographer$CallbackRecord.run:1309 
04-06 10:34:22.355 20264 20264 I ViewRootImpl@7727a6e[PopupWindow:82ede9]: Setup new sync id=0
04-06 10:34:22.355 20264 20264 I ViewRootImpl@7727a6e[PopupWindow:82ede9]: Setting syncFrameCallback
04-06 10:34:22.355 20264 20264 I ViewRootImpl@7727a6e[PopupWindow:82ede9]: registerCallbacksForSync syncBuffer=false
04-06 10:34:22.356 20264 20335 I ViewRootImpl@7727a6e[PopupWindow:82ede9]: Received frameDrawingCallback syncResult=0 frameNum=1.
04-06 10:34:22.356 20264 20335 I ViewRootImpl@7727a6e[PopupWindow:82ede9]: Setting up sync and frameCommitCallback
04-06 10:34:22.357 20264 20313 I BLASTBufferQueue: [ViewRootImpl@7727a6e[PopupWindow:82ede9]#4](f:0,a:0) onFrameAvailable the first frame is available
04-06 10:34:22.358 20264 20313 I ViewRootImpl@7727a6e[PopupWindow:82ede9]: Received frameCommittedCallback lastAttemptedDrawFrameNum=1 didProduceBuffer=true
04-06 10:34:22.358 20264 20313 D OpenGLRenderer: CFMS:: SetUp Pid : 20264    Tid : 20313
04-06 10:34:22.359 20264 20313 W Parcel  : Expecting binder but got null!
04-06 10:34:22.359 20264 20264 I ViewRootImpl@7727a6e[PopupWindow:82ede9]: onSyncComplete
04-06 10:34:22.359 20264 20264 I ViewRootImpl@7727a6e[PopupWindow:82ede9]: setupSync seqId=0 mSyncId=0 fn=1 caller=android.view.ViewRootImpl$$ExternalSyntheticLambda11.accept:6 android.window.SurfaceSyncer.lambda$setupSync$1$android-window-SurfaceSyncer:128 android.window.SurfaceSyncer$$ExternalSyntheticLambda1.accept:8 android.window.SurfaceSyncer$SyncSet.checkIfSyncIsComplete:382 android.window.SurfaceSyncer$SyncSet.markSyncReady:359 android.window.SurfaceSyncer.markSyncReady:151 android.view.ViewRootImpl.performTraversals:4503 
04-06 10:34:22.360 20264 20264 I ViewRootImpl@4617121[PopupWindow:89b9388]: performTraversals params={(112,1296)(90x94) gr=TOP START CENTER sim={state=unchanged adjust=pan} ty=APPLICATION_SUB_PANEL fmt=TRANSLUCENT wanim=0x1030313 surfaceInsets=Rect(0, 0 - 0, 0) (manual)
04-06 10:34:22.360 20264 20264 I ViewRootImpl@4617121[PopupWindow:89b9388]:   fl=41800218
04-06 10:34:22.360 20264 20264 I ViewRootImpl@4617121[PopupWindow:89b9388]:   pfl=2018000
04-06 10:34:22.360 20264 20264 I ViewRootImpl@4617121[PopupWindow:89b9388]:   bhv=DEFAULT
04-06 10:34:22.360 20264 20264 I ViewRootImpl@4617121[PopupWindow:89b9388]:   fitTypes=STATUS_BARS NAVIGATION_BARS CAPTION_BAR naviIconColor=0
04-06 10:34:22.360 20264 20264 I ViewRootImpl@4617121[PopupWindow:89b9388]:   sfl=20000}
04-06 10:34:22.361 20264 20264 I ViewRootImpl@4617121[PopupWindow:89b9388]: performTraversals mFirst=true windowShouldResize=true viewVisibilityChanged=false mForceNextWindowRelayout=false params={(112,1296)(90x94) gr=TOP START CENTER sim={state=unchanged adjust=pan} ty=APPLICATION_SUB_PANEL fmt=TRANSLUCENT wanim=0x1030313 surfaceInsets=Rect(0, 0 - 0, 0) (manual)
04-06 10:34:22.361 20264 20264 I ViewRootImpl@4617121[PopupWindow:89b9388]:   fl=41800218
04-06 10:34:22.361 20264 20264 I ViewRootImpl@4617121[PopupWindow:89b9388]:   pfl=42018000
04-06 10:34:22.361 20264 20264 I ViewRootImpl@4617121[PopupWindow:89b9388]:   bhv=DEFAULT
04-06 10:34:22.361 20264 20264 I ViewRootImpl@4617121[PopupWindow:89b9388]:   fitTypes=STATUS_BARS NAVIGATION_BARS CAPTION_BAR naviIconColor=0
04-06 10:34:22.361 20264 20264 I ViewRootImpl@4617121[PopupWindow:89b9388]:   sfl=20000}
04-06 10:34:22.364 20264 20278 I ViewRootImpl@4617121[PopupWindow:89b9388]: Resizing android.view.ViewRootImpl@174d3d2: frame = [112,1296][202,1390] reportDraw = true forceLayout = false syncSeqId = 0
04-06 10:34:22.365 20264 20264 I ViewRootImpl@4617121[PopupWindow:89b9388]: updateBlastSurfaceIfNeeded mBlastBufferQueue=null isSameSurfaceControl=false
04-06 10:34:22.366 20264 20264 I BLASTBufferQueue: new BLASTBufferQueue, mName= ViewRootImpl@4617121[PopupWindow:89b9388] mNativeObject= 0xb4000070a075a400 sc.mNativeObject= 0xb4000070a0d30760 caller= android.view.ViewRootImpl.updateBlastSurfaceIfNeeded:2909 android.view.ViewRootImpl.relayoutWindow:9847 android.view.ViewRootImpl.performTraversals:3884 android.view.ViewRootImpl.doTraversal:3116 android.view.ViewRootImpl$TraversalRunnable.run:10885 android.view.Choreographer$CallbackRecord.run:1301 android.view.Choreographer$CallbackRecord.run:1309 android.view.Choreographer.doCallbacks:923 android.view.Choreographer.doFrame:852 android.view.Choreographer$FrameDisplayEventReceiver.run:1283 
04-06 10:34:22.366 20264 20264 I BLASTBufferQueue: update, w= 90 h= 94 mName = ViewRootImpl@4617121[PopupWindow:89b9388] mNativeObject= 0xb4000070a075a400 sc.mNativeObject= 0xb4000070a0d30760 format= -3 caller= android.graphics.BLASTBufferQueue.<init>:84 android.view.ViewRootImpl.updateBlastSurfaceIfNeeded:2909 android.view.ViewRootImpl.relayoutWindow:9847 android.view.ViewRootImpl.performTraversals:3884 android.view.ViewRootImpl.doTraversal:3116 android.view.ViewRootImpl$TraversalRunnable.run:10885 
04-06 10:34:22.366 20264 20264 I ViewRootImpl@4617121[PopupWindow:89b9388]: Relayout returned: old=(112,1296,202,1390) new=(112,1296,202,1390) req=(90,94)0 dur=4 res=0x3 s={true 0xb4000070a0773000} ch=true seqId=0
04-06 10:34:22.367 20264 20264 I ViewRootImpl@4617121[PopupWindow:89b9388]: mThreadedRenderer.initialize() mSurface={isValid=true 0xb4000070a0773000} hwInitialized=true
04-06 10:34:22.367 20264 20313 D OpenGLRenderer: eglCreateWindowSurface
04-06 10:34:22.367 20264 20264 I ViewRootImpl@4617121[PopupWindow:89b9388]: reportNextDraw android.view.ViewRootImpl.performTraversals:4438 android.view.ViewRootImpl.doTraversal:3116 android.view.ViewRootImpl$TraversalRunnable.run:10885 android.view.Choreographer$CallbackRecord.run:1301 android.view.Choreographer$CallbackRecord.run:1309 
04-06 10:34:22.367 20264 20264 I ViewRootImpl@4617121[PopupWindow:89b9388]: Setup new sync id=0
04-06 10:34:22.367 20264 20264 I ViewRootImpl@4617121[PopupWindow:89b9388]: Setting syncFrameCallback
04-06 10:34:22.368 20264 20264 I ViewRootImpl@4617121[PopupWindow:89b9388]: registerCallbacksForSync syncBuffer=false
04-06 10:34:22.368 20264 20334 I ViewRootImpl@4617121[PopupWindow:89b9388]: Received frameDrawingCallback syncResult=0 frameNum=1.
04-06 10:34:22.368 20264 20334 I ViewRootImpl@4617121[PopupWindow:89b9388]: Setting up sync and frameCommitCallback
04-06 10:34:22.368 20264 20313 I BLASTBufferQueue: [ViewRootImpl@4617121[PopupWindow:89b9388]#5](f:0,a:0) onFrameAvailable the first frame is available
04-06 10:34:22.369 20264 20313 I ViewRootImpl@4617121[PopupWindow:89b9388]: Received frameCommittedCallback lastAttemptedDrawFrameNum=1 didProduceBuffer=true
04-06 10:34:22.369 20264 20313 D OpenGLRenderer: CFMS:: SetUp Pid : 20264    Tid : 20313
04-06 10:34:22.369 20264 20313 W Parcel  : Expecting binder but got null!
04-06 10:34:22.369 20264 20264 I ViewRootImpl@4617121[PopupWindow:89b9388]: onSyncComplete
04-06 10:34:22.369 20264 20264 I ViewRootImpl@4617121[PopupWindow:89b9388]: setupSync seqId=0 mSyncId=0 fn=1 caller=android.view.ViewRootImpl$$ExternalSyntheticLambda11.accept:6 android.window.SurfaceSyncer.lambda$setupSync$1$android-window-SurfaceSyncer:128 android.window.SurfaceSyncer$$ExternalSyntheticLambda1.accept:8 android.window.SurfaceSyncer$SyncSet.checkIfSyncIsComplete:382 android.window.SurfaceSyncer$SyncSet.markSyncReady:359 android.window.SurfaceSyncer.markSyncReady:151 android.view.ViewRootImpl.performTraversals:4503 
04-06 10:34:22.370 20264 20264 I ViewRootImpl@4617121[PopupWindow:89b9388]: reportDrawFinished seqId=0 mSyncId=-1 fn=1 mSurfaceChangedTransaction=0xb4000070a0810100
04-06 10:34:22.370 20264 20264 I ViewRootImpl@7727a6e[PopupWindow:82ede9]: reportDrawFinished seqId=0 mSyncId=-1 fn=1 mSurfaceChangedTransaction=0xb400007003988000
04-06 10:34:22.371 20264 20264 I ViewRootImpl@7727a6e[PopupWindow:82ede9]: handleResized, msg = 5 frames=ClientWindowFrames{frame=[112,1390][202,1498] display=[-100000,-100000][100000,100000] parentFrame=[0,0][0,0] parentClippedByDisplayCutout=false} forceNextWindowRelayout=false displayId=0 resizeMode=-1 frameChanged=false displayFrameChanged=false configChanged=false displayChanged=false
04-06 10:34:22.371 20264 20264 I ViewRootImpl@7727a6e[PopupWindow:82ede9]: handleResized mSyncSeqId = 0
04-06 10:34:22.371 20264 20264 I ViewRootImpl@7727a6e[PopupWindow:82ede9]: reportNextDraw android.view.ViewRootImpl.handleResized:2450 android.view.ViewRootImpl.-$$Nest$mhandleResized:0 android.view.ViewRootImpl$ViewRootHandler.handleMessageImpl:6728 android.view.ViewRootImpl$ViewRootHandler.handleMessage:6697 android.os.Handler.dispatchMessage:106 
04-06 10:34:22.372 20264 20264 I ViewRootImpl@7727a6e[PopupWindow:82ede9]: Setup new sync id=1
04-06 10:34:22.372 20264 20264 I ViewRootImpl@7727a6e[PopupWindow:82ede9]: Setting syncFrameCallback
04-06 10:34:22.372 20264 20264 I ViewRootImpl@7727a6e[PopupWindow:82ede9]: registerCallbacksForSync syncBuffer=false
04-06 10:34:22.374 20264 20335 I ViewRootImpl@7727a6e[PopupWindow:82ede9]: Received frameDrawingCallback syncResult=0 frameNum=2.
04-06 10:34:22.374 20264 20335 I ViewRootImpl@7727a6e[PopupWindow:82ede9]: Setting up sync and frameCommitCallback
04-06 10:34:22.374 20264 20313 I ViewRootImpl@7727a6e[PopupWindow:82ede9]: Received frameCommittedCallback lastAttemptedDrawFrameNum=2 didProduceBuffer=true
04-06 10:34:22.375 20264 20264 I ViewRootImpl@7727a6e[PopupWindow:82ede9]: onSyncComplete
04-06 10:34:22.375 20264 20264 I ViewRootImpl@7727a6e[PopupWindow:82ede9]: setupSync seqId=0 mSyncId=1 fn=2 caller=android.view.ViewRootImpl$$ExternalSyntheticLambda11.accept:6 android.window.SurfaceSyncer.lambda$setupSync$1$android-window-SurfaceSyncer:128 android.window.SurfaceSyncer$$ExternalSyntheticLambda1.accept:8 android.window.SurfaceSyncer$SyncSet.checkIfSyncIsComplete:382 android.window.SurfaceSyncer$SyncSet.markSyncReady:359 android.window.SurfaceSyncer.markSyncReady:151 android.view.ViewRootImpl.performTraversals:4503 
04-06 10:34:22.375 20264 20264 I ViewRootImpl@7727a6e[PopupWindow:82ede9]: reportDrawFinished seqId=0 mSyncId=-1 fn=2 mSurfaceChangedTransaction=0xb400007003988000
04-06 10:34:22.376 20264 20264 I ViewRootImpl@4617121[PopupWindow:89b9388]: handleResized, msg = 5 frames=ClientWindowFrames{frame=[112,1296][202,1390] display=[-100000,-100000][100000,100000] parentFrame=[0,0][0,0] parentClippedByDisplayCutout=false} forceNextWindowRelayout=false displayId=0 resizeMode=-1 frameChanged=false displayFrameChanged=false configChanged=false displayChanged=false
04-06 10:34:22.376 20264 20264 I ViewRootImpl@4617121[PopupWindow:89b9388]: handleResized mSyncSeqId = 0
04-06 10:34:22.376 20264 20264 I ViewRootImpl@4617121[PopupWindow:89b9388]: reportNextDraw android.view.ViewRootImpl.handleResized:2450 android.view.ViewRootImpl.-$$Nest$mhandleResized:0 android.view.ViewRootImpl$ViewRootHandler.handleMessageImpl:6728 android.view.ViewRootImpl$ViewRootHandler.handleMessage:6697 android.os.Handler.dispatchMessage:106 
04-06 10:34:22.377 20264 20264 I ViewRootImpl@4617121[PopupWindow:89b9388]: Setup new sync id=1
04-06 10:34:22.377 20264 20264 I ViewRootImpl@4617121[PopupWindow:89b9388]: Setting syncFrameCallback
04-06 10:34:22.377 20264 20264 I ViewRootImpl@4617121[PopupWindow:89b9388]: registerCallbacksForSync syncBuffer=false
04-06 10:34:22.379 20264 20334 I ViewRootImpl@4617121[PopupWindow:89b9388]: Received frameDrawingCallback syncResult=0 frameNum=2.
04-06 10:34:22.379 20264 20334 I ViewRootImpl@4617121[PopupWindow:89b9388]: Setting up sync and frameCommitCallback
04-06 10:34:22.380 20264 20313 I ViewRootImpl@4617121[PopupWindow:89b9388]: Received frameCommittedCallback lastAttemptedDrawFrameNum=2 didProduceBuffer=true
04-06 10:34:22.380 20264 20264 I ViewRootImpl@4617121[PopupWindow:89b9388]: onSyncComplete
04-06 10:34:22.380 20264 20264 I ViewRootImpl@4617121[PopupWindow:89b9388]: setupSync seqId=0 mSyncId=1 fn=2 caller=android.view.ViewRootImpl$$ExternalSyntheticLambda11.accept:6 android.window.SurfaceSyncer.lambda$setupSync$1$android-window-SurfaceSyncer:128 android.window.SurfaceSyncer$$ExternalSyntheticLambda1.accept:8 android.window.SurfaceSyncer$SyncSet.checkIfSyncIsComplete:382 android.window.SurfaceSyncer$SyncSet.markSyncReady:359 android.window.SurfaceSyncer.markSyncReady:151 android.view.ViewRootImpl.performTraversals:4503 
04-06 10:34:22.382 20264 20264 I ViewRootImpl@4617121[PopupWindow:89b9388]: reportDrawFinished seqId=0 mSyncId=-1 fn=2 mSurfaceChangedTransaction=0xb4000070a0810100
04-06 10:34:22.388 20264 20264 W OnBackInvokedCallback: OnBackInvokedCallback is not enabled for the application.
04-06 10:34:22.388 20264 20264 W OnBackInvokedCallback: Set 'android:enableOnBackInvokedCallback="true"' in the application manifest.
04-06 10:34:22.389 20264 20264 D InsetsController: show(ime(), fromIme=true)
04-06 10:34:22.393 20264 20264 D InsetsController: show(ime(), fromIme=true)
04-06 10:34:22.411 20264 20264 D InsetsController: show(ime(), fromIme=true)
04-06 10:34:22.769 20264 20295 I DetoxWSClient: Sending out action 'invokeResult' (ID #4)
04-06 10:34:22.770 20264 20295 I DetoxDispatcher: Done with action 'invoke'
04-06 10:34:22.777 20264 20299 D DetoxWSClient: Received action 'invoke' (ID #5, params={"target":{"type":"Class","value":"com.wix.detox.espresso.EspressoDetox"},"method":"perform","args":[{"type":"Invocation","value":{"target":{"type":"Class","value":"com.wix.detox.espresso.DetoxMatcher"},"method":"matcherForTestId","args":["input-peso-meta",{"type":"boolean","value":false}]}},{"type":"Invocation","value":{"target":{"type":"Class","value":"androidx.test.espresso.action.ViewActions"},"method":"replaceText","args":["77"]}}]})
04-06 10:34:22.777 20264 20295 I DetoxDispatcher: Handling action 'invoke' (ID #5)...
04-06 10:34:22.778 20264 20295 D Detox   : class com.wix.detox.espresso.DetoxMatcher, matcherForTestId, [input-peso-meta, false]
04-06 10:34:22.779 20264 20295 D Detox   : class androidx.test.espresso.action.ViewActions, replaceText, [77]
04-06 10:34:22.779 20264 20295 D Detox   : class com.wix.detox.espresso.EspressoDetox, perform, [(view.getTag() is "input-peso-meta" and view has effective visibility <VISIBLE>), androidx.test.espresso.action.ReplaceTextAction@3c6bd1b]
04-06 10:34:22.786 20264 20264 I ViewInteraction: Performing 'replace text(77)' action on view (view.getTag() is "input-peso-meta" and view has effective visibility <VISIBLE>)
04-06 10:34:22.798 20264 20295 I DetoxWSClient: Sending out action 'invokeResult' (ID #5)
04-06 10:34:22.798 20264 20295 I DetoxDispatcher: Done with action 'invoke'
04-06 10:34:22.804 20264 20299 D DetoxWSClient: Received action 'invoke' (ID #6, params={"target":{"type":"Class","value":"com.wix.detox.espresso.EspressoDetox"},"method":"perform","args":[{"type":"Invocation","value":{"target":{"type":"Class","value":"com.wix.detox.espresso.DetoxMatcher"},"method":"matcherForTestId","args":["input-altura",{"type":"boolean","value":false}]}},{"type":"Invocation","value":{"target":{"type":"Class","value":"com.wix.detox.espresso.DetoxViewActions"},"method":"click","args":[]}}]})
04-06 10:34:22.806 20264 20295 I DetoxDispatcher: Handling action 'invoke' (ID #6)...
04-06 10:34:22.806 20264 20295 D Detox   : class com.wix.detox.espresso.DetoxMatcher, matcherForTestId, [input-altura, false]
04-06 10:34:22.806 20264 20295 D Detox   : class com.wix.detox.espresso.DetoxViewActions, click, []
04-06 10:34:22.807 20264 20295 D Detox   : class com.wix.detox.espresso.EspressoDetox, perform, [(view.getTag() is "input-altura" and view has effective visibility <VISIBLE>), com.wix.detox.espresso.action.RNClickAction@2fc7ce]
04-06 10:34:22.811 20264 20264 D InputMethodManager: startInputInner - Id : 0
04-06 10:34:22.811 20264 20264 I InputMethodManager: startInputInner - mService.startInputOrWindowGainedFocus
04-06 10:34:22.836 20264 20264 D InsetsController: show(ime(), fromIme=true)
04-06 10:34:22.848 20264 20264 I ViewInteraction: Performing 'com.wix.detox.espresso.action.detoxsingletap@bcd230b click' action on view (view.getTag() is "input-altura" and view has effective visibility <VISIBLE>)
04-06 10:34:22.884 20264 20264 I ViewRootImpl@73623ee[MainActivity]: ViewPostIme key 0
04-06 10:34:22.895 20264 20264 I ViewRootImpl@73623ee[MainActivity]: ViewPostIme key 1
04-06 10:34:22.906 20264 20313 D OpenGLRenderer: setSurface called with nullptr
04-06 10:34:22.906 20264 20313 D OpenGLRenderer: setSurface() destroyed EGLSurface
04-06 10:34:22.906 20264 20313 D OpenGLRenderer: destroyEglSurface
04-06 10:34:22.907 20264 20264 I ViewRootImpl@7727a6e[PopupWindow:82ede9]: dispatchDetachedFromWindow
04-06 10:34:22.910 20264 20264 D InputTransport: Input channel destroyed: 'f4c9f44', fd=113
04-06 10:34:22.911 20264 20313 D OpenGLRenderer: setSurface called with nullptr
04-06 10:34:22.911 20264 20313 D OpenGLRenderer: setSurface() destroyed EGLSurface
04-06 10:34:22.911 20264 20313 D OpenGLRenderer: destroyEglSurface
04-06 10:34:22.911 20264 20264 I ViewRootImpl@4617121[PopupWindow:89b9388]: dispatchDetachedFromWindow
04-06 10:34:22.914 20264 20264 D InputTransport: Input channel destroyed: '83621ae', fd=124
04-06 10:34:23.315 20264 20295 I DetoxWSClient: Sending out action 'invokeResult' (ID #6)
04-06 10:34:23.315 20264 20295 I DetoxDispatcher: Done with action 'invoke'
04-06 10:34:23.323 20264 20299 D DetoxWSClient: Received action 'invoke' (ID #7, params={"target":{"type":"Class","value":"com.wix.detox.espresso.EspressoDetox"},"method":"perform","args":[{"type":"Invocation","value":{"target":{"type":"Class","value":"com.wix.detox.espresso.DetoxMatcher"},"method":"matcherForTestId","args":["input-altura",{"type":"boolean","value":false}]}},{"type":"Invocation","value":{"target":{"type":"Class","value":"androidx.test.espresso.action.ViewActions"},"method":"replaceText","args":["178"]}}]})
04-06 10:34:23.325 20264 20295 I DetoxDispatcher: Handling action 'invoke' (ID #7)...
04-06 10:34:23.326 20264 20295 D Detox   : class com.wix.detox.espresso.DetoxMatcher, matcherForTestId, [input-altura, false]
04-06 10:34:23.328 20264 20295 D Detox   : class androidx.test.espresso.action.ViewActions, replaceText, [178]
04-06 10:34:23.328 20264 20295 D Detox   : class com.wix.detox.espresso.EspressoDetox, perform, [(view.getTag() is "input-altura" and view has effective visibility <VISIBLE>), androidx.test.espresso.action.ReplaceTextAction@57b63bf]
04-06 10:34:23.345 20264 20264 I ViewInteraction: Performing 'replace text(178)' action on view (view.getTag() is "input-altura" and view has effective visibility <VISIBLE>)
04-06 10:34:23.363 20264 20295 I DetoxWSClient: Sending out action 'invokeResult' (ID #7)
04-06 10:34:23.364 20264 20295 I DetoxDispatcher: Done with action 'invoke'
04-06 10:34:23.369 20264 20299 D DetoxWSClient: Received action 'invoke' (ID #8, params={"target":{"type":"Invocation","value":{"target":{"type":"Class","value":"com.wix.detox.uiautomator.UiAutomator"},"method":"uiDevice","args":[]}},"method":"pressBack","args":[]})
04-06 10:34:23.378 20264 20295 I DetoxDispatcher: Handling action 'invoke' (ID #8)...
04-06 10:34:23.378 20264 20295 D Detox   : class com.wix.detox.uiautomator.UiAutomator, uiDevice, []
04-06 10:34:23.381 20264 20295 I UiDevice: Creating a new instance, old instance exists: false
04-06 10:34:23.393 20264 20295 D UiDevice: Setting accessibility service flags: 65618
04-06 10:34:24.027 20264 20295 D UiDevice: Pressing back button.
04-06 10:34:24.055 20264 20264 I ViewRootImpl@73623ee[MainActivity]: The input has been finished in ImeInputStage.
04-06 10:34:24.068 20264 20264 I ViewRootImpl@73623ee[MainActivity]: The input has been finished in ImeInputStage.
04-06 10:34:24.073 20264 20264 D InsetsController: controlAnimationUnchecked: Added types=8 animType=1 host=com.evolucao.app/com.evolucao.app.MainActivity from=android.view.InsetsController.applyAnimation:1576 android.view.InsetsController.applyAnimation:1557 android.view.InsetsController.hide:1093 
04-06 10:34:24.074 20264 20264 D InsetsSourceConsumer: setRequestedVisible: visible=false, type=19, host=com.evolucao.app/com.evolucao.app.MainActivity, from=android.view.InsetsSourceConsumer.hide:257 android.view.ImeInsetsSourceConsumer.hide:88 android.view.ImeInsetsSourceConsumer.hide:94 android.view.InsetsController.hideDirectly:1593 android.view.InsetsController.controlAnimationUnchecked:1234 android.view.InsetsController.applyAnimation:1576 android.view.InsetsController.applyAnimation:1557 android.view.InsetsController.hide:1093 android.view.ViewRootImpl$ViewRootHandler.handleMessageImpl:6765 android.view.ViewRootImpl$ViewRootHandler.handleMessage:6697 
04-06 10:34:24.092 20264 20279 I ViewRootImpl@73623ee[MainActivity]: Resizing android.view.ViewRootImpl@25a16ab: frame = [0,0][1080,2400] reportDraw = false forceLayout = false syncSeqId = 0
04-06 10:34:24.092 20264 20264 D InsetsController: onStateChanged: InsetsState: {mDisplayFrame=Rect(0, 0 - 1080, 2400), mDisplayCutout=DisplayCutout{insets=Rect(0, 88 - 0, 0) waterfall=Insets{left=0, top=0, right=0, bottom=0} boundingRect={Bounds=[Rect(0, 0 - 0, 0), Rect(512, 0 - 568, 88), Rect(0, 0 - 0, 0), Rect(0, 0 - 0, 0)]} cutoutPathParserInfo={CutoutPathParserInfo{displayWidth=1080 displayHeight=2400 physicalDisplayWidth=1080 physicalDisplayHeight=2400 density={3.0} cutoutSpec={M 0,0 M 0,10.71963616907435 a 9.280363830925644,9.280363830925644 0 1,0 0,18.56072766185129 a 9.280363830925644,9.280363830925644 0 1,0 0,-18.56072766185129 Z @dp} rotation={0} scale={1.0} physicalPixelDisplaySizeRatio={1.0}}}}, mRoundedCorners=RoundedCorners{[RoundedCorner{position=TopLeft, radius=96, center=Point(96, 96)}, RoundedCorner{position=TopRight, radius=96, center=Point(984, 96)}, RoundedCorner{position=BottomRight, radius=96, center=Point(984, 2304)}, RoundedCorner{position=BottomLeft, radius=96, center=Point(96, 2304)}]}  mRoundedCornerFrame=Rect(0, 0 - 1080, 2400), mPrivacyIndicatorBounds=PrivacyIndicatorBounds {static bounds=Rect(948, 0 - 1080, 88) rotation=0}, mSources= { InsetsSource: {mType=ITYPE_STATUS_BAR, mFrame=[0,0][1080,88], mVisible=true, mInsetsRoundedCornerFrame=false}, InsetsSource: {mType=ITYPE_NAVIGATION_BAR, mFrame=[0,2256][1080,2400], mVisible=true, mInsetsRoundedCornerFrame=false}, InsetsSource: {mType=ITYPE_LEFT_GESTURES, mFrame=[0,0][0,2400], mVisible=true, mInsetsRoundedCornerFrame=false}, InsetsSource: {mType=ITYPE_RIGHT_GESTURES, mFrame=[1080,0][1080,2400], mVisible=true, mInsetsRoundedCornerFrame=false}, InsetsSource: {mType=ITYPE_TOP_MANDATORY_GESTURES, mFrame=[0,0][1080,124], mVisible=true, mInsetsRoundedCornerFrame=false}, InsetsSource: {mType=ITYPE_BOTTOM_MANDATORY_GESTURES, mFrame=[0,2256][1080,2400], mVisible=true, mInsetsRoundedCornerFrame=false}, InsetsSource: {mType=ITYPE_LEFT_DISPLAY_CUTOUT, mFrame=[0,0][-100000,2400], mVisible=true, mInsetsRoundedCornerFrame=false}, InsetsSource: {mType=ITYPE_TOP_DISPLAY_CUTOUT, mFrame=[0,0][1080,88], mVisible=true, mInsetsRoundedCornerFrame=false}, InsetsSource: {mType=ITYPE_RIGHT_DISPLAY_CUTOUT, mFrame=[100000,0][1080,2400], mVisible=true, mInsetsRoundedCornerFrame=false}, InsetsSource: {mType=ITYPE_BOTTOM_DISPLAY_CUTOUT, mFrame=[0,100000][1080,2400], mVisible=true, mInsetsRoundedCornerFrame=false}, InsetsSource: {mType=ITYPE_TOP_TAPPABLE_ELEMENT, mFrame=[0,0][1080,88], mVisible=true, mInsetsRoundedCornerFrame=false}, InsetsSource: {mType=ITYPE_BOTTOM_TAPPABLE_ELEMENT, mFrame=[0,2256][1080,2400], mVisible=true, mInsetsRoundedCornerFrame=false}, InsetsSource: {mType=ITYPE_IME, mFrame=[0,1374][1080,2400], mVisibleFrame=[0,1374][1080,2400], mVisible=false, mInsetsRoundedCornerFrame=false} } host=com.evolucao.app/com.evolucao.app.MainActivity from=android.view.ViewRootImpl$ViewRootHandler.handleMessageImpl:6740
04-06 10:34:24.093 20264 20295 I DetoxWSClient: Sending out action 'invokeResult' (ID #8)
04-06 10:34:24.094 20264 20264 I ViewRootImpl@73623ee[MainActivity]: handleResized, msg = 4 frames=ClientWindowFrames{frame=[0,0][1080,2400] display=[0,0][1080,2400] parentFrame=[0,0][0,0] parentClippedByDisplayCutout=false} forceNextWindowRelayout=false displayId=0 resizeMode=-1 frameChanged=false displayFrameChanged=false configChanged=false displayChanged=false
04-06 10:34:24.095 20264 20295 I DetoxDispatcher: Done with action 'invoke'
04-06 10:34:24.103 20264 20299 D DetoxWSClient: Received action 'invoke' (ID #9, params={"target":{"type":"Class","value":"com.wix.detox.espresso.DetoxAssertion"},"method":"waitForAssertMatcher","args":[{"type":"Invocation","value":{"target":{"type":"Class","value":"androidx.test.espresso.Espresso"},"method":"onView","args":[{"type":"Invocation","value":{"target":{"type":"Class","value":"com.wix.detox.espresso.DetoxMatcher"},"method":"matcherForTestId","args":["btn-continuar",{"type":"boolean","value":false}]}}]}},{"type":"Invocation","value":{"target":{"type":"Class","value":"com.wix.detox.espresso.DetoxMatcher"},"method":"matcherForSufficientlyVisible","args":[{"type":"Integer","value":75}]}},{"type":"Double","value":3}]})
04-06 10:34:24.104 20264 20295 I DetoxDispatcher: Handling action 'invoke' (ID #9)...
04-06 10:34:24.104 20264 20295 D Detox   : class com.wix.detox.espresso.DetoxMatcher, matcherForTestId, [btn-continuar, false]
04-06 10:34:24.105 20264 20295 D Detox   : class androidx.test.espresso.Espresso, onView, [(view.getTag() is "btn-continuar" and view has effective visibility <VISIBLE>)]
04-06 10:34:24.105 20264 20295 D Detox   : class com.wix.detox.espresso.DetoxMatcher, matcherForSufficientlyVisible, [75]
04-06 10:34:24.106 20264 20295 D Detox   : class com.wix.detox.espresso.DetoxAssertion, waitForAssertMatcher, [androidx.test.espresso.ViewInteraction@c75ad9f, (view has effective visibility <VISIBLE> and view.getGlobalVisibleRect() covers at least <75> percent of the view's area), 3.0]
04-06 10:34:24.109 20264 20264 I ViewInteraction: Checking 'MatchesViewAssertion(Detox){viewMatcher=(view has effective visibility <VISIBLE> and view.getGlobalVisibleRect() covers at least <75> percent of the view's area)}' assertion on view (view.getTag() is "btn-continuar" and view has effective visibility <VISIBLE>)
04-06 10:34:24.111 20264 20295 I DetoxWSClient: Sending out action 'invokeResult' (ID #9)
04-06 10:34:24.112 20264 20295 I DetoxDispatcher: Done with action 'invoke'
04-06 10:34:24.120 20264 20299 D DetoxWSClient: Received action 'invoke' (ID #10, params={"target":{"type":"Class","value":"com.wix.detox.espresso.EspressoDetox"},"method":"perform","args":[{"type":"Invocation","value":{"target":{"type":"Class","value":"com.wix.detox.espresso.DetoxMatcher"},"method":"matcherForAtIndex","args":[{"type":"Integer","value":0},{"type":"Invocation","value":{"target":{"type":"Class","value":"com.wix.detox.espresso.DetoxMatcher"},"method":"matcherForClass","args":["com.facebook.react.views.scroll.ReactScrollView"]}}]}},{"type":"Invocation","value":{"target":{"type":"Class","value":"com.wix.detox.espresso.DetoxAction"},"method":"swipeInDirection","args":[{"type":"Integer","value":3},{"type":"boolean","value":true},{"type":"Double","value":0.25},{"type":"Double","value":null},{"type":"Double","value":null}]}}]})
04-06 10:34:24.120 20264 20295 I DetoxDispatcher: Handling action 'invoke' (ID #10)...
04-06 10:34:24.121 20264 20295 D Detox   : class com.wix.detox.espresso.DetoxMatcher, matcherForClass, [com.facebook.react.views.scroll.ReactScrollView]
04-06 10:34:24.121 20264 20295 D Detox   : class com.wix.detox.espresso.DetoxMatcher, matcherForAtIndex, [0, (is assignable from class: class com.facebook.react.views.scroll.ReactScrollView and view has effective visibility <VISIBLE>)]
04-06 10:34:24.122 20264 20295 D Detox   : class com.wix.detox.espresso.DetoxAction, swipeInDirection, [3, true, 0.25, NaN, NaN]
04-06 10:34:24.124 20264 20295 D Detox   : class com.wix.detox.espresso.EspressoDetox, perform, [View at index #0, of those matching MATCHER(is assignable from class: class com.facebook.react.views.scroll.ReactScrollView and view has effective visibility <VISIBLE>), androidx.test.espresso.action.GeneralSwipeAction@85bad4a]
04-06 10:34:24.129 20264 20264 I ViewInteraction: Performing 'fast swipe' action on view View at index #0, of those matching MATCHER(is assignable from class: class com.facebook.react.views.scroll.ReactScrollView and view has effective visibility <VISIBLE>)
04-06 10:34:24.301 20264 20264 D InsetsController: cancelAnimation of types: 8, animType: 1, host: com.evolucao.app/com.evolucao.app.MainActivity, from:android.view.InsetsController.notifyFinished:1375 android.view.InsetsAnimationThreadControlRunner$1.lambda$notifyFinished$0$android-view-InsetsAnimationThreadControlRunner$1:84 android.view.InsetsAnimationThreadControlRunner$1$$ExternalSyntheticLambda1.run:4 
04-06 10:34:24.301 20264 20264 I IMM_LC  : notifyImeHidden: mService.hideSoftInput
04-06 10:34:24.319 20264 20327 I ViewRootImpl@73623ee[MainActivity]: Resizing android.view.ViewRootImpl@25a16ab: frame = [0,0][1080,2400] reportDraw = false forceLayout = false syncSeqId = 0
04-06 10:34:24.320 20264 20264 D InsetsController: onStateChanged: InsetsState: {mDisplayFrame=Rect(0, 0 - 1080, 2400), mDisplayCutout=DisplayCutout{insets=Rect(0, 88 - 0, 0) waterfall=Insets{left=0, top=0, right=0, bottom=0} boundingRect={Bounds=[Rect(0, 0 - 0, 0), Rect(512, 0 - 568, 88), Rect(0, 0 - 0, 0), Rect(0, 0 - 0, 0)]} cutoutPathParserInfo={CutoutPathParserInfo{displayWidth=1080 displayHeight=2400 physicalDisplayWidth=1080 physicalDisplayHeight=2400 density={3.0} cutoutSpec={M 0,0 M 0,10.71963616907435 a 9.280363830925644,9.280363830925644 0 1,0 0,18.56072766185129 a 9.280363830925644,9.280363830925644 0 1,0 0,-18.56072766185129 Z @dp} rotation={0} scale={1.0} physicalPixelDisplaySizeRatio={1.0}}}}, mRoundedCorners=RoundedCorners{[RoundedCorner{position=TopLeft, radius=96, center=Point(96, 96)}, RoundedCorner{position=TopRight, radius=96, center=Point(984, 96)}, RoundedCorner{position=BottomRight, radius=96, center=Point(984, 2304)}, RoundedCorner{position=BottomLeft, radius=96, center=Point(96, 2304)}]}  mRoundedCornerFrame=Rect(0, 0 - 1080, 2400), mPrivacyIndicatorBounds=PrivacyIndicatorBounds {static bounds=Rect(948, 0 - 1080, 88) rotation=0}, mSources= { InsetsSource: {mType=ITYPE_STATUS_BAR, mFrame=[0,0][1080,88], mVisible=true, mInsetsRoundedCornerFrame=false}, InsetsSource: {mType=ITYPE_NAVIGATION_BAR, mFrame=[0,2256][1080,2400], mVisible=true, mInsetsRoundedCornerFrame=false}, InsetsSource: {mType=ITYPE_LEFT_GESTURES, mFrame=[0,0][0,2400], mVisible=true, mInsetsRoundedCornerFrame=false}, InsetsSource: {mType=ITYPE_RIGHT_GESTURES, mFrame=[1080,0][1080,2400], mVisible=true, mInsetsRoundedCornerFrame=false}, InsetsSource: {mType=ITYPE_TOP_MANDATORY_GESTURES, mFrame=[0,0][1080,124], mVisible=true, mInsetsRoundedCornerFrame=false}, InsetsSource: {mType=ITYPE_BOTTOM_MANDATORY_GESTURES, mFrame=[0,2256][1080,2400], mVisible=true, mInsetsRoundedCornerFrame=false}, InsetsSource: {mType=ITYPE_LEFT_DISPLAY_CUTOUT, mFrame=[0,0][-100000,2400], mVisible=true, mInsetsRoundedCornerFrame=false}, InsetsSource: {mType=ITYPE_TOP_DISPLAY_CUTOUT, mFrame=[0,0][1080,88], mVisible=true, mInsetsRoundedCornerFrame=false}, InsetsSource: {mType=ITYPE_RIGHT_DISPLAY_CUTOUT, mFrame=[100000,0][1080,2400], mVisible=true, mInsetsRoundedCornerFrame=false}, InsetsSource: {mType=ITYPE_BOTTOM_DISPLAY_CUTOUT, mFrame=[0,100000][1080,2400], mVisible=true, mInsetsRoundedCornerFrame=false}, InsetsSource: {mType=ITYPE_TOP_TAPPABLE_ELEMENT, mFrame=[0,0][1080,88], mVisible=true, mInsetsRoundedCornerFrame=false}, InsetsSource: {mType=ITYPE_BOTTOM_TAPPABLE_ELEMENT, mFrame=[0,2256][1080,2400], mVisible=true, mInsetsRoundedCornerFrame=false}, InsetsSource: {mType=ITYPE_IME, mFrame=[0,0][0,0], mVisibleFrame=[0,1374][1080,2400], mVisible=false, mInsetsRoundedCornerFrame=false} } host=com.evolucao.app/com.evolucao.app.MainActivity from=android.view.ViewRootImpl$ViewRootHandler.handleMessageImpl:6727
04-06 10:34:24.321 20264 20264 I ViewRootImpl@73623ee[MainActivity]: handleResized, msg = 4 frames=ClientWindowFrames{frame=[0,0][1080,2400] display=[0,0][1080,2400] parentFrame=[0,0][0,0] parentClippedByDisplayCutout=false} forceNextWindowRelayout=false displayId=0 resizeMode=-1 frameChanged=false displayFrameChanged=false configChanged=false displayChanged=false
04-06 10:34:24.378 20264 20295 I DetoxWSClient: Sending out action 'invokeResult' (ID #10)
04-06 10:34:24.378 20264 20295 I DetoxDispatcher: Done with action 'invoke'
04-06 10:34:24.384 20264 20299 D DetoxWSClient: Received action 'invoke' (ID #11, params={"target":{"type":"Class","value":"com.wix.detox.espresso.EspressoDetox"},"method":"perform","args":[{"type":"Invocation","value":{"target":{"type":"Class","value":"com.wix.detox.espresso.DetoxMatcher"},"method":"matcherForTestId","args":["btn-continuar",{"type":"boolean","value":false}]}},{"type":"Invocation","value":{"target":{"type":"Class","value":"com.wix.detox.espresso.DetoxAction"},"method":"tapAtLocation","args":[{"type":"Integer","value":30},{"type":"Integer","value":18}]}}]})
04-06 10:34:24.384 20264 20295 I DetoxDispatcher: Handling action 'invoke' (ID #11)...
04-06 10:34:24.384 20264 20295 D Detox   : class com.wix.detox.espresso.DetoxMatcher, matcherForTestId, [btn-continuar, false]
04-06 10:34:24.385 20264 20295 D Detox   : class com.wix.detox.espresso.DetoxAction, tapAtLocation, [30, 18]
04-06 10:34:24.386 20264 20295 D Detox   : class com.wix.detox.espresso.EspressoDetox, perform, [(view.getTag() is "btn-continuar" and view has effective visibility <VISIBLE>), com.wix.detox.espresso.action.RNClickAction@3a0531]
04-06 10:34:24.390 20264 20264 I ViewInteraction: Performing 'com.wix.detox.espresso.action.detoxsingletap@b2f5416 click' action on view (view.getTag() is "btn-continuar" and view has effective visibility <VISIBLE>)
04-06 10:34:24.395 20264 20264 I ViewRootImpl@73623ee[MainActivity]: ViewPostIme pointer 0
04-06 10:34:24.425 20264 20264 I ViewRootImpl@73623ee[MainActivity]: ViewPostIme pointer 1
04-06 10:34:24.448 20264 20264 W OnBackInvokedCallback: OnBackInvokedCallback is not enabled for the application.
04-06 10:34:24.448 20264 20264 W OnBackInvokedCallback: Set 'android:enableOnBackInvokedCallback="true"' in the application manifest.
04-06 10:34:24.455 20264 20264 I Dialog  : mIsDeviceDefault = false, mIsSamsungBasicInteraction = false, isMetaDataInActivity = false
04-06 10:34:24.459 20264 20264 I DecorView: [INFO] isPopOver=false config=false
04-06 10:34:24.459 20264 20264 I DecorView: updateCaptionType: isFloating=true isApplication=true hasWindowDecorCaption=false this=DecorView@2e42e87[]
04-06 10:34:24.459 20264 20264 D DecorView: setCaptionType = 0, this = DecorView@2e42e87[]
04-06 10:34:24.460 20264 20264 I DecorView: setWindowBackground: isPopOver=false color=ff010101 d=android.graphics.drawable.InsetDrawable@6de61dd
04-06 10:34:24.475 20264 20264 D ScrollView: initGoToTop
04-06 10:34:24.482 20264 20313 D NativeCustomFrequencyManager: [NativeCFMS] BpCustomFrequencyManager::BpCustomFrequencyManager()
04-06 10:34:24.488 20264 20264 D InsetsController: onStateChanged: InsetsState: {mDisplayFrame=Rect(0, 0 - 1080, 2400), mDisplayCutout=DisplayCutout{insets=Rect(0, 88 - 0, 0) waterfall=Insets{left=0, top=0, right=0, bottom=0} boundingRect={Bounds=[Rect(0, 0 - 0, 0), Rect(512, 0 - 568, 88), Rect(0, 0 - 0, 0), Rect(0, 0 - 0, 0)]} cutoutPathParserInfo={CutoutPathParserInfo{displayWidth=1080 displayHeight=2400 physicalDisplayWidth=1080 physicalDisplayHeight=2400 density={3.0} cutoutSpec={M 0,0 M 0,10.71963616907435 a 9.280363830925644,9.280363830925644 0 1,0 0,18.56072766185129 a 9.280363830925644,9.280363830925644 0 1,0 0,-18.56072766185129 Z @dp} rotation={0} scale={1.0} physicalPixelDisplaySizeRatio={1.0}}}}, mRoundedCorners=RoundedCorners{[RoundedCorner{position=TopLeft, radius=96, center=Point(96, 96)}, RoundedCorner{position=TopRight, radius=96, center=Point(984, 96)}, RoundedCorner{position=BottomRight, radius=96, center=Point(984, 2304)}, RoundedCorner{position=BottomLeft, radius=96, center=Point(96, 2304)}]}  mRoundedCornerFrame=Rect(0, 0 - 1080, 2400), mPrivacyIndicatorBounds=PrivacyIndicatorBounds {static bounds=Rect(948, 0 - 1080, 88) rotation=0}, mSources= { InsetsSource: {mType=ITYPE_STATUS_BAR, mFrame=[0,0][1080,88], mVisible=true, mInsetsRoundedCornerFrame=false}, InsetsSource: {mType=ITYPE_NAVIGATION_BAR, mFrame=[0,2256][1080,2400], mVisible=true, mInsetsRoundedCornerFrame=false}, InsetsSource: {mType=ITYPE_LEFT_GESTURES, mFrame=[0,0][0,2400], mVisible=true, mInsetsRoundedCornerFrame=false}, InsetsSource: {mType=ITYPE_RIGHT_GESTURES, mFrame=[1080,0][1080,2400], mVisible=true, mInsetsRoundedCornerFrame=false}, InsetsSource: {mType=ITYPE_TOP_MANDATORY_GESTURES, mFrame=[0,0][1080,124], mVisible=true, mInsetsRoundedCornerFrame=false}, InsetsSource: {mType=ITYPE_BOTTOM_MANDATORY_GESTURES, mFrame=[0,2256][1080,2400], mVisible=true, mInsetsRoundedCornerFrame=false}, InsetsSource: {mType=ITYPE_LEFT_DISPLAY_CUTOUT, mFrame=[0,0][-100000,2400], mVisible=true, mInsetsRoundedCornerFrame=false}, InsetsSource: {mType=ITYPE_TOP_DISPLAY_CUTOUT, mFrame=[0,0][1080,88], mVisible=true, mInsetsRoundedCornerFrame=false}, InsetsSource: {mType=ITYPE_RIGHT_DISPLAY_CUTOUT, mFrame=[100000,0][1080,2400], mVisible=true, mInsetsRoundedCornerFrame=false}, InsetsSource: {mType=ITYPE_BOTTOM_DISPLAY_CUTOUT, mFrame=[0,100000][1080,2400], mVisible=true, mInsetsRoundedCornerFrame=false}, InsetsSource: {mType=ITYPE_TOP_TAPPABLE_ELEMENT, mFrame=[0,0][1080,88], mVisible=true, mInsetsRoundedCornerFrame=false}, InsetsSource: {mType=ITYPE_BOTTOM_TAPPABLE_ELEMENT, mFrame=[0,2256][1080,2400], mVisible=true, mInsetsRoundedCornerFrame=false} } host=com.evolucao.app/com.evolucao.app.MainActivity from=android.view.ViewRootImpl.setView:1732
04-06 10:34:24.490 20264 20264 I ViewRootImpl@c607c4d[MainActivity]: setView = com.android.internal.policy.DecorView@2e42e87 TM=false
04-06 10:34:24.501 20264 20264 I ViewRootImpl@c607c4d[MainActivity]: performTraversals params={(0,0)(wrapxwrap) gr=CENTER sim={adjust=pan forwardNavigation} ty=APPLICATION fmt=TRANSLUCENT wanim=0x7f120002 surfaceInsets=Rect(120, 120 - 120, 120)
04-06 10:34:24.501 20264 20264 I ViewRootImpl@c607c4d[MainActivity]:   fl=1820002
04-06 10:34:24.501 20264 20264 I ViewRootImpl@c607c4d[MainActivity]:   pfl=42000000
04-06 10:34:24.501 20264 20264 I ViewRootImpl@c607c4d[MainActivity]:   bhv=DEFAULT
04-06 10:34:24.501 20264 20264 I ViewRootImpl@c607c4d[MainActivity]:   fitTypes=STATUS_BARS NAVIGATION_BARS CAPTION_BAR
04-06 10:34:24.501 20264 20264 I ViewRootImpl@c607c4d[MainActivity]:  dimAmount=0.6 naviIconColor=0}
04-06 10:34:24.501 20264 20264 I ViewRootImpl@c607c4d[MainActivity]: performTraversals mFirst=true windowShouldResize=false viewVisibilityChanged=false mForceNextWindowRelayout=false params={(0,0)(wrapxwrap) gr=CENTER sim={adjust=pan forwardNavigation} ty=APPLICATION fmt=TRANSLUCENT wanim=0x7f120002 surfaceInsets=Rect(120, 120 - 120, 120)
04-06 10:34:24.501 20264 20264 I ViewRootImpl@c607c4d[MainActivity]:   fl=1820002
04-06 10:34:24.501 20264 20264 I ViewRootImpl@c607c4d[MainActivity]:   pfl=42000000
04-06 10:34:24.501 20264 20264 I ViewRootImpl@c607c4d[MainActivity]:   bhv=DEFAULT
04-06 10:34:24.501 20264 20264 I ViewRootImpl@c607c4d[MainActivity]:   fitTypes=STATUS_BARS NAVIGATION_BARS CAPTION_BAR
04-06 10:34:24.501 20264 20264 I ViewRootImpl@c607c4d[MainActivity]:  dimAmount=0.6 naviIconColor=0}
04-06 10:34:24.506 20264 20264 I ViewRootImpl@c607c4d[MainActivity]: updateBlastSurfaceIfNeeded mBlastBufferQueue=null isSameSurfaceControl=false
04-06 10:34:24.506 20264 20264 I BLASTBufferQueue: new BLASTBufferQueue, mName= ViewRootImpl@c607c4d[MainActivity] mNativeObject= 0xb4000070a0764300 sc.mNativeObject= 0xb4000070a074d6c0 caller= android.view.ViewRootImpl.updateBlastSurfaceIfNeeded:2909 android.view.ViewRootImpl.relayoutWindow:9847 android.view.ViewRootImpl.performTraversals:3884 android.view.ViewRootImpl.doTraversal:3116 android.view.ViewRootImpl$TraversalRunnable.run:10885 android.view.Choreographer$CallbackRecord.run:1301 android.view.Choreographer$CallbackRecord.run:1309 android.view.Choreographer.doCallbacks:923 android.view.Choreographer.doFrame:852 android.view.Choreographer$FrameDisplayEventReceiver.run:1283 
04-06 10:34:24.507 20264 20264 I BLASTBufferQueue: update, w= 1266 h= 825 mName = ViewRootImpl@c607c4d[MainActivity] mNativeObject= 0xb4000070a0764300 sc.mNativeObject= 0xb4000070a074d6c0 format= -3 caller= android.graphics.BLASTBufferQueue.<init>:84 android.view.ViewRootImpl.updateBlastSurfaceIfNeeded:2909 android.view.ViewRootImpl.relayoutWindow:9847 android.view.ViewRootImpl.performTraversals:3884 android.view.ViewRootImpl.doTraversal:3116 android.view.ViewRootImpl$TraversalRunnable.run:10885 
04-06 10:34:24.507 20264 20264 I ViewRootImpl@c607c4d[MainActivity]: Relayout returned: old=(0,88,1080,2256) new=(27,879,1053,1464) req=(1026,585)0 dur=4 res=0x3 s={true 0xb4000070a06e0800} ch=true seqId=0
04-06 10:34:24.508 20264 20264 I ViewRootImpl@c607c4d[MainActivity]: mThreadedRenderer.initialize() mSurface={isValid=true 0xb4000070a06e0800} hwInitialized=true
04-06 10:34:24.508 20264 20313 D OpenGLRenderer: eglCreateWindowSurface
04-06 10:34:24.510 20264 20264 D ScrollView:  onsize change changed 
04-06 10:34:24.512 20264 20264 I ViewRootImpl@c607c4d[MainActivity]: reportNextDraw android.view.ViewRootImpl.performTraversals:4438 android.view.ViewRootImpl.doTraversal:3116 android.view.ViewRootImpl$TraversalRunnable.run:10885 android.view.Choreographer$CallbackRecord.run:1301 android.view.Choreographer$CallbackRecord.run:1309 
04-06 10:34:24.512 20264 20264 I ViewRootImpl@c607c4d[MainActivity]: Setup new sync id=0
04-06 10:34:24.512 20264 20264 I ViewRootImpl@c607c4d[MainActivity]: Setting syncFrameCallback
04-06 10:34:24.512 20264 20264 I ViewRootImpl@c607c4d[MainActivity]: registerCallbacksForSync syncBuffer=false
04-06 10:34:24.520 20264 20335 I ViewRootImpl@c607c4d[MainActivity]: Received frameDrawingCallback syncResult=0 frameNum=1.
04-06 10:34:24.520 20264 20335 I ViewRootImpl@c607c4d[MainActivity]: Setting up sync and frameCommitCallback
04-06 10:34:24.522 20264 20313 I BLASTBufferQueue: [ViewRootImpl@c607c4d[MainActivity]#6](f:0,a:0) onFrameAvailable the first frame is available
04-06 10:34:24.522 20264 20313 I ViewRootImpl@c607c4d[MainActivity]: Received frameCommittedCallback lastAttemptedDrawFrameNum=1 didProduceBuffer=true
04-06 10:34:24.522 20264 20313 D OpenGLRenderer: CFMS:: SetUp Pid : 20264    Tid : 20313
04-06 10:34:24.523 20264 20313 W Parcel  : Expecting binder but got null!
04-06 10:34:24.523 20264 20264 I ViewRootImpl@c607c4d[MainActivity]: onSyncComplete
04-06 10:34:24.523 20264 20264 I ViewRootImpl@c607c4d[MainActivity]: setupSync seqId=0 mSyncId=0 fn=1 caller=android.view.ViewRootImpl$$ExternalSyntheticLambda11.accept:6 android.window.SurfaceSyncer.lambda$setupSync$1$android-window-SurfaceSyncer:128 android.window.SurfaceSyncer$$ExternalSyntheticLambda1.accept:8 android.window.SurfaceSyncer$SyncSet.checkIfSyncIsComplete:382 android.window.SurfaceSyncer$SyncSet.markSyncReady:359 android.window.SurfaceSyncer.markSyncReady:151 android.view.ViewRootImpl.performTraversals:4503 
04-06 10:34:24.524 20264 20264 I ViewRootImpl@c607c4d[MainActivity]: reportDrawFinished seqId=0 mSyncId=-1 fn=1 mSurfaceChangedTransaction=0xb4000070a6e30300
04-06 10:34:24.531 20264 20264 I ViewRootImpl@73623ee[MainActivity]: MSG_WINDOW_FOCUS_CHANGED 0 0
04-06 10:34:24.583 20264 20264 I ViewRootImpl@c607c4d[MainActivity]: MSG_WINDOW_FOCUS_CHANGED 1 0
04-06 10:34:24.583 20264 20264 I ViewRootImpl@c607c4d[MainActivity]: mThreadedRenderer.initializeIfNeeded()#2 mSurface={isValid=true 0xb4000070a06e0800}
04-06 10:34:25.085 20264 20295 I DetoxWSClient: Sending out action 'invokeResult' (ID #11)
04-06 10:34:25.085 20264 20295 I DetoxDispatcher: Done with action 'invoke'
04-06 10:34:25.090 20264 20299 D DetoxWSClient: Received action 'invoke' (ID #12, params={"target":{"type":"Class","value":"com.wix.detox.espresso.DetoxAssertion"},"method":"waitForAssertMatcher","args":[{"type":"Invocation","value":{"target":{"type":"Class","value":"androidx.test.espresso.Espresso"},"method":"onView","args":[{"type":"Invocation","value":{"target":{"type":"Class","value":"com.wix.detox.espresso.DetoxMatcher"},"method":"matcherForTestId","args":["tab-treino",{"type":"boolean","value":false}]}}]}},{"type":"Invocation","value":{"target":{"type":"Class","value":"com.wix.detox.espresso.DetoxMatcher"},"method":"matcherForSufficientlyVisible","args":[{"type":"Integer","value":75}]}},{"type":"Double","value":3}]})
04-06 10:34:25.090 20264 20295 I DetoxDispatcher: Handling action 'invoke' (ID #12)...
04-06 10:34:25.091 20264 20295 D Detox   : class com.wix.detox.espresso.DetoxMatcher, matcherForTestId, [tab-treino, false]
04-06 10:34:25.091 20264 20295 D Detox   : class androidx.test.espresso.Espresso, onView, [(view.getTag() is "tab-treino" and view has effective visibility <VISIBLE>)]
04-06 10:34:25.092 20264 20295 D Detox   : class com.wix.detox.espresso.DetoxMatcher, matcherForSufficientlyVisible, [75]
04-06 10:34:25.092 20264 20295 D Detox   : class com.wix.detox.espresso.DetoxAssertion, waitForAssertMatcher, [androidx.test.espresso.ViewInteraction@b90caf1, (view has effective visibility <VISIBLE> and view.getGlobalVisibleRect() covers at least <75> percent of the view's area), 3.0]
04-06 10:34:25.106 20264 20264 I ViewInteraction: Checking 'MatchesViewAssertion(Detox){viewMatcher=(view has effective visibility <VISIBLE> and view.getGlobalVisibleRect() covers at least <75> percent of the view's area)}' assertion on view (view.getTag() is "tab-treino" and view has effective visibility <VISIBLE>)
