04-06 11:54:01.569 25507 25507 E unknown:ReactHost: 	at com.facebook.react.runtime.ReactHostImpl.raiseSoftException(ReactHostImpl.kt:861)
04-06 11:54:01.569 25507 25507 E unknown:ReactHost: 	at com.facebook.react.runtime.ReactHostImpl.raiseSoftException$default(ReactHostImpl.kt:852)
04-06 11:54:01.569 25507 25507 E unknown:ReactHost: 	at com.facebook.react.runtime.ReactHostImpl.onWindowFocusChange(ReactHostImpl.kt:625)
04-06 11:54:01.569 25507 25507 E unknown:ReactHost: 	at com.facebook.react.ReactDelegate.onWindowFocusChanged(ReactDelegate.kt:232)
04-06 11:54:01.569 25507 25507 E unknown:ReactHost: 	at com.facebook.react.ReactActivityDelegate.onWindowFocusChanged(ReactActivityDelegate.java:237)
04-06 11:54:01.569 25507 25507 E unknown:ReactHost: 	at expo.modules.ReactActivityDelegateWrapper$onWindowFocusChanged$1.invokeSuspend(ReactActivityDelegateWrapper.kt:320)
04-06 11:54:01.569 25507 25507 E unknown:ReactHost: 	at expo.modules.ReactActivityDelegateWrapper$onWindowFocusChanged$1.invoke(Unknown Source:8)
04-06 11:54:01.569 25507 25507 E unknown:ReactHost: 	at expo.modules.ReactActivityDelegateWrapper$onWindowFocusChanged$1.invoke(Unknown Source:4)
04-06 11:54:01.569 25507 25507 E unknown:ReactHost: 	at expo.modules.ReactActivityDelegateWrapper$launchLifecycleScopeWithLock$1.invokeSuspend(ReactActivityDelegateWrapper.kt:452)
04-06 11:54:01.569 25507 25507 E unknown:ReactHost: 	at kotlin.coroutines.jvm.internal.BaseContinuationImpl.resumeWith(ContinuationImpl.kt:33)
04-06 11:54:01.569 25507 25507 E unknown:ReactHost: 	at kotlinx.coroutines.internal.DispatchedContinuationKt.resumeCancellableWith(DispatchedContinuation.kt:375)
04-06 11:54:01.569 25507 25507 E unknown:ReactHost: 	at kotlinx.coroutines.intrinsics.CancellableKt.startCoroutineCancellable(Cancellable.kt:26)
04-06 11:54:01.569 25507 25507 E unknown:ReactHost: 	at kotlinx.coroutines.CoroutineStart.invoke(CoroutineStart.kt:358)
04-06 11:54:01.569 25507 25507 E unknown:ReactHost: 	at kotlinx.coroutines.AbstractCoroutine.start(AbstractCoroutine.kt:134)
04-06 11:54:01.569 25507 25507 E unknown:ReactHost: 	at kotlinx.coroutines.BuildersKt__Builders_commonKt.launch(Builders.common.kt:53)
04-06 11:54:01.569 25507 25507 E unknown:ReactHost: 	at kotlinx.coroutines.BuildersKt.launch(Unknown Source:1)
04-06 11:54:01.569 25507 25507 E unknown:ReactHost: 	at kotlinx.coroutines.BuildersKt__Builders_commonKt.launch$default(Builders.common.kt:44)
04-06 11:54:01.569 25507 25507 E unknown:ReactHost: 	at kotlinx.coroutines.BuildersKt.launch$default(Unknown Source:1)
04-06 11:54:01.569 25507 25507 E unknown:ReactHost: 	at expo.modules.ReactActivityDelegateWrapper.launchLifecycleScopeWithLock(ReactActivityDelegateWrapper.kt:450)
04-06 11:54:01.569 25507 25507 E unknown:ReactHost: 	at expo.modules.ReactActivityDelegateWrapper.launchLifecycleScopeWithLock$default(ReactActivityDelegateWrapper.kt:446)
04-06 11:54:01.569 25507 25507 E unknown:ReactHost: 	at expo.modules.ReactActivityDelegateWrapper.onWindowFocusChanged(ReactActivityDelegateWrapper.kt:318)
04-06 11:54:01.569 25507 25507 E unknown:ReactHost: 	at com.facebook.react.ReactActivity.onWindowFocusChanged(ReactActivity.java:158)
04-06 11:54:01.569 25507 25507 E unknown:ReactHost: 	at androidx.appcompat.view.WindowCallbackWrapper.onWindowFocusChanged(WindowCallbackWrapper.java:124)
04-06 11:54:01.569 25507 25507 E unknown:ReactHost: 	at com.android.internal.policy.DecorView.onWindowFocusChanged(DecorView.java:2710)
04-06 11:54:01.569 25507 25507 E unknown:ReactHost: 	at android.view.View.dispatchWindowFocusChanged(View.java:15817)
04-06 11:54:01.569 25507 25507 E unknown:ReactHost: 	at android.view.ViewGroup.dispatchWindowFocusChanged(ViewGroup.java:1512)
04-06 11:54:01.569 25507 25507 E unknown:ReactHost: 	at android.view.ViewRootImpl.handleWindowFocusChanged(ViewRootImpl.java:4678)
04-06 11:54:01.569 25507 25507 E unknown:ReactHost: 	at android.view.ViewRootImpl.-$$Nest$mhandleWindowFocusChanged(Unknown Source:0)
04-06 11:54:01.569 25507 25507 E unknown:ReactHost: 	at android.view.ViewRootImpl$ViewRootHandler.handleMessageImpl(ViewRootImpl.java:6788)
04-06 11:54:01.569 25507 25507 E unknown:ReactHost: 	at android.view.ViewRootImpl$ViewRootHandler.handleMessage(ViewRootImpl.java:6697)
04-06 11:54:01.569 25507 25507 E unknown:ReactHost: 	at android.os.Handler.dispatchMessage(Handler.java:106)
04-06 11:54:01.569 25507 25507 E unknown:ReactHost: 	at android.os.Looper.loopOnce(Looper.java:226)
04-06 11:54:01.569 25507 25507 E unknown:ReactHost: 	at android.os.Looper.loop(Looper.java:313)
04-06 11:54:01.569 25507 25507 E unknown:ReactHost: 	at android.app.ActivityThread.main(ActivityThread.java:8762)
04-06 11:54:01.569 25507 25507 E unknown:ReactHost: 	at java.lang.reflect.Method.invoke(Native Method)
04-06 11:54:01.569 25507 25507 E unknown:ReactHost: 	at com.android.internal.os.RuntimeInit$MethodAndArgsCaller.run(RuntimeInit.java:604)
04-06 11:54:01.569 25507 25507 E unknown:ReactHost: 	at com.android.internal.os.ZygoteInit.main(ZygoteInit.java:1067)
04-06 11:54:01.569 25507 25507 D InputMethodManager: startInputInner - Id : 0
04-06 11:54:01.569 25507 25507 I InputMethodManager: startInputInner - mService.startInputOrWindowGainedFocus
04-06 11:54:01.572 25507 25507 I ViewRootImpl@8125395[PopupWindow:b19674c]: handleResized, msg = 5 frames=ClientWindowFrames{frame=[0,88][1080,167] display=[0,88][1080,2256] parentFrame=[0,0][0,0] parentClippedByDisplayCutout=false} forceNextWindowRelayout=false displayId=0 resizeMode=-1 frameChanged=false displayFrameChanged=false configChanged=false displayChanged=false
04-06 11:54:01.572 25507 25507 I ViewRootImpl@8125395[PopupWindow:b19674c]: handleResized mSyncSeqId = 0
04-06 11:54:01.572 25507 25507 I ViewRootImpl@8125395[PopupWindow:b19674c]: reportNextDraw android.view.ViewRootImpl.handleResized:2450 android.view.ViewRootImpl.-$$Nest$mhandleResized:0 android.view.ViewRootImpl$ViewRootHandler.handleMessageImpl:6728 android.view.ViewRootImpl$ViewRootHandler.handleMessage:6697 android.os.Handler.dispatchMessage:106 
04-06 11:54:01.573 25507 25507 D InputMethodManager: startInputInner - Id : 0
04-06 11:54:01.574 25507 25507 I ViewRootImpl@8125395[PopupWindow:b19674c]: Setup new sync id=1
04-06 11:54:01.574 25507 25507 I ViewRootImpl@8125395[PopupWindow:b19674c]: Setting syncFrameCallback
04-06 11:54:01.575 25507 25507 I ViewRootImpl@8125395[PopupWindow:b19674c]: registerCallbacksForSync syncBuffer=false
04-06 11:54:01.578 25507 25604 I ViewRootImpl@8125395[PopupWindow:b19674c]: Received frameDrawingCallback syncResult=0 frameNum=3.
04-06 11:54:01.578 25507 25604 I ViewRootImpl@8125395[PopupWindow:b19674c]: Setting up sync and frameCommitCallback
04-06 11:54:01.584 25507 25579 I ViewRootImpl@8125395[PopupWindow:b19674c]: Received frameCommittedCallback lastAttemptedDrawFrameNum=3 didProduceBuffer=true
04-06 11:54:01.584 25507 25507 I ViewRootImpl@8125395[PopupWindow:b19674c]: onSyncComplete
04-06 11:54:01.584 25507 25507 I ViewRootImpl@8125395[PopupWindow:b19674c]: setupSync seqId=0 mSyncId=1 fn=3 caller=android.view.ViewRootImpl$$ExternalSyntheticLambda11.accept:6 android.window.SurfaceSyncer.lambda$setupSync$1$android-window-SurfaceSyncer:128 android.window.SurfaceSyncer$$ExternalSyntheticLambda1.accept:8 android.window.SurfaceSyncer$SyncSet.checkIfSyncIsComplete:382 android.window.SurfaceSyncer$SyncSet.markSyncReady:359 android.window.SurfaceSyncer.markSyncReady:151 android.view.ViewRootImpl.performTraversals:4503 
04-06 11:54:01.584 25507 25507 I ViewRootImpl@8125395[PopupWindow:b19674c]: reportDrawFinished seqId=0 mSyncId=-1 fn=3 mSurfaceChangedTransaction=0xb4000070a0d58300
04-06 11:54:01.794 25507 25579 D OpenGLRenderer: setSurface called with nullptr
04-06 11:54:01.794 25507 25579 D OpenGLRenderer: setSurface() destroyed EGLSurface
04-06 11:54:01.794 25507 25579 D OpenGLRenderer: destroyEglSurface
04-06 11:54:01.794 25507 25602 D Detox.RNMarker: DOWNLOAD_END ({"url":"http:\/\/localhost:8081\/.expo\/.virtual-metro-entry.bundle?platform=android&dev=true&lazy=true&minify=false&app=com.evolucao.app&modulesOnly=false&runModule=true&excludeSource=true&sourcePaths=url-server","filesChangedCount":0})
04-06 11:54:01.794 25507 25602 W unknown:BridgelessReact: ReactHost{0}.loadJSBundleFromMetro(): Creating BundleLoader
04-06 11:54:01.794 25507 25601 W unknown:BridgelessReact: ReactHost{0}.getOrCreateReactInstanceTask(): Creating BridgelessReactContext
04-06 11:54:01.795 25507 25507 I ViewRootImpl@8125395[PopupWindow:b19674c]: dispatchDetachedFromWindow
04-06 11:54:01.796 25507 25601 W unknown:BridgelessReact: ReactHost{0}.getOrCreateReactInstanceTask(): Creating ReactInstance
04-06 11:54:01.797 25507 25507 D InputTransport: Input channel destroyed: 'fe13c46', fd=123
04-06 11:54:01.806 25507 25602 D TrafficStats: tagSocket(129) with statsTag=0xffffffff, statsUid=-1
04-06 11:54:01.809 25507 25601 D jni_lib_merge: Entering merged library JNI_OnLoad.
04-06 11:54:01.809 25507 25601 D jni_lib_merge: Preparing 4 pre-merged libs (including stub)
04-06 11:54:01.809 25507 25601 D jni_lib_merge: Preparing to register libhermes_executor_so.  onload_func: 0x701d6adfa4
04-06 11:54:01.809 25507 25601 D jni_lib_merge: Preparing to register libhermesinstancejni_so.  onload_func: 0x701d6e78b4
04-06 11:54:01.809 25507 25601 D jni_lib_merge: Preparing to register libjsijniprofiler_so.  onload_func: 0x701d6e98f8
04-06 11:54:01.809 25507 25601 D jni_lib_merge: About to register 3 actual methods.
04-06 11:54:01.928 25507 25601 I ExpoModulesCore: ✅ AppContext was initialized
04-06 11:54:01.956 25507 25601 W unknown:BridgelessReact: ReactHost{0}.getOrCreateReactInstanceTask(): Loading JS Bundle
04-06 11:54:01.956 25507 25601 W unknown:BridgelessReact: ReactHost{0}.getOrCreateReactInstanceTask(): DevSupportManager.onNewReactContextCreated()
04-06 11:54:01.956 25507 25613 D Detox.RNMarker: RUN_JS_BUNDLE_START (/.virtual-metro-entry.bundle?platform=android&dev=true&lazy=true&minify=false&app=com.evolucao.app&modulesOnly=false&runModule=true&excludeSource=true&sourcePaths=url-server)
04-06 11:54:01.959 25507 25507 W unknown:ReactNative: Packager connection already open, nooping.
04-06 11:54:01.960 25507 25507 W unknown:BridgelessReact: ReactHost{0}.ReactContext.onHostResume()
04-06 11:54:01.961 25507 25601 W unknown:BridgelessReact: ReactHost{0}.startSurface(surfaceId = 0): Execute
04-06 11:54:01.965 25507 25507 W unknown:BridgelessReact: ReactHost{0}.getOrCreateReactInstanceTask(): Executing ReactInstanceEventListeners
04-06 11:54:01.966 25507 25507 I DetoxRNLoading: Got new RN-context through listener
04-06 11:54:01.967 25507 25561 I DetoxRNIdleRes: Setting up Espresso Idling Resources for React Native
04-06 11:54:01.975 25507 25507 D DetoxRNHelpers: Native RN module resolution (class com.reactnativecommunity.asyncstorage.AsyncStorageModule): no registered module found
04-06 11:54:01.976 25507 25561 D IdlingRegistry: Registering idling resources: [com.wix.detox.reactnative.idlingresources.uimodule.fabric.FabricUIManagerIdlingResources@5d7ad2c]
04-06 11:54:01.976 25507 25561 D IdlingRegistry: Registering idling resources: [com.wix.detox.reactnative.idlingresources.animations.AnimatedModuleIdlingResource@fa053f5]
04-06 11:54:01.976 25507 25561 D IdlingRegistry: Registering idling resources: [com.wix.detox.reactnative.idlingresources.timers.FabricTimersIdlingResource@556958a]
04-06 11:54:01.976 25507 25561 D IdlingRegistry: Registering idling resources: [com.wix.detox.reactnative.idlingresources.network.NetworkIdlingResource@a29e7fb]
04-06 11:54:01.976 25507 25561 D IdlingRegistry: Registering idling resources: [com.wix.detox.reactnative.idlingresources.StabilizedIdlingResource@fa87018]
04-06 11:54:01.986 25507 25614 W om.evolucao.app: Accessing hidden method Landroid/os/MessageQueue;->next()Landroid/os/Message; (unsupported, reflection, allowed)
04-06 11:54:01.986 25507 25614 W om.evolucao.app: Accessing hidden field Landroid/os/MessageQueue;->mMessages:Landroid/os/Message; (unsupported, reflection, allowed)
04-06 11:54:01.986 25507 25614 W om.evolucao.app: Accessing hidden method Landroid/os/Message;->recycleUnchecked()V (unsupported, reflection, allowed)
04-06 11:54:02.129 25507 25507 D DetoxRNHelpers: Native RN module resolution (class com.reactnativecommunity.asyncstorage.AsyncStorageModule): no registered module found
04-06 11:54:02.130 25507 25563 W om.evolucao.app: Long monitor contention with owner Instr: androidx.test.runner.AndroidJUnitRunner (25561) at void com.wix.detox.DetoxMain.launchActivityOnCue(android.content.Context, com.wix.detox.ActivityLaunchHelper)(DetoxMain.kt:53) waiters=0 in void com.wix.detox.DetoxMain$setupActionHandlers$SynchronizedActionHandler.handle(java.lang.String, long) for 820ms
04-06 11:54:02.197 25507 25614 I WebViewFactory: Loading com.google.android.webview version 146.0.7680.164 (code 768016403)
04-06 11:54:02.198 25507 25614 D ApplicationLoaders: Returning zygote-cached class loader: /system/framework/android.test.base.jar
04-06 11:54:02.202 25507 25614 D nativeloader: Configuring classloader-namespace for other apk /data/app/~~23ppwVuk64Fm9vdWCRWMMw==/com.google.android.webview-FPIphznatdLDx2VBYoD68A==/base.apk. target_sdk_version=36, uses_libraries=, library_path=/data/app/~~23ppwVuk64Fm9vdWCRWMMw==/com.google.android.webview-FPIphznatdLDx2VBYoD68A==/lib/arm64:/data/app/~~23ppwVuk64Fm9vdWCRWMMw==/com.google.android.webview-FPIphznatdLDx2VBYoD68A==/base.apk!/lib/arm64-v8a, permitted_path=/data:/mnt/expand
04-06 11:54:02.212 25507 25614 I cr_WVCFactoryProvider: version=146.0.7680.164 (768016403) minSdkVersion=29 multiprocess=true packageId=127 splits=<none>
04-06 11:54:02.218 25507 25632 I chromium: [0406/115402.218006:INFO:android_webview/browser/variations/variations_seed_loader.cc:67] Failed to open file for reading.: No such file or directory (2)
04-06 11:54:02.218 25507 25632 I chromium: [0406/115402.218143:INFO:android_webview/browser/variations/variations_seed_loader.cc:67] Failed to open file for reading.: No such file or directory (2)
04-06 11:54:02.222 25507 25614 I cr_LibraryLoader: Successfully loaded native library
04-06 11:54:02.223 25507 25614 I cr_CachingUmaRecorder: Flushed 16 samples from 16 histograms, 0 samples were dropped.
04-06 11:54:02.235 25507 25635 D TrafficStats: tagSocket(143) with statsTag=0xffffffff, statsUid=-1
04-06 11:54:02.237 25507 25635 D TrafficStats: tagSocket(143) with statsTag=0xffffffff, statsUid=-1
04-06 11:54:02.247 25507 25613 W BridgelessReactContext: [WARNING] Bridgeless doesn't support CatalystInstance. Accessing an API that's not part of the new architecture is not encouraged usage.
04-06 11:54:02.253 25507 25613 I ExpoModulesCore: ✅ JSI interop was installed
04-06 11:54:02.259 25507 25613 I ExpoModulesCore: ✅ Constants were exported
04-06 11:54:02.300 25507 25613 W unknown:ViewManagerPropertyUpdater: Could not find generated setter for class com.th3rdwave.safeareacontext.SafeAreaProviderManager
04-06 11:54:02.304 25507 25613 W unknown:ViewManagerPropertyUpdater: Could not find generated setter for class com.facebook.react.uimanager.LayoutShadowNode
04-06 11:54:02.305 25507 25613 W unknown:ViewManagerPropertyUpdater: Could not find generated setter for class com.swmansion.rnscreens.SearchBarManager
04-06 11:54:02.306 25507 25613 W unknown:ViewManagerPropertyUpdater: Could not find generated setter for class com.swmansion.rnscreens.ScreenFooterManager
04-06 11:54:02.307 25507 25613 W unknown:ViewManagerPropertyUpdater: Could not find generated setter for class com.swmansion.rnscreens.gamma.tabs.TabScreenViewManager
04-06 11:54:02.308 25507 25613 W unknown:ViewManagerPropertyUpdater: Could not find generated setter for class expo.modules.kotlin.views.GroupViewManagerWrapper
04-06 11:54:02.309 25507 25613 W unknown:ViewManagerPropertyUpdater: Could not find generated setter for class com.swmansion.rnscreens.ScreenContainerViewManager
04-06 11:54:02.309 25507 25613 W unknown:ViewManagerPropertyUpdater: Could not find generated setter for class com.swmansion.rnscreens.gamma.tabs.TabsHostViewManager
04-06 11:54:02.310 25507 25613 W unknown:ViewManagerPropertyUpdater: Could not find generated setter for class com.swmansion.rnscreens.ModalScreenViewManager
04-06 11:54:02.311 25507 25613 W unknown:ViewManagerPropertyUpdater: Could not find generated setter for class com.swmansion.rnscreens.ScreenStackHeaderConfigViewManager
04-06 11:54:02.312 25507 25613 W unknown:ViewManagerPropertyUpdater: Could not find generated setter for class com.swmansion.rnscreens.ScreenContentWrapperManager
04-06 11:54:02.312 25507 25613 W unknown:ViewManagerPropertyUpdater: Could not find generated setter for class com.th3rdwave.safeareacontext.SafeAreaViewManager
04-06 11:54:02.314 25507 25613 W unknown:ViewManagerPropertyUpdater: Could not find generated setter for class com.th3rdwave.safeareacontext.SafeAreaViewShadowNode
04-06 11:54:02.314 25507 25613 W unknown:ViewManagerPropertyUpdater: Could not find generated setter for class com.swmansion.rnscreens.safearea.SafeAreaViewManager
04-06 11:54:02.315 25507 25613 W unknown:ViewManagerPropertyUpdater: Could not find generated setter for class com.swmansion.rnscreens.safearea.paper.SafeAreaViewShadowNode
04-06 11:54:02.315 25507 25613 W unknown:ViewManagerPropertyUpdater: Could not find generated setter for class com.swmansion.rnscreens.ScreenViewManager
04-06 11:54:02.315 25507 25613 W unknown:ViewManagerPropertyUpdater: Could not find generated setter for class com.swmansion.rnscreens.gamma.stack.host.StackHostViewManager
04-06 11:54:02.316 25507 25613 W unknown:ViewManagerPropertyUpdater: Could not find generated setter for class com.swmansion.rnscreens.ScreenStackHeaderSubviewManager
04-06 11:54:02.316 25507 25613 W unknown:ViewManagerPropertyUpdater: Could not find generated setter for class com.swmansion.rnscreens.gamma.stack.screen.StackScreenViewManager
04-06 11:54:02.316 25507 25613 W unknown:ViewManagerPropertyUpdater: Could not find generated setter for class com.swmansion.rnscreens.ScreenStackViewManager
04-06 11:54:02.394 25507 25613 W unknown:ViewManagerPropertyUpdater: Could not find generated setter for class com.facebook.react.views.debuggingoverlay.DebuggingOverlayManager
04-06 11:54:02.399 25507 25613 W unknown:ViewManagerPropertyUpdater: Could not find generated setter for class com.swmansion.gesturehandler.react.RNGestureHandlerButtonViewManager
04-06 11:54:02.406 25507 25613 W unknown:ViewManagerPropertyUpdater: Could not find generated setter for class com.facebook.react.views.safeareaview.ReactSafeAreaViewManager
04-06 11:54:02.411 25507 25613 W unknown:ViewManagerPropertyUpdater: Could not find generated setter for class com.facebook.react.views.modal.ReactModalHostManager
04-06 11:54:02.416 25507 25613 W unknown:ViewManagerPropertyUpdater: Could not find generated setter for class com.facebook.react.views.text.frescosupport.FrescoBasedReactTextInlineImageViewManager
04-06 11:54:02.417 25507 25613 W unknown:ViewManagerPropertyUpdater: Could not find generated setter for class com.facebook.react.views.text.frescosupport.FrescoBasedReactTextInlineImageShadowNode
04-06 11:54:02.422 25507 25613 W unknown:ViewManagerPropertyUpdater: Could not find generated setter for class com.facebook.react.views.progressbar.ReactProgressBarViewManager
04-06 11:54:02.423 25507 25613 W unknown:ViewManagerPropertyUpdater: Could not find generated setter for class com.facebook.react.views.progressbar.ProgressBarShadowNode
04-06 11:54:02.428 25507 25613 W unknown:ViewManagerPropertyUpdater: Could not find generated setter for class com.facebook.react.views.scroll.ReactHorizontalScrollViewManager
04-06 11:54:02.434 25507 25613 W unknown:ViewManagerPropertyUpdater: Could not find generated setter for class com.facebook.react.views.image.ReactImageManager
04-06 11:54:02.441 25507 25613 W unknown:ViewManagerPropertyUpdater: Could not find generated setter for class com.facebook.react.views.text.ReactTextViewManager
04-06 11:54:02.442 25507 25613 W unknown:ViewManagerPropertyUpdater: Could not find generated setter for class com.facebook.react.views.text.ReactTextShadowNode
04-06 11:54:02.448 25507 25613 W unknown:ViewManagerPropertyUpdater: Could not find generated setter for class com.facebook.react.views.scroll.ReactHorizontalScrollContainerViewManager
04-06 11:54:02.453 25507 25613 W unknown:ViewManagerPropertyUpdater: Could not find generated setter for class com.facebook.react.views.unimplementedview.ReactUnimplementedViewManager
04-06 11:54:02.458 25507 25613 W unknown:ViewManagerPropertyUpdater: Could not find generated setter for class com.facebook.react.views.scroll.ReactScrollViewManager
04-06 11:54:02.464 25507 25613 W unknown:ViewManagerPropertyUpdater: Could not find generated setter for class com.facebook.react.views.view.ReactViewManager
04-06 11:54:02.470 25507 25613 W unknown:ViewManagerPropertyUpdater: Could not find generated setter for class com.facebook.react.views.drawer.ReactDrawerLayoutManager
04-06 11:54:02.475 25507 25613 W unknown:ViewManagerPropertyUpdater: Could not find generated setter for class com.facebook.react.views.switchview.ReactSwitchManager
04-06 11:54:02.476 25507 25613 W unknown:ViewManagerPropertyUpdater: Could not find generated setter for class com.facebook.react.views.switchview.ReactSwitchShadowNode
04-06 11:54:02.481 25507 25613 W unknown:ViewManagerPropertyUpdater: Could not find generated setter for class com.facebook.react.views.swiperefresh.SwipeRefreshLayoutManager
04-06 11:54:02.487 25507 25613 W unknown:ViewManagerPropertyUpdater: Could not find generated setter for class com.facebook.react.views.textinput.ReactTextInputManager
04-06 11:54:02.489 25507 25613 W unknown:ViewManagerPropertyUpdater: Could not find generated setter for class com.facebook.react.views.textinput.ReactTextInputShadowNode
04-06 11:54:02.495 25507 25613 W unknown:ViewManagerPropertyUpdater: Could not find generated setter for class com.swmansion.gesturehandler.react.RNGestureHandlerRootViewManager
04-06 11:54:02.527 25507 25635 D TrafficStats: tagSocket(145) with statsTag=0xffffffff, statsUid=-1
04-06 11:54:02.696 25507 25613 V AsyncStorageExpoMigration: No scoped database found
04-06 11:54:02.868 25507 25613 D Detox.RNMarker: RUN_JS_BUNDLE_END (/.virtual-metro-entry.bundle?platform=android&dev=true&lazy=true&minify=false&app=com.evolucao.app&modulesOnly=false&runModule=true&excludeSource=true&sourcePaths=url-server)
04-06 11:54:02.870 25507 25613 I ReactNativeJS: Running "main" with {"rootTag":1,"initialProps":{},"fabric":true}
04-06 11:54:02.948 25507 25639 D TrafficStats: tagSocket(133) with statsTag=0xffffffff, statsUid=-1
04-06 11:54:03.063 25507 25507 W UiControllerImpl: Waiting for: DYNAMIC_TASKS_HAVE_IDLED for 100 iterations.
04-06 11:54:03.075 25507 25507 I DecorView: notifyKeepScreenOnChanged: keepScreenOn=true
04-06 11:54:03.084 25507 25507 I ViewRootImpl@73623ee[MainActivity]: performTraversals params={(0,0)(fillxfill) sim={adjust=resize} layoutInDisplayCutoutMode=always ty=BASE_APPLICATION wanim=0x1030309
04-06 11:54:03.084 25507 25507 I ViewRootImpl@73623ee[MainActivity]:   fl=81810180
04-06 11:54:03.084 25507 25507 I ViewRootImpl@73623ee[MainActivity]:   pfl=16020040
04-06 11:54:03.084 25507 25507 I ViewRootImpl@73623ee[MainActivity]:   vsysui=100
04-06 11:54:03.084 25507 25507 I ViewRootImpl@73623ee[MainActivity]:   bhv=DEFAULT
04-06 11:54:03.084 25507 25507 I ViewRootImpl@73623ee[MainActivity]:   fitSides= naviIconColor=0}
04-06 11:54:03.085 25507 25507 I ViewRootImpl@73623ee[MainActivity]: performTraversals mFirst=false windowShouldResize=false viewVisibilityChanged=false mForceNextWindowRelayout=false params={(0,0)(fillxfill) sim={adjust=resize} layoutInDisplayCutoutMode=always ty=BASE_APPLICATION wanim=0x1030309
04-06 11:54:03.085 25507 25507 I ViewRootImpl@73623ee[MainActivity]:   fl=81810180
04-06 11:54:03.085 25507 25507 I ViewRootImpl@73623ee[MainActivity]:   pfl=16020040
04-06 11:54:03.085 25507 25507 I ViewRootImpl@73623ee[MainActivity]:   vsysui=100
04-06 11:54:03.085 25507 25507 I ViewRootImpl@73623ee[MainActivity]:   bhv=DEFAULT
04-06 11:54:03.085 25507 25507 I ViewRootImpl@73623ee[MainActivity]:   fitSides= naviIconColor=0}
04-06 11:54:03.094 25507 25507 I ViewRootImpl@73623ee[MainActivity]: updateBlastSurfaceIfNeeded mBlastBufferQueue=0xb4000070c2c34c00 isSameSurfaceControl=true
04-06 11:54:03.094 25507 25507 I BLASTBufferQueue: update, w= 1080 h= 2400 mName = ViewRootImpl@73623ee[MainActivity] mNativeObject= 0xb4000070c2c34c00 sc.mNativeObject= 0xb4000070432487a0 format= -1 caller= android.view.ViewRootImpl.updateBlastSurfaceIfNeeded:2898 android.view.ViewRootImpl.relayoutWindow:9847 android.view.ViewRootImpl.performTraversals:3884 android.view.ViewRootImpl.doTraversal:3116 android.view.ViewRootImpl$TraversalRunnable.run:10885 android.view.Choreographer$CallbackRecord.run:1301 
04-06 11:54:03.094 25507 25507 I ViewRootImpl@73623ee[MainActivity]: Relayout returned: old=(0,0,1080,2400) new=(0,0,1080,2400) req=(1080,2400)0 dur=8 res=0x0 s={true 0xb4000070a0ea0000} ch=false seqId=0
04-06 11:54:03.099 25507 25507 D Detox.RNMarker: CONTENT_APPEARED (main)
04-06 11:54:03.104 25507 25613 D Detox.RNMarker: REACT_BRIDGELESS_LOADING_END (null)
04-06 11:54:03.113 25507 25613 I ReactNativeJS: '[ANALYTICS]', 'app_opened', { event: 'app_opened',
04-06 11:54:03.113 25507 25613 I ReactNativeJS:   eventId: '1775487243107_87ee597983416',
04-06 11:54:03.113 25507 25613 I ReactNativeJS:   appVersion: '1.0.0',
04-06 11:54:03.113 25507 25613 I ReactNativeJS:   category: 'engagement',
04-06 11:54:03.113 25507 25613 I ReactNativeJS:   userId: 'anonymous',
04-06 11:54:03.113 25507 25613 I ReactNativeJS:   timestamp: 1775487243107,
04-06 11:54:03.113 25507 25613 I ReactNativeJS:   timestampIso: '2026-04-06T14:54:03.107Z',
04-06 11:54:03.113 25507 25613 I ReactNativeJS:   screen: 'App',
04-06 11:54:03.113 25507 25613 I ReactNativeJS:   sessionId: 'session-1775487243090-3eb9cd13837766',
04-06 11:54:03.113 25507 25613 I ReactNativeJS:   flowId: 'session-1775487243090-3eb9cd13837766',
04-06 11:54:03.113 25507 25613 I ReactNativeJS:   meta: 
04-06 11:54:03.113 25507 25613 I ReactNativeJS:    { domain: 'engagement',
04-06 11:54:03.113 25507 25613 I ReactNativeJS:      version: 1,
04-06 11:54:03.113 25507 25613 I ReactNativeJS:      dayKey: '2026-04-06',
04-06 11:54:03.113 25507 25613 I ReactNativeJS:      isFirstOpenOfDay: true,
04-06 11:54:03.113 25507 25613 I ReactNativeJS:      category: 'engagement' } }
04-06 11:54:03.303 25507 25518 I om.evolucao.app: Compiler allocated 4177KB to compile void android.widget.TextView.<init>(android.content.Context, android.util.AttributeSet, int, int)
04-06 11:54:03.305 25507 25507 D CompatibilityChangeReporter: Compat change id reported: 171228096; UID 10537; state: ENABLED
04-06 11:54:03.306 25507 25507 D ScrollView: initGoToTop
04-06 11:54:03.307 25507 25507 W om.evolucao.app: Accessing hidden field Landroid/widget/ScrollView;->mScroller:Landroid/widget/OverScroller; (unsupported, reflection, allowed)
04-06 11:54:03.325 25507 25507 W [RNScreens]: backTitleFontFamily prop is not available on Android
04-06 11:54:03.325 25507 25507 W [RNScreens]: disableBackButtonMenu prop is not available on Android
04-06 11:54:03.325 25507 25507 W [RNScreens]: backTitleVisible prop is not available on Android
04-06 11:54:03.325 25507 25507 W [RNScreens]: topInsetEnabled prop is not available on Android
04-06 11:54:03.325 25507 25507 W [RNScreens]: largeTitleHideShadow prop is not available on Android
04-06 11:54:03.325 25507 25507 W [RNScreens]: largeTitleFontWeight prop is not available on Android
04-06 11:54:03.326 25507 25507 W [RNScreens]: userInterfaceStyle prop is not available on Android
04-06 11:54:03.326 25507 25507 W [RNScreens]: largeTitleFontFa