04-06 10:51:06.100 30832 30865 D Detox   : class com.wix.detox.espresso.DetoxMatcher, matcherForTestId, [input-peso-atual, false]
04-06 10:51:06.100 30832 30865 D Detox   : class androidx.test.espresso.action.ViewActions, clearText, []
04-06 10:51:06.100 30832 30865 D Detox   : class com.wix.detox.espresso.EspressoDetox, perform, [(view.getTag() is "input-peso-atual" and view has effective visibility <VISIBLE>), androidx.test.espresso.action.ReplaceTextAction@88dc8f5]
04-06 10:51:06.103 30832 30832 I ViewInteraction: Performing 'replace text()' action on view (view.getTag() is "input-peso-atual" and view has effective visibility <VISIBLE>)
04-06 10:51:06.110 30832 30865 I DetoxWSClient: Sending out action 'invokeResult' (ID #5)
04-06 10:51:06.110 30832 30865 I DetoxDispatcher: Done with action 'invoke'
04-06 10:51:06.114 30832 30869 D DetoxWSClient: Received action 'invoke' (ID #6, params={"target":{"type":"Class","value":"com.wix.detox.espresso.EspressoDetox"},"method":"perform","args":[{"type":"Invocation","value":{"target":{"type":"Class","value":"com.wix.detox.espresso.DetoxMatcher"},"method":"matcherForTestId","args":["input-peso-atual",{"type":"boolean","value":false}]}},{"type":"Invocation","value":{"target":{"type":"Class","value":"androidx.test.espresso.action.ViewActions"},"method":"replaceText","args":["82"]}}]})
04-06 10:51:06.115 30832 30865 I DetoxDispatcher: Handling action 'invoke' (ID #6)...
04-06 10:51:06.115 30832 30865 D Detox   : class com.wix.detox.espresso.DetoxMatcher, matcherForTestId, [input-peso-atual, false]
04-06 10:51:06.115 30832 30865 D Detox   : class androidx.test.espresso.action.ViewActions, replaceText, [82]
04-06 10:51:06.115 30832 30865 D Detox   : class com.wix.detox.espresso.EspressoDetox, perform, [(view.getTag() is "input-peso-atual" and view has effective visibility <VISIBLE>), androidx.test.espresso.action.ReplaceTextAction@c1f0330]
04-06 10:51:06.116 30832 30832 D InputMethodManager: startInputInner - Id : 0
04-06 10:51:06.116 30832 30832 I InputMethodManager: startInputInner - mService.startInputOrWindowGainedFocus
04-06 10:51:06.146 30832 30832 D InsetsController: show(ime(), fromIme=true)
04-06 10:51:06.150 30832 30840 I om.evolucao.app: Compiler allocated 6133KB to compile void android.view.ViewRootImpl.performTraversals()
04-06 10:51:06.166 30832 30832 D InputMethodManager: startInputInner - Id : 0
04-06 10:51:06.167 30832 30832 I InputMethodManager: startInputInner - mService.startInputOrWindowGainedFocus
04-06 10:51:06.171 30832 30832 I ViewInteraction: Performing 'replace text(82)' action on view (view.getTag() is "input-peso-atual" and view has effective visibility <VISIBLE>)
04-06 10:51:06.176 30832 30865 I DetoxWSClient: Sending out action 'invokeResult' (ID #6)
04-06 10:51:06.176 30832 30865 I DetoxDispatcher: Done with action 'invoke'
04-06 10:51:06.182 30832 30869 D DetoxWSClient: Received action 'invoke' (ID #7, params={"target":{"type":"Class","value":"com.wix.detox.espresso.DetoxAssertion"},"method":"assertMatcher","args":[{"type":"Invocation","value":{"target":{"type":"Class","value":"androidx.test.espresso.Espresso"},"method":"onView","args":[{"type":"Invocation","value":{"target":{"type":"Class","value":"com.wix.detox.espresso.DetoxMatcher"},"method":"matcherForTestId","args":["input-peso-atual",{"type":"boolean","value":false}]}}]}},{"type":"Invocation","value":{"target":{"type":"Class","value":"com.wix.detox.espresso.DetoxMatcher"},"method":"matcherForText","args":["82",{"type":"boolean","value":false}]}}]})
04-06 10:51:06.182 30832 30865 I DetoxDispatcher: Handling action 'invoke' (ID #7)...
04-06 10:51:06.182 30832 30865 D Detox   : class com.wix.detox.espresso.DetoxMatcher, matcherForTestId, [input-peso-atual, false]
04-06 10:51:06.183 30832 30865 D Detox   : class androidx.test.espresso.Espresso, onView, [(view.getTag() is "input-peso-atual" and view has effective visibility <VISIBLE>)]
04-06 10:51:06.183 30832 30832 D InputMethodManager: startInputInner - Id : 0
04-06 10:51:06.183 30832 30832 I InputMethodManager: startInputInner - mService.startInputOrWindowGainedFocus
04-06 10:51:06.183 30832 30865 D Detox   : class com.wix.detox.espresso.DetoxMatcher, matcherForText, [82, false]
04-06 10:51:06.184 30832 30865 D Detox   : class com.wix.detox.espresso.DetoxAssertion, assertMatcher, [androidx.test.espresso.ViewInteraction@59abaaf, (an instance of android.widget.TextView and view.getText() with or without transformation to match: is "82" and view has effective visibility <VISIBLE>)]
04-06 10:51:06.193 30832 30832 D InsetsController: show(ime(), fromIme=true)
04-06 10:51:06.213 30832 30883 D OpenGLRenderer: setSurface called with nullptr
04-06 10:51:06.213 30832 30883 D OpenGLRenderer: setSurface() destroyed EGLSurface
04-06 10:51:06.213 30832 30883 D OpenGLRenderer: destroyEglSurface
04-06 10:51:06.213 30832 30832 I ViewRootImpl@71eeeb8[PopupWindow:3c6bd1b]: dispatchDetachedFromWindow
04-06 10:51:06.217 30832 30832 D InputTransport: Input channel destroyed: 'bec5a3e', fd=173
04-06 10:51:06.218 30832 30883 D OpenGLRenderer: setSurface called with nullptr
04-06 10:51:06.218 30832 30883 D OpenGLRenderer: setSurface() destroyed EGLSurface
04-06 10:51:06.218 30832 30883 D OpenGLRenderer: destroyEglSurface
04-06 10:51:06.219 30832 30832 I ViewRootImpl@dc5b493[PopupWindow:75d582]: dispatchDetachedFromWindow
04-06 10:51:06.224 30832 30832 D InputTransport: Input channel destroyed: '34fdc4a', fd=174
04-06 10:51:06.228 30832 30832 D InsetsController: show(ime(), fromIme=true)
04-06 10:51:06.231 30832 30832 I ViewInteraction: Checking 'MatchesViewAssertion(Detox){viewMatcher=(an instance of android.widget.TextView and view.getText() with or without transformation to match: is "82" and view has effective visibility <VISIBLE>)}' assertion on view (view.getTag() is "input-peso-atual" and view has effective visibility <VISIBLE>)
04-06 10:51:06.233 30832 30865 I DetoxWSClient: Sending out action 'invokeResult' (ID #7)
04-06 10:51:06.233 30832 30865 I DetoxDispatcher: Done with action 'invoke'
04-06 10:51:06.238 30832 30869 D DetoxWSClient: Received action 'invoke' (ID #8, params={"target":{"type":"Class","value":"com.wix.detox.espresso.EspressoDetox"},"method":"perform","args":[{"type":"Invocation","value":{"target":{"type":"Class","value":"com.wix.detox.espresso.DetoxMatcher"},"method":"matcherForTestId","args":["input-peso-meta",{"type":"boolean","value":false}]}},{"type":"Invocation","value":{"target":{"type":"Class","value":"com.wix.detox.espresso.DetoxViewActions"},"method":"click","args":[]}}]})
04-06 10:51:06.238 30832 30865 I DetoxDispatcher: Handling action 'invoke' (ID #8)...
04-06 10:51:06.238 30832 30865 D Detox   : class com.wix.detox.espresso.DetoxMatcher, matcherForTestId, [input-peso-meta, false]
04-06 10:51:06.238 30832 30865 D Detox   : class com.wix.detox.espresso.DetoxViewActions, click, []
04-06 10:51:06.239 30832 30865 D Detox   : class com.wix.detox.espresso.EspressoDetox, perform, [(view.getTag() is "input-peso-meta" and view has effective visibility <VISIBLE>), com.wix.detox.espresso.action.RNClickAction@c75ad9f]
04-06 10:51:06.241 30832 30832 I ViewInteraction: Performing 'com.wix.detox.espresso.action.detoxsingletap@fb8eec click' action on view (view.getTag() is "input-peso-meta" and view has effective visibility <VISIBLE>)
04-06 10:51:06.246 30832 30832 I ViewRootImpl@73623ee[MainActivity]: ViewPostIme pointer 0
04-06 10:51:06.278 30832 30832 I ViewRootImpl@73623ee[MainActivity]: ViewPostIme pointer 1
04-06 10:51:06.284 30832 30832 D InputMethodManager: startInputInner - Id : 0
04-06 10:51:06.284 30832 30832 I InputMethodManager: startInputInner - mService.startInputOrWindowGainedFocus
04-06 10:51:06.287 30832 30832 I IMM_LC  : showSoftInput(View,I)
04-06 10:51:06.287 30832 30832 I IMM_LC  : ssi() - flag : 0 view : com.evolucao.app reason = SHOW_SOFT_INPUT
04-06 10:51:06.295 30832 30883 D NativeCustomFrequencyManager: [NativeCFMS] BpCustomFrequencyManager::BpCustomFrequencyManager()
04-06 10:51:06.299 30832 30832 D InsetsController: onStateChanged: InsetsState: {mDisplayFrame=Rect(0, 0 - 1080, 2400), mDisplayCutout=DisplayCutout{insets=Rect(0, 88 - 0, 0) waterfall=Insets{left=0, top=0, right=0, bottom=0} boundingRect={Bounds=[Rect(0, 0 - 0, 0), Rect(512, 0 - 568, 88), Rect(0, 0 - 0, 0), Rect(0, 0 - 0, 0)]} cutoutPathParserInfo={CutoutPathParserInfo{displayWidth=1080 displayHeight=2400 physicalDisplayWidth=1080 physicalDisplayHeight=2400 density={3.0} cutoutSpec={M 0,0 M 0,10.71963616907435 a 9.280363830925644,9.280363830925644 0 1,0 0,18.56072766185129 a 9.280363830925644,9.280363830925644 0 1,0 0,-18.56072766185129 Z @dp} rotation={0} scale={1.0} physicalPixelDisplaySizeRatio={1.0}}}}, mRoundedCorners=RoundedCorners{[RoundedCorner{position=TopLeft, radius=96, center=Point(96, 96)}, RoundedCorner{position=TopRight, radius=96, center=Point(984, 96)}, RoundedCorner{position=BottomRight, radius=96, center=Point(984, 2304)}, RoundedCorner{position=BottomLeft, radius=96, center=Point(96, 2304)}]}  mRoundedCornerFrame=Rect(0, 0 - 1080, 2400), mPrivacyIndicatorBounds=PrivacyIndicatorBounds {static bounds=Rect(948, 0 - 1080, 88) rotation=0}, mSources= { InsetsSource: {mType=ITYPE_STATUS_BAR, mFrame=[0,0][1080,88], mVisible=true, mInsetsRoundedCornerFrame=false}, InsetsSource: {mType=ITYPE_NAVIGATION_BAR, mFrame=[0,2256][1080,2400], mVisible=true, mInsetsRoundedCornerFrame=false}, InsetsSource: {mType=ITYPE_LEFT_GESTURES, mFrame=[0,0][0,2400], mVisible=true, mInsetsRoundedCornerFrame=false}, InsetsSource: {mType=ITYPE_RIGHT_GESTURES, mFrame=[1080,0][1080,2400], mVisible=true, mInsetsRoundedCornerFrame=false}, InsetsSource: {mType=ITYPE_TOP_MANDATORY_GESTURES, mFrame=[0,0][1080,124], mVisible=true, mInsetsRoundedCornerFrame=false}, InsetsSource: {mType=ITYPE_BOTTOM_MANDATORY_GESTURES, mFrame=[0,2256][1080,2400], mVisible=true, mInsetsRoundedCornerFrame=false}, InsetsSource: {mType=ITYPE_LEFT_DISPLAY_CUTOUT, mFrame=[0,0][-100000,2400], mVisible=true, mInsetsRoundedCornerFrame=false}, InsetsSource: {mType=ITYPE_TOP_DISPLAY_CUTOUT, mFrame=[0,0][1080,88], mVisible=true, mInsetsRoundedCornerFrame=false}, InsetsSource: {mType=ITYPE_RIGHT_DISPLAY_CUTOUT, mFrame=[100000,0][1080,2400], mVisible=true, mInsetsRoundedCornerFrame=false}, InsetsSource: {mType=ITYPE_BOTTOM_DISPLAY_CUTOUT, mFrame=[0,100000][1080,2400], mVisible=true, mInsetsRoundedCornerFrame=false}, InsetsSource: {mType=ITYPE_TOP_TAPPABLE_ELEMENT, mFrame=[0,0][1080,88], mVisible=true, mInsetsRoundedCornerFrame=false}, InsetsSource: {mType=ITYPE_BOTTOM_TAPPABLE_ELEMENT, mFrame=[0,2256][1080,2400], mVisible=true, mInsetsRoundedCornerFrame=false} } host=PopupWindow:85bad4a from=android.view.ViewRootImpl.setView:1732
04-06 10:51:06.300 30832 30832 I ViewRootImpl@f1184bb[PopupWindow:85bad4a]: setView = android.widget.PopupWindow$PopupDecorView@dc9b197 TM=false
04-06 10:51:06.302 30832 30883 D NativeCustomFrequencyManager: [NativeCFMS] BpCustomFrequencyManager::BpCustomFrequencyManager()
04-06 10:51:06.304 30832 30832 D InsetsController: onStateChanged: InsetsState: {mDisplayFrame=Rect(0, 0 - 1080, 2400), mDisplayCutout=DisplayCutout{insets=Rect(0, 88 - 0, 0) waterfall=Insets{left=0, top=0, right=0, bottom=0} boundingRect={Bounds=[Rect(0, 0 - 0, 0), Rect(512, 0 - 568, 88), Rect(0, 0 - 0, 0), Rect(0, 0 - 0, 0)]} cutoutPathParserInfo={CutoutPathParserInfo{displayWidth=1080 displayHeight=2400 physicalDisplayWidth=1080 physicalDisplayHeight=2400 density={3.0} cutoutSpec={M 0,0 M 0,10.71963616907435 a 9.280363830925644,9.280363830925644 0 1,0 0,18.56072766185129 a 9.280363830925644,9.280363830925644 0 1,0 0,-18.56072766185129 Z @dp} rotation={0} scale={1.0} physicalPixelDisplaySizeRatio={1.0}}}}, mRoundedCorners=RoundedCorners{[RoundedCorner{position=TopLeft, radius=96, center=Point(96, 96)}, RoundedCorner{position=TopRight, radius=96, center=Point(984, 96)}, RoundedCorner{position=BottomRight, radius=96, center=Point(984, 2304)}, RoundedCorner{position=BottomLeft, radius=96, center=Point(96, 2304)}]}  mRoundedCornerFrame=Rect(0, 0 - 1080, 2400), mPrivacyIndicatorBounds=PrivacyIndicatorBounds {static bounds=Rect(948, 0 - 1080, 88) rotation=0}, mSources= { InsetsSource: {mType=ITYPE_STATUS_BAR, mFrame=[0,0][1080,88], mVisible=true, mInsetsRoundedCornerFrame=false}, InsetsSource: {mType=ITYPE_NAVIGATION_BAR, mFrame=[0,2256][1080,2400], mVisible=true, mInsetsRoundedCornerFrame=false}, InsetsSource: {mType=ITYPE_LEFT_GESTURES, mFrame=[0,0][0,2400], mVisible=true, mInsetsRoundedCornerFrame=false}, InsetsSource: {mType=ITYPE_RIGHT_GESTURES, mFrame=[1080,0][1080,2400], mVisible=true, mInsetsRoundedCornerFrame=false}, InsetsSource: {mType=ITYPE_TOP_MANDATORY_GESTURES, mFrame=[0,0][1080,124], mVisible=true, mInsetsRoundedCornerFrame=false}, InsetsSource: {mType=ITYPE_BOTTOM_MANDATORY_GESTURES, mFrame=[0,2256][1080,2400], mVisible=true, mInsetsRoundedCornerFrame=false}, InsetsSource: {mType=ITYPE_LEFT_DISPLAY_CUTOUT, mFrame=[0,0][-100000,2400], mVisible=true, mInsetsRoundedCornerFrame=false}, InsetsSource: {mType=ITYPE_TOP_DISPLAY_CUTOUT, mFrame=[0,0][1080,88], mVisible=true, mInsetsRoundedCornerFrame=false}, InsetsSource: {mType=ITYPE_RIGHT_DISPLAY_CUTOUT, mFrame=[100000,0][1080,2400], mVisible=true, mInsetsRoundedCornerFrame=false}, InsetsSource: {mType=ITYPE_BOTTOM_DISPLAY_CUTOUT, mFrame=[0,100000][1080,2400], mVisible=true, mInsetsRoundedCornerFrame=false}, InsetsSource: {mType=ITYPE_TOP_TAPPABLE_ELEMENT, mFrame=[0,0][1080,88], mVisible=true, mInsetsRoundedCornerFrame=false}, InsetsSource: {mType=ITYPE_BOTTOM_TAPPABLE_ELEMENT, mFrame=[0,2256][1080,2400], mVisible=true, mInsetsRoundedCornerFrame=false} } host=PopupWindow:ff8c36d from=android.view.ViewRootImpl.setView:1732
04-06 10:51:06.305 30832 30832 I ViewRootImpl@bc49ba2[PopupWindow:ff8c36d]: setView = android.widget.PopupWindow$PopupDecorView@974cfee TM=false
04-06 10:51:06.308 30832 30832 W RemoteInputConnectionImpl: requestCursorAnchorInfo on inactive InputConnection
04-06 10:51:06.310 30832 30832 I IMM_LC  : showSoftInput(View,I)
04-06 10:51:06.310 30832 30832 I IMM_LC  : ssi() - flag : 0 view : com.evolucao.app reason = SHOW_SOFT_INPUT
04-06 10:51:06.313 30832 30832 I ViewRootImpl@f1184bb[PopupWindow:85bad4a]: performTraversals params={(112,1390)(90x108) gr=TOP START CENTER sim={state=unchanged adjust=pan} ty=APPLICATION_SUB_PANEL fmt=TRANSLUCENT wanim=0x1030313 surfaceInsets=Rect(0, 0 - 0, 0) (manual)
04-06 10:51:06.313 30832 30832 I ViewRootImpl@f1184bb[PopupWindow:85bad4a]:   fl=41800208
04-06 10:51:06.313 30832 30832 I ViewRootImpl@f1184bb[PopupWindow:85bad4a]:   pfl=2018000
04-06 10:51:06.313 30832 30832 I ViewRootImpl@f1184bb[PopupWindow:85bad4a]:   bhv=DEFAULT
04-06 10:51:06.313 30832 30832 I ViewRootImpl@f1184bb[PopupWindow:85bad4a]:   fitTypes=STATUS_BARS NAVIGATION_BARS CAPTION_BAR naviIconColor=0
04-06 10:51:06.313 30832 30832 I ViewRootImpl@f1184bb[PopupWindow:85bad4a]:   sfl=20000}
04-06 10:51:06.314 30832 30832 I ViewRootImpl@f1184bb[PopupWindow:85bad4a]: performTraversals mFirst=true windowShouldResize=true viewVisibilityChanged=false mForceNextWindowRelayout=false params={(112,1390)(90x108) gr=TOP START CENTER sim={state=unchanged adjust=pan} ty=APPLICATION_SUB_PANEL fmt=TRANSLUCENT wanim=0x1030313 surfaceInsets=Rect(0, 0 - 0, 0) (manual)
04-06 10:51:06.314 30832 30832 I ViewRootImpl@f1184bb[PopupWindow:85bad4a]:   fl=41800208
04-06 10:51:06.314 30832 30832 I ViewRootImpl@f1184bb[PopupWindow:85bad4a]:   pfl=42018000
04-06 10:51:06.314 30832 30832 I ViewRootImpl@f1184bb[PopupWindow:85bad4a]:   bhv=DEFAULT
04-06 10:51:06.314 30832 30832 I ViewRootImpl@f1184bb[PopupWindow:85bad4a]:   fitTypes=STATUS_BARS NAVIGATION_BARS CAPTION_BAR naviIconColor=0
04-06 10:51:06.314 30832 30832 I ViewRootImpl@f1184bb[PopupWindow:85bad4a]:   sfl=20000}
04-06 10:51:06.318 30832 30970 I ViewRootImpl@f1184bb[PopupWindow:85bad4a]: Resizing android.view.ViewRootImpl@4c6cf84: frame = [112,1390][202,1498] reportDraw = true forceLayout = false syncSeqId = 0
04-06 10:51:06.320 30832 30832 I ViewRootImpl@f1184bb[PopupWindow:85bad4a]: updateBlastSurfaceIfNeeded mBlastBufferQueue=null isSameSurfaceControl=false
04-06 10:51:06.320 30832 30832 I BLASTBufferQueue: new BLASTBufferQueue, mName= ViewRootImpl@f1184bb[PopupWindow:85bad4a] mNativeObject= 0xb400007002230580 sc.mNativeObject= 0xb400007001f38960 caller= android.view.ViewRootImpl.updateBlastSurfaceIfNeeded:2909 android.view.ViewRootImpl.relayoutWindow:9847 android.view.ViewRootImpl.performTraversals:3884 android.view.ViewRootImpl.doTraversal:3116 android.view.ViewRootImpl$TraversalRunnable.run:10885 android.view.Choreographer$CallbackRecord.run:1301 android.view.Choreographer$CallbackRecord.run:1309 android.view.Choreographer.doCallbacks:923 android.view.Choreographer.doFrame:852 android.view.Choreographer$FrameDisplayEventReceiver.run:1283 
04-06 10:51:06.320 30832 30832 I BLASTBufferQueue: update, w= 90 h= 108 mName = ViewRootImpl@f1184bb[PopupWindow:85bad4a] mNativeObject= 0xb400007002230580 sc.mNativeObject= 0xb400007001f38960 format= -3 caller= android.graphics.BLASTBufferQueue.<init>:84 android.view.ViewRootImpl.updateBlastSurfaceIfNeeded:2909 android.view.ViewRootImpl.relayoutWindow:9847 android.view.ViewRootImpl.performTraversals:3884 android.view.ViewRootImpl.doTraversal:3116 android.view.ViewRootImpl$TraversalRunnable.run:10885 
04-06 10:51:06.321 30832 30832 I ViewRootImpl@f1184bb[PopupWindow:85bad4a]: Relayout returned: old=(112,1390,202,1498) new=(112,1390,202,1498) req=(90,108)0 dur=6 res=0x3 s={true 0xb400007001e07800} ch=true seqId=0
04-06 10:51:06.321 30832 30832 I ViewRootImpl@f1184bb[PopupWindow:85bad4a]: mThreadedRenderer.initialize() mSurface={isValid=true 0xb400007001e07800} hwInitialized=true
04-06 10:51:06.321 30832 30883 D OpenGLRenderer: eglCreateWindowSurface
04-06 10:51:06.322 30832 30832 I ViewRootImpl@f1184bb[PopupWindow:85bad4a]: reportNextDraw android.view.ViewRootImpl.performTraversals:4438 android.view.ViewRootImpl.doTraversal:3116 android.view.ViewRootImpl$TraversalRunnable.run:10885 android.view.Choreographer$CallbackRecord.run:1301 android.view.Choreographer$CallbackRecord.run:1309 
04-06 10:51:06.322 30832 30832 I ViewRootImpl@f1184bb[PopupWindow:85bad4a]: Setup new sync id=0
04-06 10:51:06.322 30832 30832 I ViewRootImpl@f1184bb[PopupWindow:85bad4a]: Setting syncFrameCallback
04-06 10:51:06.322 30832 30832 I ViewRootImpl@f1184bb[PopupWindow:85bad4a]: registerCallbacksForSync syncBuffer=false
04-06 10:51:06.323 30832 30904 I ViewRootImpl@f1184bb[PopupWindow:85bad4a]: Received frameDrawingCallback syncResult=0 frameNum=1.
04-06 10:51:06.323 30832 30904 I ViewRootImpl@f1184bb[PopupWindow:85bad4a]: Setting up sync and frameCommitCallback
04-06 10:51:06.324 30832 30883 I BLASTBufferQueue: [ViewRootImpl@f1184bb[PopupWindow:85bad4a]#4](f:0,a:0) onFrameAvailable the first frame is available
04-06 10:51:06.324 30832 30883 I ViewRootImpl@f1184bb[PopupWindow:85bad4a]: Received frameCommittedCallback lastAttemptedDrawFrameNum=1 didProduceBuffer=true
04-06 10:51:06.324 30832 30883 D OpenGLRenderer: CFMS:: SetUp Pid : 30832    Tid : 30883
04-06 10:51:06.324 30832 30883 W Parcel  : Expecting binder but got null!
04-06 10:51:06.325 30832 30832 I ViewRootImpl@f1184bb[PopupWindow:85bad4a]: onSyncComplete
04-06 10:51:06.325 30832 30832 I ViewRootImpl@f1184bb[PopupWindow:85bad4a]: setupSync seqId=0 mSyncId=0 fn=1 caller=android.view.ViewRootImpl$$ExternalSyntheticLambda11.accept:6 android.window.SurfaceSyncer.lambda$setupSync$1$android-window-SurfaceSyncer:128 android.window.SurfaceSyncer$$ExternalSyntheticLambda1.accept:8 android.window.SurfaceSyncer$SyncSet.checkIfSyncIsComplete:382 android.window.SurfaceSyncer$SyncSet.markSyncReady:359 android.window.SurfaceSyncer.markSyncReady:151 android.view.ViewRootImpl.performTraversals:4503 
04-06 10:51:06.326 30832 30832 I ViewRootImpl@bc49ba2[PopupWindow:ff8c36d]: performTraversals params={(112,1296)(90x94) gr=TOP START CENTER sim={state=unchanged adjust=pan} ty=APPLICATION_SUB_PANEL fmt=TRANSLUCENT wanim=0x1030313 surfaceInsets=Rect(0, 0 - 0, 0) (manual)
04-06 10:51:06.326 30832 30832 I ViewRootImpl@bc49ba2[PopupWindow:ff8c36d]:   fl=41800218
04-06 10:51:06.326 30832 30832 I ViewRootImpl@bc49ba2[PopupWindow:ff8c36d]:   pfl=2018000
04-06 10:51:06.326 30832 30832 I ViewRootImpl@bc49ba2[PopupWindow:ff8c36d]:   bhv=DEFAULT
04-06 10:51:06.326 30832 30832 I ViewRootImpl@bc49ba2[PopupWindow:ff8c36d]:   fitTypes=STATUS_BARS NAVIGATION_BARS CAPTION_BAR naviIconColor=0
04-06 10:51:06.326 30832 30832 I ViewRootImpl@bc49ba2[PopupWindow:ff8c36d]:   sfl=20000}
04-06 10:51:06.327 30832 30832 I ViewRootImpl@bc49ba2[PopupWindow:ff8c36d]: performTraversals mFirst=true windowShouldResize=true viewVisibilityChanged=false mForceNextWindowRelayout=false params={(112,1296)(90x94) gr=TOP START CENTER sim={state=unchanged adjust=pan} ty=APPLICATION_SUB_PANEL fmt=TRANSLUCENT wanim=0x1030313 surfaceInsets=Rect(0, 0 - 0, 0) (manual)
04-06 10:51:06.327 30832 30832 I ViewRootImpl@bc49ba2[PopupWindow:ff8c36d]:   fl=41800218
04-06 10:51:06.327 30832 30832 I ViewRootImpl@bc49ba2[PopupWindow:ff8c36d]:   pfl=42018000
04-06 10:51:06.327 30832 30832 I ViewRootImpl@bc49ba2[PopupWindow:ff8c36d]:   bhv=DEFAULT
04-06 10:51:06.327 30832 30832 I ViewRootImpl@bc49ba2[PopupWindow:ff8c36d]:   fitTypes=STATUS_BARS NAVIGATION_BARS CAPTION_BAR naviIconColor=0
04-06 10:51:06.327 30832 30832 I ViewRootImpl@bc49ba2[PopupWindow:ff8c36d]:   sfl=20000}
04-06 10:51:06.331 30832 30845 I ViewRootImpl@bc49ba2[PopupWindow:ff8c36d]: Resizing android.view.ViewRootImpl@e2b3c8f: frame = [112,1296][202,1390] reportDraw = true forceLayout = false syncSeqId = 0
04-06 10:51:06.334 30832 30832 I ViewRootImpl@bc49ba2[PopupWindow:ff8c36d]: updateBlastSurfaceIfNeeded mBlastBufferQueue=null isSameSurfaceControl=false
04-06 10:51:06.334 30832 30832 I BLASTBufferQueue: new BLASTBufferQueue, mName= ViewRootImpl@bc49ba2[PopupWindow:ff8c36d] mNativeObject= 0xb400007002230900 sc.mNativeObject= 0xb400007001f38dc0 caller= android.view.ViewRootImpl.updateBlastSurfaceIfNeeded:2909 android.view.ViewRootImpl.relayoutWindow:9847 android.view.ViewRootImpl.performTraversals:3884 android.view.ViewRootImpl.doTraversal:3116 android.view.ViewRootImpl$TraversalRunnable.run:10885 android.view.Choreographer$CallbackRecord.run:1301 android.view.Choreographer$CallbackRecord.run:1309 android.view.Choreographer.doCallbacks:923 android.view.Choreographer.doFrame:852 android.view.Choreographer$FrameDisplayEventReceiver.run:1283 
04-06 10:51:06.334 30832 30832 I BLASTBufferQueue: update, w= 90 h= 94 mName = ViewRootImpl@bc49ba2[PopupWindow:ff8c36d] mNativeObject= 0xb400007002230900 sc.mNativeObject= 0xb400007001f38dc0 format= -3 caller= android.graphics.BLASTBufferQueue.<init>:84 android.view.ViewRootImpl.updateBlastSurfaceIfNeeded:2909 android.view.ViewRootImpl.relayoutWindow:9847 android.view.ViewRootImpl.performTraversals:3884 android.view.ViewRootImpl.doTraversal:3116 android.view.ViewRootImpl$TraversalRunnable.run:10885 
04-06 10:51:06.335 30832 30832 I ViewRootImpl@bc49ba2[PopupWindow:ff8c36d]: Relayout returned: old=(112,1296,202,1390) new=(112,1296,202,1390) req=(90,94)0 dur=7 res=0x3 s={true 0xb400007001e05000} ch=true seqId=0
04-06 10:51:06.335 30832 30832 I ViewRootImpl@bc49ba2[PopupWindow:ff8c36d]: mThreadedRenderer.initialize() mSurface={isValid=true 0xb400007001e05000} hwInitialized=true
04-06 10:51:06.335 30832 30883 D OpenGLRenderer: eglCreateWindowSurface
04-06 10:51:06.336 30832 30832 I ViewRootImpl@bc49ba2[PopupWindow:ff8c36d]: reportNextDraw android.view.ViewRootImpl.performTraversals:4438 android.view.ViewRootImpl.doTraversal:3116 android.view.ViewRootImpl$TraversalRunnable.run:10885 android.view.Choreographer$CallbackRecord.run:1301 android.view.Choreographer$CallbackRecord.run:1309 
04-06 10:51:06.336 30832 30832 I ViewRootImpl@bc49ba2[PopupWindow:ff8c36d]: Setup new sync id=0
04-06 10:51:06.336 30832 30832 I ViewRootImpl@bc49ba2[PopupWindow:ff8c36d]: Setting syncFrameCallback
04-06 10:51:06.336 30832 30832 I ViewRootImpl@bc49ba2[PopupWindow:ff8c36d]: registerCallbacksForSync syncBuffer=false
04-06 10:51:06.337 30832 30904 I ViewRootImpl@bc49ba2[PopupWindow:ff8c36d]: Received frameDrawingCallback syncResult=0 frameNum=1.
04-06 10:51:06.337 30832 30904 I ViewRootImpl@bc49ba2[PopupWindow:ff8c36d]: Setting up sync and frameCommitCallback
04-06 10:51:06.337 30832 30883 I BLASTBufferQueue: [ViewRootImpl@bc49ba2[PopupWindow:ff8c36d]#5](f:0,a:0) onFrameAvailable the first frame is available
04-06 10:51:06.337 30832 30883 I ViewRootImpl@bc49ba2[PopupWindow:ff8c36d]: Received frameCommittedCallback lastAttemptedDrawFrameNum=1 didProduceBuffer=true
04-06 10:51:06.338 30832 30883 D OpenGLRenderer: CFMS:: SetUp Pid : 30832    Tid : 30883
04-06 10:51:06.338 30832 30883 W Parcel  : Expecting binder but got null!
04-06 10:51:06.338 30832 30832 I ViewRootImpl@bc49ba2[PopupWindow:ff8c36d]: onSyncComplete
04-06 10:51:06.338 30832 30832 I ViewRootImpl@bc49ba2[PopupWindow:ff8c36d]: setupSync seqId=0 mSyncId=0 fn=1 caller=android.view.ViewRootImpl$$ExternalSyntheticLambda11.accept:6 android.window.SurfaceSyncer.lambda$setupSync$1$android-window-SurfaceSyncer:128 android.window.SurfaceSyncer$$ExternalSyntheticLambda1.accept:8 android.window.SurfaceSyncer$SyncSet.checkIfSyncIsComplete:382 android.window.SurfaceSyncer$SyncSet.markSyncReady:359 android.window.SurfaceSyncer.markSyncReady:151 android.view.ViewRootImpl.performTraversals:4503 
04-06 10:51:06.338 30832 30832 I ViewRootImpl@bc49ba2[PopupWindow:ff8c36d]: reportDrawFinished seqId=0 mSyncId=-1 fn=1 mSurfaceChangedTransaction=0xb4000070a0e70000
04-06 10:51:06.339 30832 30832 I ViewRootImpl@f1184bb[PopupWindow:85bad4a]: reportDrawFinished seqId=0 mSyncId=-1 fn=1 mSurfaceChangedTransaction=0xb40000701f915900
04-06 10:51:06.340 30832 30832 I ViewRootImpl@f1184bb[PopupWindow:85bad4a]: handleResized, msg = 5 frames=ClientWindowFrames{frame=[112,1390][202,1498] display=[-100000,-100000][100000,100000] parentFrame=[0,0][0,0] parentClippedByDisplayCutout=false} forceNextWindowRelayout=false displayId=0 resizeMode=-1 frameChanged=false displayFrameChanged=false configChanged=false displayChanged=false
04-06 10:51:06.340 30832 30832 I ViewRootImpl@f1184bb[PopupWindow:85bad4a]: handleResized mSyncSeqId = 0
04-06 10:51:06.340 30832 30832 I ViewRootImpl@f1184bb[PopupWindow:85bad4a]: reportNextDraw android.view.ViewRootImpl.handleResized:2450 android.view.ViewRootImpl.-$$Nest$mhandleResized:0 android.view.ViewRootImpl$ViewRootHandler.handleMessageImpl:6728 android.view.ViewRootImpl$ViewRootHandler.handleMessage:6697 android.os.Handler.dispatchMessage:106 
04-06 10:51:06.341 30832 30832 I ViewRootImpl@f1184bb[PopupWindow:85bad4a]: Setup new sync id=1
04-06 10:51:06.341 30832 30832 I ViewRootImpl@f1184bb[PopupWindow:85bad4a]: Setting syncFrameCallback
04-06 10:51:06.341 30832 30832 I ViewRootImpl@f1184bb[PopupWindow:85bad4a]: registerCallbacksForSync syncBuffer=false
04-06 10:51:06.342 30832 30903 I ViewRootImpl@f1184bb[PopupWindow:85bad4a]: Received frameDrawingCallback syncResult=0 frameNum=2.
04-06 10:51:06.342 30832 30903 I ViewRootImpl@f1184bb[PopupWindow:85bad4a]: Setting up sync and frameCommitCallback
04-06 10:51:06.343 30832 30883 I ViewRootImpl@f1184bb[PopupWindow:85bad4a]: Received frameCommittedCallback lastAttemptedDrawFrameNum=2 didProduceBuffer=true
04-06 10:51:06.343 30832 30832 I ViewRootImpl@f1184bb[PopupWindow:85bad4a]: onSyncComplete
04-06 10:51:06.343 30832 30832 I ViewRootImpl@f1184bb[PopupWindow:85bad4a]: setupSync seqId=0 mSyncId=1 fn=2 caller=android.view.ViewRootImpl$$ExternalSyntheticLambda11.accept:6 android.window.SurfaceSyncer.lambda$setupSync$1$android-window-SurfaceSyncer:128 android.window.SurfaceSyncer$$ExternalSyntheticLambda1.accept:8 android.window.SurfaceSyncer$SyncSet.checkIfSyncIsComplete:382 android.window.SurfaceSyncer$SyncSet.markSyncReady:359 android.window.SurfaceSyncer.markSyncReady:151 android.view.ViewRootImpl.performTraversals:4503 
04-06 10:51:06.343 30832 30832 I ViewRootImpl@f1184bb[PopupWindow:85bad4a]: reportDrawFinished seqId=0 mSyncId=-1 fn=2 mSurfaceChangedTransaction=0xb40000701f915900
04-06 10:51:06.345 30832 30832 I ViewRootImpl@bc49ba2[PopupWindow:ff8c36d]: handleResized, msg = 5 frames=ClientWindowFrames{frame=[112,1296][202,1390] display=[-100000,-100000][100000,100000] parentFrame=[0,0][0,0] parentClippedByDisplayCutout=false} forceNextWindowRelayout=false displayId=0 resizeMode=-1 frameChanged=false displayFrameChanged=false configChanged=false displayChanged=false
04-06 10:51:06.345 30832 30832 I ViewRootImpl@bc49ba2[PopupWindow:ff8c36d]: handleResized mSyncSeqId = 0
04-06 10:51:06.345 30832 30832 I ViewRootImpl@bc49ba2[PopupWindow:ff8c36d]: reportNextDraw android.view.ViewRootImpl.handleResized:2450 android.view.ViewRootImpl.-$$Nest$mhandleResized:0 android.view.ViewRootImpl$ViewRootHandler.handleMessageImpl:6728 android.view.ViewRootImpl$ViewRootHandler.handleMessage:6697 android.os.Handler.dispatchMessage:106 
04-06 10:51:06.359 30832 30832 I ViewRootImpl@bc49ba2[PopupWindow:ff8c36d]: Setup new sync id=1
04-06 10:51:06.359 30832 30832 I ViewRootImpl@bc49ba2[PopupWindow:ff8c36d]: Setting syncFrameCallback
04-06 10:51:06.359 30832 30832 I ViewRootImpl@bc49ba2[PopupWindow:ff8c36d]: registerCallbacksForSync syncBuffer=false
04-06 10:51:06.359 30832 30904 I ViewRootImpl@bc49ba2[PopupWindow:ff8c36d]: Received frameDrawingCallback syncResult=0 frameNum=2.
04-06 10:51:06.359 30832 30904 I ViewRootImpl@bc49ba2[PopupWindow:ff8c36d]: Setting up sync and frameCommitCallback
04-06 10:51:06.360 30832 30883 I ViewRootImpl@bc49ba2[PopupWindow:ff8c36d]: Received frameCommittedCallback lastAttemptedDrawFrameNum=2 didProduceBuffer=true
04-06 10:51:06.360 30832 30832 I ViewRootImpl@bc49ba2[PopupWindow:ff8c36d]: onSyncComplete
04-06 10:51:06.360 30832 30832 I ViewRootImpl@bc49ba2[PopupWindow:ff8c36d]: setupSync seqId=0 mSyncId=1 fn=2 caller=android.view.ViewRootImpl$$ExternalSyntheticLambda11.accept:6 android.window.SurfaceSyncer.lambda$setupSync$1$android-window-SurfaceSyncer:128 android.window.SurfaceSyncer$$ExternalSyntheticLambda1.accept:8 android.window.SurfaceSyncer$SyncSet.checkIfSyncIsComplete:382 android.window.SurfaceSyncer$SyncSet.markSyncReady:359 android.window.SurfaceSyncer.markSyncReady:151 android.view.ViewRootImpl.performTraversals:4503 
04-06 10:51:06.361 30832 30832 I ViewRootImpl@bc49ba2[PopupWindow:ff8c36d]: reportDrawFinished seqId=0 mSyncId=-1 fn=2 mSurfaceChangedTransaction=0xb4000070a0e70000
04-06 10:51:06.361 30832 30832 W OnBackInvokedCallback: OnBackInvokedCallback is not enabled for the application.
04-06 10:51:06.361 30832 30832 W OnBackInvokedCallback: Set 'android:enableOnBackInvokedCallback="true"' in the application manifest.
04-06 10:51:06.362 30832 30832 D InsetsController: show(ime(), fromIme=true)
04-06 10:51:06.362 30832 30832 D InsetsController: show(ime(), fromIme=true)
04-06 10:51:06.375 30832 30832 D InsetsController: show(ime(), fromIme=true)
04-06 10:51:06.735 30832 30865 I DetoxWSClient: Sending out action 'invokeResult' (ID #8)
04-06 10:51:06.736 30832 30865 I DetoxDispatcher: Done with action 'invoke'
04-06 10:51:06.739 30832 30869 D DetoxWSClient: Received action 'invoke' (ID #9, params={"target":{"type":"Class","value":"com.wix.detox.espresso.EspressoDetox"},"method":"perform","args":[{"type":"Invocation","value":{"target":{"type":"Class","value":"com.wix.detox.espresso.DetoxMatcher"},"method":"matcherForTestId","args":["input-peso-meta",{"type":"boolean","value":false}]}},{"type":"Invocation","value":{"target":{"type":"Class","value":"androidx.test.espresso.action.ViewActions"},"method":"clearText","args":[]}}]})
04-06 10:51:06.740 30832 30865 I DetoxDispatcher: Handling action 'invoke' (ID #9)...
04-06 10:51:06.740 30832 30865 D Detox   : class com.wix.detox.espresso.DetoxMatcher, matcherForTestId, [input-peso-meta, false]
04-06 10:51:06.740 30832 30865 D Detox   : class androidx.test.espresso.action.ViewActions, clearText, []
04-06 10:51:06.740 30832 30865 D Detox   : class com.wix.detox.espresso.EspressoDetox, perform, [(view.getTag() is "input-peso-meta" and view has effective visibility <VISIBLE>), androidx.test.espresso.action.ReplaceTextAction@4bf21b4]
04-06 10:51:06.743 30832 30832 I ViewInteraction: Performing 'replace text()' action on view (view.getTag() is "input-peso-meta" and view has effective visibility <VISIBLE>)
04-06 10:51:06.749 30832 30865 I DetoxWSClient: Sending out action 'invokeResult' (ID #9)
04-06 10:51:06.749 30832 30865 I DetoxDispatcher: Done with action 'invoke'
04-06 10:51:06.752 30832 30869 D DetoxWSClient: Received action 'invoke' (ID #10, params={"target":{"type":"Class","value":"com.wix.detox.espresso.EspressoDetox"},"method":"perform","args":[{"type":"Invocation","value":{"target":{"type":"Class","value":"com.wix.detox.espresso.DetoxMatcher"},"method":"matcherForTestId","args":["input-peso-meta",{"type":"boolean","value":false}]}},{"type":"Invocation","value":{"target":{"type":"Class","value":"androidx.test.espresso.action.ViewActions"},"method":"replaceText","args":["77"]}}]})
04-06 10:51:06.752 30832 30865 I DetoxDispatcher: Handling action 'invoke' (ID #10)...
04-06 10:51:06.753 30832 30865 D Detox   : class com.wix.detox.espresso.DetoxMatcher, matcherForTestId, [input-peso-meta, false]
04-06 10:51:06.753 30832 30865 D Detox   : class androidx.test.espresso.action.ViewActions, replaceText, [77]
04-06 10:51:06.753 30832 30865 D Detox   : class com.wix.detox.espresso.EspressoDetox, perform, [(view.getTag() is "input-peso-meta" and view has effective visibility <VISIBLE>), androidx.test.espresso.action.ReplaceTextAction@5d0ef95]
04-06 10:51:06.760 30832 30832 D InputMethodManager: startInputInner - Id : 0
04-06 10:51:06.760 30832 30832 I InputMethodManager: startInputInner - mService.startInputOrWindowGainedFocus
04-06 10:51:06.784 30832 30832 D InsetsController: show(ime(), fromIme=true)
04-06 10:51:06.794 30832 30832 D InputMethodManager: startInputInner - Id : 0
04-06 10:51:06.794 30832 30832 I InputMethodManager: startInputInner - mService.startInputOrWindowGainedFocus
04-06 10:51:06.799 30832 30832 I ViewInteraction: Performing 'replace text(77)' action on view (view.getTag() is "input-peso-meta" and view has effective visibility <VISIBLE>)
04-06 10:51:06.803 30832 30865 I DetoxWSClient: Sending out action 'invokeResult' (ID #10)
04-06 10:51:06.803 30832 30865 I DetoxDispatcher: Done with action 'invoke'
04-06 10:51:06.808 30832 30869 D DetoxWSClient: Received action 'invoke' (ID #11, params={"target":{"type":"Class","value":"com.wix.detox.espresso.DetoxAssertion"},"method":"assertMatcher","args":[{"type":"Invocation","value":{"target":{"type":"Class","value":"androidx.test.espresso.Espresso"},"method":"onView","args":[{"type":"Invocation","value":{"target":{"type":"Class","value":"com.wix.detox.espresso.DetoxMatcher"},"method":"matcherForTestId","args":["input-peso-meta",{"type":"boolean","value":false}]}}]}},{"type":"Invocation","value":{"target":{"type":"Class","value":"com.wix.detox.espresso.DetoxMatcher"},"method":"matcherForText","args":["77",{"type":"boolean","value":false}]}}]})
04-06 10:51:06.808 30832 30865 I DetoxDispatcher: Handling action 'invoke' (ID #11)...
04-06 10:51:06.809 30832 30865 D Detox   : class com.wix.detox.espresso.DetoxMatcher, matcherForTestId, [input-peso-meta, false]
04-06 10:51:06.809 30832 30865 D Detox   : class androidx.test.espresso.Espresso, onView, [(view.getTag() is "input-peso-meta" and view has effective visibility <VISIBLE>)]
04-06 10:51:06.809 30832 30832 D InputMethodManager: startInputInner - Id : 0
04-06 10:51:06.810 30832 30865 D Detox   : class com.wix.detox.espresso.DetoxMatcher, matcherForText, [77, false]
04-06 10:51:06.810 30832 30832 I InputMethodManager: startInputInner - mService.startInputOrWindowGainedFocus
04-06 10:51:06.810 30832 30865 D Detox   : class com.wix.detox.espresso.DetoxAssertion, assertMatcher, [androidx.test.espresso.ViewInteraction@48f35fe, (an instance of android.widget.TextView and view.getText() with or without transformation to match: is "77" and view has effective visibility <VISIBLE>)]
04-06 10:51:06.826 30832 30832 D InsetsController: show(ime(), fromIme=true)
04-06 10:51:06.845 30832 30832 D InsetsController: show(ime(), fromIme=true)
04-06 10:51:06.846 30832 30832 I ViewInteraction: Checking 'MatchesViewAssertion(Detox){viewMatcher=(an instance of android.widget.TextView and view.getText() with or without transformation to match: is "77" and view has effective visibility <VISIBLE>)}' assertion on view (view.getTag() is "input-peso-meta" and view has effective visibility <VISIBLE>)
04-06 10:51:06.849 30832 30865 I DetoxWSClient: Sending out action 'invokeResult' (ID #11)
04-06 10:51:06.849 30832 30865 I DetoxDispatcher: Done with action 'invoke'
04-06 10:51:06.853 30832 30869 D DetoxWSClient: Received action 'invoke' (ID #12, params={"target":{"type":"Class","value":"com.wix.detox.espresso.EspressoDetox"},"method":"perform","args":[{"type":"Invocation","value":{"target":{"type":"Class","value":"com.wix.detox.espresso.DetoxMatcher"},"method":"matcherForTestId","args":["input-altura",{"type":"boolean","value":false}]}},{"type":"Invocation","value":{"target":{"type":"Class","value":"com.wix.detox.espresso.DetoxViewActions"},"method":"click","args":[]}}]})
04-06 10:51:06.853 30832 30865 I DetoxDispatcher: Handling action 'invoke' (ID #12)...
04-06 10:51:06.854 30832 30865 D Detox   : class com.wix.detox.espresso.DetoxMatcher, matcherForTestId, [input-altura, false]
04-06 10:51:06.854 30832 30865 D Detox   : class com.wix.detox.espresso.DetoxViewActions, click, []
04-06 10:51:06.854 30832 30865 D Detox   : class com.wix.detox.espresso.EspressoDetox, perform, [(view.getTag() is "input-altura" and view has effective visibility <VISIBLE>), com.wix.detox.espresso.action.RNClickAction@ff31aae]
04-06 10:51:06.858 30832 30832 I ViewInteraction: Performing 'com.wix.detox.espresso.action.detoxsingletap@d37904f click' action on view (view.getTag() is "input-altura" and view has effective visibility <VISIBLE>)
04-06 10:51:06.872 30832 30883 D OpenGLRenderer: setSurface called with nullptr
04-06 10:51:06.872 30832 30883 D OpenGLRenderer: setSurface() destroyed EGLSurface
04-06 10:51:06.872 30832 30883 D OpenGLRenderer: destroyEglSurface
04-06 10:51:06.873 30832 30832 I ViewRootImpl@f1184bb[PopupWindow:85bad4a]: dispatchDetachedFromWindow
04-06 10:51:06.877 30832 30832 D InputTransport: Input channel destroyed: 'ca6668 ', fd=158
04-06 10:51:06.878 30832 30883 D OpenGLRenderer: setSurface called with nullptr
04-06 10:51:06.878 30832 30883 D OpenGLRenderer: setSurface() destroyed EGLSurface
04-06 10:51:06.878 30832 30883 D OpenGLRenderer: destroyEglSurface
04-06 10:51:06.879 30832 30832 I ViewRootImpl@bc49ba2[PopupWindow:ff8c36d]: dispatchDetachedFromWindow
04-06 10:51:06.882 30832 30832 D InputTransport: Input channel destroyed: '3138114', fd=162
04-06 10:51:06.895 30832 30832 I ViewRootImpl@73623ee[MainActivity]: ViewPostIme key 0
04-06 10:51:06.904 30832 30832 I ViewRootImpl@73623ee[MainActivity]: ViewPostIme key 1
04-06 10:51:07.320 30832 30865 I DetoxWSClient: Sending out action 'invokeResult' (ID #12)
04-06 10:51:07.320 30832 30865 I DetoxDispatcher: Done with action 'invoke'
04-06 10:51:07.324 30832 30869 D DetoxWSClient: Received action 'invoke' (ID #13, params={"target":{"type":"Class","value":"com.wix.detox.espresso.EspressoDetox"},"method":"perform","args":[{"type":"Invocation","value":{"target":{"type":"Class","value":"com.wix.detox.espresso.DetoxMatcher"},"method":"matcherForTestId","args":["input-altura",{"type":"boolean","value":false}]}},{"type":"Invocation","value":{"target":{"type":"Class","value":"androidx.test.espresso.action.ViewActions"},"method":"clearText","args":[]}}]})
04-06 10:51:07.325 30832 30865 I DetoxDispatcher: Handling action 'invoke' (ID #13)...
04-06 10:51:07.325 30832 30865 D Detox   : class com.wix.detox.espresso.DetoxMatcher, matcherForTestId, [input-altura, false]
04-06 10:51:07.325 30832 30865 D Detox   : class androidx.test.espresso.action.ViewActions, clearText, []
04-06 10:51:07.325 30832 30865 D Detox   : class com.wix.detox.espresso.EspressoDetox, perform, [(view.getTag() is "input-altura" and view has effective visibility <VISIBLE>), androidx.test.espresso.action.ReplaceTextAction@30dbd3]
04-06 10:51:07.328 30832 30832 I ViewInteraction: Performing 'replace text()' action on view (view.getTag() is "input-altura" and view has effective visibility <VISIBLE>)
04-06 10:51:07.333 30832 30865 I DetoxWSClient: Sending out action 'invokeResult' (ID #13)
04-06 10:51:07.333 30832 30865 I DetoxDispatcher: Done with action 'invoke'
04-06 10:51:07.337 30832 30869 D DetoxWSClient: Received action 'invoke' (ID #14, params={"target":{"type":"Class","value":"com.wix.detox.espresso.EspressoDetox"},"method":"perform","args":[{"type":"Invocation","value":{"target":{"type":"Class","value":"com.wix.detox.espresso.DetoxMatcher"},"method":"matcherForTestId","args":["input-altura",{"type":"boolean","value":false}]}},{"type":"Invocation","value":{"target":{"type":"Class","value":"androidx.test.espresso.action.ViewActions"},"method":"replaceText","args":["178"]}}]})
04-06 10:51:07.337 30832 30865 I DetoxDispatcher: Handling action 'invoke' (ID #14)...
04-06 10:51:07.337 30832 30865 D Detox   : class com.wix.detox.espresso.DetoxMatcher, matcherForTestId, [input-altura, false]
04-06 10:51:07.338 30832 30865 D Detox   : class androidx.test.espresso.action.ViewActions, replaceText, [178]
04-06 10:51:07.338 30832 30865 D Detox   : class com.wix.detox.espresso.EspressoDetox, perform, [(view.getTag() is "input-altura" and view has effective visibility <VISIBLE>), androidx.test.espresso.action.ReplaceTextAction@3cb9541]
04-06 10:51:07.372 30832 30832 I ViewInteraction: Performing 'replace text(178)' action on view (view.getTag() is "input-altura" and view has effective visibility <VISIBLE>)
04-06 10:51:07.377 30832 30865 I DetoxWSClient: Sending out action 'invokeResult' (ID #14)
04-06 10:51:07.377 30832 30865 I DetoxDispatcher: Done with action 'invoke'
04-06 10:51:07.381 30832 30869 D DetoxWSClient: Received action 'invoke' (ID #15, params={"target":{"type":"Class","value":"com.wix.detox.espresso.DetoxAssertion"},"method":"assertMatcher","args":[{"type":"Invocation","value":{"target":{"type":"Class","value":"androidx.test.espresso.Espresso"},"method":"onView","args":[{"type":"Invocation","value":{"target":{"type":"Class","value":"com.wix.detox.espresso.DetoxMatcher"},"method":"matcherForTestId","args":["input-altura",{"type":"boolean","value":false}]}}]}},{"type":"Invocation","value":{"target":{"type":"Class","value":"com.wix.detox.espresso.DetoxMatcher"},"method":"matcherForText","args":["178",{"type":"boolean","value":false}]}}]})
04-06 10:51:07.381 30832 30865 I DetoxDispatcher: Handling action 'invoke' (ID #15)...
04-06 10:51:07.381 30832 30865 D Detox   : class com.wix.detox.espresso.DetoxMatcher, matcherForTestId, [input-altura, false]
04-06 10:51:07.381 30832 30865 D Detox   : class androidx.test.espresso.Espresso, onView, [(view.getTag() is "input-altura" and view has effective visibility <VISIBLE>)]
04-06 10:51:07.382 30832 30865 D Detox   : class com.wix.detox.espresso.DetoxMatcher, matcherForText, [178, false]
04-06 10:51:07.382 30832 30865 D Detox   : class com.wix.detox.espresso.DetoxAssertion, assertMatcher, [androidx.test.espresso.ViewInteraction@a9da40f, (an instance of android.widget.TextView and view.getText() with or without transformation to match: is "178" and view has effective visibility <VISIBLE>)]
04-06 10:51:07.424 30832 30832 I ViewInteraction: Checking 'MatchesViewAssertion(Detox){viewMatcher=(an instance of android.widget.TextView and view.getText() with or without transformation to match: is "178" and view has effective visibility <VISIBLE>)}' assertion on view (view.getTag() is "input-altura" and view has effective visibility <VISIBLE>)
04-06 10:51:07.427 30832 30865 I DetoxWSClient: Sending out action 'invokeResult' (ID #15)
04-06 10:51:07.427 30832 30865 I DetoxDispatcher: Done with action 'invoke'
04-06 10:51:07.431 30832 30869 D DetoxWSClient: Received action 'invoke' (ID #16, params={"target":{"type":"Invocation","value":{"target":{"type":"Class","value":"com.wix.detox.uiautomator.UiAutomator"},"method":"uiDevice","args":[]}},"method":"pressBack","args":[]})
04-06 10:51:07.432 30832 30865 I DetoxDispatcher: Handling action 'invoke' (ID #16)...
04-06 10:51:07.432 30832 30865 D Detox   : class com.wix.detox.uiautomator.UiAutomator, uiDevice, []
04-06 10:51:07.434 30832 30865 I UiDevice: Creating a new instance, old instance exists: false
04-06 10:51:07.445 30832 30865 D UiDevice: Setting accessibility service flags: 65618
04-06 10:51:08.090 30832 30865 D UiDevice: Pressing back button.
04-06 10:51:08.123 30832 30832 I ViewRootImpl@73623ee[MainActivity]: The input has been finished in ImeInputStage.
04-06 10:51:08.134 30832 30832 I ViewRootImpl@73623ee[MainActivity]: The input has been finished in ImeInputStage.
04-06 10:51:08.142 30832 30832 D InsetsController: controlAnimationUnchecked: Added types=8 animType=1 host=com.evolucao.app/com.evolucao.app.MainActivity from=android.view.InsetsController.applyAnimation:1576 android.view.InsetsController.applyAnimation:1557 android.view.InsetsController.hide:1093 
04-06 10:51:08.142 30832 30832 D InsetsSourceConsumer: setRequestedVisible: visible=false, type=19, host=com.evolucao.app/com.evolucao.app.MainActivity, from=android.view.InsetsSourceConsumer.hide:257 android.view.ImeInsetsSourceConsumer.hide:88 android.view.ImeInsetsSourceConsumer.hide:94 android.view.InsetsController.hideDirectly:1593 android.view.InsetsController.controlAnimationUnchecked:1234 android.view.InsetsController.applyAnimation:1576 android.view.InsetsController.applyAnimation:1557 android.view.InsetsController.hide:1093 android.view.ViewRootImpl$ViewRootHandler.handleMessageImpl:6765 android.view.ViewRootImpl$ViewRootHandler.handleMessage:6697 
04-06 10:51:08.154 30832 30846 I ViewRootImpl@73623ee[MainActivity]: Resizing android.view.ViewRootImpl@25a16ab: frame = [0,0][1080,2400] reportDraw = false forceLayout = false syncSeqId = 0
04-06 10:51:08.155 30832 30832 D InsetsController: onStateChanged: InsetsState: {mDisplayFrame=Rect(0, 0 - 1080, 2400), mDisplayCutout=DisplayCutout{insets=Rect(0, 88 - 0, 0) waterfall=Insets{left=0, top=0, right=0, bottom=0} boundingRect={Bounds=[Rect(0, 0 - 0, 0), Rect(512, 0 - 568, 88), Rect(0, 0 - 0, 0), Rect(0, 0 - 0, 0)]} cutoutPathParserInfo={CutoutPathParserInfo{displayWidth=1080 displayHeight=2400 physicalDisplayWidth=1080 physicalDisplayHeight=2400 density={3.0} cutoutSpec={M 0,0 M 0,10.71963616907435 a 9.280363830925644,9.280363830925644 0 1,0 0,18.56072766185129 a 9.280363830925644,9.280363830925644 0 1,0 0,-18.56072766185129 Z @dp} rotation={0} scale={1.0} physicalPixelDisplaySizeRatio={1.0}}}}, mRoundedCorners=RoundedCorners{[RoundedCorner{position=TopLeft, radius=96, center=Point(96, 96)}, RoundedCorner{position=TopRight, radius=96, center=Point(984, 96)}, RoundedCorner{position=BottomRight, radius=96, center=Point(984, 2304)}, RoundedCorner{position=BottomLeft, radius=96, center=Point(96, 2304)}]}  mRoundedCornerFrame=Rect(0, 0 - 1080, 2400), mPrivacyIndicatorBounds=PrivacyIndicatorBounds {static bounds=Rect(948, 0 - 1080, 88) rotation=0}, mSources= { InsetsSource: {mType=ITYPE_STATUS_BAR, mFrame=[0,0][1080,88], mVisible=true, mInsetsRoundedCornerFrame=false}, InsetsSource: {mType=ITYPE_NAVIGATION_BAR, mFrame=[0,2256][1080,2400], mVisible=true, mInsetsRoundedCornerFrame=false}, InsetsSource: {mType=ITYPE_LEFT_GESTURES, mFrame=[0,0][0,2400], mVisible=true, mInsetsRoundedCornerFrame=false}, InsetsSource: {mType=ITYPE_RIGHT_GESTURES, mFrame=[1080,0][1080,2400], mVisible=true, mInsetsRoundedCornerFrame=false}, InsetsSource: {mType=ITYPE_TOP_MANDATORY_GESTURES, mFrame=[0,0][1080,124], mVisible=true, mInsetsRoundedCornerFrame=false}, InsetsSource: {mType=ITYPE_BOTTOM_MANDATORY_GESTURES, mFrame=[0,2256][1080,2400], mVisible=true, mInsetsRoundedCornerFrame=false}, InsetsSource: {mType=ITYPE_LEFT_DISPLAY_CUTOUT, mFrame=[0,0][-100000,2400], mVisible=true, mInsetsRoundedCornerFrame=false}, InsetsSource: {mType=ITYPE_TOP_DISPLAY_CUTOUT, mFrame=[0,0][1080,88], mVisible=true, mInsetsRoundedCornerFrame=false}, InsetsSource: {mType=ITYPE_RIGHT_DISPLAY_CUTOUT, mFrame=[100000,0][1080,2400], mVisible=true, mInsetsRoundedCornerFrame=false}, InsetsSource: {mType=ITYPE_BOTTOM_DISPLAY_CUTOUT, mFrame=[0,100000][1080,2400], mVisible=true, mInsetsRoundedCornerFrame=false}, InsetsSource: {mType=ITYPE_TOP_TAPPABLE_ELEMENT, mFrame=[0,0][1080,88], mVisible=true, mInsetsRoundedCornerFrame=false}, InsetsSource: {mType=ITYPE_BOTTOM_TAPPABLE_ELEMENT, mFrame=[0,2256][1080,2400], mVisible=true, mInsetsRoundedCornerFrame=false}, InsetsSource: {mType=ITYPE_IME, mFrame=[0,1374][1080,2400], mVisibleFrame=[0,1374][1080,2400], mVisible=false, mInsetsRoundedCornerFrame=false} } host=com.evolucao.app/com.evolucao.app.MainActivity from=android.view.ViewRootImpl$ViewRootHandler.handleMessageImpl:6740
04-06 10:51:08.156 30832 30865 I DetoxWSClient: Sending out action 'invokeResult' (ID #16)
04-06 10:51:08.157 30832 30865 I DetoxDispatcher: Done with action 'invoke'
04-06 10:51:08.157 30832 30832 I ViewRootImpl@73623ee[MainActivity]: handleResized, msg = 4 frames=ClientWindowFrames{frame=[0,0][1080,2400] display=[0,0][1080,2400] parentFrame=[0,0][0,0] parentClippedByDisplayCutout=false} forceNextWindowRelayout=false displayId=0 resizeMode=-1 frameChanged=false displayFrameChanged=false configChanged=false displayChanged=false
