04-06 10:41:50.932 25902 25965 D DetoxWSClient: Received action 'invoke' (ID #17, params={"target":{"type":"Class","value":"com.wix.detox.espresso.DetoxAssertion"},"method":"waitForAssertMatcher","args":[{"type":"Invocation","value":{"target":{"type":"Class","value":"androidx.test.espresso.Espresso"},"method":"onView","args":[{"type":"Invocation","value":{"target":{"type":"Class","value":"com.wix.detox.espresso.DetoxMatcher"},"method":"matcherForTestId","args":["btn-continuar",{"type":"boolean","value":false}]}}]}},{"type":"Invocation","value":{"target":{"type":"Class","value":"com.wix.detox.espresso.DetoxMatcher"},"method":"matcherForSufficientlyVisible","args":[{"type":"Integer","value":75}]}},{"type":"Double","value":3}]})
04-06 10:41:50.932 25902 25961 I DetoxDispatcher: Handling action 'invoke' (ID #17)...
04-06 10:41:50.933 25902 25961 D Detox   : class com.wix.detox.espresso.DetoxMatcher, matcherForTestId, [btn-continuar, false]
04-06 10:41:50.934 25902 25961 D Detox   : class androidx.test.espresso.Espresso, onView, [(view.getTag() is "btn-continuar" and view has effective visibility <VISIBLE>)]
04-06 10:41:50.935 25902 25961 D Detox   : class com.wix.detox.espresso.DetoxMatcher, matcherForSufficientlyVisible, [75]
04-06 10:41:50.936 25902 25961 D Detox   : class com.wix.detox.espresso.DetoxAssertion, waitForAssertMatcher, [androidx.test.espresso.ViewInteraction@3c03c1b, (view has effective visibility <VISIBLE> and view.getGlobalVisibleRect() covers at least <75> percent of the view's area), 3.0]
04-06 10:41:50.940 25902 25902 I ViewInteraction: Checking 'MatchesViewAssertion(Detox){viewMatcher=(view has effective visibility <VISIBLE> and view.getGlobalVisibleRect() covers at least <75> percent of the view's area)}' assertion on view (view.getTag() is "btn-continuar" and view has effective visibility <VISIBLE>)
04-06 10:41:50.943 25902 25961 I DetoxWSClient: Sending out action 'invokeResult' (ID #17)
04-06 10:41:50.944 25902 25961 I DetoxDispatcher: Done with action 'invoke'
04-06 10:41:50.949 25902 25965 D DetoxWSClient: Received action 'invoke' (ID #18, params={"target":{"type":"Class","value":"com.wix.detox.espresso.EspressoDetox"},"method":"perform","args":[{"type":"Invocation","value":{"target":{"type":"Class","value":"com.wix.detox.espresso.DetoxMatcher"},"method":"matcherForAtIndex","args":[{"type":"Integer","value":0},{"type":"Invocation","value":{"target":{"type":"Class","value":"com.wix.detox.espresso.DetoxMatcher"},"method":"matcherForClass","args":["com.facebook.react.views.scroll.ReactScrollView"]}}]}},{"type":"Invocation","value":{"target":{"type":"Class","value":"com.wix.detox.espresso.DetoxAction"},"method":"swipeInDirection","args":[{"type":"Integer","value":3},{"type":"boolean","value":true},{"type":"Double","value":0.25},{"type":"Double","value":null},{"type":"Double","value":null}]}}]})
04-06 10:41:50.949 25902 25961 I DetoxDispatcher: Handling action 'invoke' (ID #18)...
04-06 10:41:50.950 25902 25961 D Detox   : class com.wix.detox.espresso.DetoxMatcher, matcherForClass, [com.facebook.react.views.scroll.ReactScrollView]
04-06 10:41:50.950 25902 25961 D Detox   : class com.wix.detox.espresso.DetoxMatcher, matcherForAtIndex, [0, (is assignable from class: class com.facebook.react.views.scroll.ReactScrollView and view has effective visibility <VISIBLE>)]
04-06 10:41:50.952 25902 25961 D Detox   : class com.wix.detox.espresso.DetoxAction, swipeInDirection, [3, true, 0.25, NaN, NaN]
04-06 10:41:50.954 25902 25961 D Detox   : class com.wix.detox.espresso.EspressoDetox, perform, [View at index #0, of those matching MATCHER(is assignable from class: class com.facebook.react.views.scroll.ReactScrollView and view has effective visibility <VISIBLE>), androidx.test.espresso.action.GeneralSwipeAction@30c01b8]
04-06 10:41:50.958 25902 25902 I ViewInteraction: Performing 'fast swipe' action on view View at index #0, of those matching MATCHER(is assignable from class: class com.facebook.react.views.scroll.ReactScrollView and view has effective visibility <VISIBLE>)
04-06 10:41:51.133 25902 25902 D InsetsController: cancelAnimation of types: 8, animType: 1, host: com.evolucao.app/com.evolucao.app.MainActivity, from:android.view.InsetsController.notifyFinished:1375 android.view.InsetsAnimationThreadControlRunner$1.lambda$notifyFinished$0$android-view-InsetsAnimationThreadControlRunner$1:84 android.view.InsetsAnimationThreadControlRunner$1$$ExternalSyntheticLambda1.run:4 
04-06 10:41:51.134 25902 25902 I IMM_LC  : notifyImeHidden: mService.hideSoftInput
04-06 10:41:51.161 25902 25917 I ViewRootImpl@73623ee[MainActivity]: Resizing android.view.ViewRootImpl@25a16ab: frame = [0,0][1080,2400] reportDraw = false forceLayout = false syncSeqId = 0
04-06 10:41:51.168 25902 25902 D InsetsController: onStateChanged: InsetsState: {mDisplayFrame=Rect(0, 0 - 1080, 2400), mDisplayCutout=DisplayCutout{insets=Rect(0, 88 - 0, 0) waterfall=Insets{left=0, top=0, right=0, bottom=0} boundingRect={Bounds=[Rect(0, 0 - 0, 0), Rect(512, 0 - 568, 88), Rect(0, 0 - 0, 0), Rect(0, 0 - 0, 0)]} cutoutPathParserInfo={CutoutPathParserInfo{displayWidth=1080 displayHeight=2400 physicalDisplayWidth=1080 physicalDisplayHeight=2400 density={3.0} cutoutSpec={M 0,0 M 0,10.71963616907435 a 9.280363830925644,9.280363830925644 0 1,0 0,18.56072766185129 a 9.280363830925644,9.280363830925644 0 1,0 0,-18.56072766185129 Z @dp} rotation={0} scale={1.0} physicalPixelDisplaySizeRatio={1.0}}}}, mRoundedCorners=RoundedCorners{[RoundedCorner{position=TopLeft, radius=96, center=Point(96, 96)}, RoundedCorner{position=TopRight, radius=96, center=Point(984, 96)}, RoundedCorner{position=BottomRight, radius=96, center=Point(984, 2304)}, RoundedCorner{position=BottomLeft, radius=96, center=Point(96, 2304)}]}  mRoundedCornerFrame=Rect(0, 0 - 1080, 2400), mPrivacyIndicatorBounds=PrivacyIndicatorBounds {static bounds=Rect(948, 0 - 1080, 88) rotation=0}, mSources= { InsetsSource: {mType=ITYPE_STATUS_BAR, mFrame=[0,0][1080,88], mVisible=true, mInsetsRoundedCornerFrame=false}, InsetsSource: {mType=ITYPE_NAVIGATION_BAR, mFrame=[0,2256][1080,2400], mVisible=true, mInsetsRoundedCornerFrame=false}, InsetsSource: {mType=ITYPE_LEFT_GESTURES, mFrame=[0,0][0,2400], mVisible=true, mInsetsRoundedCornerFrame=false}, InsetsSource: {mType=ITYPE_RIGHT_GESTURES, mFrame=[1080,0][1080,2400], mVisible=true, mInsetsRoundedCornerFrame=false}, InsetsSource: {mType=ITYPE_TOP_MANDATORY_GESTURES, mFrame=[0,0][1080,124], mVisible=true, mInsetsRoundedCornerFrame=false}, InsetsSource: {mType=ITYPE_BOTTOM_MANDATORY_GESTURES, mFrame=[0,2256][1080,2400], mVisible=true, mInsetsRoundedCornerFrame=false}, InsetsSource: {mType=ITYPE_LEFT_DISPLAY_CUTOUT, mFrame=[0,0][-100000,2400], mVisible=true, mInsetsRoundedCornerFrame=false}, InsetsSource: {mType=ITYPE_TOP_DISPLAY_CUTOUT, mFrame=[0,0][1080,88], mVisible=true, mInsetsRoundedCornerFrame=false}, InsetsSource: {mType=ITYPE_RIGHT_DISPLAY_CUTOUT, mFrame=[100000,0][1080,2400], mVisible=true, mInsetsRoundedCornerFrame=false}, InsetsSource: {mType=ITYPE_BOTTOM_DISPLAY_CUTOUT, mFrame=[0,100000][1080,2400], mVisible=true, mInsetsRoundedCornerFrame=false}, InsetsSource: {mType=ITYPE_TOP_TAPPABLE_ELEMENT, mFrame=[0,0][1080,88], mVisible=true, mInsetsRoundedCornerFrame=false}, InsetsSource: {mType=ITYPE_BOTTOM_TAPPABLE_ELEMENT, mFrame=[0,2256][1080,2400], mVisible=true, mInsetsRoundedCornerFrame=false}, InsetsSource: {mType=ITYPE_IME, mFrame=[0,0][0,0], mVisibleFrame=[0,1374][1080,2400], mVisible=false, mInsetsRoundedCornerFrame=false} } host=com.evolucao.app/com.evolucao.app.MainActivity from=android.view.ViewRootImpl$ViewRootHandler.handleMessageImpl:6727
04-06 10:41:51.169 25902 25902 I ViewRootImpl@73623ee[MainActivity]: handleResized, msg = 4 frames=ClientWindowFrames{frame=[0,0][1080,2400] display=[0,0][1080,2400] parentFrame=[0,0][0,0] parentClippedByDisplayCutout=false} forceNextWindowRelayout=false displayId=0 resizeMode=-1 frameChanged=false displayFrameChanged=false configChanged=false displayChanged=false
04-06 10:41:51.208 25902 25961 I DetoxWSClient: Sending out action 'invokeResult' (ID #18)
04-06 10:41:51.208 25902 25961 I DetoxDispatcher: Done with action 'invoke'
04-06 10:41:51.213 25902 25965 D DetoxWSClient: Received action 'invoke' (ID #19, params={"target":{"type":"Class","value":"com.wix.detox.espresso.EspressoDetox"},"method":"perform","args":[{"type":"Invocation","value":{"target":{"type":"Class","value":"com.wix.detox.espresso.DetoxMatcher"},"method":"matcherForTestId","args":["btn-continuar",{"type":"boolean","value":false}]}},{"type":"Invocation","value":{"target":{"type":"Class","value":"com.wix.detox.espresso.DetoxAction"},"method":"tapAtLocation","args":[{"type":"Integer","value":30},{"type":"Integer","value":18}]}}]})
04-06 10:41:51.213 25902 25961 I DetoxDispatcher: Handling action 'invoke' (ID #19)...
04-06 10:41:51.214 25902 25961 D Detox   : class com.wix.detox.espresso.DetoxMatcher, matcherForTestId, [btn-continuar, false]
04-06 10:41:51.214 25902 25961 D Detox   : class com.wix.detox.espresso.DetoxAction, tapAtLocation, [30, 18]
04-06 10:41:51.215 25902 25961 D Detox   : class com.wix.detox.espresso.EspressoDetox, perform, [(view.getTag() is "btn-continuar" and view has effective visibility <VISIBLE>), com.wix.detox.espresso.action.RNClickAction@f2fb91]
04-06 10:41:51.220 25902 25902 I ViewInteraction: Performing 'com.wix.detox.espresso.action.detoxsingletap@3417af6 click' action on view (view.getTag() is "btn-continuar" and view has effective visibility <VISIBLE>)
04-06 10:41:51.224 25902 25902 I ViewRootImpl@73623ee[MainActivity]: ViewPostIme pointer 0
04-06 10:41:51.253 25902 25902 I ViewRootImpl@73623ee[MainActivity]: ViewPostIme pointer 1
04-06 10:41:51.334 25902 26010 I ReactNativeJS: 'match:', 'local'
04-06 10:41:51.335 25902 26010 I ReactNativeJS: 'source:', 'local', '| confidence:', 0.9
04-06 10:41:51.335 25902 26010 I ReactNativeJS: 'exercise:', 'Supino Reto Barra'
04-06 10:41:51.344 25902 25912 D InputTransport: Input channel destroyed: 'ClientS', fd=150
04-06 10:41:51.344 25902 25912 D InputTransport: Input channel destroyed: 'ClientS', fd=191
04-06 10:41:51.345 25902 25912 D InputTransport: Input channel destroyed: 'ClientS', fd=183
04-06 10:41:51.345 25902 25979 D OpenGLRenderer: setSurface called with nullptr
04-06 10:41:51.345 25902 25979 D OpenGLRenderer: setSurface called with nullptr
04-06 10:41:51.345 25902 25912 D InputTransport: Input channel destroyed: 'ClientS', fd=106
04-06 10:41:51.345 25902 25912 D InputTransport: Input channel destroyed: 'ClientS', fd=162
04-06 10:41:51.345 25902 25912 D InputTransport: Input channel destroyed: 'ClientS', fd=163
04-06 10:41:51.346 25902 25912 D InputTransport: Input channel destroyed: 'ClientS', fd=164
04-06 10:41:51.346 25902 25979 D OpenGLRenderer: setSurface called with nullptr
04-06 10:41:51.346 25902 25979 D OpenGLRenderer: setSurface called with nullptr
04-06 10:41:51.346 25902 25912 D InputTransport: Input channel destroyed: 'ClientS', fd=159
04-06 10:41:51.432 25902 25910 I om.evolucao.app: Compiler allocated 4177KB to compile void android.widget.TextView.<init>(android.content.Context, android.util.AttributeSet, int, int)
04-06 10:41:51.485 25902 25902 D ScrollView: initGoToTop
04-06 10:41:51.553 25902 25902 W [RNScreens]: backTitleFontFamily prop is not available on Android
04-06 10:41:51.553 25902 25902 W [RNScreens]: disableBackButtonMenu prop is not available on Android
04-06 10:41:51.553 25902 25902 W [RNScreens]: backTitleVisible prop is not available on Android
04-06 10:41:51.553 25902 25902 W [RNScreens]: topInsetEnabled prop is not available on Android
04-06 10:41:51.553 25902 25902 W [RNScreens]: largeTitleHideShadow prop is not available on Android
04-06 10:41:51.553 25902 25902 W [RNScreens]: largeTitleFontWeight prop is not available on Android
04-06 10:41:51.553 25902 25902 W [RNScreens]: userInterfaceStyle prop is not available on Android
04-06 10:41:51.553 25902 25902 W [RNScreens]: largeTitleFontFamily prop is not available on Android
04-06 10:41:51.558 25902 26016 D TrafficStats: tagSocket(106) with statsTag=0xffffffff, statsUid=-1
04-06 10:41:51.610 25902 25902 D InputMethodManager: startInputInner - Id : 0
04-06 10:41:51.610 25902 25902 I InputMethodManager: startInputInner - mService.startInputOrWindowGainedFocus
04-06 10:41:51.623 25902 25915 W AutofillManager: getView(1073741824): could not find view
04-06 10:41:51.623 25902 25915 W AutofillManager: getViewNodeParcelable(1073741824): could not find view
04-06 10:41:51.623 25902 25915 W AutofillManager: getView(1073741824): could not find view
04-06 10:41:51.623 25902 25915 W AutofillManager: getViewNodeParcelable(1073741824): could not find view
04-06 10:41:51.627 25902 25915 W AutofillManager: getView(1073741824): could not find view
04-06 10:41:51.627 25902 25915 W AutofillManager: getViewNodeParcelable(1073741824): could not find view
04-06 10:41:52.109 25902 25902 I IMM_LC  : closeCurrentInput: mService.hideSoftInput
04-06 10:41:52.497 25902 25961 I DetoxWSClient: Sending out action 'invokeResult' (ID #19)
04-06 10:41:52.497 25902 25961 I DetoxDispatcher: Done with action 'invoke'
04-06 10:41:52.501 25902 25965 D DetoxWSClient: Received action 'invoke' (ID #20, params={"target":{"type":"Class","value":"com.wix.detox.espresso.DetoxAssertion"},"method":"waitForAssertMatcher","args":[{"type":"Invocation","value":{"target":{"type":"Class","value":"androidx.test.espresso.Espresso"},"method":"onView","args":[{"type":"Invocation","value":{"target":{"type":"Class","value":"com.wix.detox.espresso.DetoxMatcher"},"method":"matcherForTestId","args":["tab-treino",{"type":"boolean","value":false}]}}]}},{"type":"Invocation","value":{"target":{"type":"Class","value":"com.wix.detox.espresso.DetoxMatcher"},"method":"matcherForSufficientlyVisible","args":[{"type":"Integer","value":75}]}},{"type":"Double","value":3}]})
04-06 10:41:52.501 25902 25961 I DetoxDispatcher: Handling action 'invoke' (ID #20)...
04-06 10:41:52.501 25902 25961 D Detox   : class com.wix.detox.espresso.DetoxMatcher, matcherForTestId, [tab-treino, false]
04-06 10:41:52.502 25902 25961 D Detox   : class androidx.test.espresso.Espresso, onView, [(view.getTag() is "tab-treino" and view has effective visibility <VISIBLE>)]
04-06 10:41:52.503 25902 25961 D Detox   : class com.wix.detox.espresso.DetoxMatcher, matcherForSufficientlyVisible, [75]
04-06 10:41:52.504 25902 25961 D Detox   : class com.wix.detox.espresso.DetoxAssertion, waitForAssertMatcher, [androidx.test.espresso.ViewInteraction@351a825, (view has effective visibility <VISIBLE> and view.getGlobalVisibleRect() covers at least <75> percent of the view's area), 3.0]
04-06 10:41:52.508 25902 25902 I ViewInteraction: Checking 'MatchesViewAssertion(Detox){viewMatcher=(view has effective visibility <VISIBLE> and view.getGlobalVisibleRect() covers at least <75> percent of the view's area)}' assertion on view (view.getTag() is "tab-treino" and view has effective visibility <VISIBLE>)
04-06 10:41:52.512 25902 25961 I DetoxWSClient: Sending out action 'invokeResult' (ID #20)
04-06 10:41:52.513 25902 25961 I DetoxDispatcher: Done with action 'invoke'
04-06 10:41:52.520 25902 25965 D DetoxWSClient: Received action 'invoke' (ID #21, params={"target":{"type":"Class","value":"com.wix.detox.espresso.DetoxAssertion"},"method":"waitForAssertMatcher","args":[{"type":"Invocation","value":{"target":{"type":"Class","value":"androidx.test.espresso.Espresso"},"method":"onView","args":[{"type":"Invocation","value":{"target":{"type":"Class","value":"com.wix.detox.espresso.DetoxMatcher"},"method":"matcherForTestId","args":["home-ready",{"type":"boolean","value":false}]}}]}},{"type":"Invocation","value":{"target":{"type":"Class","value":"com.wix.detox.espresso.DetoxMatcher"},"method":"matcherForSufficientlyVisible","args":[{"type":"Integer","value":75}]}},{"type":"Double","value":3}]})
04-06 10:41:52.521 25902 25961 I DetoxDispatcher: Handling action 'invoke' (ID #21)...
04-06 10:41:52.522 25902 25961 D Detox   : class com.wix.detox.espresso.DetoxMatcher, matcherForTestId, [home-ready, false]
04-06 10:41:52.522 25902 25961 D Detox   : class androidx.test.espresso.Espresso, onView, [(view.getTag() is "home-ready" and view has effective visibility <VISIBLE>)]
04-06 10:41:52.524 25902 25961 D Detox   : class com.wix.detox.espresso.DetoxMatcher, matcherForSufficientlyVisible, [75]
04-06 10:41:52.525 25902 25961 D Detox   : class com.wix.detox.espresso.DetoxAssertion, waitForAssertMatcher, [androidx.test.espresso.ViewInteraction@ea4fab, (view has effective visibility <VISIBLE> and view.getGlobalVisibleRect() covers at least <75> percent of the view's area), 3.0]
04-06 10:41:52.531 25902 25902 I ViewInteraction: Checking 'MatchesViewAssertion(Detox){viewMatcher=(view has effective visibility <VISIBLE> and view.getGlobalVisibleRect() covers at least <75> percent of the view's area)}' assertion on view (view.getTag() is "home-ready" and view has effective visibility <VISIBLE>)
04-06 10:41:52.537 25902 25961 I DetoxWSClient: Sending out action 'invokeResult' (ID #21)
04-06 10:41:52.537 25902 25961 I DetoxDispatcher: Done with action 'invoke'
04-06 10:41:52.542 25902 25965 D DetoxWSClient: Received action 'invoke' (ID #22, params={"target":{"type":"Class","value":"com.wix.detox.espresso.DetoxAssertion"},"method":"waitForAssertMatcher","args":[{"type":"Invocation","value":{"target":{"type":"Class","value":"androidx.test.espresso.Espresso"},"method":"onView","args":[{"type":"Invocation","value":{"target":{"type":"Class","value":"com.wix.detox.espresso.DetoxMatcher"},"method":"matcherForTestId","args":["tab-treino",{"type":"boolean","value":false}]}}]}},{"type":"Invocation","value":{"target":{"type":"Class","value":"com.wix.detox.espresso.DetoxMatcher"},"method":"matcherForSufficientlyVisible","args":[{"type":"Integer","value":75}]}},{"type":"Double","value":3}]})
04-06 10:41:52.543 25902 25961 I DetoxDispatcher: Handling action 'invoke' (ID #22)...
04-06 10:41:52.544 25902 25961 D Detox   : class com.wix.detox.espresso.DetoxMatcher, matcherForTestId, [tab-treino, false]
04-06 10:41:52.545 25902 25961 D Detox   : class androidx.test.espresso.Espresso, onView, [(view.getTag() is "tab-treino" and view has effective visibility <VISIBLE>)]
04-06 10:41:52.546 25902 25961 D Detox   : class com.wix.detox.espresso.DetoxMatcher, matcherForSufficientlyVisible, [75]
04-06 10:41:52.547 25902 25961 D Detox   : class com.wix.detox.espresso.DetoxAssertion, waitForAssertMatcher, [androidx.test.espresso.ViewInteraction@819a1a1, (view has effective visibility <VISIBLE> and view.getGlobalVisibleRect() covers at least <75> percent of the view's area), 3.0]
04-06 10:41:52.556 25902 25902 I ViewInteraction: Checking 'MatchesViewAssertion(Detox){viewMatcher=(view has effective visibility <VISIBLE> and view.getGlobalVisibleRect() covers at least <75> percent of the view's area)}' assertion on view (view.getTag() is "tab-treino" and view has effective visibility <VISIBLE>)
04-06 10:41:52.561 25902 25961 I DetoxWSClient: Sending out action 'invokeResult' (ID #22)
04-06 10:41:52.562 25902 25961 I DetoxDispatcher: Done with action 'invoke'
04-06 10:41:52.567 25902 25965 D DetoxWSClient: Received action 'invoke' (ID #23, params={"target":{"type":"Class","value":"com.wix.detox.espresso.EspressoDetox"},"method":"perform","args":[{"type":"Invocation","value":{"target":{"type":"Class","value":"com.wix.detox.espresso.DetoxMatcher"},"method":"matcherForTestId","args":["tab-treino",{"type":"boolean","value":false}]}},{"type":"Invocation","value":{"target":{"type":"Class","value":"com.wix.detox.espresso.DetoxViewActions"},"method":"click","args":[]}}]})
04-06 10:41:52.568 25902 25961 I DetoxDispatcher: Handling action 'invoke' (ID #23)...
04-06 10:41:52.568 25902 25961 D Detox   : class com.wix.detox.espresso.DetoxMatcher, matcherForTestId, [tab-treino, false]
04-06 10:41:52.569 25902 25961 D Detox   : class com.wix.detox.espresso.DetoxViewActions, click, []
04-06 10:41:52.570 25902 25961 D Detox   : class com.wix.detox.espresso.EspressoDetox, perform, [(view.getTag() is "tab-treino" and view has effective visibility <VISIBLE>), com.wix.detox.espresso.action.RNClickAction@5af0fc6]
04-06 10:41:52.578 25902 25902 I ViewInteraction: Performing 'com.wix.detox.espresso.action.detoxsingletap@b7c3b87 click' action on view (view.getTag() is "tab-treino" and view has effective visibility <VISIBLE>)
04-06 10:41:52.585 25902 25902 I ViewRootImpl@73623ee[MainActivity]: ViewPostIme pointer 0
04-06 10:41:52.615 25902 25902 I ViewRootImpl@73623ee[MainActivity]: ViewPostIme pointer 1
04-06 10:41:52.672 25902 26010 I ReactNativeJS: 'match:', 'local-cache'
04-06 10:41:52.672 25902 26010 I ReactNativeJS: 'recommendation:', 'push', '| confidence:', 'alta'
04-06 10:41:52.747 25902 25902 D ScrollView: initGoToTop
04-06 10:41:53.278 25902 25961 I DetoxWSClient: Sending out action 'invokeResult' (ID #23)
04-06 10:41:53.278 25902 25961 I DetoxDispatcher: Done with action 'invoke'
04-06 10:41:53.283 25902 25965 D DetoxWSClient: Received action 'invoke' (ID #24, params={"target":{"type":"Class","value":"com.wix.detox.espresso.DetoxAssertion"},"method":"waitForAssertMatcher","args":[{"type":"Invocation","value":{"target":{"type":"Class","value":"androidx.test.espresso.Espresso"},"method":"onView","args":[{"type":"Invocation","value":{"target":{"type":"Class","value":"com.wix.detox.espresso.DetoxMatcher"},"method":"matcherForTestId","args":["btn-iniciar-treino",{"type":"boolean","value":false}]}}]}},{"type":"Invocation","value":{"target":{"type":"Class","value":"com.wix.detox.espresso.DetoxMatcher"},"method":"matcherForSufficientlyVisible","args":[{"type":"Integer","value":75}]}},{"type":"Double","value":3}]})
04-06 10:41:53.284 25902 25961 I DetoxDispatcher: Handling action 'invoke' (ID #24)...
04-06 10:41:53.285 25902 25961 D Detox   : class com.wix.detox.espresso.DetoxMatcher, matcherForTestId, [btn-iniciar-treino, false]
04-06 10:41:53.285 25902 25961 D Detox   : class androidx.test.espresso.Espresso, onView, [(view.getTag() is "btn-iniciar-treino" and view has effective visibility <VISIBLE>)]
04-06 10:41:53.287 25902 25961 D Detox   : class com.wix.detox.espresso.DetoxMatcher, matcherForSufficientlyVisible, [75]
04-06 10:41:53.287 25902 25961 D Detox   : class com.wix.detox.espresso.DetoxAssertion, waitForAssertMatcher, [androidx.test.espresso.ViewInteraction@d9264f5, (view has effective visibility <VISIBLE> and view.getGlobalVisibleRect() covers at least <75> percent of the view's area), 3.0]
04-06 10:41:53.293 25902 25902 I ViewInteraction: Checking 'MatchesViewAssertion(Detox){viewMatcher=(view has effective visibility <VISIBLE> and view.getGlobalVisibleRect() covers at least <75> percent of the view's area)}' assertion on view (view.getTag() is "btn-iniciar-treino" and view has effective visibility <VISIBLE>)
04-06 10:41:53.297 25902 25961 I DetoxWSClient: Sending out action 'invokeResult' (ID #24)
04-06 10:41:53.297 25902 25961 I DetoxDispatcher: Done with action 'invoke'
04-06 10:41:53.301 25902 25965 D DetoxWSClient: Received action 'invoke' (ID #25, params={"target":{"type":"Class","value":"com.wix.detox.espresso.EspressoDetox"},"method":"perform","args":[{"type":"Invocation","value":{"target":{"type":"Class","value":"com.wix.detox.espresso.DetoxMatcher"},"method":"matcherForTestId","args":["btn-iniciar-treino",{"type":"boolean","value":false}]}},{"type":"Invocation","value":{"target":{"type":"Class","value":"com.wix.detox.espresso.DetoxViewActions"},"method":"click","args":[]}}]})
04-06 10:41:53.302 25902 25961 I DetoxDispatcher: Handling action 'invoke' (ID #25)...
04-06 10:41:53.302 25902 25961 D Detox   : class com.wix.detox.espresso.DetoxMatcher, matcherForTestId, [btn-iniciar-treino, false]
04-06 10:41:53.303 25902 25961 D Detox   : class com.wix.detox.espresso.DetoxViewActions, click, []
04-06 10:41:53.304 25902 25961 D Detox   : class com.wix.detox.espresso.EspressoDetox, perform, [(view.getTag() is "btn-iniciar-treino" and view has effective visibility <VISIBLE>), com.wix.detox.espresso.action.RNClickAction@2ace0fb]
04-06 10:41:53.309 25902 25902 I ViewInteraction: Performing 'com.wix.detox.espresso.action.detoxsingletap@d4a7518 click' action on view (view.getTag() is "btn-iniciar-treino" and view has effective visibility <VISIBLE>)
04-06 10:41:53.315 25902 25902 I ViewRootImpl@73623ee[MainActivity]: ViewPostIme pointer 0
04-06 10:41:53.344 25902 25902 I ViewRootImpl@73623ee[MainActivity]: ViewPostIme pointer 1
04-06 10:41:53.453 25902 25902 W [RNScreens]: backTitleFontFamily prop is not available on Android
04-06 10:41:53.453 25902 25902 W [RNScreens]: disableBackButtonMenu prop is not available on Android
04-06 10:41:53.453 25902 25902 W [RNScreens]: backTitleVisible prop is not available on Android
04-06 10:41:53.453 25902 25902 W [RNScreens]: topInsetEnabled prop is not available on Android
04-06 10:41:53.453 25902 25902 W [RNScreens]: largeTitleHideShadow prop is not available on Android
04-06 10:41:53.453 25902 25902 W [RNScreens]: largeTitleFontWeight prop is not available on Android
04-06 10:41:53.453 25902 25902 W [RNScreens]: userInterfaceStyle prop is not available on Android
04-06 10:41:53.453 25902 25902 W [RNScreens]: largeTitleFontFamily prop is not available on Android
04-06 10:41:53.469 25902 26010 I ReactNativeJS: 'match:', 'local-cache'
04-06 10:41:53.470 25902 26010 I ReactNativeJS: 'recommendation:', 'push', '| confidence:', 'alta'
04-06 10:41:53.502 25902 26010 I ReactNativeJS: 'match:', 'local-cache'
04-06 10:41:53.502 25902 26010 I ReactNativeJS: 'recommendation:', 'push', '| confidence:', 'alta'
04-06 10:41:53.616 25902 25912 D InputTransport: Input channel destroyed: 'ClientS', fd=158
04-06 10:41:54.563 25902 25902 W om.evolucao.app: Accessing hidden field Landroid/widget/HorizontalScrollView;->mScroller:Landroid/widget/OverScroller; (unsupported, reflection, allowed)
04-06 10:41:54.584 25902 25902 D ScrollView: initGoToTop
04-06 10:41:55.726 25902 25961 I DetoxWSClient: Sending out action 'invokeResult' (ID #25)
04-06 10:41:55.726 25902 25961 I DetoxDispatcher: Done with action 'invoke'
04-06 10:41:55.732 25902 25965 D DetoxWSClient: Received action 'invoke' (ID #26, params={"target":{"type":"Class","value":"com.wix.detox.espresso.DetoxAssertion"},"method":"waitForAssertMatcher","args":[{"type":"Invocation","value":{"target":{"type":"Class","value":"androidx.test.espresso.Espresso"},"method":"onView","args":[{"type":"Invocation","value":{"target":{"type":"Class","value":"com.wix.detox.espresso.DetoxMatcher"},"method":"matcherForTestId","args":["input-peso",{"type":"boolean","value":false}]}}]}},{"type":"Invocation","value":{"target":{"type":"Class","value":"com.wix.detox.espresso.DetoxMatcher"},"method":"matcherForSufficientlyVisible","args":[{"type":"Integer","value":75}]}},{"type":"Double","value":3}]})
04-06 10:41:55.732 25902 25961 I DetoxDispatcher: Handling action 'invoke' (ID #26)...
04-06 10:41:55.733 25902 25961 D Detox   : class com.wix.detox.espresso.DetoxMatcher, matcherForTestId, [input-peso, false]
04-06 10:41:55.733 25902 25961 D Detox   : class androidx.test.espresso.Espresso, onView, [(view.getTag() is "input-peso" and view has effective visibility <VISIBLE>)]
04-06 10:41:55.735 25902 25961 D Detox   : class com.wix.detox.espresso.DetoxMatcher, matcherForSufficientlyVisible, [75]
04-06 10:41:55.735 25902 25961 D Detox   : class com.wix.detox.espresso.DetoxAssertion, waitForAssertMatcher, [androidx.test.espresso.ViewInteraction@42284ec, (view has effective visibility <VISIBLE> and view.getGlobalVisibleRect() covers at least <75> percent of the view's area), 3.0]
04-06 10:41:55.743 25902 25902 I ViewInteraction: Checking 'MatchesViewAssertion(Detox){viewMatcher=(view has effective visibility <VISIBLE> and view.getGlobalVisibleRect() covers at least <75> percent of the view's area)}' assertion on view (view.getTag() is "input-peso" and view has effective visibility <VISIBLE>)
04-06 10:41:55.760 25902 25961 I DetoxWSClient: Sending out action 'invokeResult' (ID #26)
04-06 10:41:55.760 25902 25961 I DetoxDispatcher: Done with action 'invoke'
04-06 10:41:55.765 25902 25965 D DetoxWSClient: Received action 'invoke' (ID #27, params={"target":{"type":"Class","value":"com.wix.detox.espresso.DetoxAssertion"},"method":"waitForAssertMatcher","args":[{"type":"Invocation","value":{"target":{"type":"Class","value":"androidx.test.espresso.Espresso"},"method":"onView","args":[{"type":"Invocation","value":{"target":{"type":"Class","value":"com.wix.detox.espresso.DetoxMatcher"},"method":"matcherForTestId","args":["input-reps",{"type":"boolean","value":false}]}}]}},{"type":"Invocation","value":{"target":{"type":"Class","value":"com.wix.detox.espresso.DetoxMatcher"},"method":"matcherForSufficientlyVisible","args":[{"type":"Integer","value":75}]}},{"type":"Double","value":3}]})
04-06 10:41:55.765 25902 25961 I DetoxDispatcher: Handling action 'invoke' (ID #27)...
04-06 10:41:55.766 25902 25961 D Detox   : class com.wix.detox.espresso.DetoxMatcher, matcherForTestId, [input-reps, false]
04-06 10:41:55.766 25902 25961 D Detox   : class androidx.test.espresso.Espresso, onView, [(view.getTag() is "input-reps" and view has effective visibility <VISIBLE>)]
04-06 10:41:55.767 25902 25961 D Detox   : class com.wix.detox.espresso.DetoxMatcher, matcherForSufficientlyVisible, [75]
04-06 10:41:55.767 25902 25961 D Detox   : class com.wix.detox.espresso.DetoxAssertion, waitForAssertMatcher, [androidx.test.espresso.ViewInteraction@1ec3a31, (view has effective visibility <VISIBLE> and view.getGlobalVisibleRect() covers at least <75> percent of the view's area), 3.0]
04-06 10:41:55.770 25902 25902 I ViewInteraction: Checking 'MatchesViewAssertion(Detox){viewMatcher=(view has effective visibility <VISIBLE> and view.getGlobalVisibleRect() covers at least <75> percent of the view's area)}' assertion on view (view.getTag() is "input-reps" and view has effective visibility <VISIBLE>)
04-06 10:41:55.781 25902 25961 I DetoxWSClient: Sending out action 'invokeResult' (ID #27)
04-06 10:41:55.781 25902 25961 I DetoxDispatcher: Done with action 'invoke'
04-06 10:41:55.785 25902 25965 D DetoxWSClient: Received action 'invoke' (ID #28, params={"target":{"type":"Class","value":"com.wix.detox.espresso.EspressoDetox"},"method":"perform","args":[{"type":"Invocation","value":{"target":{"type":"Class","value":"com.wix.detox.espresso.DetoxMatcher"},"method":"matcherForTestId","args":["input-peso",{"type":"boolean","value":false}]}},{"type":"Invocation","value":{"target":{"type":"Class","value":"com.wix.detox.espresso.DetoxViewActions"},"method":"click","args":[]}}]})
04-06 10:41:55.785 25902 25961 I DetoxDispatcher: Handling action 'invoke' (ID #28)...
04-06 10:41:55.785 25902 25961 D Detox   : class com.wix.detox.espresso.DetoxMatcher, matcherForTestId, [input-peso, false]
04-06 10:41:55.786 25902 25961 D Detox   : class com.wix.detox.espresso.DetoxViewActions, click, []
04-06 10:41:55.786 25902 25961 D Detox   : class com.wix.detox.espresso.EspressoDetox, perform, [(view.getTag() is "input-peso" and view has effective visibility <VISIBLE>), com.wix.detox.espresso.action.RNClickAction@dc36e97]
04-06 10:41:55.789 25902 25902 I ViewInteraction: Performing 'com.wix.detox.espresso.action.detoxsingletap@7b24884 click' action on view (view.getTag() is "input-peso" and view has effective visibility <VISIBLE>)
04-06 10:41:55.801 25902 25902 I ViewRootImpl@73623ee[MainActivity]: ViewPostIme pointer 0
04-06 10:41:55.832 25902 25902 I ViewRootImpl@73623ee[MainActivity]: ViewPostIme pointer 1
04-06 10:41:55.854 25902 25902 D InputMethodManager: startInputInner - Id : 0
04-06 10:41:55.854 25902 25902 I InputMethodManager: startInputInner - mService.startInputOrWindowGainedFocus
04-06 10:41:55.857 25902 25902 I IMM_LC  : showSoftInput(View,I)
04-06 10:41:55.857 25902 25902 I IMM_LC  : ssi() - flag : 0 view : com.evolucao.app reason = SHOW_SOFT_INPUT
04-06 10:41:55.868 25902 25979 D NativeCustomFrequencyManager: [NativeCFMS] BpCustomFrequencyManager::BpCustomFrequencyManager()
04-06 10:41:55.872 25902 25902 D InsetsController: onStateChanged: InsetsState: {mDisplayFrame=Rect(0, 0 - 1080, 2400), mDisplayCutout=DisplayCutout{insets=Rect(0, 88 - 0, 0) waterfall=Insets{left=0, top=0, right=0, bottom=0} boundingRect={Bounds=[Rect(0, 0 - 0, 0), Rect(512, 0 - 568, 88), Rect(0, 0 - 0, 0), Rect(0, 0 - 0, 0)]} cutoutPathParserInfo={CutoutPathParserInfo{displayWidth=1080 displayHeight=2400 physicalDisplayWidth=1080 physicalDisplayHeight=2400 density={3.0} cutoutSpec={M 0,0 M 0,10.71963616907435 a 9.280363830925644,9.280363830925644 0 1,0 0,18.56072766185129 a 9.280363830925644,9.280363830925644 0 1,0 0,-18.56072766185129 Z @dp} rotation={0} scale={1.0} physicalPixelDisplaySizeRatio={1.0}}}}, mRoundedCorners=RoundedCorners{[RoundedCorner{position=TopLeft, radius=96, center=Point(96, 96)}, RoundedCorner{position=TopRight, radius=96, center=Point(984, 96)}, RoundedCorner{position=BottomRight, radius=96, center=Point(984, 2304)}, RoundedCorner{position=BottomLeft, radius=96, center=Point(96, 2304)}]}  mRoundedCornerFrame=Rect(0, 0 - 1080, 2400), mPrivacyIndicatorBounds=PrivacyIndicatorBounds {static bounds=Rect(948, 0 - 1080, 88) rotation=0}, mSources= { InsetsSource: {mType=ITYPE_STATUS_BAR, mFrame=[0,0][1080,88], mVisible=true, mInsetsRoundedCornerFrame=false}, InsetsSource: {mType=ITYPE_NAVIGATION_BAR, mFrame=[0,2256][1080,2400], mVisible=true, mInsetsRoundedCornerFrame=false}, InsetsSource: {mType=ITYPE_LEFT_GESTURES, mFrame=[0,0][0,2400], mVisible=true, mInsetsRoundedCornerFrame=false}, InsetsSource: {mType=ITYPE_RIGHT_GESTURES, mFrame=[1080,0][1080,2400], mVisible=true, mInsetsRoundedCornerFrame=false}, InsetsSource: {mType=ITYPE_TOP_MANDATORY_GESTURES, mFrame=[0,0][1080,124], mVisible=true, mInsetsRoundedCornerFrame=false}, InsetsSource: {mType=ITYPE_BOTTOM_MANDATORY_GESTURES, mFrame=[0,2256][1080,2400], mVisible=true, mInsetsRoundedCornerFrame=false}, InsetsSource: {mType=ITYPE_LEFT_DISPLAY_CUTOUT, mFrame=[0,0][-100000,2400], mVisible=true, mInsetsRoundedCornerFrame=false}, InsetsSource: {mType=ITYPE_TOP_DISPLAY_CUTOUT, mFrame=[0,0][1080,88], mVisible=true, mInsetsRoundedCornerFrame=false}, InsetsSource: {mType=ITYPE_RIGHT_DISPLAY_CUTOUT, mFrame=[100000,0][1080,2400], mVisible=true, mInsetsRoundedCornerFrame=false}, InsetsSource: {mType=ITYPE_BOTTOM_DISPLAY_CUTOUT, mFrame=[0,100000][1080,2400], mVisible=true, mInsetsRoundedCornerFrame=false}, InsetsSource: {mType=ITYPE_TOP_TAPPABLE_ELEMENT, mFrame=[0,0][1080,88], mVisible=true, mInsetsRoundedCornerFrame=false}, InsetsSource: {mType=ITYPE_BOTTOM_TAPPABLE_ELEMENT, mFrame=[0,2256][1080,2400], mVisible=true, mInsetsRoundedCornerFrame=false} } host=PopupWindow:e63fab from=android.view.ViewRootImpl.setView:1732
04-06 10:41:55.874 25902 25902 I ViewRootImpl@2b16608[PopupWindow:e63fab]: setView = android.widget.PopupWindow$PopupDecorView@9fadab4 TM=false
04-06 10:41:55.876 25902 25979 D NativeCustomFrequencyManager: [NativeCFMS] BpCustomFrequencyManager::BpCustomFrequencyManager()
04-06 10:41:55.878 25902 25902 D InsetsController: onStateChanged: InsetsState: {mDisplayFrame=Rect(0, 0 - 1080, 2400), mDisplayCutout=DisplayCutout{insets=Rect(0, 88 - 0, 0) waterfall=Insets{left=0, top=0, right=0, bottom=0} boundingRect={Bounds=[Rect(0, 0 - 0, 0), Rect(512, 0 - 568, 88), Rect(0, 0 - 0, 0), Rect(0, 0 - 0, 0)]} cutoutPathParserInfo={CutoutPathParserInfo{displayWidth=1080 displayHeight=2400 physicalDisplayWidth=1080 physicalDisplayHeight=2400 density={3.0} cutoutSpec={M 0,0 M 0,10.71963616907435 a 9.280363830925644,9.280363830925644 0 1,0 0,18.56072766185129 a 9.280363830925644,9.280363830925644 0 1,0 0,-18.56072766185129 Z @dp} rotation={0} scale={1.0} physicalPixelDisplaySizeRatio={1.0}}}}, mRoundedCorners=RoundedCorners{[RoundedCorner{position=TopLeft, radius=96, center=Point(96, 96)}, RoundedCorner{position=TopRight, radius=96, center=Point(984, 96)}, RoundedCorner{position=BottomRight, radius=96, center=Point(984, 2304)}, RoundedCorner{position=BottomLeft, radius=96, center=Point(96, 2304)}]}  mRoundedCornerFrame=Rect(0, 0 - 1080, 2400), mPrivacyIndicatorBounds=PrivacyIndicatorBounds {static bounds=Rect(948, 0 - 1080, 88) rotation=0}, mSources= { InsetsSource: {mType=ITYPE_STATUS_BAR, mFrame=[0,0][1080,88], mVisible=true, mInsetsRoundedCornerFrame=false}, InsetsSource: {mType=ITYPE_NAVIGATION_BAR, mFrame=[0,2256][1080,2400], mVisible=true, mInsetsRoundedCornerFrame=false}, InsetsSource: {mType=ITYPE_LEFT_GESTURES, mFrame=[0,0][0,2400], mVisible=true, mInsetsRoundedCornerFrame=false}, InsetsSource: {mType=ITYPE_RIGHT_GESTURES, mFrame=[1080,0][1080,2400], mVisible=true, mInsetsRoundedCornerFrame=false}, InsetsSource: {mType=ITYPE_TOP_MANDATORY_GESTURES, mFrame=[0,0][1080,124], mVisible=true, mInsetsRoundedCornerFrame=false}, InsetsSource: {mType=ITYPE_BOTTOM_MANDATORY_GESTURES, mFrame=[0,2256][1080,2400], mVisible=true, mInsetsRoundedCornerFrame=false}, InsetsSource: {mType=ITYPE_LEFT_DISPLAY_CUTOUT, mFrame=[0,0][-100000,2400], mVisible=true, mInsetsRoundedCornerFrame=false}, InsetsSource: {mType=ITYPE_TOP_DISPLAY_CUTOUT, mFrame=[0,0][1080,88], mVisible=true, mInsetsRoundedCornerFrame=false}, InsetsSource: {mType=ITYPE_RIGHT_DISPLAY_CUTOUT, mFrame=[100000,0][1080,2400], mVisible=true, mInsetsRoundedCornerFrame=false}, InsetsSource: {mType=ITYPE_BOTTOM_DISPLAY_CUTOUT, mFrame=[0,100000][1080,2400], mVisible=true, mInsetsRoundedCornerFrame=false}, InsetsSource: {mType=ITYPE_TOP_TAPPABLE_ELEMENT, mFrame=[0,0][1080,88], mVisible=true, mInsetsRoundedCornerFrame=false}, InsetsSource: {mType=ITYPE_BOTTOM_TAPPABLE_ELEMENT, mFrame=[0,2256][1080,2400], mVisible=true, mInsetsRoundedCornerFrame=false} } host=PopupWindow:1381252 from=android.view.ViewRootImpl.setView:1732
04-06 10:41:55.880 25902 25902 I ViewRootImpl@7e0f923[PopupWindow:1381252]: setView = android.widget.PopupWindow$PopupDecorView@8c0047f TM=false
04-06 10:41:55.885 25902 25902 I IMM_LC  : showSoftInput(View,I)
04-06 10:41:55.885 25902 25902 I IMM_LC  : ssi() - flag : 0 view : com.evolucao.app reason = SHOW_SOFT_INPUT
04-06 10:41:55.887 25902 25902 I ViewRootImpl@2b16608[PopupWindow:e63fab]: performTraversals params={(231,1797)(90x108) gr=TOP START CENTER sim={state=unchanged adjust=pan} ty=APPLICATION_SUB_PANEL fmt=TRANSLUCENT wanim=0x1030313 surfaceInsets=Rect(0, 0 - 0, 0) (manual)
04-06 10:41:55.887 25902 25902 I ViewRootImpl@2b16608[PopupWindow:e63fab]:   fl=41800208
04-06 10:41:55.887 25902 25902 I ViewRootImpl@2b16608[PopupWindow:e63fab]:   pfl=2018000
04-06 10:41:55.887 25902 25902 I ViewRootImpl@2b16608[PopupWindow:e63fab]:   bhv=DEFAULT
04-06 10:41:55.887 25902 25902 I ViewRootImpl@2b16608[PopupWindow:e63fab]:   fitTypes=STATUS_BARS NAVIGATION_BARS CAPTION_BAR naviIconColor=0
04-06 10:41:55.887 25902 25902 I ViewRootImpl@2b16608[PopupWindow:e63fab]:   sfl=20000}
04-06 10:41:55.888 25902 25902 I ViewRootImpl@2b16608[PopupWindow:e63fab]: performTraversals mFirst=true windowShouldResize=true viewVisibilityChanged=false mForceNextWindowRelayout=false params={(231,1797)(90x108) gr=TOP START CENTER sim={state=unchanged adjust=pan} ty=APPLICATION_SUB_PANEL fmt=TRANSLUCENT wanim=0x1030313 surfaceInsets=Rect(0, 0 - 0, 0) (manual)
04-06 10:41:55.888 25902 25902 I ViewRootImpl@2b16608[PopupWindow:e63fab]:   fl=41800208
04-06 10:41:55.888 25902 25902 I ViewRootImpl@2b16608[PopupWindow:e63fab]:   pfl=42018000
04-06 10:41:55.888 25902 25902 I ViewRootImpl@2b16608[PopupWindow:e63fab]:   bhv=DEFAULT
04-06 10:41:55.888 25902 25902 I ViewRootImpl@2b16608[PopupWindow:e63fab]:   fitTypes=STATUS_BARS NAVIGATION_BARS CAPTION_BAR naviIconColor=0
04-06 10:41:55.888 25902 25902 I ViewRootImpl@2b16608[PopupWindow:e63fab]:   sfl=20000}
04-06 10:41:55.891 25902 25917 I ViewRootImpl@2b16608[PopupWindow:e63fab]: Resizing android.view.ViewRootImpl@9aa26dd: frame = [231,1797][321,1905] reportDraw = true forceLayout = false syncSeqId = 0
04-06 10:41:55.892 25902 25902 I ViewRootImpl@2b16608[PopupWindow:e63fab]: updateBlastSurfaceIfNeeded mBlastBufferQueue=null isSameSurfaceControl=false
04-06 10:41:55.892 25902 25902 I BLASTBufferQueue: new BLASTBufferQueue, mName= ViewRootImpl@2b16608[PopupWindow:e63fab] mNativeObject= 0xb4000070a0584380 sc.mNativeObject= 0xb40000704417f000 caller= android.view.ViewRootImpl.updateBlastSurfaceIfNeeded:2909 android.view.ViewRootImpl.relayoutWindow:9847 android.view.ViewRootImpl.performTraversals:3884 android.view.ViewRootImpl.doTraversal:3116 android.view.ViewRootImpl$TraversalRunnable.run:10885 android.view.Choreographer$CallbackRecord.run:1301 android.view.Choreographer$CallbackRecord.run:1309 android.view.Choreographer.doCallbacks:923 android.view.Choreographer.doFrame:852 android.view.Choreographer$FrameDisplayEventReceiver.run:1283 
04-06 10:41:55.893 25902 25902 I BLASTBufferQueue: update, w= 90 h= 108 mName = ViewRootImpl@2b16608[PopupWindow:e63fab] mNativeObject= 0xb4000070a0584380 sc.mNativeObject= 0xb40000704417f000 format= -3 caller= android.graphics.BLASTBufferQueue.<init>:84 android.view.ViewRootImpl.updateBlastSurfaceIfNeeded:2909 android.view.ViewRootImpl.relayoutWindow:9847 android.view.ViewRootImpl.performTraversals:3884 android.view.ViewRootImpl.doTraversal:3116 android.view.ViewRootImpl$TraversalRunnable.run:10885 
04-06 10:41:55.893 25902 25902 I ViewRootImpl@2b16608[PopupWindow:e63fab]: Relayout returned: old=(231,1797,321,1905) new=(231,1797,321,1905) req=(90,108)0 dur=4 res=0x3 s={true 0xb400007044139000} ch=true seqId=0
04-06 10:41:55.894 25902 25902 I ViewRootImpl@2b16608[PopupWindow:e63fab]: mThreadedRenderer.initialize() mSurface={isValid=true 0xb400007044139000} hwInitialized=true
04-06 10:41:55.894 25902 25979 D OpenGLRenderer: eglCreateWindowSurface
04-06 10:41:55.895 25902 25902 I ViewRootImpl@2b16608[PopupWindow:e63fab]: reportNextDraw android.view.ViewRootImpl.performTraversals:4438 android.view.ViewRootImpl.doTraversal:3116 android.view.ViewRootImpl$TraversalRunnable.run:10885 android.view.Choreographer$CallbackRecord.run:1301 android.view.Choreographer$CallbackRecord.run:1309 
04-06 10:41:55.895 25902 25902 I ViewRootImpl@2b16608[PopupWindow:e63fab]: Setup new sync id=0
04-06 10:41:55.895 25902 25902 I ViewRootImpl@2b16608[PopupWindow:e63fab]: Setting syncFrameCallback
04-06 10:41:55.895 25902 25902 I ViewRootImpl@2b16608[PopupWindow:e63fab]: registerCallbacksForSync syncBuffer=false
04-06 10:41:55.896 25902 26000 I ViewRootImpl@2b16608[PopupWindow:e63fab]: Received frameDrawingCallback syncResult=0 frameNum=1.
04-06 10:41:55.896 25902 26000 I ViewRootImpl@2b16608[PopupWindow:e63fab]: Setting up sync and frameCommitCallback
04-06 10:41:55.897 25902 25979 I BLASTBufferQueue: [ViewRootImpl@2b16608[PopupWindow:e63fab]#6](f:0,a:0) onFrameAvailable the first frame is available
04-06 10:41:55.897 25902 25979 I ViewRootImpl@2b16608[PopupWindow:e63fab]: Received frameCommittedCallback lastAttemptedDrawFrameNum=1 didProduceBuffer=true
04-06 10:41:55.897 25902 25979 D OpenGLRenderer: CFMS:: SetUp Pid : 25902    Tid : 25979
04-06 10:41:55.898 25902 25979 W Parcel  : Expecting binder but got null!
04-06 10:41:55.898 25902 25902 I ViewRootImpl@2b16608[PopupWindow:e63fab]: onSyncComplete
04-06 10:41:55.899 25902 25902 I ViewRootImpl@2b16608[PopupWindow:e63fab]: setupSync seqId=0 mSyncId=0 fn=1 caller=android.view.ViewRootImpl$$ExternalSyntheticLambda11.accept:6 android.window.SurfaceSyncer.lambda$setupSync$1$android-window-SurfaceSyncer:128 android.window.SurfaceSyncer$$ExternalSyntheticLambda1.accept:8 android.window.SurfaceSyncer$SyncSet.checkIfSyncIsComplete:382 android.window.SurfaceSyncer$SyncSet.markSyncReady:359 android.window.SurfaceSyncer.markSyncReady:151 android.view.ViewRootImpl.performTraversals:4503 
04-06 10:41:55.900 25902 25902 I ViewRootImpl@7e0f923[PopupWindow:1381252]: performTraversals params={(231,1703)(90x94) gr=TOP START CENTER sim={state=unchanged adjust=pan} ty=APPLICATION_SUB_PANEL fmt=TRANSLUCENT wanim=0x1030313 surfaceInsets=Rect(0, 0 - 0, 0) (manual)
04-06 10:41:55.900 25902 25902 I ViewRootImpl@7e0f923[PopupWindow:1381252]:   fl=41800218
04-06 10:41:55.900 25902 25902 I ViewRootImpl@7e0f923[PopupWindow:1381252]:   pfl=2018000
04-06 10:41:55.900 25902 25902 I ViewRootImpl@7e0f923[PopupWindow:1381252]:   bhv=DEFAULT
04-06 10:41:55.900 25902 25902 I ViewRootImpl@7e0f923[PopupWindow:1381252]:   fitTypes=STATUS_BARS NAVIGATION_BARS CAPTION_BAR naviIconColor=0
04-06 10:41:55.900 25902 25902 I ViewRootImpl@7e0f923[PopupWindow:1381252]:   sfl=20000}
04-06 10:41:55.901 25902 25902 I ViewRootImpl@7e0f923[PopupWindow:1381252]: performTraversals mFirst=true windowShouldResize=true viewVisibilityChanged=false mForceNextWindowRelayout=false params={(231,1703)(90x94) gr=TOP START CENTER sim={state=unchanged adjust=pan} ty=APPLICATION_SUB_PANEL fmt=TRANSLUCENT wanim=0x1030313 surfaceInsets=Rect(0, 0 - 0, 0) (manual)
04-06 10:41:55.901 25902 25902 I ViewRootImpl@7e0f923[PopupWindow:1381252]:   fl=41800218
04-06 10:41:55.901 25902 25902 I ViewRootImpl@7e0f923[PopupWindow:1381252]:   pfl=42018000
04-06 10:41:55.901 25902 25902 I ViewRootImpl@7e0f923[PopupWindow:1381252]:   bhv=DEFAULT
04-06 10:41:55.901 25902 25902 I ViewRootImpl@7e0f923[PopupWindow:1381252]:   fitTypes=STATUS_BARS NAVIGATION_BARS CAPTION_BAR naviIconColor=0
04-06 10:41:55.901 25902 25902 I ViewRootImpl@7e0f923[PopupWindow:1381252]:   sfl=20000}
04-06 10:41:55.904 25902 25917 I ViewRootImpl@7e0f923[PopupWindow:1381252]: Resizing android.view.ViewRootImpl@45acc4c: frame = [231,1703][321,1797] reportDraw = true forceLayout = false syncSeqId = 0
04-06 10:41:55.905 25902 25902 I ViewRootImpl@7e0f923[PopupWindow:1381252]: updateBlastSurfaceIfNeeded mBlastBufferQueue=null isSameSurfaceControl=false
04-06 10:41:55.905 25902 25902 I BLASTBufferQueue: new BLASTBufferQueue, mName= ViewRootImpl@7e0f923[PopupWindow:1381252] mNativeObject= 0xb4000070a0584700 sc.mNativeObject= 0xb40000704417f280 caller= android.view.ViewRootImpl.updateBlastSurfaceIfNeeded:2909 android.view.ViewRootImpl.relayoutWindow:9847 android.view.ViewRootImpl.performTraversals:3884 android.view.ViewRootImpl.doTraversal:3116 android.view.ViewRootImpl$TraversalRunnable.run:10885 android.view.Choreographer$CallbackRecord.run:1301 android.view.Choreographer$CallbackRecord.run:1309 android.view.Choreographer.doCallbacks:923 android.view.Choreographer.doFrame:852 android.view.Choreographer$FrameDisplayEventReceiver.run:1283 
04-06 10:41:55.906 25902 25902 I BLASTBufferQueue: update, w= 90 h= 94 mName = ViewRootImpl@7e0f923[PopupWindow:1381252] mNativeObject= 0xb4000070a0584700 sc.mNativeObject= 0xb40000704417f280 format= -3 caller= android.graphics.BLASTBufferQueue.<init>:84 android.view.ViewRootImpl.updateBlastSurfaceIfNeeded:2909 android.view.ViewRootImpl.relayoutWindow:9847 android.view.ViewRootImpl.performTraversals:3884 android.view.ViewRootImpl.doTraversal:3116 android.view.ViewRootImpl$TraversalRunnable.run:10885 
04-06 10:41:55.906 25902 25902 I ViewRootImpl@7e0f923[PopupWindow:1381252]: Relayout returned: old=(231,1703,321,1797) new=(231,1703,321,1797) req=(90,94)0 dur=4 res=0x3 s={true 0xb40000704413b800} ch=true seqId=0
04-06 10:41:55.907 25902 25902 I ViewRootImpl@7e0f923[PopupWindow:1381252]: mThreadedRenderer.initialize() mSurface={isValid=true 0xb40000704413b800} hwInitialized=true
04-06 10:41:55.907 25902 25979 D OpenGLRenderer: eglCreateWindowSurface
04-06 10:41:55.908 25902 25902 I ViewRootImpl@7e0f923[PopupWindow:1381252]: reportNextDraw android.view.ViewRootImpl.performTraversals:4438 android.view.ViewRootImpl.doTraversal:3116 android.view.ViewRootImpl$TraversalRunnable.run:10885 android.view.Choreographer$CallbackRecord.run:1301 android.view.Choreographer$CallbackRecord.run:1309 
04-06 10:41:55.908 25902 25902 I ViewRootImpl@7e0f923[PopupWindow:1381252]: Setup new sync id=0
04-06 10:41:55.908 25902 25902 I ViewRootImpl@7e0f923[PopupWindow:1381252]: Setting syncFrameCallback
04-06 10:41:55.908 25902 25902 I ViewRootImpl@7e0f923[PopupWindow:1381252]: registerCallbacksForSync syncBuffer=false
04-06 10:41:55.908 25902 25999 I ViewRootImpl@7e0f923[PopupWindow:1381252]: Received frameDrawingCallback syncResult=0 frameNum=1.
04-06 10:41:55.908 25902 25999 I ViewRootImpl@7e0f923[PopupWindow:1381252]: Setting up sync and frameCommitCallback
04-06 10:41:55.909 25902 25979 I BLASTBufferQueue: [ViewRootImpl@7e0f923[PopupWindow:1381252]#7](f:0,a:0) onFrameAvailable the first frame is available
04-06 10:41:55.909 25902 25979 I ViewRootImpl@7e0f923[PopupWindow:1381252]: Received frameCommittedCallback lastAttemptedDrawFrameNum=1 didProduceBuffer=true
04-06 10:41:55.909 25902 25979 D OpenGLRenderer: CFMS:: SetUp Pid : 25902    Tid : 25979
04-06 10:41:55.909 25902 25979 W Parcel  : Expecting binder but got null!
04-06 10:41:55.910 25902 25902 I ViewRootImpl@7e0f923[PopupWindow:1381252]: onSyncComplete
04-06 10:41:55.910 25902 25902 I ViewRootImpl@7e0f923[PopupWindow:1381252]: setupSync seqId=0 mSyncId=0 fn=1 caller=android.view.ViewRootImpl$$ExternalSyntheticLambda11.accept:6 android.window.SurfaceSyncer.lambda$setupSync$1$android-window-SurfaceSyncer:128 android.window.SurfaceSyncer$$ExternalSyntheticLambda1.accept:8 android.window.SurfaceSyncer$SyncSet.checkIfSyncIsComplete:382 android.window.SurfaceSyncer$SyncSet.markSyncReady:359 android.window.SurfaceSyncer.markSyncReady:151 android.view.ViewRootImpl.performTraversals:4503 
04-06 10:41:55.910 25902 25902 I ViewRootImpl@7e0f923[PopupWindow:1381252]: reportDrawFinished seqId=0 mSyncId=-1 fn=1 mSurfaceChangedTransaction=0xb4000070a088b700
04-06 10:41:55.910 25902 25902 I ViewRootImpl@2b16608[PopupWindow:e63fab]: reportDrawFinished seqId=0 mSyncId=-1 fn=1 mSurfaceChangedTransaction=0xb4000070a6fa5200
