04-06 10:41:48.789 25902 25961 I DetoxDispatcher: Handling action 'invoke' (ID #5)...
04-06 10:41:48.790 25902 25961 D Detox   : class com.wix.detox.espresso.DetoxMatcher, matcherForTestId, [input-peso-atual, false]
04-06 10:41:48.790 25902 25961 D Detox   : class androidx.test.espresso.action.ViewActions, clearText, []
04-06 10:41:48.791 25902 25961 D Detox   : class com.wix.detox.espresso.EspressoDetox, perform, [(view.getTag() is "input-peso-atual" and view has effective visibility <VISIBLE>), androidx.test.espresso.action.ReplaceTextAction@88dc8f5]
04-06 10:41:48.797 25902 25902 I ViewInteraction: Performing 'replace text()' action on view (view.getTag() is "input-peso-atual" and view has effective visibility <VISIBLE>)
04-06 10:41:48.809 25902 25961 I DetoxWSClient: Sending out action 'invokeResult' (ID #5)
04-06 10:41:48.810 25902 25961 I DetoxDispatcher: Done with action 'invoke'
04-06 10:41:48.814 25902 25965 D DetoxWSClient: Received action 'invoke' (ID #6, params={"target":{"type":"Class","value":"com.wix.detox.espresso.EspressoDetox"},"method":"perform","args":[{"type":"Invocation","value":{"target":{"type":"Class","value":"com.wix.detox.espresso.DetoxMatcher"},"method":"matcherForTestId","args":["input-peso-atual",{"type":"boolean","value":false}]}},{"type":"Invocation","value":{"target":{"type":"Class","value":"androidx.test.espresso.action.ViewActions"},"method":"replaceText","args":["82"]}}]})
04-06 10:41:48.814 25902 25961 I DetoxDispatcher: Handling action 'invoke' (ID #6)...
04-06 10:41:48.814 25902 25961 D Detox   : class com.wix.detox.espresso.DetoxMatcher, matcherForTestId, [input-peso-atual, false]
04-06 10:41:48.815 25902 25961 D Detox   : class androidx.test.espresso.action.ViewActions, replaceText, [82]
04-06 10:41:48.815 25902 25961 D Detox   : class com.wix.detox.espresso.EspressoDetox, perform, [(view.getTag() is "input-peso-atual" and view has effective visibility <VISIBLE>), androidx.test.espresso.action.ReplaceTextAction@c1f0330]
04-06 10:41:48.819 25902 25902 D InputMethodManager: startInputInner - Id : 0
04-06 10:41:48.819 25902 25902 I InputMethodManager: startInputInner - mService.startInputOrWindowGainedFocus
04-06 10:41:48.849 25902 25910 I om.evolucao.app: Compiler allocated 6133KB to compile void android.view.ViewRootImpl.performTraversals()
04-06 10:41:48.857 25902 25902 D InputMethodManager: startInputInner - Id : 0
04-06 10:41:48.857 25902 25902 I InputMethodManager: startInputInner - mService.startInputOrWindowGainedFocus
04-06 10:41:48.860 25902 25902 D InsetsController: show(ime(), fromIme=true)
04-06 10:41:48.861 25902 25902 I ViewInteraction: Performing 'replace text(82)' action on view (view.getTag() is "input-peso-atual" and view has effective visibility <VISIBLE>)
04-06 10:41:48.866 25902 25961 I DetoxWSClient: Sending out action 'invokeResult' (ID #6)
04-06 10:41:48.866 25902 25961 I DetoxDispatcher: Done with action 'invoke'
04-06 10:41:48.872 25902 25965 D DetoxWSClient: Received action 'invoke' (ID #7, params={"target":{"type":"Class","value":"com.wix.detox.espresso.DetoxAssertion"},"method":"assertMatcher","args":[{"type":"Invocation","value":{"target":{"type":"Class","value":"androidx.test.espresso.Espresso"},"method":"onView","args":[{"type":"Invocation","value":{"target":{"type":"Class","value":"com.wix.detox.espresso.DetoxMatcher"},"method":"matcherForTestId","args":["input-peso-atual",{"type":"boolean","value":false}]}}]}},{"type":"Invocation","value":{"target":{"type":"Class","value":"com.wix.detox.espresso.DetoxMatcher"},"method":"matcherForText","args":["82",{"type":"boolean","value":false}]}}]})
04-06 10:41:48.872 25902 25961 I DetoxDispatcher: Handling action 'invoke' (ID #7)...
04-06 10:41:48.872 25902 25961 D Detox   : class com.wix.detox.espresso.DetoxMatcher, matcherForTestId, [input-peso-atual, false]
04-06 10:41:48.873 25902 25961 D Detox   : class androidx.test.espresso.Espresso, onView, [(view.getTag() is "input-peso-atual" and view has effective visibility <VISIBLE>)]
04-06 10:41:48.873 25902 25902 D InputMethodManager: startInputInner - Id : 0
04-06 10:41:48.873 25902 25961 D Detox   : class com.wix.detox.espresso.DetoxMatcher, matcherForText, [82, false]
04-06 10:41:48.873 25902 25902 I InputMethodManager: startInputInner - mService.startInputOrWindowGainedFocus
04-06 10:41:48.874 25902 25961 D Detox   : class com.wix.detox.espresso.DetoxAssertion, assertMatcher, [androidx.test.espresso.ViewInteraction@59abaaf, (an instance of android.widget.TextView and view.getText() with or without transformation to match: is "82" and view has effective visibility <VISIBLE>)]
04-06 10:41:48.886 25902 25902 D InsetsController: show(ime(), fromIme=true)
04-06 10:41:48.904 25902 25902 I ViewInteraction: Checking 'MatchesViewAssertion(Detox){viewMatcher=(an instance of android.widget.TextView and view.getText() with or without transformation to match: is "82" and view has effective visibility <VISIBLE>)}' assertion on view (view.getTag() is "input-peso-atual" and view has effective visibility <VISIBLE>)
04-06 10:41:48.907 25902 25961 I DetoxWSClient: Sending out action 'invokeResult' (ID #7)
04-06 10:41:48.908 25902 25961 I DetoxDispatcher: Done with action 'invoke'
04-06 10:41:48.910 25902 25902 D InsetsController: show(ime(), fromIme=true)
04-06 10:41:48.912 25902 25965 D DetoxWSClient: Received action 'invoke' (ID #8, params={"target":{"type":"Class","value":"com.wix.detox.espresso.EspressoDetox"},"method":"perform","args":[{"type":"Invocation","value":{"target":{"type":"Class","value":"com.wix.detox.espresso.DetoxMatcher"},"method":"matcherForTestId","args":["input-peso-meta",{"type":"boolean","value":false}]}},{"type":"Invocation","value":{"target":{"type":"Class","value":"com.wix.detox.espresso.DetoxViewActions"},"method":"click","args":[]}}]})
04-06 10:41:48.912 25902 25961 I DetoxDispatcher: Handling action 'invoke' (ID #8)...
04-06 10:41:48.913 25902 25961 D Detox   : class com.wix.detox.espresso.DetoxMatcher, matcherForTestId, [input-peso-meta, false]
04-06 10:41:48.913 25902 25961 D Detox   : class com.wix.detox.espresso.DetoxViewActions, click, []
04-06 10:41:48.913 25902 25961 D Detox   : class com.wix.detox.espresso.EspressoDetox, perform, [(view.getTag() is "input-peso-meta" and view has effective visibility <VISIBLE>), com.wix.detox.espresso.action.RNClickAction@c75ad9f]
04-06 10:41:48.914 25902 25979 D OpenGLRenderer: setSurface called with nullptr
04-06 10:41:48.914 25902 25979 D OpenGLRenderer: setSurface() destroyed EGLSurface
04-06 10:41:48.914 25902 25979 D OpenGLRenderer: destroyEglSurface
04-06 10:41:48.914 25902 25902 I ViewRootImpl@71eeeb8[PopupWindow:3c6bd1b]: dispatchDetachedFromWindow
04-06 10:41:48.918 25902 25902 D InputTransport: Input channel destroyed: '1a24f04', fd=170
04-06 10:41:48.919 25902 25979 D OpenGLRenderer: setSurface called with nullptr
04-06 10:41:48.919 25902 25979 D OpenGLRenderer: setSurface() destroyed EGLSurface
04-06 10:41:48.919 25902 25979 D OpenGLRenderer: destroyEglSurface
04-06 10:41:48.920 25902 25902 I ViewRootImpl@dc5b493[PopupWindow:75d582]: dispatchDetachedFromWindow
04-06 10:41:48.924 25902 25902 D InputTransport: Input channel destroyed: 'c668f8a', fd=171
04-06 10:41:48.927 25902 25902 I ViewInteraction: Performing 'com.wix.detox.espresso.action.detoxsingletap@fb8eec click' action on view (view.getTag() is "input-peso-meta" and view has effective visibility <VISIBLE>)
04-06 10:41:48.933 25902 25902 I ViewRootImpl@73623ee[MainActivity]: ViewPostIme pointer 0
04-06 10:41:48.963 25902 25902 I ViewRootImpl@73623ee[MainActivity]: ViewPostIme pointer 1
04-06 10:41:48.975 25902 25902 D InputMethodManager: startInputInner - Id : 0
04-06 10:41:48.976 25902 25902 I InputMethodManager: startInputInner - mService.startInputOrWindowGainedFocus
04-06 10:41:48.980 25902 25902 I IMM_LC  : showSoftInput(View,I)
04-06 10:41:48.980 25902 25902 I IMM_LC  : ssi() - flag : 0 view : com.evolucao.app reason = SHOW_SOFT_INPUT
04-06 10:41:48.990 25902 25979 D NativeCustomFrequencyManager: [NativeCFMS] BpCustomFrequencyManager::BpCustomFrequencyManager()
04-06 10:41:48.995 25902 25902 D InsetsController: onStateChanged: InsetsState: {mDisplayFrame=Rect(0, 0 - 1080, 2400), mDisplayCutout=DisplayCutout{insets=Rect(0, 88 - 0, 0) waterfall=Insets{left=0, top=0, right=0, bottom=0} boundingRect={Bounds=[Rect(0, 0 - 0, 0), Rect(512, 0 - 568, 88), Rect(0, 0 - 0, 0), Rect(0, 0 - 0, 0)]} cutoutPathParserInfo={CutoutPathParserInfo{displayWidth=1080 displayHeight=2400 physicalDisplayWidth=1080 physicalDisplayHeight=2400 density={3.0} cutoutSpec={M 0,0 M 0,10.71963616907435 a 9.280363830925644,9.280363830925644 0 1,0 0,18.56072766185129 a 9.280363830925644,9.280363830925644 0 1,0 0,-18.56072766185129 Z @dp} rotation={0} scale={1.0} physicalPixelDisplaySizeRatio={1.0}}}}, mRoundedCorners=RoundedCorners{[RoundedCorner{position=TopLeft, radius=96, center=Point(96, 96)}, RoundedCorner{position=TopRight, radius=96, center=Point(984, 96)}, RoundedCorner{position=BottomRight, radius=96, center=Point(984, 2304)}, RoundedCorner{position=BottomLeft, radius=96, center=Point(96, 2304)}]}  mRoundedCornerFrame=Rect(0, 0 - 1080, 2400), mPrivacyIndicatorBounds=PrivacyIndicatorBounds {static bounds=Rect(948, 0 - 1080, 88) rotation=0}, mSources= { InsetsSource: {mType=ITYPE_STATUS_BAR, mFrame=[0,0][1080,88], mVisible=true, mInsetsRoundedCornerFrame=false}, InsetsSource: {mType=ITYPE_NAVIGATION_BAR, mFrame=[0,2256][1080,2400], mVisible=true, mInsetsRoundedCornerFrame=false}, InsetsSource: {mType=ITYPE_LEFT_GESTURES, mFrame=[0,0][0,2400], mVisible=true, mInsetsRoundedCornerFrame=false}, InsetsSource: {mType=ITYPE_RIGHT_GESTURES, mFrame=[1080,0][1080,2400], mVisible=true, mInsetsRoundedCornerFrame=false}, InsetsSource: {mType=ITYPE_TOP_MANDATORY_GESTURES, mFrame=[0,0][1080,124], mVisible=true, mInsetsRoundedCornerFrame=false}, InsetsSource: {mType=ITYPE_BOTTOM_MANDATORY_GESTURES, mFrame=[0,2256][1080,2400], mVisible=true, mInsetsRoundedCornerFrame=false}, InsetsSource: {mType=ITYPE_LEFT_DISPLAY_CUTOUT, mFrame=[0,0][-100000,2400], mVisible=true, mInsetsRoundedCornerFrame=false}, InsetsSource: {mType=ITYPE_TOP_DISPLAY_CUTOUT, mFrame=[0,0][1080,88], mVisible=true, mInsetsRoundedCornerFrame=false}, InsetsSource: {mType=ITYPE_RIGHT_DISPLAY_CUTOUT, mFrame=[100000,0][1080,2400], mVisible=true, mInsetsRoundedCornerFrame=false}, InsetsSource: {mType=ITYPE_BOTTOM_DISPLAY_CUTOUT, mFrame=[0,100000][1080,2400], mVisible=true, mInsetsRoundedCornerFrame=false}, InsetsSource: {mType=ITYPE_TOP_TAPPABLE_ELEMENT, mFrame=[0,0][1080,88], mVisible=true, mInsetsRoundedCornerFrame=false}, InsetsSource: {mType=ITYPE_BOTTOM_TAPPABLE_ELEMENT, mFrame=[0,2256][1080,2400], mVisible=true, mInsetsRoundedCornerFrame=false} } host=PopupWindow:85bad4a from=android.view.ViewRootImpl.setView:1732
04-06 10:41:48.996 25902 25902 I ViewRootImpl@f1184bb[PopupWindow:85bad4a]: setView = android.widget.PopupWindow$PopupDecorView@dc9b197 TM=false
04-06 10:41:48.999 25902 25979 D NativeCustomFrequencyManager: [NativeCFMS] BpCustomFrequencyManager::BpCustomFrequencyManager()
04-06 10:41:49.002 25902 25902 D InsetsController: onStateChanged: InsetsState: {mDisplayFrame=Rect(0, 0 - 1080, 2400), mDisplayCutout=DisplayCutout{insets=Rect(0, 88 - 0, 0) waterfall=Insets{left=0, top=0, right=0, bottom=0} boundingRect={Bounds=[Rect(0, 0 - 0, 0), Rect(512, 0 - 568, 88), Rect(0, 0 - 0, 0), Rect(0, 0 - 0, 0)]} cutoutPathParserInfo={CutoutPathParserInfo{displayWidth=1080 displayHeight=2400 physicalDisplayWidth=1080 physicalDisplayHeight=2400 density={3.0} cutoutSpec={M 0,0 M 0,10.71963616907435 a 9.280363830925644,9.280363830925644 0 1,0 0,18.56072766185129 a 9.280363830925644,9.280363830925644 0 1,0 0,-18.56072766185129 Z @dp} rotation={0} scale={1.0} physicalPixelDisplaySizeRatio={1.0}}}}, mRoundedCorners=RoundedCorners{[RoundedCorner{position=TopLeft, radius=96, center=Point(96, 96)}, RoundedCorner{position=TopRight, radius=96, center=Point(984, 96)}, RoundedCorner{position=BottomRight, radius=96, center=Point(984, 2304)}, RoundedCorner{position=BottomLeft, radius=96, center=Point(96, 2304)}]}  mRoundedCornerFrame=Rect(0, 0 - 1080, 2400), mPrivacyIndicatorBounds=PrivacyIndicatorBounds {static bounds=Rect(948, 0 - 1080, 88) rotation=0}, mSources= { InsetsSource: {mType=ITYPE_STATUS_BAR, mFrame=[0,0][1080,88], mVisible=true, mInsetsRoundedCornerFrame=false}, InsetsSource: {mType=ITYPE_NAVIGATION_BAR, mFrame=[0,2256][1080,2400], mVisible=true, mInsetsRoundedCornerFrame=false}, InsetsSource: {mType=ITYPE_LEFT_GESTURES, mFrame=[0,0][0,2400], mVisible=true, mInsetsRoundedCornerFrame=false}, InsetsSource: {mType=ITYPE_RIGHT_GESTURES, mFrame=[1080,0][1080,2400], mVisible=true, mInsetsRoundedCornerFrame=false}, InsetsSource: {mType=ITYPE_TOP_MANDATORY_GESTURES, mFrame=[0,0][1080,124], mVisible=true, mInsetsRoundedCornerFrame=false}, InsetsSource: {mType=ITYPE_BOTTOM_MANDATORY_GESTURES, mFrame=[0,2256][1080,2400], mVisible=true, mInsetsRoundedCornerFrame=false}, InsetsSource: {mType=ITYPE_LEFT_DISPLAY_CUTOUT, mFrame=[0,0][-100000,2400], mVisible=true, mInsetsRoundedCornerFrame=false}, InsetsSource: {mType=ITYPE_TOP_DISPLAY_CUTOUT, mFrame=[0,0][1080,88], mVisible=true, mInsetsRoundedCornerFrame=false}, InsetsSource: {mType=ITYPE_RIGHT_DISPLAY_CUTOUT, mFrame=[100000,0][1080,2400], mVisible=true, mInsetsRoundedCornerFrame=false}, InsetsSource: {mType=ITYPE_BOTTOM_DISPLAY_CUTOUT, mFrame=[0,100000][1080,2400], mVisible=true, mInsetsRoundedCornerFrame=false}, InsetsSource: {mType=ITYPE_TOP_TAPPABLE_ELEMENT, mFrame=[0,0][1080,88], mVisible=true, mInsetsRoundedCornerFrame=false}, InsetsSource: {mType=ITYPE_BOTTOM_TAPPABLE_ELEMENT, mFrame=[0,2256][1080,2400], mVisible=true, mInsetsRoundedCornerFrame=false} } host=PopupWindow:ff8c36d from=android.view.ViewRootImpl.setView:1732
04-06 10:41:49.003 25902 25902 I ViewRootImpl@bc49ba2[PopupWindow:ff8c36d]: setView = android.widget.PopupWindow$PopupDecorView@974cfee TM=false
04-06 10:41:49.005 25902 25902 W RemoteInputConnectionImpl: requestCursorAnchorInfo on inactive InputConnection
04-06 10:41:49.007 25902 25902 I IMM_LC  : showSoftInput(View,I)
04-06 10:41:49.007 25902 25902 I IMM_LC  : ssi() - flag : 0 view : com.evolucao.app reason = SHOW_SOFT_INPUT
04-06 10:41:49.009 25902 25902 I ViewRootImpl@f1184bb[PopupWindow:85bad4a]: performTraversals params={(112,1390)(90x108) gr=TOP START CENTER sim={state=unchanged adjust=pan} ty=APPLICATION_SUB_PANEL fmt=TRANSLUCENT wanim=0x1030313 surfaceInsets=Rect(0, 0 - 0, 0) (manual)
04-06 10:41:49.009 25902 25902 I ViewRootImpl@f1184bb[PopupWindow:85bad4a]:   fl=41800208
04-06 10:41:49.009 25902 25902 I ViewRootImpl@f1184bb[PopupWindow:85bad4a]:   pfl=2018000
04-06 10:41:49.009 25902 25902 I ViewRootImpl@f1184bb[PopupWindow:85bad4a]:   bhv=DEFAULT
04-06 10:41:49.009 25902 25902 I ViewRootImpl@f1184bb[PopupWindow:85bad4a]:   fitTypes=STATUS_BARS NAVIGATION_BARS CAPTION_BAR naviIconColor=0
04-06 10:41:49.009 25902 25902 I ViewRootImpl@f1184bb[PopupWindow:85bad4a]:   sfl=20000}
04-06 10:41:49.010 25902 25902 I ViewRootImpl@f1184bb[PopupWindow:85bad4a]: performTraversals mFirst=true windowShouldResize=true viewVisibilityChanged=false mForceNextWindowRelayout=false params={(112,1390)(90x108) gr=TOP START CENTER sim={state=unchanged adjust=pan} ty=APPLICATION_SUB_PANEL fmt=TRANSLUCENT wanim=0x1030313 surfaceInsets=Rect(0, 0 - 0, 0) (manual)
04-06 10:41:49.010 25902 25902 I ViewRootImpl@f1184bb[PopupWindow:85bad4a]:   fl=41800208
04-06 10:41:49.010 25902 25902 I ViewRootImpl@f1184bb[PopupWindow:85bad4a]:   pfl=42018000
04-06 10:41:49.010 25902 25902 I ViewRootImpl@f1184bb[PopupWindow:85bad4a]:   bhv=DEFAULT
04-06 10:41:49.010 25902 25902 I ViewRootImpl@f1184bb[PopupWindow:85bad4a]:   fitTypes=STATUS_BARS NAVIGATION_BARS CAPTION_BAR naviIconColor=0
04-06 10:41:49.010 25902 25902 I ViewRootImpl@f1184bb[PopupWindow:85bad4a]:   sfl=20000}
04-06 10:41:49.015 25902 25917 I ViewRootImpl@f1184bb[PopupWindow:85bad4a]: Resizing android.view.ViewRootImpl@4c6cf84: frame = [112,1390][202,1498] reportDraw = true forceLayout = false syncSeqId = 0
04-06 10:41:49.017 25902 25902 I ViewRootImpl@f1184bb[PopupWindow:85bad4a]: updateBlastSurfaceIfNeeded mBlastBufferQueue=null isSameSurfaceControl=false
04-06 10:41:49.017 25902 25902 I BLASTBufferQueue: new BLASTBufferQueue, mName= ViewRootImpl@f1184bb[PopupWindow:85bad4a] mNativeObject= 0xb4000070a06d0c00 sc.mNativeObject= 0xb4000070a0658ca0 caller= android.view.ViewRootImpl.updateBlastSurfaceIfNeeded:2909 android.view.ViewRootImpl.relayoutWindow:9847 android.view.ViewRootImpl.performTraversals:3884 android.view.ViewRootImpl.doTraversal:3116 android.view.ViewRootImpl$TraversalRunnable.run:10885 android.view.Choreographer$CallbackRecord.run:1301 android.view.Choreographer$CallbackRecord.run:1309 android.view.Choreographer.doCallbacks:923 android.view.Choreographer.doFrame:852 android.view.Choreographer$FrameDisplayEventReceiver.run:1283 
04-06 10:41:49.017 25902 25902 I BLASTBufferQueue: update, w= 90 h= 108 mName = ViewRootImpl@f1184bb[PopupWindow:85bad4a] mNativeObject= 0xb4000070a06d0c00 sc.mNativeObject= 0xb4000070a0658ca0 format= -3 caller= android.graphics.BLASTBufferQueue.<init>:84 android.view.ViewRootImpl.updateBlastSurfaceIfNeeded:2909 android.view.ViewRootImpl.relayoutWindow:9847 android.view.ViewRootImpl.performTraversals:3884 android.view.ViewRootImpl.doTraversal:3116 android.view.ViewRootImpl$TraversalRunnable.run:10885 
04-06 10:41:49.018 25902 25902 I ViewRootImpl@f1184bb[PopupWindow:85bad4a]: Relayout returned: old=(112,1390,202,1498) new=(112,1390,202,1498) req=(90,108)0 dur=7 res=0x3 s={true 0xb4000070a6e7a000} ch=true seqId=0
04-06 10:41:49.018 25902 25902 I ViewRootImpl@f1184bb[PopupWindow:85bad4a]: mThreadedRenderer.initialize() mSurface={isValid=true 0xb4000070a6e7a000} hwInitialized=true
04-06 10:41:49.018 25902 25979 D OpenGLRenderer: eglCreateWindowSurface
04-06 10:41:49.019 25902 25902 I ViewRootImpl@f1184bb[PopupWindow:85bad4a]: reportNextDraw android.view.ViewRootImpl.performTraversals:4438 android.view.ViewRootImpl.doTraversal:3116 android.view.ViewRootImpl$TraversalRunnable.run:10885 android.view.Choreographer$CallbackRecord.run:1301 android.view.Choreographer$CallbackRecord.run:1309 
04-06 10:41:49.019 25902 25902 I ViewRootImpl@f1184bb[PopupWindow:85bad4a]: Setup new sync id=0
04-06 10:41:49.019 25902 25902 I ViewRootImpl@f1184bb[PopupWindow:85bad4a]: Setting syncFrameCallback
04-06 10:41:49.019 25902 25902 I ViewRootImpl@f1184bb[PopupWindow:85bad4a]: registerCallbacksForSync syncBuffer=false
04-06 10:41:49.020 25902 26000 I ViewRootImpl@f1184bb[PopupWindow:85bad4a]: Received frameDrawingCallback syncResult=0 frameNum=1.
04-06 10:41:49.020 25902 26000 I ViewRootImpl@f1184bb[PopupWindow:85bad4a]: Setting up sync and frameCommitCallback
04-06 10:41:49.021 25902 25979 I BLASTBufferQueue: [ViewRootImpl@f1184bb[PopupWindow:85bad4a]#4](f:0,a:0) onFrameAvailable the first frame is available
04-06 10:41:49.021 25902 25979 I ViewRootImpl@f1184bb[PopupWindow:85bad4a]: Received frameCommittedCallback lastAttemptedDrawFrameNum=1 didProduceBuffer=true
04-06 10:41:49.021 25902 25979 D OpenGLRenderer: CFMS:: SetUp Pid : 25902    Tid : 25979
04-06 10:41:49.022 25902 25979 W Parcel  : Expecting binder but got null!
04-06 10:41:49.022 25902 25902 I ViewRootImpl@f1184bb[PopupWindow:85bad4a]: onSyncComplete
04-06 10:41:49.022 25902 25902 I ViewRootImpl@f1184bb[PopupWindow:85bad4a]: setupSync seqId=0 mSyncId=0 fn=1 caller=android.view.ViewRootImpl$$ExternalSyntheticLambda11.accept:6 android.window.SurfaceSyncer.lambda$setupSync$1$android-window-SurfaceSyncer:128 android.window.SurfaceSyncer$$ExternalSyntheticLambda1.accept:8 android.window.SurfaceSyncer$SyncSet.checkIfSyncIsComplete:382 android.window.SurfaceSyncer$SyncSet.markSyncReady:359 android.window.SurfaceSyncer.markSyncReady:151 android.view.ViewRootImpl.performTraversals:4503 
04-06 10:41:49.023 25902 25902 I ViewRootImpl@bc49ba2[PopupWindow:ff8c36d]: performTraversals params={(112,1296)(90x94) gr=TOP START CENTER sim={state=unchanged adjust=pan} ty=APPLICATION_SUB_PANEL fmt=TRANSLUCENT wanim=0x1030313 surfaceInsets=Rect(0, 0 - 0, 0) (manual)
04-06 10:41:49.023 25902 25902 I ViewRootImpl@bc49ba2[PopupWindow:ff8c36d]:   fl=41800218
04-06 10:41:49.023 25902 25902 I ViewRootImpl@bc49ba2[PopupWindow:ff8c36d]:   pfl=2018000
04-06 10:41:49.023 25902 25902 I ViewRootImpl@bc49ba2[PopupWindow:ff8c36d]:   bhv=DEFAULT
04-06 10:41:49.023 25902 25902 I ViewRootImpl@bc49ba2[PopupWindow:ff8c36d]:   fitTypes=STATUS_BARS NAVIGATION_BARS CAPTION_BAR naviIconColor=0
04-06 10:41:49.023 25902 25902 I ViewRootImpl@bc49ba2[PopupWindow:ff8c36d]:   sfl=20000}
04-06 10:41:49.024 25902 25902 I ViewRootImpl@bc49ba2[PopupWindow:ff8c36d]: performTraversals mFirst=true windowShouldResize=true viewVisibilityChanged=false mForceNextWindowRelayout=false params={(112,1296)(90x94) gr=TOP START CENTER sim={state=unchanged adjust=pan} ty=APPLICATION_SUB_PANEL fmt=TRANSLUCENT wanim=0x1030313 surfaceInsets=Rect(0, 0 - 0, 0) (manual)
04-06 10:41:49.024 25902 25902 I ViewRootImpl@bc49ba2[PopupWindow:ff8c36d]:   fl=41800218
04-06 10:41:49.024 25902 25902 I ViewRootImpl@bc49ba2[PopupWindow:ff8c36d]:   pfl=42018000
04-06 10:41:49.024 25902 25902 I ViewRootImpl@bc49ba2[PopupWindow:ff8c36d]:   bhv=DEFAULT
04-06 10:41:49.024 25902 25902 I ViewRootImpl@bc49ba2[PopupWindow:ff8c36d]:   fitTypes=STATUS_BARS NAVIGATION_BARS CAPTION_BAR naviIconColor=0
04-06 10:41:49.024 25902 25902 I ViewRootImpl@bc49ba2[PopupWindow:ff8c36d]:   sfl=20000}
04-06 10:41:49.027 25902 25917 I ViewRootImpl@bc49ba2[PopupWindow:ff8c36d]: Resizing android.view.ViewRootImpl@e2b3c8f: frame = [112,1296][202,1390] reportDraw = true forceLayout = false syncSeqId = 0
04-06 10:41:49.028 25902 25902 I ViewRootImpl@bc49ba2[PopupWindow:ff8c36d]: updateBlastSurfaceIfNeeded mBlastBufferQueue=null isSameSurfaceControl=false
04-06 10:41:49.029 25902 25902 I BLASTBufferQueue: new BLASTBufferQueue, mName= ViewRootImpl@bc49ba2[PopupWindow:ff8c36d] mNativeObject= 0xb4000070a06d0f80 sc.mNativeObject= 0xb4000070a06591a0 caller= android.view.ViewRootImpl.updateBlastSurfaceIfNeeded:2909 android.view.ViewRootImpl.relayoutWindow:9847 android.view.ViewRootImpl.performTraversals:3884 android.view.ViewRootImpl.doTraversal:3116 android.view.ViewRootImpl$TraversalRunnable.run:10885 android.view.Choreographer$CallbackRecord.run:1301 android.view.Choreographer$CallbackRecord.run:1309 android.view.Choreographer.doCallbacks:923 android.view.Choreographer.doFrame:852 android.view.Choreographer$FrameDisplayEventReceiver.run:1283 
04-06 10:41:49.029 25902 25902 I BLASTBufferQueue: update, w= 90 h= 94 mName = ViewRootImpl@bc49ba2[PopupWindow:ff8c36d] mNativeObject= 0xb4000070a06d0f80 sc.mNativeObject= 0xb4000070a06591a0 format= -3 caller= android.graphics.BLASTBufferQueue.<init>:84 android.view.ViewRootImpl.updateBlastSurfaceIfNeeded:2909 android.view.ViewRootImpl.relayoutWindow:9847 android.view.ViewRootImpl.performTraversals:3884 android.view.ViewRootImpl.doTraversal:3116 android.view.ViewRootImpl$TraversalRunnable.run:10885 
04-06 10:41:49.029 25902 25902 I ViewRootImpl@bc49ba2[PopupWindow:ff8c36d]: Relayout returned: old=(112,1296,202,1390) new=(112,1296,202,1390) req=(90,94)0 dur=4 res=0x3 s={true 0xb4000070a6e77800} ch=true seqId=0
04-06 10:41:49.030 25902 25902 I ViewRootImpl@bc49ba2[PopupWindow:ff8c36d]: mThreadedRenderer.initialize() mSurface={isValid=true 0xb4000070a6e77800} hwInitialized=true
04-06 10:41:49.030 25902 25979 D OpenGLRenderer: eglCreateWindowSurface
04-06 10:41:49.030 25902 25902 I ViewRootImpl@bc49ba2[PopupWindow:ff8c36d]: reportNextDraw android.view.ViewRootImpl.performTraversals:4438 android.view.ViewRootImpl.doTraversal:3116 android.view.ViewRootImpl$TraversalRunnable.run:10885 android.view.Choreographer$CallbackRecord.run:1301 android.view.Choreographer$CallbackRecord.run:1309 
04-06 10:41:49.030 25902 25902 I ViewRootImpl@bc49ba2[PopupWindow:ff8c36d]: Setup new sync id=0
04-06 10:41:49.030 25902 25902 I ViewRootImpl@bc49ba2[PopupWindow:ff8c36d]: Setting syncFrameCallback
04-06 10:41:49.030 25902 25902 I ViewRootImpl@bc49ba2[PopupWindow:ff8c36d]: registerCallbacksForSync syncBuffer=false
04-06 10:41:49.031 25902 25999 I ViewRootImpl@bc49ba2[PopupWindow:ff8c36d]: Received frameDrawingCallback syncResult=0 frameNum=1.
04-06 10:41:49.031 25902 25999 I ViewRootImpl@bc49ba2[PopupWindow:ff8c36d]: Setting up sync and frameCommitCallback
04-06 10:41:49.031 25902 25979 I BLASTBufferQueue: [ViewRootImpl@bc49ba2[PopupWindow:ff8c36d]#5](f:0,a:0) onFrameAvailable the first frame is available
04-06 10:41:49.032 25902 25979 I ViewRootImpl@bc49ba2[PopupWindow:ff8c36d]: Received frameCommittedCallback lastAttemptedDrawFrameNum=1 didProduceBuffer=true
04-06 10:41:49.032 25902 25979 D OpenGLRenderer: CFMS:: SetUp Pid : 25902    Tid : 25979
04-06 10:41:49.032 25902 25979 W Parcel  : Expecting binder but got null!
04-06 10:41:49.032 25902 25902 I ViewRootImpl@bc49ba2[PopupWindow:ff8c36d]: onSyncComplete
04-06 10:41:49.032 25902 25902 I ViewRootImpl@bc49ba2[PopupWindow:ff8c36d]: setupSync seqId=0 mSyncId=0 fn=1 caller=android.view.ViewRootImpl$$ExternalSyntheticLambda11.accept:6 android.window.SurfaceSyncer.lambda$setupSync$1$android-window-SurfaceSyncer:128 android.window.SurfaceSyncer$$ExternalSyntheticLambda1.accept:8 android.window.SurfaceSyncer$SyncSet.checkIfSyncIsComplete:382 android.window.SurfaceSyncer$SyncSet.markSyncReady:359 android.window.SurfaceSyncer.markSyncReady:151 android.view.ViewRootImpl.performTraversals:4503 
04-06 10:41:49.033 25902 25902 I ViewRootImpl@bc49ba2[PopupWindow:ff8c36d]: reportDrawFinished seqId=0 mSyncId=-1 fn=1 mSurfaceChangedTransaction=0xb4000070d41e6a00
04-06 10:41:49.033 25902 25902 I ViewRootImpl@f1184bb[PopupWindow:85bad4a]: reportDrawFinished seqId=0 mSyncId=-1 fn=1 mSurfaceChangedTransaction=0xb4000070057dd200
04-06 10:41:49.035 25902 25902 I ViewRootImpl@f1184bb[PopupWindow:85bad4a]: handleResized, msg = 5 frames=ClientWindowFrames{frame=[112,1390][202,1498] display=[-100000,-100000][100000,100000] parentFrame=[0,0][0,0] parentClippedByDisplayCutout=false} forceNextWindowRelayout=false displayId=0 resizeMode=-1 frameChanged=false displayFrameChanged=false configChanged=false displayChanged=false
04-06 10:41:49.035 25902 25902 I ViewRootImpl@f1184bb[PopupWindow:85bad4a]: handleResized mSyncSeqId = 0
04-06 10:41:49.035 25902 25902 I ViewRootImpl@f1184bb[PopupWindow:85bad4a]: reportNextDraw android.view.ViewRootImpl.handleResized:2450 android.view.ViewRootImpl.-$$Nest$mhandleResized:0 android.view.ViewRootImpl$ViewRootHandler.handleMessageImpl:6728 android.view.ViewRootImpl$ViewRootHandler.handleMessage:6697 android.os.Handler.dispatchMessage:106 
04-06 10:41:49.036 25902 25902 I ViewRootImpl@bc49ba2[PopupWindow:ff8c36d]: handleResized, msg = 5 frames=ClientWindowFrames{frame=[112,1296][202,1390] display=[-100000,-100000][100000,100000] parentFrame=[0,0][0,0] parentClippedByDisplayCutout=false} forceNextWindowRelayout=false displayId=0 resizeMode=-1 frameChanged=false displayFrameChanged=false configChanged=false displayChanged=false
04-06 10:41:49.036 25902 25902 I ViewRootImpl@bc49ba2[PopupWindow:ff8c36d]: handleResized mSyncSeqId = 0
04-06 10:41:49.036 25902 25902 I ViewRootImpl@bc49ba2[PopupWindow:ff8c36d]: reportNextDraw android.view.ViewRootImpl.handleResized:2450 android.view.ViewRootImpl.-$$Nest$mhandleResized:0 android.view.ViewRootImpl$ViewRootHandler.handleMessageImpl:6728 android.view.ViewRootImpl$ViewRootHandler.handleMessage:6697 android.os.Handler.dispatchMessage:106 
04-06 10:41:49.044 25902 25902 I ViewRootImpl@f1184bb[PopupWindow:85bad4a]: Setup new sync id=1
04-06 10:41:49.044 25902 25902 I ViewRootImpl@f1184bb[PopupWindow:85bad4a]: Setting syncFrameCallback
04-06 10:41:49.044 25902 25902 I ViewRootImpl@f1184bb[PopupWindow:85bad4a]: registerCallbacksForSync syncBuffer=false
04-06 10:41:49.045 25902 26000 I ViewRootImpl@f1184bb[PopupWindow:85bad4a]: Received frameDrawingCallback syncResult=0 frameNum=3.
04-06 10:41:49.045 25902 26000 I ViewRootImpl@f1184bb[PopupWindow:85bad4a]: Setting up sync and frameCommitCallback
04-06 10:41:49.046 25902 25979 I ViewRootImpl@f1184bb[PopupWindow:85bad4a]: Received frameCommittedCallback lastAttemptedDrawFrameNum=3 didProduceBuffer=true
04-06 10:41:49.046 25902 25902 I ViewRootImpl@f1184bb[PopupWindow:85bad4a]: onSyncComplete
04-06 10:41:49.046 25902 25902 I ViewRootImpl@f1184bb[PopupWindow:85bad4a]: setupSync seqId=0 mSyncId=1 fn=3 caller=android.view.ViewRootImpl$$ExternalSyntheticLambda11.accept:6 android.window.SurfaceSyncer.lambda$setupSync$1$android-window-SurfaceSyncer:128 android.window.SurfaceSyncer$$ExternalSyntheticLambda1.accept:8 android.window.SurfaceSyncer$SyncSet.checkIfSyncIsComplete:382 android.window.SurfaceSyncer$SyncSet.markSyncReady:359 android.window.SurfaceSyncer.markSyncReady:151 android.view.ViewRootImpl.performTraversals:4503 
04-06 10:41:49.046 25902 25902 I ViewRootImpl@bc49ba2[PopupWindow:ff8c36d]: Setup new sync id=1
04-06 10:41:49.046 25902 25902 I ViewRootImpl@bc49ba2[PopupWindow:ff8c36d]: Setting syncFrameCallback
04-06 10:41:49.046 25902 25902 I ViewRootImpl@bc49ba2[PopupWindow:ff8c36d]: registerCallbacksForSync syncBuffer=false
04-06 10:41:49.047 25902 25999 I ViewRootImpl@bc49ba2[PopupWindow:ff8c36d]: Received frameDrawingCallback syncResult=0 frameNum=2.
04-06 10:41:49.047 25902 25999 I ViewRootImpl@bc49ba2[PopupWindow:ff8c36d]: Setting up sync and frameCommitCallback
04-06 10:41:49.047 25902 25979 I ViewRootImpl@bc49ba2[PopupWindow:ff8c36d]: Received frameCommittedCallback lastAttemptedDrawFrameNum=2 didProduceBuffer=true
04-06 10:41:49.048 25902 25902 I ViewRootImpl@bc49ba2[PopupWindow:ff8c36d]: onSyncComplete
04-06 10:41:49.048 25902 25902 I ViewRootImpl@bc49ba2[PopupWindow:ff8c36d]: setupSync seqId=0 mSyncId=1 fn=2 caller=android.view.ViewRootImpl$$ExternalSyntheticLambda11.accept:6 android.window.SurfaceSyncer.lambda$setupSync$1$android-window-SurfaceSyncer:128 android.window.SurfaceSyncer$$ExternalSyntheticLambda1.accept:8 android.window.SurfaceSyncer$SyncSet.checkIfSyncIsComplete:382 android.window.SurfaceSyncer$SyncSet.markSyncReady:359 android.window.SurfaceSyncer.markSyncReady:151 android.view.ViewRootImpl.performTraversals:4503 
04-06 10:41:49.048 25902 25902 I ViewRootImpl@bc49ba2[PopupWindow:ff8c36d]: reportDrawFinished seqId=0 mSyncId=-1 fn=2 mSurfaceChangedTransaction=0xb4000070d41e6a00
04-06 10:41:49.048 25902 25902 I ViewRootImpl@f1184bb[PopupWindow:85bad4a]: reportDrawFinished seqId=0 mSyncId=-1 fn=3 mSurfaceChangedTransaction=0xb4000070057dd200
04-06 10:41:49.069 25902 25902 W OnBackInvokedCallback: OnBackInvokedCallback is not enabled for the application.
04-06 10:41:49.069 25902 25902 W OnBackInvokedCallback: Set 'android:enableOnBackInvokedCallback="true"' in the application manifest.
04-06 10:41:49.069 25902 25902 D InsetsController: show(ime(), fromIme=true)
04-06 10:41:49.070 25902 25902 D InsetsController: show(ime(), fromIme=true)
04-06 10:41:49.097 25902 25902 D InsetsController: show(ime(), fromIme=true)
04-06 10:41:49.428 25902 25961 I DetoxWSClient: Sending out action 'invokeResult' (ID #8)
04-06 10:41:49.428 25902 25961 I DetoxDispatcher: Done with action 'invoke'
04-06 10:41:49.433 25902 25965 D DetoxWSClient: Received action 'invoke' (ID #9, params={"target":{"type":"Class","value":"com.wix.detox.espresso.EspressoDetox"},"method":"perform","args":[{"type":"Invocation","value":{"target":{"type":"Class","value":"com.wix.detox.espresso.DetoxMatcher"},"method":"matcherForTestId","args":["input-peso-meta",{"type":"boolean","value":false}]}},{"type":"Invocation","value":{"target":{"type":"Class","value":"androidx.test.espresso.action.ViewActions"},"method":"clearText","args":[]}}]})
04-06 10:41:49.434 25902 25961 I DetoxDispatcher: Handling action 'invoke' (ID #9)...
04-06 10:41:49.434 25902 25961 D Detox   : class com.wix.detox.espresso.DetoxMatcher, matcherForTestId, [input-peso-meta, false]
04-06 10:41:49.435 25902 25961 D Detox   : class androidx.test.espresso.action.ViewActions, clearText, []
04-06 10:41:49.435 25902 25961 D Detox   : class com.wix.detox.espresso.EspressoDetox, perform, [(view.getTag() is "input-peso-meta" and view has effective visibility <VISIBLE>), androidx.test.espresso.action.ReplaceTextAction@4bf21b4]
04-06 10:41:49.441 25902 25902 I ViewInteraction: Performing 'replace text()' action on view (view.getTag() is "input-peso-meta" and view has effective visibility <VISIBLE>)
04-06 10:41:49.452 25902 25961 I DetoxWSClient: Sending out action 'invokeResult' (ID #9)
04-06 10:41:49.453 25902 25961 I DetoxDispatcher: Done with action 'invoke'
04-06 10:41:49.460 25902 25965 D DetoxWSClient: Received action 'invoke' (ID #10, params={"target":{"type":"Class","value":"com.wix.detox.espresso.EspressoDetox"},"method":"perform","args":[{"type":"Invocation","value":{"target":{"type":"Class","value":"com.wix.detox.espresso.DetoxMatcher"},"method":"matcherForTestId","args":["input-peso-meta",{"type":"boolean","value":false}]}},{"type":"Invocation","value":{"target":{"type":"Class","value":"androidx.test.espresso.action.ViewActions"},"method":"replaceText","args":["77"]}}]})
04-06 10:41:49.462 25902 25902 D InputMethodManager: startInputInner - Id : 0
04-06 10:41:49.462 25902 25902 I InputMethodManager: startInputInner - mService.startInputOrWindowGainedFocus
04-06 10:41:49.479 25902 25961 I DetoxDispatcher: Handling action 'invoke' (ID #10)...
04-06 10:41:49.480 25902 25961 D Detox   : class com.wix.detox.espresso.DetoxMatcher, matcherForTestId, [input-peso-meta, false]
04-06 10:41:49.480 25902 25961 D Detox   : class androidx.test.espresso.action.ViewActions, replaceText, [77]
04-06 10:41:49.480 25902 25961 D Detox   : class com.wix.detox.espresso.EspressoDetox, perform, [(view.getTag() is "input-peso-meta" and view has effective visibility <VISIBLE>), androidx.test.espresso.action.ReplaceTextAction@ecfc777]
04-06 10:41:49.497 25902 25902 D InsetsController: show(ime(), fromIme=true)
04-06 10:41:49.499 25902 25902 D InputMethodManager: startInputInner - Id : 0
04-06 10:41:49.499 25902 25902 I InputMethodManager: startInputInner - mService.startInputOrWindowGainedFocus
04-06 10:41:49.503 25902 25902 I ViewInteraction: Performing 'replace text(77)' action on view (view.getTag() is "input-peso-meta" and view has effective visibility <VISIBLE>)
04-06 10:41:49.507 25902 25961 I DetoxWSClient: Sending out action 'invokeResult' (ID #10)
04-06 10:41:49.507 25902 25961 I DetoxDispatcher: Done with action 'invoke'
04-06 10:41:49.513 25902 25902 D InputMethodManager: startInputInner - Id : 0
04-06 10:41:49.514 25902 25902 I InputMethodManager: startInputInner - mService.startInputOrWindowGainedFocus
04-06 10:41:49.516 25902 25965 D DetoxWSClient: Received action 'invoke' (ID #11, params={"target":{"type":"Class","value":"com.wix.detox.espresso.DetoxAssertion"},"method":"assertMatcher","args":[{"type":"Invocation","value":{"target":{"type":"Class","value":"androidx.test.espresso.Espresso"},"method":"onView","args":[{"type":"Invocation","value":{"target":{"type":"Class","value":"com.wix.detox.espresso.DetoxMatcher"},"method":"matcherForTestId","args":["input-peso-meta",{"type":"boolean","value":false}]}}]}},{"type":"Invocation","value":{"target":{"type":"Class","value":"com.wix.detox.espresso.DetoxMatcher"},"method":"matcherForText","args":["77",{"type":"boolean","value":false}]}}]})
04-06 10:41:49.516 25902 25961 I DetoxDispatcher: Handling action 'invoke' (ID #11)...
04-06 10:41:49.516 25902 25961 D Detox   : class com.wix.detox.espresso.DetoxMatcher, matcherForTestId, [input-peso-meta, false]
04-06 10:41:49.517 25902 25961 D Detox   : class androidx.test.espresso.Espresso, onView, [(view.getTag() is "input-peso-meta" and view has effective visibility <VISIBLE>)]
04-06 10:41:49.517 25902 25961 D Detox   : class com.wix.detox.espresso.DetoxMatcher, matcherForText, [77, false]
04-06 10:41:49.518 25902 25961 D Detox   : class com.wix.detox.espresso.DetoxAssertion, assertMatcher, [androidx.test.espresso.ViewInteraction@48f35fe, (an instance of android.widget.TextView and view.getText() with or without transformation to match: is "77" and view has effective visibility <VISIBLE>)]
04-06 10:41:49.528 25902 25902 D InsetsController: show(ime(), fromIme=true)
04-06 10:41:49.546 25902 25979 D OpenGLRenderer: setSurface called with nullptr
04-06 10:41:49.546 25902 25979 D OpenGLRenderer: setSurface() destroyed EGLSurface
04-06 10:41:49.546 25902 25979 D OpenGLRenderer: destroyEglSurface
04-06 10:41:49.547 25902 25902 I ViewRootImpl@f1184bb[PopupWindow:85bad4a]: dispatchDetachedFromWindow
04-06 10:41:49.553 25902 25902 D InputTransport: Input channel destroyed: '7cffee ', fd=128
04-06 10:41:49.554 25902 25979 D OpenGLRenderer: setSurface called with nullptr
04-06 10:41:49.554 25902 25979 D OpenGLRenderer: setSurface() destroyed EGLSurface
04-06 10:41:49.554 25902 25979 D OpenGLRenderer: destroyEglSurface
04-06 10:41:49.555 25902 25902 I ViewRootImpl@bc49ba2[PopupWindow:ff8c36d]: dispatchDetachedFromWindow
04-06 10:41:49.558 25902 25902 D InputTransport: Input channel destroyed: '53d2cfa', fd=133
04-06 10:41:49.562 25902 25902 D InsetsController: show(ime(), fromIme=true)
04-06 10:41:49.564 25902 25902 I ViewInteraction: Checking 'MatchesViewAssertion(Detox){viewMatcher=(an instance of android.widget.TextView and view.getText() with or without transformation to match: is "77" and view has effective visibility <VISIBLE>)}' assertion on view (view.getTag() is "input-peso-meta" and view has effective visibility <VISIBLE>)
04-06 10:41:49.566 25902 25961 I DetoxWSClient: Sending out action 'invokeResult' (ID #11)
04-06 10:41:49.566 25902 25961 I DetoxDispatcher: Done with action 'invoke'
04-06 10:41:49.570 25902 25965 D DetoxWSClient: Received action 'invoke' (ID #12, params={"target":{"type":"Class","value":"com.wix.detox.espresso.EspressoDetox"},"method":"perform","args":[{"type":"Invocation","value":{"target":{"type":"Class","value":"com.wix.detox.espresso.DetoxMatcher"},"method":"matcherForTestId","args":["input-altura",{"type":"boolean","value":false}]}},{"type":"Invocation","value":{"target":{"type":"Class","value":"com.wix.detox.espresso.DetoxViewActions"},"method":"click","args":[]}}]})
04-06 10:41:49.570 25902 25961 I DetoxDispatcher: Handling action 'invoke' (ID #12)...
04-06 10:41:49.570 25902 25961 D Detox   : class com.wix.detox.espresso.DetoxMatcher, matcherForTestId, [input-altura, false]
04-06 10:41:49.571 25902 25961 D Detox   : class com.wix.detox.espresso.DetoxViewActions, click, []
04-06 10:41:49.571 25902 25961 D Detox   : class com.wix.detox.espresso.EspressoDetox, perform, [(view.getTag() is "input-altura" and view has effective visibility <VISIBLE>), com.wix.detox.espresso.action.RNClickAction@ff31aae]
04-06 10:41:49.573 25902 25902 I ViewInteraction: Performing 'com.wix.detox.espresso.action.detoxsingletap@d37904f click' action on view (view.getTag() is "input-altura" and view has effective visibility <VISIBLE>)
04-06 10:41:49.612 25902 25902 I ViewRootImpl@73623ee[MainActivity]: ViewPostIme key 0
04-06 10:41:49.622 25902 25902 I ViewRootImpl@73623ee[MainActivity]: ViewPostIme key 1
04-06 10:41:50.041 25902 25961 I DetoxWSClient: Sending out action 'invokeResult' (ID #12)
04-06 10:41:50.041 25902 25961 I DetoxDispatcher: Done with action 'invoke'
04-06 10:41:50.046 25902 25965 D DetoxWSClient: Received action 'invoke' (ID #13, params={"target":{"type":"Class","value":"com.wix.detox.espresso.EspressoDetox"},"method":"perform","args":[{"type":"Invocation","value":{"target":{"type":"Class","value":"com.wix.detox.espresso.DetoxMatcher"},"method":"matcherForTestId","args":["input-altura",{"type":"boolean","value":false}]}},{"type":"Invocation","value":{"target":{"type":"Class","value":"androidx.test.espresso.action.ViewActions"},"method":"clearText","args":[]}}]})
04-06 10:41:50.046 25902 25961 I DetoxDispatcher: Handling action 'invoke' (ID #13)...
04-06 10:41:50.047 25902 25961 D Detox   : class com.wix.detox.espresso.DetoxMatcher, matcherForTestId, [input-altura, false]
04-06 10:41:50.048 25902 25961 D Detox   : class androidx.test.espresso.action.ViewActions, clearText, []
04-06 10:41:50.048 25902 25961 D Detox   : class com.wix.detox.espresso.EspressoDetox, perform, [(view.getTag() is "input-altura" and view has effective visibility <VISIBLE>), androidx.test.espresso.action.ReplaceTextAction@30dbd3]
04-06 10:41:50.054 25902 25902 I ViewInteraction: Performing 'replace text()' action on view (view.getTag() is "input-altura" and view has effective visibility <VISIBLE>)
04-06 10:41:50.065 25902 25961 I DetoxWSClient: Sending out action 'invokeResult' (ID #13)
04-06 10:41:50.080 25902 25961 I DetoxDispatcher: Done with action 'invoke'
04-06 10:41:50.082 25902 25965 D DetoxWSClient: Received action 'invoke' (ID #14, params={"target":{"type":"Class","value":"com.wix.detox.espresso.EspressoDetox"},"method":"perform","args":[{"type":"Invocation","value":{"target":{"type":"Class","value":"com.wix.detox.espresso.DetoxMatcher"},"method":"matcherForTestId","args":["input-altura",{"type":"boolean","value":false}]}},{"type":"Invocation","value":{"target":{"type":"Class","value":"androidx.test.espresso.action.ViewActions"},"method":"replaceText","args":["178"]}}]})
04-06 10:41:50.083 25902 25961 I DetoxDispatcher: Handling action 'invoke' (ID #14)...
04-06 10:41:50.083 25902 25961 D Detox   : class com.wix.detox.espresso.DetoxMatcher, matcherForTestId, [input-altura, false]
04-06 10:41:50.083 25902 25961 D Detox   : class androidx.test.espresso.action.ViewActions, replaceText, [178]
04-06 10:41:50.083 25902 25961 D Detox   : class com.wix.detox.espresso.EspressoDetox, perform, [(view.getTag() is "input-altura" and view has effective visibility <VISIBLE>), androidx.test.espresso.action.ReplaceTextAction@37b447d]
04-06 10:41:50.111 25902 25902 I ViewInteraction: Performing 'replace text(178)' action on view (view.getTag() is "input-altura" and view has effective visibility <VISIBLE>)
04-06 10:41:50.117 25902 25961 I DetoxWSClient: Sending out action 'invokeResult' (ID #14)
04-06 10:41:50.117 25902 25961 I DetoxDispatcher: Done with action 'invoke'
04-06 10:41:50.125 25902 25965 D DetoxWSClient: Received action 'invoke' (ID #15, params={"target":{"type":"Class","value":"com.wix.detox.espresso.DetoxAssertion"},"method":"assertMatcher","args":[{"type":"Invocation","value":{"target":{"type":"Class","value":"androidx.test.espresso.Espresso"},"method":"onView","args":[{"type":"Invocation","value":{"target":{"type":"Class","value":"com.wix.detox.espresso.DetoxMatcher"},"method":"matcherForTestId","args":["input-altura",{"type":"boolean","value":false}]}}]}},{"type":"Invocation","value":{"target":{"type":"Class","value":"com.wix.detox.espresso.DetoxMatcher"},"method":"matcherForText","args":["178",{"type":"boolean","value":false}]}}]})
04-06 10:41:50.125 25902 25961 I DetoxDispatcher: Handling action 'invoke' (ID #15)...
04-06 10:41:50.125 25902 25961 D Detox   : class com.wix.detox.espresso.DetoxMatcher, matcherForTestId, [input-altura, false]
04-06 10:41:50.126 25902 25961 D Detox   : class androidx.test.espresso.Espresso, onView, [(view.getTag() is "input-altura" and view has effective visibility <VISIBLE>)]
04-06 10:41:50.126 25902 25961 D Detox   : class com.wix.detox.espresso.DetoxMatcher, matcherForText, [178, false]
04-06 10:41:50.127 25902 25961 D Detox   : class com.wix.detox.espresso.DetoxAssertion, assertMatcher, [androidx.test.espresso.ViewInteraction@fb59c9c, (an instance of android.widget.TextView and view.getText() with or without transformation to match: is "178" and view has effective visibility <VISIBLE>)]
04-06 10:41:50.174 25902 25902 I ViewInteraction: Checking 'MatchesViewAssertion(Detox){viewMatcher=(an instance of android.widget.TextView and view.getText() with or without transformation to match: is "178" and view has effective visibility <VISIBLE>)}' assertion on view (view.getTag() is "input-altura" and view has effective visibility <VISIBLE>)
04-06 10:41:50.178 25902 25961 I DetoxWSClient: Sending out action 'invokeResult' (ID #15)
04-06 10:41:50.179 25902 25961 I DetoxDispatcher: Done with action 'invoke'
04-06 10:41:50.183 25902 25965 D DetoxWSClient: Received action 'invoke' (ID #16, params={"target":{"type":"Invocation","value":{"target":{"type":"Class","value":"com.wix.detox.uiautomator.UiAutomator"},"method":"uiDevice","args":[]}},"method":"pressBack","args":[]})
04-06 10:41:50.183 25902 25961 I DetoxDispatcher: Handling action 'invoke' (ID #16)...
04-06 10:41:50.184 25902 25961 D Detox   : class com.wix.detox.uiautomator.UiAutomator, uiDevice, []
04-06 10:41:50.187 25902 25961 I UiDevice: Creating a new instance, old instance exists: false
04-06 10:41:50.199 25902 25961 D UiDevice: Setting accessibility service flags: 65618
04-06 10:41:50.846 25902 25961 D UiDevice: Pressing back button.
04-06 10:41:50.877 25902 25902 I ViewRootImpl@73623ee[MainActivity]: The input has been finished in ImeInputStage.
04-06 10:41:50.898 25902 25902 I ViewRootImpl@73623ee[MainActivity]: The input has been finished in ImeInputStage.
04-06 10:41:50.906 25902 25902 D InsetsController: controlAnimationUnchecked: Added types=8 animType=1 host=com.evolucao.app/com.evolucao.app.MainActivity from=android.view.InsetsController.applyAnimation:1576 android.view.InsetsController.applyAnimation:1557 android.view.InsetsController.hide:1093 
04-06 10:41:50.907 25902 25902 D InsetsSourceConsumer: setRequestedVisible: visible=false, type=19, host=com.evolucao.app/com.evolucao.app.MainActivity, from=android.view.InsetsSourceConsumer.hide:257 android.view.ImeInsetsSourceConsumer.hide:88 android.view.ImeInsetsSourceConsumer.hide:94 android.view.InsetsController.hideDirectly:1593 android.view.InsetsController.controlAnimationUnchecked:1234 android.view.InsetsController.applyAnimation:1576 android.view.InsetsController.applyAnimation:1557 android.view.InsetsController.hide:1093 android.view.ViewRootImpl$ViewRootHandler.handleMessageImpl:6765 android.view.ViewRootImpl$ViewRootHandler.handleMessage:6697 
04-06 10:41:50.924 25902 25902 D InsetsController: onStateChanged: InsetsState: {mDisplayFrame=Rect(0, 0 - 1080, 2400), mDisplayCutout=DisplayCutout{insets=Rect(0, 88 - 0, 0) waterfall=Insets{left=0, top=0, right=0, bottom=0} boundingRect={Bounds=[Rect(0, 0 - 0, 0), Rect(512, 0 - 568, 88), Rect(0, 0 - 0, 0), Rect(0, 0 - 0, 0)]} cutoutPathParserInfo={CutoutPathParserInfo{displayWidth=1080 displayHeight=2400 physicalDisplayWidth=1080 physicalDisplayHeight=2400 density={3.0} cutoutSpec={M 0,0 M 0,10.71963616907435 a 9.280363830925644,9.280363830925644 0 1,0 0,18.56072766185129 a 9.280363830925644,9.280363830925644 0 1,0 0,-18.56072766185129 Z @dp} rotation={0} scale={1.0} physicalPixelDisplaySizeRatio={1.0}}}}, mRoundedCorners=RoundedCorners{[RoundedCorner{position=TopLeft, radius=96, center=Point(96, 96)}, RoundedCorner{position=TopRight, radius=96, center=Point(984, 96)}, RoundedCorner{position=BottomRight, radius=96, center=Point(984, 2304)}, RoundedCorner{position=BottomLeft, radius=96, center=Point(96, 2304)}]}  mRoundedCornerFrame=Rect(0, 0 - 1080, 2400), mPrivacyIndicatorBounds=PrivacyIndicatorBounds {static bounds=Rect(948, 0 - 1080, 88) rotation=0}, mSources= { InsetsSource: {mType=ITYPE_STATUS_BAR, mFrame=[0,0][1080,88], mVisible=true, mInsetsRoundedCornerFrame=false}, InsetsSource: {mType=ITYPE_NAVIGATION_BAR, mFrame=[0,2256][1080,2400], mVisible=true, mInsetsRoundedCornerFrame=false}, InsetsSource: {mType=ITYPE_LEFT_GESTURES, mFrame=[0,0][0,2400], mVisible=true, mInsetsRoundedCornerFrame=false}, InsetsSource: {mType=ITYPE_RIGHT_GESTURES, mFrame=[1080,0][1080,2400], mVisible=true, mInsetsRoundedCornerFrame=false}, InsetsSource: {mType=ITYPE_TOP_MANDATORY_GESTURES, mFrame=[0,0][1080,124], mVisible=true, mInsetsRoundedCornerFrame=false}, InsetsSource: {mType=ITYPE_BOTTOM_MANDATORY_GESTURES, mFrame=[0,2256][1080,2400], mVisible=true, mInsetsRoundedCornerFrame=false}, InsetsSource: {mType=ITYPE_LEFT_DISPLAY_CUTOUT, mFrame=[0,0][-100000,2400], mVisible=true, mInsetsRoundedCornerFrame=false}, InsetsSource: {mType=ITYPE_TOP_DISPLAY_CUTOUT, mFrame=[0,0][1080,88], mVisible=true, mInsetsRoundedCornerFrame=false}, InsetsSource: {mType=ITYPE_RIGHT_DISPLAY_CUTOUT, mFrame=[100000,0][1080,2400], mVisible=true, mInsetsRoundedCornerFrame=false}, InsetsSource: {mType=ITYPE_BOTTOM_DISPLAY_CUTOUT, mFrame=[0,100000][1080,2400], mVisible=true, mInsetsRoundedCornerFrame=false}, InsetsSource: {mType=ITYPE_TOP_TAPPABLE_ELEMENT, mFrame=[0,0][1080,88], mVisible=true, mInsetsRoundedCornerFrame=false}, InsetsSource: {mType=ITYPE_BOTTOM_TAPPABLE_ELEMENT, mFrame=[0,2256][1080,2400], mVisible=true, mInsetsRoundedCornerFrame=false}, InsetsSource: {mType=ITYPE_IME, mFrame=[0,1374][1080,2400], mVisibleFrame=[0,1374][1080,2400], mVisible=false, mInsetsRoundedCornerFrame=false} } host=com.evolucao.app/com.evolucao.app.MainActivity from=android.view.ViewRootImpl$ViewRootHandler.handleMessageImpl:6740
04-06 10:41:50.925 25902 26072 I ViewRootImpl@73623ee[MainActivity]: Resizing android.view.ViewRootImpl@25a16ab: frame = [0,0][1080,2400] reportDraw = false forceLayout = false syncSeqId = 0
04-06 10:41:50.925 25902 25961 I DetoxWSClient: Sending out action 'invokeResult' (ID #16)
04-06 10:41:50.926 25902 25961 I DetoxDispatcher: Done with action 'invoke'
04-06 10:41:50.927 25902 25902 I ViewRootImpl@73623ee[MainActivity]: handleResized, msg = 4 frames=ClientWindowFrames{frame=[0,0][1080,2400] display=[0,0][1080,2400] parentFrame=[0,0][0,0] parentClippedByDisplayCutout=false} forceNextWindowRelayout=false displayId=0 resizeMode=-1 frameChanged=false displayFrameChanged=false configChanged=false displayChanged=false
