04-06 10:44:37.909 27243 27278 D DetoxWSClient: Received action 'invoke' (ID #5, params={"target":{"type":"Class","value":"com.wix.detox.espresso.EspressoDetox"},"method":"perform","args":[{"type":"Invocation","value":{"target":{"type":"Class","value":"com.wix.detox.espresso.DetoxMatcher"},"method":"matcherForTestId","args":["input-peso-atual",{"type":"boolean","value":false}]}},{"type":"Invocation","value":{"target":{"type":"Class","value":"androidx.test.espresso.action.ViewActions"},"method":"clearText","args":[]}}]})
04-06 10:44:37.909 27243 27274 I DetoxDispatcher: Handling action 'invoke' (ID #5)...
04-06 10:44:37.910 27243 27274 D Detox   : class com.wix.detox.espresso.DetoxMatcher, matcherForTestId, [input-peso-atual, false]
04-06 10:44:37.910 27243 27274 D Detox   : class androidx.test.espresso.action.ViewActions, clearText, []
04-06 10:44:37.911 27243 27274 D Detox   : class com.wix.detox.espresso.EspressoDetox, perform, [(view.getTag() is "input-peso-atual" and view has effective visibility <VISIBLE>), androidx.test.espresso.action.ReplaceTextAction@5f0e4fb]
04-06 10:44:37.917 27243 27243 I ViewInteraction: Performing 'replace text()' action on view (view.getTag() is "input-peso-atual" and view has effective visibility <VISIBLE>)
04-06 10:44:37.928 27243 27274 I DetoxWSClient: Sending out action 'invokeResult' (ID #5)
04-06 10:44:37.929 27243 27274 I DetoxDispatcher: Done with action 'invoke'
04-06 10:44:37.934 27243 27278 D DetoxWSClient: Received action 'invoke' (ID #6, params={"target":{"type":"Class","value":"com.wix.detox.espresso.EspressoDetox"},"method":"perform","args":[{"type":"Invocation","value":{"target":{"type":"Class","value":"com.wix.detox.espresso.DetoxMatcher"},"method":"matcherForTestId","args":["input-peso-atual",{"type":"boolean","value":false}]}},{"type":"Invocation","value":{"target":{"type":"Class","value":"androidx.test.espresso.action.ViewActions"},"method":"replaceText","args":["82"]}}]})
04-06 10:44:37.934 27243 27274 I DetoxDispatcher: Handling action 'invoke' (ID #6)...
04-06 10:44:37.935 27243 27274 D Detox   : class com.wix.detox.espresso.DetoxMatcher, matcherForTestId, [input-peso-atual, false]
04-06 10:44:37.935 27243 27274 D Detox   : class androidx.test.espresso.action.ViewActions, replaceText, [82]
04-06 10:44:37.935 27243 27274 D Detox   : class com.wix.detox.espresso.EspressoDetox, perform, [(view.getTag() is "input-peso-atual" and view has effective visibility <VISIBLE>), androidx.test.espresso.action.ReplaceTextAction@8df452e]
04-06 10:44:37.937 27243 27243 D InputMethodManager: startInputInner - Id : 0
04-06 10:44:37.938 27243 27243 I InputMethodManager: startInputInner - mService.startInputOrWindowGainedFocus
04-06 10:44:37.973 27243 27251 I om.evolucao.app: Compiler allocated 6133KB to compile void android.view.ViewRootImpl.performTraversals()
04-06 10:44:37.979 27243 27243 D InputMethodManager: startInputInner - Id : 0
04-06 10:44:37.979 27243 27243 I InputMethodManager: startInputInner - mService.startInputOrWindowGainedFocus
04-06 10:44:37.982 27243 27243 D InsetsController: show(ime(), fromIme=true)
04-06 10:44:37.984 27243 27243 I ViewInteraction: Performing 'replace text(82)' action on view (view.getTag() is "input-peso-atual" and view has effective visibility <VISIBLE>)
04-06 10:44:37.989 27243 27274 I DetoxWSClient: Sending out action 'invokeResult' (ID #6)
04-06 10:44:37.989 27243 27274 I DetoxDispatcher: Done with action 'invoke'
04-06 10:44:37.995 27243 27243 D InputMethodManager: startInputInner - Id : 0
04-06 10:44:37.996 27243 27278 D DetoxWSClient: Received action 'invoke' (ID #7, params={"target":{"type":"Class","value":"com.wix.detox.espresso.DetoxAssertion"},"method":"assertMatcher","args":[{"type":"Invocation","value":{"target":{"type":"Class","value":"androidx.test.espresso.Espresso"},"method":"onView","args":[{"type":"Invocation","value":{"target":{"type":"Class","value":"com.wix.detox.espresso.DetoxMatcher"},"method":"matcherForTestId","args":["input-peso-atual",{"type":"boolean","value":false}]}}]}},{"type":"Invocation","value":{"target":{"type":"Class","value":"com.wix.detox.espresso.DetoxMatcher"},"method":"matcherForText","args":["82",{"type":"boolean","value":false}]}}]})
04-06 10:44:37.996 27243 27243 I InputMethodManager: startInputInner - mService.startInputOrWindowGainedFocus
04-06 10:44:37.996 27243 27274 I DetoxDispatcher: Handling action 'invoke' (ID #7)...
04-06 10:44:37.996 27243 27274 D Detox   : class com.wix.detox.espresso.DetoxMatcher, matcherForTestId, [input-peso-atual, false]
04-06 10:44:37.996 27243 27274 D Detox   : class androidx.test.espresso.Espresso, onView, [(view.getTag() is "input-peso-atual" and view has effective visibility <VISIBLE>)]
04-06 10:44:37.997 27243 27274 D Detox   : class com.wix.detox.espresso.DetoxMatcher, matcherForText, [82, false]
04-06 10:44:37.998 27243 27274 D Detox   : class com.wix.detox.espresso.DetoxAssertion, assertMatcher, [androidx.test.espresso.ViewInteraction@55dee45, (an instance of android.widget.TextView and view.getText() with or without transformation to match: is "82" and view has effective visibility <VISIBLE>)]
04-06 10:44:38.006 27243 27243 D InsetsController: show(ime(), fromIme=true)
04-06 10:44:38.020 27243 27291 D OpenGLRenderer: setSurface called with nullptr
04-06 10:44:38.020 27243 27291 D OpenGLRenderer: setSurface() destroyed EGLSurface
04-06 10:44:38.020 27243 27291 D OpenGLRenderer: destroyEglSurface
04-06 10:44:38.021 27243 27243 I ViewRootImpl@71eeeb8[PopupWindow:3c6bd1b]: dispatchDetachedFromWindow
04-06 10:44:38.027 27243 27243 D InputTransport: Input channel destroyed: 'ba1fb5f', fd=170
04-06 10:44:38.028 27243 27291 D OpenGLRenderer: setSurface called with nullptr
04-06 10:44:38.028 27243 27291 D OpenGLRenderer: setSurface() destroyed EGLSurface
04-06 10:44:38.028 27243 27291 D OpenGLRenderer: destroyEglSurface
04-06 10:44:38.028 27243 27243 I ViewRootImpl@dc5b493[PopupWindow:75d582]: dispatchDetachedFromWindow
04-06 10:44:38.034 27243 27243 D InputTransport: Input channel destroyed: '277e7d ', fd=171
04-06 10:44:38.034 27243 27243 D InsetsController: show(ime(), fromIme=true)
04-06 10:44:38.043 27243 27243 I ViewInteraction: Checking 'MatchesViewAssertion(Detox){viewMatcher=(an instance of android.widget.TextView and view.getText() with or without transformation to match: is "82" and view has effective visibility <VISIBLE>)}' assertion on view (view.getTag() is "input-peso-atual" and view has effective visibility <VISIBLE>)
04-06 10:44:38.046 27243 27274 I DetoxWSClient: Sending out action 'invokeResult' (ID #7)
04-06 10:44:38.046 27243 27274 I DetoxDispatcher: Done with action 'invoke'
04-06 10:44:38.049 27243 27278 D DetoxWSClient: Received action 'invoke' (ID #8, params={"target":{"type":"Class","value":"com.wix.detox.espresso.EspressoDetox"},"method":"perform","args":[{"type":"Invocation","value":{"target":{"type":"Class","value":"com.wix.detox.espresso.DetoxMatcher"},"method":"matcherForTestId","args":["input-peso-meta",{"type":"boolean","value":false}]}},{"type":"Invocation","value":{"target":{"type":"Class","value":"com.wix.detox.espresso.DetoxViewActions"},"method":"click","args":[]}}]})
04-06 10:44:38.050 27243 27274 I DetoxDispatcher: Handling action 'invoke' (ID #8)...
04-06 10:44:38.050 27243 27274 D Detox   : class com.wix.detox.espresso.DetoxMatcher, matcherForTestId, [input-peso-meta, false]
04-06 10:44:38.050 27243 27274 D Detox   : class com.wix.detox.espresso.DetoxViewActions, click, []
04-06 10:44:38.050 27243 27274 D Detox   : class com.wix.detox.espresso.EspressoDetox, perform, [(view.getTag() is "input-peso-meta" and view has effective visibility <VISIBLE>), com.wix.detox.espresso.action.RNClickAction@72ff2b5]
04-06 10:44:38.056 27243 27243 I ViewInteraction: Performing 'com.wix.detox.espresso.action.detoxsingletap@85bad4a click' action on view (view.getTag() is "input-peso-meta" and view has effective visibility <VISIBLE>)
04-06 10:44:38.062 27243 27243 I ViewRootImpl@73623ee[MainActivity]: ViewPostIme pointer 0
04-06 10:44:38.092 27243 27243 I ViewRootImpl@73623ee[MainActivity]: ViewPostIme pointer 1
04-06 10:44:38.101 27243 27243 D InputMethodManager: startInputInner - Id : 0
04-06 10:44:38.101 27243 27243 I InputMethodManager: startInputInner - mService.startInputOrWindowGainedFocus
04-06 10:44:38.105 27243 27243 I IMM_LC  : showSoftInput(View,I)
04-06 10:44:38.106 27243 27243 I IMM_LC  : ssi() - flag : 0 view : com.evolucao.app reason = SHOW_SOFT_INPUT
04-06 10:44:38.115 27243 27291 D NativeCustomFrequencyManager: [NativeCFMS] BpCustomFrequencyManager::BpCustomFrequencyManager()
04-06 10:44:38.120 27243 27243 D InsetsController: onStateChanged: InsetsState: {mDisplayFrame=Rect(0, 0 - 1080, 2400), mDisplayCutout=DisplayCutout{insets=Rect(0, 88 - 0, 0) waterfall=Insets{left=0, top=0, right=0, bottom=0} boundingRect={Bounds=[Rect(0, 0 - 0, 0), Rect(512, 0 - 568, 88), Rect(0, 0 - 0, 0), Rect(0, 0 - 0, 0)]} cutoutPathParserInfo={CutoutPathParserInfo{displayWidth=1080 displayHeight=2400 physicalDisplayWidth=1080 physicalDisplayHeight=2400 density={3.0} cutoutSpec={M 0,0 M 0,10.71963616907435 a 9.280363830925644,9.280363830925644 0 1,0 0,18.56072766185129 a 9.280363830925644,9.280363830925644 0 1,0 0,-18.56072766185129 Z @dp} rotation={0} scale={1.0} physicalPixelDisplaySizeRatio={1.0}}}}, mRoundedCorners=RoundedCorners{[RoundedCorner{position=TopLeft, radius=96, center=Point(96, 96)}, RoundedCorner{position=TopRight, radius=96, center=Point(984, 96)}, RoundedCorner{position=BottomRight, radius=96, center=Point(984, 2304)}, RoundedCorner{position=BottomLeft, radius=96, center=Point(96, 2304)}]}  mRoundedCornerFrame=Rect(0, 0 - 1080, 2400), mPrivacyIndicatorBounds=PrivacyIndicatorBounds {static bounds=Rect(948, 0 - 1080, 88) rotation=0}, mSources= { InsetsSource: {mType=ITYPE_STATUS_BAR, mFrame=[0,0][1080,88], mVisible=true, mInsetsRoundedCornerFrame=false}, InsetsSource: {mType=ITYPE_NAVIGATION_BAR, mFrame=[0,2256][1080,2400], mVisible=true, mInsetsRoundedCornerFrame=false}, InsetsSource: {mType=ITYPE_LEFT_GESTURES, mFrame=[0,0][0,2400], mVisible=true, mInsetsRoundedCornerFrame=false}, InsetsSource: {mType=ITYPE_RIGHT_GESTURES, mFrame=[1080,0][1080,2400], mVisible=true, mInsetsRoundedCornerFrame=false}, InsetsSource: {mType=ITYPE_TOP_MANDATORY_GESTURES, mFrame=[0,0][1080,124], mVisible=true, mInsetsRoundedCornerFrame=false}, InsetsSource: {mType=ITYPE_BOTTOM_MANDATORY_GESTURES, mFrame=[0,2256][1080,2400], mVisible=true, mInsetsRoundedCornerFrame=false}, InsetsSource: {mType=ITYPE_LEFT_DISPLAY_CUTOUT, mFrame=[0,0][-100000,2400], mVisible=true, mInsetsRoundedCornerFrame=false}, InsetsSource: {mType=ITYPE_TOP_DISPLAY_CUTOUT, mFrame=[0,0][1080,88], mVisible=true, mInsetsRoundedCornerFrame=false}, InsetsSource: {mType=ITYPE_RIGHT_DISPLAY_CUTOUT, mFrame=[100000,0][1080,2400], mVisible=true, mInsetsRoundedCornerFrame=false}, InsetsSource: {mType=ITYPE_BOTTOM_DISPLAY_CUTOUT, mFrame=[0,100000][1080,2400], mVisible=true, mInsetsRoundedCornerFrame=false}, InsetsSource: {mType=ITYPE_TOP_TAPPABLE_ELEMENT, mFrame=[0,0][1080,88], mVisible=true, mInsetsRoundedCornerFrame=false}, InsetsSource: {mType=ITYPE_BOTTOM_TAPPABLE_ELEMENT, mFrame=[0,2256][1080,2400], mVisible=true, mInsetsRoundedCornerFrame=false} } host=PopupWindow:488add8 from=android.view.ViewRootImpl.setView:1732
04-06 10:44:38.121 27243 27243 I ViewRootImpl@3a0531[PopupWindow:488add8]: setView = android.widget.PopupWindow$PopupDecorView@ff8c36d TM=false
04-06 10:44:38.124 27243 27291 D NativeCustomFrequencyManager: [NativeCFMS] BpCustomFrequencyManager::BpCustomFrequencyManager()
04-06 10:44:38.127 27243 27243 D InsetsController: onStateChanged: InsetsState: {mDisplayFrame=Rect(0, 0 - 1080, 2400), mDisplayCutout=DisplayCutout{insets=Rect(0, 88 - 0, 0) waterfall=Insets{left=0, top=0, right=0, bottom=0} boundingRect={Bounds=[Rect(0, 0 - 0, 0), Rect(512, 0 - 568, 88), Rect(0, 0 - 0, 0), Rect(0, 0 - 0, 0)]} cutoutPathParserInfo={CutoutPathParserInfo{displayWidth=1080 displayHeight=2400 physicalDisplayWidth=1080 physicalDisplayHeight=2400 density={3.0} cutoutSpec={M 0,0 M 0,10.71963616907435 a 9.280363830925644,9.280363830925644 0 1,0 0,18.56072766185129 a 9.280363830925644,9.280363830925644 0 1,0 0,-18.56072766185129 Z @dp} rotation={0} scale={1.0} physicalPixelDisplaySizeRatio={1.0}}}}, mRoundedCorners=RoundedCorners{[RoundedCorner{position=TopLeft, radius=96, center=Point(96, 96)}, RoundedCorner{position=TopRight, radius=96, center=Point(984, 96)}, RoundedCorner{position=BottomRight, radius=96, center=Point(984, 2304)}, RoundedCorner{position=BottomLeft, radius=96, center=Point(96, 2304)}]}  mRoundedCornerFrame=Rect(0, 0 - 1080, 2400), mPrivacyIndicatorBounds=PrivacyIndicatorBounds {static bounds=Rect(948, 0 - 1080, 88) rotation=0}, mSources= { InsetsSource: {mType=ITYPE_STATUS_BAR, mFrame=[0,0][1080,88], mVisible=true, mInsetsRoundedCornerFrame=false}, InsetsSource: {mType=ITYPE_NAVIGATION_BAR, mFrame=[0,2256][1080,2400], mVisible=true, mInsetsRoundedCornerFrame=false}, InsetsSource: {mType=ITYPE_LEFT_GESTURES, mFrame=[0,0][0,2400], mVisible=true, mInsetsRoundedCornerFrame=false}, InsetsSource: {mType=ITYPE_RIGHT_GESTURES, mFrame=[1080,0][1080,2400], mVisible=true, mInsetsRoundedCornerFrame=false}, InsetsSource: {mType=ITYPE_TOP_MANDATORY_GESTURES, mFrame=[0,0][1080,124], mVisible=true, mInsetsRoundedCornerFrame=false}, InsetsSource: {mType=ITYPE_BOTTOM_MANDATORY_GESTURES, mFrame=[0,2256][1080,2400], mVisible=true, mInsetsRoundedCornerFrame=false}, InsetsSource: {mType=ITYPE_LEFT_DISPLAY_CUTOUT, mFrame=[0,0][-100000,2400], mVisible=true, mInsetsRoundedCornerFrame=false}, InsetsSource: {mType=ITYPE_TOP_DISPLAY_CUTOUT, mFrame=[0,0][1080,88], mVisible=true, mInsetsRoundedCornerFrame=false}, InsetsSource: {mType=ITYPE_RIGHT_DISPLAY_CUTOUT, mFrame=[100000,0][1080,2400], mVisible=true, mInsetsRoundedCornerFrame=false}, InsetsSource: {mType=ITYPE_BOTTOM_DISPLAY_CUTOUT, mFrame=[0,100000][1080,2400], mVisible=true, mInsetsRoundedCornerFrame=false}, InsetsSource: {mType=ITYPE_TOP_TAPPABLE_ELEMENT, mFrame=[0,0][1080,88], mVisible=true, mInsetsRoundedCornerFrame=false}, InsetsSource: {mType=ITYPE_BOTTOM_TAPPABLE_ELEMENT, mFrame=[0,2256][1080,2400], mVisible=true, mInsetsRoundedCornerFrame=false} } host=PopupWindow:b6dd033 from=android.view.ViewRootImpl.setView:1732
04-06 10:44:38.128 27243 27243 I ViewRootImpl@da35ff0[PopupWindow:b6dd033]: setView = android.widget.PopupWindow$PopupDecorView@a768b1c TM=false
04-06 10:44:38.130 27243 27243 W RemoteInputConnectionImpl: requestCursorAnchorInfo on inactive InputConnection
04-06 10:44:38.132 27243 27243 I IMM_LC  : showSoftInput(View,I)
04-06 10:44:38.132 27243 27243 I IMM_LC  : ssi() - flag : 0 view : com.evolucao.app reason = SHOW_SOFT_INPUT
04-06 10:44:38.134 27243 27243 I ViewRootImpl@3a0531[PopupWindow:488add8]: performTraversals params={(112,1390)(90x108) gr=TOP START CENTER sim={state=unchanged adjust=pan} ty=APPLICATION_SUB_PANEL fmt=TRANSLUCENT wanim=0x1030313 surfaceInsets=Rect(0, 0 - 0, 0) (manual)
04-06 10:44:38.134 27243 27243 I ViewRootImpl@3a0531[PopupWindow:488add8]:   fl=41800208
04-06 10:44:38.134 27243 27243 I ViewRootImpl@3a0531[PopupWindow:488add8]:   pfl=2018000
04-06 10:44:38.134 27243 27243 I ViewRootImpl@3a0531[PopupWindow:488add8]:   bhv=DEFAULT
04-06 10:44:38.134 27243 27243 I ViewRootImpl@3a0531[PopupWindow:488add8]:   fitTypes=STATUS_BARS NAVIGATION_BARS CAPTION_BAR naviIconColor=0
04-06 10:44:38.134 27243 27243 I ViewRootImpl@3a0531[PopupWindow:488add8]:   sfl=20000}
04-06 10:44:38.135 27243 27243 I ViewRootImpl@3a0531[PopupWindow:488add8]: performTraversals mFirst=true windowShouldResize=true viewVisibilityChanged=false mForceNextWindowRelayout=false params={(112,1390)(90x108) gr=TOP START CENTER sim={state=unchanged adjust=pan} ty=APPLICATION_SUB_PANEL fmt=TRANSLUCENT wanim=0x1030313 surfaceInsets=Rect(0, 0 - 0, 0) (manual)
04-06 10:44:38.135 27243 27243 I ViewRootImpl@3a0531[PopupWindow:488add8]:   fl=41800208
04-06 10:44:38.135 27243 27243 I ViewRootImpl@3a0531[PopupWindow:488add8]:   pfl=42018000
04-06 10:44:38.135 27243 27243 I ViewRootImpl@3a0531[PopupWindow:488add8]:   bhv=DEFAULT
04-06 10:44:38.135 27243 27243 I ViewRootImpl@3a0531[PopupWindow:488add8]:   fitTypes=STATUS_BARS NAVIGATION_BARS CAPTION_BAR naviIconColor=0
04-06 10:44:38.135 27243 27243 I ViewRootImpl@3a0531[PopupWindow:488add8]:   sfl=20000}
04-06 10:44:38.143 27243 27259 I ViewRootImpl@3a0531[PopupWindow:488add8]: Resizing android.view.ViewRootImpl@bc49ba2: frame = [112,1390][202,1498] reportDraw = true forceLayout = false syncSeqId = 0
04-06 10:44:38.146 27243 27243 I ViewRootImpl@3a0531[PopupWindow:488add8]: updateBlastSurfaceIfNeeded mBlastBufferQueue=null isSameSurfaceControl=false
04-06 10:44:38.146 27243 27243 I BLASTBufferQueue: new BLASTBufferQueue, mName= ViewRootImpl@3a0531[PopupWindow:488add8] mNativeObject= 0xb4000070a074b200 sc.mNativeObject= 0xb4000070a0914c40 caller= android.view.ViewRootImpl.updateBlastSurfaceIfNeeded:2909 android.view.ViewRootImpl.relayoutWindow:9847 android.view.ViewRootImpl.performTraversals:3884 android.view.ViewRootImpl.doTraversal:3116 android.view.ViewRootImpl$TraversalRunnable.run:10885 android.view.Choreographer$CallbackRecord.run:1301 android.view.Choreographer$CallbackRecord.run:1309 android.view.Choreographer.doCallbacks:923 android.view.Choreographer.doFrame:852 android.view.Choreographer$FrameDisplayEventReceiver.run:1283 
04-06 10:44:38.147 27243 27243 I BLASTBufferQueue: update, w= 90 h= 108 mName = ViewRootImpl@3a0531[PopupWindow:488add8] mNativeObject= 0xb4000070a074b200 sc.mNativeObject= 0xb4000070a0914c40 format= -3 caller= android.graphics.BLASTBufferQueue.<init>:84 android.view.ViewRootImpl.updateBlastSurfaceIfNeeded:2909 android.view.ViewRootImpl.relayoutWindow:9847 android.view.ViewRootImpl.performTraversals:3884 android.view.ViewRootImpl.doTraversal:3116 android.view.ViewRootImpl$TraversalRunnable.run:10885 
04-06 10:44:38.147 27243 27243 I ViewRootImpl@3a0531[PopupWindow:488add8]: Relayout returned: old=(112,1390,202,1498) new=(112,1390,202,1498) req=(90,108)0 dur=11 res=0x3 s={true 0xb4000070a70b0000} ch=true seqId=0
04-06 10:44:38.148 27243 27243 I ViewRootImpl@3a0531[PopupWindow:488add8]: mThreadedRenderer.initialize() mSurface={isValid=true 0xb4000070a70b0000} hwInitialized=true
04-06 10:44:38.148 27243 27291 D OpenGLRenderer: eglCreateWindowSurface
04-06 10:44:38.149 27243 27243 I ViewRootImpl@3a0531[PopupWindow:488add8]: reportNextDraw android.view.ViewRootImpl.performTraversals:4438 android.view.ViewRootImpl.doTraversal:3116 android.view.ViewRootImpl$TraversalRunnable.run:10885 android.view.Choreographer$CallbackRecord.run:1301 android.view.Choreographer$CallbackRecord.run:1309 
04-06 10:44:38.149 27243 27243 I ViewRootImpl@3a0531[PopupWindow:488add8]: Setup new sync id=0
04-06 10:44:38.149 27243 27243 I ViewRootImpl@3a0531[PopupWindow:488add8]: Setting syncFrameCallback
04-06 10:44:38.149 27243 27243 I ViewRootImpl@3a0531[PopupWindow:488add8]: registerCallbacksForSync syncBuffer=false
04-06 10:44:38.150 27243 27313 I ViewRootImpl@3a0531[PopupWindow:488add8]: Received frameDrawingCallback syncResult=0 frameNum=1.
04-06 10:44:38.150 27243 27313 I ViewRootImpl@3a0531[PopupWindow:488add8]: Setting up sync and frameCommitCallback
04-06 10:44:38.150 27243 27291 I BLASTBufferQueue: [ViewRootImpl@3a0531[PopupWindow:488add8]#4](f:0,a:0) onFrameAvailable the first frame is available
04-06 10:44:38.151 27243 27291 I ViewRootImpl@3a0531[PopupWindow:488add8]: Received frameCommittedCallback lastAttemptedDrawFrameNum=1 didProduceBuffer=true
04-06 10:44:38.152 27243 27291 D OpenGLRenderer: CFMS:: SetUp Pid : 27243    Tid : 27291
04-06 10:44:38.152 27243 27291 W Parcel  : Expecting binder but got null!
04-06 10:44:38.152 27243 27243 I ViewRootImpl@3a0531[PopupWindow:488add8]: onSyncComplete
04-06 10:44:38.152 27243 27243 I ViewRootImpl@3a0531[PopupWindow:488add8]: setupSync seqId=0 mSyncId=0 fn=1 caller=android.view.ViewRootImpl$$ExternalSyntheticLambda11.accept:6 android.window.SurfaceSyncer.lambda$setupSync$1$android-window-SurfaceSyncer:128 android.window.SurfaceSyncer$$ExternalSyntheticLambda1.accept:8 android.window.SurfaceSyncer$SyncSet.checkIfSyncIsComplete:382 android.window.SurfaceSyncer$SyncSet.markSyncReady:359 android.window.SurfaceSyncer.markSyncReady:151 android.view.ViewRootImpl.performTraversals:4503 
04-06 10:44:38.154 27243 27243 I ViewRootImpl@da35ff0[PopupWindow:b6dd033]: performTraversals params={(112,1296)(90x94) gr=TOP START CENTER sim={state=unchanged adjust=pan} ty=APPLICATION_SUB_PANEL fmt=TRANSLUCENT wanim=0x1030313 surfaceInsets=Rect(0, 0 - 0, 0) (manual)
04-06 10:44:38.154 27243 27243 I ViewRootImpl@da35ff0[PopupWindow:b6dd033]:   fl=41800218
04-06 10:44:38.154 27243 27243 I ViewRootImpl@da35ff0[PopupWindow:b6dd033]:   pfl=2018000
04-06 10:44:38.154 27243 27243 I ViewRootImpl@da35ff0[PopupWindow:b6dd033]:   bhv=DEFAULT
04-06 10:44:38.154 27243 27243 I ViewRootImpl@da35ff0[PopupWindow:b6dd033]:   fitTypes=STATUS_BARS NAVIGATION_BARS CAPTION_BAR naviIconColor=0
04-06 10:44:38.154 27243 27243 I ViewRootImpl@da35ff0[PopupWindow:b6dd033]:   sfl=20000}
04-06 10:44:38.154 27243 27243 I ViewRootImpl@da35ff0[PopupWindow:b6dd033]: performTraversals mFirst=true windowShouldResize=true viewVisibilityChanged=false mForceNextWindowRelayout=false params={(112,1296)(90x94) gr=TOP START CENTER sim={state=unchanged adjust=pan} ty=APPLICATION_SUB_PANEL fmt=TRANSLUCENT wanim=0x1030313 surfaceInsets=Rect(0, 0 - 0, 0) (manual)
04-06 10:44:38.154 27243 27243 I ViewRootImpl@da35ff0[PopupWindow:b6dd033]:   fl=41800218
04-06 10:44:38.154 27243 27243 I ViewRootImpl@da35ff0[PopupWindow:b6dd033]:   pfl=42018000
04-06 10:44:38.154 27243 27243 I ViewRootImpl@da35ff0[PopupWindow:b6dd033]:   bhv=DEFAULT
04-06 10:44:38.154 27243 27243 I ViewRootImpl@da35ff0[PopupWindow:b6dd033]:   fitTypes=STATUS_BARS NAVIGATION_BARS CAPTION_BAR naviIconColor=0
04-06 10:44:38.154 27243 27243 I ViewRootImpl@da35ff0[PopupWindow:b6dd033]:   sfl=20000}
04-06 10:44:38.158 27243 27367 I ViewRootImpl@da35ff0[PopupWindow:b6dd033]: Resizing android.view.ViewRootImpl@683f325: frame = [112,1296][202,1390] reportDraw = true forceLayout = false syncSeqId = 0
04-06 10:44:38.159 27243 27243 I ViewRootImpl@da35ff0[PopupWindow:b6dd033]: updateBlastSurfaceIfNeeded mBlastBufferQueue=null isSameSurfaceControl=false
04-06 10:44:38.160 27243 27243 I BLASTBufferQueue: new BLASTBufferQueue, mName= ViewRootImpl@da35ff0[PopupWindow:b6dd033] mNativeObject= 0xb4000070a074b580 sc.mNativeObject= 0xb4000070a0914ec0 caller= android.view.ViewRootImpl.updateBlastSurfaceIfNeeded:2909 android.view.ViewRootImpl.relayoutWindow:9847 android.view.ViewRootImpl.performTraversals:3884 android.view.ViewRootImpl.doTraversal:3116 android.view.ViewRootImpl$TraversalRunnable.run:10885 android.view.Choreographer$CallbackRecord.run:1301 android.view.Choreographer$CallbackRecord.run:1309 android.view.Choreographer.doCallbacks:923 android.view.Choreographer.doFrame:852 android.view.Choreographer$FrameDisplayEventReceiver.run:1283 
04-06 10:44:38.160 27243 27243 I BLASTBufferQueue: update, w= 90 h= 94 mName = ViewRootImpl@da35ff0[PopupWindow:b6dd033] mNativeObject= 0xb4000070a074b580 sc.mNativeObject= 0xb4000070a0914ec0 format= -3 caller= android.graphics.BLASTBufferQueue.<init>:84 android.view.ViewRootImpl.updateBlastSurfaceIfNeeded:2909 android.view.ViewRootImpl.relayoutWindow:9847 android.view.ViewRootImpl.performTraversals:3884 android.view.ViewRootImpl.doTraversal:3116 android.view.ViewRootImpl$TraversalRunnable.run:10885 
04-06 10:44:38.161 27243 27243 I ViewRootImpl@da35ff0[PopupWindow:b6dd033]: Relayout returned: old=(112,1296,202,1390) new=(112,1296,202,1390) req=(90,94)0 dur=5 res=0x3 s={true 0xb4000070a70ad800} ch=true seqId=0
04-06 10:44:38.161 27243 27243 I ViewRootImpl@da35ff0[PopupWindow:b6dd033]: mThreadedRenderer.initialize() mSurface={isValid=true 0xb4000070a70ad800} hwInitialized=true
04-06 10:44:38.161 27243 27291 D OpenGLRenderer: eglCreateWindowSurface
04-06 10:44:38.162 27243 27243 I ViewRootImpl@da35ff0[PopupWindow:b6dd033]: reportNextDraw android.view.ViewRootImpl.performTraversals:4438 android.view.ViewRootImpl.doTraversal:3116 android.view.ViewRootImpl$TraversalRunnable.run:10885 android.view.Choreographer$CallbackRecord.run:1301 android.view.Choreographer$CallbackRecord.run:1309 
04-06 10:44:38.162 27243 27243 I ViewRootImpl@da35ff0[PopupWindow:b6dd033]: Setup new sync id=0
04-06 10:44:38.162 27243 27243 I ViewRootImpl@da35ff0[PopupWindow:b6dd033]: Setting syncFrameCallback
04-06 10:44:38.162 27243 27243 I ViewRootImpl@da35ff0[PopupWindow:b6dd033]: registerCallbacksForSync syncBuffer=false
04-06 10:44:38.163 27243 27314 I ViewRootImpl@da35ff0[PopupWindow:b6dd033]: Received frameDrawingCallback syncResult=0 frameNum=1.
04-06 10:44:38.163 27243 27314 I ViewRootImpl@da35ff0[PopupWindow:b6dd033]: Setting up sync and frameCommitCallback
04-06 10:44:38.163 27243 27291 I BLASTBufferQueue: [ViewRootImpl@da35ff0[PopupWindow:b6dd033]#5](f:0,a:0) onFrameAvailable the first frame is available
04-06 10:44:38.164 27243 27291 I ViewRootImpl@da35ff0[PopupWindow:b6dd033]: Received frameCommittedCallback lastAttemptedDrawFrameNum=1 didProduceBuffer=true
04-06 10:44:38.164 27243 27291 D OpenGLRenderer: CFMS:: SetUp Pid : 27243    Tid : 27291
04-06 10:44:38.164 27243 27291 W Parcel  : Expecting binder but got null!
04-06 10:44:38.164 27243 27243 I ViewRootImpl@da35ff0[PopupWindow:b6dd033]: onSyncComplete
04-06 10:44:38.165 27243 27243 I ViewRootImpl@da35ff0[PopupWindow:b6dd033]: setupSync seqId=0 mSyncId=0 fn=1 caller=android.view.ViewRootImpl$$ExternalSyntheticLambda11.accept:6 android.window.SurfaceSyncer.lambda$setupSync$1$android-window-SurfaceSyncer:128 android.window.SurfaceSyncer$$ExternalSyntheticLambda1.accept:8 android.window.SurfaceSyncer$SyncSet.checkIfSyncIsComplete:382 android.window.SurfaceSyncer$SyncSet.markSyncReady:359 android.window.SurfaceSyncer.markSyncReady:151 android.view.ViewRootImpl.performTraversals:4503 
04-06 10:44:38.165 27243 27243 I ViewRootImpl@da35ff0[PopupWindow:b6dd033]: reportDrawFinished seqId=0 mSyncId=-1 fn=1 mSurfaceChangedTransaction=0xb4000070a02cc900
04-06 10:44:38.165 27243 27243 I ViewRootImpl@3a0531[PopupWindow:488add8]: reportDrawFinished seqId=0 mSyncId=-1 fn=1 mSurfaceChangedTransaction=0xb400007006166900
04-06 10:44:38.169 27243 27243 I ViewRootImpl@3a0531[PopupWindow:488add8]: handleResized, msg = 5 frames=ClientWindowFrames{frame=[112,1390][202,1498] display=[-100000,-100000][100000,100000] parentFrame=[0,0][0,0] parentClippedByDisplayCutout=false} forceNextWindowRelayout=false displayId=0 resizeMode=-1 frameChanged=false displayFrameChanged=false configChanged=false displayChanged=false
04-06 10:44:38.169 27243 27243 I ViewRootImpl@3a0531[PopupWindow:488add8]: handleResized mSyncSeqId = 0
04-06 10:44:38.169 27243 27243 I ViewRootImpl@3a0531[PopupWindow:488add8]: reportNextDraw android.view.ViewRootImpl.handleResized:2450 android.view.ViewRootImpl.-$$Nest$mhandleResized:0 android.view.ViewRootImpl$ViewRootHandler.handleMessageImpl:6728 android.view.ViewRootImpl$ViewRootHandler.handleMessage:6697 android.os.Handler.dispatchMessage:106 
04-06 10:44:38.169 27243 27243 I ViewRootImpl@da35ff0[PopupWindow:b6dd033]: handleResized, msg = 5 frames=ClientWindowFrames{frame=[112,1296][202,1390] display=[-100000,-100000][100000,100000] parentFrame=[0,0][0,0] parentClippedByDisplayCutout=false} forceNextWindowRelayout=false displayId=0 resizeMode=-1 frameChanged=false displayFrameChanged=false configChanged=false displayChanged=false
04-06 10:44:38.169 27243 27243 I ViewRootImpl@da35ff0[PopupWindow:b6dd033]: handleResized mSyncSeqId = 0
04-06 10:44:38.169 27243 27243 I ViewRootImpl@da35ff0[PopupWindow:b6dd033]: reportNextDraw android.view.ViewRootImpl.handleResized:2450 android.view.ViewRootImpl.-$$Nest$mhandleResized:0 android.view.ViewRootImpl$ViewRootHandler.handleMessageImpl:6728 android.view.ViewRootImpl$ViewRootHandler.handleMessage:6697 android.os.Handler.dispatchMessage:106 
04-06 10:44:38.185 27243 27243 I ViewRootImpl@3a0531[PopupWindow:488add8]: Setup new sync id=1
04-06 10:44:38.185 27243 27243 I ViewRootImpl@3a0531[PopupWindow:488add8]: Setting syncFrameCallback
04-06 10:44:38.185 27243 27243 I ViewRootImpl@3a0531[PopupWindow:488add8]: registerCallbacksForSync syncBuffer=false
04-06 10:44:38.186 27243 27313 I ViewRootImpl@3a0531[PopupWindow:488add8]: Received frameDrawingCallback syncResult=0 frameNum=3.
04-06 10:44:38.186 27243 27313 I ViewRootImpl@3a0531[PopupWindow:488add8]: Setting up sync and frameCommitCallback
04-06 10:44:38.186 27243 27291 I ViewRootImpl@3a0531[PopupWindow:488add8]: Received frameCommittedCallback lastAttemptedDrawFrameNum=3 didProduceBuffer=true
04-06 10:44:38.187 27243 27243 I ViewRootImpl@3a0531[PopupWindow:488add8]: onSyncComplete
04-06 10:44:38.187 27243 27243 I ViewRootImpl@3a0531[PopupWindow:488add8]: setupSync seqId=0 mSyncId=1 fn=3 caller=android.view.ViewRootImpl$$ExternalSyntheticLambda11.accept:6 android.window.SurfaceSyncer.lambda$setupSync$1$android-window-SurfaceSyncer:128 android.window.SurfaceSyncer$$ExternalSyntheticLambda1.accept:8 android.window.SurfaceSyncer$SyncSet.checkIfSyncIsComplete:382 android.window.SurfaceSyncer$SyncSet.markSyncReady:359 android.window.SurfaceSyncer.markSyncReady:151 android.view.ViewRootImpl.performTraversals:4503 
04-06 10:44:38.187 27243 27243 I ViewRootImpl@da35ff0[PopupWindow:b6dd033]: Setup new sync id=1
04-06 10:44:38.187 27243 27243 I ViewRootImpl@da35ff0[PopupWindow:b6dd033]: Setting syncFrameCallback
04-06 10:44:38.187 27243 27243 I ViewRootImpl@da35ff0[PopupWindow:b6dd033]: registerCallbacksForSync syncBuffer=false
04-06 10:44:38.187 27243 27314 I ViewRootImpl@da35ff0[PopupWindow:b6dd033]: Received frameDrawingCallback syncResult=0 frameNum=2.
04-06 10:44:38.187 27243 27314 I ViewRootImpl@da35ff0[PopupWindow:b6dd033]: Setting up sync and frameCommitCallback
04-06 10:44:38.188 27243 27291 I ViewRootImpl@da35ff0[PopupWindow:b6dd033]: Received frameCommittedCallback lastAttemptedDrawFrameNum=2 didProduceBuffer=true
04-06 10:44:38.188 27243 27243 I ViewRootImpl@da35ff0[PopupWindow:b6dd033]: onSyncComplete
04-06 10:44:38.188 27243 27243 I ViewRootImpl@da35ff0[PopupWindow:b6dd033]: setupSync seqId=0 mSyncId=1 fn=2 caller=android.view.ViewRootImpl$$ExternalSyntheticLambda11.accept:6 android.window.SurfaceSyncer.lambda$setupSync$1$android-window-SurfaceSyncer:128 android.window.SurfaceSyncer$$ExternalSyntheticLambda1.accept:8 android.window.SurfaceSyncer$SyncSet.checkIfSyncIsComplete:382 android.window.SurfaceSyncer$SyncSet.markSyncReady:359 android.window.SurfaceSyncer.markSyncReady:151 android.view.ViewRootImpl.performTraversals:4503 
04-06 10:44:38.188 27243 27243 I ViewRootImpl@da35ff0[PopupWindow:b6dd033]: reportDrawFinished seqId=0 mSyncId=-1 fn=2 mSurfaceChangedTransaction=0xb4000070a02cc900
04-06 10:44:38.189 27243 27243 I ViewRootImpl@3a0531[PopupWindow:488add8]: reportDrawFinished seqId=0 mSyncId=-1 fn=3 mSurfaceChangedTransaction=0xb400007006166900
04-06 10:44:38.189 27243 27243 W OnBackInvokedCallback: OnBackInvokedCallback is not enabled for the application.
04-06 10:44:38.189 27243 27243 W OnBackInvokedCallback: Set 'android:enableOnBackInvokedCallback="true"' in the application manifest.
04-06 10:44:38.189 27243 27243 D InsetsController: show(ime(), fromIme=true)
04-06 10:44:38.190 27243 27243 D InsetsController: show(ime(), fromIme=true)
04-06 10:44:38.205 27243 27243 D InsetsController: show(ime(), fromIme=true)
04-06 10:44:38.567 27243 27274 I DetoxWSClient: Sending out action 'invokeResult' (ID #8)
04-06 10:44:38.567 27243 27274 I DetoxDispatcher: Done with action 'invoke'
04-06 10:44:38.573 27243 27278 D DetoxWSClient: Received action 'invoke' (ID #9, params={"target":{"type":"Class","value":"com.wix.detox.espresso.EspressoDetox"},"method":"perform","args":[{"type":"Invocation","value":{"target":{"type":"Class","value":"com.wix.detox.espresso.DetoxMatcher"},"method":"matcherForTestId","args":["input-peso-meta",{"type":"boolean","value":false}]}},{"type":"Invocation","value":{"target":{"type":"Class","value":"androidx.test.espresso.action.ViewActions"},"method":"clearText","args":[]}}]})
04-06 10:44:38.573 27243 27274 I DetoxDispatcher: Handling action 'invoke' (ID #9)...
04-06 10:44:38.574 27243 27274 D Detox   : class com.wix.detox.espresso.DetoxMatcher, matcherForTestId, [input-peso-meta, false]
04-06 10:44:38.574 27243 27274 D Detox   : class androidx.test.espresso.action.ViewActions, clearText, []
04-06 10:44:38.575 27243 27274 D Detox   : class com.wix.detox.espresso.EspressoDetox, perform, [(view.getTag() is "input-peso-meta" and view has effective visibility <VISIBLE>), androidx.test.espresso.action.ReplaceTextAction@c6f3152]
04-06 10:44:38.581 27243 27243 I ViewInteraction: Performing 'replace text()' action on view (view.getTag() is "input-peso-meta" and view has effective visibility <VISIBLE>)
04-06 10:44:38.592 27243 27274 I DetoxWSClient: Sending out action 'invokeResult' (ID #9)
04-06 10:44:38.592 27243 27274 I DetoxDispatcher: Done with action 'invoke'
04-06 10:44:38.602 27243 27278 D DetoxWSClient: Received action 'invoke' (ID #10, params={"target":{"type":"Class","value":"com.wix.detox.espresso.EspressoDetox"},"method":"perform","args":[{"type":"Invocation","value":{"target":{"type":"Class","value":"com.wix.detox.espresso.DetoxMatcher"},"method":"matcherForTestId","args":["input-peso-meta",{"type":"boolean","value":false}]}},{"type":"Invocation","value":{"target":{"type":"Class","value":"androidx.test.espresso.action.ViewActions"},"method":"replaceText","args":["77"]}}]})
04-06 10:44:38.602 27243 27274 I DetoxDispatcher: Handling action 'invoke' (ID #10)...
04-06 10:44:38.602 27243 27274 D Detox   : class com.wix.detox.espresso.DetoxMatcher, matcherForTestId, [input-peso-meta, false]
04-06 10:44:38.604 27243 27274 D Detox   : class androidx.test.espresso.action.ViewActions, replaceText, [77]
04-06 10:44:38.604 27243 27274 D Detox   : class com.wix.detox.espresso.EspressoDetox, perform, [(view.getTag() is "input-peso-meta" and view has effective visibility <VISIBLE>), androidx.test.espresso.action.ReplaceTextAction@39df011]
04-06 10:44:38.607 27243 27243 D InputMethodManager: startInputInner - Id : 0
04-06 10:44:38.607 27243 27243 I InputMethodManager: startInputInner - mService.startInputOrWindowGainedFocus
04-06 10:44:38.639 27243 27243 D InsetsController: show(ime(), fromIme=true)
04-06 10:44:38.640 27243 27243 D InputMethodManager: startInputInner - Id : 0
04-06 10:44:38.640 27243 27243 I InputMethodManager: startInputInner - mService.startInputOrWindowGainedFocus
04-06 10:44:38.644 27243 27243 I ViewInteraction: Performing 'replace text(77)' action on view (view.getTag() is "input-peso-meta" and view has effective visibility <VISIBLE>)
04-06 10:44:38.648 27243 27274 I DetoxWSClient: Sending out action 'invokeResult' (ID #10)
04-06 10:44:38.648 27243 27274 I DetoxDispatcher: Done with action 'invoke'
04-06 10:44:38.653 27243 27243 D InputMethodManager: startInputInner - Id : 0
04-06 10:44:38.654 27243 27243 I InputMethodManager: startInputInner - mService.startInputOrWindowGainedFocus
04-06 10:44:38.654 27243 27278 D DetoxWSClient: Received action 'invoke' (ID #11, params={"target":{"type":"Class","value":"com.wix.detox.espresso.DetoxAssertion"},"method":"assertMatcher","args":[{"type":"Invocation","value":{"target":{"type":"Class","value":"androidx.test.espresso.Espresso"},"method":"onView","args":[{"type":"Invocation","value":{"target":{"type":"Class","value":"com.wix.detox.espresso.DetoxMatcher"},"method":"matcherForTestId","args":["input-peso-meta",{"type":"boolean","value":false}]}}]}},{"type":"Invocation","value":{"target":{"type":"Class","value":"com.wix.detox.espresso.DetoxMatcher"},"method":"matcherForText","args":["77",{"type":"boolean","value":false}]}}]})
04-06 10:44:38.654 27243 27274 I DetoxDispatcher: Handling action 'invoke' (ID #11)...
04-06 10:44:38.655 27243 27274 D Detox   : class com.wix.detox.espresso.DetoxMatcher, matcherForTestId, [input-peso-meta, false]
04-06 10:44:38.655 27243 27274 D Detox   : class androidx.test.espresso.Espresso, onView, [(view.getTag() is "input-peso-meta" and view has effective visibility <VISIBLE>)]
04-06 10:44:38.656 27243 27274 D Detox   : class com.wix.detox.espresso.DetoxMatcher, matcherForText, [77, false]
04-06 10:44:38.656 27243 27274 D Detox   : class com.wix.detox.espresso.DetoxAssertion, assertMatcher, [androidx.test.espresso.ViewInteraction@fd007ac, (an instance of android.widget.TextView and view.getText() with or without transformation to match: is "77" and view has effective visibility <VISIBLE>)]
04-06 10:44:38.663 27243 27243 D InsetsController: show(ime(), fromIme=true)
04-06 10:44:38.688 27243 27243 D InsetsController: show(ime(), fromIme=true)
04-06 10:44:38.691 27243 27243 I ViewInteraction: Checking 'MatchesViewAssertion(Detox){viewMatcher=(an instance of android.widget.TextView and view.getText() with or without transformation to match: is "77" and view has effective visibility <VISIBLE>)}' assertion on view (view.getTag() is "input-peso-meta" and view has effective visibility <VISIBLE>)
04-06 10:44:38.693 27243 27274 I DetoxWSClient: Sending out action 'invokeResult' (ID #11)
04-06 10:44:38.694 27243 27274 I DetoxDispatcher: Done with action 'invoke'
04-06 10:44:38.697 27243 27278 D DetoxWSClient: Received action 'invoke' (ID #12, params={"target":{"type":"Class","value":"com.wix.detox.espresso.EspressoDetox"},"method":"perform","args":[{"type":"Invocation","value":{"target":{"type":"Class","value":"com.wix.detox.espresso.DetoxMatcher"},"method":"matcherForTestId","args":["input-altura",{"type":"boolean","value":false}]}},{"type":"Invocation","value":{"target":{"type":"Class","value":"com.wix.detox.espresso.DetoxViewActions"},"method":"click","args":[]}}]})
04-06 10:44:38.697 27243 27274 I DetoxDispatcher: Handling action 'invoke' (ID #12)...
04-06 10:44:38.697 27243 27274 D Detox   : class com.wix.detox.espresso.DetoxMatcher, matcherForTestId, [input-altura, false]
04-06 10:44:38.697 27243 27274 D Detox   : class com.wix.detox.espresso.DetoxViewActions, click, []
04-06 10:44:38.698 27243 27274 D Detox   : class com.wix.detox.espresso.EspressoDetox, perform, [(view.getTag() is "input-altura" and view has effective visibility <VISIBLE>), com.wix.detox.espresso.action.RNClickAction@abab3dc]
04-06 10:44:38.699 27243 27291 D OpenGLRenderer: setSurface called with nullptr
04-06 10:44:38.699 27243 27291 D OpenGLRenderer: setSurface() destroyed EGLSurface
04-06 10:44:38.699 27243 27291 D OpenGLRenderer: destroyEglSurface
04-06 10:44:38.699 27243 27243 I ViewRootImpl@3a0531[PopupWindow:488add8]: dispatchDetachedFromWindow
04-06 10:44:38.703 27243 27243 D InputTransport: Input channel destroyed: '25605ad', fd=156
04-06 10:44:38.704 27243 27291 D OpenGLRenderer: setSurface called with nullptr
04-06 10:44:38.704 27243 27291 D OpenGLRenderer: setSurface() destroyed EGLSurface
04-06 10:44:38.704 27243 27291 D OpenGLRenderer: destroyEglSurface
04-06 10:44:38.704 27243 27243 I ViewRootImpl@da35ff0[PopupWindow:b6dd033]: dispatchDetachedFromWindow
04-06 10:44:38.707 27243 27243 D InputTransport: Input channel destroyed: '2fa4fa9', fd=160
04-06 10:44:38.710 27243 27243 I ViewInteraction: Performing 'com.wix.detox.espresso.action.detoxsingletap@c73cce5 click' action on view (view.getTag() is "input-altura" and view has effective visibility <VISIBLE>)
04-06 10:44:38.751 27243 27243 I ViewRootImpl@73623ee[MainActivity]: ViewPostIme key 0
04-06 10:44:38.765 27243 27243 I ViewRootImpl@73623ee[MainActivity]: ViewPostIme key 1
04-06 10:44:39.185 27243 27274 I DetoxWSClient: Sending out action 'invokeResult' (ID #12)
04-06 10:44:39.186 27243 27274 I DetoxDispatcher: Done with action 'invoke'
04-06 10:44:39.195 27243 27278 D DetoxWSClient: Received action 'invoke' (ID #13, params={"target":{"type":"Class","value":"com.wix.detox.espresso.EspressoDetox"},"method":"perform","args":[{"type":"Invocation","value":{"target":{"type":"Class","value":"com.wix.detox.espresso.DetoxMatcher"},"method":"matcherForTestId","args":["input-altura",{"type":"boolean","value":false}]}},{"type":"Invocation","value":{"target":{"type":"Class","value":"androidx.test.espresso.action.ViewActions"},"method":"clearText","args":[]}}]})
04-06 10:44:39.196 27243 27274 I DetoxDispatcher: Handling action 'invoke' (ID #13)...
04-06 10:44:39.196 27243 27274 D Detox   : class com.wix.detox.espresso.DetoxMatcher, matcherForTestId, [input-altura, false]
04-06 10:44:39.197 27243 27274 D Detox   : class androidx.test.espresso.action.ViewActions, clearText, []
04-06 10:44:39.197 27243 27274 D Detox   : class com.wix.detox.espresso.EspressoDetox, perform, [(view.getTag() is "input-altura" and view has effective visibility <VISIBLE>), androidx.test.espresso.action.ReplaceTextAction@da92e09]
04-06 10:44:39.204 27243 27243 I ViewInteraction: Performing 'replace text()' action on view (view.getTag() is "input-altura" and view has effective visibility <VISIBLE>)
04-06 10:44:39.215 27243 27274 I DetoxWSClient: Sending out action 'invokeResult' (ID #13)
04-06 10:44:39.216 27243 27274 I DetoxDispatcher: Done with action 'invoke'
04-06 10:44:39.223 27243 27278 D DetoxWSClient: Received action 'invoke' (ID #14, params={"target":{"type":"Class","value":"com.wix.detox.espresso.EspressoDetox"},"method":"perform","args":[{"type":"Invocation","value":{"target":{"type":"Class","value":"com.wix.detox.espresso.DetoxMatcher"},"method":"matcherForTestId","args":["input-altura",{"type":"boolean","value":false}]}},{"type":"Invocation","value":{"target":{"type":"Class","value":"androidx.test.espresso.action.ViewActions"},"method":"replaceText","args":["178"]}}]})
04-06 10:44:39.224 27243 27274 I DetoxDispatcher: Handling action 'invoke' (ID #14)...
04-06 10:44:39.224 27243 27274 D Detox   : class com.wix.detox.espresso.DetoxMatcher, matcherForTestId, [input-altura, false]
04-06 10:44:39.224 27243 27274 D Detox   : class androidx.test.espresso.action.ViewActions, replaceText, [178]
04-06 10:44:39.225 27243 27274 D Detox   : class com.wix.detox.espresso.EspressoDetox, perform, [(view.getTag() is "input-altura" and view has effective visibility <VISIBLE>), androidx.test.espresso.action.ReplaceTextAction@f476827]
04-06 10:44:39.249 27243 27243 I ViewInteraction: Performing 'replace text(178)' action on view (view.getTag() is "input-altura" and view has effective visibility <VISIBLE>)
04-06 10:44:39.253 27243 27274 I DetoxWSClient: Sending out action 'invokeResult' (ID #14)
04-06 10:44:39.253 27243 27274 I DetoxDispatcher: Done with action 'invoke'
04-06 10:44:39.256 27243 27278 D DetoxWSClient: Received action 'invoke' (ID #15, params={"target":{"type":"Class","value":"com.wix.detox.espresso.DetoxAssertion"},"method":"assertMatcher","args":[{"type":"Invocation","value":{"target":{"type":"Class","value":"androidx.test.espresso.Espresso"},"method":"onView","args":[{"type":"Invocation","value":{"target":{"type":"Class","value":"com.wix.detox.espresso.DetoxMatcher"},"method":"matcherForTestId","args":["input-altura",{"type":"boolean","value":false}]}}]}},{"type":"Invocation","value":{"target":{"type":"Class","value":"com.wix.detox.espresso.DetoxMatcher"},"method":"matcherForText","args":["178",{"type":"boolean","value":false}]}}]})
04-06 10:44:39.257 27243 27274 I DetoxDispatcher: Handling action 'invoke' (ID #15)...
04-06 10:44:39.257 27243 27274 D Detox   : class com.wix.detox.espresso.DetoxMatcher, matcherForTestId, [input-altura, false]
04-06 10:44:39.257 27243 27274 D Detox   : class androidx.test.espresso.Espresso, onView, [(view.getTag() is "input-altura" and view has effective visibility <VISIBLE>)]
04-06 10:44:39.258 27243 27274 D Detox   : class com.wix.detox.espresso.DetoxMatcher, matcherForText, [178, false]
04-06 10:44:39.258 27243 27274 D Detox   : class com.wix.detox.espresso.DetoxAssertion, assertMatcher, [androidx.test.espresso.ViewInteraction@2b366a5, (an instance of android.widget.TextView and view.getText() with or without transformation to match: is "178" and view has effective visibility <VISIBLE>)]
04-06 10:44:39.314 27243 27243 I ViewInteraction: Checking 'MatchesViewAssertion(Detox){viewMatcher=(an instance of android.widget.TextView and view.getText() with or without transformation to match: is "178" and view has effective visibility <VISIBLE>)}' assertion on view (view.getTag() is "input-altura" and view has effective visibility <VISIBLE>)
04-06 10:44:39.318 27243 27274 I DetoxWSClient: Sending out action 'invokeResult' (ID #15)
04-06 10:44:39.318 27243 27274 I DetoxDispatcher: Done with action 'invoke'
04-06 10:44:39.324 27243 27278 D DetoxWSClient: Received action 'invoke' (ID #16, params={"target":{"type":"Invocation","value":{"target":{"type":"Class","value":"com.wix.detox.uiautomator.UiAutomator"},"method":"uiDevice","args":[]}},"method":"pressBack","args":[]})
04-06 10:44:39.324 27243 27274 I DetoxDispatcher: Handling action 'invoke' (ID #16)...
04-06 10:44:39.324 27243 27274 D Detox   : class com.wix.detox.uiautomator.UiAutomator, uiDevice, []
04-06 10:44:39.327 27243 27274 I UiDevice: Creating a new instance, old instance exists: false
04-06 10:44:39.345 27243 27274 D UiDevice: Setting accessibility service flags: 65618
04-06 10:44:39.369 27243 27253 D InputTransport: Input channel destroyed: 'ClientS', fd=193
04-06 10:44:39.369 27243 27253 D InputTransport: Input channel destroyed: 'ClientS', fd=195
04-06 10:44:39.369 27243 27253 D InputTransport: Input channel destroyed: 'ClientS', fd=189
04-06 10:44:39.369 27243 27291 D OpenGLRenderer: setSurface called with nullptr
04-06 10:44:39.369 27243 27291 D OpenGLRenderer: setSurface called with nullptr
04-06 10:44:39.370 27243 27253 D InputTransport: Input channel destroyed: 'ClientS', fd=133
04-06 10:44:39.370 27243 27253 D InputTransport: Input channel destroyed: 'ClientS', fd=159
04-06 10:44:39.370 27243 27253 D InputTransport: Input channel destroyed: 'ClientS', fd=162
04-06 10:44:39.370 27243 27253 D InputTransport: Input channel destroyed: 'ClientS', fd=166
04-06 10:44:39.370 27243 27291 D OpenGLRenderer: setSurface called with nullptr
04-06 10:44:39.370 27243 27291 D OpenGLRenderer: setSurface called with nullptr
04-06 10:44:39.371 27243 27253 D InputTransport: Input channel destroyed: 'ClientS', fd=163
04-06 10:44:39.985 27243 27274 D UiDevice: Pressing back button.
04-06 10:44:40.024 27243 27243 I ViewRootImpl@73623ee[MainActivity]: The input has been finished in ImeInputStage.
04-06 10:44:40.042 27243 27243 I ViewRootImpl@73623ee[MainActivity]: The input has been finished in ImeInputStage.
04-06 10:44:40.046 27243 27243 D InsetsController: controlAnimationUnchecked: Added types=8 animType=1 host=com.evolucao.app/com.evolucao.app.MainActivity from=android.view.InsetsController.applyAnimation:1576 android.view.InsetsController.applyAnimation:1557 android.view.InsetsController.hide:1093 
04-06 10:44:40.046 27243 27243 D InsetsSourceConsumer: setRequestedVisible: visible=false, type=19, host=com.evolucao.app/com.evolucao.app.MainActivity, from=android.view.InsetsSourceConsumer.hide:257 android.view.ImeInsetsSourceConsumer.hide:88 android.view.ImeInsetsSourceConsumer.hide:94 android.view.InsetsController.hideDirectly:1593 android.view.InsetsController.controlAnimationUnchecked:1234 android.view.InsetsController.applyAnimation:1576 android.view.InsetsController.applyAnimation:1557 android.view.InsetsController.hide:1093 android.view.ViewRootImpl$ViewRootHandler.handleMessageImpl:6765 android.view.ViewRootImpl$ViewRootHandler.handleMessage:6697 
04-06 10:44:40.060 27243 27274 I DetoxWSClient: Sending out action 'invokeResult' (ID #16)
04-06 10:44:40.060 27243 27274 I DetoxDispatcher: Done with action 'invoke'
04-06 10:44:40.066 27243 27256 I ViewRootImpl@73623ee[MainActivity]: Resizing android.view.ViewRootImpl@25a16ab: frame = [0,0][1080,2400] reportDraw = false forceLayout = false syncSeqId = 0
