04-06 02:31:00.188 20721 20721 I ViewRootImpl@73623ee[MainActivity]: handleResized, msg = 5 frames=ClientWindowFrames{frame=[0,0][1080,2400] display=[0,0][1080,2400] parentFrame=[0,0][0,0] parentClippedByDisplayCutout=false} forceNextWindowRelayout=false displayId=0 resizeMode=-1 frameChanged=false displayFrameChanged=false configChanged=false displayChanged=false
04-06 02:31:00.188 20721 20721 I ViewRootImpl@73623ee[MainActivity]: handleResized mSyncSeqId = 0
04-06 02:31:00.188 20721 20721 I ViewRootImpl@73623ee[MainActivity]: reportNextDraw android.view.ViewRootImpl.handleResized:2450 android.view.ViewRootImpl.-$$Nest$mhandleResized:0 android.view.ViewRootImpl$ViewRootHandler.handleMessageImpl:6728 android.view.ViewRootImpl$ViewRootHandler.handleMessage:6697 android.os.Handler.dispatchMessage:106 
04-06 02:31:00.196 20721 20721 I ViewRootImpl@8125395[PopupWindow:b19674c]: performTraversals params={(0,88)(fillxwrap) gr=TOP START CENTER sim={state=unchanged adjust=pan} ty=APPLICATION_PANEL fmt=TRANSLUCENT surfaceInsets=Rect(0, 0 - 0, 0) (manual)
04-06 02:31:00.196 20721 20721 I ViewRootImpl@8125395[PopupWindow:b19674c]:   fl=41800008
04-06 02:31:00.196 20721 20721 I ViewRootImpl@8125395[PopupWindow:b19674c]:   pfl=42018000
04-06 02:31:00.196 20721 20721 I ViewRootImpl@8125395[PopupWindow:b19674c]:   bhv=DEFAULT
04-06 02:31:00.196 20721 20721 I ViewRootImpl@8125395[PopupWindow:b19674c]:   fitTypes=STATUS_BARS NAVIGATION_BARS CAPTION_BAR naviIconColor=0
04-06 02:31:00.196 20721 20721 I ViewRootImpl@8125395[PopupWindow:b19674c]:   sfl=20000}
04-06 02:31:00.196 20721 20721 I ViewRootImpl@8125395[PopupWindow:b19674c]: performTraversals mFirst=true windowShouldResize=true viewVisibilityChanged=false mForceNextWindowRelayout=false params={(0,88)(fillxwrap) gr=TOP START CENTER sim={state=unchanged adjust=pan} ty=APPLICATION_PANEL fmt=TRANSLUCENT surfaceInsets=Rect(0, 0 - 0, 0) (manual)
04-06 02:31:00.196 20721 20721 I ViewRootImpl@8125395[PopupWindow:b19674c]:   fl=41800008
04-06 02:31:00.196 20721 20721 I ViewRootImpl@8125395[PopupWindow:b19674c]:   pfl=42018000
04-06 02:31:00.196 20721 20721 I ViewRootImpl@8125395[PopupWindow:b19674c]:   bhv=DEFAULT
04-06 02:31:00.196 20721 20721 I ViewRootImpl@8125395[PopupWindow:b19674c]:   fitTypes=STATUS_BARS NAVIGATION_BARS CAPTION_BAR naviIconColor=0
04-06 02:31:00.196 20721 20721 I ViewRootImpl@8125395[PopupWindow:b19674c]:   sfl=20000}
04-06 02:31:00.200 20721 20737 I ViewRootImpl@8125395[PopupWindow:b19674c]: Resizing android.view.ViewRootImpl@93f6976: frame = [0,88][1080,167] reportDraw = true forceLayout = false syncSeqId = 0
04-06 02:31:00.201 20721 20721 I ViewRootImpl@8125395[PopupWindow:b19674c]: updateBlastSurfaceIfNeeded mBlastBufferQueue=null isSameSurfaceControl=false
04-06 02:31:00.201 20721 20721 I BLASTBufferQueue: new BLASTBufferQueue, mName= ViewRootImpl@8125395[PopupWindow:b19674c] mNativeObject= 0xb4000070a70f1a80 sc.mNativeObject= 0xb4000070a0cf5d60 caller= android.view.ViewRootImpl.updateBlastSurfaceIfNeeded:2909 android.view.ViewRootImpl.relayoutWindow:9847 android.view.ViewRootImpl.performTraversals:3884 android.view.ViewRootImpl.doTraversal:3116 android.view.ViewRootImpl$TraversalRunnable.run:10885 android.view.Choreographer$CallbackRecord.run:1301 android.view.Choreographer$CallbackRecord.run:1309 android.view.Choreographer.doCallbacks:923 android.view.Choreographer.doFrame:852 android.view.Choreographer$FrameDisplayEventReceiver.run:1283 
04-06 02:31:00.201 20721 20721 I BLASTBufferQueue: update, w= 1080 h= 79 mName = ViewRootImpl@8125395[PopupWindow:b19674c] mNativeObject= 0xb4000070a70f1a80 sc.mNativeObject= 0xb4000070a0cf5d60 format= -3 caller= android.graphics.BLASTBufferQueue.<init>:84 android.view.ViewRootImpl.updateBlastSurfaceIfNeeded:2909 android.view.ViewRootImpl.relayoutWindow:9847 android.view.ViewRootImpl.performTraversals:3884 android.view.ViewRootImpl.doTraversal:3116 android.view.ViewRootImpl$TraversalRunnable.run:10885 
04-06 02:31:00.202 20721 20721 I ViewRootImpl@8125395[PopupWindow:b19674c]: Relayout returned: old=(0,88,1080,2256) new=(0,88,1080,167) req=(1080,79)0 dur=5 res=0x3 s={true 0xb4000070a70da800} ch=true seqId=0
04-06 02:31:00.202 20721 20721 I ViewRootImpl@8125395[PopupWindow:b19674c]: mThreadedRenderer.initialize() mSurface={isValid=true 0xb4000070a70da800} hwInitialized=true
04-06 02:31:00.202 20721 20805 D OpenGLRenderer: eglCreateWindowSurface
04-06 02:31:00.203 20721 20721 I ViewRootImpl@8125395[PopupWindow:b19674c]: reportNextDraw android.view.ViewRootImpl.performTraversals:4438 android.view.ViewRootImpl.doTraversal:3116 android.view.ViewRootImpl$TraversalRunnable.run:10885 android.view.Choreographer$CallbackRecord.run:1301 android.view.Choreographer$CallbackRecord.run:1309 
04-06 02:31:00.203 20721 20721 I ViewRootImpl@8125395[PopupWindow:b19674c]: Setup new sync id=0
04-06 02:31:00.203 20721 20721 I ViewRootImpl@8125395[PopupWindow:b19674c]: Setting syncFrameCallback
04-06 02:31:00.203 20721 20721 I ViewRootImpl@8125395[PopupWindow:b19674c]: registerCallbacksForSync syncBuffer=false
04-06 02:31:00.211 20721 20827 I ViewRootImpl@8125395[PopupWindow:b19674c]: Received frameDrawingCallback syncResult=0 frameNum=1.
04-06 02:31:00.211 20721 20827 I ViewRootImpl@8125395[PopupWindow:b19674c]: Setting up sync and frameCommitCallback
04-06 02:31:00.212 20721 20805 I BLASTBufferQueue: [ViewRootImpl@8125395[PopupWindow:b19674c]#1](f:0,a:0) onFrameAvailable the first frame is available
04-06 02:31:00.212 20721 20805 I ViewRootImpl@8125395[PopupWindow:b19674c]: Received frameCommittedCallback lastAttemptedDrawFrameNum=1 didProduceBuffer=true
04-06 02:31:00.213 20721 20805 D OpenGLRenderer: CFMS:: SetUp Pid : 20721    Tid : 20805
04-06 02:31:00.213 20721 20805 W Parcel  : Expecting binder but got null!
04-06 02:31:00.213 20721 20721 I ViewRootImpl@8125395[PopupWindow:b19674c]: onSyncComplete
04-06 02:31:00.213 20721 20721 I ViewRootImpl@8125395[PopupWindow:b19674c]: setupSync seqId=0 mSyncId=0 fn=1 caller=android.view.ViewRootImpl$$ExternalSyntheticLambda11.accept:6 android.window.SurfaceSyncer.lambda$setupSync$1$android-window-SurfaceSyncer:128 android.window.SurfaceSyncer$$ExternalSyntheticLambda1.accept:8 android.window.SurfaceSyncer$SyncSet.checkIfSyncIsComplete:382 android.window.SurfaceSyncer$SyncSet.markSyncReady:359 android.window.SurfaceSyncer.markSyncReady:151 android.view.ViewRootImpl.performTraversals:4503 
04-06 02:31:00.213 20721 20721 I ViewRootImpl@73623ee[MainActivity]: Setup new sync id=1
04-06 02:31:00.213 20721 20721 I ViewRootImpl@73623ee[MainActivity]: Setting syncFrameCallback
04-06 02:31:00.213 20721 20721 I ViewRootImpl@73623ee[MainActivity]: registerCallbacksForSync syncBuffer=false
04-06 02:31:00.214 20721 20826 I ViewRootImpl@73623ee[MainActivity]: Received frameDrawingCallback syncResult=0 frameNum=2.
04-06 02:31:00.214 20721 20826 I ViewRootImpl@73623ee[MainActivity]: Setting up sync and frameCommitCallback
04-06 02:31:00.214 20721 20805 I ViewRootImpl@73623ee[MainActivity]: Received frameCommittedCallback lastAttemptedDrawFrameNum=2 didProduceBuffer=true
04-06 02:31:00.215 20721 20721 I ViewRootImpl@73623ee[MainActivity]: onSyncComplete
04-06 02:31:00.215 20721 20721 I ViewRootImpl@73623ee[MainActivity]: setupSync seqId=0 mSyncId=1 fn=2 caller=android.view.ViewRootImpl$$ExternalSyntheticLambda11.accept:6 android.window.SurfaceSyncer.lambda$setupSync$1$android-window-SurfaceSyncer:128 android.window.SurfaceSyncer$$ExternalSyntheticLambda1.accept:8 android.window.SurfaceSyncer$SyncSet.checkIfSyncIsComplete:382 android.window.SurfaceSyncer$SyncSet.markSyncReady:359 android.window.SurfaceSyncer.markSyncReady:151 android.view.ViewRootImpl.performTraversals:4503 
04-06 02:31:00.215 20721 20721 I ViewRootImpl@73623ee[MainActivity]: reportDrawFinished seqId=0 mSyncId=-1 fn=2 mSurfaceChangedTransaction=0xb4000070a6fcb400
04-06 02:31:00.215 20721 20721 I ViewRootImpl@8125395[PopupWindow:b19674c]: reportDrawFinished seqId=0 mSyncId=-1 fn=1 mSurfaceChangedTransaction=0xb4000070a6fcba00
04-06 02:31:00.215 20721 20721 I ViewRootImpl@73623ee[MainActivity]: MSG_WINDOW_FOCUS_CHANGED 1 0
04-06 02:31:00.215 20721 20721 I ViewRootImpl@73623ee[MainActivity]: mThreadedRenderer.initializeIfNeeded()#2 mSurface={isValid=true 0xb4000070a70d8000}
04-06 02:31:00.216 20721 20721 W unknown:BridgelessReact: ReactHost{0}.raiseSoftException(onWindowFocusChange(hasFocus = "true")): Tried to access onWindowFocusChange while context is not ready
04-06 02:31:00.217 20721 20721 E unknown:ReactHost: Unhandled SoftException
04-06 02:31:00.217 20721 20721 E unknown:ReactHost: com.facebook.react.bridge.ReactNoCrashSoftException: raiseSoftException(onWindowFocusChange(hasFocus = "true")): Tried to access onWindowFocusChange while context is not ready
04-06 02:31:00.217 20721 20721 E unknown:ReactHost: 	at com.facebook.react.runtime.ReactHostImpl.raiseSoftException(ReactHostImpl.kt:861)
04-06 02:31:00.217 20721 20721 E unknown:ReactHost: 	at com.facebook.react.runtime.ReactHostImpl.raiseSoftException$default(ReactHostImpl.kt:852)
04-06 02:31:00.217 20721 20721 E unknown:ReactHost: 	at com.facebook.react.runtime.ReactHostImpl.onWindowFocusChange(ReactHostImpl.kt:625)
04-06 02:31:00.217 20721 20721 E unknown:ReactHost: 	at com.facebook.react.ReactDelegate.onWindowFocusChanged(ReactDelegate.kt:232)
04-06 02:31:00.217 20721 20721 E unknown:ReactHost: 	at com.facebook.react.ReactActivityDelegate.onWindowFocusChanged(ReactActivityDelegate.java:237)
04-06 02:31:00.217 20721 20721 E unknown:ReactHost: 	at expo.modules.ReactActivityDelegateWrapper$onWindowFocusChanged$1.invokeSuspend(ReactActivityDelegateWrapper.kt:320)
04-06 02:31:00.217 20721 20721 E unknown:ReactHost: 	at expo.modules.ReactActivityDelegateWrapper$onWindowFocusChanged$1.invoke(Unknown Source:8)
04-06 02:31:00.217 20721 20721 E unknown:ReactHost: 	at expo.modules.ReactActivityDelegateWrapper$onWindowFocusChanged$1.invoke(Unknown Source:4)
04-06 02:31:00.217 20721 20721 E unknown:ReactHost: 	at expo.modules.ReactActivityDelegateWrapper$launchLifecycleScopeWithLock$1.invokeSuspend(ReactActivityDelegateWrapper.kt:452)
04-06 02:31:00.217 20721 20721 E unknown:ReactHost: 	at kotlin.coroutines.jvm.internal.BaseContinuationImpl.resumeWith(ContinuationImpl.kt:33)
04-06 02:31:00.217 20721 20721 E unknown:ReactHost: 	at kotlinx.coroutines.internal.DispatchedContinuationKt.resumeCancellableWith(DispatchedContinuation.kt:375)
04-06 02:31:00.217 20721 20721 E unknown:ReactHost: 	at kotlinx.coroutines.intrinsics.CancellableKt.startCoroutineCancellable(Cancellable.kt:26)
04-06 02:31:00.217 20721 20721 E unknown:ReactHost: 	at kotlinx.coroutines.CoroutineStart.invoke(CoroutineStart.kt:358)
04-06 02:31:00.217 20721 20721 E unknown:ReactHost: 	at kotlinx.coroutines.AbstractCoroutine.start(AbstractCoroutine.kt:134)
04-06 02:31:00.217 20721 20721 E unknown:ReactHost: 	at kotlinx.coroutines.BuildersKt__Builders_commonKt.launch(Builders.common.kt:53)
04-06 02:31:00.217 20721 20721 E unknown:ReactHost: 	at kotlinx.coroutines.BuildersKt.launch(Unknown Source:1)
04-06 02:31:00.217 20721 20721 E unknown:ReactHost: 	at kotlinx.coroutines.BuildersKt__Builders_commonKt.launch$default(Builders.common.kt:44)
04-06 02:31:00.217 20721 20721 E unknown:ReactHost: 	at kotlinx.coroutines.BuildersKt.launch$default(Unknown Source:1)
04-06 02:31:00.217 20721 20721 E unknown:ReactHost: 	at expo.modules.ReactActivityDelegateWrapper.launchLifecycleScopeWithLock(ReactActivityDelegateWrapper.kt:450)
04-06 02:31:00.217 20721 20721 E unknown:ReactHost: 	at expo.modules.ReactActivityDelegateWrapper.launchLifecycleScopeWithLock$default(ReactActivityDelegateWrapper.kt:446)
04-06 02:31:00.217 20721 20721 E unknown:ReactHost: 	at expo.modules.ReactActivityDelegateWrapper.onWindowFocusChanged(ReactActivityDelegateWrapper.kt:318)
04-06 02:31:00.217 20721 20721 E unknown:ReactHost: 	at com.facebook.react.ReactActivity.onWindowFocusChanged(ReactActivity.java:158)
04-06 02:31:00.217 20721 20721 E unknown:ReactHost: 	at androidx.appcompat.view.WindowCallbackWrapper.onWindowFocusChanged(WindowCallbackWrapper.java:124)
04-06 02:31:00.217 20721 20721 E unknown:ReactHost: 	at com.android.internal.policy.DecorView.onWindowFocusChanged(DecorView.java:2710)
04-06 02:31:00.217 20721 20721 E unknown:ReactHost: 	at android.view.View.dispatchWindowFocusChanged(View.java:15817)
04-06 02:31:00.217 20721 20721 E unknown:ReactHost: 	at android.view.ViewGroup.dispatchWindowFocusChanged(ViewGroup.java:1512)
04-06 02:31:00.217 20721 20721 E unknown:ReactHost: 	at android.view.ViewRootImpl.handleWindowFocusChanged(ViewRootImpl.java:4678)
04-06 02:31:00.217 20721 20721 E unknown:ReactHost: 	at android.view.ViewRootImpl.-$$Nest$mhandleWindowFocusChanged(Unknown Source:0)
04-06 02:31:00.217 20721 20721 E unknown:ReactHost: 	at android.view.ViewRootImpl$ViewRootHandler.handleMessageImpl(ViewRootImpl.java:6788)
04-06 02:31:00.217 20721 20721 E unknown:ReactHost: 	at android.view.ViewRootImpl$ViewRootHandler.handleMessage(ViewRootImpl.java:6697)
04-06 02:31:00.217 20721 20721 E unknown:ReactHost: 	at android.os.Handler.dispatchMessage(Handler.java:106)
04-06 02:31:00.217 20721 20721 E unknown:ReactHost: 	at android.os.Looper.loopOnce(Looper.java:226)
04-06 02:31:00.217 20721 20721 E unknown:ReactHost: 	at android.os.Looper.loop(Looper.java:313)
04-06 02:31:00.217 20721 20721 E unknown:ReactHost: 	at android.app.ActivityThread.main(ActivityThread.java:8762)
04-06 02:31:00.217 20721 20721 E unknown:ReactHost: 	at java.lang.reflect.Method.invoke(Native Method)
04-06 02:31:00.217 20721 20721 E unknown:ReactHost: 	at com.android.internal.os.RuntimeInit$MethodAndArgsCaller.run(RuntimeInit.java:604)
04-06 02:31:00.217 20721 20721 E unknown:ReactHost: 	at com.android.internal.os.ZygoteInit.main(ZygoteInit.java:1067)
04-06 02:31:00.217 20721 20721 D InputMethodManager: startInputInner - Id : 0
04-06 02:31:00.217 20721 20721 I InputMethodManager: startInputInner - mService.startInputOrWindowGainedFocus
04-06 02:31:00.223 20721 20721 I ViewRootImpl@8125395[PopupWindow:b19674c]: handleResized, msg = 5 frames=ClientWindowFrames{frame=[0,88][1080,167] display=[0,88][1080,2256] parentFrame=[0,0][0,0] parentClippedByDisplayCutout=false} forceNextWindowRelayout=false displayId=0 resizeMode=-1 frameChanged=false displayFrameChanged=false configChanged=false displayChanged=false
04-06 02:31:00.223 20721 20721 I ViewRootImpl@8125395[PopupWindow:b19674c]: handleResized mSyncSeqId = 0
04-06 02:31:00.223 20721 20721 I ViewRootImpl@8125395[PopupWindow:b19674c]: reportNextDraw android.view.ViewRootImpl.handleResized:2450 android.view.ViewRootImpl.-$$Nest$mhandleResized:0 android.view.ViewRootImpl$ViewRootHandler.handleMessageImpl:6728 android.view.ViewRootImpl$ViewRootHandler.handleMessage:6697 android.os.Handler.dispatchMessage:106 
04-06 02:31:00.225 20721 20721 D InputMethodManager: startInputInner - Id : 0
04-06 02:31:00.226 20721 20721 I ViewRootImpl@8125395[PopupWindow:b19674c]: Setup new sync id=1
04-06 02:31:00.226 20721 20721 I ViewRootImpl@8125395[PopupWindow:b19674c]: Setting syncFrameCallback
04-06 02:31:00.226 20721 20721 I ViewRootImpl@8125395[PopupWindow:b19674c]: registerCallbacksForSync syncBuffer=false
04-06 02:31:00.227 20721 20827 I ViewRootImpl@8125395[PopupWindow:b19674c]: Received frameDrawingCallback syncResult=0 frameNum=3.
04-06 02:31:00.227 20721 20827 I ViewRootImpl@8125395[PopupWindow:b19674c]: Setting up sync and frameCommitCallback
04-06 02:31:00.233 20721 20805 I ViewRootImpl@8125395[PopupWindow:b19674c]: Received frameCommittedCallback lastAttemptedDrawFrameNum=3 didProduceBuffer=true
04-06 02:31:00.233 20721 20721 I ViewRootImpl@8125395[PopupWindow:b19674c]: onSyncComplete
04-06 02:31:00.233 20721 20721 I ViewRootImpl@8125395[PopupWindow:b19674c]: setupSync seqId=0 mSyncId=1 fn=3 caller=android.view.ViewRootImpl$$ExternalSyntheticLambda11.accept:6 android.window.SurfaceSyncer.lambda$setupSync$1$android-window-SurfaceSyncer:128 android.window.SurfaceSyncer$$ExternalSyntheticLambda1.accept:8 android.window.SurfaceSyncer$SyncSet.checkIfSyncIsComplete:382 android.window.SurfaceSyncer$SyncSet.markSyncReady:359 android.window.SurfaceSyncer.markSyncReady:151 android.view.ViewRootImpl.performTraversals:4503 
04-06 02:31:00.233 20721 20721 I ViewRootImpl@8125395[PopupWindow:b19674c]: reportDrawFinished seqId=0 mSyncId=-1 fn=3 mSurfaceChangedTransaction=0xb4000070a6fcba00
04-06 02:31:00.475 20721 20721 D InsetsController: cancelAnimation of types: 1, animType: 0, host: com.evolucao.app/com.evolucao.app.MainActivity, from:android.view.InsetsController.notifyFinished:1375 android.view.InsetsAnimationThreadControlRunner$1.lambda$notifyFinished$0$android-view-InsetsAnimationThreadControlRunner$1:84 android.view.InsetsAnimationThreadControlRunner$1$$ExternalSyntheticLambda1.run:4 
04-06 02:31:00.475 20721 20721 D InsetsSourceConsumer: ensureControlPosition: Point(0, 0) for ITYPE_STATUS_BAR on com.evolucao.app/com.evolucao.app.MainActivity from android.view.InsetsSourceConsumer.notifyAnimationFinished:419
04-06 02:31:00.489 20721 20824 D Detox.RNMarker: DOWNLOAD_END ({"url":"http:\/\/localhost:8081\/.expo\/.virtual-metro-entry.bundle?platform=android&dev=true&lazy=true&minify=false&app=com.evolucao.app&modulesOnly=false&runModule=true&excludeSource=true&sourcePaths=url-server","filesChangedCount":0})
04-06 02:31:00.489 20721 20824 W unknown:BridgelessReact: ReactHost{0}.loadJSBundleFromMetro(): Creating BundleLoader
04-06 02:31:00.490 20721 20822 W unknown:BridgelessReact: ReactHost{0}.getOrCreateReactInstanceTask(): Creating BridgelessReactContext
04-06 02:31:00.491 20721 20822 W unknown:BridgelessReact: ReactHost{0}.getOrCreateReactInstanceTask(): Creating ReactInstance
04-06 02:31:00.491 20721 20826 I ViewRootImpl@73623ee[MainActivity]: mWNT: t=0xb4000070a0375800 mBlastBufferQueue=0xb4000070c2c34c00 fn= 3 caller= android.view.SyncRtSurfaceTransactionApplier.applyTransaction:96 android.view.SyncRtSurfaceTransactionApplier.lambda$scheduleApply$0$android-view-SyncRtSurfaceTransactionApplier:69 android.view.SyncRtSurfaceTransactionApplier$$ExternalSyntheticLambda0.onFrameDraw:4 
04-06 02:31:00.498 20721 20805 D OpenGLRenderer: setSurface called with nullptr
04-06 02:31:00.498 20721 20805 D OpenGLRenderer: setSurface() destroyed EGLSurface
04-06 02:31:00.498 20721 20805 D OpenGLRenderer: destroyEglSurface
04-06 02:31:00.498 20721 20721 I ViewRootImpl@8125395[PopupWindow:b19674c]: dispatchDetachedFromWindow
04-06 02:31:00.501 20721 20721 D InputTransport: Input channel destroyed: '71e06a8', fd=121
04-06 02:31:00.502 20721 20824 D TrafficStats: tagSocket(128) with statsTag=0xffffffff, statsUid=-1
04-06 02:31:00.503 20721 20822 D jni_lib_merge: Entering merged library JNI_OnLoad.
04-06 02:31:00.503 20721 20822 D jni_lib_merge: Preparing 4 pre-merged libs (including stub)
04-06 02:31:00.503 20721 20822 D jni_lib_merge: Preparing to register libhermes_executor_so.  onload_func: 0x7023b31fa4
04-06 02:31:00.503 20721 20822 D jni_lib_merge: Preparing to register libhermesinstancejni_so.  onload_func: 0x7023b6b8b4
04-06 02:31:00.503 20721 20822 D jni_lib_merge: Preparing to register libjsijniprofiler_so.  onload_func: 0x7023b6d8f8
04-06 02:31:00.503 20721 20822 D jni_lib_merge: About to register 3 actual methods.
04-06 02:31:00.599 20721 20822 I ExpoModulesCore: ✅ AppContext was initialized
04-06 02:31:00.627 20721 20822 W unknown:BridgelessReact: ReactHost{0}.getOrCreateReactInstanceTask(): Loading JS Bundle
04-06 02:31:00.627 20721 20822 W unknown:BridgelessReact: ReactHost{0}.getOrCreateReactInstanceTask(): DevSupportManager.onNewReactContextCreated()
04-06 02:31:00.627 20721 20836 D Detox.RNMarker: RUN_JS_BUNDLE_START (/.virtual-metro-entry.bundle?platform=android&dev=true&lazy=true&minify=false&app=com.evolucao.app&modulesOnly=false&runModule=true&excludeSource=true&sourcePaths=url-server)
04-06 02:31:00.630 20721 20721 W unknown:ReactNative: Packager connection already open, nooping.
04-06 02:31:00.635 20721 20721 W unknown:BridgelessReact: ReactHost{0}.ReactContext.onHostResume()
04-06 02:31:00.636 20721 20822 W unknown:BridgelessReact: ReactHost{0}.startSurface(surfaceId = 0): Execute
04-06 02:31:00.642 20721 20721 W unknown:BridgelessReact: ReactHost{0}.getOrCreateReactInstanceTask(): Executing ReactInstanceEventListeners
04-06 02:31:00.642 20721 20721 I DetoxRNLoading: Got new RN-context through listener
04-06 02:31:00.643 20721 20786 I DetoxRNIdleRes: Setting up Espresso Idling Resources for React Native
04-06 02:31:00.650 20721 20721 D DetoxRNHelpers: Native RN module resolution (class com.reactnativecommunity.asyncstorage.AsyncStorageModule): no registered module found
04-06 02:31:00.650 20721 20786 D IdlingRegistry: Registering idling resources: [com.wix.detox.reactnative.idlingresources.uimodule.fabric.FabricUIManagerIdlingResources@a29e7fb]
04-06 02:31:00.651 20721 20786 D IdlingRegistry: Registering idling resources: [com.wix.detox.reactnative.idlingresources.animations.AnimatedModuleIdlingResource@fa87018]
04-06 02:31:00.651 20721 20786 D IdlingRegistry: Registering idling resources: [com.wix.detox.reactnative.idlingresources.timers.FabricTimersIdlingResource@76f3a71]
04-06 02:31:00.651 20721 20786 D IdlingRegistry: Registering idling resources: [com.wix.detox.reactnative.idlingresources.network.NetworkIdlingResource@2908056]
04-06 02:31:00.651 20721 20786 D IdlingRegistry: Registering idling resources: [com.wix.detox.reactnative.idlingresources.StabilizedIdlingResource@72508d7]
04-06 02:31:00.661 20721 20837 W om.evolucao.app: Accessing hidden method Landroid/os/MessageQueue;->next()Landroid/os/Message; (unsupported, reflection, allowed)
04-06 02:31:00.661 20721 20837 W om.evolucao.app: Accessing hidden field Landroid/os/MessageQueue;->mMessages:Landroid/os/Message; (unsupported, reflection, allowed)
04-06 02:31:00.661 20721 20837 W om.evolucao.app: Accessing hidden method Landroid/os/Message;->recycleUnchecked()V (unsupported, reflection, allowed)
04-06 02:31:00.804 20721 20721 D DetoxRNHelpers: Native RN module resolution (class com.reactnativecommunity.asyncstorage.AsyncStorageModule): no registered module found
04-06 02:31:00.805 20721 20788 W om.evolucao.app: Long monitor contention with owner Instr: androidx.test.runner.AndroidJUnitRunner (20786) at void com.wix.detox.DetoxMain.launchActivityOnCue(android.content.Context, com.wix.detox.ActivityLaunchHelper)(DetoxMain.kt:53) waiters=0 in void com.wix.detox.DetoxMain$setupActionHandlers$SynchronizedActionHandler.handle(java.lang.String, long) for 842ms
04-06 02:31:00.869 20721 20837 I WebViewFactory: Loading com.google.android.webview version 146.0.7680.164 (code 768016403)
04-06 02:31:00.871 20721 20837 D ApplicationLoaders: Returning zygote-cached class loader: /system/framework/android.test.base.jar
04-06 02:31:00.873 20721 20837 D nativeloader: Configuring classloader-namespace for other apk /data/app/~~23ppwVuk64Fm9vdWCRWMMw==/com.google.android.webview-FPIphznatdLDx2VBYoD68A==/base.apk. target_sdk_version=36, uses_libraries=, library_path=/data/app/~~23ppwVuk64Fm9vdWCRWMMw==/com.google.android.webview-FPIphznatdLDx2VBYoD68A==/lib/arm64:/data/app/~~23ppwVuk64Fm9vdWCRWMMw==/com.google.android.webview-FPIphznatdLDx2VBYoD68A==/base.apk!/lib/arm64-v8a, permitted_path=/data:/mnt/expand
04-06 02:31:00.884 20721 20837 I cr_WVCFactoryProvider: version=146.0.7680.164 (768016403) minSdkVersion=29 multiprocess=true packageId=127 splits=<none>
04-06 02:31:00.889 20721 20852 I chromium: [0406/023100.889898:INFO:android_webview/browser/variations/variations_seed_loader.cc:67] Failed to open file for reading.: No such file or directory (2)
04-06 02:31:00.890 20721 20852 I chromium: [0406/023100.890040:INFO:android_webview/browser/variations/variations_seed_loader.cc:67] Failed to open file for reading.: No such file or directory (2)
04-06 02:31:00.894 20721 20837 I cr_LibraryLoader: Successfully loaded native library
04-06 02:31:00.894 20721 20837 I cr_CachingUmaRecorder: Flushed 16 samples from 16 histograms, 0 samples were dropped.
04-06 02:31:00.904 20721 20855 D TrafficStats: tagSocket(147) with statsTag=0xffffffff, statsUid=-1
04-06 02:31:00.906 20721 20855 D TrafficStats: tagSocket(147) with statsTag=0xffffffff, statsUid=-1
04-06 02:31:00.919 20721 20836 W BridgelessReactContext: [WARNING] Bridgeless doesn't support CatalystInstance. Accessing an API that's not part of the new architecture is not encouraged usage.
04-06 02:31:00.926 20721 20836 I ExpoModulesCore: ✅ JSI interop was installed
04-06 02:31:00.931 20721 20836 I ExpoModulesCore: ✅ Constants were exported
04-06 02:31:00.972 20721 20836 W unknown:ViewManagerPropertyUpdater: Could not find generated setter for class com.th3rdwave.safeareacontext.SafeAreaProviderManager
04-06 02:31:00.976 20721 20836 W unknown:ViewManagerPropertyUpdater: Could not find generated setter for class com.facebook.react.uimanager.LayoutShadowNode
04-06 02:31:00.978 20721 20836 W unknown:ViewManagerPropertyUpdater: Could not find generated setter for class com.swmansion.rnscreens.SearchBarManager
04-06 02:31:00.978 20721 20836 W unknown:ViewManagerPropertyUpdater: Could not find generated setter for class com.swmansion.rnscreens.ScreenFooterManager
04-06 02:31:00.979 20721 20836 W unknown:ViewManagerPropertyUpdater: Could not find generated setter for class com.swmansion.rnscreens.gamma.tabs.TabScreenViewManager
04-06 02:31:00.980 20721 20836 W unknown:ViewManagerPropertyUpdater: Could not find generated setter for class expo.modules.kotlin.views.GroupViewManagerWrapper
04-06 02:31:00.981 20721 20836 W unknown:ViewManagerPropertyUpdater: Could not find generated setter for class com.swmansion.rnscreens.ScreenContainerViewManager
04-06 02:31:00.981 20721 20836 W unknown:ViewManagerPropertyUpdater: Could not find generated setter for class com.swmansion.rnscreens.gamma.tabs.TabsHostViewManager
04-06 02:31:00.983 20721 20836 W unknown:ViewManagerPropertyUpdater: Could not find generated setter for class com.swmansion.rnscreens.ModalScreenViewManager
04-06 02:31:00.984 20721 20836 W unknown:ViewManagerPropertyUpdater: Could not find generated setter for class com.swmansion.rnscreens.ScreenStackHeaderConfigViewManager
04-06 02:31:00.984 20721 20836 W unknown:ViewManagerPropertyUpdater: Could not find generated setter for class com.swmansion.rnscreens.ScreenContentWrapperManager
04-06 02:31:00.985 20721 20836 W unknown:ViewManagerPropertyUpdater: Could not find generated setter for class com.th3rdwave.safeareacontext.SafeAreaViewManager
04-06 02:31:00.986 20721 20836 W unknown:ViewManagerPropertyUpdater: Could not find generated setter for class com.th3rdwave.safeareacontext.SafeAreaViewShadowNode
04-06 02:31:00.986 20721 20836 W unknown:ViewManagerPropertyUpdater: Could not find generated setter for class com.swmansion.rnscreens.safearea.SafeAreaViewManager
04-06 02:31:00.987 20721 20836 W unknown:ViewManagerPropertyUpdater: Could not find generated setter for class com.swmansion.rnscreens.safearea.paper.SafeAreaViewShadowNode
04-06 02:31:00.987 20721 20836 W unknown:ViewManagerPropertyUpdater: Could not find generated setter for class com.swmansion.rnscreens.ScreenViewManager
04-06 02:31:00.988 20721 20836 W unknown:ViewManagerPropertyUpdater: Could not find generated setter for class com.swmansion.rnscreens.gamma.stack.host.StackHostViewManager
04-06 02:31:00.988 20721 20836 W unknown:ViewManagerPropertyUpdater: Could not find generated setter for class com.swmansion.rnscreens.ScreenStackHeaderSubviewManager
04-06 02:31:00.989 20721 20836 W unknown:ViewManagerPropertyUpdater: Could not find generated setter for class com.swmansion.rnscreens.gamma.stack.screen.StackScreenViewManager
04-06 02:31:00.989 20721 20836 W unknown:ViewManagerPropertyUpdater: Could not find generated setter for class com.swmansion.rnscreens.ScreenStackViewManager
04-06 02:31:01.063 20721 20836 W unknown:ViewManagerPropertyUpdater: Could not find generated setter for class com.facebook.react.views.debuggingoverlay.DebuggingOverlayManager
04-06 02:31:01.068 20721 20836 W unknown:ViewManagerPropertyUpdater: Could not find generated setter for class com.swmansion.gesturehandler.react.RNGestureHandlerButtonViewManager
04-06 02:31:01.073 20721 20836 W unknown:ViewManagerPropertyUpdater: Could not find generated setter for class com.facebook.react.views.safeareaview.ReactSafeAreaViewManager
04-06 02:31:01.078 20721 20836 W unknown:ViewManagerPropertyUpdater: Could not find generated setter for class com.facebook.react.views.modal.ReactModalHostManager
04-06 02:31:01.083 20721 20836 W unknown:ViewManagerPropertyUpdater: Could not find generated setter for class com.facebook.react.views.text.frescosupport.FrescoBasedReactTextInlineImageViewManager
04-06 02:31:01.083 20721 20836 W unknown:ViewManagerPropertyUpdater: Could not find generated setter for class com.facebook.react.views.text.frescosupport.FrescoBasedReactTextInlineImageShadowNode
04-06 02:31:01.089 20721 20836 W unknown:ViewManagerPropertyUpdater: Could not find generated setter for class com.facebook.react.views.progressbar.ReactProgressBarViewManager
04-06 02:31:01.089 20721 20836 W unknown:ViewManagerPropertyUpdater: Could not find generated setter for class com.facebook.react.views.progressbar.ProgressBarShadowNode
04-06 02:31:01.094 20721 20836 W unknown:ViewManagerPropertyUpdater: Could not find generated setter for class com.facebook.react.views.scroll.ReactHorizontalScrollViewManager
04-06 02:31:01.100 20721 20836 W unknown:ViewManagerPropertyUpdater: Could not find generated setter for class com.facebook.react.views.image.ReactImageManager
04-06 02:31:01.107 20721 20836 W unknown:ViewManagerPropertyUpdater: Could not find generated setter for class com.facebook.react.views.text.ReactTextViewManager
04-06 02:31:01.107 20721 20836 W unknown:ViewManagerPropertyUpdater: Could not find generated setter for class com.facebook.react.views.text.ReactTextShadowNode
04-06 02:31:01.113 20721 20836 W unknown:ViewManagerPropertyUpdater: Could not find generated setter for class com.facebook.react.views.scroll.ReactHorizontalScrollContainerViewManager
04-06 02:31:01.119 20721 20836 W unknown:ViewManagerPropertyUpdater: Could not find generated setter for class com.facebook.react.views.unimplementedview.ReactUnimplementedViewManager
04-06 02:31:01.124 20721 20836 W unknown:ViewManagerPropertyUpdater: Could not find generated setter for class com.facebook.react.views.scroll.ReactScrollViewManager
04-06 02:31:01.130 20721 20836 W unknown:ViewManagerPropertyUpdater: Could not find generated setter for class com.facebook.react.views.view.ReactViewManager
04-06 02:31:01.135 20721 20836 W unknown:ViewManagerPropertyUpdater: Could not find generated setter for class com.facebook.react.views.drawer.ReactDrawerLayoutManager
04-06 02:31:01.141 20721 20836 W unknown:ViewManagerPropertyUpdater: Could not find generated setter for class com.facebook.react.views.switchview.ReactSwitchManager
04-06 02:31:01.142 20721 20836 W unknown:ViewManagerPropertyUpdater: Could not find generated setter for class com.facebook.react.views.switchview.ReactSwitchShadowNode
04-06 02:31:01.147 20721 20836 W unknown:ViewManagerPropertyUpdater: Could not find generated setter for class com.facebook.react.views.swiperefresh.SwipeRefreshLayoutManager
04-06 02:31:01.153 20721 20836 W unknown:ViewManagerPropertyUpdater: Could not find generated setter for class com.facebook.react.views.textinput.ReactTextInputManager
04-06 02:31:01.154 20721 20836 W unknown:ViewManagerPropertyUpdater: Could not find generated setter for class com.facebook.react.views.textinput.ReactTextInputShadowNode
04-06 02:31:01.161 20721 20836 W unknown:ViewManagerPropertyUpdater: Could not find generated setter for class com.swmansion.gesturehandler.react.RNGestureHandlerRootViewManager
04-06 02:31:01.193 20721 20855 D TrafficStats: tagSocket(152) with statsTag=0xffffffff, statsUid=-1
04-06 02:31:01.364 20721 20836 V AsyncStorageExpoMigration: No scoped database found
04-06 02:31:01.536 20721 20836 D Detox.RNMarker: RUN_JS_BUNDLE_END (/.virtual-metro-entry.bundle?platform=android&dev=true&lazy=true&minify=false&app=com.evolucao.app&modulesOnly=false&runModule=true&excludeSource=true&sourcePaths=url-server)
04-06 02:31:01.537 20721 20836 I ReactNativeJS: Running "main" with {"rootTag":1,"initialProps":{},"fabric":true}
04-06 02:31:01.614 20721 20859 D TrafficStats: tagSocket(136) with statsTag=0xffffffff, statsUid=-1
04-06 02:31:01.746 20721 20721 I DecorView: notifyKeepScreenOnChanged: keepScreenOn=true
04-06 02:31:01.752 20721 20721 I ViewRootImpl@73623ee[MainActivity]: performTraversals params={(0,0)(fillxfill) sim={adjust=resize} layoutInDisplayCutoutMode=always ty=BASE_APPLICATION wanim=0x1030309
04-06 02:31:01.752 20721 20721 I ViewRootImpl@73623ee[MainActivity]:   fl=81810180
04-06 02:31:01.752 20721 20721 I ViewRootImpl@73623ee[MainActivity]:   pfl=16020040
04-06 02:31:01.752 20721 20721 I ViewRootImpl@73623ee[MainActivity]:   vsysui=100
04-06 02:31:01.752 20721 20721 I ViewRootImpl@73623ee[MainActivity]:   bhv=DEFAULT
04-06 02:31:01.752 20721 20721 I ViewRootImpl@73623ee[MainActivity]:   fitSides= naviIconColor=0}
04-06 02:31:01.753 20721 20721 I ViewRootImpl@73623ee[MainActivity]: performTraversals mFirst=false windowShouldResize=false viewVisibilityChanged=false mForceNextWindowRelayout=false params={(0,0)(fillxfill) sim={adjust=resize} layoutInDisplayCutoutMode=always ty=BASE_APPLICATION wanim=0x1030309
04-06 02:31:01.753 20721 20721 I ViewRootImpl@73623ee[MainActivity]:   fl=81810180
04-06 02:31:01.753 20721 20721 I ViewRootImpl@73623ee[MainActivity]:   pfl=16020040
04-06 02:31:01.753 20721 20721 I ViewRootImpl@73623ee[MainActivity]:   vsysui=100
04-06 02:31:01.753 20721 20721 I ViewRootImpl@73623ee[MainActivity]:   bhv=DEFAULT
04-06 02:31:01.753 20721 20721 I ViewRootImpl@73623ee[MainActivity]:   fitSides= naviIconColor=0}
04-06 02:31:01.762 20721 20721 I ViewRootImpl@73623ee[MainActivity]: updateBlastSurfaceIfNeeded mBlastBufferQueue=0xb4000070c2c34c00 isSameSurfaceControl=true
04-06 02:31:01.763 20721 20721 I BLASTBufferQueue: update, w= 1080 h= 2400 mName = ViewRootImpl@73623ee[MainActivity] mNativeObject= 0xb4000070c2c34c00 sc.mNativeObject= 0xb4000070a0cf78e0 format= -1 caller= android.view.ViewRootImpl.updateBlastSurfaceIfNeeded:2898 android.view.ViewRootImpl.relayoutWindow:9847 android.view.ViewRootImpl.performTraversals:3884 android.view.ViewRootImpl.doTraversal:3116 android.view.ViewRootImpl$TraversalRunnable.run:10885 android.view.Choreographer$CallbackRecord.run:1301 
04-06 02:31:01.763 20721 20721 I ViewRootImpl@73623ee[MainActivity]: Relayout returned: old=(0,0,1080,2400) new=(0,0,1080,2400) req=(1080,2400)0 dur=9 res=0x0 s={true 0xb4000070a70d8000} ch=false seqId=0
04-06 02:31:01.767 20721 20721 D Detox.RNMarker: CONTENT_APPEARED (main)
04-06 02:31:01.774 20721 20721 W UiControllerImpl: Waiting for: DYNAMIC_TASKS_HAVE_IDLED for 100 iterations.
04-06 02:31:01.775 20721 20836 D Detox.RNMarker: REACT_BRIDGELESS_LOADING_END (null)
04-06 02:31:01.783 20721 20836 I ReactNativeJS: '[ANALYTICS]', 'app_opened', { event: 'app_opened',
04-06 02:31:01.783 20721 20836 I ReactNativeJS:   eventId: '1775453461778_dd62f38876c0d',
04-06 02:31:01.783 20721 20836 I ReactNativeJS:   appVersion: '1.0.0',
04-06 02:31:01.783 20721 20836 I ReactNativeJS:   category: 'engagement',
04-06 02:31:01.783 20721 20836 I ReactNativeJS:   userId: 'anonymous',
04-06 02:31:01.783 20721 20836 I ReactNativeJS:   timestamp: 1775453461778,
04-06 02:31:01.783 20721 20836 I ReactNativeJS:   timestampIso: '2026-04-06T05:31:01.778Z',
04-06 02:31:01.783 20721 20836 I ReactNativeJS:   screen: 'App',
04-06 02:31:01.783 20721 20836 I ReactNativeJS:   sessionId: 'session-1775453461764-611441cf8fab',
04-06 02:31:01.783 20721 20836 I ReactNativeJS:   flowId: 'session-1775453461764-611441cf8fab',
04-06 02:31:01.783 20721 20836 I ReactNativeJS:   meta: 
04-06 02:31:01.783 20721 20836 I ReactNativeJS:    { domain: 'engagement',
04-06 02:31:01.783 20721 20836 I ReactNativeJS:      version: 1,
04-06 02:31:01.783 20721 20836 I ReactNativeJS:      dayKey: '2026-04-06',
04-06 02:31:01.783 20721 20836 I ReactNativeJS:      isFirstOpenOfDay: true,
04-06 02:31:01.783 20721 20836 I ReactNativeJS:      category: 'engagement' } }
04-06 02:31:01.973 20721 20729 I om.evolucao.app: Compiler allocated 4177KB to compile void android.widget.TextView.<init>(android.content.Context, android.util.AttributeSet, int, int)
04-06 02:31:01.985 20721 20721 D CompatibilityChangeReporter: Compat change id reported: 171228096; UID 10413; state: ENABLED
04-06 02:31:01.986 20721 20721 D ScrollView: initGoToTop
04-06 02:31:01.987 20721 20721 W om.evolucao.app: Accessing hidden field Landroid/widget/ScrollView;->mScroller:Landroid/widget/OverScroller; (unsupported, reflection, allowed)
04-06 02:31:02.000 20721 20721 W [RNScreens]: backTitleFontFamily prop is not available on Android
04-06 02:31:02.000 20721 20721 W [RNScreens]: disableBackButtonMenu prop is not available on Android
04-06 02:31:02.000 20721 20721 W [RNScreens]: backTitleVisible prop is not available on Android
04-06 02:31:02.000 20721 20721 W [RNScreens]: topInsetEnabled prop is not available on Android
04-06 02:31:02.000 20721 20721 W [RNScreens]: largeTitleHideShadow prop is not available on Android
04-06 02:31:02.000 20721 20721 W [RNScreens]: largeTitleFontWeight prop is not available on Android
04-06 02:31:02.000 20721 20721 W [RNScreens]: userInterfaceStyle prop is not available on Android
04-06 02:31:02.000 20721 20721 W [RNScreens]: largeTitleFontFamily prop is not available on Android
04-06 02:31:02.044 20721 20805 D OpenGLRenderer: setSurface called with nullptr
04-06 02:31:02.230 20721 20721 W UiControllerImpl: Waiting for: DYNAMIC_TASKS_HAVE_IDLED for 200 iterations.
04-06 02:31:03.604 20721 20721 W UiControllerImpl: Waiting for: DYNAMIC_TASKS_HAVE_IDLED for 300 iterations.
04-06 02:31:04.815 20721 20863 D ProfileInstaller: Installing profile for com.evolucao.app
04-06 02:31:04.911 20721 20721 W UiControllerImpl: Waiting for: DYNAMIC_TASKS_HAVE_IDLED for 400 iterations.
04-06 02:31:05.816 20721 20721 I Detox   : Wait is over: App is now idle!
04-06 02:31:05.816 20721 20788 I DetoxWSClient: Sending out action 'ready' (ID #-1000)
04-06 02:31:05.817 20721 20788 I DetoxDispatcher: Done with action 'isReady'
04-06 02:31:05.824 20721 20792 D DetoxWSClient: Received action 'invoke' (ID #1, params={"target":{"type":"Class","value":"com.wix.detox.espresso.EspressoDetox"},"method":"setSynchronization","args":[{"type":"boolean","value":false}]})
04-06 02:31:05.824 20721 20788 I DetoxDispatcher: Handling action 'invoke' (ID #1)...
04-06 02:31:05.843 20721 20788 D Detox   : class com.wix.detox.espresso.EspressoDetox, setSynchronization, [false]
04-06 02:31:05.856 20721 20788 D IdlingRegistry: Unregistering idling resources: [com.wix.detox.reactnative.idlingresources.timers.FabricTimersIdlingResource@76f3a71]
04-06 02:31:05.857 20721 20788 D IdlingRegistry: Unregistering idling resources: [com.wix.detox.reactnative.idlingresources.StabilizedIdlingResource@72508d7]
04-06 02:31:05.858 20721 20788 D IdlingRegistry: Unregistering idling resources: [com.wix.detox.reactnative.idlingresources.uimodule.fabric.FabricUIManagerIdlingResources@a29e7fb]
04-06 02:31:05.858 20721 20788 D IdlingRegistry: Unregistering idling resources: [com.wix.detox.reactnative.idlingresources.animations.AnimatedModuleIdlingResource@fa87018]
04-06 02:31:05.858 20721 20788 D IdlingRegistry: Unregistering idling resources: [com.wix.detox.reactnative.idlingresources.network.NetworkIdlingResource@2908056]
04-06 02:31:05.859 20721 20788 I DetoxWSClient: Sending out action 'invokeResult' (ID #1)
04-06 02:31:05.859 20721 20788 I DetoxDispatcher: Done with action 'invoke'
04-06 02:31:05.864 20721 20792 D DetoxWSClient: Received action 'invoke' (ID #2, params={"target":{"type":"Class","value":"com.wix.detox.espresso.DetoxAssertion"},"method":"waitForAssertMatcher","args":[{"type":"Invocation","value":{"target":{"type":"Class","value":"androidx.test.espresso.Espresso"},"method":"onView","args":[{"type":"Invocation","value":{"target":{"type":"Class","value":"com.wix.detox.espresso.DetoxMatcher"},"method":"matcherForText","args":["Questionario Inteligente",{"type":"boolean","value":false}]}}]}},{"type":"Invocation","value":{"target":{"type":"Class","value":"com.wix.detox.espresso.DetoxMatcher"},"method":"matcherForSufficientlyVisible","args":[{"type":"Integer","value":75}]}},{"type":"Double","value":4}]})
04-06 02:31:05.865 20721 20788 I DetoxDispatcher: Handling action 'invoke' (ID #2)...
04-06 02:31:05.865 20721 20788 D Detox   : class com.wix.detox.espresso.DetoxMatcher, matcherForText, [Questionario Inteligente, false]
04-06 02:31:05.866 20721 20788 D Detox   : class androidx.test.espresso.Espresso, onView, [(an instance of android.widget.TextView and view.getText() with or without transformation to match: is "Questionario Inteligente" and view has effective visibility <VISIBLE>)]
04-06 02:31:05.867 20721 20788 D Detox   : class com.wix.detox.espresso.DetoxMatcher, matcherForSufficientlyVisible, [75]
04-06 02:31:05.868 20721 20788 D Detox   : class com.wix.detox.espresso.DetoxAssertion, waitForAssertMatcher, [androidx.test.espresso.ViewInteraction@a8c0916, (view has effective visibility <VISIBLE> and view.getGlobalVisibleRect() covers at least <75> percent of the view's area), 4.0]
04-06 02:31:05.879 20721 20721 I ViewInteraction: Checking 'MatchesViewAssertion(Detox){viewMatcher=(view has effective visibility <VISIBLE> and view.getGlobalVisibleRect() covers at least <75> percent of the view's area)}' assertion on view (an instance of android.widget.TextView and view.getText() with or without transformation to match: is "Questionario Inteligente" and view has effective visibility <VISIBLE>)
04-06 02:31:05.885 20721 20788 I DetoxWSClient: Sending out action 'invokeResult' (ID #2)
04-06 02:31:05.885 20721 20788 I DetoxDispatcher: Done with action 'invoke'
04-06 02:31:05.889 20721 20792 D DetoxWSClient: Received action 'invoke' (ID #3, params={"target":{"type":"Class","value":"com.wix.detox.espresso.DetoxAssertion"},"method":"waitForAssertMatcher","args":[{"type":"Invocation","value":{"target":{"type":"Class","value":"androidx.test.espresso.Espresso"},"method":"onView","args":[{"type":"Invocation","value":{"target":{"type":"Class","value":"com.wix.detox.espresso.DetoxMatcher"},"method":"matcherForTestId","args":["input-peso",{"type":"boolean","value":false}]}}]}},{"type":"Invocation","value":{"target":{"type":"Class","value":"com.wix.detox.espresso.DetoxMatcher"},"method":"matcherForSufficientlyVisible","args":[{"type":"Integer","value":75}]}},{"type":"Double","value":5}]})
04-06 02:31:05.889 20721 20788 I DetoxDispatcher: Handling action 'invoke' (ID #3)...
04-06 02:31:05.890 20721 20788 D Detox   : class com.wix.detox.espresso.DetoxMatcher, matcherForTestId, [input-peso, false]
04-06 02:31:05.890 20721 20788 D Detox   : class androidx.test.espresso.Espresso, onView, [(view.getTag() is "input-peso" and view has effective visibility <VISIBLE>)]
04-06 02:31:05.891 20721 20788 D Detox   : class com.wix.detox.espresso.DetoxMatcher, matcherForSufficientlyVisible, [75]
04-06 02:31:05.891 20721 20788 D Detox   : class com.wix.detox.espresso.DetoxAssertion, waitForAssertMatcher, [androidx.test.espresso.ViewInteraction@cb7a0a2, (view has effective visibility <VISIBLE> and view.getGlobalVisibleRect() covers at least <75> percent of the view's area), 5.0]
04-06 02:31:05.894 20721 20721 I ViewInteraction: Checking 'MatchesViewAssertion(Detox){viewMatcher=(view has effective visibility <VISIBLE> and view.getGlobalVisibleRect() covers at least <75> percent of the view's area)}' assertion on view (view.getTag() is "input-peso" and view has effective visibility <VISIBLE>)
04-06 02:31:05.901 20721 20788 I DetoxWSClient: Sending out action 'invokeResult' (ID #3)
04-06 02:31:05.901 20721 20788 I DetoxDispatcher: Done with action 'invoke'
04-06 02:31:05.904 20721 20792 D DetoxWSClient: Received action 'invoke' (ID #4, params={"target":{"type":"Class","value":"com.wix.detox.espresso.EspressoDetox"},"method":"perform","args":[{"type":"Invocation","value":{"target":{"type":"Class","value":"com.wix.detox.espresso.DetoxMatcher"},"method":"matcherForTestId","args":["input-peso",{"type":"boolean","value":false}]}},{"type":"Invocation","value":{"target":{"type":"Class","value":"androidx.test.espresso.action.ViewActions"},"method":"replaceText","args":["80"]}}]})
04-06 02:31:05.905 20721 20788 I DetoxDispatcher: Handling action 'invoke' (ID #4)...
04-06 02:31:05.905 20721 20788 D Detox   : class com.wix.detox.espresso.DetoxMatcher, matcherForTestId, [input-peso, false]
04-06 02:31:05.906 20721 20788 D Detox   : class androidx.test.espresso.action.ViewActions, replaceText, [80]
04-06 02:31:05.906 20721 20788 D Detox   : class com.wix.detox.espresso.EspressoDetox, perform, [(view.getTag() is "input-peso" and view has effective visibility <VISIBLE>), androidx.test.espresso.action.ReplaceTextAction@85c1802]
04-06 02:31:05.910 20721 20721 I ViewInteraction: Performing 'replace text(80)' action on view (view.getTag() is "input-peso" and view has effective visibility <VISIBLE>)
04-06 02:31:05.928 20721 20788 I DetoxWSClient: Sending out action 'invokeResult' (ID #4)
04-06 02:31:05.928 20721 20788 I DetoxDispatcher: Done with action 'invoke'
04-06 02:31:05.930 20721 20721 D CompatibilityChangeReporter: Compat change id reported: 163400105; UID 10413; state: ENABLED
04-06 02:31:05.933 20721 20721 I AssistStructure: Flattened final assist data: 4024 bytes, containing 1 windows, 24 views
04-06 02:31:05.934 20721 20792 D DetoxWSClient: Received action 'invoke' (ID #5, params={"target":{"type":"Class","value":"com.wix.detox.espresso.DetoxAssertion"},"method":"assertMatcher","args":[{"type":"Invocation","value":{"target":{"type":"Class","value":"androidx.test.espresso.Espresso"},"method":"onView","args":[{"type":"Invocation","value":{"target":{"type":"Class","value":"com.wix.detox.espresso.DetoxMatcher"},"method":"matcherForTestId","args":["input-peso",{"type":"boolean","value":false}]}}]}},{"type":"Invocation","value":{"target":{"type":"Class","value":"com.wix.detox.espresso.DetoxMatcher"},"method":"matcherForText","args":["80",{"type":"boolean","value":false}]}}]})
04-06 02:31:05.935 20721 20788 I DetoxDispatcher: Handling action 'invoke' (ID #5)...
04-06 02:31:05.935 20721 20788 D Detox   : class com.wix.detox.espresso.DetoxMatcher, matcherForTestId, [input-peso, false]
04-06 02:31:05.936 20721 20788 D Detox   : class androidx.test.espresso.Espresso, onView, [(view.getTag() is "input-peso" and view has effective visibility <VISIBLE>)]
04-06 02:31:05.936 20721 20788 D Detox   : class com.wix.detox.espresso.DetoxMatcher, matcherForText, [80, false]
04-06 02:31:05.937 20721 20788 D Detox   : class com.wix.detox.espresso.DetoxAssertion, assertMatcher, [androidx.test.espresso.ViewInteraction@60ecbbd, (an instance of android.widget.TextView and view.getText() with or without transformation to match: is "80" and view has effective visibility <VISIBLE>)]
04-06 02:31:05.945 20721 20721 D InputMethodManager: startInputInner - Id : 0
04-06 02:31:05.945 20721 20721 I InputMethodManager: startInputInner - mService.startInputOrWindowGainedFocus
04-06 02:31:05.955 20721 20721 I ViewInteraction: Checking 'MatchesViewAssertion(Detox){viewMatcher=(an instance of android.widget.TextView and view.getText() with or without transformation to match: is "80" and view has effective visibility <VISIBLE>)}' assertion on view (view.getTag() is "input-peso" and view has effective visibility <VISIBLE>)
04-06 02:31:05.958 20721 20788 I DetoxWSClient: Sending out action 'invokeResult' (ID #5)
04-06 02:31:05.958 20721 20788 I DetoxDispatcher: Done with action 'invoke'
04-06 02:31:05.962 20721 20792 D DetoxWSClient: Received action 'invoke' (ID #6, params={"target":{"type":"Class","value":"com.wix.detox.espresso.EspressoDetox"},"method":"perform","args":[{"type":"Invocation","value":{"target":{"type":"Class","value":"com.wix.detox.espresso.DetoxMatcher"},"method":"matcherForTestId","args":["input-peso-meta",{"type":"boolean","value":false}]}},{"type":"Invocation","value":{"target":{"type":"Class","value":"androidx.test.espresso.action.ViewActions"},"method":"replaceText","args":["75"]}}]})
04-06 02:31:05.962 20721 20788 I DetoxDispatcher: Handling action 'invoke' (ID #6)...
04-06 02:31:05.962 20721 20788 D Detox   : class com.wix.detox.espresso.DetoxMatcher, matcherForTestId, [input-peso-meta, false]
04-06 02:31:05.963 20721 20788 D Detox   : class androidx.test.espresso.action.ViewActions, replaceText, [75]
04-06 02:31:05.963 20721 20788 D Detox   : class com.wix.detox.espresso.EspressoDetox, perform, [(view.getTag() is "input-peso-meta" and view has effective visibility <VISIBLE>), androidx.test.espresso.action.ReplaceTextAction@e06dd44]
04-06 02:31:05.965 20721 20721 I ViewInteraction: Performing 'replace text(75)' action on view (view.getTag() is "input-peso-meta" and view has effective visibility <VISIBLE>)
04-06 02:31:05.970 20721 20788 I DetoxWSClient: Sending out action 'invokeResult' (ID #6)
04-06 02:31:05.970 20721 20788 I DetoxDispatcher: Done with action 'invoke'
