04-06 02:28:29.624 18629 18629 I ViewRootImpl@914008f[MainActivity]: reportDrawFinished seqId=0 mSyncId=-1 fn=2 mSurfaceChangedTransaction=0xb4000070a6e39c00
04-06 02:28:29.627 18629 18629 D CompatibilityChangeReporter: Compat change id reported: 210923482; UID 10403; state: ENABLED
04-06 02:28:29.633 18629 18681 D NativeCustomFrequencyManager: [NativeCFMS] BpCustomFrequencyManager::BpCustomFrequencyManager()
04-06 02:28:29.636 18629 18629 D InsetsController: onStateChanged: InsetsState: {mDisplayFrame=Rect(0, 0 - 1080, 2400), mDisplayCutout=DisplayCutout{insets=Rect(0, 88 - 0, 0) waterfall=Insets{left=0, top=0, right=0, bottom=0} boundingRect={Bounds=[Rect(0, 0 - 0, 0), Rect(512, 0 - 568, 88), Rect(0, 0 - 0, 0), Rect(0, 0 - 0, 0)]} cutoutPathParserInfo={CutoutPathParserInfo{displayWidth=1080 displayHeight=2400 physicalDisplayWidth=1080 physicalDisplayHeight=2400 density={3.0} cutoutSpec={M 0,0 M 0,10.71963616907435 a 9.280363830925644,9.280363830925644 0 1,0 0,18.56072766185129 a 9.280363830925644,9.280363830925644 0 1,0 0,-18.56072766185129 Z @dp} rotation={0} scale={1.0} physicalPixelDisplaySizeRatio={1.0}}}}, mRoundedCorners=RoundedCorners{[RoundedCorner{position=TopLeft, radius=96, center=Point(96, 96)}, RoundedCorner{position=TopRight, radius=96, center=Point(984, 96)}, RoundedCorner{position=BottomRight, radius=96, center=Point(984, 2304)}, RoundedCorner{position=BottomLeft, radius=96, center=Point(96, 2304)}]}  mRoundedCornerFrame=Rect(0, 0 - 1080, 2400), mPrivacyIndicatorBounds=PrivacyIndicatorBounds {static bounds=Rect(948, 0 - 1080, 88) rotation=0}, mSources= { InsetsSource: {mType=ITYPE_STATUS_BAR, mFrame=[0,0][1080,88], mVisible=true, mInsetsRoundedCornerFrame=false}, InsetsSource: {mType=ITYPE_NAVIGATION_BAR, mFrame=[0,2256][1080,2400], mVisible=true, mInsetsRoundedCornerFrame=false}, InsetsSource: {mType=ITYPE_LEFT_GESTURES, mFrame=[0,0][0,2400], mVisible=true, mInsetsRoundedCornerFrame=false}, InsetsSource: {mType=ITYPE_RIGHT_GESTURES, mFrame=[1080,0][1080,2400], mVisible=true, mInsetsRoundedCornerFrame=false}, InsetsSource: {mType=ITYPE_TOP_MANDATORY_GESTURES, mFrame=[0,0][1080,124], mVisible=true, mInsetsRoundedCornerFrame=false}, InsetsSource: {mType=ITYPE_BOTTOM_MANDATORY_GESTURES, mFrame=[0,2256][1080,2400], mVisible=true, mInsetsRoundedCornerFrame=false}, InsetsSource: {mType=ITYPE_LEFT_DISPLAY_CUTOUT, mFrame=[0,0][-100000,2400], mVisible=true, mInsetsRoundedCornerFrame=false}, InsetsSource: {mType=ITYPE_TOP_DISPLAY_CUTOUT, mFrame=[0,0][1080,88], mVisible=true, mInsetsRoundedCornerFrame=false}, InsetsSource: {mType=ITYPE_RIGHT_DISPLAY_CUTOUT, mFrame=[100000,0][1080,2400], mVisible=true, mInsetsRoundedCornerFrame=false}, InsetsSource: {mType=ITYPE_BOTTOM_DISPLAY_CUTOUT, mFrame=[0,100000][1080,2400], mVisible=true, mInsetsRoundedCornerFrame=false}, InsetsSource: {mType=ITYPE_TOP_TAPPABLE_ELEMENT, mFrame=[0,0][1080,88], mVisible=true, mInsetsRoundedCornerFrame=false}, InsetsSource: {mType=ITYPE_BOTTOM_TAPPABLE_ELEMENT, mFrame=[0,2256][1080,2400], mVisible=true, mInsetsRoundedCornerFrame=false}, InsetsSource: {mType=ITYPE_IME, mFrame=[0,0][0,0], mVisibleFrame=[0,1374][1080,2400], mVisible=false, mInsetsRoundedCornerFrame=false} } host=PopupWindow:2919411 from=android.view.ViewRootImpl.setView:1732
04-06 02:28:29.637 18629 18629 I ViewRootImpl@93f6976[PopupWindow:2919411]: setView = android.widget.PopupWindow$PopupDecorView@5b0a702 TM=false
04-06 02:28:29.641 18629 18629 I ViewRootImpl@93f6976[PopupWindow:2919411]: performTraversals params={(0,88)(fillxwrap) gr=TOP START CENTER sim={state=unchanged adjust=pan} ty=APPLICATION_PANEL fmt=TRANSLUCENT surfaceInsets=Rect(0, 0 - 0, 0) (manual)
04-06 02:28:29.641 18629 18629 I ViewRootImpl@93f6976[PopupWindow:2919411]:   fl=41800008
04-06 02:28:29.641 18629 18629 I ViewRootImpl@93f6976[PopupWindow:2919411]:   pfl=42018000
04-06 02:28:29.641 18629 18629 I ViewRootImpl@93f6976[PopupWindow:2919411]:   bhv=DEFAULT
04-06 02:28:29.641 18629 18629 I ViewRootImpl@93f6976[PopupWindow:2919411]:   fitTypes=STATUS_BARS NAVIGATION_BARS CAPTION_BAR naviIconColor=0
04-06 02:28:29.641 18629 18629 I ViewRootImpl@93f6976[PopupWindow:2919411]:   sfl=20000}
04-06 02:28:29.642 18629 18629 I ViewRootImpl@93f6976[PopupWindow:2919411]: performTraversals mFirst=true windowShouldResize=true viewVisibilityChanged=false mForceNextWindowRelayout=false params={(0,88)(fillxwrap) gr=TOP START CENTER sim={state=unchanged adjust=pan} ty=APPLICATION_PANEL fmt=TRANSLUCENT surfaceInsets=Rect(0, 0 - 0, 0) (manual)
04-06 02:28:29.642 18629 18629 I ViewRootImpl@93f6976[PopupWindow:2919411]:   fl=41800008
04-06 02:28:29.642 18629 18629 I ViewRootImpl@93f6976[PopupWindow:2919411]:   pfl=42018000
04-06 02:28:29.642 18629 18629 I ViewRootImpl@93f6976[PopupWindow:2919411]:   bhv=DEFAULT
04-06 02:28:29.642 18629 18629 I ViewRootImpl@93f6976[PopupWindow:2919411]:   fitTypes=STATUS_BARS NAVIGATION_BARS CAPTION_BAR naviIconColor=0
04-06 02:28:29.642 18629 18629 I ViewRootImpl@93f6976[PopupWindow:2919411]:   sfl=20000}
04-06 02:28:29.646 18629 18702 I ViewRootImpl@93f6976[PopupWindow:2919411]: Resizing android.view.ViewRootImpl@ca5e813: frame = [0,88][1080,167] reportDraw = true forceLayout = false syncSeqId = 0
04-06 02:28:29.647 18629 18629 I ViewRootImpl@93f6976[PopupWindow:2919411]: updateBlastSurfaceIfNeeded mBlastBufferQueue=null isSameSurfaceControl=false
04-06 02:28:29.647 18629 18629 I BLASTBufferQueue: new BLASTBufferQueue, mName= ViewRootImpl@93f6976[PopupWindow:2919411] mNativeObject= 0xb4000070a0c92680 sc.mNativeObject= 0xb4000070a0c6a240 caller= android.view.ViewRootImpl.updateBlastSurfaceIfNeeded:2909 android.view.ViewRootImpl.relayoutWindow:9847 android.view.ViewRootImpl.performTraversals:3884 android.view.ViewRootImpl.doTraversal:3116 android.view.ViewRootImpl$TraversalRunnable.run:10885 android.view.Choreographer$CallbackRecord.run:1301 android.view.Choreographer$CallbackRecord.run:1309 android.view.Choreographer.doCallbacks:923 android.view.Choreographer.doFrame:852 android.view.Choreographer$FrameDisplayEventReceiver.run:1283 
04-06 02:28:29.647 18629 18629 I BLASTBufferQueue: update, w= 1080 h= 79 mName = ViewRootImpl@93f6976[PopupWindow:2919411] mNativeObject= 0xb4000070a0c92680 sc.mNativeObject= 0xb4000070a0c6a240 format= -3 caller= android.graphics.BLASTBufferQueue.<init>:84 android.view.ViewRootImpl.updateBlastSurfaceIfNeeded:2909 android.view.ViewRootImpl.relayoutWindow:9847 android.view.ViewRootImpl.performTraversals:3884 android.view.ViewRootImpl.doTraversal:3116 android.view.ViewRootImpl$TraversalRunnable.run:10885 
04-06 02:28:29.648 18629 18629 I ViewRootImpl@93f6976[PopupWindow:2919411]: Relayout returned: old=(0,88,1080,2256) new=(0,88,1080,167) req=(1080,79)0 dur=5 res=0x3 s={true 0xb4000070a0ea4800} ch=true seqId=0
04-06 02:28:29.649 18629 18629 I ViewRootImpl@93f6976[PopupWindow:2919411]: mThreadedRenderer.initialize() mSurface={isValid=true 0xb4000070a0ea4800} hwInitialized=true
04-06 02:28:29.649 18629 18681 D OpenGLRenderer: eglCreateWindowSurface
04-06 02:28:29.649 18629 18629 I ViewRootImpl@93f6976[PopupWindow:2919411]: reportNextDraw android.view.ViewRootImpl.performTraversals:4438 android.view.ViewRootImpl.doTraversal:3116 android.view.ViewRootImpl$TraversalRunnable.run:10885 android.view.Choreographer$CallbackRecord.run:1301 android.view.Choreographer$CallbackRecord.run:1309 
04-06 02:28:29.650 18629 18629 I ViewRootImpl@93f6976[PopupWindow:2919411]: Setup new sync id=0
04-06 02:28:29.650 18629 18629 I ViewRootImpl@93f6976[PopupWindow:2919411]: Setting syncFrameCallback
04-06 02:28:29.650 18629 18629 I ViewRootImpl@93f6976[PopupWindow:2919411]: registerCallbacksForSync syncBuffer=false
04-06 02:28:29.658 18629 18704 I ViewRootImpl@93f6976[PopupWindow:2919411]: Received frameDrawingCallback syncResult=0 frameNum=1.
04-06 02:28:29.658 18629 18704 I ViewRootImpl@93f6976[PopupWindow:2919411]: Setting up sync and frameCommitCallback
04-06 02:28:29.658 18629 18681 I BLASTBufferQueue: [ViewRootImpl@93f6976[PopupWindow:2919411]#1](f:0,a:0) onFrameAvailable the first frame is available
04-06 02:28:29.659 18629 18681 I ViewRootImpl@93f6976[PopupWindow:2919411]: Received frameCommittedCallback lastAttemptedDrawFrameNum=1 didProduceBuffer=true
04-06 02:28:29.659 18629 18681 D OpenGLRenderer: CFMS:: SetUp Pid : 18629    Tid : 18681
04-06 02:28:29.659 18629 18681 W Parcel  : Expecting binder but got null!
04-06 02:28:29.660 18629 18629 I ViewRootImpl@93f6976[PopupWindow:2919411]: onSyncComplete
04-06 02:28:29.660 18629 18629 I ViewRootImpl@93f6976[PopupWindow:2919411]: setupSync seqId=0 mSyncId=0 fn=1 caller=android.view.ViewRootImpl$$ExternalSyntheticLambda11.accept:6 android.window.SurfaceSyncer.lambda$setupSync$1$android-window-SurfaceSyncer:128 android.window.SurfaceSyncer$$ExternalSyntheticLambda1.accept:8 android.window.SurfaceSyncer$SyncSet.checkIfSyncIsComplete:382 android.window.SurfaceSyncer$SyncSet.markSyncReady:359 android.window.SurfaceSyncer.markSyncReady:151 android.view.ViewRootImpl.performTraversals:4503 
04-06 02:28:29.660 18629 18629 I ViewRootImpl@93f6976[PopupWindow:2919411]: reportDrawFinished seqId=0 mSyncId=-1 fn=1 mSurfaceChangedTransaction=0xb4000070a6ea2300
04-06 02:28:29.660 18629 18629 I ViewRootImpl@914008f[MainActivity]: MSG_WINDOW_FOCUS_CHANGED 1 0
04-06 02:28:29.660 18629 18629 I ViewRootImpl@914008f[MainActivity]: mThreadedRenderer.initializeIfNeeded()#2 mSurface={isValid=true 0xb4000070a0ea2000}
04-06 02:28:29.661 18629 18629 W unknown:BridgelessReact: ReactHost{0}.raiseSoftException(onWindowFocusChange(hasFocus = "true")): Tried to access onWindowFocusChange while context is not ready
04-06 02:28:29.662 18629 18629 E unknown:ReactHost: Unhandled SoftException
04-06 02:28:29.662 18629 18629 E unknown:ReactHost: com.facebook.react.bridge.ReactNoCrashSoftException: raiseSoftException(onWindowFocusChange(hasFocus = "true")): Tried to access onWindowFocusChange while context is not ready
04-06 02:28:29.662 18629 18629 E unknown:ReactHost: 	at com.facebook.react.runtime.ReactHostImpl.raiseSoftException(ReactHostImpl.kt:861)
04-06 02:28:29.662 18629 18629 E unknown:ReactHost: 	at com.facebook.react.runtime.ReactHostImpl.raiseSoftException$default(ReactHostImpl.kt:852)
04-06 02:28:29.662 18629 18629 E unknown:ReactHost: 	at com.facebook.react.runtime.ReactHostImpl.onWindowFocusChange(ReactHostImpl.kt:625)
04-06 02:28:29.662 18629 18629 E unknown:ReactHost: 	at com.facebook.react.ReactDelegate.onWindowFocusChanged(ReactDelegate.kt:232)
04-06 02:28:29.662 18629 18629 E unknown:ReactHost: 	at com.facebook.react.ReactActivityDelegate.onWindowFocusChanged(ReactActivityDelegate.java:237)
04-06 02:28:29.662 18629 18629 E unknown:ReactHost: 	at expo.modules.ReactActivityDelegateWrapper$onWindowFocusChanged$1.invokeSuspend(ReactActivityDelegateWrapper.kt:320)
04-06 02:28:29.662 18629 18629 E unknown:ReactHost: 	at expo.modules.ReactActivityDelegateWrapper$onWindowFocusChanged$1.invoke(Unknown Source:8)
04-06 02:28:29.662 18629 18629 E unknown:ReactHost: 	at expo.modules.ReactActivityDelegateWrapper$onWindowFocusChanged$1.invoke(Unknown Source:4)
04-06 02:28:29.662 18629 18629 E unknown:ReactHost: 	at expo.modules.ReactActivityDelegateWrapper$launchLifecycleScopeWithLock$1.invokeSuspend(ReactActivityDelegateWrapper.kt:452)
04-06 02:28:29.662 18629 18629 E unknown:ReactHost: 	at kotlin.coroutines.jvm.internal.BaseContinuationImpl.resumeWith(ContinuationImpl.kt:33)
04-06 02:28:29.662 18629 18629 E unknown:ReactHost: 	at kotlinx.coroutines.internal.DispatchedContinuationKt.resumeCancellableWith(DispatchedContinuation.kt:375)
04-06 02:28:29.662 18629 18629 E unknown:ReactHost: 	at kotlinx.coroutines.intrinsics.CancellableKt.startCoroutineCancellable(Cancellable.kt:26)
04-06 02:28:29.662 18629 18629 E unknown:ReactHost: 	at kotlinx.coroutines.CoroutineStart.invoke(CoroutineStart.kt:358)
04-06 02:28:29.662 18629 18629 E unknown:ReactHost: 	at kotlinx.coroutines.AbstractCoroutine.start(AbstractCoroutine.kt:134)
04-06 02:28:29.662 18629 18629 E unknown:ReactHost: 	at kotlinx.coroutines.BuildersKt__Builders_commonKt.launch(Builders.common.kt:53)
04-06 02:28:29.662 18629 18629 E unknown:ReactHost: 	at kotlinx.coroutines.BuildersKt.launch(Unknown Source:1)
04-06 02:28:29.662 18629 18629 E unknown:ReactHost: 	at kotlinx.coroutines.BuildersKt__Builders_commonKt.launch$default(Builders.common.kt:44)
04-06 02:28:29.662 18629 18629 E unknown:ReactHost: 	at kotlinx.coroutines.BuildersKt.launch$default(Unknown Source:1)
04-06 02:28:29.662 18629 18629 E unknown:ReactHost: 	at expo.modules.ReactActivityDelegateWrapper.launchLifecycleScopeWithLock(ReactActivityDelegateWrapper.kt:450)
04-06 02:28:29.662 18629 18629 E unknown:ReactHost: 	at expo.modules.ReactActivityDelegateWrapper.launchLifecycleScopeWithLock$default(ReactActivityDelegateWrapper.kt:446)
04-06 02:28:29.662 18629 18629 E unknown:ReactHost: 	at expo.modules.ReactActivityDelegateWrapper.onWindowFocusChanged(ReactActivityDelegateWrapper.kt:318)
04-06 02:28:29.662 18629 18629 E unknown:ReactHost: 	at com.facebook.react.ReactActivity.onWindowFocusChanged(ReactActivity.java:158)
04-06 02:28:29.662 18629 18629 E unknown:ReactHost: 	at androidx.appcompat.view.WindowCallbackWrapper.onWindowFocusChanged(WindowCallbackWrapper.java:124)
04-06 02:28:29.662 18629 18629 E unknown:ReactHost: 	at com.android.internal.policy.DecorView.onWindowFocusChanged(DecorView.java:2710)
04-06 02:28:29.662 18629 18629 E unknown:ReactHost: 	at android.view.View.dispatchWindowFocusChanged(View.java:15817)
04-06 02:28:29.662 18629 18629 E unknown:ReactHost: 	at android.view.ViewGroup.dispatchWindowFocusChanged(ViewGroup.java:1512)
04-06 02:28:29.662 18629 18629 E unknown:ReactHost: 	at android.view.ViewRootImpl.handleWindowFocusChanged(ViewRootImpl.java:4678)
04-06 02:28:29.662 18629 18629 E unknown:ReactHost: 	at android.view.ViewRootImpl.-$$Nest$mhandleWindowFocusChanged(Unknown Source:0)
04-06 02:28:29.662 18629 18629 E unknown:ReactHost: 	at android.view.ViewRootImpl$ViewRootHandler.handleMessageImpl(ViewRootImpl.java:6788)
04-06 02:28:29.662 18629 18629 E unknown:ReactHost: 	at android.view.ViewRootImpl$ViewRootHandler.handleMessage(ViewRootImpl.java:6697)
04-06 02:28:29.662 18629 18629 E unknown:ReactHost: 	at android.os.Handler.dispatchMessage(Handler.java:106)
04-06 02:28:29.662 18629 18629 E unknown:ReactHost: 	at android.os.Looper.loopOnce(Looper.java:226)
04-06 02:28:29.662 18629 18629 E unknown:ReactHost: 	at android.os.Looper.loop(Looper.java:313)
04-06 02:28:29.662 18629 18629 E unknown:ReactHost: 	at android.app.ActivityThread.main(ActivityThread.java:8762)
04-06 02:28:29.662 18629 18629 E unknown:ReactHost: 	at java.lang.reflect.Method.invoke(Native Method)
04-06 02:28:29.662 18629 18629 E unknown:ReactHost: 	at com.android.internal.os.RuntimeInit$MethodAndArgsCaller.run(RuntimeInit.java:604)
04-06 02:28:29.662 18629 18629 E unknown:ReactHost: 	at com.android.internal.os.ZygoteInit.main(ZygoteInit.java:1067)
04-06 02:28:29.662 18629 18629 D InputMethodManager: startInputInner - Id : 0
04-06 02:28:29.662 18629 18629 I InputMethodManager: startInputInner - mService.startInputOrWindowGainedFocus
04-06 02:28:29.665 18629 18629 I ViewRootImpl@93f6976[PopupWindow:2919411]: handleResized, msg = 5 frames=ClientWindowFrames{frame=[0,88][1080,167] display=[0,88][1080,2256] parentFrame=[0,0][0,0] parentClippedByDisplayCutout=false} forceNextWindowRelayout=false displayId=0 resizeMode=-1 frameChanged=false displayFrameChanged=false configChanged=false displayChanged=false
04-06 02:28:29.665 18629 18629 I ViewRootImpl@93f6976[PopupWindow:2919411]: handleResized mSyncSeqId = 0
04-06 02:28:29.665 18629 18629 I ViewRootImpl@93f6976[PopupWindow:2919411]: reportNextDraw android.view.ViewRootImpl.handleResized:2450 android.view.ViewRootImpl.-$$Nest$mhandleResized:0 android.view.ViewRootImpl$ViewRootHandler.handleMessageImpl:6728 android.view.ViewRootImpl$ViewRootHandler.handleMessage:6697 android.os.Handler.dispatchMessage:106 
04-06 02:28:29.668 18629 18629 D InputMethodManager: startInputInner - Id : 0
04-06 02:28:29.672 18629 18629 I ViewRootImpl@93f6976[PopupWindow:2919411]: Setup new sync id=1
04-06 02:28:29.672 18629 18629 I ViewRootImpl@93f6976[PopupWindow:2919411]: Setting syncFrameCallback
04-06 02:28:29.672 18629 18629 I ViewRootImpl@93f6976[PopupWindow:2919411]: registerCallbacksForSync syncBuffer=false
04-06 02:28:29.676 18629 18705 I ViewRootImpl@93f6976[PopupWindow:2919411]: Received frameDrawingCallback syncResult=0 frameNum=3.
04-06 02:28:29.677 18629 18705 I ViewRootImpl@93f6976[PopupWindow:2919411]: Setting up sync and frameCommitCallback
04-06 02:28:29.683 18629 18681 I ViewRootImpl@93f6976[PopupWindow:2919411]: Received frameCommittedCallback lastAttemptedDrawFrameNum=3 didProduceBuffer=true
04-06 02:28:29.683 18629 18629 I ViewRootImpl@93f6976[PopupWindow:2919411]: onSyncComplete
04-06 02:28:29.683 18629 18629 I ViewRootImpl@93f6976[PopupWindow:2919411]: setupSync seqId=0 mSyncId=1 fn=3 caller=android.view.ViewRootImpl$$ExternalSyntheticLambda11.accept:6 android.window.SurfaceSyncer.lambda$setupSync$1$android-window-SurfaceSyncer:128 android.window.SurfaceSyncer$$ExternalSyntheticLambda1.accept:8 android.window.SurfaceSyncer$SyncSet.checkIfSyncIsComplete:382 android.window.SurfaceSyncer$SyncSet.markSyncReady:359 android.window.SurfaceSyncer.markSyncReady:151 android.view.ViewRootImpl.performTraversals:4503 
04-06 02:28:29.684 18629 18629 I ViewRootImpl@93f6976[PopupWindow:2919411]: reportDrawFinished seqId=0 mSyncId=-1 fn=3 mSurfaceChangedTransaction=0xb4000070a6ea2300
04-06 02:28:29.905 18629 18629 D InsetsController: cancelAnimation of types: 1, animType: 0, host: com.evolucao.app/com.evolucao.app.MainActivity, from:android.view.InsetsController.notifyFinished:1375 android.view.InsetsAnimationThreadControlRunner$1.lambda$notifyFinished$0$android-view-InsetsAnimationThreadControlRunner$1:84 android.view.InsetsAnimationThreadControlRunner$1$$ExternalSyntheticLambda1.run:4 
04-06 02:28:29.905 18629 18629 D InsetsSourceConsumer: ensureControlPosition: Point(0, 0) for ITYPE_STATUS_BAR on com.evolucao.app/com.evolucao.app.MainActivity from android.view.InsetsSourceConsumer.notifyAnimationFinished:419
04-06 02:28:29.921 18629 18704 I ViewRootImpl@914008f[MainActivity]: mWNT: t=0xb4000070a6e98400 mBlastBufferQueue=0xb4000070c2c34c00 fn= 2 caller= android.view.SyncRtSurfaceTransactionApplier.applyTransaction:96 android.view.SyncRtSurfaceTransactionApplier.lambda$scheduleApply$0$android-view-SyncRtSurfaceTransactionApplier:69 android.view.SyncRtSurfaceTransactionApplier$$ExternalSyntheticLambda0.onFrameDraw:4 
04-06 02:28:30.017 18629 18681 D OpenGLRenderer: setSurface called with nullptr
04-06 02:28:30.017 18629 18681 D OpenGLRenderer: setSurface() destroyed EGLSurface
04-06 02:28:30.018 18629 18681 D OpenGLRenderer: destroyEglSurface
04-06 02:28:30.018 18629 18709 D Detox.RNMarker: DOWNLOAD_END ({"url":"http:\/\/localhost:8081\/.expo\/.virtual-metro-entry.bundle?platform=android&dev=true&lazy=true&minify=false&app=com.evolucao.app&modulesOnly=false&runModule=true&excludeSource=true&sourcePaths=url-server","filesChangedCount":0})
04-06 02:28:30.018 18629 18709 W unknown:BridgelessReact: ReactHost{0}.loadJSBundleFromMetro(): Creating BundleLoader
04-06 02:28:30.018 18629 18700 W unknown:BridgelessReact: ReactHost{0}.getOrCreateReactInstanceTask(): Creating BridgelessReactContext
04-06 02:28:30.018 18629 18629 I ViewRootImpl@93f6976[PopupWindow:2919411]: dispatchDetachedFromWindow
04-06 02:28:30.020 18629 18700 W unknown:BridgelessReact: ReactHost{0}.getOrCreateReactInstanceTask(): Creating ReactInstance
04-06 02:28:30.021 18629 18629 D InputTransport: Input channel destroyed: 'c2f364d', fd=125
04-06 02:28:30.029 18629 18709 D TrafficStats: tagSocket(133) with statsTag=0xffffffff, statsUid=-1
04-06 02:28:30.032 18629 18700 D jni_lib_merge: Entering merged library JNI_OnLoad.
04-06 02:28:30.032 18629 18700 D jni_lib_merge: Preparing 4 pre-merged libs (including stub)
04-06 02:28:30.032 18629 18700 D jni_lib_merge: Preparing to register libhermes_executor_so.  onload_func: 0x7024133fa4
04-06 02:28:30.032 18629 18700 D jni_lib_merge: Preparing to register libhermesinstancejni_so.  onload_func: 0x702416d8b4
04-06 02:28:30.032 18629 18700 D jni_lib_merge: Preparing to register libjsijniprofiler_so.  onload_func: 0x702416f8f8
04-06 02:28:30.032 18629 18700 D jni_lib_merge: About to register 3 actual methods.
04-06 02:28:30.152 18629 18700 I ExpoModulesCore: ✅ AppContext was initialized
04-06 02:28:30.179 18629 18700 W unknown:BridgelessReact: ReactHost{0}.getOrCreateReactInstanceTask(): Loading JS Bundle
04-06 02:28:30.180 18629 18700 W unknown:BridgelessReact: ReactHost{0}.getOrCreateReactInstanceTask(): DevSupportManager.onNewReactContextCreated()
04-06 02:28:30.180 18629 18750 D Detox.RNMarker: RUN_JS_BUNDLE_START (/.virtual-metro-entry.bundle?platform=android&dev=true&lazy=true&minify=false&app=com.evolucao.app&modulesOnly=false&runModule=true&excludeSource=true&sourcePaths=url-server)
04-06 02:28:30.183 18629 18629 W unknown:ReactNative: Packager connection already open, nooping.
04-06 02:28:30.186 18629 18629 W unknown:BridgelessReact: ReactHost{0}.ReactContext.onHostResume()
04-06 02:28:30.188 18629 18700 W unknown:BridgelessReact: ReactHost{0}.startSurface(surfaceId = 0): Execute
04-06 02:28:30.191 18629 18629 W unknown:BridgelessReact: ReactHost{0}.getOrCreateReactInstanceTask(): Executing ReactInstanceEventListeners
04-06 02:28:30.191 18629 18629 I DetoxRNLoading: Got new RN-context through listener
04-06 02:28:30.192 18629 18659 I DetoxRNIdleRes: Setting up Espresso Idling Resources for React Native
04-06 02:28:30.199 18629 18629 D DetoxRNHelpers: Native RN module resolution (class com.reactnativecommunity.asyncstorage.AsyncStorageModule): no registered module found
04-06 02:28:30.199 18629 18659 D IdlingRegistry: Registering idling resources: [com.wix.detox.reactnative.idlingresources.uimodule.fabric.FabricUIManagerIdlingResources@76f3a71]
04-06 02:28:30.199 18629 18659 D IdlingRegistry: Registering idling resources: [com.wix.detox.reactnative.idlingresources.animations.AnimatedModuleIdlingResource@2908056]
04-06 02:28:30.199 18629 18659 D IdlingRegistry: Registering idling resources: [com.wix.detox.reactnative.idlingresources.timers.FabricTimersIdlingResource@72508d7]
04-06 02:28:30.199 18629 18659 D IdlingRegistry: Registering idling resources: [com.wix.detox.reactnative.idlingresources.network.NetworkIdlingResource@c075c4]
04-06 02:28:30.199 18629 18659 D IdlingRegistry: Registering idling resources: [com.wix.detox.reactnative.idlingresources.StabilizedIdlingResource@f6c0cad]
04-06 02:28:30.208 18629 18751 W om.evolucao.app: Accessing hidden method Landroid/os/MessageQueue;->next()Landroid/os/Message; (unsupported, reflection, allowed)
04-06 02:28:30.208 18629 18751 W om.evolucao.app: Accessing hidden field Landroid/os/MessageQueue;->mMessages:Landroid/os/Message; (unsupported, reflection, allowed)
04-06 02:28:30.208 18629 18751 W om.evolucao.app: Accessing hidden method Landroid/os/Message;->recycleUnchecked()V (unsupported, reflection, allowed)
04-06 02:28:30.368 18629 18629 D DetoxRNHelpers: Native RN module resolution (class com.reactnativecommunity.asyncstorage.AsyncStorageModule): no registered module found
04-06 02:28:30.369 18629 18661 W om.evolucao.app: Long monitor contention with owner Instr: androidx.test.runner.AndroidJUnitRunner (18659) at void com.wix.detox.DetoxMain.launchActivityOnCue(android.content.Context, com.wix.detox.ActivityLaunchHelper)(DetoxMain.kt:53) waiters=0 in void com.wix.detox.DetoxMain$setupActionHandlers$SynchronizedActionHandler.handle(java.lang.String, long) for 1.046s
04-06 02:28:30.437 18629 18751 I WebViewFactory: Loading com.google.android.webview version 146.0.7680.164 (code 768016403)
04-06 02:28:30.441 18629 18751 D ApplicationLoaders: Returning zygote-cached class loader: /system/framework/android.test.base.jar
04-06 02:28:30.447 18629 18751 D nativeloader: Configuring classloader-namespace for other apk /data/app/~~23ppwVuk64Fm9vdWCRWMMw==/com.google.android.webview-FPIphznatdLDx2VBYoD68A==/base.apk. target_sdk_version=36, uses_libraries=, library_path=/data/app/~~23ppwVuk64Fm9vdWCRWMMw==/com.google.android.webview-FPIphznatdLDx2VBYoD68A==/lib/arm64:/data/app/~~23ppwVuk64Fm9vdWCRWMMw==/com.google.android.webview-FPIphznatdLDx2VBYoD68A==/base.apk!/lib/arm64-v8a, permitted_path=/data:/mnt/expand
04-06 02:28:30.465 18629 18751 I cr_WVCFactoryProvider: version=146.0.7680.164 (768016403) minSdkVersion=29 multiprocess=true packageId=127 splits=<none>
04-06 02:28:30.471 18629 18766 I chromium: [0406/022830.471118:INFO:android_webview/browser/variations/variations_seed_loader.cc:67] Failed to open file for reading.: No such file or directory (2)
04-06 02:28:30.471 18629 18766 I chromium: [0406/022830.471271:INFO:android_webview/browser/variations/variations_seed_loader.cc:67] Failed to open file for reading.: No such file or directory (2)
04-06 02:28:30.476 18629 18751 I cr_LibraryLoader: Successfully loaded native library
04-06 02:28:30.476 18629 18751 I cr_CachingUmaRecorder: Flushed 16 samples from 16 histograms, 0 samples were dropped.
04-06 02:28:30.487 18629 18750 W BridgelessReactContext: [WARNING] Bridgeless doesn't support CatalystInstance. Accessing an API that's not part of the new architecture is not encouraged usage.
04-06 02:28:30.493 18629 18701 D TrafficStats: tagSocket(148) with statsTag=0xffffffff, statsUid=-1
04-06 02:28:30.493 18629 18750 I ExpoModulesCore: ✅ JSI interop was installed
04-06 02:28:30.495 18629 18701 D TrafficStats: tagSocket(148) with statsTag=0xffffffff, statsUid=-1
04-06 02:28:30.499 18629 18750 I ExpoModulesCore: ✅ Constants were exported
04-06 02:28:30.542 18629 18750 W unknown:ViewManagerPropertyUpdater: Could not find generated setter for class com.th3rdwave.safeareacontext.SafeAreaProviderManager
04-06 02:28:30.544 18629 18750 W unknown:ViewManagerPropertyUpdater: Could not find generated setter for class com.facebook.react.uimanager.LayoutShadowNode
04-06 02:28:30.546 18629 18750 W unknown:ViewManagerPropertyUpdater: Could not find generated setter for class com.swmansion.rnscreens.SearchBarManager
04-06 02:28:30.547 18629 18750 W unknown:ViewManagerPropertyUpdater: Could not find generated setter for class com.swmansion.rnscreens.ScreenFooterManager
04-06 02:28:30.547 18629 18750 W unknown:ViewManagerPropertyUpdater: Could not find generated setter for class com.swmansion.rnscreens.gamma.tabs.TabScreenViewManager
04-06 02:28:30.549 18629 18750 W unknown:ViewManagerPropertyUpdater: Could not find generated setter for class expo.modules.kotlin.views.GroupViewManagerWrapper
04-06 02:28:30.550 18629 18750 W unknown:ViewManagerPropertyUpdater: Could not find generated setter for class com.swmansion.rnscreens.ScreenContainerViewManager
04-06 02:28:30.550 18629 18750 W unknown:ViewManagerPropertyUpdater: Could not find generated setter for class com.swmansion.rnscreens.gamma.tabs.TabsHostViewManager
04-06 02:28:30.552 18629 18750 W unknown:ViewManagerPropertyUpdater: Could not find generated setter for class com.swmansion.rnscreens.ModalScreenViewManager
04-06 02:28:30.553 18629 18750 W unknown:ViewManagerPropertyUpdater: Could not find generated setter for class com.swmansion.rnscreens.ScreenStackHeaderConfigViewManager
04-06 02:28:30.553 18629 18750 W unknown:ViewManagerPropertyUpdater: Could not find generated setter for class com.swmansion.rnscreens.ScreenContentWrapperManager
04-06 02:28:30.554 18629 18750 W unknown:ViewManagerPropertyUpdater: Could not find generated setter for class com.th3rdwave.safeareacontext.SafeAreaViewManager
04-06 02:28:30.555 18629 18750 W unknown:ViewManagerPropertyUpdater: Could not find generated setter for class com.th3rdwave.safeareacontext.SafeAreaViewShadowNode
04-06 02:28:30.555 18629 18750 W unknown:ViewManagerPropertyUpdater: Could not find generated setter for class com.swmansion.rnscreens.safearea.SafeAreaViewManager
04-06 02:28:30.556 18629 18750 W unknown:ViewManagerPropertyUpdater: Could not find generated setter for class com.swmansion.rnscreens.safearea.paper.SafeAreaViewShadowNode
04-06 02:28:30.556 18629 18750 W unknown:ViewManagerPropertyUpdater: Could not find generated setter for class com.swmansion.rnscreens.ScreenViewManager
04-06 02:28:30.556 18629 18750 W unknown:ViewManagerPropertyUpdater: Could not find generated setter for class com.swmansion.rnscreens.gamma.stack.host.StackHostViewManager
04-06 02:28:30.557 18629 18750 W unknown:ViewManagerPropertyUpdater: Could not find generated setter for class com.swmansion.rnscreens.ScreenStackHeaderSubviewManager
04-06 02:28:30.557 18629 18750 W unknown:ViewManagerPropertyUpdater: Could not find generated setter for class com.swmansion.rnscreens.gamma.stack.screen.StackScreenViewManager
04-06 02:28:30.558 18629 18750 W unknown:ViewManagerPropertyUpdater: Could not find generated setter for class com.swmansion.rnscreens.ScreenStackViewManager
04-06 02:28:30.634 18629 18750 W unknown:ViewManagerPropertyUpdater: Could not find generated setter for class com.facebook.react.views.debuggingoverlay.DebuggingOverlayManager
04-06 02:28:30.639 18629 18750 W unknown:ViewManagerPropertyUpdater: Could not find generated setter for class com.swmansion.gesturehandler.react.RNGestureHandlerButtonViewManager
04-06 02:28:30.645 18629 18750 W unknown:ViewManagerPropertyUpdater: Could not find generated setter for class com.facebook.react.views.safeareaview.ReactSafeAreaViewManager
04-06 02:28:30.651 18629 18750 W unknown:ViewManagerPropertyUpdater: Could not find generated setter for class com.facebook.react.views.modal.ReactModalHostManager
04-06 02:28:30.656 18629 18750 W unknown:ViewManagerPropertyUpdater: Could not find generated setter for class com.facebook.react.views.text.frescosupport.FrescoBasedReactTextInlineImageViewManager
04-06 02:28:30.657 18629 18750 W unknown:ViewManagerPropertyUpdater: Could not find generated setter for class com.facebook.react.views.text.frescosupport.FrescoBasedReactTextInlineImageShadowNode
04-06 02:28:30.662 18629 18750 W unknown:ViewManagerPropertyUpdater: Could not find generated setter for class com.facebook.react.views.progressbar.ReactProgressBarViewManager
04-06 02:28:30.663 18629 18750 W unknown:ViewManagerPropertyUpdater: Could not find generated setter for class com.facebook.react.views.progressbar.ProgressBarShadowNode
04-06 02:28:30.669 18629 18750 W unknown:ViewManagerPropertyUpdater: Could not find generated setter for class com.facebook.react.views.scroll.ReactHorizontalScrollViewManager
04-06 02:28:30.676 18629 18750 W unknown:ViewManagerPropertyUpdater: Could not find generated setter for class com.facebook.react.views.image.ReactImageManager
04-06 02:28:30.683 18629 18750 W unknown:ViewManagerPropertyUpdater: Could not find generated setter for class com.facebook.react.views.text.ReactTextViewManager
04-06 02:28:30.684 18629 18750 W unknown:ViewManagerPropertyUpdater: Could not find generated setter for class com.facebook.react.views.text.ReactTextShadowNode
04-06 02:28:30.690 18629 18750 W unknown:ViewManagerPropertyUpdater: Could not find generated setter for class com.facebook.react.views.scroll.ReactHorizontalScrollContainerViewManager
04-06 02:28:30.696 18629 18750 W unknown:ViewManagerPropertyUpdater: Could not find generated setter for class com.facebook.react.views.unimplementedview.ReactUnimplementedViewManager
04-06 02:28:30.701 18629 18750 W unknown:ViewManagerPropertyUpdater: Could not find generated setter for class com.facebook.react.views.scroll.ReactScrollViewManager
04-06 02:28:30.707 18629 18750 W unknown:ViewManagerPropertyUpdater: Could not find generated setter for class com.facebook.react.views.view.ReactViewManager
04-06 02:28:30.714 18629 18750 W unknown:ViewManagerPropertyUpdater: Could not find generated setter for class com.facebook.react.views.drawer.ReactDrawerLayoutManager
04-06 02:28:30.720 18629 18750 W unknown:ViewManagerPropertyUpdater: Could not find generated setter for class com.facebook.react.views.switchview.ReactSwitchManager
04-06 02:28:30.720 18629 18750 W unknown:ViewManagerPropertyUpdater: Could not find generated setter for class com.facebook.react.views.switchview.ReactSwitchShadowNode
04-06 02:28:30.725 18629 18750 W unknown:ViewManagerPropertyUpdater: Could not find generated setter for class com.facebook.react.views.swiperefresh.SwipeRefreshLayoutManager
04-06 02:28:30.732 18629 18750 W unknown:ViewManagerPropertyUpdater: Could not find generated setter for class com.facebook.react.views.textinput.ReactTextInputManager
04-06 02:28:30.734 18629 18750 W unknown:ViewManagerPropertyUpdater: Could not find generated setter for class com.facebook.react.views.textinput.ReactTextInputShadowNode
04-06 02:28:30.740 18629 18750 W unknown:ViewManagerPropertyUpdater: Could not find generated setter for class com.swmansion.gesturehandler.react.RNGestureHandlerRootViewManager
04-06 02:28:30.774 18629 18701 D TrafficStats: tagSocket(148) with statsTag=0xffffffff, statsUid=-1
04-06 02:28:30.941 18629 18750 V AsyncStorageExpoMigration: No scoped database found
04-06 02:28:31.117 18629 18750 D Detox.RNMarker: RUN_JS_BUNDLE_END (/.virtual-metro-entry.bundle?platform=android&dev=true&lazy=true&minify=false&app=com.evolucao.app&modulesOnly=false&runModule=true&excludeSource=true&sourcePaths=url-server)
04-06 02:28:31.119 18629 18750 I ReactNativeJS: Running "main" with {"rootTag":1,"initialProps":{},"fabric":true}
04-06 02:28:31.196 18629 18771 D TrafficStats: tagSocket(137) with statsTag=0xffffffff, statsUid=-1
04-06 02:28:31.321 18629 18629 I DecorView: notifyKeepScreenOnChanged: keepScreenOn=true
04-06 02:28:31.330 18629 18629 I ViewRootImpl@914008f[MainActivity]: performTraversals params={(0,0)(fillxfill) sim={adjust=resize} layoutInDisplayCutoutMode=always ty=BASE_APPLICATION wanim=0x1030309
04-06 02:28:31.330 18629 18629 I ViewRootImpl@914008f[MainActivity]:   fl=81810180
04-06 02:28:31.330 18629 18629 I ViewRootImpl@914008f[MainActivity]:   pfl=16020040
04-06 02:28:31.330 18629 18629 I ViewRootImpl@914008f[MainActivity]:   vsysui=100
04-06 02:28:31.330 18629 18629 I ViewRootImpl@914008f[MainActivity]:   bhv=DEFAULT
04-06 02:28:31.330 18629 18629 I ViewRootImpl@914008f[MainActivity]:   fitSides= naviIconColor=0}
04-06 02:28:31.331 18629 18629 I ViewRootImpl@914008f[MainActivity]: performTraversals mFirst=false windowShouldResize=false viewVisibilityChanged=false mForceNextWindowRelayout=false params={(0,0)(fillxfill) sim={adjust=resize} layoutInDisplayCutoutMode=always ty=BASE_APPLICATION wanim=0x1030309
04-06 02:28:31.331 18629 18629 I ViewRootImpl@914008f[MainActivity]:   fl=81810180
04-06 02:28:31.331 18629 18629 I ViewRootImpl@914008f[MainActivity]:   pfl=16020040
04-06 02:28:31.331 18629 18629 I ViewRootImpl@914008f[MainActivity]:   vsysui=100
04-06 02:28:31.331 18629 18629 I ViewRootImpl@914008f[MainActivity]:   bhv=DEFAULT
04-06 02:28:31.331 18629 18629 I ViewRootImpl@914008f[MainActivity]:   fitSides= naviIconColor=0}
04-06 02:28:31.341 18629 18629 I ViewRootImpl@914008f[MainActivity]: updateBlastSurfaceIfNeeded mBlastBufferQueue=0xb4000070c2c34c00 isSameSurfaceControl=true
04-06 02:28:31.342 18629 18629 I BLASTBufferQueue: update, w= 1080 h= 2400 mName = ViewRootImpl@914008f[MainActivity] mNativeObject= 0xb4000070c2c34c00 sc.mNativeObject= 0xb4000070a6efb3e0 format= -1 caller= android.view.ViewRootImpl.updateBlastSurfaceIfNeeded:2898 android.view.ViewRootImpl.relayoutWindow:9847 android.view.ViewRootImpl.performTraversals:3884 android.view.ViewRootImpl.doTraversal:3116 android.view.ViewRootImpl$TraversalRunnable.run:10885 android.view.Choreographer$CallbackRecord.run:1301 
04-06 02:28:31.342 18629 18629 I ViewRootImpl@914008f[MainActivity]: Relayout returned: old=(0,0,1080,2400) new=(0,0,1080,2400) req=(1080,2400)0 dur=10 res=0x0 s={true 0xb4000070a0ea2000} ch=false seqId=0
04-06 02:28:31.347 18629 18629 D Detox.RNMarker: CONTENT_APPEARED (main)
04-06 02:28:31.348 18629 18750 D Detox.RNMarker: REACT_BRIDGELESS_LOADING_END (null)
04-06 02:28:31.358 18629 18750 I ReactNativeJS: '[ANALYTICS]', 'app_opened', { event: 'app_opened',
04-06 02:28:31.358 18629 18750 I ReactNativeJS:   eventId: '1775453311353_99aa24b38ad38',
04-06 02:28:31.358 18629 18750 I ReactNativeJS:   appVersion: '1.0.0',
04-06 02:28:31.358 18629 18750 I ReactNativeJS:   category: 'engagement',
04-06 02:28:31.358 18629 18750 I ReactNativeJS:   userId: 'anonymous',
04-06 02:28:31.358 18629 18750 I ReactNativeJS:   timestamp: 1775453311353,
04-06 02:28:31.358 18629 18750 I ReactNativeJS:   timestampIso: '2026-04-06T05:28:31.353Z',
04-06 02:28:31.358 18629 18750 I ReactNativeJS:   screen: 'App',
04-06 02:28:31.358 18629 18750 I ReactNativeJS:   sessionId: 'session-1775453311336-3818170721b50a',
04-06 02:28:31.358 18629 18750 I ReactNativeJS:   flowId: 'session-1775453311336-3818170721b50a',
04-06 02:28:31.358 18629 18750 I ReactNativeJS:   meta: 
04-06 02:28:31.358 18629 18750 I ReactNativeJS:    { domain: 'engagement',
04-06 02:28:31.358 18629 18750 I ReactNativeJS:      version: 1,
04-06 02:28:31.358 18629 18750 I ReactNativeJS:      dayKey: '2026-04-06',
04-06 02:28:31.358 18629 18750 I ReactNativeJS:      isFirstOpenOfDay: true,
04-06 02:28:31.358 18629 18750 I ReactNativeJS:      category: 'engagement' } }
04-06 02:28:31.545 18629 18637 I om.evolucao.app: Compiler allocated 4177KB to compile void android.widget.TextView.<init>(android.content.Context, android.util.AttributeSet, int, int)
04-06 02:28:31.556 18629 18629 D CompatibilityChangeReporter: Compat change id reported: 171228096; UID 10403; state: ENABLED
04-06 02:28:31.558 18629 18629 D ScrollView: initGoToTop
04-06 02:28:31.559 18629 18629 W om.evolucao.app: Accessing hidden field Landroid/widget/ScrollView;->mScroller:Landroid/widget/OverScroller; (unsupported, reflection, allowed)
04-06 02:28:31.589 18629 18629 W [RNScreens]: backTitleFontFamily prop is not available on Android
04-06 02:28:31.589 18629 18629 W [RNScreens]: disableBackButtonMenu prop is not available on Android
04-06 02:28:31.589 18629 18629 W [RNScreens]: backTitleVisible prop is not available on Android
04-06 02:28:31.589 18629 18629 W [RNScreens]: topInsetEnabled prop is not available on Android
04-06 02:28:31.589 18629 18629 W [RNScreens]: largeTitleHideShadow prop is not available on Android
04-06 02:28:31.589 18629 18629 W [RNScreens]: largeTitleFontWeight prop is not available on Android
04-06 02:28:31.589 18629 18629 W [RNScreens]: userInterfaceStyle prop is not available on Android
04-06 02:28:31.589 18629 18629 W [RNScreens]: largeTitleFontFamily prop is not available on Android
04-06 02:28:31.607 18629 18681 D OpenGLRenderer: setSurface called with nullptr
04-06 02:28:31.695 18629 18629 W UiControllerImpl: Waiting for: DYNAMIC_TASKS_HAVE_IDLED for 200 iterations.
04-06 02:28:33.086 18629 18629 W UiControllerImpl: Waiting for: DYNAMIC_TASKS_HAVE_IDLED for 300 iterations.
04-06 02:28:34.256 18629 18785 D ProfileInstaller: Installing profile for com.evolucao.app
04-06 02:28:34.512 18629 18629 W UiControllerImpl: Waiting for: DYNAMIC_TASKS_HAVE_IDLED for 400 iterations.
04-06 02:28:35.383 18629 18629 I Detox   : Wait is over: App is now idle!
04-06 02:28:35.384 18629 18661 I DetoxWSClient: Sending out action 'ready' (ID #-1000)
04-06 02:28:35.384 18629 18661 I DetoxDispatcher: Done with action 'isReady'
04-06 02:28:35.392 18629 18665 D DetoxWSClient: Received action 'invoke' (ID #1, params={"target":{"type":"Class","value":"com.wix.detox.espresso.EspressoDetox"},"method":"setSynchronization","args":[{"type":"boolean","value":false}]})
04-06 02:28:35.393 18629 18661 I DetoxDispatcher: Handling action 'invoke' (ID #1)...
04-06 02:28:35.416 18629 18661 D Detox   : class com.wix.detox.espresso.EspressoDetox, setSynchronization, [false]
04-06 02:28:35.429 18629 18661 D IdlingRegistry: Unregistering idling resources: [com.wix.detox.reactnative.idlingresources.timers.FabricTimersIdlingResource@72508d7]
04-06 02:28:35.431 18629 18661 D IdlingRegistry: Unregistering idling resources: [com.wix.detox.reactnat