04-06 11:22:53.108 16273 16273 I ViewInteraction: Checking 'MatchesViewAssertion(Detox){viewMatcher=(view has effective visibility <VISIBLE> and view.getGlobalVisibleRect() covers at least <75> percent of the view's area)}' assertion on view (view.getTag() is "tab-treino" and view has effective visibility <VISIBLE>)
04-06 11:22:53.151 16273 16273 I ViewInteraction: Checking 'MatchesViewAssertion(Detox){viewMatcher=(view has effective visibility <VISIBLE> and view.getGlobalVisibleRect() covers at least <75> percent of the view's area)}' assertion on view (view.getTag() is "tab-treino" and view has effective visibility <VISIBLE>)
04-06 11:22:53.194 16273 16273 I ViewInteraction: Checking 'MatchesViewAssertion(Detox){viewMatcher=(view has effective visibility <VISIBLE> and view.getGlobalVisibleRect() covers at least <75> percent of the view's area)}' assertion on view (view.getTag() is "tab-treino" and view has effective visibility <VISIBLE>)
04-06 11:22:53.233 16273 16273 I ViewInteraction: Checking 'MatchesViewAssertion(Detox){viewMatcher=(view has effective visibility <VISIBLE> and view.getGlobalVisibleRect() covers at least <75> percent of the view's area)}' assertion on view (view.getTag() is "tab-treino" and view has effective visibility <VISIBLE>)
04-06 11:22:53.277 16273 16273 I ViewInteraction: Checking 'MatchesViewAssertion(Detox){viewMatcher=(view has effective visibility <VISIBLE> and view.getGlobalVisibleRect() covers at least <75> percent of the view's area)}' assertion on view (view.getTag() is "tab-treino" and view has effective visibility <VISIBLE>)
04-06 11:22:53.320 16273 16273 I ViewInteraction: Checking 'MatchesViewAssertion(Detox){viewMatcher=(view has effective visibility <VISIBLE> and view.getGlobalVisibleRect() covers at least <75> percent of the view's area)}' assertion on view (view.getTag() is "tab-treino" and view has effective visibility <VISIBLE>)
04-06 11:22:53.365 16273 16273 I ViewInteraction: Checking 'MatchesViewAssertion(Detox){viewMatcher=(view has effective visibility <VISIBLE> and view.getGlobalVisibleRect() covers at least <75> percent of the view's area)}' assertion on view (view.getTag() is "tab-treino" and view has effective visibility <VISIBLE>)
04-06 11:22:53.409 16273 16273 I ViewInteraction: Checking 'MatchesViewAssertion(Detox){viewMatcher=(view has effective visibility <VISIBLE> and view.getGlobalVisibleRect() covers at least <75> percent of the view's area)}' assertion on view (view.getTag() is "tab-treino" and view has effective visibility <VISIBLE>)
04-06 11:22:53.450 16273 16273 I ViewInteraction: Checking 'MatchesViewAssertion(Detox){viewMatcher=(view has effective visibility <VISIBLE> and view.getGlobalVisibleRect() covers at least <75> percent of the view's area)}' assertion on view (view.getTag() is "tab-treino" and view has effective visibility <VISIBLE>)
04-06 11:22:53.477 16273 16305 I DetoxActionHandlers: Test exception
04-06 11:22:53.477 16273 16305 I DetoxActionHandlers: java.lang.reflect.InvocationTargetException
04-06 11:22:53.477 16273 16305 I DetoxActionHandlers: 	at java.lang.reflect.Method.invoke(Native Method)
04-06 11:22:53.477 16273 16305 I DetoxActionHandlers: 	at org.apache.commons.lang3.reflect.MethodUtils.invokeStaticMethod(MethodUtils.java:443)
04-06 11:22:53.477 16273 16305 I DetoxActionHandlers: 	at org.apache.commons.lang3.reflect.MethodUtils.invokeStaticMethod(MethodUtils.java:405)
04-06 11:22:53.477 16273 16305 I DetoxActionHandlers: 	at com.wix.invoke.types.ClassTarget.execute(ClassTarget.java:23)
04-06 11:22:53.477 16273 16305 I DetoxActionHandlers: 	at com.wix.invoke.types.Target.invoke(Target.java:59)
04-06 11:22:53.477 16273 16305 I DetoxActionHandlers: 	at com.wix.invoke.MethodInvocation.invoke(MethodInvocation.java:35)
04-06 11:22:53.477 16273 16305 I DetoxActionHandlers: 	at com.wix.invoke.MethodInvocation.invoke(MethodInvocation.java:26)
04-06 11:22:53.477 16273 16305 I DetoxActionHandlers: 	at com.wix.invoke.MethodInvocation.invoke(MethodInvocation.java:20)
04-06 11:22:53.477 16273 16305 I DetoxActionHandlers: 	at com.wix.detox.adapters.server.InvokeActionHandler.handle(DetoxActionHandlers.kt:54)
04-06 11:22:53.477 16273 16305 I DetoxActionHandlers: 	at com.wix.detox.adapters.server.ActionsExecutor.executeAction$lambda$2$lambda$1(DetoxActionsDispatcher.kt:76)
04-06 11:22:53.477 16273 16305 I DetoxActionHandlers: 	at com.wix.detox.adapters.server.ActionsExecutor.$r8$lambda$GVbB7LHtBHxNHGbgYnHJ6YrwCqs(Unknown Source:0)
04-06 11:22:53.477 16273 16305 I DetoxActionHandlers: 	at com.wix.detox.adapters.server.ActionsExecutor$$ExternalSyntheticLambda0.run(D8$$SyntheticClass:0)
04-06 11:22:53.477 16273 16305 I DetoxActionHandlers: 	at android.os.Handler.handleCallback(Handler.java:942)
04-06 11:22:53.477 16273 16305 I DetoxActionHandlers: 	at android.os.Handler.dispatchMessage(Handler.java:99)
04-06 11:22:53.477 16273 16305 I DetoxActionHandlers: 	at android.os.Looper.loopOnce(Looper.java:226)
04-06 11:22:53.477 16273 16305 I DetoxActionHandlers: 	at android.os.Looper.loop(Looper.java:313)
04-06 11:22:53.477 16273 16305 I DetoxActionHandlers: 	at com.wix.detox.adapters.server.ActionsExecutor._init_$lambda$0(DetoxActionsDispatcher.kt:62)
04-06 11:22:53.477 16273 16305 I DetoxActionHandlers: 	at com.wix.detox.adapters.server.ActionsExecutor.$r8$lambda$xlgL0CQim6vNM0wWEqM8JIDgZUE(Unknown Source:0)
04-06 11:22:53.477 16273 16305 I DetoxActionHandlers: 	at com.wix.detox.adapters.server.ActionsExecutor$$ExternalSyntheticLambda1.run(D8$$SyntheticClass:0)
04-06 11:22:53.477 16273 16305 I DetoxActionHandlers: 	at java.lang.Thread.run(Thread.java:1012)
04-06 11:22:53.477 16273 16305 I DetoxActionHandlers: Caused by: com.wix.detox.common.DetoxErrors$DetoxRuntimeException: 3.0sec timeout expired without matching of given matcher: (view has effective visibility <VISIBLE> and view.getGlobalVisibleRect() covers at least <75> percent of the view's area)
04-06 11:22:53.477 16273 16305 I DetoxActionHandlers: 	at com.wix.detox.espresso.DetoxAssertion.waitForAssertMatcher(DetoxAssertion.java:72)
04-06 11:22:53.477 16273 16305 I DetoxActionHandlers: 	... 20 more
04-06 11:22:53.477 16273 16305 I DetoxWSClient: Sending out action 'testFailed' (ID #3)
04-06 11:22:53.478 16273 16305 I DetoxDispatcher: Done with action 'invoke'
04-06 11:22:53.485 16273 16309 D DetoxWSClient: Received action 'invoke' (ID #4, params={"target":{"type":"Class","value":"com.wix.detox.espresso.EspressoDetox"},"method":"perform","args":[{"type":"Invocation","value":{"target":{"type":"Class","value":"com.wix.detox.espresso.DetoxMatcher"},"method":"matcherForTestId","args":["scroll-container",{"type":"boolean","value":false}]}},{"type":"Invocation","value":{"target":{"type":"Class","value":"com.wix.detox.espresso.DetoxAction"},"method":"scrollInDirection","args":[{"type":"Integer","value":3},{"type":"Double","value":320},{"type":"Double","value":-1},{"type":"Double","value":-1}]}}]})
04-06 11:22:53.486 16273 16305 I DetoxDispatcher: Handling action 'invoke' (ID #4)...
04-06 11:22:53.487 16273 16305 D Detox   : class com.wix.detox.espresso.DetoxMatcher, matcherForTestId, [scroll-container, false]
04-06 11:22:53.489 16273 16305 D Detox   : class com.wix.detox.espresso.DetoxAction, scrollInDirection, [3, 320.0, -1.0, -1.0]
04-06 11:22:53.491 16273 16305 D Detox   : class com.wix.detox.espresso.EspressoDetox, perform, [(view.getTag() is "scroll-container" and view has effective visibility <VISIBLE>), com.wix.detox.espresso.scroll.DetoxScrollAction@4bc2e96]
04-06 11:22:53.497 16273 16273 I ViewInteraction: Performing 'scrollInDirection' action on view (view.getTag() is "scroll-container" and view has effective visibility <VISIBLE>)
04-06 11:22:53.500 16273 16273 D DetoxScrollHelper: prescroll amountDP=320.0 amountPx=960 scrollableRangePx=1951 times=0 remainder=960
04-06 11:22:53.501 16273 16305 I DetoxWSClient: Sending out action 'invokeResult' (ID #4)
04-06 11:22:53.502 16273 16305 I DetoxDispatcher: Done with action 'invoke'
04-06 11:22:53.507 16273 16309 D DetoxWSClient: Received action 'invoke' (ID #5, params={"target":{"type":"Class","value":"com.wix.detox.espresso.EspressoDetox"},"method":"perform","args":[{"type":"Invocation","value":{"target":{"type":"Class","value":"com.wix.detox.espresso.DetoxMatcher"},"method":"matcherForTestId","args":["scroll-container",{"type":"boolean","value":false}]}},{"type":"Invocation","value":{"target":{"type":"Class","value":"com.wix.detox.espresso.DetoxAction"},"method":"scrollInDirection","args":[{"type":"Integer","value":3},{"type":"Double","value":320},{"type":"Double","value":-1},{"type":"Double","value":-1}]}}]})
04-06 11:22:53.508 16273 16305 I DetoxDispatcher: Handling action 'invoke' (ID #5)...
04-06 11:22:53.508 16273 16305 D Detox   : class com.wix.detox.espresso.DetoxMatcher, matcherForTestId, [scroll-container, false]
04-06 11:22:53.509 16273 16305 D Detox   : class com.wix.detox.espresso.DetoxAction, scrollInDirection, [3, 320.0, -1.0, -1.0]
04-06 11:22:53.509 16273 16305 D Detox   : class com.wix.detox.espresso.EspressoDetox, perform, [(view.getTag() is "scroll-container" and view has effective visibility <VISIBLE>), com.wix.detox.espresso.scroll.DetoxScrollAction@855ba17]
04-06 11:22:53.514 16273 16273 I ViewInteraction: Performing 'scrollInDirection' action on view (view.getTag() is "scroll-container" and view has effective visibility <VISIBLE>)
04-06 11:22:53.516 16273 16273 D DetoxScrollHelper: prescroll amountDP=320.0 amountPx=960 scrollableRangePx=1951 times=0 remainder=960
04-06 11:22:53.517 16273 16305 I DetoxWSClient: Sending out action 'invokeResult' (ID #5)
04-06 11:22:53.517 16273 16305 I DetoxDispatcher: Done with action 'invoke'
04-06 11:22:53.521 16273 16309 D DetoxWSClient: Received action 'invoke' (ID #6, params={"target":{"type":"Class","value":"com.wix.detox.espresso.EspressoDetox"},"method":"perform","args":[{"type":"Invocation","value":{"target":{"type":"Class","value":"com.wix.detox.espresso.DetoxMatcher"},"method":"matcherForTestId","args":["scroll-container",{"type":"boolean","value":false}]}},{"type":"Invocation","value":{"target":{"type":"Class","value":"com.wix.detox.espresso.DetoxAction"},"method":"scrollInDirection","args":[{"type":"Integer","value":3},{"type":"Double","value":320},{"type":"Double","value":-1},{"type":"Double","value":-1}]}}]})
04-06 11:22:53.521 16273 16305 I DetoxDispatcher: Handling action 'invoke' (ID #6)...
04-06 11:22:53.522 16273 16305 D Detox   : class com.wix.detox.espresso.DetoxMatcher, matcherForTestId, [scroll-container, false]
04-06 11:22:53.522 16273 16305 D Detox   : class com.wix.detox.espresso.DetoxAction, scrollInDirection, [3, 320.0, -1.0, -1.0]
04-06 11:22:53.523 16273 16305 D Detox   : class com.wix.detox.espresso.EspressoDetox, perform, [(view.getTag() is "scroll-container" and view has effective visibility <VISIBLE>), com.wix.detox.espresso.scroll.DetoxScrollAction@ffd6e04]
04-06 11:22:53.529 16273 16273 I ViewInteraction: Performing 'scrollInDirection' action on view (view.getTag() is "scroll-container" and view has effective visibility <VISIBLE>)
04-06 11:22:53.530 16273 16273 D DetoxScrollHelper: prescroll amountDP=320.0 amountPx=960 scrollableRangePx=1951 times=0 remainder=960
04-06 11:22:53.531 16273 16305 I DetoxWSClient: Sending out action 'invokeResult' (ID #6)
04-06 11:22:53.531 16273 16305 I DetoxDispatcher: Done with action 'invoke'
04-06 11:22:53.535 16273 16309 D DetoxWSClient: Received action 'invoke' (ID #7, params={"target":{"type":"Class","value":"com.wix.detox.espresso.EspressoDetox"},"method":"perform","args":[{"type":"Invocation","value":{"target":{"type":"Class","value":"com.wix.detox.espresso.DetoxMatcher"},"method":"matcherForTestId","args":["scroll-container",{"type":"boolean","value":false}]}},{"type":"Invocation","value":{"target":{"type":"Class","value":"com.wix.detox.espresso.DetoxAction"},"method":"scrollInDirection","args":[{"type":"Integer","value":3},{"type":"Double","value":320},{"type":"Double","value":-1},{"type":"Double","value":-1}]}}]})
04-06 11:22:53.536 16273 16305 I DetoxDispatcher: Handling action 'invoke' (ID #7)...
04-06 11:22:53.536 16273 16305 D Detox   : class com.wix.detox.espresso.DetoxMatcher, matcherForTestId, [scroll-container, false]
04-06 11:22:53.537 16273 16305 D Detox   : class com.wix.detox.espresso.DetoxAction, scrollInDirection, [3, 320.0, -1.0, -1.0]
04-06 11:22:53.537 16273 16305 D Detox   : class com.wix.detox.espresso.EspressoDetox, perform, [(view.getTag() is "scroll-container" and view has effective visibility <VISIBLE>), com.wix.detox.espresso.scroll.DetoxScrollAction@1853fed]
04-06 11:22:53.542 16273 16273 I ViewInteraction: Performing 'scrollInDirection' action on view (view.getTag() is "scroll-container" and view has effective visibility <VISIBLE>)
04-06 11:22:53.543 16273 16273 D DetoxScrollHelper: prescroll amountDP=320.0 amountPx=960 scrollableRangePx=1951 times=0 remainder=960
04-06 11:22:53.544 16273 16305 I DetoxWSClient: Sending out action 'invokeResult' (ID #7)
04-06 11:22:53.547 16273 16305 I DetoxDispatcher: Done with action 'invoke'
04-06 11:22:53.551 16273 16309 D DetoxWSClient: Received action 'invoke' (ID #8, params={"target":{"type":"Class","value":"com.wix.detox.espresso.DetoxAssertion"},"method":"waitForAssertMatcher","args":[{"type":"Invocation","value":{"target":{"type":"Class","value":"androidx.test.espresso.Espresso"},"method":"onView","args":[{"type":"Invocation","value":{"target":{"type":"Class","value":"com.wix.detox.espresso.DetoxMatcher"},"method":"matcherForTestId","args":["input-peso-atual",{"type":"boolean","value":false}]}}]}},{"type":"Invocation","value":{"target":{"type":"Class","value":"com.wix.detox.espresso.DetoxMatcher"},"method":"matcherForSufficientlyVisible","args":[{"type":"Integer","value":75}]}},{"type":"Double","value":5}]})
04-06 11:22:53.551 16273 16305 I DetoxDispatcher: Handling action 'invoke' (ID #8)...
04-06 11:22:53.552 16273 16305 D Detox   : class com.wix.detox.espresso.DetoxMatcher, matcherForTestId, [input-peso-atual, false]
04-06 11:22:53.552 16273 16305 D Detox   : class androidx.test.espresso.Espresso, onView, [(view.getTag() is "input-peso-atual" and view has effective visibility <VISIBLE>)]
04-06 11:22:53.553 16273 16305 D Detox   : class com.wix.detox.espresso.DetoxMatcher, matcherForSufficientlyVisible, [75]
04-06 11:22:53.554 16273 16305 D Detox   : class com.wix.detox.espresso.DetoxAssertion, waitForAssertMatcher, [androidx.test.espresso.ViewInteraction@d849e22, (view has effective visibility <VISIBLE> and view.getGlobalVisibleRect() covers at least <75> percent of the view's area), 5.0]
04-06 11:22:53.558 16273 16273 I ViewInteraction: Checking 'MatchesViewAssertion(Detox){viewMatcher=(view has effective visibility <VISIBLE> and view.getGlobalVisibleRect() covers at least <75> percent of the view's area)}' assertion on view (view.getTag() is "input-peso-atual" and view has effective visibility <VISIBLE>)
04-06 11:22:53.563 16273 16305 I DetoxWSClient: Sending out action 'invokeResult' (ID #8)
04-06 11:22:53.564 16273 16305 I DetoxDispatcher: Done with action 'invoke'
04-06 11:22:53.568 16273 16309 D DetoxWSClient: Received action 'invoke' (ID #9, params={"target":{"type":"Class","value":"com.wix.detox.espresso.EspressoDetox"},"method":"perform","args":[{"type":"Invocation","value":{"target":{"type":"Class","value":"com.wix.detox.espresso.DetoxMatcher"},"method":"matcherForTestId","args":["input-peso-atual",{"type":"boolean","value":false}]}},{"type":"Invocation","value":{"target":{"type":"Class","value":"com.wix.detox.espresso.DetoxViewActions"},"method":"click","args":[]}}]})
04-06 11:22:53.569 16273 16305 I DetoxDispatcher: Handling action 'invoke' (ID #9)...
04-06 11:22:53.569 16273 16305 D Detox   : class com.wix.detox.espresso.DetoxMatcher, matcherForTestId, [input-peso-atual, false]
04-06 11:22:53.570 16273 16305 D Detox   : class com.wix.detox.espresso.DetoxViewActions, click, []
04-06 11:22:53.573 16273 16305 W om.evolucao.app: Accessing hidden method Landroid/view/ViewConfiguration;->getDoubleTapMinTime()I (unsupported, reflection, allowed)
04-06 11:22:53.575 16273 16305 D Detox   : class com.wix.detox.espresso.EspressoDetox, perform, [(view.getTag() is "input-peso-atual" and view has effective visibility <VISIBLE>), com.wix.detox.espresso.action.RNClickAction@9f1e0b3]
04-06 11:22:53.580 16273 16273 I ViewInteraction: Performing 'com.wix.detox.espresso.action.detoxsingletap@be56670 click' action on view (view.getTag() is "input-peso-atual" and view has effective visibility <VISIBLE>)
04-06 11:22:53.587 16273 16489 W om.evolucao.app: Accessing hidden method Landroid/hardware/input/InputManager;->injectInputEvent(Landroid/view/InputEvent;I)Z (unsupported, reflection, allowed)
04-06 11:22:53.591 16273 16273 I ViewRootImpl@ac0a76d[MainActivity]: ViewPostIme pointer 0
04-06 11:22:53.617 16273 16273 I ViewRootImpl@ac0a76d[MainActivity]: ViewPostIme pointer 1
04-06 11:22:53.628 16273 16273 D InputMethodManager: startInputInner - Id : 0
04-06 11:22:53.628 16273 16273 I InputMethodManager: startInputInner - mService.startInputOrWindowGainedFocus
04-06 11:22:53.632 16273 16273 D CompatibilityChangeReporter: Compat change id reported: 163400105; UID 10513; state: ENABLED
04-06 11:22:53.632 16273 16273 I IMM_LC  : showSoftInput(View,I)
04-06 11:22:53.632 16273 16273 I IMM_LC  : ssi() - flag : 0 view : com.evolucao.app reason = SHOW_SOFT_INPUT
04-06 11:22:53.647 16273 16273 I AssistStructure: Flattened final assist data: 4024 bytes, containing 1 windows, 24 views
04-06 11:22:53.657 16273 16273 I IMM_LC  : showSoftInput(View,I)
04-06 11:22:53.658 16273 16273 I IMM_LC  : ssi() - flag : 0 view : com.evolucao.app reason = SHOW_SOFT_INPUT
04-06 11:22:53.693 16273 16273 W OnBackInvokedCallback: OnBackInvokedCallback is not enabled for the application.
04-06 11:22:53.693 16273 16273 W OnBackInvokedCallback: Set 'android:enableOnBackInvokedCallback="true"' in the application manifest.
04-06 11:22:53.706 16273 16289 I ViewRootImpl@ac0a76d[MainActivity]: Resizing android.view.ViewRootImpl@73623ee: frame = [0,0][1080,2400] reportDraw = false forceLayout = false syncSeqId = 0
04-06 11:22:53.707 16273 16273 D InsetsController: onStateChanged: InsetsState: {mDisplayFrame=Rect(0, 0 - 1080, 2400), mDisplayCutout=DisplayCutout{insets=Rect(0, 88 - 0, 0) waterfall=Insets{left=0, top=0, right=0, bottom=0} boundingRect={Bounds=[Rect(0, 0 - 0, 0), Rect(512, 0 - 568, 88), Rect(0, 0 - 0, 0), Rect(0, 0 - 0, 0)]} cutoutPathParserInfo={CutoutPathParserInfo{displayWidth=1080 displayHeight=2400 physicalDisplayWidth=1080 physicalDisplayHeight=2400 density={3.0} cutoutSpec={M 0,0 M 0,10.71963616907435 a 9.280363830925644,9.280363830925644 0 1,0 0,18.56072766185129 a 9.280363830925644,9.280363830925644 0 1,0 0,-18.56072766185129 Z @dp} rotation={0} scale={1.0} physicalPixelDisplaySizeRatio={1.0}}}}, mRoundedCorners=RoundedCorners{[RoundedCorner{position=TopLeft, radius=96, center=Point(96, 96)}, RoundedCorner{position=TopRight, radius=96, center=Point(984, 96)}, RoundedCorner{position=BottomRight, radius=96, center=Point(984, 2304)}, RoundedCorner{position=BottomLeft, radius=96, center=Point(96, 2304)}]}  mRoundedCornerFrame=Rect(0, 0 - 1080, 2400), mPrivacyIndicatorBounds=PrivacyIndicatorBounds {static bounds=Rect(948, 0 - 1080, 88) rotation=0}, mSources= { InsetsSource: {mType=ITYPE_STATUS_BAR, mFrame=[0,0][1080,88], mVisible=true, mInsetsRoundedCornerFrame=false}, InsetsSource: {mType=ITYPE_NAVIGATION_BAR, mFrame=[0,2256][1080,2400], mVisible=true, mInsetsRoundedCornerFrame=false}, InsetsSource: {mType=ITYPE_LEFT_GESTURES, mFrame=[0,0][0,2400], mVisible=true, mInsetsRoundedCornerFrame=false}, InsetsSource: {mType=ITYPE_RIGHT_GESTURES, mFrame=[1080,0][1080,2400], mVisible=true, mInsetsRoundedCornerFrame=false}, InsetsSource: {mType=ITYPE_TOP_MANDATORY_GESTURES, mFrame=[0,0][1080,124], mVisible=true, mInsetsRoundedCornerFrame=false}, InsetsSource: {mType=ITYPE_BOTTOM_MANDATORY_GESTURES, mFrame=[0,2256][1080,2400], mVisible=true, mInsetsRoundedCornerFrame=false}, InsetsSource: {mType=ITYPE_LEFT_DISPLAY_CUTOUT, mFrame=[0,0][-100000,2400], mVisible=true, mInsetsRoundedCornerFrame=false}, InsetsSource: {mType=ITYPE_TOP_DISPLAY_CUTOUT, mFrame=[0,0][1080,88], mVisible=true, mInsetsRoundedCornerFrame=false}, InsetsSource: {mType=ITYPE_RIGHT_DISPLAY_CUTOUT, mFrame=[100000,0][1080,2400], mVisible=true, mInsetsRoundedCornerFrame=false}, InsetsSource: {mType=ITYPE_BOTTOM_DISPLAY_CUTOUT, mFrame=[0,100000][1080,2400], mVisible=true, mInsetsRoundedCornerFrame=false}, InsetsSource: {mType=ITYPE_TOP_TAPPABLE_ELEMENT, mFrame=[0,0][1080,88], mVisible=true, mInsetsRoundedCornerFrame=false}, InsetsSource: {mType=ITYPE_BOTTOM_TAPPABLE_ELEMENT, mFrame=[0,2256][1080,2400], mVisible=true, mInsetsRoundedCornerFrame=false}, InsetsSource: {mType=ITYPE_IME, mFrame=[0,1374][1080,2400], mVisibleFrame=[0,1374][1080,2400], mVisible=false, mInsetsRoundedCornerFrame=false} } host=com.evolucao.app/com.evolucao.app.MainActivity from=android.view.ViewRootImpl$ViewRootHandler.handleMessageImpl:6727
04-06 11:22:53.707 16273 16273 I ViewRootImpl@ac0a76d[MainActivity]: handleResized, msg = 4 frames=ClientWindowFrames{frame=[0,0][1080,2400] display=[0,0][1080,2400] parentFrame=[0,0][0,0] parentClippedByDisplayCutout=false} forceNextWindowRelayout=false displayId=0 resizeMode=-1 frameChanged=false displayFrameChanged=false configChanged=false displayChanged=false
04-06 11:22:53.725 16273 16273 D InsetsController: show(ime(), fromIme=true)
04-06 11:22:53.726 16273 16273 D InsetsController: controlAnimationUnchecked: Added types=8 animType=0 host=com.evolucao.app/com.evolucao.app.MainActivity from=android.view.InsetsController.applyAnimation:1576 android.view.InsetsController.applyAnimation:1557 android.view.InsetsController.show:1063 
04-06 11:22:53.727 16273 16273 D InsetsSourceConsumer: setRequestedVisible: visible=true, type=19, host=com.evolucao.app/com.evolucao.app.MainActivity, from=android.view.InsetsSourceConsumer.show:250 android.view.ImeInsetsSourceConsumer.show:82 android.view.InsetsController.showDirectly:1609 android.view.InsetsController.controlAnimationUnchecked:1232 android.view.InsetsController.applyAnimation:1576 android.view.InsetsController.applyAnimation:1557 android.view.InsetsController.show:1063 android.view.ViewRootImpl$ViewRootHandler.handleMessageImpl:6761 android.view.ViewRootImpl$ViewRootHandler.handleMessage:6697 android.os.Handler.dispatchMessage:106 
04-06 11:22:53.734 16273 16288 I ViewRootImpl@ac0a76d[MainActivity]: Resizing android.view.ViewRootImpl@73623ee: frame = [0,0][1080,2400] reportDraw = false forceLayout = false syncSeqId = 0
04-06 11:22:53.744 16273 16273 D InsetsController: show(ime(), fromIme=true)
04-06 11:22:53.745 16273 16273 D InsetsController: onStateChanged: InsetsState: {mDisplayFrame=Rect(0, 0 - 1080, 2400), mDisplayCutout=DisplayCutout{insets=Rect(0, 88 - 0, 0) waterfall=Insets{left=0, top=0, right=0, bottom=0} boundingRect={Bounds=[Rect(0, 0 - 0, 0), Rect(512, 0 - 568, 88), Rect(0, 0 - 0, 0), Rect(0, 0 - 0, 0)]} cutoutPathParserInfo={CutoutPathParserInfo{displayWidth=1080 displayHeight=2400 physicalDisplayWidth=1080 physicalDisplayHeight=2400 density={3.0} cutoutSpec={M 0,0 M 0,10.71963616907435 a 9.280363830925644,9.280363830925644 0 1,0 0,18.56072766185129 a 9.280363830925644,9.280363830925644 0 1,0 0,-18.56072766185129 Z @dp} rotation={0} scale={1.0} physicalPixelDisplaySizeRatio={1.0}}}}, mRoundedCorners=RoundedCorners{[RoundedCorner{position=TopLeft, radius=96, center=Point(96, 96)}, RoundedCorner{position=TopRight, radius=96, center=Point(984, 96)}, RoundedCorner{position=BottomRight, radius=96, center=Point(984, 2304)}, RoundedCorner{position=BottomLeft, radius=96, center=Point(96, 2304)}]}  mRoundedCornerFrame=Rect(0, 0 - 1080, 2400), mPrivacyIndicatorBounds=PrivacyIndicatorBounds {static bounds=Rect(948, 0 - 1080, 88) rotation=0}, mSources= { InsetsSource: {mType=ITYPE_STATUS_BAR, mFrame=[0,0][1080,88], mVisible=true, mInsetsRoundedCornerFrame=false}, InsetsSource: {mType=ITYPE_NAVIGATION_BAR, mFrame=[0,2256][1080,2400], mVisible=true, mInsetsRoundedCornerFrame=false}, InsetsSource: {mType=ITYPE_LEFT_GESTURES, mFrame=[0,0][0,2400], mVisible=true, mInsetsRoundedCornerFrame=false}, InsetsSource: {mType=ITYPE_RIGHT_GESTURES, mFrame=[1080,0][1080,2400], mVisible=true, mInsetsRoundedCornerFrame=false}, InsetsSource: {mType=ITYPE_TOP_MANDATORY_GESTURES, mFrame=[0,0][1080,124], mVisible=true, mInsetsRoundedCornerFrame=false}, InsetsSource: {mType=ITYPE_BOTTOM_MANDATORY_GESTURES, mFrame=[0,2256][1080,2400], mVisible=true, mInsetsRoundedCornerFrame=false}, InsetsSource: {mType=ITYPE_LEFT_DISPLAY_CUTOUT, mFrame=[0,0][-100000,2400], mVisible=true, mInsetsRoundedCornerFrame=false}, InsetsSource: {mType=ITYPE_TOP_DISPLAY_CUTOUT, mFrame=[0,0][1080,88], mVisible=true, mInsetsRoundedCornerFrame=false}, InsetsSource: {mType=ITYPE_RIGHT_DISPLAY_CUTOUT, mFrame=[100000,0][1080,2400], mVisible=true, mInsetsRoundedCornerFrame=false}, InsetsSource: {mType=ITYPE_BOTTOM_DISPLAY_CUTOUT, mFrame=[0,100000][1080,2400], mVisible=true, mInsetsRoundedCornerFrame=false}, InsetsSource: {mType=ITYPE_TOP_TAPPABLE_ELEMENT, mFrame=[0,0][1080,88], mVisible=true, mInsetsRoundedCornerFrame=false}, InsetsSource: {mType=ITYPE_BOTTOM_TAPPABLE_ELEMENT, mFrame=[0,2256][1080,2400], mVisible=true, mInsetsRoundedCornerFrame=false}, InsetsSource: {mType=ITYPE_IME, mFrame=[0,1374][1080,2400], mVisibleFrame=[0,1374][1080,2400], mVisible=true, mInsetsRoundedCornerFrame=false} } host=com.evolucao.app/com.evolucao.app.MainActivity from=android.view.ViewRootImpl$ViewRootHandler.handleMessageImpl:6740
04-06 11:22:53.746 16273 16273 I ViewRootImpl@ac0a76d[MainActivity]: handleResized, msg = 4 frames=ClientWindowFrames{frame=[0,0][1080,2400] display=[0,0][1080,2400] parentFrame=[0,0][0,0] parentClippedByDisplayCutout=false} forceNextWindowRelayout=false displayId=0 resizeMode=-1 frameChanged=false displayFrameChanged=false configChanged=false displayChanged=false
04-06 11:22:53.957 16273 16273 D InsetsController: cancelAnimation of types: 8, animType: 0, host: com.evolucao.app/com.evolucao.app.MainActivity, from:android.view.InsetsController.notifyFinished:1375 android.view.InsetsAnimationThreadControlRunner$1.lambda$notifyFinished$0$android-view-InsetsAnimationThreadControlRunner$1:84 android.view.InsetsAnimationThreadControlRunner$1$$ExternalSyntheticLambda1.run:4 
04-06 11:22:53.957 16273 16273 D InsetsSourceConsumer: ensureControlPosition: Point(0, 88) for ITYPE_IME on com.evolucao.app/com.evolucao.app.MainActivity from android.view.InsetsSourceConsumer.notifyAnimationFinished:419
04-06 11:22:53.974 16273 16346 I ViewRootImpl@ac0a76d[MainActivity]: mWNT: t=0xb4000070a0485400 mBlastBufferQueue=0xb4000070c2c34c00 fn= 9 caller= android.view.SyncRtSurfaceTransactionApplier.applyTransaction:96 android.view.SyncRtSurfaceTransactionApplier.lambda$scheduleApply$0$android-view-SyncRtSurfaceTransactionApplier:69 android.view.SyncRtSurfaceTransactionApplier$$ExternalSyntheticLambda0.onFrameDraw:4 
04-06 11:22:54.044 16273 16305 I DetoxWSClient: Sending out action 'invokeResult' (ID #9)
04-06 11:22:54.044 16273 16305 I DetoxDispatcher: Done with action 'invoke'
04-06 11:22:54.047 16273 16309 D DetoxWSClient: Received action 'invoke' (ID #10, params={"target":{"type":"Class","value":"com.wix.detox.espresso.EspressoDetox"},"method":"perform","args":[{"type":"Invocation","value":{"target":{"type":"Class","value":"com.wix.detox.espresso.DetoxMatcher"},"method":"matcherForTestId","args":["input-peso-atual",{"type":"boolean","value":false}]}},{"type":"Invocation","value":{"target":{"type":"Class","value":"androidx.test.espresso.action.ViewActions"},"method":"clearText","args":[]}}]})
04-06 11:22:54.047 16273 16305 I DetoxDispatcher: Handling action 'invoke' (ID #10)...
04-06 11:22:54.047 16273 16305 D Detox   : class com.wix.detox.espresso.DetoxMatcher, matcherForTestId, [input-peso-atual, false]
04-06 11:22:54.048 16273 16305 D Detox   : class androidx.test.espresso.action.ViewActions, clearText, []
04-06 11:22:54.048 16273 16305 D Detox   : class com.wix.detox.espresso.EspressoDetox, perform, [(view.getTag() is "input-peso-atual" and view has effective visibility <VISIBLE>), androidx.test.espresso.action.ReplaceTextAction@db45ca3]
04-06 11:22:54.050 16273 16273 I ViewInteraction: Performing 'replace text()' action on view (view.getTag() is "input-peso-atual" and view has effective visibility <VISIBLE>)
04-06 11:22:54.054 16273 16305 I DetoxWSClient: Sending out action 'invokeResult' (ID #10)
04-06 11:22:54.054 16273 16305 I DetoxDispatcher: Done with action 'invoke'
04-06 11:22:54.059 16273 16309 D DetoxWSClient: Received action 'invoke' (ID #11, params={"target":{"type":"Class","value":"com.wix.detox.espresso.EspressoDetox"},"method":"perform","args":[{"type":"Invocation","value":{"target":{"type":"Class","value":"com.wix.detox.espresso.DetoxMatcher"},"method":"matcherForTestId","args":["input-peso-atual",{"type":"boolean","value":false}]}},{"type":"Invocation","value":{"target":{"type":"Class","value":"androidx.test.espresso.action.ViewActions"},"method":"replaceText","args":["82"]}}]})
04-06 11:22:54.059 16273 16305 I DetoxDispatcher: Handling action 'invoke' (ID #11)...
04-06 11:22:54.059 16273 16305 D Detox   : class com.wix.detox.espresso.DetoxMatcher, matcherForTestId, [input-peso-atual, false]
04-06 11:22:54.060 16273 16305 D Detox   : class androidx.test.espresso.action.ViewActions, replaceText, [82]
04-06 11:22:54.060 16273 16305 D Detox   : class com.wix.detox.espresso.EspressoDetox, perform, [(view.getTag() is "input-peso-atual" and view has effective visibility <VISIBLE>), androidx.test.espresso.action.ReplaceTextAction@f37e491]
04-06 11:22:54.060 16273 16273 D InputMethodManager: startInputInner - Id : 0
04-06 11:22:54.060 16273 16273 I InputMethodManager: startInputInner - mService.startInputOrWindowGainedFocus
04-06 11:22:54.066 16273 16273 I ViewInteraction: Performing 'replace text(82)' action on view (view.getTag() is "input-peso-atual" and view has effective visibility <VISIBLE>)
04-06 11:22:54.070 16273 16305 I DetoxWSClient: Sending out action 'invokeResult' (ID #11)
04-06 11:22:54.070 16273 16305 I DetoxDispatcher: Done with action 'invoke'
04-06 11:22:54.076 16273 16309 D DetoxWSClient: Received action 'invoke' (ID #12, params={"target":{"type":"Class","value":"com.wix.detox.espresso.DetoxAssertion"},"method":"assertMatcher","args":[{"type":"Invocation","value":{"target":{"type":"Class","value":"androidx.test.espresso.Espresso"},"method":"onView","args":[{"type":"Invocation","value":{"target":{"type":"Class","value":"com.wix.detox.espresso.DetoxMatcher"},"method":"matcherForTestId","args":["input-peso-atual",{"type":"boolean","value":false}]}}]}},{"type":"Invocation","value":{"target":{"type":"Class","value":"com.wix.detox.espresso.DetoxMatcher"},"method":"matcherForText","args":["82",{"type":"boolean","value":false}]}}]})
04-06 11:22:54.078 16273 16305 I DetoxDispatcher: Handling action 'invoke' (ID #12)...
04-06 11:22:54.079 16273 16305 D Detox   : class com.wix.detox.espresso.DetoxMatcher, matcherForTestId, [input-peso-atual, false]
04-06 11:22:54.079 16273 16305 D Detox   : class androidx.test.espresso.Espresso, onView, [(view.getTag() is "input-peso-atual" and view has effective visibility <VISIBLE>)]
04-06 11:22:54.079 16273 16273 D InputMethodManager: startInputInner - Id : 0
04-06 11:22:54.079 16273 16273 I InputMethodManager: startInputInner - mService.startInputOrWindowGainedFocus
04-06 11:22:54.080 16273 16305 D Detox   : class com.wix.detox.espresso.DetoxMatcher, matcherForText, [82, false]
04-06 11:22:54.080 16273 16305 D Detox   : class com.wix.detox.espresso.DetoxAssertion, assertMatcher, [androidx.test.espresso.ViewInteraction@c8775e8, (an instance of android.widget.TextView and view.getText() with or without transformation to match: is "82" and view has effective visibility <VISIBLE>)]
04-06 11:22:54.095 16273 16273 D InsetsController: show(ime(), fromIme=true)
04-06 11:22:54.117 16273 16273 D InsetsController: show(ime(), fromIme=true)
04-06 11:22:54.127 16273 16273 I ViewInteraction: Checking 'MatchesViewAssertion(Detox){viewMatcher=(an instance of android.widget.TextView and view.getText() with or without transformation to match: is "82" and view has effective visibility <VISIBLE>)}' assertion on view (view.getTag() is "input-peso-atual" and view has effective visibility <VISIBLE>)
04-06 11:22:54.129 16273 16305 I DetoxWSClient: Sending out action 'invokeResult' (ID #12)
04-06 11:22:54.130 16273 16305 I DetoxDispatcher: Done with action 'invoke'
04-06 11:22:54.133 16273 16309 D DetoxWSClient: Received action 'invoke' (ID #13, params={"target":{"type":"Class","value":"com.wix.detox.espresso.EspressoDetox"},"method":"perform","args":[{"type":"Invocation","value":{"target":{"type":"Class","value":"com.wix.detox.espresso.DetoxMatcher"},"method":"matcherForTestId","args":["input-peso-meta",{"type":"boolean","value":false}]}},{"type":"Invocation","value":{"target":{"type":"Class","value":"com.wix.detox.espresso.DetoxViewActions"},"method":"click","args":[]}}]})
04-06 11:22:54.133 16273 16305 I DetoxDispatcher: Handling action 'invoke' (ID #13)...
04-06 11:22:54.133 16273 16305 D Detox   : class com.wix.detox.espresso.DetoxMatcher, matcherForTestId, [input-peso-meta, false]
04-06 11:22:54.134 16273 16305 D Detox   : class com.wix.detox.espresso.DetoxViewActions, click, []
04-06 11:22:54.134 16273 16305 D Detox   : class com.wix.detox.espresso.EspressoDetox, perform, [(view.getTag() is "input-peso-meta" and view has effective visibility <VISIBLE>), com.wix.detox.espresso.action.RNClickAction@db8a8cf]
04-06 11:22:54.139 16273 16273 I ViewInteraction: Performing 'com.wix.detox.espresso.action.detoxsingletap@a29225c click' action on view (view.getTag() is "input-peso-meta" and view has effective visibility <VISIBLE>)
04-06 11:22:54.145 16273 16273 I ViewRootImpl@ac0a76d[MainActivity]: ViewPostIme pointer 0
04-06 11:22:54.154 16273 16283 D InputTransport: Input channel destroyed: 'ClientS', fd=148
04-06 11:22:54.154 16273 16283 D InputTransport: Input channel destroyed: 'ClientS', fd=146
04-06 11:22:54.155 16273 16283 D InputTransport: Input channel destroyed: 'ClientS', fd=159
04-06 11:22:54.175 16273 16273 I ViewRootImpl@ac0a76d[MainActivity]: ViewPostIme pointer 1
04-06 11:22:54.181 16273 16273 D InputMethodManager: startInputInner - Id : 0
04-06 11:22:54.181 16273 16273 I InputMethodManager: startInputInner - mService.startInputOrWindowGainedFocus
04-06 11:22:54.185 16273 16273 I IMM_LC  : showSoftInput(View,I)
04-06 11:22:54.185 16273 16273 I IMM_LC  : ssi() - flag : 0 view : com.evolucao.app reason = SHOW_SOFT_INPUT
04-06 11:22:54.190 16273 16273 W RemoteInputConnectionImpl: requestCursorAnchorInfo on inactive InputConnection
04-06 11:22:54.203 16273 16273 I IMM_LC  : showSoftInput(View,I)
04-06 11:22:54.203 16273 16273 I IMM_LC  : ssi() - flag : 0 view : com.evolucao.app reason = SHOW_SOFT_INPUT
04-06 11:22:54.212 16273 16273 W OnBackInvokedCallback: OnBackInvokedCallback is not enabled for the application.
04-06 11:22:54.212 16273 16273 W OnBackInvokedCallback: Set 'android:enableOnBackInvokedCallback="true"' in the application manifest.
04-06 11:22:54.214 16273 16273 D InsetsController: show(ime(), fromIme=true)
04-06 11:22:54.215 16273 16273 D InsetsController: show(ime(), fromIme=true)
04-06 11:22:54.238 16273 16273 D InsetsController: show(ime(), fromIme=true)
04-06 11:22:54.578 16273 16305 I DetoxWSClient: Sending out action 'invokeResult' (ID #13)
04-06 11:22:54.579 16273 16305 I DetoxDispatcher: Done with action 'invoke'
04-06 11:22:54.584 16273 16309 D DetoxWSClient: Received action 'invoke' (ID #14, params={"target":{"type":"Class","value":"com.wix.detox.espresso.EspressoDetox"},"method":"perform","args":[{"type":"Invocation","value":{"target":{"type":"Class","value":"com.wix.detox.espresso.DetoxMatcher"},"method":"matcherForTestId","args":["input-peso-meta",{"type":"boolean","value":false}]}},{"type":"Invocation","value":{"target":{"type":"Class","value":"androidx.test.espresso.action.ViewActions"},"method":"clearText","args":[]}}]})
04-06 11:22:54.584 16273 16305 I DetoxDispatcher: Handling action 'invoke' (ID #14)...
04-06 11:22:54.585 16273 16305 D Detox   : class com.wix.detox.espresso.DetoxMatcher, matcherForTestId, [input-peso-meta, false]
04-06 11:22:54.585 16273 16305 D Detox   : class androidx.test.espresso.action.ViewActions, clearText, []
04-06 11:22:54.585 16273 16305 D Detox   : class com.wix.detox.espresso.EspressoDetox, perform, [(view.getTag() is "input-peso-meta" and view has effective visibility <VISIBLE>), androidx.test.espresso.action.ReplaceTextAction@24102eb]
04-06 11:22:54.591 16273 16273 I ViewInteraction: Performing 'replace text()' action on view (view.getTag() is "input-peso-meta" and view has effective visibility <VISIBLE>)
04-06 11:22:54.596 16273 16305 I DetoxWSClient: Sending out action 'invokeResult' (ID #14)
04-06 11:22:54.597 16273 16305 I DetoxDispatcher: Done with action 'invoke'
04-06 11:22:54.600 16273 16309 D DetoxWSClient: Received action 'invoke' (ID #15, params={"target":{"type":"Class","value":"com.wix.detox.espresso.EspressoDetox"},"method":"perform","args":[{"type":"Invocation","value":{"target":{"type":"Class","value":"com.wix.detox.espresso.DetoxMatcher"},"method":"matcherForTestId","args":["input-peso-meta",{"type":"boolean","value":false}]}},{"type":"Invocation","value":{"target":{"type":"Class","value":"androidx.test.espresso.action.ViewActions"},"method":"replaceText","args":["77"]}}]})
04-06 11:22:54.601 16273 16305 I DetoxDispatcher: Handling action 'invoke' (ID #15)...
04-06 11:22:54.601 16273 16305 D Detox   : class com.wix.detox.espresso.DetoxMatcher, matcherForTestId, [input-peso-meta, false]
04-06 11:22:54.602 16273 16305 D Detox   : class androidx.test.espresso.action.ViewActions, replaceText, [77]
04-06 11:22:54.602 16273 16305 D Detox   : class com.wix.detox.espresso.EspressoDetox, perform, [(view.getTag() is "input-peso-meta" and view has effective visibility <VISIBLE>), androidx.test.espresso.action.ReplaceTextAction@b6b5119]
04-06 11:22:54.605 16273 16273 D InputMethodManager: startInputInner - Id : 0
04-06 11:22:54.605 16273 16273 I InputMethodManager: startInputInner - mService.startInputOrWindowGainedFocus
04-06 11:22:54.624 16273 16273 I ViewInteraction: Performing 'replace text(77)' action on view (view.getTag() is "input-peso-meta" and view has effective visibility <VISIBLE>)
04-06 11:22:54.628 16273 16305 I DetoxWSClient: Sending out action 'invokeResult' (ID #15)
04-06 11:22:54.628 16273 16305 I DetoxDispatcher: Done with action 'invoke'
04-06 11:22:54.632 16273 16309 D DetoxWSClient: Received action 'invoke' (ID #16, params={"target":{"type":"Class","value":"com.wix.detox.espresso.DetoxAssertion"},"method":"assertMatcher","args":[{"type":"Invocation","value":{"target":{"type":"Class","value":"androidx.test.espresso.Espresso"},"method":"onView","args":[{"type":"Invocation","value":{"target":{"type":"Class","value":"com.wix.detox.espresso.DetoxMatcher"},"method":"matcherForTestId","args":["input-peso-meta",{"type":"boolean","value":false}]}}]}},{"type":"Invocation","value":{"target":{"type":"Class","value":"com.wix.detox.espresso.DetoxMatcher"},"method":"matcherForText","args":["77",{"type":"boolean","value":false}]}}]})
04-06 11:22:54.632 16273 16305 I DetoxDispatcher: Handling action 'invoke' (ID #16)...
04-06 11:22:54.632 16273 16305 D Detox   : class com.wix.detox.espresso.DetoxMatcher, matcherForTestId, [input-peso-meta, false]
04-06 11:22:54.633 16273 16305 D Detox   : class androidx.test.espresso.Espresso, onView, [(view.getTag() is "input-peso-meta" and view has effective visibility <VISIBLE>)]
04-06 11:22:54.636 16273 16305 D Detox   : class com.wix.detox.espresso.DetoxMatcher, matcherForText, [77, false]
04-06 11:22:54.637 16273 16273 D InputMethodManager: startInputInner - Id : 0
04-06 11:22:54.638 16273 16273 I InputMethodManager: startInputInner - mService.startInputOrWindowGainedFocus
04-06 11:22:54.641 16273 16305 D Detox   : class com.wix.detox.espresso.DetoxAssertion, assertMatcher, [androidx.test.espresso.ViewInteraction@acc0bb7, (an instance of android.widget.TextView and view.getText() with or without transformation to match: is "77" and view has effective visibility <VISIBLE>)]
04-06 11:22:54.642 16273 16273 D InsetsController: show(ime(), fromIme=true)
04-06 11:22:54.664 16273 16273 D InsetsController: show(ime(), fromIme=true)
04-06 11:22:54.691 16273 16273 I ViewInteraction: Checking 'MatchesViewAssertion(Detox){viewMatcher=(an instance of android.widget.TextView and view.getText() with or without transformation to match: is "77" and view has effective visibility <VISIBLE>)}' assertion on view (view.getTag() is "input-peso-meta" and view has effective visibility <VISIBLE>)
04-06 11:22:54.692 16273 16305 I DetoxWSClient: Sending out action 'invokeResult' (ID #16)
04-06 11:22:54.692 16273 16305 I DetoxDispatcher: Done with action 'invoke'
04-06 11:22:54.696 16273 16309 D DetoxWSClient: Received action 'invoke' (ID #17, params={"target":{"type":"Class","value":"com.wix.detox.espresso.EspressoDetox"},"method":"perform","args":[{"type":"Invocation","value":{"target":{"type":"Class","value":"com.wix.detox.espresso.DetoxMatcher"},"method":"matcherForTestId","args":["input-altura",{"type":"boolean","value":false}]}},{"type":"Invocation","value":{"target":{"type":"Class","value":"com.wix.detox.espresso.DetoxViewActions"},"method":"click","args":[]}}]})
04-06 11:22:54.696 16273 16305 I DetoxDispatcher: Handling action 'invoke' (ID #17)...
04-06 11:22:54.696 16273 16305 D Detox   : class com.wix.detox.espresso.DetoxMatcher, matcherForTestId, [input-altura, false]
04-06 11:22:54.697 16273 16305 D Detox   : class com.wix.detox.espresso.DetoxViewActions, click, []
04-06 11:22:54.697 16273 16305 D Detox   : class com.wix.detox.espresso.EspressoDetox, perform, [(view.getTag() is "input-altura" and view has effective visibility <VISIBLE>), com.wix.detox.espresso.action.RNClickAction@8285043]
04-06 11:22:54.699 16273 16273 I ViewInteraction: Performing 'com.wix.detox.espresso.action.detoxsingletap@870c6c0 click' action on view (view.getTag() is "input-altura" and view has effective visibility <VISIBLE>)
04-06 11:22:54.737 16273 16273 I ViewRootImpl@ac0a76d[MainActivity]: ViewPostIme key 0
04-06 11:22:54.749 16273 16273 I ViewRootImpl@ac0a76d[MainActivity]: ViewPostIme key 1
04-06 11:22:55.163 16273 16305 I DetoxWSClient: Sending out action 'invokeResult' (ID #17)
04-06 11:22:55.163 16273 16305 I DetoxDispatcher: Done with action 'invoke'
04-06 11:22:55.168 16273 16309 D DetoxWSClient: Received action 'invoke' (ID #18, params={"target":{"type":"Class","value":"com.wix.detox.espresso.EspressoDetox"},"method":"perform","args":[{"type":"Invocation","value":{"target":{"type":"Class","value":"com.wix.detox.espresso.DetoxMatcher"},"method":"matcherForTestId","args":["input-altura",{"type":"boolean","value":false}]}},{"type":"Invocation","value":{"target":{"type":"Class","value":"androidx.test.espresso.action.ViewActions"},"method":"clearText","args":[]}}]})
04-06 11:22:55.169 16273 16305 I DetoxDispatcher: Handling action 'invoke' (ID #18)...
04-06 11:22:55.169 16273 16305 D Detox   : class com.wix.detox.espresso.DetoxMatcher, matcherForTestId, [input-altura, false]
04-06 11:22:55.170 16273 16305 D Detox   : class androidx.test.espresso.action.ViewActions, clearText, []
04-06 11:22:55.170 16273 16305 D Detox   : class com.wix.detox.espresso.EspressoDetox, perform, [(view.getTag() is "input-altura" and view has effective visibility <VISIBLE>), androidx.test.espresso.action.ReplaceTextAction@4bf21b4]
04-06 11:22:55.175 16273 16273 I ViewInteraction: Performing 'replace text()' action on view (view.getTag() is "input-altura" and view has effective visibility <VISIBLE>)
04-06 11:22:55.183 16273 16305 I DetoxWSClient: Sending out action 'invokeResult' (ID #18)
04-06 11:22:55.183 16273 16305 I DetoxDispatcher: Done with action 'invoke'
04-06 11:22:55.187 16273 16309 D DetoxWSClient: Received action 'invoke' (ID #19, params={"target":{"type":"Class","value":"com.wix.detox.espresso.EspressoDetox"},"method":"perform","args":[{"type":"Invocation","value":{"target":{"type":"Class","value":"com.wix.detox.espresso.DetoxMatcher"},"method":"matcherForTestId","args":["input-altura",{"type":"boolean","value":false}]}},{"type":"Invocation","value":{"target":{"type":"Class","value":"androidx.test.espresso.action.ViewActions"},"method":"replaceText","args":["178"]}}]})
04-06 11:22:55.188 16273 16305 I DetoxDispatcher: Handling action 'invoke' (ID #19)...
04-06 11:22:55.188 16273 16305 D Detox   : class com.wix.detox.espresso.DetoxMatcher, matcherForTestId, [input-altura, false]
04-06 11:22:55.189 16273 16305 D Detox   : class androidx.test.espresso.action.ViewActions, replaceText, [178]
04-06 11:22:55.189 16273 16305 D Detox   : class com.wix.detox.espresso.EspressoDetox, perform, [(view.getTag() is "input-altura" and view has effective visibility <VISIBLE>), androidx.test.espresso.action.ReplaceTextAction@53398aa]
04-06 11:22:55.193 16273 16273 I ViewInteraction: Performing 'replace text(178)' action on view (view.getTag() is "input-altura" and view has effective visibility <VISIBLE>)
04-06 11:22:55.200 16273 16305 I DetoxWSClient: Sending out action 'invokeResult' (ID #19)
04-06 11:22:55.200 16273 16305 I DetoxDispatcher: Done with action 'invoke'
04-06 11:22:55.210 16273 16309 D DetoxWSClient: Received action 'invoke' (ID #20, params={"target":{"type":"Class","value":"com.wix.detox.espresso.DetoxAssertion"},"method":"assertMatcher","args":[{"type":"Invocation","value":{"target":{"type":"Class","value":"androidx.test.espresso.Espresso"},"method":"onView","args":[{"type":"Invocation","value":{"target":{"type":"Class","value":"com.wix.detox.espresso.DetoxMatcher"},"method":"matcherForTestId","args":["input-altura",{"type":"boolean","value":false}]}}]}},{"type":"Invocation","value":{"target":{"type":"Class","value":"com.wix.detox.espresso.DetoxMatcher"},"method":"matcherForText","args":["178",{"type":"boolean","value":false}]}}]})
04-06 11:22:55.210 16273 16305 I DetoxDispatcher: Handling action 'invoke' (ID #20)...
04-06 11:22:55.211 16273 16305 D Detox   : class com.wix.detox.espresso.DetoxMatcher, matcherForTestId, [input-altura, false]
04-06 11:22:55.211 16273 16305 D Detox   : class androidx.test.espresso.Espresso, onView, [(view.getTag() is "input-altura" and view has effective visibility <VISIBLE>)]
04-06 11:22:55.212 16273 16305 D Detox   : class com.wix.detox.espresso.DetoxMatcher, matcherForText, [178, false]
04-06 11:22:55.212 16273 16305 D Detox   : class com.wix.detox.espresso.DetoxAssertion, assertMatcher, [androidx.test.espresso.ViewInteraction@41d9650, (an instance of android.widget.TextView and view.getText() with or without transformation to match: is "178" and view has effective visibility <VISIBLE>)]
04-06 11:22:55.237 16273 16273 I ViewInteraction: Checking 'MatchesViewAssertion(Detox){viewMatcher=(an instance of android.widget.TextView and view.getText() with or without transformation to match: is "178" and view has effective visibility <VISIBLE>)}' assertion on view (view.getTag() is "input-altura" and view has effective visibility <VISIBLE>)
04-06 11:22:55.240 16273 16305 I DetoxWSClient: Sending out action 'invokeResult' (ID #20)
04-06 11:22:55.240 16273 16305 I DetoxDispatcher: Done with action 'invoke'
04-06 11:22:55.245 16273 16309 D DetoxWSClient: Received action 'invoke' (ID #21, params={"target":{"type":"Invocation","value":{"target":{"type":"Class","value":"com.wix.detox.uiautomator.UiAutomator"},"method":"uiDevice","args":[]}},"method":"pressBack","args":[]})
04-06 11:22:55.245 16273 16305 I DetoxDispatcher: Handling action 'invoke' (ID #21)...
04-06 11:22:55.246 16273 16305 D Detox   : class com.wix.detox.uiautomator.UiAutomator, uiDevice, []
04-06 11:22:55.248 16273 16305 I UiDevice: Creating a new instance, old instance exists: false
04-06 11:22:55.258 16273 16305 D UiDevice: Setting accessibility service flags: 65618
04-06 11:22:55.902 16273 16305 D UiDevice: Pressing back button.
04-06 11:22:55.919 16273 16273 I ViewRootImpl@ac0a76d[MainActivity]: The input has been finished in ImeInputStage.
04-06 11:22:55.933 16273 16273 I ViewRootImpl@ac0a76d[MainActivity]: The input has been finished in ImeInputStage.
04-06 11:22:55.944 16273 16273 D InsetsController: controlAnimationUnchecked: Added types=8 animType=1 host=com.evolucao.app/com.evolucao.app.MainActivity from=android.view.InsetsController.applyAnimation:1576 android.view.InsetsController.applyAnimation:1557 android.view.InsetsController.hide:1093 
04-06 11:22:55.944 16273 16273 D InsetsSourceConsumer: setRequestedVisible: visible=false, type=19, host=com.evolucao.app/com.evolucao.app.MainActivity, from=android.view.InsetsSourceConsumer.hide:257 android.view.ImeInsetsSourceConsumer.hide:88 android.view.ImeInsetsSourceConsumer.hide:94 android.view.InsetsController.hideDirectly:1593 android.view.InsetsController.controlAnimationUnchecked:1234 android.view.InsetsController.applyAnimation:1576 android.view.InsetsController.applyAnimation:1557 android.view.InsetsController.hide:1093 android.view.ViewRootImpl$ViewRootHandler.handleMessageImpl:6765 android.view.ViewRootImpl$ViewRootHandler.handleMessage:6697 
04-06 11:22:55.945 16273 16305 I DetoxWSClient: Sending out action 'invokeResult' (ID #21)
04-06 11:22:55.947 16273 16305 I DetoxDispatcher: Done with action 'invoke'
