04-06 02:02:57.891  1321  1963 D ActivityManager: Ordered Broadcast is delayed BroadcastRecord{44c2f96 u0 com.samsung.android.sm.devicesecurity.PACKAGE_ADDED}
04-06 02:02:57.892  1321  1963 D ActivityManager: Ordered Broadcast is delayed BroadcastRecord{ef42717 u0 android.intent.action.PACKAGE_ADDED}
04-06 02:02:57.892  1321  1811 D SGM:FgCheckThread: noteResumeComponent(), received pkgName: android, userId: 0
04-06 02:02:57.892  1321  2368 D SGM:FgCheckThread: onLooperPrepared(), msg: MSG_APP_RESUME, pkgName: android, userid: 0
04-06 02:02:57.892  1321  2368 D SGM:FgCheckThread: handleResume().
04-06 02:02:57.892  1321  2368 D SGM:FgCheckThread: sendFocusOutConditionally() - mPrevNotiPkg: (unknown), userId: 0
04-06 02:02:57.892  1321  2368 D SGM:FgCheckThread:   handleResume(). pkgName: android, userId: 0, isTunableApp: null
04-06 02:02:57.892  1321  2368 D SGM:FgCheckThread: notifyFocusInOut(). of pkg: android, type: 4, isTunableApp: false, userId: 0
04-06 02:02:57.892  1321  2368 D SGM:FgCheckThread:   notifyFocusInOut(). unexpected mPrevNotiType: -1
04-06 02:02:57.892  1321  2368 D SGM:SystemHelper: callReleaseBlock needReleaseBlock:false
04-06 02:02:57.892  1321  4264 D AutoRotationHandler: inject auto rotation priority = 1.0
04-06 02:02:57.884  3132  3566 I AppsModelWriter: normalizeVisibleItems(visibleItems)> 0, 69, 0, -102, 0, 10, UserHandle{0}, 0, Galeria, -1, -1
04-06 02:02:57.892  3132  3566 I AppsModelWriter: normalizeVisibleItems(visibleItems)> 0, 70, 0, -102, 0, 11, UserHandle{0}, 0, Relógio, -1, -1
04-06 02:02:57.892  3132  3566 I AppsModelWriter: normalizeVisibleItems(visibleItems)> 0, 71, 0, -102, 0, 12, UserHandle{0}, 0, Contatos, -1, -1
04-06 02:02:57.892  3132  3566 I AppsModelWriter: normalizeVisibleItems(visibleItems)> 0, 72, 0, -102, 0, 13, UserHandle{0}, 0, Config., -1, -1
04-06 02:02:57.892  3132  3566 I AppsModelWriter: normalizeVisibleItems(visibleItems)> 0, 73, 0, -102, 0, 14, UserHandle{0}, 0, Calendário, -1, -1
04-06 02:02:57.892  3132  3566 I AppsModelWriter: normalizeVisibleItems(visibleItems)> 0, 76, 0, -102, 0, 15, UserHandle{0}, 0, Dicas, -1, -1
04-06 02:02:57.892  3132  3566 I AppsModelWriter: normalizeVisibleItems(visibleItems)> 0, 78, 0, -102, 0, 16, UserHandle{0}, 0, Game Launcher, -1, -1
04-06 02:02:57.893  3132  3566 I AppsModelWriter: normalizeVisibleItems(visibleItems)> 0, 82, 0, -102, 0, 17, UserHandle{0}, 0, Magisk, -1, -1
04-06 02:02:57.893  3132  3566 I AppsModelWriter: normalizeVisibleItems(visibleItems)> 0, 81, 0, -102, 0, 18, UserHandle{0}, 0, Menu Claro, -1, -1
04-06 02:02:57.893  3132  3566 I AppsModelWriter: normalizeVisibleItems(visibleItems)> 0, 84, 0, -102, 1, 0, UserHandle{0}, 0, Menu Claro, -1, -1
04-06 02:02:57.893  3132  3566 I AppsModelWriter: normalizeVisibleItems(visibleItems)> 0, 85, 0, -102, 1, 1, UserHandle{0}, 0, WA Business, -1, -1
04-06 02:02:57.893  3132  3566 I AppsModelWriter: normalizeVisibleItems(visibleItems)> 0, 87, 0, -102, 1, 2, UserHandle{0}, 0, Root Checker Basic, -1, -1
04-06 02:02:57.893  3132  3566 I AppsModelWriter: normalizeVisibleItems(visibleItems)> 0, 91, 0, -102, 1, 3, UserHandle{0}, 0, Samsung Shop, -1, -1
04-06 02:02:57.893  3132  3566 I AppsModelWriter: normalizeVisibleItems(visibleItems)> 0, 101, 0, -102, 1, 4, UserHandle{0}, 0, Waze, -1, -1
04-06 02:02:57.893  3132  3566 I AppsModelWriter: normalizeVisibleItems(visibleItems)> 0, 102, 0, -102, 1, 5, UserHandle{0}, 0, Spotify, -1, -1
04-06 02:02:57.893  3132  3566 I AppsModelWriter: normalizeVisibleItems(visibleItems)> 0, 103, 0, -102, 1, 6, UserHandle{0}, 0, TikTok, -1, -1
04-06 02:02:57.893  3132  3566 I AppsModelWriter: normalizeVisibleItems(visibleItems)> 0, 104, 0, -102, 1, 7, UserHandle{0}, 0, Integrity Checker, -1, -1
04-06 02:02:57.893  3132  3566 I AppsModelWriter: normalizeVisibleItems(visibleItems)> 0, 105, 0, -102, 1, 8, UserHandle{0}, 0, AdAway, -1, -1
04-06 02:02:57.893  3132  3566 I AppsModelWriter: normalizeVisibleItems(visibleItems)> 0, 106, 0, -102, 2, 0, UserHandle{0}, 0, ViPER4Android FX, -1, -1
04-06 02:02:57.893  3132  3132 I SessionCommitReceiver: onReceive() intent.getAction : android.content.pm.action.SESSION_COMMITTED
04-06 02:02:57.893  3132  3566 I AppsModelWriter: normalizeVisibleItems(visibleItems)> 0, 107, 0, -102, 2, 1, UserHandle{0}, 0, AAStore, -1, -1
04-06 02:02:57.893  3132  3566 I AppsModelWriter: normalizeVisibleItems(visibleItems)> 0, 108, 0, -102, 2, 2, UserHandle{0}, 0, CarStream, -1, -1
04-06 02:02:57.893  3132  3566 I AppsModelWriter: normalizeVisibleItems(visibleItems)> 0, 109, 0, -102, 2, 3, UserHandle{0}, 0, Fermata Auto, -1, -1
04-06 02:02:57.893  3132  3566 I AppsModelWriter: normalizeVisibleItems(visibleItems)> 0, 110, 0, -102, 2, 4, UserHandle{0}, 0, Meet, -1, -1
04-06 02:02:57.893  3132  3566 I AppsModelWriter: normalizeVisibleItems(visibleItems)> 0, 111, 0, -102, 2, 5, UserHandle{0}, 0, Drive, -1, -1
04-06 02:02:57.893  3132  3566 I AppsModelWriter: normalizeVisibleItems(visibleItems)> 0, 112, 0, -102, 2, 6, UserHandle{0}, 0, Fotos, -1, -1
04-06 02:02:57.893  3132  3566 I AppsModelWriter: normalizeVisibleItems(visibleItems)> 0, 113, 0, -102, 2, 7, UserHandle{0}, 0, Google TV, -1, -1
04-06 02:02:57.893  3132  3566 I AppsModelWriter: normalizeVisibleItems(visibleItems)> 0, 114, 0, -102, 2, 8, UserHandle{0}, 0, YT Music, -1, -1
04-06 02:02:57.893  3132  3566 I AppsModelWriter: normalizeVisibleItems(visibleItems)> 0, 115, 0, -102, 2, 9, UserHandle{0}, 0, Termux, -1, -1
04-06 02:02:57.893  3132  3566 I AppsModelWriter: normalizeVisibleItems(visibleItems)> 0, 125, 0, -102, 2, 10, UserHandle{0}, 0, AnyDesk, -1, -1
04-06 02:02:57.893  3132  3566 I AppsModelWriter: normalizeVisibleItems(visibleItems)> 0, 127, 0, -102, 2, 11, UserHandle{0}, 0, NEXA - Controle de Dívidas, -1, -1
04-06 02:02:57.893  3132  3566 I AppsModelWriter: normalizeVisibleItems(visibleItems)> 0, 128, 0, -102, 2, 12, UserHandle{0}, 0, Expo Go, -1, -1
04-06 02:02:57.893  1096  1096 I sensors-hal: inject_sensor_data:316, auto_rotation ar_mode:1
04-06 02:02:57.894  1321  1811 D SGM:GameManager: identifyGamePackage. android, mCurrentUserId: 0, callerUserId: 0, callingMethodInfo: com.samsung.android.game.SemGameManager.isGamePackage(SemGameManager.java:104)
04-06 02:02:57.894  1321  1811 D SGM:PkgDataHelper: getGamePkgData(). android
04-06 02:02:57.894  1321  1811 D SGM:SemGameManager: isGamePackage(), pkgName=android, ret=false
04-06 02:02:57.894  1096  1096 I sensors-hal: write_auto_rotation_mode:303, write_auto_rotation_mode ar_mode:1
04-06 02:02:57.895  1186  1186 I SSC_DAEMON: physical_sensor_test_req_msg Sensor type :14, Msg type:15
04-06 02:02:57.895  1186  1186 I SSC_DAEMON: 0.algo_id:3, num:1
04-06 02:02:57.895  3132  3566 I AppsModelWriter: updateItems(end) : updateItem> 0, 57, 0, -102, 0, 2, UserHandle{0}, 0, OneDrive, -1, -1
04-06 02:02:57.895  7424  7449 D OpenGLRenderer: RenderThread::requireGlContext()
04-06 02:02:57.895  3132  3132 I AppsModelWriter: bindAppsItems() - visibleAddItems : 0, visibleUpdateItems : 1, removeItems : 0
04-06 02:02:57.895  3132  3566 I PostPositionOperator: addAllItems() - All
04-06 02:02:57.896  3132  3132 I Launcher.AppsContainerView: bindAppsUpdates() => add: 0, update: 1, remove: 0
04-06 02:02:57.896  3132  3132 I Launcher.AppsPagedView: UpdateItems => id: 57, rank: 2, screenId: 0, cellX: 2, cellY: 0, container: -102, dirty: false, title: OneDrive, isFolder: false, user: UserHandle{0}, disabled: false, screenType: 0
04-06 02:02:57.896  7424  7449 I AdrenoGLES-0: QUALCOMM build                   : db7e7066a2, I1fad33e957
04-06 02:02:57.896  7424  7449 I AdrenoGLES-0: Build Date                       : 05/11/25
04-06 02:02:57.896  7424  7449 I AdrenoGLES-0: OpenGL ES Shader Compiler Version: EV031.32.02.10
04-06 02:02:57.896  7424  7449 I AdrenoGLES-0: Local Branch                     : 
04-06 02:02:57.896  7424  7449 I AdrenoGLES-0: Remote Branch                    : refs/tags/AU_LINUX_ANDROID_LA.UM.9.12.11.00.00.582.697
04-06 02:02:57.896  7424  7449 I AdrenoGLES-0: Remote Branch                    : NONE
04-06 02:02:57.896  7424  7449 I AdrenoGLES-0: Reconstruct Branch               : NOTHING
04-06 02:02:57.896  7424  7449 I AdrenoGLES-0: Build Config                     : S P 10.0.7 AArch64
04-06 02:02:57.896  7424  7449 I AdrenoGLES-0: Driver Path                      : /vendor/lib64/egl/libGLESv2_adreno.so
04-06 02:02:57.897  1321  3011 I GenerationRegistry: mBackingStore.isClosed() : false
04-06 02:02:57.898  3132  3566 I PostPositionOperator: addItem() - , isWidgetOnly : false
04-06 02:02:57.899  1321  1321 I CocktailBarManagerServiceContainer: handleMessage: entry what = 5
04-06 02:02:57.899  1186  2088 I SSC_DAEMON: AR od: 8, 1, 0
04-06 02:02:57.900  7976  7976 I ActivityUtils: HomePackage : com.sec.android.app.launcher, resumePackageName : android
04-06 02:02:57.906  7424  7449 I AdrenoGLES-0: PFP: 0x016dd093, ME: 0x00000000
04-06 02:02:57.906  7424  7424 D CompatibilityChangeReporter: Compat change id reported: 147798919; UID 1000; state: ENABLED
04-06 02:02:57.907  1321  1811 D SGM:GameManager: identifyGamePackage. android, mCurrentUserId: 0, callerUserId: 0, callingMethodInfo: com.android.server.ssrm.SortingMachine.isGame(SortingMachine.java:162)
04-06 02:02:57.907  1321  1811 D SGM:PkgDataHelper: getGamePkgData(). android
04-06 02:02:57.907  1321  1811 I GameSDK@LifeCycle: noteResumeComponent(): package name  : android
04-06 02:02:57.908  1321  3011 I GenerationRegistry: mBackingStore.isClosed() : false
04-06 02:02:57.909  7424  7424 V Toast   : show: caller = com.android.internal.app.FrozenAppActivity.onCreate:60 
04-06 02:02:57.911  7424  7424 V Toast   : show: isFocusInDesktop = false mCustomDisplayId = -1 isDexDualMode = false isActivityContext = false
04-06 02:02:57.911  7422  7422 E SemDvfsManager_JNI: SemDvfsManager: registerfunction enter
04-06 02:02:57.911  7422  7422 E SemAffinityControl: SemAffinityControl: registerfunction enter
04-06 02:02:57.913  1321  3118 W ContextImpl: Calling a method in the system process without a qualified user: android.app.ContextImpl.sendBroadcast:1252 com.android.server.notification.sec.DisplayToast.sendIntentForToastDumpLog:156 com.android.server.notification.sec.DisplayToast.outFile:106 com.android.server.notification.sec.DisplayToast.out:62 com.android.server.notification.NotificationManagerService$12.enqueueToastForDex:3990 
04-06 02:02:57.914  1205  1259 I SurfaceFlinger: id=33270 createSurf, flag=80004, WindowToken{b4d5f70 type=2005 android.os.Binder@8a1db3}#33270
04-06 02:02:57.916  7122  7122 D BoundBrokerSvc: onRebind: Intent { act=com.google.android.gms.libs.gmscorelogger.service.START dat=chimera-action:/... cmp=com.google.android.gms/.chimera.PersistentDirectBootAwareApiService }
04-06 02:02:57.917  1321  3118 V WindowManager: Changing focus from null to Window{dd68b42 u0 com.samsung.android.app.spage} displayId=0 Callers=com.android.server.wm.RootWindowContainer.updateFocusedWindowLocked:595 com.android.server.wm.WindowManagerService.updateFocusedWindowLocked:6810 com.android.server.wm.DisplayContent.layoutAndAssignWindowLayersIfNeeded:4794 com.android.server.wm.TaskDisplayArea.positionChildTaskAt:587 
04-06 02:02:57.917  3132  3566 I PackageUpdatedTask: set null app progress level to 100
04-06 02:02:57.918  1321  3118 I WindowManager: Cancelling animation restarting=true, leash=Surface(name=Surface(name=330a1a StatusBar)/@0xb1cd9fc - animation-leash of insets_animation)/@0x60c3847
04-06 02:02:57.918  1321  3118 I WindowManager: Reparenting to original parent: Surface(name=WindowToken{3aa80c5 type=2000 android.os.BinderProxy@3c7692f})/@0xa9bc885, destroy=false, surface=Surface(name=330a1a StatusBar)/@0xb1cd9fc
04-06 02:02:57.918  1321  3118 I WindowManager: Reparenting to leash, surface=Surface(name=330a1a StatusBar)/@0xb1cd9fc, leashParent=Surface(name=WindowToken{3aa80c5 type=2000 android.os.BinderProxy@3c7692f})/@0xa9bc885
04-06 02:02:57.918  1321  1772 I system_server: Background concurrent copying GC freed 444062(28MB) AllocSpace objects, 49(1008KB) LOS objects, 19% free, 98MB/122MB, paused 127us,1.739ms total 307.678ms
04-06 02:02:57.918  1205  1259 I SurfaceFlinger: id=33271 createSurf, flag=24000, Surface(name=330a1a StatusBar)/@0xb1cd9fc - animation-leash of insets_animation#33271
04-06 02:02:57.919  1321  3118 D WindowManager: makeSurface duration=1 leash=Surface(name=Surface(name=330a1a StatusBar)/@0xb1cd9fc - animation-leash of insets_animation)/@0x581029c
04-06 02:02:57.919  1321  3118 I WindowManager: Cancelling animation restarting=true, leash=Surface(name=Surface(name=6d45259 NavigationBar0)/@0x28b570b - animation-leash of insets_animation)/@0xad2a755
04-06 02:02:57.919  1321  3118 I WindowManager: Reparenting to original parent: Surface(name=WindowToken{624d6a0 type=2019 android.os.BinderProxy@dd6a6d2})/@0x75b99e8, destroy=false, surface=Surface(name=6d45259 NavigationBar0)/@0x28b570b
04-06 02:02:57.919  1321  3118 I WindowManager: Reparenting to leash, surface=Surface(name=6d45259 NavigationBar0)/@0x28b570b, leashParent=Surface(name=WindowToken{624d6a0 type=2019 android.os.BinderProxy@dd6a6d2})/@0x75b99e8
04-06 02:02:57.919  1205  1259 I SurfaceFlinger: id=33272 createSurf, flag=24000, Surface(name=6d45259 NavigationBar0)/@0x28b570b - animation-leash of insets_animation#33272
04-06 02:02:57.919  1321  3118 D WindowManager: makeSurface duration=0 leash=Surface(name=Surface(name=6d45259 NavigationBar0)/@0x28b570b - animation-leash of insets_animation)/@0x10007a
04-06 02:02:57.920  1321  3118 D WindowManager: updateSystemBarAttributes: displayId=0, win=Window{dd68b42 u0 com.samsung.android.app.spage}, navColorWin=Window{7ae1b77 u0 com.sec.android.app.launcher/com.sec.android.app.launcher.activities.LauncherActivity}, focusedCanBeNavColorWin=false, behavior=1, appearance=0, statusBarAppearanceRegions=[AppearanceRegion{ bounds=[0,0][1080,2400]}], requestedVisibilities=, from=com.android.server.wm.DisplayPolicy.focusChangedLw:3254 com.android.server.wm.DisplayContent.updateFocusedWindowLocked:4632 com.android.server.wm.RootWindowContainer.updateFocusedWindowLocked:595 
04-06 02:02:57.920  1321  3118 D StatusBarManagerService: notifyRequestedSystemKey recent=false home=false
04-06 02:02:57.920  1321  3118 D ActivityTaskManager: scheduleTopResumedActivityChanged, onTop=false r=ActivityRecord{2dd135f u0 android/com.android.internal.app.FrozenAppActivity} t821 f}} caller=com.android.server.wm.ActivityTaskSupervisor.updateTopResumedActivityIfNeeded:2510 com.android.server.wm.TaskDisplayArea.positionChildTaskAt:602 com.android.server.wm.TaskDisplayArea.positionChildAt:537 com.android.server.wm.WindowContainer.positionChildAt:970 com.android.server.wm.Task.positionChildAt:3354 com.android.server.wm.Task.moveToFrontInner:6053 
04-06 02:02:57.920  1321  3118 W WindowManager: Prepare app transition: mNextAppTransitionRequests=[TRANSIT_OPEN, TRANSIT_OPEN, TRANSIT_CLOSE], mNextAppTransitionFlags=, displayId: 0 Callers=com.android.server.wm.DisplayContent.prepareAppTransition:6493 com.android.server.wm.DisplayContent.prepareAppTransition:6484 com.android.server.wm.ActivityRecord.finishIfPossible:4167 com.android.server.wm.ActivityClientController.finishActivity:533 android.app.IActivityClientController$Stub.onTransact:711 
04-06 02:02:57.920  7422  7422 D AndroidRuntime: Calling main entry com.android.commands.monkey.Monkey
04-06 02:02:57.921  7422  7422 W Monkey  : args: [-p, com.evolucao.app, --pct-syskeys, 0, --throttle, 80, -v, 220]
04-06 02:02:57.922  7422  7422 W Monkey  :  arg: "-p"
04-06 02:02:57.922  7422  7422 W Monkey  :  arg: "com.evolucao.app"
04-06 02:02:57.922  7422  7422 W Monkey  :  arg: "--pct-syskeys"
04-06 02:02:57.922  7422  7422 W Monkey  :  arg: "0"
04-06 02:02:57.922  7422  7422 W Monkey  :  arg: "--throttle"
04-06 02:02:57.922  7422  7422 W Monkey  :  arg: "80"
04-06 02:02:57.922  7422  7422 W Monkey  :  arg: "-v"
04-06 02:02:57.922  7422  7422 W Monkey  :  arg: "220"
04-06 02:02:57.923  7422  7422 W Monkey  : data="com.evolucao.app"
04-06 02:02:57.923  7422  7422 W Monkey  : arg="--pct-syskeys" mCurArgData="null" mNextArg=3 argwas="--pct-syskeys" nextarg="0"
04-06 02:02:57.923  7422  7422 W Monkey  : data="0"
04-06 02:02:57.923  7422  7422 W Monkey  : arg="--throttle" mCurArgData="null" mNextArg=5 argwas="--throttle" nextarg="80"
04-06 02:02:57.923  7422  7422 W Monkey  : data="80"
04-06 02:02:57.924  2682  2682 V ToastPresenter: sipHeight = -144
04-06 02:02:57.924  7424  7449 D OpenGLRenderer: RenderThread::setGrContext()
04-06 02:02:57.924  1321  1774 W System  : A resource failed to call close. 
04-06 02:02:57.924  1321  1774 W System  : A resource failed to call close. 
04-06 02:02:57.925  3132  3566 I ModelWriter: updateItemInDatabase++
04-06 02:02:57.925  3132  3566 I ModelWriter: updateItemInDatabase : input item> 24, -100, 1, 1, 3, 4, 1, 1, UserHandle{0}, 0, OneDrive
04-06 02:02:57.925  3132  3132 I TopTaskTracker: onTaskMovedToFront : taskId = 659
04-06 02:02:57.925  7424  7424 I DecorView: [INFO] isPopOver=false config=true
04-06 02:02:57.925  7424  7424 I DecorView: updateCaptionType: isFloating=false isApplication=true hasWindowDecorCaption=false this=DecorView@2da7bef[]
04-06 02:02:57.926  7424  7424 D DecorView: setCaptionType = 0, this = DecorView@2da7bef[]
04-06 02:02:57.926  2682  2682 V ToastPresenter: yOffset = 192
04-06 02:02:57.926  2682  2682 V ToastPresenter: Text: Fvol in android.widget.ToastPresenter@33ddb34
04-06 02:02:57.926  7424  7424 I DecorView: getCurrentDensityDpi: from real metrics. densityDpi=480 msg=resources_loaded
04-06 02:02:57.927  7424  7424 I DecorView: setWindowBackground: isPopOver=false color=ff010101 d=null
04-06 02:02:57.927  2682  2793 D NativeCustomFrequencyManager: [NativeCFMS] BpCustomFrequencyManager::BpCustomFrequencyManager()
04-06 02:02:57.927  1205  1205 I Layer   : id=33268 removedFromDrawingState Surface(name=330a1a StatusBar)/@0xb1cd9fc - animation-leash of insets_animation#33268 (124)
04-06 02:02:57.927  1205  1205 I Layer   : id=33269 removedFromDrawingState Surface(name=6d45259 NavigationBar0)/@0x28b570b - animation-leash of insets_animation#33269 (124)
04-06 02:02:57.927  1205  1205 I SurfaceFlinger: [dd68b42 com.samsung.android.app.spage#117] FrameRatePriority: 1
04-06 02:02:57.927  1205  1205 I SurfaceFlinger: id=33268 Removed Surface(name=330a1a StatusBar)/@0xb1cd9fc - animation-leash of insets_animation#33268 (124)
04-06 02:02:57.927  1205  1205 I SurfaceFlinger: id=33269 Removed Surface(name=6d45259 NavigationBar0)/@0x28b570b - animation-leash of insets_animation#33269 (124)
04-06 02:02:57.928  1205  1205 I Layer   : id=33268 Destroyed Surface(name=330a1a StatusBar)/@0xb1cd9fc - animation-leash of insets_animation#33268
04-06 02:02:57.928  1205  1205 I Layer   : id=33269 Destroyed Surface(name=6d45259 NavigationBar0)/@0x28b570b - animation-leash of insets_animation#33269
04-06 02:02:57.931  1321  6793 D InputTransport: Input channel constructed: '68daa46', fd=679
04-06 02:02:57.931  1321  6793 D InputTransport: Input channel constructed: '68daa46', fd=879
04-06 02:02:57.931  1321  6793 D InputTransport: Input channel constructed: '68daa46', fd=924
04-06 02:02:57.931  1205  1259 I SurfaceFlinger: id=33273 createSurf, flag=80004, 68daa46 Toast#33273
04-06 02:02:57.931  1321  6793 D InputTransport: Input channel destroyed: '68daa46', fd=924
04-06 02:02:57.932  2682  2682 D InsetsController: onStateChanged: InsetsState: {mDisplayFrame=Rect(0, 0 - 1080, 2400), mDisplayCutout=DisplayCutout{insets=Rect(0, 88 - 0, 0) waterfall=Insets{left=0, top=0, right=0, bottom=0} boundingRect={Bounds=[Rect(0, 0 - 0, 0), Rect(512, 0 - 568, 88), Rect(0, 0 - 0, 0), Rect(0, 0 - 0, 0)]} cutoutPathParserInfo={CutoutPathParserInfo{displayWidth=1080 displayHeight=2400 physicalDisplayWidth=1080 physicalDisplayHeight=2400 density={3.0} cutoutSpec={M 0,0 M 0,10.71963616907435 a 9.280363830925644,9.280363830925644 0 1,0 0,18.56072766185129 a 9.280363830925644,9.280363830925644 0 1,0 0,-18.56072766185129 Z @dp} rotation={0} scale={1.0} physicalPixelDisplaySizeRatio={1.0}}}}, mRoundedCorners=RoundedCorners{[RoundedCorner{position=TopLeft, radius=96, center=Point(96, 96)}, RoundedCorner{position=TopRight, radius=96, center=Point(984, 96)}, RoundedCorner{position=BottomRight, radius=96, center=Point(984, 2304)}, RoundedCorner{position=BottomLeft, radius=96, center=Point(96, 2304)}]}  mRoundedCornerFrame=Rect(0, 0 - 0, 0), mPrivacyIndicatorBounds=PrivacyIndicatorBounds {static bounds=Rect(948, 0 - 1080, 88) rotation=0}, mSources= { InsetsSource: {mType=ITYPE_NAVIGATION_BAR, mFrame=[0,2256][1080,2400], mVisible=true, mInsetsRoundedCornerFrame=false}, InsetsSource: {mType=ITYPE_LEFT_GESTURES, mFrame=[0,0][0,2400], mVisible=true, mInsetsRoundedCornerFrame=false}, InsetsSource: {mType=ITYPE_RIGHT_GESTURES, mFrame=[1080,0][1080,2400], mVisible=true, mInsetsRoundedCornerFrame=false}, InsetsSource: {mType=ITYPE_TOP_MANDATORY_GESTURES, mFrame=[0,0][1080,124], mVisible=true, mInsetsRoundedCornerFrame=false}, InsetsSource: {mType=ITYPE_BOTTOM_MANDATORY_GESTURES, mFrame=[0,2256][1080,2400], mVisible=true, mInsetsRoundedCornerFrame=false}, InsetsSource: {mType=ITYPE_LEFT_DISPLAY_CUTOUT, mFrame=[0,0][-100000,2400], mVisible=true, mInsetsRoundedCornerFrame=false}, InsetsSource: {mType=ITYPE_TOP_DISPLAY_CUTOUT, mFrame=[0,0][1080,88], mVisible=true, mInsetsRoundedCornerFrame=false}, InsetsSource: {mType=ITYPE_RIGHT_DISPLAY_CUTOUT, mFrame=[100000,0][1080,2400], mVisible=true, mInsetsRoundedCornerFrame=false}, InsetsSource: {mType=ITYPE_BOTTOM_DISPLAY_CUTOUT, mFrame=[0,100000][1080,2400], mVisible=true, mInsetsRoundedCornerFrame=false}, InsetsSource: {mType=ITYPE_BOTTOM_TAPPABLE_ELEMENT, mFrame=[0,2256][1080,2400], mVisible=true, mInsetsRoundedCornerFrame=false} } host=Toast from=android.view.ViewRootImpl.setView:1732
04-06 02:02:57.933  7422  7422 I Monkey  : :Monkey: seed=1775527799605 count=220
04-06 02:02:57.933  7422  7422 I Monkey  : :AllowPackage: com.evolucao.app
04-06 02:02:57.933  7422  7422 I Monkey  : :IncludeCategory: android.intent.category.LAUNCHER
04-06 02:02:57.933  7422  7422 I Monkey  : :IncludeCategory: android.intent.category.MONKEY
04-06 02:02:57.933  1321  2921 V MARsPolicyManager: Current Home Package com.sec.android.app.launcher Resumed
04-06 02:02:57.933  1321  2921 D MARsPolicyManager: onPackageResumedFG pkgName = com.sec.android.app.launcher, userId = 0
04-06 02:02:57.933  1321  2921 I SemDvfsHyPerManager: acquire hyper - AMS_APP_HOME/1321@33, type = -999
04-06 02:02:57.933  1321  1811 D SGM:FgCheckThread: notePauseComponent(), received pkgName: android, userId: 0
04-06 02:02:57.933  1321  1321 I CocktailBarManagerServiceContainer: handleMessage: entry what = 6
04-06 02:02:57.933  1104  1166 I HYPER-HAL: [RequestManager.cpp]acquire(): Acquired ID : 917368  [1321 / 33]    HINT : AMS_APP_HOME    list : 
04-06 02:02:57.933  2682  2682 I ViewRootImpl@8585d5d[Toast]: setView = android.widget.LinearLayout@c27259 TM=true
04-06 02:02:57.935  1104  1166 I HYPER-HAL: [ResourceManager.cpp]updateResource(): [CPUMinFreq] UpdateResource Request ID : 917368    Value : 2841600
04-06 02:02:57.935  3132 16120 I TouchInteractionService: onSystemUiStateChanged, stateFlags : 131072 |allow_gesture|
04-06 02:02:57.935  3132  3132 I RecentsAnimationDeviceState: setSystemUiFlags, stateFlags : 131072
04-06 02:02:57.935  3132  3132 I TouchInteractionService: onSystemUiFlagsChanged, lastSysUIFlags : 0
04-06 02:02:57.935  5583  5583 I SemDvfsHyPerManager: acquire hyper - APP_START_HOME/5583@13, type = -999
04-06 02:02:57.935  1104  1166 I HYPER-HAL: [RequestManager.cpp]acquire(): Acquired ID : 15660419  [5583 / 13]    HINT : APP_START    list : [KERNEL_APP_START_NOTIFY / 0] [TIMEOUT / 1500] 
04-06 02:02:57.936  1321  2921 D ActivityManagerPerformance: AMP_acquire() HOME
04-06 02:02:57.936  1321  2921 W WindowManager: Prepare app transition: mNextAppTransitionRequests=[TRANSIT_OPEN, TRANSIT_OPEN, TRANSIT_CLOSE, TRANSIT_OPEN], mNextAppTransitionFlags=, displayId: 0 Callers=com.android.server.wm.DisplayContent.prepareAppTransition:6493 com.android.server.wm.DisplayContent.prepareAppTransition:6484 com.android.server.wm.TaskFragment.resumeTopActivity:1583 com.android.server.wm.TaskFragment.resumeTopActivity:1307 com.android.server.wm.Task.resumeTopActivityInnerLocked:6451 
04-06 02:02:57.936  1321  2921 D ActivityTaskManager: scheduleTopResumedActivityChanged, onTop=true r=ActivityRecord{4961467 u0 com.sec.android.app.launcher/.activities.LauncherActivity} t659} caller=com.android.server.wm.ActivityTaskSupervisor.scheduleTopResumedActivityStateIfNeeded:2535 com.android.server.wm.ActivityTaskSupervisor.updateTopResumedActivityIfNeeded:2527 com.android.server.wm.TaskFragment.setResumedActivity:493 com.android.server.wm.TaskFragment.onActivityStateChanged:805 com.android.server.wm.ActivityRecord.setState:6428 com.android.server.wm.TaskFragment.resumeTopActivity:1629 
04-06 02:02:57.936  1321  2921 D InputDispatcher: Focused application(0): ActivityRecord{4961467 u0 com.sec.android.app.launcher/.activities.LauncherActivity} t659}
04-06 02:02:57.936  1104  1166 I HYPER-HAL: [ResourceManager.cpp]updateResource(): [CPUMaxFreq] UpdateResource Request ID : 15660419    Value : 2841600
04-06 02:02:57.937  1321  2921 D SGM:FgCheckThread: TaskStackListener.onTaskFocusChanged(), taskId=821, focused=false
04-06 02:02:57.937  1321  2921 D SGM:FgCheckThread: TaskStackListener.onTaskFocusChanged(), taskId=659, focused=true
04-06 02:02:57.937  1321  2921 D SGM:FgCheckThread:   sendRunningComponentFocus(), pkgName: com.sec.android.app.launcher, userId: 0
04-06 02:02:57.937  1321  2368 D SGM:FgCheckThread: onLooperPrepared(), msg: MSG_TASK_FOCUSED, pkgName: com.sec.android.app.launcher, userId: 0
04-06 02:02:57.937  1321  2368 D SGM:FgCheckThread: handleTaskFocused().
04-06 02:02:57.937  1321  2368 D SGM:FgCheckThread:   handleTaskFocused(), pkgName: com.sec.android.app.launcher, userID:0 mResumedPkgMap does not containsKey.
04-06 02:02:57.937  1321  2418 D AS.MultiSoundManager: mForegroundUid = 10127
04-06 02:02:57.937  1321  2921 D WindowManagerServiceExt: notifyOccludeChangeNotice: reset caller=com.android.server.wm.WindowManagerServiceExt.updateOccludeTargetIfNeeded:1402 com.android.server.wm.DisplayContent.ensureActivitiesVisible:7532 com.android.server.wm.RootWindowContainer.ensureActivitiesVisible:2248 com.android.server.wm.RootWindowContainer.ensureVisibilityAndConfig:2126 com.android.server.wm.TaskFragment.resumeTopActivity:1652 
04-06 02:02:57.937  1321  2921 V WindowManager: rotationForOrientation(orient=SCREEN_ORIENTATION_NOSENSOR (5), last=ROTATION_0 (0)); user=ROTATION_0 (0) 
04-06 02:02:57.937  1321  2921 D WindowManager: rotationForOrientation, orientationSource=ActivityRecord{4961467 u0 com.sec.android.app.launcher/.activities.LauncherActivity} t659}
04-06 02:02:57.938  1321  2921 V WindowManager: Computed rotation=ROTATION_0 (0) for display id=0 based on lastOrientation=SCREEN_ORIENTATION_NOSENSOR (5) and oldRotation=ROTATION_0 (0), caller=com.android.server.wm.DisplayRotation.updateOrientation:414 com.android.server.wm.DisplayContent.updateOrientation:1990 com.android.server.wm.DisplayContent.updateOrientation:1891 com.android.server.wm.RootWindowContainer.ensureVisibilityAndConfig:2139 com.android.server.wm.TaskFragment.resumeTopActivity:1652 com.android.server.wm.TaskFragment.resumeTopActivity:1307 
04-06 02:02:57.938  1321  1774 W System  : A resource failed to call close. 
04-06 02:02:57.938  1321  2921 D TspStateManager: updateCustomValue customSetting=
04-06 02:02:57.938  1321  2921 D TspStateManager: updateCustomValue customSetting=
04-06 02:02:57.939  3132  3132 I ViewRootImpl@9e5719f[LauncherActivity]: stopped(false) old = false
04-06 02:02:57.939  3132  3132 I Launcher: !@Boot_DEBUG: Launcher.onResume()
04-06 02:02:57.939  3132  3132 I Launcher: !@Boot_EBS_D: Launcher.onResume()
04-06 02:02:57.939  1321  2921 W WindowManager: Execute app transition: mNextAppTransitionRequests=[TRANSIT_OPEN, TRANSIT_OPEN, TRANSIT_CLOSE, TRANSIT_OPEN], mNextAppTransitionFlags=, displayId: 0 Callers=com.android.server.wm.RootWindowContainer.executeAppTransitionForAllDisplay:2580 com.android.server.wm.ActivityTaskSupervisor.reportResumedActivityLocked:2287 com.android.server.wm.ActivityRecord.completeResumeLocked:7009 com.android.server.wm.TaskFragment.resumeTopActivity:1743 com.android.server.wm.TaskFragment.resumeTopActivity:1307 
04-06 02:02:57.939  3132  3132 I BaseActivity: addActivityFlags, flags : 18
04-06 02:02:57.939  3132  3132 I BaseActivity: removeActivityFlags, flags : 32
04-06 02:02:57.939  1321  2921 W WindowManager: Execute app transition: mNextAppTransitionRequests=[TRANSIT_OPEN, TRANSIT_OPEN, TRANSIT_CLOSE, TRANSIT_OPEN], mNextAppTransitionFlags=, displayId: 0 Callers=com.android.server.wm.Task.executeAppTransition:7870 com.android.server.wm.TaskFragment.resumeTopActivity:1354 com.android.server.wm.TaskFragment.resumeTopActivity:1307 com.android.server.wm.Task.resumeTopActivityInnerLocked:6451 com.android.server.wm.Task.resumeTopActivityUncheckedLocked:6352 
04-06 02:02:57.940  3132  3132 W PageOverlayMover: updateWallpaperStatus hide on resume
04-06 02:02:57.940  1321  2921 W WindowManager: Execute app transition: mNextAppTransitionRequests=[TRANSIT_OPEN, TRANSIT_OPEN, TRANSIT_CLOSE, TRANSIT_OPEN], mNextAppTransitionFlags=, displayId: 0 Callers=com.android.server.wm.Task.executeAppTransition:7870 com.android.server.wm.TaskFragment.resumeTopActivity:1354 com.android.server.wm.TaskFragment.resumeTopActivity:1307 com.android.server.wm.Task.resumeTopActivityInnerLocked:6451 com.android.server.wm.Task.resumeTopActivityUncheckedLocked:6352 
04-06 02:02:57.940  3132  3132 I DecorView: notifyKeepScreenOnChanged: keepScreenOn=false
04-06 02:02:57.940  3132  3132 I WhiteBgColorNotifier: changeWhiteBgSystemUIColor type = 5 supportWhiteBg : false forced : false mStatusBarColorIsDark false mNavigationBarColorIsDark true
04-06 02:02:57.940  3132  3132 I WhiteBgColorNotifier: changeWhiteBgSystemUIColor type = 4 supportWhiteBg : false forced : false mStatusBarColorIsDark false mNavigationBarColorIsDark true
04-06 02:02:57.940  3132  3132 W PageOverlayMover: updateActivityLifecycleState : 2
04-06 02:02:57.940  3132  3132 I AppsSearchBar: restoreCurrentCellLayoutAlpha: [com.android.homescreen.apptray.AppsViewCellLayout{80e2018 V.ED..... ......ID 2124,88-3128,2153}[a=1.0,v=0,sId=2]]
04-06 02:02:57.940  3132  3132 I Launcher.AppsViewCellLayout: com.android.homescreen.apptray.AppsViewCellLayout{80e2018 V.ED..... ......ID 2124,88-3128,2153}[a=1.0,v=0,sId=2] setAlpha : 1.0
04-06 02:02:57.940  3132  3132 I Launcher.AppsViewCellLayout: com.android.homescreen.apptray.AppsViewCellLayout{80e2018 V.ED..... ......ID 2124,88-3128,2153}[a=1.0,v=0,sId=2] setAlpha : 1.0
04-06 02:02:57.941  3132  3132 W PageOverlayMover: isMoving : true
04-06 02:02:57.941  3132  3573 I SPayUpdater: updateSpayHandler, show = false, defaultPage = false
04-06 02:02:57.941  3132  3132 I DecorView: notifyKeepScreenOnChanged: keepScreenOn=false
04-06 02:02:57.941  1321  2921 D ActivityTaskManager: mStartingWindow and mStartingData is null for token=ActivityRecord{4961467 u0 com.sec.android.app.launcher/.activities.LauncherActivity} t659}
04-06 02:02:57.941  3132  3562 I IMM_LC  : hsifw() - flag : 0
04-06 02:02:57.941  3132  3562 I IMM_LC  : hsifw() - mService.hideSoftInput
04-06 02:02:57.941  6530 21606 I PageOverlayServiceImpl: [FROM HOME] updateActivityLifecycleState : 2
04-06 02:02:57.941  3132  6053 I Launcher: DisplayMetrics from Resources : DisplayMetrics{density=3.0, width=1080, height=2168, scaledDensity=3.0, xdpi=409.432, ydpi=406.4}
04-06 02:02:57.941  3132  6053 I Launcher: realMetrics from Wm : DisplayMetrics{density=3.0, width=1080, height=2400, scaledDensity=3.0, xdpi=409.432, ydpi=406.4}
04-06 02:02:57.942  3132  6053 I Launcher: Launcher DeviceProfile onResume availSize: 1080x2256 windowSize: 1080x2400 isLandscape: false
04-06 02:02:57.942  1321  4311 D InputMethodManagerService: hideSoftInput
04-06 02:02:57.942  3132  3132 I Launcher: setWallpaperOffsets
04-06 02:02:57.943  6530  6530 I PageOverlayCoordinator: onUiResumed swipeIn? : false
04-06 02:02:57.943  6530  6530 I Carnival-MainView(): onUiResumed()
04-06 02:02:57.943  3132  3132 I DecorView: notifyKeepScreenOnChanged: keepScreenOn=false
04-06 02:02:57.943  6530  6530 I MainViewModel: onResume()
04-06 02:02:57.943  1321  2983 V BroadcastQueue: Delayed Parallel Broadcast added to main list BroadcastRecord{d47a63b u0 android.intent.action.PACKAGE_ADDED}
04-06 02:02:57.943  6530  6530 I Carnival-MainModel(): resume() swipeIn:false
04-06 02:02:57.943  1321  2983 V BroadcastQueue: Delayed Parallel Broadcast added to main list BroadcastRecord{74b54a9 u0 com.samsung.android.intent.action.PACKAGE_INSTALL_STARTED}
04-06 02:02:57.943  1321  2983 V BroadcastQueue: Delayed Parallel Broadcast added to main list BroadcastRecord{2a8e563 u-1 android.intent.action.PACKAGE_VERIFIED}
04-06 02:02:57.943  1321  2983 V BroadcastQueue: Delayed Parallel Broadcast added to main list BroadcastRecord{437a23b u0 android.intent.action.PACKAGE_ADDED}
04-06 02:02:57.943  6530  6857 I Carnival-MainView(): skip get config
04-06 02:02:57.943  3132  3132 I MSHandlerLifeCycle: removeMultiSplitHandler: no exist. decor=DecorView@a65dd18[LauncherActivity]
04-06 02:02:57.943  1321  4311 W InputMethodManagerService: Ignoring hideSoftInput of uid 10127: com.android.internal.view.IInputMethodClient$Stub$Proxy@cef84a0
04-06 02:02:57.943  3132  3132 I BaseActivity: addActivityFlags, flags : 4
04-06 02:02:57.943  3132  3132 I Launcher: onDeferredResumed
04-06 02:02:57.944  1321  1844 V BroadcastQueue: Delayed Ordered Broadcast added to main list BroadcastRecord{8c9f158 u0 android.intent.action.PACKAGE_ADDED}
04-06 02:02:57.944  1321  1844 V BroadcastQueue: Delayed Ordered Broadcast added to main list BroadcastRecord{298cb04 u0 com.samsung.android.sm.devicesecurity.PACKAGE_ADDED}
04-06 02:02:57.944  1321  1844 V BroadcastQueue: Delayed Ordered Broadcast added to main list BroadcastRecord{f2fc322 u0 android.intent.action.PACKAGE_ADDED}
04-06 02:02:57.944  1321  1844 V BroadcastQueue: Delayed Ordered Broadcast added to main list BroadcastRecord{7f81f5c u0 com.samsung.android.intent.action.PACKAGE_INSTALL_STARTED}
04-06 02:02:57.944  1321  1844 V BroadcastQueue: Delayed Ordered Broadcast added to main list BroadcastRecord{3c03d58 u0 android.intent.action.PACKAGE_ADDED}
04-06 02:02:57.944  3132  3132 I InstallShortcutReceiver: flushInstallQueue 0
04-06 02:02:57.944  1321  1844 V BroadcastQueue: Delayed Ordered Broadcast added to main list BroadcastRecord{44c2f96 u0 com.samsung.android.sm.devicesecurity.PACKAGE_ADDED}
04-06 02:02:57.944  1321  1844 V BroadcastQueue: Delayed Ordered Broadcast added to main list BroadcastRecord{ef42717 u0 android.intent.action.PACKAGE_ADDED}
04-06 02:02:57.944  3132  3132 I Launcher.NotificationListener: onNotificationFullRefresh
04-06 02:02:57.944  3132  3132 I BadgeCountUpdaterImpl: onNotificationsChangedConnected
04-06 02:02:57.944  2682  2682 I ViewRootImpl@8585d5d[Toast]: performTraversals params={(0,192)(wrapxwrap) gr=BOTTOM CENTER sim={adjust=pan} ty=TOAST fmt=TRANSLUCENT wanim=0x1030004
04-06 02:02:57.944  2682  2682 I ViewRootImpl@8585d5d[Toast]:   fl=1000098
04-06 02:02:57.944  2682  2682 I ViewRootImpl@8585d5d[Toast]:   pfl=22000010
04-06 02:02:57.944  2682  2682 I ViewRootImpl@8585d5d[Toast]:   bhv=DEFAULT
04-06 02:02:57.944  2682  2682 I ViewRootImpl@8585d5d[Toast]:   fitTypes=STATUS_BARS NAVIGATION_BARS CAPTION_BAR
04-06 02:02:57.944  2682  2682 I ViewRootImpl@8585d5d[Toast]:   fitIgnoreVis naviIconColor=0}
04-06 02:02:57.945  1321  2156 D OverlayManager: reconcileSettingsForPackage pkgName=com.evolucao.app userId=0
04-06 02:02:57.945  1321  2156 I OverlayManager: updateOverlaysForTarget() called with: targetPackage = [com.evolucao.app], userId = [0], flags = [0], skipUpdateState = [false]
04-06 02:02:57.945  1321  2156 D OverlayManager: Writing overlay settings
04-06 02:02:57.945  2682  2682 I ViewRootImpl@8585d5d[Toast]: performTraversals mFirst=true windowShouldResize=false viewVisibilityChanged=false mForceNextWindowRelayout=false params={(0,192)(wrapxwrap) gr=BOTTOM CENTER sim={adjust=pan} ty=TOAST fmt=TRANSLUCENT wanim=0x1030004
04-06 02:02:57.945  2682  2682 I ViewRootImpl@8585d5d[Toast]:   fl=1000098
04-06 02:02:57.945  2682  2682 I ViewRootImpl@8585d5d[Toast]:   pfl=22000010
04-06 02:02:57.945  2682  2682 I ViewRootImpl@8585d5d[Toast]:   bhv=DEFAULT
04-06 02:02:57.945  2682  2682 I ViewRootImpl@8585d5d[Toast]:   fitTypes=STATUS_BARS NAVIGATION_BARS CAPTION_BAR
04-06 02:02:57.945  2682  2682 I ViewRootImpl@8585d5d[Toast]:   fitIgnoreVis naviIconColor=0}
04-06 02:02:57.945  1321  6793 D CoreBackPreview: Window{68daa46 u0 Toast}: Setting back callback OnBackInvokedCallbackInfo{mCallback=android.window.IOnBackInvokedCallback$Stub$Proxy@246859, mPriority=0}
04-06 02:02:57.945  3132  3132 W LauncherAppWidgetHost: setShouldListenFlag, mFlags:7 flag:resume on:true isFront:false
04-06 02:02:57.945  3132  3132 I Launcher.AppsViewCellLayout: com.android.homescreen.apptray.AppsViewCellLayout{80e2018 V.ED..... ......ID 2124,88-3128,2153}[a=1.0,v=0,sId=2] setAlpha : 1.0
04-06 02:02:57.946  1321  3118 D InputDispatcher: Focus entered window (0): dd68b42 com.samsung.android.app.spage
04-06 02:02:57.946  1321  2264 D CompatibilityChangeReporter: Compat change id reported: 218533173; UID 10353; state: ENABLED
04-06 02:02:57.946  1321  1811 D SGM:FgCheckThread: noteResumeComponent(), received pkgName: com.sec.android.app.launcher, userId: 0
04-06 02:02:57.946  1321  2368 D SGM:FgCheckThread: onLooperPrepared(), msg: MSG_APP_RESUME, pkgName: com.sec.android.app.launcher, userid: 0
04-06 02:02:57.946  1321  2368 D SGM:FgCheckThread: handleResume().
04-06 02:02:57.946  1321  2368 D SGM:FgCheckThread: sendFocusOutConditionally() - mPrevNotiPkg: (unknown), userId: 0
04-06 02:02:57.946  1321  2368 D SGM:FgCheckThread:   handleResume(). pkgName: com.sec.android.app.launcher, userId: 0, isTunableApp: null
04-06 02:02:57.946  1321  2368 D SGM:FgCheckThread: notifyFocusInOut(). of pkg: com.sec.android.app.launcher, type: 4, isTunableApp: false, userId: 0
04-06 02:02:57.946  1321  2368 D SGM:FgCheckThread:   notifyFocusInOut(). unexpected mPrevNotiType: -1
04-06 02:02:57.946  1321  2368 D SGM:SystemHelper: callReleaseBlock needReleaseBlock:false
04-06 02:02:57.946  3132  3132 I ViewRootImpl@9e5719f[LauncherActivity]: performTraversals params={(0,0)(fillxfill) sim={adjust=nothing forwardNavigation} layoutInDisplayCutoutMode=shortEdges ty=BASE_APPLICATION fmt=TRANSPARENT wanim=0x10302f4
04-06 02:02:57.946  3132  3132 I ViewRootImpl@9e5719f[LauncherActivity]:   fl=81810100
04-06 02:02:57.946  3132  3132 I ViewRootImpl@9e5719f[LauncherActivity]:   pfl=1e020040
04-06 02:02:57.946  3132  3132 I ViewRootImpl@9e5719f[LauncherActivity]:   vsysui=1700
04-06 02:02:57.946  3132  3132 I ViewRootImpl@9e5719f[LauncherActivity]:   bhv=SHOW_TRANSIENT_BARS_BY_SWIPE
04-06 02:02:57.946  3132  3132 I ViewRootImpl@9e5719f[LauncherActivity]:   fitSides= screenDimDuration=200000 naviIconColor=0}
04-06 02:02:57.946  3132  3132 I ViewRootImpl@9e5719f[LauncherActivity]: performTraversals mFirst=false windowShouldResize=false viewVisibilityChanged=false mForceNextWindowRelayout=false params={(0,0)(fillxfill) sim={adjust=nothing forwardNavigation} layoutInDisplayCutoutMode=shortEdges ty=BASE_APPLICATION fmt=TRANSPARENT wanim=0x10302f4
04-06 02:02:57.946  3132  3132 I ViewRootImpl@9e5719f[LauncherActivity]:   fl=81810100
04-06 02:02:57.946  3132  3132 I ViewRootImpl@9e5719f[LauncherActivity]:   pfl=1e020040
04-06 02:02:57.946  3132  3132 I ViewRootImpl@9e5719f[LauncherActivity]:   vsysui=1700
04-06 02:02:57.946  3132  3132 I ViewRootImpl@9e5719f[LauncherActivity]:   bhv=SHOW_TRANSIENT_BARS_BY_SWIPE
04-06 02:02:57.946  3132  3132 I ViewRootImpl@9e5719f[LauncherActivity]:   fitSides= screenDimDuration=200000 naviIconColor=0}
04-06 02:02:57.946  1321  4264 D AutoRotationHandler: inject auto rotation priority = 0.0
04-06 02:02:57.947  1321  3118 V WindowManager: Relayout Window{7ae1b77 u0 com.sec.android.app.launcher/com.sec.android.app.launcher.activities.LauncherActivity}: viewVisibility=0 req=1080x2400 d0
04-06 02:02:57.947  1096  1096 I sensors-hal: inject_sensor_data:316, auto_rotation ar_mode:0
04-06 02:02:57.948  1096  1096 I sensors-hal: write_auto_rotation_mode:303, write_auto_rotation_mode ar_mode:0
04-06 02:02:57.948  1104  6514 I HYPER-HAL: [ResourceManager.cpp]removeResource(): [CPUMinFreq] RemoveResource Request ID : 907904
04-06 02:02:57.948  1104  6514 I HYPER-HAL: [RequestManager.cpp]releaseLocked(): Released ID : 907904
04-06 02:02:57.948  1186  1186 I SSC_DAEMON: physical_sensor_test_req_msg Sensor type :14, Msg type:15
04-06 02:02:57.948  1186  1186 I SSC_DAEMON: 0.algo_id:3, num:1
04-06 02:02:57.948  1321  2299 D SEP_UNION_SemDeviceInfoManagerService: onReceive : android.intent.action.PACKAGE_ADDED, userId = 0 
04-06 02:02:57.949  1321  2299 D ActivityTaskManager: SafeActivityOptions created, mOriginalCallingPid=1321, mOriginalCallingUid=1000, options=null, caller=com.android.server.am.PendingIntentRecord.sendInner:500 com.android.server.am.ActivityManagerService.sendIntentSender:6624 com.android.server.am.ActivityManagerService.sendIntentSender:6613 android.app.PendingIntent.sendAndReturnResult:1029 android.app.PendingIntent.send:1000 android.app.PendingIntent.send:908 com.android.server.sepunion.SemDeviceInfoManagerService.sendIntentAction:197 
04-06 02:02:57.949  1321  3118 V WindowManager: Relayout hash=7ae1b77, pid=3132, syncId=-1: mAttrs={(0,0)(fillxfill) sim={adjust=nothing forwardNavigation} layoutInDisplayCutoutMode=shortEdges ty=BASE_APPLICATION fmt=TRANSPARENT wanim=0x10302f4
04-06 02:02:57.949  1321  3118 V WindowManager:   fl=81810100
04-06 02:02:57.949  1321  3118 V WindowManager:   pfl=1e020040
04-06 02:02:57.949  1321  3118 V WindowManager:   vsysui=1700
04-06 02:02:57.949  1321  3118 V WindowManager:   bhv=SHOW_TRANSIENT_BARS_BY_SWIPE
04-06 02:02:57.949  1321  3118 V WindowManager:   fitSides= screenDimDuration=200000 naviIconColor=0}
04-06 02:02:57.949  2885  2885 V AvrcpMediaPlayerList: mPackageChangedBroadcastReceiver: action: android.intent.action.PACKAGE_ADDED
04-06 02:02:57.949  1321  1811 D SGM:GameManager: identifyGamePackage. com.sec.android.app.launcher, mCurrentUserId: 0, callerUserId: 0, callingMethodInfo: com.samsung.android.game.SemGameManager.isGamePackage(SemGameManager.java:104)
04-06 02:02:57.949  1321  3011 V WindowManager: Relayout Window{68daa46 u0 Toast}: viewVisibility=0 req=960x176 d0
04-06 02:02:57.949  4256  4335 I PackageInfoManager_FLP: action : ACTION_PACKAGE_ADDED, packageName = com.evolucao.app
04-06 02:02:57.949  1321  1811 D SGM:PkgDataHelper: getGamePkgData(). com.sec.android.app.launcher
04-06 02:02:57.949  1321  1811 D SGM:SemGameManager: isGamePackage(), pkgName=com.sec.android.app.launcher, ret=false
04-06 02:02:57.949  3132  3132 I ViewRootImpl@9e5719f[LauncherActivity]: updateBlastSurfaceIfNeeded mBlastBufferQueue=0xb4000070acb8c480 isSameSurfaceControl=true
04-06 02:02:57.949  3132  3132 I BLASTBufferQueue: update, w= 1080 h= 2400 mName = ViewRootImpl@9e5719f[LauncherActivity] mNativeObject= 0xb4000070acb8c480 sc.mNativeObject= 0xb4000070ac577160 format= -2 caller= android.view.ViewRootImpl.updateBlastSurfaceIfNeeded:2898 android.view.ViewRootImpl.relayoutWindow:9847 android.view.ViewRootImpl.performTraversals:3884 android.view.ViewRootImpl.doTraversal:3116 android.view.ViewRootImpl$TraversalRunnable.run:10885 android.view.Choreographer$CallbackRecord.run:1301 
04-06 02:02:57.949  3132  3132 I ViewRootImpl@9e5719f[LauncherActivity]: Relayout returned: old=(0,0,1080,2400) new=(0,0,1080,2400) req=(1080,2400)0 dur=3 res=0x0 s={true 0xb4000070acdb4800} ch=false seqId=0
04-06 02:02:57.950  1321  2560 I SdkSandboxManager: No SDKs used. Skipping SDK data reconcilation for CallingInfo{mUid=10353, mPackageName='com.evolucao.app'}
04-06 02:02:57.950  1321  3011 D RestrictionPolicy: isScreenCaptureEnabled : ret=true userId=0
04-06 02:02:57.950  1205  2792 I SurfaceFlinger: id=33274 createSurf, flag=40004, Toast$_2682#33274
04-06 02:02:57.950  1321  3011 D WindowManager: makeSurface duration=0 name=Toast$_2682
04-06 02:02:57.950  3132  3132 I CapturePreview: sendMessageForCapture
04-06 02:02:57.950  3132  3132 W Launcher: onEnterAnimationComplete
04-06 02:02:57.950  1321  4264 I MediaSessionMonitor: Media session stopped : diffrent pkg
04-06 02:02:57.951  1321  3011 V WindowManager: Setting visibility of Window{b331d17 u0 com.android.systemui.ImageWallpaper}: false, caller=com.android.server.wm.WindowContainer.sendAppVisibilityToClients:1246 com.android.server.wm.WindowToken.setClientVisible:431 com.android.server.wm.WallpaperWindowToken.setVisible:160 com.android.server.wm.WallpaperWindowToken.commitVisibility:202 com.android.server.wm.WallpaperWindowToken.setVisibility:187 
04-06 02:02:57.951  6530  6857 I Carnival-SimpleOkHttp(): Request[method:GET, host:api., path:pro/cou/BR, q:ser=sfr, p:http/1.1(null)]
04-06 02:02:57.951  1186  2088 I SSC_DAEMON: AR od: 8, 0, 0
04-06 02:02:57.951  1321  3011 D WindowManager: updateResizingWindowIfNeeded, Start waiting to handle resizing w=Window{68daa46 u0 Toast}
04-06 02:02:57.952  6530  6530 I ViewRootImpl@fb54075[]: MSG_WINDOW_FOCUS_CHANGED 1 1
04-06 02:02:57.952  6530  6530 I ViewRootImpl@fb54075[]: mThreadedRenderer.initializeIfNeeded()#2 mSurface={isValid=true 0xb400007026830800}
04-06 02:02:57.952  6530  6530 I InputMethodManager: startInputInner - mService.startInputOrWindowGainedFocus
04-06 02:02:57.952  1321  3011 D WindowManager: applyWithNextDraw, mSyncSeqId=1, mType=2, win=Window{68daa46 u0 Toast}, caller=com.android.server.wm.WindowState.updateResizingWindowIfNeeded:1917 com.android.server.wm.DisplayContent.lambda$new$8:1228 com.android.server.wm.DisplayContent.$r8$lambda$OtLCIQFjCt9o-SYztyeDUcWUwGs:0 com.android.server.wm.DisplayContent$$ExternalSyntheticLambda15.accept:4 com.android.server.wm.WindowContainer$ForAllWindowsConsumerWrapper.apply:2707 com.android.server.wm.WindowContainer$ForAllWindowsConsumerWrapper.apply:2697 
04-06 02:02:57.953  2682  2779 D WallpaperService: dispatchAppVisibility onVisibilityChanged(): false
04-06 02:02:57.954  3132  3566 I WidgetsModel: EasyModeWidget will be excluded on WidgetList.
04-06 02:02:57.955  1321  3011 V WindowManager: Relayout hash=68daa46, pid=2682, syncId=1: mAttrs={(0,192)(wrapxwrap) gr=BOTTOM CENTER sim={adjust=pan} ty=TOAST fmt=TRANSLUCENT wanim=0x1030004
04-06 02:02:57.955  1321  3011 V WindowManager:   fl=1000098
04-06 02:02:57.955  1321  3011 V WindowManager:   pfl=22000010
04-06 02:02:57.955  1321  3011 V WindowManager:   bhv=DEFAULT
04-06 02:02:57.955  1321  3011 V WindowManager:   fitTypes=STATUS_BARS NAVIGATION_BARS CAPTION_BAR
04-06 02:02:57.955  1321  3011 V WindowManager:   fitIgnoreVis naviIconColor=0}
04-06 02:02:57.955  2639  2639 D CarrierSvcBindHelper: onPackageAdded: com.evolucao.app
04-06 02:02:57.956  2639  2639 D CarrierSvcBindHelper: No carrier app for: 0
04-06 02:02:57.956  2639  2639 D CarrierSvcBindHelper: No carrier app for: 1
04-06 02:02:57.956  2639  2639 I VvmPkgInstalledRcvr: onReceive(): android.intent.action.PACKAGE_ADDED
04-06 02:02:57.956  2682  2682 I ViewRootImpl@8585d5d[Toast]: updateBlastSurfaceIfNeeded mBlastBufferQueue=null isSameSurfaceControl=false
04-06 02:02:57.956  2682  2682 I BLASTBufferQueue: new BLASTBufferQueue, mName= ViewRootImpl@8585d5d[Toast] mNativeObject= 0xb40000701eca1f80 sc.mNativeObject= 0xb40000701eb28480 caller= android.view.ViewRootImpl.updateBlastSurfaceIfNeeded:2909 android.view.ViewRootImpl.relayoutWindow:9847 android.view.ViewRootImpl.performTraversals:3884 android.view.ViewRootImpl.doTraversal:3116 android.view.ViewRootImpl$TraversalRunnable.run:10885 android.view.Choreographer$CallbackRecord.run:1301 android.view.Choreographer$CallbackRecord.run:1309 android.view.Choreographer.doCallbacks:923 android.view.Choreographer.doFrame:852 android.view.Choreographer$FrameDisplayEventReceiver.run:1283 
04-06 02:02:57.956  2682  2682 I BLASTBufferQueue: update, w= 960 h= 176 mName = ViewRootImpl@8585d5d[Toast] mNativeObject= 0xb40000701eca1f80 sc.mNativeObject= 0xb40000701eb28480 format= -3 caller= android.graphics.BLASTBufferQueue.<init>:84 android.view.ViewRootImpl.updateBlastSurfaceIfNeeded:2909 android.view.ViewRootImpl.relayoutWindow:9847 android.view.ViewRootImpl.performTraversals:3884 android.view.ViewRootImpl.doTraversal:3116 android.view.ViewRootImpl$TraversalRunnable.run:10885 
04-06 02:02:57.956  2682  2682 I ViewRootImpl@8585d5d[Toast]: Relayout returned: old=(0,88,1080,2256) new=(60,1888,1020,2064) req=(960,176)0 dur=11 res=0x3 s={true 0xb400007009595000} ch=true seqId=1
04-06 02:02:57.956  2682  2682 I ViewRootImpl@8585d5d[Toast]: Relayout called with blastSync mSyncSeqId=1
04-06 02:02:57.957  2682  2682 I ViewRootImpl@8585d5d[Toast]: reportNextDraw android.view.ViewRootImpl.performTraversals:3900 android.view.ViewRootImpl.doTraversal:3116 android.view.ViewRootImpl$TraversalRunnable.run:10885 android.view.Choreographer$CallbackRecord.run:1301 android.view.Choreographer$CallbackRecord.run:1309 
04-06 02:02:57.957  1321  3011 I Telecom:SamsungTelecomServiceImpl: getSystemDialerPackage - callingPid : 2639 / processName : sts
04-06 02:02:57.957  3132  3566 I PostPositionOperator: addItem() - com.microsoft.skydrive, isWidgetOnly : true
04-06 02:02:57.957  2682  2682 I ViewRootImpl@8585d5d[Toast]: mThreadedRenderer.initialize() mSurface={isValid=true 0xb400007009595000} hwInitialized=true
04-06 02:02:57.957  2682  2793 D OpenGLRenderer: eglCreateWindowSurface
04-06 02:02:57.957  3132  3566 W PackageUpdatedTask: refreshSearchLayout return, operation is not matched
