04-06 02:02:58.195  1321  2352 I InputDispatcher: Delivering touch to (2682): action: 0x4, f=0x0, d=0, '6d45259', t=0 
04-06 02:02:58.195  1321  2352 I InputDispatcher: Delivering touch to (2682): action: 0x0, f=0x0, d=0, '330a1a ', t=0 
04-06 02:02:58.196  1321  2352 D PowerManagerService: [api] userActivityFromNative :  (event: 2 flags: 0 displayId: 0) eventTime = 123689498
04-06 02:02:58.196  1321  6295 D InputDispatcher: Inject motion (7422/2000): action=0x105, time=123689505000000, f=0x0, d=0 dsdx=1.000000 dtdx=0.000000
04-06 02:02:58.197  2682  2682 I ViewRootImpl@82de0ec[StatusBar]: ViewPostIme pointer 0
04-06 02:02:58.197  2682  2682 D SecPanelLogger: PanelView.dispatchTouchEvent() MotionEvent { action=ACTION_DOWN, actionButton=0, id[0]=0, x[0]=1079.0, y[0]=23.0, toolType[0]=TOOL_TYPE_UNKNOWN, buttonState=0, classification=NONE, metaState=0, flags=0x0, edgeFlags=0x0, pointerCount=1, historySize=0, eventTime=123689498, downTime=123689498, deviceId=-1, source=0x1002, displayId=0, eventId=-512173452 } |  StatusBarState:SHADE
04-06 02:02:58.198  1321  2352 I InputDispatcher: Delivering touch to (2682): action: 0x105, f=0x0, d=0, '330a1a ', t=0 
04-06 02:02:58.198  2682  2682 D SecPanelLogger: NPVC InterceptTouch(ACTION_DOWN) (mQsExpansionEnabledPolicy:true && mQsExpansionEnabledAmbient:true && !isRemoteInputActive:true && !isDexStandAloneMode():true) |  StatusBarState:SHADE
04-06 02:02:58.198  1321  2898 D InputDispatcher: Inject motion (7422/2000): action=0x106, time=123689507000000, f=0x0, d=0 dsdx=1.000000 dtdx=0.000000
04-06 02:02:58.198  1321  2352 I InputDispatcher: Delivering touch to (2682): action: 0x106, f=0x0, d=0, '330a1a ', t=0 
04-06 02:02:58.198  2682  2682 D KeyguardTouchAnimator: intercepted: action=0 mQsExpanded=false, mQsFullyExpanded=false
04-06 02:02:58.198  2682  2682 D SecPanelLogger:  PVC InterceptTouch(ACTION_DOWN)  |  StatusBarState:SHADE
04-06 02:02:58.198  7422  7422 I Monkey  : :Sending Touch (ACTION_UP): 0:(1080.0,54.50451)
04-06 02:02:58.199  2682  2682 D SecPanelLogger: NotificationsQuickSettingsContainer InterceptTouch(ACTION_DOWN)  |  StatusBarState:SHADE
04-06 02:02:58.199  1321  2898 D InputDispatcher: Inject motion (7422/2000): action=0x1, time=123689507000000, f=0x0, d=0 dsdx=1.000000 dtdx=0.000000
04-06 02:02:58.199  7499  7499 I nder:appservice: Using CollectorTypeCC GC.
04-06 02:02:58.199  2682  2682 D SecPanelLogger: StackScrollerController InterceptTouch(ACTION_DOWN)  |  StatusBarState:SHADE
04-06 02:02:58.199  2682  2682 I GestureDetector: obtain mCurrentMotionEventRaw. action: 0 id: -512173452
04-06 02:02:58.199  1321  1809 I GestureDetector: obtain mCurrentDownEvent. id: -512173452 caller: com.android.server.wm.SystemGesturesPointerEventListener.onPointerEvent:203 com.android.server.wm.PointerEventDispatcher.onInputEvent:53 android.view.InputEventReceiver.dispatchInputEvent:285 
04-06 02:02:58.199  1321  1809 I GestureDetector: obtain mCurrentDownEvent. id: -512173452 caller: com.android.server.wm.SystemPerformancePointerEventListener.onPointerEvent:89 com.android.server.wm.PointerEventDispatcher.onInputEvent:53 android.view.InputEventReceiver.dispatchInputEvent:285 
04-06 02:02:58.199  1321  1809 I GestureDetector: obtain mCurrentMotionEventRaw. action: 261 id: -478298607
04-06 02:02:58.199  1321  1809 I GestureDetector: obtain mCurrentMotionEventRaw. action: 261 id: -478298607
04-06 02:02:58.200  2682  2682 I GestureDetector: obtain mCurrentDownEvent. id: -512173452 caller: android.view.ScaleGestureDetector.onTouchEvent:275 com.android.systemui.ExpandHelper.onInterceptTouchEvent:302 com.android.systemui.statusbar.notification.stack.NotificationStackScrollLayoutController$TouchHandler.onInterceptTouchEvent:2011 
04-06 02:02:58.200  1321  2352 I InputDispatcher: Delivering touch to (2682): action: 0x1, f=0x0, d=0, '330a1a ', t=0 
04-06 02:02:58.200  7976  7976 I Utils   : isCurrentUser current = 0, ownerId = 0
04-06 02:02:58.200  2682  2682 D SecPanelLogger: StackScrollerController onTouch(ACTION_DOWN)  |  StatusBarState:SHADE
04-06 02:02:58.200  2682  2682 D SecPanelLogger: QSContainerImpl InterceptTouch(ACTION_DOWN)  |  StatusBarState:SHADE
04-06 02:02:58.200  7976  7976 I TrayVisibilityController: getComputedTrayVisible : keyguardState = 1
04-06 02:02:58.200  7976  7976 I TrayVisibilityController: updateTrayVisible: State=1 visible=1 mCurrentVisible=1 specificMode=0
04-06 02:02:58.200  7976  7976 I TrayStateController: onNotifyUpdateTray: state=0
04-06 02:02:58.200  2682  2682 D SecPanelLogger: SecQuickStatusBarHeaderView InterceptTouch(ACTION_DOWN) mExpanded:false, needToInterceptTouchEvent:false, BeAbleToListen:false, if(!BeAbleToListen || needToInterceptTouchEvent) return true; |  StatusBarState:SHADE
04-06 02:02:58.200  2682  2682 D SecPanelLogger: SecQuickStatusBarHeaderView onTouch(ACTION_DOWN) mExpanded:false, (if needToConsumeTouchEvent true, return true) needToConsumeTouchEvent:false |  StatusBarState:SHADE
04-06 02:02:58.200  2682  2682 D SecPanelLogger: QSContainerImpl onTouch(ACTION_DOWN)  |  StatusBarState:SHADE
04-06 02:02:58.200  2682  2682 D SecPanelLogger: NotificationsQuickSettingsContainer onTouch(ACTION_DOWN)  |  StatusBarState:SHADE
04-06 02:02:58.200  2682  2682 D SecPanelLogger: NPVC onTouch(ACTION_DOWN)  |  StatusBarState:SHADE
04-06 02:02:58.200  3904  5203 I Routine@Core[4.2.00.52]: SupportStateUpdater: update
04-06 02:02:58.201  3904  5203 I Routine@Core[4.2.00.52]: ConflictItemConverter: convertConflictActions - 0
04-06 02:02:58.201  3904  5203 I Routine@Core[4.2.00.52]: Pref: putSharedPrefsData() key=meta_loading_target_package_name
04-06 02:02:58.201  2682  2682 D SecPanelLogger:  PVC onTouch(ACTION_DOWN)  |  StatusBarState:SHADE
04-06 02:02:58.201  2682  2682 D PanelView: ACTION_DOWN, isFullyCollapsed:true, hasPinnedHeadsUp:false, isBouncerShowing:false, mGestureWaitForTouchSlop:true, mIgnoreXTouchSlop:true
04-06 02:02:58.202  1321  1321 D SGM:GameManager: identifyGamePackage. com.sec.android.app.launcher, mCurrentUserId: 0, callerUserId: 0, callingMethodInfo: com.android.server.ssrm.fgapps.GameAppUtils.isGame(GameAppUtils.java:84)
04-06 02:02:58.202  1321  1321 D SGM:PkgDataHelper: getGamePkgData(). com.sec.android.app.launcher
04-06 02:02:58.202  1321  1321 I SemDvfsHyPerManager: acquire hyper - GESTURE_DETECTED/1321@26, type = -999
04-06 02:02:58.202  1321  1321 I SemDvfsHyPerManager: acquire hyper - SMOOTH_SCROLL/1321@21, type = -999
04-06 02:02:58.202  1104  1166 I HYPER-HAL: [RequestManager.cpp]acquire(): Acquired ID : 907904  [1321 / 26]    HINT : GESTURE_DETECTED    list : [TIMEOUT / 841] 
04-06 02:02:58.202  2682  2682 D SecPanelLogger: NPVC FINAL (!mDozing:true || mPulsing:false || handled:true) = return:true onTouch(ACTION_DOWN)  |  StatusBarState:SHADE
04-06 02:02:58.202  1321  1321 D SGM:GameManager: identifyGamePackage. com.sec.android.app.launcher, mCurrentUserId: 0, callerUserId: 0, callingMethodInfo: com.android.server.ssrm.fgapps.GameAppUtils.isGame(GameAppUtils.java:84)
04-06 02:02:58.202  1321  1321 D SGM:PkgDataHelper: getGamePkgData(). com.sec.android.app.launcher
04-06 02:02:58.202  1321  1321 I SemDvfsHyPerManager: acquire hyper - GESTURE_DETECTED/1321@26, type = -999
04-06 02:02:58.202  2682  2682 D SecPanelLogger: PanelView.dispatchTouchEvent() MotionEvent { action=ACTION_POINTER_DOWN(1), actionButton=0, id[0]=0, x[0]=1079.098, y[0]=31.286537, toolType[0]=TOOL_TYPE_UNKNOWN, id[1]=1, x[1]=176.0, y[1]=1623.0, toolType[1]=TOOL_TYPE_UNKNOWN, buttonState=0, classification=NONE, metaState=0, flags=0x0, edgeFlags=0x0, pointerCount=2, historySize=0, eventTime=123689505, downTime=123689498, deviceId=-1, source=0x1002, displayId=0, eventId=-478298607 } |  StatusBarState:SHADE
04-06 02:02:58.203  2682  2682 D SecPanelLogger: NPVC onTouch(ACTION_POINTER_DOWN(1))  |  StatusBarState:SHADE
04-06 02:02:58.203  2682  2682 D SecPanelLogger:  PVC onTouch(ACTION_POINTER_DOWN(1))  |  StatusBarState:SHADE
04-06 02:02:58.203  2682  2682 D SecPanelPolicy: forceCollapsed by ACTION_POINTER_DOWN
04-06 02:02:58.203  1321  6287 W BroadcastQueue: Background execution not allowed: receiving Intent { act=android.intent.action.PACKAGE_ADDED dat=package: flg=0x4000010 (has extras) } to com.google.android.packageinstaller/com.android.packageinstaller.PackageInstalledReceiver
04-06 02:02:58.204  2682  2682 D PanelView: SecPanelLogger PVC.flingToHeight(vel:0.0, expand:false, target:0.0, collapseSpeedUpFactor:1.0, expandBecauseOfFalsing:false), mExpandedHeight:0.0, mOverExpansion:0.0, mIsFlinging:false
04-06 02:02:58.204  3904  5203 I Routine@Core[4.2.00.52]: MetadataLoadManager: collect: com.evolucao.app.test
04-06 02:02:58.204  3904  5203 I Routine@Core[4.2.00.52]: MetadataLoadManager: collectWithCollectors - com.evolucao.app.test
04-06 02:02:58.204  2682  2682 V SecQSFragmentAnimatorBase: onPanelClosed
04-06 02:02:58.204  2682  2682 V QsExpandAnimator: onPanelClosed 
04-06 02:02:58.204  2682  2682 V QsExpandAnimator: setQsExpansionPosition 0.0
04-06 02:02:58.205  3904  3904 I Routine@Core[4.2.00.52]: MetadataLoaderJobService: onStopJob: collectPackageInBG - com.evolucao.app
04-06 02:02:58.205  3904  3904 I Routine@Core[4.2.00.52]: RoutineHistoryDumpImpl: [SERVICE_STATUS] [METADATA] onStopJob
04-06 02:02:58.206  1321  1844 W BroadcastQueue: Background execution not allowed: receiving Intent { act=android.intent.action.PACKAGE_ADDED dat=package: flg=0x4000010 (has extras) } to com.android.vending/com.google.android.finsky.packagemonitor.impl.PackageMonitorReceiverImpl$RegisteredReceiver
04-06 02:02:58.206  1321  1844 W BroadcastQueue: Background execution not allowed: receiving Intent { act=android.intent.action.PACKAGE_ADDED dat=package: flg=0x4000010 (has extras) } to com.android.vending/com.google.android.finsky.packagemonitor.backgroundimpl.BackgroundPackageMonitorReceiverImpl$RegisteredReceiver
04-06 02:02:58.206  1321  1844 W BroadcastQueue: Background execution not allowed: receiving Intent { act=android.intent.action.PACKAGE_ADDED dat=package: flg=0x4000010 (has extras) } to com.google.android.gms/.gass.chimera.PackageChangeBroadcastReceiver
04-06 02:02:58.206  1321  1844 W BroadcastQueue: Background execution not allowed: receiving Intent { act=android.intent.action.PACKAGE_ADDED dat=package: flg=0x4000010 (has extras) } to com.google.android.gms/.chimera.GmsIntentOperationService$PersistentTrustedReceiver
04-06 02:02:58.206  1321  1844 W BroadcastQueue: Background execution not allowed: receiving Intent { act=android.intent.action.PACKAGE_ADDED dat=package: flg=0x4000010 (has extras) } to com.sec.android.app.samsungapps/.receiver.PackageAddedReceiver
04-06 02:02:58.206  2682  2682 V SecQsTransitionAnimator: clearDetailView
04-06 02:02:58.206  2682  2682 V SecQsTransitionAnimator: clearCustomizerView
04-06 02:02:58.207  2682  2682 V SecQSCustomizer: hideCustomizerAnimEnd
04-06 02:02:58.208  2682  2682 D SecQSCustomizer: CollapseAnimation mIsClosing =false isShown =false
04-06 02:02:58.208  2682  2682 V SecQsTransitionAnimator: restorePanelView
04-06 02:02:58.208  3132  3566 I AppIconSolution: getThemeIconWithBG called with public API, pkg = com.evolucao.app, mode = 48
04-06 02:02:58.208  5505 20501 W MediaProvider: isAppCloneUserPair for user 0: false
04-06 02:02:58.209  3132  3566 I AppIconSolution: start to load, pkg=com.evolucao.app, bg=192-192, dr=192-192, forDefault=true, density=640
04-06 02:02:58.210  3132  3566 I AppIconSolution: getIconScale, pkg=com.evolucao.app, size=192, iconScale=IconScale[alpha=19, scale=1.0, isCrop=true]
04-06 02:02:58.211  3132  3566 I AppIconSolution: default container[CROP], pkg=com.evolucao.app, bg=154-154, dr=192-192, isNight = true
04-06 02:02:58.212  3132  3566 I LauncherActivityInfo: packageName: com.evolucao.app, useThemeIcon: false, height: 154, width: 154, density: 640
04-06 02:02:58.214  6530  6857 I Carnival-SimpleOkHttp(): Response[code:400, path:pro/cou/BR, q:ser=sfr, body:{"rsp":{"stat":"fail","error":{"code":"4001","mess,  network:true, cache:false, takes 263 ms]
04-06 02:02:58.216  1104  1166 I HYPER-HAL: [ResourceManager.cpp]updateResource(): [CPUMinFreq] UpdateResource Request ID : 907904    Value : 1075200
04-06 02:02:58.216  1104  1166 I HYPER-HAL: [RequestManager.cpp]acquire(): Acquired ID : 901174  [1321 / 21]    HINT : SMOOTH_SCROLL    list : 
04-06 02:02:58.216  6530  6857 E Carnival-TvPlusApiCallExt(): tvPlusApiExecuteOrNull. e:retrofit2.j: HTTP 400 
04-06 02:02:58.216  6530  6857 I Carnival-ProvisioningManagerImpl(): getServiceDomain. body exist: false
04-06 02:02:58.216  1104  1166 I HYPER-HAL: [ResourceManager.cpp]updateResource(): [CPUMinFreq] UpdateResource Request ID : 901174    Value : 1190400
04-06 02:02:58.216  6530  6857 I Carnival-ContextExt(): startMainActivity
04-06 02:02:58.216  1104  1166 I HYPER-HAL: [RequestManager.cpp]acquire(): Acquired ID : 907904  [1321 / 26]    HINT : GESTURE_DETECTED    list : [TIMEOUT / 841] 
04-06 02:02:58.216  1104  1166 I HYPER-HAL: [ResourceManager.cpp]updateResource(): [CPUMinFreq] UpdateResource Request ID : 907904    Value : 1075200
04-06 02:02:58.216  1104  1166 I HYPER-HAL: [ResourceManager.cpp]removeResource(): [CPUMinFreq] RemoveResource Request ID : 901174
04-06 02:02:58.216  1104  1166 I HYPER-HAL: [RequestManager.cpp]releaseLocked(): Released ID : 901174
04-06 02:02:58.216  1321  6793 D ActivityTaskManager: startActivityAsUser: callingPid=6530, callingUid=10190, caller=com.android.server.wm.ActivityTaskManagerService.startActivityAsUser:1816 com.android.server.wm.ActivityTaskManagerService.startActivity:1767 android.app.IActivityTaskManager$Stub.onTransact:1244 com.android.server.wm.ActivityTaskManagerService.onTransact:6599 android.os.Binder.execTransactInternal:1316 android.os.Binder.execTransact:1280 <bottom of call stack> 
04-06 02:02:58.219  3904  5203 I Routine@Core[4.2.00.52]: ContentSetter: update
04-06 02:02:58.219  2682  2682 D SecPanelLogger: NPVC FINAL (!mDozing:true || mPulsing:false || handled:false) = return:true onTouch(ACTION_POINTER_DOWN(1))  |  StatusBarState:SHADE
04-06 02:02:58.220  3904  5203 E Routine@Core[4.2.00.52]: ContentSetter: deleteRoutines: id=[]
04-06 02:02:58.220  2682  2682 D SecPanelLogger: PanelView.dispatchTouchEvent() MotionEvent { action=ACTION_POINTER_UP(1), actionButton=0, id[0]=0, x[0]=1080.0, y[0]=44.19587, toolType[0]=TOOL_TYPE_UNKNOWN, id[1]=1, x[1]=196.06068, y[1]=1632.8181, toolType[1]=TOOL_TYPE_UNKNOWN, buttonState=0, classification=NONE, metaState=0, flags=0x0, edgeFlags=0x0, pointerCount=2, historySize=0, eventTime=123689507, downTime=123689498, deviceId=-1, source=0x1002, displayId=0, eventId=-198801968 } |  StatusBarState:SHADE
04-06 02:02:58.220  2682  2682 D SecPanelLogger: NPVC onTouch(ACTION_POINTER_UP(1))  |  StatusBarState:SHADE
04-06 02:02:58.220  2682  2682 D SecPanelLogger:  PVC onTouch(ACTION_POINTER_UP(1))  |  StatusBarState:SHADE
04-06 02:02:58.220  2682  2682 D SecPanelLogger: NPVC FINAL (!mDozing:true || mPulsing:false || handled:false) = return:true onTouch(ACTION_POINTER_UP(1))  |  StatusBarState:SHADE
04-06 02:02:58.220  2682  2682 I ViewRootImpl@82de0ec[StatusBar]: ViewPostIme pointer 1
04-06 02:02:58.221  7499  7499 E nder:appservice: Not starting debugger since process cannot load the jdwp agent.
04-06 02:02:58.221  2682  2682 D SecPanelLogger: PanelView.dispatchTouchEvent() MotionEvent { action=ACTION_UP, actionButton=0, id[0]=0, x[0]=1080.0, y[0]=54.50451, toolType[0]=TOOL_TYPE_UNKNOWN, buttonState=0, classification=NONE, metaState=0, flags=0x0, edgeFlags=0x0, pointerCount=1, historySize=0, eventTime=123689507, downTime=123689498, deviceId=-1, source=0x1002, displayId=0, eventId=-235518549 } |  StatusBarState:SHADE
04-06 02:02:58.221  2682  2682 D SecPanelLogger: NPVC onTouch(ACTION_UP)  |  StatusBarState:SHADE
04-06 02:02:58.221  2682  2682 D SecPanelLogger:  PVC onTouch(ACTION_UP)  |  StatusBarState:SHADE
04-06 02:02:58.221  2682  2682 D SecPanelLogger: NPVC FINAL (!mDozing:true || mPulsing:false || handled:false) = return:true onTouch(ACTION_UP)  |  StatusBarState:SHADE
04-06 02:02:58.222  3904  5203 E Routine@Core[4.2.00.52]: ContentSetter: deleteRoutines: id=[]
04-06 02:02:58.222  3904  5203 I Routine@Core[4.2.00.52]: SupportStateUpdater: update
04-06 02:02:58.222  3904  5203 I Routine@Core[4.2.00.52]: ConflictItemConverter: convertConflictActions - 0
04-06 02:02:58.222  1321  3106 W JobScheduler: Job didn't exist in JobStore: 9c907b5 #u0a41/4096 com.samsung.android.app.routines/.domainmodel.metadata.impl.MetadataLoaderJobService
04-06 02:02:58.222  3904  5203 I Routine@Core[4.2.00.52]: Pref: removeSharedPrefsData() key=meta_loading_target_package_name
04-06 02:02:58.222  3904  3904 I Routine@Core[4.2.00.52]: MetadataLoaderJobService: onStartJob: collectPackageInBG - com.evolucao.app.test
04-06 02:02:58.222  3904  3904 I Routine@Core[4.2.00.52]: MetadataSyncHistory: latest : 4.2.00.52, currentVersion : 4.2.00.52
04-06 02:02:58.223  3904  3904 I Routine@Core[4.2.00.52]: MetadataSyncHistory: latest : 4.2.00.52, currentVersion : 4.2.00.52
04-06 02:02:58.223  3904  3904 I Routine@Core[4.2.00.52]: MetadataLoaderJobService: packageName : com.evolucao.app.test, forced : true
04-06 02:02:58.223  3904  3904 I Routine@Core[4.2.00.52]: MetadataLoadManager: asyncCollectPackage
04-06 02:02:58.223  2682  2682 I FaceWidgetPositionAlgorithm: getClockContainerHeight() supplier = 309, bottom margin = 0, real height = 381
04-06 02:02:58.223  2682  2682 I FaceWidgetPositionAlgorithm: getClockContainerHeight() supplier = 309, bottom margin = 72, real height = 381
04-06 02:02:58.223  3904  3904 I Routine@Core[4.2.00.52]: RoutineService: onDestroy
04-06 02:02:58.223  2682  2682 I FaceWidgetPositionAlgorithm: getMediaContainerHeight() height = 522 container Visibility = 8, isValid = true, mIsDozing = false, fraction = 1.0, source = 0, target = 0
04-06 02:02:58.223  2682  2682 I FaceWidgetPositionAlgorithm: getMediaContainerHeight() supplier = 522
04-06 02:02:58.224  1321  6793 I ActivityTaskManager: START u0 {flg=0x10010000 cmp=com.samsung.android.app.spage/.ui.MainActivity (has extras)} from uid 10190
04-06 02:02:58.225  1321  6793 W ActivityTaskManager: Background activity start for com.samsung.android.app.spage allowed because SYSTEM_ALERT_WINDOW permission is granted.
04-06 02:02:58.225  7422  7467 I Monkey  :     // Rejecting start of Intent { cmp=com.samsung.android.app.spage/.ui.MainActivity } in package com.samsung.android.app.spage
04-06 02:02:58.227  3132 31006 I RecentModel: onTaskStackChangedBackground
04-06 02:02:58.227  6390  7520 I AppsEdge.Service: addItem
04-06 02:02:58.227  6390  7520 I AppsEdge.DBHelper: getFavoriteItems : false
04-06 02:02:58.227  1321  6793 I Pageboost: stop alp
04-06 02:02:58.227  1321  6793 D ActivityTaskManager: startActivity: reason=startActivityAsUser, result=102
04-06 02:02:58.228  1321  1811 I ChimeraSystemEventListener: appLaunchIntent package name is: com.samsung.android.app.spage
04-06 02:02:58.230  3132  3566 I AppInfo : set ComponentInfo{com.evolucao.app/com.evolucao.app.MainActivity} app progress level to 100
04-06 02:02:58.230  3132  3566 I LauncherProvider: [CALL] : generate_new_apps_item_id
04-06 02:02:58.230  3132  3566 I SubUserItemPositionerImpl: check blockCreateShortcutKey : block_create_shortcut_0, blockCreate : false
04-06 02:02:58.230  3132  3566 I SubUserItemPositionerImpl: isAvailableCreateSubUserItemPositioner() is false, !myUserHandle().equals(user) : false, !(DualAppUtils.supportDualApp(context) && DualAppUtils.isDualAppId(user)true
04-06 02:02:58.231  2682  2682 V QsExpandAnimator: setQsExpansionPosition 0.0
04-06 02:02:58.232  1321  1808 W Looper  : Slow dispatch took 103ms android.fg h=android.os.Handler c=<recycled PooledLambda@50a2d45> m=0
04-06 02:02:58.233  3132  3562 I RecentTasksList: loadTasksInBackground : groupTask = GroupTask{task1=[id=810 windowingMode=1 user=0 lastActiveTime=273002596] null, task2=null, task3=null, mStagedSplitBounds=null}
04-06 02:02:58.233  3132  3562 I RecentTasksList: loadTasksInBackground : groupTask = GroupTask{task1=[id=811 windowingMode=1 user=0 lastActiveTime=273195726] null, task2=null, task3=null, mStagedSplitBounds=null}
04-06 02:02:58.233  3132  3562 I RecentTasksList: loadTasksInBackground : groupTask = GroupTask{task1=[id=822 windowingMode=1 user=0 lastActiveTime=273347824] null, task2=null, task3=null, mStagedSplitBounds=null}
04-06 02:02:58.237  3132  3566 I PackageUpdatedTask: added, appInfo : AppInfo(id=137 type=APP hidden=0 container=all_apps screen=-1 rank=0 rankOfList=-1 user=UserHandle{0} title=Evolucao componentName=ComponentInfo{com.evolucao.app/com.evolucao.app.MainActivity} screenType=0 runtimeStatusFlags=384 status=0)
04-06 02:02:58.238  3132  3566 I AppsModelWriter: addItems(start) > needToBind = true
04-06 02:02:58.238  3132  3566 I AppsModelWriter: addItems(start)> 0, 137, 0, -102, -1, 0, UserHandle{0}, 0, Evolucao, -1, -1
04-06 02:02:58.238  3132  3566 I AppsModelWriter: normalizeVisibleItems : [matched = true] col = 4, raw : 5
04-06 02:02:58.238  1321  2415 I SearchManagerService: _updateSearchables
04-06 02:02:58.240  3132  3566 I AppsModelWriter: normalizeVisibleItems(visibleItems)> 0, 31, 2, -102, 0, 0, UserHandle{0}, 0, Samsung, -1, -1
04-06 02:02:58.240  3132  3566 I AppsModelWriter: normalizeVisibleItems(visibleItems)> 0, 45, 2, -102, 0, 1, UserHandle{0}, 0, Google, -1, -1
04-06 02:02:58.240  3132  3566 I AppsModelWriter: normalizeVisibleItems(visibleItems)> 0, 57, 0, -102, 0, 2, UserHandle{0}, 0, OneDrive, -1, -1
04-06 02:02:58.240  3132  3566 I AppsModelWriter: normalizeVisibleItems(visibleItems)> 0, 60, 0, -102, 0, 3, UserHandle{0}, 0, Play Store, -1, -1
04-06 02:02:58.240  3132  3566 I AppsModelWriter: normalizeVisibleItems(visibleItems)> 0, 62, 0, -102, 0, 4, UserHandle{0}, 0, Galaxy Store, -1, -1
04-06 02:02:58.240  3132  3566 I AppsModelWriter: normalizeVisibleItems(visibleItems)> 0, 63, 0, -102, 0, 5, UserHandle{0}, 0, Facebook, -1, -1
04-06 02:02:58.240  3132  3566 I AppsModelWriter: normalizeVisibleItems(visibleItems)> 0, 65, 0, -102, 0, 6, UserHandle{0}, 0, Netflix, -1, -1
04-06 02:02:58.240  3132  3566 I AppsModelWriter: normalizeVisibleItems(visibleItems)> 0, 66, 0, -102, 0, 7, UserHandle{0}, 0, Telefone, -1, -1
04-06 02:02:58.240  3132  3566 I AppsModelWriter: normalizeVisibleItems(visibleItems)> 0, 67, 0, -102, 0, 8, UserHandle{0}, 0, Mensagens, -1, -1
04-06 02:02:58.240  3132  3566 I AppsModelWriter: normalizeVisibleItems(visibleItems)> 0, 68, 0, -102, 0, 9, UserHandle{0}, 0, Câmera, -1, -1
04-06 02:02:58.240  3132  3566 I AppsModelWriter: normalizeVisibleItems(visibleItems)> 0, 69, 0, -102, 0, 10, UserHandle{0}, 0, Galeria, -1, -1
04-06 02:02:58.240  3132  3566 I AppsModelWriter: normalizeVisibleItems(visibleItems)> 0, 70, 0, -102, 0, 11, UserHandle{0}, 0, Relógio, -1, -1
04-06 02:02:58.240  3132  3566 I AppsModelWriter: normalizeVisibleItems(visibleItems)> 0, 71, 0, -102, 0, 12, UserHandle{0}, 0, Contatos, -1, -1
04-06 02:02:58.240  3132  3566 I AppsModelWriter: normalizeVisibleItems(visibleItems)> 0, 72, 0, -102, 0, 13, UserHandle{0}, 0, Config., -1, -1
04-06 02:02:58.240  3132  3566 I AppsModelWriter: normalizeVisibleItems(visibleItems)> 0, 73, 0, -102, 0, 14, UserHandle{0}, 0, Calendário, -1, -1
04-06 02:02:58.240  3132  3566 I AppsModelWriter: normalizeVisibleItems(visibleItems)> 0, 76, 0, -102, 0, 15, UserHandle{0}, 0, Dicas, -1, -1
04-06 02:02:58.240  3132  3566 I AppsModelWriter: normalizeVisibleItems(visibleItems)> 0, 78, 0, -102, 0, 16, UserHandle{0}, 0, Game Launcher, -1, -1
04-06 02:02:58.240  3132  3566 I AppsModelWriter: normalizeVisibleItems(visibleItems)> 0, 82, 0, -102, 0, 17, UserHandle{0}, 0, Magisk, -1, -1
04-06 02:02:58.240  3132  3566 I AppsModelWriter: normalizeVisibleItems(visibleItems)> 0, 81, 0, -102, 0, 18, UserHandle{0}, 0, Menu Claro, -1, -1
04-06 02:02:58.240  3132  3566 I AppsModelWriter: normalizeVisibleItems(visibleItems)> 0, 84, 0, -102, 1, 0, UserHandle{0}, 0, Menu Claro, -1, -1
04-06 02:02:58.240  3132  3566 I AppsModelWriter: normalizeVisibleItems(visibleItems)> 0, 85, 0, -102, 1, 1, UserHandle{0}, 0, WA Business, -1, -1
04-06 02:02:58.240  3132  3566 I AppsModelWriter: normalizeVisibleItems(visibleItems)> 0, 87, 0, -102, 1, 2, UserHandle{0}, 0, Root Checker Basic, -1, -1
04-06 02:02:58.240  3132  3566 I AppsModelWriter: normalizeVisibleItems(visibleItems)> 0, 91, 0, -102, 1, 3, UserHandle{0}, 0, Samsung Shop, -1, -1
04-06 02:02:58.240  3132  3566 I AppsModelWriter: normalizeVisibleItems(visibleItems)> 0, 101, 0, -102, 1, 4, UserHandle{0}, 0, Waze, -1, -1
04-06 02:02:58.240  3132  3566 I AppsModelWriter: normalizeVisibleItems(visibleItems)> 0, 102, 0, -102, 1, 5, UserHandle{0}, 0, Spotify, -1, -1
04-06 02:02:58.240  3132  3566 I AppsModelWriter: normalizeVisibleItems(visibleItems)> 0, 103, 0, -102, 1, 6, UserHandle{0}, 0, TikTok, -1, -1
04-06 02:02:58.240  3132  3566 I AppsModelWriter: normalizeVisibleItems(visibleItems)> 0, 104, 0, -102, 1, 7, UserHandle{0}, 0, Integrity Checker, -1, -1
04-06 02:02:58.240  3132  3566 I AppsModelWriter: normalizeVisibleItems(visibleItems)> 0, 105, 0, -102, 1, 8, UserHandle{0}, 0, AdAway, -1, -1
04-06 02:02:58.240  3132  3566 I AppsModelWriter: normalizeVisibleItems(visibleItems)> 0, 106, 0, -102, 2, 0, UserHandle{0}, 0, ViPER4Android FX, -1, -1
04-06 02:02:58.240  3132  3566 I AppsModelWriter: normalizeVisibleItems(visibleItems)> 0, 107, 0, -102, 2, 1, UserHandle{0}, 0, AAStore, -1, -1
04-06 02:02:58.240  3132  3566 I AppsModelWriter: normalizeVisibleItems(visibleItems)> 0, 108, 0, -102, 2, 2, UserHandle{0}, 0, CarStream, -1, -1
04-06 02:02:58.240  3132  3566 I AppsModelWriter: normalizeVisibleItems(visibleItems)> 0, 109, 0, -102, 2, 3, UserHandle{0}, 0, Fermata Auto, -1, -1
04-06 02:02:58.240  3132  3566 I AppsModelWriter: normalizeVisibleItems(visibleItems)> 0, 110, 0, -102, 2, 4, UserHandle{0}, 0, Meet, -1, -1
04-06 02:02:58.240  3132  3566 I AppsModelWriter: normalizeVisibleItems(visibleItems)> 0, 111, 0, -102, 2, 5, UserHandle{0}, 0, Drive, -1, -1
04-06 02:02:58.240  3132  3566 I AppsModelWriter: normalizeVisibleItems(visibleItems)> 0, 112, 0, -102, 2, 6, UserHandle{0}, 0, Fotos, -1, -1
04-06 02:02:58.240  3132  3566 I AppsModelWriter: normalizeVisibleItems(visibleItems)> 0, 113, 0, -102, 2, 7, UserHandle{0}, 0, Google TV, -1, -1
04-06 02:02:58.240  3132  3566 I AppsModelWriter: normalizeVisibleItems(visibleItems)> 0, 114, 0, -102, 2, 8, UserHandle{0}, 0, YT Music, -1, -1
04-06 02:02:58.240  3132  3566 I AppsModelWriter: normalizeVisibleItems(visibleItems)> 0, 115, 0, -102, 2, 9, UserHandle{0}, 0, Termux, -1, -1
04-06 02:02:58.240  3132  3566 I AppsModelWriter: normalizeVisibleItems(visibleItems)> 0, 125, 0, -102, 2, 10, UserHandle{0}, 0, AnyDesk, -1, -1
04-06 02:02:58.240  3132  3566 I AppsModelWriter: normalizeVisibleItems(visibleItems)> 0, 127, 0, -102, 2, 11, UserHandle{0}, 0, NEXA - Controle de Dívidas, -1, -1
04-06 02:02:58.240  3132  3566 I AppsModelWriter: normalizeVisibleItems(visibleItems)> 0, 128, 0, -102, 2, 12, UserHandle{0}, 0, Expo Go, -1, -1
04-06 02:02:58.240  3132  3566 I AppsModelWriter: normalizeVisibleItems(visibleItems)> 0, 137, 0, -102, 2, 13, UserHandle{0}, 0, Evolucao, -1, -1
04-06 02:02:58.249  1321  2865 V MdnieScenarioControlService: mAclOffEnabled : false mAclPreviewState : false mAclCompensationState : false
04-06 02:02:58.250  1321  3011 D CompatibilityChangeReporter: Compat change id reported: 168419799; UID 1000; state: DISABLED
04-06 02:02:58.252  3904  3904 I Routine@Core[4.2.00.52]: MetadataLoaderJobService: metadataLoadingFinished: collectPackageInBG - com.evolucao.app
04-06 02:02:58.252  6390  7520 I AppsEdge.DBHelper: getFavoriteItems type = 0, pos = 0, id = 1, item = 0@com.samsung.android.messaging/com.android.mms.ui.ConversationComposer&0
04-06 02:02:58.255  3904  3904 I Routine@Core[4.2.00.52]: Pref: putSharedPrefsData() key=routine_meta_data_loading_statue
04-06 02:02:58.254  4856  4856 I FILP/PackageIntentReceiver: action : com.samsung.android.provider.filterprovider.INTENT_PACKAGE_ADDED
04-06 02:02:58.255  4856  4856 I FILP/PackageIntentReceiver: pkgName : com.evolucao.app
04-06 02:02:58.255  4856  4856 E FILP/PackageIntentReceiver: This package is not a effect filter
04-06 02:02:58.256  1321  2447 D ActivityManager: force stop from com.android.server.am.ActivityManagerService.forceStopPackage:4766 com.android.server.am.ActivityManagerShellCommand.runForceStop:1236 
04-06 02:02:58.256  1321  2447 I ActivityManager: Force stopping com.evolucao.app appid=10353 user=0: from pid 7522
04-06 02:02:58.257  1321  2447 I WindowManager:   Force removing ActivityRecord{6e41d51 u0 com.evolucao.app/.MainActivity} t822}
04-06 02:02:58.258  1321  2447 V WindowManager: Schedule remove starting ActivityRecord{6e41d51 u0 com.evolucao.app/.MainActivity} t822 f}} startingWindow=null startingView=null Callers=com.android.server.wm.ActivityRecord.removeStartingWindow:3246 com.android.server.wm.ActivityRecord.onRemovedFromDisplay:4982 com.android.server.wm.DisplayContent.removeAppToken:1683 com.android.server.wm.ActivityRecord.removeFromHistory:4621 com.android.server.wm.RootWindowContainer$FinishDisabledPackageActivitiesHelper.process:3712 
04-06 02:02:58.258  1321  1812 V WindowManager: Removing startingView=com.android.server.wm.StartingSurfaceController$StartingSurface@d2c1625
04-06 02:02:58.258  3132  3566 I AppsModelWriter: updateItemsInDataBase : Invalid updateItems
04-06 02:02:58.258  3132  3566 I AppsModelWriter: addItems(end) : addItem> 0, 137, 0, -102, 2, 13, UserHandle{0}, 0, Evolucao, -1, -1
04-06 02:02:58.258  3132  3566 I PostPositionOperator: addAllItems() - All
04-06 02:02:58.259  3132  3566 I PostPositionOperator: addItem() - , isWidgetOnly : false
04-06 02:02:58.259  3132  3132 I AppsModelWriter: bindAppsItems() - visibleAddItems : 1, visibleUpdateItems : 0, removeItems : 0
04-06 02:02:58.259  3132  3132 I Launcher.AppsContainerView: bindAppsUpdates() => add: 1, update: 0, remove: 0
04-06 02:02:58.259  3132  3132 I Launcher.AppsPagedView: addItems => id: 137, rank: 13, screenId: 2, cellX: 1, cellY: 3, container: -102, dirty: false, title: Evolucao, isFolder: false, user: UserHandle{0}, disabled: false, screenType: 0
04-06 02:02:58.265  1321  2447 I ActivityManager: Killing 7518:com.evolucao.app/u0a353 (adj -10000): stop com.evolucao.app due to from pid 7522
04-06 02:02:58.266  1321  2447 D ActivityManager: proc ProcessRecord{6e46a1 7518:com.evolucao.app/u0a353} already removed. so we skip next process.
04-06 02:02:58.267  5210  7516 I GOS:GameIntentService: onPackageChanged(). extras: Bundle[{changeType=2, userId=0, type=15, packageName=com.evolucao.app.test}]
04-06 02:02:58.268  3132  3566 I WidgetsModel: EasyModeWidget will be excluded on WidgetList.
04-06 02:02:58.269  6390  7520 I AppsEdge.DBHelper: getFavoriteItems type = 0, pos = 1, id = 2, item = 0@com.google.android.youtube/com.google.android.youtube.app.honeycomb.Shell$HomeActivity&0
04-06 02:02:58.270  1321  2447 V MARsPolicyManager: Current Home Package com.sec.android.app.launcher Resumed
04-06 02:02:58.270  1321  2447 D MARsPolicyManager: onPackageResumedFG pkgName = com.sec.android.app.launcher, userId = 0
04-06 02:02:58.270  1321  2447 I SemDvfsHyPerManager: acquire hyper - AMS_ACT_RESUME/1321@15, type = -999
04-06 02:02:58.270  1321  2447 D ActivityManagerPerformance: AMP_acquire() ACT_RESUME
04-06 02:02:58.270  1104  1166 I HYPER-HAL: [RequestManager.cpp]acquire(): Acquired ID : 893131  [1321 / 15]    HINT : AMS_ACT_RESUME    list : 
04-06 02:02:58.270  1321  2447 W WindowManager: Prepare app transition: mNextAppTransitionRequests=[TRANSIT_OPEN], mNextAppTransitionFlags=, displayId: 0 Callers=com.android.server.wm.DisplayContent.prepareAppTransition:6493 com.android.server.wm.DisplayContent.prepareAppTransition:6484 com.android.server.wm.TaskFragment.resumeTopActivity:1583 com.android.server.wm.TaskFragment.resumeTopActivity:1307 com.android.server.wm.Task.resumeTopActivityInnerLocked:6451 
04-06 02:02:58.270  5210  7516 I GOS:GameIntentService: onPackageChanged(). changeType(INSTALL_STARTED), pkgName(com.evolucao.app.test), UserHandle(0), userId(0), Installed(true)
04-06 02:02:58.271  1321  2447 D ActivityTaskManager: scheduleTopResumedActivityChanged, onTop=true r=ActivityRecord{4961467 u0 com.sec.android.app.launcher/.activities.LauncherActivity} t659} caller=com.android.server.wm.ActivityTaskSupervisor.scheduleTopResumedActivityStateIfNeeded:2535 com.android.server.wm.ActivityTaskSupervisor.updateTopResumedActivityIfNeeded:2527 com.android.server.wm.TaskFragment.setResumedActivity:493 com.android.server.wm.TaskFragment.onActivityStateChanged:805 com.android.server.wm.ActivityRecord.setState:6428 com.android.server.wm.TaskFragment.resumeTopActivity:1629 
04-06 02:02:58.271  1321  2447 D WindowManagerServiceExt: notifyOccludeChangeNotice: reset caller=com.android.server.wm.WindowManagerServiceExt.updateOccludeTargetIfNeeded:1402 com.android.server.wm.DisplayContent.ensureActivitiesVisible:7532 com.android.server.wm.RootWindowContainer.ensureActivitiesVisible:2248 com.android.server.wm.RootWindowContainer.ensureVisibilityAndConfig:2126 com.android.server.wm.TaskFragment.resumeTopActivity:1652 
04-06 02:02:58.271  1321  2447 V WindowManager: rotationForOrientation(orient=SCREEN_ORIENTATION_NOSENSOR (5), last=ROTATION_0 (0)); user=ROTATION_0 (0) 
04-06 02:02:58.271  1321  2447 D WindowManager: rotationForOrientation, orientationSource=ActivityRecord{4961467 u0 com.sec.android.app.launcher/.activities.LauncherActivity} t659}
04-06 02:02:58.272  1321  2447 V WindowManager: Computed rotation=ROTATION_0 (0) for display id=0 based on lastOrientation=SCREEN_ORIENTATION_NOSENSOR (5) and oldRotation=ROTATION_0 (0), caller=com.android.server.wm.DisplayRotation.updateOrientation:414 com.android.server.wm.DisplayContent.updateOrientation:1990 com.android.server.wm.DisplayContent.updateOrientation:1891 com.android.server.wm.RootWindowContainer.ensureVisibilityAndConfig:2139 com.android.server.wm.TaskFragment.resumeTopActivity:1652 com.android.server.wm.TaskFragment.resumeTopActivity:1307 
04-06 02:02:58.272  1321  2447 D TspStateManager: updateCustomValue customSetting=
04-06 02:02:58.272  1321  2447 D TspStateManager: updateCustomValue customSetting=
04-06 02:02:58.272  1104  1166 I HYPER-HAL: [ResourceManager.cpp]updateResource(): [CPUMinFreq] UpdateResource Request ID : 893131    Value : 1632000
04-06 02:02:58.274  1321  2447 W WindowManager: Execute app transition: mNextAppTransitionRequests=[TRANSIT_OPEN], mNextAppTransitionFlags=, displayId: 0 Callers=com.android.server.wm.RootWindowContainer.executeAppTransitionForAllDisplay:2580 com.android.server.wm.ActivityTaskSupervisor.reportResumedActivityLocked:2287 com.android.server.wm.ActivityRecord.completeResumeLocked:7009 com.android.server.wm.TaskFragment.resumeTopActivity:1743 com.android.server.wm.TaskFragment.resumeTopActivity:1307 
04-06 02:02:58.275  3132  3132 I Launcher.AppsPagedView: setLayout(), l: 38, r: 38, b: 103, spacing: 39
04-06 02:02:58.275  3132  3132 I Launcher.AppsPagedView: setLayout(), l: 38, r: 38, b: 103, spacing: 39
04-06 02:02:58.276  3132  3132 I Launcher.AppsPagedView: setLayout(), l: 38, r: 38, b: 103, spacing: 39
04-06 02:02:58.278  3132  3132 I ViewRootImpl@9e5719f[LauncherActivity]: stopped(false) old = false
04-06 02:02:58.278  3132  3132 I Launcher: !@Boot_DEBUG: Launcher.onResume()
04-06 02:02:58.278 12013 12053 I Finsky  : [112] AIM: AppInfoManager-Perf > ItemModel > CacheSize=0, cacheHitCount=0, cacheMissCount=0, total appsWithNoServerDataCount=0. Missed  in cache (limit 10) : []
04-06 02:02:58.278  1321  1812 D WindowManager: Loading animation for app transition. transit=TRANSIT_OLD_WALLPAPER_OPEN enter=true frame=Rect(0, 0 - 1080, 2400) insets=Rect(0, 88 - 0, 144) surfaceInsets=Rect(0, 0 - 0, 0)
04-06 02:02:58.278  2639  2639 D CarrierSvcBindHelper: onHandleForceStop: [com.evolucao.app]
04-06 02:02:58.279  3132  3132 I Launcher: !@Boot_EBS_D: Launcher.onResume()
04-06 02:02:58.279  3132  3132 I BaseActivity: addActivityFlags, flags : 18
04-06 02:02:58.279  1321  1812 I WindowManager: Cancelling animation restarting=true, leash=Surface(name=Surface(name=Task=1)/@0xaeea004 - animation-leash of app_transition)/@0x3b60d59
04-06 02:02:58.279  1321  1812 I WindowManager: Reparenting to original parent: Surface(name=DefaultTaskDisplayArea)/@0x37389ed, destroy=false, surface=Surface(name=Task=1)/@0xaeea004
04-06 02:02:58.279  3132  3132 I BaseActivity: removeActivityFlags, flags : 32
04-06 02:02:58.279  1321  1812 I WindowManager: Reparenting to leash, surface=Surface(name=Task=1)/@0xaeea004, leashParent=Surface(name=DefaultTaskDisplayArea)/@0x37389ed
04-06 02:02:58.279  1321  3011 W BroadcastQueue: Background execution not allowed: receiving Intent { act=android.intent.action.PACKAGE_RESTARTED dat=package: flg=0x10 (has extras) } to android/com.kddi.android.CpaNotiReceiver
04-06 02:02:58.280  1205  4200 I SurfaceFlinger: id=33285 createSurf, flag=24004, Surface(name=Task=1)/@0xaeea004 - animation-leash of app_transition#33285
04-06 02:02:58.280  3132  3562 I IMM_LC  : hsifw() - flag : 0
04-06 02:02:58.280  3132  3562 I IMM_LC  : hsifw() - mService.hideSoftInput
04-06 02:02:58.281  1321  3011 I ActivityManager: updateOomAdj start time is before than pendingPid added, don't delete it
04-06 02:02:58.281  1321  1812 D WindowManager: makeSurface duration=2 leash=Surface(name=Surface(name=Task=1)/@0xaeea004 - animation-leash of app_transition)/@0xdcca5cd
04-06 02:02:58.281  1321  1812 D ActivityTaskManager: mStartingWindow and mStartingData is null for token=ActivityRecord{4961467 u0 com.sec.android.app.launcher/.activities.LauncherActivity} t659}
04-06 02:02:58.282  3132  3566 I AppIconSolution: start to load, pkg=com.evolucao.app, bg=192-192, dr=144-144, forDefault=true, density=0
04-06 02:02:58.283  3132  3566 I AppIconSolution: getIconScale, pkg=com.evolucao.app, size=144, iconScale=IconScale[alpha=15, scale=1.0, isCrop=true]
04-06 02:02:58.283  1321  6256 I ActivityManager: updateOomAdj start time is before than pendingPid added, don't delete it
04-06 02:02:58.284  2682  2766 D Bubbles : onLocusVisibilityChanged: LocusId[17_chars] visible=true
04-06 02:02:58.284  1321  2918 D InputMethodManagerService: hideSoftInput
04-06 02:02:58.284  2639  2639 D CarrierSvcBindHelper: No carrier app for: 0
04-06 02:02:58.284  1321  2918 W InputMethodManagerService: Ignoring hideSoftInput of uid 10127: com.android.internal.view.IInputMethodClient$Stub$Proxy@5c3e669
04-06 02:02:58.284  1321  1811 D SGM:FgCheckThread: noteResumeComponent(), received pkgName: com.sec.android.app.launcher, userId: 0
04-06 02:02:58.284  1321  2368 D SGM:FgCheckThread: onLooperPrepared(), msg: MSG_APP_RESUME, pkgName: com.sec.android.app.launcher, userid: 0
04-06 02:02:58.284  1321  2368 D SGM:FgCheckThread: handleResume().
04-06 02:02:58.284  1321  4264 I MediaSessionMonitor: Media session stopped : diffrent pkg
04-06 02:02:58.285  2639  2639 D CarrierSvcBindHelper: No carrier app for: 1
04-06 02:02:58.285  1321  3120 I ActivityManager: updateOomAdj start time is before than pendingPid added, don't delete it
04-06 02:02:58.285  1321  2918 D InputDispatcher: Inject key (7422/2000): action=0, f=0x8, d=-1, time=123689591000000
04-06 02:02:58.285  1321  2918 D WindowManager: interceptKeyTq interceptKeyResult=1
04-06 02:02:58.285  1321  2352 W InputDispatcher: Waiting because no window has focus but ActivityRecord{4961467 u0 com.sec.android.app.launcher/.activities.LauncherActivity} t659} may eventually add a window when it finishes starting up. Will wait for 10000ms
04-06 02:02:58.285  1321  2352 W InputDispatcher: Still no focused window. Will drop the event in 9999ms
04-06 02:02:58.286  3132  3566 I AppIconSolution: default container[CROP], pkg=com.evolucao.app, bg=114-114, dr=144-144, isNight = true
04-06 02:02:58.286  6530 21606 I PageOverlayServiceImpl: [FROM HOME] updateActivityLifecycleState : 2
04-06 02:02:58.286  3132  3132 W PageOverlayMover: updateWallpaperStatus hide on resume
04-06 02:02:58.286  6530  6530 I PageOverlayCoordinator: onUiResumed swipeIn? : false
04-06 02:02:58.286  6530  6530 I Carnival-MainView(): onUiResumed()
04-06 02:02:58.286  1321  2898 D CompatibilityChangeReporter: Compat change id reported: 161145287; UID 10227; state: DISABLED
04-06 02:02:58.286  1321  1321 I CocktailBarManagerServiceContainer: handleMessage: entry what = 5
04-06 02:02:58.286  6530  6530 I MainViewModel: onResume()
04-06 02:02:58.286  3904  3904 I Routine@Core[4.2.00.52]: DatabaseJobIntentService: Stop no more task
04-06 02:02:58.286  6530  6530 I Carnival-MainModel(): resume() swipeIn:false
04-06 02:02:58.286  5210  7516 I GOS:GameIntentService: onHandleIntent. GameIntentService. type: 15, pkgName: com.evolucao.app
04-06 02:02:58.286  6530  6857 I Carnival-MainView(): skip get config
04-06 02:02:58.286 25143 32169 I Icing   : Indexing com.google.android.gms-apps from com.google.android.gms
04-06 02:02:58.287  5210  7516 I GOS:GameIntentService: onPackageChanged(). extras: Bundle[{changeType=0, userId=0, pkgName=com.evolucao.app, type=15, packageName=com.evolucao.app}]
04-06 02:02:58.287  5210  7516 I GOS:GameIntentService: onPackageChanged(). changeType(INSTALLED), pkgName(com.evolucao.app), UserHandle(0), userId(0), Installed(true)
04-06 02:02:58.287  3132  3132 I DecorView: notifyKeepScreenOnChanged: keepScreenOn=false
04-06 02:02:58.287  3132  3132 I WhiteBgColorNotifier: changeWhiteBgSystemUIColor type = 5 supportWhiteBg : false forced : false mStatusBarColorIsDark false mNavigationBarColorIsDark true
04-06 02:02:58.287  1321  1811 I GameSDK@LifeCycle: noteResumeComponent(): package name  : com.sec.android.app.launcher
04-06 02:02:58.287  3132  3132 I WhiteBgColorNotifier: changeWhiteBgSystemUIColor type = 4 supportWhiteBg : false forced : false mStatusBarColorIsDark false mNavigationBarColorIsDark true
04-06 02:02:58.287  3132  3132 W PageOverlayMover: updateActivityLifecycleState : 2
04-06 02:02:58.287  3132  3132 I AppsSearchBar: restoreCurrentCellLayoutAlpha: [com.android.homescreen.apptray.AppsViewCellLayout{80e2018 V.ED..... ......ID 2124,88-3128,2153}[a=1.0,v=0,sId=2]]
04-06 02:02:58.287  6530  6857 I Carnival-SimpleOkHttp(): Request[method:GET, host:api., path:pro/cou/BR, q:ser=sfr, p:http/1.1(null)]
04-06 02:02:58.287  3132  3573 I SPayUpdater: updateSpayHandler, show = false, defaultPage = false
04-06 02:02:58.288  3132  3132 I Launcher.AppsViewCellLayout: com.android.homescreen.apptray.AppsViewCellLayout{80e2018 V.ED..... ......ID 2124,88-3128,2153}[a=1.0,v=0,sId=2] setAlpha : 1.0
04-06 02:02:58.288  3132  3132 I Launcher.AppsViewCellLayout: com.android.homescreen.apptray.AppsViewCellLayout{80e2018 V.ED..... ......ID 2124,88-3128,2153}[a=1.0,v=0,sId=2] setAlpha : 1.0
04-06 02:02:58.288  3132  3132 W PageOverlayMover: isMoving : true
04-06 02:02:58.288  3132  3132 I DecorView: notifyKeepScreenOnChanged: keepScreenOn=false
04-06 02:02:58.288  6390  7520 I AppsEdge.DBHelper: getFavoriteItems type = 0, pos = 2, id = 3, item = 0@com.android.chrome/com.google.android.apps.chrome.Main&0
04-06 02:02:58.288  3132  3132 I Launcher: setWallpaperOffsets
04-06 02:02:58.288  1321  1844 I ActivityManager: updateOomAdj start time is before than pendingPid added, don't delete it
04-06 02:02:58.289  3132  3132 I DecorView: notifyKeepScreenOnChanged: keepScreenOn=false
04-06 02:02:58.289  3132  9921 I Launcher: DisplayMetrics from Resources : DisplayMetrics{density=3.0, width=1080, height=2168, scaledDensity=3.0, xdpi=409.432, ydpi=406.4}
04-06 02:02:58.289  3132  9921 I Launcher: realMetrics from Wm : DisplayMetrics{density=3.0, width=1080, height=2400, scaledDensity=3.0, xdpi=409.432, ydpi=406.4}
04-06 02:02:58.289  3132  9921 I Launcher: Launcher DeviceProfile onResume availSize: 1080x2256 windowSize: 1080x2400 isLandscape: false
04-06 02:02:58.289  5210  7516 I GOS:GameIntentService: onPkgInstalled(), appInfoCategory: -1, packageName: com.evolucao.app
04-06 02:02:58.290  3132  3132 I MSHandlerLifeCycle: removeMultiSplitHandler: no exist. decor=DecorView@a65dd18[LauncherActivity]
04-06 02:02:58.290  3132  3132 I BaseActivity: addActivityFlags, flags : 4
04-06 02:02:58.290  4429  4429 I DWBAppTimerReceiver: com.samsung.android.forest.PACKAGE_ADDED received
04-06 02:02:58.290  3132  3132 I Launcher: onDeferredResumed
04-06 02:02:58.291  3132  3132 I InstallShortcutReceiver: flushInstallQueue 0
04-06 02:02:58.291  3132  3132 I Launcher.NotificationListener: onNotificationFullRefresh
04-06 02:02:58.291  3132  3132 I BadgeCountUpdaterImpl: onNotificationsChangedConnected
04-06 02:02:58.291  3132  3132 W LauncherAppWidgetHost: setShouldListenFlag, mFlags:7 flag:resume on:true isFront:false
04-06 02:02:58.292  1205  1205 I Layer   : id=33282 removedFromDrawingState Surface(name=Task=1)/@0xaeea004 - animation-leash of app_transition#33282 (131)
04-06 02:02:58.292  1205  1205 I SurfaceFlinger: id=33282 Removed Surface(name=Task=1)/@0xaeea004 - animation-leash of app_transition#33282 (131)
04-06 02:02:58.292  7976  7976 I ActivityUtils: HomePackage : com.sec.android.app.launcher, resumePackageName : com.sec.android.app.launcher
04-06 02:02:58.292  1205  1205 I Layer   : id=33282 Destroyed Surface(name=Task=1)/@0xaeea004 - animation-leash of app_transition#33282
04-06 02:02:58.293  1321  2898 I ActivityManager: updateOomAdj start time is before than pendingPid added, don't delete it
04-06 02:02:58.293  3132  3132 I Launcher.AppsViewCellLayout: com.android.homescreen.apptray.AppsViewCellLayout{80e2018 V.ED..... ......ID 2124,88-3128,2153}[a=1.0,v=0,sId=2] setAlpha : 1.0
04-06 02:02:58.294  5210  7516 I GOS:SystemEventReactor: checkReservedCategory() - reservedList is null or empty!
04-06 02:02:58.294  3904  3904 I Routine@Core[4.2.00.52]: RoutineService: onCreate
04-06 02:02:58.294  3132  3132 I ViewRootImpl@9e5719f[LauncherActivity]: performTraversals params={(0,0)(fillxfill) sim={adjust=nothing forwardNavigation} layoutInDisplayCutoutMode=shortEdges ty=BASE_APPLICATION fmt=TRANSPARENT wanim=0x10302f4
04-06 02:02:58.294  3132  3132 I ViewRootImpl@9e5719f[LauncherActivity]:   fl=81810100
04-06 02:02:58.294  3132  3132 I ViewRootImpl@9e5719f[LauncherActivity]:   pfl=1e020040
04-06 02:02:58.294  3132  3132 I ViewRootImpl@9e5719f[LauncherActivity]:   vsysui=1700
04-06 02:02:58.294  3132  3132 I ViewRootImpl@9e5719f[LauncherActivity]:   bhv=SHOW_TRANSIENT_BARS_BY_SWIPE
04-06 02:02:58.294  3132  3132 I ViewRootImpl@9e5719f[LauncherActivity]:   fitSides= screenDimDuration=200000 naviIconColor=0}
04-06 02:02:58.294  3904  3904 I Routine@Core[4.2.00.52]: RoutineService: onStartCommand: com.samsung.android.app.routine.ACTION_METADATA_LOADING_FINISHED
04-06 02:02:58.294  3132  3132 I ViewRootImpl@9e5719f[LauncherActivity]: performTraversals mFirst=false windowShouldResize=false viewVisibilityChanged=false mForceNextWindowRelayout=false params={(0,0)(fillxfill) sim={adjust=nothing forwardNavigation} layoutInDisplayCutoutMode=shortEdges ty=BASE_APPLICATION fmt=TRANSPARENT wanim=0x10302f4
04-06 02:02:58.294  3132  3132 I ViewRootImpl@9e5719f[LauncherActivity]:   fl=81810100
04-06 02:02:58.294  3132  3132 I ViewRootImpl@9e5719f[LauncherActivity]:   pfl=1e020040
04-06 02:02:58.294  3132  3132 I ViewRootImpl@9e5719f[LauncherActivity]:   vsysui=1700
04-06 02:02:58.294  3132  3132 I ViewRootImpl@9e5719f[LauncherActivity]:   bhv=SHOW_TRANSIENT_BARS_BY_SWIPE
04-06 02:02:58.294  3132  3132 I ViewRootImpl@9e5719f[LauncherActivity]:   fitSides= screenDimDuration=200000 naviIconColor=0}
04-06 02:02:58.294  3904  3904 I Routine@Core[4.2.00.52]: RoutineDataMigrator: migration - begin
04-06 02:02:58.295  1321  6295 V WindowManager: Relayout Window{7ae1b77 u0 com.sec.android.app.launcher/com.sec.android.app.launcher.activities.LauncherActivity}: viewVisibility=0 req=1080x2400 d0
04-06 02:02:58.295  1321  3011 I ActivityManager: updateOomAdj start time is before than pendingPid added, don't delete it
04-06 02:02:58.296  1321  6295 V WindowManager: Relayout hash=7ae1b77, pid=3132, syncId=-1: mAttrs={(0,0)(fillxfill) sim={adjust=nothing forwardNavigation} layoutInDisplayCutoutMode=shortEdges ty=BASE_APPLICATION fmt=TRANSPARENT wanim=0x10302f4
04-06 02:02:58.296  1321  6295 V WindowManager:   fl=81810100
04-06 02:02:58.296  1321  6295 V WindowManager:   pfl=1e020040
04-06 02:02:58.296  1321  6295 V WindowManager:   vsysui=1700
04-06 02:02:58.296  1321  6295 V WindowManager:   bhv=SHOW_TRANSIENT_BARS_BY_SWIPE
04-06 02:02:58.296  1321  6295 V WindowManager:   fitSides= screenDimDuration=200000 naviIconColor=0}
04-06 02:02:58.296  1205  1205 D SurfaceFlinger: Display 4630947232161729153 HWC layers:
04-06 02:02:58.296  1205  1205 D SurfaceFlinger:      DEVICE | 0xb4000076a2418ea0 | 0100 | RGBx_8888    |  660.0    0.0 1740.0 2400.0 |    0    0 1080 2400 | Wallpaper BBQ wrapper#85
04-06 02:02:58.296  1205  1205 D SurfaceFlinger:      DEVICE | 0xb4000076a24178c0 | 0100 | RGBA_8888    |    0.0    0.0 1080.0 2400.0 |   14   32 1066 2368 | Splash Screen com.evolucao.app$_2682#33279
04-06 02:02:58.296  1205  1205 D SurfaceFlinger:      DEVICE | 0xb4000076a2417150 | 0100 | RGBA_8888    |    0.0    0.0 1080.0   88.0 |    0    0 1080   88 | StatusBar$_2682#82
04-06 02:02:58.296  1205  1205 D SurfaceFlinger:      DEVICE | 0xb400007693403eb0 | 0100 | RGBA_8888    |    0.0    0.0   67.0  342.0 | 1013  458 1080  800 | com.samsung.android.app.cocktailbars[...]rvice.CocktailBarService$_7976#33219
04-06 02:02:58.296  1205  1205 D SurfaceFlinger:      DEVICE | 0xb400007693403f90 | 0100 | RGBA_8888    |    0.0    0.0  960.0  176.0 |   60 1888 1020 2064 | Toast$_2682#33274
04-06 02:02:58.296  1205  1205 D SurfaceFlinger:      DEVICE | 0xb4000076a24170e0 | 0100 | RGBA_8888    |    0.0    0.0 1080.0  144.0 |    0 2256 1080 2400 | NavigationBar0$_2682#77
