04-06 02:02:58.536  1321  3120 W ActivityTaskManager: Background activity start for com.samsung.android.app.spage allowed because SYSTEM_ALERT_WINDOW permission is granted.
04-06 02:02:58.537  7422  7467 I Monkey  :     // Rejecting start of Intent { cmp=com.samsung.android.app.spage/.ui.MainActivity } in package com.samsung.android.app.spage
04-06 02:02:58.539  1096  1096 I sensors-hal: activate:297, android.sensor.light/51 en=1 completed
04-06 02:02:58.542  6390  7573 I AppsEdge.DBHelper: getFavoriteItems type = 0, pos = 1, id = 2, item = 0@com.google.android.youtube/com.google.android.youtube.app.honeycomb.Shell$HomeActivity&0
04-06 02:02:58.544  7422  7422 I Monkey  : :Sending Touch (ACTION_DOWN): 0:(383.0,411.0)
04-06 02:02:58.545  1321  6295 D InputDispatcher: Inject motion (7422/2000): action=0x0, time=123689852000000, f=0x0, d=0 dsdx=1.000000 dtdx=0.000000
04-06 02:02:58.545  1321  2352 I InputDispatcher: Delivering touch to (2682): action: 0x4, f=0x0, d=0, '6d45259', t=0 
04-06 02:02:58.545  1321  2352 I InputDispatcher: Delivering touch to (6530): action: 0x0, f=0x0, d=0, 'dd68b42', t=0 +(99,222)*(0.81)
04-06 02:02:58.545  6530  6530 I ViewRootImpl@fb54075[]: ViewPostIme pointer 0
04-06 02:02:58.545  6530  6530 I PageOverlayServiceImpl: [FROM APP] moveStart
04-06 02:02:58.545  6530  6530 I PageOverlayServiceImpl: MSG_MOVE_START
04-06 02:02:58.545  6530  6530 I PageOverlayServiceImpl::ShowState: PageOverlayServiceImpl$ShowState.onTouchDown start Activity
04-06 02:02:58.545  6530  6530 I Carnival-ContextExt(): startMainActivity
04-06 02:02:58.546  7422  7422 I Monkey  : :Sending Touch (ACTION_UP): 0:(397.63614,409.26917)
04-06 02:02:58.546  1321  6287 D ActivityTaskManager: startActivityAsUser: callingPid=6530, callingUid=10190, caller=com.android.server.wm.ActivityTaskManagerService.startActivityAsUser:1816 com.android.server.wm.ActivityTaskManagerService.startActivity:1767 android.app.IActivityTaskManager$Stub.onTransact:1244 com.android.server.wm.ActivityTaskManagerService.onTransact:6599 android.os.Binder.execTransactInternal:1316 android.os.Binder.execTransact:1280 <bottom of call stack> 
04-06 02:02:58.546  1321  3011 D InputDispatcher: Inject motion (7422/2000): action=0x1, time=123689855000000, f=0x0, d=0 dsdx=1.000000 dtdx=0.000000
04-06 02:02:58.546  1321  2352 I InputDispatcher: Delivering touch to (6530): action: 0x1, f=0x0, d=0, 'dd68b42', t=0 +(99,222)*(0.81)
04-06 02:02:58.547  1321  2415 I SearchManagerService: _updateSearchables completed.
04-06 02:02:58.557  1096  7593 I sensors-hal: handle_indication_realtime:466,  SCHED_FIFO(10) for qmi_cbk
04-06 02:02:58.557  6924  7414 D TrafficStats: tagSocket(91) with statsTag=0xffffffff, statsUid=-1
04-06 02:02:58.562  6390  7573 I AppsEdge.DBHelper: getFavoriteItems type = 0, pos = 2, id = 3, item = 0@com.android.chrome/com.google.android.apps.chrome.Main&0
04-06 02:02:58.573  5210  7566 I GOS:GameIntentService: onPackageChanged(). extras: Bundle[{changeType=0, userId=0, pkgName=com.evolucao.app.test, type=15, packageName=com.evolucao.app.test}]
04-06 02:02:58.574  5210  7566 I GOS:GameIntentService: onPackageChanged(). changeType(INSTALLED), pkgName(com.evolucao.app.test), UserHandle(0), userId(0), Installed(true)
04-06 02:02:58.577  5210  7566 I GOS:GameIntentService: onPkgInstalled(), appInfoCategory: -1, packageName: com.evolucao.app.test
04-06 02:02:58.579  1321  1842 I SemExecuteManagerService: onSomePackagesChanged
04-06 02:02:58.579  1321  1842 D EnterpriseDeviceManagerService: Package has changed for user 0
04-06 02:02:58.579  1321  1842 D EnterpriseDeviceManagerService: Admin package name: com.samsung.android.kgclient
04-06 02:02:58.596  1321  1842 W UsageStatsService: Unexpected activity event reported! (com.evolucao.app/com.evolucao.app.MainActivity event : 23 instanceId : 51297924)
04-06 02:02:58.599  1096  7593 I sensors-hal: handle_sns_std_sensor_event:138, [SSC_LIGHT] A: 0(0),m:2,a:4,b:0,c:4,d:0,ag:10,dg:512,it:16000
04-06 02:02:58.602  1321  6295 I GenerationRegistry: mBackingStore.isClosed() : false
04-06 02:02:58.610  1321  1772 I system_server: Background young concurrent copying GC freed 396613(26MB) AllocSpace objects, 24(808KB) LOS objects, 17% free, 101MB/122MB, paused 2.184ms,246us total 127.500ms
04-06 02:02:58.620  1321  1774 W System  : A resource failed to call end. 
04-06 02:02:58.624  1321  2474 D SemNscXgbMsL1: Probability - Cloud gaming: [0.25567862]
04-06 02:02:58.624  1321  2474 D SemNscXgbMsL1: Probability - Real time: [0.40519336]
04-06 02:02:58.624  1321  2474 D SemNscXgbMsL1: Probability - Non real time: [0.5011498]
04-06 02:02:58.624  1321  2474 D SemNscXgbMsL1: 1 sample inference time: 0.24875 msecs
04-06 02:02:58.624  1321  2474 D SemNscXgbL2Rt: L2 RT 1 sample inference time: 0.4175 msecs
04-06 02:02:58.625  1321  2474 D SemNscXgbL2Nrt: L2 NRT 1 sample inference time: 0.412656 msecs
04-06 02:02:58.626  1321  1774 W System  : A resource failed to call release. 
04-06 02:02:58.627  1321  2405 D InputDispatcher: Inject key (7422/2000): action=0, f=0x8, d=-1, time=123689935000000
04-06 02:02:58.627  1321  2405 D WindowManager: interceptKeyTq interceptKeyResult=1
04-06 02:02:58.631  1321  1774 W System  : A resource failed to call close. 
04-06 02:02:58.638  1321  2488 W SemWifiTransportLayerUtils: getApplicationCategory - IOException com.evolucao.app.test
04-06 02:02:58.638  1321  2488 W System.err: java.io.FileNotFoundException: https://play.google.com/store/apps/details?id=com.evolucao.app.test&hl=en
04-06 02:02:58.639  1321  2488 W System.err: 	at com.android.okhttp.internal.huc.HttpURLConnectionImpl.getInputStream(HttpURLConnectionImpl.java:255)
04-06 02:02:58.639  1321  2488 W System.err: 	at com.android.okhttp.internal.huc.DelegatingHttpsURLConnection.getInputStream(DelegatingHttpsURLConnection.java:211)
04-06 02:02:58.639  1321  2488 W System.err: 	at com.android.okhttp.internal.huc.HttpsURLConnectionImpl.getInputStream(HttpsURLConnectionImpl.java:30)
04-06 02:02:58.639  1321  2488 W System.err: 	at com.samsung.android.server.wifi.tcp.SemWifiTransportLayerUtils.getApplicationCategory(SemWifiTransportLayerUtils.java:104)
04-06 02:02:58.639  1321  2488 W System.err: 	at com.samsung.android.server.wifi.tcp.SemWifiTransportLayerMonitor$TcpMonitorHandler.handleMessage(SemWifiTransportLayerMonitor.java:244)
04-06 02:02:58.639  1321  2488 W System.err: 	at android.os.Handler.dispatchMessage(Handler.java:106)
04-06 02:02:58.639  1321  2488 W System.err: 	at android.os.Looper.loopOnce(Looper.java:226)
04-06 02:02:58.639  1321  2488 W System.err: 	at android.os.Looper.loop(Looper.java:313)
04-06 02:02:58.639  1321  2488 W System.err: 	at android.os.HandlerThread.run(HandlerThread.java:67)
04-06 02:02:58.639  1321  2488 D SemWifiTransportLayerMonitor.TcpMonitorHandler: MSG_SAVE_PACKAGE_INFO
04-06 02:02:58.639  1321  2488 D SemWifiTransportLayerFileManager: saveWifiPackageInfoToFile
04-06 02:02:58.639  1321  2488 D SemWifiTransportLayerFileManager: writeWifiPackageInfoList
04-06 02:02:58.641  1321  2488 D TrafficStats: tagSocket(819) with statsTag=0xffffffff, statsUid=-1
04-06 02:02:58.642  1096  7593 I sensors-hal: handle_sns_std_sensor_event:138, [SSC_LIGHT] A: 0(0),m:0,a:0,b:0,c:0,d:0,ag:12,dg:2048,it:1824
04-06 02:02:58.643  1321  3118 D SensorService: Calling activate off 51
04-06 02:02:58.644  1096  1096 I sensors-hal: activate:279, android.sensor.light/51 en=0
04-06 02:02:58.645  1096  1096 I sensors-hal: deactivate:371, disconnect qmi to disable sensor
04-06 02:02:58.645  1096  1096 I sensors-hal: activate:297, android.sensor.light/51 en=0 completed
04-06 02:02:58.655  1321  3120 I Pageboost: stop alp
04-06 02:02:58.655  1321  3120 D ActivityTaskManager: startActivity: reason=startActivityAsUser, result=102
04-06 02:02:58.655  3132  3566 I AppIconSolution: return adaptive icon for com.evolucao.app.test, isNight = true
04-06 02:02:58.655  1321  1809 I GestureDetector: obtain mCurrentDownEvent. id: -584429474 caller: com.android.server.wm.SystemGesturesPointerEventListener.onPointerEvent:203 com.android.server.wm.PointerEventDispatcher.onInputEvent:53 android.view.InputEventReceiver.dispatchInputEvent:285 
04-06 02:02:58.655  1321  1809 I GestureDetector: obtain mCurrentDownEvent. id: -584429474 caller: com.android.server.wm.SystemPerformancePointerEventListener.onPointerEvent:89 com.android.server.wm.PointerEventDispatcher.onInputEvent:53 android.view.InputEventReceiver.dispatchInputEvent:285 
04-06 02:02:58.655  1321  2447 W ActivityManager: Slow operation: 134ms so far, now at attachApplicationLocked: before bindApplication
04-06 02:02:58.656  1321  1963 I AppsFilter: interaction: PackageSetting{3b561dc bellavita.toast/10310} -> PackageSetting{4fb463d com.evolucao.app/10353} BLOCKED
04-06 02:02:58.657  1321  1811 I ChimeraSystemEventListener: appLaunchIntent package name is: com.samsung.android.app.spage
04-06 02:02:58.657  1321  1809 I GestureDetector: obtain mCurrentMotionEventRaw. action: 1 id: -148841513
04-06 02:02:58.658  1321  1809 I GestureDetector: obtain mCurrentMotionEventRaw. action: 1 id: -148841513
04-06 02:02:58.663  1321  1963 D PackageManager.SDP: Try removing package directory
04-06 02:02:58.663  5282  7541 I Routine@Ui[4.2.00.52]: NotificationUpdateService: computeEnabledRoutine : routineList.size=0, mRoutineNotiInfoList=0 
04-06 02:02:58.663  5282  7541 I Routine@Ui[4.2.00.52]: NotificationUpdateService: updateNotificationImpl
04-06 02:02:58.664  1321  1963 E SdpManagerImpl: Failed to get engine list due to non-existence...
04-06 02:02:58.664  1321  1963 E SdpManagerImpl: Failed to get engine list due to non-existence...
04-06 02:02:58.664  1321  1963 E SdpManagerImpl: Failed to get engine list due to non-existence...
04-06 02:02:58.664  1321  1963 D SdpManagerImpl: getEngineList :: No engine found
04-06 02:02:58.664  1321  1963 E SdpManagerImpl: read engine - No any engine found
04-06 02:02:58.664  1321  1963 D PackageManager.SDP: not Sdp package...
04-06 02:02:58.664  5282  7541 I Routine@Ui[4.2.00.52]: Pref: putSharedPrefsData() key=update_noti_time
04-06 02:02:58.668  1321  1963 I PackageManager: Removing permission com.evolucao.app.DYNAMIC_RECEIVER_NOT_EXPORTED_PERMISSION that used to be declared by com.evolucao.app
04-06 02:02:58.668  1321  1963 I PackageManager: Permission ownership changed. Updating all permissions.
04-06 02:02:58.674  1321  1946 E VerityUtils: Failed to measure fs-verity, errno 95: /data/app/~~DsJJwnG1hjCFQrlkeDzf8Q==/com.evolucao.app.test-D_y6rxIeHwnAZ35jLvr32g==/base.apk
04-06 02:02:58.677  3132  3566 I PostPositionOperator: addItem() - com.evolucao.app.test, isWidgetOnly : true
04-06 02:02:58.678  1321  2352 D InputDispatcher: Waiting to send key to dd68b42 com.samsung.android.app.spage because there are unprocessed events that may cause focus to change
04-06 02:02:58.735  1104  7468 I HYPER-HAL: [ResourceManager.cpp]removeResource(): [CPUMinFreq] RemoveResource Request ID : 917368
04-06 02:02:58.736  1104  7468 I HYPER-HAL: [RequestManager.cpp]releaseLocked(): Released ID : 917368
04-06 02:02:58.789  1321  1812 I WindowManager: Reparenting to original parent: Surface(name=DefaultTaskDisplayArea)/@0x37389ed, destroy=true, surface=Surface(name=Task=1)/@0xaeea004
04-06 02:02:58.790  3132  3132 W Launcher: onEnterAnimationComplete
04-06 02:02:58.805  1205  1205 I Layer   : id=33285 removedFromDrawingState Surface(name=Task=1)/@0xaeea004 - animation-leash of app_transition#33285 (124)
04-06 02:02:58.805  1205  1205 I SurfaceFlinger: id=33285 Removed Surface(name=Task=1)/@0xaeea004 - animation-leash of app_transition#33285 (124)
04-06 02:02:58.805  1205  1205 I Layer   : id=33285 Destroyed Surface(name=Task=1)/@0xaeea004 - animation-leash of app_transition#33285
04-06 02:02:58.807  1321  1963 W EnterpriseLicenseService: updateAdminPermissions() :com.anydesk.anydeskandroid
04-06 02:02:58.807  1321  1963 I PackageManager: setLicensePermissions 
04-06 02:02:58.807  1321  1963 I PackageManager: setLicensePermissions : packageName = com.anydesk.anydeskandroid(com.android.server.utils.WatchedArrayMap@42144fc9)
04-06 02:02:58.808  1321  1963 D EnterpriseLicenseService: getPermissions() - deserializeObject
04-06 02:02:58.808  1321  1963 D PackageManager: hasSelectivePermissionsForMDM(): permission granted = com.samsung.android.knox.permission.KNOX_REMOTE_CONTROL
04-06 02:02:58.812  1321  2807 D SGM:GameManager: identifyForegroundApp. com.sec.android.app.launcher, mCurrentUserId: 0, callerUserId: 0
04-06 02:02:58.812  1321  2807 D SGM:PkgDataHelper: getGamePkgData(). com.sec.android.app.launcher
04-06 02:02:58.812 23436 23517 I PolicyManager: [#CMH#] Is foreground game app: false
04-06 02:02:58.812 23436 23517 I ServiceManager: [#CMH#] call unbind service  StoryService
04-06 02:02:58.824  1321  2490 D SemWifiSwitchForIndividualAppsService: isSkipPoorLinkCondition - result:1
04-06 02:02:58.850  5583  5866 I R0      : limitGPUFreq:: freq = -1
04-06 02:02:58.851  5583  5866 I R0      : limitCPUFreq:: freq = -1
04-06 02:02:58.857  1321  2447 W ActivityManager: Slow operation: 336ms so far, now at attachApplicationLocked: immediately before bindApplication
04-06 02:02:58.858  1321  6287 I ActivityTaskManager: START u0 {flg=0x10010000 cmp=com.samsung.android.app.spage/.ui.MainActivity (has extras)} from uid 10190
04-06 02:02:58.858  1321  2898 W system_server: Long monitor contention with owner android.fg (1808) at com.android.server.pm.Computer com.android.server.pm.PackageManagerService.snapshotComputer()(PackageManagerService.java:1366) waiters=0 in com.android.server.pm.Computer com.android.server.pm.PackageManagerService.snapshotComputer() for 201ms
04-06 02:02:58.858  1321  6287 W ActivityTaskManager: Background activity start for com.samsung.android.app.spage allowed because SYSTEM_ALERT_WINDOW permission is granted.
04-06 02:02:58.858  7422  7467 I Monkey  :     // Rejecting start of Intent { cmp=com.samsung.android.app.spage/.ui.MainActivity } in package com.samsung.android.app.spage
04-06 02:02:58.900  1321  6287 I Pageboost: stop alp
04-06 02:02:58.900  1321  6287 D ActivityTaskManager: startActivity: reason=startActivityAsUser, result=102
04-06 02:02:58.901  1321  2447 W ActivityManager: Slow operation: 380ms so far, now at attachApplicationLocked: immediately after bindApplication
04-06 02:02:58.901   743   743 I keystore2: keystore2::maintenance: clear_namespace : Domain(0), 10353
04-06 02:02:58.901  1321  2447 W ActivityManager: Slow operation: 380ms so far, now at attachApplicationLocked: after updateLruProcessLocked
04-06 02:02:58.901  1321  2447 W ActivityManager: Slow operation: 380ms so far, now at attachApplicationLocked: after mServices.attachApplicationLocked
04-06 02:02:58.901  6530  6530 I ViewRootImpl@fb54075[]: ViewPostIme pointer 1
04-06 02:02:58.902  6530  6530 I PageOverlayServiceImpl: [FROM APP] moveFinish
04-06 02:02:58.902  6530  6530 I PageOverlayServiceImpl: [FROM HOME?] moveFinish
04-06 02:02:58.902  6530  6530 I PageOverlayServiceImpl: MSG_MOVE_FINISH
04-06 02:02:58.902  1321  2352 I InputDispatcher: Delivering key to (6530): action: 0x0 (0), f=0x8, m=0x0, d=0, 'dd68b42'
04-06 02:02:58.902  6798  6798 I HBD     : b skip onKeyDown as physical keyboard not connected 
04-06 02:02:58.902  1321  2405 D InputDispatcher: Inject key (7422/2000): action=1, f=0x8, d=-1, time=123690211000000
04-06 02:02:58.902  1321  2405 D WindowManager: interceptKeyTq interceptKeyResult=1
04-06 02:02:58.902  6798  6798 I HBD     : HoneyBoardService onKeyDown r:44613aed consumed:false 0 
04-06 02:02:58.902  1321  1808 W Looper  : Slow dispatch took 247ms android.fg h=android.os.Handler c=<recycled PooledLambda@e6050e9> m=0
04-06 02:02:58.903  3132  3566 I GameLauncherManagerImp: bindAppsVisibilityQuery start
04-06 02:02:58.903  3132  3566 I GameLauncherManagerImp: bindAppsVisibilityQuery completed
04-06 02:02:58.904  6530  6530 I ViewRootImpl@fb54075[]: ViewPostIme key 0
04-06 02:02:58.904  1321  2352 I InputDispatcher: Delivering key to (6530): action: 0x1 (0), f=0x8, m=0x0, d=0, 'dd68b42'
04-06 02:02:58.905  3132  3566 I GameLauncherManagerImp: null does not contain game list
04-06 02:02:58.905  3132  3566 I GameLauncherManagerImp: com.sec.android.app.myfiles does not contain game list
04-06 02:02:58.905  3132  3566 I GameLauncherManagerImp: com.samsung.android.bixby.agent does not contain game list
04-06 02:02:58.905  3132  3566 I GameLauncherManagerImp: com.samsung.android.arzone does not contain game list
04-06 02:02:58.905  3132  3566 I GameLauncherManagerImp: com.sec.android.usermanual does not contain game list
04-06 02:02:58.905  3132  3566 I GameLauncherManagerImp: com.rsupport.rs.activity.rsupport.aas2 does not contain game list
04-06 02:02:58.905  3132  3566 I GameLauncherManagerImp: null does not contain game list
04-06 02:02:58.905  3132  3566 I GameLauncherManagerImp: com.google.android.googlequicksearchbox does not contain game list
04-06 02:02:58.905  3132  3566 I GameLauncherManagerImp: com.android.chrome does not contain game list
04-06 02:02:58.905  3132  3566 I GameLauncherManagerImp: com.google.android.gm does not contain game list
04-06 02:02:58.905  1321  2447 W ActivityManager: Slow operation: 384ms so far, now at attachApplicationLocked: after updateOomAdjLocked
04-06 02:02:58.905  3132  3566 I GameLauncherManagerImp: com.google.android.apps.maps does not contain game list
04-06 02:02:58.905  3132  3566 I GameLauncherManagerImp: com.google.android.youtube does not contain game list
04-06 02:02:58.905  3132  3566 I GameLauncherManagerImp: com.microsoft.skydrive does not contain game list
04-06 02:02:58.905  3132  3566 I GameLauncherManagerImp: com.android.vending does not contain game list
04-06 02:02:58.905  3132  3566 I GameLauncherManagerImp: com.sec.android.app.samsungapps does not contain game list
04-06 02:02:58.905  3132  3566 I GameLauncherManagerImp: com.facebook.katana does not contain game list
04-06 02:02:58.905  3132  3566 I GameLauncherManagerImp: com.netflix.mediaclient does not contain game list
04-06 02:02:58.905  3132  3566 I GameLauncherManagerImp: com.samsung.android.dialer does not contain game list
04-06 02:02:58.905  3132  3566 I GameLauncherManagerImp: com.samsung.android.messaging does not contain game list
04-06 02:02:58.905  3132  3566 I GameLauncherManagerImp: com.sec.android.app.camera does not contain game list
04-06 02:02:58.905  3132  3566 I GameLauncherManagerImp: com.sec.android.gallery3d does not contain game list
04-06 02:02:58.905  3132  3566 I GameLauncherManagerImp: com.sec.android.app.clockpackage does not contain game list
04-06 02:02:58.905  3132  3566 I GameLauncherManagerImp: com.samsung.android.app.contacts does not contain game list
04-06 02:02:58.905  3132  3566 I GameLauncherManagerImp: com.android.settings does not contain game list
04-06 02:02:58.905  1321  1963 D AASA_PackageManager_RESTRICTED: Uninstall : userId = 0, info.mRemovedAppId = 10353, info.uid = 10353, packageName = com.evolucao.app
04-06 02:02:58.906  1321  2640 W system_server: Long monitor contention with owner binder:1321_4 (2447) at void com.android.server.am.ActivityManagerService.attachApplication(android.app.IApplicationThread, long)(ActivityManagerService.java:6012) waiters=1 in int com.android.server.am.Pageboost.getPidFromPackageName(java.lang.String, boolean) for 359ms
04-06 02:02:58.906  3132  3566 I GameLauncherManagerImp: com.samsung.android.calendar does not contain game list
04-06 02:02:58.906  3132  3566 I GameLauncherManagerImp: com.samsung.android.app.tips does not contain game list
04-06 02:02:58.906  3132  3566 I GameLauncherManagerImp: com.samsung.android.game.gamehome does not contain game list
04-06 02:02:58.906  3132  3566 I GameLauncherManagerImp: com.android.stk does not contain game list
04-06 02:02:58.906  3132  3566 I GameLauncherManagerImp: com.topjohnwu.magisk does not contain game list
04-06 02:02:58.906  3132  3566 I GameLauncherManagerImp: com.android.stk2 does not contain game list
04-06 02:02:58.906  3132  3566 I GameLauncherManagerImp: com.whatsapp.w4b does not contain game list
04-06 02:02:58.906  3132  3566 I GameLauncherManagerImp: com.joeykrim.rootcheck does not contain game list
04-06 02:02:58.906  3132  3566 I GameLauncherManagerImp: com.sec.android.easyMover does not contain game list
04-06 02:02:58.906  3132  3566 I GameLauncherManagerImp: com.samsung.shop does not contain game list
04-06 02:02:58.906  3132  3566 I GameLauncherManagerImp: com.waze does not contain game list
04-06 02:02:58.906  3132  3566 I GameLauncherManagerImp: com.spotify.music does not contain game list
04-06 02:02:58.906  3132  3566 I GameLauncherManagerImp: com.zhiliaoapp.musically does not contain game list
04-06 02:02:58.906  3132  3566 I GameLauncherManagerImp: gr.nikolasspyr.integritycheck does not contain game list
04-06 02:02:58.906  3132  3566 I GameLauncherManagerImp: org.adaway does not contain game list
04-06 02:02:58.906  3132  3566 I GameLauncherManagerImp: com.pittvandewitt.viperfx does not contain game list
04-06 02:02:58.906  3132  3566 I GameLauncherManagerImp: it.croccio.aastore does not contain game list
04-06 02:02:58.906  3132  3566 I GameLauncherManagerImp: com.google.android.kk2 does not contain game list
04-06 02:02:58.906  1321  1963 D PackageManager: result of delete: 1{49103691}
04-06 02:02:58.906  3132  3566 I GameLauncherManagerImp: me.aap.fermata.auto does not contain game list
04-06 02:02:58.906  3132  3566 I GameLauncherManagerImp: com.google.android.apps.tachyon does not contain game list
04-06 02:02:58.906  3132  3566 I GameLauncherManagerImp: com.google.android.apps.docs does not contain game list
04-06 02:02:58.906  3132  3566 I GameLauncherManagerImp: com.google.android.apps.photos does not contain game list
04-06 02:02:58.906  3132  3566 I GameLauncherManagerImp: com.google.android.videos does not contain game list
04-06 02:02:58.906  3132  3566 I GameLauncherManagerImp: com.google.android.apps.youtube.music does not contain game list
04-06 02:02:58.906  3132  3566 I GameLauncherManagerImp: com.termux does not contain game list
04-06 02:02:58.906  3132  3566 I GameLauncherManagerImp: com.anydesk.anydeskandroid does not contain game list
04-06 02:02:58.906  3132  3566 I GameLauncherManagerImp: com.nexa.finance does not contain game list
04-06 02:02:58.906  3132  3566 I GameLauncherManagerImp: host.exp.exponent does not contain game list
04-06 02:02:58.906  3132  3566 I GameLauncherManagerImp: com.evolucao.app does not contain game list
04-06 02:02:58.906  3132  3566 I GameLauncherManagerImp: Hidden app size : 0 unHidden app size : 0 updateApp size : 0
04-06 02:02:58.907  3132  3566 I ModelWriter: changeItemsVisibility++ : hiddenFlag = 4
04-06 02:02:58.907  1321  2299 D SEP_UNION_SemDeviceInfoManagerService: UnionContentObserver onChange: content://com.sec.android.app.launcher.settings/hiddenApps 
04-06 02:02:58.907  1321  2299 D SEP_UNION_SemDeviceInfoManagerService: Uri matches exactly. Reporting chagnes... 
04-06 02:02:58.907  1321  2299 D ActivityTaskManager: SafeActivityOptions created, mOriginalCallingPid=1321, mOriginalCallingUid=1000, options=null, caller=com.android.server.am.PendingIntentRecord.sendInner:500 com.android.server.am.ActivityManagerService.sendIntentSender:6624 com.android.server.am.ActivityManagerService.sendIntentSender:6613 android.app.PendingIntent.sendAndReturnResult:1029 android.app.PendingIntent.send:1000 android.app.PendingIntent.send:908 com.android.server.sepunion.SemDeviceInfoManagerService.reportUriChanged:281 
04-06 02:02:58.907  3132  3566 I AppsModelWriter: changeItemsVisibility(start) : hiddenFlag = 4
04-06 02:02:58.908  3132  3566 I AppsModelWriter: normalizeVisibleItems : [matched = true] col = 4, raw : 5
04-06 02:02:58.908  3132  3566 I AppsModelWriter: normalizeVisibleItems(visibleItems)> 0, 31, 2, -102, 0, 0, UserHandle{0}, 0, Samsung, -1, -1
04-06 02:02:58.908  3132  3566 I AppsModelWriter: normalizeVisibleItems(visibleItems)> 0, 45, 2, -102, 0, 1, UserHandle{0}, 0, Google, -1, -1
04-06 02:02:58.908  3132  3566 I AppsModelWriter: normalizeVisibleItems(visibleItems)> 0, 57, 0, -102, 0, 2, UserHandle{0}, 0, OneDrive, -1, -1
04-06 02:02:58.908  3132  3566 I AppsModelWriter: normalizeVisibleItems(visibleItems)> 0, 60, 0, -102, 0, 3, UserHandle{0}, 0, Play Store, -1, -1
04-06 02:02:58.908  3132  3566 I AppsModelWriter: normalizeVisibleItems(visibleItems)> 0, 62, 0, -102, 0, 4, UserHandle{0}, 0, Galaxy Store, -1, -1
04-06 02:02:58.908  3132  3566 I AppsModelWriter: normalizeVisibleItems(visibleItems)> 0, 63, 0, -102, 0, 5, UserHandle{0}, 0, Facebook, -1, -1
04-06 02:02:58.908  3132  3566 I AppsModelWriter: normalizeVisibleItems(visibleItems)> 0, 65, 0, -102, 0, 6, UserHandle{0}, 0, Netflix, -1, -1
04-06 02:02:58.908  3132  3566 I AppsModelWriter: normalizeVisibleItems(visibleItems)> 0, 66, 0, -102, 0, 7, UserHandle{0}, 0, Telefone, -1, -1
04-06 02:02:58.908  3132  3566 I AppsModelWriter: normalizeVisibleItems(visibleItems)> 0, 67, 0, -102, 0, 8, UserHandle{0}, 0, Mensagens, -1, -1
04-06 02:02:58.908  3132  3566 I AppsModelWriter: normalizeVisibleItems(visibleItems)> 0, 68, 0, -102, 0, 9, UserHandle{0}, 0, Câmera, -1, -1
04-06 02:02:58.908  3132  3566 I AppsModelWriter: normalizeVisibleItems(visibleItems)> 0, 69, 0, -102, 0, 10, UserHandle{0}, 0, Galeria, -1, -1
04-06 02:02:58.908  3132  3566 I AppsModelWriter: normalizeVisibleItems(visibleItems)> 0, 70, 0, -102, 0, 11, UserHandle{0}, 0, Relógio, -1, -1
04-06 02:02:58.908  3132  3566 I AppsModelWriter: normalizeVisibleItems(visibleItems)> 0, 71, 0, -102, 0, 12, UserHandle{0}, 0, Contatos, -1, -1
04-06 02:02:58.908  3132  3566 I AppsModelWriter: normalizeVisibleItems(visibleItems)> 0, 72, 0, -102, 0, 13, UserHandle{0}, 0, Config., -1, -1
04-06 02:02:58.908  3132  3566 I AppsModelWriter: normalizeVisibleItems(visibleItems)> 0, 73, 0, -102, 0, 14, UserHandle{0}, 0, Calendário, -1, -1
04-06 02:02:58.908  3132  3566 I AppsModelWriter: normalizeVisibleItems(visibleItems)> 0, 76, 0, -102, 0, 15, UserHandle{0}, 0, Dicas, -1, -1
04-06 02:02:58.908  3132  3566 I AppsModelWriter: normalizeVisibleItems(visibleItems)> 0, 78, 0, -102, 0, 16, UserHandle{0}, 0, Game Launcher, -1, -1
04-06 02:02:58.908  3132  3566 I AppsModelWriter: normalizeVisibleItems(visibleItems)> 0, 82, 0, -102, 0, 17, UserHandle{0}, 0, Magisk, -1, -1
04-06 02:02:58.908  3132  3566 I AppsModelWriter: normalizeVisibleItems(visibleItems)> 0, 81, 0, -102, 0, 18, UserHandle{0}, 0, Menu Claro, -1, -1
04-06 02:02:58.908  3132  3566 I AppsModelWriter: normalizeVisibleItems(visibleItems)> 0, 84, 0, -102, 1, 0, UserHandle{0}, 0, Menu Claro, -1, -1
04-06 02:02:58.908  3132  3566 I AppsModelWriter: normalizeVisibleItems(visibleItems)> 0, 85, 0, -102, 1, 1, UserHandle{0}, 0, WA Business, -1, -1
04-06 02:02:58.908  3132  3566 I AppsModelWriter: normalizeVisibleItems(visibleItems)> 0, 87, 0, -102, 1, 2, UserHandle{0}, 0, Root Checker Basic, -1, -1
04-06 02:02:58.908  3132  3566 I AppsModelWriter: normalizeVisibleItems(visibleItems)> 0, 91, 0, -102, 1, 3, UserHandle{0}, 0, Samsung Shop, -1, -1
04-06 02:02:58.908  3132  3566 I AppsModelWriter: normalizeVisibleItems(visibleItems)> 0, 101, 0, -102, 1, 4, UserHandle{0}, 0, Waze, -1, -1
04-06 02:02:58.908  3132  3566 I AppsModelWriter: normalizeVisibleItems(visibleItems)> 0, 102, 0, -102, 1, 5, UserHandle{0}, 0, Spotify, -1, -1
04-06 02:02:58.908  3132  3566 I AppsModelWriter: normalizeVisibleItems(visibleItems)> 0, 103, 0, -102, 1, 6, UserHandle{0}, 0, TikTok, -1, -1
04-06 02:02:58.908  3132  3566 I AppsModelWriter: normalizeVisibleItems(visibleItems)> 0, 104, 0, -102, 1, 7, UserHandle{0}, 0, Integrity Checker, -1, -1
04-06 02:02:58.908  3132  3566 I AppsModelWriter: normalizeVisibleItems(visibleItems)> 0, 105, 0, -102, 1, 8, UserHandle{0}, 0, AdAway, -1, -1
04-06 02:02:58.908  3132  3566 I AppsModelWriter: normalizeVisibleItems(visibleItems)> 0, 106, 0, -102, 2, 0, UserHandle{0}, 0, ViPER4Android FX, -1, -1
04-06 02:02:58.908  3132  3566 I AppsModelWriter: normalizeVisibleItems(visibleItems)> 0, 107, 0, -102, 2, 1, UserHandle{0}, 0, AAStore, -1, -1
04-06 02:02:58.908  6798  6798 I HBD     : HoneyBoardService onKeyUp r:80ac1fd4 consumed:false 0 
04-06 02:02:58.908  3132  3566 I AppsModelWriter: normalizeVisibleItems(visibleItems)> 0, 108, 0, -102, 2, 2, UserHandle{0}, 0, CarStream, -1, -1
04-06 02:02:58.908  3132  3566 I AppsModelWriter: normalizeVisibleItems(visibleItems)> 0, 109, 0, -102, 2, 3, UserHandle{0}, 0, Fermata Auto, -1, -1
04-06 02:02:58.908  3132  3566 I AppsModelWriter: normalizeVisibleItems(visibleItems)> 0, 110, 0, -102, 2, 4, UserHandle{0}, 0, Meet, -1, -1
04-06 02:02:58.908  3132  3566 I AppsModelWriter: normalizeVisibleItems(visibleItems)> 0, 111, 0, -102, 2, 5, UserHandle{0}, 0, Drive, -1, -1
04-06 02:02:58.908  3132  3566 I AppsModelWriter: normalizeVisibleItems(visibleItems)> 0, 112, 0, -102, 2, 6, UserHandle{0}, 0, Fotos, -1, -1
04-06 02:02:58.908  3132  3566 I AppsModelWriter: normalizeVisibleItems(visibleItems)> 0, 113, 0, -102, 2, 7, UserHandle{0}, 0, Google TV, -1, -1
04-06 02:02:58.908  3132  3566 I AppsModelWriter: normalizeVisibleItems(visibleItems)> 0, 114, 0, -102, 2, 8, UserHandle{0}, 0, YT Music, -1, -1
04-06 02:02:58.908  3132  3566 I AppsModelWriter: normalizeVisibleItems(visibleItems)> 0, 115, 0, -102, 2, 9, UserHandle{0}, 0, Termux, -1, -1
04-06 02:02:58.908  3132  3566 I AppsModelWriter: normalizeVisibleItems(visibleItems)> 0, 125, 0, -102, 2, 10, UserHandle{0}, 0, AnyDesk, -1, -1
04-06 02:02:58.908  3132  3566 I AppsModelWriter: normalizeVisibleItems(visibleItems)> 0, 127, 0, -102, 2, 11, UserHandle{0}, 0, NEXA - Controle de Dívidas, -1, -1
04-06 02:02:58.908  3132  3566 I AppsModelWriter: normalizeVisibleItems(visibleItems)> 0, 128, 0, -102, 2, 12, UserHandle{0}, 0, Expo Go, -1, -1
04-06 02:02:58.908  3132  3566 I AppsModelWriter: normalizeVisibleItems(visibleItems)> 0, 137, 0, -102, 2, 13, UserHandle{0}, 0, Evolucao, -1, -1
04-06 02:02:58.909  3132  3566 I AppsModelWriter: updateItemsInDataBase : Invalid updateItems
04-06 02:02:58.909  3132  3566 I AppsModelWriter: updateItemsInDataBase : Invalid updateItems
04-06 02:02:58.909  3132  3566 I AppsModelWriter: updateItemsInDataBase : Invalid updateItems
04-06 02:02:58.909  3132  3566 I AppsModelWriter: bindAppsItems : Visible items are empty!!
04-06 02:02:58.909  3132  3566 I GameLauncherManagerImp: bindAppsVisibilityQuery completed
04-06 02:02:58.909  6530  6530 I ViewRootImpl@fb54075[]: ViewPostIme key 1
04-06 02:02:58.909  7557  7557 D CompatibilityChangeReporter: Compat change id reported: 171979766; UID 10140; state: ENABLED
04-06 02:02:58.909  3132  3566 I GameLauncherManagerImp: null does not contain game list
04-06 02:02:58.909  3132  3566 I GameLauncherManagerImp: com.sec.android.app.myfiles does not contain game list
04-06 02:02:58.909  3132  3566 I GameLauncherManagerImp: com.samsung.android.bixby.agent does not contain game list
04-06 02:02:58.909  3132  3566 I GameLauncherManagerImp: com.samsung.android.arzone does not contain game list
04-06 02:02:58.909  3132  3566 I GameLauncherManagerImp: com.sec.android.usermanual does not contain game list
04-06 02:02:58.909  3132  3566 I GameLauncherManagerImp: com.rsupport.rs.activity.rsupport.aas2 does not contain game list
04-06 02:02:58.909  3132  3566 I GameLauncherManagerImp: null does not contain game list
04-06 02:02:58.909  3132  3566 I GameLauncherManagerImp: com.google.android.googlequicksearchbox does not contain game list
04-06 02:02:58.909  3132  3566 I GameLauncherManagerImp: com.android.chrome does not contain game list
04-06 02:02:58.909  3132  3566 I GameLauncherManagerImp: com.google.android.gm does not contain game list
04-06 02:02:58.909  3132  3566 I GameLauncherManagerImp: com.google.android.apps.maps does not contain game list
04-06 02:02:58.909  3132  3566 I GameLauncherManagerImp: com.google.android.youtube does not contain game list
04-06 02:02:58.909  3132  3566 I GameLauncherManagerImp: com.microsoft.skydrive does not contain game list
04-06 02:02:58.909  3132  3566 I GameLauncherManagerImp: com.android.vending does not contain game list
04-06 02:02:58.909  3132  3566 I GameLauncherManagerImp: com.sec.android.app.samsungapps does not contain game list
04-06 02:02:58.909  3132  3566 I GameLauncherManagerImp: com.facebook.katana does not contain game list
04-06 02:02:58.909  3132  3566 I GameLauncherManagerImp: com.netflix.mediaclient does not contain game list
04-06 02:02:58.909  3132  3566 I GameLauncherManagerImp: com.samsung.android.dialer does not contain game list
04-06 02:02:58.909  3132  3566 I GameLauncherManagerImp: com.samsung.android.messaging does not contain game list
04-06 02:02:58.909  3132  3566 I GameLauncherManagerImp: com.sec.android.app.camera does not contain game list
04-06 02:02:58.909  3132  3566 I GameLauncherManagerImp: com.sec.android.gallery3d does not contain game list
04-06 02:02:58.909  3132  3566 I GameLauncherManagerImp: com.sec.android.app.clockpackage does not contain game list
04-06 02:02:58.909  3132  3566 I GameLauncherManagerImp: com.samsung.android.app.contacts does not contain game list
04-06 02:02:58.909  3132  3566 I GameLauncherManagerImp: com.android.settings does not contain game list
04-06 02:02:58.909  3132  3566 I GameLauncherManagerImp: com.samsung.android.calendar does not contain game list
04-06 02:02:58.909  3132  3566 I GameLauncherManagerImp: com.samsung.android.app.tips does not contain game list
04-06 02:02:58.909  3132  3566 I GameLauncherManagerImp: com.samsung.android.game.gamehome does not contain game list
04-06 02:02:58.909  3132  3566 I GameLauncherManagerImp: com.android.stk does not contain game list
04-06 02:02:58.909  3132  3566 I GameLauncherManagerImp: com.topjohnwu.magisk does not contain game list
04-06 02:02:58.909  3132  3566 I GameLauncherManagerImp: com.android.stk2 does not contain game list
04-06 02:02:58.909  3132  3566 I GameLauncherManagerImp: com.whatsapp.w4b does not contain game list
04-06 02:02:58.909  3132  3566 I GameLauncherManagerImp: com.joeykrim.rootcheck does not contain game list
04-06 02:02:58.909  3132  3566 I GameLauncherManagerImp: com.sec.android.easyMover does not contain game list
04-06 02:02:58.909  3132  3566 I GameLauncherManagerImp: com.samsung.shop does not contain game list
04-06 02:02:58.909  3132  3566 I GameLauncherManagerImp: com.waze does not contain game list
04-06 02:02:58.909  3132  3566 I GameLauncherManagerImp: com.spotify.music does not contain game list
04-06 02:02:58.909  3132  3566 I GameLauncherManagerImp: com.zhiliaoapp.musically does not contain game list
04-06 02:02:58.909  3132  3566 I GameLauncherManagerImp: gr.nikolasspyr.integritycheck does not contain game list
04-06 02:02:58.910  3132  3566 I GameLauncherManagerImp: org.adaway does not contain game list
04-06 02:02:58.910  3132  3566 I GameLauncherManagerImp: com.pittvandewitt.viperfx does not contain game list
04-06 02:02:58.910  3132  3566 I GameLauncherManagerImp: it.croccio.aastore does not contain game list
04-06 02:02:58.910  3132  3566 I GameLauncherManagerImp: com.google.android.kk2 does not contain game list
04-06 02:02:58.910  3132  3566 I GameLauncherManagerImp: me.aap.fermata.auto does not contain game list
04-06 02:02:58.910  3132  3566 I GameLauncherManagerImp: com.google.android.apps.tachyon does not contain game list
04-06 02:02:58.910  3132  3566 I GameLauncherManagerImp: com.google.android.apps.docs does not contain game list
04-06 02:02:58.910  3132  3566 I GameLauncherManagerImp: com.google.android.apps.photos does not contain game list
04-06 02:02:58.910  3132  3566 I GameLauncherManagerImp: com.google.android.videos does not contain game list
04-06 02:02:58.910  3132  3566 I GameLauncherManagerImp: com.google.android.apps.youtube.music does not contain game list
04-06 02:02:58.910  3132  3566 I GameLauncherManagerImp: com.termux does not contain game list
04-06 02:02:58.910  3132  3566 I GameLauncherManagerImp: com.anydesk.anydeskandroid does not contain game list
04-06 02:02:58.910  3132  3566 I GameLauncherManagerImp: com.nexa.finance does not contain game list
04-06 02:02:58.910  3132  3566 I GameLauncherManagerImp: host.exp.exponent does not contain game list
04-06 02:02:58.910  3132  3566 I GameLauncherManagerImp: com.evolucao.app does not contain game list
04-06 02:02:58.910  3132  3566 I GameLauncherManagerImp: Hidden app size : 0 unHidden app size : 0 updateApp size : 0
04-06 02:02:58.910  3132  3566 I ModelWriter: changeItemsVisibility++ : hiddenFlag = 4
04-06 02:02:58.911  3132  3566 I AppsModelWriter: changeItemsVisibility(start) : hiddenFlag = 4
04-06 02:02:58.912  3132  3566 I AppsModelWriter: normalizeVisibleItems : [matched = true] col = 4, raw : 5
04-06 02:02:58.912  3132  3566 I AppsModelWriter: normalizeVisibleItems(visibleItems)> 0, 31, 2, -102, 0, 0, UserHandle{0}, 0, Samsung, -1, -1
04-06 02:02:58.912  3132  3566 I AppsModelWriter: normalizeVisibleItems(visibleItems)> 0, 45, 2, -102, 0, 1, UserHandle{0}, 0, Google, -1, -1
04-06 02:02:58.912  3132  3566 I AppsModelWriter: normalizeVisibleItems(visibleItems)> 0, 57, 0, -102, 0, 2, UserHandle{0}, 0, OneDrive, -1, -1
04-06 02:02:58.912  3132  3566 I AppsModelWriter: normalizeVisibleItems(visibleItems)> 0, 60, 0, -102, 0, 3, UserHandle{0}, 0, Play Store, -1, -1
04-06 02:02:58.912  3132  3566 I AppsModelWriter: normalizeVisibleItems(visibleItems)> 0, 62, 0, -102, 0, 4, UserHandle{0}, 0, Galaxy Store, -1, -1
04-06 02:02:58.912  3132  3566 I AppsModelWriter: normalizeVisibleItems(visibleItems)> 0, 63, 0, -102, 0, 5, UserHandle{0}, 0, Facebook, -1, -1
04-06 02:02:58.912  3132  3566 I AppsModelWriter: normalizeVisibleItems(visibleItems)> 0, 65, 0, -102, 0, 6, UserHandle{0}, 0, Netflix, -1, -1
04-06 02:02:58.912  3132  3566 I AppsModelWriter: normalizeVisibleItems(visibleItems)> 0, 66, 0, -102, 0, 7, UserHandle{0}, 0, Telefone, -1, -1
04-06 02:02:58.912  3132  3566 I AppsModelWriter: normalizeVisibleItems(visibleItems)> 0, 67, 0, -102, 0, 8, UserHandle{0}, 0, Mensagens, -1, -1
04-06 02:02:58.912  3132  3566 I AppsModelWriter: normalizeVisibleItems(visibleItems)> 0, 68, 0, -102, 0, 9, UserHandle{0}, 0, Câmera, -1, -1
04-06 02:02:58.912  3132  3566 I AppsModelWriter: normalizeVisibleItems(visibleItems)> 0, 69, 0, -102, 0, 10, UserHandle{0}, 0, Galeria, -1, -1
04-06 02:02:58.912  3132  3566 I AppsModelWriter: normalizeVisibleItems(visibleItems)> 0, 70, 0, -102, 0, 11, UserHandle{0}, 0, Relógio, -1, -1
04-06 02:02:58.912  3132  3566 I AppsModelWriter: normalizeVisibleItems(visibleItems)> 0, 71, 0, -102, 0, 12, UserHandle{0}, 0, Contatos, -1, -1
04-06 02:02:58.912  3132  3566 I AppsModelWriter: normalizeVisibleItems(visibleItems)> 0, 72, 0, -102, 0, 13, UserHandle{0}, 0, Config., -1, -1
04-06 02:02:58.912  3132  3566 I AppsModelWriter: normalizeVisibleItems(visibleItems)> 0, 73, 0, -102, 0, 14, UserHandle{0}, 0, Calendário, -1, -1
04-06 02:02:58.912  3132  3566 I AppsModelWriter: normalizeVisibleItems(visibleItems)> 0, 76, 0, -102, 0, 15, UserHandle{0}, 0, Dicas, -1, -1
04-06 02:02:58.912  3132  3566 I AppsModelWriter: normalizeVisibleItems(visibleItems)> 0, 78, 0, -102, 0, 16, UserHandle{0}, 0, Game Launcher, -1, -1
04-06 02:02:58.912  3132  3566 I AppsModelWriter: normalizeVisibleItems(visibleItems)> 0, 82, 0, -102, 0, 17, UserHandle{0}, 0, Magisk, -1, -1
04-06 02:02:58.912  3132  3566 I AppsModelWriter: normalizeVisibleItems(visibleItems)> 0, 81, 0, -102, 0, 18, UserHandle{0}, 0, Menu Claro, -1, -1
04-06 02:02:58.912  3132  3566 I AppsModelWriter: normalizeVisibleItems(visibleItems)> 0, 84, 0, -102, 1, 0, UserHandle{0}, 0, Menu Claro, -1, -1
04-06 02:02:58.912  3132  3566 I AppsModelWriter: normalizeVisibleItems(visibleItems)> 0, 85, 0, -102, 1, 1, UserHandle{0}, 0, WA Business, -1, -1
04-06 02:02:58.912  3132  3566 I AppsModelWriter: normalizeVisibleItems(visibleItems)> 0, 87, 0, -102, 1, 2, UserHandle{0}, 0, Root Checker Basic, -1, -1
04-06 02:02:58.912  3132  3566 I AppsModelWriter: normalizeVisibleItems(visibleItems)> 0, 91, 0, -102, 1, 3, UserHandle{0}, 0, Samsung Shop, -1, -1
04-06 02:02:58.912  3132  3566 I AppsModelWriter: normalizeVisibleItems(visibleItems)> 0, 101, 0, -102, 1, 4, UserHandle{0}, 0, Waze, -1, -1
04-06 02:02:58.912  3132  3566 I AppsModelWriter: normalizeVisibleItems(visibleItems)> 0, 102, 0, -102, 1, 5, UserHandle{0}, 0, Spotify, -1, -1
04-06 02:02:58.912  3132  3566 I AppsModelWriter: normalizeVisibleItems(visibleItems)> 0, 103, 0, -102, 1, 6, UserHandle{0}, 0, TikTok, -1, -1
04-06 02:02:58.912  3132  3566 I AppsModelWriter: normalizeVisibleItems(visibleItems)> 0, 104, 0, -102, 1, 7, UserHandle{0}, 0, Integrity Checker, -1, -1
04-06 02:02:58.912  3132  3566 I AppsModelWriter: normalizeVisibleItems(visibleItems)> 0, 105, 0, -102, 1, 8, UserHandle{0}, 0, AdAway, -1, -1
04-06 02:02:58.912  3132  3566 I AppsModelWriter: normalizeVisibleItems(visibleItems)> 0, 106, 0, -102, 2, 0, UserHandle{0}, 0, ViPER4Android FX, -1, -1
04-06 02:02:58.912  3132  3566 I AppsModelWriter: normalizeVisibleItems(visibleItems)> 0, 107, 0, -102, 2, 1, UserHandle{0}, 0, AAStore, -1, -1
04-06 02:02:58.912  3132  3566 I AppsModelWriter: normalizeVisibleItems(visibleItems)> 0, 108, 0, -102, 2, 2, UserHandle{0}, 0, CarStream, -1, -1
04-06 02:02:58.912  3132  3566 I AppsModelWriter: normalizeVisibleItems(visibleItems)> 0, 109, 0, -102, 2, 3, UserHandle{0}, 0, Fermata Auto, -1, -1
04-06 02:02:58.912  3132  3566 I AppsModelWriter: normalizeVisibleItems(visibleItems)> 0, 110, 0, -102, 2, 4, UserHandle{0}, 0, Meet, -1, -1
04-06 02:02:58.912  3132  3566 I AppsModelWriter: normalizeVisibleItems(visibleItems)> 0, 111, 0, -102, 2, 5, UserHandle{0}, 0, Drive, -1, -1
04-06 02:02:58.912  3132  3566 I AppsModelWriter: normalizeVisibleItems(visibleItems)> 0, 112, 0, -102, 2, 6, UserHandle{0}, 0, Fotos, -1, -1
04-06 02:02:58.912  3132  3566 I AppsModelWriter: normalizeVisibleItems(visibleItems)> 0, 113, 0, -102, 2, 7, UserHandle{0}, 0, Google TV, -1, -1
04-06 02:02:58.912  3132  3566 I AppsModelWriter: normalizeVisibleItems(visibleItems)> 0, 114, 0, -102, 2, 8, UserHandle{0}, 0, YT Music, -1, -1
04-06 02:02:58.912  3132  3566 I AppsModelWriter: normalizeVisibleItems(visibleItems)> 0, 115, 0, -102, 2, 9, UserHandle{0}, 0, Termux, -1, -1
04-06 02:02:58.912  3132  3566 I AppsModelWriter: normalizeVisibleItems(visibleItems)> 0, 125, 0, -102, 2, 10, UserHandle{0}, 0, AnyDesk, -1, -1
04-06 02:02:58.912  3132  3566 I AppsModelWriter: normalizeVisibleItems(visibleItems)> 0, 127, 0, -102, 2, 11, UserHandle{0}, 0, NEXA - Controle de Dívidas, -1, -1
04-06 02:02:58.912  3132  3566 I AppsModelWriter: normalizeVisibleItems(visibleItems)> 0, 128, 0, -102, 2, 12, UserHandle{0}, 0, Expo Go, -1, -1
04-06 02:02:58.912  3132  3566 I AppsModelWriter: normalizeVisibleItems(visibleItems)> 0, 137, 0, -102, 2, 13, UserHandle{0}, 0, Evolucao, -1, -1
04-06 02:02:58.912  3132  3566 I AppsModelWriter: updateItemsInDataBase : Invalid updateItems
04-06 02:02:58.912  3132  3566 I AppsModelWriter: updateItemsInDataBase : Invalid updateItems
04-06 02:02:58.912  3132  3566 I AppsModelWriter: updateItemsInDataBase : Invalid updateItems
04-06 02:02:58.912  3132  3566 I AppsModelWriter: bindAppsItems : Visible items are empty!!
04-06 02:02:58.913  1321  1844 I ActivityManager: Force stopping com.evolucao.app appid=10353 user=-1: deletePackageX
04-06 02:02:58.916  3132 31006 I LauncherProvider: External provider call by package : com.samsung.android.app.galaxyfinder  for method : get_home_mode
04-06 02:02:58.916  3132 31006 I ExternalMethodFactory: get_home_mode
04-06 02:02:58.917  1321  1321 D SemWifiP2pGoPowerSave: GopsReceiver : received : com.samsung.intent.action.CHECK_SIOP_LEVEL
04-06 02:02:58.917  1321  1321 I SemWifiP2pGoPowerSave: siop_level = 2
04-06 02:02:58.917  6047  6047 I SCS@AiSearch user 0: (BaseFreezingIndexReceiver) updateIndexingStatus to 101 [FROZEN]
04-06 02:02:58.918  6047  6047 I SCS@AiSearch user 0: (SchedulingManager) Freeze scheduling all apps indexing
04-06 02:02:58.918  6047  6047 W WM-WorkSpec: Interval duration lesser than minimum allowed value; Changed to 900000
04-06 02:02:58.919 23436 23512 I SystemBroadcastReceiver: [#CMH#] onReceive completed :  0
04-06 02:02:58.920  1321  1963 I ActivityManager: Force stopping com.evolucao.app appid=10353 user=0: pkg removed
04-06 02:02:58.924  1321  2299 D ActivityManager: Received SERVICE intent 0xbd8a01d Key{startService pkg=com.samsung.android.app.galaxyfinder intent=act=hide_apps cmp=com.samsung.android.app.galaxyfinder/.acceleration.AppCoreService flags=0x2000000 u=0} requestCode=0 from uid 1000
04-06 02:02:58.924  1321  2299 D SEP_UNION_SemDeviceInfoManagerService: reportUriChanged() uri = content://com.sec.android.app.launcher.settings/hiddenApps, tag =  
04-06 02:02:58.924  1321  2299 D SEP_UNION_SemDeviceInfoManagerService: UnionContentObserver onChange: content://com.sec.android.app.launcher.settings/hiddenApps 
04-06 02:02:58.924 23436 23436 I PolicyManager: [#CMH#] onReceive action = EVENT_SIOP
04-06 02:02:58.924  1321  2299 D SEP_UNION_SemDeviceInfoManagerService: Uri matches exactly. Reporting chagnes... 
04-06 02:02:58.924 23436 23436 I PolicyManager: [#CMH#] SIOP level is high = 2
04-06 02:02:58.924  1321  2299 D ActivityTaskManager: SafeActivityOptions created, mOriginalCallingPid=1321, mOriginalCallingUid=1000, options=null, caller=com.android.server.am.PendingIntentRecord.sendInner:500 com.android.server.am.ActivityManagerService.sendIntentSender:6624 com.android.server.am.ActivityManagerService.sendIntentSender:6613 android.app.PendingIntent.sendAndReturnResult:1029 android.app.PendingIntent.send:1000 android.app.PendingIntent.send:908 com.android.server.sepunion.SemDeviceInfoManagerService.reportUriChanged:281 
04-06 02:02:58.927  3132 31006 I LauncherProvider: External provider call by package : com.samsung.android.app.galaxyfinder  for method : get_home_mode
04-06 02:02:58.927  3132 31006 I ExternalMethodFactory: get_home_mode
04-06 02:02:58.932 23436 23517 I ServiceManager: [#CMH#] unbind service START !:  StoryService  /  Servicesstate : Stopped
04-06 02:02:58.955  1321  1321 I GestureDetector: handleMessage TAP
04-06 02:02:58.955  1321  1809 I GestureDetector: handleMessage TAP
04-06 02:02:58.963  1321  8930 D SGM:GameManager: identifyGamePackage. com.sec.android.app.launcher, mCurrentUserId: 0, callerUserId: 0, callingMethodInfo: com.android.server.ssrm.SortingMachine.isGame(SortingMachine.java:162)
04-06 02:02:58.963  1321  8930 D SGM:PkgDataHelper: getGamePkgData(). com.sec.android.app.launcher
04-06 02:02:58.985  7422  7422 I Monkey  : :Sending Touch (ACTION_DOWN): 0:(743.0,567.0)
04-06 02:02:58.986  1321  3118 D PackageManager: setEnabledSetting : userId = 0 packageName = com.samsung.android.scs cmp = androidx.work.impl.background.systemalarm.RescheduleReceiver newState = 1 callingPackage = 10098/com.samsung.android.scs
04-06 02:02:58.992  1321  6793 W NotificationHistory: Attempted to remove channel for locked/gone/disabled user 0
04-06 02:02:58.995  1321  2299 D ActivityManager: Received SERVICE intent 0xbd8a01d Key{startService pkg=com.samsung.android.app.galaxyfinder intent=act=hide_apps cmp=com.samsung.android.app.galaxyfinder/.acceleration.AppCoreService flags=0x2000000 u=0} requestCode=0 from uid 1000
04-06 02:02:58.995  1321  2299 D SEP_UNION_SemDeviceInfoManagerService: reportUriChanged() uri = content://com.sec.android.app.launcher.settings/hiddenApps, tag =  
04-06 02:02:58.995  1321  3118 D ApplicationPolicy: getApplicationStateEnabled : pkg = com.samsung.android.scs userId : 0
04-06 02:02:58.995  1321  3118 D ApplicationPolicy: getApplicationComponentState : pkg = com.samsung.android.scs userId : 0
04-06 02:02:58.997  1321  2447 D InputDispatcher: Inject motion (7422/2000): action=0x0, time=123690294000000, f=0x0, d=0 dsdx=1.000000 dtdx=0.000000
04-06 02:02:58.998  1321  2352 I InputDispatcher: Delivering touch to (2682): action: 0x4, f=0x0, d=0, '6d45259', t=0 
04-06 02:02:58.998  1321  2352 I InputDispatcher: Delivering touch to (6530): action: 0x0, f=0x0, d=0, 'dd68b42', t=0 
04-06 02:02:58.998  6530  6530 I ViewRootImpl@fb54075[]: ViewPostIme pointer 0
04-06 02:02:58.998  6530  6530 I PageOverlayServiceImpl: [FROM APP] moveStart
04-06 02:02:58.998  6530  6530 I PageOverlayServiceImpl: MSG_MOVE_START
04-06 02:02:58.998  6530  6530 I PageOverlayServiceImpl::ShowState: PageOverlayServiceImpl$ShowState.onTouchDown start Activity
04-06 02:02:58.998  6530  6530 I Carnival-ContextExt(): startMainActivity
04-06 02:02:58.999  1321  1809 I GestureDetector: obtain mCurrentDownEvent. id: -1073242817 caller: com.android.server.wm.SystemGesturesPointerEventListener.onPointerEvent:203 com.android.server.wm.PointerEventDispatcher.onInputEvent:53 android.view.InputEventReceiver.dispatchInputEvent:285 
04-06 02:02:58.999  1321  1809 I GestureDetector: obtain mCurrentDownEvent. id: -1073242817 caller: com.android.server.wm.SystemPerformancePointerEventListener.onPointerEvent:89 com.android.server.wm.PointerEventDispatcher.onInputEvent:53 android.view.InputEventReceiver.dispatchInputEvent:285 
04-06 02:02:58.999  6108  6108 I StoryService: [StoryService] On destroy() 
04-06 02:02:58.999  6108  6108 I ServiceController: [StoryService] shutdown() 
04-06 02:02:58.999  1321  3118 D ActivityTaskManager: startActivityAsUser: callingPid=6530, callingUid=10190, caller=com.android.server.wm.ActivityTaskManagerService.startActivityAsUser:1816 com.android.server.wm.ActivityTaskManagerService.startActivity:1767 android.app.IActivityTaskManager$Stub.onTransact:1244 com.android.server.wm.ActivityTaskManagerService.onTransact:6599 android.os.Binder.execTransactInternal:1316 android.os.Binder.execTransact:1280 <bottom of call stack> 
04-06 02:02:59.000  1321  3118 I ActivityTaskManager: START u0 {flg=0x10010000 cmp=com.samsung.android.app.spage/.ui.MainActivity (has extras)} from uid 10190
