04-06 02:02:58.296  1205  1205 D SurfaceFlinger:      DEVICE | 0xb400007693403190 | 0140 | RGBA_8888    |    0.0    0.0 1080.0  112.0 |    0    0 1080  112 | ScreenDecorOv
04-06 02:02:58.296  1205  1205 D SurfaceFlinger: erlay$_2682#90
04-06 02:02:58.296  1205  1205 D SurfaceFlinger:      DEVICE | 0xb4000076a2417230 | 0140 | RGBA_8888    |    0.0    0.0 1080.0  112.0 |    0 2288 1080 2400 | ScreenDecorOverlayBottom$_2682#91
04-06 02:02:58.296  1205  1205 D SurfaceFlinger: 
04-06 02:02:58.297  3132  3132 I ViewRootImpl@9e5719f[LauncherActivity]: updateBlastSurfaceIfNeeded mBlastBufferQueue=0xb4000070acb8c480 isSameSurfaceControl=true
04-06 02:02:58.298  3132  3132 I BLASTBufferQueue: update, w= 1080 h= 2400 mName = ViewRootImpl@9e5719f[LauncherActivity] mNativeObject= 0xb4000070acb8c480 sc.mNativeObject= 0xb4000070a0c7a1e0 format= -2 caller= android.view.ViewRootImpl.updateBlastSurfaceIfNeeded:2898 android.view.ViewRootImpl.relayoutWindow:9847 android.view.ViewRootImpl.performTraversals:3884 android.view.ViewRootImpl.doTraversal:3116 android.view.ViewRootImpl$TraversalRunnable.run:10885 android.view.Choreographer$CallbackRecord.run:1301 
04-06 02:02:58.298  3132  3132 I ViewRootImpl@9e5719f[LauncherActivity]: Relayout returned: old=(0,0,1080,2400) new=(0,0,1080,2400) req=(1080,2400)0 dur=3 res=0x0 s={true 0xb4000070acdb4800} ch=false seqId=0
04-06 02:02:58.298  1321  1812 D ActivityTaskManager: mStartingWindow and mStartingData is null for token=ActivityRecord{4961467 u0 com.sec.android.app.launcher/.activities.LauncherActivity} t659}
04-06 02:02:58.299  1321  1812 V WindowManager: Setting visibility of Window{b331d17 u0 com.android.systemui.ImageWallpaper}: false, caller=com.android.server.wm.WindowContainer.sendAppVisibilityToClients:1246 com.android.server.wm.WindowToken.setClientVisible:431 com.android.server.wm.WallpaperWindowToken.setVisible:160 com.android.server.wm.WallpaperWindowToken.updateWallpaperWindows:154 com.android.server.wm.WallpaperController.updateWallpaperTokens:676 
04-06 02:02:58.299  2682  4226 D WallpaperService: dispatchAppVisibility onVisibilityChanged(): false
04-06 02:02:58.299  2682  2682 D WallpaperService: reportVisibility onVisibilityChanged visible: false
04-06 02:02:58.300  2682  2964 I ImageWallpaper[GLEngine]:  onVisibilityChanged false , 0
04-06 02:02:58.302  1321  2368 D SGM:FgCheckThread: sendFocusOutConditionally() - mPrevNotiPkg: (unknown), userId: 0
04-06 02:02:58.302  1321  2368 D SGM:FgCheckThread:   handleResume(). pkgName: com.sec.android.app.launcher, userId: 0, isTunableApp: null
04-06 02:02:58.302  1321  2368 D SGM:FgCheckThread: notifyFocusInOut(). of pkg: com.sec.android.app.launcher, type: 4, isTunableApp: false, userId: 0
04-06 02:02:58.302  1321  2368 D SGM:FgCheckThread:   notifyFocusInOut(). unexpected mPrevNotiType: -1
04-06 02:02:58.302  1321  2368 D SGM:SystemHelper: callReleaseBlock needReleaseBlock:false
04-06 02:02:58.302  1321  3011 D ActivityManagerPerformance: AMP_release() ACT_RESUME
04-06 02:02:58.305  1104  1166 I HYPER-HAL: [ResourceManager.cpp]removeResource(): [CPUMinFreq] RemoveResource Request ID : 893131
04-06 02:02:58.305  1104  1166 I HYPER-HAL: [RequestManager.cpp]releaseLocked(): Released ID : 893131
04-06 02:02:58.307  1321  1321 I SemExecuteManagerService: handleMessage: MSG_START_SCAN received. Start scanning.
04-06 02:02:58.309  3132  3132 I Launcher.AppsViewCellLayout: com.android.homescreen.apptray.AppsViewCellLayout{80e2018 V.ED..... ......ID 2124,88-3128,2153}[a=1.0,v=0,sId=2] setAlpha : 1.0
04-06 02:02:58.311  1321  1321 I Pageboost: package null
04-06 02:02:58.312  1205  1205 D SurfaceFlinger: Display 4630947232161729153 HWC layers:
04-06 02:02:58.312  1205  1205 D SurfaceFlinger:      DEVICE | 0xb4000076a24175b0 | 0100 | RGBA_8888    |    0.0    0.0 1080.0 2400.0 |   12   26 1068 2374 | Splash Screen com.evolucao.app$_2682#33279
04-06 02:02:58.312  1205  1205 D SurfaceFlinger:      DEVICE | 0xb4000076a2417150 | 0100 | RGBA_8888    |    0.0    0.0 1080.0   88.0 |    0    0 1080   88 | StatusBar$_2682#82
04-06 02:02:58.312  1205  1205 D SurfaceFlinger:      DEVICE | 0xb400007693403eb0 | 0100 | RGBA_8888    |    0.0    0.0   67.0  342.0 | 1013  458 1080  800 | com.samsung.android.app.cocktailbars[...]rvice.CocktailBarService$_7976#33219
04-06 02:02:58.312  1205  1205 D SurfaceFlinger:      DEVICE | 0xb400007693403f90 | 0100 | RGBA_8888    |    0.0    0.0  960.0  176.0 |   60 1888 1020 2064 | Toast$_2682#33274
04-06 02:02:58.312  1205  1205 D SurfaceFlinger:      DEVICE | 0xb4000076a24170e0 | 0100 | RGBA_8888    |    0.0    0.0 1080.0  144.0 |    0 2256 1080 2400 | NavigationBar0$_2682#77
04-06 02:02:58.312  1205  1205 D SurfaceFlinger:      DEVICE | 0xb400007693403190 | 0140 | RGBA_8888    |    0.0    0.0 1080.0  112.0 |    0    0 1080  112 | ScreenDecorOverlay$_2682#90
04-06 02:02:58.312  1205  1205 D SurfaceFlinger:      DEVICE | 0xb4000076a2417230 | 0140 | RGBA_8888    |    0.0    0.0 1080.0  112.0 |    0 2288 1080 2400 | ScreenDeco
04-06 02:02:58.312  1205  1205 D SurfaceFlinger: rOverlayBottom$_2682#91
04-06 02:02:58.312  1205  1205 D SurfaceFlinger: 
04-06 02:02:58.314  7499  7499 D ActivityThread: setConscryptValidator
04-06 02:02:58.315  7499  7499 D ActivityThread: setConscryptValidator - put
04-06 02:02:58.316  1321  6793 I ActivityManager: updateOomAdj start time is before than pendingPid added, don't delete it
04-06 02:02:58.317  1321  1854 I libprocessgroup: Successfully killed process cgroup uid 10353 pid 7518 in 51ms
04-06 02:02:58.317  1005  1005 I Zygote  : Process 7518 exited due to signal 9 (Killed)
04-06 02:02:58.318  1321  6295 I ActivityManager: updateOomAdj start time is before than pendingPid added, don't delete it
04-06 02:02:58.320  2994  2994 D RegisteredNfcFServicesCache: Service unchanged, not updating
04-06 02:02:58.326  3132  3132 I Launcher.AppsViewCellLayout: com.android.homescreen.apptray.AppsViewCellLayout{80e2018 V.ED..... ......ID 2124,88-3128,2153}[a=1.0,v=0,sId=2] setAlpha : 1.0
04-06 02:02:58.328  1321  2415 W SearchableInfo: Invalid searchable metadata for com.samsung.android.messaging/.ui.view.main.picker.contact.ContactPickerActivity: Search label must be a resource reference.
04-06 02:02:58.329  1321  6295 I ActivityManager: updateOomAdj start time is before than pendingPid added, don't delete it
04-06 02:02:58.329  3904  3904 E Routine@Core[4.2.00.52]: RoutineDataMigrator: addHiddenAttributeForOldTag() ActionMeta with oldTag(notification_tts) does not exist.
04-06 02:02:58.332  3904  3904 E Routine@Core[4.2.00.52]: RoutineDataMigrator: addHiddenAttributeForOldTag() ActionMeta with oldTag(flash) does not exist.
04-06 02:02:58.333  3904  3904 E Routine@Core[4.2.00.52]: RoutineDataMigrator: addHiddenAttributeForOldTag() ConditionMeta with oldTag(message_include_keyword) does not exist.
04-06 02:02:58.333  3904  3904 E Routine@Core[4.2.00.52]: RoutineDataMigrator: addHiddenAttributeForOldTag() ConditionMeta with oldTag(message_from_someone) does not exist.
04-06 02:02:58.334  3904  3904 E Routine@Core[4.2.00.52]: RoutineDataMigrator: addHiddenAttributeForOldTag() ActionMeta with oldTag(aod_on) does not exist.
04-06 02:02:58.334  3904  3904 W Routine@Core[4.2.00.52]: RoutineDataMigrator: migrate: newTag (sec_eye_comfort_shield_routine) is not available to migrate for (blue_light_filter_on) oldTag
04-06 02:02:58.334  1321  3120 D CompatibilityChangeReporter: Compat change id reported: 168419799; UID 10062; state: DISABLED
04-06 02:02:58.335  1321  3120 I ActivityManager: DSS OFF for com.samsung.android.app.galaxyfinder
04-06 02:02:58.335  3904  3904 E Routine@Core[4.2.00.52]: RoutineDataMigrator: addHiddenAttributeForOldTag() ActionMeta with oldTag(vibration) does not exist.
04-06 02:02:58.335  3904  3904 W Routine@Core[4.2.00.52]: RoutineDataMigrator: migrate: newTag (control_smartthings_not_reversible) is not available to migrate for (device_control) oldTag
04-06 02:02:58.342  3132  3132 I Launcher.AppsViewCellLayout: com.android.homescreen.apptray.AppsViewCellLayout{80e2018 V.ED..... ......ID 2124,88-3128,2153}[a=1.0,v=0,sId=2] setAlpha : 1.0
04-06 02:02:58.342  2682  2793 D OpenGLRenderer: setSurface called with nullptr
04-06 02:02:58.342  2682  2793 D OpenGLRenderer: setSurface() destroyed EGLSurface
04-06 02:02:58.342  2682  2793 D OpenGLRenderer: destroyEglSurface
04-06 02:02:58.343  1321  3120 I AppOps  : updateUidProcState uid: 10041 procState: 0 capability:15
04-06 02:02:58.343  2682  2786 I ViewRootImpl@7a256f7[app]: performTraversals params={(0,0)(fillxfill) sim={adjust=pan} ty=APPLICATION_STARTING fmt=TRANSLUCENT wanim=0x1030309 alpha=0.0
04-06 02:02:58.343  2682  2786 I ViewRootImpl@7a256f7[app]:   fl=81030118
04-06 02:02:58.343  2682  2786 I ViewRootImpl@7a256f7[app]:   pfl=16000010
04-06 02:02:58.343  2682  2786 I ViewRootImpl@7a256f7[app]:   bhv=DEFAULT
04-06 02:02:58.343  2682  2786 I ViewRootImpl@7a256f7[app]:   fitSides= naviIconColor=0}
04-06 02:02:58.343  2682  2786 I ViewRootImpl@7a256f7[app]: performTraversals mFirst=false windowShouldResize=false viewVisibilityChanged=true mForceNextWindowRelayout=false params={(0,0)(fillxfill) sim={adjust=pan} ty=APPLICATION_STARTING fmt=TRANSLUCENT wanim=0x1030309 alpha=0.0
04-06 02:02:58.343  2682  2786 I ViewRootImpl@7a256f7[app]:   fl=81030118
04-06 02:02:58.343  2682  2786 I ViewRootImpl@7a256f7[app]:   pfl=16000010
04-06 02:02:58.343  2682  2786 I ViewRootImpl@7a256f7[app]:   bhv=DEFAULT
04-06 02:02:58.343  2682  2786 I ViewRootImpl@7a256f7[app]:   fitSides= naviIconColor=0}
04-06 02:02:58.344  1321  3120 V WindowManager: Relayout Window{5d87c5f u0 Splash Screen com.evolucao.app}: viewVisibility=8 req=1080x2400 d0
04-06 02:02:58.344  1321  3120 D WindowManager: Set animatingExit: reason=startExitingAnimation/isExitAnimationRunningSelfOrParent win=Window{5d87c5f u0 Splash Screen com.evolucao.app EXITING}
04-06 02:02:58.345  1389  3314 I CameraService: onUidStateChanged: uid=10041, procState is changed. (1 -> 0)
04-06 02:02:58.345  1321  3120 V WindowManager: Changing focus from null to Window{dd68b42 u0 com.samsung.android.app.spage} displayId=0 Callers=com.android.server.wm.RootWindowContainer.updateFocusedWindowLocked:595 com.android.server.wm.WindowManagerService.updateFocusedWindowLocked:6810 com.android.server.wm.WindowManagerService.relayoutWindow:2820 com.android.server.wm.Session.relayout:274 
04-06 02:02:58.345  1321  3120 D MARsPolicyManager: onPackageResumedFG pkgName = com.samsung.android.app.spage, userId = 0
04-06 02:02:58.345  1321  3120 I WindowManager: Cancelling animation restarting=true, leash=Surface(name=Surface(name=330a1a StatusBar)/@0xb1cd9fc - animation-leash of insets_animation)/@0x5fe44c5
04-06 02:02:58.346  1321  3120 I WindowManager: Reparenting to original parent: Surface(name=WindowToken{3aa80c5 type=2000 android.os.BinderProxy@3c7692f})/@0xa9bc885, destroy=false, surface=Surface(name=330a1a StatusBar)/@0xb1cd9fc
04-06 02:02:58.346  1321  3120 I WindowManager: Reparenting to leash, surface=Surface(name=330a1a StatusBar)/@0xb1cd9fc, leashParent=Surface(name=WindowToken{3aa80c5 type=2000 android.os.BinderProxy@3c7692f})/@0xa9bc885
04-06 02:02:58.346  7499  7499 D CompatibilityChangeReporter: Compat change id reported: 171979766; UID 10062; state: ENABLED
04-06 02:02:58.346  1205  4200 I SurfaceFlinger: id=33286 createSurf, flag=24000, Surface(name=330a1a StatusBar)/@0xb1cd9fc - animation-leash of insets_animation#33286
04-06 02:02:58.346  1321  3120 D WindowManager: makeSurface duration=0 leash=Surface(name=Surface(name=330a1a StatusBar)/@0xb1cd9fc - animation-leash of insets_animation)/@0x75d77fb
04-06 02:02:58.346  1321  3120 I WindowManager: Cancelling animation restarting=true, leash=Surface(name=Surface(name=6d45259 NavigationBar0)/@0x28b570b - animation-leash of insets_animation)/@0xd2ecd4b
04-06 02:02:58.346  1321  3120 I WindowManager: Reparenting to original parent: Surface(name=WindowToken{624d6a0 type=2019 android.os.BinderProxy@dd6a6d2})/@0x75b99e8, destroy=false, surface=Surface(name=6d45259 NavigationBar0)/@0x28b570b
04-06 02:02:58.347  1321  3120 I WindowManager: Reparenting to leash, surface=Surface(name=6d45259 NavigationBar0)/@0x28b570b, leashParent=Surface(name=WindowToken{624d6a0 type=2019 android.os.BinderProxy@dd6a6d2})/@0x75b99e8
04-06 02:02:58.347  1205  4200 I SurfaceFlinger: id=33287 createSurf, flag=24000, Surface(name=6d45259 NavigationBar0)/@0x28b570b - animation-leash of insets_animation#33287
04-06 02:02:58.347  1321  3120 D WindowManager: makeSurface duration=0 leash=Surface(name=Surface(name=6d45259 NavigationBar0)/@0x28b570b - animation-leash of insets_animation)/@0x6354a71
04-06 02:02:58.348  1321  3120 D WindowManager: updateSystemBarAttributes: displayId=0, win=Window{dd68b42 u0 com.samsung.android.app.spage}, navColorWin=Window{7ae1b77 u0 com.sec.android.app.launcher/com.sec.android.app.launcher.activities.LauncherActivity}, focusedCanBeNavColorWin=false, behavior=1, appearance=0, statusBarAppearanceRegions=[AppearanceRegion{ bounds=[0,0][1080,2400]}], requestedVisibilities=, from=com.android.server.wm.DisplayPolicy.focusChangedLw:3254 com.android.server.wm.DisplayContent.updateFocusedWindowLocked:4632 com.android.server.wm.RootWindowContainer.updateFocusedWindowLocked:595 
04-06 02:02:58.348  1321  3120 D StatusBarManagerService: notifyRequestedSystemKey recent=false home=false
04-06 02:02:58.348  1321  3120 V WindowManager: Relayout hash=5d87c5f, pid=2682, syncId=-1: mAttrs={(0,0)(fillxfill) sim={adjust=pan} ty=APPLICATION_STARTING fmt=TRANSLUCENT wanim=0x1030309 alpha=0.0
04-06 02:02:58.348  1321  3120 V WindowManager:   fl=81030118
04-06 02:02:58.348  1321  3120 V WindowManager:   pfl=16000010
04-06 02:02:58.348  1321  3120 V WindowManager:   bhv=DEFAULT
04-06 02:02:58.348  1321  3120 V WindowManager:   fitSides= naviIconColor=0}
04-06 02:02:58.350  2682  2786 I ViewRootImpl@7a256f7[app]: Relayout returned: old=(0,0,1080,2400) new=(0,0,1080,2400) req=(1080,2400)8 dur=6 res=0x2 s={false 0x0} ch=true seqId=0
04-06 02:02:58.350  2682  2786 I ViewRootImpl@7a256f7[app]: dispatchDetachedFromWindow
04-06 02:02:58.349  4429  4429 I DWBParentalUtils: isChild ? false
04-06 02:02:58.351  3132 18743 I TouchInteractionService: onSystemUiStateChanged, stateFlags : 131072 |allow_gesture|
04-06 02:02:58.351  5282  5282 I Routine@Ui[4.2.00.52]: MetadataSyncHistory: latest : 4.2.00.52, currentVersion : 4.2.00.52
04-06 02:02:58.352  3132  3132 I RecentsAnimationDeviceState: setSystemUiFlags, stateFlags : 131072
04-06 02:02:58.352  3132  3132 I TouchInteractionService: onSystemUiFlagsChanged, lastSysUIFlags : 0
04-06 02:02:58.352  3904  3904 W Routine@Core[4.2.00.52]: RoutineDataMigrator: migrate: newTag (control_smartthings_not_reversible) is not available to migrate for (run_a_scene) oldTag
04-06 02:02:58.352  3904  3904 E Routine@Core[4.2.00.52]: RoutineDataMigrator: addHiddenAttributeForOldTag() ActionMeta with oldTag(color_adjustment) does not exist.
04-06 02:02:58.353  3904  3904 W Routine@Core[4.2.00.52]: RoutineDataMigrator: migrate: newTag (dc_power_mode_action) is not available to migrate for (upsm_on) oldTag
04-06 02:02:58.353  3904  3904 W Routine@Core[4.2.00.52]: RoutineDataMigrator: migrate: newTag (watch_theater_mode) is not available to migrate for (watch_theater_mode) oldTag
04-06 02:02:58.354  1321  3120 D WindowManager: Starting window removed Window{5d87c5f u0 Splash Screen com.evolucao.app EXITING}
04-06 02:02:58.354  1321  3120 D InputTransport: Input channel destroyed: '5d87c5f', fd=1093
04-06 02:02:58.354  1321  3120 W InputManager-JNI: Input channel object '5d87c5f Splash Screen com.evolucao.app (client)' was disposed without first being removed with the input manager!
04-06 02:02:58.354  1321  3120 D InputTransport: Input channel destroyed: '5d87c5f', fd=1094
04-06 02:02:58.354  3904  3904 W Routine@Core[4.2.00.52]: RoutineDataMigrator: migrate: newTag (watch_theater_mode) is not available to migrate for (watch_theater_mode) oldTag
04-06 02:02:58.354  4429  4429 I DWBAppTimerReceiver: com.samsung.android.forest.PACKAGE_ADDED received
04-06 02:02:58.354  3904  3904 I Routine@Core[4.2.00.52]: RoutineDataMigrator: deprecateOldTag() oldTag and newTag are same, it doesn't have to be deprecated - show_action_list
04-06 02:02:58.354  3904  3904 I Routine@Core[4.2.00.52]: RoutineDataMigrator: migration - end
04-06 02:02:58.355  3904  3904 I Routine@Core[4.2.00.52]: RoutineHistoryDumpImpl: [RoutineDataMigrator]  done. results=[]
04-06 02:02:58.355  1321  3120 V WindowManager: Remove Window{5d87c5f u0 Splash Screen com.evolucao.app EXITING}: mSurfaceController=Surface(name=Splash Screen com.evolucao.app$_2682)/@0xc831cad mAnimatingExit=true mRemoveOnExit=false mHasSurface=true surfaceShowing=true animating=true app-animation=true mWillReplaceWindow=false mDisplayFrozen=false callers=com.android.server.wm.WindowState.removeIfPossible:3047 com.android.server.wm.WindowManagerService.removeWindow:2289 com.android.server.wm.Session.remove:236 android.view.IWindowSession$Stub.onTransact:743 com.android.server.wm.Session.onTransact:188 android.os.Binder.execTransactInternal:1321 
04-06 02:02:58.355  1321  3120 I WindowManager: Destroying surface Surface(name=Splash Screen com.evolucao.app$_2682)/@0xc831cad called by com.android.server.wm.WindowStateAnimator.destroySurface:947 com.android.server.wm.WindowStateAnimator.destroySurfaceLocked:537 com.android.server.wm.WindowState.removeImmediately:2975 com.android.server.wm.WindowState.removeIfPossible:3234 com.android.server.wm.WindowState.removeIfPossible:3047 com.android.server.wm.WindowManagerService.removeWindow:2289 com.android.server.wm.Session.remove:236 android.view.IWindowSession$Stub.onTransact:743 
04-06 02:02:58.355  1321  3120 V WindowManager: Nulling last startingData
04-06 02:02:58.358  1205  1205 I Layer   : id=33278 removedFromDrawingState 5d87c5f Splash Screen com.evolucao.app#33278 (132)
04-06 02:02:58.358  1205  1205 I Layer   : id=33279 removedFromDrawingState Splash Screen com.evolucao.app$_2682#33279 (132)
04-06 02:02:58.358  1205  1205 I Layer   : id=33280 removedFromDrawingState Surface(name=330a1a StatusBar)/@0xb1cd9fc - animation-leash of insets_animation#33280 (132)
04-06 02:02:58.358  1205  1205 I Layer   : id=33281 removedFromDrawingState Surface(name=6d45259 NavigationBar0)/@0x28b570b - animation-leash of insets_animation#33281 (132)
04-06 02:02:58.358  1205  1205 I Layer   : id=67 removedFromDrawingState 6d45259 NavigationBar0#67 (132)
04-06 02:02:58.358  1205  1205 I Layer   : id=77 removedFromDrawingState NavigationBar0$_2682#77 (132)
04-06 02:02:58.358  1205  1205 I Layer   : id=67 addToCurrentState 6d45259 NavigationBar0#67 (132)
04-06 02:02:58.358  1205  1205 I Layer   : id=77 addToCurrentState NavigationBar0$_2682#77 (132)
04-06 02:02:58.358  1205  1205 I Layer   : id=33279 removedFromDrawingState Splash Screen com.evolucao.app$_2682#33279 (132)
04-06 02:02:58.358  1205  1205 I SurfaceFlinger: [dd68b42 com.samsung.android.app.spage#117] FrameRatePriority: 1
04-06 02:02:58.358  1205  1205 I SurfaceFlinger: id=33278 Removed 5d87c5f Splash Screen com.evolucao.app#33278 (132)
04-06 02:02:58.358  1205  1205 I SurfaceFlinger: id=33279 Removed Splash Screen com.evolucao.app$_2682#33279 (132)
04-06 02:02:58.358  1205  1205 I Layer   : id=33278 Destroyed 5d87c5f Splash Screen com.evolucao.app#33278
04-06 02:02:58.359  1321  2447 D InputDispatcher: Focus request (0): dd68b42 com.samsung.android.app.spage but waiting because NOT_VISIBLE
04-06 02:02:58.359  1321  6793 D InputDispatcher: Focus entered window (0): dd68b42 com.samsung.android.app.spage
04-06 02:02:58.359  3132  3132 I Launcher.AppsViewCellLayout: com.android.homescreen.apptray.AppsViewCellLayout{80e2018 V.ED..... ......ID 2124,88-3128,2153}[a=1.0,v=0,sId=2] setAlpha : 1.0
04-06 02:02:58.360  1205  1205 I Layer   : id=33279 Destroyed Splash Screen com.evolucao.app$_2682#33279
04-06 02:02:58.360  1205  1259 I SurfaceFlinger: id=33281 Removed Surface(name=6d45259 NavigationBar0)/@0x28b570b - animation-leash of insets_animation#33281 (130)
04-06 02:02:58.360  1205  1259 I SurfaceFlinger: id=33280 Removed Surface(name=330a1a StatusBar)/@0xb1cd9fc - animation-leash of insets_animation#33280 (130)
04-06 02:02:58.361  1205  1205 D SurfaceFlinger: Display 4630947232161729153 HWC layers:
04-06 02:02:58.361  1205  1205 D SurfaceFlinger:      DEVICE | 0xb400007693403120 | 0100 | RGBA_8888    |  269.0  599.0  811.0 1801.0 |    0    0 1080 2400 | com.sec.android.app.launcher/com.sec[...]ivities.LauncherActivity$_3132#33254
04-06 02:02:58.361  1205  1205 D SurfaceFlinger:      DEVICE | 0xb400007693403510 | 0100 | RGBA_8888    |  269.0  599.0  811.0 1801.0 |    0    0 1080 2400 | $_6530#33253
04-06 02:02:58.361  1205  1205 D SurfaceFlinger:      DEVICE | 0xb4000076a2417150 | 0100 | RGBA_8888    |    0.0    0.0 1080.0   88.0 |    0    0 1080   88 | StatusBar$_2682#82
04-06 02:02:58.361  1205  1205 D SurfaceFlinger:      DEVICE | 0xb400007693403eb0 | 0100 | RGBA_8888    |    0.0    0.0   67.0  342.0 | 1013  458 1080  800 | com.samsung.android.app.cocktailbars[...]rvice.CocktailBarService$_7976#33219
04-06 02:02:58.361  1205  1205 D SurfaceFlinger:      DEVICE | 0xb400007693403f90 | 0100 | RGBA_8888    |    0.0    0.0  960.0  176.0 |   60 1888 1020 2064 | Toast$_2682#33274
04-06 02:02:58.361  1205  1205 D SurfaceFlinger:      DEVICE | 0xb4000076a24187a0 | 0100 | RGBA_8888    |    0.0    0.0 1080.0  144.0 |    0 2256 1080 2400 | NavigationBar0$_2682#77
04-06 02:02:58.361  1205  1205 D SurfaceFlinger:      DEVICE | 0xb400007693403190 | 0140 | RGBA_8888    |    0.0    0.0 1080.0  112.0 |    0    0 10
04-06 02:02:58.361  1205  1205 D SurfaceFlinger: 80  112 | ScreenDecorOverlay$_2682#90
04-06 02:02:58.361  1205  1205 D SurfaceFlinger:      DEVICE | 0xb4000076a2417230 | 0140 | RGBA_8888    |    0.0    0.0 1080.0  112.0 |    0 2288 1080 2400 | ScreenDecorOverlayBottom$_2682#91
04-06 02:02:58.361  1205  1205 D SurfaceFlinger: 
04-06 02:02:58.362  1321  6287 W WindowManager: Failed looking up window session=Session{a169ef3 2682:u0a10041} callers=com.android.server.wm.WindowManagerService.windowForClientLocked:6618 com.android.server.wm.Session.setOnBackInvokedCallbackInfo:1090 android.view.IWindowSession$Stub.onTransact:1319 
04-06 02:02:58.362  1321  6287 E WindowManager: setOnBackInvokedCallback(): No window state for package:com.android.systemui
04-06 02:02:58.362  2682  2786 D InputTransport: Input channel destroyed: '5d87c5f', fd=358
04-06 02:02:58.363  6530  6530 I ViewRootImpl@fb54075[]: MSG_WINDOW_FOCUS_CHANGED 1 1
04-06 02:02:58.363  6530  6530 I ViewRootImpl@fb54075[]: mThreadedRenderer.initializeIfNeeded()#2 mSurface={isValid=true 0xb400007026830800}
04-06 02:02:58.363  1321  2352 I InputDispatcher: Delivering key to (6530): DP action: 0x0 (0), f=0x8, m=0x0, d=0, 'dd68b42'
04-06 02:02:58.363  6530  6530 I InputMethodManager: startInputInner - mService.startInputOrWindowGainedFocus
04-06 02:02:58.363  1321  6793 D InputDispatcher: Inject key (7422/2000): action=1, f=0x8, d=-1, time=123689672000000
04-06 02:02:58.363  1321  6793 D WindowManager: interceptKeyTq interceptKeyResult=1
04-06 02:02:58.364  1321  2447 V InputMethodManagerService: hideCurrentInputLocked : canceled, shouldHideSoftInput=false, mInputShown=false, mImeWindowVis=0
04-06 02:02:58.364  1321  2447 I InputMethodBindingController: setCurrentMethodNotVisible: mVisibleBound=false, mHasConnection=true, caller = com.android.server.inputmethod.InputMethodManagerService.hideCurrentInputLocked:4356 com.android.server.inputmethod.InputMethodManagerService.startInputOrWindowGainedFocusInternalLocked:4783 com.android.server.inputmethod.InputMethodManagerService.startInputOrWindowGainedFocusInternal:4440 com.android.server.inputmethod.InputMethodManagerService.startInputOrWindowGainedFocus:4379 com.android.internal.view.IInputMethodManager$Stub.onTransact:518 com.android.server.inputmethod.InputMethodManagerService.onTransact:2302 android.os.Binder.execTransactInternal:1316 android.os.Binder.execTransact:1280 <bottom of call stack> <bottom of call stack> 
04-06 02:02:58.364  1321  2447 D InputMethodManagerService: DESKTOP MODE! : 2
04-06 02:02:58.364  1321  2447 D InputMethodManagerService: NOT IN KNOX DESKTOP MODE!
04-06 02:02:58.364  1321  2447 V InputMethodManagerService: getDisplayIdOfInputMethodWindowToBeAdded: displayId=0
04-06 02:02:58.364  1321  2447 D InputMethodManagerService: isImeSwitcherDisabledPackage : false
04-06 02:02:58.364  1321  2447 D InputMethodManagerService: shouldShowImeSwitcherLocked : checking vis : 3
04-06 02:02:58.364  1321  2447 D InputMethodManagerService: checkDisplayOfStartInputAndUpdateKeyboard: displayId=0, mFocusedDisplayId=0
04-06 02:02:58.364  1321  2447 D InputTransport: Input channel constructed: 'ClientS', fd=1188
04-06 02:02:58.364  1321  2447 D InputTransport: Input channel destroyed: 'ClientS', fd=1188
04-06 02:02:58.365  1321  2488 W SemWifiTransportLayerUtils: getApplicationCategory - IOException com.evolucao.app
04-06 02:02:58.365  6798  6798 I HBD     : HoneyBoardService onFinishInput 
04-06 02:02:58.365  1321  2488 W System.err: java.io.FileNotFoundException: https://play.google.com/store/apps/details?id=com.evolucao.app&hl=en
04-06 02:02:58.365  1321  2488 W System.err: 	at com.android.okhttp.internal.huc.HttpURLConnectionImpl.getInputStream(HttpURLConnectionImpl.java:255)
04-06 02:02:58.365  1321  2488 W System.err: 	at com.android.okhttp.internal.huc.DelegatingHttpsURLConnection.getInputStream(DelegatingHttpsURLConnection.java:211)
04-06 02:02:58.365  1321  2488 W System.err: 	at com.android.okhttp.internal.huc.HttpsURLConnectionImpl.getInputStream(HttpsURLConnectionImpl.java:30)
04-06 02:02:58.365  1321  2488 W System.err: 	at com.samsung.android.server.wifi.tcp.SemWifiTransportLayerUtils.getApplicationCategory(SemWifiTransportLayerUtils.java:104)
04-06 02:02:58.365  1321  2488 W System.err: 	at com.samsung.android.server.wifi.tcp.SemWifiTransportLayerMonitor$TcpMonitorHandler.handleMessage(SemWifiTransportLayerMonitor.java:244)
04-06 02:02:58.365  1321  2488 W System.err: 	at android.os.Handler.dispatchMessage(Handler.java:106)
04-06 02:02:58.365  1321  2488 W System.err: 	at android.os.Looper.loopOnce(Looper.java:226)
04-06 02:02:58.365  1321  2488 W System.err: 	at android.os.Looper.loop(Looper.java:313)
04-06 02:02:58.365  1321  2488 W System.err: 	at android.os.HandlerThread.run(HandlerThread.java:67)
04-06 02:02:58.366  6798  6798 I HBD     : a IC have been unbinding,  RemoteInputConnection{idHash=#298e597}
04-06 02:02:58.366  1321  2488 D SemWifiTransportLayerMonitor.TcpMonitorHandler: MSG_SAVE_PACKAGE_INFO
04-06 02:02:58.366  1321  2488 D SemWifiTransportLayerFileManager: saveWifiPackageInfoToFile
04-06 02:02:58.366  1321  2488 D SemWifiTransportLayerFileManager: writeWifiPackageInfoList
04-06 02:02:58.369  6798  6798 I HBD     : HoneyBoardService [PF_CL][onFinishInput]  4 ms 
04-06 02:02:58.369  6798  6798 I HBD     : HoneyBoardService [IMI] onStartInput - caller pid : 6530 , caller uid : 10190 
04-06 02:02:58.369  6798  6798 I HBD     : j updateConfigs 
04-06 02:02:58.369  6798  6798 I HBD     : j isEnabledNightMode : true 
04-06 02:02:58.370  6798  6798 I HBD     : a IC have been binding, RemoteInputConnection{idHash=#298e597} 
04-06 02:02:58.370  6798  6798 I HBD     : h [EditorInputType]setPrivateImeOptionsToTable privateImeOptions ( null )
04-06 02:02:58.370  6798  6798 I HBD     : b incognitoMode : false 
04-06 02:02:58.370  6798  6798 I HBD     : b needOff = true , isForceOff = false, isNullInputClass : true 
04-06 02:02:58.370  6798  6798 I HBD     : h getDefaultInputRange : UNKNOWN 
04-06 02:02:58.370  6798  6798 I HBD     : h getDefaultInputRange : UNKNOWN 
04-06 02:02:58.371  6798  6798 I HBD     : h getDefaultInputRange : UNKNOWN 
04-06 02:02:58.371  1321  2488 D SGM:GameManager: identifyGamePackage. com.evolucao.app.test, mCurrentUserId: 0, callerUserId: 0, callingMethodInfo: com.samsung.android.game.SemGameManager.isGamePackage(SemGameManager.java:104)
04-06 02:02:58.371  1321  2488 D SGM:PkgDataHelper: getGamePkgData(). com.evolucao.app.test
04-06 02:02:58.371  1321  2488 D SGM:SemGameManager: isGamePackage(), pkgName=com.evolucao.app.test, ret=false
04-06 02:02:58.372  4429  4429 I DWBParentalUtils: isChild ? false
04-06 02:02:58.373  6798  6798 I HBD     : b needOff = true , isForceOff = false, isNullInputClass : true 
04-06 02:02:58.373  6798  6798 I HBD     : b update cached prediction status : false 
04-06 02:02:58.373  6798  6798 I HBD     : h getDefaultInputRange : UNKNOWN 
04-06 02:02:58.373  6798  6798 I HBD     : a currentState : 0 
04-06 02:02:58.374  1205  1205 I Layer   : id=33280 Destroyed Surface(name=330a1a StatusBar)/@0xb1cd9fc - animation-leash of insets_animation#33280
04-06 02:02:58.374  1205  1205 I Layer   : id=33281 Destroyed Surface(name=6d45259 NavigationBar0)/@0x28b570b - animation-leash of insets_animation#33281
04-06 02:02:58.374  6798  6798 I HBD     : a [UpdatePolicy] [post] a: 0 cl: 3276809 kit: [0/0] vt: 3 ir: 1 
04-06 02:02:58.374  3132  3132 I Launcher.AppsViewCellLayout: com.android.homescreen.apptray.AppsViewCellLayout{80e2018 V.ED..... ......ID 2124,88-3128,2153}[a=1.0,v=0,sId=2] setAlpha : 1.0
04-06 02:02:58.375  6798  6798 I HBD     : a [NRIC] resetNoResponseState 
04-06 02:02:58.375  6798  6798 I HBD     : b needOff = true , isForceOff = false, isNullInputClass : true 
04-06 02:02:58.375  6798  6798 I HBD     : b update cached prediction status : false 
04-06 02:02:58.375  6798  6798 I HBD     : HoneyBoardService [PF_OP][onStartInput]  6 ms 
04-06 02:02:58.376  6798  6798 I HBD     : b skip onKeyDown as physical keyboard not connected 
04-06 02:02:58.376  6798  6798 I HBD     : HoneyBoardService onKeyDown r:23294f84 consumed:false 0 
04-06 02:02:58.377  6530  6530 I ViewRootImpl@fb54075[]: setInTouchMode(false), android.view.ViewRootImpl.checkForLeavingTouchModeAndConsume:9376 android.view.ViewRootImpl.-$$Nest$mcheckForLeavingTouchModeAndConsume:0 android.view.ViewRootImpl$EarlyPostImeInputStage.processKeyEvent:7707 android.view.ViewRootImpl$EarlyPostImeInputStage.onProcess:7691 android.view.ViewRootImpl$InputStage.deliver:7213 android.view.ViewRootImpl$InputStage.onDeliverToNext:7270 android.view.ViewRootImpl$InputStage.forward:7236 android.view.ViewRootImpl$AsyncInputStage.forward:7467 android.view.ViewRootImpl$ImeInputStage.onFinishedInputEvent:7676 android.view.inputmethod.InputMethodManager$PendingEvent.run:3897 
04-06 02:02:58.377  6530  6530 I ViewRootImpl@fb54075[]: ViewPostIme key 0
04-06 02:02:58.377  1321  2918 D InputDispatcher: Touch mode switch rejected, caller (pid=0, uid=10190) doesn't own the focused window nor none of the previously interacted window
04-06 02:02:58.377  1321  2352 I InputDispatcher: Delivering key to (6530): DP action: 0x1 (0), f=0x8, m=0x0, d=0, 'dd68b42'
04-06 02:02:58.379  1321  1842 I SemExecuteManagerService: onSomePackagesChanged
04-06 02:02:58.379  1321  1842 D EnterpriseDeviceManagerService: Package has changed for user 0
04-06 02:02:58.379  1321  1842 D EnterpriseDeviceManagerService: Admin package name: com.samsung.android.kgclient
04-06 02:02:58.382  4856  4856 I FILP/PackageIntentReceiver: action : com.samsung.android.provider.filterprovider.INTENT_PACKAGE_ADDED
04-06 02:02:58.382  4856  4856 I FILP/PackageIntentReceiver: pkgName : com.evolucao.app.test
04-06 02:02:58.386  6798  6798 I HBD     : HoneyBoardService onKeyUp r:e30a0220 consumed:false 1 
04-06 02:02:58.387  6530  6530 I ViewRootImpl@fb54075[]: ViewPostIme key 1
04-06 02:02:58.387  4856  4856 E FILP/PackageIntentReceiver: This package does not have permission
04-06 02:02:58.387  1321  2488 D SemWifiTransportLayerMonitor.TcpMonitorHandler: MSG_SAVE_PACKAGE_INFO
04-06 02:02:58.387  1321  2488 D SemWifiTransportLayerFileManager: saveWifiPackageInfoToFile
04-06 02:02:58.387  1321  2488 D SemWifiTransportLayerFileManager: writeWifiPackageInfoList
04-06 02:02:58.387  1321  2898 W BroadcastQueue: Background execution not allowed: receiving Intent { act=android.intent.action.PACKAGE_RESTARTED dat=package: flg=0x10 (has extras) } to android/com.kddi.android.CpaNotiReceiver
04-06 02:02:58.389  1321  2488 D TrafficStats: tagSocket(1192) with statsTag=0xffffffff, statsUid=-1
04-06 02:02:58.391  3132  3132 I Launcher.AppsViewCellLayout: com.android.homescreen.apptray.AppsViewCellLayout{80e2018 V.ED..... ......ID 2124,88-3128,2153}[a=1.0,v=0,sId=2] setAlpha : 1.0
04-06 02:02:58.398  1321  1959 D PackageSettings: ++ writeStateForUserSyncLPr(0)
04-06 02:02:58.398  1321  1959 W PackageSettings: -- writeStateForUserSyncLPr(0)
04-06 02:02:58.405  3904  3904 I Routine@Core[4.2.00.52]: SleepScheduleInfoRequester: getMigrationDataAboutSleepSchedule
04-06 02:02:58.406  3132  3566 I PostPositionOperator: addItem() - com.evolucao.app, isWidgetOnly : true
04-06 02:02:58.406  1321  3120 I ActivityManager: com.sec.android.app.clockpackage is exempt from freezer by list
04-06 02:02:58.406  1321  3120 D CompatibilityChangeReporter: Compat change id reported: 135634846; UID 10140; state: DISABLED
04-06 02:02:58.406  1321  3120 D CompatibilityChangeReporter: Compat change id reported: 177438394; UID 10140; state: DISABLED
04-06 02:02:58.406  1321  3120 D CompatibilityChangeReporter: Compat change id reported: 135772972; UID 10140; state: DISABLED
04-06 02:02:58.406  1321  3120 D CompatibilityChangeReporter: Compat change id reported: 135754954; UID 10140; state: ENABLED
04-06 02:02:58.406  1321  1845 D CompatibilityChangeReporter: Compat change id reported: 143937733; UID 10140; state: ENABLED
04-06 02:02:58.408  3132  3132 I Launcher.AppsViewCellLayout: com.android.homescreen.apptray.AppsViewCellLayout{80e2018 V.ED..... ......ID 2124,88-3128,2153}[a=1.0,v=0,sId=2] setAlpha : 1.0
04-06 02:02:58.415  1005  1005 D Zygote  : Forked child process 7557
04-06 02:02:58.416  1321  1845 I ActivityManager: Start proc 7557:com.sec.android.app.clockpackage/u0a140 for content provider {com.sec.android.app.clockpackage/com.sec.android.app.clockpackage.alarm.model.AlarmProvider}
04-06 02:02:58.424  3132  3132 I Launcher.AppsViewCellLayout: com.android.homescreen.apptray.AppsViewCellLayout{80e2018 V.ED..... ......ID 2124,88-3128,2153}[a=1.0,v=0,sId=2] setAlpha : 1.0
04-06 02:02:58.437  3132  3566 I InstallShortcutReceiver: flushQueueInBackground 0
04-06 02:02:58.441  3132  3132 I Launcher.AppsViewCellLayout: com.android.homescreen.apptray.AppsViewCellLayout{80e2018 V.ED..... ......ID 2124,88-3128,2153}[a=1.0,v=0,sId=2] setAlpha : 1.0
04-06 02:02:58.441 12013 12021 I android.vending: Background young concurrent copying GC freed 164537(7874KB) AllocSpace objects, 2(136KB) LOS objects, 30% free, 18MB/26MB, paused 271us,594us total 161.365ms
04-06 02:02:58.456 25143 32169 I Icing   : Indexing done com.google.android.gms-apps
04-06 02:02:58.457  3132  3132 I Launcher.AppsViewCellLayout: com.android.homescreen.apptray.AppsViewCellLayout{80e2018 V.ED..... ......ID 2124,88-3128,2153}[a=1.0,v=0,sId=2] setAlpha : 1.0
04-06 02:02:58.457  3132  3132 I AppsSearchBar: mCurrentCellLayouts onAnimationEnd
04-06 02:02:58.457  3132  3132 I Launcher.AppsViewCellLayout: com.android.homescreen.apptray.AppsViewCellLayout{80e2018 V.ED..... ......ID 2124,88-3128,2153}[a=1.0,v=0,sId=2] setAlpha : 1.0
04-06 02:02:58.459  1321  6295 D InputDispatcher: Inject key (7422/2000): action=0, f=0x8, d=-1, time=123689767000000
04-06 02:02:58.459  1321  6295 D WindowManager: interceptKeyTq interceptKeyResult=1
04-06 02:02:58.459  1321  2352 I InputDispatcher: Delivering key to (6530): DP action: 0x0 (0), f=0x8, m=0x0, d=0, 'dd68b42'
04-06 02:02:58.460  6798  6798 I HBD     : b skip onKeyDown as physical keyboard not connected 
04-06 02:02:58.460  1321  2918 D InputDispatcher: Inject key (7422/2000): action=1, f=0x8, d=-1, time=123689769000000
04-06 02:02:58.460  1321  2918 D WindowManager: interceptKeyTq interceptKeyResult=1
04-06 02:02:58.460  6798  6798 I HBD     : HoneyBoardService onKeyDown r:b34cd946 consumed:false 0 
04-06 02:02:58.461  6530  6530 I ViewRootImpl@fb54075[]: ViewPostIme key 0
04-06 02:02:58.461  1321  1842 D AccessibilityManagerService: currentTargets : [] targetsFromSetting : []
04-06 02:02:58.461  1321  1842 D AccessibilityManagerService: componentId : null userState.getTargetAssignedToAccessibilityButton() : null
04-06 02:02:58.461  1321  1842 D AccessibilityManagerService: readAccessibilityDirectAccessSettingLocked currentTargets : [] targetsFromSetting : []
04-06 02:02:58.461  1321  2352 I InputDispatcher: Delivering key to (6530): DP action: 0x1 (0), f=0x8, m=0x0, d=0, 'dd68b42'
04-06 02:02:58.462  1321  1842 D SettingsProvider: isChangeAllowed() : name = accessibility_enabled
04-06 02:02:58.462  3132  3566 I Launcher.NotificationListener: notificationIsValidForUI : com.samsung.android.dialer missingTitleAndText : true isGroupHeader : true
04-06 02:02:58.462  3132  3566 I Launcher.NotificationListener: notificationIsValidForUI : com.samsung.android.dialer missingTitleAndText : false isGroupHeader : false
04-06 02:02:58.462  3132  3566 I Launcher.NotificationListener: notificationIsValidForUI : com.samsung.android.dialer missingTitleAndText : false isGroupHeader : false
04-06 02:02:58.462  3132  3566 I Launcher.NotificationListener: notificationIsValidForUI : com.google.android.gms missingTitleAndText : false isGroupHeader : false
04-06 02:02:58.462  3132  3566 I Launcher.NotificationListener: notificationIsValidForUI : com.samsung.android.app.smartcapture missingTitleAndText : false isGroupHeader : false
04-06 02:02:58.462  3132  3566 I Launcher.NotificationListener: notificationIsValidForUI : com.samsung.android.app.tips missingTitleAndText : false isGroupHeader : false
04-06 02:02:58.462  3132  3566 I Launcher.NotificationListener: Full refresh isConnected : true active size : 5
04-06 02:02:58.462  1321  1842 D WindowMagnificationMgr: requestConnection :false mConnectionState : 3
04-06 02:02:58.462  3132  3132 I PopupDataProvider: onNotificationFullRefresh prev dotInfoSize : 4
04-06 02:02:58.462  1321  1842 W WindowMagnificationMgr: requestConnection duplicated request: connect=false, mConnectionState=DISCONNECTED
04-06 02:02:58.462  6798  6798 I HBD     : HoneyBoardService onKeyUp r:51a07019 consumed:false 0 
04-06 02:02:58.462  1321  1842 I SGM:GameManager: PkgUpdateReceiver, onReceive action =android.intent.action.PACKAGE_ADDED changingUserId =0
04-06 02:02:58.462  3132  3132 I PopupDataProvider: refresh badge  package : com.samsung.android.app.smartcapture count : 1
04-06 02:02:58.462  3132  3132 I PopupDataProvider: refresh badge  package : com.google.android.gms count : 1
04-06 02:02:58.462  3132  3132 I PopupDataProvider: refresh badge  package : com.samsung.android.dialer count : 2
04-06 02:02:58.462  1321  1842 I SGM:GameManager: PkgUpdateReceiver, onPackageAdded : com.evolucao.app.test userHandle : UserHandle{0} userId : 0
04-06 02:02:58.462  3132  3132 I PopupDataProvider: refresh badge  package : com.samsung.android.app.tips count : 1
04-06 02:02:58.462  1321  1842 I SGM:GameManager: PkgUpdateReceiver, com.samsung.android.game.gos is enabled : true
04-06 02:02:58.463  6530  6530 I ViewRootImpl@fb54075[]: ViewPostIme key 1
04-06 02:02:58.463  3132  3132 I IconView: applyDotState itemInfo : Telefone display : 100 count : 2
04-06 02:02:58.463  1321  2369 D SGM:GosNotifyThread: notifyPackageChangedToGos(), before send intent to GOS. type:15, changeType: 0, pkgName:com.evolucao.app.test, userHandleId:0
04-06 02:02:58.466  1321  2369 D SGM:GosNotifyThread: notifyPackageChangedToGos(), after send intent to GOS. ComponentInfo{com.samsung.android.game.gos/com.samsung.android.game.gos.service.GameIntentService}
04-06 02:02:58.467  3132  3132 I IconView: applyDotState itemInfo : Telefone display : 1 count : 2
04-06 02:02:58.468  3132  3132 I IconView: applyDotState itemInfo : Dicas display : 1 count : 1
04-06 02:02:58.470  1321  1842 I SearchManagerService: updateSearchables
04-06 02:02:58.470  1321  1842 D LauncherAppsService: Calling onPackageAdded: com.evolucao.app.test, uid: 10354
04-06 02:02:58.470  1321  1842 D LauncherAppsService: Calling onPackageAdded: com.evolucao.app.test, listener: com.google.android.as(UserHandle{0}, 10880)
04-06 02:02:58.471  1321  1842 D LauncherAppsService: Calling onPackageAdded: com.evolucao.app.test, listener: com.android.systemui(UserHandle{0}, 2682)
04-06 02:02:58.471  1321  1842 D LauncherAppsService: Calling onPackageAdded: com.evolucao.app.test, listener: android(UserHandle{0}, 1321)
04-06 02:02:58.471  1321  1842 D LauncherApps: onPackageAdded 0,com.evolucao.app.test
04-06 02:02:58.471  2682 17683 D LauncherApps: onPackageAdded 0,com.evolucao.app.test
04-06 02:02:58.471  1321  1842 D LauncherAppsService: Calling onPackageAdded: com.evolucao.app.test, listener: com.samsung.android.app.cocktailbarservice(UserHandle{0}, 7976)
04-06 02:02:58.471  1321  1842 D LauncherAppsService: Calling onPackageAdded: com.evolucao.app.test, listener: com.sec.android.app.launcher(UserHandle{0}, 3132)
04-06 02:02:58.471  1321  1842 W PackageManager: Failed registering loading progress callback. Package is fully loaded.
04-06 02:02:58.471  7976  7976 I AppsEdge.PanelContainer: onPackageAdded
04-06 02:02:58.471  1321  1842 D MetaDataCollector: onReceive: begin action=android.intent.action.PACKAGE_ADDED
04-06 02:02:58.471  1321  1842 D MetaDataCollector: onReceive: done pkgName=com.evolucao.app.test
04-06 02:02:58.473  5210  7566 I GOS:GameIntentService: onHandleIntent. GameIntentService. type: 15, pkgName: com.evolucao.app.test
04-06 02:02:58.475  1321  1812 I WindowManager: Reparenting to original parent: Surface(name=DefaultTaskDisplayArea)/@0x37389ed, destroy=true, surface=Surface(name=Task=822)/@0xbc5cd2a
04-06 02:02:58.478  7557  7557 I pp.clockpackage: Using CollectorTypeCC GC.
04-06 02:02:58.484  7557  7557 E pp.clockpackage: Not starting debugger since process cannot load the jdwp agent.
04-06 02:02:58.486 25143 32169 I Icing   : Indexing com.google.android.gms-apps from com.google.android.gms
04-06 02:02:58.487 25143 32169 I Icing   : Indexing done com.google.android.gms-apps
04-06 02:02:58.489  3132  3566 I GameLauncherManagerImp: bindAppsVisibilityQuery start
04-06 02:02:58.491  1321  6287 D BaseRestrictionMgr: Package: com.samsung.android.game.gamehome, userid: 0, hostingType: provider is allowed by freecess, caller is: com.sec.android.app.launcher
04-06 02:02:58.492  1321  6287 I ActivityManager: Changes in 10069 19 to 3, 0 to 8
04-06 02:02:58.496  1321  2460 I ChimeraAggressivePolicyHandler: executePolicy() - triggerSource: TRIGGER_SOURCE_LMKD
04-06 02:02:58.496  1321  2460 I ChimeraAggressivePolicyHandler: available memory: 1832988, free memory target: 1126400, quit chimera
04-06 02:02:58.498  3132  3566 I PackageUpdatedTask: mAllAppsList.addPackage com.evolucao.app.test
04-06 02:02:58.498  3132 18743 I LauncherProvider: External provider call by package : com.samsung.android.app.galaxyfinder  for method : get_home_mode
04-06 02:02:58.498  3132 18743 I ExternalMethodFactory: get_home_mode
04-06 02:02:58.498  1205  1261 I SurfaceFlinger: id=33284 Removed 8e99278 ActivityRecordInputSink com.evolucao.app/.MainActivity#33284 (128)
04-06 02:02:58.499  1205  2792 I SurfaceFlinger: id=33288 createSurf, flag=24004, Task=822#33288
04-06 02:02:58.500  3132  3566 I SubUserItemPositionerImpl: check blockCreateShortcutKey : block_create_shortcut_0, blockCreate : false
04-06 02:02:58.500  3132  3566 I SubUserItemPositionerImpl: isAvailableCreateSubUserItemPositioner() is false, !myUserHandle().equals(user) : false, !(DualAppUtils.supportDualApp(context) && DualAppUtils.isDualAppId(user)true
04-06 02:02:58.500  3132  3566 I WidgetsModel: EasyModeWidget will be excluded on WidgetList.
04-06 02:02:58.505  6390  7573 I AppsEdge.Service: addItem
04-06 02:02:58.505  6390  7573 I AppsEdge.DBHelper: getFavoriteItems : false
04-06 02:02:58.506  1321  6793 I GenerationRegistry: mBackingStore.isClosed() : false
04-06 02:02:58.507  1205  1205 I Layer   : id=33288 removedFromDrawingState Task=822#33288 (129)
04-06 02:02:58.507  1205  1205 I Layer   : id=33276 removedFromDrawingState Task=822#33276 (129)
04-06 02:02:58.507  1205  1205 I Layer   : id=33277 removedFromDrawingState ActivityRecord{6e41d51 u0 com.evolucao.app/.MainActivity} t822}#33277 (129)
04-06 02:02:58.507  1205  1205 I Layer   : id=33284 removedFromDrawingState 8e99278 ActivityRecordInputSink com.evolucao.app/.MainActivity#33284 (129)
04-06 02:02:58.507  1205  1205 I Layer   : id=33283 removedFromDrawingState Surface(name=Task=822)/@0xbc5cd2a - animation-leash of app_transition#33283 (129)
04-06 02:02:58.507  1205  1205 I Layer   : id=33277 removedFromDrawingState ActivityRecord{6e41d51 u0 com.evolucao.app/.MainActivity} t822}#33277 (129)
04-06 02:02:58.507  1205  1205 I Layer   : id=33284 removedFromDrawingState 8e99278 ActivityRecordInputSink com.evolucao.app/.MainActivity#33284 (129)
04-06 02:02:58.507  1205  1205 I SurfaceFlinger: id=33283 Removed Surface(name=Task=822)/@0xbc5cd2a - animation-leash of app_transition#33283 (129)
04-06 02:02:58.507  1205  1205 I SurfaceFlinger: id=33277 Removed ActivityRecord{6e41d51 u0 com.evolucao.app/.MainActivity} t822}#33277 (129)
04-06 02:02:58.507  1205  1205 I SurfaceFlinger: id=33288 Removed Task=822#33288 (129)
04-06 02:02:58.508  1205  1205 I Layer   : id=33288 Destroyed Task=822#33288
04-06 02:02:58.508  3132  3132 I RecentsView: onTaskRemoved() taskId : 822
04-06 02:02:58.508  3132  3132 I TopTaskTracker: onTaskRemoved : taskId = 822
04-06 02:02:58.508  1205  1205 I Layer   : id=33283 Destroyed Surface(name=Task=822)/@0xbc5cd2a - animation-leash of app_transition#33283
04-06 02:02:58.508  1205  1205 I Layer   : id=33277 Destroyed ActivityRecord{6e41d51 u0 com.evolucao.app/.MainActivity} t822}#33277
04-06 02:02:58.508  1205  1205 I Layer   : id=33284 Destroyed 8e99278 ActivityRecordInputSink com.evolucao.app/.MainActivity#33284
04-06 02:02:58.509  1321  1812 I WindowManager: Reparenting to original parent: Surface(name=WindowToken{b4d5f70 type=2005 android.os.Binder@8a1db3})/@0x76bef51, destroy=true, surface=Surface(name=68daa46 Toast)/@0xe456c78
04-06 02:02:58.512  3132  3132 I RecentsView: onTaskRemoved() taskId : 822
04-06 02:02:58.512  3132  3132 I TopTaskTracker: onTaskRemoved : taskId = 822
04-06 02:02:58.515  5583  6752 I SDHMS:D : SIOP:: AP:458 BAT:363 USB:318 CHG:444 CP:412 WIFI:414 CF:392 BLK:0 SUBBAT:0 SKIN:405 SKINF:389 SKINB:403 LRP:405 LRF:389 LRB:403 BLRF:390 BLRB:405 APT:380 APR:405 
04-06 02:02:58.518  7557  7557 D ActivityThread: setConscryptValidator
04-06 02:02:58.518  7557  7557 D ActivityThread: setConscryptValidator - put
04-06 02:02:58.521  1321  2447 D CompatibilityChangeReporter: Compat change id reported: 168419799; UID 10140; state: DISABLED
04-06 02:02:58.521  1321  2447 I ActivityManager: DSS OFF for com.sec.android.app.clockpackage
04-06 02:02:58.522  3132 18743 I LauncherProvider: External provider call by package : com.samsung.android.app.galaxyfinder  for method : get_home_mode
04-06 02:02:58.523  3132 18743 I ExternalMethodFactory: get_home_mode
04-06 02:02:58.523  1205  1205 I Layer   : id=33275 removedFromDrawingState Surface(name=68daa46 Toast)/@0xe456c78 - animation-leash of window_animation#33275 (125)
04-06 02:02:58.523  1205  1205 I SurfaceFlinger: id=33275 Removed Surface(name=68daa46 Toast)/@0xe456c78 - animation-leash of window_animation#33275 (125)
04-06 02:02:58.524  1205  1205 I Layer   : id=33275 Destroyed Surface(name=68daa46 Toast)/@0xe456c78 - animation-leash of window_animation#33275
04-06 02:02:58.527  6530  6857 I Carnival-SimpleOkHttp(): Response[code:400, path:pro/cou/BR, q:ser=sfr, body:{"rsp":{"stat":"fail","error":{"code":"4001","mess,  network:true, cache:false, takes 240 ms]
04-06 02:02:58.528  6530  6857 E Carnival-TvPlusApiCallExt(): tvPlusApiExecuteOrNull. e:retrofit2.j: HTTP 400 
04-06 02:02:58.528  6530  6857 I Carnival-ProvisioningManagerImpl(): getServiceDomain. body exist: false
04-06 02:02:58.528  6530  6857 I Carnival-ContextExt(): startMainActivity
04-06 02:02:58.530  6390  7573 I AppsEdge.DBHelper: getFavoriteItems type = 0, pos = 0, id = 1, item = 0@com.samsung.android.messaging/com.android.mms.ui.ConversationComposer&0
04-06 02:02:58.532  1321  3120 D ActivityTaskManager: startActivityAsUser: callingPid=6530, callingUid=10190, caller=com.android.server.wm.ActivityTaskManagerService.startActivityAsUser:1816 com.android.server.wm.ActivityTaskManagerService.startActivity:1767 android.app.IActivityTaskManager$Stub.onTransact:1244 com.android.server.wm.ActivityTaskManagerService.onTransact:6599 android.os.Binder.execTransactInternal:1316 android.os.Binder.execTransact:1280 <bottom of call stack> 
04-06 02:02:58.532  1321  2918 I PackageManager: START DELETE PACKAGE: observer{49103691}
04-06 02:02:58.532  1321  2918 I PackageManager: pkg{com.evolucao.app}, user{0}, caller{2000} flags{2}
04-06 02:02:58.532  1321  1811 I ChimeraSystemEventListener: appLaunchIntent package name is: com.samsung.android.app.spage
04-06 02:02:58.533  1096  1096 I sensors-hal: set_config:67, sample_period_ns is adjusted to 0 based on min/max delay_ns
04-06 02:02:58.533  1096  1096 I sensors-hal: batch:363, android.sensor.light/51, period=200000000, max_latency=0 request completed
04-06 02:02:58.533  1321  3120 I ActivityTaskManager: START u0 {flg=0x10010000 cmp=com.samsung.android.app.spage/.ui.MainActivity (has extras)} from uid 10190
04-06 02:02:58.533  1096  1096 I sensors-hal: activate:279, android.sensor.light/51 en=1
04-06 02:02:58.534  1096  1096 I sensors-hal: get_qmi_debug_flag:241, support_qmi_debug : false
04-06 02:02:58.534  1321  1963 D ApplicationPolicy: getApplicationUninstallationEnabled
04-06 02:02:58.534  1321  1963 D ApplicationPolicy: getApplicationUninstallationEnabled :  enabled true
