04-06 20:56:09.765   646   782 D Detox   : class com.wix.detox.espresso.DetoxMatcher, matcherForTestId, [app-root, false]
04-06 20:56:09.766   646   782 D Detox   : class androidx.test.espresso.Espresso, onView, [(view.getTag() is "app-root" and view has effective visibility <VISIBLE>)]
04-06 20:56:09.769   646   782 D Detox   : class com.wix.detox.espresso.DetoxMatcher, matcherForSufficientlyVisible, [75]
04-06 20:56:09.770   646   782 D Detox   : class com.wix.detox.espresso.DetoxAssertion, assertMatcher, [androidx.test.espresso.ViewInteraction@91dfb24, (view has effective visibility <VISIBLE> and view.getGlobalVisibleRect() covers at least <75> percent of the view's area)]
04-06 20:56:09.779   646   646 I ViewInteraction: Checking 'MatchesViewAssertion(Detox){viewMatcher=(view has effective visibility <VISIBLE> and view.getGlobalVisibleRect() covers at least <75> percent of the view's area)}' assertion on view (view.getTag() is "app-root" and view has effective visibility <VISIBLE>)
04-06 20:56:09.786   646   782 I DetoxWSClient: Sending out action 'invokeResult' (ID #49)
04-06 20:56:09.787   646   782 I DetoxDispatcher: Done with action 'invoke'
04-06 20:56:09.793   646   787 D DetoxWSClient: Received action 'invoke' (ID #50, params={"target":{"type":"Class","value":"com.wix.detox.espresso.DetoxAssertion"},"method":"waitForAssertMatcher","args":[{"type":"Invocation","value":{"target":{"type":"Class","value":"androidx.test.espresso.Espresso"},"method":"onView","args":[{"type":"Invocation","value":{"target":{"type":"Class","value":"com.wix.detox.espresso.DetoxMatcher"},"method":"matcherForTestId","args":["btn-iniciar-treino",{"type":"boolean","value":false}]}}]}},{"type":"Invocation","value":{"target":{"type":"Class","value":"com.wix.detox.espresso.DetoxMatcher"},"method":"matcherForSufficientlyVisible","args":[{"type":"Integer","value":75}]}},{"type":"Double","value":5}]})
04-06 20:56:09.794   646   782 I DetoxDispatcher: Handling action 'invoke' (ID #50)...
04-06 20:56:09.795   646   782 D Detox   : class com.wix.detox.espresso.DetoxMatcher, matcherForTestId, [btn-iniciar-treino, false]
04-06 20:56:09.797   646   782 D Detox   : class androidx.test.espresso.Espresso, onView, [(view.getTag() is "btn-iniciar-treino" and view has effective visibility <VISIBLE>)]
04-06 20:56:09.798   646   782 D Detox   : class com.wix.detox.espresso.DetoxMatcher, matcherForSufficientlyVisible, [75]
04-06 20:56:09.800   646   782 D Detox   : class com.wix.detox.espresso.DetoxAssertion, waitForAssertMatcher, [androidx.test.espresso.ViewInteraction@621168d, (view has effective visibility <VISIBLE> and view.getGlobalVisibleRect() covers at least <75> percent of the view's area), 5.0]
04-06 20:56:09.809   646   646 I ViewInteraction: Checking 'MatchesViewAssertion(Detox){viewMatcher=(view has effective visibility <VISIBLE> and view.getGlobalVisibleRect() covers at least <75> percent of the view's area)}' assertion on view (view.getTag() is "btn-iniciar-treino" and view has effective visibility <VISIBLE>)
04-06 20:56:09.817   646   782 I DetoxWSClient: Sending out action 'invokeResult' (ID #50)
04-06 20:56:09.817   646   782 I DetoxDispatcher: Done with action 'invoke'
04-06 20:56:09.821   646   787 D DetoxWSClient: Received action 'invoke' (ID #51, params={"target":{"type":"Class","value":"com.wix.detox.espresso.EspressoDetox"},"method":"perform","args":[{"type":"Invocation","value":{"target":{"type":"Class","value":"com.wix.detox.espresso.DetoxMatcher"},"method":"matcherForTestId","args":["btn-iniciar-treino",{"type":"boolean","value":false}]}},{"type":"Invocation","value":{"target":{"type":"Class","value":"com.wix.detox.espresso.DetoxViewActions"},"method":"click","args":[]}}]})
04-06 20:56:09.821   646   782 I DetoxDispatcher: Handling action 'invoke' (ID #51)...
04-06 20:56:09.822   646   782 D Detox   : class com.wix.detox.espresso.DetoxMatcher, matcherForTestId, [btn-iniciar-treino, false]
04-06 20:56:09.823   646   782 D Detox   : class com.wix.detox.espresso.DetoxViewActions, click, []
04-06 20:56:09.823   646   782 D Detox   : class com.wix.detox.espresso.EspressoDetox, perform, [(view.getTag() is "btn-iniciar-treino" and view has effective visibility <VISIBLE>), com.wix.detox.espresso.action.RNClickAction@e392853]
04-06 20:56:09.833   646   646 I ViewInteraction: Performing 'com.wix.detox.espresso.action.detoxsingletap@bd1a590 click' action on view (view.getTag() is "btn-iniciar-treino" and view has effective visibility <VISIBLE>)
04-06 20:56:09.840   646   646 I ViewRootImpl@73623ee[MainActivity]: ViewPostIme pointer 0
04-06 20:56:09.870   646   646 I ViewRootImpl@73623ee[MainActivity]: ViewPostIme pointer 1
04-06 20:56:09.999   646   646 W [RNScreens]: backTitleFontFamily prop is not available on Android
04-06 20:56:09.999   646   646 W [RNScreens]: disableBackButtonMenu prop is not available on Android
04-06 20:56:09.999   646   646 W [RNScreens]: backTitleVisible prop is not available on Android
04-06 20:56:09.999   646   646 W [RNScreens]: topInsetEnabled prop is not available on Android
04-06 20:56:10.000   646   646 W [RNScreens]: largeTitleHideShadow prop is not available on Android
04-06 20:56:10.000   646   646 W [RNScreens]: largeTitleFontWeight prop is not available on Android
04-06 20:56:10.000   646   646 W [RNScreens]: userInterfaceStyle prop is not available on Android
04-06 20:56:10.000   646   646 W [RNScreens]: largeTitleFontFamily prop is not available on Android
04-06 20:56:10.013   646   942 I ReactNativeJS: 'match:', 'local-cache'
04-06 20:56:10.015   646   942 I ReactNativeJS: 'recommendation:', 'push', '| confidence:', 'alta'
04-06 20:56:10.055   646   942 I ReactNativeJS: 'match:', 'local-cache'
04-06 20:56:10.056   646   942 I ReactNativeJS: 'recommendation:', 'push', '| confidence:', 'alta'
04-06 20:56:10.212   646   703 W om.evolucao.app: Cleared Reference was only reachable from finalizer (only reported once)
04-06 20:56:10.666   646   646 W UiControllerImpl: Waiting for: DYNAMIC_TASKS_HAVE_IDLED for 200 iterations.
04-06 20:56:10.816   646  1734 D expo-notifications: Notification request "6aceee7c-5577-4dcf-ba43-492bcb52cd3b" will not trigger in the future, removing.
04-06 20:56:11.325   646   646 D ScrollView: initGoToTop
04-06 20:56:12.506   646   782 I DetoxWSClient: Sending out action 'invokeResult' (ID #51)
04-06 20:56:12.506   646   782 I DetoxDispatcher: Done with action 'invoke'
04-06 20:56:12.826   646   787 D DetoxWSClient: Received action 'invoke' (ID #52, params={"target":{"type":"Class","value":"com.wix.detox.espresso.DetoxAssertion"},"method":"waitForAssertMatcher","args":[{"type":"Invocation","value":{"target":{"type":"Class","value":"androidx.test.espresso.Espresso"},"method":"onView","args":[{"type":"Invocation","value":{"target":{"type":"Class","value":"com.wix.detox.espresso.DetoxMatcher"},"method":"matcherForTestId","args":["screen-workout",{"type":"boolean","value":false}]}}]}},{"type":"Invocation","value":{"target":{"type":"Class","value":"com.wix.detox.espresso.DetoxMatcher"},"method":"matcherForSufficientlyVisible","args":[{"type":"Integer","value":75}]}},{"type":"Double","value":5}]})
04-06 20:56:12.827   646   782 I DetoxDispatcher: Handling action 'invoke' (ID #52)...
04-06 20:56:12.828   646   782 D Detox   : class com.wix.detox.espresso.DetoxMatcher, matcherForTestId, [screen-workout, false]
04-06 20:56:12.829   646   782 D Detox   : class androidx.test.espresso.Espresso, onView, [(view.getTag() is "screen-workout" and view has effective visibility <VISIBLE>)]
04-06 20:56:12.830   646   782 D Detox   : class com.wix.detox.espresso.DetoxMatcher, matcherForSufficientlyVisible, [75]
04-06 20:56:12.831   646   782 D Detox   : class com.wix.detox.espresso.DetoxAssertion, waitForAssertMatcher, [androidx.test.espresso.ViewInteraction@9e5b19d, (view has effective visibility <VISIBLE> and view.getGlobalVisibleRect() covers at least <75> percent of the view's area), 5.0]
04-06 20:56:12.841   646   646 I ViewInteraction: Checking 'MatchesViewAssertion(Detox){viewMatcher=(view has effective visibility <VISIBLE> and view.getGlobalVisibleRect() covers at least <75> percent of the view's area)}' assertion on view (view.getTag() is "screen-workout" and view has effective visibility <VISIBLE>)
04-06 20:56:12.848   646   782 I DetoxWSClient: Sending out action 'invokeResult' (ID #52)
04-06 20:56:12.848   646   782 I DetoxDispatcher: Done with action 'invoke'
04-06 20:56:13.565   646   787 D DetoxWSClient: Received action 'invoke' (ID #53, params={"target":{"type":"Class","value":"com.wix.detox.espresso.DetoxAssertion"},"method":"waitForAssertMatcher","args":[{"type":"Invocation","value":{"target":{"type":"Class","value":"androidx.test.espresso.Espresso"},"method":"onView","args":[{"type":"Invocation","value":{"target":{"type":"Class","value":"com.wix.detox.espresso.DetoxMatcher"},"method":"matcherForTestId","args":["app-root",{"type":"boolean","value":false}]}}]}},{"type":"Invocation","value":{"target":{"type":"Class","value":"com.wix.detox.espresso.DetoxMatcher"},"method":"matcherForSufficientlyVisible","args":[{"type":"Integer","value":75}]}},{"type":"Double","value":5}]})
04-06 20:56:13.566   646   782 I DetoxDispatcher: Handling action 'invoke' (ID #53)...
04-06 20:56:13.567   646   782 D Detox   : class com.wix.detox.espresso.DetoxMatcher, matcherForTestId, [app-root, false]
04-06 20:56:13.567   646   782 D Detox   : class androidx.test.espresso.Espresso, onView, [(view.getTag() is "app-root" and view has effective visibility <VISIBLE>)]
04-06 20:56:13.568   646   782 D Detox   : class com.wix.detox.espresso.DetoxMatcher, matcherForSufficientlyVisible, [75]
04-06 20:56:13.569   646   782 D Detox   : class com.wix.detox.espresso.DetoxAssertion, waitForAssertMatcher, [androidx.test.espresso.ViewInteraction@f4461e3, (view has effective visibility <VISIBLE> and view.getGlobalVisibleRect() covers at least <75> percent of the view's area), 5.0]
04-06 20:56:13.574   646   646 I ViewInteraction: Checking 'MatchesViewAssertion(Detox){viewMatcher=(view has effective visibility <VISIBLE> and view.getGlobalVisibleRect() covers at least <75> percent of the view's area)}' assertion on view (view.getTag() is "app-root" and view has effective visibility <VISIBLE>)
04-06 20:56:13.578   646   782 I DetoxWSClient: Sending out action 'invokeResult' (ID #53)
04-06 20:56:13.578   646   782 I DetoxDispatcher: Done with action 'invoke'
04-06 20:56:13.582   646   787 D DetoxWSClient: Received action 'invoke' (ID #54, params={"target":{"type":"Class","value":"com.wix.detox.espresso.DetoxAssertion"},"method":"assertMatcher","args":[{"type":"Invocation","value":{"target":{"type":"Class","value":"androidx.test.espresso.Espresso"},"method":"onView","args":[{"type":"Invocation","value":{"target":{"type":"Class","value":"com.wix.detox.espresso.DetoxMatcher"},"method":"matcherForTestId","args":["app-root",{"type":"boolean","value":false}]}}]}},{"type":"Invocation","value":{"target":{"type":"Class","value":"com.wix.detox.espresso.DetoxMatcher"},"method":"matcherForSufficientlyVisible","args":[{"type":"Integer","value":75}]}}]})
04-06 20:56:13.583   646   782 I DetoxDispatcher: Handling action 'invoke' (ID #54)...
04-06 20:56:13.583   646   782 D Detox   : class com.wix.detox.espresso.DetoxMatcher, matcherForTestId, [app-root, false]
04-06 20:56:13.584   646   782 D Detox   : class androidx.test.espresso.Espresso, onView, [(view.getTag() is "app-root" and view has effective visibility <VISIBLE>)]
04-06 20:56:13.585   646   782 D Detox   : class com.wix.detox.espresso.DetoxMatcher, matcherForSufficientlyVisible, [75]
04-06 20:56:13.585   646   782 D Detox   : class com.wix.detox.espresso.DetoxAssertion, assertMatcher, [androidx.test.espresso.ViewInteraction@e8307e0, (view has effective visibility <VISIBLE> and view.getGlobalVisibleRect() covers at least <75> percent of the view's area)]
04-06 20:56:13.591   646   646 I ViewInteraction: Checking 'MatchesViewAssertion(Detox){viewMatcher=(view has effective visibility <VISIBLE> and view.getGlobalVisibleRect() covers at least <75> percent of the view's area)}' assertion on view (view.getTag() is "app-root" and view has effective visibility <VISIBLE>)
04-06 20:56:13.594   646   782 I DetoxWSClient: Sending out action 'invokeResult' (ID #54)
04-06 20:56:13.594   646   782 I DetoxDispatcher: Done with action 'invoke'
04-06 20:56:13.598   646   787 D DetoxWSClient: Received action 'invoke' (ID #55, params={"target":{"type":"Class","value":"com.wix.detox.espresso.DetoxAssertion"},"method":"waitForAssertMatcher","args":[{"type":"Invocation","value":{"target":{"type":"Class","value":"androidx.test.espresso.Espresso"},"method":"onView","args":[{"type":"Invocation","value":{"target":{"type":"Class","value":"com.wix.detox.espresso.DetoxMatcher"},"method":"matcherForTestId","args":["input-peso",{"type":"boolean","value":false}]}}]}},{"type":"Invocation","value":{"target":{"type":"Class","value":"com.wix.detox.espresso.DetoxMatcher"},"method":"matcherForSufficientlyVisible","args":[{"type":"Integer","value":75}]}},{"type":"Double","value":5}]})
04-06 20:56:13.599   646   782 I DetoxDispatcher: Handling action 'invoke' (ID #55)...
04-06 20:56:13.599   646   782 D Detox   : class com.wix.detox.espresso.DetoxMatcher, matcherForTestId, [input-peso, false]
04-06 20:56:13.600   646   782 D Detox   : class androidx.test.espresso.Espresso, onView, [(view.getTag() is "input-peso" and view has effective visibility <VISIBLE>)]
04-06 20:56:13.601   646   782 D Detox   : class com.wix.detox.espresso.DetoxMatcher, matcherForSufficientlyVisible, [75]
04-06 20:56:13.601   646   782 D Detox   : class com.wix.detox.espresso.DetoxAssertion, waitForAssertMatcher, [androidx.test.espresso.ViewInteraction@170ca99, (view has effective visibility <VISIBLE> and view.getGlobalVisibleRect() covers at least <75> percent of the view's area), 5.0]
04-06 20:56:13.606   646   646 I ViewInteraction: Checking 'MatchesViewAssertion(Detox){viewMatcher=(view has effective visibility <VISIBLE> and view.getGlobalVisibleRect() covers at least <75> percent of the view's area)}' assertion on view (view.getTag() is "input-peso" and view has effective visibility <VISIBLE>)
04-06 20:56:13.626   646   782 I DetoxWSClient: Sending out action 'invokeResult' (ID #55)
04-06 20:56:13.627   646   782 I DetoxDispatcher: Done with action 'invoke'
04-06 20:56:13.630   646   787 D DetoxWSClient: Received action 'invoke' (ID #56, params={"target":{"type":"Class","value":"com.wix.detox.espresso.DetoxAssertion"},"method":"waitForAssertMatcher","args":[{"type":"Invocation","value":{"target":{"type":"Class","value":"androidx.test.espresso.Espresso"},"method":"onView","args":[{"type":"Invocation","value":{"target":{"type":"Class","value":"com.wix.detox.espresso.DetoxMatcher"},"method":"matcherForTestId","args":["input-reps",{"type":"boolean","value":false}]}}]}},{"type":"Invocation","value":{"target":{"type":"Class","value":"com.wix.detox.espresso.DetoxMatcher"},"method":"matcherForSufficientlyVisible","args":[{"type":"Integer","value":75}]}},{"type":"Double","value":5}]})
04-06 20:56:13.630   646   782 I DetoxDispatcher: Handling action 'invoke' (ID #56)...
04-06 20:56:13.630   646   782 D Detox   : class com.wix.detox.espresso.DetoxMatcher, matcherForTestId, [input-reps, false]
04-06 20:56:13.631   646   782 D Detox   : class androidx.test.espresso.Espresso, onView, [(view.getTag() is "input-reps" and view has effective visibility <VISIBLE>)]
04-06 20:56:13.631   646   782 D Detox   : class com.wix.detox.espresso.DetoxMatcher, matcherForSufficientlyVisible, [75]
04-06 20:56:13.631   646   782 D Detox   : class com.wix.detox.espresso.DetoxAssertion, waitForAssertMatcher, [androidx.test.espresso.ViewInteraction@ae0a95b, (view has effective visibility <VISIBLE> and view.getGlobalVisibleRect() covers at least <75> percent of the view's area), 5.0]
04-06 20:56:13.634   646   646 I ViewInteraction: Checking 'MatchesViewAssertion(Detox){viewMatcher=(view has effective visibility <VISIBLE> and view.getGlobalVisibleRect() covers at least <75> percent of the view's area)}' assertion on view (view.getTag() is "input-reps" and view has effective visibility <VISIBLE>)
04-06 20:56:13.646   646   782 I DetoxWSClient: Sending out action 'invokeResult' (ID #56)
04-06 20:56:13.646   646   782 I DetoxDispatcher: Done with action 'invoke'
04-06 20:56:13.649   646   787 D DetoxWSClient: Received action 'invoke' (ID #57, params={"target":{"type":"Class","value":"com.wix.detox.espresso.DetoxAssertion"},"method":"waitForAssertMatcher","args":[{"type":"Invocation","value":{"target":{"type":"Class","value":"androidx.test.espresso.Espresso"},"method":"onView","args":[{"type":"Invocation","value":{"target":{"type":"Class","value":"com.wix.detox.espresso.DetoxMatcher"},"method":"matcherForTestId","args":["input-peso",{"type":"boolean","value":false}]}}]}},{"type":"Invocation","value":{"target":{"type":"Class","value":"com.wix.detox.espresso.DetoxMatcher"},"method":"matcherForSufficientlyVisible","args":[{"type":"Integer","value":75}]}},{"type":"Double","value":5}]})
04-06 20:56:13.649   646   782 I DetoxDispatcher: Handling action 'invoke' (ID #57)...
04-06 20:56:13.650   646   782 D Detox   : class com.wix.detox.espresso.DetoxMatcher, matcherForTestId, [input-peso, false]
04-06 20:56:13.650   646   782 D Detox   : class androidx.test.espresso.Espresso, onView, [(view.getTag() is "input-peso" and view has effective visibility <VISIBLE>)]
04-06 20:56:13.650   646   782 D Detox   : class com.wix.detox.espresso.DetoxMatcher, matcherForSufficientlyVisible, [75]
04-06 20:56:13.651   646   782 D Detox   : class com.wix.detox.espresso.DetoxAssertion, waitForAssertMatcher, [androidx.test.espresso.ViewInteraction@1784ad1, (view has effective visibility <VISIBLE> and view.getGlobalVisibleRect() covers at least <75> percent of the view's area), 5.0]
04-06 20:56:13.653   646   646 I ViewInteraction: Checking 'MatchesViewAssertion(Detox){viewMatcher=(view has effective visibility <VISIBLE> and view.getGlobalVisibleRect() covers at least <75> percent of the view's area)}' assertion on view (view.getTag() is "input-peso" and view has effective visibility <VISIBLE>)
04-06 20:56:13.663   646   782 I DetoxWSClient: Sending out action 'invokeResult' (ID #57)
04-06 20:56:13.664   646   782 I DetoxDispatcher: Done with action 'invoke'
04-06 20:56:13.666   646   787 D DetoxWSClient: Received action 'invoke' (ID #58, params={"target":{"type":"Class","value":"com.wix.detox.espresso.EspressoDetox"},"method":"perform","args":[{"type":"Invocation","value":{"target":{"type":"Class","value":"com.wix.detox.espresso.DetoxMatcher"},"method":"matcherForTestId","args":["input-peso",{"type":"boolean","value":false}]}},{"type":"Invocation","value":{"target":{"type":"Class","value":"com.wix.detox.espresso.DetoxViewActions"},"method":"click","args":[]}}]})
04-06 20:56:13.666   646   782 I DetoxDispatcher: Handling action 'invoke' (ID #58)...
04-06 20:56:13.667   646   782 D Detox   : class com.wix.detox.espresso.DetoxMatcher, matcherForTestId, [input-peso, false]
04-06 20:56:13.667   646   782 D Detox   : class com.wix.detox.espresso.DetoxViewActions, click, []
04-06 20:56:13.667   646   782 D Detox   : class com.wix.detox.espresso.EspressoDetox, perform, [(view.getTag() is "input-peso" and view has effective visibility <VISIBLE>), com.wix.detox.espresso.action.RNClickAction@5a9b936]
04-06 20:56:13.670   646   646 I ViewInteraction: Performing 'com.wix.detox.espresso.action.detoxsingletap@5768037 click' action on view (view.getTag() is "input-peso" and view has effective visibility <VISIBLE>)
04-06 20:56:13.682   646   646 I ViewRootImpl@73623ee[MainActivity]: ViewPostIme pointer 0
04-06 20:56:13.713   646   646 I ViewRootImpl@73623ee[MainActivity]: ViewPostIme pointer 1
04-06 20:56:13.738   646   646 D InputMethodManager: startInputInner - Id : 0
04-06 20:56:13.738   646   646 I InputMethodManager: startInputInner - mService.startInputOrWindowGainedFocus
04-06 20:56:13.743   646   646 I IMM_LC  : showSoftInput(View,I)
04-06 20:56:13.743   646   646 I IMM_LC  : ssi() - flag : 0 view : com.evolucao.app reason = SHOW_SOFT_INPUT
04-06 20:56:13.770   646   901 D NativeCustomFrequencyManager: [NativeCFMS] BpCustomFrequencyManager::BpCustomFrequencyManager()
04-06 20:56:13.775   646   646 D InsetsController: onStateChanged: InsetsState: {mDisplayFrame=Rect(0, 0 - 1080, 2400), mDisplayCutout=DisplayCutout{insets=Rect(0, 88 - 0, 0) waterfall=Insets{left=0, top=0, right=0, bottom=0} boundingRect={Bounds=[Rect(0, 0 - 0, 0), Rect(512, 0 - 568, 88), Rect(0, 0 - 0, 0), Rect(0, 0 - 0, 0)]} cutoutPathParserInfo={CutoutPathParserInfo{displayWidth=1080 displayHeight=2400 physicalDisplayWidth=1080 physicalDisplayHeight=2400 density={3.0} cutoutSpec={M 0,0 M 0,10.71963616907435 a 9.280363830925644,9.280363830925644 0 1,0 0,18.56072766185129 a 9.280363830925644,9.280363830925644 0 1,0 0,-18.56072766185129 Z @dp} rotation={0} scale={1.0} physicalPixelDisplaySizeRatio={1.0}}}}, mRoundedCorners=RoundedCorners{[RoundedCorner{position=TopLeft, radius=96, center=Point(96, 96)}, RoundedCorner{position=TopRight, radius=96, center=Point(984, 96)}, RoundedCorner{position=BottomRight, radius=96, center=Point(984, 2304)}, RoundedCorner{position=BottomLeft, radius=96, center=Point(96, 2304)}]}  mRoundedCornerFrame=Rect(0, 0 - 1080, 2400), mPrivacyIndicatorBounds=PrivacyIndicatorBounds {static bounds=Rect(948, 0 - 1080, 88) rotation=0}, mSources= { InsetsSource: {mType=ITYPE_STATUS_BAR, mFrame=[0,0][1080,88], mVisible=true, mInsetsRoundedCornerFrame=false}, InsetsSource: {mType=ITYPE_NAVIGATION_BAR, mFrame=[0,2256][1080,2400], mVisible=true, mInsetsRoundedCornerFrame=false}, InsetsSource: {mType=ITYPE_LEFT_GESTURES, mFrame=[0,0][0,2400], mVisible=true, mInsetsRoundedCornerFrame=false}, InsetsSource: {mType=ITYPE_RIGHT_GESTURES, mFrame=[1080,0][1080,2400], mVisible=true, mInsetsRoundedCornerFrame=false}, InsetsSource: {mType=ITYPE_TOP_MANDATORY_GESTURES, mFrame=[0,0][1080,124], mVisible=true, mInsetsRoundedCornerFrame=false}, InsetsSource: {mType=ITYPE_BOTTOM_MANDATORY_GESTURES, mFrame=[0,2256][1080,2400], mVisible=true, mInsetsRoundedCornerFrame=false}, InsetsSource: {mType=ITYPE_LEFT_DISPLAY_CUTOUT, mFrame=[0,0][-100000,2400], mVisible=true, mInsetsRoundedCornerFrame=false}, InsetsSource: {mType=ITYPE_TOP_DISPLAY_CUTOUT, mFrame=[0,0][1080,88], mVisible=true, mInsetsRoundedCornerFrame=false}, InsetsSource: {mType=ITYPE_RIGHT_DISPLAY_CUTOUT, mFrame=[100000,0][1080,2400], mVisible=true, mInsetsRoundedCornerFrame=false}, InsetsSource: {mType=ITYPE_BOTTOM_DISPLAY_CUTOUT, mFrame=[0,100000][1080,2400], mVisible=true, mInsetsRoundedCornerFrame=false}, InsetsSource: {mType=ITYPE_TOP_TAPPABLE_ELEMENT, mFrame=[0,0][1080,88], mVisible=true, mInsetsRoundedCornerFrame=false}, InsetsSource: {mType=ITYPE_BOTTOM_TAPPABLE_ELEMENT, mFrame=[0,2256][1080,2400], mVisible=true, mInsetsRoundedCornerFrame=false} } host=PopupWindow:7a5581a from=android.view.ViewRootImpl.setView:1732
04-06 20:56:13.778   646   646 I ViewRootImpl@5a9f4b[PopupWindow:7a5581a]: setView = android.widget.PopupWindow$PopupDecorView@731e527 TM=false
04-06 20:56:13.781   646   901 D NativeCustomFrequencyManager: [NativeCFMS] BpCustomFrequencyManager::BpCustomFrequencyManager()
04-06 20:56:13.784   646   646 D InsetsController: onStateChanged: InsetsState: {mDisplayFrame=Rect(0, 0 - 1080, 2400), mDisplayCutout=DisplayCutout{insets=Rect(0, 88 - 0, 0) waterfall=Insets{left=0, top=0, right=0, bottom=0} boundingRect={Bounds=[Rect(0, 0 - 0, 0), Rect(512, 0 - 568, 88), Rect(0, 0 - 0, 0), Rect(0, 0 - 0, 0)]} cutoutPathParserInfo={CutoutPathParserInfo{displayWidth=1080 displayHeight=2400 physicalDisplayWidth=1080 physicalDisplayHeight=2400 density={3.0} cutoutSpec={M 0,0 M 0,10.71963616907435 a 9.280363830925644,9.280363830925644 0 1,0 0,18.56072766185129 a 9.280363830925644,9.280363830925644 0 1,0 0,-18.56072766185129 Z @dp} rotation={0} scale={1.0} physicalPixelDisplaySizeRatio={1.0}}}}, mRoundedCorners=RoundedCorners{[RoundedCorner{position=TopLeft, radius=96, center=Point(96, 96)}, RoundedCorner{position=TopRight, radius=96, center=Point(984, 96)}, RoundedCorner{position=BottomRight, radius=96, center=Point(984, 2304)}, RoundedCorner{position=BottomLeft, radius=96, center=Point(96, 2304)}]}  mRoundedCornerFrame=Rect(0, 0 - 1080, 2400), mPrivacyIndicatorBounds=PrivacyIndicatorBounds {static bounds=Rect(948, 0 - 1080, 88) rotation=0}, mSources= { InsetsSource: {mType=ITYPE_STATUS_BAR, mFrame=[0,0][1080,88], mVisible=true, mInsetsRoundedCornerFrame=false}, InsetsSource: {mType=ITYPE_NAVIGATION_BAR, mFrame=[0,2256][1080,2400], mVisible=true, mInsetsRoundedCornerFrame=false}, InsetsSource: {mType=ITYPE_LEFT_GESTURES, mFrame=[0,0][0,2400], mVisible=true, mInsetsRoundedCornerFrame=false}, InsetsSource: {mType=ITYPE_RIGHT_GESTURES, mFrame=[1080,0][1080,2400], mVisible=true, mInsetsRoundedCornerFrame=false}, InsetsSource: {mType=ITYPE_TOP_MANDATORY_GESTURES, mFrame=[0,0][1080,124], mVisible=true, mInsetsRoundedCornerFrame=false}, InsetsSource: {mType=ITYPE_BOTTOM_MANDATORY_GESTURES, mFrame=[0,2256][1080,2400], mVisible=true, mInsetsRoundedCornerFrame=false}, InsetsSource: {mType=ITYPE_LEFT_DISPLAY_CUTOUT, mFrame=[0,0][-100000,2400], mVisible=true, mInsetsRoundedCornerFrame=false}, InsetsSource: {mType=ITYPE_TOP_DISPLAY_CUTOUT, mFrame=[0,0][1080,88], mVisible=true, mInsetsRoundedCornerFrame=false}, InsetsSource: {mType=ITYPE_RIGHT_DISPLAY_CUTOUT, mFrame=[100000,0][1080,2400], mVisible=true, mInsetsRoundedCornerFrame=false}, InsetsSource: {mType=ITYPE_BOTTOM_DISPLAY_CUTOUT, mFrame=[0,100000][1080,2400], mVisible=true, mInsetsRoundedCornerFrame=false}, InsetsSource: {mType=ITYPE_TOP_TAPPABLE_ELEMENT, mFrame=[0,0][1080,88], mVisible=true, mInsetsRoundedCornerFrame=false}, InsetsSource: {mType=ITYPE_BOTTOM_TAPPABLE_ELEMENT, mFrame=[0,2256][1080,2400], mVisible=true, mInsetsRoundedCornerFrame=false} } host=PopupWindow:bda897d from=android.view.ViewRootImpl.setView:1732
04-06 20:56:13.786   646   646 I ViewRootImpl@59ed072[PopupWindow:bda897d]: setView = android.widget.PopupWindow$PopupDecorView@e0581be TM=false
04-06 20:56:13.793   646   646 I IMM_LC  : showSoftInput(View,I)
04-06 20:56:13.793   646   646 I IMM_LC  : ssi() - flag : 0 view : com.evolucao.app reason = SHOW_SOFT_INPUT
04-06 20:56:13.796   646   646 I ViewRootImpl@5a9f4b[PopupWindow:7a5581a]: performTraversals params={(255,1933)(90x108) gr=TOP START CENTER sim={state=unchanged adjust=pan} ty=APPLICATION_SUB_PANEL fmt=TRANSLUCENT wanim=0x1030313 surfaceInsets=Rect(0, 0 - 0, 0) (manual)
04-06 20:56:13.796   646   646 I ViewRootImpl@5a9f4b[PopupWindow:7a5581a]:   fl=41800208
04-06 20:56:13.796   646   646 I ViewRootImpl@5a9f4b[PopupWindow:7a5581a]:   pfl=2018000
04-06 20:56:13.796   646   646 I ViewRootImpl@5a9f4b[PopupWindow:7a5581a]:   bhv=DEFAULT
04-06 20:56:13.796   646   646 I ViewRootImpl@5a9f4b[PopupWindow:7a5581a]:   fitTypes=STATUS_BARS NAVIGATION_BARS CAPTION_BAR naviIconColor=0
04-06 20:56:13.796   646   646 I ViewRootImpl@5a9f4b[PopupWindow:7a5581a]:   sfl=20000}
04-06 20:56:13.796   646   646 I ViewRootImpl@5a9f4b[PopupWindow:7a5581a]: performTraversals mFirst=true windowShouldResize=true viewVisibilityChanged=false mForceNextWindowRelayout=false params={(255,1933)(90x108) gr=TOP START CENTER sim={state=unchanged adjust=pan} ty=APPLICATION_SUB_PANEL fmt=TRANSLUCENT wanim=0x1030313 surfaceInsets=Rect(0, 0 - 0, 0) (manual)
04-06 20:56:13.796   646   646 I ViewRootImpl@5a9f4b[PopupWindow:7a5581a]:   fl=41800208
04-06 20:56:13.796   646   646 I ViewRootImpl@5a9f4b[PopupWindow:7a5581a]:   pfl=42018000
04-06 20:56:13.796   646   646 I ViewRootImpl@5a9f4b[PopupWindow:7a5581a]:   bhv=DEFAULT
04-06 20:56:13.796   646   646 I ViewRootImpl@5a9f4b[PopupWindow:7a5581a]:   fitTypes=STATUS_BARS NAVIGATION_BARS CAPTION_BAR naviIconColor=0
04-06 20:56:13.796   646   646 I ViewRootImpl@5a9f4b[PopupWindow:7a5581a]:   sfl=20000}
04-06 20:56:13.800   646  1585 I ViewRootImpl@5a9f4b[PopupWindow:7a5581a]: Resizing android.view.ViewRootImpl@73aa3d4: frame = [255,1933][345,2041] reportDraw = true forceLayout = false syncSeqId = 0
04-06 20:56:13.801   646   646 I ViewRootImpl@5a9f4b[PopupWindow:7a5581a]: updateBlastSurfaceIfNeeded mBlastBufferQueue=null isSameSurfaceControl=false
04-06 20:56:13.802   646   646 I BLASTBufferQueue: new BLASTBufferQueue, mName= ViewRootImpl@5a9f4b[PopupWindow:7a5581a] mNativeObject= 0xb4000070a087cc00 sc.mNativeObject= 0xb4000070a0877040 caller= android.view.ViewRootImpl.updateBlastSurfaceIfNeeded:2909 android.view.ViewRootImpl.relayoutWindow:9847 android.view.ViewRootImpl.performTraversals:3884 android.view.ViewRootImpl.doTraversal:3116 android.view.ViewRootImpl$TraversalRunnable.run:10885 android.view.Choreographer$CallbackRecord.run:1301 android.view.Choreographer$CallbackRecord.run:1309 android.view.Choreographer.doCallbacks:923 android.view.Choreographer.doFrame:852 android.view.Choreographer$FrameDisplayEventReceiver.run:1283 
04-06 20:56:13.802   646   646 I BLASTBufferQueue: update, w= 90 h= 108 mName = ViewRootImpl@5a9f4b[PopupWindow:7a5581a] mNativeObject= 0xb4000070a087cc00 sc.mNativeObject= 0xb4000070a0877040 format= -3 caller= android.graphics.BLASTBufferQueue.<init>:84 android.view.ViewRootImpl.updateBlastSurfaceIfNeeded:2909 android.view.ViewRootImpl.relayoutWindow:9847 android.view.ViewRootImpl.performTraversals:3884 android.view.ViewRootImpl.doTraversal:3116 android.view.ViewRootImpl$TraversalRunnable.run:10885 
04-06 20:56:13.803   646   646 I ViewRootImpl@5a9f4b[PopupWindow:7a5581a]: Relayout returned: old=(255,1933,345,2041) new=(255,1933,345,2041) req=(90,108)0 dur=5 res=0x3 s={true 0xb4000069f29ae800} ch=true seqId=0
04-06 20:56:13.804   646   646 I ViewRootImpl@5a9f4b[PopupWindow:7a5581a]: mThreadedRenderer.initialize() mSurface={isValid=true 0xb4000069f29ae800} hwInitialized=true
04-06 20:56:13.804   646   901 D OpenGLRenderer: eglCreateWindowSurface
04-06 20:56:13.806   646   646 I ViewRootImpl@5a9f4b[PopupWindow:7a5581a]: reportNextDraw android.view.ViewRootImpl.performTraversals:4438 android.view.ViewRootImpl.doTraversal:3116 android.view.ViewRootImpl$TraversalRunnable.run:10885 android.view.Choreographer$CallbackRecord.run:1301 android.view.Choreographer$CallbackRecord.run:1309 
04-06 20:56:13.806   646   646 I ViewRootImpl@5a9f4b[PopupWindow:7a5581a]: Setup new sync id=0
04-06 20:56:13.806   646   646 I ViewRootImpl@5a9f4b[PopupWindow:7a5581a]: Setting syncFrameCallback
04-06 20:56:13.807   646   646 I ViewRootImpl@5a9f4b[PopupWindow:7a5581a]: registerCallbacksForSync syncBuffer=false
04-06 20:56:13.809   646   929 I ViewRootImpl@5a9f4b[PopupWindow:7a5581a]: Received frameDrawingCallback syncResult=0 frameNum=1.
04-06 20:56:13.809   646   929 I ViewRootImpl@5a9f4b[PopupWindow:7a5581a]: Setting up sync and frameCommitCallback
04-06 20:56:13.816   646   901 I BLASTBufferQueue: [ViewRootImpl@5a9f4b[PopupWindow:7a5581a]#2](f:0,a:0) onFrameAvailable the first frame is available
04-06 20:56:13.817   646   901 I ViewRootImpl@5a9f4b[PopupWindow:7a5581a]: Received frameCommittedCallback lastAttemptedDrawFrameNum=1 didProduceBuffer=true
04-06 20:56:13.817   646   901 D OpenGLRenderer: CFMS:: SetUp Pid : 646    Tid : 901
04-06 20:56:13.818   646   901 W Parcel  : Expecting binder but got null!
04-06 20:56:13.818   646   646 I ViewRootImpl@5a9f4b[PopupWindow:7a5581a]: onSyncComplete
04-06 20:56:13.819   646   646 I ViewRootImpl@5a9f4b[PopupWindow:7a5581a]: setupSync seqId=0 mSyncId=0 fn=1 caller=android.view.ViewRootImpl$$ExternalSyntheticLambda11.accept:6 android.window.SurfaceSyncer.lambda$setupSync$1$android-window-SurfaceSyncer:128 android.window.SurfaceSyncer$$ExternalSyntheticLambda1.accept:8 android.window.SurfaceSyncer$SyncSet.checkIfSyncIsComplete:382 android.window.SurfaceSyncer$SyncSet.markSyncReady:359 android.window.SurfaceSyncer.markSyncReady:151 android.view.ViewRootImpl.performTraversals:4503 
04-06 20:56:13.821   646   646 I ViewRootImpl@59ed072[PopupWindow:bda897d]: performTraversals params={(255,1839)(90x94) gr=TOP START CENTER sim={state=unchanged adjust=pan} ty=APPLICATION_SUB_PANEL fmt=TRANSLUCENT wanim=0x1030313 surfaceInsets=Rect(0, 0 - 0, 0) (manual)
04-06 20:56:13.821   646   646 I ViewRootImpl@59ed072[PopupWindow:bda897d]:   fl=41800218
04-06 20:56:13.821   646   646 I ViewRootImpl@59ed072[PopupWindow:bda897d]:   pfl=2018000
04-06 20:56:13.821   646   646 I ViewRootImpl@59ed072[PopupWindow:bda897d]:   bhv=DEFAULT
04-06 20:56:13.821   646   646 I ViewRootImpl@59ed072[PopupWindow:bda897d]:   fitTypes=STATUS_BARS NAVIGATION_BARS CAPTION_BAR naviIconColor=0
04-06 20:56:13.821   646   646 I ViewRootImpl@59ed072[PopupWindow:bda897d]:   sfl=20000}
04-06 20:56:13.821   646   646 I ViewRootImpl@59ed072[PopupWindow:bda897d]: performTraversals mFirst=true windowShouldResize=true viewVisibilityChanged=false mForceNextWindowRelayout=false params={(255,1839)(90x94) gr=TOP START CENTER sim={state=unchanged adjust=pan} ty=APPLICATION_SUB_PANEL fmt=TRANSLUCENT wanim=0x1030313 surfaceInsets=Rect(0, 0 - 0, 0) (manual)
04-06 20:56:13.821   646   646 I ViewRootImpl@59ed072[PopupWindow:bda897d]:   fl=41800218
04-06 20:56:13.821   646   646 I ViewRootImpl@59ed072[PopupWindow:bda897d]:   pfl=42018000
04-06 20:56:13.821   646   646 I ViewRootImpl@59ed072[PopupWindow:bda897d]:   bhv=DEFAULT
04-06 20:56:13.821   646   646 I ViewRootImpl@59ed072[PopupWindow:bda897d]:   fitTypes=STATUS_BARS NAVIGATION_BARS CAPTION_BAR naviIconColor=0
04-06 20:56:13.821   646   646 I ViewRootImpl@59ed072[PopupWindow:bda897d]:   sfl=20000}
04-06 20:56:13.826   646  1585 I ViewRootImpl@59ed072[PopupWindow:bda897d]: Resizing android.view.ViewRootImpl@cd4521f: frame = [255,1839][345,1933] reportDraw = true forceLayout = false syncSeqId = 0
04-06 20:56:13.827   646   646 I ViewRootImpl@59ed072[PopupWindow:bda897d]: updateBlastSurfaceIfNeeded mBlastBufferQueue=null isSameSurfaceControl=false
04-06 20:56:13.828   646   646 I BLASTBufferQueue: new BLASTBufferQueue, mName= ViewRootImpl@59ed072[PopupWindow:bda897d] mNativeObject= 0xb4000070a087cf80 sc.mNativeObject= 0xb4000070a0753cc0 caller= android.view.ViewRootImpl.updateBlastSurfaceIfNeeded:2909 android.view.ViewRootImpl.relayoutWindow:9847 android.view.ViewRootImpl.performTraversals:3884 android.view.ViewRootImpl.doTraversal:3116 android.view.ViewRootImpl$TraversalRunnable.run:10885 android.view.Choreographer$CallbackRecord.run:1301 android.view.Choreographer$CallbackRecord.run:1309 android.view.Choreographer.doCallbacks:923 android.view.Choreographer.doFrame:852 android.view.Choreographer$FrameDisplayEventReceiver.run:1283 
04-06 20:56:13.828   646   646 I BLASTBufferQueue: update, w= 90 h= 94 mName = ViewRootImpl@59ed072[PopupWindow:bda897d] mNativeObject= 0xb4000070a087cf80 sc.mNativeObject= 0xb4000070a0753cc0 format= -3 caller= android.graphics.BLASTBufferQueue.<init>:84 android.view.ViewRootImpl.updateBlastSurfaceIfNeeded:2909 android.view.ViewRootImpl.relayoutWindow:9847 android.view.ViewRootImpl.performTraversals:3884 android.view.ViewRootImpl.doTraversal:3116 android.view.ViewRootImpl$TraversalRunnable.run:10885 
04-06 20:56:13.828   646   646 I ViewRootImpl@59ed072[PopupWindow:bda897d]: Relayout returned: old=(255,1839,345,1933) new=(255,1839,345,1933) req=(90,94)0 dur=6 res=0x3 s={true 0xb4000069f2ada000} ch=true seqId=0
04-06 20:56:13.829   646   646 I ViewRootImpl@59ed072[PopupWindow:bda897d]: mThreadedRenderer.initialize() mSurface={isValid=true 0xb4000069f2ada000} hwInitialized=true
04-06 20:56:13.829   646   901 D OpenGLRenderer: eglCreateWindowSurface
04-06 20:56:13.830   646   646 I ViewRootImpl@59ed072[PopupWindow:bda897d]: reportNextDraw android.view.ViewRootImpl.performTraversals:4438 android.view.ViewRootImpl.doTraversal:3116 android.view.ViewRootImpl$TraversalRunnable.run:10885 android.view.Choreographer$CallbackRecord.run:1301 android.view.Choreographer$CallbackRecord.run:1309 
04-06 20:56:13.831   646   646 I ViewRootImpl@59ed072[PopupWindow:bda897d]: Setup new sync id=0
04-06 20:56:13.831   646   646 I ViewRootImpl@59ed072[PopupWindow:bda897d]: Setting syncFrameCallback
04-06 20:56:13.831   646   646 I ViewRootImpl@59ed072[PopupWindow:bda897d]: registerCallbacksForSync syncBuffer=false
04-06 20:56:13.831   646   930 I ViewRootImpl@59ed072[PopupWindow:bda897d]: Received frameDrawingCallback syncResult=0 frameNum=1.
04-06 20:56:13.831   646   930 I ViewRootImpl@59ed072[PopupWindow:bda897d]: Setting up sync and frameCommitCallback
04-06 20:56:13.832   646   901 I BLASTBufferQueue: [ViewRootImpl@59ed072[PopupWindow:bda897d]#3](f:0,a:0) onFrameAvailable the first frame is available
04-06 20:56:13.832   646   901 I ViewRootImpl@59ed072[PopupWindow:bda897d]: Received frameCommittedCallback lastAttemptedDrawFrameNum=1 didProduceBuffer=true
04-06 20:56:13.832   646   901 D OpenGLRenderer: CFMS:: SetUp Pid : 646    Tid : 901
04-06 20:56:13.833   646   901 W Parcel  : Expecting binder but got null!
04-06 20:56:13.833   646   646 I ViewRootImpl@59ed072[PopupWindow:bda897d]: onSyncComplete
04-06 20:56:13.833   646   646 I ViewRootImpl@59ed072[PopupWindow:bda897d]: setupSync seqId=0 mSyncId=0 fn=1 caller=android.view.ViewRootImpl$$ExternalSyntheticLambda11.accept:6 android.window.SurfaceSyncer.lambda$setupSync$1$android-window-SurfaceSyncer:128 android.window.SurfaceSyncer$$ExternalSyntheticLambda1.accept:8 android.window.SurfaceSyncer$SyncSet.checkIfSyncIsComplete:382 android.window.SurfaceSyncer$SyncSet.markSyncReady:359 android.window.SurfaceSyncer.markSyncReady:151 android.view.ViewRootImpl.performTraversals:4503 
04-06 20:56:13.834   646   646 I ViewRootImpl@59ed072[PopupWindow:bda897d]: reportDrawFinished seqId=0 mSyncId=-1 fn=1 mSurfaceChangedTransaction=0xb4000070a07a9200
04-06 20:56:13.834   646   646 I ViewRootImpl@5a9f4b[PopupWindow:7a5581a]: reportDrawFinished seqId=0 mSyncId=-1 fn=1 mSurfaceChangedTransaction=0xb4000070a6fccb00
04-06 20:56:13.835   646   646 I ViewRootImpl@5a9f4b[PopupWindow:7a5581a]: handleResized, msg = 5 frames=ClientWindowFrames{frame=[255,1933][345,2041] display=[-100000,-100000][100000,100000] parentFrame=[0,0][0,0] parentClippedByDisplayCutout=false} forceNextWindowRelayout=false displayId=0 resizeMode=-1 frameChanged=false displayFrameChanged=false configChanged=false displayChanged=false
04-06 20:56:13.835   646   646 I ViewRootImpl@5a9f4b[PopupWindow:7a5581a]: handleResized mSyncSeqId = 0
04-06 20:56:13.835   646   646 I ViewRootImpl@5a9f4b[PopupWindow:7a5581a]: reportNextDraw android.view.ViewRootImpl.handleResized:2450 android.view.ViewRootImpl.-$$Nest$mhandleResized:0 android.view.ViewRootImpl$ViewRootHandler.handleMessageImpl:6728 android.view.ViewRootImpl$ViewRootHandler.handleMessage:6697 android.os.Handler.dispatchMessage:106 
04-06 20:56:13.836   646   646 I ViewRootImpl@5a9f4b[PopupWindow:7a5581a]: Setup new sync id=1
04-06 20:56:13.836   646   646 I ViewRootImpl@5a9f4b[PopupWindow:7a5581a]: Setting syncFrameCallback
04-06 20:56:13.836   646   646 I ViewRootImpl@5a9f4b[PopupWindow:7a5581a]: registerCallbacksForSync syncBuffer=false
04-06 20:56:13.841   646   929 I ViewRootImpl@5a9f4b[PopupWindow:7a5581a]: Received frameDrawingCallback syncResult=0 frameNum=2.
04-06 20:56:13.841   646   929 I ViewRootImpl@5a9f4b[PopupWindow:7a5581a]: Setting up sync and frameCommitCallback
04-06 20:56:13.842   646   901 I ViewRootImpl@5a9f4b[PopupWindow:7a5581a]: Received frameCommittedCallback lastAttemptedDrawFrameNum=2 didProduceBuffer=true
04-06 20:56:13.842   646   646 I ViewRootImpl@5a9f4b[PopupWindow:7a5581a]: onSyncComplete
04-06 20:56:13.843   646   646 I ViewRootImpl@5a9f4b[PopupWindow:7a5581a]: setupSync seqId=0 mSyncId=1 fn=2 caller=android.view.ViewRootImpl$$ExternalSyntheticLambda11.accept:6 android.window.SurfaceSyncer.lambda$setupSync$1$android-window-SurfaceSyncer:128 android.window.SurfaceSyncer$$ExternalSyntheticLambda1.accept:8 android.window.SurfaceSyncer$SyncSet.checkIfSyncIsComplete:382 android.window.SurfaceSyncer$SyncSet.markSyncReady:359 android.window.SurfaceSyncer.markSyncReady:151 android.view.ViewRootImpl.performTraversals:4503 
04-06 20:56:13.843   646   646 I ViewRootImpl@5a9f4b[PopupWindow:7a5581a]: reportDrawFinished seqId=0 mSyncId=-1 fn=2 mSurfaceChangedTransaction=0xb4000070a6fccb00
04-06 20:56:13.843   646   646 I ViewRootImpl@59ed072[PopupWindow:bda897d]: handleResized, msg = 5 frames=ClientWindowFrames{frame=[255,1839][345,1933] display=[-100000,-100000][100000,100000] parentFrame=[0,0][0,0] parentClippedByDisplayCutout=false} forceNextWindowRelayout=false displayId=0 resizeMode=-1 frameChanged=false displayFrameChanged=false configChanged=false displayChanged=false
04-06 20:56:13.844   646   646 I ViewRootImpl@59ed072[PopupWindow:bda897d]: handleResized mSyncSeqId = 0
04-06 20:56:13.844   646   646 I ViewRootImpl@59ed072[PopupWindow:bda897d]: reportNextDraw android.view.ViewRootImpl.handleResized:2450 android.view.ViewRootImpl.-$$Nest$mhandleResized:0 android.view.ViewRootImpl$ViewRootHandler.handleMessageImpl:6728 android.view.ViewRootImpl$ViewRootHandler.handleMessage:6697 android.os.Handler.dispatchMessage:106 
04-06 20:56:13.854   646   646 I ViewRootImpl@59ed072[PopupWindow:bda897d]: Setup new sync id=1
04-06 20:56:13.854   646   646 I ViewRootImpl@59ed072[PopupWindow:bda897d]: Setting syncFrameCallback
04-06 20:56:13.854   646   646 I ViewRootImpl@59ed072[PopupWindow:bda897d]: registerCallbacksForSync syncBuffer=false
04-06 20:56:13.856   646   930 I ViewRootImpl@59ed072[PopupWindow:bda897d]: Received frameDrawingCallback syncResult=0 frameNum=2.
04-06 20:56:13.856   646   930 I ViewRootImpl@59ed072[PopupWindow:bda897d]: Setting up sync and frameCommitCallback
04-06 20:56:13.857   646   901 I ViewRootImpl@59ed072[PopupWindow:bda897d]: Received frameCommittedCallback lastAttemptedDrawFrameNum=2 didProduceBuffer=true
04-06 20:56:13.857   646   646 I ViewRootImpl@59ed072[PopupWindow:bda897d]: onSyncComplete
04-06 20:56:13.857   646   646 I ViewRootImpl@59ed072[PopupWindow:bda897d]: setupSync seqId=0 mSyncId=1 fn=2 caller=android.view.ViewRootImpl$$ExternalSyntheticLambda11.accept:6 android.window.SurfaceSyncer.lambda$setupSync$1$android-window-SurfaceSyncer:128 android.window.SurfaceSyncer$$ExternalSyntheticLambda1.accept:8 android.window.SurfaceSyncer$SyncSet.checkIfSyncIsComplete:382 android.window.SurfaceSyncer$SyncSet.markSyncReady:359 android.window.SurfaceSyncer.markSyncReady:151 android.view.ViewRootImpl.performTraversals:4503 
04-06 20:56:13.859   646   646 I ViewRootImpl@59ed072[PopupWindow:bda897d]: reportDrawFinished seqId=0 mSyncId=-1 fn=2 mSurfaceChangedTransaction=0xb4000070a07a9200
04-06 20:56:13.862   646   646 W OnBackInvokedCallback: OnBackInvokedCallback is not enabled for the application.
04-06 20:56:13.862   646   646 W OnBackInvokedCallback: Set 'android:enableOnBackInvokedCallback="true"' in the application manifest.
04-06 20:56:13.882   646   718 I ViewRootImpl@5a9f4b[PopupWindow:7a5581a]: Resizing android.view.ViewRootImpl@73aa3d4: frame = [255,1933][345,2041] reportDraw = false forceLayout = false syncSeqId = 0
04-06 20:56:13.882   646  1628 I ViewRootImpl@73623ee[MainActivity]: Resizing android.view.ViewRootImpl@25a16ab: frame = [0,0][1080,2400] reportDraw = false forceLayout = false syncSeqId = 0
04-06 20:56:13.883   646   646 I ViewRootImpl@5a9f4b[PopupWindow:7a5581a]: handleResized, msg = 4 frames=ClientWindowFrames{frame=[255,1933][345,2041] display=[-100000,-100000][100000,100000] parentFrame=[0,0][0,0] parentClippedByDisplayCutout=false} forceNextWindowRelayout=false displayId=0 resizeMode=-1 frameChanged=false displayFrameChanged=false configChanged=false displayChanged=false
04-06 20:56:13.883   646   646 D InsetsController: onStateChanged: InsetsState: {mDisplayFrame=Rect(0, 0 - 1080, 2400), mDisplayCutout=DisplayCutout{insets=Rect(0, 88 - 0, 0) waterfall=Insets{left=0, top=0, right=0, bottom=0} boundingRect={Bounds=[Rect(0, 0 - 0, 0), Rect(512, 0 - 568, 88), Rect(0, 0 - 0, 0), Rect(0, 0 - 0, 0)]} cutoutPathParserInfo={CutoutPathParserInfo{displayWidth=1080 displayHeight=2400 physicalDisplayWidth=1080 physicalDisplayHeight=2400 density={3.0} cutoutSpec={M 0,0 M 0,10.71963616907435 a 9.280363830925644,9.280363830925644 0 1,0 0,18.56072766185129 a 9.280363830925644,9.280363830925644 0 1,0 0,-18.56072766185129 Z @dp} rotation={0} scale={1.0} physicalPixelDisplaySizeRatio={1.0}}}}, mRoundedCorners=RoundedCorners{[RoundedCorner{position=TopLeft, radius=96, center=Point(96, 96)}, RoundedCorner{position=TopRight, radius=96, center=Point(984, 96)}, RoundedCorner{position=BottomRight, radius=96, center=Point(984, 2304)}, RoundedCorner{position=BottomLeft, radius=96, center=Point(96, 2304)}]}  mRoundedCornerFrame=Rect(0, 0 - 1080, 2400), mPrivacyIndicatorBounds=PrivacyIndicatorBounds {static bounds=Rect(948, 0 - 1080, 88) rotation=0}, mSources= { InsetsSource: {mType=ITYPE_STATUS_BAR, mFrame=[0,0][1080,88], mVisible=true, mInsetsRoundedCornerFrame=false}, InsetsSource: {mType=ITYPE_NAVIGATION_BAR, mFrame=[0,2256][1080,2400], mVisible=true, mInsetsRoundedCornerFrame=false}, InsetsSource: {mType=ITYPE_LEFT_GESTURES, mFrame=[0,0][0,2400], mVisible=true, mInsetsRoundedCornerFrame=false}, InsetsSource: {mType=ITYPE_RIGHT_GESTURES, mFrame=[1080,0][1080,2400], mVisible=true, mInsetsRoundedCornerFrame=false}, InsetsSource: {mType=ITYPE_TOP_MANDATORY_GESTURES, mFrame=[0,0][1080,124], mVisible=true, mInsetsRoundedCornerFrame=false}, InsetsSource: {mType=ITYPE_BOTTOM_MANDATORY_GESTURES, mFrame=[0,2256][1080,2400], mVisible=true, mInsetsRoundedCornerFrame=false}, InsetsSource: {mType=ITYPE_LEFT_DISPLAY_CUTOUT, mFrame=[0,0][-100000,2400], mVisible=true, mInsetsRoundedCornerFrame=false}, InsetsSource: {mType=ITYPE_TOP_DISPLAY_CUTOUT, mFrame=[0,0][1080,88], mVisible=true, mInsetsRoundedCornerFrame=false}, InsetsSource: {mType=ITYPE_RIGHT_DISPLAY_CUTOUT, mFrame=[100000,0][1080,2400], mVisible=true, mInsetsRoundedCornerFrame=false}, InsetsSource: {mType=ITYPE_BOTTOM_DISPLAY_CUTOUT, mFrame=[0,100000][1080,2400], mVisible=true, mInsetsRoundedCornerFrame=false}, InsetsSource: {mType=ITYPE_TOP_TAPPABLE_ELEMENT, mFrame=[0,0][1080,88], mVisible=true, mInsetsRoundedCornerFrame=false}, InsetsSource: {mType=ITYPE_BOTTOM_TAPPABLE_ELEMENT, mFrame=[0,2256][1080,2400], mVisible=true, mInsetsRoundedCornerFrame=false}, InsetsSource: {mType=ITYPE_IME, mFrame=[0,1374][1080,2400], mVisibleFrame=[0,1374][1080,2400], mVisible=false, mInsetsRoundedCornerFrame=false} } host=com.evolucao.app/com.evolucao.app.MainActivity from=android.view.ViewRootImpl$ViewRootHandler.handleMessageImpl:6727
04-06 20:56:13.883   646   646 I ViewRootImpl@73623ee[MainActivity]: handleResized, msg = 4 frames=ClientWindowFrames{frame=[0,0][1080,2400] display=[0,0][1080,2400] parentFrame=[0,0][0,0] parentClippedByDisplayCutout=false} forceNextWindowRelayout=false displayId=0 resizeMode=-1 frameChanged=false displayFrameChanged=false configChanged=false displayChanged=false
04-06 20:56:13.883   646  1585 I ViewRootImpl@59ed072[PopupWindow:bda897d]: Resizing android.view.ViewRootImpl@cd4521f: frame = [255,1839][345,1933] reportDraw = false forceLayout = false syncSeqId = 0
04-06 20:56:13.884   646   646 I ViewRootImpl@59ed072[PopupWindow:bda897d]: handleResized, msg = 4 frames=ClientWindowFrames{frame=[255,1839][345,1933] display=[-100000,-100000][100000,100000] parentFrame=[0,0][0,0] parentClippedByDisplayCutout=false} forceNextWindowRelayout=false displayId=0 resizeMode=-1 frameChanged=false displayFrameChanged=false configChanged=false displayChanged=false
04-06 20:56:13.903   646   646 D InsetsController: show(ime(), fromIme=true)
04-06 20:56:13.904   646   646 D InsetsController: controlAnimationUnchecked: Added types=8 animType=0 host=com.evolucao.app/com.evolucao.app.MainActivity from=android.view.InsetsController.applyAnimation:1576 android.view.InsetsController.applyAnimation:1557 android.view.InsetsController.show:1063 
04-06 20:56:13.904   646   646 D InsetsSourceConsumer: setRequestedVisible: visible=true, type=19, host=com.evolucao.app/com.evolucao.app.MainActivity, from=android.view.InsetsSourceConsumer.show:250 android.view.ImeInsetsSourceConsumer.show:82 android.view.InsetsController.showDirectly:1609 android.view.InsetsController.controlAnimationUnchecked:1232 android.view.InsetsController.applyAnimation:1576 android.view.InsetsController.applyAnimation:1557 android.view.InsetsController.show:1063 android.view.ViewRootImpl$ViewRootHandler.handleMessageImpl:6761 android.view.ViewRootImpl$ViewRootHandler.handleMessage:6697 android.os.Handler.dispatchMessage:106 
04-06 20:56:13.912   646   718 I ViewRootImpl@59ed072[PopupWindow:bda897d]: Resizing android.view.ViewRootImpl@cd4521f: frame = [255,1839][345,1933] reportDraw = false forceLayout = false syncSeqId = 0
04-06 20:56:13.914   646  1585 I ViewRootImpl@5a9f4b[PopupWindow:7a5581a]: Resizing android.view.ViewRootImpl@73aa3d4: frame = [255,1933][345,2041] reportDraw = false forceLayout = false syncSeqId = 0
04-06 20:56:13.916   646  1628 I ViewRootImpl@73623ee[MainActivity]: Resizing android.view.ViewRootImpl@25a16ab: frame = [0,0][1080,2400] reportDraw = false forceLayout = false syncSeqId = 0
04-06 20:56:13.917   646   646 I ViewRootImpl@59ed072[PopupWindow:bda897d]: handleResized, msg = 4 frames=ClientWindowFrames{frame=[255,1839][345,1933] display=[-100000,-100000][100000,100000] parentFrame=[0,0][0,0] parentClippedByDisplayCutout=false} forceNextWindowRelayout=false displayId=0 resizeMode=-1 frameChanged=false displayFrameChanged=false configChanged=false displayChanged=false
