04-06 11:21:41.271 15051 15051 I ViewInteraction: Checking 'MatchesViewAssertion(Detox){viewMatcher=(view has effective visibility <VISIBLE> and view.getGlobalVisibleRect() covers at least <75> percent of the view's area)}' assertion on view (view.getTag() is "tab-treino" and view has effective visibility <VISIBLE>)
04-06 11:21:41.302 15051 15051 I ViewInteraction: Checking 'MatchesViewAssertion(Detox){viewMatcher=(view has effective visibility <VISIBLE> and view.getGlobalVisibleRect() covers at least <75> percent of the view's area)}' assertion on view (view.getTag() is "tab-treino" and view has effective visibility <VISIBLE>)
04-06 11:21:41.334 15051 15051 I ViewInteraction: Checking 'MatchesViewAssertion(Detox){viewMatcher=(view has effective visibility <VISIBLE> and view.getGlobalVisibleRect() covers at least <75> percent of the view's area)}' assertion on view (view.getTag() is "tab-treino" and view has effective visibility <VISIBLE>)
04-06 11:21:41.365 15051 15051 I ViewInteraction: Checking 'MatchesViewAssertion(Detox){viewMatcher=(view has effective visibility <VISIBLE> and view.getGlobalVisibleRect() covers at least <75> percent of the view's area)}' assertion on view (view.getTag() is "tab-treino" and view has effective visibility <VISIBLE>)
04-06 11:21:41.398 15051 15051 I ViewInteraction: Checking 'MatchesViewAssertion(Detox){viewMatcher=(view has effective visibility <VISIBLE> and view.getGlobalVisibleRect() covers at least <75> percent of the view's area)}' assertion on view (view.getTag() is "tab-treino" and view has effective visibility <VISIBLE>)
04-06 11:21:41.438 15051 15051 I ViewInteraction: Checking 'MatchesViewAssertion(Detox){viewMatcher=(view has effective visibility <VISIBLE> and view.getGlobalVisibleRect() covers at least <75> percent of the view's area)}' assertion on view (view.getTag() is "tab-treino" and view has effective visibility <VISIBLE>)
04-06 11:21:41.480 15051 15051 I ViewInteraction: Checking 'MatchesViewAssertion(Detox){viewMatcher=(view has effective visibility <VISIBLE> and view.getGlobalVisibleRect() covers at least <75> percent of the view's area)}' assertion on view (view.getTag() is "tab-treino" and view has effective visibility <VISIBLE>)
04-06 11:21:41.514 15051 15051 I ViewInteraction: Checking 'MatchesViewAssertion(Detox){viewMatcher=(view has effective visibility <VISIBLE> and view.getGlobalVisibleRect() covers at least <75> percent of the view's area)}' assertion on view (view.getTag() is "tab-treino" and view has effective visibility <VISIBLE>)
04-06 11:21:41.544 15051 15051 I ViewInteraction: Checking 'MatchesViewAssertion(Detox){viewMatcher=(view has effective visibility <VISIBLE> and view.getGlobalVisibleRect() covers at least <75> percent of the view's area)}' assertion on view (view.getTag() is "tab-treino" and view has effective visibility <VISIBLE>)
04-06 11:21:41.588 15051 15051 I ViewInteraction: Checking 'MatchesViewAssertion(Detox){viewMatcher=(view has effective visibility <VISIBLE> and view.getGlobalVisibleRect() covers at least <75> percent of the view's area)}' assertion on view (view.getTag() is "tab-treino" and view has effective visibility <VISIBLE>)
04-06 11:21:41.615 15051 15090 I DetoxActionHandlers: Test exception
04-06 11:21:41.615 15051 15090 I DetoxActionHandlers: java.lang.reflect.InvocationTargetException
04-06 11:21:41.615 15051 15090 I DetoxActionHandlers: 	at java.lang.reflect.Method.invoke(Native Method)
04-06 11:21:41.615 15051 15090 I DetoxActionHandlers: 	at org.apache.commons.lang3.reflect.MethodUtils.invokeStaticMethod(MethodUtils.java:443)
04-06 11:21:41.615 15051 15090 I DetoxActionHandlers: 	at org.apache.commons.lang3.reflect.MethodUtils.invokeStaticMethod(MethodUtils.java:405)
04-06 11:21:41.615 15051 15090 I DetoxActionHandlers: 	at com.wix.invoke.types.ClassTarget.execute(ClassTarget.java:23)
04-06 11:21:41.615 15051 15090 I DetoxActionHandlers: 	at com.wix.invoke.types.Target.invoke(Target.java:59)
04-06 11:21:41.615 15051 15090 I DetoxActionHandlers: 	at com.wix.invoke.MethodInvocation.invoke(MethodInvocation.java:35)
04-06 11:21:41.615 15051 15090 I DetoxActionHandlers: 	at com.wix.invoke.MethodInvocation.invoke(MethodInvocation.java:26)
04-06 11:21:41.615 15051 15090 I DetoxActionHandlers: 	at com.wix.invoke.MethodInvocation.invoke(MethodInvocation.java:20)
04-06 11:21:41.615 15051 15090 I DetoxActionHandlers: 	at com.wix.detox.adapters.server.InvokeActionHandler.handle(DetoxActionHandlers.kt:54)
04-06 11:21:41.615 15051 15090 I DetoxActionHandlers: 	at com.wix.detox.adapters.server.ActionsExecutor.executeAction$lambda$2$lambda$1(DetoxActionsDispatcher.kt:76)
04-06 11:21:41.615 15051 15090 I DetoxActionHandlers: 	at com.wix.detox.adapters.server.ActionsExecutor.$r8$lambda$GVbB7LHtBHxNHGbgYnHJ6YrwCqs(Unknown Source:0)
04-06 11:21:41.615 15051 15090 I DetoxActionHandlers: 	at com.wix.detox.adapters.server.ActionsExecutor$$ExternalSyntheticLambda0.run(D8$$SyntheticClass:0)
04-06 11:21:41.615 15051 15090 I DetoxActionHandlers: 	at android.os.Handler.handleCallback(Handler.java:942)
04-06 11:21:41.615 15051 15090 I DetoxActionHandlers: 	at android.os.Handler.dispatchMessage(Handler.java:99)
04-06 11:21:41.615 15051 15090 I DetoxActionHandlers: 	at android.os.Looper.loopOnce(Looper.java:226)
04-06 11:21:41.615 15051 15090 I DetoxActionHandlers: 	at android.os.Looper.loop(Looper.java:313)
04-06 11:21:41.615 15051 15090 I DetoxActionHandlers: 	at com.wix.detox.adapters.server.ActionsExecutor._init_$lambda$0(DetoxActionsDispatcher.kt:62)
04-06 11:21:41.615 15051 15090 I DetoxActionHandlers: 	at com.wix.detox.adapters.server.ActionsExecutor.$r8$lambda$xlgL0CQim6vNM0wWEqM8JIDgZUE(Unknown Source:0)
04-06 11:21:41.615 15051 15090 I DetoxActionHandlers: 	at com.wix.detox.adapters.server.ActionsExecutor$$ExternalSyntheticLambda1.run(D8$$SyntheticClass:0)
04-06 11:21:41.615 15051 15090 I DetoxActionHandlers: 	at java.lang.Thread.run(Thread.java:1012)
04-06 11:21:41.615 15051 15090 I DetoxActionHandlers: Caused by: com.wix.detox.common.DetoxErrors$DetoxRuntimeException: 3.0sec timeout expired without matching of given matcher: (view has effective visibility <VISIBLE> and view.getGlobalVisibleRect() covers at least <75> percent of the view's area)
04-06 11:21:41.615 15051 15090 I DetoxActionHandlers: 	at com.wix.detox.espresso.DetoxAssertion.waitForAssertMatcher(DetoxAssertion.java:72)
04-06 11:21:41.615 15051 15090 I DetoxActionHandlers: 	... 20 more
04-06 11:21:41.615 15051 15090 I DetoxWSClient: Sending out action 'testFailed' (ID #3)
04-06 11:21:41.615 15051 15090 I DetoxDispatcher: Done with action 'invoke'
04-06 11:21:41.621 15051 15094 D DetoxWSClient: Received action 'invoke' (ID #4, params={"target":{"type":"Class","value":"com.wix.detox.espresso.EspressoDetox"},"method":"perform","args":[{"type":"Invocation","value":{"target":{"type":"Class","value":"com.wix.detox.espresso.DetoxMatcher"},"method":"matcherForTestId","args":["scroll-container",{"type":"boolean","value":false}]}},{"type":"Invocation","value":{"target":{"type":"Class","value":"com.wix.detox.espresso.DetoxAction"},"method":"scrollInDirection","args":[{"type":"Integer","value":3},{"type":"Double","value":320},{"type":"Double","value":-1},{"type":"Double","value":-1}]}}]})
04-06 11:21:41.621 15051 15090 I DetoxDispatcher: Handling action 'invoke' (ID #4)...
04-06 11:21:41.622 15051 15090 D Detox   : class com.wix.detox.espresso.DetoxMatcher, matcherForTestId, [scroll-container, false]
04-06 11:21:41.624 15051 15090 D Detox   : class com.wix.detox.espresso.DetoxAction, scrollInDirection, [3, 320.0, -1.0, -1.0]
04-06 11:21:41.626 15051 15090 D Detox   : class com.wix.detox.espresso.EspressoDetox, perform, [(view.getTag() is "scroll-container" and view has effective visibility <VISIBLE>), com.wix.detox.espresso.scroll.DetoxScrollAction@855ba17]
04-06 11:21:41.633 15051 15051 I ViewInteraction: Performing 'scrollInDirection' action on view (view.getTag() is "scroll-container" and view has effective visibility <VISIBLE>)
04-06 11:21:41.636 15051 15051 D DetoxScrollHelper: prescroll amountDP=320.0 amountPx=960 scrollableRangePx=1951 times=0 remainder=960
04-06 11:21:41.637 15051 15090 I DetoxWSClient: Sending out action 'invokeResult' (ID #4)
04-06 11:21:41.637 15051 15090 I DetoxDispatcher: Done with action 'invoke'
04-06 11:21:41.641 15051 15094 D DetoxWSClient: Received action 'invoke' (ID #5, params={"target":{"type":"Class","value":"com.wix.detox.espresso.EspressoDetox"},"method":"perform","args":[{"type":"Invocation","value":{"target":{"type":"Class","value":"com.wix.detox.espresso.DetoxMatcher"},"method":"matcherForTestId","args":["scroll-container",{"type":"boolean","value":false}]}},{"type":"Invocation","value":{"target":{"type":"Class","value":"com.wix.detox.espresso.DetoxAction"},"method":"scrollInDirection","args":[{"type":"Integer","value":3},{"type":"Double","value":320},{"type":"Double","value":-1},{"type":"Double","value":-1}]}}]})
04-06 11:21:41.641 15051 15090 I DetoxDispatcher: Handling action 'invoke' (ID #5)...
04-06 11:21:41.642 15051 15090 D Detox   : class com.wix.detox.espresso.DetoxMatcher, matcherForTestId, [scroll-container, false]
04-06 11:21:41.642 15051 15090 D Detox   : class com.wix.detox.espresso.DetoxAction, scrollInDirection, [3, 320.0, -1.0, -1.0]
04-06 11:21:41.642 15051 15090 D Detox   : class com.wix.detox.espresso.EspressoDetox, perform, [(view.getTag() is "scroll-container" and view has effective visibility <VISIBLE>), com.wix.detox.espresso.scroll.DetoxScrollAction@ffd6e04]
04-06 11:21:41.646 15051 15051 I ViewInteraction: Performing 'scrollInDirection' action on view (view.getTag() is "scroll-container" and view has effective visibility <VISIBLE>)
04-06 11:21:41.648 15051 15051 D DetoxScrollHelper: prescroll amountDP=320.0 amountPx=960 scrollableRangePx=1951 times=0 remainder=960
04-06 11:21:41.648 15051 15090 I DetoxWSClient: Sending out action 'invokeResult' (ID #5)
04-06 11:21:41.648 15051 15090 I DetoxDispatcher: Done with action 'invoke'
04-06 11:21:41.652 15051 15094 D DetoxWSClient: Received action 'invoke' (ID #6, params={"target":{"type":"Class","value":"com.wix.detox.espresso.EspressoDetox"},"method":"perform","args":[{"type":"Invocation","value":{"target":{"type":"Class","value":"com.wix.detox.espresso.DetoxMatcher"},"method":"matcherForTestId","args":["scroll-container",{"type":"boolean","value":false}]}},{"type":"Invocation","value":{"target":{"type":"Class","value":"com.wix.detox.espresso.DetoxAction"},"method":"scrollInDirection","args":[{"type":"Integer","value":3},{"type":"Double","value":320},{"type":"Double","value":-1},{"type":"Double","value":-1}]}}]})
04-06 11:21:41.652 15051 15090 I DetoxDispatcher: Handling action 'invoke' (ID #6)...
04-06 11:21:41.653 15051 15090 D Detox   : class com.wix.detox.espresso.DetoxMatcher, matcherForTestId, [scroll-container, false]
04-06 11:21:41.653 15051 15090 D Detox   : class com.wix.detox.espresso.DetoxAction, scrollInDirection, [3, 320.0, -1.0, -1.0]
04-06 11:21:41.654 15051 15090 D Detox   : class com.wix.detox.espresso.EspressoDetox, perform, [(view.getTag() is "scroll-container" and view has effective visibility <VISIBLE>), com.wix.detox.espresso.scroll.DetoxScrollAction@1853fed]
04-06 11:21:41.657 15051 15051 I ViewInteraction: Performing 'scrollInDirection' action on view (view.getTag() is "scroll-container" and view has effective visibility <VISIBLE>)
04-06 11:21:41.658 15051 15051 D DetoxScrollHelper: prescroll amountDP=320.0 amountPx=960 scrollableRangePx=1951 times=0 remainder=960
04-06 11:21:41.659 15051 15090 I DetoxWSClient: Sending out action 'invokeResult' (ID #6)
04-06 11:21:41.659 15051 15090 I DetoxDispatcher: Done with action 'invoke'
04-06 11:21:41.662 15051 15094 D DetoxWSClient: Received action 'invoke' (ID #7, params={"target":{"type":"Class","value":"com.wix.detox.espresso.EspressoDetox"},"method":"perform","args":[{"type":"Invocation","value":{"target":{"type":"Class","value":"com.wix.detox.espresso.DetoxMatcher"},"method":"matcherForTestId","args":["scroll-container",{"type":"boolean","value":false}]}},{"type":"Invocation","value":{"target":{"type":"Class","value":"com.wix.detox.espresso.DetoxAction"},"method":"scrollInDirection","args":[{"type":"Integer","value":3},{"type":"Double","value":320},{"type":"Double","value":-1},{"type":"Double","value":-1}]}}]})
04-06 11:21:41.663 15051 15090 I DetoxDispatcher: Handling action 'invoke' (ID #7)...
04-06 11:21:41.663 15051 15090 D Detox   : class com.wix.detox.espresso.DetoxMatcher, matcherForTestId, [scroll-container, false]
04-06 11:21:41.664 15051 15090 D Detox   : class com.wix.detox.espresso.DetoxAction, scrollInDirection, [3, 320.0, -1.0, -1.0]
04-06 11:21:41.664 15051 15090 D Detox   : class com.wix.detox.espresso.EspressoDetox, perform, [(view.getTag() is "scroll-container" and view has effective visibility <VISIBLE>), com.wix.detox.espresso.scroll.DetoxScrollAction@d849e22]
04-06 11:21:41.668 15051 15051 I ViewInteraction: Performing 'scrollInDirection' action on view (view.getTag() is "scroll-container" and view has effective visibility <VISIBLE>)
04-06 11:21:41.669 15051 15051 D DetoxScrollHelper: prescroll amountDP=320.0 amountPx=960 scrollableRangePx=1951 times=0 remainder=960
04-06 11:21:41.670 15051 15090 I DetoxWSClient: Sending out action 'invokeResult' (ID #7)
04-06 11:21:41.670 15051 15090 I DetoxDispatcher: Done with action 'invoke'
04-06 11:21:41.676 15051 15094 D DetoxWSClient: Received action 'invoke' (ID #8, params={"target":{"type":"Class","value":"com.wix.detox.espresso.DetoxAssertion"},"method":"waitForAssertMatcher","args":[{"type":"Invocation","value":{"target":{"type":"Class","value":"androidx.test.espresso.Espresso"},"method":"onView","args":[{"type":"Invocation","value":{"target":{"type":"Class","value":"com.wix.detox.espresso.DetoxMatcher"},"method":"matcherForTestId","args":["input-peso-atual",{"type":"boolean","value":false}]}}]}},{"type":"Invocation","value":{"target":{"type":"Class","value":"com.wix.detox.espresso.DetoxMatcher"},"method":"matcherForSufficientlyVisible","args":[{"type":"Integer","value":75}]}},{"type":"Double","value":5}]})
04-06 11:21:41.676 15051 15090 I DetoxDispatcher: Handling action 'invoke' (ID #8)...
04-06 11:21:41.676 15051 15090 D Detox   : class com.wix.detox.espresso.DetoxMatcher, matcherForTestId, [input-peso-atual, false]
04-06 11:21:41.677 15051 15090 D Detox   : class androidx.test.espresso.Espresso, onView, [(view.getTag() is "input-peso-atual" and view has effective visibility <VISIBLE>)]
04-06 11:21:41.678 15051 15090 D Detox   : class com.wix.detox.espresso.DetoxMatcher, matcherForSufficientlyVisible, [75]
04-06 11:21:41.678 15051 15090 D Detox   : class com.wix.detox.espresso.DetoxAssertion, waitForAssertMatcher, [androidx.test.espresso.ViewInteraction@9f1e0b3, (view has effective visibility <VISIBLE> and view.getGlobalVisibleRect() covers at least <75> percent of the view's area), 5.0]
04-06 11:21:41.681 15051 15051 I ViewInteraction: Checking 'MatchesViewAssertion(Detox){viewMatcher=(view has effective visibility <VISIBLE> and view.getGlobalVisibleRect() covers at least <75> percent of the view's area)}' assertion on view (view.getTag() is "input-peso-atual" and view has effective visibility <VISIBLE>)
04-06 11:21:41.685 15051 15090 I DetoxWSClient: Sending out action 'invokeResult' (ID #8)
04-06 11:21:41.685 15051 15090 I DetoxDispatcher: Done with action 'invoke'
04-06 11:21:41.690 15051 15094 D DetoxWSClient: Received action 'invoke' (ID #9, params={"target":{"type":"Class","value":"com.wix.detox.espresso.EspressoDetox"},"method":"perform","args":[{"type":"Invocation","value":{"target":{"type":"Class","value":"com.wix.detox.espresso.DetoxMatcher"},"method":"matcherForTestId","args":["input-peso-atual",{"type":"boolean","value":false}]}},{"type":"Invocation","value":{"target":{"type":"Class","value":"com.wix.detox.espresso.DetoxViewActions"},"method":"click","args":[]}}]})
04-06 11:21:41.690 15051 15090 I DetoxDispatcher: Handling action 'invoke' (ID #9)...
04-06 11:21:41.691 15051 15090 D Detox   : class com.wix.detox.espresso.DetoxMatcher, matcherForTestId, [input-peso-atual, false]
04-06 11:21:41.691 15051 15090 D Detox   : class com.wix.detox.espresso.DetoxViewActions, click, []
04-06 11:21:41.693 15051 15090 W om.evolucao.app: Accessing hidden method Landroid/view/ViewConfiguration;->getDoubleTapMinTime()I (unsupported, reflection, allowed)
04-06 11:21:41.695 15051 15090 D Detox   : class com.wix.detox.espresso.EspressoDetox, perform, [(view.getTag() is "input-peso-atual" and view has effective visibility <VISIBLE>), com.wix.detox.espresso.action.RNClickAction@be56670]
04-06 11:21:41.699 15051 15051 I ViewInteraction: Performing 'com.wix.detox.espresso.action.detoxsingletap@82ede9 click' action on view (view.getTag() is "input-peso-atual" and view has effective visibility <VISIBLE>)
04-06 11:21:41.705 15051 15363 W om.evolucao.app: Accessing hidden method Landroid/hardware/input/InputManager;->injectInputEvent(Landroid/view/InputEvent;I)Z (unsupported, reflection, allowed)
04-06 11:21:41.708 15051 15051 I ViewRootImpl@73623ee[MainActivity]: ViewPostIme pointer 0
04-06 11:21:41.733 15051 15051 I ViewRootImpl@73623ee[MainActivity]: ViewPostIme pointer 1
04-06 11:21:41.742 15051 15051 D InputMethodManager: startInputInner - Id : 0
04-06 11:21:41.743 15051 15051 I InputMethodManager: startInputInner - mService.startInputOrWindowGainedFocus
04-06 11:21:41.745 15051 15051 D CompatibilityChangeReporter: Compat change id reported: 163400105; UID 10509; state: ENABLED
04-06 11:21:41.745 15051 15051 I IMM_LC  : showSoftInput(View,I)
04-06 11:21:41.745 15051 15051 I IMM_LC  : ssi() - flag : 0 view : com.evolucao.app reason = SHOW_SOFT_INPUT
04-06 11:21:41.760 15051 15051 I AssistStructure: Flattened final assist data: 4024 bytes, containing 1 windows, 24 views
04-06 11:21:41.767 15051 15051 I IMM_LC  : showSoftInput(View,I)
04-06 11:21:41.767 15051 15051 I IMM_LC  : ssi() - flag : 0 view : com.evolucao.app reason = SHOW_SOFT_INPUT
04-06 11:21:41.800 15051 15051 W OnBackInvokedCallback: OnBackInvokedCallback is not enabled for the application.
04-06 11:21:41.800 15051 15051 W OnBackInvokedCallback: Set 'android:enableOnBackInvokedCallback="true"' in the application manifest.
04-06 11:21:41.812 15051 15066 I ViewRootImpl@73623ee[MainActivity]: Resizing android.view.ViewRootImpl@25a16ab: frame = [0,0][1080,2400] reportDraw = false forceLayout = false syncSeqId = 0
04-06 11:21:41.812 15051 15051 D InsetsController: onStateChanged: InsetsState: {mDisplayFrame=Rect(0, 0 - 1080, 2400), mDisplayCutout=DisplayCutout{insets=Rect(0, 88 - 0, 0) waterfall=Insets{left=0, top=0, right=0, bottom=0} boundingRect={Bounds=[Rect(0, 0 - 0, 0), Rect(512, 0 - 568, 88), Rect(0, 0 - 0, 0), Rect(0, 0 - 0, 0)]} cutoutPathParserInfo={CutoutPathParserInfo{displayWidth=1080 displayHeight=2400 physicalDisplayWidth=1080 physicalDisplayHeight=2400 density={3.0} cutoutSpec={M 0,0 M 0,10.71963616907435 a 9.280363830925644,9.280363830925644 0 1,0 0,18.56072766185129 a 9.280363830925644,9.280363830925644 0 1,0 0,-18.56072766185129 Z @dp} rotation={0} scale={1.0} physicalPixelDisplaySizeRatio={1.0}}}}, mRoundedCorners=RoundedCorners{[RoundedCorner{position=TopLeft, radius=96, center=Point(96, 96)}, RoundedCorner{position=TopRight, radius=96, center=Point(984, 96)}, RoundedCorner{position=BottomRight, radius=96, center=Point(984, 2304)}, RoundedCorner{position=BottomLeft, radius=96, center=Point(96, 2304)}]}  mRoundedCornerFrame=Rect(0, 0 - 1080, 2400), mPrivacyIndicatorBounds=PrivacyIndicatorBounds {static bounds=Rect(948, 0 - 1080, 88) rotation=0}, mSources= { InsetsSource: {mType=ITYPE_STATUS_BAR, mFrame=[0,0][1080,88], mVisible=true, mInsetsRoundedCornerFrame=false}, InsetsSource: {mType=ITYPE_NAVIGATION_BAR, mFrame=[0,2256][1080,2400], mVisible=true, mInsetsRoundedCornerFrame=false}, InsetsSource: {mType=ITYPE_LEFT_GESTURES, mFrame=[0,0][0,2400], mVisible=true, mInsetsRoundedCornerFrame=false}, InsetsSource: {mType=ITYPE_RIGHT_GESTURES, mFrame=[1080,0][1080,2400], mVisible=true, mInsetsRoundedCornerFrame=false}, InsetsSource: {mType=ITYPE_TOP_MANDATORY_GESTURES, mFrame=[0,0][1080,124], mVisible=true, mInsetsRoundedCornerFrame=false}, InsetsSource: {mType=ITYPE_BOTTOM_MANDATORY_GESTURES, mFrame=[0,2256][1080,2400], mVisible=true, mInsetsRoundedCornerFrame=false}, InsetsSource: {mType=ITYPE_LEFT_DISPLAY_CUTOUT, mFrame=[0,0][-100000,2400], mVisible=true, mInsetsRoundedCornerFrame=false}, InsetsSource: {mType=ITYPE_TOP_DISPLAY_CUTOUT, mFrame=[0,0][1080,88], mVisible=true, mInsetsRoundedCornerFrame=false}, InsetsSource: {mType=ITYPE_RIGHT_DISPLAY_CUTOUT, mFrame=[100000,0][1080,2400], mVisible=true, mInsetsRoundedCornerFrame=false}, InsetsSource: {mType=ITYPE_BOTTOM_DISPLAY_CUTOUT, mFrame=[0,100000][1080,2400], mVisible=true, mInsetsRoundedCornerFrame=false}, InsetsSource: {mType=ITYPE_TOP_TAPPABLE_ELEMENT, mFrame=[0,0][1080,88], mVisible=true, mInsetsRoundedCornerFrame=false}, InsetsSource: {mType=ITYPE_BOTTOM_TAPPABLE_ELEMENT, mFrame=[0,2256][1080,2400], mVisible=true, mInsetsRoundedCornerFrame=false}, InsetsSource: {mType=ITYPE_IME, mFrame=[0,1374][1080,2400], mVisibleFrame=[0,1374][1080,2400], mVisible=false, mInsetsRoundedCornerFrame=false} } host=com.evolucao.app/com.evolucao.app.MainActivity from=android.view.ViewRootImpl$ViewRootHandler.handleMessageImpl:6727
04-06 11:21:41.813 15051 15051 I ViewRootImpl@73623ee[MainActivity]: handleResized, msg = 4 frames=ClientWindowFrames{frame=[0,0][1080,2400] display=[0,0][1080,2400] parentFrame=[0,0][0,0] parentClippedByDisplayCutout=false} forceNextWindowRelayout=false displayId=0 resizeMode=-1 frameChanged=false displayFrameChanged=false configChanged=false displayChanged=false
04-06 11:21:41.836 15051 15051 D InsetsController: show(ime(), fromIme=true)
04-06 11:21:41.839 15051 15051 D InsetsController: controlAnimationUnchecked: Added types=8 animType=0 host=com.evolucao.app/com.evolucao.app.MainActivity from=android.view.InsetsController.applyAnimation:1576 android.view.InsetsController.applyAnimation:1557 android.view.InsetsController.show:1063 
04-06 11:21:41.839 15051 15051 D InsetsSourceConsumer: setRequestedVisible: visible=true, type=19, host=com.evolucao.app/com.evolucao.app.MainActivity, from=android.view.InsetsSourceConsumer.show:250 android.view.ImeInsetsSourceConsumer.show:82 android.view.InsetsController.showDirectly:1609 android.view.InsetsController.controlAnimationUnchecked:1232 android.view.InsetsController.applyAnimation:1576 android.view.InsetsController.applyAnimation:1557 android.view.InsetsController.show:1063 android.view.ViewRootImpl$ViewRootHandler.handleMessageImpl:6761 android.view.ViewRootImpl$ViewRootHandler.handleMessage:6697 android.os.Handler.dispatchMessage:106 
04-06 11:21:41.840 15051 15051 D InsetsController: show(ime(), fromIme=true)
04-06 11:21:41.846 15051 15061 D InputTransport: Input channel destroyed: 'ClientS', fd=154
04-06 11:21:41.850 15051 15065 I ViewRootImpl@73623ee[MainActivity]: Resizing android.view.ViewRootImpl@25a16ab: frame = [0,0][1080,2400] reportDraw = false forceLayout = false syncSeqId = 0
04-06 11:21:41.851 15051 15051 D InsetsController: onStateChanged: InsetsState: {mDisplayFrame=Rect(0, 0 - 1080, 2400), mDisplayCutout=DisplayCutout{insets=Rect(0, 88 - 0, 0) waterfall=Insets{left=0, top=0, right=0, bottom=0} boundingRect={Bounds=[Rect(0, 0 - 0, 0), Rect(512, 0 - 568, 88), Rect(0, 0 - 0, 0), Rect(0, 0 - 0, 0)]} cutoutPathParserInfo={CutoutPathParserInfo{displayWidth=1080 displayHeight=2400 physicalDisplayWidth=1080 physicalDisplayHeight=2400 density={3.0} cutoutSpec={M 0,0 M 0,10.71963616907435 a 9.280363830925644,9.280363830925644 0 1,0 0,18.56072766185129 a 9.280363830925644,9.280363830925644 0 1,0 0,-18.56072766185129 Z @dp} rotation={0} scale={1.0} physicalPixelDisplaySizeRatio={1.0}}}}, mRoundedCorners=RoundedCorners{[RoundedCorner{position=TopLeft, radius=96, center=Point(96, 96)}, RoundedCorner{position=TopRight, radius=96, center=Point(984, 96)}, RoundedCorner{position=BottomRight, radius=96, center=Point(984, 2304)}, RoundedCorner{position=BottomLeft, radius=96, center=Point(96, 2304)}]}  mRoundedCornerFrame=Rect(0, 0 - 1080, 2400), mPrivacyIndicatorBounds=PrivacyIndicatorBounds {static bounds=Rect(948, 0 - 1080, 88) rotation=0}, mSources= { InsetsSource: {mType=ITYPE_STATUS_BAR, mFrame=[0,0][1080,88], mVisible=true, mInsetsRoundedCornerFrame=false}, InsetsSource: {mType=ITYPE_NAVIGATION_BAR, mFrame=[0,2256][1080,2400], mVisible=true, mInsetsRoundedCornerFrame=false}, InsetsSource: {mType=ITYPE_LEFT_GESTURES, mFrame=[0,0][0,2400], mVisible=true, mInsetsRoundedCornerFrame=false}, InsetsSource: {mType=ITYPE_RIGHT_GESTURES, mFrame=[1080,0][1080,2400], mVisible=true, mInsetsRoundedCornerFrame=false}, InsetsSource: {mType=ITYPE_TOP_MANDATORY_GESTURES, mFrame=[0,0][1080,124], mVisible=true, mInsetsRoundedCornerFrame=false}, InsetsSource: {mType=ITYPE_BOTTOM_MANDATORY_GESTURES, mFrame=[0,2256][1080,2400], mVisible=true, mInsetsRoundedCornerFrame=false}, InsetsSource: {mType=ITYPE_LEFT_DISPLAY_CUTOUT, mFrame=[0,0][-100000,2400], mVisible=true, mInsetsRoundedCornerFrame=false}, InsetsSource: {mType=ITYPE_TOP_DISPLAY_CUTOUT, mFrame=[0,0][1080,88], mVisible=true, mInsetsRoundedCornerFrame=false}, InsetsSource: {mType=ITYPE_RIGHT_DISPLAY_CUTOUT, mFrame=[100000,0][1080,2400], mVisible=true, mInsetsRoundedCornerFrame=false}, InsetsSource: {mType=ITYPE_BOTTOM_DISPLAY_CUTOUT, mFrame=[0,100000][1080,2400], mVisible=true, mInsetsRoundedCornerFrame=false}, InsetsSource: {mType=ITYPE_TOP_TAPPABLE_ELEMENT, mFrame=[0,0][1080,88], mVisible=true, mInsetsRoundedCornerFrame=false}, InsetsSource: {mType=ITYPE_BOTTOM_TAPPABLE_ELEMENT, mFrame=[0,2256][1080,2400], mVisible=true, mInsetsRoundedCornerFrame=false}, InsetsSource: {mType=ITYPE_IME, mFrame=[0,1374][1080,2400], mVisibleFrame=[0,1374][1080,2400], mVisible=true, mInsetsRoundedCornerFrame=false} } host=com.evolucao.app/com.evolucao.app.MainActivity from=android.view.ViewRootImpl$ViewRootHandler.handleMessageImpl:6740
04-06 11:21:41.852 15051 15051 I ViewRootImpl@73623ee[MainActivity]: handleResized, msg = 4 frames=ClientWindowFrames{frame=[0,0][1080,2400] display=[0,0][1080,2400] parentFrame=[0,0][0,0] parentClippedByDisplayCutout=false} forceNextWindowRelayout=false displayId=0 resizeMode=-1 frameChanged=false displayFrameChanged=false configChanged=false displayChanged=false
04-06 11:21:42.078 15051 15051 D InsetsController: cancelAnimation of types: 8, animType: 0, host: com.evolucao.app/com.evolucao.app.MainActivity, from:android.view.InsetsController.notifyFinished:1375 android.view.InsetsAnimationThreadControlRunner$1.lambda$notifyFinished$0$android-view-InsetsAnimationThreadControlRunner$1:84 android.view.InsetsAnimationThreadControlRunner$1$$ExternalSyntheticLambda1.run:4 
04-06 11:21:42.078 15051 15051 D InsetsSourceConsumer: ensureControlPosition: Point(0, 88) for ITYPE_IME on com.evolucao.app/com.evolucao.app.MainActivity from android.view.InsetsSourceConsumer.notifyAnimationFinished:419
04-06 11:21:42.096 15051 15133 I ViewRootImpl@73623ee[MainActivity]: mWNT: t=0xb4000070a0c88e00 mBlastBufferQueue=0xb4000070c2c34c00 fn= 8 caller= android.view.SyncRtSurfaceTransactionApplier.applyTransaction:96 android.view.SyncRtSurfaceTransactionApplier.lambda$scheduleApply$0$android-view-SyncRtSurfaceTransactionApplier:69 android.view.SyncRtSurfaceTransactionApplier$$ExternalSyntheticLambda0.onFrameDraw:4 
04-06 11:21:42.138 15051 15090 I DetoxWSClient: Sending out action 'invokeResult' (ID #9)
04-06 11:21:42.138 15051 15090 I DetoxDispatcher: Done with action 'invoke'
04-06 11:21:42.142 15051 15094 D DetoxWSClient: Received action 'invoke' (ID #10, params={"target":{"type":"Class","value":"com.wix.detox.espresso.EspressoDetox"},"method":"perform","args":[{"type":"Invocation","value":{"target":{"type":"Class","value":"com.wix.detox.espresso.DetoxMatcher"},"method":"matcherForTestId","args":["input-peso-atual",{"type":"boolean","value":false}]}},{"type":"Invocation","value":{"target":{"type":"Class","value":"androidx.test.espresso.action.ViewActions"},"method":"clearText","args":[]}}]})
04-06 11:21:42.142 15051 15090 I DetoxDispatcher: Handling action 'invoke' (ID #10)...
04-06 11:21:42.142 15051 15090 D Detox   : class com.wix.detox.espresso.DetoxMatcher, matcherForTestId, [input-peso-atual, false]
04-06 11:21:42.143 15051 15090 D Detox   : class androidx.test.espresso.action.ViewActions, clearText, []
04-06 11:21:42.143 15051 15090 D Detox   : class com.wix.detox.espresso.EspressoDetox, perform, [(view.getTag() is "input-peso-atual" and view has effective visibility <VISIBLE>), androidx.test.espresso.action.ReplaceTextAction@3174ba0]
04-06 11:21:42.146 15051 15051 I ViewInteraction: Performing 'replace text()' action on view (view.getTag() is "input-peso-atual" and view has effective visibility <VISIBLE>)
04-06 11:21:42.151 15051 15090 I DetoxWSClient: Sending out action 'invokeResult' (ID #10)
04-06 11:21:42.151 15051 15090 I DetoxDispatcher: Done with action 'invoke'
04-06 11:21:42.154 15051 15094 D DetoxWSClient: Received action 'invoke' (ID #11, params={"target":{"type":"Class","value":"com.wix.detox.espresso.EspressoDetox"},"method":"perform","args":[{"type":"Invocation","value":{"target":{"type":"Class","value":"com.wix.detox.espresso.DetoxMatcher"},"method":"matcherForTestId","args":["input-peso-atual",{"type":"boolean","value":false}]}},{"type":"Invocation","value":{"target":{"type":"Class","value":"androidx.test.espresso.action.ViewActions"},"method":"replaceText","args":["82"]}}]})
04-06 11:21:42.155 15051 15090 I DetoxDispatcher: Handling action 'invoke' (ID #11)...
04-06 11:21:42.155 15051 15090 D Detox   : class com.wix.detox.espresso.DetoxMatcher, matcherForTestId, [input-peso-atual, false]
04-06 11:21:42.155 15051 15090 D Detox   : class androidx.test.espresso.action.ViewActions, replaceText, [82]
04-06 11:21:42.155 15051 15090 D Detox   : class com.wix.detox.espresso.EspressoDetox, perform, [(view.getTag() is "input-peso-atual" and view has effective visibility <VISIBLE>), androidx.test.espresso.action.ReplaceTextAction@f37e491]
04-06 11:21:42.163 15051 15051 D InputMethodManager: startInputInner - Id : 0
04-06 11:21:42.163 15051 15051 I InputMethodManager: startInputInner - mService.startInputOrWindowGainedFocus
04-06 11:21:42.168 15051 15051 I ViewInteraction: Performing 'replace text(82)' action on view (view.getTag() is "input-peso-atual" and view has effective visibility <VISIBLE>)
04-06 11:21:42.172 15051 15090 I DetoxWSClient: Sending out action 'invokeResult' (ID #11)
04-06 11:21:42.173 15051 15090 I DetoxDispatcher: Done with action 'invoke'
04-06 11:21:42.178 15051 15094 D DetoxWSClient: Received action 'invoke' (ID #12, params={"target":{"type":"Class","value":"com.wix.detox.espresso.DetoxAssertion"},"method":"assertMatcher","args":[{"type":"Invocation","value":{"target":{"type":"Class","value":"androidx.test.espresso.Espresso"},"method":"onView","args":[{"type":"Invocation","value":{"target":{"type":"Class","value":"com.wix.detox.espresso.DetoxMatcher"},"method":"matcherForTestId","args":["input-peso-atual",{"type":"boolean","value":false}]}}]}},{"type":"Invocation","value":{"target":{"type":"Class","value":"com.wix.detox.espresso.DetoxMatcher"},"method":"matcherForText","args":["82",{"type":"boolean","value":false}]}}]})
04-06 11:21:42.178 15051 15090 I DetoxDispatcher: Handling action 'invoke' (ID #12)...
04-06 11:21:42.180 15051 15090 D Detox   : class com.wix.detox.espresso.DetoxMatcher, matcherForTestId, [input-peso-atual, false]
04-06 11:21:42.181 15051 15090 D Detox   : class androidx.test.espresso.Espresso, onView, [(view.getTag() is "input-peso-atual" and view has effective visibility <VISIBLE>)]
04-06 11:21:42.181 15051 15090 D Detox   : class com.wix.detox.espresso.DetoxMatcher, matcherForText, [82, false]
04-06 11:21:42.182 15051 15090 D Detox   : class com.wix.detox.espresso.DetoxAssertion, assertMatcher, [androidx.test.espresso.ViewInteraction@c8775e8, (an instance of android.widget.TextView and view.getText() with or without transformation to match: is "82" and view has effective visibility <VISIBLE>)]
04-06 11:21:42.185 15051 15051 D InputMethodManager: startInputInner - Id : 0
04-06 11:21:42.185 15051 15051 I InputMethodManager: startInputInner - mService.startInputOrWindowGainedFocus
04-06 11:21:42.204 15051 15051 D InsetsController: show(ime(), fromIme=true)
04-06 11:21:42.219 15051 15051 D InsetsController: show(ime(), fromIme=true)
04-06 11:21:42.235 15051 15051 I ViewInteraction: Checking 'MatchesViewAssertion(Detox){viewMatcher=(an instance of android.widget.TextView and view.getText() with or without transformation to match: is "82" and view has effective visibility <VISIBLE>)}' assertion on view (view.getTag() is "input-peso-atual" and view has effective visibility <VISIBLE>)
04-06 11:21:42.238 15051 15090 I DetoxWSClient: Sending out action 'invokeResult' (ID #12)
04-06 11:21:42.238 15051 15090 I DetoxDispatcher: Done with action 'invoke'
04-06 11:21:42.242 15051 15094 D DetoxWSClient: Received action 'invoke' (ID #13, params={"target":{"type":"Class","value":"com.wix.detox.espresso.EspressoDetox"},"method":"perform","args":[{"type":"Invocation","value":{"target":{"type":"Class","value":"com.wix.detox.espresso.DetoxMatcher"},"method":"matcherForTestId","args":["input-peso-meta",{"type":"boolean","value":false}]}},{"type":"Invocation","value":{"target":{"type":"Class","value":"com.wix.detox.espresso.DetoxViewActions"},"method":"click","args":[]}}]})
04-06 11:21:42.242 15051 15090 I DetoxDispatcher: Handling action 'invoke' (ID #13)...
04-06 11:21:42.242 15051 15090 D Detox   : class com.wix.detox.espresso.DetoxMatcher, matcherForTestId, [input-peso-meta, false]
04-06 11:21:42.244 15051 15090 D Detox   : class com.wix.detox.espresso.DetoxViewActions, click, []
04-06 11:21:42.244 15051 15090 D Detox   : class com.wix.detox.espresso.EspressoDetox, perform, [(view.getTag() is "input-peso-meta" and view has effective visibility <VISIBLE>), com.wix.detox.espresso.action.RNClickAction@a29225c]
04-06 11:21:42.248 15051 15051 I ViewInteraction: Performing 'com.wix.detox.espresso.action.detoxsingletap@b23d965 click' action on view (view.getTag() is "input-peso-meta" and view has effective visibility <VISIBLE>)
04-06 11:21:42.251 15051 15051 I ViewRootImpl@73623ee[MainActivity]: ViewPostIme pointer 0
04-06 11:21:42.281 15051 15051 I ViewRootImpl@73623ee[MainActivity]: ViewPostIme pointer 1
04-06 11:21:42.288 15051 15051 D InputMethodManager: startInputInner - Id : 0
04-06 11:21:42.289 15051 15051 I InputMethodManager: startInputInner - mService.startInputOrWindowGainedFocus
04-06 11:21:42.293 15051 15051 I IMM_LC  : showSoftInput(View,I)
04-06 11:21:42.293 15051 15051 I IMM_LC  : ssi() - flag : 0 view : com.evolucao.app reason = SHOW_SOFT_INPUT
04-06 11:21:42.298 15051 15051 W RemoteInputConnectionImpl: requestCursorAnchorInfo on inactive InputConnection
04-06 11:21:42.309 15051 15051 I IMM_LC  : showSoftInput(View,I)
04-06 11:21:42.309 15051 15051 I IMM_LC  : ssi() - flag : 0 view : com.evolucao.app reason = SHOW_SOFT_INPUT
04-06 11:21:42.325 15051 15051 W OnBackInvokedCallback: OnBackInvokedCallback is not enabled for the application.
04-06 11:21:42.325 15051 15051 W OnBackInvokedCallback: Set 'android:enableOnBackInvokedCallback="true"' in the application manifest.
04-06 11:21:42.326 15051 15051 D InsetsController: show(ime(), fromIme=true)
04-06 11:21:42.330 15051 15051 D InsetsController: show(ime(), fromIme=true)
04-06 11:21:42.347 15051 15051 D InsetsController: show(ime(), fromIme=true)
04-06 11:21:42.685 15051 15090 I DetoxWSClient: Sending out action 'invokeResult' (ID #13)
04-06 11:21:42.686 15051 15090 I DetoxDispatcher: Done with action 'invoke'
04-06 11:21:42.691 15051 15094 D DetoxWSClient: Received action 'invoke' (ID #14, params={"target":{"type":"Class","value":"com.wix.detox.espresso.EspressoDetox"},"method":"perform","args":[{"type":"Invocation","value":{"target":{"type":"Class","value":"com.wix.detox.espresso.DetoxMatcher"},"method":"matcherForTestId","args":["input-peso-meta",{"type":"boolean","value":false}]}},{"type":"Invocation","value":{"target":{"type":"Class","value":"androidx.test.espresso.action.ViewActions"},"method":"clearText","args":[]}}]})
04-06 11:21:42.692 15051 15090 I DetoxDispatcher: Handling action 'invoke' (ID #14)...
04-06 11:21:42.692 15051 15090 D Detox   : class com.wix.detox.espresso.DetoxMatcher, matcherForTestId, [input-peso-meta, false]
04-06 11:21:42.693 15051 15090 D Detox   : class androidx.test.espresso.action.ViewActions, clearText, []
04-06 11:21:42.693 15051 15090 D Detox   : class com.wix.detox.espresso.EspressoDetox, perform, [(view.getTag() is "input-peso-meta" and view has effective visibility <VISIBLE>), androidx.test.espresso.action.ReplaceTextAction@1540848]
04-06 11:21:42.699 15051 15051 I ViewInteraction: Performing 'replace text()' action on view (view.getTag() is "input-peso-meta" and view has effective visibility <VISIBLE>)
04-06 11:21:42.704 15051 15090 I DetoxWSClient: Sending out action 'invokeResult' (ID #14)
04-06 11:21:42.705 15051 15090 I DetoxDispatcher: Done with action 'invoke'
04-06 11:21:42.709 15051 15094 D DetoxWSClient: Received action 'invoke' (ID #15, params={"target":{"type":"Class","value":"com.wix.detox.espresso.EspressoDetox"},"method":"perform","args":[{"type":"Invocation","value":{"target":{"type":"Class","value":"com.wix.detox.espresso.DetoxMatcher"},"method":"matcherForTestId","args":["input-peso-meta",{"type":"boolean","value":false}]}},{"type":"Invocation","value":{"target":{"type":"Class","value":"androidx.test.espresso.action.ViewActions"},"method":"replaceText","args":["77"]}}]})
04-06 11:21:42.709 15051 15090 I DetoxDispatcher: Handling action 'invoke' (ID #15)...
04-06 11:21:42.709 15051 15090 D Detox   : class com.wix.detox.espresso.DetoxMatcher, matcherForTestId, [input-peso-meta, false]
04-06 11:21:42.710 15051 15090 D Detox   : class androidx.test.espresso.action.ViewActions, replaceText, [77]
04-06 11:21:42.710 15051 15090 D Detox   : class com.wix.detox.espresso.EspressoDetox, perform, [(view.getTag() is "input-peso-meta" and view has effective visibility <VISIBLE>), androidx.test.espresso.action.ReplaceTextAction@1bd55de]
04-06 11:21:42.712 15051 15051 D InputMethodManager: startInputInner - Id : 0
04-06 11:21:42.712 15051 15051 I InputMethodManager: startInputInner - mService.startInputOrWindowGainedFocus
04-06 11:21:42.730 15051 15051 I ViewInteraction: Performing 'replace text(77)' action on view (view.getTag() is "input-peso-meta" and view has effective visibility <VISIBLE>)
04-06 11:21:42.734 15051 15090 I DetoxWSClient: Sending out action 'invokeResult' (ID #15)
04-06 11:21:42.736 15051 15090 I DetoxDispatcher: Done with action 'invoke'
04-06 11:21:42.744 15051 15051 D InputMethodManager: startInputInner - Id : 0
04-06 11:21:42.744 15051 15051 I InputMethodManager: startInputInner - mService.startInputOrWindowGainedFocus
04-06 11:21:42.745 15051 15094 D DetoxWSClient: Received action 'invoke' (ID #16, params={"target":{"type":"Class","value":"com.wix.detox.espresso.DetoxAssertion"},"method":"assertMatcher","args":[{"type":"Invocation","value":{"target":{"type":"Class","value":"androidx.test.espresso.Espresso"},"method":"onView","args":[{"type":"Invocation","value":{"target":{"type":"Class","value":"com.wix.detox.espresso.DetoxMatcher"},"method":"matcherForTestId","args":["input-peso-meta",{"type":"boolean","value":false}]}}]}},{"type":"Invocation","value":{"target":{"type":"Class","value":"com.wix.detox.espresso.DetoxMatcher"},"method":"matcherForText","args":["77",{"type":"boolean","value":false}]}}]})
04-06 11:21:42.746 15051 15090 I DetoxDispatcher: Handling action 'invoke' (ID #16)...
04-06 11:21:42.746 15051 15090 D Detox   : class com.wix.detox.espresso.DetoxMatcher, matcherForTestId, [input-peso-meta, false]
04-06 11:21:42.746 15051 15090 D Detox   : class androidx.test.espresso.Espresso, onView, [(view.getTag() is "input-peso-meta" and view has effective visibility <VISIBLE>)]
04-06 11:21:42.747 15051 15090 D Detox   : class com.wix.detox.espresso.DetoxMatcher, matcherForText, [77, false]
04-06 11:21:42.747 15051 15090 D Detox   : class com.wix.detox.espresso.DetoxAssertion, assertMatcher, [androidx.test.espresso.ViewInteraction@afcef24, (an instance of android.widget.TextView and view.getText() with or without transformation to match: is "77" and view has effective visibility <VISIBLE>)]
04-06 11:21:42.748 15051 15051 D InsetsController: show(ime(), fromIme=true)
04-06 11:21:42.771 15051 15051 D InsetsController: show(ime(), fromIme=true)
04-06 11:21:42.781 15051 15051 I ViewInteraction: Checking 'MatchesViewAssertion(Detox){viewMatcher=(an instance of android.widget.TextView and view.getText() with or without transformation to match: is "77" and view has effective visibility <VISIBLE>)}' assertion on view (view.getTag() is "input-peso-meta" and view has effective visibility <VISIBLE>)
04-06 11:21:42.784 15051 15090 I DetoxWSClient: Sending out action 'invokeResult' (ID #16)
04-06 11:21:42.784 15051 15090 I DetoxDispatcher: Done with action 'invoke'
04-06 11:21:42.790 15051 15094 D DetoxWSClient: Received action 'invoke' (ID #17, params={"target":{"type":"Class","value":"com.wix.detox.espresso.EspressoDetox"},"method":"perform","args":[{"type":"Invocation","value":{"target":{"type":"Class","value":"com.wix.detox.espresso.DetoxMatcher"},"method":"matcherForTestId","args":["input-altura",{"type":"boolean","value":false}]}},{"type":"Invocation","value":{"target":{"type":"Class","value":"com.wix.detox.espresso.DetoxViewActions"},"method":"click","args":[]}}]})
04-06 11:21:42.790 15051 15090 I DetoxDispatcher: Handling action 'invoke' (ID #17)...
04-06 11:21:42.790 15051 15090 D Detox   : class com.wix.detox.espresso.DetoxMatcher, matcherForTestId, [input-altura, false]
04-06 11:21:42.791 15051 15090 D Detox   : class com.wix.detox.espresso.DetoxViewActions, click, []
04-06 11:21:42.791 15051 15090 D Detox   : class com.wix.detox.espresso.EspressoDetox, perform, [(view.getTag() is "input-altura" and view has effective visibility <VISIBLE>), com.wix.detox.espresso.action.RNClickAction@870c6c0]
04-06 11:21:42.801 15051 15051 I ViewInteraction: Performing 'com.wix.detox.espresso.action.detoxsingletap@d134ff9 click' action on view (view.getTag() is "input-altura" and view has effective visibility <VISIBLE>)
04-06 11:21:42.837 15051 15051 I ViewRootImpl@73623ee[MainActivity]: ViewPostIme key 0
04-06 11:21:42.852 15051 15051 I ViewRootImpl@73623ee[MainActivity]: ViewPostIme key 1
04-06 11:21:43.273 15051 15090 I DetoxWSClient: Sending out action 'invokeResult' (ID #17)
04-06 11:21:43.274 15051 15090 I DetoxDispatcher: Done with action 'invoke'
04-06 11:21:43.280 15051 15094 D DetoxWSClient: Received action 'invoke' (ID #18, params={"target":{"type":"Class","value":"com.wix.detox.espresso.EspressoDetox"},"method":"perform","args":[{"type":"Invocation","value":{"target":{"type":"Class","value":"com.wix.detox.espresso.DetoxMatcher"},"method":"matcherForTestId","args":["input-altura",{"type":"boolean","value":false}]}},{"type":"Invocation","value":{"target":{"type":"Class","value":"androidx.test.espresso.action.ViewActions"},"method":"clearText","args":[]}}]})
04-06 11:21:43.281 15051 15090 I DetoxDispatcher: Handling action 'invoke' (ID #18)...
04-06 11:21:43.281 15051 15090 D Detox   : class com.wix.detox.espresso.DetoxMatcher, matcherForTestId, [input-altura, false]
04-06 11:21:43.282 15051 15090 D Detox   : class androidx.test.espresso.action.ViewActions, clearText, []
04-06 11:21:43.282 15051 15090 D Detox   : class com.wix.detox.espresso.EspressoDetox, perform, [(view.getTag() is "input-altura" and view has effective visibility <VISIBLE>), androidx.test.espresso.action.ReplaceTextAction@6de61dd]
04-06 11:21:43.289 15051 15051 I ViewInteraction: Performing 'replace text()' action on view (view.getTag() is "input-altura" and view has effective visibility <VISIBLE>)
04-06 11:21:43.296 15051 15090 I DetoxWSClient: Sending out action 'invokeResult' (ID #18)
04-06 11:21:43.296 15051 15090 I DetoxDispatcher: Done with action 'invoke'
04-06 11:21:43.301 15051 15094 D DetoxWSClient: Received action 'invoke' (ID #19, params={"target":{"type":"Class","value":"com.wix.detox.espresso.EspressoDetox"},"method":"perform","args":[{"type":"Invocation","value":{"target":{"type":"Class","value":"com.wix.detox.espresso.DetoxMatcher"},"method":"matcherForTestId","args":["input-altura",{"type":"boolean","value":false}]}},{"type":"Invocation","value":{"target":{"type":"Class","value":"androidx.test.espresso.action.ViewActions"},"method":"replaceText","args":["178"]}}]})
04-06 11:21:43.301 15051 15090 I DetoxDispatcher: Handling action 'invoke' (ID #19)...
04-06 11:21:43.302 15051 15090 D Detox   : class com.wix.detox.espresso.DetoxMatcher, matcherForTestId, [input-altura, false]
04-06 11:21:43.302 15051 15090 D Detox   : class androidx.test.espresso.action.ViewActions, replaceText, [178]
04-06 11:21:43.302 15051 15090 D Detox   : class com.wix.detox.espresso.EspressoDetox, perform, [(view.getTag() is "input-altura" and view has effective visibility <VISIBLE>), androidx.test.espresso.action.ReplaceTextAction@53398aa]
04-06 11:21:43.310 15051 15051 I ViewInteraction: Performing 'replace text(178)' action on view (view.getTag() is "input-altura" and view has effective visibility <VISIBLE>)
04-06 11:21:43.315 15051 15090 I DetoxWSClient: Sending out action 'invokeResult' (ID #19)
04-06 11:21:43.315 15051 15090 I DetoxDispatcher: Done with action 'invoke'
04-06 11:21:43.319 15051 15094 D DetoxWSClient: Received action 'invoke' (ID #20, params={"target":{"type":"Class","value":"com.wix.detox.espresso.DetoxAssertion"},"method":"assertMatcher","args":[{"type":"Invocation","value":{"target":{"type":"Class","value":"androidx.test.espresso.Espresso"},"method":"onView","args":[{"type":"Invocation","value":{"target":{"type":"Class","value":"com.wix.detox.espresso.DetoxMatcher"},"method":"matcherForTestId","args":["input-altura",{"type":"boolean","value":false}]}}]}},{"type":"Invocation","value":{"target":{"type":"Class","value":"com.wix.detox.espresso.DetoxMatcher"},"method":"matcherForText","args":["178",{"type":"boolean","value":false}]}}]})
04-06 11:21:43.319 15051 15090 I DetoxDispatcher: Handling action 'invoke' (ID #20)...
04-06 11:21:43.320 15051 15090 D Detox   : class com.wix.detox.espresso.DetoxMatcher, matcherForTestId, [input-altura, false]
04-06 11:21:43.320 15051 15090 D Detox   : class androidx.test.espresso.Espresso, onView, [(view.getTag() is "input-altura" and view has effective visibility <VISIBLE>)]
04-06 11:21:43.323 15051 15090 D Detox   : class com.wix.detox.espresso.DetoxMatcher, matcherForText, [178, false]
04-06 11:21:43.324 15051 15090 D Detox   : class com.wix.detox.espresso.DetoxAssertion, assertMatcher, [androidx.test.espresso.ViewInteraction@dbb805a, (an instance of android.widget.TextView and view.getText() with or without transformation to match: is "178" and view has effective visibility <VISIBLE>)]
04-06 11:21:43.358 15051 15051 I ViewInteraction: Checking 'MatchesViewAssertion(Detox){viewMatcher=(an instance of android.widget.TextView and view.getText() with or without transformation to match: is "178" and view has effective visibility <VISIBLE>)}' assertion on view (view.getTag() is "input-altura" and view has effective visibility <VISIBLE>)
04-06 11:21:43.360 15051 15090 I DetoxWSClient: Sending out action 'invokeResult' (ID #20)
04-06 11:21:43.361 15051 15090 I DetoxDispatcher: Done with action 'invoke'
04-06 11:21:43.364 15051 15094 D DetoxWSClient: Received action 'invoke' (ID #21, params={"target":{"type":"Invocation","value":{"target":{"type":"Class","value":"com.wix.detox.uiautomator.UiAutomator"},"method":"uiDevice","args":[]}},"method":"pressBack","args":[]})
04-06 11:21:43.365 15051 15090 I DetoxDispatcher: Handling action 'invoke' (ID #21)...
04-06 11:21:43.365 15051 15090 D Detox   : class com.wix.detox.uiautomator.UiAutomator, uiDevice, []
04-06 11:21:43.366 15051 15090 I UiDevice: Creating a new instance, old instance exists: false
04-06 11:21:43.377 15051 15090 D UiDevice: Setting accessibility service flags: 65618
04-06 11:21:44.024 15051 15090 D UiDevice: Pressing back button.
04-06 11:21:44.042 15051 15051 I ViewRootImpl@73623ee[MainActivity]: The input has been finished in ImeInputStage.
04-06 11:21:44.065 15051 15051 I ViewRootImpl@73623ee[MainActivity]: The input has been finished in ImeInputStage.
04-06 11:21:44.078 15051 15051 D InsetsController: controlAnimationUnchecked: Added types=8 animType=1 host=com.evolucao.app/com.evolucao.app.MainActivity from=android.view.InsetsController.applyAnimation:1576 android.view.InsetsController.applyAnimation:1557 android.view.InsetsController.hide:1093 
04-06 11:21:44.078 15051 15051 D InsetsSourceConsumer: setRequestedVisible: visible=false, type=19, host=com.evolucao.app/com.evolucao.app.MainActivity, from=android.view.InsetsSourceConsumer.hide:257 android.view.ImeInsetsSourceConsumer.hide:88 android.view.ImeInsetsSourceConsumer.hide:94 android.view.InsetsController.hideDirectly:1593 android.view.InsetsController.controlAnimationUnchecked:1234 android.view.InsetsController.applyAnimation:1576 android.view.InsetsController.applyAnimation:1557 android.view.InsetsController.hide:1093 android.view.ViewRootImpl$ViewRootHandler.handleMessageImpl:6765 android.view.ViewRootImpl$ViewRootHandler.handleMessage:6697 
04-06 11:21:44.088 15051 15090 I DetoxWSClient: Sending out action 'invokeResult' (ID #21)
04-06 11:21:44.088 15051 15090 I DetoxDispatcher: Done with action 'invoke'
