04-06 11:20:39.706 13748 13748 I ViewInteraction: Checking 'MatchesViewAssertion(Detox){viewMatcher=(view has effective visibility <VISIBLE> and view.getGlobalVisibleRect() covers at least <75> percent of the view's area)}' assertion on view (view.getTag() is "tab-treino" and view has effective visibility <VISIBLE>)
04-06 11:20:39.751 13748 13748 I ViewInteraction: Checking 'MatchesViewAssertion(Detox){viewMatcher=(view has effective visibility <VISIBLE> and view.getGlobalVisibleRect() covers at least <75> percent of the view's area)}' assertion on view (view.getTag() is "tab-treino" and view has effective visibility <VISIBLE>)
04-06 11:20:39.798 13748 13748 I ViewInteraction: Checking 'MatchesViewAssertion(Detox){viewMatcher=(view has effective visibility <VISIBLE> and view.getGlobalVisibleRect() covers at least <75> percent of the view's area)}' assertion on view (view.getTag() is "tab-treino" and view has effective visibility <VISIBLE>)
04-06 11:20:39.845 13748 13748 I ViewInteraction: Checking 'MatchesViewAssertion(Detox){viewMatcher=(view has effective visibility <VISIBLE> and view.getGlobalVisibleRect() covers at least <75> percent of the view's area)}' assertion on view (view.getTag() is "tab-treino" and view has effective visibility <VISIBLE>)
04-06 11:20:39.888 13748 13748 I ViewInteraction: Checking 'MatchesViewAssertion(Detox){viewMatcher=(view has effective visibility <VISIBLE> and view.getGlobalVisibleRect() covers at least <75> percent of the view's area)}' assertion on view (view.getTag() is "tab-treino" and view has effective visibility <VISIBLE>)
04-06 11:20:39.922 13748 13748 I ViewInteraction: Checking 'MatchesViewAssertion(Detox){viewMatcher=(view has effective visibility <VISIBLE> and view.getGlobalVisibleRect() covers at least <75> percent of the view's area)}' assertion on view (view.getTag() is "tab-treino" and view has effective visibility <VISIBLE>)
04-06 11:20:39.953 13748 13748 I ViewInteraction: Checking 'MatchesViewAssertion(Detox){viewMatcher=(view has effective visibility <VISIBLE> and view.getGlobalVisibleRect() covers at least <75> percent of the view's area)}' assertion on view (view.getTag() is "tab-treino" and view has effective visibility <VISIBLE>)
04-06 11:20:39.993 13748 13748 I ViewInteraction: Checking 'MatchesViewAssertion(Detox){viewMatcher=(view has effective visibility <VISIBLE> and view.getGlobalVisibleRect() covers at least <75> percent of the view's area)}' assertion on view (view.getTag() is "tab-treino" and view has effective visibility <VISIBLE>)
04-06 11:20:40.037 13748 13748 I ViewInteraction: Checking 'MatchesViewAssertion(Detox){viewMatcher=(view has effective visibility <VISIBLE> and view.getGlobalVisibleRect() covers at least <75> percent of the view's area)}' assertion on view (view.getTag() is "tab-treino" and view has effective visibility <VISIBLE>)
04-06 11:20:40.081 13748 13748 I ViewInteraction: Checking 'MatchesViewAssertion(Detox){viewMatcher=(view has effective visibility <VISIBLE> and view.getGlobalVisibleRect() covers at least <75> percent of the view's area)}' assertion on view (view.getTag() is "tab-treino" and view has effective visibility <VISIBLE>)
04-06 11:20:40.109 13748 13801 I DetoxActionHandlers: Test exception
04-06 11:20:40.109 13748 13801 I DetoxActionHandlers: java.lang.reflect.InvocationTargetException
04-06 11:20:40.109 13748 13801 I DetoxActionHandlers: 	at java.lang.reflect.Method.invoke(Native Method)
04-06 11:20:40.109 13748 13801 I DetoxActionHandlers: 	at org.apache.commons.lang3.reflect.MethodUtils.invokeStaticMethod(MethodUtils.java:443)
04-06 11:20:40.109 13748 13801 I DetoxActionHandlers: 	at org.apache.commons.lang3.reflect.MethodUtils.invokeStaticMethod(MethodUtils.java:405)
04-06 11:20:40.109 13748 13801 I DetoxActionHandlers: 	at com.wix.invoke.types.ClassTarget.execute(ClassTarget.java:23)
04-06 11:20:40.109 13748 13801 I DetoxActionHandlers: 	at com.wix.invoke.types.Target.invoke(Target.java:59)
04-06 11:20:40.109 13748 13801 I DetoxActionHandlers: 	at com.wix.invoke.MethodInvocation.invoke(MethodInvocation.java:35)
04-06 11:20:40.109 13748 13801 I DetoxActionHandlers: 	at com.wix.invoke.MethodInvocation.invoke(MethodInvocation.java:26)
04-06 11:20:40.109 13748 13801 I DetoxActionHandlers: 	at com.wix.invoke.MethodInvocation.invoke(MethodInvocation.java:20)
04-06 11:20:40.109 13748 13801 I DetoxActionHandlers: 	at com.wix.detox.adapters.server.InvokeActionHandler.handle(DetoxActionHandlers.kt:54)
04-06 11:20:40.109 13748 13801 I DetoxActionHandlers: 	at com.wix.detox.adapters.server.ActionsExecutor.executeAction$lambda$2$lambda$1(DetoxActionsDispatcher.kt:76)
04-06 11:20:40.109 13748 13801 I DetoxActionHandlers: 	at com.wix.detox.adapters.server.ActionsExecutor.$r8$lambda$GVbB7LHtBHxNHGbgYnHJ6YrwCqs(Unknown Source:0)
04-06 11:20:40.109 13748 13801 I DetoxActionHandlers: 	at com.wix.detox.adapters.server.ActionsExecutor$$ExternalSyntheticLambda0.run(D8$$SyntheticClass:0)
04-06 11:20:40.109 13748 13801 I DetoxActionHandlers: 	at android.os.Handler.handleCallback(Handler.java:942)
04-06 11:20:40.109 13748 13801 I DetoxActionHandlers: 	at android.os.Handler.dispatchMessage(Handler.java:99)
04-06 11:20:40.109 13748 13801 I DetoxActionHandlers: 	at android.os.Looper.loopOnce(Looper.java:226)
04-06 11:20:40.109 13748 13801 I DetoxActionHandlers: 	at android.os.Looper.loop(Looper.java:313)
04-06 11:20:40.109 13748 13801 I DetoxActionHandlers: 	at com.wix.detox.adapters.server.ActionsExecutor._init_$lambda$0(DetoxActionsDispatcher.kt:62)
04-06 11:20:40.109 13748 13801 I DetoxActionHandlers: 	at com.wix.detox.adapters.server.ActionsExecutor.$r8$lambda$xlgL0CQim6vNM0wWEqM8JIDgZUE(Unknown Source:0)
04-06 11:20:40.109 13748 13801 I DetoxActionHandlers: 	at com.wix.detox.adapters.server.ActionsExecutor$$ExternalSyntheticLambda1.run(D8$$SyntheticClass:0)
04-06 11:20:40.109 13748 13801 I DetoxActionHandlers: 	at java.lang.Thread.run(Thread.java:1012)
04-06 11:20:40.109 13748 13801 I DetoxActionHandlers: Caused by: com.wix.detox.common.DetoxErrors$DetoxRuntimeException: 3.0sec timeout expired without matching of given matcher: (view has effective visibility <VISIBLE> and view.getGlobalVisibleRect() covers at least <75> percent of the view's area)
04-06 11:20:40.109 13748 13801 I DetoxActionHandlers: 	at com.wix.detox.espresso.DetoxAssertion.waitForAssertMatcher(DetoxAssertion.java:72)
04-06 11:20:40.109 13748 13801 I DetoxActionHandlers: 	... 20 more
04-06 11:20:40.110 13748 13801 I DetoxWSClient: Sending out action 'testFailed' (ID #3)
04-06 11:20:40.111 13748 13801 I DetoxDispatcher: Done with action 'invoke'
04-06 11:20:40.117 13748 13805 D DetoxWSClient: Received action 'invoke' (ID #4, params={"target":{"type":"Class","value":"com.wix.detox.espresso.EspressoDetox"},"method":"perform","args":[{"type":"Invocation","value":{"target":{"type":"Class","value":"com.wix.detox.espresso.DetoxMatcher"},"method":"matcherForTestId","args":["scroll-container",{"type":"boolean","value":false}]}},{"type":"Invocation","value":{"target":{"type":"Class","value":"com.wix.detox.espresso.DetoxAction"},"method":"scrollInDirection","args":[{"type":"Integer","value":3},{"type":"Double","value":320},{"type":"Double","value":-1},{"type":"Double","value":-1}]}}]})
04-06 11:20:40.118 13748 13801 I DetoxDispatcher: Handling action 'invoke' (ID #4)...
04-06 11:20:40.119 13748 13801 D Detox   : class com.wix.detox.espresso.DetoxMatcher, matcherForTestId, [scroll-container, false]
04-06 11:20:40.122 13748 13801 D Detox   : class com.wix.detox.espresso.DetoxAction, scrollInDirection, [3, 320.0, -1.0, -1.0]
04-06 11:20:40.125 13748 13801 D Detox   : class com.wix.detox.espresso.EspressoDetox, perform, [(view.getTag() is "scroll-container" and view has effective visibility <VISIBLE>), com.wix.detox.espresso.scroll.DetoxScrollAction@ffd6e04]
04-06 11:20:40.131 13748 13748 I ViewInteraction: Performing 'scrollInDirection' action on view (view.getTag() is "scroll-container" and view has effective visibility <VISIBLE>)
04-06 11:20:40.134 13748 13748 D DetoxScrollHelper: prescroll amountDP=320.0 amountPx=960 scrollableRangePx=1951 times=0 remainder=960
04-06 11:20:40.135 13748 13801 I DetoxWSClient: Sending out action 'invokeResult' (ID #4)
04-06 11:20:40.136 13748 13801 I DetoxDispatcher: Done with action 'invoke'
04-06 11:20:40.141 13748 13805 D DetoxWSClient: Received action 'invoke' (ID #5, params={"target":{"type":"Class","value":"com.wix.detox.espresso.EspressoDetox"},"method":"perform","args":[{"type":"Invocation","value":{"target":{"type":"Class","value":"com.wix.detox.espresso.DetoxMatcher"},"method":"matcherForTestId","args":["scroll-container",{"type":"boolean","value":false}]}},{"type":"Invocation","value":{"target":{"type":"Class","value":"com.wix.detox.espresso.DetoxAction"},"method":"scrollInDirection","args":[{"type":"Integer","value":3},{"type":"Double","value":320},{"type":"Double","value":-1},{"type":"Double","value":-1}]}}]})
04-06 11:20:40.141 13748 13801 I DetoxDispatcher: Handling action 'invoke' (ID #5)...
04-06 11:20:40.142 13748 13801 D Detox   : class com.wix.detox.espresso.DetoxMatcher, matcherForTestId, [scroll-container, false]
04-06 11:20:40.143 13748 13801 D Detox   : class com.wix.detox.espresso.DetoxAction, scrollInDirection, [3, 320.0, -1.0, -1.0]
04-06 11:20:40.143 13748 13801 D Detox   : class com.wix.detox.espresso.EspressoDetox, perform, [(view.getTag() is "scroll-container" and view has effective visibility <VISIBLE>), com.wix.detox.espresso.scroll.DetoxScrollAction@1853fed]
04-06 11:20:40.148 13748 13748 I ViewInteraction: Performing 'scrollInDirection' action on view (view.getTag() is "scroll-container" and view has effective visibility <VISIBLE>)
04-06 11:20:40.149 13748 13748 D DetoxScrollHelper: prescroll amountDP=320.0 amountPx=960 scrollableRangePx=1951 times=0 remainder=960
04-06 11:20:40.150 13748 13801 I DetoxWSClient: Sending out action 'invokeResult' (ID #5)
04-06 11:20:40.151 13748 13801 I DetoxDispatcher: Done with action 'invoke'
04-06 11:20:40.155 13748 13805 D DetoxWSClient: Received action 'invoke' (ID #6, params={"target":{"type":"Class","value":"com.wix.detox.espresso.EspressoDetox"},"method":"perform","args":[{"type":"Invocation","value":{"target":{"type":"Class","value":"com.wix.detox.espresso.DetoxMatcher"},"method":"matcherForTestId","args":["scroll-container",{"type":"boolean","value":false}]}},{"type":"Invocation","value":{"target":{"type":"Class","value":"com.wix.detox.espresso.DetoxAction"},"method":"scrollInDirection","args":[{"type":"Integer","value":3},{"type":"Double","value":320},{"type":"Double","value":-1},{"type":"Double","value":-1}]}}]})
04-06 11:20:40.156 13748 13801 I DetoxDispatcher: Handling action 'invoke' (ID #6)...
04-06 11:20:40.157 13748 13801 D Detox   : class com.wix.detox.espresso.DetoxMatcher, matcherForTestId, [scroll-container, false]
04-06 11:20:40.157 13748 13801 D Detox   : class com.wix.detox.espresso.DetoxAction, scrollInDirection, [3, 320.0, -1.0, -1.0]
04-06 11:20:40.158 13748 13801 D Detox   : class com.wix.detox.espresso.EspressoDetox, perform, [(view.getTag() is "scroll-container" and view has effective visibility <VISIBLE>), com.wix.detox.espresso.scroll.DetoxScrollAction@d849e22]
04-06 11:20:40.162 13748 13748 I ViewInteraction: Performing 'scrollInDirection' action on view (view.getTag() is "scroll-container" and view has effective visibility <VISIBLE>)
04-06 11:20:40.164 13748 13748 D DetoxScrollHelper: prescroll amountDP=320.0 amountPx=960 scrollableRangePx=1951 times=0 remainder=960
04-06 11:20:40.164 13748 13801 I DetoxWSClient: Sending out action 'invokeResult' (ID #6)
04-06 11:20:40.164 13748 13801 I DetoxDispatcher: Done with action 'invoke'
04-06 11:20:40.168 13748 13805 D DetoxWSClient: Received action 'invoke' (ID #7, params={"target":{"type":"Class","value":"com.wix.detox.espresso.EspressoDetox"},"method":"perform","args":[{"type":"Invocation","value":{"target":{"type":"Class","value":"com.wix.detox.espresso.DetoxMatcher"},"method":"matcherForTestId","args":["scroll-container",{"type":"boolean","value":false}]}},{"type":"Invocation","value":{"target":{"type":"Class","value":"com.wix.detox.espresso.DetoxAction"},"method":"scrollInDirection","args":[{"type":"Integer","value":3},{"type":"Double","value":320},{"type":"Double","value":-1},{"type":"Double","value":-1}]}}]})
04-06 11:20:40.169 13748 13801 I DetoxDispatcher: Handling action 'invoke' (ID #7)...
04-06 11:20:40.170 13748 13801 D Detox   : class com.wix.detox.espresso.DetoxMatcher, matcherForTestId, [scroll-container, false]
04-06 11:20:40.170 13748 13801 D Detox   : class com.wix.detox.espresso.DetoxAction, scrollInDirection, [3, 320.0, -1.0, -1.0]
04-06 11:20:40.171 13748 13801 D Detox   : class com.wix.detox.espresso.EspressoDetox, perform, [(view.getTag() is "scroll-container" and view has effective visibility <VISIBLE>), com.wix.detox.espresso.scroll.DetoxScrollAction@9f1e0b3]
04-06 11:20:40.177 13748 13748 I ViewInteraction: Performing 'scrollInDirection' action on view (view.getTag() is "scroll-container" and view has effective visibility <VISIBLE>)
04-06 11:20:40.178 13748 13748 D DetoxScrollHelper: prescroll amountDP=320.0 amountPx=960 scrollableRangePx=1951 times=0 remainder=960
04-06 11:20:40.178 13748 13801 I DetoxWSClient: Sending out action 'invokeResult' (ID #7)
04-06 11:20:40.179 13748 13801 I DetoxDispatcher: Done with action 'invoke'
04-06 11:20:40.184 13748 13805 D DetoxWSClient: Received action 'invoke' (ID #8, params={"target":{"type":"Class","value":"com.wix.detox.espresso.DetoxAssertion"},"method":"waitForAssertMatcher","args":[{"type":"Invocation","value":{"target":{"type":"Class","value":"androidx.test.espresso.Espresso"},"method":"onView","args":[{"type":"Invocation","value":{"target":{"type":"Class","value":"com.wix.detox.espresso.DetoxMatcher"},"method":"matcherForTestId","args":["input-peso-atual",{"type":"boolean","value":false}]}}]}},{"type":"Invocation","value":{"target":{"type":"Class","value":"com.wix.detox.espresso.DetoxMatcher"},"method":"matcherForSufficientlyVisible","args":[{"type":"Integer","value":75}]}},{"type":"Double","value":5}]})
04-06 11:20:40.184 13748 13801 I DetoxDispatcher: Handling action 'invoke' (ID #8)...
04-06 11:20:40.185 13748 13801 D Detox   : class com.wix.detox.espresso.DetoxMatcher, matcherForTestId, [input-peso-atual, false]
04-06 11:20:40.186 13748 13801 D Detox   : class androidx.test.espresso.Espresso, onView, [(view.getTag() is "input-peso-atual" and view has effective visibility <VISIBLE>)]
04-06 11:20:40.187 13748 13801 D Detox   : class com.wix.detox.espresso.DetoxMatcher, matcherForSufficientlyVisible, [75]
04-06 11:20:40.188 13748 13801 D Detox   : class com.wix.detox.espresso.DetoxAssertion, waitForAssertMatcher, [androidx.test.espresso.ViewInteraction@be56670, (view has effective visibility <VISIBLE> and view.getGlobalVisibleRect() covers at least <75> percent of the view's area), 5.0]
04-06 11:20:40.194 13748 13748 I ViewInteraction: Checking 'MatchesViewAssertion(Detox){viewMatcher=(view has effective visibility <VISIBLE> and view.getGlobalVisibleRect() covers at least <75> percent of the view's area)}' assertion on view (view.getTag() is "input-peso-atual" and view has effective visibility <VISIBLE>)
04-06 11:20:40.200 13748 13801 I DetoxWSClient: Sending out action 'invokeResult' (ID #8)
04-06 11:20:40.200 13748 13801 I DetoxDispatcher: Done with action 'invoke'
04-06 11:20:40.206 13748 13805 D DetoxWSClient: Received action 'invoke' (ID #9, params={"target":{"type":"Class","value":"com.wix.detox.espresso.EspressoDetox"},"method":"perform","args":[{"type":"Invocation","value":{"target":{"type":"Class","value":"com.wix.detox.espresso.DetoxMatcher"},"method":"matcherForTestId","args":["input-peso-atual",{"type":"boolean","value":false}]}},{"type":"Invocation","value":{"target":{"type":"Class","value":"com.wix.detox.espresso.DetoxViewActions"},"method":"click","args":[]}}]})
04-06 11:20:40.207 13748 13801 I DetoxDispatcher: Handling action 'invoke' (ID #9)...
04-06 11:20:40.208 13748 13801 D Detox   : class com.wix.detox.espresso.DetoxMatcher, matcherForTestId, [input-peso-atual, false]
04-06 11:20:40.208 13748 13801 D Detox   : class com.wix.detox.espresso.DetoxViewActions, click, []
04-06 11:20:40.211 13748 13801 W om.evolucao.app: Accessing hidden method Landroid/view/ViewConfiguration;->getDoubleTapMinTime()I (unsupported, reflection, allowed)
04-06 11:20:40.212 13748 13801 D Detox   : class com.wix.detox.espresso.EspressoDetox, perform, [(view.getTag() is "input-peso-atual" and view has effective visibility <VISIBLE>), com.wix.detox.espresso.action.RNClickAction@82ede9]
04-06 11:20:40.218 13748 13748 I ViewInteraction: Performing 'com.wix.detox.espresso.action.detoxsingletap@7727a6e click' action on view (view.getTag() is "input-peso-atual" and view has effective visibility <VISIBLE>)
04-06 11:20:40.228 13748 14138 W om.evolucao.app: Accessing hidden method Landroid/hardware/input/InputManager;->injectInputEvent(Landroid/view/InputEvent;I)Z (unsupported, reflection, allowed)
04-06 11:20:40.232 13748 13748 I ViewRootImpl@ac0a76d[MainActivity]: ViewPostIme pointer 0
04-06 11:20:40.255 13748 13748 I ViewRootImpl@ac0a76d[MainActivity]: ViewPostIme pointer 1
04-06 11:20:40.264 13748 13748 D InputMethodManager: startInputInner - Id : 0
04-06 11:20:40.265 13748 13748 I InputMethodManager: startInputInner - mService.startInputOrWindowGainedFocus
04-06 11:20:40.267 13748 13748 D CompatibilityChangeReporter: Compat change id reported: 163400105; UID 10505; state: ENABLED
04-06 11:20:40.267 13748 13748 I IMM_LC  : showSoftInput(View,I)
04-06 11:20:40.267 13748 13748 I IMM_LC  : ssi() - flag : 0 view : com.evolucao.app reason = SHOW_SOFT_INPUT
04-06 11:20:40.278 13748 13748 I AssistStructure: Flattened final assist data: 4024 bytes, containing 1 windows, 24 views
04-06 11:20:40.290 13748 13748 I IMM_LC  : showSoftInput(View,I)
04-06 11:20:40.290 13748 13748 I IMM_LC  : ssi() - flag : 0 view : com.evolucao.app reason = SHOW_SOFT_INPUT
04-06 11:20:40.323 13748 13748 W OnBackInvokedCallback: OnBackInvokedCallback is not enabled for the application.
04-06 11:20:40.323 13748 13748 W OnBackInvokedCallback: Set 'android:enableOnBackInvokedCallback="true"' in the application manifest.
04-06 11:20:40.336 13748 13769 I ViewRootImpl@ac0a76d[MainActivity]: Resizing android.view.ViewRootImpl@73623ee: frame = [0,0][1080,2400] reportDraw = false forceLayout = false syncSeqId = 0
04-06 11:20:40.337 13748 13748 D InsetsController: onStateChanged: InsetsState: {mDisplayFrame=Rect(0, 0 - 1080, 2400), mDisplayCutout=DisplayCutout{insets=Rect(0, 88 - 0, 0) waterfall=Insets{left=0, top=0, right=0, bottom=0} boundingRect={Bounds=[Rect(0, 0 - 0, 0), Rect(512, 0 - 568, 88), Rect(0, 0 - 0, 0), Rect(0, 0 - 0, 0)]} cutoutPathParserInfo={CutoutPathParserInfo{displayWidth=1080 displayHeight=2400 physicalDisplayWidth=1080 physicalDisplayHeight=2400 density={3.0} cutoutSpec={M 0,0 M 0,10.71963616907435 a 9.280363830925644,9.280363830925644 0 1,0 0,18.56072766185129 a 9.280363830925644,9.280363830925644 0 1,0 0,-18.56072766185129 Z @dp} rotation={0} scale={1.0} physicalPixelDisplaySizeRatio={1.0}}}}, mRoundedCorners=RoundedCorners{[RoundedCorner{position=TopLeft, radius=96, center=Point(96, 96)}, RoundedCorner{position=TopRight, radius=96, center=Point(984, 96)}, RoundedCorner{position=BottomRight, radius=96, center=Point(984, 2304)}, RoundedCorner{position=BottomLeft, radius=96, center=Point(96, 2304)}]}  mRoundedCornerFrame=Rect(0, 0 - 1080, 2400), mPrivacyIndicatorBounds=PrivacyIndicatorBounds {static bounds=Rect(948, 0 - 1080, 88) rotation=0}, mSources= { InsetsSource: {mType=ITYPE_STATUS_BAR, mFrame=[0,0][1080,88], mVisible=true, mInsetsRoundedCornerFrame=false}, InsetsSource: {mType=ITYPE_NAVIGATION_BAR, mFrame=[0,2256][1080,2400], mVisible=true, mInsetsRoundedCornerFrame=false}, InsetsSource: {mType=ITYPE_LEFT_GESTURES, mFrame=[0,0][0,2400], mVisible=true, mInsetsRoundedCornerFrame=false}, InsetsSource: {mType=ITYPE_RIGHT_GESTURES, mFrame=[1080,0][1080,2400], mVisible=true, mInsetsRoundedCornerFrame=false}, InsetsSource: {mType=ITYPE_TOP_MANDATORY_GESTURES, mFrame=[0,0][1080,124], mVisible=true, mInsetsRoundedCornerFrame=false}, InsetsSource: {mType=ITYPE_BOTTOM_MANDATORY_GESTURES, mFrame=[0,2256][1080,2400], mVisible=true, mInsetsRoundedCornerFrame=false}, InsetsSource: {mType=ITYPE_LEFT_DISPLAY_CUTOUT, mFrame=[0,0][-100000,2400], mVisible=true, mInsetsRoundedCornerFrame=false}, InsetsSource: {mType=ITYPE_TOP_DISPLAY_CUTOUT, mFrame=[0,0][1080,88], mVisible=true, mInsetsRoundedCornerFrame=false}, InsetsSource: {mType=ITYPE_RIGHT_DISPLAY_CUTOUT, mFrame=[100000,0][1080,2400], mVisible=true, mInsetsRoundedCornerFrame=false}, InsetsSource: {mType=ITYPE_BOTTOM_DISPLAY_CUTOUT, mFrame=[0,100000][1080,2400], mVisible=true, mInsetsRoundedCornerFrame=false}, InsetsSource: {mType=ITYPE_TOP_TAPPABLE_ELEMENT, mFrame=[0,0][1080,88], mVisible=true, mInsetsRoundedCornerFrame=false}, InsetsSource: {mType=ITYPE_BOTTOM_TAPPABLE_ELEMENT, mFrame=[0,2256][1080,2400], mVisible=true, mInsetsRoundedCornerFrame=false}, InsetsSource: {mType=ITYPE_IME, mFrame=[0,1374][1080,2400], mVisibleFrame=[0,1374][1080,2400], mVisible=false, mInsetsRoundedCornerFrame=false} } host=com.evolucao.app/com.evolucao.app.MainActivity from=android.view.ViewRootImpl$ViewRootHandler.handleMessageImpl:6727
04-06 11:20:40.337 13748 13748 I ViewRootImpl@ac0a76d[MainActivity]: handleResized, msg = 4 frames=ClientWindowFrames{frame=[0,0][1080,2400] display=[0,0][1080,2400] parentFrame=[0,0][0,0] parentClippedByDisplayCutout=false} forceNextWindowRelayout=false displayId=0 resizeMode=-1 frameChanged=false displayFrameChanged=false configChanged=false displayChanged=false
04-06 11:20:40.350 13748 13748 D InsetsController: show(ime(), fromIme=true)
04-06 11:20:40.353 13748 13748 D InsetsController: controlAnimationUnchecked: Added types=8 animType=0 host=com.evolucao.app/com.evolucao.app.MainActivity from=android.view.InsetsController.applyAnimation:1576 android.view.InsetsController.applyAnimation:1557 android.view.InsetsController.show:1063 
04-06 11:20:40.353 13748 13748 D InsetsSourceConsumer: setRequestedVisible: visible=true, type=19, host=com.evolucao.app/com.evolucao.app.MainActivity, from=android.view.InsetsSourceConsumer.show:250 android.view.ImeInsetsSourceConsumer.show:82 android.view.InsetsController.showDirectly:1609 android.view.InsetsController.controlAnimationUnchecked:1232 android.view.InsetsController.applyAnimation:1576 android.view.InsetsController.applyAnimation:1557 android.view.InsetsController.show:1063 android.view.ViewRootImpl$ViewRootHandler.handleMessageImpl:6761 android.view.ViewRootImpl$ViewRootHandler.handleMessage:6697 android.os.Handler.dispatchMessage:106 
04-06 11:20:40.355 13748 13748 D InsetsController: show(ime(), fromIme=true)
04-06 11:20:40.372 13748 13769 I ViewRootImpl@ac0a76d[MainActivity]: Resizing android.view.ViewRootImpl@73623ee: frame = [0,0][1080,2400] reportDraw = false forceLayout = false syncSeqId = 0
04-06 11:20:40.372 13748 13748 D InsetsController: onStateChanged: InsetsState: {mDisplayFrame=Rect(0, 0 - 1080, 2400), mDisplayCutout=DisplayCutout{insets=Rect(0, 88 - 0, 0) waterfall=Insets{left=0, top=0, right=0, bottom=0} boundingRect={Bounds=[Rect(0, 0 - 0, 0), Rect(512, 0 - 568, 88), Rect(0, 0 - 0, 0), Rect(0, 0 - 0, 0)]} cutoutPathParserInfo={CutoutPathParserInfo{displayWidth=1080 displayHeight=2400 physicalDisplayWidth=1080 physicalDisplayHeight=2400 density={3.0} cutoutSpec={M 0,0 M 0,10.71963616907435 a 9.280363830925644,9.280363830925644 0 1,0 0,18.56072766185129 a 9.280363830925644,9.280363830925644 0 1,0 0,-18.56072766185129 Z @dp} rotation={0} scale={1.0} physicalPixelDisplaySizeRatio={1.0}}}}, mRoundedCorners=RoundedCorners{[RoundedCorner{position=TopLeft, radius=96, center=Point(96, 96)}, RoundedCorner{position=TopRight, radius=96, center=Point(984, 96)}, RoundedCorner{position=BottomRight, radius=96, center=Point(984, 2304)}, RoundedCorner{position=BottomLeft, radius=96, center=Point(96, 2304)}]}  mRoundedCornerFrame=Rect(0, 0 - 1080, 2400), mPrivacyIndicatorBounds=PrivacyIndicatorBounds {static bounds=Rect(948, 0 - 1080, 88) rotation=0}, mSources= { InsetsSource: {mType=ITYPE_STATUS_BAR, mFrame=[0,0][1080,88], mVisible=true, mInsetsRoundedCornerFrame=false}, InsetsSource: {mType=ITYPE_NAVIGATION_BAR, mFrame=[0,2256][1080,2400], mVisible=true, mInsetsRoundedCornerFrame=false}, InsetsSource: {mType=ITYPE_LEFT_GESTURES, mFrame=[0,0][0,2400], mVisible=true, mInsetsRoundedCornerFrame=false}, InsetsSource: {mType=ITYPE_RIGHT_GESTURES, mFrame=[1080,0][1080,2400], mVisible=true, mInsetsRoundedCornerFrame=false}, InsetsSource: {mType=ITYPE_TOP_MANDATORY_GESTURES, mFrame=[0,0][1080,124], mVisible=true, mInsetsRoundedCornerFrame=false}, InsetsSource: {mType=ITYPE_BOTTOM_MANDATORY_GESTURES, mFrame=[0,2256][1080,2400], mVisible=true, mInsetsRoundedCornerFrame=false}, InsetsSource: {mType=ITYPE_LEFT_DISPLAY_CUTOUT, mFrame=[0,0][-100000,2400], mVisible=true, mInsetsRoundedCornerFrame=false}, InsetsSource: {mType=ITYPE_TOP_DISPLAY_CUTOUT, mFrame=[0,0][1080,88], mVisible=true, mInsetsRoundedCornerFrame=false}, InsetsSource: {mType=ITYPE_RIGHT_DISPLAY_CUTOUT, mFrame=[100000,0][1080,2400], mVisible=true, mInsetsRoundedCornerFrame=false}, InsetsSource: {mType=ITYPE_BOTTOM_DISPLAY_CUTOUT, mFrame=[0,100000][1080,2400], mVisible=true, mInsetsRoundedCornerFrame=false}, InsetsSource: {mType=ITYPE_TOP_TAPPABLE_ELEMENT, mFrame=[0,0][1080,88], mVisible=true, mInsetsRoundedCornerFrame=false}, InsetsSource: {mType=ITYPE_BOTTOM_TAPPABLE_ELEMENT, mFrame=[0,2256][1080,2400], mVisible=true, mInsetsRoundedCornerFrame=false}, InsetsSource: {mType=ITYPE_IME, mFrame=[0,1374][1080,2400], mVisibleFrame=[0,1374][1080,2400], mVisible=true, mInsetsRoundedCornerFrame=false} } host=com.evolucao.app/com.evolucao.app.MainActivity from=android.view.ViewRootImpl$ViewRootHandler.handleMessageImpl:6740
04-06 11:20:40.373 13748 13748 I ViewRootImpl@ac0a76d[MainActivity]: handleResized, msg = 4 frames=ClientWindowFrames{frame=[0,0][1080,2400] display=[0,0][1080,2400] parentFrame=[0,0][0,0] parentClippedByDisplayCutout=false} forceNextWindowRelayout=false displayId=0 resizeMode=-1 frameChanged=false displayFrameChanged=false configChanged=false displayChanged=false
04-06 11:20:40.591 13748 13748 D InsetsController: cancelAnimation of types: 8, animType: 0, host: com.evolucao.app/com.evolucao.app.MainActivity, from:android.view.InsetsController.notifyFinished:1375 android.view.InsetsAnimationThreadControlRunner$1.lambda$notifyFinished$0$android-view-InsetsAnimationThreadControlRunner$1:84 android.view.InsetsAnimationThreadControlRunner$1$$ExternalSyntheticLambda1.run:4 
04-06 11:20:40.591 13748 13748 D InsetsSourceConsumer: ensureControlPosition: Point(0, 88) for ITYPE_IME on com.evolucao.app/com.evolucao.app.MainActivity from android.view.InsetsSourceConsumer.notifyAnimationFinished:419
04-06 11:20:40.609 13748 13908 I ViewRootImpl@ac0a76d[MainActivity]: mWNT: t=0xb4000070a0bfad00 mBlastBufferQueue=0xb4000070c2c34c00 fn= 8 caller= android.view.SyncRtSurfaceTransactionApplier.applyTransaction:96 android.view.SyncRtSurfaceTransactionApplier.lambda$scheduleApply$0$android-view-SyncRtSurfaceTransactionApplier:69 android.view.SyncRtSurfaceTransactionApplier$$ExternalSyntheticLambda0.onFrameDraw:4 
04-06 11:20:40.679 13748 13801 I DetoxWSClient: Sending out action 'invokeResult' (ID #9)
04-06 11:20:40.679 13748 13801 I DetoxDispatcher: Done with action 'invoke'
04-06 11:20:40.683 13748 13805 D DetoxWSClient: Received action 'invoke' (ID #10, params={"target":{"type":"Class","value":"com.wix.detox.espresso.EspressoDetox"},"method":"perform","args":[{"type":"Invocation","value":{"target":{"type":"Class","value":"com.wix.detox.espresso.DetoxMatcher"},"method":"matcherForTestId","args":["input-peso-atual",{"type":"boolean","value":false}]}},{"type":"Invocation","value":{"target":{"type":"Class","value":"androidx.test.espresso.action.ViewActions"},"method":"clearText","args":[]}}]})
04-06 11:20:40.683 13748 13801 I DetoxDispatcher: Handling action 'invoke' (ID #10)...
04-06 11:20:40.683 13748 13801 D Detox   : class com.wix.detox.espresso.DetoxMatcher, matcherForTestId, [input-peso-atual, false]
04-06 11:20:40.683 13748 13801 D Detox   : class androidx.test.espresso.action.ViewActions, clearText, []
04-06 11:20:40.683 13748 13801 D Detox   : class com.wix.detox.espresso.EspressoDetox, perform, [(view.getTag() is "input-peso-atual" and view has effective visibility <VISIBLE>), androidx.test.espresso.action.ReplaceTextAction@7b62359]
04-06 11:20:40.685 13748 13748 I ViewInteraction: Performing 'replace text()' action on view (view.getTag() is "input-peso-atual" and view has effective visibility <VISIBLE>)
04-06 11:20:40.692 13748 13801 I DetoxWSClient: Sending out action 'invokeResult' (ID #10)
04-06 11:20:40.692 13748 13801 I DetoxDispatcher: Done with action 'invoke'
04-06 11:20:40.697 13748 13748 D InputMethodManager: startInputInner - Id : 0
04-06 11:20:40.698 13748 13748 I InputMethodManager: startInputInner - mService.startInputOrWindowGainedFocus
04-06 11:20:40.698 13748 13805 D DetoxWSClient: Received action 'invoke' (ID #11, params={"target":{"type":"Class","value":"com.wix.detox.espresso.EspressoDetox"},"method":"perform","args":[{"type":"Invocation","value":{"target":{"type":"Class","value":"com.wix.detox.espresso.DetoxMatcher"},"method":"matcherForTestId","args":["input-peso-atual",{"type":"boolean","value":false}]}},{"type":"Invocation","value":{"target":{"type":"Class","value":"androidx.test.espresso.action.ViewActions"},"method":"replaceText","args":["82"]}}]})
04-06 11:20:40.698 13748 13801 I DetoxDispatcher: Handling action 'invoke' (ID #11)...
04-06 11:20:40.698 13748 13801 D Detox   : class com.wix.detox.espresso.DetoxMatcher, matcherForTestId, [input-peso-atual, false]
04-06 11:20:40.699 13748 13801 D Detox   : class androidx.test.espresso.action.ViewActions, replaceText, [82]
04-06 11:20:40.699 13748 13801 D Detox   : class com.wix.detox.espresso.EspressoDetox, perform, [(view.getTag() is "input-peso-atual" and view has effective visibility <VISIBLE>), androidx.test.espresso.action.ReplaceTextAction@70a0ff7]
04-06 11:20:40.704 13748 13748 I ViewInteraction: Performing 'replace text(82)' action on view (view.getTag() is "input-peso-atual" and view has effective visibility <VISIBLE>)
04-06 11:20:40.710 13748 13801 I DetoxWSClient: Sending out action 'invokeResult' (ID #11)
04-06 11:20:40.711 13748 13801 I DetoxDispatcher: Done with action 'invoke'
04-06 11:20:40.716 13748 13805 D DetoxWSClient: Received action 'invoke' (ID #12, params={"target":{"type":"Class","value":"com.wix.detox.espresso.DetoxAssertion"},"method":"assertMatcher","args":[{"type":"Invocation","value":{"target":{"type":"Class","value":"androidx.test.espresso.Espresso"},"method":"onView","args":[{"type":"Invocation","value":{"target":{"type":"Class","value":"com.wix.detox.espresso.DetoxMatcher"},"method":"matcherForTestId","args":["input-peso-atual",{"type":"boolean","value":false}]}}]}},{"type":"Invocation","value":{"target":{"type":"Class","value":"com.wix.detox.espresso.DetoxMatcher"},"method":"matcherForText","args":["82",{"type":"boolean","value":false}]}}]})
04-06 11:20:40.716 13748 13801 I DetoxDispatcher: Handling action 'invoke' (ID #12)...
04-06 11:20:40.717 13748 13801 D Detox   : class com.wix.detox.espresso.DetoxMatcher, matcherForTestId, [input-peso-atual, false]
04-06 11:20:40.717 13748 13801 D Detox   : class androidx.test.espresso.Espresso, onView, [(view.getTag() is "input-peso-atual" and view has effective visibility <VISIBLE>)]
04-06 11:20:40.718 13748 13801 D Detox   : class com.wix.detox.espresso.DetoxMatcher, matcherForText, [82, false]
04-06 11:20:40.719 13748 13801 D Detox   : class com.wix.detox.espresso.DetoxAssertion, assertMatcher, [androidx.test.espresso.ViewInteraction@12902a6, (an instance of android.widget.TextView and view.getText() with or without transformation to match: is "82" and view has effective visibility <VISIBLE>)]
04-06 11:20:40.720 13748 13748 D InputMethodManager: startInputInner - Id : 0
04-06 11:20:40.721 13748 13748 I InputMethodManager: startInputInner - mService.startInputOrWindowGainedFocus
04-06 11:20:40.741 13748 13748 D InsetsController: show(ime(), fromIme=true)
04-06 11:20:40.762 13748 13748 I ViewInteraction: Checking 'MatchesViewAssertion(Detox){viewMatcher=(an instance of android.widget.TextView and view.getText() with or without transformation to match: is "82" and view has effective visibility <VISIBLE>)}' assertion on view (view.getTag() is "input-peso-atual" and view has effective visibility <VISIBLE>)
04-06 11:20:40.764 13748 13801 I DetoxWSClient: Sending out action 'invokeResult' (ID #12)
04-06 11:20:40.764 13748 13801 I DetoxDispatcher: Done with action 'invoke'
04-06 11:20:40.767 13748 13805 D DetoxWSClient: Received action 'invoke' (ID #13, params={"target":{"type":"Class","value":"com.wix.detox.espresso.EspressoDetox"},"method":"perform","args":[{"type":"Invocation","value":{"target":{"type":"Class","value":"com.wix.detox.espresso.DetoxMatcher"},"method":"matcherForTestId","args":["input-peso-meta",{"type":"boolean","value":false}]}},{"type":"Invocation","value":{"target":{"type":"Class","value":"com.wix.detox.espresso.DetoxViewActions"},"method":"click","args":[]}}]})
04-06 11:20:40.767 13748 13801 I DetoxDispatcher: Handling action 'invoke' (ID #13)...
04-06 11:20:40.768 13748 13801 D Detox   : class com.wix.detox.espresso.DetoxMatcher, matcherForTestId, [input-peso-meta, false]
04-06 11:20:40.768 13748 13801 D Detox   : class com.wix.detox.espresso.DetoxViewActions, click, []
04-06 11:20:40.768 13748 13801 D Detox   : class com.wix.detox.espresso.EspressoDetox, perform, [(view.getTag() is "input-peso-meta" and view has effective visibility <VISIBLE>), com.wix.detox.espresso.action.RNClickAction@b23d965]
04-06 11:20:40.769 13748 13748 D InsetsController: show(ime(), fromIme=true)
04-06 11:20:40.771 13748 13748 I ViewInteraction: Performing 'com.wix.detox.espresso.action.detoxsingletap@39e863a click' action on view (view.getTag() is "input-peso-meta" and view has effective visibility <VISIBLE>)
04-06 11:20:40.776 13748 13748 I ViewRootImpl@ac0a76d[MainActivity]: ViewPostIme pointer 0
04-06 11:20:40.804 13748 13748 I ViewRootImpl@ac0a76d[MainActivity]: ViewPostIme pointer 1
04-06 11:20:40.814 13748 13748 D InputMethodManager: startInputInner - Id : 0
04-06 11:20:40.814 13748 13748 I InputMethodManager: startInputInner - mService.startInputOrWindowGainedFocus
04-06 11:20:40.819 13748 13748 I IMM_LC  : showSoftInput(View,I)
04-06 11:20:40.819 13748 13748 I IMM_LC  : ssi() - flag : 0 view : com.evolucao.app reason = SHOW_SOFT_INPUT
04-06 11:20:40.831 13748 13748 W RemoteInputConnectionImpl: requestCursorAnchorInfo on inactive InputConnection
04-06 11:20:40.838 13748 13748 I IMM_LC  : showSoftInput(View,I)
04-06 11:20:40.838 13748 13748 I IMM_LC  : ssi() - flag : 0 view : com.evolucao.app reason = SHOW_SOFT_INPUT
04-06 11:20:40.851 13748 13748 W OnBackInvokedCallback: OnBackInvokedCallback is not enabled for the application.
04-06 11:20:40.851 13748 13748 W OnBackInvokedCallback: Set 'android:enableOnBackInvokedCallback="true"' in the application manifest.
04-06 11:20:40.852 13748 13748 D InsetsController: show(ime(), fromIme=true)
04-06 11:20:40.855 13748 13748 D InsetsController: show(ime(), fromIme=true)
04-06 11:20:40.875 13748 13748 D InsetsController: show(ime(), fromIme=true)
04-06 11:20:41.212 13748 13801 I DetoxWSClient: Sending out action 'invokeResult' (ID #13)
04-06 11:20:41.213 13748 13801 I DetoxDispatcher: Done with action 'invoke'
04-06 11:20:41.218 13748 13805 D DetoxWSClient: Received action 'invoke' (ID #14, params={"target":{"type":"Class","value":"com.wix.detox.espresso.EspressoDetox"},"method":"perform","args":[{"type":"Invocation","value":{"target":{"type":"Class","value":"com.wix.detox.espresso.DetoxMatcher"},"method":"matcherForTestId","args":["input-peso-meta",{"type":"boolean","value":false}]}},{"type":"Invocation","value":{"target":{"type":"Class","value":"androidx.test.espresso.action.ViewActions"},"method":"clearText","args":[]}}]})
04-06 11:20:41.219 13748 13801 I DetoxDispatcher: Handling action 'invoke' (ID #14)...
04-06 11:20:41.219 13748 13801 D Detox   : class com.wix.detox.espresso.DetoxMatcher, matcherForTestId, [input-peso-meta, false]
04-06 11:20:41.220 13748 13801 D Detox   : class androidx.test.espresso.action.ViewActions, clearText, []
04-06 11:20:41.220 13748 13801 D Detox   : class com.wix.detox.espresso.EspressoDetox, perform, [(view.getTag() is "input-peso-meta" and view has effective visibility <VISIBLE>), androidx.test.espresso.action.ReplaceTextAction@afda6e1]
04-06 11:20:41.225 13748 13748 I ViewInteraction: Performing 'replace text()' action on view (view.getTag() is "input-peso-meta" and view has effective visibility <VISIBLE>)
04-06 11:20:41.231 13748 13801 I DetoxWSClient: Sending out action 'invokeResult' (ID #14)
04-06 11:20:41.232 13748 13801 I DetoxDispatcher: Done with action 'invoke'
04-06 11:20:41.236 13748 13805 D DetoxWSClient: Received action 'invoke' (ID #15, params={"target":{"type":"Class","value":"com.wix.detox.espresso.EspressoDetox"},"method":"perform","args":[{"type":"Invocation","value":{"target":{"type":"Class","value":"com.wix.detox.espresso.DetoxMatcher"},"method":"matcherForTestId","args":["input-peso-meta",{"type":"boolean","value":false}]}},{"type":"Invocation","value":{"target":{"type":"Class","value":"androidx.test.espresso.action.ViewActions"},"method":"replaceText","args":["77"]}}]})
04-06 11:20:41.237 13748 13801 I DetoxDispatcher: Handling action 'invoke' (ID #15)...
04-06 11:20:41.237 13748 13801 D Detox   : class com.wix.detox.espresso.DetoxMatcher, matcherForTestId, [input-peso-meta, false]
04-06 11:20:41.238 13748 13801 D Detox   : class androidx.test.espresso.action.ViewActions, replaceText, [77]
04-06 11:20:41.238 13748 13801 D Detox   : class com.wix.detox.espresso.EspressoDetox, perform, [(view.getTag() is "input-peso-meta" and view has effective visibility <VISIBLE>), androidx.test.espresso.action.ReplaceTextAction@57b63bf]
04-06 11:20:41.240 13748 13748 D InputMethodManager: startInputInner - Id : 0
04-06 11:20:41.240 13748 13748 I InputMethodManager: startInputInner - mService.startInputOrWindowGainedFocus
04-06 11:20:41.259 13748 13748 I ViewInteraction: Performing 'replace text(77)' action on view (view.getTag() is "input-peso-meta" and view has effective visibility <VISIBLE>)
04-06 11:20:41.262 13748 13801 I DetoxWSClient: Sending out action 'invokeResult' (ID #15)
04-06 11:20:41.263 13748 13801 I DetoxDispatcher: Done with action 'invoke'
04-06 11:20:41.267 13748 13805 D DetoxWSClient: Received action 'invoke' (ID #16, params={"target":{"type":"Class","value":"com.wix.detox.espresso.DetoxAssertion"},"method":"assertMatcher","args":[{"type":"Invocation","value":{"target":{"type":"Class","value":"androidx.test.espresso.Espresso"},"method":"onView","args":[{"type":"Invocation","value":{"target":{"type":"Class","value":"com.wix.detox.espresso.DetoxMatcher"},"method":"matcherForTestId","args":["input-peso-meta",{"type":"boolean","value":false}]}}]}},{"type":"Invocation","value":{"target":{"type":"Class","value":"com.wix.detox.espresso.DetoxMatcher"},"method":"matcherForText","args":["77",{"type":"boolean","value":false}]}}]})
04-06 11:20:41.267 13748 13801 I DetoxDispatcher: Handling action 'invoke' (ID #16)...
04-06 11:20:41.268 13748 13801 D Detox   : class com.wix.detox.espresso.DetoxMatcher, matcherForTestId, [input-peso-meta, false]
04-06 11:20:41.268 13748 13801 D Detox   : class androidx.test.espresso.Espresso, onView, [(view.getTag() is "input-peso-meta" and view has effective visibility <VISIBLE>)]
04-06 11:20:41.269 13748 13801 D Detox   : class com.wix.detox.espresso.DetoxMatcher, matcherForText, [77, false]
04-06 11:20:41.269 13748 13801 D Detox   : class com.wix.detox.espresso.DetoxAssertion, assertMatcher, [androidx.test.espresso.ViewInteraction@afcef24, (an instance of android.widget.TextView and view.getText() with or without transformation to match: is "77" and view has effective visibility <VISIBLE>)]
04-06 11:20:41.276 13748 13748 D InputMethodManager: startInputInner - Id : 0
04-06 11:20:41.276 13748 13748 I InputMethodManager: startInputInner - mService.startInputOrWindowGainedFocus
04-06 11:20:41.281 13748 13748 D InsetsController: show(ime(), fromIme=true)
04-06 11:20:41.309 13748 13748 D InsetsController: show(ime(), fromIme=true)
04-06 11:20:41.311 13748 13748 I ViewInteraction: Checking 'MatchesViewAssertion(Detox){viewMatcher=(an instance of android.widget.TextView and view.getText() with or without transformation to match: is "77" and view has effective visibility <VISIBLE>)}' assertion on view (view.getTag() is "input-peso-meta" and view has effective visibility <VISIBLE>)
04-06 11:20:41.312 13748 13801 I DetoxWSClient: Sending out action 'invokeResult' (ID #16)
04-06 11:20:41.313 13748 13801 I DetoxDispatcher: Done with action 'invoke'
04-06 11:20:41.316 13748 13805 D DetoxWSClient: Received action 'invoke' (ID #17, params={"target":{"type":"Class","value":"com.wix.detox.espresso.EspressoDetox"},"method":"perform","args":[{"type":"Invocation","value":{"target":{"type":"Class","value":"com.wix.detox.espresso.DetoxMatcher"},"method":"matcherForTestId","args":["input-altura",{"type":"boolean","value":false}]}},{"type":"Invocation","value":{"target":{"type":"Class","value":"com.wix.detox.espresso.DetoxViewActions"},"method":"click","args":[]}}]})
04-06 11:20:41.316 13748 13801 I DetoxDispatcher: Handling action 'invoke' (ID #17)...
04-06 11:20:41.316 13748 13801 D Detox   : class com.wix.detox.espresso.DetoxMatcher, matcherForTestId, [input-altura, false]
04-06 11:20:41.316 13748 13801 D Detox   : class com.wix.detox.espresso.DetoxViewActions, click, []
04-06 11:20:41.317 13748 13801 D Detox   : class com.wix.detox.espresso.EspressoDetox, perform, [(view.getTag() is "input-altura" and view has effective visibility <VISIBLE>), com.wix.detox.espresso.action.RNClickAction@d134ff9]
04-06 11:20:41.329 13748 13748 I ViewInteraction: Performing 'com.wix.detox.espresso.action.detoxsingletap@72d1b3e click' action on view (view.getTag() is "input-altura" and view has effective visibility <VISIBLE>)
04-06 11:20:41.364 13748 13748 I ViewRootImpl@ac0a76d[MainActivity]: ViewPostIme key 0
04-06 11:20:41.378 13748 13748 I ViewRootImpl@ac0a76d[MainActivity]: ViewPostIme key 1
04-06 11:20:41.808 13748 13801 I DetoxWSClient: Sending out action 'invokeResult' (ID #17)
04-06 11:20:41.808 13748 13801 I DetoxDispatcher: Done with action 'invoke'
04-06 11:20:41.813 13748 13805 D DetoxWSClient: Received action 'invoke' (ID #18, params={"target":{"type":"Class","value":"com.wix.detox.espresso.EspressoDetox"},"method":"perform","args":[{"type":"Invocation","value":{"target":{"type":"Class","value":"com.wix.detox.espresso.DetoxMatcher"},"method":"matcherForTestId","args":["input-altura",{"type":"boolean","value":false}]}},{"type":"Invocation","value":{"target":{"type":"Class","value":"androidx.test.espresso.action.ViewActions"},"method":"clearText","args":[]}}]})
04-06 11:20:41.813 13748 13801 I DetoxDispatcher: Handling action 'invoke' (ID #18)...
04-06 11:20:41.814 13748 13801 D Detox   : class com.wix.detox.espresso.DetoxMatcher, matcherForTestId, [input-altura, false]
04-06 11:20:41.815 13748 13801 D Detox   : class androidx.test.espresso.action.ViewActions, clearText, []
04-06 11:20:41.815 13748 13801 D Detox   : class com.wix.detox.espresso.EspressoDetox, perform, [(view.getTag() is "input-altura" and view has effective visibility <VISIBLE>), androidx.test.espresso.action.ReplaceTextAction@c6f3152]
04-06 11:20:41.820 13748 13748 I ViewInteraction: Performing 'replace text()' action on view (view.getTag() is "input-altura" and view has effective visibility <VISIBLE>)
04-06 11:20:41.828 13748 13801 I DetoxWSClient: Sending out action 'invokeResult' (ID #18)
04-06 11:20:41.828 13748 13801 I DetoxDispatcher: Done with action 'invoke'
04-06 11:20:41.833 13748 13805 D DetoxWSClient: Received action 'invoke' (ID #19, params={"target":{"type":"Class","value":"com.wix.detox.espresso.EspressoDetox"},"method":"perform","args":[{"type":"Invocation","value":{"target":{"type":"Class","value":"com.wix.detox.espresso.DetoxMatcher"},"method":"matcherForTestId","args":["input-altura",{"type":"boolean","value":false}]}},{"type":"Invocation","value":{"target":{"type":"Class","value":"androidx.test.espresso.action.ViewActions"},"method":"replaceText","args":["178"]}}]})
04-06 11:20:41.834 13748 13801 I DetoxDispatcher: Handling action 'invoke' (ID #19)...
04-06 11:20:41.834 13748 13801 D Detox   : class com.wix.detox.espresso.DetoxMatcher, matcherForTestId, [input-altura, false]
04-06 11:20:41.834 13748 13801 D Detox   : class androidx.test.espresso.action.ViewActions, replaceText, [178]
04-06 11:20:41.834 13748 13801 D Detox   : class com.wix.detox.espresso.EspressoDetox, perform, [(view.getTag() is "input-altura" and view has effective visibility <VISIBLE>), androidx.test.espresso.action.ReplaceTextAction@f6ff838]
04-06 11:20:41.838 13748 13748 I ViewInteraction: Performing 'replace text(178)' action on view (view.getTag() is "input-altura" and view has effective visibility <VISIBLE>)
04-06 11:20:41.843 13748 13801 I DetoxWSClient: Sending out action 'invokeResult' (ID #19)
04-06 11:20:41.844 13748 13801 I DetoxDispatcher: Done with action 'invoke'
04-06 11:20:41.850 13748 13805 D DetoxWSClient: Received action 'invoke' (ID #20, params={"target":{"type":"Class","value":"com.wix.detox.espresso.DetoxAssertion"},"method":"assertMatcher","args":[{"type":"Invocation","value":{"target":{"type":"Class","value":"androidx.test.espresso.Espresso"},"method":"onView","args":[{"type":"Invocation","value":{"target":{"type":"Class","value":"com.wix.detox.espresso.DetoxMatcher"},"method":"matcherForTestId","args":["input-altura",{"type":"boolean","value":false}]}}]}},{"type":"Invocation","value":{"target":{"type":"Class","value":"com.wix.detox.espresso.DetoxMatcher"},"method":"matcherForText","args":["178",{"type":"boolean","value":false}]}}]})
04-06 11:20:41.851 13748 13801 I DetoxDispatcher: Handling action 'invoke' (ID #20)...
04-06 11:20:41.851 13748 13801 D Detox   : class com.wix.detox.espresso.DetoxMatcher, matcherForTestId, [input-altura, false]
04-06 11:20:41.851 13748 13801 D Detox   : class androidx.test.espresso.Espresso, onView, [(view.getTag() is "input-altura" and view has effective visibility <VISIBLE>)]
04-06 11:20:41.852 13748 13801 D Detox   : class com.wix.detox.espresso.DetoxMatcher, matcherForText, [178, false]
04-06 11:20:41.852 13748 13801 D Detox   : class com.wix.detox.espresso.DetoxAssertion, assertMatcher, [androidx.test.espresso.ViewInteraction@f0add4e, (an instance of android.widget.TextView and view.getText() with or without transformation to match: is "178" and view has effective visibility <VISIBLE>)]
04-06 11:20:41.887 13748 13748 I ViewInteraction: Checking 'MatchesViewAssertion(Detox){viewMatcher=(an instance of android.widget.TextView and view.getText() with or without transformation to match: is "178" and view has effective visibility <VISIBLE>)}' assertion on view (view.getTag() is "input-altura" and view has effective visibility <VISIBLE>)
04-06 11:20:41.889 13748 13801 I DetoxWSClient: Sending out action 'invokeResult' (ID #20)
04-06 11:20:41.890 13748 13801 I DetoxDispatcher: Done with action 'invoke'
04-06 11:20:41.894 13748 13805 D DetoxWSClient: Received action 'invoke' (ID #21, params={"target":{"type":"Invocation","value":{"target":{"type":"Class","value":"com.wix.detox.uiautomator.UiAutomator"},"method":"uiDevice","args":[]}},"method":"pressBack","args":[]})
04-06 11:20:41.894 13748 13801 I DetoxDispatcher: Handling action 'invoke' (ID #21)...
04-06 11:20:41.894 13748 13801 D Detox   : class com.wix.detox.uiautomator.UiAutomator, uiDevice, []
04-06 11:20:41.896 13748 13801 I UiDevice: Creating a new instance, old instance exists: false
04-06 11:20:41.906 13748 13801 D UiDevice: Setting accessibility service flags: 65618
04-06 11:20:42.546 13748 13801 D UiDevice: Pressing back button.
04-06 11:20:42.570 13748 13748 I ViewRootImpl@ac0a76d[MainActivity]: The input has been finished in ImeInputStage.
04-06 11:20:42.582 13748 13748 I ViewRootImpl@ac0a76d[MainActivity]: The input has been finished in ImeInputStage.
04-06 11:20:42.585 13748 13748 D InsetsController: controlAnimationUnchecked: Added types=8 animType=1 host=com.evolucao.app/com.evolucao.app.MainActivity from=android.view.InsetsController.applyAnimation:1576 android.view.InsetsController.applyAnimation:1557 android.view.InsetsController.hide:1093 
04-06 11:20:42.586 13748 13748 D InsetsSourceConsumer: setRequestedVisible: visible=false, type=19, host=com.evolucao.app/com.evolucao.app.MainActivity, from=android.view.InsetsSourceConsumer.hide:257 android.view.ImeInsetsSourceConsumer.hide:88 android.view.ImeInsetsSourceConsumer.hide:94 android.view.InsetsController.hideDirectly:1593 android.view.InsetsController.controlAnimationUnchecked:1234 android.view.InsetsController.applyAnimation:1576 android.view.InsetsController.applyAnimation:1557 android.view.InsetsController.hide:1093 android.view.ViewRootImpl$ViewRootHandler.handleMessageImpl:6765 android.view.ViewRootImpl$ViewRootHandler.handleMessage:6697 
04-06 11:20:42.598 13748 13801 I DetoxWSClient: Sending out action 'invokeResult' (ID #21)
04-06 11:20:42.598 13748 13801 I DetoxDispatcher: Done with action 'invoke'
04-06 11:20:42.601 13748 13770 I ViewRootImpl@ac0a76d[MainActivity]: Resizing android.view.ViewRootImpl@73623ee: frame = [0,0][1080,2400] reportDraw = false forceLayout = false syncSeqId = 0
