04-06 02:23:10.508 15619 15619 I ViewRootImpl@73623ee[MainActivity]: handleResized, msg = 5 frames=ClientWindowFrames{frame=[0,0][1080,2400] display=[0,0][1080,2400] parentFrame=[0,0][0,0] parentClippedByDisplayCutout=false} forceNextWindowRelayout=false displayId=0 resizeMode=-1 frameChanged=false displayFrameChanged=false configChanged=false displayChanged=false
04-06 02:23:10.508 15619 15619 I ViewRootImpl@73623ee[MainActivity]: handleResized mSyncSeqId = 0
04-06 02:23:10.508 15619 15619 I ViewRootImpl@73623ee[MainActivity]: reportNextDraw android.view.ViewRootImpl.handleResized:2450 android.view.ViewRootImpl.-$$Nest$mhandleResized:0 android.view.ViewRootImpl$ViewRootHandler.handleMessageImpl:6728 android.view.ViewRootImpl$ViewRootHandler.handleMessage:6697 android.os.Handler.dispatchMessage:106 
04-06 02:23:10.519 15619 15619 I ViewRootImpl@8125395[PopupWindow:b19674c]: performTraversals params={(0,88)(fillxwrap) gr=TOP START CENTER sim={state=unchanged adjust=pan} ty=APPLICATION_PANEL fmt=TRANSLUCENT surfaceInsets=Rect(0, 0 - 0, 0) (manual)
04-06 02:23:10.519 15619 15619 I ViewRootImpl@8125395[PopupWindow:b19674c]:   fl=41800008
04-06 02:23:10.519 15619 15619 I ViewRootImpl@8125395[PopupWindow:b19674c]:   pfl=42018000
04-06 02:23:10.519 15619 15619 I ViewRootImpl@8125395[PopupWindow:b19674c]:   bhv=DEFAULT
04-06 02:23:10.519 15619 15619 I ViewRootImpl@8125395[PopupWindow:b19674c]:   fitTypes=STATUS_BARS NAVIGATION_BARS CAPTION_BAR naviIconColor=0
04-06 02:23:10.519 15619 15619 I ViewRootImpl@8125395[PopupWindow:b19674c]:   sfl=20000}
04-06 02:23:10.520 15619 15619 I ViewRootImpl@8125395[PopupWindow:b19674c]: performTraversals mFirst=true windowShouldResize=true viewVisibilityChanged=false mForceNextWindowRelayout=false params={(0,88)(fillxwrap) gr=TOP START CENTER sim={state=unchanged adjust=pan} ty=APPLICATION_PANEL fmt=TRANSLUCENT surfaceInsets=Rect(0, 0 - 0, 0) (manual)
04-06 02:23:10.520 15619 15619 I ViewRootImpl@8125395[PopupWindow:b19674c]:   fl=41800008
04-06 02:23:10.520 15619 15619 I ViewRootImpl@8125395[PopupWindow:b19674c]:   pfl=42018000
04-06 02:23:10.520 15619 15619 I ViewRootImpl@8125395[PopupWindow:b19674c]:   bhv=DEFAULT
04-06 02:23:10.520 15619 15619 I ViewRootImpl@8125395[PopupWindow:b19674c]:   fitTypes=STATUS_BARS NAVIGATION_BARS CAPTION_BAR naviIconColor=0
04-06 02:23:10.520 15619 15619 I ViewRootImpl@8125395[PopupWindow:b19674c]:   sfl=20000}
04-06 02:23:10.523 15619 15634 I ViewRootImpl@8125395[PopupWindow:b19674c]: Resizing android.view.ViewRootImpl@93f6976: frame = [0,88][1080,167] reportDraw = true forceLayout = false syncSeqId = 0
04-06 02:23:10.524 15619 15619 I ViewRootImpl@8125395[PopupWindow:b19674c]: updateBlastSurfaceIfNeeded mBlastBufferQueue=null isSameSurfaceControl=false
04-06 02:23:10.525 15619 15619 I BLASTBufferQueue: new BLASTBufferQueue, mName= ViewRootImpl@8125395[PopupWindow:b19674c] mNativeObject= 0xb4000070a70ff700 sc.mNativeObject= 0xb4000070a0ccffe0 caller= android.view.ViewRootImpl.updateBlastSurfaceIfNeeded:2909 android.view.ViewRootImpl.relayoutWindow:9847 android.view.ViewRootImpl.performTraversals:3884 android.view.ViewRootImpl.doTraversal:3116 android.view.ViewRootImpl$TraversalRunnable.run:10885 android.view.Choreographer$CallbackRecord.run:1301 android.view.Choreographer$CallbackRecord.run:1309 android.view.Choreographer.doCallbacks:923 android.view.Choreographer.doFrame:852 android.view.Choreographer$FrameDisplayEventReceiver.run:1283 
04-06 02:23:10.525 15619 15619 I BLASTBufferQueue: update, w= 1080 h= 79 mName = ViewRootImpl@8125395[PopupWindow:b19674c] mNativeObject= 0xb4000070a70ff700 sc.mNativeObject= 0xb4000070a0ccffe0 format= -3 caller= android.graphics.BLASTBufferQueue.<init>:84 android.view.ViewRootImpl.updateBlastSurfaceIfNeeded:2909 android.view.ViewRootImpl.relayoutWindow:9847 android.view.ViewRootImpl.performTraversals:3884 android.view.ViewRootImpl.doTraversal:3116 android.view.ViewRootImpl$TraversalRunnable.run:10885 
04-06 02:23:10.525 15619 15619 I ViewRootImpl@8125395[PopupWindow:b19674c]: Relayout returned: old=(0,88,1080,2256) new=(0,88,1080,167) req=(1080,79)0 dur=4 res=0x3 s={true 0xb4000070a7108800} ch=true seqId=0
04-06 02:23:10.526 15619 15619 I ViewRootImpl@8125395[PopupWindow:b19674c]: mThreadedRenderer.initialize() mSurface={isValid=true 0xb4000070a7108800} hwInitialized=true
04-06 02:23:10.527 15619 15619 I ViewRootImpl@8125395[PopupWindow:b19674c]: reportNextDraw android.view.ViewRootImpl.performTraversals:4438 android.view.ViewRootImpl.doTraversal:3116 android.view.ViewRootImpl$TraversalRunnable.run:10885 android.view.Choreographer$CallbackRecord.run:1301 android.view.Choreographer$CallbackRecord.run:1309 
04-06 02:23:10.527 15619 15619 I ViewRootImpl@8125395[PopupWindow:b19674c]: Setup new sync id=0
04-06 02:23:10.527 15619 15676 D OpenGLRenderer: eglCreateWindowSurface
04-06 02:23:10.527 15619 15619 I ViewRootImpl@8125395[PopupWindow:b19674c]: Setting syncFrameCallback
04-06 02:23:10.527 15619 15619 I ViewRootImpl@8125395[PopupWindow:b19674c]: registerCallbacksForSync syncBuffer=false
04-06 02:23:10.528 15619 15714 I ViewRootImpl@8125395[PopupWindow:b19674c]: Received frameDrawingCallback syncResult=0 frameNum=1.
04-06 02:23:10.528 15619 15714 I ViewRootImpl@8125395[PopupWindow:b19674c]: Setting up sync and frameCommitCallback
04-06 02:23:10.535 15619 15676 I BLASTBufferQueue: [ViewRootImpl@8125395[PopupWindow:b19674c]#1](f:0,a:0) onFrameAvailable the first frame is available
04-06 02:23:10.535 15619 15676 I ViewRootImpl@8125395[PopupWindow:b19674c]: Received frameCommittedCallback lastAttemptedDrawFrameNum=1 didProduceBuffer=true
04-06 02:23:10.536 15619 15676 D OpenGLRenderer: CFMS:: SetUp Pid : 15619    Tid : 15676
04-06 02:23:10.536 15619 15676 W Parcel  : Expecting binder but got null!
04-06 02:23:10.536 15619 15619 I ViewRootImpl@8125395[PopupWindow:b19674c]: onSyncComplete
04-06 02:23:10.536 15619 15619 I ViewRootImpl@8125395[PopupWindow:b19674c]: setupSync seqId=0 mSyncId=0 fn=1 caller=android.view.ViewRootImpl$$ExternalSyntheticLambda11.accept:6 android.window.SurfaceSyncer.lambda$setupSync$1$android-window-SurfaceSyncer:128 android.window.SurfaceSyncer$$ExternalSyntheticLambda1.accept:8 android.window.SurfaceSyncer$SyncSet.checkIfSyncIsComplete:382 android.window.SurfaceSyncer$SyncSet.markSyncReady:359 android.window.SurfaceSyncer.markSyncReady:151 android.view.ViewRootImpl.performTraversals:4503 
04-06 02:23:10.536 15619 15619 I ViewRootImpl@73623ee[MainActivity]: Setup new sync id=1
04-06 02:23:10.536 15619 15619 I ViewRootImpl@73623ee[MainActivity]: Setting syncFrameCallback
04-06 02:23:10.536 15619 15619 I ViewRootImpl@73623ee[MainActivity]: registerCallbacksForSync syncBuffer=false
04-06 02:23:10.536 15619 15713 I ViewRootImpl@73623ee[MainActivity]: Received frameDrawingCallback syncResult=0 frameNum=2.
04-06 02:23:10.537 15619 15713 I ViewRootImpl@73623ee[MainActivity]: Setting up sync and frameCommitCallback
04-06 02:23:10.537 15619 15676 I ViewRootImpl@73623ee[MainActivity]: Received frameCommittedCallback lastAttemptedDrawFrameNum=2 didProduceBuffer=true
04-06 02:23:10.537 15619 15619 I ViewRootImpl@73623ee[MainActivity]: onSyncComplete
04-06 02:23:10.537 15619 15619 I ViewRootImpl@73623ee[MainActivity]: setupSync seqId=0 mSyncId=1 fn=2 caller=android.view.ViewRootImpl$$ExternalSyntheticLambda11.accept:6 android.window.SurfaceSyncer.lambda$setupSync$1$android-window-SurfaceSyncer:128 android.window.SurfaceSyncer$$ExternalSyntheticLambda1.accept:8 android.window.SurfaceSyncer$SyncSet.checkIfSyncIsComplete:382 android.window.SurfaceSyncer$SyncSet.markSyncReady:359 android.window.SurfaceSyncer.markSyncReady:151 android.view.ViewRootImpl.performTraversals:4503 
04-06 02:23:10.538 15619 15619 I ViewRootImpl@73623ee[MainActivity]: reportDrawFinished seqId=0 mSyncId=-1 fn=2 mSurfaceChangedTransaction=0xb4000070a6e26f00
04-06 02:23:10.538 15619 15619 I ViewRootImpl@8125395[PopupWindow:b19674c]: reportDrawFinished seqId=0 mSyncId=-1 fn=1 mSurfaceChangedTransaction=0xb4000070a6fcaf00
04-06 02:23:10.538 15619 15619 I ViewRootImpl@73623ee[MainActivity]: MSG_WINDOW_FOCUS_CHANGED 1 0
04-06 02:23:10.538 15619 15619 I ViewRootImpl@73623ee[MainActivity]: mThreadedRenderer.initializeIfNeeded()#2 mSurface={isValid=true 0xb4000070a7106000}
04-06 02:23:10.539 15619 15619 W unknown:BridgelessReact: ReactHost{0}.raiseSoftException(onWindowFocusChange(hasFocus = "true")): Tried to access onWindowFocusChange while context is not ready
04-06 02:23:10.539 15619 15619 E unknown:ReactHost: Unhandled SoftException
04-06 02:23:10.539 15619 15619 E unknown:ReactHost: com.facebook.react.bridge.ReactNoCrashSoftException: raiseSoftException(onWindowFocusChange(hasFocus = "true")): Tried to access onWindowFocusChange while context is not ready
04-06 02:23:10.539 15619 15619 E unknown:ReactHost: 	at com.facebook.react.runtime.ReactHostImpl.raiseSoftException(ReactHostImpl.kt:861)
04-06 02:23:10.539 15619 15619 E unknown:ReactHost: 	at com.facebook.react.runtime.ReactHostImpl.raiseSoftException$default(ReactHostImpl.kt:852)
04-06 02:23:10.539 15619 15619 E unknown:ReactHost: 	at com.facebook.react.runtime.ReactHostImpl.onWindowFocusChange(ReactHostImpl.kt:625)
04-06 02:23:10.539 15619 15619 E unknown:ReactHost: 	at com.facebook.react.ReactDelegate.onWindowFocusChanged(ReactDelegate.kt:232)
04-06 02:23:10.539 15619 15619 E unknown:ReactHost: 	at com.facebook.react.ReactActivityDelegate.onWindowFocusChanged(ReactActivityDelegate.java:237)
04-06 02:23:10.539 15619 15619 E unknown:ReactHost: 	at expo.modules.ReactActivityDelegateWrapper$onWindowFocusChanged$1.invokeSuspend(ReactActivityDelegateWrapper.kt:320)
04-06 02:23:10.539 15619 15619 E unknown:ReactHost: 	at expo.modules.ReactActivityDelegateWrapper$onWindowFocusChanged$1.invoke(Unknown Source:8)
04-06 02:23:10.539 15619 15619 E unknown:ReactHost: 	at expo.modules.ReactActivityDelegateWrapper$onWindowFocusChanged$1.invoke(Unknown Source:4)
04-06 02:23:10.539 15619 15619 E unknown:ReactHost: 	at expo.modules.ReactActivityDelegateWrapper$launchLifecycleScopeWithLock$1.invokeSuspend(ReactActivityDelegateWrapper.kt:452)
04-06 02:23:10.539 15619 15619 E unknown:ReactHost: 	at kotlin.coroutines.jvm.internal.BaseContinuationImpl.resumeWith(ContinuationImpl.kt:33)
04-06 02:23:10.539 15619 15619 E unknown:ReactHost: 	at kotlinx.coroutines.internal.DispatchedContinuationKt.resumeCancellableWith(DispatchedContinuation.kt:375)
04-06 02:23:10.539 15619 15619 E unknown:ReactHost: 	at kotlinx.coroutines.intrinsics.CancellableKt.startCoroutineCancellable(Cancellable.kt:26)
04-06 02:23:10.539 15619 15619 E unknown:ReactHost: 	at kotlinx.coroutines.CoroutineStart.invoke(CoroutineStart.kt:358)
04-06 02:23:10.539 15619 15619 E unknown:ReactHost: 	at kotlinx.coroutines.AbstractCoroutine.start(AbstractCoroutine.kt:134)
04-06 02:23:10.539 15619 15619 E unknown:ReactHost: 	at kotlinx.coroutines.BuildersKt__Builders_commonKt.launch(Builders.common.kt:53)
04-06 02:23:10.539 15619 15619 E unknown:ReactHost: 	at kotlinx.coroutines.BuildersKt.launch(Unknown Source:1)
04-06 02:23:10.539 15619 15619 E unknown:ReactHost: 	at kotlinx.coroutines.BuildersKt__Builders_commonKt.launch$default(Builders.common.kt:44)
04-06 02:23:10.539 15619 15619 E unknown:ReactHost: 	at kotlinx.coroutines.BuildersKt.launch$default(Unknown Source:1)
04-06 02:23:10.539 15619 15619 E unknown:ReactHost: 	at expo.modules.ReactActivityDelegateWrapper.launchLifecycleScopeWithLock(ReactActivityDelegateWrapper.kt:450)
04-06 02:23:10.539 15619 15619 E unknown:ReactHost: 	at expo.modules.ReactActivityDelegateWrapper.launchLifecycleScopeWithLock$default(ReactActivityDelegateWrapper.kt:446)
04-06 02:23:10.539 15619 15619 E unknown:ReactHost: 	at expo.modules.ReactActivityDelegateWrapper.onWindowFocusChanged(ReactActivityDelegateWrapper.kt:318)
04-06 02:23:10.539 15619 15619 E unknown:ReactHost: 	at com.facebook.react.ReactActivity.onWindowFocusChanged(ReactActivity.java:158)
04-06 02:23:10.539 15619 15619 E unknown:ReactHost: 	at androidx.appcompat.view.WindowCallbackWrapper.onWindowFocusChanged(WindowCallbackWrapper.java:124)
04-06 02:23:10.539 15619 15619 E unknown:ReactHost: 	at com.android.internal.policy.DecorView.onWindowFocusChanged(DecorView.java:2710)
04-06 02:23:10.539 15619 15619 E unknown:ReactHost: 	at android.view.View.dispatchWindowFocusChanged(View.java:15817)
04-06 02:23:10.539 15619 15619 E unknown:ReactHost: 	at android.view.ViewGroup.dispatchWindowFocusChanged(ViewGroup.java:1512)
04-06 02:23:10.539 15619 15619 E unknown:ReactHost: 	at android.view.ViewRootImpl.handleWindowFocusChanged(ViewRootImpl.java:4678)
04-06 02:23:10.539 15619 15619 E unknown:ReactHost: 	at android.view.ViewRootImpl.-$$Nest$mhandleWindowFocusChanged(Unknown Source:0)
04-06 02:23:10.539 15619 15619 E unknown:ReactHost: 	at android.view.ViewRootImpl$ViewRootHandler.handleMessageImpl(ViewRootImpl.java:6788)
04-06 02:23:10.539 15619 15619 E unknown:ReactHost: 	at android.view.ViewRootImpl$ViewRootHandler.handleMessage(ViewRootImpl.java:6697)
04-06 02:23:10.539 15619 15619 E unknown:ReactHost: 	at android.os.Handler.dispatchMessage(Handler.java:106)
04-06 02:23:10.539 15619 15619 E unknown:ReactHost: 	at android.os.Looper.loopOnce(Looper.java:226)
04-06 02:23:10.539 15619 15619 E unknown:ReactHost: 	at android.os.Looper.loop(Looper.java:313)
04-06 02:23:10.539 15619 15619 E unknown:ReactHost: 	at android.app.ActivityThread.main(ActivityThread.java:8762)
04-06 02:23:10.539 15619 15619 E unknown:ReactHost: 	at java.lang.reflect.Method.invoke(Native Method)
04-06 02:23:10.539 15619 15619 E unknown:ReactHost: 	at com.android.internal.os.RuntimeInit$MethodAndArgsCaller.run(RuntimeInit.java:604)
04-06 02:23:10.539 15619 15619 E unknown:ReactHost: 	at com.android.internal.os.ZygoteInit.main(ZygoteInit.java:1067)
04-06 02:23:10.540 15619 15619 D InputMethodManager: startInputInner - Id : 0
04-06 02:23:10.540 15619 15619 I InputMethodManager: startInputInner - mService.startInputOrWindowGainedFocus
04-06 02:23:10.543 15619 15619 I ViewRootImpl@8125395[PopupWindow:b19674c]: handleResized, msg = 5 frames=ClientWindowFrames{frame=[0,88][1080,167] display=[0,88][1080,2256] parentFrame=[0,0][0,0] parentClippedByDisplayCutout=false} forceNextWindowRelayout=false displayId=0 resizeMode=-1 frameChanged=false displayFrameChanged=false configChanged=false displayChanged=false
04-06 02:23:10.543 15619 15619 I ViewRootImpl@8125395[PopupWindow:b19674c]: handleResized mSyncSeqId = 0
04-06 02:23:10.543 15619 15619 I ViewRootImpl@8125395[PopupWindow:b19674c]: reportNextDraw android.view.ViewRootImpl.handleResized:2450 android.view.ViewRootImpl.-$$Nest$mhandleResized:0 android.view.ViewRootImpl$ViewRootHandler.handleMessageImpl:6728 android.view.ViewRootImpl$ViewRootHandler.handleMessage:6697 android.os.Handler.dispatchMessage:106 
04-06 02:23:10.544 15619 15619 D InputMethodManager: startInputInner - Id : 0
04-06 02:23:10.549 15619 15619 I ViewRootImpl@8125395[PopupWindow:b19674c]: Setup new sync id=1
04-06 02:23:10.549 15619 15619 I ViewRootImpl@8125395[PopupWindow:b19674c]: Setting syncFrameCallback
04-06 02:23:10.549 15619 15619 I ViewRootImpl@8125395[PopupWindow:b19674c]: registerCallbacksForSync syncBuffer=false
04-06 02:23:10.550 15619 15714 I ViewRootImpl@8125395[PopupWindow:b19674c]: Received frameDrawingCallback syncResult=0 frameNum=3.
04-06 02:23:10.550 15619 15714 I ViewRootImpl@8125395[PopupWindow:b19674c]: Setting up sync and frameCommitCallback
04-06 02:23:10.556 15619 15676 I ViewRootImpl@8125395[PopupWindow:b19674c]: Received frameCommittedCallback lastAttemptedDrawFrameNum=3 didProduceBuffer=true
04-06 02:23:10.556 15619 15619 I ViewRootImpl@8125395[PopupWindow:b19674c]: onSyncComplete
04-06 02:23:10.556 15619 15619 I ViewRootImpl@8125395[PopupWindow:b19674c]: setupSync seqId=0 mSyncId=1 fn=3 caller=android.view.ViewRootImpl$$ExternalSyntheticLambda11.accept:6 android.window.SurfaceSyncer.lambda$setupSync$1$android-window-SurfaceSyncer:128 android.window.SurfaceSyncer$$ExternalSyntheticLambda1.accept:8 android.window.SurfaceSyncer$SyncSet.checkIfSyncIsComplete:382 android.window.SurfaceSyncer$SyncSet.markSyncReady:359 android.window.SurfaceSyncer.markSyncReady:151 android.view.ViewRootImpl.performTraversals:4503 
04-06 02:23:10.557 15619 15619 I ViewRootImpl@8125395[PopupWindow:b19674c]: reportDrawFinished seqId=0 mSyncId=-1 fn=3 mSurfaceChangedTransaction=0xb4000070a6fcaf00
04-06 02:23:10.799 15619 15619 D InsetsController: cancelAnimation of types: 1, animType: 0, host: com.evolucao.app/com.evolucao.app.MainActivity, from:android.view.InsetsController.notifyFinished:1375 android.view.InsetsAnimationThreadControlRunner$1.lambda$notifyFinished$0$android-view-InsetsAnimationThreadControlRunner$1:84 android.view.InsetsAnimationThreadControlRunner$1$$ExternalSyntheticLambda1.run:4 
04-06 02:23:10.799 15619 15619 D InsetsSourceConsumer: ensureControlPosition: Point(0, 0) for ITYPE_STATUS_BAR on com.evolucao.app/com.evolucao.app.MainActivity from android.view.InsetsSourceConsumer.notifyAnimationFinished:419
04-06 02:23:10.814 15619 15710 D Detox.RNMarker: DOWNLOAD_END ({"url":"http:\/\/localhost:8081\/.expo\/.virtual-metro-entry.bundle?platform=android&dev=true&lazy=true&minify=false&app=com.evolucao.app&modulesOnly=false&runModule=true&excludeSource=true&sourcePaths=url-server","filesChangedCount":0})
04-06 02:23:10.814 15619 15710 W unknown:BridgelessReact: ReactHost{0}.loadJSBundleFromMetro(): Creating BundleLoader
04-06 02:23:10.815 15619 15713 I ViewRootImpl@73623ee[MainActivity]: mWNT: t=0xb4000070a0369c00 mBlastBufferQueue=0xb4000070c2c34c00 fn= 3 caller= android.view.SyncRtSurfaceTransactionApplier.applyTransaction:96 android.view.SyncRtSurfaceTransactionApplier.lambda$scheduleApply$0$android-view-SyncRtSurfaceTransactionApplier:69 android.view.SyncRtSurfaceTransactionApplier$$ExternalSyntheticLambda0.onFrameDraw:4 
04-06 02:23:10.816 15619 15706 W unknown:BridgelessReact: ReactHost{0}.getOrCreateReactInstanceTask(): Creating BridgelessReactContext
04-06 02:23:10.817 15619 15706 W unknown:BridgelessReact: ReactHost{0}.getOrCreateReactInstanceTask(): Creating ReactInstance
04-06 02:23:10.821 15619 15676 D OpenGLRenderer: setSurface called with nullptr
04-06 02:23:10.821 15619 15676 D OpenGLRenderer: setSurface() destroyed EGLSurface
04-06 02:23:10.821 15619 15676 D OpenGLRenderer: destroyEglSurface
04-06 02:23:10.822 15619 15619 I ViewRootImpl@8125395[PopupWindow:b19674c]: dispatchDetachedFromWindow
04-06 02:23:10.824 15619 15619 D InputTransport: Input channel destroyed: '8f37a38', fd=121
04-06 02:23:10.827 15619 15710 D TrafficStats: tagSocket(132) with statsTag=0xffffffff, statsUid=-1
04-06 02:23:10.829 15619 15706 D jni_lib_merge: Entering merged library JNI_OnLoad.
04-06 02:23:10.829 15619 15706 D jni_lib_merge: Preparing 4 pre-merged libs (including stub)
04-06 02:23:10.829 15619 15706 D jni_lib_merge: Preparing to register libhermes_executor_so.  onload_func: 0x702912ffa4
04-06 02:23:10.829 15619 15706 D jni_lib_merge: Preparing to register libhermesinstancejni_so.  onload_func: 0x70291698b4
04-06 02:23:10.829 15619 15706 D jni_lib_merge: Preparing to register libjsijniprofiler_so.  onload_func: 0x702916b8f8
04-06 02:23:10.829 15619 15706 D jni_lib_merge: About to register 3 actual methods.
04-06 02:23:10.928 15619 15706 I ExpoModulesCore: ✅ AppContext was initialized
04-06 02:23:10.956 15619 15706 W unknown:BridgelessReact: ReactHost{0}.getOrCreateReactInstanceTask(): Loading JS Bundle
04-06 02:23:10.957 15619 15706 W unknown:BridgelessReact: ReactHost{0}.getOrCreateReactInstanceTask(): DevSupportManager.onNewReactContextCreated()
04-06 02:23:10.957 15619 15723 D Detox.RNMarker: RUN_JS_BUNDLE_START (/.virtual-metro-entry.bundle?platform=android&dev=true&lazy=true&minify=false&app=com.evolucao.app&modulesOnly=false&runModule=true&excludeSource=true&sourcePaths=url-server)
04-06 02:23:10.960 15619 15619 W unknown:ReactNative: Packager connection already open, nooping.
04-06 02:23:10.962 15619 15619 W unknown:BridgelessReact: ReactHost{0}.ReactContext.onHostResume()
04-06 02:23:10.964 15619 15706 W unknown:BridgelessReact: ReactHost{0}.startSurface(surfaceId = 0): Execute
04-06 02:23:10.971 15619 15619 W unknown:BridgelessReact: ReactHost{0}.getOrCreateReactInstanceTask(): Executing ReactInstanceEventListeners
04-06 02:23:10.971 15619 15619 I DetoxRNLoading: Got new RN-context through listener
04-06 02:23:10.972 15619 15655 I DetoxRNIdleRes: Setting up Espresso Idling Resources for React Native
04-06 02:23:10.980 15619 15619 D DetoxRNHelpers: Native RN module resolution (class com.reactnativecommunity.asyncstorage.AsyncStorageModule): no registered module found
04-06 02:23:10.980 15619 15655 D IdlingRegistry: Registering idling resources: [com.wix.detox.reactnative.idlingresources.uimodule.fabric.FabricUIManagerIdlingResources@a29e7fb]
04-06 02:23:10.980 15619 15655 D IdlingRegistry: Registering idling resources: [com.wix.detox.reactnative.idlingresources.animations.AnimatedModuleIdlingResource@fa87018]
04-06 02:23:10.981 15619 15655 D IdlingRegistry: Registering idling resources: [com.wix.detox.reactnative.idlingresources.timers.FabricTimersIdlingResource@76f3a71]
04-06 02:23:10.981 15619 15655 D IdlingRegistry: Registering idling resources: [com.wix.detox.reactnative.idlingresources.network.NetworkIdlingResource@2908056]
04-06 02:23:10.981 15619 15655 D IdlingRegistry: Registering idling resources: [com.wix.detox.reactnative.idlingresources.StabilizedIdlingResource@72508d7]
04-06 02:23:10.987 15619 15724 W om.evolucao.app: Accessing hidden method Landroid/os/MessageQueue;->next()Landroid/os/Message; (unsupported, reflection, allowed)
04-06 02:23:10.987 15619 15724 W om.evolucao.app: Accessing hidden field Landroid/os/MessageQueue;->mMessages:Landroid/os/Message; (unsupported, reflection, allowed)
04-06 02:23:10.987 15619 15724 W om.evolucao.app: Accessing hidden method Landroid/os/Message;->recycleUnchecked()V (unsupported, reflection, allowed)
04-06 02:23:11.135 15619 15619 D DetoxRNHelpers: Native RN module resolution (class com.reactnativecommunity.asyncstorage.AsyncStorageModule): no registered module found
04-06 02:23:11.136 15619 15657 W om.evolucao.app: Long monitor contention with owner Instr: androidx.test.runner.AndroidJUnitRunner (15655) at void com.wix.detox.DetoxMain.launchActivityOnCue(android.content.Context, com.wix.detox.ActivityLaunchHelper)(DetoxMain.kt:53) waiters=0 in void com.wix.detox.DetoxMain$setupActionHandlers$SynchronizedActionHandler.handle(java.lang.String, long) for 870ms
04-06 02:23:11.207 15619 15724 I WebViewFactory: Loading com.google.android.webview version 146.0.7680.164 (code 768016403)
04-06 02:23:11.209 15619 15724 D ApplicationLoaders: Returning zygote-cached class loader: /system/framework/android.test.base.jar
04-06 02:23:11.210 15619 15724 D nativeloader: Configuring classloader-namespace for other apk /data/app/~~23ppwVuk64Fm9vdWCRWMMw==/com.google.android.webview-FPIphznatdLDx2VBYoD68A==/base.apk. target_sdk_version=36, uses_libraries=, library_path=/data/app/~~23ppwVuk64Fm9vdWCRWMMw==/com.google.android.webview-FPIphznatdLDx2VBYoD68A==/lib/arm64:/data/app/~~23ppwVuk64Fm9vdWCRWMMw==/com.google.android.webview-FPIphznatdLDx2VBYoD68A==/base.apk!/lib/arm64-v8a, permitted_path=/data:/mnt/expand
04-06 02:23:11.222 15619 15724 I cr_WVCFactoryProvider: version=146.0.7680.164 (768016403) minSdkVersion=29 multiprocess=true packageId=127 splits=<none>
04-06 02:23:11.227 15619 15741 I chromium: [0406/022311.227420:INFO:android_webview/browser/variations/variations_seed_loader.cc:67] Failed to open file for reading.: No such file or directory (2)
04-06 02:23:11.227 15619 15741 I chromium: [0406/022311.227583:INFO:android_webview/browser/variations/variations_seed_loader.cc:67] Failed to open file for reading.: No such file or directory (2)
04-06 02:23:11.232 15619 15724 I cr_LibraryLoader: Successfully loaded native library
04-06 02:23:11.232 15619 15724 I cr_CachingUmaRecorder: Flushed 16 samples from 16 histograms, 0 samples were dropped.
04-06 02:23:11.242 15619 15744 D TrafficStats: tagSocket(147) with statsTag=0xffffffff, statsUid=-1
04-06 02:23:11.244 15619 15744 D TrafficStats: tagSocket(147) with statsTag=0xffffffff, statsUid=-1
04-06 02:23:11.256 15619 15723 W BridgelessReactContext: [WARNING] Bridgeless doesn't support CatalystInstance. Accessing an API that's not part of the new architecture is not encouraged usage.
04-06 02:23:11.263 15619 15723 I ExpoModulesCore: ✅ JSI interop was installed
04-06 02:23:11.268 15619 15723 I ExpoModulesCore: ✅ Constants were exported
04-06 02:23:11.313 15619 15723 W unknown:ViewManagerPropertyUpdater: Could not find generated setter for class com.th3rdwave.safeareacontext.SafeAreaProviderManager
04-06 02:23:11.316 15619 15723 W unknown:ViewManagerPropertyUpdater: Could not find generated setter for class com.facebook.react.uimanager.LayoutShadowNode
04-06 02:23:11.317 15619 15723 W unknown:ViewManagerPropertyUpdater: Could not find generated setter for class com.swmansion.rnscreens.SearchBarManager
04-06 02:23:11.318 15619 15723 W unknown:ViewManagerPropertyUpdater: Could not find generated setter for class com.swmansion.rnscreens.ScreenFooterManager
04-06 02:23:11.319 15619 15723 W unknown:ViewManagerPropertyUpdater: Could not find generated setter for class com.swmansion.rnscreens.gamma.tabs.TabScreenViewManager
04-06 02:23:11.320 15619 15723 W unknown:ViewManagerPropertyUpdater: Could not find generated setter for class expo.modules.kotlin.views.GroupViewManagerWrapper
04-06 02:23:11.321 15619 15723 W unknown:ViewManagerPropertyUpdater: Could not find generated setter for class com.swmansion.rnscreens.ScreenContainerViewManager
04-06 02:23:11.321 15619 15723 W unknown:ViewManagerPropertyUpdater: Could not find generated setter for class com.swmansion.rnscreens.gamma.tabs.TabsHostViewManager
04-06 02:23:11.322 15619 15723 W unknown:ViewManagerPropertyUpdater: Could not find generated setter for class com.swmansion.rnscreens.ModalScreenViewManager
04-06 02:23:11.323 15619 15723 W unknown:ViewManagerPropertyUpdater: Could not find generated setter for class com.swmansion.rnscreens.ScreenStackHeaderConfigViewManager
04-06 02:23:11.324 15619 15723 W unknown:ViewManagerPropertyUpdater: Could not find generated setter for class com.swmansion.rnscreens.ScreenContentWrapperManager
04-06 02:23:11.324 15619 15723 W unknown:ViewManagerPropertyUpdater: Could not find generated setter for class com.th3rdwave.safeareacontext.SafeAreaViewManager
04-06 02:23:11.326 15619 15723 W unknown:ViewManagerPropertyUpdater: Could not find generated setter for class com.th3rdwave.safeareacontext.SafeAreaViewShadowNode
04-06 02:23:11.326 15619 15723 W unknown:ViewManagerPropertyUpdater: Could not find generated setter for class com.swmansion.rnscreens.safearea.SafeAreaViewManager
04-06 02:23:11.327 15619 15723 W unknown:ViewManagerPropertyUpdater: Could not find generated setter for class com.swmansion.rnscreens.safearea.paper.SafeAreaViewShadowNode
04-06 02:23:11.327 15619 15723 W unknown:ViewManagerPropertyUpdater: Could not find generated setter for class com.swmansion.rnscreens.ScreenViewManager
04-06 02:23:11.327 15619 15723 W unknown:ViewManagerPropertyUpdater: Could not find generated setter for class com.swmansion.rnscreens.gamma.stack.host.StackHostViewManager
04-06 02:23:11.328 15619 15723 W unknown:ViewManagerPropertyUpdater: Could not find generated setter for class com.swmansion.rnscreens.ScreenStackHeaderSubviewManager
04-06 02:23:11.328 15619 15723 W unknown:ViewManagerPropertyUpdater: Could not find generated setter for class com.swmansion.rnscreens.gamma.stack.screen.StackScreenViewManager
04-06 02:23:11.329 15619 15723 W unknown:ViewManagerPropertyUpdater: Could not find generated setter for class com.swmansion.rnscreens.ScreenStackViewManager
04-06 02:23:11.404 15619 15723 W unknown:ViewManagerPropertyUpdater: Could not find generated setter for class com.facebook.react.views.debuggingoverlay.DebuggingOverlayManager
04-06 02:23:11.408 15619 15723 W unknown:ViewManagerPropertyUpdater: Could not find generated setter for class com.swmansion.gesturehandler.react.RNGestureHandlerButtonViewManager
04-06 02:23:11.415 15619 15723 W unknown:ViewManagerPropertyUpdater: Could not find generated setter for class com.facebook.react.views.safeareaview.ReactSafeAreaViewManager
04-06 02:23:11.419 15619 15723 W unknown:ViewManagerPropertyUpdater: Could not find generated setter for class com.facebook.react.views.modal.ReactModalHostManager
04-06 02:23:11.424 15619 15723 W unknown:ViewManagerPropertyUpdater: Could not find generated setter for class com.facebook.react.views.text.frescosupport.FrescoBasedReactTextInlineImageViewManager
04-06 02:23:11.424 15619 15723 W unknown:ViewManagerPropertyUpdater: Could not find generated setter for class com.facebook.react.views.text.frescosupport.FrescoBasedReactTextInlineImageShadowNode
04-06 02:23:11.429 15619 15723 W unknown:ViewManagerPropertyUpdater: Could not find generated setter for class com.facebook.react.views.progressbar.ReactProgressBarViewManager
04-06 02:23:11.430 15619 15723 W unknown:ViewManagerPropertyUpdater: Could not find generated setter for class com.facebook.react.views.progressbar.ProgressBarShadowNode
04-06 02:23:11.435 15619 15723 W unknown:ViewManagerPropertyUpdater: Could not find generated setter for class com.facebook.react.views.scroll.ReactHorizontalScrollViewManager
04-06 02:23:11.441 15619 15723 W unknown:ViewManagerPropertyUpdater: Could not find generated setter for class com.facebook.react.views.image.ReactImageManager
04-06 02:23:11.447 15619 15723 W unknown:ViewManagerPropertyUpdater: Could not find generated setter for class com.facebook.react.views.text.ReactTextViewManager
04-06 02:23:11.448 15619 15723 W unknown:ViewManagerPropertyUpdater: Could not find generated setter for class com.facebook.react.views.text.ReactTextShadowNode
04-06 02:23:11.454 15619 15723 W unknown:ViewManagerPropertyUpdater: Could not find generated setter for class com.facebook.react.views.scroll.ReactHorizontalScrollContainerViewManager
04-06 02:23:11.459 15619 15723 W unknown:ViewManagerPropertyUpdater: Could not find generated setter for class com.facebook.react.views.unimplementedview.ReactUnimplementedViewManager
04-06 02:23:11.465 15619 15723 W unknown:ViewManagerPropertyUpdater: Could not find generated setter for class com.facebook.react.views.scroll.ReactScrollViewManager
04-06 02:23:11.470 15619 15723 W unknown:ViewManagerPropertyUpdater: Could not find generated setter for class com.facebook.react.views.view.ReactViewManager
04-06 02:23:11.476 15619 15723 W unknown:ViewManagerPropertyUpdater: Could not find generated setter for class com.facebook.react.views.drawer.ReactDrawerLayoutManager
04-06 02:23:11.482 15619 15723 W unknown:ViewManagerPropertyUpdater: Could not find generated setter for class com.facebook.react.views.switchview.ReactSwitchManager
04-06 02:23:11.482 15619 15723 W unknown:ViewManagerPropertyUpdater: Could not find generated setter for class com.facebook.react.views.switchview.ReactSwitchShadowNode
04-06 02:23:11.487 15619 15723 W unknown:ViewManagerPropertyUpdater: Could not find generated setter for class com.facebook.react.views.swiperefresh.SwipeRefreshLayoutManager
04-06 02:23:11.494 15619 15723 W unknown:ViewManagerPropertyUpdater: Could not find generated setter for class com.facebook.react.views.textinput.ReactTextInputManager
04-06 02:23:11.496 15619 15723 W unknown:ViewManagerPropertyUpdater: Could not find generated setter for class com.facebook.react.views.textinput.ReactTextInputShadowNode
04-06 02:23:11.502 15619 15723 W unknown:ViewManagerPropertyUpdater: Could not find generated setter for class com.swmansion.gesturehandler.react.RNGestureHandlerRootViewManager
04-06 02:23:11.535 15619 15744 D TrafficStats: tagSocket(152) with statsTag=0xffffffff, statsUid=-1
04-06 02:23:11.708 15619 15723 V AsyncStorageExpoMigration: No scoped database found
04-06 02:23:11.887 15619 15723 D Detox.RNMarker: RUN_JS_BUNDLE_END (/.virtual-metro-entry.bundle?platform=android&dev=true&lazy=true&minify=false&app=com.evolucao.app&modulesOnly=false&runModule=true&excludeSource=true&sourcePaths=url-server)
04-06 02:23:11.889 15619 15723 I ReactNativeJS: Running "main" with {"rootTag":1,"initialProps":{},"fabric":true}
04-06 02:23:11.967 15619 15748 D TrafficStats: tagSocket(136) with statsTag=0xffffffff, statsUid=-1
04-06 02:23:12.095 15619 15619 I DecorView: notifyKeepScreenOnChanged: keepScreenOn=true
04-06 02:23:12.108 15619 15619 D Detox.RNMarker: CONTENT_APPEARED (main)
04-06 02:23:12.112 15619 15619 I ViewRootImpl@73623ee[MainActivity]: performTraversals params={(0,0)(fillxfill) sim={adjust=resize} layoutInDisplayCutoutMode=always ty=BASE_APPLICATION wanim=0x1030309
04-06 02:23:12.112 15619 15619 I ViewRootImpl@73623ee[MainActivity]:   fl=81810180
04-06 02:23:12.112 15619 15619 I ViewRootImpl@73623ee[MainActivity]:   pfl=16020040
04-06 02:23:12.112 15619 15619 I ViewRootImpl@73623ee[MainActivity]:   vsysui=100
04-06 02:23:12.112 15619 15619 I ViewRootImpl@73623ee[MainActivity]:   bhv=DEFAULT
04-06 02:23:12.112 15619 15619 I ViewRootImpl@73623ee[MainActivity]:   fitSides= naviIconColor=0}
04-06 02:23:12.113 15619 15619 I ViewRootImpl@73623ee[MainActivity]: performTraversals mFirst=false windowShouldResize=false viewVisibilityChanged=false mForceNextWindowRelayout=false params={(0,0)(fillxfill) sim={adjust=resize} layoutInDisplayCutoutMode=always ty=BASE_APPLICATION wanim=0x1030309
04-06 02:23:12.113 15619 15619 I ViewRootImpl@73623ee[MainActivity]:   fl=81810180
04-06 02:23:12.113 15619 15619 I ViewRootImpl@73623ee[MainActivity]:   pfl=16020040
04-06 02:23:12.113 15619 15619 I ViewRootImpl@73623ee[MainActivity]:   vsysui=100
04-06 02:23:12.113 15619 15619 I ViewRootImpl@73623ee[MainActivity]:   bhv=DEFAULT
04-06 02:23:12.113 15619 15619 I ViewRootImpl@73623ee[MainActivity]:   fitSides= naviIconColor=0}
04-06 02:23:12.121 15619 15723 D Detox.RNMarker: REACT_BRIDGELESS_LOADING_END (null)
04-06 02:23:12.122 15619 15619 I ViewRootImpl@73623ee[MainActivity]: updateBlastSurfaceIfNeeded mBlastBufferQueue=0xb4000070c2c34c00 isSameSurfaceControl=true
04-06 02:23:12.122 15619 15619 I BLASTBufferQueue: update, w= 1080 h= 2400 mName = ViewRootImpl@73623ee[MainActivity] mNativeObject= 0xb4000070c2c34c00 sc.mNativeObject= 0xb4000070a0cd40e0 format= -1 caller= android.view.ViewRootImpl.updateBlastSurfaceIfNeeded:2898 android.view.ViewRootImpl.relayoutWindow:9847 android.view.ViewRootImpl.performTraversals:3884 android.view.ViewRootImpl.doTraversal:3116 android.view.ViewRootImpl$TraversalRunnable.run:10885 android.view.Choreographer$CallbackRecord.run:1301 
04-06 02:23:12.122 15619 15619 I ViewRootImpl@73623ee[MainActivity]: Relayout returned: old=(0,0,1080,2400) new=(0,0,1080,2400) req=(1080,2400)0 dur=8 res=0x0 s={true 0xb4000070a7106000} ch=false seqId=0
04-06 02:23:12.131 15619 15723 I ReactNativeJS: '[ANALYTICS]', 'app_opened', { event: 'app_opened',
04-06 02:23:12.131 15619 15723 I ReactNativeJS:   eventId: '1775452992125_fdd6a49968e03',
04-06 02:23:12.131 15619 15723 I ReactNativeJS:   appVersion: '1.0.0',
04-06 02:23:12.131 15619 15723 I ReactNativeJS:   category: 'engagement',
04-06 02:23:12.131 15619 15723 I ReactNativeJS:   userId: 'anonymous',
04-06 02:23:12.131 15619 15723 I ReactNativeJS:   timestamp: 1775452992125,
04-06 02:23:12.131 15619 15723 I ReactNativeJS:   timestampIso: '2026-04-06T05:23:12.125Z',
04-06 02:23:12.131 15619 15723 I ReactNativeJS:   screen: 'App',
04-06 02:23:12.131 15619 15723 I ReactNativeJS:   sessionId: 'session-1775452992110-a48c4ab4946e8',
04-06 02:23:12.131 15619 15723 I ReactNativeJS:   flowId: 'session-1775452992110-a48c4ab4946e8',
04-06 02:23:12.131 15619 15723 I ReactNativeJS:   meta: 
04-06 02:23:12.131 15619 15723 I ReactNativeJS:    { domain: 'engagement',
04-06 02:23:12.131 15619 15723 I ReactNativeJS:      version: 1,
04-06 02:23:12.131 15619 15723 I ReactNativeJS:      dayKey: '2026-04-06',
04-06 02:23:12.131 15619 15723 I ReactNativeJS:      isFirstOpenOfDay: true,
04-06 02:23:12.131 15619 15723 I ReactNativeJS:      category: 'engagement' } }
04-06 02:23:12.351 15619 15619 D CompatibilityChangeReporter: Compat change id reported: 171228096; UID 10389; state: ENABLED
04-06 02:23:12.352 15619 15619 D ScrollView: initGoToTop
04-06 02:23:12.353 15619 15619 W om.evolucao.app: Accessing hidden field Landroid/widget/ScrollView;->mScroller:Landroid/widget/OverScroller; (unsupported, reflection, allowed)
04-06 02:23:12.356 15619 15627 I om.evolucao.app: Compiler allocated 4177KB to compile void android.widget.TextView.<init>(android.content.Context, android.util.AttributeSet, int, int)
04-06 02:23:12.366 15619 15619 W [RNScreens]: backTitleFontFamily prop is not available on Android
04-06 02:23:12.366 15619 15619 W [RNScreens]: disableBackButtonMenu prop is not available on Android
04-06 02:23:12.366 15619 15619 W [RNScreens]: backTitleVisible prop is not available on Android
04-06 02:23:12.366 15619 15619 W [RNScreens]: topInsetEnabled prop is not available on Android
04-06 02:23:12.366 15619 15619 W [RNScreens]: largeTitleHideShadow prop is not available on Android
04-06 02:23:12.366 15619 15619 W [RNScreens]: largeTitleFontWeight prop is not available on Android
04-06 02:23:12.366 15619 15619 W [RNScreens]: userInterfaceStyle prop is not available on Android
04-06 02:23:12.366 15619 15619 W [RNScreens]: largeTitleFontFamily prop is not available on Android
04-06 02:23:12.414 15619 15676 D OpenGLRenderer: setSurface called with nullptr
04-06 02:23:12.504 15619 15619 W UiControllerImpl: Waiting for: DYNAMIC_TASKS_HAVE_IDLED for 200 iterations.
04-06 02:23:14.010 15619 15619 W UiControllerImpl: Waiting for: DYNAMIC_TASKS_HAVE_IDLED for 300 iterations.
04-06 02:23:14.607 15619 15754 D ProfileInstaller: Installing profile for com.evolucao.app
04-06 02:23:15.511 15619 15619 W UiControllerImpl: Waiting for: DYNAMIC_TASKS_HAVE_IDLED for 400 iterations.
04-06 02:23:16.148 15619 15619 I Detox   : Wait is over: App is now idle!
04-06 02:23:16.149 15619 15657 I DetoxWSClient: Sending out action 'ready' (ID #-1000)
04-06 02:23:16.150 15619 15657 I DetoxDispatcher: Done with action 'isReady'
04-06 02:23:16.158 15619 15661 D DetoxWSClient: Received action 'invoke' (ID #1, params={"target":{"type":"Class","value":"com.wix.detox.espresso.EspressoDetox"},"method":"setSynchronization","args":[{"type":"boolean","value":false}]})
04-06 02:23:16.159 15619 15657 I DetoxDispatcher: Handling action 'invoke' (ID #1)...
04-06 02:23:16.176 15619 15657 D Detox   : class com.wix.detox.espresso.EspressoDetox, setSynchronization, [false]
04-06 02:23:16.193 15619 15657 D IdlingRegistry: Unregistering idling resources: [com.wix.detox.reactnative.idlingresources.timers.FabricTimersIdlingResource@76f3a71]
04-06 02:23:16.195 15619 15657 D IdlingRegistry: Unregistering idling resources: [com.wix.detox.reactnative.idlingresources.StabilizedIdlingResource@72508d7]
04-06 02:23:16.195 15619 15657 D IdlingRegistry: Unregistering idling resources: [com.wix.detox.reactnative.idlingresources.uimodule.fabric.FabricUIManagerIdlingResources@a29e7fb]
04-06 02:23:16.195 15619 15657 D IdlingRegistry: Unregistering idling resources: [com.wix.detox.reactnative.idlingresources.animations.AnimatedModuleIdlingResource@fa87018]
04-06 02:23:16.195 15619 15657 D IdlingRegistry: Unregistering idling resources: [com.wix.detox.reactnative.idlingresources.network.NetworkIdlingResource@2908056]
04-06 02:23:16.197 15619 15657 I DetoxWSClient: Sending out action 'invokeResult' (ID #1)
04-06 02:23:16.197 15619 15657 I DetoxDispatcher: Done with action 'invoke'
04-06 02:23:16.204 15619 15661 D DetoxWSClient: Received action 'invoke' (ID #2, params={"target":{"type":"Class","value":"com.wix.detox.espresso.DetoxAssertion"},"method":"waitForAssertMatcher","args":[{"type":"Invocation","value":{"target":{"type":"Class","value":"androidx.test.espresso.Espresso"},"method":"onView","args":[{"type":"Invocation","value":{"target":{"type":"Class","value":"com.wix.detox.espresso.DetoxMatcher"},"method":"matcherForText","args":["Questionario Inteligente",{"type":"boolean","value":false}]}}]}},{"type":"Invocation","value":{"target":{"type":"Class","value":"com.wix.detox.espresso.DetoxMatcher"},"method":"matcherForSufficientlyVisible","args":[{"type":"Integer","value":75}]}},{"type":"Double","value":4}]})
04-06 02:23:16.205 15619 15657 I DetoxDispatcher: Handling action 'invoke' (ID #2)...
04-06 02:23:16.206 15619 15657 D Detox   : class com.wix.detox.espresso.DetoxMatcher, matcherForText, [Questionario Inteligente, false]
04-06 02:23:16.208 15619 15657 D Detox   : class androidx.test.espresso.Espresso, onView, [(an instance of android.widget.TextView and view.getText() with or without transformation to match: is "Questionario Inteligente" and view has effective visibility <VISIBLE>)]
04-06 02:23:16.209 15619 15657 D Detox   : class com.wix.detox.espresso.DetoxMatcher, matcherForSufficientlyVisible, [75]
04-06 02:23:16.211 15619 15657 D Detox   : class com.wix.detox.espresso.DetoxAssertion, waitForAssertMatcher, [androidx.test.espresso.ViewInteraction@568c297, (view has effective visibility <VISIBLE> and view.getGlobalVisibleRect() covers at least <75> percent of the view's area), 4.0]
04-06 02:23:16.230 15619 15619 I ViewInteraction: Checking 'MatchesViewAssertion(Detox){viewMatcher=(view has effective visibility <VISIBLE> and view.getGlobalVisibleRect() covers at least <75> percent of the view's area)}' assertion on view (an instance of android.widget.TextView and view.getText() with or without transformation to match: is "Questionario Inteligente" and view has effective visibility <VISIBLE>)
04-06 02:23:16.236 15619 15657 I DetoxWSClient: Sending out action 'invokeResult' (ID #2)
04-06 02:23:16.237 15619 15657 I DetoxDispatcher: Done with action 'invoke'
04-06 02:23:16.241 15619 15661 D DetoxWSClient: Received action 'invoke' (ID #3, params={"target":{"type":"Class","value":"com.wix.detox.espresso.DetoxAssertion"},"method":"waitForAssertMatcher","args":[{"type":"Invocation","value":{"target":{"type":"Class","value":"androidx.test.espresso.Espresso"},"method":"onView","args":[{"type":"Invocation","value":{"target":{"type":"Class","value":"com.wix.detox.espresso.DetoxMatcher"},"method":"matcherForTestId","args":["input-peso",{"type":"boolean","value":false}]}}]}},{"type":"Invocation","value":{"target":{"type":"Class","value":"com.wix.detox.espresso.DetoxMatcher"},"method":"matcherForSufficientlyVisible","args":[{"type":"Integer","value":75}]}},{"type":"Double","value":5}]})
04-06 02:23:16.242 15619 15657 I DetoxDispatcher: Handling action 'invoke' (ID #3)...
04-06 02:23:16.242 15619 15657 D Detox   : class com.wix.detox.espresso.DetoxMatcher, matcherForTestId, [input-peso, false]
04-06 02:23:16.243 15619 15657 D Detox   : class androidx.test.espresso.Espresso, onView, [(view.getTag() is "input-peso" and view has effective visibility <VISIBLE>)]
04-06 02:23:16.243 15619 15657 D Detox   : class com.wix.detox.espresso.DetoxMatcher, matcherForSufficientlyVisible, [75]
04-06 02:23:16.244 15619 15657 D Detox   : class com.wix.detox.espresso.DetoxAssertion, waitForAssertMatcher, [androidx.test.espresso.ViewInteraction@c6cf133, (view has effective visibility <VISIBLE> and view.getGlobalVisibleRect() covers at least <75> percent of the view's area), 5.0]
04-06 02:23:16.246 15619 15619 I ViewInteraction: Checking 'MatchesViewAssertion(Detox){viewMatcher=(view has effective visibility <VISIBLE> and view.getGlobalVisibleRect() covers at least <75> percent of the view's area)}' assertion on view (view.getTag() is "input-peso" and view has effective visibility <VISIBLE>)
04-06 02:23:16.252 15619 15657 I DetoxWSClient: Sending out action 'invokeResult' (ID #3)
04-06 02:23:16.253 15619 15657 I DetoxDispatcher: Done with action 'invoke'
04-06 02:23:16.258 15619 15661 D DetoxWSClient: Received action 'invoke' (ID #4, params={"target":{"type":"Class","value":"com.wix.detox.espresso.EspressoDetox"},"method":"perform","args":[{"type":"Invocation","value":{"target":{"type":"Class","value":"com.wix.detox.espresso.DetoxMatcher"},"method":"matcherForTestId","args":["input-peso",{"type":"boolean","value":false}]}},{"type":"Invocation","value":{"target":{"type":"Class","value":"com.wix.detox.espresso.DetoxViewActions"},"method":"click","args":[]}}]})
04-06 02:23:16.258 15619 15657 I DetoxDispatcher: Handling action 'invoke' (ID #4)...
04-06 02:23:16.259 15619 15657 D Detox   : class com.wix.detox.espresso.DetoxMatcher, matcherForTestId, [input-peso, false]
04-06 02:23:16.259 15619 15657 D Detox   : class com.wix.detox.espresso.DetoxViewActions, click, []
04-06 02:23:16.261 15619 15657 W om.evolucao.app: Accessing hidden method Landroid/view/ViewConfiguration;->getDoubleTapMinTime()I (unsupported, reflection, allowed)
04-06 02:23:16.262 15619 15657 D Detox   : class com.wix.detox.espresso.EspressoDetox, perform, [(view.getTag() is "input-peso" and view has effective visibility <VISIBLE>), com.wix.detox.espresso.action.RNClickAction@2130513]
04-06 02:23:16.267 15619 15619 I ViewInteraction: Performing 'com.wix.detox.espresso.action.detoxsingletap@d572350 click' action on view (view.getTag() is "input-peso" and view has effective visibility <VISIBLE>)
04-06 02:23:16.275 15619 15755 W om.evolucao.app: Accessing hidden method Landroid/hardware/input/InputManager;->injectInputEvent(Landroid/view/InputEvent;I)Z (unsupported, reflection, allowed)
04-06 02:23:16.277 15619 15619 I ViewRootImpl@73623ee[MainActivity]: ViewPostIme pointer 0
04-06 02:23:16.305 15619 15619 I ViewRootImpl@73623ee[MainActivity]: ViewPostIme pointer 1
04-06 02:23:16.319 15619 15619 D InputMethodManager: startInputInner - Id : 0
04-06 02:23:16.320 15619 15619 I InputMethodManager: startInputInner - mService.startInputOrWindowGainedFocus
04-06 02:23:16.323 15619 15619 D CompatibilityChangeReporter: Compat change id reported: 163400105; UID 10389; state: ENABLED
04-06 02:23:16.323 15619 15619 I IMM_LC  : showSoftInput(View,I)
04-06 02:23:16.323 15619 15619 I IMM_LC  : ssi() - flag : 0 view : com.evolucao.app reason = SHOW_SOFT_INPUT
04-06 02:23:16.340 15619 15619 I AssistStructure: Flattened final assist data: 4024 bytes, containing 1 windows, 24 views
04-06 02:23:16.343 15619 15619 I IMM_LC  : showSoftInput(View,I)
04-06 02:23:16.344 15619 15619 I IMM_LC  : ssi() - flag : 0 view : com.evolucao.app reason = SHOW_SOFT_INPUT
04-06 02:23:16.365 15619 15619 W OnBackInvokedCallback: OnBackInvokedCallback is not enabled for the application.
04-06 02:23:16.365 15619 15619 W OnBackInvokedCallback: Set 'android:enableOnBackInvokedCallback="true"' in the application manifest.
04-06 02:23:16.375 15619 15635 I ViewRootImpl@73623ee[MainActivity]: Resizing android.view.ViewRootImpl@25a16ab: frame = [0,0][1080,2400] reportDraw = false forceLayout = false syncSeqId = 0
04-06 02:23:16.375 15619 15619 D InsetsController: onStateChanged: InsetsState: {mDisplayFrame=Rect(0, 0 - 1080, 2400), mDisplayCutout=DisplayCutout{insets=Rect(0, 88 - 0, 0) waterfall=Insets{left=0, top=0, right=0, bottom=0} boundingRect={Bounds=[Rect(0, 0 - 0, 0), Rect(512, 0 - 568, 88), Rect(0, 0 - 0, 0), Rect(0, 0 - 0, 0)]} cutoutPathParserInfo={CutoutPathParserInfo{displayWidth=1080 displayHeight=2400 physicalDisplayWidth=1080 physicalDisplayHeight=2400 density={3.0} cutoutSpec={M 0,0 M 0,10.71963616907435 a 9.280363830925644,9.280363830925644 0 1,0 0,18.56072766185129 a 9.280363830925644,9.280363830925644 0 1,0 0,-18.56072766185129 Z @dp} rotation={0} scale={1.0} physicalPixelDisplaySizeRatio={1.0}}}}, mRoundedCorners=RoundedCorners{[RoundedCorner{position=TopLeft, radius=96, center=Point(96, 96)}, RoundedCorner{position=TopRight, radius=96, center=Point(984, 96)}, RoundedCorner{position=BottomRight, radius=96, center=Point(984, 2304)}, RoundedCorner{position=BottomLeft, radius=96, center=Point(96, 2304)}]}  mRoundedCornerFrame=Rect(0, 0 - 1080, 2400), mPrivacyIndicatorBounds=PrivacyIndicatorBounds {static bounds=Rect(948, 0 - 1080, 88) rotation=0}, mSources= { InsetsSource: {mType=ITYPE_STATUS_BAR, mFrame=[0,0][1080,88], mVisible=true, mInsetsRoundedCornerFrame=false}, InsetsSource: {mType=ITYPE_NAVIGATION_BAR, mFrame=[0,2256][1080,2400], mVisible=true, mInsetsRoundedCornerFrame=false}, InsetsSource: {mType=ITYPE_LEFT_GESTURES, mFrame=[0,0][0,2400], mVisible=true, mInsetsRoundedCornerFrame=false}, InsetsSource: {mType=ITYPE_RIGHT_GESTURES, mFrame=[1080,0][1080,2400], mVisible=true, mInsetsRoundedCornerFrame=false}, InsetsSource: {mType=ITYPE_TOP_MANDATORY_GESTURES, mFrame=[0,0][1080,124], mVisible=true, mInsetsRoundedCornerFrame=false}, InsetsSource: {mType=ITYPE_BOTTOM_MANDATORY_GESTURES, mFrame=[0,2256][1080,2400], mVisible=true, mInsetsRoundedCornerFrame=false}, InsetsSource: {mType=ITYPE_LEFT_DISPLAY_CUTOUT, mFrame=[0,0][-100000,2400], mVisible=true, mInsetsRoundedCornerFrame=false}, InsetsSource: {mType=ITYPE_TOP_DISPLAY_CUTOUT, mFrame=[0,0][1080,88], mVisible=true, mInsetsRoundedCornerFrame=false}, InsetsSource: {mType=ITYPE_RIGHT_DISPLAY_CUTOUT, mFrame=[100000,0][1080,2400], mVisible=true, mInsetsRoundedCornerFrame=false}, InsetsSource: {mType=ITYPE_BOTTOM_DISPLAY_CUTOUT, mFrame=[0,100000][1080,2400], mVisible=true, mInsetsRoundedCornerFrame=false}, InsetsSource: {mType=ITYPE_TOP_TAPPABLE_ELEMENT, mFrame=[0,0][1080,88], mVisible=true, mInsetsRoundedCornerFrame=false}, InsetsSource: {mType=ITYPE_BOTTOM_TAPPABLE_ELEMENT, mFrame=[0,2256][1080,2400], mVisible=true, mInsetsRoundedCornerFrame=false}, InsetsSource: {mType=ITYPE_IME, mFrame=[0,1374][1080,2400], mVisibleFrame=[0,1374][1080,2400], mVisible=false, mInsetsRoundedCornerFrame=false} } host=com.evolucao.app/com.evolucao.app.MainActivity from=android.view.ViewRootImpl$ViewRootHandler.handleMessageImpl:6727
