04-06 02:17:01.891  4426  4426 D InsetsController: cancelAnimation of types: 8, animType: 1, host: com.evolucao.app/com.evolucao.app.MainActivity, from:android.view.InsetsController.notifyControlRevoked:1410 android.view.InsetsSourceConsumer.setControl:158 android.view.ImeInsetsSourceConsumer.setControl:157 
04-06 02:17:01.896  4426  4426 D InsetsController: Skip notifyFinished if the animation finished but cancel requested.
04-06 02:17:01.947  4426  4426 W RootViewPicker: No activity currently resumed - waiting: 500ms for one to appear.
04-06 02:17:02.206  4426  4426 I ViewRootImpl@349ff1c[MainActivity]: handleAppVisibility mAppVisible = true visible = false
04-06 02:17:02.222  4426  4721 D OpenGLRenderer: setSurface called with nullptr
04-06 02:17:02.222  4426  4721 D OpenGLRenderer: setSurface() destroyed EGLSurface
04-06 02:17:02.222  4426  4721 D OpenGLRenderer: destroyEglSurface
04-06 02:17:02.223  4426  4426 I ViewRootImpl@349ff1c[MainActivity]: performTraversals mFirst=false windowShouldResize=false viewVisibilityChanged=true mForceNextWindowRelayout=false params=null
04-06 02:17:02.227  4426  4426 I ViewRootImpl@349ff1c[MainActivity]: Relayout returned: old=(0,0,1080,2400) new=(0,0,1080,2400) req=(1080,2400)8 dur=2 res=0x2 s={false 0x0} ch=true seqId=0
04-06 02:17:02.228  4426  4426 I ViewRootImpl@349ff1c[MainActivity]: stopped(true) old = false
04-06 02:17:02.228  4426  4426 I ViewRootImpl@349ff1c[MainActivity]: WindowStopped on com.evolucao.app/com.evolucao.app.MainActivity set to true
04-06 02:17:02.230  4426  4426 D LifecycleMonitor: Lifecycle status change: com.evolucao.app.MainActivity@a02a006 in: STOPPED
04-06 02:17:02.233  4426  4426 I MSHandlerLifeCycle: removeMultiSplitHandler: no exist. decor=DecorView@de473f9[MainActivity]
04-06 02:17:02.444  4426  4426 D CompatibilityChangeReporter: Compat change id reported: 150939131; UID 10369; state: ENABLED
04-06 02:17:02.447  4426  4426 W RootViewPicker: No activity currently resumed - waiting: 2000ms for one to appear.
04-06 02:17:02.954  4426  4426 I ViewRootImpl@349ff1c[MainActivity]: handleAppVisibility mAppVisible = false visible = true
04-06 02:17:02.956  4426  4426 I ViewRootImpl@349ff1c[MainActivity]: stopped(false) old = true
04-06 02:17:02.956  4426  4426 I ViewRootImpl@349ff1c[MainActivity]: WindowStopped on com.evolucao.app/com.evolucao.app.MainActivity set to false
04-06 02:17:02.957  4426  4426 D LifecycleMonitor: Lifecycle status change: com.evolucao.app.MainActivity@a02a006 in: RESTARTED
04-06 02:17:02.958  4426  4426 D LifecycleMonitor: Lifecycle status change: com.evolucao.app.MainActivity@a02a006 in: STARTED
04-06 02:17:02.960  4426  4426 I MSHandlerLifeCycle: removeMultiSplitHandler: no exist. decor=DecorView@de473f9[MainActivity]
04-06 02:17:02.961  4426  4426 I ViewRootImpl@349ff1c[MainActivity]: stopped(false) old = false
04-06 02:17:02.961  4426  4426 W unknown:BridgelessReact: ReactHost{0}.onHostResume(activity)
04-06 02:17:02.964  4426  4426 D SensorManager: registerListener :: 11, LSM6DSO Accelerometer, 66667, 0, 
04-06 02:17:02.967  4426  4426 W unknown:BridgelessReact: ReactHost{0}.ReactContext.onHostResume()
04-06 02:17:02.968  4426  4426 D LifecycleMonitor: Lifecycle status change: com.evolucao.app.MainActivity@a02a006 in: RESUMED
04-06 02:17:02.969  4426  4426 I MSHandlerLifeCycle: removeMultiSplitHandler: no exist. decor=DecorView@de473f9[MainActivity]
04-06 02:17:02.971  4426  4426 I ViewRootImpl@349ff1c[MainActivity]: performTraversals mFirst=false windowShouldResize=false viewVisibilityChanged=true mForceNextWindowRelayout=false params=null
04-06 02:17:02.977  4426  4426 D InsetsController: onStateChanged: InsetsState: {mDisplayFrame=Rect(0, 0 - 1080, 2400), mDisplayCutout=DisplayCutout{insets=Rect(0, 88 - 0, 0) waterfall=Insets{left=0, top=0, right=0, bottom=0} boundingRect={Bounds=[Rect(0, 0 - 0, 0), Rect(512, 0 - 568, 88), Rect(0, 0 - 0, 0), Rect(0, 0 - 0, 0)]} cutoutPathParserInfo={CutoutPathParserInfo{displayWidth=1080 displayHeight=2400 physicalDisplayWidth=1080 physicalDisplayHeight=2400 density={3.0} cutoutSpec={M 0,0 M 0,10.71963616907435 a 9.280363830925644,9.280363830925644 0 1,0 0,18.56072766185129 a 9.280363830925644,9.280363830925644 0 1,0 0,-18.56072766185129 Z @dp} rotation={0} scale={1.0} physicalPixelDisplaySizeRatio={1.0}}}}, mRoundedCorners=RoundedCorners{[RoundedCorner{position=TopLeft, radius=96, center=Point(96, 96)}, RoundedCorner{position=TopRight, radius=96, center=Point(984, 96)}, RoundedCorner{position=BottomRight, radius=96, center=Point(984, 2304)}, RoundedCorner{position=BottomLeft, radius=96, center=Point(96, 2304)}]}  mRoundedCornerFrame=Rect(0, 0 - 1080, 2400), mPrivacyIndicatorBounds=PrivacyIndicatorBounds {static bounds=Rect(948, 0 - 1080, 88) rotation=0}, mSources= { InsetsSource: {mType=ITYPE_STATUS_BAR, mFrame=[0,0][1080,88], mVisible=true, mInsetsRoundedCornerFrame=false}, InsetsSource: {mType=ITYPE_NAVIGATION_BAR, mFrame=[0,2256][1080,2400], mVisible=true, mInsetsRoundedCornerFrame=false}, InsetsSource: {mType=ITYPE_LEFT_GESTURES, mFrame=[0,0][0,2400], mVisible=true, mInsetsRoundedCornerFrame=false}, InsetsSource: {mType=ITYPE_RIGHT_GESTURES, mFrame=[1080,0][1080,2400], mVisible=true, mInsetsRoundedCornerFrame=false}, InsetsSource: {mType=ITYPE_TOP_MANDATORY_GESTURES, mFrame=[0,0][1080,124], mVisible=true, mInsetsRoundedCornerFrame=false}, InsetsSource: {mType=ITYPE_BOTTOM_MANDATORY_GESTURES, mFrame=[0,2256][1080,2400], mVisible=true, mInsetsRoundedCornerFrame=false}, InsetsSource: {mType=ITYPE_LEFT_DISPLAY_CUTOUT, mFrame=[0,0][-100000,2400], mVisible=true, mInsetsRoundedCornerFrame=false}, InsetsSource: {mType=ITYPE_TOP_DISPLAY_CUTOUT, mFrame=[0,0][1080,88], mVisible=true, mInsetsRoundedCornerFrame=false}, InsetsSource: {mType=ITYPE_RIGHT_DISPLAY_CUTOUT, mFrame=[100000,0][1080,2400], mVisible=true, mInsetsRoundedCornerFrame=false}, InsetsSource: {mType=ITYPE_BOTTOM_DISPLAY_CUTOUT, mFrame=[0,100000][1080,2400], mVisible=true, mInsetsRoundedCornerFrame=false}, InsetsSource: {mType=ITYPE_TOP_TAPPABLE_ELEMENT, mFrame=[0,0][1080,88], mVisible=true, mInsetsRoundedCornerFrame=false}, InsetsSource: {mType=ITYPE_BOTTOM_TAPPABLE_ELEMENT, mFrame=[0,2256][1080,2400], mVisible=true, mInsetsRoundedCornerFrame=false}, InsetsSource: {mType=ITYPE_IME, mFrame=[0,0][0,0], mVisibleFrame=[0,1374][1080,2400], mVisible=false, mInsetsRoundedCornerFrame=false} } host=com.evolucao.app/com.evolucao.app.MainActivity from=android.view.ViewRootImpl.relayoutWindow:9802
04-06 02:17:02.978  4426  4426 I ViewRootImpl@349ff1c[MainActivity]: updateBlastSurfaceIfNeeded mBlastBufferQueue=null isSameSurfaceControl=false
04-06 02:17:02.979  4426  4426 I BLASTBufferQueue: new BLASTBufferQueue, mName= ViewRootImpl@349ff1c[MainActivity] mNativeObject= 0xb4000070c2c34c00 sc.mNativeObject= 0xb4000070083fe180 caller= android.view.ViewRootImpl.updateBlastSurfaceIfNeeded:2909 android.view.ViewRootImpl.relayoutWindow:9847 android.view.ViewRootImpl.performTraversals:3884 android.view.ViewRootImpl.doTraversal:3116 android.view.ViewRootImpl$TraversalRunnable.run:10885 android.view.Choreographer$CallbackRecord.run:1301 android.view.Choreographer$CallbackRecord.run:1309 android.view.Choreographer.doCallbacks:923 android.view.Choreographer.doFrame:852 android.view.Choreographer$FrameDisplayEventReceiver.run:1283 
04-06 02:17:02.979  4426  4426 I BLASTBufferQueue: update, w= 1080 h= 2400 mName = ViewRootImpl@349ff1c[MainActivity] mNativeObject= 0xb4000070c2c34c00 sc.mNativeObject= 0xb4000070083fe180 format= -1 caller= android.graphics.BLASTBufferQueue.<init>:84 android.view.ViewRootImpl.updateBlastSurfaceIfNeeded:2909 android.view.ViewRootImpl.relayoutWindow:9847 android.view.ViewRootImpl.performTraversals:3884 android.view.ViewRootImpl.doTraversal:3116 android.view.ViewRootImpl$TraversalRunnable.run:10885 
04-06 02:17:02.981  4426  4426 I ViewRootImpl@349ff1c[MainActivity]: Relayout returned: old=(0,0,1080,2400) new=(0,0,1080,2400) req=(1080,2400)0 dur=7 res=0x3 s={true 0xb4000070a0e6a000} ch=true seqId=0
04-06 02:17:02.981  4426  4721 D OpenGLRenderer: eglCreateWindowSurface
04-06 02:17:02.981  4426  4426 I ViewRootImpl@349ff1c[MainActivity]: mThreadedRenderer.initialize() mSurface={isValid=true 0xb4000070a0e6a000} hwInitialized=true
04-06 02:17:02.982  4426  4426 I ViewRootImpl@349ff1c[MainActivity]: reportNextDraw android.view.ViewRootImpl.performTraversals:4438 android.view.ViewRootImpl.doTraversal:3116 android.view.ViewRootImpl$TraversalRunnable.run:10885 android.view.Choreographer$CallbackRecord.run:1301 android.view.Choreographer$CallbackRecord.run:1309 
04-06 02:17:02.983  4426  4426 I ViewRootImpl@349ff1c[MainActivity]: Setup new sync id=1
04-06 02:17:02.983  4426  4426 I ViewRootImpl@349ff1c[MainActivity]: Setting syncFrameCallback
04-06 02:17:02.983  4426  4426 I ViewRootImpl@349ff1c[MainActivity]: registerCallbacksForSync syncBuffer=false
04-06 02:17:02.990  4426  4743 I ViewRootImpl@349ff1c[MainActivity]: Received frameDrawingCallback syncResult=0 frameNum=1.
04-06 02:17:02.990  4426  4743 I ViewRootImpl@349ff1c[MainActivity]: Setting up sync and frameCommitCallback
04-06 02:17:02.991  4426  4721 I BLASTBufferQueue: [ViewRootImpl@349ff1c[MainActivity]#8](f:0,a:0) onFrameAvailable the first frame is available
04-06 02:17:02.991  4426  4721 I ViewRootImpl@349ff1c[MainActivity]: Received frameCommittedCallback lastAttemptedDrawFrameNum=1 didProduceBuffer=true
04-06 02:17:02.992  4426  4426 I ViewRootImpl@349ff1c[MainActivity]: onSyncComplete
04-06 02:17:02.992  4426  4426 I ViewRootImpl@349ff1c[MainActivity]: setupSync seqId=0 mSyncId=1 fn=1 caller=android.view.ViewRootImpl$$ExternalSyntheticLambda11.accept:6 android.window.SurfaceSyncer.lambda$setupSync$1$android-window-SurfaceSyncer:128 android.window.SurfaceSyncer$$ExternalSyntheticLambda1.accept:8 android.window.SurfaceSyncer$SyncSet.checkIfSyncIsComplete:382 android.window.SurfaceSyncer$SyncSet.markSyncReady:359 android.window.SurfaceSyncer.markSyncReady:151 android.view.ViewRootImpl.performTraversals:4503 
04-06 02:17:02.992  4426  4426 I ViewRootImpl@349ff1c[MainActivity]: reportDrawFinished seqId=0 mSyncId=-1 fn=1 mSurfaceChangedTransaction=0xb4000070b0686900
04-06 02:17:03.021  4426  4792 D TrafficStats: tagSocket(108) with statsTag=0xffffffff, statsUid=-1
04-06 02:17:03.030  4426  4426 I ViewRootImpl@349ff1c[MainActivity]: MSG_WINDOW_FOCUS_CHANGED 1 1
04-06 02:17:03.031  4426  4426 I ViewRootImpl@349ff1c[MainActivity]: mThreadedRenderer.initializeIfNeeded()#2 mSurface={isValid=true 0xb4000070a0e6a000}
04-06 02:17:03.032  4426  4426 D InputMethodManager: startInputInner - Id : 0
04-06 02:17:03.032  4426  4426 I InputMethodManager: startInputInner - mService.startInputOrWindowGainedFocus
04-06 02:17:03.172  4426  4426 W unknown:BridgelessReact: ReactHost{0}.onHostPause(activity)
04-06 02:17:03.173  4426  4426 D SensorManager: unregisterListener
04-06 02:17:03.173  4426  4426 W unknown:BridgelessReact: ReactHost{0}.ReactContext.onHostPause()
04-06 02:17:03.174  4426  4426 D LifecycleMonitor: Lifecycle status change: com.evolucao.app.MainActivity@a02a006 in: PAUSED
04-06 02:17:03.174  4426  4426 I ViewRootImpl@349ff1c[MainActivity]: stopped(false) old = false
04-06 02:17:03.175  4426  4426 W unknown:BridgelessReact: ReactHost{0}.onHostResume(activity)
04-06 02:17:03.176  4426  4426 D SensorManager: registerListener :: 11, LSM6DSO Accelerometer, 66667, 0, 
04-06 02:17:03.177  4426  4426 W unknown:BridgelessReact: ReactHost{0}.ReactContext.onHostResume()
04-06 02:17:03.178  4426  4426 D LifecycleMonitor: Lifecycle status change: com.evolucao.app.MainActivity@a02a006 in: RESUMED
04-06 02:17:03.179  4426  4426 I DecorView: notifyKeepScreenOnChanged: keepScreenOn=true
04-06 02:17:03.180  4426  4426 I MSHandlerLifeCycle: removeMultiSplitHandler: no exist. decor=DecorView@de473f9[MainActivity]
04-06 02:17:03.181  4426  4840 D TrafficStats: tagSocket(114) with statsTag=0xffffffff, statsUid=-1
04-06 02:17:03.181  4426  4426 I ViewRootImpl@349ff1c[MainActivity]: performTraversals params={(0,0)(fillxfill) sim={adjust=resize forwardNavigation} layoutInDisplayCutoutMode=always ty=BASE_APPLICATION wanim=0x1030309
04-06 02:17:03.181  4426  4426 I ViewRootImpl@349ff1c[MainActivity]:   fl=81810180
04-06 02:17:03.181  4426  4426 I ViewRootImpl@349ff1c[MainActivity]:   pfl=16020040
04-06 02:17:03.181  4426  4426 I ViewRootImpl@349ff1c[MainActivity]:   vsysui=100
04-06 02:17:03.181  4426  4426 I ViewRootImpl@349ff1c[MainActivity]:   bhv=DEFAULT
04-06 02:17:03.181  4426  4426 I ViewRootImpl@349ff1c[MainActivity]:   fitSides= naviIconColor=0}
04-06 02:17:03.181  4426  4426 I ViewRootImpl@349ff1c[MainActivity]: performTraversals mFirst=false windowShouldResize=false viewVisibilityChanged=false mForceNextWindowRelayout=false params={(0,0)(fillxfill) sim={adjust=resize forwardNavigation} layoutInDisplayCutoutMode=always ty=BASE_APPLICATION wanim=0x1030309
04-06 02:17:03.181  4426  4426 I ViewRootImpl@349ff1c[MainActivity]:   fl=81810180
04-06 02:17:03.181  4426  4426 I ViewRootImpl@349ff1c[MainActivity]:   pfl=16020040
04-06 02:17:03.181  4426  4426 I ViewRootImpl@349ff1c[MainActivity]:   vsysui=100
04-06 02:17:03.181  4426  4426 I ViewRootImpl@349ff1c[MainActivity]:   bhv=DEFAULT
04-06 02:17:03.181  4426  4426 I ViewRootImpl@349ff1c[MainActivity]:   fitSides= naviIconColor=0}
04-06 02:17:03.184  4426  4426 I ViewRootImpl@349ff1c[MainActivity]: updateBlastSurfaceIfNeeded mBlastBufferQueue=0xb4000070c2c34c00 isSameSurfaceControl=true
04-06 02:17:03.185  4426  4426 I BLASTBufferQueue: update, w= 1080 h= 2400 mName = ViewRootImpl@349ff1c[MainActivity] mNativeObject= 0xb4000070c2c34c00 sc.mNativeObject= 0xb4000070083ff300 format= -1 caller= android.view.ViewRootImpl.updateBlastSurfaceIfNeeded:2898 android.view.ViewRootImpl.relayoutWindow:9847 android.view.ViewRootImpl.performTraversals:3884 android.view.ViewRootImpl.doTraversal:3116 android.view.ViewRootImpl$TraversalRunnable.run:10885 android.view.Choreographer$CallbackRecord.run:1301 
04-06 02:17:03.185  4426  4426 I ViewRootImpl@349ff1c[MainActivity]: Relayout returned: old=(0,0,1080,2400) new=(0,0,1080,2400) req=(1080,2400)0 dur=2 res=0x0 s={true 0xb4000070a0e6a000} ch=false seqId=0
04-06 02:17:03.255  4426  4426 I ViewRootImpl@349ff1c[MainActivity]: ViewPostIme key 0
04-06 02:17:03.258  4426  4426 I ViewRootImpl@349ff1c[MainActivity]: ViewPostIme key 1
04-06 02:17:03.347  4426  4426 I ViewRootImpl@349ff1c[MainActivity]: ViewPostIme key 0
04-06 02:17:03.349  4426  4426 I ViewRootImpl@349ff1c[MainActivity]: ViewPostIme key 1
04-06 02:17:03.350  4426  4426 I ViewRootImpl@349ff1c[MainActivity]: ViewPostIme key 0
04-06 02:17:03.351  4426  4426 I ViewRootImpl@349ff1c[MainActivity]: ViewPostIme key 1
04-06 02:17:03.351  4426  4426 I ViewRootImpl@349ff1c[MainActivity]: ViewPostIme key 0
04-06 02:17:03.353  4426  4426 I ViewRootImpl@349ff1c[MainActivity]: ViewPostIme key 1
04-06 02:17:03.353  4426  4426 W InputEventSender: Received 'finished' signal for unknown seq number = 10
04-06 02:17:03.353  4426  4426 W InputEventSender: Received 'finished' signal for unknown seq number = 11
04-06 02:17:03.353  4426  4426 W InputEventSender: Received 'finished' signal for unknown seq number = 12
04-06 02:17:03.353  4426  4426 W InputEventSender: Received 'finished' signal for unknown seq number = 13
04-06 02:17:03.353  4426  4426 W InputEventSender: Received 'finished' signal for unknown seq number = 14
04-06 02:17:03.353  4426  4426 W InputEventSender: Received 'finished' signal for unknown seq number = 15
04-06 02:17:03.353  4426  4426 W InputEventSender: Received 'finished' signal for unknown seq number = 16
04-06 02:17:03.353  4426  4426 W InputEventSender: Received 'finished' signal for unknown seq number = 17
04-06 02:17:03.353  4426  4426 W InputEventSender: Received 'finished' signal for unknown seq number = 18
04-06 02:17:03.353  4426  4426 W InputEventSender: Received 'finished' signal for unknown seq number = 19
04-06 02:17:03.353  4426  4426 W InputEventSender: Received 'finished' signal for unknown seq number = 20
04-06 02:17:03.353  4426  4426 W InputEventSender: Received 'finished' signal for unknown seq number = 21
04-06 02:17:03.353  4426  4426 W InputEventSender: Received 'finished' signal for unknown seq number = 22
04-06 02:17:03.353  4426  4426 W InputEventSender: Received 'finished' signal for unknown seq number = 23
04-06 02:17:03.353  4426  4426 W InputEventSender: Received 'finished' signal for unknown seq number = 24
04-06 02:17:03.353  4426  4426 W InputEventSender: Received 'finished' signal for unknown seq number = 25
04-06 02:17:03.353  4426  4426 W InputEventSender: Received 'finished' signal for unknown seq number = 26
04-06 02:17:03.353  4426  4426 W InputEventSender: Received 'finished' signal for unknown seq number = 27
04-06 02:17:03.354  4426  4426 I ViewRootImpl@349ff1c[MainActivity]: ViewPostIme key 0
04-06 02:17:03.357  4426  4426 I ViewRootImpl@349ff1c[MainActivity]: ViewPostIme key 1
04-06 02:17:03.358  4426  4426 I ViewRootImpl@349ff1c[MainActivity]: ViewPostIme key 0
04-06 02:17:03.359  4426  4426 I ViewRootImpl@349ff1c[MainActivity]: ViewPostIme key 1
04-06 02:17:03.359  4426  4426 I ViewRootImpl@349ff1c[MainActivity]: ViewPostIme key 0
04-06 02:17:03.360  4426  4426 I ViewRootImpl@349ff1c[MainActivity]: ViewPostIme key 1
04-06 02:17:03.361  4426  4426 I ViewRootImpl@349ff1c[MainActivity]: ViewPostIme key 0
04-06 02:17:03.362  4426  4426 D InputMethodManager: startInputInner - Id : 0
04-06 02:17:03.362  4426  4426 I InputMethodManager: startInputInner - mService.startInputOrWindowGainedFocus
04-06 02:17:03.370  4426  4426 I ViewRootImpl@349ff1c[MainActivity]: ViewPostIme key 1
04-06 02:17:03.435  4426  4426 I ViewRootImpl@349ff1c[MainActivity]: ViewPostIme pointer 0
04-06 02:17:03.437  4426  4426 I ViewRootImpl@349ff1c[MainActivity]: ViewPostIme pointer 1
04-06 02:17:03.528  4426  4426 W InputEventSender: Received 'finished' signal for unknown seq number = 39
04-06 02:17:03.528  4426  4426 W InputEventSender: Received 'finished' signal for unknown seq number = 40
04-06 02:17:03.529  4426  4426 W InputEventSender: Received 'finished' signal for unknown seq number = 41
04-06 02:17:03.529  4426  4426 W InputEventSender: Received 'finished' signal for unknown seq number = 42
04-06 02:17:03.529  4426  4426 W InputEventSender: Received 'finished' signal for unknown seq number = 43
04-06 02:17:03.529  4426  4426 W InputEventSender: Received 'finished' signal for unknown seq number = 44
04-06 02:17:03.529  4426  4426 W InputEventSender: Received 'finished' signal for unknown seq number = 45
04-06 02:17:03.529  4426  4426 W InputEventSender: Received 'finished' signal for unknown seq number = 46
04-06 02:17:03.529  4426  4426 W InputEventSender: Received 'finished' signal for unknown seq number = 47
04-06 02:17:03.530  4426  4426 I ViewRootImpl@349ff1c[MainActivity]: setInTouchMode(false), android.view.ViewRootImpl.checkForLeavingTouchModeAndConsume:9376 android.view.ViewRootImpl.-$$Nest$mcheckForLeavingTouchModeAndConsume:0 android.view.ViewRootImpl$EarlyPostImeInputStage.processKeyEvent:7707 android.view.ViewRootImpl$EarlyPostImeInputStage.onProcess:7691 android.view.ViewRootImpl$InputStage.deliver:7213 android.view.ViewRootImpl$InputStage.onDeliverToNext:7270 android.view.ViewRootImpl$InputStage.forward:7236 android.view.ViewRootImpl$AsyncInputStage.forward:7467 android.view.ViewRootImpl$ImeInputStage.onFinishedInputEvent:7676 android.view.inputmethod.InputMethodManager$PendingEvent.run:3897 
04-06 02:17:03.532  4426  4426 I ViewRootImpl@349ff1c[MainActivity]: ViewPostIme key 0
04-06 02:17:03.534  4426  4426 I ViewRootImpl@349ff1c[MainActivity]: ViewPostIme key 1
04-06 02:17:03.534  4426  4426 I ViewRootImpl@349ff1c[MainActivity]: ViewPostIme key 0
04-06 02:17:03.535  4426  4426 I ViewRootImpl@349ff1c[MainActivity]: ViewPostIme key 1
04-06 02:17:03.535  4426  4426 I ViewRootImpl@349ff1c[MainActivity]: ViewPostIme key 0
04-06 02:17:03.536  4426  4426 I ViewRootImpl@349ff1c[MainActivity]: ViewPostIme key 1
04-06 02:17:03.544  4426  4426 D InputMethodManager: startInputInner - Id : 0
04-06 02:17:03.544  4426  4426 I InputMethodManager: startInputInner - mService.startInputOrWindowGainedFocus
04-06 02:17:03.612  4426  4426 W InputEventSender: Received 'finished' signal for unknown seq number = 56
04-06 02:17:03.612  4426  4426 W InputEventSender: Received 'finished' signal for unknown seq number = 57
04-06 02:17:03.612  4426  4426 W InputEventSender: Received 'finished' signal for unknown seq number = 58
04-06 02:17:03.612  4426  4426 W InputEventSender: Received 'finished' signal for unknown seq number = 59
04-06 02:17:03.612  4426  4426 W InputEventSender: Received 'finished' signal for unknown seq number = 60
04-06 02:17:03.612  4426  4426 W InputEventSender: Received 'finished' signal for unknown seq number = 61
04-06 02:17:03.612  4426  4426 W InputEventSender: Received 'finished' signal for unknown seq number = 62
04-06 02:17:03.614  4426  4426 I ViewRootImpl@349ff1c[MainActivity]: ViewPostIme key 2
04-06 02:17:03.614  4426  4426 I ViewRootImpl@349ff1c[MainActivity]: ViewPostIme key 0
04-06 02:17:03.618  4426  4426 I ViewRootImpl@349ff1c[MainActivity]: ViewPostIme key 1
04-06 02:17:03.618  4426  4426 I ViewRootImpl@349ff1c[MainActivity]: ViewPostIme key 0
04-06 02:17:03.619  4426  4426 I ViewRootImpl@349ff1c[MainActivity]: ViewPostIme key 1
04-06 02:17:03.620  4426  4426 I ViewRootImpl@349ff1c[MainActivity]: ViewPostIme key 0
04-06 02:17:03.621  4426  4426 I ViewRootImpl@349ff1c[MainActivity]: ViewPostIme key 1
04-06 02:17:03.621  4426  4426 D InputMethodManager: startInputInner - Id : 0
04-06 02:17:03.621  4426  4426 I InputMethodManager: startInputInner - mService.startInputOrWindowGainedFocus
04-06 02:17:03.627  4426  4426 W InputEventSender: Received 'finished' signal for unknown seq number = 71
04-06 02:17:03.627  4426  4426 W InputEventSender: Received 'finished' signal for unknown seq number = 72
04-06 02:17:03.627  4426  4426 W InputEventSender: Received 'finished' signal for unknown seq number = 73
04-06 02:17:03.627  4426  4426 W InputEventSender: Received 'finished' signal for unknown seq number = 74
04-06 02:17:03.627  4426  4426 W InputEventSender: Received 'finished' signal for unknown seq number = 75
04-06 02:17:03.627  4426  4426 W InputEventSender: Received 'finished' signal for unknown seq number = 76
04-06 02:17:03.627  4426  4426 W InputEventSender: Received 'finished' signal for unknown seq number = 77
04-06 02:17:03.627  4426  4426 W InputEventSender: Received 'finished' signal for unknown seq number = 78
04-06 02:17:03.627  4426  4426 W InputEventSender: Received 'finished' signal for unknown seq number = 79
04-06 02:17:03.627  4426  4426 W InputEventSender: Received 'finished' signal for unknown seq number = 80
04-06 02:17:03.627  4426  4426 W InputEventSender: Received 'finished' signal for unknown seq number = 81
04-06 02:17:03.627  4426  4426 W InputEventSender: Received 'finished' signal for unknown seq number = 82
04-06 02:17:03.627  4426  4426 W InputEventSender: Received 'finished' signal for unknown seq number = 83
04-06 02:17:03.627  4426  4426 W InputEventSender: Received 'finished' signal for unknown seq number = 84
04-06 02:17:03.627  4426  4426 W InputEventSender: Received 'finished' signal for unknown seq number = 85
04-06 02:17:03.627  4426  4426 W InputEventSender: Received 'finished' signal for unknown seq number = 86
04-06 02:17:03.627  4426  4426 W InputEventSender: Received 'finished' signal for unknown seq number = 87
04-06 02:17:03.627  4426  4426 W InputEventSender: Received 'finished' signal for unknown seq number = 88
04-06 02:17:03.627  4426  4426 W InputEventSender: Received 'finished' signal for unknown seq number = 89
04-06 02:17:03.627  4426  4426 W InputEventSender: Received 'finished' signal for unknown seq number = 90
04-06 02:17:03.627  4426  4426 W InputEventSender: Received 'finished' signal for unknown seq number = 91
04-06 02:17:03.627  4426  4426 W InputEventSender: Received 'finished' signal for unknown seq number = 92
04-06 02:17:03.627  4426  4426 W InputEventSender: Received 'finished' signal for unknown seq number = 93
04-06 02:17:03.627  4426  4426 W InputEventSender: Received 'finished' signal for unknown seq number = 94
04-06 02:17:03.627  4426  4426 W InputEventSender: Received 'finished' signal for unknown seq number = 95
04-06 02:17:03.627  4426  4426 W InputEventSender: Received 'finished' signal for unknown seq number = 96
04-06 02:17:03.627  4426  4426 W InputEventSender: Received 'finished' signal for unknown seq number = 97
04-06 02:17:03.627  4426  4426 W InputEventSender: Received 'finished' signal for unknown seq number = 98
04-06 02:17:03.627  4426  4426 W InputEventSender: Received 'finished' signal for unknown seq number = 99
04-06 02:17:03.627  4426  4426 W InputEventSender: Received 'finished' signal for unknown seq number = 100
04-06 02:17:03.627  4426  4426 W InputEventSender: Received 'finished' signal for unknown seq number = 101
04-06 02:17:03.629  4426  4426 I ViewRootImpl@349ff1c[MainActivity]: ViewPostIme key 0
04-06 02:17:03.632  4426  4426 I ViewRootImpl@349ff1c[MainActivity]: ViewPostIme key 1
04-06 02:17:03.633  4426  4426 I ViewRootImpl@349ff1c[MainActivity]: ViewPostIme key 0
04-06 02:17:03.634  4426  4426 I ViewRootImpl@349ff1c[MainActivity]: ViewPostIme key 1
04-06 02:17:03.634  4426  4426 I ViewRootImpl@349ff1c[MainActivity]: ViewPostIme key 0
04-06 02:17:03.635  4426  4426 I ViewRootImpl@349ff1c[MainActivity]: ViewPostIme key 1
04-06 02:17:03.636  4426  4426 I ViewRootImpl@349ff1c[MainActivity]: ViewPostIme key 0
04-06 02:17:03.637  4426  4426 D InputMethodManager: startInputInner - Id : 0
04-06 02:17:03.637  4426  4426 I InputMethodManager: startInputInner - mService.startInputOrWindowGainedFocus
04-06 02:17:03.641  4426  4426 I ViewRootImpl@349ff1c[MainActivity]: ViewPostIme key 1
04-06 02:17:03.723  4426  4426 I ViewRootImpl@349ff1c[MainActivity]: ViewPostIme key 0
04-06 02:17:03.729  4426  4426 I ViewRootImpl@349ff1c[MainActivity]: ViewPostIme key 1
04-06 02:17:03.816  4426  4426 I ViewRootImpl@349ff1c[MainActivity]: ViewPostIme pointer 0
04-06 02:17:03.825  4426  4426 I ViewRootImpl@349ff1c[MainActivity]: ViewPostIme pointer 1
04-06 02:17:03.835  4426  4426 D InputMethodManager: startInputInner - Id : 0
04-06 02:17:03.835  4426  4426 I InputMethodManager: startInputInner - mService.startInputOrWindowGainedFocus
04-06 02:17:03.838  4426  4426 I IMM_LC  : showSoftInput(View,I)
04-06 02:17:03.839  4426  4426 I IMM_LC  : ssi() - flag : 0 view : com.evolucao.app reason = SHOW_SOFT_INPUT
04-06 02:17:03.850  4426  4721 D NativeCustomFrequencyManager: [NativeCFMS] BpCustomFrequencyManager::BpCustomFrequencyManager()
04-06 02:17:03.854  4426  4426 D InsetsController: onStateChanged: InsetsState: {mDisplayFrame=Rect(0, 0 - 1080, 2400), mDisplayCutout=DisplayCutout{insets=Rect(0, 88 - 0, 0) waterfall=Insets{left=0, top=0, right=0, bottom=0} boundingRect={Bounds=[Rect(0, 0 - 0, 0), Rect(512, 0 - 568, 88), Rect(0, 0 - 0, 0), Rect(0, 0 - 0, 0)]} cutoutPathParserInfo={CutoutPathParserInfo{displayWidth=1080 displayHeight=2400 physicalDisplayWidth=1080 physicalDisplayHeight=2400 density={3.0} cutoutSpec={M 0,0 M 0,10.71963616907435 a 9.280363830925644,9.280363830925644 0 1,0 0,18.56072766185129 a 9.280363830925644,9.280363830925644 0 1,0 0,-18.56072766185129 Z @dp} rotation={0} scale={1.0} physicalPixelDisplaySizeRatio={1.0}}}}, mRoundedCorners=RoundedCorners{[RoundedCorner{position=TopLeft, radius=96, center=Point(96, 96)}, RoundedCorner{position=TopRight, radius=96, center=Point(984, 96)}, RoundedCorner{position=BottomRight, radius=96, center=Point(984, 2304)}, RoundedCorner{position=BottomLeft, radius=96, center=Point(96, 2304)}]}  mRoundedCornerFrame=Rect(0, 0 - 1080, 2400), mPrivacyIndicatorBounds=PrivacyIndicatorBounds {static bounds=Rect(948, 0 - 1080, 88) rotation=0}, mSources= { InsetsSource: {mType=ITYPE_STATUS_BAR, mFrame=[0,0][1080,88], mVisible=true, mInsetsRoundedCornerFrame=false}, InsetsSource: {mType=ITYPE_NAVIGATION_BAR, mFrame=[0,2256][1080,2400], mVisible=true, mInsetsRoundedCornerFrame=false}, InsetsSource: {mType=ITYPE_LEFT_GESTURES, mFrame=[0,0][0,2400], mVisible=true, mInsetsRoundedCornerFrame=false}, InsetsSource: {mType=ITYPE_RIGHT_GESTURES, mFrame=[1080,0][1080,2400], mVisible=true, mInsetsRoundedCornerFrame=false}, InsetsSource: {mType=ITYPE_TOP_MANDATORY_GESTURES, mFrame=[0,0][1080,124], mVisible=true, mInsetsRoundedCornerFrame=false}, InsetsSource: {mType=ITYPE_BOTTOM_MANDATORY_GESTURES, mFrame=[0,2256][1080,2400], mVisible=true, mInsetsRoundedCornerFrame=false}, InsetsSource: {mType=ITYPE_LEFT_DISPLAY_CUTOUT, mFrame=[0,0][-100000,2400], mVisible=true, mInsetsRoundedCornerFrame=false}, InsetsSource: {mType=ITYPE_TOP_DISPLAY_CUTOUT, mFrame=[0,0][1080,88], mVisible=true, mInsetsRoundedCornerFrame=false}, InsetsSource: {mType=ITYPE_RIGHT_DISPLAY_CUTOUT, mFrame=[100000,0][1080,2400], mVisible=true, mInsetsRoundedCornerFrame=false}, InsetsSource: {mType=ITYPE_BOTTOM_DISPLAY_CUTOUT, mFrame=[0,100000][1080,2400], mVisible=true, mInsetsRoundedCornerFrame=false}, InsetsSource: {mType=ITYPE_TOP_TAPPABLE_ELEMENT, mFrame=[0,0][1080,88], mVisible=true, mInsetsRoundedCornerFrame=false}, InsetsSource: {mType=ITYPE_BOTTOM_TAPPABLE_ELEMENT, mFrame=[0,2256][1080,2400], mVisible=true, mInsetsRoundedCornerFrame=false} } host=PopupWindow:8c2eec6 from=android.view.ViewRootImpl.setView:1732
04-06 02:17:03.857  4426  4426 I ViewRootImpl@2a33224[PopupWindow:8c2eec6]: setView = android.widget.PopupWindow$PopupDecorView@df34c90 TM=true
04-06 02:17:03.859  4426  4721 D NativeCustomFrequencyManager: [NativeCFMS] BpCustomFrequencyManager::BpCustomFrequencyManager()
04-06 02:17:03.862  4426  4426 D InsetsController: onStateChanged: InsetsState: {mDisplayFrame=Rect(0, 0 - 1080, 2400), mDisplayCutout=DisplayCutout{insets=Rect(0, 88 - 0, 0) waterfall=Insets{left=0, top=0, right=0, bottom=0} boundingRect={Bounds=[Rect(0, 0 - 0, 0), Rect(512, 0 - 568, 88), Rect(0, 0 - 0, 0), Rect(0, 0 - 0, 0)]} cutoutPathParserInfo={CutoutPathParserInfo{displayWidth=1080 displayHeight=2400 physicalDisplayWidth=1080 physicalDisplayHeight=2400 density={3.0} cutoutSpec={M 0,0 M 0,10.71963616907435 a 9.280363830925644,9.280363830925644 0 1,0 0,18.56072766185129 a 9.280363830925644,9.280363830925644 0 1,0 0,-18.56072766185129 Z @dp} rotation={0} scale={1.0} physicalPixelDisplaySizeRatio={1.0}}}}, mRoundedCorners=RoundedCorners{[RoundedCorner{position=TopLeft, radius=96, center=Point(96, 96)}, RoundedCorner{position=TopRight, radius=96, center=Point(984, 96)}, RoundedCorner{position=BottomRight, radius=96, center=Point(984, 2304)}, RoundedCorner{position=BottomLeft, radius=96, center=Point(96, 2304)}]}  mRoundedCornerFrame=Rect(0, 0 - 1080, 2400), mPrivacyIndicatorBounds=PrivacyIndicatorBounds {static bounds=Rect(948, 0 - 1080, 88) rotation=0}, mSources= { InsetsSource: {mType=ITYPE_STATUS_BAR, mFrame=[0,0][1080,88], mVisible=true, mInsetsRoundedCornerFrame=false}, InsetsSource: {mType=ITYPE_NAVIGATION_BAR, mFrame=[0,2256][1080,2400], mVisible=true, mInsetsRoundedCornerFrame=false}, InsetsSource: {mType=ITYPE_LEFT_GESTURES, mFrame=[0,0][0,2400], mVisible=true, mInsetsRoundedCornerFrame=false}, InsetsSource: {mType=ITYPE_RIGHT_GESTURES, mFrame=[1080,0][1080,2400], mVisible=true, mInsetsRoundedCornerFrame=false}, InsetsSource: {mType=ITYPE_TOP_MANDATORY_GESTURES, mFrame=[0,0][1080,124], mVisible=true, mInsetsRoundedCornerFrame=false}, InsetsSource: {mType=ITYPE_BOTTOM_MANDATORY_GESTURES, mFrame=[0,2256][1080,2400], mVisible=true, mInsetsRoundedCornerFrame=false}, InsetsSource: {mType=ITYPE_LEFT_DISPLAY_CUTOUT, mFrame=[0,0][-100000,2400], mVisible=true, mInsetsRoundedCornerFrame=false}, InsetsSource: {mType=ITYPE_TOP_DISPLAY_CUTOUT, mFrame=[0,0][1080,88], mVisible=true, mInsetsRoundedCornerFrame=false}, InsetsSource: {mType=ITYPE_RIGHT_DISPLAY_CUTOUT, mFrame=[100000,0][1080,2400], mVisible=true, mInsetsRoundedCornerFrame=false}, InsetsSource: {mType=ITYPE_BOTTOM_DISPLAY_CUTOUT, mFrame=[0,100000][1080,2400], mVisible=true, mInsetsRoundedCornerFrame=false}, InsetsSource: {mType=ITYPE_TOP_TAPPABLE_ELEMENT, mFrame=[0,0][1080,88], mVisible=true, mInsetsRoundedCornerFrame=false}, InsetsSource: {mType=ITYPE_BOTTOM_TAPPABLE_ELEMENT, mFrame=[0,2256][1080,2400], mVisible=true, mInsetsRoundedCornerFrame=false} } host=PopupWindow:ee43ed9 from=android.view.ViewRootImpl.setView:1732
04-06 02:17:03.864  4426  4426 I ViewRootImpl@bd51d8e[PopupWindow:ee43ed9]: setView = android.widget.PopupWindow$PopupDecorView@e89849a TM=true
04-06 02:17:03.867  4426  4426 I IMM_LC  : showSoftInput(View,I)
04-06 02:17:03.867  4426  4426 I IMM_LC  : ssi() - flag : 0 view : com.evolucao.app reason = SHOW_SOFT_INPUT
04-06 02:17:03.870  4426  4426 I ViewRootImpl@2a33224[PopupWindow:8c2eec6]: performTraversals params={(137,1122)(90x108) gr=TOP START CENTER sim={state=unchanged adjust=pan} ty=APPLICATION_SUB_PANEL fmt=TRANSLUCENT wanim=0x1030313 surfaceInsets=Rect(0, 0 - 0, 0) (manual)
04-06 02:17:03.870  4426  4426 I ViewRootImpl@2a33224[PopupWindow:8c2eec6]:   fl=41800208
04-06 02:17:03.870  4426  4426 I ViewRootImpl@2a33224[PopupWindow:8c2eec6]:   pfl=2018000
04-06 02:17:03.870  4426  4426 I ViewRootImpl@2a33224[PopupWindow:8c2eec6]:   bhv=DEFAULT
04-06 02:17:03.870  4426  4426 I ViewRootImpl@2a33224[PopupWindow:8c2eec6]:   fitTypes=STATUS_BARS NAVIGATION_BARS CAPTION_BAR naviIconColor=0
04-06 02:17:03.870  4426  4426 I ViewRootImpl@2a33224[PopupWindow:8c2eec6]:   sfl=20000}
04-06 02:17:03.870  4426  4426 I ViewRootImpl@2a33224[PopupWindow:8c2eec6]: performTraversals mFirst=true windowShouldResize=true viewVisibilityChanged=false mForceNextWindowRelayout=false params={(137,1122)(90x108) gr=TOP START CENTER sim={state=unchanged adjust=pan} ty=APPLICATION_SUB_PANEL fmt=TRANSLUCENT wanim=0x1030313 surfaceInsets=Rect(0, 0 - 0, 0) (manual)
04-06 02:17:03.870  4426  4426 I ViewRootImpl@2a33224[PopupWindow:8c2eec6]:   fl=41800208
04-06 02:17:03.870  4426  4426 I ViewRootImpl@2a33224[PopupWindow:8c2eec6]:   pfl=42018000
04-06 02:17:03.870  4426  4426 I ViewRootImpl@2a33224[PopupWindow:8c2eec6]:   bhv=DEFAULT
04-06 02:17:03.870  4426  4426 I ViewRootImpl@2a33224[PopupWindow:8c2eec6]:   fitTypes=STATUS_BARS NAVIGATION_BARS CAPTION_BAR naviIconColor=0
04-06 02:17:03.870  4426  4426 I ViewRootImpl@2a33224[PopupWindow:8c2eec6]:   sfl=20000}
04-06 02:17:03.873  4426  4750 I ViewRootImpl@2a33224[PopupWindow:8c2eec6]: Resizing android.view.ViewRootImpl@94ba989: frame = [137,1122][227,1230] reportDraw = true forceLayout = false syncSeqId = 0
04-06 02:17:03.875  4426  4426 I ViewRootImpl@2a33224[PopupWindow:8c2eec6]: updateBlastSurfaceIfNeeded mBlastBufferQueue=null isSameSurfaceControl=false
04-06 02:17:03.875  4426  4426 I BLASTBufferQueue: new BLASTBufferQueue, mName= ViewRootImpl@2a33224[PopupWindow:8c2eec6] mNativeObject= 0xb400007004c70500 sc.mNativeObject= 0xb400007008472f60 caller= android.view.ViewRootImpl.updateBlastSurfaceIfNeeded:2909 android.view.ViewRootImpl.relayoutWindow:9847 android.view.ViewRootImpl.performTraversals:3884 android.view.ViewRootImpl.doTraversal:3116 android.view.ViewRootImpl$TraversalRunnable.run:10885 android.view.Choreographer$CallbackRecord.run:1301 android.view.Choreographer$CallbackRecord.run:1309 android.view.Choreographer.doCallbacks:923 android.view.Choreographer.doFrame:852 android.view.Choreographer$FrameDisplayEventReceiver.run:1283 
04-06 02:17:03.875  4426  4426 I BLASTBufferQueue: update, w= 90 h= 108 mName = ViewRootImpl@2a33224[PopupWindow:8c2eec6] mNativeObject= 0xb400007004c70500 sc.mNativeObject= 0xb400007008472f60 format= -3 caller= android.graphics.BLASTBufferQueue.<init>:84 android.view.ViewRootImpl.updateBlastSurfaceIfNeeded:2909 android.view.ViewRootImpl.relayoutWindow:9847 android.view.ViewRootImpl.performTraversals:3884 android.view.ViewRootImpl.doTraversal:3116 android.view.ViewRootImpl$TraversalRunnable.run:10885 
04-06 02:17:03.876  4426  4426 I ViewRootImpl@2a33224[PopupWindow:8c2eec6]: Relayout returned: old=(137,1122,227,1230) new=(137,1122,227,1230) req=(90,108)0 dur=5 res=0x3 s={true 0xb4000070085b5800} ch=true seqId=0
04-06 02:17:03.876  4426  4426 I ViewRootImpl@2a33224[PopupWindow:8c2eec6]: mThreadedRenderer.initialize() mSurface={isValid=true 0xb4000070085b5800} hwInitialized=true
04-06 02:17:03.876  4426  4721 D OpenGLRenderer: eglCreateWindowSurface
04-06 02:17:03.877  4426  4426 I ViewRootImpl@2a33224[PopupWindow:8c2eec6]: reportNextDraw android.view.ViewRootImpl.performTraversals:4438 android.view.ViewRootImpl.doTraversal:3116 android.view.ViewRootImpl$TraversalRunnable.run:10885 android.view.Choreographer$CallbackRecord.run:1301 android.view.Choreographer$CallbackRecord.run:1309 
04-06 02:17:03.877  4426  4426 I ViewRootImpl@2a33224[PopupWindow:8c2eec6]: Setup new sync id=0
04-06 02:17:03.877  4426  4426 I ViewRootImpl@2a33224[PopupWindow:8c2eec6]: Setting syncFrameCallback
04-06 02:17:03.877  4426  4426 I ViewRootImpl@2a33224[PopupWindow:8c2eec6]: registerCallbacksForSync syncBuffer=false
04-06 02:17:03.879  4426  4742 I ViewRootImpl@2a33224[PopupWindow:8c2eec6]: Received frameDrawingCallback syncResult=0 frameNum=1.
04-06 02:17:03.880  4426  4742 I ViewRootImpl@2a33224[PopupWindow:8c2eec6]: Setting up sync and frameCommitCallback
04-06 02:17:03.880  4426  4721 I BLASTBufferQueue: [ViewRootImpl@2a33224[PopupWindow:8c2eec6]#9](f:0,a:0) onFrameAvailable the first frame is available
04-06 02:17:03.880  4426  4721 I ViewRootImpl@2a33224[PopupWindow:8c2eec6]: Received frameCommittedCallback lastAttemptedDrawFrameNum=1 didProduceBuffer=true
04-06 02:17:03.880  4426  4721 D OpenGLRenderer: CFMS:: SetUp Pid : 4426    Tid : 4721
04-06 02:17:03.881  4426  4721 W Parcel  : Expecting binder but got null!
04-06 02:17:03.881  4426  4426 I ViewRootImpl@2a33224[PopupWindow:8c2eec6]: onSyncComplete
04-06 02:17:03.881  4426  4426 I ViewRootImpl@2a33224[PopupWindow:8c2eec6]: setupSync seqId=0 mSyncId=0 fn=1 caller=android.view.ViewRootImpl$$ExternalSyntheticLambda11.accept:6 android.window.SurfaceSyncer.lambda$setupSync$1$android-window-SurfaceSyncer:128 android.window.SurfaceSyncer$$ExternalSyntheticLambda1.accept:8 android.window.SurfaceSyncer$SyncSet.checkIfSyncIsComplete:382 android.window.SurfaceSyncer$SyncSet.markSyncReady:359 android.window.SurfaceSyncer.markSyncReady:151 android.view.ViewRootImpl.performTraversals:4503 
04-06 02:17:03.882  4426  4426 I ViewRootImpl@bd51d8e[PopupWindow:ee43ed9]: performTraversals params={(137,1028)(90x94) gr=TOP START CENTER sim={state=unchanged adjust=pan} ty=APPLICATION_SUB_PANEL fmt=TRANSLUCENT wanim=0x1030313 surfaceInsets=Rect(0, 0 - 0, 0) (manual)
04-06 02:17:03.882  4426  4426 I ViewRootImpl@bd51d8e[PopupWindow:ee43ed9]:   fl=41800218
04-06 02:17:03.882  4426  4426 I ViewRootImpl@bd51d8e[PopupWindow:ee43ed9]:   pfl=2018000
04-06 02:17:03.882  4426  4426 I ViewRootImpl@bd51d8e[PopupWindow:ee43ed9]:   bhv=DEFAULT
04-06 02:17:03.882  4426  4426 I ViewRootImpl@bd51d8e[PopupWindow:ee43ed9]:   fitTypes=STATUS_BARS NAVIGATION_BARS CAPTION_BAR naviIconColor=0
04-06 02:17:03.882  4426  4426 I ViewRootImpl@bd51d8e[PopupWindow:ee43ed9]:   sfl=20000}
04-06 02:17:03.883  4426  4426 I ViewRootImpl@bd51d8e[PopupWindow:ee43ed9]: performTraversals mFirst=true windowShouldResize=true viewVisibilityChanged=false mForceNextWindowRelayout=false params={(137,1028)(90x94) gr=TOP START CENTER sim={state=unchanged adjust=pan} ty=APPLICATION_SUB_PANEL fmt=TRANSLUCENT wanim=0x1030313 surfaceInsets=Rect(0, 0 - 0, 0) (manual)
04-06 02:17:03.883  4426  4426 I ViewRootImpl@bd51d8e[PopupWindow:ee43ed9]:   fl=41800218
04-06 02:17:03.883  4426  4426 I ViewRootImpl@bd51d8e[PopupWindow:ee43ed9]:   pfl=42018000
04-06 02:17:03.883  4426  4426 I ViewRootImpl@bd51d8e[PopupWindow:ee43ed9]:   bhv=DEFAULT
04-06 02:17:03.883  4426  4426 I ViewRootImpl@bd51d8e[PopupWindow:ee43ed9]:   fitTypes=STATUS_BARS NAVIGATION_BARS CAPTION_BAR naviIconColor=0
04-06 02:17:03.883  4426  4426 I ViewRootImpl@bd51d8e[PopupWindow:ee43ed9]:   sfl=20000}
04-06 02:17:03.885  4426  4750 I ViewRootImpl@bd51d8e[PopupWindow:ee43ed9]: Resizing android.view.ViewRootImpl@1091cb: frame = [137,1028][227,1122] reportDraw = true forceLayout = false syncSeqId = 0
04-06 02:17:03.886  4426  4426 I ViewRootImpl@bd51d8e[PopupWindow:ee43ed9]: updateBlastSurfaceIfNeeded mBlastBufferQueue=null isSameSurfaceControl=false
04-06 02:17:03.887  4426  4426 I BLASTBufferQueue: new BLASTBufferQueue, mName= ViewRootImpl@bd51d8e[PopupWindow:ee43ed9] mNativeObject= 0xb400007004c70880 sc.mNativeObject= 0xb400007008496140 caller= android.view.ViewRootImpl.updateBlastSurfaceIfNeeded:2909 android.view.ViewRootImpl.relayoutWindow:9847 android.view.ViewRootImpl.performTraversals:3884 android.view.ViewRootImpl.doTraversal:3116 android.view.ViewRootImpl$TraversalRunnable.run:10885 android.view.Choreographer$CallbackRecord.run:1301 android.view.Choreographer$CallbackRecord.run:1309 android.view.Choreographer.doCallbacks:923 android.view.Choreographer.doFrame:852 android.view.Choreographer$FrameDisplayEventReceiver.run:1283 
04-06 02:17:03.887  4426  4426 I BLASTBufferQueue: update, w= 90 h= 94 mName = ViewRootImpl@bd51d8e[PopupWindow:ee43ed9] mNativeObject= 0xb400007004c70880 sc.mNativeObject= 0xb400007008496140 format= -3 caller= android.graphics.BLASTBufferQueue.<init>:84 android.view.ViewRootImpl.updateBlastSurfaceIfNeeded:2909 android.view.ViewRootImpl.relayoutWindow:9847 android.view.ViewRootImpl.performTraversals:3884 android.view.ViewRootImpl.doTraversal:3116 android.view.ViewRootImpl$TraversalRunnable.run:10885 
04-06 02:17:03.887  4426  4426 I ViewRootImpl@bd51d8e[PopupWindow:ee43ed9]: Relayout returned: old=(137,1028,227,1122) new=(137,1028,227,1122) req=(90,94)0 dur=3 res=0x3 s={true 0xb400007004d71000} ch=true seqId=0
04-06 02:17:03.888  4426  4426 I ViewRootImpl@bd51d8e[PopupWindow:ee43ed9]: mThreadedRenderer.initialize() mSurface={isValid=true 0xb400007004d71000} hwInitialized=true
04-06 02:17:03.888  4426  4721 D OpenGLRenderer: eglCreateWindowSurface
04-06 02:17:03.889  4426  4426 I ViewRootImpl@bd51d8e[PopupWindow:ee43ed9]: reportNextDraw android.view.ViewRootImpl.performTraversals:4438 android.view.ViewRootImpl.doTraversal:3116 android.view.ViewRootImpl$TraversalRunnable.run:10885 android.view.Choreographer$CallbackRecord.run:1301 android.view.Choreographer$CallbackRecord.run:1309 
04-06 02:17:03.889  4426  4426 I ViewRootImpl@bd51d8e[PopupWindow:ee43ed9]: Setup new sync id=0
04-06 02:17:03.889  4426  4426 I ViewRootImpl@bd51d8e[PopupWindow:ee43ed9]: Setting syncFrameCallback
04-06 02:17:03.889  4426  4426 I ViewRootImpl@bd51d8e[PopupWindow:ee43ed9]: registerCallbacksForSync syncBuffer=false
04-06 02:17:03.889  4426  4743 I ViewRootImpl@bd51d8e[PopupWindow:ee43ed9]: Received frameDrawingCallback syncResult=0 frameNum=1.
04-06 02:17:03.889  4426  4743 I ViewRootImpl@bd51d8e[PopupWindow:ee43ed9]: Setting up sync and frameCommitCallback
04-06 02:17:03.890  4426  4721 I BLASTBufferQueue: [ViewRootImpl@bd51d8e[PopupWindow:ee43ed9]#10](f:0,a:0) onFrameAvailable the first frame is available
04-06 02:17:03.890  4426  4721 I ViewRootImpl@bd51d8e[PopupWindow:ee43ed9]: Received frameCommittedCallback lastAttemptedDrawFrameNum=1 didProduceBuffer=true
04-06 02:17:03.890  4426  4721 D OpenGLRenderer: CFMS:: SetUp Pid : 4426    Tid : 4721
04-06 02:17:03.890  4426  4721 W Parcel  : Expecting binder but got null!
04-06 02:17:03.891  4426  4426 I ViewRootImpl@bd51d8e[PopupWindow:ee43ed9]: onSyncComplete
04-06 02:17:03.892  4426  4426 I ViewRootImpl@bd51d8e[PopupWindow:ee43ed9]: setupSync seqId=0 mSyncId=0 fn=1 caller=android.view.ViewRootImpl$$ExternalSyntheticLambda11.accept:6 android.window.SurfaceSyncer.lambda$setupSync$1$android-window-SurfaceSyncer:128 android.window.SurfaceSyncer$$ExternalSyntheticLambda1.accept:8 android.window.SurfaceSyncer$SyncSet.checkIfSyncIsComplete:382 android.window.SurfaceSyncer$SyncSet.markSyncReady:359 android.window.SurfaceSyncer.markSyncReady:151 android.view.ViewRootImpl.performTraversals:4503 
04-06 02:17:03.893  4426  4426 I ViewRootImpl@bd51d8e[PopupWindow:ee43ed9]: reportDrawFinished seqId=0 mSyncId=-1 fn=1 mSurfaceChangedTransaction=0xb4000070a0d67d00
04-06 02:17:03.894  4426  4426 I ViewRootImpl@2a33224[PopupWindow:8c2eec6]: reportDrawFinished seqId=0 mSyncId=-1 fn=1 mSurfaceChangedTransaction=0xb4000070a0d67a00
04-06 02:17:03.896  4426  4426 I ViewRootImpl@2a33224[PopupWindow:8c2eec6]: handleResized, msg = 5 frames=ClientWindowFrames{frame=[137,1122][227,1230] display=[-100000,-100000][100000,100000] parentFrame=[0,0][0,0] parentClippedByDisplayCutout=false} forceNextWindowRelayout=false displayId=0 resizeMode=-1 frameChanged=false displayFrameChanged=false configChanged=false displayChanged=false
04-06 02:17:03.896  4426  4426 I ViewRootImpl@2a33224[PopupWindow:8c2eec6]: handleResized mSyncSeqId = 0
04-06 02:17:03.896  4426  4426 I ViewRootImpl@2a33224[PopupWindow:8c2eec6]: reportNextDraw android.view.ViewRootImpl.handleResized:2450 android.view.ViewRootImpl.-$$Nest$mhandleResized:0 android.view.ViewRootImpl$ViewRootHandler.handleMessageImpl:6728 android.view.ViewRootImpl$ViewRootHandler.handleMessage:6697 android.os.Handler.dispatchMessage:106 
04-06 02:17:03.897  4426  4426 I ViewRootImpl@2a33224[PopupWindow:8c2eec6]: Setup new sync id=1
04-06 02:17:03.897  4426  4426 I ViewRootImpl@2a33224[PopupWindow:8c2eec6]: Setting syncFrameCallback
04-06 02:17:03.897  4426  4426 I ViewRootImpl@2a33224[PopupWindow:8c2eec6]: registerCallbacksForSync syncBuffer=false
04-06 02:17:03.901  4426  4742 I ViewRootImpl@2a33224[PopupWindow:8c2eec6]: Received frameDrawingCallback syncResult=0 frameNum=2.
04-06 02:17:03.901  4426  4742 I ViewRootImpl@2a33224[PopupWindow:8c2eec6]: Setting up sync and frameCommitCallback
04-06 02:17:03.901  4426  4721 I ViewRootImpl@2a33224[PopupWindow:8c2eec6]: Received frameCommittedCallback lastAttemptedDrawFrameNum=2 didProduceBuffer=true
04-06 02:17:03.901  4426  4426 I ViewRootImpl@2a33224[PopupWindow:8c2eec6]: onSyncComplete
04-06 02:17:03.902  4426  4426 I ViewRootImpl@2a33224[PopupWindow:8c2eec6]: setupSync seqId=0 mSyncId=1 fn=2 caller=android.view.ViewRootImpl$$ExternalSyntheticLambda11.accept:6 android.window.SurfaceSyncer.lambda$setupSync$1$android-window-SurfaceSyncer:128 android.window.SurfaceSyncer$$ExternalSyntheticLambda1.accept:8 android.window.SurfaceSyncer$SyncSet.checkIfSyncIsComplete:382 android.window.SurfaceSyncer$SyncSet.markSyncReady:359 android.window.SurfaceSyncer.markSyncReady:151 android.view.ViewRootImpl.performTraversals:4503 
04-06 02:17:03.903  4426  4426 I ViewRootImpl@2a33224[PopupWindow:8c2eec6]: reportDrawFinished seqId=0 mSyncId=-1 fn=2 mSurfaceChangedTransaction=0xb4000070a0d67a00
04-06 02:17:03.903  4426  4426 I ViewRootImpl@bd51d8e[PopupWindow:ee43ed9]: handleResized, msg = 5 frames=ClientWindowFrames{frame=[137,1028][227,1122] display=[-100000,-100000][100000,100000] parentFrame=[0,0][0,0] parentClippedByDisplayCutout=false} forceNextWindowRelayout=false displayId=0 resizeMode=-1 frameChanged=false displayFrameChanged=false configChanged=false displayChanged=false
04-06 02:17:03.904  4426  4426 I ViewRootImpl@bd51d8e[PopupWindow:ee43ed9]: handleResized mSyncSeqId = 0
04-06 02:17:03.904  4426  4426 I ViewRootImpl@bd51d8e[PopupWindow:ee43ed9]: reportNextDraw android.view.ViewRootImpl.handleResized:2450 android.view.ViewRootImpl.-$$Nest$mhandleResized:0 android.view.ViewRootImpl$ViewRootHandler.handleMessageImpl:6728 android.view.ViewRootImpl$ViewRootHandler.handleMessage:6697 android.os.Handler.dispatchMessage:106 
04-06 02:17:03.909  4426  4426 I ViewRootImpl@bd51d8e[PopupWindow:ee43ed9]: Setup new sync id=1
04-06 02:17:03.909  4426  4426 I ViewRootImpl@bd51d8e[PopupWindow:ee43ed9]: Setting syncFrameCallback
04-06 02:17:03.909  4426  4426 I ViewRootImpl@bd51d8e[PopupWindow:ee43ed9]: registerCallbacksForSync syncBuffer=false
04-06 02:17:03.910  4426  4743 I ViewRootImpl@bd51d8e[PopupWindow:ee43ed9]: Received frameDrawingCallback syncResult=0 frameNum=2.
04-06 02:17:03.910  4426  4743 I ViewRootImpl@bd51d8e[PopupWindow:ee43ed9]: Setting up sync and frameCommitCallback
04-06 02:17:03.911  4426  4721 I ViewRootImpl@bd51d8e[PopupWindow:ee43ed9]: Received frameCommittedCallback lastAttemptedDrawFrameNum=2 didProduceBuffer=true
04-06 02:17:03.911  4426  4426 I ViewRootImpl@bd51d8e[PopupWindow:ee43ed9]: onSyncComplete
04-06 02:17:03.911  4426  4426 I ViewRootImpl@bd51d8e[PopupWindow:ee43ed9]: setupSync seqId=0 mSyncId=1 fn=2 caller=android.view.ViewRootImpl$$ExternalSyntheticLambda11.accept:6 android.window.SurfaceSyncer.lambda$setupSync$1$android-window-SurfaceSyncer:128 android.window.SurfaceSyncer$$ExternalSyntheticLambda1.accept:8 android.window.SurfaceSyncer$SyncSet.checkIfSyncIsComplete:382 android.window.SurfaceSyncer$SyncSet.markSyncReady:359 android.window.SurfaceSyncer.markSyncReady:151 android.view.ViewRootImpl.performTraversals:4503 
04-06 02:17:03.914  4426  4426 I ViewRootImpl@bd51d8e[PopupWindow:ee43ed9]: reportDrawFinished seqId=0 mSyncId=-1 fn=2 mSurfaceChangedTransaction=0xb4000070a0d67d00
04-06 02:17:03.915  4426  4426 I ViewRootImpl@349ff1c[MainActivity]: ViewPostIme key 0
04-06 02:17:03.916  4426  4426 W OnBackInvokedCallback: OnBackInvokedCallback is not enabled for the application.
04-06 02:17:03.916  4426  4426 W OnBackInvokedCallback: Set 'android:enableOnBackInvokedCallback="true"' in the application manifest.
04-06 02:17:03.926  4426  4970 I ViewRootImpl@349ff1c[MainActivity]: Resizing android.view.ViewRootImpl@aa840a1: frame = [0,0][1080,2400] reportDraw = false forceLayout = false syncSeqId = 0
04-06 02:17:03.928  4426  4464 I ViewRootImpl@2a33224[PopupWindow:8c2eec6]: Resizing android.view.ViewRootImpl@94ba989: frame = [137,1122][227,1230] reportDraw = false forceLayout = false syncSeqId = 0
