04-06 02:16:52.577  4426  4426 I ViewRootImpl@7f2009b[PopupWindow:f832caa]: performTraversals params={(0,88)(fillxwrap) gr=TOP START CENTER sim={state=unchanged adjust=pan} ty=APPLICATION_PANEL fmt=TRANSLUCENT surfaceInsets=Rect(0, 0 - 0, 0) (manual)
04-06 02:16:52.577  4426  4426 I ViewRootImpl@7f2009b[PopupWindow:f832caa]:   fl=41800008
04-06 02:16:52.577  4426  4426 I ViewRootImpl@7f2009b[PopupWindow:f832caa]:   pfl=42018000
04-06 02:16:52.577  4426  4426 I ViewRootImpl@7f2009b[PopupWindow:f832caa]:   bhv=DEFAULT
04-06 02:16:52.577  4426  4426 I ViewRootImpl@7f2009b[PopupWindow:f832caa]:   fitTypes=STATUS_BARS NAVIGATION_BARS CAPTION_BAR naviIconColor=0
04-06 02:16:52.577  4426  4426 I ViewRootImpl@7f2009b[PopupWindow:f832caa]:   sfl=20000}
04-06 02:16:52.577  4426  4426 I ViewRootImpl@7f2009b[PopupWindow:f832caa]: performTraversals mFirst=true windowShouldResize=true viewVisibilityChanged=false mForceNextWindowRelayout=false params={(0,88)(fillxwrap) gr=TOP START CENTER sim={state=unchanged adjust=pan} ty=APPLICATION_PANEL fmt=TRANSLUCENT surfaceInsets=Rect(0, 0 - 0, 0) (manual)
04-06 02:16:52.577  4426  4426 I ViewRootImpl@7f2009b[PopupWindow:f832caa]:   fl=41800008
04-06 02:16:52.577  4426  4426 I ViewRootImpl@7f2009b[PopupWindow:f832caa]:   pfl=42018000
04-06 02:16:52.577  4426  4426 I ViewRootImpl@7f2009b[PopupWindow:f832caa]:   bhv=DEFAULT
04-06 02:16:52.577  4426  4426 I ViewRootImpl@7f2009b[PopupWindow:f832caa]:   fitTypes=STATUS_BARS NAVIGATION_BARS CAPTION_BAR naviIconColor=0
04-06 02:16:52.577  4426  4426 I ViewRootImpl@7f2009b[PopupWindow:f832caa]:   sfl=20000}
04-06 02:16:52.585  4426  4464 I ViewRootImpl@7f2009b[PopupWindow:f832caa]: Resizing android.view.ViewRootImpl@cfb53e4: frame = [0,88][1080,167] reportDraw = true forceLayout = false syncSeqId = 0
04-06 02:16:52.586  4426  4426 I ViewRootImpl@7f2009b[PopupWindow:f832caa]: updateBlastSurfaceIfNeeded mBlastBufferQueue=null isSameSurfaceControl=false
04-06 02:16:52.586  4426  4426 I BLASTBufferQueue: new BLASTBufferQueue, mName= ViewRootImpl@7f2009b[PopupWindow:f832caa] mNativeObject= 0xb4000070a0db0280 sc.mNativeObject= 0xb4000070a0ce3ba0 caller= android.view.ViewRootImpl.updateBlastSurfaceIfNeeded:2909 android.view.ViewRootImpl.relayoutWindow:9847 android.view.ViewRootImpl.performTraversals:3884 android.view.ViewRootImpl.doTraversal:3116 android.view.ViewRootImpl$TraversalRunnable.run:10885 android.view.Choreographer$CallbackRecord.run:1301 android.view.Choreographer$CallbackRecord.run:1309 android.view.Choreographer.doCallbacks:923 android.view.Choreographer.doFrame:852 android.view.Choreographer$FrameDisplayEventReceiver.run:1283 
04-06 02:16:52.587  4426  4426 I BLASTBufferQueue: update, w= 1080 h= 79 mName = ViewRootImpl@7f2009b[PopupWindow:f832caa] mNativeObject= 0xb4000070a0db0280 sc.mNativeObject= 0xb4000070a0ce3ba0 format= -3 caller= android.graphics.BLASTBufferQueue.<init>:84 android.view.ViewRootImpl.updateBlastSurfaceIfNeeded:2909 android.view.ViewRootImpl.relayoutWindow:9847 android.view.ViewRootImpl.performTraversals:3884 android.view.ViewRootImpl.doTraversal:3116 android.view.ViewRootImpl$TraversalRunnable.run:10885 
04-06 02:16:52.587  4426  4426 I ViewRootImpl@7f2009b[PopupWindow:f832caa]: Relayout returned: old=(0,88,1080,2256) new=(0,88,1080,167) req=(1080,79)0 dur=9 res=0x3 s={true 0xb4000070a0e6c800} ch=true seqId=0
04-06 02:16:52.588  4426  4426 I ViewRootImpl@7f2009b[PopupWindow:f832caa]: mThreadedRenderer.initialize() mSurface={isValid=true 0xb4000070a0e6c800} hwInitialized=true
04-06 02:16:52.588  4426  4721 D OpenGLRenderer: eglCreateWindowSurface
04-06 02:16:52.588  4426  4426 I ViewRootImpl@7f2009b[PopupWindow:f832caa]: reportNextDraw android.view.ViewRootImpl.performTraversals:4438 android.view.ViewRootImpl.doTraversal:3116 android.view.ViewRootImpl$TraversalRunnable.run:10885 android.view.Choreographer$CallbackRecord.run:1301 android.view.Choreographer$CallbackRecord.run:1309 
04-06 02:16:52.588  4426  4426 I ViewRootImpl@7f2009b[PopupWindow:f832caa]: Setup new sync id=0
04-06 02:16:52.588  4426  4426 I ViewRootImpl@7f2009b[PopupWindow:f832caa]: Setting syncFrameCallback
04-06 02:16:52.589  4426  4426 I ViewRootImpl@7f2009b[PopupWindow:f832caa]: registerCallbacksForSync syncBuffer=false
04-06 02:16:52.590  4426  4743 I ViewRootImpl@7f2009b[PopupWindow:f832caa]: Received frameDrawingCallback syncResult=0 frameNum=1.
04-06 02:16:52.590  4426  4743 I ViewRootImpl@7f2009b[PopupWindow:f832caa]: Setting up sync and frameCommitCallback
04-06 02:16:52.598  4426  4721 I BLASTBufferQueue: [ViewRootImpl@7f2009b[PopupWindow:f832caa]#1](f:0,a:0) onFrameAvailable the first frame is available
04-06 02:16:52.598  4426  4721 I ViewRootImpl@7f2009b[PopupWindow:f832caa]: Received frameCommittedCallback lastAttemptedDrawFrameNum=1 didProduceBuffer=true
04-06 02:16:52.598  4426  4721 D OpenGLRenderer: CFMS:: SetUp Pid : 4426    Tid : 4721
04-06 02:16:52.598  4426  4721 W Parcel  : Expecting binder but got null!
04-06 02:16:52.599  4426  4426 I ViewRootImpl@7f2009b[PopupWindow:f832caa]: onSyncComplete
04-06 02:16:52.599  4426  4426 I ViewRootImpl@7f2009b[PopupWindow:f832caa]: setupSync seqId=0 mSyncId=0 fn=1 caller=android.view.ViewRootImpl$$ExternalSyntheticLambda11.accept:6 android.window.SurfaceSyncer.lambda$setupSync$1$android-window-SurfaceSyncer:128 android.window.SurfaceSyncer$$ExternalSyntheticLambda1.accept:8 android.window.SurfaceSyncer$SyncSet.checkIfSyncIsComplete:382 android.window.SurfaceSyncer$SyncSet.markSyncReady:359 android.window.SurfaceSyncer.markSyncReady:151 android.view.ViewRootImpl.performTraversals:4503 
04-06 02:16:52.599  4426  4426 W InputMethodManager: dispatchInputEvent: not handled, reason: current session is null
04-06 02:16:52.599  4426  4426 I ViewRootImpl@349ff1c[MainActivity]: ViewPostIme key 1
04-06 02:16:52.600  4426  4426 I ViewRootImpl@7f2009b[PopupWindow:f832caa]: reportDrawFinished seqId=0 mSyncId=-1 fn=1 mSurfaceChangedTransaction=0xb4000070a6e33600
04-06 02:16:52.600  4426  4426 I ViewRootImpl@349ff1c[MainActivity]: MSG_WINDOW_FOCUS_CHANGED 1 0
04-06 02:16:52.600  4426  4426 D InputMethodManager: startInputInner - Id : 0
04-06 02:16:52.602  4426  4426 I ViewRootImpl@7f2009b[PopupWindow:f832caa]: handleResized, msg = 5 frames=ClientWindowFrames{frame=[0,88][1080,167] display=[0,88][1080,2256] parentFrame=[0,0][0,0] parentClippedByDisplayCutout=false} forceNextWindowRelayout=false displayId=0 resizeMode=-1 frameChanged=false displayFrameChanged=false configChanged=false displayChanged=false
04-06 02:16:52.602  4426  4426 I ViewRootImpl@7f2009b[PopupWindow:f832caa]: handleResized mSyncSeqId = 0
04-06 02:16:52.602  4426  4426 I ViewRootImpl@7f2009b[PopupWindow:f832caa]: reportNextDraw android.view.ViewRootImpl.handleResized:2450 android.view.ViewRootImpl.-$$Nest$mhandleResized:0 android.view.ViewRootImpl$ViewRootHandler.handleMessageImpl:6728 android.view.ViewRootImpl$ViewRootHandler.handleMessage:6697 android.os.Handler.dispatchMessage:106 
04-06 02:16:52.612  4426  4426 I ViewRootImpl@7f2009b[PopupWindow:f832caa]: Setup new sync id=1
04-06 02:16:52.612  4426  4426 I ViewRootImpl@7f2009b[PopupWindow:f832caa]: Setting syncFrameCallback
04-06 02:16:52.612  4426  4426 I ViewRootImpl@7f2009b[PopupWindow:f832caa]: registerCallbacksForSync syncBuffer=false
04-06 02:16:52.616  4426  4742 I ViewRootImpl@7f2009b[PopupWindow:f832caa]: Received frameDrawingCallback syncResult=0 frameNum=3.
04-06 02:16:52.616  4426  4742 I ViewRootImpl@7f2009b[PopupWindow:f832caa]: Setting up sync and frameCommitCallback
04-06 02:16:52.622  4426  4721 I ViewRootImpl@7f2009b[PopupWindow:f832caa]: Received frameCommittedCallback lastAttemptedDrawFrameNum=3 didProduceBuffer=true
04-06 02:16:52.622  4426  4426 I ViewRootImpl@7f2009b[PopupWindow:f832caa]: onSyncComplete
04-06 02:16:52.623  4426  4426 I ViewRootImpl@7f2009b[PopupWindow:f832caa]: setupSync seqId=0 mSyncId=1 fn=3 caller=android.view.ViewRootImpl$$ExternalSyntheticLambda11.accept:6 android.window.SurfaceSyncer.lambda$setupSync$1$android-window-SurfaceSyncer:128 android.window.SurfaceSyncer$$ExternalSyntheticLambda1.accept:8 android.window.SurfaceSyncer$SyncSet.checkIfSyncIsComplete:382 android.window.SurfaceSyncer$SyncSet.markSyncReady:359 android.window.SurfaceSyncer.markSyncReady:151 android.view.ViewRootImpl.performTraversals:4503 
04-06 02:16:52.623  4426  4426 I ViewRootImpl@7f2009b[PopupWindow:f832caa]: reportDrawFinished seqId=0 mSyncId=-1 fn=3 mSurfaceChangedTransaction=0xb4000070a6e33600
04-06 02:16:52.675  4426  4426 I ViewRootImpl@7f2009b[PopupWindow:f832caa]: ViewPostIme pointer 0
04-06 02:16:52.675  4426  4426 I ViewRootImpl@7f2009b[PopupWindow:f832caa]: ViewPostIme pointer 1
04-06 02:16:52.680  4426  4426 W InputEventSender: Received 'finished' signal for unknown seq number = 1
04-06 02:16:52.680  4426  4426 W InputEventSender: Received 'finished' signal for unknown seq number = 2
04-06 02:16:52.680  4426  4426 W InputEventSender: Received 'finished' signal for unknown seq number = 3
04-06 02:16:52.680  4426  4426 W InputEventSender: Received 'finished' signal for unknown seq number = 4
04-06 02:16:52.680  4426  4426 W InputEventSender: Received 'finished' signal for unknown seq number = 5
04-06 02:16:52.680  4426  4426 W InputEventSender: Received 'finished' signal for unknown seq number = 6
04-06 02:16:52.680  4426  4426 W InputEventSender: Received 'finished' signal for unknown seq number = 7
04-06 02:16:52.680  4426  4426 W InputEventSender: Received 'finished' signal for unknown seq number = 8
04-06 02:16:52.680  4426  4426 W InputEventSender: Received 'finished' signal for unknown seq number = 9
04-06 02:16:52.682  4426  4721 D OpenGLRenderer: setSurface called with nullptr
04-06 02:16:52.682  4426  4721 D OpenGLRenderer: setSurface() destroyed EGLSurface
04-06 02:16:52.682  4426  4721 D OpenGLRenderer: destroyEglSurface
04-06 02:16:52.691  4426  4426 I ViewRootImpl@7f2009b[PopupWindow:f832caa]: dispatchDetachedFromWindow
04-06 02:16:52.693  4426  4426 D InputTransport: Input channel destroyed: '8f505df', fd=123
04-06 02:16:52.695  4426  4426 I ViewRootImpl@349ff1c[MainActivity]: ViewPostIme key 0
04-06 02:16:52.695  4426  4426 I ViewRootImpl@349ff1c[MainActivity]: ViewPostIme key 1
04-06 02:16:52.755  4426  4426 I ViewRootImpl@349ff1c[MainActivity]: ViewPostIme pointer 0
04-06 02:16:52.758  4426  4426 E unknown:ReactNative: Got DOWN touch before receiving UP or CANCEL from last gesture
04-06 02:16:52.758  4426  4426 I ViewRootImpl@349ff1c[MainActivity]: ViewPostIme pointer 1
04-06 02:16:52.840  4426  4426 I ViewRootImpl@349ff1c[MainActivity]: ViewPostIme pointer 0
04-06 02:16:52.840  4426  4426 E unknown:ReactNative: Got DOWN touch before receiving UP or CANCEL from last gesture
04-06 02:16:52.845  4426  4426 I ViewRootImpl@349ff1c[MainActivity]: ViewPostIme pointer 1
04-06 02:16:52.875  4426  4740 D Detox.RNMarker: DOWNLOAD_END ({"url":"http:\/\/localhost:8081\/.expo\/.virtual-metro-entry.bundle?platform=android&dev=true&lazy=true&minify=false&app=com.evolucao.app&modulesOnly=false&runModule=true&excludeSource=true&sourcePaths=url-server","filesChangedCount":0})
04-06 02:16:52.875  4426  4740 W unknown:BridgelessReact: ReactHost{0}.loadJSBundleFromMetro(): Creating BundleLoader
04-06 02:16:52.876  4426  4739 W unknown:BridgelessReact: ReactHost{0}.getOrCreateReactInstanceTask(): Creating BridgelessReactContext
04-06 02:16:52.877  4426  4739 W unknown:BridgelessReact: ReactHost{0}.getOrCreateReactInstanceTask(): Creating ReactInstance
04-06 02:16:52.887  4426  4740 D TrafficStats: tagSocket(131) with statsTag=0xffffffff, statsUid=-1
04-06 02:16:52.889  4426  4739 D jni_lib_merge: Entering merged library JNI_OnLoad.
04-06 02:16:52.889  4426  4739 D jni_lib_merge: Preparing 4 pre-merged libs (including stub)
04-06 02:16:52.889  4426  4739 D jni_lib_merge: Preparing to register libhermes_executor_so.  onload_func: 0x701e72dfa4
04-06 02:16:52.889  4426  4739 D jni_lib_merge: Preparing to register libhermesinstancejni_so.  onload_func: 0x701e7678b4
04-06 02:16:52.889  4426  4739 D jni_lib_merge: Preparing to register libjsijniprofiler_so.  onload_func: 0x701e7698f8
04-06 02:16:52.889  4426  4739 D jni_lib_merge: About to register 3 actual methods.
04-06 02:16:52.926  4426  4426 I ViewRootImpl@349ff1c[MainActivity]: setInTouchMode(false), android.view.ViewRootImpl.checkForLeavingTouchModeAndConsume:9376 android.view.ViewRootImpl.-$$Nest$mcheckForLeavingTouchModeAndConsume:0 android.view.ViewRootImpl$EarlyPostImeInputStage.processKeyEvent:7707 android.view.ViewRootImpl$EarlyPostImeInputStage.onProcess:7691 android.view.ViewRootImpl$InputStage.deliver:7213 android.view.ViewRootImpl$InputStage.onDeliverToNext:7270 android.view.ViewRootImpl$InputStage.forward:7236 android.view.ViewRootImpl$AsyncInputStage.forward:7467 android.view.ViewRootImpl$ImeInputStage.onFinishedInputEvent:7676 android.view.inputmethod.InputMethodManager$PendingEvent.run:3897 
04-06 02:16:52.927  4426  4426 I ViewRootImpl@349ff1c[MainActivity]: ViewPostIme key 0
04-06 02:16:52.927  4426  4426 I ViewRootImpl@349ff1c[MainActivity]: ViewPostIme key 1
04-06 02:16:52.986  4426  4739 I ExpoModulesCore: ✅ AppContext was initialized
04-06 02:16:53.009  4426  4426 I ViewRootImpl@349ff1c[MainActivity]: ViewPostIme pointer 0
04-06 02:16:53.010  4426  4426 E unknown:UIManagerHelper: Unhandled SoftException
04-06 02:16:53.010  4426  4426 E unknown:UIManagerHelper: com.facebook.react.bridge.ReactNoCrashSoftException: Cannot get UIManager because the instance hasn't been initialized yet.
04-06 02:16:53.010  4426  4426 E unknown:UIManagerHelper: 	at com.facebook.react.uimanager.UIManagerHelper.getUIManager(UIManagerHelper.kt:59)
04-06 02:16:53.010  4426  4426 E unknown:UIManagerHelper: 	at com.facebook.react.uimanager.UIManagerHelper.getUIManager(UIManagerHelper.kt:46)
04-06 02:16:53.010  4426  4426 E unknown:UIManagerHelper: 	at com.facebook.react.uimanager.JSTouchDispatcher.markActiveTouchForTag(JSTouchDispatcher.kt:225)
04-06 02:16:53.010  4426  4426 E unknown:UIManagerHelper: 	at com.facebook.react.uimanager.JSTouchDispatcher.handleTouchEvent(JSTouchDispatcher.kt:110)
04-06 02:16:53.010  4426  4426 E unknown:UIManagerHelper: 	at com.facebook.react.runtime.ReactSurfaceView.dispatchJSTouchEvent(ReactSurfaceView.kt:159)
04-06 02:16:53.010  4426  4426 E unknown:UIManagerHelper: 	at com.facebook.react.ReactRootView.onInterceptTouchEvent(ReactRootView.java:265)
04-06 02:16:53.010  4426  4426 E unknown:UIManagerHelper: 	at android.view.ViewGroup.dispatchTouchEvent(ViewGroup.java:2836)
04-06 02:16:53.010  4426  4426 E unknown:UIManagerHelper: 	at android.view.ViewGroup.dispatchTransformedTouchEvent(ViewGroup.java:3316)
04-06 02:16:53.010  4426  4426 E unknown:UIManagerHelper: 	at android.view.ViewGroup.dispatchTouchEvent(ViewGroup.java:2931)
04-06 02:16:53.010  4426  4426 E unknown:UIManagerHelper: 	at android.view.ViewGroup.dispatchTransformedTouchEvent(ViewGroup.java:3316)
04-06 02:16:53.010  4426  4426 E unknown:UIManagerHelper: 	at android.view.ViewGroup.dispatchTouchEvent(ViewGroup.java:2931)
04-06 02:16:53.010  4426  4426 E unknown:UIManagerHelper: 	at android.view.ViewGroup.dispatchTransformedTouchEvent(ViewGroup.java:3316)
04-06 02:16:53.010  4426  4426 E unknown:UIManagerHelper: 	at android.view.ViewGroup.dispatchTouchEvent(ViewGroup.java:2931)
04-06 02:16:53.010  4426  4426 E unknown:UIManagerHelper: 	at android.view.ViewGroup.dispatchTransformedTouchEvent(ViewGroup.java:3316)
04-06 02:16:53.010  4426  4426 E unknown:UIManagerHelper: 	at android.view.ViewGroup.dispatchTouchEvent(ViewGroup.java:2931)
04-06 02:16:53.010  4426  4426 E unknown:UIManagerHelper: 	at android.view.ViewGroup.dispatchTransformedTouchEvent(ViewGroup.java:3316)
04-06 02:16:53.010  4426  4426 E unknown:UIManagerHelper: 	at android.view.ViewGroup.dispatchTouchEvent(ViewGroup.java:2931)
04-06 02:16:53.010  4426  4426 E unknown:UIManagerHelper: 	at com.android.internal.policy.DecorView.superDispatchTouchEvent(DecorView.java:1116)
04-06 02:16:53.010  4426  4426 E unknown:UIManagerHelper: 	at com.android.internal.policy.PhoneWindow.superDispatchTouchEvent(PhoneWindow.java:1971)
04-06 02:16:53.010  4426  4426 E unknown:UIManagerHelper: 	at android.app.Activity.dispatchTouchEvent(Activity.java:4388)
04-06 02:16:53.010  4426  4426 E unknown:UIManagerHelper: 	at androidx.appcompat.view.WindowCallbackWrapper.dispatchTouchEvent(WindowCallbackWrapper.java:69)
04-06 02:16:53.010  4426  4426 E unknown:UIManagerHelper: 	at com.android.internal.policy.DecorView.dispatchTouchEvent(DecorView.java:1074)
04-06 02:16:53.010  4426  4426 E unknown:UIManagerHelper: 	at android.view.View.dispatchPointerEvent(View.java:15803)
04-06 02:16:53.010  4426  4426 E unknown:UIManagerHelper: 	at android.view.ViewRootImpl$ViewPostImeInputStage.processPointerEvent(ViewRootImpl.java:8153)
04-06 02:16:53.010  4426  4426 E unknown:UIManagerHelper: 	at android.view.ViewRootImpl$ViewPostImeInputStage.onProcess(ViewRootImpl.java:7877)
04-06 02:16:53.010  4426  4426 E unknown:UIManagerHelper: 	at android.view.ViewRootImpl$InputStage.deliver(ViewRootImpl.java:7213)
04-06 02:16:53.010  4426  4426 E unknown:UIManagerHelper: 	at android.view.ViewRootImpl$InputStage.onDeliverToNext(ViewRootImpl.java:7270)
04-06 02:16:53.010  4426  4426 E unknown:UIManagerHelper: 	at android.view.ViewRootImpl$InputStage.forward(ViewRootImpl.java:7236)
04-06 02:16:53.010  4426  4426 E unknown:UIManagerHelper: 	at android.view.ViewRootImpl$AsyncInputStage.forward(ViewRootImpl.java:7434)
04-06 02:16:53.010  4426  4426 E unknown:UIManagerHelper: 	at android.view.ViewRootImpl$InputStage.apply(ViewRootImpl.java:7244)
04-06 02:16:53.010  4426  4426 E unknown:UIManagerHelper: 	at android.view.ViewRootImpl$AsyncInputStage.apply(ViewRootImpl.java:7491)
04-06 02:16:53.010  4426  4426 E unknown:UIManagerHelper: 	at android.view.ViewRootImpl$InputStage.deliver(ViewRootImpl.java:7217)
04-06 02:16:53.010  4426  4426 E unknown:UIManagerHelper: 	at android.view.ViewRootImpl$InputStage.onDeliverToNext(ViewRootImpl.java:7270)
04-06 02:16:53.010  4426  4426 E unknown:UIManagerHelper: 	at android.view.ViewRootImpl$InputStage.forward(ViewRootImpl.java:7236)
04-06 02:16:53.010  4426  4426 E unknown:UIManagerHelper: 	at android.view.ViewRootImpl$InputStage.apply(ViewRootImpl.java:7244)
04-06 02:16:53.010  4426  4426 E unknown:UIManagerHelper: 	at android.view.ViewRootImpl$InputStage.deliver(ViewRootImpl.java:7217)
04-06 02:16:53.010  4426  4426 E unknown:UIManagerHelper: 	at android.view.ViewRootImpl.deliverInputEvent(ViewRootImpl.java:10788)
04-06 02:16:53.010  4426  4426 E unknown:UIManagerHelper: 	at android.view.ViewRootImpl.doProcessInputEvents(ViewRootImpl.java:10676)
04-06 02:16:53.010  4426  4426 E unknown:UIManagerHelper: 	at android.view.ViewRootImpl.enqueueInputEvent(ViewRootImpl.java:10632)
04-06 02:16:53.010  4426  4426 E unknown:UIManagerHelper: 	at android.view.ViewRootImpl$WindowInputEventReceiver.onInputEvent(ViewRootImpl.java:10926)
04-06 02:16:53.010  4426  4426 E unknown:UIManagerHelper: 	at android.view.InputEventReceiver.dispatchInputEvent(InputEventReceiver.java:285)
04-06 02:16:53.010  4426  4426 E unknown:UIManagerHelper: 	at android.os.MessageQueue.nativePollOnce(Native Method)
04-06 02:16:53.010  4426  4426 E unknown:UIManagerHelper: 	at android.os.MessageQueue.next(MessageQueue.java:335)
04-06 02:16:53.010  4426  4426 E unknown:UIManagerHelper: 	at android.os.Looper.loopOnce(Looper.java:186)
04-06 02:16:53.010  4426  4426 E unknown:UIManagerHelper: 	at android.os.Looper.loop(Looper.java:313)
04-06 02:16:53.010  4426  4426 E unknown:UIManagerHelper: 	at android.app.ActivityThread.main(ActivityThread.java:8762)
04-06 02:16:53.010  4426  4426 E unknown:UIManagerHelper: 	at java.lang.reflect.Method.invoke(Native Method)
04-06 02:16:53.010  4426  4426 E unknown:UIManagerHelper: 	at com.android.internal.os.RuntimeInit$MethodAndArgsCaller.run(RuntimeInit.java:604)
04-06 02:16:53.010  4426  4426 E unknown:UIManagerHelper: 	at com.android.internal.os.ZygoteInit.main(ZygoteInit.java:1067)
04-06 02:16:53.010  4426  4426 E unknown:ReactNative: Got DOWN touch before receiving UP or CANCEL from last gesture
04-06 02:16:53.010  4426  4426 E unknown:UIManagerHelper: Unhandled SoftException
04-06 02:16:53.010  4426  4426 E unknown:UIManagerHelper: com.facebook.react.bridge.ReactNoCrashSoftException: Cannot get UIManager because the instance hasn't been initialized yet.
04-06 02:16:53.010  4426  4426 E unknown:UIManagerHelper: 	at com.facebook.react.uimanager.UIManagerHelper.getUIManager(UIManagerHelper.kt:59)
04-06 02:16:53.010  4426  4426 E unknown:UIManagerHelper: 	at com.facebook.react.uimanager.UIManagerHelper.getUIManager(UIManagerHelper.kt:46)
04-06 02:16:53.010  4426  4426 E unknown:UIManagerHelper: 	at com.facebook.react.uimanager.JSTouchDispatcher.markActiveTouchForTag(JSTouchDispatcher.kt:225)
04-06 02:16:53.010  4426  4426 E unknown:UIManagerHelper: 	at com.facebook.react.uimanager.JSTouchDispatcher.handleTouchEvent(JSTouchDispatcher.kt:110)
04-06 02:16:53.010  4426  4426 E unknown:UIManagerHelper: 	at com.facebook.react.runtime.ReactSurfaceView.dispatchJSTouchEvent(ReactSurfaceView.kt:159)
04-06 02:16:53.010  4426  4426 E unknown:UIManagerHelper: 	at com.facebook.react.ReactRootView.onTouchEvent(ReactRootView.java:274)
04-06 02:16:53.010  4426  4426 E unknown:UIManagerHelper: 	at android.view.View.dispatchTouchEvent(View.java:15544)
04-06 02:16:53.010  4426  4426 E unknown:UIManagerHelper: 	at android.view.ViewGroup.dispatchTransformedTouchEvent(ViewGroup.java:3310)
04-06 02:16:53.010  4426  4426 E unknown:UIManagerHelper: 	at android.view.ViewGroup.dispatchTouchEvent(ViewGroup.java:2974)
04-06 02:16:53.010  4426  4426 E unknown:UIManagerHelper: 	at android.view.ViewGroup.dispatchTransformedTouchEvent(ViewGroup.java:3316)
04-06 02:16:53.010  4426  4426 E unknown:UIManagerHelper: 	at android.view.ViewGroup.dispatchTouchEvent(ViewGroup.java:2931)
04-06 02:16:53.010  4426  4426 E unknown:UIManagerHelper: 	at android.view.ViewGroup.dispatchTransformedTouchEvent(ViewGroup.java:3316)
04-06 02:16:53.010  4426  4426 E unknown:UIManagerHelper: 	at android.view.ViewGroup.dispatchTouchEvent(ViewGroup.java:2931)
04-06 02:16:53.010  4426  4426 E unknown:UIManagerHelper: 	at android.view.ViewGroup.dispatchTransformedTouchEvent(ViewGroup.java:3316)
04-06 02:16:53.010  4426  4426 E unknown:UIManagerHelper: 	at android.view.ViewGroup.dispatchTouchEvent(ViewGroup.java:2931)
04-06 02:16:53.010  4426  4426 E unknown:UIManagerHelper: 	at android.view.ViewGroup.dispatchTransformedTouchEvent(ViewGroup.java:3316)
04-06 02:16:53.010  4426  4426 E unknown:UIManagerHelper: 	at android.view.ViewGroup.dispatchTouchEvent(ViewGroup.java:2931)
04-06 02:16:53.010  4426  4426 E unknown:UIManagerHelper: 	at android.view.ViewGroup.dispatchTransformedTouchEvent(ViewGroup.java:3316)
04-06 02:16:53.010  4426  4426 E unknown:UIManagerHelper: 	at android.view.ViewGroup.dispatchTouchEvent(ViewGroup.java:2931)
04-06 02:16:53.010  4426  4426 E unknown:UIManagerHelper: 	at com.android.internal.policy.DecorView.superDispatchTouchEvent(DecorView.java:1116)
04-06 02:16:53.010  4426  4426 E unknown:UIManagerHelper: 	at com.android.internal.policy.PhoneWindow.superDispatchTouchEvent(PhoneWindow.java:1971)
04-06 02:16:53.010  4426  4426 E unknown:UIManagerHelper: 	at android.app.Activity.dispatchTouchEvent(Activity.java:4388)
04-06 02:16:53.010  4426  4426 E unknown:UIManagerHelper: 	at androidx.appcompat.view.WindowCallbackWrapper.dispatchTouchEvent(WindowCallbackWrapper.java:69)
04-06 02:16:53.010  4426  4426 E unknown:UIManagerHelper: 	at com.android.internal.policy.DecorView.dispatchTouchEvent(DecorView.java:1074)
04-06 02:16:53.010  4426  4426 E unknown:UIManagerHelper: 	at android.view.View.dispatchPointerEvent(View.java:15803)
04-06 02:16:53.010  4426  4426 E unknown:UIManagerHelper: 	at android.view.ViewRootImpl$ViewPostImeInputStage.processPointerEvent(ViewRootImpl.java:8153)
04-06 02:16:53.010  4426  4426 E unknown:UIManagerHelper: 	at android.view.ViewRootImpl$ViewPostImeInputStage.onProcess(ViewRootImpl.java:7877)
04-06 02:16:53.010  4426  4426 E unknown:UIManagerHelper: 	at android.view.ViewRootImpl$InputStage.deliver(ViewRootImpl.java:7213)
04-06 02:16:53.010  4426  4426 E unknown:UIManagerHelper: 	at android.view.ViewRootImpl$InputStage.onDeliverToNext(ViewRootImpl.java:7270)
04-06 02:16:53.010  4426  4426 E unknown:UIManagerHelper: 	at android.view.ViewRootImpl$InputStage.forward(ViewRootImpl.java:7236)
04-06 02:16:53.010  4426  4426 E unknown:UIManagerHelper: 	at android.view.ViewRootImpl$AsyncInputStage.forward(ViewRootImpl.java:7434)
04-06 02:16:53.010  4426  4426 E unknown:UIManagerHelper: 	at android.view.ViewRootImpl$InputStage.apply(ViewRootImpl.java:7244)
04-06 02:16:53.010  4426  4426 E unknown:UIManagerHelper: 	at android.view.ViewRootImpl$AsyncInputStage.apply(ViewRootImpl.java:7491)
04-06 02:16:53.010  4426  4426 E unknown:UIManagerHelper: 	at android.view.ViewRootImpl$InputStage.deliver(ViewRootImpl.java:7217)
04-06 02:16:53.010  4426  4426 E unknown:UIManagerHelper: 	at android.view.ViewRootImpl$InputStage.onDeliverToNext(ViewRootImpl.java:7270)
04-06 02:16:53.010  4426  4426 E unknown:UIManagerHelper: 	at android.view.ViewRootImpl$InputStage.forward(ViewRootImpl.java:7236)
04-06 02:16:53.010  4426  4426 E unknown:UIManagerHelper: 	at android.view.ViewRootImpl$InputStage.apply(ViewRootImpl.java:7244)
04-06 02:16:53.010  4426  4426 E unknown:UIManagerHelper: 	at android.view.ViewRootImpl$InputStage.deliver(ViewRootImpl.java:7217)
04-06 02:16:53.010  4426  4426 E unknown:UIManagerHelper: 	at android.view.ViewRootImpl.deliverInputEvent(ViewRootImpl.java:10788)
04-06 02:16:53.010  4426  4426 E unknown:UIManagerHelper: 	at android.view.ViewRootImpl.doProcessInputEvents(ViewRootImpl.java:10676)
04-06 02:16:53.010  4426  4426 E unknown:UIManagerHelper: 	at android.view.ViewRootImpl.enqueueInputEvent(ViewRootImpl.java:10632)
04-06 02:16:53.010  4426  4426 E unknown:UIManagerHelper: 	at android.view.ViewRootImpl$WindowInputEventReceiver.onInputEvent(ViewRootImpl.java:10926)
04-06 02:16:53.010  4426  4426 E unknown:UIManagerHelper: 	at android.view.InputEventReceiver.dispatchInputEvent(InputEventReceiver.java:285)
04-06 02:16:53.010  4426  4426 E unknown:UIManagerHelper: 	at android.os.MessageQueue.nativePollOnce(Native Method)
04-06 02:16:53.010  4426  4426 E unknown:UIManagerHelper: 	at android.os.MessageQueue.next(MessageQueue.java:335)
04-06 02:16:53.010  4426  4426 E unknown:UIManagerHelper: 	at android.os.Looper.loopOnce(Looper.java:186)
04-06 02:16:53.010  4426  4426 E unknown:UIManagerHelper: 	at android.os.Looper.loop(Looper.java:313)
04-06 02:16:53.010  4426  4426 E unknown:UIManagerHelper: 	at android.app.ActivityThread.main(ActivityThread.java:8762)
04-06 02:16:53.010  4426  4426 E unknown:UIManagerHelper: 	at java.lang.reflect.Method.invoke(Native Method)
04-06 02:16:53.010  4426  4426 E unknown:UIManagerHelper: 	at com.android.internal.os.RuntimeInit$MethodAndArgsCaller.run(RuntimeInit.java:604)
04-06 02:16:53.010  4426  4426 E unknown:UIManagerHelper: 	at com.android.internal.os.ZygoteInit.main(ZygoteInit.java:1067)
04-06 02:16:53.011  4426  4426 I ViewRootImpl@349ff1c[MainActivity]: ViewPostIme pointer 1
04-06 02:16:53.011  4426  4426 E unknown:UIManagerHelper: Unhandled SoftException
04-06 02:16:53.011  4426  4426 E unknown:UIManagerHelper: com.facebook.react.bridge.ReactNoCrashSoftException: Cannot get UIManager because the instance hasn't been initialized yet.
04-06 02:16:53.011  4426  4426 E unknown:UIManagerHelper: 	at com.facebook.react.uimanager.UIManagerHelper.getUIManager(UIManagerHelper.kt:59)
04-06 02:16:53.011  4426  4426 E unknown:UIManagerHelper: 	at com.facebook.react.uimanager.UIManagerHelper.getUIManager(UIManagerHelper.kt:46)
04-06 02:16:53.011  4426  4426 E unknown:UIManagerHelper: 	at com.facebook.react.uimanager.JSTouchDispatcher.sweepActiveTouchForTag(JSTouchDispatcher.kt:233)
04-06 02:16:53.011  4426  4426 E unknown:UIManagerHelper: 	at com.facebook.react.uimanager.JSTouchDispatcher.handleTouchEvent(JSTouchDispatcher.kt:153)
04-06 02:16:53.011  4426  4426 E unknown:UIManagerHelper: 	at com.facebook.react.runtime.ReactSurfaceView.dispatchJSTouchEvent(ReactSurfaceView.kt:159)
04-06 02:16:53.011  4426  4426 E unknown:UIManagerHelper: 	at com.facebook.react.ReactRootView.onTouchEvent(ReactRootView.java:274)
04-06 02:16:53.011  4426  4426 E unknown:UIManagerHelper: 	at android.view.View.dispatchTouchEvent(View.java:15544)
04-06 02:16:53.011  4426  4426 E unknown:UIManagerHelper: 	at android.view.ViewGroup.dispatchTransformedTouchEvent(ViewGroup.java:3310)
04-06 02:16:53.011  4426  4426 E unknown:UIManagerHelper: 	at android.view.ViewGroup.dispatchTouchEvent(ViewGroup.java:2974)
04-06 02:16:53.011  4426  4426 E unknown:UIManagerHelper: 	at android.view.ViewGroup.dispatchTransformedTouchEvent(ViewGroup.java:3316)
04-06 02:16:53.011  4426  4426 E unknown:UIManagerHelper: 	at android.view.ViewGroup.dispatchTouchEvent(ViewGroup.java:2990)
04-06 02:16:53.011  4426  4426 E unknown:UIManagerHelper: 	at android.view.ViewGroup.dispatchTransformedTouchEvent(ViewGroup.java:3316)
04-06 02:16:53.011  4426  4426 E unknown:UIManagerHelper: 	at android.view.ViewGroup.dispatchTouchEvent(ViewGroup.java:2990)
04-06 02:16:53.011  4426  4426 E unknown:UIManagerHelper: 	at android.view.ViewGroup.dispatchTransformedTouchEvent(ViewGroup.java:3316)
04-06 02:16:53.011  4426  4426 E unknown:UIManagerHelper: 	at android.view.ViewGroup.dispatchTouchEvent(ViewGroup.java:2990)
04-06 02:16:53.011  4426  4426 E unknown:UIManagerHelper: 	at android.view.ViewGroup.dispatchTransformedTouchEvent(ViewGroup.java:3316)
04-06 02:16:53.011  4426  4426 E unknown:UIManagerHelper: 	at android.view.ViewGroup.dispatchTouchEvent(ViewGroup.java:2990)
04-06 02:16:53.011  4426  4426 E unknown:UIManagerHelper: 	at android.view.ViewGroup.dispatchTransformedTouchEvent(ViewGroup.java:3316)
04-06 02:16:53.011  4426  4426 E unknown:UIManagerHelper: 	at android.view.ViewGroup.dispatchTouchEvent(ViewGroup.java:2990)
04-06 02:16:53.011  4426  4426 E unknown:UIManagerHelper: 	at com.android.internal.policy.DecorView.superDispatchTouchEvent(DecorView.java:1116)
04-06 02:16:53.011  4426  4426 E unknown:UIManagerHelper: 	at com.android.internal.policy.PhoneWindow.superDispatchTouchEvent(PhoneWindow.java:1971)
04-06 02:16:53.011  4426  4426 E unknown:UIManagerHelper: 	at android.app.Activity.dispatchTouchEvent(Activity.java:4388)
04-06 02:16:53.011  4426  4426 E unknown:UIManagerHelper: 	at androidx.appcompat.view.WindowCallbackWrapper.dispatchTouchEvent(WindowCallbackWrapper.java:69)
04-06 02:16:53.011  4426  4426 E unknown:UIManagerHelper: 	at com.android.internal.policy.DecorView.dispatchTouchEvent(DecorView.java:1074)
04-06 02:16:53.011  4426  4426 E unknown:UIManagerHelper: 	at android.view.View.dispatchPointerEvent(View.java:15803)
04-06 02:16:53.011  4426  4426 E unknown:UIManagerHelper: 	at android.view.ViewRootImpl$ViewPostImeInputStage.processPointerEvent(ViewRootImpl.java:8153)
04-06 02:16:53.011  4426  4426 E unknown:UIManagerHelper: 	at android.view.ViewRootImpl$ViewPostImeInputStage.onProcess(ViewRootImpl.java:7877)
04-06 02:16:53.011  4426  4426 E unknown:UIManagerHelper: 	at android.view.ViewRootImpl$InputStage.deliver(ViewRootImpl.java:7213)
04-06 02:16:53.011  4426  4426 E unknown:UIManagerHelper: 	at android.view.ViewRootImpl$InputStage.onDeliverToNext(ViewRootImpl.java:7270)
04-06 02:16:53.011  4426  4426 E unknown:UIManagerHelper: 	at android.view.ViewRootImpl$InputStage.forward(ViewRootImpl.java:7236)
04-06 02:16:53.011  4426  4426 E unknown:UIManagerHelper: 	at android.view.ViewRootImpl$AsyncInputStage.forward(ViewRootImpl.java:7434)
04-06 02:16:53.011  4426  4426 E unknown:UIManagerHelper: 	at android.view.ViewRootImpl$InputStage.apply(ViewRootImpl.java:7244)
04-06 02:16:53.011  4426  4426 E unknown:UIManagerHelper: 	at android.view.ViewRootImpl$AsyncInputStage.apply(ViewRootImpl.java:7491)
04-06 02:16:53.011  4426  4426 E unknown:UIManagerHelper: 	at android.view.ViewRootImpl$InputStage.deliver(ViewRootImpl.java:7217)
04-06 02:16:53.011  4426  4426 E unknown:UIManagerHelper: 	at android.view.ViewRootImpl$InputStage.onDeliverToNext(ViewRootImpl.java:7270)
04-06 02:16:53.011  4426  4426 E unknown:UIManagerHelper: 	at android.view.ViewRootImpl$InputStage.forward(ViewRootImpl.java:7236)
04-06 02:16:53.011  4426  4426 E unknown:UIManagerHelper: 	at android.view.ViewRootImpl$InputStage.apply(ViewRootImpl.java:7244)
04-06 02:16:53.011  4426  4426 E unknown:UIManagerHelper: 	at android.view.ViewRootImpl$InputStage.deliver(ViewRootImpl.java:7217)
04-06 02:16:53.011  4426  4426 E unknown:UIManagerHelper: 	at android.view.ViewRootImpl.deliverInputEvent(ViewRootImpl.java:10788)
04-06 02:16:53.011  4426  4426 E unknown:UIManagerHelper: 	at android.view.ViewRootImpl.doProcessInputEvents(ViewRootImpl.java:10676)
04-06 02:16:53.011  4426  4426 E unknown:UIManagerHelper: 	at android.view.ViewRootImpl.enqueueInputEvent(ViewRootImpl.java:10632)
04-06 02:16:53.011  4426  4426 E unknown:UIManagerHelper: 	at android.view.ViewRootImpl$WindowInputEventReceiver.onInputEvent(ViewRootImpl.java:10926)
04-06 02:16:53.011  4426  4426 E unknown:UIManagerHelper: 	at android.view.InputEventReceiver.dispatchInputEvent(InputEventReceiver.java:285)
04-06 02:16:53.011  4426  4426 E unknown:UIManagerHelper: 	at android.os.MessageQueue.nativePollOnce(Native Method)
04-06 02:16:53.011  4426  4426 E unknown:UIManagerHelper: 	at android.os.MessageQueue.next(MessageQueue.java:335)
04-06 02:16:53.011  4426  4426 E unknown:UIManagerHelper: 	at android.os.Looper.loopOnce(Looper.java:186)
04-06 02:16:53.011  4426  4426 E unknown:UIManagerHelper: 	at android.os.Looper.loop(Looper.java:313)
04-06 02:16:53.011  4426  4426 E unknown:UIManagerHelper: 	at android.app.ActivityThread.main(ActivityThread.java:8762)
04-06 02:16:53.011  4426  4426 E unknown:UIManagerHelper: 	at java.lang.reflect.Method.invoke(Native Method)
04-06 02:16:53.011  4426  4426 E unknown:UIManagerHelper: 	at com.android.internal.os.RuntimeInit$MethodAndArgsCaller.run(RuntimeInit.java:604)
04-06 02:16:53.011  4426  4426 E unknown:UIManagerHelper: 	at com.android.internal.os.ZygoteInit.main(ZygoteInit.java:1067)
04-06 02:16:53.017  4426  4739 W unknown:BridgelessReact: ReactHost{0}.getOrCreateReactInstanceTask(): Loading JS Bundle
04-06 02:16:53.017  4426  4739 W unknown:BridgelessReact: ReactHost{0}.getOrCreateReactInstanceTask(): DevSupportManager.onNewReactContextCreated()
04-06 02:16:53.017  4426  4761 D Detox.RNMarker: RUN_JS_BUNDLE_START (/.virtual-metro-entry.bundle?platform=android&dev=true&lazy=true&minify=false&app=com.evolucao.app&modulesOnly=false&runModule=true&excludeSource=true&sourcePaths=url-server)
04-06 02:16:53.023  4426  4426 W unknown:ReactNative: Packager connection already open, nooping.
04-06 02:16:53.024  4426  4426 W unknown:BridgelessReact: ReactHost{0}.ReactContext.onHostResume()
04-06 02:16:53.024  4426  4739 W unknown:BridgelessReact: ReactHost{0}.startSurface(surfaceId = 0): Execute
04-06 02:16:53.027  4426  4426 W unknown:BridgelessReact: ReactHost{0}.getOrCreateReactInstanceTask(): Executing ReactInstanceEventListeners
04-06 02:16:53.027  4426  4426 I DetoxRNLoading: Got new RN-context through listener
04-06 02:16:53.028  4426  4669 I DetoxRNIdleRes: Setting up Espresso Idling Resources for React Native
04-06 02:16:53.035  4426  4426 D DetoxRNHelpers: Native RN module resolution (class com.reactnativecommunity.asyncstorage.AsyncStorageModule): no registered module found
04-06 02:16:53.036  4426  4669 D IdlingRegistry: Registering idling resources: [com.wix.detox.reactnative.idlingresources.uimodule.fabric.FabricUIManagerIdlingResources@7ac4be2]
04-06 02:16:53.036  4426  4669 D IdlingRegistry: Registering idling resources: [com.wix.detox.reactnative.idlingresources.animations.AnimatedModuleIdlingResource@6475b73]
04-06 02:16:53.036  4426  4669 D IdlingRegistry: Registering idling resources: [com.wix.detox.reactnative.idlingresources.timers.FabricTimersIdlingResource@8312a30]
04-06 02:16:53.036  4426  4669 D IdlingRegistry: Registering idling resources: [com.wix.detox.reactnative.idlingresources.network.NetworkIdlingResource@8e9c6a9]
04-06 02:16:53.036  4426  4669 D IdlingRegistry: Registering idling resources: [com.wix.detox.reactnative.idlingresources.StabilizedIdlingResource@5c7442e]
04-06 02:16:53.053  4426  4762 W om.evolucao.app: Accessing hidden method Landroid/os/MessageQueue;->next()Landroid/os/Message; (unsupported, reflection, allowed)
04-06 02:16:53.053  4426  4762 W om.evolucao.app: Accessing hidden field Landroid/os/MessageQueue;->mMessages:Landroid/os/Message; (unsupported, reflection, allowed)
04-06 02:16:53.053  4426  4762 W om.evolucao.app: Accessing hidden method Landroid/os/Message;->recycleUnchecked()V (unsupported, reflection, allowed)
04-06 02:16:53.199  4426  4426 D DetoxRNHelpers: Native RN module resolution (class com.reactnativecommunity.asyncstorage.AsyncStorageModule): no registered module found
04-06 02:16:53.199  4426  4703 W om.evolucao.app: Long monitor contention with owner Instr: androidx.test.runner.AndroidJUnitRunner (4669) at void com.wix.detox.DetoxMain.launchActivityOnCue(android.content.Context, com.wix.detox.ActivityLaunchHelper)(DetoxMain.kt:53) waiters=0 in void com.wix.detox.DetoxMain$setupActionHandlers$SynchronizedActionHandler.handle(java.lang.String, long) for 863ms
04-06 02:16:53.200  4426  4426 I ViewRootImpl@349ff1c[MainActivity]: setInTouchMode(false), android.view.ViewRootImpl.checkForLeavingTouchModeAndConsume:9376 android.view.ViewRootImpl.-$$Nest$mcheckForLeavingTouchModeAndConsume:0 android.view.ViewRootImpl$EarlyPostImeInputStage.processKeyEvent:7707 android.view.ViewRootImpl$EarlyPostImeInputStage.onProcess:7691 android.view.ViewRootImpl$InputStage.deliver:7213 android.view.ViewRootImpl$InputStage.onDeliverToNext:7270 android.view.ViewRootImpl$InputStage.forward:7236 android.view.ViewRootImpl$AsyncInputStage.forward:7467 android.view.ViewRootImpl$ImeInputStage.onFinishedInputEvent:7676 android.view.inputmethod.InputMethodManager$PendingEvent.run:3897 
04-06 02:16:53.200  4426  4426 I ViewRootImpl@349ff1c[MainActivity]: ViewPostIme key 0
04-06 02:16:53.202  4426  4426 I ViewRootImpl@349ff1c[MainActivity]: ViewPostIme key 1
04-06 02:16:53.268  4426  4762 I WebViewFactory: Loading com.google.android.webview version 146.0.7680.164 (code 768016403)
04-06 02:16:53.270  4426  4762 D ApplicationLoaders: Returning zygote-cached class loader: /system/framework/android.test.base.jar
04-06 02:16:53.274  4426  4762 D nativeloader: Configuring classloader-namespace for other apk /data/app/~~23ppwVuk64Fm9vdWCRWMMw==/com.google.android.webview-FPIphznatdLDx2VBYoD68A==/base.apk. target_sdk_version=36, uses_libraries=, library_path=/data/app/~~23ppwVuk64Fm9vdWCRWMMw==/com.google.android.webview-FPIphznatdLDx2VBYoD68A==/lib/arm64:/data/app/~~23ppwVuk64Fm9vdWCRWMMw==/com.google.android.webview-FPIphznatdLDx2VBYoD68A==/base.apk!/lib/arm64-v8a, permitted_path=/data:/mnt/expand
04-06 02:16:53.283  4426  4426 I ViewRootImpl@349ff1c[MainActivity]: ViewPostIme pointer 0
04-06 02:16:53.285  4426  4426 E unknown:ReactNative: Got DOWN touch before receiving UP or CANCEL from last gesture
04-06 02:16:53.286  4426  4426 I ViewRootImpl@349ff1c[MainActivity]: ViewPostIme pointer 1
04-06 02:16:53.303  4426  4762 I cr_WVCFactoryProvider: version=146.0.7680.164 (768016403) minSdkVersion=29 multiprocess=true packageId=127 splits=<none>
04-06 02:16:53.313  4426  4787 I chromium: [0406/021653.312285:INFO:android_webview/browser/variations/variations_seed_loader.cc:67] Failed to open file for reading.: No such file or directory (2)
04-06 02:16:53.313  4426  4787 I chromium: [0406/021653.313166:INFO:android_webview/browser/variations/variations_seed_loader.cc:67] Failed to open file for reading.: No such file or directory (2)
04-06 02:16:53.318  4426  4761 W BridgelessReactContext: [WARNING] Bridgeless doesn't support CatalystInstance. Accessing an API that's not part of the new architecture is not encouraged usage.
04-06 02:16:53.322  4426  4762 I cr_LibraryLoader: Successfully loaded native library
04-06 02:16:53.323  4426  4762 I cr_CachingUmaRecorder: Flushed 16 samples from 16 histograms, 0 samples were dropped.
04-06 02:16:53.326  4426  4761 I ExpoModulesCore: ✅ JSI interop was installed
04-06 02:16:53.333  4426  4761 I ExpoModulesCore: ✅ Constants were exported
04-06 02:16:53.350  4426  4792 D TrafficStats: tagSocket(146) with statsTag=0xffffffff, statsUid=-1
04-06 02:16:53.352  4426  4792 D TrafficStats: tagSocket(146) with statsTag=0xffffffff, statsUid=-1
04-06 02:16:53.369  4426  4426 I ViewRootImpl@349ff1c[MainActivity]: setInTouchMode(false), android.view.ViewRootImpl.checkForLeavingTouchModeAndConsume:9376 android.view.ViewRootImpl.-$$Nest$mcheckForLeavingTouchModeAndConsume:0 android.view.ViewRootImpl$EarlyPostImeInputStage.processKeyEvent:7707 android.view.ViewRootImpl$EarlyPostImeInputStage.onProcess:7691 android.view.ViewRootImpl$InputStage.deliver:7213 android.view.ViewRootImpl$InputStage.onDeliverToNext:7270 android.view.ViewRootImpl$InputStage.forward:7236 android.view.ViewRootImpl$AsyncInputStage.forward:7467 android.view.ViewRootImpl$ImeInputStage.onFinishedInputEvent:7676 android.view.inputmethod.InputMethodManager$PendingEvent.run:3897 
04-06 02:16:53.369  4426  4426 I ViewRootImpl@349ff1c[MainActivity]: ViewPostIme key 0
04-06 02:16:53.370  4426  4426 I ViewRootImpl@349ff1c[MainActivity]: ViewPostIme key 1
04-06 02:16:53.378  4426  4761 W unknown:ViewManagerPropertyUpdater: Could not find generated setter for class com.th3rdwave.safeareacontext.SafeAreaProviderManager
04-06 02:16:53.381  4426  4761 W unknown:ViewManagerPropertyUpdater: Could not find generated setter for class com.facebook.react.uimanager.LayoutShadowNode
04-06 02:16:53.382  4426  4761 W unknown:ViewManagerPropertyUpdater: Could not find generated setter for class com.swmansion.rnscreens.SearchBarManager
04-06 02:16:53.383  4426  4761 W unknown:ViewManagerPropertyUpdater: Could not find generated setter for class com.swmansion.rnscreens.ScreenFooterManager
04-06 02:16:53.384  4426  4761 W unknown:ViewManagerPropertyUpdater: Could not find generated setter for class com.swmansion.rnscreens.gamma.tabs.TabScreenViewManager
04-06 02:16:53.385  4426  4761 W unknown:ViewManagerPropertyUpdater: Could not find generated setter for class expo.modules.kotlin.views.GroupViewManagerWrapper
04-06 02:16:53.386  4426  4761 W unknown:ViewManagerPropertyUpdater: Could not find generated setter for class com.swmansion.rnscreens.ScreenContainerViewManager
04-06 02:16:53.386  4426  4761 W unknown:ViewManagerPropertyUpdater: Could not find generated setter for class com.swmansion.rnscreens.gamma.tabs.TabsHostViewManager
04-06 02:16:53.387  4426  4761 W unknown:ViewManagerPropertyUpdater: Could not find generated setter for class com.swmansion.rnscreens.ModalScreenViewManager
04-06 02:16:53.389  4426  4761 W unknown:ViewManagerPropertyUpdater: Could not find generated setter for class com.swmansion.rnscreens.ScreenStackHeaderConfigViewManager
04-06 02:16:53.389  4426  4761 W unknown:ViewManagerPropertyUpdater: Could not find generated setter for class com.swmansion.rnscreens.ScreenContentWrapperManager
04-06 02:16:53.390  4426  4761 W unknown:ViewManagerPropertyUpdater: Could not find generated setter for class com.th3rdwave.safeareacontext.SafeAreaViewManager
04-06 02:16:53.393  4426  4761 W unknown:ViewManagerPropertyUpdater: Could not find generated setter for class com.th3rdwave.safeareacontext.SafeAreaViewShadowNode
04-06 02:16:53.394  4426  4761 W unknown:ViewManagerPropertyUpdater: Could not find generated setter for class com.swmansion.rnscreens.safearea.SafeAreaViewManager
04-06 02:16:53.394  4426  4761 W unknown:ViewManagerPropertyUpdater: Could not find generated setter for class com.swmansion.rnscreens.safearea.paper.SafeAreaViewShadowNode
04-06 02:16:53.395  4426  4761 W unknown:ViewManagerPropertyUpdater: Could not find generated setter for class com.swmansion.rnscreens.ScreenViewManager
04-06 02:16:53.395  4426  4761 W unknown:ViewManagerPropertyUpdater: Could not find generated setter for class com.swmansion.rnscreens.gamma.stack.host.StackHostViewManager
04-06 02:16:53.396  4426  4761 W unknown:ViewManagerPropertyUpdater: Could not find generated setter for class com.swmansion.rnscreens.ScreenStackHeaderSubviewManager
04-06 02:16:53.396  4426  4761 W unknown:ViewManagerPropertyUpdater: Could not find generated setter for class com.swmansion.rnscreens.gamma.stack.screen.StackScreenViewManager
04-06 02:16:53.397  4426  4761 W unknown:ViewManagerPropertyUpdater: Could not find generated setter for class com.swmansion.rnscreens.ScreenStackViewManager
04-06 02:16:53.456  4426  4426 W unknown:BridgelessReact: ReactHost{0}.onHostPause(activity)
04-06 02:16:53.458  4426  4426 D SensorManager: unregisterListener
04-06 02:16:53.458  4426  4426 W unknown:BridgelessReact: ReactHost{0}.ReactContext.onHostPause()
04-06 02:16:53.459  4426  4426 D LifecycleMonitor: Lifecycle status change: com.evolucao.app.MainActivity@a02a006 in: PAUSED
04-06 02:16:53.460  4426  4426 I ViewRootImpl@349ff1c[MainActivity]: stopped(false) old = false
04-06 02:16:53.460  4426  4426 W unknown:BridgelessReact: ReactHost{0}.onHostResume(activity)
04-06 02:16:53.461  4426  4426 D SensorManager: registerListener :: 11, LSM6DSO Accelerometer, 66667, 0, 
04-06 02:16:53.463  4426  4426 W unknown:BridgelessReact: ReactHost{0}.ReactContext.onHostResume()
04-06 02:16:53.463  4426  4426 D LifecycleMonitor: Lifecycle status change: com.evolucao.app.MainActivity@a02a006 in: RESUMED
04-06 02:16:53.464  4426  4426 I DecorView: notifyKeepScreenOnChanged: keepScreenOn=false
04-06 02:16:53.464  4426  4426 I MSHandlerLifeCycle: removeMultiSplitHandler: no exist. decor=DecorView@de473f9[MainActivity]
04-06 02:16:53.464  4426  4792 D TrafficStats: tagSocket(108) with statsTag=0xffffffff, statsUid=-1
04-06 02:16:53.465  4426  4426 I ViewRootImpl@349ff1c[MainActivity]: performTraversals params={(0,0)(fillxfill) sim={adjust=resize forwardNavigation} layoutInDisplayCutoutMode=always ty=BASE_APPLICATION wanim=0x1030309
04-06 02:16:53.465  4426  4426 I ViewRootImpl@349ff1c[MainActivity]:   fl=81810100
04-06 02:16:53.465  4426  4426 I ViewRootImpl@349ff1c[MainActivity]:   pfl=16020040
04-06 02:16:53.465  4426  4426 I ViewRootImpl@349ff1c[MainActivity]:   vsysui=100
04-06 02:16:53.465  4426  4426 I ViewRootImpl@349ff1c[MainActivity]:   bhv=DEFAULT
04-06 02:16:53.465  4426  4426 I ViewRootImpl@349ff1c[MainActivity]:   fitSides= naviIconColor=0}
04-06 02:16:53.465  4426  4426 I ViewRootImpl@349ff1c[MainActivity]: performTraversals mFirst=false windowShouldResize=false viewVisibilityChanged=false mForceNextWindowRelayout=false params={(0,0)(fillxfill) sim={adjust=resize forwardNavigation} layoutInDisplayCutoutMode=always ty=BASE_APPLICATION wanim=0x1030309
04-06 02:16:53.465  4426  4426 I ViewRootImpl@349ff1c[MainActivity]:   fl=81810100
04-06 02:16:53.465  4426  4426 I ViewRootImpl@349ff1c[MainActivity]:   pfl=16020040
04-06 02:16:53.465  4426  4426 I ViewRootImpl@349ff1c[MainActivity]:   vsysui=100
04-06 02:16:53.465  4426  4426 I ViewRootImpl@349ff1c[MainActivity]:   bhv=DEFAULT
04-06 02:16:53.465  4426  4426 I ViewRootImpl@349ff1c[MainActivity]:   fitSides= naviIconColor=0}
04-06 02:16:53.469  4426  4426 I ViewRootImpl@349ff1c[MainActivity]: updateBlastSurfaceIfNeeded mBlastBufferQueue=0xb4000070c2c34c00 isSameSurfaceControl=true
04-06 02:16:53.469  4426  4426 I BLASTBufferQueue: update, w= 1080 h= 2400 mName = ViewRootImpl@349ff1c[MainActivity] mNativeObject= 0xb4000070c2c34c00 sc.mNativeObject= 0xb4000070172d23e0 format= -1 caller= android.view.ViewRootImpl.updateBlastSurfaceIfNeeded:2898 android.view.ViewRootImpl.relayoutWindow:9847 android.view.ViewRootImpl.performTraversals:3884 android.view.ViewRootImpl.doTraversal:3116 android.view.ViewRootImpl$TraversalRunnable.run:10885 android.view.Choreographer$CallbackRecord.run:1301 
04-06 02:16:53.469  4426  4426 I ViewRootImpl@349ff1c[MainActivity]: Relayout returned: old=(0,0,1080,2400) new=(0,0,1080,2400) req=(1080,2400)0 dur=3 res=0x0 s={true 0xb4000070a0e6a000} ch=false seqId=0
04-06 02:16:53.480  4426  4761 W unknown:ViewManagerPropertyUpdater: Could not find generated setter for class com.facebook.react.views.debuggingoverlay.DebuggingOverlayManager
04-06 02:16:53.485  4426  4761 W unknown:ViewManagerPropertyUpdater: Could not find generated setter for class com.swmansion.gesturehandler.react.RNGestureHandlerButtonViewManager
04-06 02:16:53.489  4426  4761 W unknown:ViewManagerPropertyUpdater: Could not find generated setter for class com.facebook.react.views.safeareaview.ReactSafeAreaViewManager
04-06 02:16:53.494  4426  4761 W unknown:ViewManagerPropertyUpdater: Could not find generated setter for class com.facebook.react.views.modal.ReactModalHostManager
04-06 02:16:53.500  4426  4761 W unknown:ViewManagerPropertyUpdater: Could not find generated setter for class com.facebook.react.views.text.frescosupport.FrescoBasedReactTextInlineImageViewManager
04-06 02:16:53.500  4426  4761 W unknown:ViewManagerPropertyUpdater: Could not find generated setter for class com.facebook.react.views.text.frescosupport.FrescoBasedReactTextInlineImageShadowNode
04-06 02:16:53.505  4426  4761 W unknown:ViewManagerPropertyUpdater: Could not find generated setter for class com.facebook.react.views.progressbar.ReactProgressBarViewManager
04-06 02:16:53.505  4426  4761 W unknown:ViewManagerPropertyUpdater: Could not find generated setter for class com.facebook.react.views.progressbar.ProgressBarShadowNode
