04-06 02:17:36.779  6782  6782 I ViewRootImpl@8125395[PopupWindow:b19674c]: Setting syncFrameCallback
04-06 02:17:36.779  6782  6782 I ViewRootImpl@8125395[PopupWindow:b19674c]: registerCallbacksForSync syncBuffer=false
04-06 02:17:36.780  6782  6948 I ViewRootImpl@8125395[PopupWindow:b19674c]: Received frameDrawingCallback syncResult=0 frameNum=3.
04-06 02:17:36.780  6782  6948 I ViewRootImpl@8125395[PopupWindow:b19674c]: Setting up sync and frameCommitCallback
04-06 02:17:36.787  6782  6922 I ViewRootImpl@8125395[PopupWindow:b19674c]: Received frameCommittedCallback lastAttemptedDrawFrameNum=3 didProduceBuffer=true
04-06 02:17:36.787  6782  6782 I ViewRootImpl@8125395[PopupWindow:b19674c]: onSyncComplete
04-06 02:17:36.787  6782  6782 I ViewRootImpl@8125395[PopupWindow:b19674c]: setupSync seqId=0 mSyncId=1 fn=3 caller=android.view.ViewRootImpl$$ExternalSyntheticLambda11.accept:6 android.window.SurfaceSyncer.lambda$setupSync$1$android-window-SurfaceSyncer:128 android.window.SurfaceSyncer$$ExternalSyntheticLambda1.accept:8 android.window.SurfaceSyncer$SyncSet.checkIfSyncIsComplete:382 android.window.SurfaceSyncer$SyncSet.markSyncReady:359 android.window.SurfaceSyncer.markSyncReady:151 android.view.ViewRootImpl.performTraversals:4503 
04-06 02:17:36.787  6782  6782 I ViewRootImpl@8125395[PopupWindow:b19674c]: reportDrawFinished seqId=0 mSyncId=-1 fn=3 mSurfaceChangedTransaction=0xb4000070a04a7e00
04-06 02:17:36.969  6782  6782 I ViewRootImpl@8125395[PopupWindow:b19674c]: MSG_WINDOW_TOUCH_MODE_CHANGED 
04-06 02:17:36.978  6782  6782 I ViewRootImpl@73623ee[MainActivity]: MSG_WINDOW_TOUCH_MODE_CHANGED 
04-06 02:17:37.093  6782  6941 D Detox.RNMarker: DOWNLOAD_END ({"url":"http:\/\/localhost:8081\/.expo\/.virtual-metro-entry.bundle?platform=android&dev=true&lazy=true&minify=false&app=com.evolucao.app&modulesOnly=false&runModule=true&excludeSource=true&sourcePaths=url-server","filesChangedCount":0})
04-06 02:17:37.093  6782  6941 W unknown:BridgelessReact: ReactHost{0}.loadJSBundleFromMetro(): Creating BundleLoader
04-06 02:17:37.094  6782  6922 D OpenGLRenderer: setSurface called with nullptr
04-06 02:17:37.094  6782  6922 D OpenGLRenderer: setSurface() destroyed EGLSurface
04-06 02:17:37.094  6782  6922 D OpenGLRenderer: destroyEglSurface
04-06 02:17:37.094  6782  6940 W unknown:BridgelessReact: ReactHost{0}.getOrCreateReactInstanceTask(): Creating BridgelessReactContext
04-06 02:17:37.096  6782  6940 W unknown:BridgelessReact: ReactHost{0}.getOrCreateReactInstanceTask(): Creating ReactInstance
04-06 02:17:37.097  6782  6782 I ViewRootImpl@8125395[PopupWindow:b19674c]: dispatchDetachedFromWindow
04-06 02:17:37.107  6782  6782 D InputTransport: Input channel destroyed: '233791 ', fd=123
04-06 02:17:37.126  6782  6941 D TrafficStats: tagSocket(131) with statsTag=0xffffffff, statsUid=-1
04-06 02:17:37.126  6782  6940 D jni_lib_merge: Entering merged library JNI_OnLoad.
04-06 02:17:37.126  6782  6940 D jni_lib_merge: Preparing 4 pre-merged libs (including stub)
04-06 02:17:37.127  6782  6940 D jni_lib_merge: Preparing to register libhermes_executor_so.  onload_func: 0x7019c8cfa4
04-06 02:17:37.127  6782  6940 D jni_lib_merge: Preparing to register libhermesinstancejni_so.  onload_func: 0x7019cc68b4
04-06 02:17:37.127  6782  6940 D jni_lib_merge: Preparing to register libjsijniprofiler_so.  onload_func: 0x7019cc88f8
04-06 02:17:37.127  6782  6940 D jni_lib_merge: About to register 3 actual methods.
04-06 02:17:37.219  6782  6782 I ViewRootImpl@73623ee[MainActivity]: MSG_WINDOW_TOUCH_MODE_CHANGED 
04-06 02:17:37.258  6782  6940 I ExpoModulesCore: ✅ AppContext was initialized
04-06 02:17:37.289  6782  6940 W unknown:BridgelessReact: ReactHost{0}.getOrCreateReactInstanceTask(): Loading JS Bundle
04-06 02:17:37.289  6782  6940 W unknown:BridgelessReact: ReactHost{0}.getOrCreateReactInstanceTask(): DevSupportManager.onNewReactContextCreated()
04-06 02:17:37.290  6782  6962 D Detox.RNMarker: RUN_JS_BUNDLE_START (/.virtual-metro-entry.bundle?platform=android&dev=true&lazy=true&minify=false&app=com.evolucao.app&modulesOnly=false&runModule=true&excludeSource=true&sourcePaths=url-server)
04-06 02:17:37.293  6782  6782 W unknown:ReactNative: Packager connection already open, nooping.
04-06 02:17:37.298  6782  6782 W unknown:BridgelessReact: ReactHost{0}.ReactContext.onHostResume()
04-06 02:17:37.299  6782  6940 W unknown:BridgelessReact: ReactHost{0}.startSurface(surfaceId = 0): Execute
04-06 02:17:37.301  6782  6782 W unknown:BridgelessReact: ReactHost{0}.getOrCreateReactInstanceTask(): Executing ReactInstanceEventListeners
04-06 02:17:37.301  6782  6782 I DetoxRNLoading: Got new RN-context through listener
04-06 02:17:37.302  6782  6865 I DetoxRNIdleRes: Setting up Espresso Idling Resources for React Native
04-06 02:17:37.310  6782  6782 D DetoxRNHelpers: Native RN module resolution (class com.reactnativecommunity.asyncstorage.AsyncStorageModule): no registered module found
04-06 02:17:37.313  6782  6865 D IdlingRegistry: Registering idling resources: [com.wix.detox.reactnative.idlingresources.uimodule.fabric.FabricUIManagerIdlingResources@8bb8100]
04-06 02:17:37.313  6782  6865 D IdlingRegistry: Registering idling resources: [com.wix.detox.reactnative.idlingresources.animations.AnimatedModuleIdlingResource@f241d39]
04-06 02:17:37.313  6782  6865 D IdlingRegistry: Registering idling resources: [com.wix.detox.reactnative.idlingresources.timers.FabricTimersIdlingResource@65dff7e]
04-06 02:17:37.313  6782  6865 D IdlingRegistry: Registering idling resources: [com.wix.detox.reactnative.idlingresources.network.NetworkIdlingResource@3525cdf]
04-06 02:17:37.313  6782  6865 D IdlingRegistry: Registering idling resources: [com.wix.detox.reactnative.idlingresources.StabilizedIdlingResource@5d7ad2c]
04-06 02:17:37.323  6782  6964 W om.evolucao.app: Accessing hidden method Landroid/os/MessageQueue;->next()Landroid/os/Message; (unsupported, reflection, allowed)
04-06 02:17:37.323  6782  6964 W om.evolucao.app: Accessing hidden field Landroid/os/MessageQueue;->mMessages:Landroid/os/Message; (unsupported, reflection, allowed)
04-06 02:17:37.323  6782  6964 W om.evolucao.app: Accessing hidden method Landroid/os/Message;->recycleUnchecked()V (unsupported, reflection, allowed)
04-06 02:17:37.482  6782  6782 D DetoxRNHelpers: Native RN module resolution (class com.reactnativecommunity.asyncstorage.AsyncStorageModule): no registered module found
04-06 02:17:37.493  6782  6782 D InsetsSourceConsumer: ensureControlPosition: Point(0, 2256) for ITYPE_NAVIGATION_BAR on com.evolucao.app/com.evolucao.app.MainActivity from android.view.InsetsSourceConsumer.setControl:211
04-06 02:17:37.508  6782  6782 I ViewRootImpl@73623ee[MainActivity]: MSG_WINDOW_TOUCH_MODE_CHANGED 
04-06 02:17:37.508  6782  6949 I ViewRootImpl@73623ee[MainActivity]: mWNT: t=0xb4000070a6fc8300 mBlastBufferQueue=0xb4000070c2c34c00 fn= 2 caller= android.view.SyncRtSurfaceTransactionApplier.applyTransaction:96 android.view.SyncRtSurfaceTransactionApplier.lambda$scheduleApply$0$android-view-SyncRtSurfaceTransactionApplier:69 android.view.SyncRtSurfaceTransactionApplier$$ExternalSyntheticLambda0.onFrameDraw:4 
04-06 02:17:37.511  6782  6782 I ViewRootImpl@73623ee[MainActivity]: MSG_WINDOW_FOCUS_CHANGED 1 1
04-06 02:17:37.511  6782  6782 I ViewRootImpl@73623ee[MainActivity]: mThreadedRenderer.initializeIfNeeded()#2 mSurface={isValid=true 0xb4000070a0e7a000}
04-06 02:17:37.512  6782  6782 D InputMethodManager: startInputInner - Id : 0
04-06 02:17:37.512  6782  6782 I InputMethodManager: startInputInner - mService.startInputOrWindowGainedFocus
04-06 02:17:37.519  6782  6782 D InputMethodManager: startInputInner - Id : 0
04-06 02:17:37.565  6782  6964 I WebViewFactory: Loading com.google.android.webview version 146.0.7680.164 (code 768016403)
04-06 02:17:37.568  6782  6964 D ApplicationLoaders: Returning zygote-cached class loader: /system/framework/android.test.base.jar
04-06 02:17:37.573  6782  6964 D nativeloader: Configuring classloader-namespace for other apk /data/app/~~23ppwVuk64Fm9vdWCRWMMw==/com.google.android.webview-FPIphznatdLDx2VBYoD68A==/base.apk. target_sdk_version=36, uses_libraries=, library_path=/data/app/~~23ppwVuk64Fm9vdWCRWMMw==/com.google.android.webview-FPIphznatdLDx2VBYoD68A==/lib/arm64:/data/app/~~23ppwVuk64Fm9vdWCRWMMw==/com.google.android.webview-FPIphznatdLDx2VBYoD68A==/base.apk!/lib/arm64-v8a, permitted_path=/data:/mnt/expand
04-06 02:17:37.582  6782  6782 I ViewRootImpl@73623ee[MainActivity]: setInTouchMode(false), android.view.ViewRootImpl.checkForLeavingTouchModeAndConsume:9376 android.view.ViewRootImpl.-$$Nest$mcheckForLeavingTouchModeAndConsume:0 android.view.ViewRootImpl$EarlyPostImeInputStage.processKeyEvent:7707 android.view.ViewRootImpl$EarlyPostImeInputStage.onProcess:7691 android.view.ViewRootImpl$InputStage.deliver:7213 android.view.ViewRootImpl$InputStage.onDeliverToNext:7270 android.view.ViewRootImpl$InputStage.forward:7236 android.view.ViewRootImpl$AsyncInputStage.forward:7467 android.view.ViewRootImpl$ImeInputStage.onFinishedInputEvent:7676 android.view.inputmethod.InputMethodManager$PendingEvent.run:3897 
04-06 02:17:37.582  6782  6782 I ViewRootImpl@73623ee[MainActivity]: ViewPostIme key 0
04-06 02:17:37.585  6782  6782 I ViewRootImpl@73623ee[MainActivity]: ViewPostIme key 1
04-06 02:17:37.600  6782  6964 I cr_WVCFactoryProvider: version=146.0.7680.164 (768016403) minSdkVersion=29 multiprocess=true packageId=127 splits=<none>
04-06 02:17:37.609  6782  6986 I chromium: [0406/021737.608553:INFO:android_webview/browser/variations/variations_seed_loader.cc:67] Failed to open file for reading.: No such file or directory (2)
04-06 02:17:37.609  6782  6986 I chromium: [0406/021737.609310:INFO:android_webview/browser/variations/variations_seed_loader.cc:67] Failed to open file for reading.: No such file or directory (2)
04-06 02:17:37.613  6782  6962 W BridgelessReactContext: [WARNING] Bridgeless doesn't support CatalystInstance. Accessing an API that's not part of the new architecture is not encouraged usage.
04-06 02:17:37.617  6782  6964 I cr_LibraryLoader: Successfully loaded native library
04-06 02:17:37.618  6782  6964 I cr_CachingUmaRecorder: Flushed 16 samples from 16 histograms, 0 samples were dropped.
04-06 02:17:37.620  6782  6962 I ExpoModulesCore: ✅ JSI interop was installed
04-06 02:17:37.626  6782  6962 I ExpoModulesCore: ✅ Constants were exported
04-06 02:17:37.634  6782  6991 D TrafficStats: tagSocket(149) with statsTag=0xffffffff, statsUid=-1
04-06 02:17:37.636  6782  6991 D TrafficStats: tagSocket(149) with statsTag=0xffffffff, statsUid=-1
04-06 02:17:37.669  6782  6962 W unknown:ViewManagerPropertyUpdater: Could not find generated setter for class com.th3rdwave.safeareacontext.SafeAreaProviderManager
04-06 02:17:37.672  6782  6962 W unknown:ViewManagerPropertyUpdater: Could not find generated setter for class com.facebook.react.uimanager.LayoutShadowNode
04-06 02:17:37.674  6782  6782 W InputEventSender: Received 'finished' signal for unknown seq number = 3
04-06 02:17:37.674  6782  6782 W InputEventSender: Received 'finished' signal for unknown seq number = 4
04-06 02:17:37.674  6782  6782 W InputEventSender: Received 'finished' signal for unknown seq number = 5
04-06 02:17:37.674  6782  6782 W InputEventSender: Received 'finished' signal for unknown seq number = 6
04-06 02:17:37.674  6782  6782 W InputEventSender: Received 'finished' signal for unknown seq number = 7
04-06 02:17:37.674  6782  6782 W InputEventSender: Received 'finished' signal for unknown seq number = 8
04-06 02:17:37.674  6782  6782 W InputEventSender: Received 'finished' signal for unknown seq number = 9
04-06 02:17:37.674  6782  6782 W InputEventSender: Received 'finished' signal for unknown seq number = 10
04-06 02:17:37.675  6782  6962 W unknown:ViewManagerPropertyUpdater: Could not find generated setter for class com.swmansion.rnscreens.SearchBarManager
04-06 02:17:37.676  6782  6962 W unknown:ViewManagerPropertyUpdater: Could not find generated setter for class com.swmansion.rnscreens.ScreenFooterManager
04-06 02:17:37.677  6782  6782 I ViewRootImpl@73623ee[MainActivity]: ViewPostIme key 0
04-06 02:17:37.677  6782  6782 I ViewRootImpl@73623ee[MainActivity]: ViewPostIme key 1
04-06 02:17:37.677  6782  6782 I ViewRootImpl@73623ee[MainActivity]: ViewPostIme key 0
04-06 02:17:37.678  6782  6782 I ViewRootImpl@73623ee[MainActivity]: ViewPostIme key 1
04-06 02:17:37.678  6782  6782 I ViewRootImpl@73623ee[MainActivity]: ViewPostIme key 0
04-06 02:17:37.678  6782  6962 W unknown:ViewManagerPropertyUpdater: Could not find generated setter for class com.swmansion.rnscreens.gamma.tabs.TabScreenViewManager
04-06 02:17:37.679  6782  6782 I ViewRootImpl@73623ee[MainActivity]: ViewPostIme key 1
04-06 02:17:37.680  6782  6782 I ViewRootImpl@73623ee[MainActivity]: ViewPostIme key 0
04-06 02:17:37.680  6782  6962 W unknown:ViewManagerPropertyUpdater: Could not find generated setter for class expo.modules.kotlin.views.GroupViewManagerWrapper
04-06 02:17:37.681  6782  6962 W unknown:ViewManagerPropertyUpdater: Could not find generated setter for class com.swmansion.rnscreens.ScreenContainerViewManager
04-06 02:17:37.681  6782  6782 I ViewRootImpl@73623ee[MainActivity]: ViewPostIme key 1
04-06 02:17:37.682  6782  6962 W unknown:ViewManagerPropertyUpdater: Could not find generated setter for class com.swmansion.rnscreens.gamma.tabs.TabsHostViewManager
04-06 02:17:37.683  6782  6962 W unknown:ViewManagerPropertyUpdater: Could not find generated setter for class com.swmansion.rnscreens.ModalScreenViewManager
04-06 02:17:37.684  6782  6962 W unknown:ViewManagerPropertyUpdater: Could not find generated setter for class com.swmansion.rnscreens.ScreenStackHeaderConfigViewManager
04-06 02:17:37.685  6782  6962 W unknown:ViewManagerPropertyUpdater: Could not find generated setter for class com.swmansion.rnscreens.ScreenContentWrapperManager
04-06 02:17:37.685  6782  6962 W unknown:ViewManagerPropertyUpdater: Could not find generated setter for class com.th3rdwave.safeareacontext.SafeAreaViewManager
04-06 02:17:37.687  6782  6962 W unknown:ViewManagerPropertyUpdater: Could not find generated setter for class com.th3rdwave.safeareacontext.SafeAreaViewShadowNode
04-06 02:17:37.687  6782  6962 W unknown:ViewManagerPropertyUpdater: Could not find generated setter for class com.swmansion.rnscreens.safearea.SafeAreaViewManager
04-06 02:17:37.688  6782  6962 W unknown:ViewManagerPropertyUpdater: Could not find generated setter for class com.swmansion.rnscreens.safearea.paper.SafeAreaViewShadowNode
04-06 02:17:37.688  6782  6962 W unknown:ViewManagerPropertyUpdater: Could not find generated setter for class com.swmansion.rnscreens.ScreenViewManager
04-06 02:17:37.688  6782  6962 W unknown:ViewManagerPropertyUpdater: Could not find generated setter for class com.swmansion.rnscreens.gamma.stack.host.StackHostViewManager
04-06 02:17:37.689  6782  6962 W unknown:ViewManagerPropertyUpdater: Could not find generated setter for class com.swmansion.rnscreens.ScreenStackHeaderSubviewManager
04-06 02:17:37.689  6782  6962 W unknown:ViewManagerPropertyUpdater: Could not find generated setter for class com.swmansion.rnscreens.gamma.stack.screen.StackScreenViewManager
04-06 02:17:37.689  6782  6962 W unknown:ViewManagerPropertyUpdater: Could not find generated setter for class com.swmansion.rnscreens.ScreenStackViewManager
04-06 02:17:37.692  6782  6782 I ViewRootImpl@73623ee[MainActivity]: ViewPostIme key 0
04-06 02:17:37.693  6782  6782 I ViewRootImpl@73623ee[MainActivity]: ViewPostIme key 1
04-06 02:17:37.693  6782  6782 I ViewRootImpl@73623ee[MainActivity]: ViewPostIme key 0
04-06 02:17:37.694  6782  6782 I ViewRootImpl@73623ee[MainActivity]: ViewPostIme key 1
04-06 02:17:37.694  6782  6782 I ViewRootImpl@73623ee[MainActivity]: ViewPostIme key 0
04-06 02:17:37.695  6782  6782 I ViewRootImpl@73623ee[MainActivity]: ViewPostIme key 1
04-06 02:17:37.766  6782  6962 W unknown:ViewManagerPropertyUpdater: Could not find generated setter for class com.facebook.react.views.debuggingoverlay.DebuggingOverlayManager
04-06 02:17:37.771  6782  6962 W unknown:ViewManagerPropertyUpdater: Could not find generated setter for class com.swmansion.gesturehandler.react.RNGestureHandlerButtonViewManager
04-06 02:17:37.777  6782  6962 W unknown:ViewManagerPropertyUpdater: Could not find generated setter for class com.facebook.react.views.safeareaview.ReactSafeAreaViewManager
04-06 02:17:37.777  6782  6782 I ViewRootImpl@73623ee[MainActivity]: ViewPostIme key 0
04-06 02:17:37.778  6782  6782 I ViewRootImpl@73623ee[MainActivity]: ViewPostIme key 1
04-06 02:17:37.782  6782  6962 W unknown:ViewManagerPropertyUpdater: Could not find generated setter for class com.facebook.react.views.modal.ReactModalHostManager
04-06 02:17:37.787  6782  6962 W unknown:ViewManagerPropertyUpdater: Could not find generated setter for class com.facebook.react.views.text.frescosupport.FrescoBasedReactTextInlineImageViewManager
04-06 02:17:37.788  6782  6962 W unknown:ViewManagerPropertyUpdater: Could not find generated setter for class com.facebook.react.views.text.frescosupport.FrescoBasedReactTextInlineImageShadowNode
04-06 02:17:37.793  6782  6962 W unknown:ViewManagerPropertyUpdater: Could not find generated setter for class com.facebook.react.views.progressbar.ReactProgressBarViewManager
04-06 02:17:37.794  6782  6962 W unknown:ViewManagerPropertyUpdater: Could not find generated setter for class com.facebook.react.views.progressbar.ProgressBarShadowNode
04-06 02:17:37.799  6782  6962 W unknown:ViewManagerPropertyUpdater: Could not find generated setter for class com.facebook.react.views.scroll.ReactHorizontalScrollViewManager
04-06 02:17:37.805  6782  6962 W unknown:ViewManagerPropertyUpdater: Could not find generated setter for class com.facebook.react.views.image.ReactImageManager
04-06 02:17:37.811  6782  6962 W unknown:ViewManagerPropertyUpdater: Could not find generated setter for class com.facebook.react.views.text.ReactTextViewManager
04-06 02:17:37.812  6782  6962 W unknown:ViewManagerPropertyUpdater: Could not find generated setter for class com.facebook.react.views.text.ReactTextShadowNode
04-06 02:17:37.818  6782  6962 W unknown:ViewManagerPropertyUpdater: Could not find generated setter for class com.facebook.react.views.scroll.ReactHorizontalScrollContainerViewManager
04-06 02:17:37.823  6782  6962 W unknown:ViewManagerPropertyUpdater: Could not find generated setter for class com.facebook.react.views.unimplementedview.ReactUnimplementedViewManager
04-06 02:17:37.828  6782  6962 W unknown:ViewManagerPropertyUpdater: Could not find generated setter for class com.facebook.react.views.scroll.ReactScrollViewManager
04-06 02:17:37.833  6782  6962 W unknown:ViewManagerPropertyUpdater: Could not find generated setter for class com.facebook.react.views.view.ReactViewManager
04-06 02:17:37.839  6782  6962 W unknown:ViewManagerPropertyUpdater: Could not find generated setter for class com.facebook.react.views.drawer.ReactDrawerLayoutManager
04-06 02:17:37.845  6782  6962 W unknown:ViewManagerPropertyUpdater: Could not find generated setter for class com.facebook.react.views.switchview.ReactSwitchManager
04-06 02:17:37.845  6782  6962 W unknown:ViewManagerPropertyUpdater: Could not find generated setter for class com.facebook.react.views.switchview.ReactSwitchShadowNode
04-06 02:17:37.850  6782  6962 W unknown:ViewManagerPropertyUpdater: Could not find generated setter for class com.facebook.react.views.swiperefresh.SwipeRefreshLayoutManager
04-06 02:17:37.856  6782  6962 W unknown:ViewManagerPropertyUpdater: Could not find generated setter for class com.facebook.react.views.textinput.ReactTextInputManager
04-06 02:17:37.857  6782  6962 W unknown:ViewManagerPropertyUpdater: Could not find generated setter for class com.facebook.react.views.textinput.ReactTextInputShadowNode
04-06 02:17:37.863  6782  6782 I ViewRootImpl@73623ee[MainActivity]: ViewPostIme pointer 0
04-06 02:17:37.867  6782  6962 W unknown:ViewManagerPropertyUpdater: Could not find generated setter for class com.swmansion.gesturehandler.react.RNGestureHandlerRootViewManager
04-06 02:17:37.867  6782  6782 E unknown:ReactNative: Got DOWN touch before receiving UP or CANCEL from last gesture
04-06 02:17:37.868  6782  6782 I ViewRootImpl@73623ee[MainActivity]: ViewPostIme pointer 1
04-06 02:17:37.903  6782  6991 D TrafficStats: tagSocket(151) with statsTag=0xffffffff, statsUid=-1
04-06 02:17:37.946  6782  6782 I ViewRootImpl@73623ee[MainActivity]: ViewPostIme pointer 0
04-06 02:17:37.947  6782  6782 E unknown:ReactNative: Got DOWN touch before receiving UP or CANCEL from last gesture
04-06 02:17:37.947  6782  6782 I ViewRootImpl@73623ee[MainActivity]: ViewPostIme pointer 1
04-06 02:17:38.039  6782  6782 W InputEventSender: Received 'finished' signal for unknown seq number = 29
04-06 02:17:38.039  6782  6782 W InputEventSender: Received 'finished' signal for unknown seq number = 30
04-06 02:17:38.039  6782  6782 W InputEventSender: Received 'finished' signal for unknown seq number = 31
04-06 02:17:38.039  6782  6782 W InputEventSender: Received 'finished' signal for unknown seq number = 32
04-06 02:17:38.039  6782  6782 W InputEventSender: Received 'finished' signal for unknown seq number = 33
04-06 02:17:38.039  6782  6782 W InputEventSender: Received 'finished' signal for unknown seq number = 34
04-06 02:17:38.039  6782  6782 W InputEventSender: Received 'finished' signal for unknown seq number = 35
04-06 02:17:38.039  6782  6782 W InputEventSender: Received 'finished' signal for unknown seq number = 36
04-06 02:17:38.039  6782  6782 W InputEventSender: Received 'finished' signal for unknown seq number = 37
04-06 02:17:38.041  6782  6782 I ViewRootImpl@73623ee[MainActivity]: setInTouchMode(false), android.view.ViewRootImpl.checkForLeavingTouchModeAndConsume:9376 android.view.ViewRootImpl.-$$Nest$mcheckForLeavingTouchModeAndConsume:0 android.view.ViewRootImpl$EarlyPostImeInputStage.processKeyEvent:7707 android.view.ViewRootImpl$EarlyPostImeInputStage.onProcess:7691 android.view.ViewRootImpl$InputStage.deliver:7213 android.view.ViewRootImpl$InputStage.onDeliverToNext:7270 android.view.ViewRootImpl$InputStage.forward:7236 android.view.ViewRootImpl$AsyncInputStage.forward:7467 android.view.ViewRootImpl$ImeInputStage.onFinishedInputEvent:7676 android.view.inputmethod.InputMethodManager$PendingEvent.run:3897 
04-06 02:17:38.041  6782  6782 I ViewRootImpl@73623ee[MainActivity]: ViewPostIme key 0
04-06 02:17:38.041  6782  6782 I ViewRootImpl@73623ee[MainActivity]: ViewPostIme key 1
04-06 02:17:38.041  6782  6782 I ViewRootImpl@73623ee[MainActivity]: ViewPostIme key 0
04-06 02:17:38.042  6782  6782 I ViewRootImpl@73623ee[MainActivity]: ViewPostIme key 1
04-06 02:17:38.043  6782  6782 I ViewRootImpl@73623ee[MainActivity]: ViewPostIme key 0
04-06 02:17:38.044  6782  6782 I ViewRootImpl@73623ee[MainActivity]: ViewPostIme key 1
04-06 02:17:38.045  6782  6782 I ViewRootImpl@73623ee[MainActivity]: ViewPostIme key 0
04-06 02:17:38.046  6782  6782 I ViewRootImpl@73623ee[MainActivity]: ViewPostIme key 1
04-06 02:17:38.089  6782  6962 V AsyncStorageExpoMigration: No scoped database found
04-06 02:17:38.132  6782  6782 W InputEventSender: Received 'finished' signal for unknown seq number = 47
04-06 02:17:38.132  6782  6782 W InputEventSender: Received 'finished' signal for unknown seq number = 48
04-06 02:17:38.132  6782  6782 W InputEventSender: Received 'finished' signal for unknown seq number = 49
04-06 02:17:38.132  6782  6782 W InputEventSender: Received 'finished' signal for unknown seq number = 50
04-06 02:17:38.132  6782  6782 W InputEventSender: Received 'finished' signal for unknown seq number = 51
04-06 02:17:38.132  6782  6782 W InputEventSender: Received 'finished' signal for unknown seq number = 52
04-06 02:17:38.132  6782  6782 W InputEventSender: Received 'finished' signal for unknown seq number = 53
04-06 02:17:38.132  6782  6782 W InputEventSender: Received 'finished' signal for unknown seq number = 54
04-06 02:17:38.132  6782  6782 W InputEventSender: Received 'finished' signal for unknown seq number = 55
04-06 02:17:38.134  6782  6782 I ViewRootImpl@73623ee[MainActivity]: ViewPostIme key 2
04-06 02:17:38.134  6782  6782 I ViewRootImpl@73623ee[MainActivity]: ViewPostIme key 0
04-06 02:17:38.135  6782  6782 I ViewRootImpl@73623ee[MainActivity]: ViewPostIme key 1
04-06 02:17:38.136  6782  6782 I ViewRootImpl@73623ee[MainActivity]: ViewPostIme key 0
04-06 02:17:38.136  6782  6782 I ViewRootImpl@73623ee[MainActivity]: ViewPostIme key 1
04-06 02:17:38.136  6782  6782 I ViewRootImpl@73623ee[MainActivity]: ViewPostIme key 0
04-06 02:17:38.137  6782  6782 I ViewRootImpl@73623ee[MainActivity]: ViewPostIme key 1
04-06 02:17:38.138  6782  6782 I ViewRootImpl@73623ee[MainActivity]: ViewPostIme key 0
04-06 02:17:38.139  6782  6782 I ViewRootImpl@73623ee[MainActivity]: ViewPostIme key 1
04-06 02:17:38.216  6782  6782 I ViewRootImpl@73623ee[MainActivity]: ViewPostIme key 0
04-06 02:17:38.217  6782  6782 I ViewRootImpl@73623ee[MainActivity]: ViewPostIme key 1
04-06 02:17:38.276  6782  6962 D Detox.RNMarker: RUN_JS_BUNDLE_END (/.virtual-metro-entry.bundle?platform=android&dev=true&lazy=true&minify=false&app=com.evolucao.app&modulesOnly=false&runModule=true&excludeSource=true&sourcePaths=url-server)
04-06 02:17:38.278  6782  6962 I ReactNativeJS: Running "main" with {"rootTag":1,"initialProps":{},"fabric":true}
04-06 02:17:38.300  6782  6782 I ViewRootImpl@73623ee[MainActivity]: ViewPostIme pointer 0
04-06 02:17:38.301  6782  6782 E unknown:ReactNative: Got DOWN touch before receiving UP or CANCEL from last gesture
04-06 02:17:38.302  6782  6782 I ViewRootImpl@73623ee[MainActivity]: ViewPostIme pointer 1
04-06 02:17:38.362  6782  6993 D TrafficStats: tagSocket(133) with statsTag=0xffffffff, statsUid=-1
04-06 02:17:38.387  6782  6782 I ViewRootImpl@73623ee[MainActivity]: ViewPostIme pointer 0
04-06 02:17:38.388  6782  6782 E unknown:ReactNative: Got DOWN touch before receiving UP or CANCEL from last gesture
04-06 02:17:38.389  6782  6782 I ViewRootImpl@73623ee[MainActivity]: ViewPostIme pointer 1
04-06 02:17:38.476  6782  6782 I ViewRootImpl@73623ee[MainActivity]: setInTouchMode(false), android.view.ViewRootImpl.checkForLeavingTouchModeAndConsume:9376 android.view.ViewRootImpl.-$$Nest$mcheckForLeavingTouchModeAndConsume:0 android.view.ViewRootImpl$EarlyPostImeInputStage.processKeyEvent:7707 android.view.ViewRootImpl$EarlyPostImeInputStage.onProcess:7691 android.view.ViewRootImpl$InputStage.deliver:7213 android.view.ViewRootImpl$InputStage.onDeliverToNext:7270 android.view.ViewRootImpl$InputStage.forward:7236 android.view.ViewRootImpl$AsyncInputStage.forward:7467 android.view.ViewRootImpl$ImeInputStage.onFinishedInputEvent:7676 android.view.inputmethod.InputMethodManager$PendingEvent.run:3897 
04-06 02:17:38.476  6782  6782 I ViewRootImpl@73623ee[MainActivity]: ViewPostIme key 0
04-06 02:17:38.478  6782  6782 I ViewRootImpl@73623ee[MainActivity]: ViewPostIme key 1
04-06 02:17:38.488  6782  6782 I DecorView: notifyKeepScreenOnChanged: keepScreenOn=true
04-06 02:17:38.503  6782  6782 D Detox.RNMarker: CONTENT_APPEARED (main)
04-06 02:17:38.505  6782  6782 I ViewRootImpl@73623ee[MainActivity]: performTraversals params={(0,0)(fillxfill) sim={adjust=resize} layoutInDisplayCutoutMode=always ty=BASE_APPLICATION wanim=0x1030309
04-06 02:17:38.505  6782  6782 I ViewRootImpl@73623ee[MainActivity]:   fl=81810180
04-06 02:17:38.505  6782  6782 I ViewRootImpl@73623ee[MainActivity]:   pfl=16020040
04-06 02:17:38.505  6782  6782 I ViewRootImpl@73623ee[MainActivity]:   vsysui=100
04-06 02:17:38.505  6782  6782 I ViewRootImpl@73623ee[MainActivity]:   bhv=DEFAULT
04-06 02:17:38.505  6782  6782 I ViewRootImpl@73623ee[MainActivity]:   fitSides= naviIconColor=0}
04-06 02:17:38.505  6782  6962 D Detox.RNMarker: REACT_BRIDGELESS_LOADING_END (null)
04-06 02:17:38.506  6782  6782 I ViewRootImpl@73623ee[MainActivity]: performTraversals mFirst=false windowShouldResize=false viewVisibilityChanged=false mForceNextWindowRelayout=false params={(0,0)(fillxfill) sim={adjust=resize} layoutInDisplayCutoutMode=always ty=BASE_APPLICATION wanim=0x1030309
04-06 02:17:38.506  6782  6782 I ViewRootImpl@73623ee[MainActivity]:   fl=81810180
04-06 02:17:38.506  6782  6782 I ViewRootImpl@73623ee[MainActivity]:   pfl=16020040
04-06 02:17:38.506  6782  6782 I ViewRootImpl@73623ee[MainActivity]:   vsysui=100
04-06 02:17:38.506  6782  6782 I ViewRootImpl@73623ee[MainActivity]:   bhv=DEFAULT
04-06 02:17:38.506  6782  6782 I ViewRootImpl@73623ee[MainActivity]:   fitSides= naviIconColor=0}
04-06 02:17:38.514  6782  6782 I ViewRootImpl@73623ee[MainActivity]: updateBlastSurfaceIfNeeded mBlastBufferQueue=0xb4000070c2c34c00 isSameSurfaceControl=true
04-06 02:17:38.514  6782  6782 I BLASTBufferQueue: update, w= 1080 h= 2400 mName = ViewRootImpl@73623ee[MainActivity] mNativeObject= 0xb4000070c2c34c00 sc.mNativeObject= 0xb4000070a0d2c520 format= -1 caller= android.view.ViewRootImpl.updateBlastSurfaceIfNeeded:2898 android.view.ViewRootImpl.relayoutWindow:9847 android.view.ViewRootImpl.performTraversals:3884 android.view.ViewRootImpl.doTraversal:3116 android.view.ViewRootImpl$TraversalRunnable.run:10885 android.view.Choreographer$CallbackRecord.run:1301 
04-06 02:17:38.514  6782  6782 I ViewRootImpl@73623ee[MainActivity]: Relayout returned: old=(0,0,1080,2400) new=(0,0,1080,2400) req=(1080,2400)0 dur=8 res=0x0 s={true 0xb4000070a0e7a000} ch=false seqId=0
04-06 02:17:38.515  6782  6962 I ReactNativeJS: '[ANALYTICS]', 'app_opened', { event: 'app_opened',
04-06 02:17:38.515  6782  6962 I ReactNativeJS:   eventId: '1775452658511_c06caf54a0e028',
04-06 02:17:38.515  6782  6962 I ReactNativeJS:   appVersion: '1.0.0',
04-06 02:17:38.515  6782  6962 I ReactNativeJS:   category: 'engagement',
04-06 02:17:38.515  6782  6962 I ReactNativeJS:   userId: 'anonymous',
04-06 02:17:38.515  6782  6962 I ReactNativeJS:   timestamp: 1775452658511,
04-06 02:17:38.515  6782  6962 I ReactNativeJS:   timestampIso: '2026-04-06T05:17:38.511Z',
04-06 02:17:38.515  6782  6962 I ReactNativeJS:   screen: 'App',
04-06 02:17:38.515  6782  6962 I ReactNativeJS:   sessionId: 'session-1775452658504-4e94da3c62ba58',
04-06 02:17:38.515  6782  6962 I ReactNativeJS:   flowId: 'session-1775452658504-4e94da3c62ba58',
04-06 02:17:38.515  6782  6962 I ReactNativeJS:   meta: 
04-06 02:17:38.515  6782  6962 I ReactNativeJS:    { domain: 'engagement',
04-06 02:17:38.515  6782  6962 I ReactNativeJS:      version: 1,
04-06 02:17:38.515  6782  6962 I ReactNativeJS:      dayKey: '2026-04-06',
04-06 02:17:38.515  6782  6962 I ReactNativeJS:      isFirstOpenOfDay: true,
04-06 02:17:38.515  6782  6962 I ReactNativeJS:      category: 'engagement' } }
04-06 02:17:38.561  6782  6782 I ViewRootImpl@73623ee[MainActivity]: ViewPostIme key 0
04-06 02:17:38.564  6782  6782 I ViewRootImpl@73623ee[MainActivity]: ViewPostIme key 1
04-06 02:17:38.676  6782  6782 W InputEventSender: Received 'finished' signal for unknown seq number = 74
04-06 02:17:38.676  6782  6782 W InputEventSender: Received 'finished' signal for unknown seq number = 75
04-06 02:17:38.676  6782  6782 W InputEventSender: Received 'finished' signal for unknown seq number = 76
04-06 02:17:38.676  6782  6782 W InputEventSender: Received 'finished' signal for unknown seq number = 77
04-06 02:17:38.676  6782  6782 W InputEventSender: Received 'finished' signal for unknown seq number = 78
04-06 02:17:38.676  6782  6782 W InputEventSender: Received 'finished' signal for unknown seq number = 79
04-06 02:17:38.676  6782  6782 W InputEventSender: Received 'finished' signal for unknown seq number = 80
04-06 02:17:38.676  6782  6782 W InputEventSender: Received 'finished' signal for unknown seq number = 81
04-06 02:17:38.676  6782  6782 W InputEventSender: Received 'finished' signal for unknown seq number = 82
04-06 02:17:38.681  6782  6782 I ViewRootImpl@73623ee[MainActivity]: ViewPostIme key 2
04-06 02:17:38.687  6782  6782 I ViewRootImpl@73623ee[MainActivity]: ViewPostIme key 0
04-06 02:17:38.687  6782  6782 I ViewRootImpl@73623ee[MainActivity]: ViewPostIme key 1
04-06 02:17:38.687  6782  6782 I ViewRootImpl@73623ee[MainActivity]: ViewPostIme key 0
04-06 02:17:38.687  6782  6782 I ViewRootImpl@73623ee[MainActivity]: ViewPostIme key 1
04-06 02:17:38.687  6782  6782 I ViewRootImpl@73623ee[MainActivity]: ViewPostIme key 0
04-06 02:17:38.692  6782  6782 I ViewRootImpl@73623ee[MainActivity]: ViewPostIme key 1
04-06 02:17:38.692  6782  6782 I ViewRootImpl@73623ee[MainActivity]: ViewPostIme key 0
04-06 02:17:38.693  6782  6782 I ViewRootImpl@73623ee[MainActivity]: ViewPostIme key 1
04-06 02:17:38.693  6782  6782 I ViewRootImpl@73623ee[MainActivity]: ViewPostIme key 0
04-06 02:17:38.694  6782  6782 I ViewRootImpl@73623ee[MainActivity]: ViewPostIme key 1
04-06 02:17:38.742  6782  6922 D OpenGLRenderer: setSurface called with nullptr
04-06 02:17:38.752  6782  6782 D CompatibilityChangeReporter: Compat change id reported: 171228096; UID 10373; state: ENABLED
04-06 02:17:38.753  6782  6782 D ScrollView: initGoToTop
04-06 02:17:38.754  6782  6782 W om.evolucao.app: Accessing hidden field Landroid/widget/ScrollView;->mScroller:Landroid/widget/OverScroller; (unsupported, reflection, allowed)
04-06 02:17:38.755  6782  6802 I om.evolucao.app: Compiler allocated 4177KB to compile void android.widget.TextView.<init>(android.content.Context, android.util.AttributeSet, int, int)
04-06 02:17:38.764  6782  6782 W [RNScreens]: backTitleFontFamily prop is not available on Android
04-06 02:17:38.764  6782  6782 W [RNScreens]: disableBackButtonMenu prop is not available on Android
04-06 02:17:38.764  6782  6782 W [RNScreens]: backTitleVisible prop is not available on Android
04-06 02:17:38.764  6782  6782 W [RNScreens]: topInsetEnabled prop is not available on Android
04-06 02:17:38.764  6782  6782 W [RNScreens]: largeTitleHideShadow prop is not available on Android
04-06 02:17:38.764  6782  6782 W [RNScreens]: largeTitleFontWeight prop is not available on Android
04-06 02:17:38.764  6782  6782 W [RNScreens]: userInterfaceStyle prop is not available on Android
04-06 02:17:38.764  6782  6782 W [RNScreens]: largeTitleFontFamily prop is not available on Android
04-06 02:17:38.841  6782  6782 W InputEventSender: Received 'finished' signal for unknown seq number = 95
04-06 02:17:38.841  6782  6782 W InputEventSender: Received 'finished' signal for unknown seq number = 96
04-06 02:17:38.841  6782  6782 W InputEventSender: Received 'finished' signal for unknown seq number = 97
04-06 02:17:38.841  6782  6782 W InputEventSender: Received 'finished' signal for unknown seq number = 98
04-06 02:17:38.841  6782  6782 W InputEventSender: Received 'finished' signal for unknown seq number = 99
04-06 02:17:38.841  6782  6782 W InputEventSender: Received 'finished' signal for unknown seq number = 100
04-06 02:17:38.841  6782  6782 W InputEventSender: Received 'finished' signal for unknown seq number = 101
04-06 02:17:38.841  6782  6782 W InputEventSender: Received 'finished' signal for unknown seq number = 102
04-06 02:17:38.841  6782  6782 W InputEventSender: Received 'finished' signal for unknown seq number = 103
04-06 02:17:38.845  6782  6782 I ViewRootImpl@73623ee[MainActivity]: ViewPostIme key 0
04-06 02:17:38.847  6782  6782 I ViewRootImpl@73623ee[MainActivity]: ViewPostIme key 1
04-06 02:17:38.847  6782  6782 I ViewRootImpl@73623ee[MainActivity]: ViewPostIme key 0
04-06 02:17:38.849  6782  6782 I ViewRootImpl@73623ee[MainActivity]: ViewPostIme key 1
04-06 02:17:38.849  6782  6782 I ViewRootImpl@73623ee[MainActivity]: ViewPostIme key 0
04-06 02:17:38.850  6782  6782 I ViewRootImpl@73623ee[MainActivity]: ViewPostIme key 1
04-06 02:17:38.850  6782  6782 I ViewRootImpl@73623ee[MainActivity]: ViewPostIme key 0
04-06 02:17:38.855  6782  6782 D InputMethodManager: startInputInner - Id : 0
04-06 02:17:38.855  6782  6782 I InputMethodManager: startInputInner - mService.startInputOrWindowGainedFocus
04-06 02:17:38.857  6782  6782 I ViewRootImpl@73623ee[MainActivity]: ViewPostIme key 1
04-06 02:17:38.939  6782  6782 I ViewRootImpl@73623ee[MainActivity]: ViewPostIme key 0
04-06 02:17:38.951  6782  6782 D InputMethodManager: startInputInner - Id : 0
04-06 02:17:38.951  6782  6782 I InputMethodManager: startInputInner - mService.startInputOrWindowGainedFocus
04-06 02:17:39.296  6782  6802 I om.evolucao.app: Compiler allocated 6133KB to compile void android.view.ViewRootImpl.performTraversals()
04-06 02:17:39.426  6782  6782 W unknown:BridgelessReact: ReactHost{0}.onHostPause(activity)
04-06 02:17:39.428  6782  6782 D SensorManager: unregisterListener
04-06 02:17:39.428  6782  6782 W unknown:BridgelessReact: ReactHost{0}.ReactContext.onHostPause()
04-06 02:17:39.429  6782  6782 D LifecycleMonitor: Lifecycle status change: com.evolucao.app.MainActivity@36d1a3a in: PAUSED
04-06 02:17:39.430  6782  6782 I ViewRootImpl@73623ee[MainActivity]: stopped(false) old = false
04-06 02:17:39.430  6782  6782 W unknown:BridgelessReact: ReactHost{0}.onHostResume(activity)
04-06 02:17:39.432  6782  6782 D SensorManager: registerListener :: 11, LSM6DSO Accelerometer, 66667, 0, 
04-06 02:17:39.434  6782  6782 W unknown:BridgelessReact: ReactHost{0}.ReactContext.onHostResume()
04-06 02:17:39.434  6782  6782 D LifecycleMonitor: Lifecycle status change: com.evolucao.app.MainActivity@36d1a3a in: RESUMED
04-06 02:17:39.435  6782  6782 I DecorView: notifyKeepScreenOnChanged: keepScreenOn=true
04-06 02:17:39.436  6782  6782 I MSHandlerLifeCycle: removeMultiSplitHandler: no exist. decor=DecorView@69f84fd[MainActivity]
04-06 02:17:39.437  6782  6782 I ViewRootImpl@73623ee[MainActivity]: performTraversals params={(0,0)(fillxfill) sim={adjust=resize forwardNavigation} layoutInDisplayCutoutMode=always ty=BASE_APPLICATION wanim=0x1030309
04-06 02:17:39.437  6782  6782 I ViewRootImpl@73623ee[MainActivity]:   fl=81810180
04-06 02:17:39.437  6782  6782 I ViewRootImpl@73623ee[MainActivity]:   pfl=16020040
04-06 02:17:39.437  6782  6782 I ViewRootImpl@73623ee[MainActivity]:   vsysui=100
04-06 02:17:39.437  6782  6782 I ViewRootImpl@73623ee[MainActivity]:   bhv=DEFAULT
04-06 02:17:39.437  6782  6782 I ViewRootImpl@73623ee[MainActivity]:   fitSides= naviIconColor=0}
04-06 02:17:39.437  6782  6782 I ViewRootImpl@73623ee[MainActivity]: performTraversals mFirst=false windowShouldResize=false viewVisibilityChanged=false mForceNextWindowRelayout=false params={(0,0)(fillxfill) sim={adjust=resize forwardNavigation} layoutInDisplayCutoutMode=always ty=BASE_APPLICATION wanim=0x1030309
04-06 02:17:39.437  6782  6782 I ViewRootImpl@73623ee[MainActivity]:   fl=81810180
04-06 02:17:39.437  6782  6782 I ViewRootImpl@73623ee[MainActivity]:   pfl=16020040
04-06 02:17:39.437  6782  6782 I ViewRootImpl@73623ee[MainActivity]:   vsysui=100
04-06 02:17:39.437  6782  6782 I ViewRootImpl@73623ee[MainActivity]:   bhv=DEFAULT
04-06 02:17:39.437  6782  6782 I ViewRootImpl@73623ee[MainActivity]:   fitSides= naviIconColor=0}
04-06 02:17:39.440  6782  6782 I ViewRootImpl@73623ee[MainActivity]: updateBlastSurfaceIfNeeded mBlastBufferQueue=0xb4000070c2c34c00 isSameSurfaceControl=true
04-06 02:17:39.440  6782  6782 I BLASTBufferQueue: update, w= 1080 h= 2400 mName = ViewRootImpl@73623ee[MainActivity] mNativeObject= 0xb4000070c2c34c00 sc.mNativeObject= 0xb400006f4bae4380 format= -1 caller= android.view.ViewRootImpl.updateBlastSurfaceIfNeeded:2898 android.view.ViewRootImpl.relayoutWindow:9847 android.view.ViewRootImpl.performTraversals:3884 android.view.ViewRootImpl.doTraversal:3116 android.view.ViewRootImpl$TraversalRunnable.run:10885 android.view.Choreographer$CallbackRecord.run:1301 
04-06 02:17:39.440  6782  6782 I ViewRootImpl@73623ee[MainActivity]: Relayout returned: old=(0,0,1080,2400) new=(0,0,1080,2400) req=(1080,2400)0 dur=3 res=0x0 s={true 0xb4000070a0e7a000} ch=false seqId=0
04-06 02:17:39.478  6782  7012 D TrafficStats: tagSocket(107) with statsTag=0xffffffff, statsUid=-1
04-06 02:17:39.670  6782  6782 W unknown:BridgelessReact: ReactHost{0}.onHostPause(activity)
04-06 02:17:39.671  6782  6782 D SensorManager: unregisterListener
04-06 02:17:39.672  6782  6782 W unknown:BridgelessReact: ReactHost{0}.ReactContext.onHostPause()
04-06 02:17:39.673  6782  6782 D LifecycleMonitor: Lifecycle status change: com.evolucao.app.MainActivity@36d1a3a in: PAUSED
04-06 02:17:39.673  6782  6782 I ViewRootImpl@73623ee[MainActivity]: stopped(false) old = false
04-06 02:17:39.673  6782  6782 W unknown:BridgelessReact: ReactHost{0}.onHostResume(activity)
04-06 02:17:39.674  6782  6782 D SensorManager: registerListener :: 11, LSM6DSO Accelerometer, 66667, 0, 
04-06 02:17:39.675  6782  6782 W unknown:BridgelessReact: ReactHost{0}.ReactContext.onHostResume()
04-06 02:17:39.676  6782  6782 D LifecycleMonitor: Lifecycle status change: com.evolucao.app.MainActivity@36d1a3a in: RESUMED
04-06 02:17:39.677  6782  6782 I MSHandlerLifeCycle: removeMultiSplitHandler: no exist. decor=DecorView@69f84fd[MainActivity]
04-06 02:17:39.677  6782  6939 D TrafficStats: tagSocket(108) with statsTag=0xffffffff, statsUid=-1
04-06 02:17:39.756  6782  6782 I ViewRootImpl@73623ee[MainActivity]: ViewPostIme key 0
04-06 02:17:39.760  6782  6782 D InputMethodManager: startInputInner - Id : 0
04-06 02:17:39.760  6782  6782 I InputMethodManager: startInputInner - mService.startInputOrWindowGainedFocus
04-06 02:17:39.766  6782  6782 I ViewRootImpl@73623ee[MainActivity]: ViewPostIme key 1
04-06 02:17:39.842  6782  6782 I ViewRootImpl@73623ee[MainActivity]: ViewPostIme key 0
04-06 02:17:39.845  6782  6782 I ViewRootImpl@73623ee[MainActivity]: ViewPostIme key 1
04-06 02:17:39.927  6782  6782 I ViewRootImpl@73623ee[MainActivity]: ViewPostIme key 1
04-06 02:17:40.010  6782  6782 I ViewRootImpl@73623ee[MainActivity]: ViewPostIme key 0
04-06 02:17:40.012  6782  6782 I ViewRootImpl@73623ee[MainActivity]: ViewPostIme key 0
04-06 02:17:40.014  6782  6782 I ViewRootImpl@73623ee[MainActivity]: ViewPostIme key 1
04-06 02:17:40.016  6782  6782 I ViewRootImpl@73623ee[MainActivity]: ViewPostIme key 1
04-06 02:17:40.108  6782  6782 I ViewRootImpl@73623ee[MainActivity]: ViewPostIme pointer 0
04-06 02:17:40.111  6782  6782 I ViewRootImpl@73623ee[MainActivity]: ViewPostIme pointer 1
04-06 02:17:40.194  6782  6782 I ViewRootImpl@73623ee[MainActivity]: setInTouchMode(false), android.view.ViewRootImpl.checkForLeavingTouchModeAndConsume:9376 android.view.ViewRootImpl.-$$Nest$mcheckForLeavingTouchModeAndConsume:0 android.view.ViewRootImpl$EarlyPostImeInputStage.processKeyEvent:7707 android.view.ViewRootImpl$EarlyPostImeInputStage.onProcess:7691 android.view.ViewRootImpl$InputStage.deliver:7213 android.view.ViewRootImpl$InputStage.onDeliverToNext:7270 android.view.ViewRootImpl$InputStage.forward:7236 android.view.ViewRootImpl$AsyncInputStage.forward:7467 android.view.ViewRootImpl$ImeInputStage.onFinishedInputEvent:7676 android.view.inputmethod.InputMethodManager$PendingEvent.run:3897 
04-06 02:17:40.198  6782  6782 I ViewRootImpl@73623ee[MainActivity]: ViewPostIme key 1
04-06 02:17:40.282  6782  6782 I ViewRootImpl@73623ee[MainActivity]: ViewPostIme key 0
04-06 02:17:40.286  6782  6782 D InputMethodManager: startInputInner - Id : 0
04-06 02:17:40.286  6782  6782 I InputMethodManager: startInputInner - mService.startInputOrWindowGainedFocus
04-06 02:17:40.295  6782  6782 I ViewRootImpl@73623ee[MainActivity]: ViewPostIme key 1
04-06 02:17:40.371  6782  6782 I ViewRootImpl@73623ee[MainActivity]: ViewPostIme pointer 0
04-06 02:17:40.377  6782  6782 I ViewRootImpl@73623ee[MainActivity]: ViewPostIme pointer 1
04-06 02:17:40.386  6782  6782 D InputMethodManager: startInputInner - Id : 0
04-06 02:17:40.386  6782  6782 I InputMethodManager: startInputInner - mService.startInputOrWindowGainedFocus
04-06 02:17:40.389  6782  6782 D CompatibilityChangeReporter: Compat change id reported: 163400105; UID 10373; state: ENABLED
04-06 02:17:40.389  6782  6782 I IMM_LC  : showSoftInput(View,I)
04-06 02:17:40.389  6782  6782 I IMM_LC  : ssi() - flag : 0 view : com.evolucao.app reason = SHOW_SOFT_INPUT
04-06 02:17:40.402  6782  6782 I AssistStructure: Flattened final assist data: 4024 bytes, containing 1 windows, 24 views
04-06 02:17:40.424  6782  6782 I IMM_LC  : showSoftInput(View,I)
04-06 02:17:40.424  6782  6782 I IMM_LC  : ssi() - flag : 0 view : com.evolucao.app reason = SHOW_SOFT_INPUT
04-06 02:17:40.450  6782  6782 W OnBackInvokedCallback: OnBackInvokedCallback is not enabled for the application.
04-06 02:17:40.450  6782  6782 W OnBackInvokedCallback: Set 'android:enableOnBackInvokedCallback="true"' in the application manifest.
04-06 02:17:40.460  6782  6960 I ViewRootImpl@73623ee[MainActivity]: Resizing android.view.ViewRootImpl@25a16ab: frame = [0,0][1080,2400] reportDraw = false forceLayout = false syncSeqId = 0
04-06 02:17:40.460  6782  6782 D InsetsController: onStateChanged: InsetsState: {mDisplayFrame=Rect(0, 0 - 1080, 2400), mDisplayCutout=DisplayCutout{insets=Rect(0, 88 - 0, 0) waterfall=Insets{left=0, top=0, right=0, bottom=0} boundingRect={Bounds=[Rect(0, 0 - 0, 0), Rect(512, 0 - 568, 88), Rect(0, 0 - 0, 0), Rect(0, 0 - 0, 0)]} cutoutPathParserInfo={CutoutPathParserInfo{displayWidth=1080 displayHeight=2400 physicalDisplayWidth=1080 physicalDisplayHeight=2400 density={3.0} cutoutSpec={M 0,0 M 0,10.71963616907435 a 9.280363830925644,9.280363830925644 0 1,0 0,18.56072766185129 a 9.280363830925644,9.280363830925644 0 1,0 0,-18.56072766185129 Z @dp} rotation={0} scale={1.0} physicalPixelDisplaySizeRatio={1.0}}}}, mRoundedCorners=RoundedCorners{[RoundedCorner{position=TopLeft, radius=96, center=Point(96, 96)}, RoundedCorner{position=TopRight, radius=96, center=Point(984, 96)}, RoundedCorner{position=BottomRight, radius=96, center=Point(984, 2304)}, RoundedCorner{position=BottomLeft, radius=96, center=Point(96, 2304)}]}  mRoundedCornerFrame=Rect(0, 0 - 1080, 2400), mPrivacyIndicatorBounds=PrivacyIndicatorBounds {static bounds=Rect(948, 0 - 1080, 88) rotation=0}, mSources= { InsetsSource: {mType=ITYPE_STATUS_BAR, mFrame=[0,0][1080,88], mVisible=true, mInsetsRoundedCornerFrame=false}, InsetsSource: {mType=ITYPE_NAVIGATION_BAR, mFrame=[0,2256][1080,2400], mVisible=true, mInsetsRoundedCornerFrame=false}, InsetsSource: {mType=ITYPE_LEFT_GESTURES, mFrame=[0,0][0,2400], mVisible=true, mInsetsRoundedCornerFrame=false}, InsetsSource: {mType=ITYPE_RIGHT_GESTURES, mFrame=[1080,0][1080,2400], mVisible=true, mInsetsRoundedCornerFrame=false}, InsetsSource: {mType=ITYPE_TOP_MANDATORY_GESTURES, mFrame=[0,0][1080,124], mVisible=true, mInsetsRoundedCornerFrame=false}, InsetsSource: {mType=ITYPE_BOTTOM_MANDATORY_GESTURES, mFrame=[0,2256][1080,2400], mVisible=true, mInsetsRoundedCornerFrame=false}, InsetsSource: {mType=ITYPE_LEFT_DISPLAY_CUTOUT, mFrame=[0,0][-100000,2400], mVisible=true, mInsetsRoundedCornerFrame=false}, InsetsSource: {mType=ITYPE_TOP_DISPLAY_CUTOUT, mFrame=[0,0][1080,88], mVisible=true, mInsetsRoundedCornerFrame=false}, InsetsSource: {mType=ITYPE_RIGHT_DISPLAY_CUTOUT, mFrame=[100000,0][1080,2400], mVisible=true, mInsetsRoundedCornerFrame=false}, InsetsSource: {mType=ITYPE_BOTTOM_DISPLAY_CUTOUT, mFrame=[0,100000][1080,2400], mVisible=true, mInsetsRoundedCornerFrame=false}, InsetsSource: {mType=ITYPE_TOP_TAPPABLE_ELEMENT, mFrame=[0,0][1080,88], mVisible=true, mInsetsRoundedCornerFrame=false}, InsetsSource: {mType=ITYPE_BOTTOM_TAPPABLE_ELEMENT, mFrame=[0,2256][1080,2400], mVisible=true, mInsetsRoundedCornerFrame=false}, InsetsSource: {mType=ITYPE_IME, mFrame=[0,1374][1080,2400], mVisibleFrame=[0,1374][1080,2400], mVisible=false, mInsetsRoundedCornerFrame=false} } host=com.evolucao.app/com.evolucao.app.MainActivity from=android.view.ViewRootImpl$ViewRootHandler.handleMessageImpl:6727
04-06 02:17:40.461  6782  6782 I ViewRootImpl@73623ee[MainActivity]: handleResized, msg = 4 frames=ClientWindowFrames{frame=[0,0][1080,2400] display=[0,0][1080,2400] parentFrame=[0,0][0,0] parentClippedByDisplayCutout=false} forceNextWindowRelayout=false displayId=0 resizeMode=-1 frameChanged=false displayFrameChanged=false configChanged=false displayChanged=false
04-06 02:17:40.470  6782  6782 I ViewRootImpl@73623ee[MainActivity]: setInTouchMode(false), android.view.ViewRootImpl.checkForLeavingTouchModeAndConsume:9383 android.view.ViewRootImpl.-$$Nest$mcheckForLeavingTouchModeAndConsume:0 android.view.ViewRootImpl$EarlyPostImeInputStage.processKeyEvent:7707 android.view.ViewRootImpl$EarlyPostImeInputStage.onProcess:7691 android.view.ViewRootImpl$InputStage.deliver:7213 android.view.ViewRootImpl$InputStage.onDeliverToNext:7270 android.view.ViewRootImpl$InputStage.forward:7236 android.view.ViewRootImpl$AsyncInputStage.forward:7467 android.view.ViewRootImpl$ImeInputStage.onFinishedInputEvent:7676 android.view.inputmethod.InputMethodManager$PendingEvent.run:3897 
04-06 02:17:40.470  6782  6782 I ViewRootImpl@73623ee[MainActivity]: ViewPostIme key 0
04-06 02:17:40.485  6782  6782 D InsetsController: show(ime(), fromIme=true)
04-06 02:17:40.486  6782  6782 D InsetsController: controlAnimationUnchecked: Added types=8 animType=0 host=com.evolucao.app/com.evolucao.app.MainActivity from=android.view.InsetsController.applyAnimation:1576 android.view.InsetsController.applyAnimation:1557 android.view.InsetsController.show:1063 
