04-06 02:17:54.435  6782  6782 I ViewRootImpl@e978610[PopupWindow:cf7fc9b]: performTraversals mFirst=true windowShouldResize=true viewVisibilityChanged=false mForceNextWindowRelayout=false params={(235,1028)(90x94) gr=TOP START CENTER sim={state=unchanged adjust=pan} ty=APPLICATION_SUB_PANEL fmt=TRANSLUCENT wanim=0x1030313 surfaceInsets=Rect(0, 0 - 0, 0) (manual)
04-06 02:17:54.435  6782  6782 I ViewRootImpl@e978610[PopupWindow:cf7fc9b]:   fl=41800218
04-06 02:17:54.435  6782  6782 I ViewRootImpl@e978610[PopupWindow:cf7fc9b]:   pfl=42018000
04-06 02:17:54.435  6782  6782 I ViewRootImpl@e978610[PopupWindow:cf7fc9b]:   bhv=DEFAULT
04-06 02:17:54.435  6782  6782 I ViewRootImpl@e978610[PopupWindow:cf7fc9b]:   fitTypes=STATUS_BARS NAVIGATION_BARS CAPTION_BAR naviIconColor=0
04-06 02:17:54.435  6782  6782 I ViewRootImpl@e978610[PopupWindow:cf7fc9b]:   sfl=20000}
04-06 02:17:54.438  6782  6960 I ViewRootImpl@e978610[PopupWindow:cf7fc9b]: Resizing android.view.ViewRootImpl@58a08c5: frame = [235,1028][325,1122] reportDraw = true forceLayout = false syncSeqId = 0
04-06 02:17:54.440  6782  6782 I ViewRootImpl@e978610[PopupWindow:cf7fc9b]: updateBlastSurfaceIfNeeded mBlastBufferQueue=null isSameSurfaceControl=false
04-06 02:17:54.440  6782  6782 I BLASTBufferQueue: new BLASTBufferQueue, mName= ViewRootImpl@e978610[PopupWindow:cf7fc9b] mNativeObject= 0xb4000070a0e73a00 sc.mNativeObject= 0xb400006f4bb88c60 caller= android.view.ViewRootImpl.updateBlastSurfaceIfNeeded:2909 android.view.ViewRootImpl.relayoutWindow:9847 android.view.ViewRootImpl.performTraversals:3884 android.view.ViewRootImpl.doTraversal:3116 android.view.ViewRootImpl$TraversalRunnable.run:10885 android.view.Choreographer$CallbackRecord.run:1301 android.view.Choreographer$CallbackRecord.run:1309 android.view.Choreographer.doCallbacks:923 android.view.Choreographer.doFrame:852 android.view.Choreographer$FrameDisplayEventReceiver.run:1283 
04-06 02:17:54.440  6782  6782 I BLASTBufferQueue: update, w= 90 h= 94 mName = ViewRootImpl@e978610[PopupWindow:cf7fc9b] mNativeObject= 0xb4000070a0e73a00 sc.mNativeObject= 0xb400006f4bb88c60 format= -3 caller= android.graphics.BLASTBufferQueue.<init>:84 android.view.ViewRootImpl.updateBlastSurfaceIfNeeded:2909 android.view.ViewRootImpl.relayoutWindow:9847 android.view.ViewRootImpl.performTraversals:3884 android.view.ViewRootImpl.doTraversal:3116 android.view.ViewRootImpl$TraversalRunnable.run:10885 
04-06 02:17:54.440  6782  6782 I ViewRootImpl@e978610[PopupWindow:cf7fc9b]: Relayout returned: old=(235,1028,325,1122) new=(235,1028,325,1122) req=(90,94)0 dur=5 res=0x3 s={true 0xb4000070a0e7c800} ch=true seqId=0
04-06 02:17:54.441  6782  6782 I ViewRootImpl@e978610[PopupWindow:cf7fc9b]: mThreadedRenderer.initialize() mSurface={isValid=true 0xb4000070a0e7c800} hwInitialized=true
04-06 02:17:54.441  6782  6922 D OpenGLRenderer: eglCreateWindowSurface
04-06 02:17:54.442  6782  6782 I ViewRootImpl@e978610[PopupWindow:cf7fc9b]: reportNextDraw android.view.ViewRootImpl.performTraversals:4438 android.view.ViewRootImpl.doTraversal:3116 android.view.ViewRootImpl$TraversalRunnable.run:10885 android.view.Choreographer$CallbackRecord.run:1301 android.view.Choreographer$CallbackRecord.run:1309 
04-06 02:17:54.442  6782  6782 I ViewRootImpl@e978610[PopupWindow:cf7fc9b]: Setup new sync id=0
04-06 02:17:54.442  6782  6782 I ViewRootImpl@e978610[PopupWindow:cf7fc9b]: Setting syncFrameCallback
04-06 02:17:54.442  6782  6782 I ViewRootImpl@e978610[PopupWindow:cf7fc9b]: registerCallbacksForSync syncBuffer=false
04-06 02:17:54.442  6782  6949 I ViewRootImpl@e978610[PopupWindow:cf7fc9b]: Received frameDrawingCallback syncResult=0 frameNum=1.
04-06 02:17:54.442  6782  6949 I ViewRootImpl@e978610[PopupWindow:cf7fc9b]: Setting up sync and frameCommitCallback
04-06 02:17:54.443  6782  6922 I BLASTBufferQueue: [ViewRootImpl@e978610[PopupWindow:cf7fc9b]#9](f:0,a:0) onFrameAvailable the first frame is available
04-06 02:17:54.443  6782  6922 I ViewRootImpl@e978610[PopupWindow:cf7fc9b]: Received frameCommittedCallback lastAttemptedDrawFrameNum=1 didProduceBuffer=true
04-06 02:17:54.443  6782  6922 D OpenGLRenderer: CFMS:: SetUp Pid : 6782    Tid : 6922
04-06 02:17:54.443  6782  6922 W Parcel  : Expecting binder but got null!
04-06 02:17:54.443  6782  6782 I ViewRootImpl@e978610[PopupWindow:cf7fc9b]: onSyncComplete
04-06 02:17:54.444  6782  6782 I ViewRootImpl@e978610[PopupWindow:cf7fc9b]: setupSync seqId=0 mSyncId=0 fn=1 caller=android.view.ViewRootImpl$$ExternalSyntheticLambda11.accept:6 android.window.SurfaceSyncer.lambda$setupSync$1$android-window-SurfaceSyncer:128 android.window.SurfaceSyncer$$ExternalSyntheticLambda1.accept:8 android.window.SurfaceSyncer$SyncSet.checkIfSyncIsComplete:382 android.window.SurfaceSyncer$SyncSet.markSyncReady:359 android.window.SurfaceSyncer.markSyncReady:151 android.view.ViewRootImpl.performTraversals:4503 
04-06 02:17:54.446  6782  6782 I ViewRootImpl@e978610[PopupWindow:cf7fc9b]: reportDrawFinished seqId=0 mSyncId=-1 fn=1 mSurfaceChangedTransaction=0xb400006d3ee5a200
04-06 02:17:54.446  6782  6782 I ViewRootImpl@c817336[PopupWindow:b06a520]: reportDrawFinished seqId=0 mSyncId=-1 fn=1 mSurfaceChangedTransaction=0xb400006d42d5c300
04-06 02:17:54.448  6782  6782 I ViewRootImpl@c817336[PopupWindow:b06a520]: handleResized, msg = 5 frames=ClientWindowFrames{frame=[235,1122][325,1230] display=[-100000,-100000][100000,100000] parentFrame=[0,0][0,0] parentClippedByDisplayCutout=false} forceNextWindowRelayout=false displayId=0 resizeMode=-1 frameChanged=false displayFrameChanged=false configChanged=false displayChanged=false
04-06 02:17:54.448  6782  6782 I ViewRootImpl@c817336[PopupWindow:b06a520]: handleResized mSyncSeqId = 0
04-06 02:17:54.448  6782  6782 I ViewRootImpl@c817336[PopupWindow:b06a520]: reportNextDraw android.view.ViewRootImpl.handleResized:2450 android.view.ViewRootImpl.-$$Nest$mhandleResized:0 android.view.ViewRootImpl$ViewRootHandler.handleMessageImpl:6728 android.view.ViewRootImpl$ViewRootHandler.handleMessage:6697 android.os.Handler.dispatchMessage:106 
04-06 02:17:54.448  6782  6782 I ViewRootImpl@c817336[PopupWindow:b06a520]: Setup new sync id=1
04-06 02:17:54.448  6782  6782 I ViewRootImpl@c817336[PopupWindow:b06a520]: Setting syncFrameCallback
04-06 02:17:54.448  6782  6782 I ViewRootImpl@c817336[PopupWindow:b06a520]: registerCallbacksForSync syncBuffer=false
04-06 02:17:54.450  6782  6948 I ViewRootImpl@c817336[PopupWindow:b06a520]: Received frameDrawingCallback syncResult=0 frameNum=2.
04-06 02:17:54.450  6782  6948 I ViewRootImpl@c817336[PopupWindow:b06a520]: Setting up sync and frameCommitCallback
04-06 02:17:54.450  6782  6922 I ViewRootImpl@c817336[PopupWindow:b06a520]: Received frameCommittedCallback lastAttemptedDrawFrameNum=2 didProduceBuffer=true
04-06 02:17:54.451  6782  6782 I ViewRootImpl@c817336[PopupWindow:b06a520]: onSyncComplete
04-06 02:17:54.451  6782  6782 I ViewRootImpl@c817336[PopupWindow:b06a520]: setupSync seqId=0 mSyncId=1 fn=2 caller=android.view.ViewRootImpl$$ExternalSyntheticLambda11.accept:6 android.window.SurfaceSyncer.lambda$setupSync$1$android-window-SurfaceSyncer:128 android.window.SurfaceSyncer$$ExternalSyntheticLambda1.accept:8 android.window.SurfaceSyncer$SyncSet.checkIfSyncIsComplete:382 android.window.SurfaceSyncer$SyncSet.markSyncReady:359 android.window.SurfaceSyncer.markSyncReady:151 android.view.ViewRootImpl.performTraversals:4503 
04-06 02:17:54.451  6782  6782 I ViewRootImpl@c817336[PopupWindow:b06a520]: reportDrawFinished seqId=0 mSyncId=-1 fn=2 mSurfaceChangedTransaction=0xb400006d42d5c300
04-06 02:17:54.451  6782  6782 I ViewRootImpl@e978610[PopupWindow:cf7fc9b]: handleResized, msg = 5 frames=ClientWindowFrames{frame=[235,1028][325,1122] display=[-100000,-100000][100000,100000] parentFrame=[0,0][0,0] parentClippedByDisplayCutout=false} forceNextWindowRelayout=false displayId=0 resizeMode=-1 frameChanged=false displayFrameChanged=false configChanged=false displayChanged=false
04-06 02:17:54.451  6782  6782 I ViewRootImpl@e978610[PopupWindow:cf7fc9b]: handleResized mSyncSeqId = 0
04-06 02:17:54.451  6782  6782 I ViewRootImpl@e978610[PopupWindow:cf7fc9b]: reportNextDraw android.view.ViewRootImpl.handleResized:2450 android.view.ViewRootImpl.-$$Nest$mhandleResized:0 android.view.ViewRootImpl$ViewRootHandler.handleMessageImpl:6728 android.view.ViewRootImpl$ViewRootHandler.handleMessage:6697 android.os.Handler.dispatchMessage:106 
04-06 02:17:54.453  6782  6782 I ViewRootImpl@e978610[PopupWindow:cf7fc9b]: Setup new sync id=1
04-06 02:17:54.453  6782  6782 I ViewRootImpl@e978610[PopupWindow:cf7fc9b]: Setting syncFrameCallback
04-06 02:17:54.453  6782  6782 I ViewRootImpl@e978610[PopupWindow:cf7fc9b]: registerCallbacksForSync syncBuffer=false
04-06 02:17:54.453  6782  6949 I ViewRootImpl@e978610[PopupWindow:cf7fc9b]: Received frameDrawingCallback syncResult=0 frameNum=2.
04-06 02:17:54.453  6782  6949 I ViewRootImpl@e978610[PopupWindow:cf7fc9b]: Setting up sync and frameCommitCallback
04-06 02:17:54.454  6782  6922 I ViewRootImpl@e978610[PopupWindow:cf7fc9b]: Received frameCommittedCallback lastAttemptedDrawFrameNum=2 didProduceBuffer=true
04-06 02:17:54.454  6782  6782 I ViewRootImpl@e978610[PopupWindow:cf7fc9b]: onSyncComplete
04-06 02:17:54.454  6782  6782 I ViewRootImpl@e978610[PopupWindow:cf7fc9b]: setupSync seqId=0 mSyncId=1 fn=2 caller=android.view.ViewRootImpl$$ExternalSyntheticLambda11.accept:6 android.window.SurfaceSyncer.lambda$setupSync$1$android-window-SurfaceSyncer:128 android.window.SurfaceSyncer$$ExternalSyntheticLambda1.accept:8 android.window.SurfaceSyncer$SyncSet.checkIfSyncIsComplete:382 android.window.SurfaceSyncer$SyncSet.markSyncReady:359 android.window.SurfaceSyncer.markSyncReady:151 android.view.ViewRootImpl.performTraversals:4503 
04-06 02:17:54.455  6782  6782 I ViewRootImpl@73623ee[MainActivity]: ViewPostIme key 1
04-06 02:17:54.456  6782  6782 I ViewRootImpl@e978610[PopupWindow:cf7fc9b]: reportDrawFinished seqId=0 mSyncId=-1 fn=2 mSurfaceChangedTransaction=0xb400006d3ee5a200
04-06 02:17:54.537  6782  6922 D OpenGLRenderer: setSurface called with nullptr
04-06 02:17:54.537  6782  6922 D OpenGLRenderer: setSurface() destroyed EGLSurface
04-06 02:17:54.537  6782  6922 D OpenGLRenderer: destroyEglSurface
04-06 02:17:54.539  6782  6782 I ViewRootImpl@c817336[PopupWindow:b06a520]: dispatchDetachedFromWindow
04-06 02:17:54.546  6782  6782 D InputTransport: Input channel destroyed: '2f66942', fd=125
04-06 02:17:54.548  6782  6922 D OpenGLRenderer: setSurface called with nullptr
04-06 02:17:54.548  6782  6922 D OpenGLRenderer: setSurface() destroyed EGLSurface
04-06 02:17:54.548  6782  6922 D OpenGLRenderer: destroyEglSurface
04-06 02:17:54.549  6782  6782 I ViewRootImpl@e978610[PopupWindow:cf7fc9b]: dispatchDetachedFromWindow
04-06 02:17:54.554  6782  6782 D InputTransport: Input channel destroyed: 'a85d78e', fd=174
04-06 02:17:54.594  6782  6782 I ViewRootImpl@73623ee[MainActivity]: ViewPostIme key 0
04-06 02:17:54.598  6782  6782 I ViewRootImpl@73623ee[MainActivity]: ViewPostIme key 1
04-06 02:17:54.600  6782  6782 I IMM_LC  : showSoftInput(View,I)
04-06 02:17:54.600  6782  6782 I IMM_LC  : ssi() - flag : 0 view : com.evolucao.app reason = SHOW_SOFT_INPUT
04-06 02:17:54.607  6782  6782 D InsetsController: show(ime(), fromIme=true)
04-06 02:17:54.681  6782  6782 I ViewRootImpl@73623ee[MainActivity]: ViewPostIme key 0
04-06 02:17:54.698  6782  6782 I ViewRootImpl@73623ee[MainActivity]: ViewPostIme key 1
04-06 02:17:54.777  6782  6782 I ViewRootImpl@73623ee[MainActivity]: ViewPostIme key 0
04-06 02:17:54.781  6782  6782 I ViewRootImpl@73623ee[MainActivity]: ViewPostIme key 1
04-06 02:17:54.866  6782  6782 I ViewRootImpl@73623ee[MainActivity]: ViewPostIme key 0
04-06 02:17:54.871  6782  6782 I ViewRootImpl@73623ee[MainActivity]: ViewPostIme key 1
04-06 02:17:54.954  6782  6782 I ViewRootImpl@73623ee[MainActivity]: ViewPostIme key 0
04-06 02:17:54.980  6782  6782 I ViewRootImpl@73623ee[MainActivity]: ViewPostIme key 1
04-06 02:17:55.044  6782  6782 I ViewRootImpl@73623ee[MainActivity]: ViewPostIme key 0
04-06 02:17:55.066  6782  6782 I ViewRootImpl@73623ee[MainActivity]: ViewPostIme key 1
04-06 02:17:55.135  6782  6782 I ViewRootImpl@73623ee[MainActivity]: ViewPostIme key 0
04-06 02:17:55.138  6782  6782 I ViewRootImpl@73623ee[MainActivity]: ViewPostIme key 1
04-06 02:17:55.139  6782  6782 I IMM_LC  : showSoftInput(View,I)
04-06 02:17:55.140  6782  6782 I IMM_LC  : ssi() - flag : 0 view : com.evolucao.app reason = SHOW_SOFT_INPUT
04-06 02:17:55.147  6782  6782 D InsetsController: show(ime(), fromIme=true)
04-06 02:17:55.224  6782  6782 I ViewRootImpl@73623ee[MainActivity]: ViewPostIme key 0
04-06 02:17:55.248  6782  6782 I ViewRootImpl@73623ee[MainActivity]: ViewPostIme key 1
04-06 02:17:55.319  6782  6782 I ViewRootImpl@73623ee[MainActivity]: ViewPostIme key 0
04-06 02:17:55.345  6782  6782 I ViewRootImpl@73623ee[MainActivity]: ViewPostIme key 1
04-06 02:17:55.411  6782  6782 I ViewRootImpl@73623ee[MainActivity]: ViewPostIme key 0
04-06 02:17:55.415  6782  6782 I ViewRootImpl@73623ee[MainActivity]: ViewPostIme key 1
04-06 02:17:55.417  6782  6782 I IMM_LC  : showSoftInput(View,I)
04-06 02:17:55.417  6782  6782 I IMM_LC  : ssi() - flag : 0 view : com.evolucao.app reason = SHOW_SOFT_INPUT
04-06 02:17:55.423  6782  6782 D InsetsController: show(ime(), fromIme=true)
04-06 02:17:55.586  6782  6782 I ViewRootImpl@73623ee[MainActivity]: ViewPostIme key 0
04-06 02:17:55.608  6782  6782 I ViewRootImpl@73623ee[MainActivity]: ViewPostIme key 1
04-06 02:17:55.623  6782  6910 D DetoxWSClient: Received action 'currentStatus' (ID #2, params={})
04-06 02:17:55.623  6782  6907 I DetoxDispatcher: Handling action 'currentStatus' (ID #2)...
04-06 02:17:55.626  6782  6907 I DetoxWSClient: Sending out action 'currentStatusResult' (ID #2)
04-06 02:17:55.626  6782  6907 I DetoxDispatcher: Done with action 'currentStatus'
04-06 02:17:55.676  6782  6782 I ViewRootImpl@73623ee[MainActivity]: ViewPostIme key 0
04-06 02:17:55.679  6782  6782 I ViewRootImpl@73623ee[MainActivity]: ViewPostIme key 1
04-06 02:17:55.680  6782  6782 I IMM_LC  : showSoftInput(View,I)
04-06 02:17:55.681  6782  6782 I IMM_LC  : ssi() - flag : 0 view : com.evolucao.app reason = SHOW_SOFT_INPUT
04-06 02:17:55.687  6782  6782 D InsetsController: show(ime(), fromIme=true)
04-06 02:17:55.765  6782  6782 I ViewRootImpl@73623ee[MainActivity]: ViewPostIme key 0
04-06 02:17:55.768  6782  6782 I ViewRootImpl@73623ee[MainActivity]: ViewPostIme key 1
04-06 02:17:55.861  6782  6782 W InputEventSender: Received 'finished' signal for unknown seq number = 648
04-06 02:17:55.863  6782  6782 I ViewRootImpl@73623ee[MainActivity]: ViewPostIme key 0
04-06 02:17:55.867  6782  6782 I ViewRootImpl@73623ee[MainActivity]: ViewPostIme key 1
04-06 02:17:55.868  6782  6782 I ViewRootImpl@73623ee[MainActivity]: ViewPostIme key 0
04-06 02:17:55.870  6782  6782 I ViewRootImpl@73623ee[MainActivity]: ViewPostIme key 1
04-06 02:17:55.871  6782  6782 I ViewRootImpl@73623ee[MainActivity]: ViewPostIme key 0
04-06 02:17:55.873  6782  6782 I ViewRootImpl@73623ee[MainActivity]: ViewPostIme key 1
04-06 02:17:55.874  6782  6782 I ViewRootImpl@73623ee[MainActivity]: ViewPostIme key 0
04-06 02:17:55.878  6782  6782 I ViewRootImpl@73623ee[MainActivity]: ViewPostIme key 1
04-06 02:17:55.890  6782  6782 W InputEventSender: Received 'finished' signal for unknown seq number = 658
04-06 02:17:55.890  6782  6782 W InputEventSender: Received 'finished' signal for unknown seq number = 659
04-06 02:17:55.890  6782  6782 W InputEventSender: Received 'finished' signal for unknown seq number = 660
04-06 02:17:55.890  6782  6782 W InputEventSender: Received 'finished' signal for unknown seq number = 661
04-06 02:17:55.890  6782  6782 W InputEventSender: Received 'finished' signal for unknown seq number = 662
04-06 02:17:55.890  6782  6782 W InputEventSender: Received 'finished' signal for unknown seq number = 663
04-06 02:17:55.890  6782  6782 W InputEventSender: Received 'finished' signal for unknown seq number = 664
04-06 02:17:55.894  6782  6782 I ViewRootImpl@73623ee[MainActivity]: ViewPostIme key 0
04-06 02:17:55.897  6782  6782 I ViewRootImpl@73623ee[MainActivity]: ViewPostIme key 1
04-06 02:17:55.897  6782  6782 I ViewRootImpl@73623ee[MainActivity]: ViewPostIme key 0
04-06 02:17:55.899  6782  6782 I ViewRootImpl@73623ee[MainActivity]: ViewPostIme key 1
04-06 02:17:55.899  6782  6782 I ViewRootImpl@73623ee[MainActivity]: ViewPostIme key 0
04-06 02:17:55.900  6782  6782 I ViewRootImpl@73623ee[MainActivity]: ViewPostIme key 1
04-06 02:17:55.900  6782  6782 I IMM_LC  : showSoftInput(View,I)
04-06 02:17:55.900  6782  6782 I IMM_LC  : ssi() - flag : 0 view : com.evolucao.app reason = SHOW_SOFT_INPUT
04-06 02:17:55.937  6782  6782 D InsetsController: show(ime(), fromIme=true)
04-06 02:17:55.950  6782  6782 I ViewRootImpl@73623ee[MainActivity]: ViewPostIme key 0
04-06 02:17:55.953  6782  6782 I ViewRootImpl@73623ee[MainActivity]: ViewPostIme key 1
04-06 02:17:56.042  6782  6782 W InputEventSender: Received 'finished' signal for unknown seq number = 676
04-06 02:17:56.045  6782  6782 I ViewRootImpl@73623ee[MainActivity]: ViewPostIme key 0
04-06 02:17:56.049  6782  6782 I ViewRootImpl@73623ee[MainActivity]: ViewPostIme key 1
04-06 02:17:56.050  6782  6782 I ViewRootImpl@73623ee[MainActivity]: ViewPostIme key 0
04-06 02:17:56.054  6782  6782 I ViewRootImpl@73623ee[MainActivity]: ViewPostIme key 1
04-06 02:17:56.055  6782  6782 I ViewRootImpl@73623ee[MainActivity]: ViewPostIme key 0
04-06 02:17:56.061  6782  6782 I ViewRootImpl@73623ee[MainActivity]: ViewPostIme key 1
04-06 02:17:56.067  6782  6782 I ViewRootImpl@73623ee[MainActivity]: ViewPostIme key 0
04-06 02:17:56.074  6782  6782 W InputEventSender: Received 'finished' signal for unknown seq number = 684
04-06 02:17:56.074  6782  6782 W InputEventSender: Received 'finished' signal for unknown seq number = 685
04-06 02:17:56.074  6782  6782 W InputEventSender: Received 'finished' signal for unknown seq number = 686
04-06 02:17:56.074  6782  6782 W InputEventSender: Received 'finished' signal for unknown seq number = 687
04-06 02:17:56.074  6782  6782 W InputEventSender: Received 'finished' signal for unknown seq number = 688
04-06 02:17:56.074  6782  6782 W InputEventSender: Received 'finished' signal for unknown seq number = 689
04-06 02:17:56.074  6782  6782 W InputEventSender: Received 'finished' signal for unknown seq number = 690
04-06 02:17:56.075  6782  6782 I ViewRootImpl@73623ee[MainActivity]: ViewPostIme key 1
04-06 02:17:56.080  6782  6782 I ViewRootImpl@73623ee[MainActivity]: ViewPostIme key 2
04-06 02:17:56.082  6782  6782 I ViewRootImpl@73623ee[MainActivity]: ViewPostIme key 0
04-06 02:17:56.083  6782  6782 I ViewRootImpl@73623ee[MainActivity]: ViewPostIme key 1
04-06 02:17:56.083  6782  6782 I ViewRootImpl@73623ee[MainActivity]: ViewPostIme key 0
04-06 02:17:56.084  6782  6782 I ViewRootImpl@73623ee[MainActivity]: ViewPostIme key 1
04-06 02:17:56.084  6782  6782 I ViewRootImpl@73623ee[MainActivity]: ViewPostIme key 0
04-06 02:17:56.084  6782  6782 I ViewRootImpl@73623ee[MainActivity]: ViewPostIme key 1
04-06 02:17:56.140  6782  6782 W InputEventSender: Received 'finished' signal for unknown seq number = 699
04-06 02:17:56.140  6782  6782 W InputEventSender: Received 'finished' signal for unknown seq number = 700
04-06 02:17:56.140  6782  6782 W InputEventSender: Received 'finished' signal for unknown seq number = 701
04-06 02:17:56.140  6782  6782 W InputEventSender: Received 'finished' signal for unknown seq number = 702
04-06 02:17:56.140  6782  6782 W InputEventSender: Received 'finished' signal for unknown seq number = 703
04-06 02:17:56.140  6782  6782 W InputEventSender: Received 'finished' signal for unknown seq number = 704
04-06 02:17:56.140  6782  6782 W InputEventSender: Received 'finished' signal for unknown seq number = 705
04-06 02:17:56.140  6782  6782 W InputEventSender: Received 'finished' signal for unknown seq number = 706
04-06 02:17:56.140  6782  6782 W InputEventSender: Received 'finished' signal for unknown seq number = 707
04-06 02:17:56.142  6782  6782 I ViewRootImpl@73623ee[MainActivity]: ViewPostIme key 2
04-06 02:17:56.145  6782  6782 I ViewRootImpl@73623ee[MainActivity]: ViewPostIme key 0
04-06 02:17:56.146  6782  6782 I ViewRootImpl@73623ee[MainActivity]: ViewPostIme key 1
04-06 02:17:56.147  6782  6782 I ViewRootImpl@73623ee[MainActivity]: ViewPostIme key 0
04-06 02:17:56.148  6782  6782 I ViewRootImpl@73623ee[MainActivity]: ViewPostIme key 1
04-06 02:17:56.149  6782  6782 I ViewRootImpl@73623ee[MainActivity]: ViewPostIme key 0
04-06 02:17:56.150  6782  6782 I ViewRootImpl@73623ee[MainActivity]: ViewPostIme key 1
04-06 02:17:56.150  6782  6782 I ViewRootImpl@73623ee[MainActivity]: ViewPostIme key 0
04-06 02:17:56.152  6782  6782 I ViewRootImpl@73623ee[MainActivity]: ViewPostIme key 1
04-06 02:17:56.152  6782  6782 I ViewRootImpl@73623ee[MainActivity]: ViewPostIme key 0
04-06 02:17:56.160  6782  6782 I ViewRootImpl@73623ee[MainActivity]: ViewPostIme key 1
04-06 02:17:56.161  6782  6782 I IMM_LC  : showSoftInput(View,I)
04-06 02:17:56.161  6782  6782 I IMM_LC  : ssi() - flag : 0 view : com.evolucao.app reason = SHOW_SOFT_INPUT
04-06 02:17:56.174  6782  6782 D InsetsController: show(ime(), fromIme=true)
04-06 02:17:56.225  6782  6782 I ViewRootImpl@73623ee[MainActivity]: ViewPostIme key 0
04-06 02:17:56.227  6782  6782 I ViewRootImpl@73623ee[MainActivity]: ViewPostIme key 1
04-06 02:17:56.311  6782  6782 I ViewRootImpl@73623ee[MainActivity]: ViewPostIme key 0
04-06 02:17:56.315  6782  6782 I ViewRootImpl@73623ee[MainActivity]: ViewPostIme key 1
04-06 02:17:56.316  6782  6782 I IMM_LC  : showSoftInput(View,I)
04-06 02:17:56.316  6782  6782 I IMM_LC  : ssi() - flag : 0 view : com.evolucao.app reason = SHOW_SOFT_INPUT
04-06 02:17:56.323  6782  6782 D InsetsController: show(ime(), fromIme=true)
04-06 02:17:56.401  6782  6782 I ViewRootImpl@73623ee[MainActivity]: ViewPostIme key 0
04-06 02:17:56.404  6782  6782 I ViewRootImpl@73623ee[MainActivity]: ViewPostIme key 1
04-06 02:17:56.405  6782  6782 I IMM_LC  : showSoftInput(View,I)
04-06 02:17:56.405  6782  6782 I IMM_LC  : ssi() - flag : 0 view : com.evolucao.app reason = SHOW_SOFT_INPUT
04-06 02:17:56.412  6782  6782 D InsetsController: show(ime(), fromIme=true)
04-06 02:17:56.489  6782  6782 I ViewRootImpl@73623ee[MainActivity]: ViewPostIme key 0
04-06 02:17:56.495  6782  6782 I ViewRootImpl@73623ee[MainActivity]: ViewPostIme key 1
04-06 02:17:56.579  6782  6782 I ViewRootImpl@73623ee[MainActivity]: ViewPostIme pointer 0
04-06 02:17:56.592  6782  6782 I ViewRootImpl@73623ee[MainActivity]: ViewPostIme pointer 1
04-06 02:17:56.608  6782  6782 I IMM_LC  : hsifw() - flag : 0
04-06 02:17:56.608  6782  6782 I IMM_LC  : hsifw() - mService.hideSoftInput
04-06 02:17:56.620  6782  6782 D InsetsController: controlAnimationUnchecked: Added types=8 animType=1 host=com.evolucao.app/com.evolucao.app.MainActivity from=android.view.InsetsController.applyAnimation:1576 android.view.InsetsController.applyAnimation:1557 android.view.InsetsController.hide:1093 
04-06 02:17:56.621  6782  6782 D InsetsSourceConsumer: setRequestedVisible: visible=false, type=19, host=com.evolucao.app/com.evolucao.app.MainActivity, from=android.view.InsetsSourceConsumer.hide:257 android.view.ImeInsetsSourceConsumer.hide:88 android.view.ImeInsetsSourceConsumer.hide:94 android.view.InsetsController.hideDirectly:1593 android.view.InsetsController.controlAnimationUnchecked:1234 android.view.InsetsController.applyAnimation:1576 android.view.InsetsController.applyAnimation:1557 android.view.InsetsController.hide:1093 android.view.ViewRootImpl$ViewRootHandler.handleMessageImpl:6765 android.view.ViewRootImpl$ViewRootHandler.handleMessage:6697 
04-06 02:17:56.632  6782  6782 D InsetsController: onStateChanged: InsetsState: {mDisplayFrame=Rect(0, 0 - 1080, 2400), mDisplayCutout=DisplayCutout{insets=Rect(0, 88 - 0, 0) waterfall=Insets{left=0, top=0, right=0, bottom=0} boundingRect={Bounds=[Rect(0, 0 - 0, 0), Rect(512, 0 - 568, 88), Rect(0, 0 - 0, 0), Rect(0, 0 - 0, 0)]} cutoutPathParserInfo={CutoutPathParserInfo{displayWidth=1080 displayHeight=2400 physicalDisplayWidth=1080 physicalDisplayHeight=2400 density={3.0} cutoutSpec={M 0,0 M 0,10.71963616907435 a 9.280363830925644,9.280363830925644 0 1,0 0,18.56072766185129 a 9.280363830925644,9.280363830925644 0 1,0 0,-18.56072766185129 Z @dp} rotation={0} scale={1.0} physicalPixelDisplaySizeRatio={1.0}}}}, mRoundedCorners=RoundedCorners{[RoundedCorner{position=TopLeft, radius=96, center=Point(96, 96)}, RoundedCorner{position=TopRight, radius=96, center=Point(984, 96)}, RoundedCorner{position=BottomRight, radius=96, center=Point(984, 2304)}, RoundedCorner{position=BottomLeft, radius=96, center=Point(96, 2304)}]}  mRoundedCornerFrame=Rect(0, 0 - 1080, 2400), mPrivacyIndicatorBounds=PrivacyIndicatorBounds {static bounds=Rect(948, 0 - 1080, 88) rotation=0}, mSources= { InsetsSource: {mType=ITYPE_STATUS_BAR, mFrame=[0,0][1080,88], mVisible=true, mInsetsRoundedCornerFrame=false}, InsetsSource: {mType=ITYPE_NAVIGATION_BAR, mFrame=[0,2256][1080,2400], mVisible=true, mInsetsRoundedCornerFrame=false}, InsetsSource: {mType=ITYPE_LEFT_GESTURES, mFrame=[0,0][0,2400], mVisible=true, mInsetsRoundedCornerFrame=false}, InsetsSource: {mType=ITYPE_RIGHT_GESTURES, mFrame=[1080,0][1080,2400], mVisible=true, mInsetsRoundedCornerFrame=false}, InsetsSource: {mType=ITYPE_TOP_MANDATORY_GESTURES, mFrame=[0,0][1080,124], mVisible=true, mInsetsRoundedCornerFrame=false}, InsetsSource: {mType=ITYPE_BOTTOM_MANDATORY_GESTURES, mFrame=[0,2256][1080,2400], mVisible=true, mInsetsRoundedCornerFrame=false}, InsetsSource: {mType=ITYPE_LEFT_DISPLAY_CUTOUT, mFrame=[0,0][-100000,2400], mVisible=true, mInsetsRoundedCornerFrame=false}, InsetsSource: {mType=ITYPE_TOP_DISPLAY_CUTOUT, mFrame=[0,0][1080,88], mVisible=true, mInsetsRoundedCornerFrame=false}, InsetsSource: {mType=ITYPE_RIGHT_DISPLAY_CUTOUT, mFrame=[100000,0][1080,2400], mVisible=true, mInsetsRoundedCornerFrame=false}, InsetsSource: {mType=ITYPE_BOTTOM_DISPLAY_CUTOUT, mFrame=[0,100000][1080,2400], mVisible=true, mInsetsRoundedCornerFrame=false}, InsetsSource: {mType=ITYPE_TOP_TAPPABLE_ELEMENT, mFrame=[0,0][1080,88], mVisible=true, mInsetsRoundedCornerFrame=false}, InsetsSource: {mType=ITYPE_BOTTOM_TAPPABLE_ELEMENT, mFrame=[0,2256][1080,2400], mVisible=true, mInsetsRoundedCornerFrame=false}, InsetsSource: {mType=ITYPE_IME, mFrame=[0,1374][1080,2400], mVisibleFrame=[0,1374][1080,2400], mVisible=false, mInsetsRoundedCornerFrame=false} } host=com.evolucao.app/com.evolucao.app.MainActivity from=android.view.ViewRootImpl$ViewRootHandler.handleMessageImpl:6740
04-06 02:17:56.633  6782  6808 I ViewRootImpl@73623ee[MainActivity]: Resizing android.view.ViewRootImpl@25a16ab: frame = [0,0][1080,2400] reportDraw = false forceLayout = false syncSeqId = 0
04-06 02:17:56.633  6782  6782 I ViewRootImpl@73623ee[MainActivity]: handleResized, msg = 4 frames=ClientWindowFrames{frame=[0,0][1080,2400] display=[0,0][1080,2400] parentFrame=[0,0][0,0] parentClippedByDisplayCutout=false} forceNextWindowRelayout=false displayId=0 resizeMode=-1 frameChanged=false displayFrameChanged=false configChanged=false displayChanged=false
04-06 02:17:56.678  6782  6782 I ViewRootImpl@73623ee[MainActivity]: setInTouchMode(false), android.view.ViewRootImpl.checkForLeavingTouchModeAndConsume:9376 android.view.ViewRootImpl.-$$Nest$mcheckForLeavingTouchModeAndConsume:0 android.view.ViewRootImpl$EarlyPostImeInputStage.processKeyEvent:7707 android.view.ViewRootImpl$EarlyPostImeInputStage.onProcess:7691 android.view.ViewRootImpl$InputStage.deliver:7213 android.view.ViewRootImpl$InputStage.onDeliverToNext:7270 android.view.ViewRootImpl$InputStage.forward:7236 android.view.ViewRootImpl$AsyncInputStage.forward:7467 android.view.ViewRootImpl$ImeInputStage.onFinishedInputEvent:7676 android.view.inputmethod.InputMethodManager$PendingEvent.run:3897 
04-06 02:17:56.684  6782  6782 I ViewRootImpl@73623ee[MainActivity]: ViewPostIme key 1
04-06 02:17:56.689  6782  6782 D InputMethodManager: startInputInner - Id : 0
04-06 02:17:56.689  6782  6782 I InputMethodManager: startInputInner - mService.startInputOrWindowGainedFocus
04-06 02:17:56.768  6782  6782 I ViewRootImpl@73623ee[MainActivity]: ViewPostIme key 0
04-06 02:17:56.776  6782  6782 D InputMethodManager: startInputInner - Id : 0
04-06 02:17:56.776  6782  6782 I InputMethodManager: startInputInner - mService.startInputOrWindowGainedFocus
04-06 02:17:56.785  6782  6782 I ViewRootImpl@73623ee[MainActivity]: ViewPostIme key 1
04-06 02:17:56.855  6782  6782 D InsetsController: cancelAnimation of types: 8, animType: 1, host: com.evolucao.app/com.evolucao.app.MainActivity, from:android.view.InsetsController.notifyFinished:1375 android.view.InsetsAnimationThreadControlRunner$1.lambda$notifyFinished$0$android-view-InsetsAnimationThreadControlRunner$1:84 android.view.InsetsAnimationThreadControlRunner$1$$ExternalSyntheticLambda1.run:4 
04-06 02:17:56.856  6782  6782 I IMM_LC  : notifyImeHidden: mService.hideSoftInput
04-06 02:17:56.865  6782  6782 I ViewRootImpl@73623ee[MainActivity]: ViewPostIme key 0
04-06 02:17:56.867  6782  6782 I ViewRootImpl@73623ee[MainActivity]: ViewPostIme key 1
04-06 02:17:56.881  6782  6960 I ViewRootImpl@73623ee[MainActivity]: Resizing android.view.ViewRootImpl@25a16ab: frame = [0,0][1080,2400] reportDraw = false forceLayout = false syncSeqId = 0
04-06 02:17:56.882  6782  6782 D InsetsController: onStateChanged: InsetsState: {mDisplayFrame=Rect(0, 0 - 1080, 2400), mDisplayCutout=DisplayCutout{insets=Rect(0, 88 - 0, 0) waterfall=Insets{left=0, top=0, right=0, bottom=0} boundingRect={Bounds=[Rect(0, 0 - 0, 0), Rect(512, 0 - 568, 88), Rect(0, 0 - 0, 0), Rect(0, 0 - 0, 0)]} cutoutPathParserInfo={CutoutPathParserInfo{displayWidth=1080 displayHeight=2400 physicalDisplayWidth=1080 physicalDisplayHeight=2400 density={3.0} cutoutSpec={M 0,0 M 0,10.71963616907435 a 9.280363830925644,9.280363830925644 0 1,0 0,18.56072766185129 a 9.280363830925644,9.280363830925644 0 1,0 0,-18.56072766185129 Z @dp} rotation={0} scale={1.0} physicalPixelDisplaySizeRatio={1.0}}}}, mRoundedCorners=RoundedCorners{[RoundedCorner{position=TopLeft, radius=96, center=Point(96, 96)}, RoundedCorner{position=TopRight, radius=96, center=Point(984, 96)}, RoundedCorner{position=BottomRight, radius=96, center=Point(984, 2304)}, RoundedCorner{position=BottomLeft, radius=96, center=Point(96, 2304)}]}  mRoundedCornerFrame=Rect(0, 0 - 1080, 2400), mPrivacyIndicatorBounds=PrivacyIndicatorBounds {static bounds=Rect(948, 0 - 1080, 88) rotation=0}, mSources= { InsetsSource: {mType=ITYPE_STATUS_BAR, mFrame=[0,0][1080,88], mVisible=true, mInsetsRoundedCornerFrame=false}, InsetsSource: {mType=ITYPE_NAVIGATION_BAR, mFrame=[0,2256][1080,2400], mVisible=true, mInsetsRoundedCornerFrame=false}, InsetsSource: {mType=ITYPE_LEFT_GESTURES, mFrame=[0,0][0,2400], mVisible=true, mInsetsRoundedCornerFrame=false}, InsetsSource: {mType=ITYPE_RIGHT_GESTURES, mFrame=[1080,0][1080,2400], mVisible=true, mInsetsRoundedCornerFrame=false}, InsetsSource: {mType=ITYPE_TOP_MANDATORY_GESTURES, mFrame=[0,0][1080,124], mVisible=true, mInsetsRoundedCornerFrame=false}, InsetsSource: {mType=ITYPE_BOTTOM_MANDATORY_GESTURES, mFrame=[0,2256][1080,2400], mVisible=true, mInsetsRoundedCornerFrame=false}, InsetsSource: {mType=ITYPE_LEFT_DISPLAY_CUTOUT, mFrame=[0,0][-100000,2400], mVisible=true, mInsetsRoundedCornerFrame=false}, InsetsSource: {mType=ITYPE_TOP_DISPLAY_CUTOUT, mFrame=[0,0][1080,88], mVisible=true, mInsetsRoundedCornerFrame=false}, InsetsSource: {mType=ITYPE_RIGHT_DISPLAY_CUTOUT, mFrame=[100000,0][1080,2400], mVisible=true, mInsetsRoundedCornerFrame=false}, InsetsSource: {mType=ITYPE_BOTTOM_DISPLAY_CUTOUT, mFrame=[0,100000][1080,2400], mVisible=true, mInsetsRoundedCornerFrame=false}, InsetsSource: {mType=ITYPE_TOP_TAPPABLE_ELEMENT, mFrame=[0,0][1080,88], mVisible=true, mInsetsRoundedCornerFrame=false}, InsetsSource: {mType=ITYPE_BOTTOM_TAPPABLE_ELEMENT, mFrame=[0,2256][1080,2400], mVisible=true, mInsetsRoundedCornerFrame=false}, InsetsSource: {mType=ITYPE_IME, mFrame=[0,0][0,0], mVisibleFrame=[0,1374][1080,2400], mVisible=false, mInsetsRoundedCornerFrame=false} } host=com.evolucao.app/com.evolucao.app.MainActivity from=android.view.ViewRootImpl$ViewRootHandler.handleMessageImpl:6727
04-06 02:17:56.882  6782  6782 I ViewRootImpl@73623ee[MainActivity]: handleResized, msg = 4 frames=ClientWindowFrames{frame=[0,0][1080,2400] display=[0,0][1080,2400] parentFrame=[0,0][0,0] parentClippedByDisplayCutout=false} forceNextWindowRelayout=false displayId=0 resizeMode=-1 frameChanged=false displayFrameChanged=false configChanged=false displayChanged=false
04-06 02:17:56.954  6782  6782 I ViewRootImpl@73623ee[MainActivity]: ViewPostIme key 0
04-06 02:17:56.964  6782  6782 D InputMethodManager: startInputInner - Id : 0
04-06 02:17:56.964  6782  6782 I InputMethodManager: startInputInner - mService.startInputOrWindowGainedFocus
04-06 02:17:56.977  6782  6782 I ViewRootImpl@73623ee[MainActivity]: ViewPostIme key 1
04-06 02:17:57.047  6782  6782 I ViewRootImpl@73623ee[MainActivity]: ViewPostIme pointer 0
04-06 02:17:57.053  6782  6782 I ViewRootImpl@73623ee[MainActivity]: ViewPostIme pointer 1
04-06 02:17:57.136  6782  6782 I ViewRootImpl@73623ee[MainActivity]: ViewPostIme pointer 0
04-06 02:17:57.148  6782  6782 I ViewRootImpl@73623ee[MainActivity]: ViewPostIme pointer 1
04-06 02:17:57.228  6782  6782 I ViewRootImpl@73623ee[MainActivity]: setInTouchMode(false), android.view.ViewRootImpl.checkForLeavingTouchModeAndConsume:9383 android.view.ViewRootImpl.-$$Nest$mcheckForLeavingTouchModeAndConsume:0 android.view.ViewRootImpl$EarlyPostImeInputStage.processKeyEvent:7707 android.view.ViewRootImpl$EarlyPostImeInputStage.onProcess:7691 android.view.ViewRootImpl$InputStage.deliver:7213 android.view.ViewRootImpl$InputStage.onDeliverToNext:7270 android.view.ViewRootImpl$InputStage.forward:7236 android.view.ViewRootImpl$AsyncInputStage.forward:7467 android.view.ViewRootImpl$ImeInputStage.onFinishedInputEvent:7676 android.view.inputmethod.InputMethodManager$PendingEvent.run:3897 
04-06 02:17:57.229  6782  6782 I ViewRootImpl@73623ee[MainActivity]: ViewPostIme key 0
04-06 02:17:57.244  6782  6782 I ViewRootImpl@73623ee[MainActivity]: ViewPostIme key 1
04-06 02:17:57.320  6782  6782 I ViewRootImpl@73623ee[MainActivity]: ViewPostIme key 0
04-06 02:17:57.323  6782  6782 I ViewRootImpl@73623ee[MainActivity]: ViewPostIme key 1
04-06 02:17:57.419  6782  6782 W InputEventSender: Received 'finished' signal for unknown seq number = 742
04-06 02:17:57.419  6782  6782 W InputEventSender: Received 'finished' signal for unknown seq number = 743
04-06 02:17:57.419  6782  6782 W InputEventSender: Received 'finished' signal for unknown seq number = 744
04-06 02:17:57.419  6782  6782 W InputEventSender: Received 'finished' signal for unknown seq number = 745
04-06 02:17:57.419  6782  6782 W InputEventSender: Received 'finished' signal for unknown seq number = 746
04-06 02:17:57.421  6782  6782 I ViewRootImpl@73623ee[MainActivity]: ViewPostIme key 0
04-06 02:17:57.424  6782  6782 I ViewRootImpl@73623ee[MainActivity]: ViewPostIme key 1
04-06 02:17:57.839  6782  6782 W unknown:BridgelessReact: ReactHost{0}.onHostPause(activity)
04-06 02:17:57.841  6782  6782 D SensorManager: unregisterListener
04-06 02:17:57.841  6782  6782 W unknown:BridgelessReact: ReactHost{0}.ReactContext.onHostPause()
04-06 02:17:57.842  6782  6782 D LifecycleMonitor: Lifecycle status change: com.evolucao.app.MainActivity@36d1a3a in: PAUSED
04-06 02:17:57.843  6782  6782 I ViewRootImpl@73623ee[MainActivity]: stopped(false) old = false
04-06 02:17:57.843  6782  6782 W unknown:BridgelessReact: ReactHost{0}.onHostResume(activity)
04-06 02:17:57.845  6782  6782 D SensorManager: registerListener :: 11, LSM6DSO Accelerometer, 66667, 0, 
04-06 02:17:57.846  6782  6782 W unknown:BridgelessReact: ReactHost{0}.ReactContext.onHostResume()
04-06 02:17:57.847  6782  6782 D LifecycleMonitor: Lifecycle status change: com.evolucao.app.MainActivity@36d1a3a in: RESUMED
04-06 02:17:57.848  6782  6782 I MSHandlerLifeCycle: removeMultiSplitHandler: no exist. decor=DecorView@69f84fd[MainActivity]
04-06 02:17:57.893  6782  6939 D TrafficStats: tagSocket(6) with statsTag=0xffffffff, statsUid=-1
04-06 02:17:58.064  6782  6782 W unknown:BridgelessReact: ReactHost{0}.onHostPause(activity)
04-06 02:17:58.065  6782  6782 D SensorManager: unregisterListener
04-06 02:17:58.065  6782  6782 W unknown:BridgelessReact: ReactHost{0}.ReactContext.onHostPause()
04-06 02:17:58.066  6782  6782 D LifecycleMonitor: Lifecycle status change: com.evolucao.app.MainActivity@36d1a3a in: PAUSED
04-06 02:17:58.066  6782  6782 I ViewRootImpl@73623ee[MainActivity]: stopped(false) old = false
04-06 02:17:58.067  6782  6782 W unknown:BridgelessReact: ReactHost{0}.onHostResume(activity)
04-06 02:17:58.068  6782  6782 D SensorManager: registerListener :: 11, LSM6DSO Accelerometer, 66667, 0, 
04-06 02:17:58.069  6782  6782 W unknown:BridgelessReact: ReactHost{0}.ReactContext.onHostResume()
04-06 02:17:58.069  6782  6782 D LifecycleMonitor: Lifecycle status change: com.evolucao.app.MainActivity@36d1a3a in: RESUMED
04-06 02:17:58.070  6782  6782 I MSHandlerLifeCycle: removeMultiSplitHandler: no exist. decor=DecorView@69f84fd[MainActivity]
04-06 02:17:58.071  6782  7012 D TrafficStats: tagSocket(132) with statsTag=0xffffffff, statsUid=-1
04-06 02:17:58.147  6782  6782 I ViewRootImpl@73623ee[MainActivity]: ViewPostIme key 0
04-06 02:17:58.164  6782  6782 I ViewRootImpl@73623ee[MainActivity]: ViewPostIme key 1
04-06 02:17:58.230  6782  6782 D InputMethodManager: showInputMethodPickerLocked
04-06 02:17:58.232  6782  6782 I ViewRootImpl@73623ee[MainActivity]: ViewPostIme key 1
04-06 02:17:58.294  6782  6782 I ViewRootImpl@73623ee[MainActivity]: MSG_WINDOW_FOCUS_CHANGED 0 1
04-06 02:17:58.347  6782  6782 I ViewRootImpl@73623ee[MainActivity]: MSG_WINDOW_TOUCH_MODE_CHANGED 
04-06 02:17:58.621  6782  6782 I ViewRootImpl@73623ee[MainActivity]: MSG_WINDOW_TOUCH_MODE_CHANGED 
04-06 02:17:58.659  6782  6782 I ViewRootImpl@73623ee[MainActivity]: MSG_WINDOW_FOCUS_CHANGED 1 1
04-06 02:17:58.660  6782  6782 I ViewRootImpl@73623ee[MainActivity]: mThreadedRenderer.initializeIfNeeded()#2 mSurface={isValid=true 0xb4000070a0e7a000}
04-06 02:17:58.661  6782  6782 I InputMethodManager: startInputAsyncOnWindowFocusGain - mService.startInputOrWindowGainedFocus
04-06 02:17:58.705  6782  6782 I ViewRootImpl@73623ee[MainActivity]: ViewPostIme key 0
04-06 02:17:58.706  6782  6782 I ViewRootImpl@73623ee[MainActivity]: ViewPostIme key 1
04-06 02:17:58.792  6782  6782 I ViewRootImpl@73623ee[MainActivity]: ViewPostIme pointer 0
04-06 02:17:58.794  6782  6782 I ViewRootImpl@73623ee[MainActivity]: ViewPostIme pointer 1
04-06 02:17:58.891  6782  6782 W InputEventSender: Received 'finished' signal for unknown seq number = 755
04-06 02:17:58.891  6782  6782 W InputEventSender: Received 'finished' signal for unknown seq number = 756
04-06 02:17:58.891  6782  6782 W InputEventSender: Received 'finished' signal for unknown seq number = 757
04-06 02:17:58.891  6782  6782 W InputEventSender: Received 'finished' signal for unknown seq number = 758
04-06 02:17:58.891  6782  6782 W InputEventSender: Received 'finished' signal for unknown seq number = 759
04-06 02:17:58.891  6782  6782 W InputEventSender: Received 'finished' signal for unknown seq number = 760
04-06 02:17:58.891  6782  6782 W InputEventSender: Received 'finished' signal for unknown seq number = 761
04-06 02:17:58.891  6782  6782 W InputEventSender: Received 'finished' signal for unknown seq number = 762
04-06 02:17:58.891  6782  6782 W InputEventSender: Received 'finished' signal for unknown seq number = 763
04-06 02:17:58.893  6782  6782 I ViewRootImpl@73623ee[MainActivity]: setInTouchMode(false), android.view.ViewRootImpl.checkForLeavingTouchModeAndConsume:9376 android.view.ViewRootImpl.-$$Nest$mcheckForLeavingTouchModeAndConsume:0 android.view.ViewRootImpl$EarlyPostImeInputStage.processKeyEvent:7707 android.view.ViewRootImpl$EarlyPostImeInputStage.onProcess:7691 android.view.ViewRootImpl$InputStage.deliver:7213 android.view.ViewRootImpl$InputStage.onDeliverToNext:7270 android.view.ViewRootImpl$InputStage.forward:7236 android.view.ViewRootImpl$AsyncInputStage.forward:7467 android.view.ViewRootImpl$ImeInputStage.onFinishedInputEvent:7676 android.view.inputmethod.InputMethodManager$PendingEvent.run:3897 
04-06 02:17:58.893  6782  6782 I ViewRootImpl@73623ee[MainActivity]: ViewPostIme key 0
04-06 02:17:58.894  6782  6782 I ViewRootImpl@73623ee[MainActivity]: ViewPostIme key 1
04-06 02:17:58.895  6782  6782 I ViewRootImpl@73623ee[MainActivity]: ViewPostIme key 0
04-06 02:17:58.896  6782  6782 I ViewRootImpl@73623ee[MainActivity]: ViewPostIme key 1
04-06 02:17:58.896  6782  6782 I ViewRootImpl@73623ee[MainActivity]: ViewPostIme key 0
04-06 02:17:58.897  6782  6782 I ViewRootImpl@73623ee[MainActivity]: ViewPostIme key 1
04-06 02:17:58.897  6782  6782 I ViewRootImpl@73623ee[MainActivity]: ViewPostIme key 0
04-06 02:17:58.899  6782  6782 I ViewRootImpl@73623ee[MainActivity]: ViewPostIme key 1
04-06 02:17:58.981  6782  6782 I ViewRootImpl@73623ee[MainActivity]: ViewPostIme pointer 0
04-06 02:17:58.992  6782  6782 I ViewRootImpl@73623ee[MainActivity]: ViewPostIme pointer 1
04-06 02:17:59.071  6782  6782 I ViewRootImpl@73623ee[MainActivity]: ViewPostIme pointer 0
04-06 02:17:59.082  6782  6782 I ViewRootImpl@73623ee[MainActivity]: ViewPostIme pointer 1
04-06 02:17:59.173  6782  6782 W InputEventSender: Received 'finished' signal for unknown seq number = 773
04-06 02:17:59.173  6782  6782 W InputEventSender: Received 'finished' signal for unknown seq number = 774
04-06 02:17:59.173  6782  6782 W InputEventSender: Received 'finished' signal for unknown seq number = 775
04-06 02:17:59.173  6782  6782 W InputEventSender: Received 'finished' signal for unknown seq number = 776
04-06 02:17:59.173  6782  6782 W InputEventSender: Received 'finished' signal for unknown seq number = 777
04-06 02:17:59.173  6782  6782 W InputEventSender: Received 'finished' signal for unknown seq number = 778
04-06 02:17:59.173  6782  6782 W InputEventSender: Received 'finished' signal for unknown seq number = 779
04-06 02:17:59.175  6782  6782 I ViewRootImpl@73623ee[MainActivity]: setInTouchMode(false), android.view.ViewRootImpl.checkForLeavingTouchModeAndConsume:9376 android.view.ViewRootImpl.-$$Nest$mcheckForLeavingTouchModeAndConsume:0 android.view.ViewRootImpl$EarlyPostImeInputStage.processKeyEvent:7707 android.view.ViewRootImpl$EarlyPostImeInputStage.onProcess:7691 android.view.ViewRootImpl$InputStage.deliver:7213 android.view.ViewRootImpl$InputStage.onDeliverToNext:7270 android.view.ViewRootImpl$InputStage.forward:7236 android.view.ViewRootImpl$AsyncInputStage.forward:7467 android.view.ViewRootImpl$ImeInputStage.onFinishedInputEvent:7676 android.view.inputmethod.InputMethodManager$PendingEvent.run:3897 
04-06 02:17:59.176  6782  6782 I ViewRootImpl@73623ee[MainActivity]: ViewPostIme key 0
04-06 02:17:59.178  6782  6782 I ViewRootImpl@73623ee[MainActivity]: ViewPostIme key 1
04-06 02:17:59.179  6782  6782 I ViewRootImpl@73623ee[MainActivity]: ViewPostIme key 0
04-06 02:17:59.179  6782  6782 I ViewRootImpl@73623ee[MainActivity]: ViewPostIme key 1
04-06 02:17:59.180  6782  6782 I ViewRootImpl@73623ee[MainActivity]: ViewPostIme key 0
04-06 02:17:59.180  6782  6782 I ViewRootImpl@73623ee[MainActivity]: ViewPostIme key 1
04-06 02:17:59.198  6782  6782 W InputEventSender: Received 'finished' signal for unknown seq number = 787
04-06 02:17:59.199  6782  6782 I ViewRootImpl@73623ee[MainActivity]: ViewPostIme key 2
04-06 02:17:59.200  6782  6782 I ViewRootImpl@73623ee[MainActivity]: ViewPostIme key 0
04-06 02:17:59.200  6782  6782 I ViewRootImpl@73623ee[MainActivity]: ViewPostIme key 1
04-06 02:17:59.201  6782  6782 I ViewRootImpl@73623ee[MainActivity]: ViewPostIme key 0
04-06 02:17:59.201  6782  6782 I ViewRootImpl@73623ee[MainActivity]: ViewPostIme key 1
04-06 02:17:59.202  6782  6782 I ViewRootImpl@73623ee[MainActivity]: ViewPostIme key 0
04-06 02:17:59.202  6782  6782 I ViewRootImpl@73623ee[MainActivity]: ViewPostIme key 1
04-06 02:17:59.202  6782  6782 I ViewRootImpl@73623ee[MainActivity]: ViewPostIme key 0
04-06 02:17:59.203  6782  6782 I ViewRootImpl@73623ee[MainActivity]: ViewPostIme key 1
04-06 02:17:59.204  6782  6782 I ViewRootImpl@73623ee[MainActivity]: ViewPostIme key 0
04-06 02:17:59.206  6782  6782 I ViewRootImpl@73623ee[MainActivity]: ViewPostIme key 1
04-06 02:17:59.289  6782  6782 I ViewRootImpl@73623ee[MainActivity]: ViewPostIme pointer 0
04-06 02:17:59.292  6782  6782 I ViewRootImpl@73623ee[MainActivity]: ViewPostIme pointer 1
04-06 02:17:59.379  6782  6782 I ViewRootImpl@73623ee[MainActivity]: ViewPostIme pointer 0
04-06 02:17:59.387  6782  6782 I ViewRootImpl@73623ee[MainActivity]: ViewPostIme pointer 1
04-06 02:17:59.389  6782  6782 W InputEventSender: Received 'finished' signal for unknown seq number = 800
04-06 02:17:59.389  6782  6782 W InputEventSender: Received 'finished' signal for unknown seq number = 801
04-06 02:17:59.389  6782  6782 W InputEventSender: Received 'finished' signal for unknown seq number = 802
04-06 02:17:59.389  6782  6782 W InputEventSender: Received 'finished' signal for unknown seq number = 803
04-06 02:17:59.389  6782  6782 W InputEventSender: Received 'finished' signal for unknown seq number = 804
04-06 02:17:59.389  6782  6782 W InputEventSender: Received 'finished' signal for unknown seq number = 805
04-06 02:17:59.389  6782  6782 W InputEventSender: Received 'finished' signal for unknown seq number = 806
04-06 02:17:59.389  6782  6782 W InputEventSender: Received 'finished' signal for unknown seq number = 807
04-06 02:17:59.389  6782  6782 W InputEventSender: Received 'finished' signal for unknown seq number = 808
04-06 02:17:59.390  6782  6782 I ViewRootImpl@73623ee[MainActivity]: setInTouchMode(false), android.view.ViewRootImpl.checkForLeavingTouchModeAndConsume:9376 android.view.ViewRootImpl.-$$Nest$mcheckForLeavingTouchModeAndConsume:0 android.view.ViewRootImpl$EarlyPostImeInputStage.processKeyEvent:7707 android.view.ViewRootImpl$EarlyPostImeInputStage.onProcess:7691 android.view.ViewRootImpl$InputStage.deliver:7213 android.view.ViewRootImpl$InputStage.onDeliverToNext:7270 android.view.ViewRootImpl$InputStage.forward:7236 android.view.ViewRootImpl$AsyncInputStage.forward:7467 android.view.ViewRootImpl$ImeInputStage.onFinishedInputEvent:7676 android.view.inputmethod.InputMethodManager$PendingEvent.run:3897 
04-06 02:17:59.391  6782  6782 I ViewRootImpl@73623ee[MainActivity]: ViewPostIme key 2
04-06 02:17:59.391  6782  6782 I ViewRootImpl@73623ee[MainActivity]: ViewPostIme key 0
04-06 02:17:59.392  6782  6782 I ViewRootImpl@73623ee[MainActivity]: ViewPostIme key 1
04-06 02:17:59.392  6782  6782 I ViewRootImpl@73623ee[MainActivity]: ViewPostIme key 0
04-06 02:17:59.393  6782  6782 I ViewRootImpl@73623ee[MainActivity]: ViewPostIme key 1
04-06 02:17:59.393  6782  6782 I ViewRootImpl@73623ee[MainActivity]: ViewPostIme key 0
04-06 02:17:59.394  6782  6782 I ViewRootImpl@73623ee[MainActivity]: ViewPostIme key 1
04-06 02:17:59.467  6782  6782 I ViewRootImpl@73623ee[MainActivity]: ViewPostIme pointer 0
04-06 02:17:59.470  6782  6782 I ViewRootImpl@73623ee[MainActivity]: ViewPostIme pointer 1
04-06 02:17:59.552  6782  6782 I ViewRootImpl@73623ee[MainActivity]: ViewPostIme pointer 0
04-06 02:17:59.555  6782  6782 I ViewRootImpl@73623ee[MainActivity]: ViewPostIme pointer 1
04-06 02:17:59.638  6782  6782 I ViewRootImpl@73623ee[MainActivity]: setInTouchMode(false), android.view.ViewRootImpl.checkForLeavingTouchModeAndConsume:9376 android.view.ViewRootImpl.-$$Nest$mcheckForLeavingTouchModeAndConsume:0 android.view.ViewRootImpl$EarlyPostImeInputStage.processKeyEvent:7707 android.view.ViewRootImpl$EarlyPostImeInputStage.onProcess:7691 android.view.ViewRootImpl$InputStage.deliver:7213 android.view.ViewRootImpl$InputStage.onDeliverToNext:7270 android.view.ViewRootImpl$InputStage.forward:7236 android.view.ViewRootImpl$AsyncInputStage.forward:7467 android.view.ViewRootImpl$ImeInputStage.onFinishedInputEvent:7676 android.view.inputmethod.InputMethodManager$PendingEvent.run:3897 
04-06 02:17:59.639  6782  6782 I ViewRootImpl@73623ee[MainActivity]: ViewPostIme key 0
04-06 02:17:59.648  6782  6782 I ViewRootImpl@73623ee[MainActivity]: ViewPostIme key 1
04-06 02:17:59.649  6782  6782 I IMM_LC  : showSoftInput(View,I)
04-06 02:17:59.649  6782  6782 I IMM_LC  : ssi() - flag : 0 view : com.evolucao.app reason = SHOW_SOFT_INPUT
04-06 02:17:59.687  6782  6782 W OnBackInvokedCallback: OnBackInvokedCallback is not enabled for the application.
04-06 02:17:59.687  6782  6782 W OnBackInvokedCallback: Set 'android:enableOnBackInvokedCallback="true"' in the application manifest.
04-06 02:17:59.694  6782  6810 I ViewRootImpl@73623ee[MainActivity]: Resizing android.view.ViewRootImpl@25a16ab: frame = [0,0][1080,2400] reportDraw = false forceLayout = false syncSeqId = 0
