04-06 02:16:53.511  4426  4761 W unknown:ViewManagerPropertyUpdater: Could not find generated setter for class com.facebook.react.views.scroll.ReactHorizontalScrollViewManager
04-06 02:16:53.517  4426  4761 W unknown:ViewManagerPropertyUpdater: Could not find generated setter for class com.facebook.react.views.image.ReactImageManager
04-06 02:16:53.523  4426  4761 W unknown:ViewManagerPropertyUpdater: Could not find generated setter for class com.facebook.react.views.text.ReactTextViewManager
04-06 02:16:53.525  4426  4761 W unknown:ViewManagerPropertyUpdater: Could not find generated setter for class com.facebook.react.views.text.ReactTextShadowNode
04-06 02:16:53.530  4426  4761 W unknown:ViewManagerPropertyUpdater: Could not find generated setter for class com.facebook.react.views.scroll.ReactHorizontalScrollContainerViewManager
04-06 02:16:53.536  4426  4761 W unknown:ViewManagerPropertyUpdater: Could not find generated setter for class com.facebook.react.views.unimplementedview.ReactUnimplementedViewManager
04-06 02:16:53.539  4426  4426 I ViewRootImpl@349ff1c[MainActivity]: ViewPostIme key 0
04-06 02:16:53.540  4426  4426 I ViewRootImpl@349ff1c[MainActivity]: ViewPostIme key 1
04-06 02:16:53.544  4426  4761 W unknown:ViewManagerPropertyUpdater: Could not find generated setter for class com.facebook.react.views.scroll.ReactScrollViewManager
04-06 02:16:53.550  4426  4761 W unknown:ViewManagerPropertyUpdater: Could not find generated setter for class com.facebook.react.views.view.ReactViewManager
04-06 02:16:53.556  4426  4761 W unknown:ViewManagerPropertyUpdater: Could not find generated setter for class com.facebook.react.views.drawer.ReactDrawerLayoutManager
04-06 02:16:53.561  4426  4761 W unknown:ViewManagerPropertyUpdater: Could not find generated setter for class com.facebook.react.views.switchview.ReactSwitchManager
04-06 02:16:53.562  4426  4761 W unknown:ViewManagerPropertyUpdater: Could not find generated setter for class com.facebook.react.views.switchview.ReactSwitchShadowNode
04-06 02:16:53.567  4426  4761 W unknown:ViewManagerPropertyUpdater: Could not find generated setter for class com.facebook.react.views.swiperefresh.SwipeRefreshLayoutManager
04-06 02:16:53.573  4426  4761 W unknown:ViewManagerPropertyUpdater: Could not find generated setter for class com.facebook.react.views.textinput.ReactTextInputManager
04-06 02:16:53.575  4426  4761 W unknown:ViewManagerPropertyUpdater: Could not find generated setter for class com.facebook.react.views.textinput.ReactTextInputShadowNode
04-06 02:16:53.581  4426  4761 W unknown:ViewManagerPropertyUpdater: Could not find generated setter for class com.swmansion.gesturehandler.react.RNGestureHandlerRootViewManager
04-06 02:16:53.611  4426  4738 D TrafficStats: tagSocket(107) with statsTag=0xffffffff, statsUid=-1
04-06 02:16:53.621  4426  4426 I ViewRootImpl@349ff1c[MainActivity]: ViewPostIme pointer 0
04-06 02:16:53.622  4426  4426 E unknown:ReactNative: Got DOWN touch before receiving UP or CANCEL from last gesture
04-06 02:16:53.623  4426  4426 I ViewRootImpl@349ff1c[MainActivity]: ViewPostIme pointer 1
04-06 02:16:53.705  4426  4426 I ViewRootImpl@349ff1c[MainActivity]: setInTouchMode(false), android.view.ViewRootImpl.checkForLeavingTouchModeAndConsume:9376 android.view.ViewRootImpl.-$$Nest$mcheckForLeavingTouchModeAndConsume:0 android.view.ViewRootImpl$EarlyPostImeInputStage.processKeyEvent:7707 android.view.ViewRootImpl$EarlyPostImeInputStage.onProcess:7691 android.view.ViewRootImpl$InputStage.deliver:7213 android.view.ViewRootImpl$InputStage.onDeliverToNext:7270 android.view.ViewRootImpl$InputStage.forward:7236 android.view.ViewRootImpl$AsyncInputStage.forward:7467 android.view.ViewRootImpl$ImeInputStage.onFinishedInputEvent:7676 android.view.inputmethod.InputMethodManager$PendingEvent.run:3897 
04-06 02:16:53.705  4426  4426 I ViewRootImpl@349ff1c[MainActivity]: ViewPostIme key 0
04-06 02:16:53.706  4426  4426 I ViewRootImpl@349ff1c[MainActivity]: ViewPostIme key 1
04-06 02:16:53.783  4426  4761 V AsyncStorageExpoMigration: No scoped database found
04-06 02:16:53.787  4426  4426 I ViewRootImpl@349ff1c[MainActivity]: ViewPostIme key 0
04-06 02:16:53.788  4426  4426 I ViewRootImpl@349ff1c[MainActivity]: ViewPostIme key 1
04-06 02:16:53.870  4426  4426 I ViewRootImpl@349ff1c[MainActivity]: ViewPostIme pointer 0
04-06 02:16:53.870  4426  4426 E unknown:ReactNative: Got DOWN touch before receiving UP or CANCEL from last gesture
04-06 02:16:53.871  4426  4426 I ViewRootImpl@349ff1c[MainActivity]: ViewPostIme pointer 1
04-06 02:16:53.955  4426  4426 I ViewRootImpl@349ff1c[MainActivity]: ViewPostIme key 0
04-06 02:16:53.957  4426  4426 I ViewRootImpl@349ff1c[MainActivity]: ViewPostIme key 1
04-06 02:16:53.966  4426  4761 D Detox.RNMarker: RUN_JS_BUNDLE_END (/.virtual-metro-entry.bundle?platform=android&dev=true&lazy=true&minify=false&app=com.evolucao.app&modulesOnly=false&runModule=true&excludeSource=true&sourcePaths=url-server)
04-06 02:16:53.968  4426  4761 I ReactNativeJS: Running "main" with {"rootTag":1,"initialProps":{},"fabric":true}
04-06 02:16:54.038  4426  4426 I ViewRootImpl@349ff1c[MainActivity]: setInTouchMode(false), android.view.ViewRootImpl.checkForLeavingTouchModeAndConsume:9376 android.view.ViewRootImpl.-$$Nest$mcheckForLeavingTouchModeAndConsume:0 android.view.ViewRootImpl$EarlyPostImeInputStage.processKeyEvent:7707 android.view.ViewRootImpl$EarlyPostImeInputStage.onProcess:7691 android.view.ViewRootImpl$InputStage.deliver:7213 android.view.ViewRootImpl$InputStage.onDeliverToNext:7270 android.view.ViewRootImpl$InputStage.forward:7236 android.view.ViewRootImpl$AsyncInputStage.forward:7467 android.view.ViewRootImpl$ImeInputStage.onFinishedInputEvent:7676 android.view.inputmethod.InputMethodManager$PendingEvent.run:3897 
04-06 02:16:54.038  4426  4426 I ViewRootImpl@349ff1c[MainActivity]: ViewPostIme key 0
04-06 02:16:54.039  4426  4426 I ViewRootImpl@349ff1c[MainActivity]: ViewPostIme key 1
04-06 02:16:54.043  4426  4799 D TrafficStats: tagSocket(133) with statsTag=0xffffffff, statsUid=-1
04-06 02:16:54.120  4426  4426 I ViewRootImpl@349ff1c[MainActivity]: ViewPostIme pointer 0
04-06 02:16:54.121  4426  4426 E unknown:ReactNative: Got DOWN touch before receiving UP or CANCEL from last gesture
04-06 02:16:54.123  4426  4426 W UiControllerImpl: Waiting for: DYNAMIC_TASKS_HAVE_IDLED for 100 iterations.
04-06 02:16:54.124  4426  4426 I ViewRootImpl@349ff1c[MainActivity]: ViewPostIme pointer 1
04-06 02:16:54.170  4426  4426 I DecorView: notifyKeepScreenOnChanged: keepScreenOn=true
04-06 02:16:54.186  4426  4426 D Detox.RNMarker: CONTENT_APPEARED (main)
04-06 02:16:54.190  4426  4426 I ViewRootImpl@349ff1c[MainActivity]: performTraversals params={(0,0)(fillxfill) sim={adjust=resize} layoutInDisplayCutoutMode=always ty=BASE_APPLICATION wanim=0x1030309
04-06 02:16:54.190  4426  4426 I ViewRootImpl@349ff1c[MainActivity]:   fl=81810180
04-06 02:16:54.190  4426  4426 I ViewRootImpl@349ff1c[MainActivity]:   pfl=16020040
04-06 02:16:54.190  4426  4426 I ViewRootImpl@349ff1c[MainActivity]:   vsysui=100
04-06 02:16:54.190  4426  4426 I ViewRootImpl@349ff1c[MainActivity]:   bhv=DEFAULT
04-06 02:16:54.190  4426  4426 I ViewRootImpl@349ff1c[MainActivity]:   fitSides= naviIconColor=0}
04-06 02:16:54.191  4426  4426 I ViewRootImpl@349ff1c[MainActivity]: performTraversals mFirst=false windowShouldResize=false viewVisibilityChanged=false mForceNextWindowRelayout=false params={(0,0)(fillxfill) sim={adjust=resize} layoutInDisplayCutoutMode=always ty=BASE_APPLICATION wanim=0x1030309
04-06 02:16:54.191  4426  4426 I ViewRootImpl@349ff1c[MainActivity]:   fl=81810180
04-06 02:16:54.191  4426  4426 I ViewRootImpl@349ff1c[MainActivity]:   pfl=16020040
04-06 02:16:54.191  4426  4426 I ViewRootImpl@349ff1c[MainActivity]:   vsysui=100
04-06 02:16:54.191  4426  4426 I ViewRootImpl@349ff1c[MainActivity]:   bhv=DEFAULT
04-06 02:16:54.191  4426  4426 I ViewRootImpl@349ff1c[MainActivity]:   fitSides= naviIconColor=0}
04-06 02:16:54.195  4426  4426 I ViewRootImpl@349ff1c[MainActivity]: updateBlastSurfaceIfNeeded mBlastBufferQueue=0xb4000070c2c34c00 isSameSurfaceControl=true
04-06 02:16:54.195  4426  4426 I BLASTBufferQueue: update, w= 1080 h= 2400 mName = ViewRootImpl@349ff1c[MainActivity] mNativeObject= 0xb4000070c2c34c00 sc.mNativeObject= 0xb4000070a0ce3c40 format= -1 caller= android.view.ViewRootImpl.updateBlastSurfaceIfNeeded:2898 android.view.ViewRootImpl.relayoutWindow:9847 android.view.ViewRootImpl.performTraversals:3884 android.view.ViewRootImpl.doTraversal:3116 android.view.ViewRootImpl$TraversalRunnable.run:10885 android.view.Choreographer$CallbackRecord.run:1301 
04-06 02:16:54.195  4426  4426 I ViewRootImpl@349ff1c[MainActivity]: Relayout returned: old=(0,0,1080,2400) new=(0,0,1080,2400) req=(1080,2400)0 dur=4 res=0x0 s={true 0xb4000070a0e6a000} ch=false seqId=0
04-06 02:16:54.200  4426  4761 D Detox.RNMarker: REACT_BRIDGELESS_LOADING_END (null)
04-06 02:16:54.206  4426  4426 I ViewRootImpl@349ff1c[MainActivity]: setInTouchMode(false), android.view.ViewRootImpl.checkForLeavingTouchModeAndConsume:9376 android.view.ViewRootImpl.-$$Nest$mcheckForLeavingTouchModeAndConsume:0 android.view.ViewRootImpl$EarlyPostImeInputStage.processKeyEvent:7707 android.view.ViewRootImpl$EarlyPostImeInputStage.onProcess:7691 android.view.ViewRootImpl$InputStage.deliver:7213 android.view.ViewRootImpl$InputStage.onDeliverToNext:7270 android.view.ViewRootImpl$InputStage.forward:7236 android.view.ViewRootImpl$AsyncInputStage.forward:7467 android.view.ViewRootImpl$ImeInputStage.onFinishedInputEvent:7676 android.view.inputmethod.InputMethodManager$PendingEvent.run:3897 
04-06 02:16:54.206  4426  4426 I ViewRootImpl@349ff1c[MainActivity]: ViewPostIme key 0
04-06 02:16:54.207  4426  4426 I ViewRootImpl@349ff1c[MainActivity]: ViewPostIme key 1
04-06 02:16:54.220  4426  4761 I ReactNativeJS: '[ANALYTICS]', 'app_opened', { event: 'app_opened',
04-06 02:16:54.220  4426  4761 I ReactNativeJS:   eventId: '1775452614215_de99e056f0688',
04-06 02:16:54.220  4426  4761 I ReactNativeJS:   appVersion: '1.0.0',
04-06 02:16:54.220  4426  4761 I ReactNativeJS:   category: 'engagement',
04-06 02:16:54.220  4426  4761 I ReactNativeJS:   userId: 'anonymous',
04-06 02:16:54.220  4426  4761 I ReactNativeJS:   timestamp: 1775452614215,
04-06 02:16:54.220  4426  4761 I ReactNativeJS:   timestampIso: '2026-04-06T05:16:54.215Z',
04-06 02:16:54.220  4426  4761 I ReactNativeJS:   screen: 'App',
04-06 02:16:54.220  4426  4761 I ReactNativeJS:   sessionId: 'session-1775452614188-e19b418c21ae88',
04-06 02:16:54.220  4426  4761 I ReactNativeJS:   flowId: 'session-1775452614188-e19b418c21ae88',
04-06 02:16:54.220  4426  4761 I ReactNativeJS:   meta: 
04-06 02:16:54.220  4426  4761 I ReactNativeJS:    { domain: 'engagement',
04-06 02:16:54.220  4426  4761 I ReactNativeJS:      version: 1,
04-06 02:16:54.220  4426  4761 I ReactNativeJS:      dayKey: '2026-04-06',
04-06 02:16:54.220  4426  4761 I ReactNativeJS:      isFirstOpenOfDay: true,
04-06 02:16:54.220  4426  4761 I ReactNativeJS:      category: 'engagement' } }
04-06 02:16:54.289  4426  4426 I ViewRootImpl@349ff1c[MainActivity]: ViewPostIme key 0
04-06 02:16:54.290  4426  4426 I ViewRootImpl@349ff1c[MainActivity]: ViewPostIme key 1
04-06 02:16:54.377  4426  4426 I ViewRootImpl@349ff1c[MainActivity]: ViewPostIme key 0
04-06 02:16:54.378  4426  4426 I ViewRootImpl@349ff1c[MainActivity]: ViewPostIme key 1
04-06 02:16:54.389  4426  4457 I om.evolucao.app: Compiler allocated 4177KB to compile void android.widget.TextView.<init>(android.content.Context, android.util.AttributeSet, int, int)
04-06 02:16:54.405  4426  4426 D CompatibilityChangeReporter: Compat change id reported: 171228096; UID 10369; state: ENABLED
04-06 02:16:54.406  4426  4426 D ScrollView: initGoToTop
04-06 02:16:54.406  4426  4426 W om.evolucao.app: Accessing hidden field Landroid/widget/ScrollView;->mScroller:Landroid/widget/OverScroller; (unsupported, reflection, allowed)
04-06 02:16:54.419  4426  4426 W [RNScreens]: backTitleFontFamily prop is not available on Android
04-06 02:16:54.419  4426  4426 W [RNScreens]: disableBackButtonMenu prop is not available on Android
04-06 02:16:54.419  4426  4426 W [RNScreens]: backTitleVisible prop is not available on Android
04-06 02:16:54.419  4426  4426 W [RNScreens]: topInsetEnabled prop is not available on Android
04-06 02:16:54.419  4426  4426 W [RNScreens]: largeTitleHideShadow prop is not available on Android
04-06 02:16:54.419  4426  4426 W [RNScreens]: largeTitleFontWeight prop is not available on Android
04-06 02:16:54.419  4426  4426 W [RNScreens]: userInterfaceStyle prop is not available on Android
04-06 02:16:54.419  4426  4426 W [RNScreens]: largeTitleFontFamily prop is not available on Android
04-06 02:16:54.463  4426  4721 D OpenGLRenderer: setSurface called with nullptr
04-06 02:16:54.493  4426  4426 I ViewRootImpl@349ff1c[MainActivity]: ViewPostIme pointer 0
04-06 02:16:54.499  4426  4426 I ViewRootImpl@349ff1c[MainActivity]: ViewPostIme pointer 1
04-06 02:16:54.555  4426  4426 I ViewRootImpl@349ff1c[MainActivity]: setInTouchMode(false), android.view.ViewRootImpl.checkForLeavingTouchModeAndConsume:9376 android.view.ViewRootImpl.-$$Nest$mcheckForLeavingTouchModeAndConsume:0 android.view.ViewRootImpl$EarlyPostImeInputStage.processKeyEvent:7707 android.view.ViewRootImpl$EarlyPostImeInputStage.onProcess:7691 android.view.ViewRootImpl$InputStage.deliver:7213 android.view.ViewRootImpl$InputStage.onDeliverToNext:7270 android.view.ViewRootImpl$InputStage.forward:7236 android.view.ViewRootImpl$AsyncInputStage.forward:7467 android.view.ViewRootImpl$ImeInputStage.onFinishedInputEvent:7676 android.view.inputmethod.InputMethodManager$PendingEvent.run:3897 
04-06 02:16:54.559  4426  4426 I ViewRootImpl@349ff1c[MainActivity]: ViewPostIme key 1
04-06 02:16:54.571  4426  4426 D InputMethodManager: startInputInner - Id : 0
04-06 02:16:54.571  4426  4426 I InputMethodManager: startInputInner - mService.startInputOrWindowGainedFocus
04-06 02:16:54.642  4426  4426 I ViewRootImpl@349ff1c[MainActivity]: ViewPostIme pointer 0
04-06 02:16:54.648  4426  4426 I ViewRootImpl@349ff1c[MainActivity]: ViewPostIme pointer 1
04-06 02:16:54.730  4426  4426 I ViewRootImpl@349ff1c[MainActivity]: setInTouchMode(false), android.view.ViewRootImpl.checkForLeavingTouchModeAndConsume:9376 android.view.ViewRootImpl.-$$Nest$mcheckForLeavingTouchModeAndConsume:0 android.view.ViewRootImpl$EarlyPostImeInputStage.processKeyEvent:7707 android.view.ViewRootImpl$EarlyPostImeInputStage.onProcess:7691 android.view.ViewRootImpl$InputStage.deliver:7213 android.view.ViewRootImpl$InputStage.onDeliverToNext:7270 android.view.ViewRootImpl$InputStage.forward:7236 android.view.ViewRootImpl$AsyncInputStage.forward:7467 android.view.ViewRootImpl$ImeInputStage.onFinishedInputEvent:7676 android.view.inputmethod.InputMethodManager$PendingEvent.run:3897 
04-06 02:16:54.734  4426  4426 I ViewRootImpl@349ff1c[MainActivity]: ViewPostIme key 1
04-06 02:16:54.818  4426  4426 I ViewRootImpl@349ff1c[MainActivity]: ViewPostIme key 0
04-06 02:16:54.823  4426  4426 I ViewRootImpl@349ff1c[MainActivity]: ViewPostIme key 1
04-06 02:16:54.906  4426  4426 I ViewRootImpl@349ff1c[MainActivity]: ViewPostIme key 0
04-06 02:16:54.908  4426  4426 I ViewRootImpl@349ff1c[MainActivity]: ViewPostIme key 1
04-06 02:16:54.990  4426  4426 I ViewRootImpl@349ff1c[MainActivity]: ViewPostIme key 0
04-06 02:16:54.993  4426  4426 I ViewRootImpl@349ff1c[MainActivity]: ViewPostIme key 1
04-06 02:16:55.082  4426  4426 W InputEventSender: Received 'finished' signal for unknown seq number = 45
04-06 02:16:55.082  4426  4426 W InputEventSender: Received 'finished' signal for unknown seq number = 46
04-06 02:16:55.084  4426  4426 I ViewRootImpl@349ff1c[MainActivity]: ViewPostIme key 0
04-06 02:16:55.088  4426  4426 I ViewRootImpl@349ff1c[MainActivity]: ViewPostIme key 1
04-06 02:16:55.089  4426  4426 I ViewRootImpl@349ff1c[MainActivity]: ViewPostIme key 0
04-06 02:16:55.091  4426  4426 I ViewRootImpl@349ff1c[MainActivity]: ViewPostIme key 1
04-06 02:16:55.091  4426  4426 I ViewRootImpl@349ff1c[MainActivity]: ViewPostIme key 0
04-06 02:16:55.092  4426  4426 I ViewRootImpl@349ff1c[MainActivity]: ViewPostIme key 1
04-06 02:16:55.093  4426  4426 I ViewRootImpl@349ff1c[MainActivity]: ViewPostIme key 0
04-06 02:16:55.094  4426  4426 I ViewRootImpl@349ff1c[MainActivity]: ViewPostIme key 1
04-06 02:16:55.094  4426  4426 D InputMethodManager: startInputInner - Id : 0
04-06 02:16:55.094  4426  4426 I InputMethodManager: startInputInner - mService.startInputOrWindowGainedFocus
04-06 02:16:55.099  4426  4426 W InputEventSender: Received 'finished' signal for unknown seq number = 56
04-06 02:16:55.099  4426  4426 W InputEventSender: Received 'finished' signal for unknown seq number = 57
04-06 02:16:55.099  4426  4426 W InputEventSender: Received 'finished' signal for unknown seq number = 58
04-06 02:16:55.099  4426  4426 W InputEventSender: Received 'finished' signal for unknown seq number = 59
04-06 02:16:55.099  4426  4426 W InputEventSender: Received 'finished' signal for unknown seq number = 60
04-06 02:16:55.099  4426  4426 W InputEventSender: Received 'finished' signal for unknown seq number = 61
04-06 02:16:55.100  4426  4426 I ViewRootImpl@349ff1c[MainActivity]: ViewPostIme key 0
04-06 02:16:55.103  4426  4426 I ViewRootImpl@349ff1c[MainActivity]: ViewPostIme key 1
04-06 02:16:55.104  4426  4426 I ViewRootImpl@349ff1c[MainActivity]: ViewPostIme key 0
04-06 02:16:55.104  4426  4426 I ViewRootImpl@349ff1c[MainActivity]: ViewPostIme key 1
04-06 02:16:55.115  4426  4426 D InputMethodManager: startInputInner - Id : 0
04-06 02:16:55.115  4426  4426 I InputMethodManager: startInputInner - mService.startInputOrWindowGainedFocus
04-06 02:16:55.188  4426  4426 I ViewRootImpl@349ff1c[MainActivity]: ViewPostIme key 0
04-06 02:16:55.189  4426  4426 I ViewRootImpl@349ff1c[MainActivity]: ViewPostIme key 1
04-06 02:16:55.271  4426  4426 I ViewRootImpl@349ff1c[MainActivity]: ViewPostIme key 0
04-06 02:16:55.275  4426  4426 D InputMethodManager: startInputInner - Id : 0
04-06 02:16:55.276  4426  4426 I InputMethodManager: startInputInner - mService.startInputOrWindowGainedFocus
04-06 02:16:55.277  4426  4426 I ViewRootImpl@349ff1c[MainActivity]: ViewPostIme key 1
04-06 02:16:55.358  4426  4426 I ViewRootImpl@349ff1c[MainActivity]: ViewPostIme key 0
04-06 02:16:55.358  4426  4457 I om.evolucao.app: Compiler allocated 6133KB to compile void android.view.ViewRootImpl.performTraversals()
04-06 02:16:55.360  4426  4426 I ViewRootImpl@349ff1c[MainActivity]: ViewPostIme key 1
04-06 02:16:55.448  4426  4426 I ViewRootImpl@349ff1c[MainActivity]: ViewPostIme key 0
04-06 02:16:55.450  4426  4426 I ViewRootImpl@349ff1c[MainActivity]: ViewPostIme key 1
04-06 02:16:55.450  4426  4426 I ViewRootImpl@349ff1c[MainActivity]: ViewPostIme key 0
04-06 02:16:55.452  4426  4426 I ViewRootImpl@349ff1c[MainActivity]: ViewPostIme key 1
04-06 02:16:55.452  4426  4426 I ViewRootImpl@349ff1c[MainActivity]: ViewPostIme key 0
04-06 02:16:55.454  4426  4426 I ViewRootImpl@349ff1c[MainActivity]: ViewPostIme key 1
04-06 02:16:55.454  4426  4426 I ViewRootImpl@349ff1c[MainActivity]: ViewPostIme key 0
04-06 02:16:55.456  4426  4426 I ViewRootImpl@349ff1c[MainActivity]: ViewPostIme key 1
04-06 02:16:55.462  4426  4426 W InputEventSender: Received 'finished' signal for unknown seq number = 82
04-06 02:16:55.462  4426  4426 W InputEventSender: Received 'finished' signal for unknown seq number = 83
04-06 02:16:55.462  4426  4426 W InputEventSender: Received 'finished' signal for unknown seq number = 84
04-06 02:16:55.462  4426  4426 W InputEventSender: Received 'finished' signal for unknown seq number = 85
04-06 02:16:55.462  4426  4426 W InputEventSender: Received 'finished' signal for unknown seq number = 86
04-06 02:16:55.462  4426  4426 W InputEventSender: Received 'finished' signal for unknown seq number = 87
04-06 02:16:55.462  4426  4426 W InputEventSender: Received 'finished' signal for unknown seq number = 88
04-06 02:16:55.462  4426  4426 W InputEventSender: Received 'finished' signal for unknown seq number = 89
04-06 02:16:55.463  4426  4426 I ViewRootImpl@349ff1c[MainActivity]: ViewPostIme key 2
04-06 02:16:55.463  4426  4426 I ViewRootImpl@349ff1c[MainActivity]: ViewPostIme key 0
04-06 02:16:55.465  4426  4426 I ViewRootImpl@349ff1c[MainActivity]: ViewPostIme key 1
04-06 02:16:55.465  4426  4426 I ViewRootImpl@349ff1c[MainActivity]: ViewPostIme key 0
04-06 02:16:55.466  4426  4426 I ViewRootImpl@349ff1c[MainActivity]: ViewPostIme key 1
04-06 02:16:55.467  4426  4426 I ViewRootImpl@349ff1c[MainActivity]: ViewPostIme key 0
04-06 02:16:55.468  4426  4426 I ViewRootImpl@349ff1c[MainActivity]: ViewPostIme key 1
04-06 02:16:55.468  4426  4426 I ViewRootImpl@349ff1c[MainActivity]: ViewPostIme key 0
04-06 02:16:55.470  4426  4426 I ViewRootImpl@349ff1c[MainActivity]: ViewPostIme key 1
04-06 02:16:55.552  4426  4426 I ViewRootImpl@349ff1c[MainActivity]: ViewPostIme key 0
04-06 02:16:55.557  4426  4426 D InputMethodManager: startInputInner - Id : 0
04-06 02:16:55.557  4426  4426 I InputMethodManager: startInputInner - mService.startInputOrWindowGainedFocus
04-06 02:16:55.559  4426  4426 I ViewRootImpl@349ff1c[MainActivity]: ViewPostIme key 1
04-06 02:16:55.615  4426  4426 W UiControllerImpl: Waiting for: DYNAMIC_TASKS_HAVE_IDLED for 400 iterations.
04-06 02:16:56.096  4426  4426 W unknown:BridgelessReact: ReactHost{0}.onHostPause(activity)
04-06 02:16:56.097  4426  4426 D SensorManager: unregisterListener
04-06 02:16:56.098  4426  4426 W unknown:BridgelessReact: ReactHost{0}.ReactContext.onHostPause()
04-06 02:16:56.099  4426  4426 D LifecycleMonitor: Lifecycle status change: com.evolucao.app.MainActivity@a02a006 in: PAUSED
04-06 02:16:56.099  4426  4426 I ViewRootImpl@349ff1c[MainActivity]: stopped(false) old = false
04-06 02:16:56.100  4426  4426 W unknown:BridgelessReact: ReactHost{0}.onHostResume(activity)
04-06 02:16:56.102  4426  4426 D SensorManager: registerListener :: 11, LSM6DSO Accelerometer, 66667, 0, 
04-06 02:16:56.103  4426  4426 W unknown:BridgelessReact: ReactHost{0}.ReactContext.onHostResume()
04-06 02:16:56.104  4426  4426 D LifecycleMonitor: Lifecycle status change: com.evolucao.app.MainActivity@a02a006 in: RESUMED
04-06 02:16:56.105  4426  4426 I DecorView: notifyKeepScreenOnChanged: keepScreenOn=true
04-06 02:16:56.105  4426  4426 I MSHandlerLifeCycle: removeMultiSplitHandler: no exist. decor=DecorView@de473f9[MainActivity]
04-06 02:16:56.108  4426  4426 I ViewRootImpl@349ff1c[MainActivity]: performTraversals params={(0,0)(fillxfill) sim={adjust=resize forwardNavigation} layoutInDisplayCutoutMode=always ty=BASE_APPLICATION wanim=0x1030309
04-06 02:16:56.108  4426  4426 I ViewRootImpl@349ff1c[MainActivity]:   fl=81810180
04-06 02:16:56.108  4426  4426 I ViewRootImpl@349ff1c[MainActivity]:   pfl=16020040
04-06 02:16:56.108  4426  4426 I ViewRootImpl@349ff1c[MainActivity]:   vsysui=100
04-06 02:16:56.108  4426  4426 I ViewRootImpl@349ff1c[MainActivity]:   bhv=DEFAULT
04-06 02:16:56.108  4426  4426 I ViewRootImpl@349ff1c[MainActivity]:   fitSides= naviIconColor=0}
04-06 02:16:56.108  4426  4426 I ViewRootImpl@349ff1c[MainActivity]: performTraversals mFirst=false windowShouldResize=false viewVisibilityChanged=false mForceNextWindowRelayout=false params={(0,0)(fillxfill) sim={adjust=resize forwardNavigation} layoutInDisplayCutoutMode=always ty=BASE_APPLICATION wanim=0x1030309
04-06 02:16:56.108  4426  4426 I ViewRootImpl@349ff1c[MainActivity]:   fl=81810180
04-06 02:16:56.108  4426  4426 I ViewRootImpl@349ff1c[MainActivity]:   pfl=16020040
04-06 02:16:56.108  4426  4426 I ViewRootImpl@349ff1c[MainActivity]:   vsysui=100
04-06 02:16:56.108  4426  4426 I ViewRootImpl@349ff1c[MainActivity]:   bhv=DEFAULT
04-06 02:16:56.108  4426  4426 I ViewRootImpl@349ff1c[MainActivity]:   fitSides= naviIconColor=0}
04-06 02:16:56.111  4426  4426 I ViewRootImpl@349ff1c[MainActivity]: updateBlastSurfaceIfNeeded mBlastBufferQueue=0xb4000070c2c34c00 isSameSurfaceControl=true
04-06 02:16:56.111  4426  4426 I BLASTBufferQueue: update, w= 1080 h= 2400 mName = ViewRootImpl@349ff1c[MainActivity] mNativeObject= 0xb4000070c2c34c00 sc.mNativeObject= 0xb400007014667260 format= -1 caller= android.view.ViewRootImpl.updateBlastSurfaceIfNeeded:2898 android.view.ViewRootImpl.relayoutWindow:9847 android.view.ViewRootImpl.performTraversals:3884 android.view.ViewRootImpl.doTraversal:3116 android.view.ViewRootImpl$TraversalRunnable.run:10885 android.view.Choreographer$CallbackRecord.run:1301 
04-06 02:16:56.111  4426  4426 I ViewRootImpl@349ff1c[MainActivity]: Relayout returned: old=(0,0,1080,2400) new=(0,0,1080,2400) req=(1080,2400)0 dur=3 res=0x0 s={true 0xb4000070a0e6a000} ch=false seqId=0
04-06 02:16:56.149  4426  4840 D TrafficStats: tagSocket(6) with statsTag=0xffffffff, statsUid=-1
04-06 02:16:56.335  4426  4426 W unknown:BridgelessReact: ReactHost{0}.onHostPause(activity)
04-06 02:16:56.337  4426  4426 D SensorManager: unregisterListener
04-06 02:16:56.337  4426  4426 W unknown:BridgelessReact: ReactHost{0}.ReactContext.onHostPause()
04-06 02:16:56.338  4426  4426 D LifecycleMonitor: Lifecycle status change: com.evolucao.app.MainActivity@a02a006 in: PAUSED
04-06 02:16:56.338  4426  4426 I ViewRootImpl@349ff1c[MainActivity]: stopped(false) old = false
04-06 02:16:56.339  4426  4426 W unknown:BridgelessReact: ReactHost{0}.onHostResume(activity)
04-06 02:16:56.340  4426  4426 D SensorManager: registerListener :: 11, LSM6DSO Accelerometer, 66667, 0, 
04-06 02:16:56.341  4426  4426 W unknown:BridgelessReact: ReactHost{0}.ReactContext.onHostResume()
04-06 02:16:56.341  4426  4426 D LifecycleMonitor: Lifecycle status change: com.evolucao.app.MainActivity@a02a006 in: RESUMED
04-06 02:16:56.342  4426  4426 I MSHandlerLifeCycle: removeMultiSplitHandler: no exist. decor=DecorView@de473f9[MainActivity]
04-06 02:16:56.342  4426  4792 D TrafficStats: tagSocket(108) with statsTag=0xffffffff, statsUid=-1
04-06 02:16:56.418  4426  4426 I ViewRootImpl@349ff1c[MainActivity]: ViewPostIme key 0
04-06 02:16:56.419  4426  4426 I ViewRootImpl@349ff1c[MainActivity]: ViewPostIme key 1
04-06 02:16:56.506  4426  4426 I ViewRootImpl@349ff1c[MainActivity]: ViewPostIme pointer 0
04-06 02:16:56.509  4426  4426 I ViewRootImpl@349ff1c[MainActivity]: ViewPostIme pointer 1
04-06 02:16:56.592  4426  4426 I ViewRootImpl@349ff1c[MainActivity]: ViewPostIme pointer 0
04-06 02:16:56.593  4426  4426 I ViewRootImpl@349ff1c[MainActivity]: ViewPostIme pointer 1
04-06 02:16:56.670  4426  4426 W UiControllerImpl: Waiting for: DYNAMIC_TASKS_HAVE_IDLED for 500 iterations.
04-06 02:16:56.675  4426  4426 I ViewRootImpl@349ff1c[MainActivity]: ViewPostIme pointer 0
04-06 02:16:56.683  4426  4426 I ViewRootImpl@349ff1c[MainActivity]: ViewPostIme pointer 1
04-06 02:16:56.765  4426  4426 I ViewRootImpl@349ff1c[MainActivity]: setInTouchMode(false), android.view.ViewRootImpl.checkForLeavingTouchModeAndConsume:9376 android.view.ViewRootImpl.-$$Nest$mcheckForLeavingTouchModeAndConsume:0 android.view.ViewRootImpl$EarlyPostImeInputStage.processKeyEvent:7707 android.view.ViewRootImpl$EarlyPostImeInputStage.onProcess:7691 android.view.ViewRootImpl$InputStage.deliver:7213 android.view.ViewRootImpl$InputStage.onDeliverToNext:7270 android.view.ViewRootImpl$InputStage.forward:7236 android.view.ViewRootImpl$AsyncInputStage.forward:7467 android.view.ViewRootImpl$ImeInputStage.onFinishedInputEvent:7676 android.view.inputmethod.InputMethodManager$PendingEvent.run:3897 
04-06 02:16:56.768  4426  4426 I ViewRootImpl@349ff1c[MainActivity]: ViewPostIme key 1
04-06 02:16:56.851  4426  4426 I ViewRootImpl@349ff1c[MainActivity]: ViewPostIme pointer 0
04-06 02:16:56.854  4426  4426 I ViewRootImpl@349ff1c[MainActivity]: ViewPostIme pointer 1
04-06 02:16:56.934  4426  4426 I ViewRootImpl@349ff1c[MainActivity]: ViewPostIme key 0
04-06 02:16:56.938  4426  4426 I ViewRootImpl@349ff1c[MainActivity]: ViewPostIme key 1
04-06 02:16:57.019  4426  4426 I ViewRootImpl@349ff1c[MainActivity]: ViewPostIme pointer 0
04-06 02:16:57.025  4426  4426 I ViewRootImpl@349ff1c[MainActivity]: ViewPostIme pointer 1
04-06 02:16:57.105  4426  4426 I ViewRootImpl@349ff1c[MainActivity]: setInTouchMode(false), android.view.ViewRootImpl.checkForLeavingTouchModeAndConsume:9376 android.view.ViewRootImpl.-$$Nest$mcheckForLeavingTouchModeAndConsume:0 android.view.ViewRootImpl$EarlyPostImeInputStage.processKeyEvent:7707 android.view.ViewRootImpl$EarlyPostImeInputStage.onProcess:7691 android.view.ViewRootImpl$InputStage.deliver:7213 android.view.ViewRootImpl$InputStage.onDeliverToNext:7270 android.view.ViewRootImpl$InputStage.forward:7236 android.view.ViewRootImpl$AsyncInputStage.forward:7467 android.view.ViewRootImpl$ImeInputStage.onFinishedInputEvent:7676 android.view.inputmethod.InputMethodManager$PendingEvent.run:3897 
04-06 02:16:57.107  4426  4426 I ViewRootImpl@349ff1c[MainActivity]: ViewPostIme key 1
04-06 02:16:57.189  4426  4426 I ViewRootImpl@349ff1c[MainActivity]: ViewPostIme key 0
04-06 02:16:57.192  4426  4426 I ViewRootImpl@349ff1c[MainActivity]: ViewPostIme key 1
04-06 02:16:57.274  4426  4426 I ViewRootImpl@349ff1c[MainActivity]: ViewPostIme key 0
04-06 02:16:57.277  4426  4426 I ViewRootImpl@349ff1c[MainActivity]: ViewPostIme key 1
04-06 02:16:57.360  4426  4426 I ViewRootImpl@349ff1c[MainActivity]: ViewPostIme key 0
04-06 02:16:57.361  4426  4426 I ViewRootImpl@349ff1c[MainActivity]: ViewPostIme key 1
04-06 02:16:57.445  4426  4426 I ViewRootImpl@349ff1c[MainActivity]: ViewPostIme pointer 0
04-06 02:16:57.450  4426  4426 I ViewRootImpl@349ff1c[MainActivity]: ViewPostIme pointer 1
04-06 02:16:57.460  4426  4426 D InputMethodManager: startInputInner - Id : 0
04-06 02:16:57.460  4426  4426 I InputMethodManager: startInputInner - mService.startInputOrWindowGainedFocus
04-06 02:16:57.462  4426  4426 D CompatibilityChangeReporter: Compat change id reported: 163400105; UID 10369; state: ENABLED
04-06 02:16:57.463  4426  4426 I IMM_LC  : showSoftInput(View,I)
04-06 02:16:57.463  4426  4426 I IMM_LC  : ssi() - flag : 0 view : com.evolucao.app reason = SHOW_SOFT_INPUT
04-06 02:16:57.475  4426  4426 I AssistStructure: Flattened final assist data: 4024 bytes, containing 1 windows, 24 views
04-06 02:16:57.478  4426  4860 D ProfileInstaller: Installing profile for com.evolucao.app
04-06 02:16:57.482  4426  4426 I IMM_LC  : showSoftInput(View,I)
04-06 02:16:57.482  4426  4426 I IMM_LC  : ssi() - flag : 0 view : com.evolucao.app reason = SHOW_SOFT_INPUT
04-06 02:16:57.556  4426  4426 I ViewRootImpl@349ff1c[MainActivity]: setInTouchMode(false), android.view.ViewRootImpl.checkForLeavingTouchModeAndConsume:9376 android.view.ViewRootImpl.-$$Nest$mcheckForLeavingTouchModeAndConsume:0 android.view.ViewRootImpl$EarlyPostImeInputStage.processKeyEvent:7707 android.view.ViewRootImpl$EarlyPostImeInputStage.onProcess:7691 android.view.ViewRootImpl$InputStage.deliver:7213 android.view.ViewRootImpl$InputStage.onDeliverToNext:7270 android.view.ViewRootImpl$InputStage.forward:7236 android.view.ViewRootImpl$AsyncInputStage.forward:7467 android.view.ViewRootImpl$ImeInputStage.onFinishedInputEvent:7676 android.view.inputmethod.InputMethodManager$PendingEvent.run:3897 
04-06 02:16:57.556  4426  4426 I ViewRootImpl@349ff1c[MainActivity]: ViewPostIme key 0
04-06 02:16:57.561  4426  4426 W OnBackInvokedCallback: OnBackInvokedCallback is not enabled for the application.
04-06 02:16:57.561  4426  4426 W OnBackInvokedCallback: Set 'android:enableOnBackInvokedCallback="true"' in the application manifest.
04-06 02:16:57.571  4426  4465 I ViewRootImpl@349ff1c[MainActivity]: Resizing android.view.ViewRootImpl@aa840a1: frame = [0,0][1080,2400] reportDraw = false forceLayout = false syncSeqId = 0
04-06 02:16:57.572  4426  4426 D InsetsController: onStateChanged: InsetsState: {mDisplayFrame=Rect(0, 0 - 1080, 2400), mDisplayCutout=DisplayCutout{insets=Rect(0, 88 - 0, 0) waterfall=Insets{left=0, top=0, right=0, bottom=0} boundingRect={Bounds=[Rect(0, 0 - 0, 0), Rect(512, 0 - 568, 88), Rect(0, 0 - 0, 0), Rect(0, 0 - 0, 0)]} cutoutPathParserInfo={CutoutPathParserInfo{displayWidth=1080 displayHeight=2400 physicalDisplayWidth=1080 physicalDisplayHeight=2400 density={3.0} cutoutSpec={M 0,0 M 0,10.71963616907435 a 9.280363830925644,9.280363830925644 0 1,0 0,18.56072766185129 a 9.280363830925644,9.280363830925644 0 1,0 0,-18.56072766185129 Z @dp} rotation={0} scale={1.0} physicalPixelDisplaySizeRatio={1.0}}}}, mRoundedCorners=RoundedCorners{[RoundedCorner{position=TopLeft, radius=96, center=Point(96, 96)}, RoundedCorner{position=TopRight, radius=96, center=Point(984, 96)}, RoundedCorner{position=BottomRight, radius=96, center=Point(984, 2304)}, RoundedCorner{position=BottomLeft, radius=96, center=Point(96, 2304)}]}  mRoundedCornerFrame=Rect(0, 0 - 1080, 2400), mPrivacyIndicatorBounds=PrivacyIndicatorBounds {static bounds=Rect(948, 0 - 1080, 88) rotation=0}, mSources= { InsetsSource: {mType=ITYPE_STATUS_BAR, mFrame=[0,0][1080,88], mVisible=true, mInsetsRoundedCornerFrame=false}, InsetsSource: {mType=ITYPE_NAVIGATION_BAR, mFrame=[0,2256][1080,2400], mVisible=true, mInsetsRoundedCornerFrame=false}, InsetsSource: {mType=ITYPE_LEFT_GESTURES, mFrame=[0,0][0,2400], mVisible=true, mInsetsRoundedCornerFrame=false}, InsetsSource: {mType=ITYPE_RIGHT_GESTURES, mFrame=[1080,0][1080,2400], mVisible=true, mInsetsRoundedCornerFrame=false}, InsetsSource: {mType=ITYPE_TOP_MANDATORY_GESTURES, mFrame=[0,0][1080,124], mVisible=true, mInsetsRoundedCornerFrame=false}, InsetsSource: {mType=ITYPE_BOTTOM_MANDATORY_GESTURES, mFrame=[0,2256][1080,2400], mVisible=true, mInsetsRoundedCornerFrame=false}, InsetsSource: {mType=ITYPE_LEFT_DISPLAY_CUTOUT, mFrame=[0,0][-100000,2400], mVisible=true, mInsetsRoundedCornerFrame=false}, InsetsSource: {mType=ITYPE_TOP_DISPLAY_CUTOUT, mFrame=[0,0][1080,88], mVisible=true, mInsetsRoundedCornerFrame=false}, InsetsSource: {mType=ITYPE_RIGHT_DISPLAY_CUTOUT, mFrame=[100000,0][1080,2400], mVisible=true, mInsetsRoundedCornerFrame=false}, InsetsSource: {mType=ITYPE_BOTTOM_DISPLAY_CUTOUT, mFrame=[0,100000][1080,2400], mVisible=true, mInsetsRoundedCornerFrame=false}, InsetsSource: {mType=ITYPE_TOP_TAPPABLE_ELEMENT, mFrame=[0,0][1080,88], mVisible=true, mInsetsRoundedCornerFrame=false}, InsetsSource: {mType=ITYPE_BOTTOM_TAPPABLE_ELEMENT, mFrame=[0,2256][1080,2400], mVisible=true, mInsetsRoundedCornerFrame=false}, InsetsSource: {mType=ITYPE_IME, mFrame=[0,1374][1080,2400], mVisibleFrame=[0,1374][1080,2400], mVisible=false, mInsetsRoundedCornerFrame=false} } host=com.evolucao.app/com.evolucao.app.MainActivity from=android.view.ViewRootImpl$ViewRootHandler.handleMessageImpl:6727
04-06 02:16:57.572  4426  4426 I ViewRootImpl@349ff1c[MainActivity]: handleResized, msg = 4 frames=ClientWindowFrames{frame=[0,0][1080,2400] display=[0,0][1080,2400] parentFrame=[0,0][0,0] parentClippedByDisplayCutout=false} forceNextWindowRelayout=false displayId=0 resizeMode=-1 frameChanged=false displayFrameChanged=false configChanged=false displayChanged=false
04-06 02:16:57.587  4426  4426 I ViewRootImpl@349ff1c[MainActivity]: ViewPostIme key 1
04-06 02:16:57.590  4426  4426 D InsetsController: show(ime(), fromIme=true)
04-06 02:16:57.591  4426  4426 D InsetsController: controlAnimationUnchecked: Added types=8 animType=0 host=com.evolucao.app/com.evolucao.app.MainActivity from=android.view.InsetsController.applyAnimation:1576 android.view.InsetsController.applyAnimation:1557 android.view.InsetsController.show:1063 
04-06 02:16:57.591  4426  4426 D InsetsSourceConsumer: setRequestedVisible: visible=true, type=19, host=com.evolucao.app/com.evolucao.app.MainActivity, from=android.view.InsetsSourceConsumer.show:250 android.view.ImeInsetsSourceConsumer.show:82 android.view.InsetsController.showDirectly:1609 android.view.InsetsController.controlAnimationUnchecked:1232 android.view.InsetsController.applyAnimation:1576 android.view.InsetsController.applyAnimation:1557 android.view.InsetsController.show:1063 android.view.ViewRootImpl$ViewRootHandler.handleMessageImpl:6761 android.view.ViewRootImpl$ViewRootHandler.handleMessage:6697 android.os.Handler.dispatchMessage:106 
04-06 02:16:57.600  4426  4465 I ViewRootImpl@349ff1c[MainActivity]: Resizing android.view.ViewRootImpl@aa840a1: frame = [0,0][1080,2400] reportDraw = false forceLayout = false syncSeqId = 0
04-06 02:16:57.602  4426  4426 D InsetsController: onStateChanged: InsetsState: {mDisplayFrame=Rect(0, 0 - 1080, 2400), mDisplayCutout=DisplayCutout{insets=Rect(0, 88 - 0, 0) waterfall=Insets{left=0, top=0, right=0, bottom=0} boundingRect={Bounds=[Rect(0, 0 - 0, 0), Rect(512, 0 - 568, 88), Rect(0, 0 - 0, 0), Rect(0, 0 - 0, 0)]} cutoutPathParserInfo={CutoutPathParserInfo{displayWidth=1080 displayHeight=2400 physicalDisplayWidth=1080 physicalDisplayHeight=2400 density={3.0} cutoutSpec={M 0,0 M 0,10.71963616907435 a 9.280363830925644,9.280363830925644 0 1,0 0,18.56072766185129 a 9.280363830925644,9.280363830925644 0 1,0 0,-18.56072766185129 Z @dp} rotation={0} scale={1.0} physicalPixelDisplaySizeRatio={1.0}}}}, mRoundedCorners=RoundedCorners{[RoundedCorner{position=TopLeft, radius=96, center=Point(96, 96)}, RoundedCorner{position=TopRight, radius=96, center=Point(984, 96)}, RoundedCorner{position=BottomRight, radius=96, center=Point(984, 2304)}, RoundedCorner{position=BottomLeft, radius=96, center=Point(96, 2304)}]}  mRoundedCornerFrame=Rect(0, 0 - 1080, 2400), mPrivacyIndicatorBounds=PrivacyIndicatorBounds {static bounds=Rect(948, 0 - 1080, 88) rotation=0}, mSources= { InsetsSource: {mType=ITYPE_STATUS_BAR, mFrame=[0,0][1080,88], mVisible=true, mInsetsRoundedCornerFrame=false}, InsetsSource: {mType=ITYPE_NAVIGATION_BAR, mFrame=[0,2256][1080,2400], mVisible=true, mInsetsRoundedCornerFrame=false}, InsetsSource: {mType=ITYPE_LEFT_GESTURES, mFrame=[0,0][0,2400], mVisible=true, mInsetsRoundedCornerFrame=false}, InsetsSource: {mType=ITYPE_RIGHT_GESTURES, mFrame=[1080,0][1080,2400], mVisible=true, mInsetsRoundedCornerFrame=false}, InsetsSource: {mType=ITYPE_TOP_MANDATORY_GESTURES, mFrame=[0,0][1080,124], mVisible=true, mInsetsRoundedCornerFrame=false}, InsetsSource: {mType=ITYPE_BOTTOM_MANDATORY_GESTURES, mFrame=[0,2256][1080,2400], mVisible=true, mInsetsRoundedCornerFrame=false}, InsetsSource: {mType=ITYPE_LEFT_DISPLAY_CUTOUT, mFrame=[0,0][-100000,2400], mVisible=true, mInsetsRoundedCornerFrame=false}, InsetsSource: {mType=ITYPE_TOP_DISPLAY_CUTOUT, mFrame=[0,0][1080,88], mVisible=true, mInsetsRoundedCornerFrame=false}, InsetsSource: {mType=ITYPE_RIGHT_DISPLAY_CUTOUT, mFrame=[100000,0][1080,2400], mVisible=true, mInsetsRoundedCornerFrame=false}, InsetsSource: {mType=ITYPE_BOTTOM_DISPLAY_CUTOUT, mFrame=[0,100000][1080,2400], mVisible=true, mInsetsRoundedCornerFrame=false}, InsetsSource: {mType=ITYPE_TOP_TAPPABLE_ELEMENT, mFrame=[0,0][1080,88], mVisible=true, mInsetsRoundedCornerFrame=false}, InsetsSource: {mType=ITYPE_BOTTOM_TAPPABLE_ELEMENT, mFrame=[0,2256][1080,2400], mVisible=true, mInsetsRoundedCornerFrame=false}, InsetsSource: {mType=ITYPE_IME, mFrame=[0,1374][1080,2400], mVisibleFrame=[0,1374][1080,2400], mVisible=true, mInsetsRoundedCornerFrame=false} } host=com.evolucao.app/com.evolucao.app.MainActivity from=android.view.ViewRootImpl$ViewRootHandler.handleMessageImpl:6740
04-06 02:16:57.604  4426  4426 I ViewRootImpl@349ff1c[MainActivity]: handleResized, msg = 4 frames=ClientWindowFrames{frame=[0,0][1080,2400] display=[0,0][1080,2400] parentFrame=[0,0][0,0] parentClippedByDisplayCutout=false} forceNextWindowRelayout=false displayId=0 resizeMode=-1 frameChanged=false displayFrameChanged=false configChanged=false displayChanged=false
04-06 02:16:57.611  4426  4426 D InsetsController: show(ime(), fromIme=true)
04-06 02:16:57.646  4426  4426 I ViewRootImpl@349ff1c[MainActivity]: ViewPostIme key 0
04-06 02:16:57.649  4426  4426 I ViewRootImpl@349ff1c[MainActivity]: ViewPostIme key 1
04-06 02:16:57.730  4426  4426 I ViewRootImpl@349ff1c[MainActivity]: ViewPostIme key 0
04-06 02:16:57.733  4426  4426 I ViewRootImpl@349ff1c[MainActivity]: ViewPostIme key 1
04-06 02:16:57.814  4426  4426 I ViewRootImpl@349ff1c[MainActivity]: ViewPostIme key 0
04-06 02:16:57.817  4426  4426 I ViewRootImpl@349ff1c[MainActivity]: ViewPostIme key 1
04-06 02:16:57.831  4426  4426 D InsetsController: cancelAnimation of types: 8, animType: 0, host: com.evolucao.app/com.evolucao.app.MainActivity, from:android.view.InsetsController.notifyFinished:1375 android.view.InsetsAnimationThreadControlRunner$1.lambda$notifyFinished$0$android-view-InsetsAnimationThreadControlRunner$1:84 android.view.InsetsAnimationThreadControlRunner$1$$ExternalSyntheticLambda1.run:4 
04-06 02:16:57.831  4426  4426 D InsetsSourceConsumer: ensureControlPosition: Point(0, 88) for ITYPE_IME on com.evolucao.app/com.evolucao.app.MainActivity from android.view.InsetsSourceConsumer.notifyAnimationFinished:419
04-06 02:16:57.850  4426  4742 I ViewRootImpl@349ff1c[MainActivity]: mWNT: t=0xb4000070a6f12100 mBlastBufferQueue=0xb4000070c2c34c00 fn= 72 caller= android.view.SyncRtSurfaceTransactionApplier.applyTransaction:96 android.view.SyncRtSurfaceTransactionApplier.lambda$scheduleApply$0$android-view-SyncRtSurfaceTransactionApplier:69 android.view.SyncRtSurfaceTransactionApplier$$ExternalSyntheticLambda0.onFrameDraw:4 
04-06 02:16:57.914  4426  4426 W InputEventSender: Received 'finished' signal for unknown seq number = 124
04-06 02:16:57.914  4426  4426 W InputEventSender: Received 'finished' signal for unknown seq number = 125
04-06 02:16:57.914  4426  4426 W InputEventSender: Received 'finished' signal for unknown seq number = 126
04-06 02:16:57.914  4426  4426 W InputEventSender: Received 'finished' signal for unknown seq number = 127
04-06 02:16:57.914  4426  4426 W InputEventSender: Received 'finished' signal for unknown seq number = 128
04-06 02:16:57.914  4426  4426 W InputEventSender: Received 'finished' signal for unknown seq number = 129
04-06 02:16:57.914  4426  4426 W InputEventSender: Received 'finished' signal for unknown seq number = 130
04-06 02:16:57.914  4426  4426 W InputEventSender: Received 'finished' signal for unknown seq number = 131
04-06 02:16:57.914  4426  4426 W InputEventSender: Received 'finished' signal for unknown seq number = 132
04-06 02:16:57.916  4426  4426 I ViewRootImpl@349ff1c[MainActivity]: ViewPostIme key 0
04-06 02:16:57.917  4426  4426 I ViewRootImpl@349ff1c[MainActivity]: ViewPostIme key 1
04-06 02:16:57.919  4426  4426 I ViewRootImpl@349ff1c[MainActivity]: ViewPostIme key 0
04-06 02:16:57.919  4426  4426 I ViewRootImpl@349ff1c[MainActivity]: ViewPostIme key 1
04-06 02:16:57.920  4426  4426 I ViewRootImpl@349ff1c[MainActivity]: ViewPostIme key 0
04-06 02:16:57.920  4426  4426 I ViewRootImpl@349ff1c[MainActivity]: ViewPostIme key 1
04-06 02:16:57.921  4426  4426 I ViewRootImpl@349ff1c[MainActivity]: ViewPostIme key 0
04-06 02:16:57.951  4426  4426 I ViewRootImpl@349ff1c[MainActivity]: ViewPostIme key 1
04-06 02:16:58.012  4426  4426 I ViewRootImpl@349ff1c[MainActivity]: ViewPostIme key 0
04-06 02:16:58.015  4426  4426 I ViewRootImpl@349ff1c[MainActivity]: ViewPostIme key 1
04-06 02:16:58.016  4426  4426 I IMM_LC  : showSoftInput(View,I)
04-06 02:16:58.016  4426  4426 I IMM_LC  : ssi() - flag : 0 view : com.evolucao.app reason = SHOW_SOFT_INPUT
04-06 02:16:58.018  4426  4426 W UiControllerImpl: Waiting for: DYNAMIC_TASKS_HAVE_IDLED for 700 iterations.
04-06 02:16:58.020  4426  4426 D InsetsController: show(ime(), fromIme=true)
04-06 02:16:58.191  4426  4426 I ViewRootImpl@349ff1c[MainActivity]: ViewPostIme key 0
04-06 02:16:58.203  4426  4426 I Detox   : Wait is over: App is now idle!
04-06 02:16:58.203  4426  4703 I DetoxWSClient: Sending out action 'ready' (ID #-1000)
04-06 02:16:58.203  4426  4703 I DetoxDispatcher: Done with action 'isReady'
04-06 02:16:58.208  4426  4707 D DetoxWSClient: Received action 'invoke' (ID #1, params={"target":{"type":"Class","value":"com.wix.detox.espresso.EspressoDetox"},"method":"setSynchronization","args":[{"type":"boolean","value":false}]})
04-06 02:16:58.208  4426  4703 I DetoxDispatcher: Handling action 'invoke' (ID #1)...
04-06 02:16:58.209  4426  4426 I ViewRootImpl@349ff1c[MainActivity]: ViewPostIme key 1
04-06 02:16:58.216  4426  4703 D Detox   : class com.wix.detox.espresso.EspressoDetox, setSynchronization, [false]
04-06 02:16:58.220  4426  4703 D IdlingRegistry: Unregistering idling resources: [com.wix.detox.reactnative.idlingresources.timers.FabricTimersIdlingResource@8312a30]
04-06 02:16:58.221  4426  4703 D IdlingRegistry: Unregistering idling resources: [com.wix.detox.reactnative.idlingresources.StabilizedIdlingResource@5c7442e]
04-06 02:16:58.221  4426  4703 D IdlingRegistry: Unregistering idling resources: [com.wix.detox.reactnative.idlingresources.uimodule.fabric.FabricUIManagerIdlingResources@7ac4be2]
04-06 02:16:58.221  4426  4703 D IdlingRegistry: Unregistering idling resources: [com.wix.detox.reactnative.idlingresources.animations.AnimatedModuleIdlingResource@6475b73]
04-06 02:16:58.221  4426  4703 D IdlingRegistry: Unregistering idling resources: [com.wix.detox.reactnative.idlingresources.network.NetworkIdlingResource@8e9c6a9]
04-06 02:16:58.221  4426  4703 I DetoxWSClient: Sending out action 'invokeResult' (ID #1)
04-06 02:16:58.221  4426  4703 I DetoxDispatcher: Done with action 'invoke'
04-06 02:16:58.226  4426  4707 D DetoxWSClient: Received action 'invoke' (ID #2, params={"target":{"type":"Class","value":"com.wix.detox.espresso.DetoxAssertion"},"method":"waitForAssertMatcher","args":[{"type":"Invocation","value":{"target":{"type":"Class","value":"androidx.test.espresso.Espresso"},"method":"onView","args":[{"type":"Invocation","value":{"target":{"type":"Class","value":"com.wix.detox.espresso.DetoxMatcher"},"method":"matcherForText","args":["Questionario Inteligente",{"type":"boolean","value":false}]}}]}},{"type":"Invocation","value":{"target":{"type":"Class","value":"com.wix.detox.espresso.DetoxMatcher"},"method":"matcherForSufficientlyVisible","args":[{"type":"Integer","value":75}]}},{"type":"Double","value":4}]})
04-06 02:16:58.226  4426  4703 I DetoxDispatcher: Handling action 'invoke' (ID #2)...
04-06 02:16:58.226  4426  4703 D Detox   : class com.wix.detox.espresso.DetoxMatcher, matcherForText, [Questionario Inteligente, false]
04-06 02:16:58.227  4426  4703 D Detox   : class androidx.test.espresso.Espresso, onView, [(an instance of android.widget.TextView and view.getText() with or without transformation to match: is "Questionario Inteligente" and view has effective visibility <VISIBLE>)]
04-06 02:16:58.228  4426  4703 D Detox   : class com.wix.detox.espresso.DetoxMatcher, matcherForSufficientlyVisible, [75]
04-06 02:16:58.229  4426  4703 D Detox   : class com.wix.detox.espresso.DetoxAssertion, waitForAssertMatcher, [androidx.test.espresso.ViewInteraction@e7b6946, (view has effective visibility <VISIBLE> and view.getGlobalVisibleRect() covers at least <75> percent of the view's area), 4.0]
04-06 02:16:58.233  4426  4426 I ViewInteraction: Checking 'MatchesViewAssertion(Detox){viewMatcher=(view has effective visibility <VISIBLE> and view.getGlobalVisibleRect() covers at least <75> percent of the view's area)}' assertion on view (an instance of android.widget.TextView and view.getText() with or without transformation to match: is "Questionario Inteligente" and view has effective visibility <VISIBLE>)
04-06 02:16:58.241  4426  4703 I DetoxWSClient: Sending out action 'invokeResult' (ID #2)
04-06 02:16:58.241  4426  4703 I DetoxDispatcher: Done with action 'invoke'
04-06 02:16:58.245  4426  4707 D DetoxWSClient: Received action 'invoke' (ID #3, params={"target":{"type":"Class","value":"com.wix.detox.espresso.DetoxAssertion"},"method":"waitForAssertMatcher","args":[{"type":"Invocation","value":{"target":{"type":"Class","value":"androidx.test.espresso.Espresso"},"method":"onView","args":[{"type":"Invocation","value":{"target":{"type":"Class","value":"com.wix.detox.espresso.DetoxMatcher"},"method":"matcherForTestId","args":["input-peso",{"type":"boolean","value":false}]}}]}},{"type":"Invocation","value":{"target":{"type":"Class","value":"com.wix.detox.espresso.DetoxMatcher"},"method":"matcherForSufficientlyVisible","args":[{"type":"Integer","value":75}]}},{"type":"Double","value":5}]})
04-06 02:16:58.246  4426  4703 I DetoxDispatcher: Handling action 'invoke' (ID #3)...
04-06 02:16:58.246  4426  4703 D Detox   : class com.wix.detox.espresso.DetoxMatcher, matcherForTestId, [input-peso, false]
04-06 02:16:58.247  4426  4703 D Detox   : class androidx.test.espresso.Espresso, onView, [(view.getTag() is "input-peso" and view has effective visibility <VISIBLE>)]
04-06 02:16:58.247  4426  4703 D Detox   : class com.wix.detox.espresso.DetoxMatcher, matcherForSufficientlyVisible, [75]
04-06 02:16:58.248  4426  4703 D Detox   : class com.wix.detox.espresso.DetoxAssertion, waitForAssertMatcher, [androidx.test.espresso.ViewInteraction@174d3d2, (view has effective visibility <VISIBLE> and view.getGlobalVisibleRect() covers at least <75> percent of the view's area), 5.0]
04-06 02:16:58.249  4426  4426 I ViewInteraction: Checking 'MatchesViewAssertion(Detox){viewMatcher=(view has effective visibility <VISIBLE> and view.getGlobalVisibleRect() covers at least <75> percent of the view's area)}' assertion on view (view.getTag() is "input-peso" and view has effective visibility <VISIBLE>)
04-06 02:16:58.253  4426  4703 I DetoxWSClient: Sending out action 'invokeResult' (ID #3)
04-06 02:16:58.253  4426  4703 I DetoxDispatcher: Done with action 'invoke'
