04-06 11:55:39.596 26660 26660 I ViewRootImpl@8125395[PopupWindow:b19674c]: reportNextDraw android.view.ViewRootImpl.handleResized:2450 android.view.ViewRootImpl.-$$Nest$mhandleResized:0 android.view.ViewRootImpl$ViewRootHandler.handleMessageImpl:6728 android.view.ViewRootImpl$ViewRootHandler.handleMessage:6697 android.os.Handler.dispatchMessage:106 
04-06 11:55:39.596 26660 26660 I ViewRootImpl@7efc384[MainActivity]: MSG_WINDOW_FOCUS_CHANGED 1 0
04-06 11:55:39.596 26660 26660 I ViewRootImpl@7efc384[MainActivity]: mThreadedRenderer.initializeIfNeeded()#2 mSurface={isValid=true 0xb4000070a70bf000}
04-06 11:55:39.597 26660 26660 W unknown:BridgelessReact: ReactHost{0}.raiseSoftException(onWindowFocusChange(hasFocus = "true")): Tried to access onWindowFocusChange while context is not ready
04-06 11:55:39.598 26660 26660 E unknown:ReactHost: Unhandled SoftException
04-06 11:55:39.598 26660 26660 E unknown:ReactHost: com.facebook.react.bridge.ReactNoCrashSoftException: raiseSoftException(onWindowFocusChange(hasFocus = "true")): Tried to access onWindowFocusChange while context is not ready
04-06 11:55:39.598 26660 26660 E unknown:ReactHost: 	at com.facebook.react.runtime.ReactHostImpl.raiseSoftException(ReactHostImpl.kt:861)
04-06 11:55:39.598 26660 26660 E unknown:ReactHost: 	at com.facebook.react.runtime.ReactHostImpl.raiseSoftException$default(ReactHostImpl.kt:852)
04-06 11:55:39.598 26660 26660 E unknown:ReactHost: 	at com.facebook.react.runtime.ReactHostImpl.onWindowFocusChange(ReactHostImpl.kt:625)
04-06 11:55:39.598 26660 26660 E unknown:ReactHost: 	at com.facebook.react.ReactDelegate.onWindowFocusChanged(ReactDelegate.kt:232)
04-06 11:55:39.598 26660 26660 E unknown:ReactHost: 	at com.facebook.react.ReactActivityDelegate.onWindowFocusChanged(ReactActivityDelegate.java:237)
04-06 11:55:39.598 26660 26660 E unknown:ReactHost: 	at expo.modules.ReactActivityDelegateWrapper$onWindowFocusChanged$1.invokeSuspend(ReactActivityDelegateWrapper.kt:320)
04-06 11:55:39.598 26660 26660 E unknown:ReactHost: 	at expo.modules.ReactActivityDelegateWrapper$onWindowFocusChanged$1.invoke(Unknown Source:8)
04-06 11:55:39.598 26660 26660 E unknown:ReactHost: 	at expo.modules.ReactActivityDelegateWrapper$onWindowFocusChanged$1.invoke(Unknown Source:4)
04-06 11:55:39.598 26660 26660 E unknown:ReactHost: 	at expo.modules.ReactActivityDelegateWrapper$launchLifecycleScopeWithLock$1.invokeSuspend(ReactActivityDelegateWrapper.kt:452)
04-06 11:55:39.598 26660 26660 E unknown:ReactHost: 	at kotlin.coroutines.jvm.internal.BaseContinuationImpl.resumeWith(ContinuationImpl.kt:33)
04-06 11:55:39.598 26660 26660 E unknown:ReactHost: 	at kotlinx.coroutines.internal.DispatchedContinuationKt.resumeCancellableWith(DispatchedContinuation.kt:375)
04-06 11:55:39.598 26660 26660 E unknown:ReactHost: 	at kotlinx.coroutines.intrinsics.CancellableKt.startCoroutineCancellable(Cancellable.kt:26)
04-06 11:55:39.598 26660 26660 E unknown:ReactHost: 	at kotlinx.coroutines.CoroutineStart.invoke(CoroutineStart.kt:358)
04-06 11:55:39.598 26660 26660 E unknown:ReactHost: 	at kotlinx.coroutines.AbstractCoroutine.start(AbstractCoroutine.kt:134)
04-06 11:55:39.598 26660 26660 E unknown:ReactHost: 	at kotlinx.coroutines.BuildersKt__Builders_commonKt.launch(Builders.common.kt:53)
04-06 11:55:39.598 26660 26660 E unknown:ReactHost: 	at kotlinx.coroutines.BuildersKt.launch(Unknown Source:1)
04-06 11:55:39.598 26660 26660 E unknown:ReactHost: 	at kotlinx.coroutines.BuildersKt__Builders_commonKt.launch$default(Builders.common.kt:44)
04-06 11:55:39.598 26660 26660 E unknown:ReactHost: 	at kotlinx.coroutines.BuildersKt.launch$default(Unknown Source:1)
04-06 11:55:39.598 26660 26660 E unknown:ReactHost: 	at expo.modules.ReactActivityDelegateWrapper.launchLifecycleScopeWithLock(ReactActivityDelegateWrapper.kt:450)
04-06 11:55:39.598 26660 26660 E unknown:ReactHost: 	at expo.modules.ReactActivityDelegateWrapper.launchLifecycleScopeWithLock$default(ReactActivityDelegateWrapper.kt:446)
04-06 11:55:39.598 26660 26660 E unknown:ReactHost: 	at expo.modules.ReactActivityDelegateWrapper.onWindowFocusChanged(ReactActivityDelegateWrapper.kt:318)
04-06 11:55:39.598 26660 26660 E unknown:ReactHost: 	at com.facebook.react.ReactActivity.onWindowFocusChanged(ReactActivity.java:158)
04-06 11:55:39.598 26660 26660 E unknown:ReactHost: 	at androidx.appcompat.view.WindowCallbackWrapper.onWindowFocusChanged(WindowCallbackWrapper.java:124)
04-06 11:55:39.598 26660 26660 E unknown:ReactHost: 	at com.android.internal.policy.DecorView.onWindowFocusChanged(DecorView.java:2710)
04-06 11:55:39.598 26660 26660 E unknown:ReactHost: 	at android.view.View.dispatchWindowFocusChanged(View.java:15817)
04-06 11:55:39.598 26660 26660 E unknown:ReactHost: 	at android.view.ViewGroup.dispatchWindowFocusChanged(ViewGroup.java:1512)
04-06 11:55:39.598 26660 26660 E unknown:ReactHost: 	at android.view.ViewRootImpl.handleWindowFocusChanged(ViewRootImpl.java:4678)
04-06 11:55:39.598 26660 26660 E unknown:ReactHost: 	at android.view.ViewRootImpl.-$$Nest$mhandleWindowFocusChanged(Unknown Source:0)
04-06 11:55:39.598 26660 26660 E unknown:ReactHost: 	at android.view.ViewRootImpl$ViewRootHandler.handleMessageImpl(ViewRootImpl.java:6788)
04-06 11:55:39.598 26660 26660 E unknown:ReactHost: 	at android.view.ViewRootImpl$ViewRootHandler.handleMessage(ViewRootImpl.java:6697)
04-06 11:55:39.598 26660 26660 E unknown:ReactHost: 	at android.os.Handler.dispatchMessage(Handler.java:106)
04-06 11:55:39.598 26660 26660 E unknown:ReactHost: 	at android.os.Looper.loopOnce(Looper.java:226)
04-06 11:55:39.598 26660 26660 E unknown:ReactHost: 	at android.os.Looper.loop(Looper.java:313)
04-06 11:55:39.598 26660 26660 E unknown:ReactHost: 	at android.app.ActivityThread.main(ActivityThread.java:8762)
04-06 11:55:39.598 26660 26660 E unknown:ReactHost: 	at java.lang.reflect.Method.invoke(Native Method)
04-06 11:55:39.598 26660 26660 E unknown:ReactHost: 	at com.android.internal.os.RuntimeInit$MethodAndArgsCaller.run(RuntimeInit.java:604)
04-06 11:55:39.598 26660 26660 E unknown:ReactHost: 	at com.android.internal.os.ZygoteInit.main(ZygoteInit.java:1067)
04-06 11:55:39.598 26660 26660 D InputMethodManager: startInputInner - Id : 0
04-06 11:55:39.598 26660 26660 I InputMethodManager: startInputInner - mService.startInputOrWindowGainedFocus
04-06 11:55:39.602 26660 26660 D InputMethodManager: startInputInner - Id : 0
04-06 11:55:39.607 26660 26660 I ViewRootImpl@8125395[PopupWindow:b19674c]: Setup new sync id=1
04-06 11:55:39.607 26660 26660 I ViewRootImpl@8125395[PopupWindow:b19674c]: Setting syncFrameCallback
04-06 11:55:39.607 26660 26660 I ViewRootImpl@8125395[PopupWindow:b19674c]: registerCallbacksForSync syncBuffer=false
04-06 11:55:39.610 26660 26740 I ViewRootImpl@8125395[PopupWindow:b19674c]: Received frameDrawingCallback syncResult=0 frameNum=3.
04-06 11:55:39.610 26660 26740 I ViewRootImpl@8125395[PopupWindow:b19674c]: Setting up sync and frameCommitCallback
04-06 11:55:39.614 26660 26717 I ViewRootImpl@8125395[PopupWindow:b19674c]: Received frameCommittedCallback lastAttemptedDrawFrameNum=3 didProduceBuffer=true
04-06 11:55:39.614 26660 26660 I ViewRootImpl@8125395[PopupWindow:b19674c]: onSyncComplete
04-06 11:55:39.614 26660 26660 I ViewRootImpl@8125395[PopupWindow:b19674c]: setupSync seqId=0 mSyncId=1 fn=3 caller=android.view.ViewRootImpl$$ExternalSyntheticLambda11.accept:6 android.window.SurfaceSyncer.lambda$setupSync$1$android-window-SurfaceSyncer:128 android.window.SurfaceSyncer$$ExternalSyntheticLambda1.accept:8 android.window.SurfaceSyncer$SyncSet.checkIfSyncIsComplete:382 android.window.SurfaceSyncer$SyncSet.markSyncReady:359 android.window.SurfaceSyncer.markSyncReady:151 android.view.ViewRootImpl.performTraversals:4503 
04-06 11:55:39.614 26660 26660 I ViewRootImpl@8125395[PopupWindow:b19674c]: reportDrawFinished seqId=0 mSyncId=-1 fn=3 mSurfaceChangedTransaction=0xb4000070a714c300
04-06 11:55:39.890 26660 26738 D Detox.RNMarker: DOWNLOAD_END ({"url":"http:\/\/localhost:8081\/.expo\/.virtual-metro-entry.bundle?platform=android&dev=true&lazy=true&minify=false&app=com.evolucao.app&modulesOnly=false&runModule=true&excludeSource=true&sourcePaths=url-server","filesChangedCount":0})
04-06 11:55:39.890 26660 26738 W unknown:BridgelessReact: ReactHost{0}.loadJSBundleFromMetro(): Creating BundleLoader
04-06 11:55:39.891 26660 26737 W unknown:BridgelessReact: ReactHost{0}.getOrCreateReactInstanceTask(): Creating BridgelessReactContext
04-06 11:55:39.891 26660 26717 D OpenGLRenderer: setSurface called with nullptr
04-06 11:55:39.891 26660 26717 D OpenGLRenderer: setSurface() destroyed EGLSurface
04-06 11:55:39.891 26660 26717 D OpenGLRenderer: destroyEglSurface
04-06 11:55:39.892 26660 26660 I ViewRootImpl@8125395[PopupWindow:b19674c]: dispatchDetachedFromWindow
04-06 11:55:39.892 26660 26737 W unknown:BridgelessReact: ReactHost{0}.getOrCreateReactInstanceTask(): Creating ReactInstance
04-06 11:55:39.894 26660 26660 D InputTransport: Input channel destroyed: '5e12a7b', fd=121
04-06 11:55:39.904 26660 26738 D TrafficStats: tagSocket(131) with statsTag=0xffffffff, statsUid=-1
04-06 11:55:39.907 26660 26737 D jni_lib_merge: Entering merged library JNI_OnLoad.
04-06 11:55:39.907 26660 26737 D jni_lib_merge: Preparing 4 pre-merged libs (including stub)
04-06 11:55:39.907 26660 26737 D jni_lib_merge: Preparing to register libhermes_executor_so.  onload_func: 0x702652efa4
04-06 11:55:39.907 26660 26737 D jni_lib_merge: Preparing to register libhermesinstancejni_so.  onload_func: 0x70265688b4
04-06 11:55:39.907 26660 26737 D jni_lib_merge: Preparing to register libjsijniprofiler_so.  onload_func: 0x702656a8f8
04-06 11:55:39.907 26660 26737 D jni_lib_merge: About to register 3 actual methods.
04-06 11:55:40.002 26660 26737 I ExpoModulesCore: ✅ AppContext was initialized
04-06 11:55:40.030 26660 26737 W unknown:BridgelessReact: ReactHost{0}.getOrCreateReactInstanceTask(): Loading JS Bundle
04-06 11:55:40.030 26660 26737 W unknown:BridgelessReact: ReactHost{0}.getOrCreateReactInstanceTask(): DevSupportManager.onNewReactContextCreated()
04-06 11:55:40.030 26660 26753 D Detox.RNMarker: RUN_JS_BUNDLE_START (/.virtual-metro-entry.bundle?platform=android&dev=true&lazy=true&minify=false&app=com.evolucao.app&modulesOnly=false&runModule=true&excludeSource=true&sourcePaths=url-server)
04-06 11:55:40.033 26660 26660 W unknown:ReactNative: Packager connection already open, nooping.
04-06 11:55:40.036 26660 26660 W unknown:BridgelessReact: ReactHost{0}.ReactContext.onHostResume()
04-06 11:55:40.037 26660 26737 W unknown:BridgelessReact: ReactHost{0}.startSurface(surfaceId = 0): Execute
04-06 11:55:40.040 26660 26660 W unknown:BridgelessReact: ReactHost{0}.getOrCreateReactInstanceTask(): Executing ReactInstanceEventListeners
04-06 11:55:40.040 26660 26660 I DetoxRNLoading: Got new RN-context through listener
04-06 11:55:40.041 26660 26698 I DetoxRNIdleRes: Setting up Espresso Idling Resources for React Native
04-06 11:55:40.048 26660 26660 D DetoxRNHelpers: Native RN module resolution (class com.reactnativecommunity.asyncstorage.AsyncStorageModule): no registered module found
04-06 11:55:40.049 26660 26698 D IdlingRegistry: Registering idling resources: [com.wix.detox.reactnative.idlingresources.uimodule.fabric.FabricUIManagerIdlingResources@5d7ad2c]
04-06 11:55:40.049 26660 26698 D IdlingRegistry: Registering idling resources: [com.wix.detox.reactnative.idlingresources.animations.AnimatedModuleIdlingResource@fa053f5]
04-06 11:55:40.049 26660 26698 D IdlingRegistry: Registering idling resources: [com.wix.detox.reactnative.idlingresources.timers.FabricTimersIdlingResource@556958a]
04-06 11:55:40.049 26660 26698 D IdlingRegistry: Registering idling resources: [com.wix.detox.reactnative.idlingresources.network.NetworkIdlingResource@a29e7fb]
04-06 11:55:40.049 26660 26698 D IdlingRegistry: Registering idling resources: [com.wix.detox.reactnative.idlingresources.StabilizedIdlingResource@fa87018]
04-06 11:55:40.059 26660 26754 W om.evolucao.app: Accessing hidden method Landroid/os/MessageQueue;->next()Landroid/os/Message; (unsupported, reflection, allowed)
04-06 11:55:40.059 26660 26754 W om.evolucao.app: Accessing hidden field Landroid/os/MessageQueue;->mMessages:Landroid/os/Message; (unsupported, reflection, allowed)
04-06 11:55:40.059 26660 26754 W om.evolucao.app: Accessing hidden method Landroid/os/Message;->recycleUnchecked()V (unsupported, reflection, allowed)
04-06 11:55:40.209 26660 26660 D DetoxRNHelpers: Native RN module resolution (class com.reactnativecommunity.asyncstorage.AsyncStorageModule): no registered module found
04-06 11:55:40.209 26660 26700 W om.evolucao.app: Long monitor contention with owner Instr: androidx.test.runner.AndroidJUnitRunner (26698) at void com.wix.detox.DetoxMain.launchActivityOnCue(android.content.Context, com.wix.detox.ActivityLaunchHelper)(DetoxMain.kt:53) waiters=0 in void com.wix.detox.DetoxMain$setupActionHandlers$SynchronizedActionHandler.handle(java.lang.String, long) for 869ms
04-06 11:55:40.276 26660 26754 I WebViewFactory: Loading com.google.android.webview version 146.0.7680.164 (code 768016403)
04-06 11:55:40.278 26660 26754 D ApplicationLoaders: Returning zygote-cached class loader: /system/framework/android.test.base.jar
04-06 11:55:40.281 26660 26754 D nativeloader: Configuring classloader-namespace for other apk /data/app/~~23ppwVuk64Fm9vdWCRWMMw==/com.google.android.webview-FPIphznatdLDx2VBYoD68A==/base.apk. target_sdk_version=36, uses_libraries=, library_path=/data/app/~~23ppwVuk64Fm9vdWCRWMMw==/com.google.android.webview-FPIphznatdLDx2VBYoD68A==/lib/arm64:/data/app/~~23ppwVuk64Fm9vdWCRWMMw==/com.google.android.webview-FPIphznatdLDx2VBYoD68A==/base.apk!/lib/arm64-v8a, permitted_path=/data:/mnt/expand
04-06 11:55:40.292 26660 26754 I cr_WVCFactoryProvider: version=146.0.7680.164 (768016403) minSdkVersion=29 multiprocess=true packageId=127 splits=<none>
04-06 11:55:40.298 26660 26770 I chromium: [0406/115540.298246:INFO:android_webview/browser/variations/variations_seed_loader.cc:67] Failed to open file for reading.: No such file or directory (2)
04-06 11:55:40.298 26660 26770 I chromium: [0406/115540.298381:INFO:android_webview/browser/variations/variations_seed_loader.cc:67] Failed to open file for reading.: No such file or directory (2)
04-06 11:55:40.302 26660 26754 I cr_LibraryLoader: Successfully loaded native library
04-06 11:55:40.303 26660 26754 I cr_CachingUmaRecorder: Flushed 16 samples from 16 histograms, 0 samples were dropped.
04-06 11:55:40.320 26660 26773 D TrafficStats: tagSocket(143) with statsTag=0xffffffff, statsUid=-1
04-06 11:55:40.322 26660 26773 D TrafficStats: tagSocket(143) with statsTag=0xffffffff, statsUid=-1
04-06 11:55:40.324 26660 26753 W BridgelessReactContext: [WARNING] Bridgeless doesn't support CatalystInstance. Accessing an API that's not part of the new architecture is not encouraged usage.
04-06 11:55:40.330 26660 26753 I ExpoModulesCore: ✅ JSI interop was installed
04-06 11:55:40.336 26660 26753 I ExpoModulesCore: ✅ Constants were exported
04-06 11:55:40.379 26660 26753 W unknown:ViewManagerPropertyUpdater: Could not find generated setter for class com.th3rdwave.safeareacontext.SafeAreaProviderManager
04-06 11:55:40.382 26660 26753 W unknown:ViewManagerPropertyUpdater: Could not find generated setter for class com.facebook.react.uimanager.LayoutShadowNode
04-06 11:55:40.384 26660 26753 W unknown:ViewManagerPropertyUpdater: Could not find generated setter for class com.swmansion.rnscreens.SearchBarManager
04-06 11:55:40.384 26660 26753 W unknown:ViewManagerPropertyUpdater: Could not find generated setter for class com.swmansion.rnscreens.ScreenFooterManager
04-06 11:55:40.385 26660 26753 W unknown:ViewManagerPropertyUpdater: Could not find generated setter for class com.swmansion.rnscreens.gamma.tabs.TabScreenViewManager
04-06 11:55:40.386 26660 26753 W unknown:ViewManagerPropertyUpdater: Could not find generated setter for class expo.modules.kotlin.views.GroupViewManagerWrapper
04-06 11:55:40.387 26660 26753 W unknown:ViewManagerPropertyUpdater: Could not find generated setter for class com.swmansion.rnscreens.ScreenContainerViewManager
04-06 11:55:40.388 26660 26753 W unknown:ViewManagerPropertyUpdater: Could not find generated setter for class com.swmansion.rnscreens.gamma.tabs.TabsHostViewManager
04-06 11:55:40.389 26660 26753 W unknown:ViewManagerPropertyUpdater: Could not find generated setter for class com.swmansion.rnscreens.ModalScreenViewManager
04-06 11:55:40.390 26660 26753 W unknown:ViewManagerPropertyUpdater: Could not find generated setter for class com.swmansion.rnscreens.ScreenStackHeaderConfigViewManager
04-06 11:55:40.391 26660 26753 W unknown:ViewManagerPropertyUpdater: Could not find generated setter for class com.swmansion.rnscreens.ScreenContentWrapperManager
04-06 11:55:40.391 26660 26753 W unknown:ViewManagerPropertyUpdater: Could not find generated setter for class com.th3rdwave.safeareacontext.SafeAreaViewManager
04-06 11:55:40.392 26660 26753 W unknown:ViewManagerPropertyUpdater: Could not find generated setter for class com.th3rdwave.safeareacontext.SafeAreaViewShadowNode
04-06 11:55:40.393 26660 26753 W unknown:ViewManagerPropertyUpdater: Could not find generated setter for class com.swmansion.rnscreens.safearea.SafeAreaViewManager
04-06 11:55:40.393 26660 26753 W unknown:ViewManagerPropertyUpdater: Could not find generated setter for class com.swmansion.rnscreens.safearea.paper.SafeAreaViewShadowNode
04-06 11:55:40.393 26660 26753 W unknown:ViewManagerPropertyUpdater: Could not find generated setter for class com.swmansion.rnscreens.ScreenViewManager
04-06 11:55:40.394 26660 26753 W unknown:ViewManagerPropertyUpdater: Could not find generated setter for class com.swmansion.rnscreens.gamma.stack.host.StackHostViewManager
04-06 11:55:40.394 26660 26753 W unknown:ViewManagerPropertyUpdater: Could not find generated setter for class com.swmansion.rnscreens.ScreenStackHeaderSubviewManager
04-06 11:55:40.394 26660 26753 W unknown:ViewManagerPropertyUpdater: Could not find generated setter for class com.swmansion.rnscreens.gamma.stack.screen.StackScreenViewManager
04-06 11:55:40.395 26660 26753 W unknown:ViewManagerPropertyUpdater: Could not find generated setter for class com.swmansion.rnscreens.ScreenStackViewManager
04-06 11:55:40.467 26660 26753 W unknown:ViewManagerPropertyUpdater: Could not find generated setter for class com.facebook.react.views.debuggingoverlay.DebuggingOverlayManager
04-06 11:55:40.472 26660 26753 W unknown:ViewManagerPropertyUpdater: Could not find generated setter for class com.swmansion.gesturehandler.react.RNGestureHandlerButtonViewManager
04-06 11:55:40.477 26660 26753 W unknown:ViewManagerPropertyUpdater: Could not find generated setter for class com.facebook.react.views.safeareaview.ReactSafeAreaViewManager
04-06 11:55:40.481 26660 26753 W unknown:ViewManagerPropertyUpdater: Could not find generated setter for class com.facebook.react.views.modal.ReactModalHostManager
04-06 11:55:40.486 26660 26753 W unknown:ViewManagerPropertyUpdater: Could not find generated setter for class com.facebook.react.views.text.frescosupport.FrescoBasedReactTextInlineImageViewManager
04-06 11:55:40.486 26660 26753 W unknown:ViewManagerPropertyUpdater: Could not find generated setter for class com.facebook.react.views.text.frescosupport.FrescoBasedReactTextInlineImageShadowNode
04-06 11:55:40.491 26660 26753 W unknown:ViewManagerPropertyUpdater: Could not find generated setter for class com.facebook.react.views.progressbar.ReactProgressBarViewManager
04-06 11:55:40.492 26660 26753 W unknown:ViewManagerPropertyUpdater: Could not find generated setter for class com.facebook.react.views.progressbar.ProgressBarShadowNode
04-06 11:55:40.496 26660 26753 W unknown:ViewManagerPropertyUpdater: Could not find generated setter for class com.facebook.react.views.scroll.ReactHorizontalScrollViewManager
04-06 11:55:40.502 26660 26753 W unknown:ViewManagerPropertyUpdater: Could not find generated setter for class com.facebook.react.views.image.ReactImageManager
04-06 11:55:40.508 26660 26753 W unknown:ViewManagerPropertyUpdater: Could not find generated setter for class com.facebook.react.views.text.ReactTextViewManager
04-06 11:55:40.509 26660 26753 W unknown:ViewManagerPropertyUpdater: Could not find generated setter for class com.facebook.react.views.text.ReactTextShadowNode
04-06 11:55:40.515 26660 26753 W unknown:ViewManagerPropertyUpdater: Could not find generated setter for class com.facebook.react.views.scroll.ReactHorizontalScrollContainerViewManager
04-06 11:55:40.520 26660 26753 W unknown:ViewManagerPropertyUpdater: Could not find generated setter for class com.facebook.react.views.unimplementedview.ReactUnimplementedViewManager
04-06 11:55:40.525 26660 26753 W unknown:ViewManagerPropertyUpdater: Could not find generated setter for class com.facebook.react.views.scroll.ReactScrollViewManager
04-06 11:55:40.530 26660 26753 W unknown:ViewManagerPropertyUpdater: Could not find generated setter for class com.facebook.react.views.view.ReactViewManager
04-06 11:55:40.536 26660 26753 W unknown:ViewManagerPropertyUpdater: Could not find generated setter for class com.facebook.react.views.drawer.ReactDrawerLayoutManager
04-06 11:55:40.541 26660 26753 W unknown:ViewManagerPropertyUpdater: Could not find generated setter for class com.facebook.react.views.switchview.ReactSwitchManager
04-06 11:55:40.541 26660 26753 W unknown:ViewManagerPropertyUpdater: Could not find generated setter for class com.facebook.react.views.switchview.ReactSwitchShadowNode
04-06 11:55:40.546 26660 26753 W unknown:ViewManagerPropertyUpdater: Could not find generated setter for class com.facebook.react.views.swiperefresh.SwipeRefreshLayoutManager
04-06 11:55:40.552 26660 26753 W unknown:ViewManagerPropertyUpdater: Could not find generated setter for class com.facebook.react.views.textinput.ReactTextInputManager
04-06 11:55:40.554 26660 26753 W unknown:ViewManagerPropertyUpdater: Could not find generated setter for class com.facebook.react.views.textinput.ReactTextInputShadowNode
04-06 11:55:40.560 26660 26753 W unknown:ViewManagerPropertyUpdater: Could not find generated setter for class com.swmansion.gesturehandler.react.RNGestureHandlerRootViewManager
04-06 11:55:40.592 26660 26773 D TrafficStats: tagSocket(145) with statsTag=0xffffffff, statsUid=-1
04-06 11:55:40.756 26660 26753 V AsyncStorageExpoMigration: No scoped database found
04-06 11:55:40.935 26660 26753 D Detox.RNMarker: RUN_JS_BUNDLE_END (/.virtual-metro-entry.bundle?platform=android&dev=true&lazy=true&minify=false&app=com.evolucao.app&modulesOnly=false&runModule=true&excludeSource=true&sourcePaths=url-server)
04-06 11:55:40.937 26660 26753 I ReactNativeJS: Running "main" with {"rootTag":1,"initialProps":{},"fabric":true}
04-06 11:55:41.016 26660 26777 D TrafficStats: tagSocket(133) with statsTag=0xffffffff, statsUid=-1
04-06 11:55:41.126 26660 26660 W UiControllerImpl: Waiting for: DYNAMIC_TASKS_HAVE_IDLED for 100 iterations.
04-06 11:55:41.135 26660 26660 I DecorView: notifyKeepScreenOnChanged: keepScreenOn=true
04-06 11:55:41.148 26660 26660 D Detox.RNMarker: CONTENT_APPEARED (main)
04-06 11:55:41.152 26660 26660 I ViewRootImpl@7efc384[MainActivity]: performTraversals params={(0,0)(fillxfill) sim={adjust=resize} layoutInDisplayCutoutMode=always ty=BASE_APPLICATION wanim=0x1030309
04-06 11:55:41.152 26660 26660 I ViewRootImpl@7efc384[MainActivity]:   fl=81810180
04-06 11:55:41.152 26660 26660 I ViewRootImpl@7efc384[MainActivity]:   pfl=16020040
04-06 11:55:41.152 26660 26660 I ViewRootImpl@7efc384[MainActivity]:   vsysui=100
04-06 11:55:41.152 26660 26660 I ViewRootImpl@7efc384[MainActivity]:   bhv=DEFAULT
04-06 11:55:41.152 26660 26660 I ViewRootImpl@7efc384[MainActivity]:   fitSides= naviIconColor=0}
04-06 11:55:41.153 26660 26660 I ViewRootImpl@7efc384[MainActivity]: performTraversals mFirst=false windowShouldResize=false viewVisibilityChanged=false mForceNextWindowRelayout=false params={(0,0)(fillxfill) sim={adjust=resize} layoutInDisplayCutoutMode=always ty=BASE_APPLICATION wanim=0x1030309
04-06 11:55:41.153 26660 26660 I ViewRootImpl@7efc384[MainActivity]:   fl=81810180
04-06 11:55:41.153 26660 26660 I ViewRootImpl@7efc384[MainActivity]:   pfl=16020040
04-06 11:55:41.153 26660 26660 I ViewRootImpl@7efc384[MainActivity]:   vsysui=100
04-06 11:55:41.153 26660 26660 I ViewRootImpl@7efc384[MainActivity]:   bhv=DEFAULT
04-06 11:55:41.153 26660 26660 I ViewRootImpl@7efc384[MainActivity]:   fitSides= naviIconColor=0}
04-06 11:55:41.156 26660 26753 D Detox.RNMarker: REACT_BRIDGELESS_LOADING_END (null)
04-06 11:55:41.162 26660 26660 I ViewRootImpl@7efc384[MainActivity]: updateBlastSurfaceIfNeeded mBlastBufferQueue=0xb4000070c2c34c00 isSameSurfaceControl=true
04-06 11:55:41.163 26660 26660 I BLASTBufferQueue: update, w= 1080 h= 2400 mName = ViewRootImpl@7efc384[MainActivity] mNativeObject= 0xb4000070c2c34c00 sc.mNativeObject= 0xb4000070a0cdcac0 format= -1 caller= android.view.ViewRootImpl.updateBlastSurfaceIfNeeded:2898 android.view.ViewRootImpl.relayoutWindow:9847 android.view.ViewRootImpl.performTraversals:3884 android.view.ViewRootImpl.doTraversal:3116 android.view.ViewRootImpl$TraversalRunnable.run:10885 android.view.Choreographer$CallbackRecord.run:1301 
04-06 11:55:41.163 26660 26660 I ViewRootImpl@7efc384[MainActivity]: Relayout returned: old=(0,0,1080,2400) new=(0,0,1080,2400) req=(1080,2400)0 dur=9 res=0x0 s={true 0xb4000070a70bf000} ch=false seqId=0
04-06 11:55:41.166 26660 26753 I ReactNativeJS: '[ANALYTICS]', 'app_opened', { event: 'app_opened',
04-06 11:55:41.166 26660 26753 I ReactNativeJS:   eventId: '1775487341159_336342b93edf18',
04-06 11:55:41.166 26660 26753 I ReactNativeJS:   appVersion: '1.0.0',
04-06 11:55:41.166 26660 26753 I ReactNativeJS:   category: 'engagement',
04-06 11:55:41.166 26660 26753 I ReactNativeJS:   userId: 'anonymous',
04-06 11:55:41.166 26660 26753 I ReactNativeJS:   timestamp: 1775487341159,
04-06 11:55:41.166 26660 26753 I ReactNativeJS:   timestampIso: '2026-04-06T14:55:41.159Z',
04-06 11:55:41.166 26660 26753 I ReactNativeJS:   screen: 'App',
04-06 11:55:41.166 26660 26753 I ReactNativeJS:   sessionId: 'session-1775487341154-d709669b98fd38',
04-06 11:55:41.166 26660 26753 I ReactNativeJS:   flowId: 'session-1775487341154-d709669b98fd38',
04-06 11:55:41.166 26660 26753 I ReactNativeJS:   meta: 
04-06 11:55:41.166 26660 26753 I ReactNativeJS:    { domain: 'engagement',
04-06 11:55:41.166 26660 26753 I ReactNativeJS:      version: 1,
04-06 11:55:41.166 26660 26753 I ReactNativeJS:      dayKey: '2026-04-06',
04-06 11:55:41.166 26660 26753 I ReactNativeJS:      isFirstOpenOfDay: true,
04-06 11:55:41.166 26660 26753 I ReactNativeJS:      category: 'engagement' } }
04-06 11:55:41.403 26660 26660 D CompatibilityChangeReporter: Compat change id reported: 171228096; UID 10541; state: ENABLED
04-06 11:55:41.404 26660 26660 D ScrollView: initGoToTop
04-06 11:55:41.405 26660 26660 W om.evolucao.app: Accessing hidden field Landroid/widget/ScrollView;->mScroller:Landroid/widget/OverScroller; (unsupported, reflection, allowed)
04-06 11:55:41.418 26660 26671 I om.evolucao.app: Compiler allocated 4177KB to compile void android.widget.TextView.<init>(android.content.Context, android.util.AttributeSet, int, int)
04-06 11:55:41.425 26660 26660 W [RNScreens]: backTitleFontFamily prop is not available on Android
04-06 11:55:41.425 26660 26660 W [RNScreens]: disableBackButtonMenu prop is not available on Android
04-06 11:55:41.425 26660 26660 W [RNScreens]: backTitleVisible prop is not available on Android
04-06 11:55:41.425 26660 26660 W [RNScreens]: topInsetEnabled prop is not available on Android
04-06 11:55:41.425 26660 26660 W [RNScreens]: largeTitleHideShadow prop is not available on Android
04-06 11:55:41.425 26660 26660 W [RNScreens]: largeTitleFontWeight prop is not available on Android
04-06 11:55:41.425 26660 26660 W [RNScreens]: userInterfaceStyle prop is not available on Android
04-06 11:55:41.425 26660 26660 W [RNScreens]: largeTitleFontFa