04-06 20:00:01.807 25009 25009 I ViewInteraction: Checking 'MatchesViewAssertion(Detox){viewMatcher=(view has effective visibility <VISIBLE> and view.getGlobalVisibleRect() covers at least <75> percent of the view's area)}' assertion on view (view.getTag() is "app-root" and view has effective visibility <VISIBLE>)
04-06 20:00:01.809 25009 25047 I DetoxWSClient: Sending out action 'invokeResult' (ID #48)
04-06 20:00:01.809 25009 25047 I DetoxDispatcher: Done with action 'invoke'
04-06 20:00:01.813 25009 25051 D DetoxWSClient: Received action 'invoke' (ID #49, params={"target":{"type":"Class","value":"com.wix.detox.espresso.DetoxAssertion"},"method":"assertMatcher","args":[{"type":"Invocation","value":{"target":{"type":"Class","value":"androidx.test.espresso.Espresso"},"method":"onView","args":[{"type":"Invocation","value":{"target":{"type":"Class","value":"com.wix.detox.espresso.DetoxMatcher"},"method":"matcherForTestId","args":["app-root",{"type":"boolean","value":false}]}}]}},{"type":"Invocation","value":{"target":{"type":"Class","value":"com.wix.detox.espresso.DetoxMatcher"},"method":"matcherForSufficientlyVisible","args":[{"type":"Integer","value":75}]}}]})
04-06 20:00:01.813 25009 25047 I DetoxDispatcher: Handling action 'invoke' (ID #49)...
04-06 20:00:01.814 25009 25047 D Detox   : class com.wix.detox.espresso.DetoxMatcher, matcherForTestId, [app-root, false]
04-06 20:00:01.814 25009 25047 D Detox   : class androidx.test.espresso.Espresso, onView, [(view.getTag() is "app-root" and view has effective visibility <VISIBLE>)]
04-06 20:00:01.815 25009 25047 D Detox   : class com.wix.detox.espresso.DetoxMatcher, matcherForSufficientlyVisible, [75]
04-06 20:00:01.815 25009 25047 D Detox   : class com.wix.detox.espresso.DetoxAssertion, assertMatcher, [androidx.test.espresso.ViewInteraction@783850a, (view has effective visibility <VISIBLE> and view.getGlobalVisibleRect() covers at least <75> percent of the view's area)]
04-06 20:00:01.819 25009 25009 I ViewInteraction: Checking 'MatchesViewAssertion(Detox){viewMatcher=(view has effective visibility <VISIBLE> and view.getGlobalVisibleRect() covers at least <75> percent of the view's area)}' assertion on view (view.getTag() is "app-root" and view has effective visibility <VISIBLE>)
04-06 20:00:01.822 25009 25047 I DetoxWSClient: Sending out action 'invokeResult' (ID #49)
04-06 20:00:01.823 25009 25047 I DetoxDispatcher: Done with action 'invoke'
04-06 20:00:01.826 25009 25051 D DetoxWSClient: Received action 'invoke' (ID #50, params={"target":{"type":"Class","value":"com.wix.detox.espresso.DetoxAssertion"},"method":"waitForAssertMatcher","args":[{"type":"Invocation","value":{"target":{"type":"Class","value":"androidx.test.espresso.Espresso"},"method":"onView","args":[{"type":"Invocation","value":{"target":{"type":"Class","value":"com.wix.detox.espresso.DetoxMatcher"},"method":"matcherForTestId","args":["btn-iniciar-treino",{"type":"boolean","value":false}]}}]}},{"type":"Invocation","value":{"target":{"type":"Class","value":"com.wix.detox.espresso.DetoxMatcher"},"method":"matcherForSufficientlyVisible","args":[{"type":"Integer","value":75}]}},{"type":"Double","value":5}]})
04-06 20:00:01.827 25009 25047 I DetoxDispatcher: Handling action 'invoke' (ID #50)...
04-06 20:00:01.827 25009 25047 D Detox   : class com.wix.detox.espresso.DetoxMatcher, matcherForTestId, [btn-iniciar-treino, false]
04-06 20:00:01.828 25009 25047 D Detox   : class androidx.test.espresso.Espresso, onView, [(view.getTag() is "btn-iniciar-treino" and view has effective visibility <VISIBLE>)]
04-06 20:00:01.829 25009 25047 D Detox   : class com.wix.detox.espresso.DetoxMatcher, matcherForSufficientlyVisible, [75]
04-06 20:00:01.829 25009 25047 D Detox   : class com.wix.detox.espresso.DetoxAssertion, waitForAssertMatcher, [androidx.test.espresso.ViewInteraction@544e17b, (view has effective visibility <VISIBLE> and view.getGlobalVisibleRect() covers at least <75> percent of the view's area), 5.0]
04-06 20:00:01.833 25009 25009 I ViewInteraction: Checking 'MatchesViewAssertion(Detox){viewMatcher=(view has effective visibility <VISIBLE> and view.getGlobalVisibleRect() covers at least <75> percent of the view's area)}' assertion on view (view.getTag() is "btn-iniciar-treino" and view has effective visibility <VISIBLE>)
04-06 20:00:01.837 25009 25047 I DetoxWSClient: Sending out action 'invokeResult' (ID #50)
04-06 20:00:01.837 25009 25047 I DetoxDispatcher: Done with action 'invoke'
04-06 20:00:01.841 25009 25051 D DetoxWSClient: Received action 'invoke' (ID #51, params={"target":{"type":"Class","value":"com.wix.detox.espresso.EspressoDetox"},"method":"perform","args":[{"type":"Invocation","value":{"target":{"type":"Class","value":"com.wix.detox.espresso.DetoxMatcher"},"method":"matcherForTestId","args":["btn-iniciar-treino",{"type":"boolean","value":false}]}},{"type":"Invocation","value":{"target":{"type":"Class","value":"com.wix.detox.espresso.DetoxViewActions"},"method":"click","args":[]}}]})
04-06 20:00:01.841 25009 25047 I DetoxDispatcher: Handling action 'invoke' (ID #51)...
04-06 20:00:01.842 25009 25047 D Detox   : class com.wix.detox.espresso.DetoxMatcher, matcherForTestId, [btn-iniciar-treino, false]
04-06 20:00:01.842 25009 25047 D Detox   : class com.wix.detox.espresso.DetoxViewActions, click, []
04-06 20:00:01.842 25009 25047 D Detox   : class com.wix.detox.espresso.EspressoDetox, perform, [(view.getTag() is "btn-iniciar-treino" and view has effective visibility <VISIBLE>), com.wix.detox.espresso.action.RNClickAction@2968ff1]
04-06 20:00:01.848 25009 25009 I ViewInteraction: Performing 'com.wix.detox.espresso.action.detoxsingletap@f5ce7d6 click' action on view (view.getTag() is "btn-iniciar-treino" and view has effective visibility <VISIBLE>)
04-06 20:00:01.853 25009 25009 I ViewRootImpl@73623ee[MainActivity]: ViewPostIme pointer 0
04-06 20:00:01.887 25009 25009 I ViewRootImpl@73623ee[MainActivity]: ViewPostIme pointer 1
04-06 20:00:02.036 25009 25009 W [RNScreens]: backTitleFontFamily prop is not available on Android
04-06 20:00:02.036 25009 25009 W [RNScreens]: disableBackButtonMenu prop is not available on Android
04-06 20:00:02.036 25009 25009 W [RNScreens]: backTitleVisible prop is not available on Android
04-06 20:00:02.036 25009 25009 W [RNScreens]: topInsetEnabled prop is not available on Android
04-06 20:00:02.036 25009 25009 W [RNScreens]: largeTitleHideShadow prop is not available on Android
04-06 20:00:02.037 25009 25009 W [RNScreens]: largeTitleFontWeight prop is not available on Android
04-06 20:00:02.037 25009 25009 W [RNScreens]: userInterfaceStyle prop is not available on Android
04-06 20:00:02.037 25009 25009 W [RNScreens]: largeTitleFontFamily prop is not available on Android
04-06 20:00:02.053 25009 25098 I ReactNativeJS: 'match:', 'local-cache'
04-06 20:00:02.053 25009 25098 I ReactNativeJS: 'recommendation:', 'push', '| confidence:', 'alta'
04-06 20:00:02.094 25009 25098 I ReactNativeJS: 'match:', 'local-cache'
04-06 20:00:02.094 25009 25098 I ReactNativeJS: 'recommendation:', 'push', '| confidence:', 'alta'
04-06 20:00:02.632 25009 25009 W UiControllerImpl: Waiting for: DYNAMIC_TASKS_HAVE_IDLED for 100 iterations.
04-06 20:00:03.252 25009 25009 W om.evolucao.app: Accessing hidden field Landroid/widget/HorizontalScrollView;->mScroller:Landroid/widget/OverScroller; (unsupported, reflection, allowed)
04-06 20:00:03.273 25009 25009 D ScrollView: initGoToTop
04-06 20:00:04.444 25009 25047 I DetoxWSClient: Sending out action 'invokeResult' (ID #51)
04-06 20:00:04.444 25009 25047 I DetoxDispatcher: Done with action 'invoke'
04-06 20:00:04.764 25009 25051 D DetoxWSClient: Received action 'invoke' (ID #52, params={"target":{"type":"Class","value":"com.wix.detox.espresso.DetoxAssertion"},"method":"waitForAssertMatcher","args":[{"type":"Invocation","value":{"target":{"type":"Class","value":"androidx.test.espresso.Espresso"},"method":"onView","args":[{"type":"Invocation","value":{"target":{"type":"Class","value":"com.wix.detox.espresso.DetoxMatcher"},"method":"matcherForTestId","args":["screen-workout",{"type":"boolean","value":false}]}}]}},{"type":"Invocation","value":{"target":{"type":"Class","value":"com.wix.detox.espresso.DetoxMatcher"},"method":"matcherForSufficientlyVisible","args":[{"type":"Integer","value":75}]}},{"type":"Double","value":5}]})
04-06 20:00:04.766 25009 25047 I DetoxDispatcher: Handling action 'invoke' (ID #52)...
04-06 20:00:04.767 25009 25047 D Detox   : class com.wix.detox.espresso.DetoxMatcher, matcherForTestId, [screen-workout, false]
04-06 20:00:04.769 25009 25047 D Detox   : class androidx.test.espresso.Espresso, onView, [(view.getTag() is "screen-workout" and view has effective visibility <VISIBLE>)]
04-06 20:00:04.772 25009 25047 D Detox   : class com.wix.detox.espresso.DetoxMatcher, matcherForSufficientlyVisible, [75]
04-06 20:00:04.773 25009 25047 D Detox   : class com.wix.detox.espresso.DetoxAssertion, waitForAssertMatcher, [androidx.test.espresso.ViewInteraction@2e8806e, (view has effective visibility <VISIBLE> and view.getGlobalVisibleRect() covers at least <75> percent of the view's area), 5.0]
04-06 20:00:04.790 25009 25009 I ViewInteraction: Checking 'MatchesViewAssertion(Detox){viewMatcher=(view has effective visibility <VISIBLE> and view.getGlobalVisibleRect() covers at least <75> percent of the view's area)}' assertion on view (view.getTag() is "screen-workout" and view has effective visibility <VISIBLE>)
04-06 20:00:04.796 25009 25047 I DetoxWSClient: Sending out action 'invokeResult' (ID #52)
04-06 20:00:04.796 25009 25047 I DetoxDispatcher: Done with action 'invoke'
04-06 20:00:05.534 25009 25051 D DetoxWSClient: Received action 'invoke' (ID #53, params={"target":{"type":"Class","value":"com.wix.detox.espresso.DetoxAssertion"},"method":"waitForAssertMatcher","args":[{"type":"Invocation","value":{"target":{"type":"Class","value":"androidx.test.espresso.Espresso"},"method":"onView","args":[{"type":"Invocation","value":{"target":{"type":"Class","value":"com.wix.detox.espresso.DetoxMatcher"},"method":"matcherForTestId","args":["app-root",{"type":"boolean","value":false}]}}]}},{"type":"Invocation","value":{"target":{"type":"Class","value":"com.wix.detox.espresso.DetoxMatcher"},"method":"matcherForSufficientlyVisible","args":[{"type":"Integer","value":75}]}},{"type":"Double","value":5}]})
04-06 20:00:05.535 25009 25047 I DetoxDispatcher: Handling action 'invoke' (ID #53)...
04-06 20:00:05.536 25009 25047 D Detox   : class com.wix.detox.espresso.DetoxMatcher, matcherForTestId, [app-root, false]
04-06 20:00:05.536 25009 25047 D Detox   : class androidx.test.espresso.Espresso, onView, [(view.getTag() is "app-root" and view has effective visibility <VISIBLE>)]
04-06 20:00:05.538 25009 25047 D Detox   : class com.wix.detox.espresso.DetoxMatcher, matcherForSufficientlyVisible, [75]
04-06 20:00:05.538 25009 25047 D Detox   : class com.wix.detox.espresso.DetoxAssertion, waitForAssertMatcher, [androidx.test.espresso.ViewInteraction@416ef9c, (view has effective visibility <VISIBLE> and view.getGlobalVisibleRect() covers at least <75> percent of the view's area), 5.0]
04-06 20:00:05.545 25009 25009 I ViewInteraction: Checking 'MatchesViewAssertion(Detox){viewMatcher=(view has effective visibility <VISIBLE> and view.getGlobalVisibleRect() covers at least <75> percent of the view's area)}' assertion on view (view.getTag() is "app-root" and view has effective visibility <VISIBLE>)
04-06 20:00:05.549 25009 25047 I DetoxWSClient: Sending out action 'invokeResult' (ID #53)
04-06 20:00:05.549 25009 25047 I DetoxDispatcher: Done with action 'invoke'
04-06 20:00:05.553 25009 25051 D DetoxWSClient: Received action 'invoke' (ID #54, params={"target":{"type":"Class","value":"com.wix.detox.espresso.DetoxAssertion"},"method":"assertMatcher","args":[{"type":"Invocation","value":{"target":{"type":"Class","value":"androidx.test.espresso.Espresso"},"method":"onView","args":[{"type":"Invocation","value":{"target":{"type":"Class","value":"com.wix.detox.espresso.DetoxMatcher"},"method":"matcherForTestId","args":["app-root",{"type":"boolean","value":false}]}}]}},{"type":"Invocation","value":{"target":{"type":"Class","value":"com.wix.detox.espresso.DetoxMatcher"},"method":"matcherForSufficientlyVisible","args":[{"type":"Integer","value":75}]}}]})
04-06 20:00:05.554 25009 25047 I DetoxDispatcher: Handling action 'invoke' (ID #54)...
04-06 20:00:05.554 25009 25047 D Detox   : class com.wix.detox.espresso.DetoxMatcher, matcherForTestId, [app-root, false]
04-06 20:00:05.555 25009 25047 D Detox   : class androidx.test.espresso.Espresso, onView, [(view.getTag() is "app-root" and view has effective visibility <VISIBLE>)]
04-06 20:00:05.556 25009 25047 D Detox   : class com.wix.detox.espresso.DetoxMatcher, matcherForSufficientlyVisible, [75]
04-06 20:00:05.556 25009 25047 D Detox   : class com.wix.detox.espresso.DetoxAssertion, assertMatcher, [androidx.test.espresso.ViewInteraction@96dbda5, (view has effective visibility <VISIBLE> and view.getGlobalVisibleRect() covers at least <75> percent of the view's area)]
04-06 20:00:05.562 25009 25009 I ViewInteraction: Checking 'MatchesViewAssertion(Detox){viewMatcher=(view has effective visibility <VISIBLE> and view.getGlobalVisibleRect() covers at least <75> percent of the view's area)}' assertion on view (view.getTag() is "app-root" and view has effective visibility <VISIBLE>)
04-06 20:00:05.566 25009 25047 I DetoxWSClient: Sending out action 'invokeResult' (ID #54)
04-06 20:00:05.567 25009 25047 I DetoxDispatcher: Done with action 'invoke'
04-06 20:00:05.571 25009 25051 D DetoxWSClient: Received action 'invoke' (ID #55, params={"target":{"type":"Class","value":"com.wix.detox.espresso.DetoxAssertion"},"method":"waitForAssertMatcher","args":[{"type":"Invocation","value":{"target":{"type":"Class","value":"androidx.test.espresso.Espresso"},"method":"onView","args":[{"type":"Invocation","value":{"target":{"type":"Class","value":"com.wix.detox.espresso.DetoxMatcher"},"method":"matcherForTestId","args":["input-peso",{"type":"boolean","value":false}]}}]}},{"type":"Invocation","value":{"target":{"type":"Class","value":"com.wix.detox.espresso.DetoxMatcher"},"method":"matcherForSufficientlyVisible","args":[{"type":"Integer","value":75}]}},{"type":"Double","value":5}]})
04-06 20:00:05.572 25009 25047 I DetoxDispatcher: Handling action 'invoke' (ID #55)...
04-06 20:00:05.572 25009 25047 D Detox   : class com.wix.detox.espresso.DetoxMatcher, matcherForTestId, [input-peso, false]
04-06 20:00:05.573 25009 25047 D Detox   : class androidx.test.espresso.Espresso, onView, [(view.getTag() is "input-peso" and view has effective visibility <VISIBLE>)]
04-06 20:00:05.574 25009 25047 D Detox   : class com.wix.detox.espresso.DetoxMatcher, matcherForSufficientlyVisible, [75]
04-06 20:00:05.575 25009 25047 D Detox   : class com.wix.detox.espresso.DetoxAssertion, waitForAssertMatcher, [androidx.test.espresso.ViewInteraction@620357a, (view has effective visibility <VISIBLE> and view.getGlobalVisibleRect() covers at least <75> percent of the view's area), 5.0]
04-06 20:00:05.581 25009 25009 I ViewInteraction: Checking 'MatchesViewAssertion(Detox){viewMatcher=(view has effective visibility <VISIBLE> and view.getGlobalVisibleRect() covers at least <75> percent of the view's area)}' assertion on view (view.getTag() is "input-peso" and view has effective visibility <VISIBLE>)
04-06 20:00:05.600 25009 25047 I DetoxWSClient: Sending out action 'invokeResult' (ID #55)
04-06 20:00:05.600 25009 25047 I DetoxDispatcher: Done with action 'invoke'
04-06 20:00:05.604 25009 25051 D DetoxWSClient: Received action 'invoke' (ID #56, params={"target":{"type":"Class","value":"com.wix.detox.espresso.DetoxAssertion"},"method":"waitForAssertMatcher","args":[{"type":"Invocation","value":{"target":{"type":"Class","value":"androidx.test.espresso.Espresso"},"method":"onView","args":[{"type":"Invocation","value":{"target":{"type":"Class","value":"com.wix.detox.espresso.DetoxMatcher"},"method":"matcherForTestId","args":["input-reps",{"type":"boolean","value":false}]}}]}},{"type":"Invocation","value":{"target":{"type":"Class","value":"com.wix.detox.espresso.DetoxMatcher"},"method":"matcherForSufficientlyVisible","args":[{"type":"Integer","value":75}]}},{"type":"Double","value":5}]})
04-06 20:00:05.605 25009 25047 I DetoxDispatcher: Handling action 'invoke' (ID #56)...
04-06 20:00:05.605 25009 25047 D Detox   : class com.wix.detox.espresso.DetoxMatcher, matcherForTestId, [input-reps, false]
04-06 20:00:05.606 25009 25047 D Detox   : class androidx.test.espresso.Espresso, onView, [(view.getTag() is "input-reps" and view has effective visibility <VISIBLE>)]
04-06 20:00:05.606 25009 25047 D Detox   : class com.wix.detox.espresso.DetoxMatcher, matcherForSufficientlyVisible, [75]
04-06 20:00:05.606 25009 25047 D Detox   : class com.wix.detox.espresso.DetoxAssertion, waitForAssertMatcher, [androidx.test.espresso.ViewInteraction@e941934, (view has effective visibility <VISIBLE> and view.getGlobalVisibleRect() covers at least <75> percent of the view's area), 5.0]
04-06 20:00:05.609 25009 25009 I ViewInteraction: Checking 'MatchesViewAssertion(Detox){viewMatcher=(view has effective visibility <VISIBLE> and view.getGlobalVisibleRect() covers at least <75> percent of the view's area)}' assertion on view (view.getTag() is "input-reps" and view has effective visibility <VISIBLE>)
04-06 20:00:05.621 25009 25047 I DetoxWSClient: Sending out action 'invokeResult' (ID #56)
04-06 20:00:05.622 25009 25047 I DetoxDispatcher: Done with action 'invoke'
04-06 20:00:05.625 25009 25051 D DetoxWSClient: Received action 'invoke' (ID #57, params={"target":{"type":"Class","value":"com.wix.detox.espresso.DetoxAssertion"},"method":"waitForAssertMatcher","args":[{"type":"Invocation","value":{"target":{"type":"Class","value":"androidx.test.espresso.Espresso"},"method":"onView","args":[{"type":"Invocation","value":{"target":{"type":"Class","value":"com.wix.detox.espresso.DetoxMatcher"},"method":"matcherForTestId","args":["input-peso",{"type":"boolean","value":false}]}}]}},{"type":"Invocation","value":{"target":{"type":"Class","value":"com.wix.detox.espresso.DetoxMatcher"},"method":"matcherForSufficientlyVisible","args":[{"type":"Integer","value":75}]}},{"type":"Double","value":5}]})
04-06 20:00:05.625 25009 25047 I DetoxDispatcher: Handling action 'invoke' (ID #57)...
04-06 20:00:05.625 25009 25047 D Detox   : class com.wix.detox.espresso.DetoxMatcher, matcherForTestId, [input-peso, false]
04-06 20:00:05.625 25009 25047 D Detox   : class androidx.test.espresso.Espresso, onView, [(view.getTag() is "input-peso" and view has effective visibility <VISIBLE>)]
04-06 20:00:05.626 25009 25047 D Detox   : class com.wix.detox.espresso.DetoxMatcher, matcherForSufficientlyVisible, [75]
04-06 20:00:05.626 25009 25047 D Detox   : class com.wix.detox.espresso.DetoxAssertion, waitForAssertMatcher, [androidx.test.espresso.ViewInteraction@abb4d2, (view has effective visibility <VISIBLE> and view.getGlobalVisibleRect() covers at least <75> percent of the view's area), 5.0]
04-06 20:00:05.629 25009 25009 I ViewInteraction: Checking 'MatchesViewAssertion(Detox){viewMatcher=(view has effective visibility <VISIBLE> and view.getGlobalVisibleRect() covers at least <75> percent of the view's area)}' assertion on view (view.getTag() is "input-peso" and view has effective visibility <VISIBLE>)
04-06 20:00:05.639 25009 25047 I DetoxWSClient: Sending out action 'invokeResult' (ID #57)
04-06 20:00:05.640 25009 25047 I DetoxDispatcher: Done with action 'invoke'
04-06 20:00:05.642 25009 25051 D DetoxWSClient: Received action 'invoke' (ID #58, params={"target":{"type":"Class","value":"com.wix.detox.espresso.EspressoDetox"},"method":"perform","args":[{"type":"Invocation","value":{"target":{"type":"Class","value":"com.wix.detox.espresso.DetoxMatcher"},"method":"matcherForTestId","args":["input-peso",{"type":"boolean","value":false}]}},{"type":"Invocation","value":{"target":{"type":"Class","value":"com.wix.detox.espresso.DetoxViewActions"},"method":"click","args":[]}}]})
04-06 20:00:05.643 25009 25047 I DetoxDispatcher: Handling action 'invoke' (ID #58)...
04-06 20:00:05.643 25009 25047 D Detox   : class com.wix.detox.espresso.DetoxMatcher, matcherForTestId, [input-peso, false]
04-06 20:00:05.643 25009 25047 D Detox   : class com.wix.detox.espresso.DetoxViewActions, click, []
04-06 20:00:05.643 25009 25047 D Detox   : class com.wix.detox.espresso.EspressoDetox, perform, [(view.getTag() is "input-peso" and view has effective visibility <VISIBLE>), com.wix.detox.espresso.action.RNClickAction@6a029a3]
04-06 20:00:05.646 25009 25009 I ViewInteraction: Performing 'com.wix.detox.espresso.action.detoxsingletap@5f394a0 click' action on view (view.getTag() is "input-peso" and view has effective visibility <VISIBLE>)
04-06 20:00:05.659 25009 25009 I ViewRootImpl@73623ee[MainActivity]: ViewPostIme pointer 0
04-06 20:00:05.689 25009 25009 I ViewRootImpl@73623ee[MainActivity]: ViewPostIme pointer 1
04-06 20:00:05.713 25009 25009 D InputMethodManager: startInputInner - Id : 0
04-06 20:00:05.714 25009 25009 I InputMethodManager: startInputInner - mService.startInputOrWindowGainedFocus
04-06 20:00:05.719 25009 25009 I IMM_LC  : showSoftInput(View,I)
04-06 20:00:05.719 25009 25009 I IMM_LC  : ssi() - flag : 0 view : com.evolucao.app reason = SHOW_SOFT_INPUT
04-06 20:00:05.743 25009 25065 D NativeCustomFrequencyManager: [NativeCFMS] BpCustomFrequencyManager::BpCustomFrequencyManager()
04-06 20:00:05.750 25009 25009 D InsetsController: onStateChanged: InsetsState: {mDisplayFrame=Rect(0, 0 - 1080, 2400), mDisplayCutout=DisplayCutout{insets=Rect(0, 88 - 0, 0) waterfall=Insets{left=0, top=0, right=0, bottom=0} boundingRect={Bounds=[Rect(0, 0 - 0, 0), Rect(512, 0 - 568, 88), Rect(0, 0 - 0, 0), Rect(0, 0 - 0, 0)]} cutoutPathParserInfo={CutoutPathParserInfo{displayWidth=1080 displayHeight=2400 physicalDisplayWidth=1080 physicalDisplayHeight=2400 density={3.0} cutoutSpec={M 0,0 M 0,10.71963616907435 a 9.280363830925644,9.280363830925644 0 1,0 0,18.56072766185129 a 9.280363830925644,9.280363830925644 0 1,0 0,-18.56072766185129 Z @dp} rotation={0} scale={1.0} physicalPixelDisplaySizeRatio={1.0}}}}, mRoundedCorners=RoundedCorners{[RoundedCorner{position=TopLeft, radius=96, center=Point(96, 96)}, RoundedCorner{position=TopRight, radius=96, center=Point(984, 96)}, RoundedCorner{position=BottomRight, radius=96, center=Point(984, 2304)}, RoundedCorner{position=BottomLeft, radius=96, center=Point(96, 2304)}]}  mRoundedCornerFrame=Rect(0, 0 - 1080, 2400), mPrivacyIndicatorBounds=PrivacyIndicatorBounds {static bounds=Rect(948, 0 - 1080, 88) rotation=0}, mSources= { InsetsSource: {mType=ITYPE_STATUS_BAR, mFrame=[0,0][1080,88], mVisible=true, mInsetsRoundedCornerFrame=false}, InsetsSource: {mType=ITYPE_NAVIGATION_BAR, mFrame=[0,2256][1080,2400], mVisible=true, mInsetsRoundedCornerFrame=false}, InsetsSource: {mType=ITYPE_LEFT_GESTURES, mFrame=[0,0][0,2400], mVisible=true, mInsetsRoundedCornerFrame=false}, InsetsSource: {mType=ITYPE_RIGHT_GESTURES, mFrame=[1080,0][1080,2400], mVisible=true, mInsetsRoundedCornerFrame=false}, InsetsSource: {mType=ITYPE_TOP_MANDATORY_GESTURES, mFrame=[0,0][1080,124], mVisible=true, mInsetsRoundedCornerFrame=false}, InsetsSource: {mType=ITYPE_BOTTOM_MANDATORY_GESTURES, mFrame=[0,2256][1080,2400], mVisible=true, mInsetsRoundedCornerFrame=false}, InsetsSource: {mType=ITYPE_LEFT_DISPLAY_CUTOUT, mFrame=[0,0][-100000,2400], mVisible=true, mInsetsRoundedCornerFrame=false}, InsetsSource: {mType=ITYPE_TOP_DISPLAY_CUTOUT, mFrame=[0,0][1080,88], mVisible=true, mInsetsRoundedCornerFrame=false}, InsetsSource: {mType=ITYPE_RIGHT_DISPLAY_CUTOUT, mFrame=[100000,0][1080,2400], mVisible=true, mInsetsRoundedCornerFrame=false}, InsetsSource: {mType=ITYPE_BOTTOM_DISPLAY_CUTOUT, mFrame=[0,100000][1080,2400], mVisible=true, mInsetsRoundedCornerFrame=false}, InsetsSource: {mType=ITYPE_TOP_TAPPABLE_ELEMENT, mFrame=[0,0][1080,88], mVisible=true, mInsetsRoundedCornerFrame=false}, InsetsSource: {mType=ITYPE_BOTTOM_TAPPABLE_ELEMENT, mFrame=[0,2256][1080,2400], mVisible=true, mInsetsRoundedCornerFrame=false} } host=PopupWindow:99c4cf7 from=android.view.ViewRootImpl.setView:1732
04-06 20:00:05.755 25009 25009 I ViewRootImpl@50a3764[PopupWindow:99c4cf7]: setView = android.widget.PopupWindow$PopupDecorView@1e565d0 TM=false
04-06 20:00:05.757 25009 25065 D NativeCustomFrequencyManager: [NativeCFMS] BpCustomFrequencyManager::BpCustomFrequencyManager()
04-06 20:00:05.761 25009 25009 D InsetsController: onStateChanged: InsetsState: {mDisplayFrame=Rect(0, 0 - 1080, 2400), mDisplayCutout=DisplayCutout{insets=Rect(0, 88 - 0, 0) waterfall=Insets{left=0, top=0, right=0, bottom=0} boundingRect={Bounds=[Rect(0, 0 - 0, 0), Rect(512, 0 - 568, 88), Rect(0, 0 - 0, 0), Rect(0, 0 - 0, 0)]} cutoutPathParserInfo={CutoutPathParserInfo{displayWidth=1080 displayHeight=2400 physicalDisplayWidth=1080 physicalDisplayHeight=2400 density={3.0} cutoutSpec={M 0,0 M 0,10.71963616907435 a 9.280363830925644,9.280363830925644 0 1,0 0,18.56072766185129 a 9.280363830925644,9.280363830925644 0 1,0 0,-18.56072766185129 Z @dp} rotation={0} scale={1.0} physicalPixelDisplaySizeRatio={1.0}}}}, mRoundedCorners=RoundedCorners{[RoundedCorner{position=TopLeft, radius=96, center=Point(96, 96)}, RoundedCorner{position=TopRight, radius=96, center=Point(984, 96)}, RoundedCorner{position=BottomRight, radius=96, center=Point(984, 2304)}, RoundedCorner{position=BottomLeft, radius=96, center=Point(96, 2304)}]}  mRoundedCornerFrame=Rect(0, 0 - 1080, 2400), mPrivacyIndicatorBounds=PrivacyIndicatorBounds {static bounds=Rect(948, 0 - 1080, 88) rotation=0}, mSources= { InsetsSource: {mType=ITYPE_STATUS_BAR, mFrame=[0,0][1080,88], mVisible=true, mInsetsRoundedCornerFrame=false}, InsetsSource: {mType=ITYPE_NAVIGATION_BAR, mFrame=[0,2256][1080,2400], mVisible=true, mInsetsRoundedCornerFrame=false}, InsetsSource: {mType=ITYPE_LEFT_GESTURES, mFrame=[0,0][0,2400], mVisible=true, mInsetsRoundedCornerFrame=false}, InsetsSource: {mType=ITYPE_RIGHT_GESTURES, mFrame=[1080,0][1080,2400], mVisible=true, mInsetsRoundedCornerFrame=false}, InsetsSource: {mType=ITYPE_TOP_MANDATORY_GESTURES, mFrame=[0,0][1080,124], mVisible=true, mInsetsRoundedCornerFrame=false}, InsetsSource: {mType=ITYPE_BOTTOM_MANDATORY_GESTURES, mFrame=[0,2256][1080,2400], mVisible=true, mInsetsRoundedCornerFrame=false}, InsetsSource: {mType=ITYPE_LEFT_DISPLAY_CUTOUT, mFrame=[0,0][-100000,2400], mVisible=true, mInsetsRoundedCornerFrame=false}, InsetsSource: {mType=ITYPE_TOP_DISPLAY_CUTOUT, mFrame=[0,0][1080,88], mVisible=true, mInsetsRoundedCornerFrame=false}, InsetsSource: {mType=ITYPE_RIGHT_DISPLAY_CUTOUT, mFrame=[100000,0][1080,2400], mVisible=true, mInsetsRoundedCornerFrame=false}, InsetsSource: {mType=ITYPE_BOTTOM_DISPLAY_CUTOUT, mFrame=[0,100000][1080,2400], mVisible=true, mInsetsRoundedCornerFrame=false}, InsetsSource: {mType=ITYPE_TOP_TAPPABLE_ELEMENT, mFrame=[0,0][1080,88], mVisible=true, mInsetsRoundedCornerFrame=false}, InsetsSource: {mType=ITYPE_BOTTOM_TAPPABLE_ELEMENT, mFrame=[0,2256][1080,2400], mVisible=true, mInsetsRoundedCornerFrame=false} } host=PopupWindow:7d1f8ce from=android.view.ViewRootImpl.setView:1732
04-06 20:00:05.764 25009 25009 I ViewRootImpl@b89e3ef[PopupWindow:7d1f8ce]: setView = android.widget.PopupWindow$PopupDecorView@c3ad00b TM=false
04-06 20:00:05.772 25009 25009 I IMM_LC  : showSoftInput(View,I)
04-06 20:00:05.772 25009 25009 I IMM_LC  : ssi() - flag : 0 view : com.evolucao.app reason = SHOW_SOFT_INPUT
04-06 20:00:05.774 25009 25009 I ViewRootImpl@50a3764[PopupWindow:99c4cf7]: performTraversals params={(231,1866)(90x108) gr=TOP START CENTER sim={state=unchanged adjust=pan} ty=APPLICATION_SUB_PANEL fmt=TRANSLUCENT wanim=0x1030313 surfaceInsets=Rect(0, 0 - 0, 0) (manual)
04-06 20:00:05.774 25009 25009 I ViewRootImpl@50a3764[PopupWindow:99c4cf7]:   fl=41800208
04-06 20:00:05.774 25009 25009 I ViewRootImpl@50a3764[PopupWindow:99c4cf7]:   pfl=2018000
04-06 20:00:05.774 25009 25009 I ViewRootImpl@50a3764[PopupWindow:99c4cf7]:   bhv=DEFAULT
04-06 20:00:05.774 25009 25009 I ViewRootImpl@50a3764[PopupWindow:99c4cf7]:   fitTypes=STATUS_BARS NAVIGATION_BARS CAPTION_BAR naviIconColor=0
04-06 20:00:05.774 25009 25009 I ViewRootImpl@50a3764[PopupWindow:99c4cf7]:   sfl=20000}
04-06 20:00:05.775 25009 25009 I ViewRootImpl@50a3764[PopupWindow:99c4cf7]: performTraversals mFirst=true windowShouldResize=true viewVisibilityChanged=false mForceNextWindowRelayout=false params={(231,1866)(90x108) gr=TOP START CENTER sim={state=unchanged adjust=pan} ty=APPLICATION_SUB_PANEL fmt=TRANSLUCENT wanim=0x1030313 surfaceInsets=Rect(0, 0 - 0, 0) (manual)
04-06 20:00:05.775 25009 25009 I ViewRootImpl@50a3764[PopupWindow:99c4cf7]:   fl=41800208
04-06 20:00:05.775 25009 25009 I ViewRootImpl@50a3764[PopupWindow:99c4cf7]:   pfl=42018000
04-06 20:00:05.775 25009 25009 I ViewRootImpl@50a3764[PopupWindow:99c4cf7]:   bhv=DEFAULT
04-06 20:00:05.775 25009 25009 I ViewRootImpl@50a3764[PopupWindow:99c4cf7]:   fitTypes=STATUS_BARS NAVIGATION_BARS CAPTION_BAR naviIconColor=0
04-06 20:00:05.775 25009 25009 I ViewRootImpl@50a3764[PopupWindow:99c4cf7]:   sfl=20000}
04-06 20:00:05.780 25009 25371 I ViewRootImpl@50a3764[PopupWindow:99c4cf7]: Resizing android.view.ViewRootImpl@291e9c9: frame = [231,1866][321,1974] reportDraw = true forceLayout = false syncSeqId = 0
04-06 20:00:05.782 25009 25009 I ViewRootImpl@50a3764[PopupWindow:99c4cf7]: updateBlastSurfaceIfNeeded mBlastBufferQueue=null isSameSurfaceControl=false
04-06 20:00:05.782 25009 25009 I BLASTBufferQueue: new BLASTBufferQueue, mName= ViewRootImpl@50a3764[PopupWindow:99c4cf7] mNativeObject= 0xb4000070a06b1180 sc.mNativeObject= 0xb4000070442adb20 caller= android.view.ViewRootImpl.updateBlastSurfaceIfNeeded:2909 android.view.ViewRootImpl.relayoutWindow:9847 android.view.ViewRootImpl.performTraversals:3884 android.view.ViewRootImpl.doTraversal:3116 android.view.ViewRootImpl$TraversalRunnable.run:10885 android.view.Choreographer$CallbackRecord.run:1301 android.view.Choreographer$CallbackRecord.run:1309 android.view.Choreographer.doCallbacks:923 android.view.Choreographer.doFrame:852 android.view.Choreographer$FrameDisplayEventReceiver.run:1283 
04-06 20:00:05.782 25009 25009 I BLASTBufferQueue: update, w= 90 h= 108 mName = ViewRootImpl@50a3764[PopupWindow:99c4cf7] mNativeObject= 0xb4000070a06b1180 sc.mNativeObject= 0xb4000070442adb20 format= -3 caller= android.graphics.BLASTBufferQueue.<init>:84 android.view.ViewRootImpl.updateBlastSurfaceIfNeeded:2909 android.view.ViewRootImpl.relayoutWindow:9847 android.view.ViewRootImpl.performTraversals:3884 android.view.ViewRootImpl.doTraversal:3116 android.view.ViewRootImpl$TraversalRunnable.run:10885 
04-06 20:00:05.783 25009 25009 I ViewRootImpl@50a3764[PopupWindow:99c4cf7]: Relayout returned: old=(231,1866,321,1974) new=(231,1866,321,1974) req=(90,108)0 dur=6 res=0x3 s={true 0xb40000704410f800} ch=true seqId=0
04-06 20:00:05.784 25009 25009 I ViewRootImpl@50a3764[PopupWindow:99c4cf7]: mThreadedRenderer.initialize() mSurface={isValid=true 0xb40000704410f800} hwInitialized=true
04-06 20:00:05.784 25009 25065 D OpenGLRenderer: eglCreateWindowSurface
04-06 20:00:05.785 25009 25009 I ViewRootImpl@50a3764[PopupWindow:99c4cf7]: reportNextDraw android.view.ViewRootImpl.performTraversals:4438 android.view.ViewRootImpl.doTraversal:3116 android.view.ViewRootImpl$TraversalRunnable.run:10885 android.view.Choreographer$CallbackRecord.run:1301 android.view.Choreographer$CallbackRecord.run:1309 
04-06 20:00:05.785 25009 25009 I ViewRootImpl@50a3764[PopupWindow:99c4cf7]: Setup new sync id=0
04-06 20:00:05.786 25009 25009 I ViewRootImpl@50a3764[PopupWindow:99c4cf7]: Setting syncFrameCallback
04-06 20:00:05.786 25009 25009 I ViewRootImpl@50a3764[PopupWindow:99c4cf7]: registerCallbacksForSync syncBuffer=false
04-06 20:00:05.788 25009 25091 I ViewRootImpl@50a3764[PopupWindow:99c4cf7]: Received frameDrawingCallback syncResult=0 frameNum=1.
04-06 20:00:05.788 25009 25091 I ViewRootImpl@50a3764[PopupWindow:99c4cf7]: Setting up sync and frameCommitCallback
04-06 20:00:05.796 25009 25065 I BLASTBufferQueue: [ViewRootImpl@50a3764[PopupWindow:99c4cf7]#1](f:0,a:0) onFrameAvailable the first frame is available
04-06 20:00:05.796 25009 25065 I ViewRootImpl@50a3764[PopupWindow:99c4cf7]: Received frameCommittedCallback lastAttemptedDrawFrameNum=1 didProduceBuffer=true
04-06 20:00:05.797 25009 25065 D OpenGLRenderer: CFMS:: SetUp Pid : 25009    Tid : 25065
04-06 20:00:05.798 25009 25065 W Parcel  : Expecting binder but got null!
04-06 20:00:05.798 25009 25009 I ViewRootImpl@50a3764[PopupWindow:99c4cf7]: onSyncComplete
04-06 20:00:05.798 25009 25009 I ViewRootImpl@50a3764[PopupWindow:99c4cf7]: setupSync seqId=0 mSyncId=0 fn=1 caller=android.view.ViewRootImpl$$ExternalSyntheticLambda11.accept:6 android.window.SurfaceSyncer.lambda$setupSync$1$android-window-SurfaceSyncer:128 android.window.SurfaceSyncer$$ExternalSyntheticLambda1.accept:8 android.window.SurfaceSyncer$SyncSet.checkIfSyncIsComplete:382 android.window.SurfaceSyncer$SyncSet.markSyncReady:359 android.window.SurfaceSyncer.markSyncReady:151 android.view.ViewRootImpl.performTraversals:4503 
04-06 20:00:05.800 25009 25009 I ViewRootImpl@b89e3ef[PopupWindow:7d1f8ce]: performTraversals params={(231,1772)(90x94) gr=TOP START CENTER sim={state=unchanged adjust=pan} ty=APPLICATION_SUB_PANEL fmt=TRANSLUCENT wanim=0x1030313 surfaceInsets=Rect(0, 0 - 0, 0) (manual)
04-06 20:00:05.800 25009 25009 I ViewRootImpl@b89e3ef[PopupWindow:7d1f8ce]:   fl=41800218
04-06 20:00:05.800 25009 25009 I ViewRootImpl@b89e3ef[PopupWindow:7d1f8ce]:   pfl=2018000
04-06 20:00:05.800 25009 25009 I ViewRootImpl@b89e3ef[PopupWindow:7d1f8ce]:   bhv=DEFAULT
04-06 20:00:05.800 25009 25009 I ViewRootImpl@b89e3ef[PopupWindow:7d1f8ce]:   fitTypes=STATUS_BARS NAVIGATION_BARS CAPTION_BAR naviIconColor=0
04-06 20:00:05.800 25009 25009 I ViewRootImpl@b89e3ef[PopupWindow:7d1f8ce]:   sfl=20000}
04-06 20:00:05.800 25009 25009 I ViewRootImpl@b89e3ef[PopupWindow:7d1f8ce]: performTraversals mFirst=true windowShouldResize=true viewVisibilityChanged=false mForceNextWindowRelayout=false params={(231,1772)(90x94) gr=TOP START CENTER sim={state=unchanged adjust=pan} ty=APPLICATION_SUB_PANEL fmt=TRANSLUCENT wanim=0x1030313 surfaceInsets=Rect(0, 0 - 0, 0) (manual)
04-06 20:00:05.800 25009 25009 I ViewRootImpl@b89e3ef[PopupWindow:7d1f8ce]:   fl=41800218
04-06 20:00:05.800 25009 25009 I ViewRootImpl@b89e3ef[PopupWindow:7d1f8ce]:   pfl=42018000
04-06 20:00:05.800 25009 25009 I ViewRootImpl@b89e3ef[PopupWindow:7d1f8ce]:   bhv=DEFAULT
04-06 20:00:05.800 25009 25009 I ViewRootImpl@b89e3ef[PopupWindow:7d1f8ce]:   fitTypes=STATUS_BARS NAVIGATION_BARS CAPTION_BAR naviIconColor=0
04-06 20:00:05.800 25009 25009 I ViewRootImpl@b89e3ef[PopupWindow:7d1f8ce]:   sfl=20000}
04-06 20:00:05.806 25009 25024 I ViewRootImpl@b89e3ef[PopupWindow:7d1f8ce]: Resizing android.view.ViewRootImpl@3f01ee8: frame = [231,1772][321,1866] reportDraw = true forceLayout = false syncSeqId = 0
04-06 20:00:05.807 25009 25009 I ViewRootImpl@b89e3ef[PopupWindow:7d1f8ce]: updateBlastSurfaceIfNeeded mBlastBufferQueue=null isSameSurfaceControl=false
04-06 20:00:05.807 25009 25009 I BLASTBufferQueue: new BLASTBufferQueue, mName= ViewRootImpl@b89e3ef[PopupWindow:7d1f8ce] mNativeObject= 0xb4000070a06b1500 sc.mNativeObject= 0xb4000070442ae020 caller= android.view.ViewRootImpl.updateBlastSurfaceIfNeeded:2909 android.view.ViewRootImpl.relayoutWindow:9847 android.view.ViewRootImpl.performTraversals:3884 android.view.ViewRootImpl.doTraversal:3116 android.view.ViewRootImpl$TraversalRunnable.run:10885 android.view.Choreographer$CallbackRecord.run:1301 android.view.Choreographer$CallbackRecord.run:1309 android.view.Choreographer.doCallbacks:923 android.view.Choreographer.doFrame:852 android.view.Choreographer$FrameDisplayEventReceiver.run:1283 
04-06 20:00:05.808 25009 25009 I BLASTBufferQueue: update, w= 90 h= 94 mName = ViewRootImpl@b89e3ef[PopupWindow:7d1f8ce] mNativeObject= 0xb4000070a06b1500 sc.mNativeObject= 0xb4000070442ae020 format= -3 caller= android.graphics.BLASTBufferQueue.<init>:84 android.view.ViewRootImpl.updateBlastSurfaceIfNeeded:2909 android.view.ViewRootImpl.relayoutWindow:9847 android.view.ViewRootImpl.performTraversals:3884 android.view.ViewRootImpl.doTraversal:3116 android.view.ViewRootImpl$TraversalRunnable.run:10885 
04-06 20:00:05.808 25009 25009 I ViewRootImpl@b89e3ef[PopupWindow:7d1f8ce]: Relayout returned: old=(231,1772,321,1866) new=(231,1772,321,1866) req=(90,94)0 dur=7 res=0x3 s={true 0xb40000704411c000} ch=true seqId=0
04-06 20:00:05.809 25009 25009 I ViewRootImpl@b89e3ef[PopupWindow:7d1f8ce]: mThreadedRenderer.initialize() mSurface={isValid=true 0xb40000704411c000} hwInitialized=true
04-06 20:00:05.809 25009 25065 D OpenGLRenderer: eglCreateWindowSurface
04-06 20:00:05.810 25009 25009 I ViewRootImpl@b89e3ef[PopupWindow:7d1f8ce]: reportNextDraw android.view.ViewRootImpl.performTraversals:4438 android.view.ViewRootImpl.doTraversal:3116 android.view.ViewRootImpl$TraversalRunnable.run:10885 android.view.Choreographer$CallbackRecord.run:1301 android.view.Choreographer$CallbackRecord.run:1309 
04-06 20:00:05.810 25009 25009 I ViewRootImpl@b89e3ef[PopupWindow:7d1f8ce]: Setup new sync id=0
04-06 20:00:05.811 25009 25009 I ViewRootImpl@b89e3ef[PopupWindow:7d1f8ce]: Setting syncFrameCallback
04-06 20:00:05.811 25009 25009 I ViewRootImpl@b89e3ef[PopupWindow:7d1f8ce]: registerCallbacksForSync syncBuffer=false
04-06 20:00:05.812 25009 25092 I ViewRootImpl@b89e3ef[PopupWindow:7d1f8ce]: Received frameDrawingCallback syncResult=0 frameNum=1.
04-06 20:00:05.812 25009 25092 I ViewRootImpl@b89e3ef[PopupWindow:7d1f8ce]: Setting up sync and frameCommitCallback
04-06 20:00:05.812 25009 25065 I BLASTBufferQueue: [ViewRootImpl@b89e3ef[PopupWindow:7d1f8ce]#2](f:0,a:0) onFrameAvailable the first frame is available
04-06 20:00:05.812 25009 25065 I ViewRootImpl@b89e3ef[PopupWindow:7d1f8ce]: Received frameCommittedCallback lastAttemptedDrawFrameNum=1 didProduceBuffer=true
04-06 20:00:05.813 25009 25065 D OpenGLRenderer: CFMS:: SetUp Pid : 25009    Tid : 25065
04-06 20:00:05.813 25009 25065 W Parcel  : Expecting binder but got null!
04-06 20:00:05.813 25009 25009 I ViewRootImpl@b89e3ef[PopupWindow:7d1f8ce]: onSyncComplete
04-06 20:00:05.814 25009 25009 I ViewRootImpl@b89e3ef[PopupWindow:7d1f8ce]: setupSync seqId=0 mSyncId=0 fn=1 caller=android.view.ViewRootImpl$$ExternalSyntheticLambda11.accept:6 android.window.SurfaceSyncer.lambda$setupSync$1$android-window-SurfaceSyncer:128 android.window.SurfaceSyncer$$ExternalSyntheticLambda1.accept:8 android.window.SurfaceSyncer$SyncSet.checkIfSyncIsComplete:382 android.window.SurfaceSyncer$SyncSet.markSyncReady:359 android.window.SurfaceSyncer.markSyncReady:151 android.view.ViewRootImpl.performTraversals:4503 
04-06 20:00:05.814 25009 25009 I ViewRootImpl@b89e3ef[PopupWindow:7d1f8ce]: reportDrawFinished seqId=0 mSyncId=-1 fn=1 mSurfaceChangedTransaction=0xb4000070a0b43700
04-06 20:00:05.814 25009 25009 I ViewRootImpl@50a3764[PopupWindow:99c4cf7]: reportDrawFinished seqId=0 mSyncId=-1 fn=1 mSurfaceChangedTransaction=0xb4000070a0850100
04-06 20:00:05.816 25009 25009 I ViewRootImpl@50a3764[PopupWindow:99c4cf7]: handleResized, msg = 5 frames=ClientWindowFrames{frame=[231,1866][321,1974] display=[-100000,-100000][100000,100000] parentFrame=[0,0][0,0] parentClippedByDisplayCutout=false} forceNextWindowRelayout=false displayId=0 resizeMode=-1 frameChanged=false displayFrameChanged=false configChanged=false displayChanged=false
04-06 20:00:05.816 25009 25009 I ViewRootImpl@50a3764[PopupWindow:99c4cf7]: handleResized mSyncSeqId = 0
04-06 20:00:05.816 25009 25009 I ViewRootImpl@50a3764[PopupWindow:99c4cf7]: reportNextDraw android.view.ViewRootImpl.handleResized:2450 android.view.ViewRootImpl.-$$Nest$mhandleResized:0 android.view.ViewRootImpl$ViewRootHandler.handleMessageImpl:6728 android.view.ViewRootImpl$ViewRootHandler.handleMessage:6697 android.os.Handler.dispatchMessage:106 
04-06 20:00:05.817 25009 25009 I ViewRootImpl@50a3764[PopupWindow:99c4cf7]: Setup new sync id=1
04-06 20:00:05.817 25009 25009 I ViewRootImpl@50a3764[PopupWindow:99c4cf7]: Setting syncFrameCallback
04-06 20:00:05.817 25009 25009 I ViewRootImpl@50a3764[PopupWindow:99c4cf7]: registerCallbacksForSync syncBuffer=false
04-06 20:00:05.820 25009 25091 I ViewRootImpl@50a3764[PopupWindow:99c4cf7]: Received frameDrawingCallback syncResult=0 frameNum=2.
04-06 20:00:05.820 25009 25091 I ViewRootImpl@50a3764[PopupWindow:99c4cf7]: Setting up sync and frameCommitCallback
04-06 20:00:05.823 25009 25065 I ViewRootImpl@50a3764[PopupWindow:99c4cf7]: Received frameCommittedCallback lastAttemptedDrawFrameNum=2 didProduceBuffer=true
04-06 20:00:05.823 25009 25009 I ViewRootImpl@50a3764[PopupWindow:99c4cf7]: onSyncComplete
04-06 20:00:05.824 25009 25009 I ViewRootImpl@50a3764[PopupWindow:99c4cf7]: setupSync seqId=0 mSyncId=1 fn=2 caller=android.view.ViewRootImpl$$ExternalSyntheticLambda11.accept:6 android.window.SurfaceSyncer.lambda$setupSync$1$android-window-SurfaceSyncer:128 android.window.SurfaceSyncer$$ExternalSyntheticLambda1.accept:8 android.window.SurfaceSyncer$SyncSet.checkIfSyncIsComplete:382 android.window.SurfaceSyncer$SyncSet.markSyncReady:359 android.window.SurfaceSyncer.markSyncReady:151 android.view.ViewRootImpl.performTraversals:4503 
04-06 20:00:05.824 25009 25009 I ViewRootImpl@50a3764[PopupWindow:99c4cf7]: reportDrawFinished seqId=0 mSyncId=-1 fn=2 mSurfaceChangedTransaction=0xb4000070a0850100
04-06 20:00:05.824 25009 25009 I ViewRootImpl@b89e3ef[PopupWindow:7d1f8ce]: handleResized, msg = 5 frames=ClientWindowFrames{frame=[231,1772][321,1866] display=[-100000,-100000][100000,100000] parentFrame=[0,0][0,0] parentClippedByDisplayCutout=false} forceNextWindowRelayout=false displayId=0 resizeMode=-1 frameChanged=false displayFrameChanged=false configChanged=false displayChanged=false
04-06 20:00:05.825 25009 25009 I ViewRootImpl@b89e3ef[PopupWindow:7d1f8ce]: handleResized mSyncSeqId = 0
04-06 20:00:05.825 25009 25009 I ViewRootImpl@b89e3ef[PopupWindow:7d1f8ce]: reportNextDraw android.view.ViewRootImpl.handleResized:2450 android.view.ViewRootImpl.-$$Nest$mhandleResized:0 android.view.ViewRootImpl$ViewRootHandler.handleMessageImpl:6728 android.view.ViewRootImpl$ViewRootHandler.handleMessage:6697 android.os.Handler.dispatchMessage:106 
04-06 20:00:05.832 25009 25009 I ViewRootImpl@b89e3ef[PopupWindow:7d1f8ce]: Setup new sync id=1
04-06 20:00:05.832 25009 25009 I ViewRootImpl@b89e3ef[PopupWindow:7d1f8ce]: Setting syncFrameCallback
04-06 20:00:05.832 25009 25009 I ViewRootImpl@b89e3ef[PopupWindow:7d1f8ce]: registerCallbacksForSync syncBuffer=false
04-06 20:00:05.833 25009 25092 I ViewRootImpl@b89e3ef[PopupWindow:7d1f8ce]: Received frameDrawingCallback syncResult=0 frameNum=2.
04-06 20:00:05.833 25009 25092 I ViewRootImpl@b89e3ef[PopupWindow:7d1f8ce]: Setting up sync and frameCommitCallback
04-06 20:00:05.835 25009 25065 I ViewRootImpl@b89e3ef[PopupWindow:7d1f8ce]: Received frameCommittedCallback lastAttemptedDrawFrameNum=2 didProduceBuffer=true
04-06 20:00:05.836 25009 25009 I ViewRootImpl@b89e3ef[PopupWindow:7d1f8ce]: onSyncComplete
04-06 20:00:05.836 25009 25009 I ViewRootImpl@b89e3ef[PopupWindow:7d1f8ce]: setupSync seqId=0 mSyncId=1 fn=2 caller=android.view.ViewRootImpl$$ExternalSyntheticLambda11.accept:6 android.window.SurfaceSyncer.lambda$setupSync$1$android-window-SurfaceSyncer:128 android.window.SurfaceSyncer$$ExternalSyntheticLambda1.accept:8 android.window.SurfaceSyncer$SyncSet.checkIfSyncIsComplete:382 android.window.SurfaceSyncer$SyncSet.markSyncReady:359 android.window.SurfaceSyncer.markSyncReady:151 android.view.ViewRootImpl.performTraversals:4503 
04-06 20:00:05.839 25009 25009 I ViewRootImpl@b89e3ef[PopupWindow:7d1f8ce]: reportDrawFinished seqId=0 mSyncId=-1 fn=2 mSurfaceChangedTransaction=0xb4000070a0b43700
04-06 20:00:05.847 25009 25009 W OnBackInvokedCallback: OnBackInvokedCallback is not enabled for the application.
04-06 20:00:05.847 25009 25009 W OnBackInvokedCallback: Set 'android:enableOnBackInvokedCallback="true"' in the application manifest.
04-06 20:00:05.868 25009 25024 I ViewRootImpl@50a3764[PopupWindow:99c4cf7]: Resizing android.view.ViewRootImpl@291e9c9: frame = [231,1866][321,1974] reportDraw = false forceLayout = false syncSeqId = 0
04-06 20:00:05.868 25009 25009 I ViewRootImpl@50a3764[PopupWindow:99c4cf7]: handleResized, msg = 4 frames=ClientWindowFrames{frame=[231,1866][321,1974] display=[-100000,-100000][100000,100000] parentFrame=[0,0][0,0] parentClippedByDisplayCutout=false} forceNextWindowRelayout=false displayId=0 resizeMode=-1 frameChanged=false displayFrameChanged=false configChanged=false displayChanged=false
04-06 20:00:05.869 25009 25371 I ViewRootImpl@73623ee[MainActivity]: Resizing android.view.ViewRootImpl@25a16ab: frame = [0,0][1080,2400] reportDraw = false forceLayout = false syncSeqId = 0
04-06 20:00:05.870 25009 25320 I ViewRootImpl@b89e3ef[PopupWindow:7d1f8ce]: Resizing android.view.ViewRootImpl@3f01ee8: frame = [231,1772][321,1866] reportDraw = false forceLayout = false syncSeqId = 0
04-06 20:00:05.872 25009 25009 D InsetsController: onStateChanged: InsetsState: {mDisplayFrame=Rect(0, 0 - 1080, 2400), mDisplayCutout=DisplayCutout{insets=Rect(0, 88 - 0, 0) waterfall=Insets{left=0, top=0, right=0, bottom=0} boundingRect={Bounds=[Rect(0, 0 - 0, 0), Rect(512, 0 - 568, 88), Rect(0, 0 - 0, 0), Rect(0, 0 - 0, 0)]} cutoutPathParserInfo={CutoutPathParserInfo{displayWidth=1080 displayHeight=2400 physicalDisplayWidth=1080 physicalDisplayHeight=2400 density={3.0} cutoutSpec={M 0,0 M 0,10.71963616907435 a 9.280363830925644,9.280363830925644 0 1,0 0,18.56072766185129 a 9.280363830925644,9.280363830925644 0 1,0 0,-18.56072766185129 Z @dp} rotation={0} scale={1.0} physicalPixelDisplaySizeRatio={1.0}}}}, mRoundedCorners=RoundedCorners{[RoundedCorner{position=TopLeft, radius=96, center=Point(96, 96)}, RoundedCorner{position=TopRight, radius=96, center=Point(984, 96)}, RoundedCorner{position=BottomRight, radius=96, center=Point(984, 2304)}, RoundedCorner{position=BottomLeft, radius=96, center=Point(96, 2304)}]}  mRoundedCornerFrame=Rect(0, 0 - 1080, 2400), mPrivacyIndicatorBounds=PrivacyIndicatorBounds {static bounds=Rect(948, 0 - 1080, 88) rotation=0}, mSources= { InsetsSource: {mType=ITYPE_STATUS_BAR, mFrame=[0,0][1080,88], mVisible=true, mInsetsRoundedCornerFrame=false}, InsetsSource: {mType=ITYPE_NAVIGATION_BAR, mFrame=[0,2256][1080,2400], mVisible=true, mInsetsRoundedCornerFrame=false}, InsetsSource: {mType=ITYPE_LEFT_GESTURES, mFrame=[0,0][0,2400], mVisible=true, mInsetsRoundedCornerFrame=false}, InsetsSource: {mType=ITYPE_RIGHT_GESTURES, mFrame=[1080,0][1080,2400], mVisible=true, mInsetsRoundedCornerFrame=false}, InsetsSource: {mType=ITYPE_TOP_MANDATORY_GESTURES, mFrame=[0,0][1080,124], mVisible=true, mInsetsRoundedCornerFrame=false}, InsetsSource: {mType=ITYPE_BOTTOM_MANDATORY_GESTURES, mFrame=[0,2256][1080,2400], mVisible=true, mInsetsRoundedCornerFrame=false}, InsetsSource: {mType=ITYPE_LEFT_DISPLAY_CUTOUT, mFrame=[0,0][-100000,2400], mVisible=true, mInsetsRoundedCornerFrame=false}, InsetsSource: {mType=ITYPE_TOP_DISPLAY_CUTOUT, mFrame=[0,0][1080,88], mVisible=true, mInsetsRoundedCornerFrame=false}, InsetsSource: {mType=ITYPE_RIGHT_DISPLAY_CUTOUT, mFrame=[100000,0][1080,2400], mVisible=true, mInsetsRoundedCornerFrame=false}, InsetsSource: {mType=ITYPE_BOTTOM_DISPLAY_CUTOUT, mFrame=[0,100000][1080,2400], mVisible=true, mInsetsRoundedCornerFrame=false}, InsetsSource: {mType=ITYPE_TOP_TAPPABLE_ELEMENT, mFrame=[0,0][1080,88], mVisible=true, mInsetsRoundedCornerFrame=false}, InsetsSource: {mType=ITYPE_BOTTOM_TAPPABLE_ELEMENT, mFrame=[0,2256][1080,2400], mVisible=true, mInsetsRoundedCornerFrame=false}, InsetsSource: {mType=ITYPE_IME, mFrame=[0,1374][1080,2400], mVisibleFrame=[0,1374][1080,2400], mVisible=false, mInsetsRoundedCornerFrame=false} } host=com.evolucao.app/com.evolucao.app.MainActivity from=android.view.ViewRootImpl$ViewRootHandler.handleMessageImpl:6727
04-06 20:00:05.872 25009 25009 I ViewRootImpl@73623ee[MainActivity]: handleResized, msg = 4 frames=ClientWindowFrames{frame=[0,0][1080,2400] display=[0,0][1080,2400] parentFrame=[0,0][0,0] parentClippedByDisplayCutout=false} forceNextWindowRelayout=false displayId=0 resizeMode=-1 frameChanged=false displayFrameChanged=false configChanged=false displayChanged=false
04-06 20:00:05.873 25009 25009 I ViewRootImpl@b89e3ef[PopupWindow:7d1f8ce]: handleResized, msg = 4 frames=ClientWindowFrames{frame=[231,1772][321,1866] display=[-100000,-100000][100000,100000] parentFrame=[0,0][0,0] parentClippedByDisplayCutout=false} forceNextWindowRelayout=false displayId=0 resizeMode=-1 frameChanged=false displayFrameChanged=false configChanged=false displayChanged=false
04-06 20:00:05.898 25009 25009 D InsetsController: show(ime(), fromIme=true)
04-06 20:00:05.900 25009 25009 D InsetsController: controlAnimationUnchecked: Added types=8 animType=0 host=com.evolucao.app/com.evolucao.app.MainActivity from=android.view.InsetsController.applyAnimation:1576 android.view.InsetsController.applyAnimation:1557 android.view.InsetsController.show:1063 
04-06 20:00:05.901 25009 25009 D InsetsSourceConsumer: setRequestedVisible: visible=true, type=19, host=com.evolucao.app/com.evolucao.app.MainActivity, from=android.view.InsetsSourceConsumer.show:250 android.view.ImeInsetsSourceConsumer.show:82 android.view.InsetsController.showDirectly:1609 android.view.InsetsController.controlAnimationUnchecked:1232 android.view.InsetsController.applyAnimation:1576 android.view.InsetsController.applyAnimation:1557 android.view.InsetsController.show:1063 android.view.ViewRootImpl$ViewRootHandler.handleMessageImpl:6761 android.view.ViewRootImpl$ViewRootHandler.handleMessage:6697 android.os.Handler.dispatchMessage:106 
04-06 20:00:05.902 25009 25009 D InsetsController: show(ime(), fromIme=true)
