04-06 17:34:46.945 28860 28895 I DetoxDispatcher: Done with action 'invoke'
04-06 17:34:46.950 28860 28899 D DetoxWSClient: Received action 'invoke' (ID #48, params={"target":{"type":"Class","value":"com.wix.detox.espresso.DetoxAssertion"},"method":"waitForAssertMatcher","args":[{"type":"Invocation","value":{"target":{"type":"Class","value":"androidx.test.espresso.Espresso"},"method":"onView","args":[{"type":"Invocation","value":{"target":{"type":"Class","value":"com.wix.detox.espresso.DetoxMatcher"},"method":"matcherForTestId","args":["app-root",{"type":"boolean","value":false}]}}]}},{"type":"Invocation","value":{"target":{"type":"Class","value":"com.wix.detox.espresso.DetoxMatcher"},"method":"matcherForSufficientlyVisible","args":[{"type":"Integer","value":75}]}},{"type":"Double","value":5}]})
04-06 17:34:46.950 28860 28895 I DetoxDispatcher: Handling action 'invoke' (ID #48)...
04-06 17:34:46.951 28860 28895 D Detox   : class com.wix.detox.espresso.DetoxMatcher, matcherForTestId, [app-root, false]
04-06 17:34:46.951 28860 28895 D Detox   : class androidx.test.espresso.Espresso, onView, [(view.getTag() is "app-root" and view has effective visibility <VISIBLE>)]
04-06 17:34:46.952 28860 28895 D Detox   : class com.wix.detox.espresso.DetoxMatcher, matcherForSufficientlyVisible, [75]
04-06 17:34:46.953 28860 28895 D Detox   : class com.wix.detox.espresso.DetoxAssertion, waitForAssertMatcher, [androidx.test.espresso.ViewInteraction@e893270, (view has effective visibility <VISIBLE> and view.getGlobalVisibleRect() covers at least <75> percent of the view's area), 5.0]
04-06 17:34:46.958 28860 28860 I ViewInteraction: Checking 'MatchesViewAssertion(Detox){viewMatcher=(view has effective visibility <VISIBLE> and view.getGlobalVisibleRect() covers at least <75> percent of the view's area)}' assertion on view (view.getTag() is "app-root" and view has effective visibility <VISIBLE>)
04-06 17:34:46.961 28860 28895 I DetoxWSClient: Sending out action 'invokeResult' (ID #48)
04-06 17:34:46.961 28860 28895 I DetoxDispatcher: Done with action 'invoke'
04-06 17:34:46.965 28860 28899 D DetoxWSClient: Received action 'invoke' (ID #49, params={"target":{"type":"Class","value":"com.wix.detox.espresso.DetoxAssertion"},"method":"assertMatcher","args":[{"type":"Invocation","value":{"target":{"type":"Class","value":"androidx.test.espresso.Espresso"},"method":"onView","args":[{"type":"Invocation","value":{"target":{"type":"Class","value":"com.wix.detox.espresso.DetoxMatcher"},"method":"matcherForTestId","args":["app-root",{"type":"boolean","value":false}]}}]}},{"type":"Invocation","value":{"target":{"type":"Class","value":"com.wix.detox.espresso.DetoxMatcher"},"method":"matcherForSufficientlyVisible","args":[{"type":"Integer","value":75}]}}]})
04-06 17:34:46.966 28860 28895 I DetoxDispatcher: Handling action 'invoke' (ID #49)...
04-06 17:34:46.966 28860 28895 D Detox   : class com.wix.detox.espresso.DetoxMatcher, matcherForTestId, [app-root, false]
04-06 17:34:46.967 28860 28895 D Detox   : class androidx.test.espresso.Espresso, onView, [(view.getTag() is "app-root" and view has effective visibility <VISIBLE>)]
04-06 17:34:46.968 28860 28895 D Detox   : class com.wix.detox.espresso.DetoxMatcher, matcherForSufficientlyVisible, [75]
04-06 17:34:46.968 28860 28895 D Detox   : class com.wix.detox.espresso.DetoxAssertion, assertMatcher, [androidx.test.espresso.ViewInteraction@68c9e9, (view has effective visibility <VISIBLE> and view.getGlobalVisibleRect() covers at least <75> percent of the view's area)]
04-06 17:34:46.972 28860 28860 I ViewInteraction: Checking 'MatchesViewAssertion(Detox){viewMatcher=(view has effective visibility <VISIBLE> and view.getGlobalVisibleRect() covers at least <75> percent of the view's area)}' assertion on view (view.getTag() is "app-root" and view has effective visibility <VISIBLE>)
04-06 17:34:46.975 28860 28895 I DetoxWSClient: Sending out action 'invokeResult' (ID #49)
04-06 17:34:46.976 28860 28895 I DetoxDispatcher: Done with action 'invoke'
04-06 17:34:46.979 28860 28899 D DetoxWSClient: Received action 'invoke' (ID #50, params={"target":{"type":"Class","value":"com.wix.detox.espresso.DetoxAssertion"},"method":"waitForAssertMatcher","args":[{"type":"Invocation","value":{"target":{"type":"Class","value":"androidx.test.espresso.Espresso"},"method":"onView","args":[{"type":"Invocation","value":{"target":{"type":"Class","value":"com.wix.detox.espresso.DetoxMatcher"},"method":"matcherForTestId","args":["btn-iniciar-treino",{"type":"boolean","value":false}]}}]}},{"type":"Invocation","value":{"target":{"type":"Class","value":"com.wix.detox.espresso.DetoxMatcher"},"method":"matcherForSufficientlyVisible","args":[{"type":"Integer","value":75}]}},{"type":"Double","value":5}]})
04-06 17:34:46.980 28860 28895 I DetoxDispatcher: Handling action 'invoke' (ID #50)...
04-06 17:34:46.980 28860 28895 D Detox   : class com.wix.detox.espresso.DetoxMatcher, matcherForTestId, [btn-iniciar-treino, false]
04-06 17:34:46.981 28860 28895 D Detox   : class androidx.test.espresso.Espresso, onView, [(view.getTag() is "btn-iniciar-treino" and view has effective visibility <VISIBLE>)]
04-06 17:34:46.982 28860 28895 D Detox   : class com.wix.detox.espresso.DetoxMatcher, matcherForSufficientlyVisible, [75]
04-06 17:34:46.982 28860 28895 D Detox   : class com.wix.detox.espresso.DetoxAssertion, waitForAssertMatcher, [androidx.test.espresso.ViewInteraction@d59266e, (view has effective visibility <VISIBLE> and view.getGlobalVisibleRect() covers at least <75> percent of the view's area), 5.0]
04-06 17:34:46.987 28860 28860 I ViewInteraction: Checking 'MatchesViewAssertion(Detox){viewMatcher=(view has effective visibility <VISIBLE> and view.getGlobalVisibleRect() covers at least <75> percent of the view's area)}' assertion on view (view.getTag() is "btn-iniciar-treino" and view has effective visibility <VISIBLE>)
04-06 17:34:46.989 28860 28895 I DetoxWSClient: Sending out action 'invokeResult' (ID #50)
04-06 17:34:46.991 28860 28895 I DetoxDispatcher: Done with action 'invoke'
04-06 17:34:46.994 28860 28899 D DetoxWSClient: Received action 'invoke' (ID #51, params={"target":{"type":"Class","value":"com.wix.detox.espresso.EspressoDetox"},"method":"perform","args":[{"type":"Invocation","value":{"target":{"type":"Class","value":"com.wix.detox.espresso.DetoxMatcher"},"method":"matcherForTestId","args":["btn-iniciar-treino",{"type":"boolean","value":false}]}},{"type":"Invocation","value":{"target":{"type":"Class","value":"com.wix.detox.espresso.DetoxViewActions"},"method":"click","args":[]}}]})
04-06 17:34:46.995 28860 28895 I DetoxDispatcher: Handling action 'invoke' (ID #51)...
04-06 17:34:46.995 28860 28895 D Detox   : class com.wix.detox.espresso.DetoxMatcher, matcherForTestId, [btn-iniciar-treino, false]
04-06 17:34:46.996 28860 28895 D Detox   : class com.wix.detox.espresso.DetoxViewActions, click, []
04-06 17:34:46.996 28860 28895 D Detox   : class com.wix.detox.espresso.EspressoDetox, perform, [(view.getTag() is "btn-iniciar-treino" and view has effective visibility <VISIBLE>), com.wix.detox.espresso.action.RNClickAction@c27059c]
04-06 17:34:47.000 28860 28860 I ViewInteraction: Performing 'com.wix.detox.espresso.action.detoxsingletap@2fb1ba5 click' action on view (view.getTag() is "btn-iniciar-treino" and view has effective visibility <VISIBLE>)
04-06 17:34:47.007 28860 28860 I ViewRootImpl@73623ee[MainActivity]: ViewPostIme pointer 0
04-06 17:34:47.040 28860 28860 I ViewRootImpl@73623ee[MainActivity]: ViewPostIme pointer 1
04-06 17:34:47.169 28860 28860 W [RNScreens]: backTitleFontFamily prop is not available on Android
04-06 17:34:47.169 28860 28860 W [RNScreens]: disableBackButtonMenu prop is not available on Android
04-06 17:34:47.169 28860 28860 W [RNScreens]: backTitleVisible prop is not available on Android
04-06 17:34:47.169 28860 28860 W [RNScreens]: topInsetEnabled prop is not available on Android
04-06 17:34:47.169 28860 28860 W [RNScreens]: largeTitleHideShadow prop is not available on Android
04-06 17:34:47.169 28860 28860 W [RNScreens]: largeTitleFontWeight prop is not available on Android
04-06 17:34:47.169 28860 28860 W [RNScreens]: userInterfaceStyle prop is not available on Android
04-06 17:34:47.169 28860 28860 W [RNScreens]: largeTitleFontFamily prop is not available on Android
04-06 17:34:47.178 28860 28959 I ReactNativeJS: 'match:', 'local-cache'
04-06 17:34:47.179 28860 28959 I ReactNativeJS: 'recommendation:', 'push', '| confidence:', 'alta'
04-06 17:34:47.219 28860 28959 I ReactNativeJS: 'match:', 'local-cache'
04-06 17:34:47.219 28860 28959 I ReactNativeJS: 'recommendation:', 'push', '| confidence:', 'alta'
04-06 17:34:47.991 28860 28869 I om.evolucao.app: Background concurrent copying GC freed 252271(8458KB) AllocSpace objects, 3(148KB) LOS objects, 49% free, 16MB/32MB, paused 83us,84us total 102.043ms
04-06 17:34:48.385 28860 28860 W om.evolucao.app: Accessing hidden field Landroid/widget/HorizontalScrollView;->mScroller:Landroid/widget/OverScroller; (unsupported, reflection, allowed)
04-06 17:34:48.406 28860 28860 D ScrollView: initGoToTop
04-06 17:34:49.577 28860 28895 I DetoxWSClient: Sending out action 'invokeResult' (ID #51)
04-06 17:34:49.578 28860 28895 I DetoxDispatcher: Done with action 'invoke'
04-06 17:34:49.893 28860 28899 D DetoxWSClient: Received action 'invoke' (ID #52, params={"target":{"type":"Class","value":"com.wix.detox.espresso.DetoxAssertion"},"method":"waitForAssertMatcher","args":[{"type":"Invocation","value":{"target":{"type":"Class","value":"androidx.test.espresso.Espresso"},"method":"onView","args":[{"type":"Invocation","value":{"target":{"type":"Class","value":"com.wix.detox.espresso.DetoxMatcher"},"method":"matcherForTestId","args":["screen-workout",{"type":"boolean","value":false}]}}]}},{"type":"Invocation","value":{"target":{"type":"Class","value":"com.wix.detox.espresso.DetoxMatcher"},"method":"matcherForSufficientlyVisible","args":[{"type":"Integer","value":75}]}},{"type":"Double","value":5}]})
04-06 17:34:49.896 28860 28895 I DetoxDispatcher: Handling action 'invoke' (ID #52)...
04-06 17:34:49.898 28860 28895 D Detox   : class com.wix.detox.espresso.DetoxMatcher, matcherForTestId, [screen-workout, false]
04-06 17:34:49.900 28860 28895 D Detox   : class androidx.test.espresso.Espresso, onView, [(view.getTag() is "screen-workout" and view has effective visibility <VISIBLE>)]
04-06 17:34:49.902 28860 28895 D Detox   : class com.wix.detox.espresso.DetoxMatcher, matcherForSufficientlyVisible, [75]
04-06 17:34:49.904 28860 28895 D Detox   : class com.wix.detox.espresso.DetoxAssertion, waitForAssertMatcher, [androidx.test.espresso.ViewInteraction@4d8c892, (view has effective visibility <VISIBLE> and view.getGlobalVisibleRect() covers at least <75> percent of the view's area), 5.0]
04-06 17:34:49.920 28860 28860 I ViewInteraction: Checking 'MatchesViewAssertion(Detox){viewMatcher=(view has effective visibility <VISIBLE> and view.getGlobalVisibleRect() covers at least <75> percent of the view's area)}' assertion on view (view.getTag() is "screen-workout" and view has effective visibility <VISIBLE>)
04-06 17:34:49.928 28860 28895 I DetoxWSClient: Sending out action 'invokeResult' (ID #52)
04-06 17:34:49.928 28860 28895 I DetoxDispatcher: Done with action 'invoke'
04-06 17:34:50.671 28860 28899 D DetoxWSClient: Received action 'invoke' (ID #53, params={"target":{"type":"Class","value":"com.wix.detox.espresso.DetoxAssertion"},"method":"waitForAssertMatcher","args":[{"type":"Invocation","value":{"target":{"type":"Class","value":"androidx.test.espresso.Espresso"},"method":"onView","args":[{"type":"Invocation","value":{"target":{"type":"Class","value":"com.wix.detox.espresso.DetoxMatcher"},"method":"matcherForTestId","args":["app-root",{"type":"boolean","value":false}]}}]}},{"type":"Invocation","value":{"target":{"type":"Class","value":"com.wix.detox.espresso.DetoxMatcher"},"method":"matcherForSufficientlyVisible","args":[{"type":"Integer","value":75}]}},{"type":"Double","value":5}]})
04-06 17:34:50.671 28860 28895 I DetoxDispatcher: Handling action 'invoke' (ID #53)...
04-06 17:34:50.672 28860 28895 D Detox   : class com.wix.detox.espresso.DetoxMatcher, matcherForTestId, [app-root, false]
04-06 17:34:50.673 28860 28895 D Detox   : class androidx.test.espresso.Espresso, onView, [(view.getTag() is "app-root" and view has effective visibility <VISIBLE>)]
04-06 17:34:50.674 28860 28895 D Detox   : class com.wix.detox.espresso.DetoxMatcher, matcherForSufficientlyVisible, [75]
04-06 17:34:50.675 28860 28895 D Detox   : class com.wix.detox.espresso.DetoxAssertion, waitForAssertMatcher, [androidx.test.espresso.ViewInteraction@9d22e60, (view has effective visibility <VISIBLE> and view.getGlobalVisibleRect() covers at least <75> percent of the view's area), 5.0]
04-06 17:34:50.684 28860 28860 I ViewInteraction: Checking 'MatchesViewAssertion(Detox){viewMatcher=(view has effective visibility <VISIBLE> and view.getGlobalVisibleRect() covers at least <75> percent of the view's area)}' assertion on view (view.getTag() is "app-root" and view has effective visibility <VISIBLE>)
04-06 17:34:50.688 28860 28895 I DetoxWSClient: Sending out action 'invokeResult' (ID #53)
04-06 17:34:50.688 28860 28895 I DetoxDispatcher: Done with action 'invoke'
04-06 17:34:50.694 28860 28899 D DetoxWSClient: Received action 'invoke' (ID #54, params={"target":{"type":"Class","value":"com.wix.detox.espresso.DetoxAssertion"},"method":"assertMatcher","args":[{"type":"Invocation","value":{"target":{"type":"Class","value":"androidx.test.espresso.Espresso"},"method":"onView","args":[{"type":"Invocation","value":{"target":{"type":"Class","value":"com.wix.detox.espresso.DetoxMatcher"},"method":"matcherForTestId","args":["app-root",{"type":"boolean","value":false}]}}]}},{"type":"Invocation","value":{"target":{"type":"Class","value":"com.wix.detox.espresso.DetoxMatcher"},"method":"matcherForSufficientlyVisible","args":[{"type":"Integer","value":75}]}}]})
04-06 17:34:50.694 28860 28895 I DetoxDispatcher: Handling action 'invoke' (ID #54)...
04-06 17:34:50.695 28860 28895 D Detox   : class com.wix.detox.espresso.DetoxMatcher, matcherForTestId, [app-root, false]
04-06 17:34:50.696 28860 28895 D Detox   : class androidx.test.espresso.Espresso, onView, [(view.getTag() is "app-root" and view has effective visibility <VISIBLE>)]
04-06 17:34:50.697 28860 28895 D Detox   : class com.wix.detox.espresso.DetoxMatcher, matcherForSufficientlyVisible, [75]
04-06 17:34:50.697 28860 28895 D Detox   : class com.wix.detox.espresso.DetoxAssertion, assertMatcher, [androidx.test.espresso.ViewInteraction@6df2f19, (view has effective visibility <VISIBLE> and view.getGlobalVisibleRect() covers at least <75> percent of the view's area)]
04-06 17:34:50.703 28860 28860 I ViewInteraction: Checking 'MatchesViewAssertion(Detox){viewMatcher=(view has effective visibility <VISIBLE> and view.getGlobalVisibleRect() covers at least <75> percent of the view's area)}' assertion on view (view.getTag() is "app-root" and view has effective visibility <VISIBLE>)
04-06 17:34:50.707 28860 28895 I DetoxWSClient: Sending out action 'invokeResult' (ID #54)
04-06 17:34:50.708 28860 28895 I DetoxDispatcher: Done with action 'invoke'
04-06 17:34:50.712 28860 28899 D DetoxWSClient: Received action 'invoke' (ID #55, params={"target":{"type":"Class","value":"com.wix.detox.espresso.DetoxAssertion"},"method":"waitForAssertMatcher","args":[{"type":"Invocation","value":{"target":{"type":"Class","value":"androidx.test.espresso.Espresso"},"method":"onView","args":[{"type":"Invocation","value":{"target":{"type":"Class","value":"com.wix.detox.espresso.DetoxMatcher"},"method":"matcherForTestId","args":["input-peso",{"type":"boolean","value":false}]}}]}},{"type":"Invocation","value":{"target":{"type":"Class","value":"com.wix.detox.espresso.DetoxMatcher"},"method":"matcherForSufficientlyVisible","args":[{"type":"Integer","value":75}]}},{"type":"Double","value":5}]})
04-06 17:34:50.712 28860 28895 I DetoxDispatcher: Handling action 'invoke' (ID #55)...
04-06 17:34:50.713 28860 28895 D Detox   : class com.wix.detox.espresso.DetoxMatcher, matcherForTestId, [input-peso, false]
04-06 17:34:50.714 28860 28895 D Detox   : class androidx.test.espresso.Espresso, onView, [(view.getTag() is "input-peso" and view has effective visibility <VISIBLE>)]
04-06 17:34:50.715 28860 28895 D Detox   : class com.wix.detox.espresso.DetoxMatcher, matcherForSufficientlyVisible, [75]
04-06 17:34:50.716 28860 28895 D Detox   : class com.wix.detox.espresso.DetoxAssertion, waitForAssertMatcher, [androidx.test.espresso.ViewInteraction@3b6dbde, (view has effective visibility <VISIBLE> and view.getGlobalVisibleRect() covers at least <75> percent of the view's area), 5.0]
04-06 17:34:50.722 28860 28860 I ViewInteraction: Checking 'MatchesViewAssertion(Detox){viewMatcher=(view has effective visibility <VISIBLE> and view.getGlobalVisibleRect() covers at least <75> percent of the view's area)}' assertion on view (view.getTag() is "input-peso" and view has effective visibility <VISIBLE>)
04-06 17:34:50.748 28860 28895 I DetoxWSClient: Sending out action 'invokeResult' (ID #55)
04-06 17:34:50.749 28860 28895 I DetoxDispatcher: Done with action 'invoke'
04-06 17:34:50.755 28860 28899 D DetoxWSClient: Received action 'invoke' (ID #56, params={"target":{"type":"Class","value":"com.wix.detox.espresso.DetoxAssertion"},"method":"waitForAssertMatcher","args":[{"type":"Invocation","value":{"target":{"type":"Class","value":"androidx.test.espresso.Espresso"},"method":"onView","args":[{"type":"Invocation","value":{"target":{"type":"Class","value":"com.wix.detox.espresso.DetoxMatcher"},"method":"matcherForTestId","args":["input-reps",{"type":"boolean","value":false}]}}]}},{"type":"Invocation","value":{"target":{"type":"Class","value":"com.wix.detox.espresso.DetoxMatcher"},"method":"matcherForSufficientlyVisible","args":[{"type":"Integer","value":75}]}},{"type":"Double","value":5}]})
04-06 17:34:50.757 28860 28895 I DetoxDispatcher: Handling action 'invoke' (ID #56)...
04-06 17:34:50.757 28860 28895 D Detox   : class com.wix.detox.espresso.DetoxMatcher, matcherForTestId, [input-reps, false]
04-06 17:34:50.758 28860 28895 D Detox   : class androidx.test.espresso.Espresso, onView, [(view.getTag() is "input-reps" and view has effective visibility <VISIBLE>)]
04-06 17:34:50.758 28860 28895 D Detox   : class com.wix.detox.espresso.DetoxMatcher, matcherForSufficientlyVisible, [75]
04-06 17:34:50.759 28860 28895 D Detox   : class com.wix.detox.espresso.DetoxAssertion, waitForAssertMatcher, [androidx.test.espresso.ViewInteraction@e4b7c78, (view has effective visibility <VISIBLE> and view.getGlobalVisibleRect() covers at least <75> percent of the view's area), 5.0]
04-06 17:34:50.764 28860 28860 I ViewInteraction: Checking 'MatchesViewAssertion(Detox){viewMatcher=(view has effective visibility <VISIBLE> and view.getGlobalVisibleRect() covers at least <75> percent of the view's area)}' assertion on view (view.getTag() is "input-reps" and view has effective visibility <VISIBLE>)
04-06 17:34:50.780 28860 28895 I DetoxWSClient: Sending out action 'invokeResult' (ID #56)
04-06 17:34:50.781 28860 28895 I DetoxDispatcher: Done with action 'invoke'
04-06 17:34:50.785 28860 28899 D DetoxWSClient: Received action 'invoke' (ID #57, params={"target":{"type":"Class","value":"com.wix.detox.espresso.DetoxAssertion"},"method":"waitForAssertMatcher","args":[{"type":"Invocation","value":{"target":{"type":"Class","value":"androidx.test.espresso.Espresso"},"method":"onView","args":[{"type":"Invocation","value":{"target":{"type":"Class","value":"com.wix.detox.espresso.DetoxMatcher"},"method":"matcherForTestId","args":["input-peso",{"type":"boolean","value":false}]}}]}},{"type":"Invocation","value":{"target":{"type":"Class","value":"com.wix.detox.espresso.DetoxMatcher"},"method":"matcherForSufficientlyVisible","args":[{"type":"Integer","value":75}]}},{"type":"Double","value":5}]})
04-06 17:34:50.786 28860 28895 I DetoxDispatcher: Handling action 'invoke' (ID #57)...
04-06 17:34:50.786 28860 28895 D Detox   : class com.wix.detox.espresso.DetoxMatcher, matcherForTestId, [input-peso, false]
04-06 17:34:50.786 28860 28895 D Detox   : class androidx.test.espresso.Espresso, onView, [(view.getTag() is "input-peso" and view has effective visibility <VISIBLE>)]
04-06 17:34:50.787 28860 28895 D Detox   : class com.wix.detox.espresso.DetoxMatcher, matcherForSufficientlyVisible, [75]
04-06 17:34:50.787 28860 28895 D Detox   : class com.wix.detox.espresso.DetoxAssertion, waitForAssertMatcher, [androidx.test.espresso.ViewInteraction@da253b6, (view has effective visibility <VISIBLE> and view.getGlobalVisibleRect() covers at least <75> percent of the view's area), 5.0]
04-06 17:34:50.790 28860 28860 I ViewInteraction: Checking 'MatchesViewAssertion(Detox){viewMatcher=(view has effective visibility <VISIBLE> and view.getGlobalVisibleRect() covers at least <75> percent of the view's area)}' assertion on view (view.getTag() is "input-peso" and view has effective visibility <VISIBLE>)
04-06 17:34:50.802 28860 28895 I DetoxWSClient: Sending out action 'invokeResult' (ID #57)
04-06 17:34:50.802 28860 28895 I DetoxDispatcher: Done with action 'invoke'
04-06 17:34:50.805 28860 28899 D DetoxWSClient: Received action 'invoke' (ID #58, params={"target":{"type":"Class","value":"com.wix.detox.espresso.EspressoDetox"},"method":"perform","args":[{"type":"Invocation","value":{"target":{"type":"Class","value":"com.wix.detox.espresso.DetoxMatcher"},"method":"matcherForTestId","args":["input-peso",{"type":"boolean","value":false}]}},{"type":"Invocation","value":{"target":{"type":"Class","value":"com.wix.detox.espresso.DetoxViewActions"},"method":"click","args":[]}}]})
04-06 17:34:50.805 28860 28895 I DetoxDispatcher: Handling action 'invoke' (ID #58)...
04-06 17:34:50.805 28860 28895 D Detox   : class com.wix.detox.espresso.DetoxMatcher, matcherForTestId, [input-peso, false]
04-06 17:34:50.806 28860 28895 D Detox   : class com.wix.detox.espresso.DetoxViewActions, click, []
04-06 17:34:50.806 28860 28895 D Detox   : class com.wix.detox.espresso.EspressoDetox, perform, [(view.getTag() is "input-peso" and view has effective visibility <VISIBLE>), com.wix.detox.espresso.action.RNClickAction@86348b7]
04-06 17:34:50.809 28860 28860 I ViewInteraction: Performing 'com.wix.detox.espresso.action.detoxsingletap@6f7e824 click' action on view (view.getTag() is "input-peso" and view has effective visibility <VISIBLE>)
04-06 17:34:50.821 28860 28860 I ViewRootImpl@73623ee[MainActivity]: ViewPostIme pointer 0
04-06 17:34:50.852 28860 28860 I ViewRootImpl@73623ee[MainActivity]: ViewPostIme pointer 1
04-06 17:34:50.874 28860 28860 D InputMethodManager: startInputInner - Id : 0
04-06 17:34:50.874 28860 28860 I InputMethodManager: startInputInner - mService.startInputOrWindowGainedFocus
04-06 17:34:50.878 28860 28860 I IMM_LC  : showSoftInput(View,I)
04-06 17:34:50.878 28860 28860 I IMM_LC  : ssi() - flag : 0 view : com.evolucao.app reason = SHOW_SOFT_INPUT
04-06 17:34:50.899 28860 28922 D NativeCustomFrequencyManager: [NativeCFMS] BpCustomFrequencyManager::BpCustomFrequencyManager()
04-06 17:34:50.904 28860 28860 D InsetsController: onStateChanged: InsetsState: {mDisplayFrame=Rect(0, 0 - 1080, 2400), mDisplayCutout=DisplayCutout{insets=Rect(0, 88 - 0, 0) waterfall=Insets{left=0, top=0, right=0, bottom=0} boundingRect={Bounds=[Rect(0, 0 - 0, 0), Rect(512, 0 - 568, 88), Rect(0, 0 - 0, 0), Rect(0, 0 - 0, 0)]} cutoutPathParserInfo={CutoutPathParserInfo{displayWidth=1080 displayHeight=2400 physicalDisplayWidth=1080 physicalDisplayHeight=2400 density={3.0} cutoutSpec={M 0,0 M 0,10.71963616907435 a 9.280363830925644,9.280363830925644 0 1,0 0,18.56072766185129 a 9.280363830925644,9.280363830925644 0 1,0 0,-18.56072766185129 Z @dp} rotation={0} scale={1.0} physicalPixelDisplaySizeRatio={1.0}}}}, mRoundedCorners=RoundedCorners{[RoundedCorner{position=TopLeft, radius=96, center=Point(96, 96)}, RoundedCorner{position=TopRight, radius=96, center=Point(984, 96)}, RoundedCorner{position=BottomRight, radius=96, center=Point(984, 2304)}, RoundedCorner{position=BottomLeft, radius=96, center=Point(96, 2304)}]}  mRoundedCornerFrame=Rect(0, 0 - 1080, 2400), mPrivacyIndicatorBounds=PrivacyIndicatorBounds {static bounds=Rect(948, 0 - 1080, 88) rotation=0}, mSources= { InsetsSource: {mType=ITYPE_STATUS_BAR, mFrame=[0,0][1080,88], mVisible=true, mInsetsRoundedCornerFrame=false}, InsetsSource: {mType=ITYPE_NAVIGATION_BAR, mFrame=[0,2256][1080,2400], mVisible=true, mInsetsRoundedCornerFrame=false}, InsetsSource: {mType=ITYPE_LEFT_GESTURES, mFrame=[0,0][0,2400], mVisible=true, mInsetsRoundedCornerFrame=false}, InsetsSource: {mType=ITYPE_RIGHT_GESTURES, mFrame=[1080,0][1080,2400], mVisible=true, mInsetsRoundedCornerFrame=false}, InsetsSource: {mType=ITYPE_TOP_MANDATORY_GESTURES, mFrame=[0,0][1080,124], mVisible=true, mInsetsRoundedCornerFrame=false}, InsetsSource: {mType=ITYPE_BOTTOM_MANDATORY_GESTURES, mFrame=[0,2256][1080,2400], mVisible=true, mInsetsRoundedCornerFrame=false}, InsetsSource: {mType=ITYPE_LEFT_DISPLAY_CUTOUT, mFrame=[0,0][-100000,2400], mVisible=true, mInsetsRoundedCornerFrame=false}, InsetsSource: {mType=ITYPE_TOP_DISPLAY_CUTOUT, mFrame=[0,0][1080,88], mVisible=true, mInsetsRoundedCornerFrame=false}, InsetsSource: {mType=ITYPE_RIGHT_DISPLAY_CUTOUT, mFrame=[100000,0][1080,2400], mVisible=true, mInsetsRoundedCornerFrame=false}, InsetsSource: {mType=ITYPE_BOTTOM_DISPLAY_CUTOUT, mFrame=[0,100000][1080,2400], mVisible=true, mInsetsRoundedCornerFrame=false}, InsetsSource: {mType=ITYPE_TOP_TAPPABLE_ELEMENT, mFrame=[0,0][1080,88], mVisible=true, mInsetsRoundedCornerFrame=false}, InsetsSource: {mType=ITYPE_BOTTOM_TAPPABLE_ELEMENT, mFrame=[0,2256][1080,2400], mVisible=true, mInsetsRoundedCornerFrame=false} } host=PopupWindow:6c4ffcb from=android.view.ViewRootImpl.setView:1732
04-06 17:34:50.908 28860 28860 I ViewRootImpl@9d2f3a8[PopupWindow:6c4ffcb]: setView = android.widget.PopupWindow$PopupDecorView@a37a254 TM=false
04-06 17:34:50.911 28860 28922 D NativeCustomFrequencyManager: [NativeCFMS] BpCustomFrequencyManager::BpCustomFrequencyManager()
04-06 17:34:50.914 28860 28860 D InsetsController: onStateChanged: InsetsState: {mDisplayFrame=Rect(0, 0 - 1080, 2400), mDisplayCutout=DisplayCutout{insets=Rect(0, 88 - 0, 0) waterfall=Insets{left=0, top=0, right=0, bottom=0} boundingRect={Bounds=[Rect(0, 0 - 0, 0), Rect(512, 0 - 568, 88), Rect(0, 0 - 0, 0), Rect(0, 0 - 0, 0)]} cutoutPathParserInfo={CutoutPathParserInfo{displayWidth=1080 displayHeight=2400 physicalDisplayWidth=1080 physicalDisplayHeight=2400 density={3.0} cutoutSpec={M 0,0 M 0,10.71963616907435 a 9.280363830925644,9.280363830925644 0 1,0 0,18.56072766185129 a 9.280363830925644,9.280363830925644 0 1,0 0,-18.56072766185129 Z @dp} rotation={0} scale={1.0} physicalPixelDisplaySizeRatio={1.0}}}}, mRoundedCorners=RoundedCorners{[RoundedCorner{position=TopLeft, radius=96, center=Point(96, 96)}, RoundedCorner{position=TopRight, radius=96, center=Point(984, 96)}, RoundedCorner{position=BottomRight, radius=96, center=Point(984, 2304)}, RoundedCorner{position=BottomLeft, radius=96, center=Point(96, 2304)}]}  mRoundedCornerFrame=Rect(0, 0 - 1080, 2400), mPrivacyIndicatorBounds=PrivacyIndicatorBounds {static bounds=Rect(948, 0 - 1080, 88) rotation=0}, mSources= { InsetsSource: {mType=ITYPE_STATUS_BAR, mFrame=[0,0][1080,88], mVisible=true, mInsetsRoundedCornerFrame=false}, InsetsSource: {mType=ITYPE_NAVIGATION_BAR, mFrame=[0,2256][1080,2400], mVisible=true, mInsetsRoundedCornerFrame=false}, InsetsSource: {mType=ITYPE_LEFT_GESTURES, mFrame=[0,0][0,2400], mVisible=true, mInsetsRoundedCornerFrame=false}, InsetsSource: {mType=ITYPE_RIGHT_GESTURES, mFrame=[1080,0][1080,2400], mVisible=true, mInsetsRoundedCornerFrame=false}, InsetsSource: {mType=ITYPE_TOP_MANDATORY_GESTURES, mFrame=[0,0][1080,124], mVisible=true, mInsetsRoundedCornerFrame=false}, InsetsSource: {mType=ITYPE_BOTTOM_MANDATORY_GESTURES, mFrame=[0,2256][1080,2400], mVisible=true, mInsetsRoundedCornerFrame=false}, InsetsSource: {mType=ITYPE_LEFT_DISPLAY_CUTOUT, mFrame=[0,0][-100000,2400], mVisible=true, mInsetsRoundedCornerFrame=false}, InsetsSource: {mType=ITYPE_TOP_DISPLAY_CUTOUT, mFrame=[0,0][1080,88], mVisible=true, mInsetsRoundedCornerFrame=false}, InsetsSource: {mType=ITYPE_RIGHT_DISPLAY_CUTOUT, mFrame=[100000,0][1080,2400], mVisible=true, mInsetsRoundedCornerFrame=false}, InsetsSource: {mType=ITYPE_BOTTOM_DISPLAY_CUTOUT, mFrame=[0,100000][1080,2400], mVisible=true, mInsetsRoundedCornerFrame=false}, InsetsSource: {mType=ITYPE_TOP_TAPPABLE_ELEMENT, mFrame=[0,0][1080,88], mVisible=true, mInsetsRoundedCornerFrame=false}, InsetsSource: {mType=ITYPE_BOTTOM_TAPPABLE_ELEMENT, mFrame=[0,2256][1080,2400], mVisible=true, mInsetsRoundedCornerFrame=false} } host=PopupWindow:d7c32f2 from=android.view.ViewRootImpl.setView:1732
04-06 17:34:50.916 28860 28860 I ViewRootImpl@e939d43[PopupWindow:d7c32f2]: setView = android.widget.PopupWindow$PopupDecorView@2c8ca9f TM=false
04-06 17:34:50.926 28860 28860 I IMM_LC  : showSoftInput(View,I)
04-06 17:34:50.926 28860 28860 I IMM_LC  : ssi() - flag : 0 view : com.evolucao.app reason = SHOW_SOFT_INPUT
04-06 17:34:50.928 28860 28860 I ViewRootImpl@9d2f3a8[PopupWindow:6c4ffcb]: performTraversals params={(231,1866)(90x108) gr=TOP START CENTER sim={state=unchanged adjust=pan} ty=APPLICATION_SUB_PANEL fmt=TRANSLUCENT wanim=0x1030313 surfaceInsets=Rect(0, 0 - 0, 0) (manual)
04-06 17:34:50.928 28860 28860 I ViewRootImpl@9d2f3a8[PopupWindow:6c4ffcb]:   fl=41800208
04-06 17:34:50.928 28860 28860 I ViewRootImpl@9d2f3a8[PopupWindow:6c4ffcb]:   pfl=2018000
04-06 17:34:50.928 28860 28860 I ViewRootImpl@9d2f3a8[PopupWindow:6c4ffcb]:   bhv=DEFAULT
04-06 17:34:50.928 28860 28860 I ViewRootImpl@9d2f3a8[PopupWindow:6c4ffcb]:   fitTypes=STATUS_BARS NAVIGATION_BARS CAPTION_BAR naviIconColor=0
04-06 17:34:50.928 28860 28860 I ViewRootImpl@9d2f3a8[PopupWindow:6c4ffcb]:   sfl=20000}
04-06 17:34:50.929 28860 28860 I ViewRootImpl@9d2f3a8[PopupWindow:6c4ffcb]: performTraversals mFirst=true windowShouldResize=true viewVisibilityChanged=false mForceNextWindowRelayout=false params={(231,1866)(90x108) gr=TOP START CENTER sim={state=unchanged adjust=pan} ty=APPLICATION_SUB_PANEL fmt=TRANSLUCENT wanim=0x1030313 surfaceInsets=Rect(0, 0 - 0, 0) (manual)
04-06 17:34:50.929 28860 28860 I ViewRootImpl@9d2f3a8[PopupWindow:6c4ffcb]:   fl=41800208
04-06 17:34:50.929 28860 28860 I ViewRootImpl@9d2f3a8[PopupWindow:6c4ffcb]:   pfl=42018000
04-06 17:34:50.929 28860 28860 I ViewRootImpl@9d2f3a8[PopupWindow:6c4ffcb]:   bhv=DEFAULT
04-06 17:34:50.929 28860 28860 I ViewRootImpl@9d2f3a8[PopupWindow:6c4ffcb]:   fitTypes=STATUS_BARS NAVIGATION_BARS CAPTION_BAR naviIconColor=0
04-06 17:34:50.929 28860 28860 I ViewRootImpl@9d2f3a8[PopupWindow:6c4ffcb]:   sfl=20000}
04-06 17:34:50.933 28860 28875 I ViewRootImpl@9d2f3a8[PopupWindow:6c4ffcb]: Resizing android.view.ViewRootImpl@e1de5fd: frame = [231,1866][321,1974] reportDraw = true forceLayout = false syncSeqId = 0
04-06 17:34:50.934 28860 28860 I ViewRootImpl@9d2f3a8[PopupWindow:6c4ffcb]: updateBlastSurfaceIfNeeded mBlastBufferQueue=null isSameSurfaceControl=false
04-06 17:34:50.935 28860 28860 I BLASTBufferQueue: new BLASTBufferQueue, mName= ViewRootImpl@9d2f3a8[PopupWindow:6c4ffcb] mNativeObject= 0xb4000070b1099380 sc.mNativeObject= 0xb4000069f0845b60 caller= android.view.ViewRootImpl.updateBlastSurfaceIfNeeded:2909 android.view.ViewRootImpl.relayoutWindow:9847 android.view.ViewRootImpl.performTraversals:3884 android.view.ViewRootImpl.doTraversal:3116 android.view.ViewRootImpl$TraversalRunnable.run:10885 android.view.Choreographer$CallbackRecord.run:1301 android.view.Choreographer$CallbackRecord.run:1309 android.view.Choreographer.doCallbacks:923 android.view.Choreographer.doFrame:852 android.view.Choreographer$FrameDisplayEventReceiver.run:1283 
04-06 17:34:50.935 28860 28860 I BLASTBufferQueue: update, w= 90 h= 108 mName = ViewRootImpl@9d2f3a8[PopupWindow:6c4ffcb] mNativeObject= 0xb4000070b1099380 sc.mNativeObject= 0xb4000069f0845b60 format= -3 caller= android.graphics.BLASTBufferQueue.<init>:84 android.view.ViewRootImpl.updateBlastSurfaceIfNeeded:2909 android.view.ViewRootImpl.relayoutWindow:9847 android.view.ViewRootImpl.performTraversals:3884 android.view.ViewRootImpl.doTraversal:3116 android.view.ViewRootImpl$TraversalRunnable.run:10885 
04-06 17:34:50.935 28860 28860 I ViewRootImpl@9d2f3a8[PopupWindow:6c4ffcb]: Relayout returned: old=(231,1866,321,1974) new=(231,1866,321,1974) req=(90,108)0 dur=5 res=0x3 s={true 0xb400007044197800} ch=true seqId=0
04-06 17:34:50.936 28860 28860 I ViewRootImpl@9d2f3a8[PopupWindow:6c4ffcb]: mThreadedRenderer.initialize() mSurface={isValid=true 0xb400007044197800} hwInitialized=true
04-06 17:34:50.936 28860 28922 D OpenGLRenderer: eglCreateWindowSurface
04-06 17:34:50.937 28860 28860 I ViewRootImpl@9d2f3a8[PopupWindow:6c4ffcb]: reportNextDraw android.view.ViewRootImpl.performTraversals:4438 android.view.ViewRootImpl.doTraversal:3116 android.view.ViewRootImpl$TraversalRunnable.run:10885 android.view.Choreographer$CallbackRecord.run:1301 android.view.Choreographer$CallbackRecord.run:1309 
04-06 17:34:50.938 28860 28860 I ViewRootImpl@9d2f3a8[PopupWindow:6c4ffcb]: Setup new sync id=0
04-06 17:34:50.938 28860 28860 I ViewRootImpl@9d2f3a8[PopupWindow:6c4ffcb]: Setting syncFrameCallback
04-06 17:34:50.938 28860 28860 I ViewRootImpl@9d2f3a8[PopupWindow:6c4ffcb]: registerCallbacksForSync syncBuffer=false
04-06 17:34:50.946 28860 28947 I ViewRootImpl@9d2f3a8[PopupWindow:6c4ffcb]: Received frameDrawingCallback syncResult=0 frameNum=1.
04-06 17:34:50.946 28860 28947 I ViewRootImpl@9d2f3a8[PopupWindow:6c4ffcb]: Setting up sync and frameCommitCallback
04-06 17:34:50.948 28860 28922 I BLASTBufferQueue: [ViewRootImpl@9d2f3a8[PopupWindow:6c4ffcb]#2](f:0,a:0) onFrameAvailable the first frame is available
04-06 17:34:50.949 28860 28922 I ViewRootImpl@9d2f3a8[PopupWindow:6c4ffcb]: Received frameCommittedCallback lastAttemptedDrawFrameNum=1 didProduceBuffer=true
04-06 17:34:50.949 28860 28922 D OpenGLRenderer: CFMS:: SetUp Pid : 28860    Tid : 28922
04-06 17:34:50.950 28860 28922 W Parcel  : Expecting binder but got null!
04-06 17:34:50.950 28860 28860 I ViewRootImpl@9d2f3a8[PopupWindow:6c4ffcb]: onSyncComplete
04-06 17:34:50.950 28860 28860 I ViewRootImpl@9d2f3a8[PopupWindow:6c4ffcb]: setupSync seqId=0 mSyncId=0 fn=1 caller=android.view.ViewRootImpl$$ExternalSyntheticLambda11.accept:6 android.window.SurfaceSyncer.lambda$setupSync$1$android-window-SurfaceSyncer:128 android.window.SurfaceSyncer$$ExternalSyntheticLambda1.accept:8 android.window.SurfaceSyncer$SyncSet.checkIfSyncIsComplete:382 android.window.SurfaceSyncer$SyncSet.markSyncReady:359 android.window.SurfaceSyncer.markSyncReady:151 android.view.ViewRootImpl.performTraversals:4503 
04-06 17:34:50.952 28860 28860 I ViewRootImpl@e939d43[PopupWindow:d7c32f2]: performTraversals params={(231,1772)(90x94) gr=TOP START CENTER sim={state=unchanged adjust=pan} ty=APPLICATION_SUB_PANEL fmt=TRANSLUCENT wanim=0x1030313 surfaceInsets=Rect(0, 0 - 0, 0) (manual)
04-06 17:34:50.952 28860 28860 I ViewRootImpl@e939d43[PopupWindow:d7c32f2]:   fl=41800218
04-06 17:34:50.952 28860 28860 I ViewRootImpl@e939d43[PopupWindow:d7c32f2]:   pfl=2018000
04-06 17:34:50.952 28860 28860 I ViewRootImpl@e939d43[PopupWindow:d7c32f2]:   bhv=DEFAULT
04-06 17:34:50.952 28860 28860 I ViewRootImpl@e939d43[PopupWindow:d7c32f2]:   fitTypes=STATUS_BARS NAVIGATION_BARS CAPTION_BAR naviIconColor=0
04-06 17:34:50.952 28860 28860 I ViewRootImpl@e939d43[PopupWindow:d7c32f2]:   sfl=20000}
04-06 17:34:50.952 28860 28860 I ViewRootImpl@e939d43[PopupWindow:d7c32f2]: performTraversals mFirst=true windowShouldResize=true viewVisibilityChanged=false mForceNextWindowRelayout=false params={(231,1772)(90x94) gr=TOP START CENTER sim={state=unchanged adjust=pan} ty=APPLICATION_SUB_PANEL fmt=TRANSLUCENT wanim=0x1030313 surfaceInsets=Rect(0, 0 - 0, 0) (manual)
04-06 17:34:50.952 28860 28860 I ViewRootImpl@e939d43[PopupWindow:d7c32f2]:   fl=41800218
04-06 17:34:50.952 28860 28860 I ViewRootImpl@e939d43[PopupWindow:d7c32f2]:   pfl=42018000
04-06 17:34:50.952 28860 28860 I ViewRootImpl@e939d43[PopupWindow:d7c32f2]:   bhv=DEFAULT
04-06 17:34:50.952 28860 28860 I ViewRootImpl@e939d43[PopupWindow:d7c32f2]:   fitTypes=STATUS_BARS NAVIGATION_BARS CAPTION_BAR naviIconColor=0
04-06 17:34:50.952 28860 28860 I ViewRootImpl@e939d43[PopupWindow:d7c32f2]:   sfl=20000}
04-06 17:34:50.957 28860 28875 I ViewRootImpl@e939d43[PopupWindow:d7c32f2]: Resizing android.view.ViewRootImpl@334e7ec: frame = [231,1772][321,1866] reportDraw = true forceLayout = false syncSeqId = 0
04-06 17:34:50.958 28860 28860 I ViewRootImpl@e939d43[PopupWindow:d7c32f2]: updateBlastSurfaceIfNeeded mBlastBufferQueue=null isSameSurfaceControl=false
04-06 17:34:50.959 28860 28860 I BLASTBufferQueue: new BLASTBufferQueue, mName= ViewRootImpl@e939d43[PopupWindow:d7c32f2] mNativeObject= 0xb4000070b1099700 sc.mNativeObject= 0xb4000069f0845e80 caller= android.view.ViewRootImpl.updateBlastSurfaceIfNeeded:2909 android.view.ViewRootImpl.relayoutWindow:9847 android.view.ViewRootImpl.performTraversals:3884 android.view.ViewRootImpl.doTraversal:3116 android.view.ViewRootImpl$TraversalRunnable.run:10885 android.view.Choreographer$CallbackRecord.run:1301 android.view.Choreographer$CallbackRecord.run:1309 android.view.Choreographer.doCallbacks:923 android.view.Choreographer.doFrame:852 android.view.Choreographer$FrameDisplayEventReceiver.run:1283 
04-06 17:34:50.960 28860 28860 I BLASTBufferQueue: update, w= 90 h= 94 mName = ViewRootImpl@e939d43[PopupWindow:d7c32f2] mNativeObject= 0xb4000070b1099700 sc.mNativeObject= 0xb4000069f0845e80 format= -3 caller= android.graphics.BLASTBufferQueue.<init>:84 android.view.ViewRootImpl.updateBlastSurfaceIfNeeded:2909 android.view.ViewRootImpl.relayoutWindow:9847 android.view.ViewRootImpl.performTraversals:3884 android.view.ViewRootImpl.doTraversal:3116 android.view.ViewRootImpl$TraversalRunnable.run:10885 
04-06 17:34:50.960 28860 28860 I ViewRootImpl@e939d43[PopupWindow:d7c32f2]: Relayout returned: old=(231,1772,321,1866) new=(231,1772,321,1866) req=(90,94)0 dur=6 res=0x3 s={true 0xb4000069f09bd000} ch=true seqId=0
04-06 17:34:50.961 28860 28860 I ViewRootImpl@e939d43[PopupWindow:d7c32f2]: mThreadedRenderer.initialize() mSurface={isValid=true 0xb4000069f09bd000} hwInitialized=true
04-06 17:34:50.961 28860 28922 D OpenGLRenderer: eglCreateWindowSurface
04-06 17:34:50.963 28860 28860 I ViewRootImpl@e939d43[PopupWindow:d7c32f2]: reportNextDraw android.view.ViewRootImpl.performTraversals:4438 android.view.ViewRootImpl.doTraversal:3116 android.view.ViewRootImpl$TraversalRunnable.run:10885 android.view.Choreographer$CallbackRecord.run:1301 android.view.Choreographer$CallbackRecord.run:1309 
04-06 17:34:50.963 28860 28860 I ViewRootImpl@e939d43[PopupWindow:d7c32f2]: Setup new sync id=0
04-06 17:34:50.963 28860 28860 I ViewRootImpl@e939d43[PopupWindow:d7c32f2]: Setting syncFrameCallback
04-06 17:34:50.963 28860 28860 I ViewRootImpl@e939d43[PopupWindow:d7c32f2]: registerCallbacksForSync syncBuffer=false
04-06 17:34:50.963 28860 28948 I ViewRootImpl@e939d43[PopupWindow:d7c32f2]: Received frameDrawingCallback syncResult=0 frameNum=1.
04-06 17:34:50.963 28860 28948 I ViewRootImpl@e939d43[PopupWindow:d7c32f2]: Setting up sync and frameCommitCallback
04-06 17:34:50.964 28860 28922 I BLASTBufferQueue: [ViewRootImpl@e939d43[PopupWindow:d7c32f2]#3](f:0,a:0) onFrameAvailable the first frame is available
04-06 17:34:50.964 28860 28922 I ViewRootImpl@e939d43[PopupWindow:d7c32f2]: Received frameCommittedCallback lastAttemptedDrawFrameNum=1 didProduceBuffer=true
04-06 17:34:50.965 28860 28922 D OpenGLRenderer: CFMS:: SetUp Pid : 28860    Tid : 28922
04-06 17:34:50.965 28860 28922 W Parcel  : Expecting binder but got null!
04-06 17:34:50.965 28860 28860 I ViewRootImpl@e939d43[PopupWindow:d7c32f2]: onSyncComplete
04-06 17:34:50.965 28860 28860 I ViewRootImpl@e939d43[PopupWindow:d7c32f2]: setupSync seqId=0 mSyncId=0 fn=1 caller=android.view.ViewRootImpl$$ExternalSyntheticLambda11.accept:6 android.window.SurfaceSyncer.lambda$setupSync$1$android-window-SurfaceSyncer:128 android.window.SurfaceSyncer$$ExternalSyntheticLambda1.accept:8 android.window.SurfaceSyncer$SyncSet.checkIfSyncIsComplete:382 android.window.SurfaceSyncer$SyncSet.markSyncReady:359 android.window.SurfaceSyncer.markSyncReady:151 android.view.ViewRootImpl.performTraversals:4503 
04-06 17:34:50.966 28860 28860 I ViewRootImpl@e939d43[PopupWindow:d7c32f2]: reportDrawFinished seqId=0 mSyncId=-1 fn=1 mSurfaceChangedTransaction=0xb4000070a0a65f00
04-06 17:34:50.966 28860 28860 I ViewRootImpl@9d2f3a8[PopupWindow:6c4ffcb]: reportDrawFinished seqId=0 mSyncId=-1 fn=1 mSurfaceChangedTransaction=0xb4000070a088b100
04-06 17:34:50.968 28860 28860 I ViewRootImpl@9d2f3a8[PopupWindow:6c4ffcb]: handleResized, msg = 5 frames=ClientWindowFrames{frame=[231,1866][321,1974] display=[-100000,-100000][100000,100000] parentFrame=[0,0][0,0] parentClippedByDisplayCutout=false} forceNextWindowRelayout=false displayId=0 resizeMode=-1 frameChanged=false displayFrameChanged=false configChanged=false displayChanged=false
04-06 17:34:50.968 28860 28860 I ViewRootImpl@9d2f3a8[PopupWindow:6c4ffcb]: handleResized mSyncSeqId = 0
04-06 17:34:50.968 28860 28860 I ViewRootImpl@9d2f3a8[PopupWindow:6c4ffcb]: reportNextDraw android.view.ViewRootImpl.handleResized:2450 android.view.ViewRootImpl.-$$Nest$mhandleResized:0 android.view.ViewRootImpl$ViewRootHandler.handleMessageImpl:6728 android.view.ViewRootImpl$ViewRootHandler.handleMessage:6697 android.os.Handler.dispatchMessage:106 
04-06 17:34:50.969 28860 28860 I ViewRootImpl@9d2f3a8[PopupWindow:6c4ffcb]: Setup new sync id=1
04-06 17:34:50.969 28860 28860 I ViewRootImpl@9d2f3a8[PopupWindow:6c4ffcb]: Setting syncFrameCallback
04-06 17:34:50.969 28860 28860 I ViewRootImpl@9d2f3a8[PopupWindow:6c4ffcb]: registerCallbacksForSync syncBuffer=false
04-06 17:34:50.976 28860 28947 I ViewRootImpl@9d2f3a8[PopupWindow:6c4ffcb]: Received frameDrawingCallback syncResult=0 frameNum=2.
04-06 17:34:50.976 28860 28947 I ViewRootImpl@9d2f3a8[PopupWindow:6c4ffcb]: Setting up sync and frameCommitCallback
04-06 17:34:50.977 28860 28922 I ViewRootImpl@9d2f3a8[PopupWindow:6c4ffcb]: Received frameCommittedCallback lastAttemptedDrawFrameNum=2 didProduceBuffer=true
04-06 17:34:50.977 28860 28860 I ViewRootImpl@9d2f3a8[PopupWindow:6c4ffcb]: onSyncComplete
04-06 17:34:50.978 28860 28860 I ViewRootImpl@9d2f3a8[PopupWindow:6c4ffcb]: setupSync seqId=0 mSyncId=1 fn=2 caller=android.view.ViewRootImpl$$ExternalSyntheticLambda11.accept:6 android.window.SurfaceSyncer.lambda$setupSync$1$android-window-SurfaceSyncer:128 android.window.SurfaceSyncer$$ExternalSyntheticLambda1.accept:8 android.window.SurfaceSyncer$SyncSet.checkIfSyncIsComplete:382 android.window.SurfaceSyncer$SyncSet.markSyncReady:359 android.window.SurfaceSyncer.markSyncReady:151 android.view.ViewRootImpl.performTraversals:4503 
04-06 17:34:50.978 28860 28860 I ViewRootImpl@9d2f3a8[PopupWindow:6c4ffcb]: reportDrawFinished seqId=0 mSyncId=-1 fn=2 mSurfaceChangedTransaction=0xb4000070a088b100
04-06 17:34:50.978 28860 28860 I ViewRootImpl@e939d43[PopupWindow:d7c32f2]: handleResized, msg = 5 frames=ClientWindowFrames{frame=[231,1772][321,1866] display=[-100000,-100000][100000,100000] parentFrame=[0,0][0,0] parentClippedByDisplayCutout=false} forceNextWindowRelayout=false displayId=0 resizeMode=-1 frameChanged=false displayFrameChanged=false configChanged=false displayChanged=false
04-06 17:34:50.978 28860 28860 I ViewRootImpl@e939d43[PopupWindow:d7c32f2]: handleResized mSyncSeqId = 0
04-06 17:34:50.979 28860 28860 I ViewRootImpl@e939d43[PopupWindow:d7c32f2]: reportNextDraw android.view.ViewRootImpl.handleResized:2450 android.view.ViewRootImpl.-$$Nest$mhandleResized:0 android.view.ViewRootImpl$ViewRootHandler.handleMessageImpl:6728 android.view.ViewRootImpl$ViewRootHandler.handleMessage:6697 android.os.Handler.dispatchMessage:106 
04-06 17:34:50.980 28860 28860 I ViewRootImpl@e939d43[PopupWindow:d7c32f2]: Setup new sync id=1
04-06 17:34:50.980 28860 28860 I ViewRootImpl@e939d43[PopupWindow:d7c32f2]: Setting syncFrameCallback
04-06 17:34:50.980 28860 28860 I ViewRootImpl@e939d43[PopupWindow:d7c32f2]: registerCallbacksForSync syncBuffer=false
04-06 17:34:50.980 28860 28948 I ViewRootImpl@e939d43[PopupWindow:d7c32f2]: Received frameDrawingCallback syncResult=0 frameNum=2.
04-06 17:34:50.980 28860 28948 I ViewRootImpl@e939d43[PopupWindow:d7c32f2]: Setting up sync and frameCommitCallback
04-06 17:34:50.981 28860 28922 I ViewRootImpl@e939d43[PopupWindow:d7c32f2]: Received frameCommittedCallback lastAttemptedDrawFrameNum=2 didProduceBuffer=true
04-06 17:34:50.981 28860 28860 I ViewRootImpl@e939d43[PopupWindow:d7c32f2]: onSyncComplete
04-06 17:34:50.981 28860 28860 I ViewRootImpl@e939d43[PopupWindow:d7c32f2]: setupSync seqId=0 mSyncId=1 fn=2 caller=android.view.ViewRootImpl$$ExternalSyntheticLambda11.accept:6 android.window.SurfaceSyncer.lambda$setupSync$1$android-window-SurfaceSyncer:128 android.window.SurfaceSyncer$$ExternalSyntheticLambda1.accept:8 android.window.SurfaceSyncer$SyncSet.checkIfSyncIsComplete:382 android.window.SurfaceSyncer$SyncSet.markSyncReady:359 android.window.SurfaceSyncer.markSyncReady:151 android.view.ViewRootImpl.performTraversals:4503 
04-06 17:34:50.982 28860 28860 I ViewRootImpl@e939d43[PopupWindow:d7c32f2]: reportDrawFinished seqId=0 mSyncId=-1 fn=2 mSurfaceChangedTransaction=0xb4000070a0a65f00
04-06 17:34:50.993 28860 28860 W OnBackInvokedCallback: OnBackInvokedCallback is not enabled for the application.
04-06 17:34:50.993 28860 28860 W OnBackInvokedCallback: Set 'android:enableOnBackInvokedCallback="true"' in the application manifest.
04-06 17:34:51.012 28860 29144 I ViewRootImpl@73623ee[MainActivity]: Resizing android.view.ViewRootImpl@25a16ab: frame = [0,0][1080,2400] reportDraw = false forceLayout = false syncSeqId = 0
04-06 17:34:51.012 28860 29107 I ViewRootImpl@e939d43[PopupWindow:d7c32f2]: Resizing android.view.ViewRootImpl@334e7ec: frame = [231,1772][321,1866] reportDraw = false forceLayout = false syncSeqId = 0
04-06 17:34:51.013 28860 28860 D InsetsController: onStateChanged: InsetsState: {mDisplayFrame=Rect(0, 0 - 1080, 2400), mDisplayCutout=DisplayCutout{insets=Rect(0, 88 - 0, 0) waterfall=Insets{left=0, top=0, right=0, bottom=0} boundingRect={Bounds=[Rect(0, 0 - 0, 0), Rect(512, 0 - 568, 88), Rect(0, 0 - 0, 0), Rect(0, 0 - 0, 0)]} cutoutPathParserInfo={CutoutPathParserInfo{displayWidth=1080 displayHeight=2400 physicalDisplayWidth=1080 physicalDisplayHeight=2400 density={3.0} cutoutSpec={M 0,0 M 0,10.71963616907435 a 9.280363830925644,9.280363830925644 0 1,0 0,18.56072766185129 a 9.280363830925644,9.280363830925644 0 1,0 0,-18.56072766185129 Z @dp} rotation={0} scale={1.0} physicalPixelDisplaySizeRatio={1.0}}}}, mRoundedCorners=RoundedCorners{[RoundedCorner{position=TopLeft, radius=96, center=Point(96, 96)}, RoundedCorner{position=TopRight, radius=96, center=Point(984, 96)}, RoundedCorner{position=BottomRight, radius=96, center=Point(984, 2304)}, RoundedCorner{position=BottomLeft, radius=96, center=Point(96, 2304)}]}  mRoundedCornerFrame=Rect(0, 0 - 1080, 2400), mPrivacyIndicatorBounds=PrivacyIndicatorBounds {static bounds=Rect(948, 0 - 1080, 88) rotation=0}, mSources= { InsetsSource: {mType=ITYPE_STATUS_BAR, mFrame=[0,0][1080,88], mVisible=true, mInsetsRoundedCornerFrame=false}, InsetsSource: {mType=ITYPE_NAVIGATION_BAR, mFrame=[0,2256][1080,2400], mVisible=true, mInsetsRoundedCornerFrame=false}, InsetsSource: {mType=ITYPE_LEFT_GESTURES, mFrame=[0,0][0,2400], mVisible=true, mInsetsRoundedCornerFrame=false}, InsetsSource: {mType=ITYPE_RIGHT_GESTURES, mFrame=[1080,0][1080,2400], mVisible=true, mInsetsRoundedCornerFrame=false}, InsetsSource: {mType=ITYPE_TOP_MANDATORY_GESTURES, mFrame=[0,0][1080,124], mVisible=true, mInsetsRoundedCornerFrame=false}, InsetsSource: {mType=ITYPE_BOTTOM_MANDATORY_GESTURES, mFrame=[0,2256][1080,2400], mVisible=true, mInsetsRoundedCornerFrame=false}, InsetsSource: {mType=ITYPE_LEFT_DISPLAY_CUTOUT, mFrame=[0,0][-100000,2400], mVisible=true, mInsetsRoundedCornerFrame=false}, InsetsSource: {mType=ITYPE_TOP_DISPLAY_CUTOUT, mFrame=[0,0][1080,88], mVisible=true, mInsetsRoundedCornerFrame=false}, InsetsSource: {mType=ITYPE_RIGHT_DISPLAY_CUTOUT, mFrame=[100000,0][1080,2400], mVisible=true, mInsetsRoundedCornerFrame=false}, InsetsSource: {mType=ITYPE_BOTTOM_DISPLAY_CUTOUT, mFrame=[0,100000][1080,2400], mVisible=true, mInsetsRoundedCornerFrame=false}, InsetsSource: {mType=ITYPE_TOP_TAPPABLE_ELEMENT, mFrame=[0,0][1080,88], mVisible=true, mInsetsRoundedCornerFrame=false}, InsetsSource: {mType=ITYPE_BOTTOM_TAPPABLE_ELEMENT, mFrame=[0,2256][1080,2400], mVisible=true, mInsetsRoundedCornerFrame=false}, InsetsSource: {mType=ITYPE_IME, mFrame=[0,1374][1080,2400], mVisibleFrame=[0,1374][1080,2400], mVisible=false, mInsetsRoundedCornerFrame=false} } host=com.evolucao.app/com.evolucao.app.MainActivity from=android.view.ViewRootImpl$ViewRootHandler.handleMessageImpl:6727
04-06 17:34:51.013 28860 28860 I ViewRootImpl@73623ee[MainActivity]: handleResized, msg = 4 frames=ClientWindowFrames{frame=[0,0][1080,2400] display=[0,0][1080,2400] parentFrame=[0,0][0,0] parentClippedByDisplayCutout=false} forceNextWindowRelayout=false displayId=0 resizeMode=-1 frameChanged=false displayFrameChanged=false configChanged=false displayChanged=false
04-06 17:34:51.013 28860 28860 I ViewRootImpl@e939d43[PopupWindow:d7c32f2]: handleResized, msg = 4 frames=ClientWindowFrames{frame=[231,1772][321,1866] display=[-100000,-100000][100000,100000] parentFrame=[0,0][0,0] parentClippedByDisplayCutout=false} forceNextWindowRelayout=false displayId=0 resizeMode=-1 frameChanged=false displayFrameChanged=false configChanged=false displayChanged=false
