04-06 10:53:15.769  3359  3359 I ViewInteraction: Checking 'MatchesViewAssertion(Detox){viewMatcher=(an instance of android.widget.TextView and view.getText() with or without transformation to match: is "10" and view has effective visibility <VISIBLE>)}' assertion on view (view.getTag() is "input-reps" and view has effective visibility <VISIBLE>)
04-06 10:53:15.778  3359  3431 I DetoxWSClient: Sending out action 'invokeResult' (ID #33)
04-06 10:53:15.778  3359  3431 I DetoxDispatcher: Done with action 'invoke'
04-06 10:53:15.782  3359  3440 D DetoxWSClient: Received action 'invoke' (ID #34, params={"target":{"type":"Invocation","value":{"target":{"type":"Class","value":"com.wix.detox.uiautomator.UiAutomator"},"method":"uiDevice","args":[]}},"method":"pressBack","args":[]})
04-06 10:53:15.782  3359  3431 I DetoxDispatcher: Handling action 'invoke' (ID #34)...
04-06 10:53:15.782  3359  3431 D Detox   : class com.wix.detox.uiautomator.UiAutomator, uiDevice, []
04-06 10:53:15.790  3359  3359 D InsetsController: show(ime(), fromIme=true)
04-06 10:53:15.837  3359  3459 D OpenGLRenderer: setSurface called with nullptr
04-06 10:53:15.837  3359  3459 D OpenGLRenderer: setSurface() destroyed EGLSurface
04-06 10:53:15.837  3359  3459 D OpenGLRenderer: destroyEglSurface
04-06 10:53:15.839  3359  3359 I ViewRootImpl@41dbc29[PopupWindow:f8d85b0]: dispatchDetachedFromWindow
04-06 10:53:15.844  3359  3359 D InputTransport: Input channel destroyed: 'a517ddf', fd=177
04-06 10:53:15.846  3359  3459 D OpenGLRenderer: setSurface called with nullptr
04-06 10:53:15.846  3359  3459 D OpenGLRenderer: setSurface() destroyed EGLSurface
04-06 10:53:15.846  3359  3459 D OpenGLRenderer: destroyEglSurface
04-06 10:53:15.847  3359  3359 I ViewRootImpl@ec05ac8[PopupWindow:c390f6b]: dispatchDetachedFromWindow
04-06 10:53:15.851  3359  3359 D InputTransport: Input channel destroyed: '87a18fb', fd=178
04-06 10:53:16.521  3359  3431 D UiDevice: Pressing back button.
04-06 10:53:16.533  3359  3359 I ViewRootImpl@914008f[MainActivity]: The input has been finished in ImeInputStage.
04-06 10:53:16.544  3359  3359 I ViewRootImpl@914008f[MainActivity]: The input has been finished in ImeInputStage.
04-06 10:53:16.547  3359  3359 D InsetsController: controlAnimationUnchecked: Added types=8 animType=1 host=com.evolucao.app/com.evolucao.app.MainActivity from=android.view.InsetsController.applyAnimation:1576 android.view.InsetsController.applyAnimation:1557 android.view.InsetsController.hide:1093 
04-06 10:53:16.547  3359  3359 D InsetsSourceConsumer: setRequestedVisible: visible=false, type=19, host=com.evolucao.app/com.evolucao.app.MainActivity, from=android.view.InsetsSourceConsumer.hide:257 android.view.ImeInsetsSourceConsumer.hide:88 android.view.ImeInsetsSourceConsumer.hide:94 android.view.InsetsController.hideDirectly:1593 android.view.InsetsController.controlAnimationUnchecked:1234 android.view.InsetsController.applyAnimation:1576 android.view.InsetsController.applyAnimation:1557 android.view.InsetsController.hide:1093 android.view.ViewRootImpl$ViewRootHandler.handleMessageImpl:6765 android.view.ViewRootImpl$ViewRootHandler.handleMessage:6697 
04-06 10:53:16.554  3359  3393 I ViewRootImpl@914008f[MainActivity]: Resizing android.view.ViewRootImpl@685f108: frame = [0,0][1080,2400] reportDraw = false forceLayout = false syncSeqId = 0
04-06 10:53:16.566  3359  3359 D InsetsController: onStateChanged: InsetsState: {mDisplayFrame=Rect(0, 0 - 1080, 2400), mDisplayCutout=DisplayCutout{insets=Rect(0, 88 - 0, 0) waterfall=Insets{left=0, top=0, right=0, bottom=0} boundingRect={Bounds=[Rect(0, 0 - 0, 0), Rect(512, 0 - 568, 88), Rect(0, 0 - 0, 0), Rect(0, 0 - 0, 0)]} cutoutPathParserInfo={CutoutPathParserInfo{displayWidth=1080 displayHeight=2400 physicalDisplayWidth=1080 physicalDisplayHeight=2400 density={3.0} cutoutSpec={M 0,0 M 0,10.71963616907435 a 9.280363830925644,9.280363830925644 0 1,0 0,18.56072766185129 a 9.280363830925644,9.280363830925644 0 1,0 0,-18.56072766185129 Z @dp} rotation={0} scale={1.0} physicalPixelDisplaySizeRatio={1.0}}}}, mRoundedCorners=RoundedCorners{[RoundedCorner{position=TopLeft, radius=96, center=Point(96, 96)}, RoundedCorner{position=TopRight, radius=96, center=Point(984, 96)}, RoundedCorner{position=BottomRight, radius=96, center=Point(984, 2304)}, RoundedCorner{position=BottomLeft, radius=96, center=Point(96, 2304)}]}  mRoundedCornerFrame=Rect(0, 0 - 1080, 2400), mPrivacyIndicatorBounds=PrivacyIndicatorBounds {static bounds=Rect(948, 0 - 1080, 88) rotation=0}, mSources= { InsetsSource: {mType=ITYPE_STATUS_BAR, mFrame=[0,0][1080,88], mVisible=true, mInsetsRoundedCornerFrame=false}, InsetsSource: {mType=ITYPE_NAVIGATION_BAR, mFrame=[0,2256][1080,2400], mVisible=true, mInsetsRoundedCornerFrame=false}, InsetsSource: {mType=ITYPE_LEFT_GESTURES, mFrame=[0,0][0,2400], mVisible=true, mInsetsRoundedCornerFrame=false}, InsetsSource: {mType=ITYPE_RIGHT_GESTURES, mFrame=[1080,0][1080,2400], mVisible=true, mInsetsRoundedCornerFrame=false}, InsetsSource: {mType=ITYPE_TOP_MANDATORY_GESTURES, mFrame=[0,0][1080,124], mVisible=true, mInsetsRoundedCornerFrame=false}, InsetsSource: {mType=ITYPE_BOTTOM_MANDATORY_GESTURES, mFrame=[0,2256][1080,2400], mVisible=true, mInsetsRoundedCornerFrame=false}, InsetsSource: {mType=ITYPE_LEFT_DISPLAY_CUTOUT, mFrame=[0,0][-100000,2400], mVisible=true, mInsetsRoundedCornerFrame=false}, InsetsSource: {mType=ITYPE_TOP_DISPLAY_CUTOUT, mFrame=[0,0][1080,88], mVisible=true, mInsetsRoundedCornerFrame=false}, InsetsSource: {mType=ITYPE_RIGHT_DISPLAY_CUTOUT, mFrame=[100000,0][1080,2400], mVisible=true, mInsetsRoundedCornerFrame=false}, InsetsSource: {mType=ITYPE_BOTTOM_DISPLAY_CUTOUT, mFrame=[0,100000][1080,2400], mVisible=true, mInsetsRoundedCornerFrame=false}, InsetsSource: {mType=ITYPE_TOP_TAPPABLE_ELEMENT, mFrame=[0,0][1080,88], mVisible=true, mInsetsRoundedCornerFrame=false}, InsetsSource: {mType=ITYPE_BOTTOM_TAPPABLE_ELEMENT, mFrame=[0,2256][1080,2400], mVisible=true, mInsetsRoundedCornerFrame=false}, InsetsSource: {mType=ITYPE_IME, mFrame=[0,1374][1080,2400], mVisibleFrame=[0,1374][1080,2400], mVisible=false, mInsetsRoundedCornerFrame=false} } host=com.evolucao.app/com.evolucao.app.MainActivity from=android.view.ViewRootImpl$ViewRootHandler.handleMessageImpl:6740
04-06 10:53:16.567  3359  3359 I ViewRootImpl@914008f[MainActivity]: handleResized, msg = 4 frames=ClientWindowFrames{frame=[0,0][1080,2400] display=[0,0][1080,2400] parentFrame=[0,0][0,0] parentClippedByDisplayCutout=false} forceNextWindowRelayout=false displayId=0 resizeMode=-1 frameChanged=false displayFrameChanged=false configChanged=false displayChanged=false
04-06 10:53:16.568  3359  3431 I DetoxWSClient: Sending out action 'invokeResult' (ID #34)
04-06 10:53:16.568  3359  3431 I DetoxDispatcher: Done with action 'invoke'
04-06 10:53:16.572  3359  3440 D DetoxWSClient: Received action 'invoke' (ID #35, params={"target":{"type":"Class","value":"com.wix.detox.espresso.DetoxAssertion"},"method":"waitForAssertMatcher","args":[{"type":"Invocation","value":{"target":{"type":"Class","value":"androidx.test.espresso.Espresso"},"method":"onView","args":[{"type":"Invocation","value":{"target":{"type":"Class","value":"com.wix.detox.espresso.DetoxMatcher"},"method":"matcherForTestId","args":["btn-salvar-serie",{"type":"boolean","value":false}]}}]}},{"type":"Invocation","value":{"target":{"type":"Class","value":"com.wix.detox.espresso.DetoxMatcher"},"method":"matcherForSufficientlyVisible","args":[{"type":"Integer","value":75}]}},{"type":"Double","value":3}]})
04-06 10:53:16.572  3359  3431 I DetoxDispatcher: Handling action 'invoke' (ID #35)...
04-06 10:53:16.572  3359  3431 D Detox   : class com.wix.detox.espresso.DetoxMatcher, matcherForTestId, [btn-salvar-serie, false]
04-06 10:53:16.573  3359  3431 D Detox   : class androidx.test.espresso.Espresso, onView, [(view.getTag() is "btn-salvar-serie" and view has effective visibility <VISIBLE>)]
04-06 10:53:16.573  3359  3431 D Detox   : class com.wix.detox.espresso.DetoxMatcher, matcherForSufficientlyVisible, [75]
04-06 10:53:16.573  3359  3431 D Detox   : class com.wix.detox.espresso.DetoxAssertion, waitForAssertMatcher, [androidx.test.espresso.ViewInteraction@508a41, (view has effective visibility <VISIBLE> and view.getGlobalVisibleRect() covers at least <75> percent of the view's area), 3.0]
04-06 10:53:16.630  3359  3359 I ViewInteraction: Checking 'MatchesViewAssertion(Detox){viewMatcher=(view has effective visibility <VISIBLE> and view.getGlobalVisibleRect() covers at least <75> percent of the view's area)}' assertion on view (view.getTag() is "btn-salvar-serie" and view has effective visibility <VISIBLE>)
04-06 10:53:16.632  3359  3431 I DetoxWSClient: Sending out action 'invokeResult' (ID #35)
04-06 10:53:16.632  3359  3431 I DetoxDispatcher: Done with action 'invoke'
04-06 10:53:16.636  3359  3440 D DetoxWSClient: Received action 'invoke' (ID #36, params={"target":{"type":"Class","value":"com.wix.detox.espresso.EspressoDetox"},"method":"perform","args":[{"type":"Invocation","value":{"target":{"type":"Class","value":"com.wix.detox.espresso.DetoxMatcher"},"method":"matcherForTestId","args":["btn-salvar-serie",{"type":"boolean","value":false}]}},{"type":"Invocation","value":{"target":{"type":"Class","value":"com.wix.detox.espresso.DetoxViewActions"},"method":"click","args":[]}}]})
04-06 10:53:16.637  3359  3431 I DetoxDispatcher: Handling action 'invoke' (ID #36)...
04-06 10:53:16.637  3359  3431 D Detox   : class com.wix.detox.espresso.DetoxMatcher, matcherForTestId, [btn-salvar-serie, false]
04-06 10:53:16.637  3359  3431 D Detox   : class com.wix.detox.espresso.DetoxViewActions, click, []
04-06 10:53:16.638  3359  3431 D Detox   : class com.wix.detox.espresso.EspressoDetox, perform, [(view.getTag() is "btn-salvar-serie" and view has effective visibility <VISIBLE>), com.wix.detox.espresso.action.RNClickAction@731e527]
04-06 10:53:16.642  3359  3359 I ViewInteraction: Performing 'com.wix.detox.espresso.action.detoxsingletap@73aa3d4 click' action on view (view.getTag() is "btn-salvar-serie" and view has effective visibility <VISIBLE>)
04-06 10:53:16.777  3359  3359 D InsetsController: cancelAnimation of types: 8, animType: 1, host: com.evolucao.app/com.evolucao.app.MainActivity, from:android.view.InsetsController.notifyFinished:1375 android.view.InsetsAnimationThreadControlRunner$1.lambda$notifyFinished$0$android-view-InsetsAnimationThreadControlRunner$1:84 android.view.InsetsAnimationThreadControlRunner$1$$ExternalSyntheticLambda1.run:4 
04-06 10:53:16.778  3359  3359 I IMM_LC  : notifyImeHidden: mService.hideSoftInput
04-06 10:53:16.805  3359  3681 I ViewRootImpl@914008f[MainActivity]: Resizing android.view.ViewRootImpl@685f108: frame = [0,0][1080,2400] reportDraw = false forceLayout = false syncSeqId = 0
04-06 10:53:16.806  3359  3359 D InsetsController: onStateChanged: InsetsState: {mDisplayFrame=Rect(0, 0 - 1080, 2400), mDisplayCutout=DisplayCutout{insets=Rect(0, 88 - 0, 0) waterfall=Insets{left=0, top=0, right=0, bottom=0} boundingRect={Bounds=[Rect(0, 0 - 0, 0), Rect(512, 0 - 568, 88), Rect(0, 0 - 0, 0), Rect(0, 0 - 0, 0)]} cutoutPathParserInfo={CutoutPathParserInfo{displayWidth=1080 displayHeight=2400 physicalDisplayWidth=1080 physicalDisplayHeight=2400 density={3.0} cutoutSpec={M 0,0 M 0,10.71963616907435 a 9.280363830925644,9.280363830925644 0 1,0 0,18.56072766185129 a 9.280363830925644,9.280363830925644 0 1,0 0,-18.56072766185129 Z @dp} rotation={0} scale={1.0} physicalPixelDisplaySizeRatio={1.0}}}}, mRoundedCorners=RoundedCorners{[RoundedCorner{position=TopLeft, radius=96, center=Point(96, 96)}, RoundedCorner{position=TopRight, radius=96, center=Point(984, 96)}, RoundedCorner{position=BottomRight, radius=96, center=Point(984, 2304)}, RoundedCorner{position=BottomLeft, radius=96, center=Point(96, 2304)}]}  mRoundedCornerFrame=Rect(0, 0 - 1080, 2400), mPrivacyIndicatorBounds=PrivacyIndicatorBounds {static bounds=Rect(948, 0 - 1080, 88) rotation=0}, mSources= { InsetsSource: {mType=ITYPE_STATUS_BAR, mFrame=[0,0][1080,88], mVisible=true, mInsetsRoundedCornerFrame=false}, InsetsSource: {mType=ITYPE_NAVIGATION_BAR, mFrame=[0,2256][1080,2400], mVisible=true, mInsetsRoundedCornerFrame=false}, InsetsSource: {mType=ITYPE_LEFT_GESTURES, mFrame=[0,0][0,2400], mVisible=true, mInsetsRoundedCornerFrame=false}, InsetsSource: {mType=ITYPE_RIGHT_GESTURES, mFrame=[1080,0][1080,2400], mVisible=true, mInsetsRoundedCornerFrame=false}, InsetsSource: {mType=ITYPE_TOP_MANDATORY_GESTURES, mFrame=[0,0][1080,124], mVisible=true, mInsetsRoundedCornerFrame=false}, InsetsSource: {mType=ITYPE_BOTTOM_MANDATORY_GESTURES, mFrame=[0,2256][1080,2400], mVisible=true, mInsetsRoundedCornerFrame=false}, InsetsSource: {mType=ITYPE_LEFT_DISPLAY_CUTOUT, mFrame=[0,0][-100000,2400], mVisible=true, mInsetsRoundedCornerFrame=false}, InsetsSource: {mType=ITYPE_TOP_DISPLAY_CUTOUT, mFrame=[0,0][1080,88], mVisible=true, mInsetsRoundedCornerFrame=false}, InsetsSource: {mType=ITYPE_RIGHT_DISPLAY_CUTOUT, mFrame=[100000,0][1080,2400], mVisible=true, mInsetsRoundedCornerFrame=false}, InsetsSource: {mType=ITYPE_BOTTOM_DISPLAY_CUTOUT, mFrame=[0,100000][1080,2400], mVisible=true, mInsetsRoundedCornerFrame=false}, InsetsSource: {mType=ITYPE_TOP_TAPPABLE_ELEMENT, mFrame=[0,0][1080,88], mVisible=true, mInsetsRoundedCornerFrame=false}, InsetsSource: {mType=ITYPE_BOTTOM_TAPPABLE_ELEMENT, mFrame=[0,2256][1080,2400], mVisible=true, mInsetsRoundedCornerFrame=false}, InsetsSource: {mType=ITYPE_IME, mFrame=[0,0][0,0], mVisibleFrame=[0,1374][1080,2400], mVisible=false, mInsetsRoundedCornerFrame=false} } host=com.evolucao.app/com.evolucao.app.MainActivity from=android.view.ViewRootImpl$ViewRootHandler.handleMessageImpl:6727
04-06 10:53:16.806  3359  3359 I ViewRootImpl@914008f[MainActivity]: handleResized, msg = 4 frames=ClientWindowFrames{frame=[0,0][1080,2400] display=[0,0][1080,2400] parentFrame=[0,0][0,0] parentClippedByDisplayCutout=false} forceNextWindowRelayout=false displayId=0 resizeMode=-1 frameChanged=false displayFrameChanged=false configChanged=false displayChanged=false
04-06 10:53:17.053  3359  3431 I DetoxWSClient: Sending out action 'invokeResult' (ID #36)
04-06 10:53:17.054  3359  3431 I DetoxDispatcher: Done with action 'invoke'
04-06 10:53:17.058  3359  3440 D DetoxWSClient: Received action 'invoke' (ID #37, params={"target":{"type":"Class","value":"com.wix.detox.espresso.DetoxAssertion"},"method":"waitForAssertMatcher","args":[{"type":"Invocation","value":{"target":{"type":"Class","value":"androidx.test.espresso.Espresso"},"method":"onView","args":[{"type":"Invocation","value":{"target":{"type":"Class","value":"com.wix.detox.espresso.DetoxMatcher"},"method":"matcherForTestId","args":["serie-salva-indicator",{"type":"boolean","value":false}]}}]}},{"type":"Invocation","value":{"target":{"type":"Class","value":"com.wix.detox.espresso.DetoxMatcher"},"method":"matcherForSufficientlyVisible","args":[{"type":"Integer","value":75}]}},{"type":"Double","value":3}]})
04-06 10:53:17.058  3359  3431 I DetoxDispatcher: Handling action 'invoke' (ID #37)...
04-06 10:53:17.058  3359  3431 D Detox   : class com.wix.detox.espresso.DetoxMatcher, matcherForTestId, [serie-salva-indicator, false]
04-06 10:53:17.058  3359  3431 D Detox   : class androidx.test.espresso.Espresso, onView, [(view.getTag() is "serie-salva-indicator" and view has effective visibility <VISIBLE>)]
04-06 10:53:17.059  3359  3431 D Detox   : class com.wix.detox.espresso.DetoxMatcher, matcherForSufficientlyVisible, [75]
04-06 10:53:17.059  3359  3431 D Detox   : class com.wix.detox.espresso.DetoxAssertion, waitForAssertMatcher, [androidx.test.espresso.ViewInteraction@bda897d, (view has effective visibility <VISIBLE> and view.getGlobalVisibleRect() covers at least <75> percent of the view's area), 3.0]
04-06 10:53:17.190  3359  3359 I ViewInteraction: Checking 'MatchesViewAssertion(Detox){viewMatcher=(view has effective visibility <VISIBLE> and view.getGlobalVisibleRect() covers at least <75> percent of the view's area)}' assertion on view (view.getTag() is "serie-salva-indicator" and view has effective visibility <VISIBLE>)
04-06 10:53:17.255  3359  3389 D InputTransport: Input channel destroyed: 'ClientS', fd=160
04-06 10:53:17.256  3359  3459 D OpenGLRenderer: setSurface called with nullptr
04-06 10:53:17.256  3359  3459 D OpenGLRenderer: setSurface called with nullptr
04-06 10:53:17.256  3359  3389 D InputTransport: Input channel destroyed: 'ClientS', fd=152
04-06 10:53:17.256  3359  3389 D InputTransport: Input channel destroyed: 'ClientS', fd=125
04-06 10:53:17.257  3359  3459 D OpenGLRenderer: setSurface called with nullptr
04-06 10:53:17.257  3359  3459 D OpenGLRenderer: setSurface called with nullptr
04-06 10:53:17.338  3359  3359 I ViewInteraction: Checking 'MatchesViewAssertion(Detox){viewMatcher=(view has effective visibility <VISIBLE> and view.getGlobalVisibleRect() covers at least <75> percent of the view's area)}' assertion on view (view.getTag() is "serie-salva-indicator" and view has effective visibility <VISIBLE>)
04-06 10:53:17.475  3359  3359 I ViewInteraction: Checking 'MatchesViewAssertion(Detox){viewMatcher=(view has effective visibility <VISIBLE> and view.getGlobalVisibleRect() covers at least <75> percent of the view's area)}' assertion on view (view.getTag() is "serie-salva-indicator" and view has effective visibility <VISIBLE>)
04-06 10:53:17.604  3359  3359 I ViewInteraction: Checking 'MatchesViewAssertion(Detox){viewMatcher=(view has effective visibility <VISIBLE> and view.getGlobalVisibleRect() covers at least <75> percent of the view's area)}' assertion on view (view.getTag() is "serie-salva-indicator" and view has effective visibility <VISIBLE>)
04-06 10:53:17.728  3359  3359 I ViewInteraction: Checking 'MatchesViewAssertion(Detox){viewMatcher=(view has effective visibility <VISIBLE> and view.getGlobalVisibleRect() covers at least <75> percent of the view's area)}' assertion on view (view.getTag() is "serie-salva-indicator" and view has effective visibility <VISIBLE>)
04-06 10:53:17.863  3359  3359 I ViewInteraction: Checking 'MatchesViewAssertion(Detox){viewMatcher=(view has effective visibility <VISIBLE> and view.getGlobalVisibleRect() covers at least <75> percent of the view's area)}' assertion on view (view.getTag() is "serie-salva-indicator" and view has effective visibility <VISIBLE>)
04-06 10:53:17.980  3359  3359 I ViewInteraction: Checking 'MatchesViewAssertion(Detox){viewMatcher=(view has effective visibility <VISIBLE> and view.getGlobalVisibleRect() covers at least <75> percent of the view's area)}' assertion on view (view.getTag() is "serie-salva-indicator" and view has effective visibility <VISIBLE>)
04-06 10:53:18.111  3359  3359 I ViewInteraction: Checking 'MatchesViewAssertion(Detox){viewMatcher=(view has effective visibility <VISIBLE> and view.getGlobalVisibleRect() covers at least <75> percent of the view's area)}' assertion on view (view.getTag() is "serie-salva-indicator" and view has effective visibility <VISIBLE>)
04-06 10:53:18.225  3359  3359 I ViewInteraction: Checking 'MatchesViewAssertion(Detox){viewMatcher=(view has effective visibility <VISIBLE> and view.getGlobalVisibleRect() covers at least <75> percent of the view's area)}' assertion on view (view.getTag() is "serie-salva-indicator" and view has effective visibility <VISIBLE>)
04-06 10:53:18.347  3359  3359 I ViewInteraction: Checking 'MatchesViewAssertion(Detox){viewMatcher=(view has effective visibility <VISIBLE> and view.getGlobalVisibleRect() covers at least <75> percent of the view's area)}' assertion on view (view.getTag() is "serie-salva-indicator" and view has effective visibility <VISIBLE>)
04-06 10:53:18.480  3359  3359 I ViewInteraction: Checking 'MatchesViewAssertion(Detox){viewMatcher=(view has effective visibility <VISIBLE> and view.getGlobalVisibleRect() covers at least <75> percent of the view's area)}' assertion on view (view.getTag() is "serie-salva-indicator" and view has effective visibility <VISIBLE>)
04-06 10:53:18.591  3359  3359 I ViewInteraction: Checking 'MatchesViewAssertion(Detox){viewMatcher=(view has effective visibility <VISIBLE> and view.getGlobalVisibleRect() covers at least <75> percent of the view's area)}' assertion on view (view.getTag() is "serie-salva-indicator" and view has effective visibility <VISIBLE>)
04-06 10:53:18.710  3359  3359 I ViewInteraction: Checking 'MatchesViewAssertion(Detox){viewMatcher=(view has effective visibility <VISIBLE> and view.getGlobalVisibleRect() covers at least <75> percent of the view's area)}' assertion on view (view.getTag() is "serie-salva-indicator" and view has effective visibility <VISIBLE>)
04-06 10:53:18.821  3359  3359 I ViewInteraction: Checking 'MatchesViewAssertion(Detox){viewMatcher=(view has effective visibility <VISIBLE> and view.getGlobalVisibleRect() covers at least <75> percent of the view's area)}' assertion on view (view.getTag() is "serie-salva-indicator" and view has effective visibility <VISIBLE>)
04-06 10:53:18.942  3359  3359 I ViewInteraction: Checking 'MatchesViewAssertion(Detox){viewMatcher=(view has effective visibility <VISIBLE> and view.getGlobalVisibleRect() covers at least <75> percent of the view's area)}' assertion on view (view.getTag() is "serie-salva-indicator" and view has effective visibility <VISIBLE>)
04-06 10:53:19.052  3359  3359 I ViewInteraction: Checking 'MatchesViewAssertion(Detox){viewMatcher=(view has effective visibility <VISIBLE> and view.getGlobalVisibleRect() covers at least <75> percent of the view's area)}' assertion on view (view.getTag() is "serie-salva-indicator" and view has effective visibility <VISIBLE>)
04-06 10:53:19.163  3359  3359 I ViewInteraction: Checking 'MatchesViewAssertion(Detox){viewMatcher=(view has effective visibility <VISIBLE> and view.getGlobalVisibleRect() covers at least <75> percent of the view's area)}' assertion on view (view.getTag() is "serie-salva-indicator" and view has effective visibility <VISIBLE>)
04-06 10:53:19.268  3359  3359 I ViewInteraction: Checking 'MatchesViewAssertion(Detox){viewMatcher=(view has effective visibility <VISIBLE> and view.getGlobalVisibleRect() covers at least <75> percent of the view's area)}' assertion on view (view.getTag() is "serie-salva-indicator" and view has effective visibility <VISIBLE>)
04-06 10:53:19.377  3359  3359 I ViewInteraction: Checking 'MatchesViewAssertion(Detox){viewMatcher=(view has effective visibility <VISIBLE> and view.getGlobalVisibleRect() covers at least <75> percent of the view's area)}' assertion on view (view.getTag() is "serie-salva-indicator" and view has effective visibility <VISIBLE>)
04-06 10:53:19.485  3359  3359 I ViewInteraction: Checking 'MatchesViewAssertion(Detox){viewMatcher=(view has effective visibility <VISIBLE> and view.getGlobalVisibleRect() covers at least <75> percent of the view's area)}' assertion on view (view.getTag() is "serie-salva-indicator" and view has effective visibility <VISIBLE>)
04-06 10:53:19.592  3359  3359 I ViewInteraction: Checking 'MatchesViewAssertion(Detox){viewMatcher=(view has effective visibility <VISIBLE> and view.getGlobalVisibleRect() covers at least <75> percent of the view's area)}' assertion on view (view.getTag() is "serie-salva-indicator" and view has effective visibility <VISIBLE>)
04-06 10:53:19.700  3359  3359 I ViewInteraction: Checking 'MatchesViewAssertion(Detox){viewMatcher=(view has effective visibility <VISIBLE> and view.getGlobalVisibleRect() covers at least <75> percent of the view's area)}' assertion on view (view.getTag() is "serie-salva-indicator" and view has effective visibility <VISIBLE>)
04-06 10:53:19.809  3359  3359 I ViewInteraction: Checking 'MatchesViewAssertion(Detox){viewMatcher=(view has effective visibility <VISIBLE> and view.getGlobalVisibleRect() covers at least <75> percent of the view's area)}' assertion on view (view.getTag() is "serie-salva-indicator" and view has effective visibility <VISIBLE>)
04-06 10:53:19.915  3359  3359 I ViewInteraction: Checking 'MatchesViewAssertion(Detox){viewMatcher=(view has effective visibility <VISIBLE> and view.getGlobalVisibleRect() covers at least <75> percent of the view's area)}' assertion on view (view.getTag() is "serie-salva-indicator" and view has effective visibility <VISIBLE>)
04-06 10:53:20.024  3359  3359 I ViewInteraction: Checking 'MatchesViewAssertion(Detox){viewMatcher=(view has effective visibility <VISIBLE> and view.getGlobalVisibleRect() covers at least <75> percent of the view's area)}' assertion on view (view.getTag() is "serie-salva-indicator" and view has effective visibility <VISIBLE>)
04-06 10:53:20.128  3359  3359 I ViewInteraction: Checking 'MatchesViewAssertion(Detox){viewMatcher=(view has effective visibility <VISIBLE> and view.getGlobalVisibleRect() covers at least <75> percent of the view's area)}' assertion on view (view.getTag() is "serie-salva-indicator" and view has effective visibility <VISIBLE>)
04-06 10:53:20.154  3359  3431 I DetoxActionHandlers: Test exception
04-06 10:53:20.154  3359  3431 I DetoxActionHandlers: java.lang.reflect.InvocationTargetException
04-06 10:53:20.154  3359  3431 I DetoxActionHandlers: 	at java.lang.reflect.Method.invoke(Native Method)
04-06 10:53:20.154  3359  3431 I DetoxActionHandlers: 	at org.apache.commons.lang3.reflect.MethodUtils.invokeStaticMethod(MethodUtils.java:443)
04-06 10:53:20.154  3359  3431 I DetoxActionHandlers: 	at org.apache.commons.lang3.reflect.MethodUtils.invokeStaticMethod(MethodUtils.java:405)
04-06 10:53:20.154  3359  3431 I DetoxActionHandlers: 	at com.wix.invoke.types.ClassTarget.execute(ClassTarget.java:23)
04-06 10:53:20.154  3359  3431 I DetoxActionHandlers: 	at com.wix.invoke.types.Target.invoke(Target.java:59)
04-06 10:53:20.154  3359  3431 I DetoxActionHandlers: 	at com.wix.invoke.MethodInvocation.invoke(MethodInvocation.java:35)
04-06 10:53:20.154  3359  3431 I DetoxActionHandlers: 	at com.wix.invoke.MethodInvocation.invoke(MethodInvocation.java:26)
04-06 10:53:20.154  3359  3431 I DetoxActionHandlers: 	at com.wix.invoke.MethodInvocation.invoke(MethodInvocation.java:20)
04-06 10:53:20.154  3359  3431 I DetoxActionHandlers: 	at com.wix.detox.adapters.server.InvokeActionHandler.handle(DetoxActionHandlers.kt:54)
04-06 10:53:20.154  3359  3431 I DetoxActionHandlers: 	at com.wix.detox.adapters.server.ActionsExecutor.executeAction$lambda$2$lambda$1(DetoxActionsDispatcher.kt:76)
04-06 10:53:20.154  3359  3431 I DetoxActionHandlers: 	at com.wix.detox.adapters.server.ActionsExecutor.$r8$lambda$GVbB7LHtBHxNHGbgYnHJ6YrwCqs(Unknown Source:0)
04-06 10:53:20.154  3359  3431 I DetoxActionHandlers: 	at com.wix.detox.adapters.server.ActionsExecutor$$ExternalSyntheticLambda0.run(D8$$SyntheticClass:0)
04-06 10:53:20.154  3359  3431 I DetoxActionHandlers: 	at android.os.Handler.handleCallback(Handler.java:942)
04-06 10:53:20.154  3359  3431 I DetoxActionHandlers: 	at android.os.Handler.dispatchMessage(Handler.java:99)
04-06 10:53:20.154  3359  3431 I DetoxActionHandlers: 	at android.os.Looper.loopOnce(Looper.java:226)
04-06 10:53:20.154  3359  3431 I DetoxActionHandlers: 	at android.os.Looper.loop(Looper.java:313)
04-06 10:53:20.154  3359  3431 I DetoxActionHandlers: 	at com.wix.detox.adapters.server.ActionsExecutor._init_$lambda$0(DetoxActionsDispatcher.kt:62)
04-06 10:53:20.154  3359  3431 I DetoxActionHandlers: 	at com.wix.detox.adapters.server.ActionsExecutor.$r8$lambda$xlgL0CQim6vNM0wWEqM8JIDgZUE(Unknown Source:0)
04-06 10:53:20.154  3359  3431 I DetoxActionHandlers: 	at com.wix.detox.adapters.server.ActionsExecutor$$ExternalSyntheticLambda1.run(D8$$SyntheticClass:0)
04-06 10:53:20.154  3359  3431 I DetoxActionHandlers: 	at java.lang.Thread.run(Thread.java:1012)
04-06 10:53:20.154  3359  3431 I DetoxActionHandlers: Caused by: com.wix.detox.common.DetoxErrors$DetoxRuntimeException: 3.0sec timeout expired without matching of given matcher: (view has effective visibility <VISIBLE> and view.getGlobalVisibleRect() covers at least <75> percent of the view's area)
04-06 10:53:20.154  3359  3431 I DetoxActionHandlers: 	at com.wix.detox.espresso.DetoxAssertion.waitForAssertMatcher(DetoxAssertion.java:72)
04-06 10:53:20.154  3359  3431 I DetoxActionHandlers: 	... 20 more
04-06 10:53:20.154  3359  3431 I DetoxWSClient: Sending out action 'testFailed' (ID #37)
04-06 10:53:20.155  3359  3431 I DetoxDispatcher: Done with action 'invoke'
04-06 10:53:20.159  3359  3440 D DetoxWSClient: Received action 'invoke' (ID #38, params={"target":{"type":"Class","value":"com.wix.detox.espresso.EspressoDetox"},"method":"perform","args":[{"type":"Invocation","value":{"target":{"type":"Class","value":"com.wix.detox.espresso.DetoxMatcher"},"method":"matcherForTestId","args":["workout-scroll",{"type":"boolean","value":false}]}},{"type":"Invocation","value":{"target":{"type":"Class","value":"com.wix.detox.espresso.DetoxAction"},"method":"swipeInDirection","args":[{"type":"Integer","value":4},{"type":"boolean","value":true},{"type":"Double","value":0.8},{"type":"Double","value":null},{"type":"Double","value":null}]}}]})
04-06 10:53:20.159  3359  3431 I DetoxDispatcher: Handling action 'invoke' (ID #38)...
04-06 10:53:20.160  3359  3431 D Detox   : class com.wix.detox.espresso.DetoxMatcher, matcherForTestId, [workout-scroll, false]
04-06 10:53:20.161  3359  3431 D Detox   : class com.wix.detox.espresso.DetoxAction, swipeInDirection, [4, true, 0.8, NaN, NaN]
04-06 10:53:20.162  3359  3431 D Detox   : class com.wix.detox.espresso.EspressoDetox, perform, [(view.getTag() is "workout-scroll" and view has effective visibility <VISIBLE>), androidx.test.espresso.action.GeneralSwipeAction@d5aaa29]
04-06 10:53:20.166  3359  3359 I ViewInteraction: Performing 'fast swipe' action on view (view.getTag() is "workout-scroll" and view has effective visibility <VISIBLE>)
04-06 10:53:20.170  3359  3359 I ViewRootImpl@914008f[MainActivity]: ViewPostIme pointer 0
04-06 10:53:20.222  3359  3359 I IMM_LC  : hsifw() - flag : 0
04-06 10:53:20.222  3359  3359 I IMM_LC  : hsifw() - mService.hideSoftInput
04-06 10:53:20.336  3359  3359 I ViewRootImpl@914008f[MainActivity]: ViewPostIme pointer 1
04-06 10:53:20.426  3359  3431 I DetoxWSClient: Sending out action 'invokeResult' (ID #38)
04-06 10:53:20.426  3359  3431 I DetoxDispatcher: Done with action 'invoke'
04-06 10:53:20.430  3359  3440 D DetoxWSClient: Received action 'invoke' (ID #39, params={"target":{"type":"Class","value":"com.wix.detox.espresso.DetoxAssertion"},"method":"waitForAssertMatcher","args":[{"type":"Invocation","value":{"target":{"type":"Class","value":"androidx.test.espresso.Espresso"},"method":"onView","args":[{"type":"Invocation","value":{"target":{"type":"Class","value":"com.wix.detox.espresso.DetoxMatcher"},"method":"matcherForTestId","args":["serie-salva-indicator",{"type":"boolean","value":false}]}}]}},{"type":"Invocation","value":{"target":{"type":"Class","value":"com.wix.detox.espresso.DetoxMatcher"},"method":"matcherForSufficientlyVisible","args":[{"type":"Integer","value":75}]}},{"type":"Double","value":3}]})
04-06 10:53:20.430  3359  3431 I DetoxDispatcher: Handling action 'invoke' (ID #39)...
04-06 10:53:20.430  3359  3431 D Detox   : class com.wix.detox.espresso.DetoxMatcher, matcherForTestId, [serie-salva-indicator, false]
04-06 10:53:20.431  3359  3431 D Detox   : class androidx.test.espresso.Espresso, onView, [(view.getTag() is "serie-salva-indicator" and view has effective visibility <VISIBLE>)]
04-06 10:53:20.432  3359  3431 D Detox   : class com.wix.detox.espresso.DetoxMatcher, matcherForSufficientlyVisible, [75]
04-06 10:53:20.432  3359  3431 D Detox   : class com.wix.detox.espresso.DetoxAssertion, waitForAssertMatcher, [androidx.test.espresso.ViewInteraction@31992dc, (view has effective visibility <VISIBLE> and view.getGlobalVisibleRect() covers at least <75> percent of the view's area), 3.0]
04-06 10:53:20.521  3359  3359 I ViewInteraction: Checking 'MatchesViewAssertion(Detox){viewMatcher=(view has effective visibility <VISIBLE> and view.getGlobalVisibleRect() covers at least <75> percent of the view's area)}' assertion on view (view.getTag() is "serie-salva-indicator" and view has effective visibility <VISIBLE>)
04-06 10:53:20.638  3359  3359 I ViewInteraction: Checking 'MatchesViewAssertion(Detox){viewMatcher=(view has effective visibility <VISIBLE> and view.getGlobalVisibleRect() covers at least <75> percent of the view's area)}' assertion on view (view.getTag() is "serie-salva-indicator" and view has effective visibility <VISIBLE>)
04-06 10:53:20.755  3359  3359 I ViewInteraction: Checking 'MatchesViewAssertion(Detox){viewMatcher=(view has effective visibility <VISIBLE> and view.getGlobalVisibleRect() covers at least <75> percent of the view's area)}' assertion on view (view.getTag() is "serie-salva-indicator" and view has effective visibility <VISIBLE>)
04-06 10:53:21.121  3359  3359 I ViewInteraction: Checking 'MatchesViewAssertion(Detox){viewMatcher=(view has effective visibility <VISIBLE> and view.getGlobalVisibleRect() covers at least <75> percent of the view's area)}' assertion on view (view.getTag() is "serie-salva-indicator" and view has effective visibility <VISIBLE>)
04-06 10:53:21.226  3359  3359 I ViewInteraction: Checking 'MatchesViewAssertion(Detox){viewMatcher=(view has effective visibility <VISIBLE> and view.getGlobalVisibleRect() covers at least <75> percent of the view's area)}' assertion on view (view.getTag() is "serie-salva-indicator" and view has effective visibility <VISIBLE>)
04-06 10:53:21.335  3359  3359 I ViewInteraction: Checking 'MatchesViewAssertion(Detox){viewMatcher=(view has effective visibility <VISIBLE> and view.getGlobalVisibleRect() covers at least <75> percent of the view's area)}' assertion on view (view.getTag() is "serie-salva-indicator" and view has effective visibility <VISIBLE>)
04-06 10:53:21.440  3359  3359 I ViewInteraction: Checking 'MatchesViewAssertion(Detox){viewMatcher=(view has effective visibility <VISIBLE> and view.getGlobalVisibleRect() covers at least <75> percent of the view's area)}' assertion on view (view.getTag() is "serie-salva-indicator" and view has effective visibility <VISIBLE>)
04-06 10:53:21.540  3359  3359 I ViewInteraction: Checking 'MatchesViewAssertion(Detox){viewMatcher=(view has effective visibility <VISIBLE> and view.getGlobalVisibleRect() covers at least <75> percent of the view's area)}' assertion on view (view.getTag() is "serie-salva-indicator" and view has effective visibility <VISIBLE>)
04-06 10:53:21.644  3359  3359 I ViewInteraction: Checking 'MatchesViewAssertion(Detox){viewMatcher=(view has effective visibility <VISIBLE> and view.getGlobalVisibleRect() covers at least <75> percent of the view's area)}' assertion on view (view.getTag() is "serie-salva-indicator" and view has effective visibility <VISIBLE>)
04-06 10:53:21.750  3359  3359 I ViewInteraction: Checking 'MatchesViewAssertion(Detox){viewMatcher=(view has effective visibility <VISIBLE> and view.getGlobalVisibleRect() covers at least <75> percent of the view's area)}' assertion on view (view.getTag() is "serie-salva-indicator" and view has effective visibility <VISIBLE>)
04-06 10:53:21.860  3359  3359 I ViewInteraction: Checking 'MatchesViewAssertion(Detox){viewMatcher=(view has effective visibility <VISIBLE> and view.getGlobalVisibleRect() covers at least <75> percent of the view's area)}' assertion on view (view.getTag() is "serie-salva-indicator" and view has effective visibility <VISIBLE>)
04-06 10:53:21.965  3359  3359 I ViewInteraction: Checking 'MatchesViewAssertion(Detox){viewMatcher=(view has effective visibility <VISIBLE> and view.getGlobalVisibleRect() covers at least <75> percent of the view's area)}' assertion on view (view.getTag() is "serie-salva-indicator" and view has effective visibility <VISIBLE>)
04-06 10:53:22.078  3359  3359 I ViewInteraction: Checking 'MatchesViewAssertion(Detox){viewMatcher=(view has effective visibility <VISIBLE> and view.getGlobalVisibleRect() covers at least <75> percent of the view's area)}' assertion on view (view.getTag() is "serie-salva-indicator" and view has effective visibility <VISIBLE>)
04-06 10:53:22.183  3359  3359 I ViewInteraction: Checking 'MatchesViewAssertion(Detox){viewMatcher=(view has effective visibility <VISIBLE> and view.getGlobalVisibleRect() covers at least <75> percent of the view's area)}' assertion on view (view.getTag() is "serie-salva-indicator" and view has effective visibility <VISIBLE>)
04-06 10:53:22.295  3359  3359 I ViewInteraction: Checking 'MatchesViewAssertion(Detox){viewMatcher=(view has effective visibility <VISIBLE> and view.getGlobalVisibleRect() covers at least <75> percent of the view's area)}' assertion on view (view.getTag() is "serie-salva-indicator" and view has effective visibility <VISIBLE>)
04-06 10:53:22.399  3359  3359 I ViewInteraction: Checking 'MatchesViewAssertion(Detox){viewMatcher=(view has effective visibility <VISIBLE> and view.getGlobalVisibleRect() covers at least <75> percent of the view's area)}' assertion on view (view.getTag() is "serie-salva-indicator" and view has effective visibility <VISIBLE>)
04-06 10:53:22.507  3359  3359 I ViewInteraction: Checking 'MatchesViewAssertion(Detox){viewMatcher=(view has effective visibility <VISIBLE> and view.getGlobalVisibleRect() covers at least <75> percent of the view's area)}' assertion on view (view.getTag() is "serie-salva-indicator" and view has effective visibility <VISIBLE>)
04-06 10:53:22.612  3359  3359 I ViewInteraction: Checking 'MatchesViewAssertion(Detox){viewMatcher=(view has effective visibility <VISIBLE> and view.getGlobalVisibleRect() covers at least <75> percent of the view's area)}' assertion on view (view.getTag() is "serie-salva-indicator" and view has effective visibility <VISIBLE>)
04-06 10:53:22.718  3359  3359 I ViewInteraction: Checking 'MatchesViewAssertion(Detox){viewMatcher=(view has effective visibility <VISIBLE> and view.getGlobalVisibleRect() covers at least <75> percent of the view's area)}' assertion on view (view.getTag() is "serie-salva-indicator" and view has effective visibility <VISIBLE>)
04-06 10:53:22.828  3359  3359 I ViewInteraction: Checking 'MatchesViewAssertion(Detox){viewMatcher=(view has effective visibility <VISIBLE> and view.getGlobalVisibleRect() covers at least <75> percent of the view's area)}' assertion on view (view.getTag() is "serie-salva-indicator" and view has effective visibility <VISIBLE>)
04-06 10:53:22.933  3359  3359 I ViewInteraction: Checking 'MatchesViewAssertion(Detox){viewMatcher=(view has effective visibility <VISIBLE> and view.getGlobalVisibleRect() covers at least <75> percent of the view's area)}' assertion on view (view.getTag() is "serie-salva-indicator" and view has effective visibility <VISIBLE>)
04-06 10:53:23.036  3359  3359 I ViewInteraction: Checking 'MatchesViewAssertion(Detox){viewMatcher=(view has effective visibility <VISIBLE> and view.getGlobalVisibleRect() covers at least <75> percent of the view's area)}' assertion on view (view.getTag() is "serie-salva-indicator" and view has effective visibility <VISIBLE>)
04-06 10:53:23.138  3359  3359 I ViewInteraction: Checking 'MatchesViewAssertion(Detox){viewMatcher=(view has effective visibility <VISIBLE> and view.getGlobalVisibleRect() covers at least <75> percent of the view's area)}' assertion on view (view.getTag() is "serie-salva-indicator" and view has effective visibility <VISIBLE>)
04-06 10:53:23.242  3359  3359 I ViewInteraction: Checking 'MatchesViewAssertion(Detox){viewMatcher=(view has effective visibility <VISIBLE> and view.getGlobalVisibleRect() covers at least <75> percent of the view's area)}' assertion on view (view.getTag() is "serie-salva-indicator" and view has effective visibility <VISIBLE>)
04-06 10:53:23.356  3359  3359 I ViewInteraction: Checking 'MatchesViewAssertion(Detox){viewMatcher=(view has effective visibility <VISIBLE> and view.getGlobalVisibleRect() covers at least <75> percent of the view's area)}' assertion on view (view.getTag() is "serie-salva-indicator" and view has effective visibility <VISIBLE>)
04-06 10:53:23.457  3359  3359 I ViewInteraction: Checking 'MatchesViewAssertion(Detox){viewMatcher=(view has effective visibility <VISIBLE> and view.getGlobalVisibleRect() covers at least <75> percent of the view's area)}' assertion on view (view.getTag() is "serie-salva-indicator" and view has effective visibility <VISIBLE>)
04-06 10:53:23.485  3359  3431 I DetoxActionHandlers: Test exception
04-06 10:53:23.485  3359  3431 I DetoxActionHandlers: java.lang.reflect.InvocationTargetException
04-06 10:53:23.485  3359  3431 I DetoxActionHandlers: 	at java.lang.reflect.Method.invoke(Native Method)
04-06 10:53:23.485  3359  3431 I DetoxActionHandlers: 	at org.apache.commons.lang3.reflect.MethodUtils.invokeStaticMethod(MethodUtils.java:443)
04-06 10:53:23.485  3359  3431 I DetoxActionHandlers: 	at org.apache.commons.lang3.reflect.MethodUtils.invokeStaticMethod(MethodUtils.java:405)
04-06 10:53:23.485  3359  3431 I DetoxActionHandlers: 	at com.wix.invoke.types.ClassTarget.execute(ClassTarget.java:23)
04-06 10:53:23.485  3359  3431 I DetoxActionHandlers: 	at com.wix.invoke.types.Target.invoke(Target.java:59)
04-06 10:53:23.485  3359  3431 I DetoxActionHandlers: 	at com.wix.invoke.MethodInvocation.invoke(MethodInvocation.java:35)
04-06 10:53:23.485  3359  3431 I DetoxActionHandlers: 	at com.wix.invoke.MethodInvocation.invoke(MethodInvocation.java:26)
04-06 10:53:23.485  3359  3431 I DetoxActionHandlers: 	at com.wix.invoke.MethodInvocation.invoke(MethodInvocation.java:20)
04-06 10:53:23.485  3359  3431 I DetoxActionHandlers: 	at com.wix.detox.adapters.server.InvokeActionHandler.handle(DetoxActionHandlers.kt:54)
04-06 10:53:23.485  3359  3431 I DetoxActionHandlers: 	at com.wix.detox.adapters.server.ActionsExecutor.executeAction$lambda$2$lambda$1(DetoxActionsDispatcher.kt:76)
04-06 10:53:23.485  3359  3431 I DetoxActionHandlers: 	at com.wix.detox.adapters.server.ActionsExecutor.$r8$lambda$GVbB7LHtBHxNHGbgYnHJ6YrwCqs(Unknown Source:0)
04-06 10:53:23.485  3359  3431 I DetoxActionHandlers: 	at com.wix.detox.adapters.server.ActionsExecutor$$ExternalSyntheticLambda0.run(D8$$SyntheticClass:0)
04-06 10:53:23.485  3359  3431 I DetoxActionHandlers: 	at android.os.Handler.handleCallback(Handler.java:942)
04-06 10:53:23.485  3359  3431 I DetoxActionHandlers: 	at android.os.Handler.dispatchMessage(Handler.java:99)
04-06 10:53:23.485  3359  3431 I DetoxActionHandlers: 	at android.os.Looper.loopOnce(Looper.java:226)
04-06 10:53:23.485  3359  3431 I DetoxActionHandlers: 	at android.os.Looper.loop(Looper.java:313)
04-06 10:53:23.485  3359  3431 I DetoxActionHandlers: 	at com.wix.detox.adapters.server.ActionsExecutor._init_$lambda$0(DetoxActionsDispatcher.kt:62)
04-06 10:53:23.485  3359  3431 I DetoxActionHandlers: 	at com.wix.detox.adapters.server.ActionsExecutor.$r8$lambda$xlgL0CQim6vNM0wWEqM8JIDgZUE(Unknown Source:0)
04-06 10:53:23.485  3359  3431 I DetoxActionHandlers: 	at com.wix.detox.adapters.server.ActionsExecutor$$ExternalSyntheticLambda1.run(D8$$SyntheticClass:0)
04-06 10:53:23.485  3359  3431 I DetoxActionHandlers: 	at java.lang.Thread.run(Thread.java:1012)
04-06 10:53:23.485  3359  3431 I DetoxActionHandlers: Caused by: com.wix.detox.common.DetoxErrors$DetoxRuntimeException: 3.0sec timeout expired without matching of given matcher: (view has effective visibility <VISIBLE> and view.getGlobalVisibleRect() covers at least <75> percent of the view's area)
04-06 10:53:23.485  3359  3431 I DetoxActionHandlers: 	at com.wix.detox.espresso.DetoxAssertion.waitForAssertMatcher(DetoxAssertion.java:72)
04-06 10:53:23.485  3359  3431 I DetoxActionHandlers: 	... 20 more
04-06 10:53:23.485  3359  3431 I DetoxWSClient: Sending out action 'testFailed' (ID #39)
04-06 10:53:23.485  3359  3431 I DetoxDispatcher: Done with action 'invoke'
04-06 10:53:23.489  3359  3440 D DetoxWSClient: Received action 'invoke' (ID #40, params={"target":{"type":"Class","value":"com.wix.detox.espresso.EspressoDetox"},"method":"perform","args":[{"type":"Invocation","value":{"target":{"type":"Class","value":"com.wix.detox.espresso.DetoxMatcher"},"method":"matcherForTestId","args":["workout-scroll",{"type":"boolean","value":false}]}},{"type":"Invocation","value":{"target":{"type":"Class","value":"com.wix.detox.espresso.DetoxAction"},"method":"swipeInDirection","args":[{"type":"Integer","value":4},{"type":"boolean","value":true},{"type":"Double","value":0.8},{"type":"Double","value":null},{"type":"Double","value":null}]}}]})
04-06 10:53:23.489  3359  3431 I DetoxDispatcher: Handling action 'invoke' (ID #40)...
04-06 10:53:23.490  3359  3431 D Detox   : class com.wix.detox.espresso.DetoxMatcher, matcherForTestId, [workout-scroll, false]
04-06 10:53:23.491  3359  3431 D Detox   : class com.wix.detox.espresso.DetoxAction, swipeInDirection, [4, true, 0.8, NaN, NaN]
04-06 10:53:23.492  3359  3431 D Detox   : class com.wix.detox.espresso.EspressoDetox, perform, [(view.getTag() is "workout-scroll" and view has effective visibility <VISIBLE>), androidx.test.espresso.action.GeneralSwipeAction@41b00c8]
04-06 10:53:23.497  3359  3359 I ViewInteraction: Performing 'fast swipe' action on view (view.getTag() is "workout-scroll" and view has effective visibility <VISIBLE>)
04-06 10:53:23.502  3359  3359 I ViewRootImpl@914008f[MainActivity]: ViewPostIme pointer 0
04-06 10:53:23.666  3359  3359 I ViewRootImpl@914008f[MainActivity]: ViewPostIme pointer 1
04-06 10:53:23.753  3359  3431 I DetoxWSClient: Sending out action 'invokeResult' (ID #40)
04-06 10:53:23.754  3359  3431 I DetoxDispatcher: Done with action 'invoke'
04-06 10:53:23.758  3359  3440 D DetoxWSClient: Received action 'invoke' (ID #41, params={"target":{"type":"Class","value":"com.wix.detox.espresso.DetoxAssertion"},"method":"waitForAssertMatcher","args":[{"type":"Invocation","value":{"target":{"type":"Class","value":"androidx.test.espresso.Espresso"},"method":"onView","args":[{"type":"Invocation","value":{"target":{"type":"Class","value":"com.wix.detox.espresso.DetoxMatcher"},"method":"matcherForTestId","args":["serie-salva-indicator",{"type":"boolean","value":false}]}}]}},{"type":"Invocation","value":{"target":{"type":"Class","value":"com.wix.detox.espresso.DetoxMatcher"},"method":"matcherForSufficientlyVisible","args":[{"type":"Integer","value":75}]}},{"type":"Double","value":3}]})
04-06 10:53:23.758  3359  3431 I DetoxDispatcher: Handling action 'invoke' (ID #41)...
04-06 10:53:23.758  3359  3431 D Detox   : class com.wix.detox.espresso.DetoxMatcher, matcherForTestId, [serie-salva-indicator, false]
04-06 10:53:23.759  3359  3431 D Detox   : class androidx.test.espresso.Espresso, onView, [(view.getTag() is "serie-salva-indicator" and view has effective visibility <VISIBLE>)]
04-06 10:53:23.760  3359  3431 D Detox   : class com.wix.detox.espresso.DetoxMatcher, matcherForSufficientlyVisible, [75]
04-06 10:53:23.760  3359  3431 D Detox   : class com.wix.detox.espresso.DetoxAssertion, waitForAssertMatcher, [androidx.test.espresso.ViewInteraction@ff7b886, (view has effective visibility <VISIBLE> and view.getGlobalVisibleRect() covers at least <75> percent of the view's area), 3.0]
04-06 10:53:23.846  3359  3359 I ViewInteraction: Checking 'MatchesViewAssertion(Detox){viewMatcher=(view has effective visibility <VISIBLE> and view.getGlobalVisibleRect() covers at least <75> percent of the view's area)}' assertion on view (view.getTag() is "serie-salva-indicator" and view has effective visibility <VISIBLE>)
04-06 10:53:23.953  3359  3359 I ViewInteraction: Checking 'MatchesViewAssertion(Detox){viewMatcher=(view has effective visibility <VISIBLE> and view.getGlobalVisibleRect() covers at least <75> percent of the view's area)}' assertion on view (view.getTag() is "serie-salva-indicator" and view has effective visibility <VISIBLE>)
04-06 10:53:24.061  3359  3359 I ViewInteraction: Checking 'MatchesViewAssertion(Detox){viewMatcher=(view has effective visibility <VISIBLE> and view.getGlobalVisibleRect() covers at least <75> percent of the view's area)}' assertion on view (view.getTag() is "serie-salva-indicator" and view has effective visibility <VISIBLE>)
04-06 10:53:24.433  3359  3359 I ViewInteraction: Checking 'MatchesViewAssertion(Detox){viewMatcher=(view has effective visibility <VISIBLE> and view.getGlobalVisibleRect() covers at least <75> percent of the view's area)}' assertion on view (view.getTag() is "serie-salva-indicator" and view has effective visibility <VISIBLE>)
04-06 10:53:24.539  3359  3359 I ViewInteraction: Checking 'MatchesViewAssertion(Detox){viewMatcher=(view has effective visibility <VISIBLE> and view.getGlobalVisibleRect() covers at least <75> percent of the view's area)}' assertion on view (view.getTag() is "serie-salva-indicator" and view has effective visibility <VISIBLE>)
04-06 10:53:24.650  3359  3359 I ViewInteraction: Checking 'MatchesViewAssertion(Detox){viewMatcher=(view has effective visibility <VISIBLE> and view.getGlobalVisibleRect() covers at least <75> percent of the view's area)}' assertion on view (view.getTag() is "serie-salva-indicator" and view has effective visibility <VISIBLE>)
04-06 10:53:24.750  3359  3359 I ViewInteraction: Checking 'MatchesViewAssertion(Detox){viewMatcher=(view has effective visibility <VISIBLE> and view.getGlobalVisibleRect() covers at least <75> percent of the view's area)}' assertion on view (view.getTag() is "serie-salva-indicator" and view has effective visibility <VISIBLE>)
04-06 10:53:24.858  3359  3359 I ViewInteraction: Checking 'MatchesViewAssertion(Detox){viewMatcher=(view has effective visibility <VISIBLE> and view.getGlobalVisibleRect() covers at least <75> percent of the view's area)}' assertion on view (view.getTag() is "serie-salva-indicator" and view has effective visibility <VISIBLE>)
