04-06 10:53:07.034  3359  3431 I DetoxDispatcher: Done with action 'invoke'
04-06 10:53:07.038  3359  3440 D DetoxWSClient: Received action 'invoke' (ID #6, params={"target":{"type":"Class","value":"com.wix.detox.espresso.EspressoDetox"},"method":"perform","args":[{"type":"Invocation","value":{"target":{"type":"Class","value":"com.wix.detox.espresso.DetoxMatcher"},"method":"matcherForTestId","args":["input-peso-atual",{"type":"boolean","value":false}]}},{"type":"Invocation","value":{"target":{"type":"Class","value":"androidx.test.espresso.action.ViewActions"},"method":"replaceText","args":["82"]}}]})
04-06 10:53:07.038  3359  3431 I DetoxDispatcher: Handling action 'invoke' (ID #6)...
04-06 10:53:07.038  3359  3431 D Detox   : class com.wix.detox.espresso.DetoxMatcher, matcherForTestId, [input-peso-atual, false]
04-06 10:53:07.039  3359  3431 D Detox   : class androidx.test.espresso.action.ViewActions, replaceText, [82]
04-06 10:53:07.039  3359  3431 D Detox   : class com.wix.detox.espresso.EspressoDetox, perform, [(view.getTag() is "input-peso-atual" and view has effective visibility <VISIBLE>), androidx.test.espresso.action.ReplaceTextAction@a3eff71]
04-06 10:53:07.047  3359  3359 D InputMethodManager: startInputInner - Id : 0
04-06 10:53:07.047  3359  3359 I InputMethodManager: startInputInner - mService.startInputOrWindowGainedFocus
04-06 10:53:07.082  3359  3359 D InsetsController: show(ime(), fromIme=true)
04-06 10:53:07.105  3359  3359 D InputMethodManager: startInputInner - Id : 0
04-06 10:53:07.105  3359  3359 I InputMethodManager: startInputInner - mService.startInputOrWindowGainedFocus
04-06 10:53:07.114  3359  3359 I ViewInteraction: Performing 'replace text(82)' action on view (view.getTag() is "input-peso-atual" and view has effective visibility <VISIBLE>)
04-06 10:53:07.114  3359  3386 I om.evolucao.app: Compiler allocated 6133KB to compile void android.view.ViewRootImpl.performTraversals()
04-06 10:53:07.119  3359  3431 I DetoxWSClient: Sending out action 'invokeResult' (ID #6)
04-06 10:53:07.120  3359  3431 I DetoxDispatcher: Done with action 'invoke'
04-06 10:53:07.127  3359  3440 D DetoxWSClient: Received action 'invoke' (ID #7, params={"target":{"type":"Class","value":"com.wix.detox.espresso.DetoxAssertion"},"method":"assertMatcher","args":[{"type":"Invocation","value":{"target":{"type":"Class","value":"androidx.test.espresso.Espresso"},"method":"onView","args":[{"type":"Invocation","value":{"target":{"type":"Class","value":"com.wix.detox.espresso.DetoxMatcher"},"method":"matcherForTestId","args":["input-peso-atual",{"type":"boolean","value":false}]}}]}},{"type":"Invocation","value":{"target":{"type":"Class","value":"com.wix.detox.espresso.DetoxMatcher"},"method":"matcherForText","args":["82",{"type":"boolean","value":false}]}}]})
04-06 10:53:07.132  3359  3359 D InputMethodManager: startInputInner - Id : 0
04-06 10:53:07.132  3359  3359 I InputMethodManager: startInputInner - mService.startInputOrWindowGainedFocus
04-06 10:53:07.135  3359  3431 I DetoxDispatcher: Handling action 'invoke' (ID #7)...
04-06 10:53:07.135  3359  3359 D InsetsController: cancelAnimation of types: 8, animType: 0, host: com.evolucao.app/com.evolucao.app.MainActivity, from:android.view.InsetsController.notifyFinished:1375 android.view.InsetsAnimationThreadControlRunner$1.lambda$notifyFinished$0$android-view-InsetsAnimationThreadControlRunner$1:84 android.view.InsetsAnimationThreadControlRunner$1$$ExternalSyntheticLambda1.run:4 
04-06 10:53:07.135  3359  3359 D InsetsSourceConsumer: ensureControlPosition: Point(0, 88) for ITYPE_IME on com.evolucao.app/com.evolucao.app.MainActivity from android.view.InsetsSourceConsumer.notifyAnimationFinished:419
04-06 10:53:07.135  3359  3431 D Detox   : class com.wix.detox.espresso.DetoxMatcher, matcherForTestId, [input-peso-atual, false]
04-06 10:53:07.136  3359  3431 D Detox   : class androidx.test.espresso.Espresso, onView, [(view.getTag() is "input-peso-atual" and view has effective visibility <VISIBLE>)]
04-06 10:53:07.137  3359  3431 D Detox   : class com.wix.detox.espresso.DetoxMatcher, matcherForText, [82, false]
04-06 10:53:07.138  3359  3431 D Detox   : class com.wix.detox.espresso.DetoxAssertion, assertMatcher, [androidx.test.espresso.ViewInteraction@a3dd442, (an instance of android.widget.TextView and view.getText() with or without transformation to match: is "82" and view has effective visibility <VISIBLE>)]
04-06 10:53:07.142  3359  3459 D OpenGLRenderer: setSurface called with nullptr
04-06 10:53:07.142  3359  3459 D OpenGLRenderer: setSurface() destroyed EGLSurface
04-06 10:53:07.142  3359  3459 D OpenGLRenderer: destroyEglSurface
04-06 10:53:07.143  3359  3359 I ViewRootImpl@71c9c15[PopupWindow:f3581cc]: dispatchDetachedFromWindow
04-06 10:53:07.147  3359  3359 D InputTransport: Input channel destroyed: '4fa0fec', fd=166
04-06 10:53:07.148  3359  3459 D OpenGLRenderer: setSurface called with nullptr
04-06 10:53:07.148  3359  3459 D OpenGLRenderer: setSurface() destroyed EGLSurface
04-06 10:53:07.148  3359  3459 D OpenGLRenderer: destroyEglSurface
04-06 10:53:07.149  3359  3359 I ViewRootImpl@303e64[PopupWindow:70a0ff7]: dispatchDetachedFromWindow
04-06 10:53:07.152  3359  3359 D InputTransport: Input channel destroyed: '926c231', fd=167
04-06 10:53:07.155  3359  3491 I ViewRootImpl@914008f[MainActivity]: mWNT: t=0xb4000070a6eac000 mBlastBufferQueue=0xb4000070c2c34c00 fn= 13 caller= android.view.SyncRtSurfaceTransactionApplier.applyTransaction:96 android.view.SyncRtSurfaceTransactionApplier.lambda$scheduleApply$0$android-view-SyncRtSurfaceTransactionApplier:69 android.view.SyncRtSurfaceTransactionApplier$$ExternalSyntheticLambda0.onFrameDraw:4 
04-06 10:53:07.163  3359  3359 D InsetsController: show(ime(), fromIme=true)
04-06 10:53:07.180  3359  3359 D InsetsController: show(ime(), fromIme=true)
04-06 10:53:07.182  3359  3359 I ViewInteraction: Checking 'MatchesViewAssertion(Detox){viewMatcher=(an instance of android.widget.TextView and view.getText() with or without transformation to match: is "82" and view has effective visibility <VISIBLE>)}' assertion on view (view.getTag() is "input-peso-atual" and view has effective visibility <VISIBLE>)
04-06 10:53:07.185  3359  3431 I DetoxWSClient: Sending out action 'invokeResult' (ID #7)
04-06 10:53:07.185  3359  3431 I DetoxDispatcher: Done with action 'invoke'
04-06 10:53:07.189  3359  3440 D DetoxWSClient: Received action 'invoke' (ID #8, params={"target":{"type":"Class","value":"com.wix.detox.espresso.EspressoDetox"},"method":"perform","args":[{"type":"Invocation","value":{"target":{"type":"Class","value":"com.wix.detox.espresso.DetoxMatcher"},"method":"matcherForTestId","args":["input-peso-meta",{"type":"boolean","value":false}]}},{"type":"Invocation","value":{"target":{"type":"Class","value":"com.wix.detox.espresso.DetoxViewActions"},"method":"click","args":[]}}]})
04-06 10:53:07.189  3359  3431 I DetoxDispatcher: Handling action 'invoke' (ID #8)...
04-06 10:53:07.190  3359  3431 D Detox   : class com.wix.detox.espresso.DetoxMatcher, matcherForTestId, [input-peso-meta, false]
04-06 10:53:07.190  3359  3431 D Detox   : class com.wix.detox.espresso.DetoxViewActions, click, []
04-06 10:53:07.190  3359  3431 D Detox   : class com.wix.detox.espresso.EspressoDetox, perform, [(view.getTag() is "input-peso-meta" and view has effective visibility <VISIBLE>), com.wix.detox.espresso.action.RNClickAction@77d1f2]
04-06 10:53:07.195  3359  3359 I ViewInteraction: Performing 'com.wix.detox.espresso.action.detoxsingletap@8285043 click' action on view (view.getTag() is "input-peso-meta" and view has effective visibility <VISIBLE>)
04-06 10:53:07.200  3359  3359 I ViewRootImpl@914008f[MainActivity]: ViewPostIme pointer 0
04-06 10:53:07.230  3359  3359 I ViewRootImpl@914008f[MainActivity]: ViewPostIme pointer 1
04-06 10:53:07.237  3359  3359 D InputMethodManager: startInputInner - Id : 0
04-06 10:53:07.238  3359  3359 I InputMethodManager: startInputInner - mService.startInputOrWindowGainedFocus
04-06 10:53:07.241  3359  3359 I IMM_LC  : showSoftInput(View,I)
04-06 10:53:07.241  3359  3359 I IMM_LC  : ssi() - flag : 0 view : com.evolucao.app reason = SHOW_SOFT_INPUT
04-06 10:53:07.251  3359  3459 D NativeCustomFrequencyManager: [NativeCFMS] BpCustomFrequencyManager::BpCustomFrequencyManager()
04-06 10:53:07.255  3359  3359 D InsetsController: onStateChanged: InsetsState: {mDisplayFrame=Rect(0, 0 - 1080, 2400), mDisplayCutout=DisplayCutout{insets=Rect(0, 88 - 0, 0) waterfall=Insets{left=0, top=0, right=0, bottom=0} boundingRect={Bounds=[Rect(0, 0 - 0, 0), Rect(512, 0 - 568, 88), Rect(0, 0 - 0, 0), Rect(0, 0 - 0, 0)]} cutoutPathParserInfo={CutoutPathParserInfo{displayWidth=1080 displayHeight=2400 physicalDisplayWidth=1080 physicalDisplayHeight=2400 density={3.0} cutoutSpec={M 0,0 M 0,10.71963616907435 a 9.280363830925644,9.280363830925644 0 1,0 0,18.56072766185129 a 9.280363830925644,9.280363830925644 0 1,0 0,-18.56072766185129 Z @dp} rotation={0} scale={1.0} physicalPixelDisplaySizeRatio={1.0}}}}, mRoundedCorners=RoundedCorners{[RoundedCorner{position=TopLeft, radius=96, center=Point(96, 96)}, RoundedCorner{position=TopRight, radius=96, center=Point(984, 96)}, RoundedCorner{position=BottomRight, radius=96, center=Point(984, 2304)}, RoundedCorner{position=BottomLeft, radius=96, center=Point(96, 2304)}]}  mRoundedCornerFrame=Rect(0, 0 - 1080, 2400), mPrivacyIndicatorBounds=PrivacyIndicatorBounds {static bounds=Rect(948, 0 - 1080, 88) rotation=0}, mSources= { InsetsSource: {mType=ITYPE_STATUS_BAR, mFrame=[0,0][1080,88], mVisible=true, mInsetsRoundedCornerFrame=false}, InsetsSource: {mType=ITYPE_NAVIGATION_BAR, mFrame=[0,2256][1080,2400], mVisible=true, mInsetsRoundedCornerFrame=false}, InsetsSource: {mType=ITYPE_LEFT_GESTURES, mFrame=[0,0][0,2400], mVisible=true, mInsetsRoundedCornerFrame=false}, InsetsSource: {mType=ITYPE_RIGHT_GESTURES, mFrame=[1080,0][1080,2400], mVisible=true, mInsetsRoundedCornerFrame=false}, InsetsSource: {mType=ITYPE_TOP_MANDATORY_GESTURES, mFrame=[0,0][1080,124], mVisible=true, mInsetsRoundedCornerFrame=false}, InsetsSource: {mType=ITYPE_BOTTOM_MANDATORY_GESTURES, mFrame=[0,2256][1080,2400], mVisible=true, mInsetsRoundedCornerFrame=false}, InsetsSource: {mType=ITYPE_LEFT_DISPLAY_CUTOUT, mFrame=[0,0][-100000,2400], mVisible=true, mInsetsRoundedCornerFrame=false}, InsetsSource: {mType=ITYPE_TOP_DISPLAY_CUTOUT, mFrame=[0,0][1080,88], mVisible=true, mInsetsRoundedCornerFrame=false}, InsetsSource: {mType=ITYPE_RIGHT_DISPLAY_CUTOUT, mFrame=[100000,0][1080,2400], mVisible=true, mInsetsRoundedCornerFrame=false}, InsetsSource: {mType=ITYPE_BOTTOM_DISPLAY_CUTOUT, mFrame=[0,100000][1080,2400], mVisible=true, mInsetsRoundedCornerFrame=false}, InsetsSource: {mType=ITYPE_TOP_TAPPABLE_ELEMENT, mFrame=[0,0][1080,88], mVisible=true, mInsetsRoundedCornerFrame=false}, InsetsSource: {mType=ITYPE_BOTTOM_TAPPABLE_ELEMENT, mFrame=[0,2256][1080,2400], mVisible=true, mInsetsRoundedCornerFrame=false} } host=PopupWindow:d134ff9 from=android.view.ViewRootImpl.setView:1732
04-06 10:53:07.257  3359  3359 I ViewRootImpl@72d1b3e[PopupWindow:d134ff9]: setView = android.widget.PopupWindow$PopupDecorView@85bad4a TM=false
04-06 10:53:07.259  3359  3459 D NativeCustomFrequencyManager: [NativeCFMS] BpCustomFrequencyManager::BpCustomFrequencyManager()
04-06 10:53:07.262  3359  3359 D InsetsController: onStateChanged: InsetsState: {mDisplayFrame=Rect(0, 0 - 1080, 2400), mDisplayCutout=DisplayCutout{insets=Rect(0, 88 - 0, 0) waterfall=Insets{left=0, top=0, right=0, bottom=0} boundingRect={Bounds=[Rect(0, 0 - 0, 0), Rect(512, 0 - 568, 88), Rect(0, 0 - 0, 0), Rect(0, 0 - 0, 0)]} cutoutPathParserInfo={CutoutPathParserInfo{displayWidth=1080 displayHeight=2400 physicalDisplayWidth=1080 physicalDisplayHeight=2400 density={3.0} cutoutSpec={M 0,0 M 0,10.71963616907435 a 9.280363830925644,9.280363830925644 0 1,0 0,18.56072766185129 a 9.280363830925644,9.280363830925644 0 1,0 0,-18.56072766185129 Z @dp} rotation={0} scale={1.0} physicalPixelDisplaySizeRatio={1.0}}}}, mRoundedCorners=RoundedCorners{[RoundedCorner{position=TopLeft, radius=96, center=Point(96, 96)}, RoundedCorner{position=TopRight, radius=96, center=Point(984, 96)}, RoundedCorner{position=BottomRight, radius=96, center=Point(984, 2304)}, RoundedCorner{position=BottomLeft, radius=96, center=Point(96, 2304)}]}  mRoundedCornerFrame=Rect(0, 0 - 1080, 2400), mPrivacyIndicatorBounds=PrivacyIndicatorBounds {static bounds=Rect(948, 0 - 1080, 88) rotation=0}, mSources= { InsetsSource: {mType=ITYPE_STATUS_BAR, mFrame=[0,0][1080,88], mVisible=true, mInsetsRoundedCornerFrame=false}, InsetsSource: {mType=ITYPE_NAVIGATION_BAR, mFrame=[0,2256][1080,2400], mVisible=true, mInsetsRoundedCornerFrame=false}, InsetsSource: {mType=ITYPE_LEFT_GESTURES, mFrame=[0,0][0,2400], mVisible=true, mInsetsRoundedCornerFrame=false}, InsetsSource: {mType=ITYPE_RIGHT_GESTURES, mFrame=[1080,0][1080,2400], mVisible=true, mInsetsRoundedCornerFrame=false}, InsetsSource: {mType=ITYPE_TOP_MANDATORY_GESTURES, mFrame=[0,0][1080,124], mVisible=true, mInsetsRoundedCornerFrame=false}, InsetsSource: {mType=ITYPE_BOTTOM_MANDATORY_GESTURES, mFrame=[0,2256][1080,2400], mVisible=true, mInsetsRoundedCornerFrame=false}, InsetsSource: {mType=ITYPE_LEFT_DISPLAY_CUTOUT, mFrame=[0,0][-100000,2400], mVisible=true, mInsetsRoundedCornerFrame=false}, InsetsSource: {mType=ITYPE_TOP_DISPLAY_CUTOUT, mFrame=[0,0][1080,88], mVisible=true, mInsetsRoundedCornerFrame=false}, InsetsSource: {mType=ITYPE_RIGHT_DISPLAY_CUTOUT, mFrame=[100000,0][1080,2400], mVisible=true, mInsetsRoundedCornerFrame=false}, InsetsSource: {mType=ITYPE_BOTTOM_DISPLAY_CUTOUT, mFrame=[0,100000][1080,2400], mVisible=true, mInsetsRoundedCornerFrame=false}, InsetsSource: {mType=ITYPE_TOP_TAPPABLE_ELEMENT, mFrame=[0,0][1080,88], mVisible=true, mInsetsRoundedCornerFrame=false}, InsetsSource: {mType=ITYPE_BOTTOM_TAPPABLE_ELEMENT, mFrame=[0,2256][1080,2400], mVisible=true, mInsetsRoundedCornerFrame=false} } host=PopupWindow:488add8 from=android.view.ViewRootImpl.setView:1732
04-06 10:53:07.263  3359  3359 I ViewRootImpl@3a0531[PopupWindow:488add8]: setView = android.widget.PopupWindow$PopupDecorView@ff8c36d TM=false
04-06 10:53:07.267  3359  3359 I IMM_LC  : showSoftInput(View,I)
04-06 10:53:07.267  3359  3359 I IMM_LC  : ssi() - flag : 0 view : com.evolucao.app reason = SHOW_SOFT_INPUT
04-06 10:53:07.270  3359  3359 I ViewRootImpl@72d1b3e[PopupWindow:d134ff9]: performTraversals params={(112,1390)(90x108) gr=TOP START CENTER sim={state=unchanged adjust=pan} ty=APPLICATION_SUB_PANEL fmt=TRANSLUCENT wanim=0x1030313 surfaceInsets=Rect(0, 0 - 0, 0) (manual)
04-06 10:53:07.270  3359  3359 I ViewRootImpl@72d1b3e[PopupWindow:d134ff9]:   fl=41800208
04-06 10:53:07.270  3359  3359 I ViewRootImpl@72d1b3e[PopupWindow:d134ff9]:   pfl=2018000
04-06 10:53:07.270  3359  3359 I ViewRootImpl@72d1b3e[PopupWindow:d134ff9]:   bhv=DEFAULT
04-06 10:53:07.270  3359  3359 I ViewRootImpl@72d1b3e[PopupWindow:d134ff9]:   fitTypes=STATUS_BARS NAVIGATION_BARS CAPTION_BAR naviIconColor=0
04-06 10:53:07.270  3359  3359 I ViewRootImpl@72d1b3e[PopupWindow:d134ff9]:   sfl=20000}
04-06 10:53:07.271  3359  3359 I ViewRootImpl@72d1b3e[PopupWindow:d134ff9]: performTraversals mFirst=true windowShouldResize=true viewVisibilityChanged=false mForceNextWindowRelayout=false params={(112,1390)(90x108) gr=TOP START CENTER sim={state=unchanged adjust=pan} ty=APPLICATION_SUB_PANEL fmt=TRANSLUCENT wanim=0x1030313 surfaceInsets=Rect(0, 0 - 0, 0) (manual)
04-06 10:53:07.271  3359  3359 I ViewRootImpl@72d1b3e[PopupWindow:d134ff9]:   fl=41800208
04-06 10:53:07.271  3359  3359 I ViewRootImpl@72d1b3e[PopupWindow:d134ff9]:   pfl=42018000
04-06 10:53:07.271  3359  3359 I ViewRootImpl@72d1b3e[PopupWindow:d134ff9]:   bhv=DEFAULT
04-06 10:53:07.271  3359  3359 I ViewRootImpl@72d1b3e[PopupWindow:d134ff9]:   fitTypes=STATUS_BARS NAVIGATION_BARS CAPTION_BAR naviIconColor=0
04-06 10:53:07.271  3359  3359 I ViewRootImpl@72d1b3e[PopupWindow:d134ff9]:   sfl=20000}
04-06 10:53:07.276  3359  3394 I ViewRootImpl@72d1b3e[PopupWindow:d134ff9]: Resizing android.view.ViewRootImpl@f1184bb: frame = [112,1390][202,1498] reportDraw = true forceLayout = false syncSeqId = 0
04-06 10:53:07.278  3359  3359 I ViewRootImpl@72d1b3e[PopupWindow:d134ff9]: updateBlastSurfaceIfNeeded mBlastBufferQueue=null isSameSurfaceControl=false
04-06 10:53:07.279  3359  3359 I BLASTBufferQueue: new BLASTBufferQueue, mName= ViewRootImpl@72d1b3e[PopupWindow:d134ff9] mNativeObject= 0xb4000069fdaa1280 sc.mNativeObject= 0xb4000069fd620820 caller= android.view.ViewRootImpl.updateBlastSurfaceIfNeeded:2909 android.view.ViewRootImpl.relayoutWindow:9847 android.view.ViewRootImpl.performTraversals:3884 android.view.ViewRootImpl.doTraversal:3116 android.view.ViewRootImpl$TraversalRunnable.run:10885 android.view.Choreographer$CallbackRecord.run:1301 android.view.Choreographer$CallbackRecord.run:1309 android.view.Choreographer.doCallbacks:923 android.view.Choreographer.doFrame:852 android.view.Choreographer$FrameDisplayEventReceiver.run:1283 
04-06 10:53:07.279  3359  3359 I BLASTBufferQueue: update, w= 90 h= 108 mName = ViewRootImpl@72d1b3e[PopupWindow:d134ff9] mNativeObject= 0xb4000069fdaa1280 sc.mNativeObject= 0xb4000069fd620820 format= -3 caller= android.graphics.BLASTBufferQueue.<init>:84 android.view.ViewRootImpl.updateBlastSurfaceIfNeeded:2909 android.view.ViewRootImpl.relayoutWindow:9847 android.view.ViewRootImpl.performTraversals:3884 android.view.ViewRootImpl.doTraversal:3116 android.view.ViewRootImpl$TraversalRunnable.run:10885 
04-06 10:53:07.279  3359  3359 I ViewRootImpl@72d1b3e[PopupWindow:d134ff9]: Relayout returned: old=(112,1390,202,1498) new=(112,1390,202,1498) req=(90,108)0 dur=7 res=0x3 s={true 0xb4000069f84dc800} ch=true seqId=0
04-06 10:53:07.280  3359  3359 I ViewRootImpl@72d1b3e[PopupWindow:d134ff9]: mThreadedRenderer.initialize() mSurface={isValid=true 0xb4000069f84dc800} hwInitialized=true
04-06 10:53:07.280  3359  3459 D OpenGLRenderer: eglCreateWindowSurface
04-06 10:53:07.281  3359  3359 I ViewRootImpl@72d1b3e[PopupWindow:d134ff9]: reportNextDraw android.view.ViewRootImpl.performTraversals:4438 android.view.ViewRootImpl.doTraversal:3116 android.view.ViewRootImpl$TraversalRunnable.run:10885 android.view.Choreographer$CallbackRecord.run:1301 android.view.Choreographer$CallbackRecord.run:1309 
04-06 10:53:07.281  3359  3359 I ViewRootImpl@72d1b3e[PopupWindow:d134ff9]: Setup new sync id=0
04-06 10:53:07.281  3359  3359 I ViewRootImpl@72d1b3e[PopupWindow:d134ff9]: Setting syncFrameCallback
04-06 10:53:07.281  3359  3359 I ViewRootImpl@72d1b3e[PopupWindow:d134ff9]: registerCallbacksForSync syncBuffer=false
04-06 10:53:07.281  3359  3491 I ViewRootImpl@72d1b3e[PopupWindow:d134ff9]: Received frameDrawingCallback syncResult=0 frameNum=1.
04-06 10:53:07.282  3359  3491 I ViewRootImpl@72d1b3e[PopupWindow:d134ff9]: Setting up sync and frameCommitCallback
04-06 10:53:07.282  3359  3459 I BLASTBufferQueue: [ViewRootImpl@72d1b3e[PopupWindow:d134ff9]#4](f:0,a:0) onFrameAvailable the first frame is available
04-06 10:53:07.282  3359  3459 I ViewRootImpl@72d1b3e[PopupWindow:d134ff9]: Received frameCommittedCallback lastAttemptedDrawFrameNum=1 didProduceBuffer=true
04-06 10:53:07.283  3359  3459 D OpenGLRenderer: CFMS:: SetUp Pid : 3359    Tid : 3459
04-06 10:53:07.283  3359  3459 W Parcel  : Expecting binder but got null!
04-06 10:53:07.283  3359  3359 I ViewRootImpl@72d1b3e[PopupWindow:d134ff9]: onSyncComplete
04-06 10:53:07.284  3359  3359 I ViewRootImpl@72d1b3e[PopupWindow:d134ff9]: setupSync seqId=0 mSyncId=0 fn=1 caller=android.view.ViewRootImpl$$ExternalSyntheticLambda11.accept:6 android.window.SurfaceSyncer.lambda$setupSync$1$android-window-SurfaceSyncer:128 android.window.SurfaceSyncer$$ExternalSyntheticLambda1.accept:8 android.window.SurfaceSyncer$SyncSet.checkIfSyncIsComplete:382 android.window.SurfaceSyncer$SyncSet.markSyncReady:359 android.window.SurfaceSyncer.markSyncReady:151 android.view.ViewRootImpl.performTraversals:4503 
04-06 10:53:07.285  3359  3359 I ViewRootImpl@3a0531[PopupWindow:488add8]: performTraversals params={(112,1296)(90x94) gr=TOP START CENTER sim={state=unchanged adjust=pan} ty=APPLICATION_SUB_PANEL fmt=TRANSLUCENT wanim=0x1030313 surfaceInsets=Rect(0, 0 - 0, 0) (manual)
04-06 10:53:07.285  3359  3359 I ViewRootImpl@3a0531[PopupWindow:488add8]:   fl=41800218
04-06 10:53:07.285  3359  3359 I ViewRootImpl@3a0531[PopupWindow:488add8]:   pfl=2018000
04-06 10:53:07.285  3359  3359 I ViewRootImpl@3a0531[PopupWindow:488add8]:   bhv=DEFAULT
04-06 10:53:07.285  3359  3359 I ViewRootImpl@3a0531[PopupWindow:488add8]:   fitTypes=STATUS_BARS NAVIGATION_BARS CAPTION_BAR naviIconColor=0
04-06 10:53:07.285  3359  3359 I ViewRootImpl@3a0531[PopupWindow:488add8]:   sfl=20000}
04-06 10:53:07.285  3359  3359 I ViewRootImpl@3a0531[PopupWindow:488add8]: performTraversals mFirst=true windowShouldResize=true viewVisibilityChanged=false mForceNextWindowRelayout=false params={(112,1296)(90x94) gr=TOP START CENTER sim={state=unchanged adjust=pan} ty=APPLICATION_SUB_PANEL fmt=TRANSLUCENT wanim=0x1030313 surfaceInsets=Rect(0, 0 - 0, 0) (manual)
04-06 10:53:07.285  3359  3359 I ViewRootImpl@3a0531[PopupWindow:488add8]:   fl=41800218
04-06 10:53:07.285  3359  3359 I ViewRootImpl@3a0531[PopupWindow:488add8]:   pfl=42018000
04-06 10:53:07.285  3359  3359 I ViewRootImpl@3a0531[PopupWindow:488add8]:   bhv=DEFAULT
04-06 10:53:07.285  3359  3359 I ViewRootImpl@3a0531[PopupWindow:488add8]:   fitTypes=STATUS_BARS NAVIGATION_BARS CAPTION_BAR naviIconColor=0
04-06 10:53:07.285  3359  3359 I ViewRootImpl@3a0531[PopupWindow:488add8]:   sfl=20000}
04-06 10:53:07.288  3359  3394 I ViewRootImpl@3a0531[PopupWindow:488add8]: Resizing android.view.ViewRootImpl@bc49ba2: frame = [112,1296][202,1390] reportDraw = true forceLayout = false syncSeqId = 0
04-06 10:53:07.290  3359  3359 I ViewRootImpl@3a0531[PopupWindow:488add8]: updateBlastSurfaceIfNeeded mBlastBufferQueue=null isSameSurfaceControl=false
04-06 10:53:07.290  3359  3359 I BLASTBufferQueue: new BLASTBufferQueue, mName= ViewRootImpl@3a0531[PopupWindow:488add8] mNativeObject= 0xb4000069fdaa1600 sc.mNativeObject= 0xb4000069fd620aa0 caller= android.view.ViewRootImpl.updateBlastSurfaceIfNeeded:2909 android.view.ViewRootImpl.relayoutWindow:9847 android.view.ViewRootImpl.performTraversals:3884 android.view.ViewRootImpl.doTraversal:3116 android.view.ViewRootImpl$TraversalRunnable.run:10885 android.view.Choreographer$CallbackRecord.run:1301 android.view.Choreographer$CallbackRecord.run:1309 android.view.Choreographer.doCallbacks:923 android.view.Choreographer.doFrame:852 android.view.Choreographer$FrameDisplayEventReceiver.run:1283 
04-06 10:53:07.290  3359  3359 I BLASTBufferQueue: update, w= 90 h= 94 mName = ViewRootImpl@3a0531[PopupWindow:488add8] mNativeObject= 0xb4000069fdaa1600 sc.mNativeObject= 0xb4000069fd620aa0 format= -3 caller= android.graphics.BLASTBufferQueue.<init>:84 android.view.ViewRootImpl.updateBlastSurfaceIfNeeded:2909 android.view.ViewRootImpl.relayoutWindow:9847 android.view.ViewRootImpl.performTraversals:3884 android.view.ViewRootImpl.doTraversal:3116 android.view.ViewRootImpl$TraversalRunnable.run:10885 
04-06 10:53:07.291  3359  3359 I ViewRootImpl@3a0531[PopupWindow:488add8]: Relayout returned: old=(112,1296,202,1390) new=(112,1296,202,1390) req=(90,94)0 dur=4 res=0x3 s={true 0xb4000069f84da000} ch=true seqId=0
04-06 10:53:07.292  3359  3359 I ViewRootImpl@3a0531[PopupWindow:488add8]: mThreadedRenderer.initialize() mSurface={isValid=true 0xb4000069f84da000} hwInitialized=true
04-06 10:53:07.292  3359  3459 D OpenGLRenderer: eglCreateWindowSurface
04-06 10:53:07.292  3359  3359 I ViewRootImpl@3a0531[PopupWindow:488add8]: reportNextDraw android.view.ViewRootImpl.performTraversals:4438 android.view.ViewRootImpl.doTraversal:3116 android.view.ViewRootImpl$TraversalRunnable.run:10885 android.view.Choreographer$CallbackRecord.run:1301 android.view.Choreographer$CallbackRecord.run:1309 
04-06 10:53:07.292  3359  3359 I ViewRootImpl@3a0531[PopupWindow:488add8]: Setup new sync id=0
04-06 10:53:07.292  3359  3359 I ViewRootImpl@3a0531[PopupWindow:488add8]: Setting syncFrameCallback
04-06 10:53:07.292  3359  3359 I ViewRootImpl@3a0531[PopupWindow:488add8]: registerCallbacksForSync syncBuffer=false
04-06 10:53:07.293  3359  3490 I ViewRootImpl@3a0531[PopupWindow:488add8]: Received frameDrawingCallback syncResult=0 frameNum=1.
04-06 10:53:07.293  3359  3490 I ViewRootImpl@3a0531[PopupWindow:488add8]: Setting up sync and frameCommitCallback
04-06 10:53:07.293  3359  3459 I BLASTBufferQueue: [ViewRootImpl@3a0531[PopupWindow:488add8]#5](f:0,a:0) onFrameAvailable the first frame is available
04-06 10:53:07.293  3359  3459 I ViewRootImpl@3a0531[PopupWindow:488add8]: Received frameCommittedCallback lastAttemptedDrawFrameNum=1 didProduceBuffer=true
04-06 10:53:07.294  3359  3459 D OpenGLRenderer: CFMS:: SetUp Pid : 3359    Tid : 3459
04-06 10:53:07.294  3359  3459 W Parcel  : Expecting binder but got null!
04-06 10:53:07.294  3359  3359 I ViewRootImpl@3a0531[PopupWindow:488add8]: onSyncComplete
04-06 10:53:07.294  3359  3359 I ViewRootImpl@3a0531[PopupWindow:488add8]: setupSync seqId=0 mSyncId=0 fn=1 caller=android.view.ViewRootImpl$$ExternalSyntheticLambda11.accept:6 android.window.SurfaceSyncer.lambda$setupSync$1$android-window-SurfaceSyncer:128 android.window.SurfaceSyncer$$ExternalSyntheticLambda1.accept:8 android.window.SurfaceSyncer$SyncSet.checkIfSyncIsComplete:382 android.window.SurfaceSyncer$SyncSet.markSyncReady:359 android.window.SurfaceSyncer.markSyncReady:151 android.view.ViewRootImpl.performTraversals:4503 
04-06 10:53:07.295  3359  3359 I ViewRootImpl@3a0531[PopupWindow:488add8]: reportDrawFinished seqId=0 mSyncId=-1 fn=1 mSurfaceChangedTransaction=0xb4000070a0d45000
04-06 10:53:07.295  3359  3359 I ViewRootImpl@72d1b3e[PopupWindow:d134ff9]: reportDrawFinished seqId=0 mSyncId=-1 fn=1 mSurfaceChangedTransaction=0xb4000070a0cdbd00
04-06 10:53:07.296  3359  3359 W RemoteInputConnectionImpl: requestCursorAnchorInfo on inactive InputConnection
04-06 10:53:07.299  3359  3359 I ViewRootImpl@72d1b3e[PopupWindow:d134ff9]: handleResized, msg = 5 frames=ClientWindowFrames{frame=[112,1390][202,1498] display=[-100000,-100000][100000,100000] parentFrame=[0,0][0,0] parentClippedByDisplayCutout=false} forceNextWindowRelayout=false displayId=0 resizeMode=-1 frameChanged=false displayFrameChanged=false configChanged=false displayChanged=false
04-06 10:53:07.299  3359  3359 I ViewRootImpl@72d1b3e[PopupWindow:d134ff9]: handleResized mSyncSeqId = 0
04-06 10:53:07.299  3359  3359 I ViewRootImpl@72d1b3e[PopupWindow:d134ff9]: reportNextDraw android.view.ViewRootImpl.handleResized:2450 android.view.ViewRootImpl.-$$Nest$mhandleResized:0 android.view.ViewRootImpl$ViewRootHandler.handleMessageImpl:6728 android.view.ViewRootImpl$ViewRootHandler.handleMessage:6697 android.os.Handler.dispatchMessage:106 
04-06 10:53:07.299  3359  3359 I ViewRootImpl@3a0531[PopupWindow:488add8]: handleResized, msg = 5 frames=ClientWindowFrames{frame=[112,1296][202,1390] display=[-100000,-100000][100000,100000] parentFrame=[0,0][0,0] parentClippedByDisplayCutout=false} forceNextWindowRelayout=false displayId=0 resizeMode=-1 frameChanged=false displayFrameChanged=false configChanged=false displayChanged=false
04-06 10:53:07.299  3359  3359 I ViewRootImpl@3a0531[PopupWindow:488add8]: handleResized mSyncSeqId = 0
04-06 10:53:07.299  3359  3359 I ViewRootImpl@3a0531[PopupWindow:488add8]: reportNextDraw android.view.ViewRootImpl.handleResized:2450 android.view.ViewRootImpl.-$$Nest$mhandleResized:0 android.view.ViewRootImpl$ViewRootHandler.handleMessageImpl:6728 android.view.ViewRootImpl$ViewRootHandler.handleMessage:6697 android.os.Handler.dispatchMessage:106 
04-06 10:53:07.308  3359  3359 I ViewRootImpl@72d1b3e[PopupWindow:d134ff9]: Setup new sync id=1
04-06 10:53:07.308  3359  3359 I ViewRootImpl@72d1b3e[PopupWindow:d134ff9]: Setting syncFrameCallback
04-06 10:53:07.308  3359  3359 I ViewRootImpl@72d1b3e[PopupWindow:d134ff9]: registerCallbacksForSync syncBuffer=false
04-06 10:53:07.308  3359  3491 I ViewRootImpl@72d1b3e[PopupWindow:d134ff9]: Received frameDrawingCallback syncResult=0 frameNum=3.
04-06 10:53:07.308  3359  3491 I ViewRootImpl@72d1b3e[PopupWindow:d134ff9]: Setting up sync and frameCommitCallback
04-06 10:53:07.309  3359  3459 I ViewRootImpl@72d1b3e[PopupWindow:d134ff9]: Received frameCommittedCallback lastAttemptedDrawFrameNum=3 didProduceBuffer=true
04-06 10:53:07.310  3359  3359 I ViewRootImpl@72d1b3e[PopupWindow:d134ff9]: onSyncComplete
04-06 10:53:07.310  3359  3359 I ViewRootImpl@72d1b3e[PopupWindow:d134ff9]: setupSync seqId=0 mSyncId=1 fn=3 caller=android.view.ViewRootImpl$$ExternalSyntheticLambda11.accept:6 android.window.SurfaceSyncer.lambda$setupSync$1$android-window-SurfaceSyncer:128 android.window.SurfaceSyncer$$ExternalSyntheticLambda1.accept:8 android.window.SurfaceSyncer$SyncSet.checkIfSyncIsComplete:382 android.window.SurfaceSyncer$SyncSet.markSyncReady:359 android.window.SurfaceSyncer.markSyncReady:151 android.view.ViewRootImpl.performTraversals:4503 
04-06 10:53:07.310  3359  3359 I ViewRootImpl@3a0531[PopupWindow:488add8]: Setup new sync id=1
04-06 10:53:07.310  3359  3359 I ViewRootImpl@3a0531[PopupWindow:488add8]: Setting syncFrameCallback
04-06 10:53:07.310  3359  3359 I ViewRootImpl@3a0531[PopupWindow:488add8]: registerCallbacksForSync syncBuffer=false
04-06 10:53:07.310  3359  3490 I ViewRootImpl@3a0531[PopupWindow:488add8]: Received frameDrawingCallback syncResult=0 frameNum=2.
04-06 10:53:07.310  3359  3490 I ViewRootImpl@3a0531[PopupWindow:488add8]: Setting up sync and frameCommitCallback
04-06 10:53:07.311  3359  3459 I ViewRootImpl@3a0531[PopupWindow:488add8]: Received frameCommittedCallback lastAttemptedDrawFrameNum=2 didProduceBuffer=true
04-06 10:53:07.311  3359  3359 I ViewRootImpl@3a0531[PopupWindow:488add8]: onSyncComplete
04-06 10:53:07.311  3359  3359 I ViewRootImpl@3a0531[PopupWindow:488add8]: setupSync seqId=0 mSyncId=1 fn=2 caller=android.view.ViewRootImpl$$ExternalSyntheticLambda11.accept:6 android.window.SurfaceSyncer.lambda$setupSync$1$android-window-SurfaceSyncer:128 android.window.SurfaceSyncer$$ExternalSyntheticLambda1.accept:8 android.window.SurfaceSyncer$SyncSet.checkIfSyncIsComplete:382 android.window.SurfaceSyncer$SyncSet.markSyncReady:359 android.window.SurfaceSyncer.markSyncReady:151 android.view.ViewRootImpl.performTraversals:4503 
04-06 10:53:07.312  3359  3359 I ViewRootImpl@3a0531[PopupWindow:488add8]: reportDrawFinished seqId=0 mSyncId=-1 fn=2 mSurfaceChangedTransaction=0xb4000070a0d45000
04-06 10:53:07.312  3359  3359 I ViewRootImpl@72d1b3e[PopupWindow:d134ff9]: reportDrawFinished seqId=0 mSyncId=-1 fn=3 mSurfaceChangedTransaction=0xb4000070a0cdbd00
04-06 10:53:07.315  3359  3359 W OnBackInvokedCallback: OnBackInvokedCallback is not enabled for the application.
04-06 10:53:07.315  3359  3359 W OnBackInvokedCallback: Set 'android:enableOnBackInvokedCallback="true"' in the application manifest.
04-06 10:53:07.317  3359  3359 D InsetsController: show(ime(), fromIme=true)
04-06 10:53:07.320  3359  3359 D InsetsController: show(ime(), fromIme=true)
04-06 10:53:07.336  3359  3359 D InsetsController: show(ime(), fromIme=true)
04-06 10:53:07.690  3359  3431 I DetoxWSClient: Sending out action 'invokeResult' (ID #8)
04-06 10:53:07.690  3359  3431 I DetoxDispatcher: Done with action 'invoke'
04-06 10:53:07.694  3359  3440 D DetoxWSClient: Received action 'invoke' (ID #9, params={"target":{"type":"Class","value":"com.wix.detox.espresso.EspressoDetox"},"method":"perform","args":[{"type":"Invocation","value":{"target":{"type":"Class","value":"com.wix.detox.espresso.DetoxMatcher"},"method":"matcherForTestId","args":["input-peso-meta",{"type":"boolean","value":false}]}},{"type":"Invocation","value":{"target":{"type":"Class","value":"androidx.test.espresso.action.ViewActions"},"method":"clearText","args":[]}}]})
04-06 10:53:07.695  3359  3431 I DetoxDispatcher: Handling action 'invoke' (ID #9)...
04-06 10:53:07.695  3359  3431 D Detox   : class com.wix.detox.espresso.DetoxMatcher, matcherForTestId, [input-peso-meta, false]
04-06 10:53:07.696  3359  3431 D Detox   : class androidx.test.espresso.action.ViewActions, clearText, []
04-06 10:53:07.696  3359  3431 D Detox   : class com.wix.detox.espresso.EspressoDetox, perform, [(view.getTag() is "input-peso-meta" and view has effective visibility <VISIBLE>), androidx.test.espresso.action.ReplaceTextAction@7a912ab]
04-06 10:53:07.703  3359  3359 I ViewInteraction: Performing 'replace text()' action on view (view.getTag() is "input-peso-meta" and view has effective visibility <VISIBLE>)
04-06 10:53:07.714  3359  3431 I DetoxWSClient: Sending out action 'invokeResult' (ID #9)
04-06 10:53:07.714  3359  3431 I DetoxDispatcher: Done with action 'invoke'
04-06 10:53:07.722  3359  3440 D DetoxWSClient: Received action 'invoke' (ID #10, params={"target":{"type":"Class","value":"com.wix.detox.espresso.EspressoDetox"},"method":"perform","args":[{"type":"Invocation","value":{"target":{"type":"Class","value":"com.wix.detox.espresso.DetoxMatcher"},"method":"matcherForTestId","args":["input-peso-meta",{"type":"boolean","value":false}]}},{"type":"Invocation","value":{"target":{"type":"Class","value":"androidx.test.espresso.action.ViewActions"},"method":"replaceText","args":["77"]}}]})
04-06 10:53:07.723  3359  3431 I DetoxDispatcher: Handling action 'invoke' (ID #10)...
04-06 10:53:07.723  3359  3431 D Detox   : class com.wix.detox.espresso.DetoxMatcher, matcherForTestId, [input-peso-meta, false]
04-06 10:53:07.725  3359  3431 D Detox   : class androidx.test.espresso.action.ViewActions, replaceText, [77]
04-06 10:53:07.725  3359  3431 D Detox   : class com.wix.detox.espresso.EspressoDetox, perform, [(view.getTag() is "input-peso-meta" and view has effective visibility <VISIBLE>), androidx.test.espresso.action.ReplaceTextAction@72b109e]
04-06 10:53:07.728  3359  3359 D InputMethodManager: startInputInner - Id : 0
04-06 10:53:07.728  3359  3359 I InputMethodManager: startInputInner - mService.startInputOrWindowGainedFocus
04-06 10:53:07.751  3359  3359 D InsetsController: show(ime(), fromIme=true)
04-06 10:53:07.760  3359  3359 D InputMethodManager: startInputInner - Id : 0
04-06 10:53:07.760  3359  3359 I InputMethodManager: startInputInner - mService.startInputOrWindowGainedFocus
04-06 10:53:07.764  3359  3359 I ViewInteraction: Performing 'replace text(77)' action on view (view.getTag() is "input-peso-meta" and view has effective visibility <VISIBLE>)
04-06 10:53:07.768  3359  3431 I DetoxWSClient: Sending out action 'invokeResult' (ID #10)
04-06 10:53:07.768  3359  3431 I DetoxDispatcher: Done with action 'invoke'
04-06 10:53:07.775  3359  3440 D DetoxWSClient: Received action 'invoke' (ID #11, params={"target":{"type":"Class","value":"com.wix.detox.espresso.DetoxAssertion"},"method":"assertMatcher","args":[{"type":"Invocation","value":{"target":{"type":"Class","value":"androidx.test.espresso.Espresso"},"method":"onView","args":[{"type":"Invocation","value":{"target":{"type":"Class","value":"com.wix.detox.espresso.DetoxMatcher"},"method":"matcherForTestId","args":["input-peso-meta",{"type":"boolean","value":false}]}}]}},{"type":"Invocation","value":{"target":{"type":"Class","value":"com.wix.detox.espresso.DetoxMatcher"},"method":"matcherForText","args":["77",{"type":"boolean","value":false}]}}]})
04-06 10:53:07.775  3359  3359 D InputMethodManager: startInputInner - Id : 0
04-06 10:53:07.775  3359  3359 I InputMethodManager: startInputInner - mService.startInputOrWindowGainedFocus
04-06 10:53:07.775  3359  3431 I DetoxDispatcher: Handling action 'invoke' (ID #11)...
04-06 10:53:07.776  3359  3431 D Detox   : class com.wix.detox.espresso.DetoxMatcher, matcherForTestId, [input-peso-meta, false]
04-06 10:53:07.776  3359  3431 D Detox   : class androidx.test.espresso.Espresso, onView, [(view.getTag() is "input-peso-meta" and view has effective visibility <VISIBLE>)]
04-06 10:53:07.777  3359  3431 D Detox   : class com.wix.detox.espresso.DetoxMatcher, matcherForText, [77, false]
04-06 10:53:07.777  3359  3431 D Detox   : class com.wix.detox.espresso.DetoxAssertion, assertMatcher, [androidx.test.espresso.ViewInteraction@e9612bd, (an instance of android.widget.TextView and view.getText() with or without transformation to match: is "77" and view has effective visibility <VISIBLE>)]
04-06 10:53:07.790  3359  3359 D InsetsController: show(ime(), fromIme=true)
04-06 10:53:07.808  3359  3459 D OpenGLRenderer: setSurface called with nullptr
04-06 10:53:07.808  3359  3459 D OpenGLRenderer: setSurface() destroyed EGLSurface
04-06 10:53:07.808  3359  3459 D OpenGLRenderer: destroyEglSurface
04-06 10:53:07.808  3359  3359 I ViewRootImpl@72d1b3e[PopupWindow:d134ff9]: dispatchDetachedFromWindow
04-06 10:53:07.812  3359  3359 D InputTransport: Input channel destroyed: 'b22197b', fd=155
04-06 10:53:07.813  3359  3459 D OpenGLRenderer: setSurface called with nullptr
04-06 10:53:07.813  3359  3459 D OpenGLRenderer: setSurface() destroyed EGLSurface
04-06 10:53:07.813  3359  3459 D OpenGLRenderer: destroyEglSurface
04-06 10:53:07.813  3359  3359 I ViewRootImpl@3a0531[PopupWindow:488add8]: dispatchDetachedFromWindow
04-06 10:53:07.816  3359  3359 D InputTransport: Input channel destroyed: '12ed257', fd=156
04-06 10:53:07.820  3359  3359 D InsetsController: show(ime(), fromIme=true)
04-06 10:53:07.823  3359  3359 I ViewInteraction: Checking 'MatchesViewAssertion(Detox){viewMatcher=(an instance of android.widget.TextView and view.getText() with or without transformation to match: is "77" and view has effective visibility <VISIBLE>)}' assertion on view (view.getTag() is "input-peso-meta" and view has effective visibility <VISIBLE>)
04-06 10:53:07.825  3359  3431 I DetoxWSClient: Sending out action 'invokeResult' (ID #11)
04-06 10:53:07.825  3359  3431 I DetoxDispatcher: Done with action 'invoke'
04-06 10:53:07.830  3359  3440 D DetoxWSClient: Received action 'invoke' (ID #12, params={"target":{"type":"Class","value":"com.wix.detox.espresso.EspressoDetox"},"method":"perform","args":[{"type":"Invocation","value":{"target":{"type":"Class","value":"com.wix.detox.espresso.DetoxMatcher"},"method":"matcherForTestId","args":["input-altura",{"type":"boolean","value":false}]}},{"type":"Invocation","value":{"target":{"type":"Class","value":"com.wix.detox.espresso.DetoxViewActions"},"method":"click","args":[]}}]})
04-06 10:53:07.830  3359  3431 I DetoxDispatcher: Handling action 'invoke' (ID #12)...
04-06 10:53:07.830  3359  3431 D Detox   : class com.wix.detox.espresso.DetoxMatcher, matcherForTestId, [input-altura, false]
04-06 10:53:07.830  3359  3431 D Detox   : class com.wix.detox.espresso.DetoxViewActions, click, []
04-06 10:53:07.831  3359  3431 D Detox   : class com.wix.detox.espresso.EspressoDetox, perform, [(view.getTag() is "input-altura" and view has effective visibility <VISIBLE>), com.wix.detox.espresso.action.RNClickAction@f56252d]
04-06 10:53:07.833  3359  3359 I ViewInteraction: Performing 'com.wix.detox.espresso.action.detoxsingletap@4cfba62 click' action on view (view.getTag() is "input-altura" and view has effective visibility <VISIBLE>)
04-06 10:53:07.872  3359  3359 I ViewRootImpl@914008f[MainActivity]: ViewPostIme key 0
04-06 10:53:07.882  3359  3359 I ViewRootImpl@914008f[MainActivity]: ViewPostIme key 1
04-06 10:53:08.301  3359  3431 I DetoxWSClient: Sending out action 'invokeResult' (ID #12)
04-06 10:53:08.302  3359  3431 I DetoxDispatcher: Done with action 'invoke'
04-06 10:53:08.306  3359  3440 D DetoxWSClient: Received action 'invoke' (ID #13, params={"target":{"type":"Class","value":"com.wix.detox.espresso.EspressoDetox"},"method":"perform","args":[{"type":"Invocation","value":{"target":{"type":"Class","value":"com.wix.detox.espresso.DetoxMatcher"},"method":"matcherForTestId","args":["input-altura",{"type":"boolean","value":false}]}},{"type":"Invocation","value":{"target":{"type":"Class","value":"androidx.test.espresso.action.ViewActions"},"method":"clearText","args":[]}}]})
04-06 10:53:08.307  3359  3431 I DetoxDispatcher: Handling action 'invoke' (ID #13)...
04-06 10:53:08.308  3359  3431 D Detox   : class com.wix.detox.espresso.DetoxMatcher, matcherForTestId, [input-altura, false]
04-06 10:53:08.308  3359  3431 D Detox   : class androidx.test.espresso.action.ViewActions, clearText, []
04-06 10:53:08.309  3359  3431 D Detox   : class com.wix.detox.espresso.EspressoDetox, perform, [(view.getTag() is "input-altura" and view has effective visibility <VISIBLE>), androidx.test.espresso.action.ReplaceTextAction@c0da836]
04-06 10:53:08.315  3359  3359 I ViewInteraction: Performing 'replace text()' action on view (view.getTag() is "input-altura" and view has effective visibility <VISIBLE>)
04-06 10:53:08.326  3359  3431 I DetoxWSClient: Sending out action 'invokeResult' (ID #13)
04-06 10:53:08.332  3359  3431 I DetoxDispatcher: Done with action 'invoke'
04-06 10:53:08.341  3359  3440 D DetoxWSClient: Received action 'invoke' (ID #14, params={"target":{"type":"Class","value":"com.wix.detox.espresso.EspressoDetox"},"method":"perform","args":[{"type":"Invocation","value":{"target":{"type":"Class","value":"com.wix.detox.espresso.DetoxMatcher"},"method":"matcherForTestId","args":["input-altura",{"type":"boolean","value":false}]}},{"type":"Invocation","value":{"target":{"type":"Class","value":"androidx.test.espresso.action.ViewActions"},"method":"replaceText","args":["178"]}}]})
04-06 10:53:08.342  3359  3431 I DetoxDispatcher: Handling action 'invoke' (ID #14)...
04-06 10:53:08.342  3359  3431 D Detox   : class com.wix.detox.espresso.DetoxMatcher, matcherForTestId, [input-altura, false]
04-06 10:53:08.342  3359  3431 D Detox   : class androidx.test.espresso.action.ViewActions, replaceText, [178]
04-06 10:53:08.342  3359  3431 D Detox   : class com.wix.detox.espresso.EspressoDetox, perform, [(view.getTag() is "input-altura" and view has effective visibility <VISIBLE>), androidx.test.espresso.action.ReplaceTextAction@7c53428]
04-06 10:53:08.372  3359  3359 I ViewInteraction: Performing 'replace text(178)' action on view (view.getTag() is "input-altura" and view has effective visibility <VISIBLE>)
04-06 10:53:08.376  3359  3431 I DetoxWSClient: Sending out action 'invokeResult' (ID #14)
04-06 10:53:08.377  3359  3431 I DetoxDispatcher: Done with action 'invoke'
04-06 10:53:08.380  3359  3440 D DetoxWSClient: Received action 'invoke' (ID #15, params={"target":{"type":"Class","value":"com.wix.detox.espresso.DetoxAssertion"},"method":"assertMatcher","args":[{"type":"Invocation","value":{"target":{"type":"Class","value":"androidx.test.espresso.Espresso"},"method":"onView","args":[{"type":"Invocation","value":{"target":{"type":"Class","value":"com.wix.detox.espresso.DetoxMatcher"},"method":"matcherForTestId","args":["input-altura",{"type":"boolean","value":false}]}}]}},{"type":"Invocation","value":{"target":{"type":"Class","value":"com.wix.detox.espresso.DetoxMatcher"},"method":"matcherForText","args":["178",{"type":"boolean","value":false}]}}]})
04-06 10:53:08.380  3359  3431 I DetoxDispatcher: Handling action 'invoke' (ID #15)...
04-06 10:53:08.381  3359  3431 D Detox   : class com.wix.detox.espresso.DetoxMatcher, matcherForTestId, [input-altura, false]
04-06 10:53:08.381  3359  3431 D Detox   : class androidx.test.espresso.Espresso, onView, [(view.getTag() is "input-altura" and view has effective visibility <VISIBLE>)]
04-06 10:53:08.382  3359  3431 D Detox   : class com.wix.detox.espresso.DetoxMatcher, matcherForText, [178, false]
04-06 10:53:08.382  3359  3431 D Detox   : class com.wix.detox.espresso.DetoxAssertion, assertMatcher, [androidx.test.espresso.ViewInteraction@d779922, (an instance of android.widget.TextView and view.getText() with or without transformation to match: is "178" and view has effective visibility <VISIBLE>)]
04-06 10:53:08.436  3359  3359 I ViewInteraction: Checking 'MatchesViewAssertion(Detox){viewMatcher=(an instance of android.widget.TextView and view.getText() with or without transformation to match: is "178" and view has effective visibility <VISIBLE>)}' assertion on view (view.getTag() is "input-altura" and view has effective visibility <VISIBLE>)
04-06 10:53:08.442  3359  3431 I DetoxWSClient: Sending out action 'invokeResult' (ID #15)
04-06 10:53:08.442  3359  3431 I DetoxDispatcher: Done with action 'invoke'
04-06 10:53:08.447  3359  3440 D DetoxWSClient: Received action 'invoke' (ID #16, params={"target":{"type":"Invocation","value":{"target":{"type":"Class","value":"com.wix.detox.uiautomator.UiAutomator"},"method":"uiDevice","args":[]}},"method":"pressBack","args":[]})
04-06 10:53:08.447  3359  3431 I DetoxDispatcher: Handling action 'invoke' (ID #16)...
04-06 10:53:08.448  3359  3431 D Detox   : class com.wix.detox.uiautomator.UiAutomator, uiDevice, []
04-06 10:53:08.451  3359  3431 I UiDevice: Creating a new instance, old instance exists: false
04-06 10:53:08.492  3359  3431 D UiDevice: Setting accessibility service flags: 65618
04-06 10:53:09.124  3359  3431 D UiDevice: Pressing back button.
04-06 10:53:09.158  3359  3359 I ViewRootImpl@914008f[MainActivity]: The input has been finished in ImeInputStage.
04-06 10:53:09.176  3359  3359 I ViewRootImpl@914008f[MainActivity]: The input has been finished in ImeInputStage.
04-06 10:53:09.181  3359  3359 D InsetsController: controlAnimationUnchecked: Added types=8 animType=1 host=com.evolucao.app/com.evolucao.app.MainActivity from=android.view.InsetsController.applyAnimation:1576 android.view.InsetsController.applyAnimation:1557 android.view.InsetsController.hide:1093 
04-06 10:53:09.181  3359  3359 D InsetsSourceConsumer: setRequestedVisible: visible=false, type=19, host=com.evolucao.app/com.evolucao.app.MainActivity, from=android.view.InsetsSourceConsumer.hide:257 android.view.ImeInsetsSourceConsumer.hide:88 android.view.ImeInsetsSourceConsumer.hide:94 android.view.InsetsController.hideDirectly:1593 android.view.InsetsController.controlAnimationUnchecked:1234 android.view.InsetsController.applyAnimation:1576 android.view.InsetsController.applyAnimation:1557 android.view.InsetsController.hide:1093 android.view.ViewRootImpl$ViewRootHandler.handleMessageImpl:6765 android.view.ViewRootImpl$ViewRootHandler.handleMessage:6697 
04-06 10:53:09.196  3359  3483 I ViewRootImpl@914008f[MainActivity]: Resizing android.view.ViewRootImpl@685f108: frame = [0,0][1080,2400] reportDraw = false forceLayout = false syncSeqId = 0
04-06 10:53:09.200  3359  3359 D InsetsController: onStateChanged: InsetsState: {mDisplayFrame=Rect(0, 0 - 1080, 2400), mDisplayCutout=DisplayCutout{insets=Rect(0, 88 - 0, 0) waterfall=Insets{left=0, top=0, right=0, bottom=0} boundingRect={Bounds=[Rect(0, 0 - 0, 0), Rect(512, 0 - 568, 88), Rect(0, 0 - 0, 0), Rect(0, 0 - 0, 0)]} cutoutPathParserInfo={CutoutPathParserInfo{displayWidth=1080 displayHeight=2400 physicalDisplayWidth=1080 physicalDisplayHeight=2400 density={3.0} cutoutSpec={M 0,0 M 0,10.71963616907435 a 9.280363830925644,9.280363830925644 0 1,0 0,18.56072766185129 a 9.280363830925644,9.280363830925644 0 1,0 0,-18.56072766185129 Z @dp} rotation={0} scale={1.0} physicalPixelDisplaySizeRatio={1.0}}}}, mRoundedCorners=RoundedCorners{[RoundedCorner{position=TopLeft, radius=96, center=Point(96, 96)}, RoundedCorner{position=TopRight, radius=96, center=Point(984, 96)}, RoundedCorner{position=BottomRight, radius=96, center=Point(984, 2304)}, RoundedCorner{position=BottomLeft, radius=96, center=Point(96, 2304)}]}  mRoundedCornerFrame=Rect(0, 0 - 1080, 2400), mPrivacyIndicatorBounds=PrivacyIndicatorBounds {static bounds=Rect(948, 0 - 1080, 88) rotation=0}, mSources= { InsetsSource: {mType=ITYPE_STATUS_BAR, mFrame=[0,0][1080,88], mVisible=true, mInsetsRoundedCornerFrame=false}, InsetsSource: {mType=ITYPE_NAVIGATION_BAR, mFrame=[0,2256][1080,2400], mVisible=true, mInsetsRoundedCornerFrame=false}, InsetsSource: {mType=ITYPE_LEFT_GESTURES, mFrame=[0,0][0,2400], mVisible=true, mInsetsRoundedCornerFrame=false}, InsetsSource: {mType=ITYPE_RIGHT_GESTURES, mFrame=[1080,0][1080,2400], mVisible=true, mInsetsRoundedCornerFrame=false}, InsetsSource: {mType=ITYPE_TOP_MANDATORY_GESTURES, mFrame=[0,0][1080,124], mVisible=true, mInsetsRoundedCornerFrame=false}, InsetsSource: {mType=ITYPE_BOTTOM_MANDATORY_GESTURES, mFrame=[0,2256][1080,2400], mVisible=true, mInsetsRoundedCornerFrame=false}, InsetsSource: {mType=ITYPE_LEFT_DISPLAY_CUTOUT, mFrame=[0,0][-100000,2400], mVisible=true, mInsetsRoundedCornerFrame=false}, InsetsSource: {mType=ITYPE_TOP_DISPLAY_CUTOUT, mFrame=[0,0][1080,88], mVisible=true, mInsetsRoundedCornerFrame=false}, InsetsSource: {mType=ITYPE_RIGHT_DISPLAY_CUTOUT, mFrame=[100000,0][1080,2400], mVisible=true, mInsetsRoundedCornerFrame=false}, InsetsSource: {mType=ITYPE_BOTTOM_DISPLAY_CUTOUT, mFrame=[0,100000][1080,2400], mVisible=true, mInsetsRoundedCornerFrame=false}, InsetsSource: {mType=ITYPE_TOP_TAPPABLE_ELEMENT, mFrame=[0,0][1080,88], mVisible=true, mInsetsRoundedCornerFrame=false}, InsetsSource: {mType=ITYPE_BOTTOM_TAPPABLE_ELEMENT, mFrame=[0,2256][1080,2400], mVisible=true, mInsetsRoundedCornerFrame=false}, InsetsSource: {mType=ITYPE_IME, mFrame=[0,1374][1080,2400], mVisibleFrame=[0,1374][1080,2400], mVisible=false, mInsetsRoundedCornerFrame=false} } host=com.evolucao.app/com.evolucao.app.MainActivity from=android.view.ViewRootImpl$ViewRootHandler.handleMessageImpl:6740
04-06 10:53:09.201  3359  3359 I ViewRootImpl@914008f[MainActivity]: handleResized, msg = 4 frames=ClientWindowFrames{frame=[0,0][1080,2400] display=[0,0][1080,2400] parentFrame=[0,0][0,0] parentClippedByDisplayCutout=false} forceNextWindowRelayout=false displayId=0 resizeMode=-1 frameChanged=false displayFrameChanged=false configChanged=false displayChanged=false
04-06 10:53:09.207  3359  3431 I DetoxWSClient: Sending out action 'invokeResult' (ID #16)
