04-06 10:53:09.207  3359  3431 I DetoxDispatcher: Done with action 'invoke'
04-06 10:53:09.216  3359  3440 D DetoxWSClient: Received action 'invoke' (ID #17, params={"target":{"type":"Class","value":"com.wix.detox.espresso.DetoxAssertion"},"method":"waitForAssertMatcher","args":[{"type":"Invocation","value":{"target":{"type":"Class","value":"androidx.test.espresso.Espresso"},"method":"onView","args":[{"type":"Invocation","value":{"target":{"type":"Class","value":"com.wix.detox.espresso.DetoxMatcher"},"method":"matcherForTestId","args":["btn-continuar",{"type":"boolean","value":false}]}}]}},{"type":"Invocation","value":{"target":{"type":"Class","value":"com.wix.detox.espresso.DetoxMatcher"},"method":"matcherForSufficientlyVisible","args":[{"type":"Integer","value":75}]}},{"type":"Double","value":3}]})
04-06 10:53:09.216  3359  3431 I DetoxDispatcher: Handling action 'invoke' (ID #17)...
04-06 10:53:09.216  3359  3431 D Detox   : class com.wix.detox.espresso.DetoxMatcher, matcherForTestId, [btn-continuar, false]
04-06 10:53:09.217  3359  3431 D Detox   : class androidx.test.espresso.Espresso, onView, [(view.getTag() is "btn-continuar" and view has effective visibility <VISIBLE>)]
04-06 10:53:09.217  3359  3431 D Detox   : class com.wix.detox.espresso.DetoxMatcher, matcherForSufficientlyVisible, [75]
04-06 10:53:09.217  3359  3431 D Detox   : class com.wix.detox.espresso.DetoxAssertion, waitForAssertMatcher, [androidx.test.espresso.ViewInteraction@c35aeff, (view has effective visibility <VISIBLE> and view.getGlobalVisibleRect() covers at least <75> percent of the view's area), 3.0]
04-06 10:53:09.220  3359  3359 I ViewInteraction: Checking 'MatchesViewAssertion(Detox){viewMatcher=(view has effective visibility <VISIBLE> and view.getGlobalVisibleRect() covers at least <75> percent of the view's area)}' assertion on view (view.getTag() is "btn-continuar" and view has effective visibility <VISIBLE>)
04-06 10:53:09.221  3359  3431 I DetoxWSClient: Sending out action 'invokeResult' (ID #17)
04-06 10:53:09.222  3359  3431 I DetoxDispatcher: Done with action 'invoke'
04-06 10:53:09.225  3359  3440 D DetoxWSClient: Received action 'invoke' (ID #18, params={"target":{"type":"Class","value":"com.wix.detox.espresso.EspressoDetox"},"method":"perform","args":[{"type":"Invocation","value":{"target":{"type":"Class","value":"com.wix.detox.espresso.DetoxMatcher"},"method":"matcherForAtIndex","args":[{"type":"Integer","value":0},{"type":"Invocation","value":{"target":{"type":"Class","value":"com.wix.detox.espresso.DetoxMatcher"},"method":"matcherForClass","args":["com.facebook.react.views.scroll.ReactScrollView"]}}]}},{"type":"Invocation","value":{"target":{"type":"Class","value":"com.wix.detox.espresso.DetoxAction"},"method":"swipeInDirection","args":[{"type":"Integer","value":3},{"type":"boolean","value":true},{"type":"Double","value":0.25},{"type":"Double","value":null},{"type":"Double","value":null}]}}]})
04-06 10:53:09.225  3359  3431 I DetoxDispatcher: Handling action 'invoke' (ID #18)...
04-06 10:53:09.226  3359  3431 D Detox   : class com.wix.detox.espresso.DetoxMatcher, matcherForClass, [com.facebook.react.views.scroll.ReactScrollView]
04-06 10:53:09.227  3359  3431 D Detox   : class com.wix.detox.espresso.DetoxMatcher, matcherForAtIndex, [0, (is assignable from class: class com.facebook.react.views.scroll.ReactScrollView and view has effective visibility <VISIBLE>)]
04-06 10:53:09.228  3359  3431 D Detox   : class com.wix.detox.espresso.DetoxAction, swipeInDirection, [3, true, 0.25, NaN, NaN]
04-06 10:53:09.229  3359  3431 D Detox   : class com.wix.detox.espresso.EspressoDetox, perform, [View at index #0, of those matching MATCHER(is assignable from class: class com.facebook.react.views.scroll.ReactScrollView and view has effective visibility <VISIBLE>), androidx.test.espresso.action.GeneralSwipeAction@66764cc]
04-06 10:53:09.232  3359  3359 I ViewInteraction: Performing 'fast swipe' action on view View at index #0, of those matching MATCHER(is assignable from class: class com.facebook.react.views.scroll.ReactScrollView and view has effective visibility <VISIBLE>)
04-06 10:53:09.245  3359  3389 D InputTransport: Input channel destroyed: 'ClientS', fd=200
04-06 10:53:09.245  3359  3389 D InputTransport: Input channel destroyed: 'ClientS', fd=188
04-06 10:53:09.245  3359  3389 D InputTransport: Input channel destroyed: 'ClientS', fd=173
04-06 10:53:09.246  3359  3459 D OpenGLRenderer: setSurface called with nullptr
04-06 10:53:09.246  3359  3459 D OpenGLRenderer: setSurface called with nullptr
04-06 10:53:09.246  3359  3389 D InputTransport: Input channel destroyed: 'ClientS', fd=148
04-06 10:53:09.246  3359  3389 D InputTransport: Input channel destroyed: 'ClientS', fd=158
04-06 10:53:09.246  3359  3389 D InputTransport: Input channel destroyed: 'ClientS', fd=195
04-06 10:53:09.246  3359  3389 D InputTransport: Input channel destroyed: 'ClientS', fd=196
04-06 10:53:09.247  3359  3459 D OpenGLRenderer: setSurface called with nullptr
04-06 10:53:09.247  3359  3459 D OpenGLRenderer: setSurface called with nullptr
04-06 10:53:09.247  3359  3389 D InputTransport: Input channel destroyed: 'ClientS', fd=159
04-06 10:53:09.410  3359  3359 D InsetsController: cancelAnimation of types: 8, animType: 1, host: com.evolucao.app/com.evolucao.app.MainActivity, from:android.view.InsetsController.notifyFinished:1375 android.view.InsetsAnimationThreadControlRunner$1.lambda$notifyFinished$0$android-view-InsetsAnimationThreadControlRunner$1:84 android.view.InsetsAnimationThreadControlRunner$1$$ExternalSyntheticLambda1.run:4 
04-06 10:53:09.410  3359  3359 I IMM_LC  : notifyImeHidden: mService.hideSoftInput
04-06 10:53:09.443  3359  3393 I ViewRootImpl@914008f[MainActivity]: Resizing android.view.ViewRootImpl@685f108: frame = [0,0][1080,2400] reportDraw = false forceLayout = false syncSeqId = 0
04-06 10:53:09.445  3359  3359 D InsetsController: onStateChanged: InsetsState: {mDisplayFrame=Rect(0, 0 - 1080, 2400), mDisplayCutout=DisplayCutout{insets=Rect(0, 88 - 0, 0) waterfall=Insets{left=0, top=0, right=0, bottom=0} boundingRect={Bounds=[Rect(0, 0 - 0, 0), Rect(512, 0 - 568, 88), Rect(0, 0 - 0, 0), Rect(0, 0 - 0, 0)]} cutoutPathParserInfo={CutoutPathParserInfo{displayWidth=1080 displayHeight=2400 physicalDisplayWidth=1080 physicalDisplayHeight=2400 density={3.0} cutoutSpec={M 0,0 M 0,10.71963616907435 a 9.280363830925644,9.280363830925644 0 1,0 0,18.56072766185129 a 9.280363830925644,9.280363830925644 0 1,0 0,-18.56072766185129 Z @dp} rotation={0} scale={1.0} physicalPixelDisplaySizeRatio={1.0}}}}, mRoundedCorners=RoundedCorners{[RoundedCorner{position=TopLeft, radius=96, center=Point(96, 96)}, RoundedCorner{position=TopRight, radius=96, center=Point(984, 96)}, RoundedCorner{position=BottomRight, radius=96, center=Point(984, 2304)}, RoundedCorner{position=BottomLeft, radius=96, center=Point(96, 2304)}]}  mRoundedCornerFrame=Rect(0, 0 - 1080, 2400), mPrivacyIndicatorBounds=PrivacyIndicatorBounds {static bounds=Rect(948, 0 - 1080, 88) rotation=0}, mSources= { InsetsSource: {mType=ITYPE_STATUS_BAR, mFrame=[0,0][1080,88], mVisible=true, mInsetsRoundedCornerFrame=false}, InsetsSource: {mType=ITYPE_NAVIGATION_BAR, mFrame=[0,2256][1080,2400], mVisible=true, mInsetsRoundedCornerFrame=false}, InsetsSource: {mType=ITYPE_LEFT_GESTURES, mFrame=[0,0][0,2400], mVisible=true, mInsetsRoundedCornerFrame=false}, InsetsSource: {mType=ITYPE_RIGHT_GESTURES, mFrame=[1080,0][1080,2400], mVisible=true, mInsetsRoundedCornerFrame=false}, InsetsSource: {mType=ITYPE_TOP_MANDATORY_GESTURES, mFrame=[0,0][1080,124], mVisible=true, mInsetsRoundedCornerFrame=false}, InsetsSource: {mType=ITYPE_BOTTOM_MANDATORY_GESTURES, mFrame=[0,2256][1080,2400], mVisible=true, mInsetsRoundedCornerFrame=false}, InsetsSource: {mType=ITYPE_LEFT_DISPLAY_CUTOUT, mFrame=[0,0][-100000,2400], mVisible=true, mInsetsRoundedCornerFrame=false}, InsetsSource: {mType=ITYPE_TOP_DISPLAY_CUTOUT, mFrame=[0,0][1080,88], mVisible=true, mInsetsRoundedCornerFrame=false}, InsetsSource: {mType=ITYPE_RIGHT_DISPLAY_CUTOUT, mFrame=[100000,0][1080,2400], mVisible=true, mInsetsRoundedCornerFrame=false}, InsetsSource: {mType=ITYPE_BOTTOM_DISPLAY_CUTOUT, mFrame=[0,100000][1080,2400], mVisible=true, mInsetsRoundedCornerFrame=false}, InsetsSource: {mType=ITYPE_TOP_TAPPABLE_ELEMENT, mFrame=[0,0][1080,88], mVisible=true, mInsetsRoundedCornerFrame=false}, InsetsSource: {mType=ITYPE_BOTTOM_TAPPABLE_ELEMENT, mFrame=[0,2256][1080,2400], mVisible=true, mInsetsRoundedCornerFrame=false}, InsetsSource: {mType=ITYPE_IME, mFrame=[0,0][0,0], mVisibleFrame=[0,1374][1080,2400], mVisible=false, mInsetsRoundedCornerFrame=false} } host=com.evolucao.app/com.evolucao.app.MainActivity from=android.view.ViewRootImpl$ViewRootHandler.handleMessageImpl:6727
04-06 10:53:09.445  3359  3359 I ViewRootImpl@914008f[MainActivity]: handleResized, msg = 4 frames=ClientWindowFrames{frame=[0,0][1080,2400] display=[0,0][1080,2400] parentFrame=[0,0][0,0] parentClippedByDisplayCutout=false} forceNextWindowRelayout=false displayId=0 resizeMode=-1 frameChanged=false displayFrameChanged=false configChanged=false displayChanged=false
04-06 10:53:09.471  3359  3431 I DetoxWSClient: Sending out action 'invokeResult' (ID #18)
04-06 10:53:09.471  3359  3431 I DetoxDispatcher: Done with action 'invoke'
04-06 10:53:09.475  3359  3440 D DetoxWSClient: Received action 'invoke' (ID #19, params={"target":{"type":"Class","value":"com.wix.detox.espresso.EspressoDetox"},"method":"perform","args":[{"type":"Invocation","value":{"target":{"type":"Class","value":"com.wix.detox.espresso.DetoxMatcher"},"method":"matcherForTestId","args":["btn-continuar",{"type":"boolean","value":false}]}},{"type":"Invocation","value":{"target":{"type":"Class","value":"com.wix.detox.espresso.DetoxAction"},"method":"tapAtLocation","args":[{"type":"Integer","value":30},{"type":"Integer","value":18}]}}]})
04-06 10:53:09.475  3359  3431 I DetoxDispatcher: Handling action 'invoke' (ID #19)...
04-06 10:53:09.476  3359  3431 D Detox   : class com.wix.detox.espresso.DetoxMatcher, matcherForTestId, [btn-continuar, false]
04-06 10:53:09.476  3359  3431 D Detox   : class com.wix.detox.espresso.DetoxAction, tapAtLocation, [30, 18]
04-06 10:53:09.477  3359  3431 D Detox   : class com.wix.detox.espresso.EspressoDetox, perform, [(view.getTag() is "btn-continuar" and view has effective visibility <VISIBLE>), com.wix.detox.espresso.action.RNClickAction@c844315]
04-06 10:53:09.481  3359  3359 I ViewInteraction: Performing 'com.wix.detox.espresso.action.detoxsingletap@7ff262a click' action on view (view.getTag() is "btn-continuar" and view has effective visibility <VISIBLE>)
04-06 10:53:09.486  3359  3359 I ViewRootImpl@914008f[MainActivity]: ViewPostIme pointer 0
04-06 10:53:09.516  3359  3359 I ViewRootImpl@914008f[MainActivity]: ViewPostIme pointer 1
04-06 10:53:09.598  3359  3499 I ReactNativeJS: 'match:', 'local'
04-06 10:53:09.598  3359  3499 I ReactNativeJS: 'source:', 'local', '| confidence:', 0.9
04-06 10:53:09.598  3359  3499 I ReactNativeJS: 'exercise:', 'Supino Reto Barra'
04-06 10:53:09.746  3359  3359 D ScrollView: initGoToTop
04-06 10:53:09.782  3359  3359 W UiControllerImpl: Waiting for: DYNAMIC_TASKS_HAVE_IDLED for 100 iterations.
04-06 10:53:09.814  3359  3359 W [RNScreens]: backTitleFontFamily prop is not available on Android
04-06 10:53:09.814  3359  3359 W [RNScreens]: disableBackButtonMenu prop is not available on Android
04-06 10:53:09.814  3359  3359 W [RNScreens]: backTitleVisible prop is not available on Android
04-06 10:53:09.815  3359  3359 W [RNScreens]: topInsetEnabled prop is not available on Android
04-06 10:53:09.815  3359  3359 W [RNScreens]: largeTitleHideShadow prop is not available on Android
04-06 10:53:09.815  3359  3359 W [RNScreens]: largeTitleFontWeight prop is not available on Android
04-06 10:53:09.815  3359  3359 W [RNScreens]: userInterfaceStyle prop is not available on Android
04-06 10:53:09.815  3359  3359 W [RNScreens]: largeTitleFontFamily prop is not available on Android
04-06 10:53:09.831  3359  3505 D TrafficStats: tagSocket(106) with statsTag=0xffffffff, statsUid=-1
04-06 10:53:09.895  3359  3359 D InputMethodManager: startInputInner - Id : 0
04-06 10:53:09.895  3359  3359 I InputMethodManager: startInputInner - mService.startInputOrWindowGainedFocus
04-06 10:53:09.907  3359  3393 W AutofillManager: getView(1073741824): could not find view
04-06 10:53:09.907  3359  3393 W AutofillManager: getViewNodeParcelable(1073741824): could not find view
04-06 10:53:09.907  3359  3393 W AutofillManager: getView(1073741824): could not find view
04-06 10:53:09.907  3359  3393 W AutofillManager: getViewNodeParcelable(1073741824): could not find view
04-06 10:53:09.909  3359  3393 W AutofillManager: getView(1073741824): could not find view
04-06 10:53:09.909  3359  3393 W AutofillManager: getViewNodeParcelable(1073741824): could not find view
04-06 10:53:10.405  3359  3359 I IMM_LC  : closeCurrentInput: mService.hideSoftInput
04-06 10:53:10.801  3359  3431 I DetoxWSClient: Sending out action 'invokeResult' (ID #19)
04-06 10:53:10.802  3359  3431 I DetoxDispatcher: Done with action 'invoke'
04-06 10:53:10.809  3359  3440 D DetoxWSClient: Received action 'invoke' (ID #20, params={"target":{"type":"Class","value":"com.wix.detox.espresso.DetoxAssertion"},"method":"waitForAssertMatcher","args":[{"type":"Invocation","value":{"target":{"type":"Class","value":"androidx.test.espresso.Espresso"},"method":"onView","args":[{"type":"Invocation","value":{"target":{"type":"Class","value":"com.wix.detox.espresso.DetoxMatcher"},"method":"matcherForTestId","args":["tab-treino",{"type":"boolean","value":false}]}}]}},{"type":"Invocation","value":{"target":{"type":"Class","value":"com.wix.detox.espresso.DetoxMatcher"},"method":"matcherForSufficientlyVisible","args":[{"type":"Integer","value":75}]}},{"type":"Double","value":3}]})
04-06 10:53:10.810  3359  3431 I DetoxDispatcher: Handling action 'invoke' (ID #20)...
04-06 10:53:10.811  3359  3431 D Detox   : class com.wix.detox.espresso.DetoxMatcher, matcherForTestId, [tab-treino, false]
04-06 10:53:10.812  3359  3431 D Detox   : class androidx.test.espresso.Espresso, onView, [(view.getTag() is "tab-treino" and view has effective visibility <VISIBLE>)]
04-06 10:53:10.814  3359  3431 D Detox   : class com.wix.detox.espresso.DetoxMatcher, matcherForSufficientlyVisible, [75]
04-06 10:53:10.814  3359  3431 D Detox   : class com.wix.detox.espresso.DetoxAssertion, waitForAssertMatcher, [androidx.test.espresso.ViewInteraction@3578e69, (view has effective visibility <VISIBLE> and view.getGlobalVisibleRect() covers at least <75> percent of the view's area), 3.0]
04-06 10:53:10.823  3359  3359 I ViewInteraction: Checking 'MatchesViewAssertion(Detox){viewMatcher=(view has effective visibility <VISIBLE> and view.getGlobalVisibleRect() covers at least <75> percent of the view's area)}' assertion on view (view.getTag() is "tab-treino" and view has effective visibility <VISIBLE>)
04-06 10:53:10.829  3359  3431 I DetoxWSClient: Sending out action 'invokeResult' (ID #20)
04-06 10:53:10.830  3359  3431 I DetoxDispatcher: Done with action 'invoke'
04-06 10:53:10.835  3359  3440 D DetoxWSClient: Received action 'invoke' (ID #21, params={"target":{"type":"Class","value":"com.wix.detox.espresso.DetoxAssertion"},"method":"waitForAssertMatcher","args":[{"type":"Invocation","value":{"target":{"type":"Class","value":"androidx.test.espresso.Espresso"},"method":"onView","args":[{"type":"Invocation","value":{"target":{"type":"Class","value":"com.wix.detox.espresso.DetoxMatcher"},"method":"matcherForTestId","args":["home-ready",{"type":"boolean","value":false}]}}]}},{"type":"Invocation","value":{"target":{"type":"Class","value":"com.wix.detox.espresso.DetoxMatcher"},"method":"matcherForSufficientlyVisible","args":[{"type":"Integer","value":75}]}},{"type":"Double","value":3}]})
04-06 10:53:10.836  3359  3431 I DetoxDispatcher: Handling action 'invoke' (ID #21)...
04-06 10:53:10.837  3359  3431 D Detox   : class com.wix.detox.espresso.DetoxMatcher, matcherForTestId, [home-ready, false]
04-06 10:53:10.838  3359  3431 D Detox   : class androidx.test.espresso.Espresso, onView, [(view.getTag() is "home-ready" and view has effective visibility <VISIBLE>)]
04-06 10:53:10.840  3359  3431 D Detox   : class com.wix.detox.espresso.DetoxMatcher, matcherForSufficientlyVisible, [75]
04-06 10:53:10.841  3359  3431 D Detox   : class com.wix.detox.espresso.DetoxAssertion, waitForAssertMatcher, [androidx.test.espresso.ViewInteraction@ee2a98f, (view has effective visibility <VISIBLE> and view.getGlobalVisibleRect() covers at least <75> percent of the view's area), 3.0]
04-06 10:53:10.850  3359  3359 I ViewInteraction: Checking 'MatchesViewAssertion(Detox){viewMatcher=(view has effective visibility <VISIBLE> and view.getGlobalVisibleRect() covers at least <75> percent of the view's area)}' assertion on view (view.getTag() is "home-ready" and view has effective visibility <VISIBLE>)
04-06 10:53:10.856  3359  3431 I DetoxWSClient: Sending out action 'invokeResult' (ID #21)
04-06 10:53:10.857  3359  3431 I DetoxDispatcher: Done with action 'invoke'
04-06 10:53:10.863  3359  3440 D DetoxWSClient: Received action 'invoke' (ID #22, params={"target":{"type":"Class","value":"com.wix.detox.espresso.DetoxAssertion"},"method":"waitForAssertMatcher","args":[{"type":"Invocation","value":{"target":{"type":"Class","value":"androidx.test.espresso.Espresso"},"method":"onView","args":[{"type":"Invocation","value":{"target":{"type":"Class","value":"com.wix.detox.espresso.DetoxMatcher"},"method":"matcherForTestId","args":["tab-treino",{"type":"boolean","value":false}]}}]}},{"type":"Invocation","value":{"target":{"type":"Class","value":"com.wix.detox.espresso.DetoxMatcher"},"method":"matcherForSufficientlyVisible","args":[{"type":"Integer","value":75}]}},{"type":"Double","value":3}]})
04-06 10:53:10.864  3359  3431 I DetoxDispatcher: Handling action 'invoke' (ID #22)...
04-06 10:53:10.865  3359  3431 D Detox   : class com.wix.detox.espresso.DetoxMatcher, matcherForTestId, [tab-treino, false]
04-06 10:53:10.866  3359  3431 D Detox   : class androidx.test.espresso.Espresso, onView, [(view.getTag() is "tab-treino" and view has effective visibility <VISIBLE>)]
04-06 10:53:10.867  3359  3431 D Detox   : class com.wix.detox.espresso.DetoxMatcher, matcherForSufficientlyVisible, [75]
04-06 10:53:10.868  3359  3431 D Detox   : class com.wix.detox.espresso.DetoxAssertion, waitForAssertMatcher, [androidx.test.espresso.ViewInteraction@351a825, (view has effective visibility <VISIBLE> and view.getGlobalVisibleRect() covers at least <75> percent of the view's area), 3.0]
04-06 10:53:10.878  3359  3359 I ViewInteraction: Checking 'MatchesViewAssertion(Detox){viewMatcher=(view has effective visibility <VISIBLE> and view.getGlobalVisibleRect() covers at least <75> percent of the view's area)}' assertion on view (view.getTag() is "tab-treino" and view has effective visibility <VISIBLE>)
04-06 10:53:10.885  3359  3431 I DetoxWSClient: Sending out action 'invokeResult' (ID #22)
04-06 10:53:10.885  3359  3431 I DetoxDispatcher: Done with action 'invoke'
04-06 10:53:10.890  3359  3440 D DetoxWSClient: Received action 'invoke' (ID #23, params={"target":{"type":"Class","value":"com.wix.detox.espresso.EspressoDetox"},"method":"perform","args":[{"type":"Invocation","value":{"target":{"type":"Class","value":"com.wix.detox.espresso.DetoxMatcher"},"method":"matcherForTestId","args":["tab-treino",{"type":"boolean","value":false}]}},{"type":"Invocation","value":{"target":{"type":"Class","value":"com.wix.detox.espresso.DetoxViewActions"},"method":"click","args":[]}}]})
04-06 10:53:10.891  3359  3431 I DetoxDispatcher: Handling action 'invoke' (ID #23)...
04-06 10:53:10.891  3359  3431 D Detox   : class com.wix.detox.espresso.DetoxMatcher, matcherForTestId, [tab-treino, false]
04-06 10:53:10.892  3359  3431 D Detox   : class com.wix.detox.espresso.DetoxViewActions, click, []
04-06 10:53:10.893  3359  3431 D Detox   : class com.wix.detox.espresso.EspressoDetox, perform, [(view.getTag() is "tab-treino" and view has effective visibility <VISIBLE>), com.wix.detox.espresso.action.RNClickAction@c9e0dfa]
04-06 10:53:10.900  3359  3359 I ViewInteraction: Performing 'com.wix.detox.espresso.action.detoxsingletap@ea4fab click' action on view (view.getTag() is "tab-treino" and view has effective visibility <VISIBLE>)
04-06 10:53:10.906  3359  3359 I ViewRootImpl@914008f[MainActivity]: ViewPostIme pointer 0
04-06 10:53:10.940  3359  3359 I ViewRootImpl@914008f[MainActivity]: ViewPostIme pointer 1
04-06 10:53:10.995  3359  3499 I ReactNativeJS: 'match:', 'local-cache'
04-06 10:53:10.996  3359  3499 I ReactNativeJS: 'recommendation:', 'push', '| confidence:', 'alta'
04-06 10:53:11.067  3359  3359 D ScrollView: initGoToTop
04-06 10:53:11.609  3359  3431 I DetoxWSClient: Sending out action 'invokeResult' (ID #23)
04-06 10:53:11.609  3359  3431 I DetoxDispatcher: Done with action 'invoke'
04-06 10:53:11.614  3359  3440 D DetoxWSClient: Received action 'invoke' (ID #24, params={"target":{"type":"Class","value":"com.wix.detox.espresso.DetoxAssertion"},"method":"waitForAssertMatcher","args":[{"type":"Invocation","value":{"target":{"type":"Class","value":"androidx.test.espresso.Espresso"},"method":"onView","args":[{"type":"Invocation","value":{"target":{"type":"Class","value":"com.wix.detox.espresso.DetoxMatcher"},"method":"matcherForTestId","args":["btn-iniciar-treino",{"type":"boolean","value":false}]}}]}},{"type":"Invocation","value":{"target":{"type":"Class","value":"com.wix.detox.espresso.DetoxMatcher"},"method":"matcherForSufficientlyVisible","args":[{"type":"Integer","value":75}]}},{"type":"Double","value":3}]})
04-06 10:53:11.615  3359  3431 I DetoxDispatcher: Handling action 'invoke' (ID #24)...
04-06 10:53:11.615  3359  3431 D Detox   : class com.wix.detox.espresso.DetoxMatcher, matcherForTestId, [btn-iniciar-treino, false]
04-06 10:53:11.616  3359  3431 D Detox   : class androidx.test.espresso.Espresso, onView, [(view.getTag() is "btn-iniciar-treino" and view has effective visibility <VISIBLE>)]
04-06 10:53:11.617  3359  3431 D Detox   : class com.wix.detox.espresso.DetoxMatcher, matcherForSufficientlyVisible, [75]
04-06 10:53:11.618  3359  3431 D Detox   : class com.wix.detox.espresso.DetoxAssertion, waitForAssertMatcher, [androidx.test.espresso.ViewInteraction@5671e39, (view has effective visibility <VISIBLE> and view.getGlobalVisibleRect() covers at least <75> percent of the view's area), 3.0]
04-06 10:53:11.623  3359  3359 I ViewInteraction: Checking 'MatchesViewAssertion(Detox){viewMatcher=(view has effective visibility <VISIBLE> and view.getGlobalVisibleRect() covers at least <75> percent of the view's area)}' assertion on view (view.getTag() is "btn-iniciar-treino" and view has effective visibility <VISIBLE>)
04-06 10:53:11.627  3359  3431 I DetoxWSClient: Sending out action 'invokeResult' (ID #24)
04-06 10:53:11.628  3359  3431 I DetoxDispatcher: Done with action 'invoke'
04-06 10:53:11.632  3359  3440 D DetoxWSClient: Received action 'invoke' (ID #25, params={"target":{"type":"Class","value":"com.wix.detox.espresso.EspressoDetox"},"method":"perform","args":[{"type":"Invocation","value":{"target":{"type":"Class","value":"com.wix.detox.espresso.DetoxMatcher"},"method":"matcherForTestId","args":["btn-iniciar-treino",{"type":"boolean","value":false}]}},{"type":"Invocation","value":{"target":{"type":"Class","value":"com.wix.detox.espresso.DetoxViewActions"},"method":"click","args":[]}}]})
04-06 10:53:11.632  3359  3431 I DetoxDispatcher: Handling action 'invoke' (ID #25)...
04-06 10:53:11.633  3359  3431 D Detox   : class com.wix.detox.espresso.DetoxMatcher, matcherForTestId, [btn-iniciar-treino, false]
04-06 10:53:11.633  3359  3431 D Detox   : class com.wix.detox.espresso.DetoxViewActions, click, []
04-06 10:53:11.634  3359  3431 D Detox   : class com.wix.detox.espresso.EspressoDetox, perform, [(view.getTag() is "btn-iniciar-treino" and view has effective visibility <VISIBLE>), com.wix.detox.espresso.action.RNClickAction@567c5df]
04-06 10:53:11.639  3359  3359 I ViewInteraction: Performing 'com.wix.detox.espresso.action.detoxsingletap@4f3622c click' action on view (view.getTag() is "btn-iniciar-treino" and view has effective visibility <VISIBLE>)
04-06 10:53:11.645  3359  3359 I ViewRootImpl@914008f[MainActivity]: ViewPostIme pointer 0
04-06 10:53:11.674  3359  3359 I ViewRootImpl@914008f[MainActivity]: ViewPostIme pointer 1
04-06 10:53:11.781  3359  3359 W [RNScreens]: backTitleFontFamily prop is not available on Android
04-06 10:53:11.781  3359  3359 W [RNScreens]: disableBackButtonMenu prop is not available on Android
04-06 10:53:11.781  3359  3359 W [RNScreens]: backTitleVisible prop is not available on Android
04-06 10:53:11.781  3359  3359 W [RNScreens]: topInsetEnabled prop is not available on Android
04-06 10:53:11.781  3359  3359 W [RNScreens]: largeTitleHideShadow prop is not available on Android
04-06 10:53:11.781  3359  3359 W [RNScreens]: largeTitleFontWeight prop is not available on Android
04-06 10:53:11.781  3359  3359 W [RNScreens]: userInterfaceStyle prop is not available on Android
04-06 10:53:11.781  3359  3359 W [RNScreens]: largeTitleFontFamily prop is not available on Android
04-06 10:53:11.802  3359  3499 I ReactNativeJS: 'match:', 'local-cache'
04-06 10:53:11.802  3359  3499 I ReactNativeJS: 'recommendation:', 'push', '| confidence:', 'alta'
04-06 10:53:11.835  3359  3499 I ReactNativeJS: 'match:', 'local-cache'
04-06 10:53:11.836  3359  3499 I ReactNativeJS: 'recommendation:', 'push', '| confidence:', 'alta'
04-06 10:53:11.903  3359  3389 D InputTransport: Input channel destroyed: 'ClientS', fd=174
04-06 10:53:12.133  3359  3359 W UiControllerImpl: Waiting for: DYNAMIC_TASKS_HAVE_IDLED for 100 iterations.
04-06 10:53:12.694  3359  3359 W UiControllerImpl: Waiting for: DYNAMIC_TASKS_HAVE_IDLED for 300 iterations.
04-06 10:53:12.871  3359  3359 W om.evolucao.app: Accessing hidden field Landroid/widget/HorizontalScrollView;->mScroller:Landroid/widget/OverScroller; (unsupported, reflection, allowed)
04-06 10:53:12.889  3359  3359 D ScrollView: initGoToTop
04-06 10:53:14.021  3359  3431 I DetoxWSClient: Sending out action 'invokeResult' (ID #25)
04-06 10:53:14.021  3359  3431 I DetoxDispatcher: Done with action 'invoke'
04-06 10:53:14.027  3359  3440 D DetoxWSClient: Received action 'invoke' (ID #26, params={"target":{"type":"Class","value":"com.wix.detox.espresso.DetoxAssertion"},"method":"waitForAssertMatcher","args":[{"type":"Invocation","value":{"target":{"type":"Class","value":"androidx.test.espresso.Espresso"},"method":"onView","args":[{"type":"Invocation","value":{"target":{"type":"Class","value":"com.wix.detox.espresso.DetoxMatcher"},"method":"matcherForTestId","args":["input-peso",{"type":"boolean","value":false}]}}]}},{"type":"Invocation","value":{"target":{"type":"Class","value":"com.wix.detox.espresso.DetoxMatcher"},"method":"matcherForSufficientlyVisible","args":[{"type":"Integer","value":75}]}},{"type":"Double","value":3}]})
04-06 10:53:14.027  3359  3431 I DetoxDispatcher: Handling action 'invoke' (ID #26)...
04-06 10:53:14.028  3359  3431 D Detox   : class com.wix.detox.espresso.DetoxMatcher, matcherForTestId, [input-peso, false]
04-06 10:53:14.028  3359  3431 D Detox   : class androidx.test.espresso.Espresso, onView, [(view.getTag() is "input-peso" and view has effective visibility <VISIBLE>)]
04-06 10:53:14.030  3359  3431 D Detox   : class com.wix.detox.espresso.DetoxMatcher, matcherForSufficientlyVisible, [75]
04-06 10:53:14.030  3359  3431 D Detox   : class com.wix.detox.espresso.DetoxAssertion, waitForAssertMatcher, [androidx.test.espresso.ViewInteraction@7f45cc0, (view has effective visibility <VISIBLE> and view.getGlobalVisibleRect() covers at least <75> percent of the view's area), 3.0]
04-06 10:53:14.037  3359  3359 I ViewInteraction: Checking 'MatchesViewAssertion(Detox){viewMatcher=(view has effective visibility <VISIBLE> and view.getGlobalVisibleRect() covers at least <75> percent of the view's area)}' assertion on view (view.getTag() is "input-peso" and view has effective visibility <VISIBLE>)
04-06 10:53:14.061  3359  3431 I DetoxWSClient: Sending out action 'invokeResult' (ID #26)
04-06 10:53:14.061  3359  3431 I DetoxDispatcher: Done with action 'invoke'
04-06 10:53:14.067  3359  3440 D DetoxWSClient: Received action 'invoke' (ID #27, params={"target":{"type":"Class","value":"com.wix.detox.espresso.DetoxAssertion"},"method":"waitForAssertMatcher","args":[{"type":"Invocation","value":{"target":{"type":"Class","value":"androidx.test.espresso.Espresso"},"method":"onView","args":[{"type":"Invocation","value":{"target":{"type":"Class","value":"com.wix.detox.espresso.DetoxMatcher"},"method":"matcherForTestId","args":["input-reps",{"type":"boolean","value":false}]}}]}},{"type":"Invocation","value":{"target":{"type":"Class","value":"com.wix.detox.espresso.DetoxMatcher"},"method":"matcherForSufficientlyVisible","args":[{"type":"Integer","value":75}]}},{"type":"Double","value":3}]})
04-06 10:53:14.068  3359  3431 I DetoxDispatcher: Handling action 'invoke' (ID #27)...
04-06 10:53:14.068  3359  3431 D Detox   : class com.wix.detox.espresso.DetoxMatcher, matcherForTestId, [input-reps, false]
04-06 10:53:14.068  3359  3431 D Detox   : class androidx.test.espresso.Espresso, onView, [(view.getTag() is "input-reps" and view has effective visibility <VISIBLE>)]
04-06 10:53:14.069  3359  3431 D Detox   : class com.wix.detox.espresso.DetoxMatcher, matcherForSufficientlyVisible, [75]
04-06 10:53:14.069  3359  3431 D Detox   : class com.wix.detox.espresso.DetoxAssertion, waitForAssertMatcher, [androidx.test.espresso.ViewInteraction@8b8d7b5, (view has effective visibility <VISIBLE> and view.getGlobalVisibleRect() covers at least <75> percent of the view's area), 3.0]
04-06 10:53:14.073  3359  3359 I ViewInteraction: Checking 'MatchesViewAssertion(Detox){viewMatcher=(view has effective visibility <VISIBLE> and view.getGlobalVisibleRect() covers at least <75> percent of the view's area)}' assertion on view (view.getTag() is "input-reps" and view has effective visibility <VISIBLE>)
04-06 10:53:14.088  3359  3431 I DetoxWSClient: Sending out action 'invokeResult' (ID #27)
04-06 10:53:14.088  3359  3431 I DetoxDispatcher: Done with action 'invoke'
04-06 10:53:14.092  3359  3440 D DetoxWSClient: Received action 'invoke' (ID #28, params={"target":{"type":"Class","value":"com.wix.detox.espresso.EspressoDetox"},"method":"perform","args":[{"type":"Invocation","value":{"target":{"type":"Class","value":"com.wix.detox.espresso.DetoxMatcher"},"method":"matcherForTestId","args":["input-peso",{"type":"boolean","value":false}]}},{"type":"Invocation","value":{"target":{"type":"Class","value":"com.wix.detox.espresso.DetoxViewActions"},"method":"click","args":[]}}]})
04-06 10:53:14.092  3359  3431 I DetoxDispatcher: Handling action 'invoke' (ID #28)...
04-06 10:53:14.092  3359  3431 D Detox   : class com.wix.detox.espresso.DetoxMatcher, matcherForTestId, [input-peso, false]
04-06 10:53:14.092  3359  3431 D Detox   : class com.wix.detox.espresso.DetoxViewActions, click, []
04-06 10:53:14.093  3359  3431 D Detox   : class com.wix.detox.espresso.EspressoDetox, perform, [(view.getTag() is "input-peso" and view has effective visibility <VISIBLE>), com.wix.detox.espresso.action.RNClickAction@3f971bb]
04-06 10:53:14.105  3359  3359 I ViewInteraction: Performing 'com.wix.detox.espresso.action.detoxsingletap@37e96d8 click' action on view (view.getTag() is "input-peso" and view has effective visibility <VISIBLE>)
04-06 10:53:14.117  3359  3359 I ViewRootImpl@914008f[MainActivity]: ViewPostIme pointer 0
04-06 10:53:14.149  3359  3359 I ViewRootImpl@914008f[MainActivity]: ViewPostIme pointer 1
04-06 10:53:14.173  3359  3359 D InputMethodManager: startInputInner - Id : 0
04-06 10:53:14.173  3359  3359 I InputMethodManager: startInputInner - mService.startInputOrWindowGainedFocus
04-06 10:53:14.177  3359  3359 I IMM_LC  : showSoftInput(View,I)
04-06 10:53:14.177  3359  3359 I IMM_LC  : ssi() - flag : 0 view : com.evolucao.app reason = SHOW_SOFT_INPUT
04-06 10:53:14.193  3359  3459 D NativeCustomFrequencyManager: [NativeCFMS] BpCustomFrequencyManager::BpCustomFrequencyManager()
04-06 10:53:14.197  3359  3359 D InsetsController: onStateChanged: InsetsState: {mDisplayFrame=Rect(0, 0 - 1080, 2400), mDisplayCutout=DisplayCutout{insets=Rect(0, 88 - 0, 0) waterfall=Insets{left=0, top=0, right=0, bottom=0} boundingRect={Bounds=[Rect(0, 0 - 0, 0), Rect(512, 0 - 568, 88), Rect(0, 0 - 0, 0), Rect(0, 0 - 0, 0)]} cutoutPathParserInfo={CutoutPathParserInfo{displayWidth=1080 displayHeight=2400 physicalDisplayWidth=1080 physicalDisplayHeight=2400 density={3.0} cutoutSpec={M 0,0 M 0,10.71963616907435 a 9.280363830925644,9.280363830925644 0 1,0 0,18.56072766185129 a 9.280363830925644,9.280363830925644 0 1,0 0,-18.56072766185129 Z @dp} rotation={0} scale={1.0} physicalPixelDisplaySizeRatio={1.0}}}}, mRoundedCorners=RoundedCorners{[RoundedCorner{position=TopLeft, radius=96, center=Point(96, 96)}, RoundedCorner{position=TopRight, radius=96, center=Point(984, 96)}, RoundedCorner{position=BottomRight, radius=96, center=Point(984, 2304)}, RoundedCorner{position=BottomLeft, radius=96, center=Point(96, 2304)}]}  mRoundedCornerFrame=Rect(0, 0 - 1080, 2400), mPrivacyIndicatorBounds=PrivacyIndicatorBounds {static bounds=Rect(948, 0 - 1080, 88) rotation=0}, mSources= { InsetsSource: {mType=ITYPE_STATUS_BAR, mFrame=[0,0][1080,88], mVisible=true, mInsetsRoundedCornerFrame=false}, InsetsSource: {mType=ITYPE_NAVIGATION_BAR, mFrame=[0,2256][1080,2400], mVisible=true, mInsetsRoundedCornerFrame=false}, InsetsSource: {mType=ITYPE_LEFT_GESTURES, mFrame=[0,0][0,2400], mVisible=true, mInsetsRoundedCornerFrame=false}, InsetsSource: {mType=ITYPE_RIGHT_GESTURES, mFrame=[1080,0][1080,2400], mVisible=true, mInsetsRoundedCornerFrame=false}, InsetsSource: {mType=ITYPE_TOP_MANDATORY_GESTURES, mFrame=[0,0][1080,124], mVisible=true, mInsetsRoundedCornerFrame=false}, InsetsSource: {mType=ITYPE_BOTTOM_MANDATORY_GESTURES, mFrame=[0,2256][1080,2400], mVisible=true, mInsetsRoundedCornerFrame=false}, InsetsSource: {mType=ITYPE_LEFT_DISPLAY_CUTOUT, mFrame=[0,0][-100000,2400], mVisible=true, mInsetsRoundedCornerFrame=false}, InsetsSource: {mType=ITYPE_TOP_DISPLAY_CUTOUT, mFrame=[0,0][1080,88], mVisible=true, mInsetsRoundedCornerFrame=false}, InsetsSource: {mType=ITYPE_RIGHT_DISPLAY_CUTOUT, mFrame=[100000,0][1080,2400], mVisible=true, mInsetsRoundedCornerFrame=false}, InsetsSource: {mType=ITYPE_BOTTOM_DISPLAY_CUTOUT, mFrame=[0,100000][1080,2400], mVisible=true, mInsetsRoundedCornerFrame=false}, InsetsSource: {mType=ITYPE_TOP_TAPPABLE_ELEMENT, mFrame=[0,0][1080,88], mVisible=true, mInsetsRoundedCornerFrame=false}, InsetsSource: {mType=ITYPE_BOTTOM_TAPPABLE_ELEMENT, mFrame=[0,2256][1080,2400], mVisible=true, mInsetsRoundedCornerFrame=false} } host=PopupWindow:1ff998f from=android.view.ViewRootImpl.setView:1732
04-06 10:53:14.199  3359  3359 I ViewRootImpl@e38241c[PopupWindow:1ff998f]: setView = android.widget.PopupWindow$PopupDecorView@2b16608 TM=false
04-06 10:53:14.201  3359  3459 D NativeCustomFrequencyManager: [NativeCFMS] BpCustomFrequencyManager::BpCustomFrequencyManager()
04-06 10:53:14.204  3359  3359 D InsetsController: onStateChanged: InsetsState: {mDisplayFrame=Rect(0, 0 - 1080, 2400), mDisplayCutout=DisplayCutout{insets=Rect(0, 88 - 0, 0) waterfall=Insets{left=0, top=0, right=0, bottom=0} boundingRect={Bounds=[Rect(0, 0 - 0, 0), Rect(512, 0 - 568, 88), Rect(0, 0 - 0, 0), Rect(0, 0 - 0, 0)]} cutoutPathParserInfo={CutoutPathParserInfo{displayWidth=1080 displayHeight=2400 physicalDisplayWidth=1080 physicalDisplayHeight=2400 density={3.0} cutoutSpec={M 0,0 M 0,10.71963616907435 a 9.280363830925644,9.280363830925644 0 1,0 0,18.56072766185129 a 9.280363830925644,9.280363830925644 0 1,0 0,-18.56072766185129 Z @dp} rotation={0} scale={1.0} physicalPixelDisplaySizeRatio={1.0}}}}, mRoundedCorners=RoundedCorners{[RoundedCorner{position=TopLeft, radius=96, center=Point(96, 96)}, RoundedCorner{position=TopRight, radius=96, center=Point(984, 96)}, RoundedCorner{position=BottomRight, radius=96, center=Point(984, 2304)}, RoundedCorner{position=BottomLeft, radius=96, center=Point(96, 2304)}]}  mRoundedCornerFrame=Rect(0, 0 - 1080, 2400), mPrivacyIndicatorBounds=PrivacyIndicatorBounds {static bounds=Rect(948, 0 - 1080, 88) rotation=0}, mSources= { InsetsSource: {mType=ITYPE_STATUS_BAR, mFrame=[0,0][1080,88], mVisible=true, mInsetsRoundedCornerFrame=false}, InsetsSource: {mType=ITYPE_NAVIGATION_BAR, mFrame=[0,2256][1080,2400], mVisible=true, mInsetsRoundedCornerFrame=false}, InsetsSource: {mType=ITYPE_LEFT_GESTURES, mFrame=[0,0][0,2400], mVisible=true, mInsetsRoundedCornerFrame=false}, InsetsSource: {mType=ITYPE_RIGHT_GESTURES, mFrame=[1080,0][1080,2400], mVisible=true, mInsetsRoundedCornerFrame=false}, InsetsSource: {mType=ITYPE_TOP_MANDATORY_GESTURES, mFrame=[0,0][1080,124], mVisible=true, mInsetsRoundedCornerFrame=false}, InsetsSource: {mType=ITYPE_BOTTOM_MANDATORY_GESTURES, mFrame=[0,2256][1080,2400], mVisible=true, mInsetsRoundedCornerFrame=false}, InsetsSource: {mType=ITYPE_LEFT_DISPLAY_CUTOUT, mFrame=[0,0][-100000,2400], mVisible=true, mInsetsRoundedCornerFrame=false}, InsetsSource: {mType=ITYPE_TOP_DISPLAY_CUTOUT, mFrame=[0,0][1080,88], mVisible=true, mInsetsRoundedCornerFrame=false}, InsetsSource: {mType=ITYPE_RIGHT_DISPLAY_CUTOUT, mFrame=[100000,0][1080,2400], mVisible=true, mInsetsRoundedCornerFrame=false}, InsetsSource: {mType=ITYPE_BOTTOM_DISPLAY_CUTOUT, mFrame=[0,100000][1080,2400], mVisible=true, mInsetsRoundedCornerFrame=false}, InsetsSource: {mType=ITYPE_TOP_TAPPABLE_ELEMENT, mFrame=[0,0][1080,88], mVisible=true, mInsetsRoundedCornerFrame=false}, InsetsSource: {mType=ITYPE_BOTTOM_TAPPABLE_ELEMENT, mFrame=[0,2256][1080,2400], mVisible=true, mInsetsRoundedCornerFrame=false} } host=PopupWindow:70fbfc6 from=android.view.ViewRootImpl.setView:1732
04-06 10:53:14.205  3359  3359 I ViewRootImpl@7472b87[PopupWindow:70fbfc6]: setView = android.widget.PopupWindow$PopupDecorView@7e0f923 TM=false
04-06 10:53:14.211  3359  3359 I IMM_LC  : showSoftInput(View,I)
04-06 10:53:14.211  3359  3359 I IMM_LC  : ssi() - flag : 0 view : com.evolucao.app reason = SHOW_SOFT_INPUT
04-06 10:53:14.213  3359  3359 I ViewRootImpl@e38241c[PopupWindow:1ff998f]: performTraversals params={(231,1797)(90x108) gr=TOP START CENTER sim={state=unchanged adjust=pan} ty=APPLICATION_SUB_PANEL fmt=TRANSLUCENT wanim=0x1030313 surfaceInsets=Rect(0, 0 - 0, 0) (manual)
04-06 10:53:14.213  3359  3359 I ViewRootImpl@e38241c[PopupWindow:1ff998f]:   fl=41800208
04-06 10:53:14.213  3359  3359 I ViewRootImpl@e38241c[PopupWindow:1ff998f]:   pfl=2018000
04-06 10:53:14.213  3359  3359 I ViewRootImpl@e38241c[PopupWindow:1ff998f]:   bhv=DEFAULT
04-06 10:53:14.213  3359  3359 I ViewRootImpl@e38241c[PopupWindow:1ff998f]:   fitTypes=STATUS_BARS NAVIGATION_BARS CAPTION_BAR naviIconColor=0
04-06 10:53:14.213  3359  3359 I ViewRootImpl@e38241c[PopupWindow:1ff998f]:   sfl=20000}
04-06 10:53:14.213  3359  3359 I ViewRootImpl@e38241c[PopupWindow:1ff998f]: performTraversals mFirst=true windowShouldResize=true viewVisibilityChanged=false mForceNextWindowRelayout=false params={(231,1797)(90x108) gr=TOP START CENTER sim={state=unchanged adjust=pan} ty=APPLICATION_SUB_PANEL fmt=TRANSLUCENT wanim=0x1030313 surfaceInsets=Rect(0, 0 - 0, 0) (manual)
04-06 10:53:14.213  3359  3359 I ViewRootImpl@e38241c[PopupWindow:1ff998f]:   fl=41800208
04-06 10:53:14.213  3359  3359 I ViewRootImpl@e38241c[PopupWindow:1ff998f]:   pfl=42018000
04-06 10:53:14.213  3359  3359 I ViewRootImpl@e38241c[PopupWindow:1ff998f]:   bhv=DEFAULT
04-06 10:53:14.213  3359  3359 I ViewRootImpl@e38241c[PopupWindow:1ff998f]:   fitTypes=STATUS_BARS NAVIGATION_BARS CAPTION_BAR naviIconColor=0
04-06 10:53:14.213  3359  3359 I ViewRootImpl@e38241c[PopupWindow:1ff998f]:   sfl=20000}
04-06 10:53:14.217  3359  3483 I ViewRootImpl@e38241c[PopupWindow:1ff998f]: Resizing android.view.ViewRootImpl@4cf11a1: frame = [231,1797][321,1905] reportDraw = true forceLayout = false syncSeqId = 0
04-06 10:53:14.218  3359  3359 I ViewRootImpl@e38241c[PopupWindow:1ff998f]: updateBlastSurfaceIfNeeded mBlastBufferQueue=null isSameSurfaceControl=false
04-06 10:53:14.218  3359  3359 I BLASTBufferQueue: new BLASTBufferQueue, mName= ViewRootImpl@e38241c[PopupWindow:1ff998f] mNativeObject= 0xb4000069fdaeb800 sc.mNativeObject= 0xb4000069f22d9d80 caller= android.view.ViewRootImpl.updateBlastSurfaceIfNeeded:2909 android.view.ViewRootImpl.relayoutWindow:9847 android.view.ViewRootImpl.performTraversals:3884 android.view.ViewRootImpl.doTraversal:3116 android.view.ViewRootImpl$TraversalRunnable.run:10885 android.view.Choreographer$CallbackRecord.run:1301 android.view.Choreographer$CallbackRecord.run:1309 android.view.Choreographer.doCallbacks:923 android.view.Choreographer.doFrame:852 android.view.Choreographer$FrameDisplayEventReceiver.run:1283 
04-06 10:53:14.218  3359  3359 I BLASTBufferQueue: update, w= 90 h= 108 mName = ViewRootImpl@e38241c[PopupWindow:1ff998f] mNativeObject= 0xb4000069fdaeb800 sc.mNativeObject= 0xb4000069f22d9d80 format= -3 caller= android.graphics.BLASTBufferQueue.<init>:84 android.view.ViewRootImpl.updateBlastSurfaceIfNeeded:2909 android.view.ViewRootImpl.relayoutWindow:9847 android.view.ViewRootImpl.performTraversals:3884 android.view.ViewRootImpl.doTraversal:3116 android.view.ViewRootImpl$TraversalRunnable.run:10885 
04-06 10:53:14.219  3359  3359 I ViewRootImpl@e38241c[PopupWindow:1ff998f]: Relayout returned: old=(231,1797,321,1905) new=(231,1797,321,1905) req=(90,108)0 dur=5 res=0x3 s={true 0xb4000069f23a1000} ch=true seqId=0
04-06 10:53:14.219  3359  3359 I ViewRootImpl@e38241c[PopupWindow:1ff998f]: mThreadedRenderer.initialize() mSurface={isValid=true 0xb4000069f23a1000} hwInitialized=true
04-06 10:53:14.220  3359  3459 D OpenGLRenderer: eglCreateWindowSurface
04-06 10:53:14.221  3359  3359 I ViewRootImpl@e38241c[PopupWindow:1ff998f]: reportNextDraw android.view.ViewRootImpl.performTraversals:4438 android.view.ViewRootImpl.doTraversal:3116 android.view.ViewRootImpl$TraversalRunnable.run:10885 android.view.Choreographer$CallbackRecord.run:1301 android.view.Choreographer$CallbackRecord.run:1309 
04-06 10:53:14.221  3359  3359 I ViewRootImpl@e38241c[PopupWindow:1ff998f]: Setup new sync id=0
04-06 10:53:14.221  3359  3359 I ViewRootImpl@e38241c[PopupWindow:1ff998f]: Setting syncFrameCallback
04-06 10:53:14.221  3359  3359 I ViewRootImpl@e38241c[PopupWindow:1ff998f]: registerCallbacksForSync syncBuffer=false
04-06 10:53:14.222  3359  3490 I ViewRootImpl@e38241c[PopupWindow:1ff998f]: Received frameDrawingCallback syncResult=0 frameNum=1.
04-06 10:53:14.222  3359  3490 I ViewRootImpl@e38241c[PopupWindow:1ff998f]: Setting up sync and frameCommitCallback
04-06 10:53:14.222  3359  3459 I BLASTBufferQueue: [ViewRootImpl@e38241c[PopupWindow:1ff998f]#6](f:0,a:0) onFrameAvailable the first frame is available
04-06 10:53:14.223  3359  3459 I ViewRootImpl@e38241c[PopupWindow:1ff998f]: Received frameCommittedCallback lastAttemptedDrawFrameNum=1 didProduceBuffer=true
04-06 10:53:14.223  3359  3459 D OpenGLRenderer: CFMS:: SetUp Pid : 3359    Tid : 3459
04-06 10:53:14.223  3359  3459 W Parcel  : Expecting binder but got null!
04-06 10:53:14.223  3359  3359 I ViewRootImpl@e38241c[PopupWindow:1ff998f]: onSyncComplete
04-06 10:53:14.224  3359  3359 I ViewRootImpl@e38241c[PopupWindow:1ff998f]: setupSync seqId=0 mSyncId=0 fn=1 caller=android.view.ViewRootImpl$$ExternalSyntheticLambda11.accept:6 android.window.SurfaceSyncer.lambda$setupSync$1$android-window-SurfaceSyncer:128 android.window.SurfaceSyncer$$ExternalSyntheticLambda1.accept:8 android.window.SurfaceSyncer$SyncSet.checkIfSyncIsComplete:382 android.window.SurfaceSyncer$SyncSet.markSyncReady:359 android.window.SurfaceSyncer.markSyncReady:151 android.view.ViewRootImpl.performTraversals:4503 
04-06 10:53:14.225  3359  3359 I ViewRootImpl@7472b87[PopupWindow:70fbfc6]: performTraversals params={(231,1703)(90x94) gr=TOP START CENTER sim={state=unchanged adjust=pan} ty=APPLICATION_SUB_PANEL fmt=TRANSLUCENT wanim=0x1030313 surfaceInsets=Rect(0, 0 - 0, 0) (manual)
04-06 10:53:14.225  3359  3359 I ViewRootImpl@7472b87[PopupWindow:70fbfc6]:   fl=41800218
04-06 10:53:14.225  3359  3359 I ViewRootImpl@7472b87[PopupWindow:70fbfc6]:   pfl=2018000
04-06 10:53:14.225  3359  3359 I ViewRootImpl@7472b87[PopupWindow:70fbfc6]:   bhv=DEFAULT
04-06 10:53:14.225  3359  3359 I ViewRootImpl@7472b87[PopupWindow:70fbfc6]:   fitTypes=STATUS_BARS NAVIGATION_BARS CAPTION_BAR naviIconColor=0
04-06 10:53:14.225  3359  3359 I ViewRootImpl@7472b87[PopupWindow:70fbfc6]:   sfl=20000}
04-06 10:53:14.225  3359  3359 I ViewRootImpl@7472b87[PopupWindow:70fbfc6]: performTraversals mFirst=true windowShouldResize=true viewVisibilityChanged=false mForceNextWindowRelayout=false params={(231,1703)(90x94) gr=TOP START CENTER sim={state=unchanged adjust=pan} ty=APPLICATION_SUB_PANEL fmt=TRANSLUCENT wanim=0x1030313 surfaceInsets=Rect(0, 0 - 0, 0) (manual)
04-06 10:53:14.225  3359  3359 I ViewRootImpl@7472b87[PopupWindow:70fbfc6]:   fl=41800218
04-06 10:53:14.225  3359  3359 I ViewRootImpl@7472b87[PopupWindow:70fbfc6]:   pfl=42018000
04-06 10:53:14.225  3359  3359 I ViewRootImpl@7472b87[PopupWindow:70fbfc6]:   bhv=DEFAULT
04-06 10:53:14.225  3359  3359 I ViewRootImpl@7472b87[PopupWindow:70fbfc6]:   fitTypes=STATUS_BARS NAVIGATION_BARS CAPTION_BAR naviIconColor=0
04-06 10:53:14.225  3359  3359 I ViewRootImpl@7472b87[PopupWindow:70fbfc6]:   sfl=20000}
04-06 10:53:14.229  3359  3642 I ViewRootImpl@7472b87[PopupWindow:70fbfc6]: Resizing android.view.ViewRootImpl@ac4ee20: frame = [231,1703][321,1797] reportDraw = true forceLayout = false syncSeqId = 0
04-06 10:53:14.230  3359  3359 I ViewRootImpl@7472b87[PopupWindow:70fbfc6]: updateBlastSurfaceIfNeeded mBlastBufferQueue=null isSameSurfaceControl=false
04-06 10:53:14.231  3359  3359 I BLASTBufferQueue: new BLASTBufferQueue, mName= ViewRootImpl@7472b87[PopupWindow:70fbfc6] mNativeObject= 0xb4000069fdaebb80 sc.mNativeObject= 0xb4000069f23c6000 caller= android.view.ViewRootImpl.updateBlastSurfaceIfNeeded:2909 android.view.ViewRootImpl.relayoutWindow:9847 android.view.ViewRootImpl.performTraversals:3884 android.view.ViewRootImpl.doTraversal:3116 android.view.ViewRootImpl$TraversalRunnable.run:10885 android.view.Choreographer$CallbackRecord.run:1301 android.view.Choreographer$CallbackRecord.run:1309 android.view.Choreographer.doCallbacks:923 android.view.Choreographer.doFrame:852 android.view.Choreographer$FrameDisplayEventReceiver.run:1283 
04-06 10:53:14.231  3359  3359 I BLASTBufferQueue: update, w= 90 h= 94 mName = ViewRootImpl@7472b87[PopupWindow:70fbfc6] mNativeObject= 0xb4000069fdaebb80 sc.mNativeObject= 0xb4000069f23c6000 format= -3 caller= android.graphics.BLASTBufferQueue.<init>:84 android.view.ViewRootImpl.updateBlastSurfaceIfNeeded:2909 android.view.ViewRootImpl.relayoutWindow:9847 android.view.ViewRootImpl.performTraversals:3884 android.view.ViewRootImpl.doTraversal:3116 android.view.ViewRootImpl$TraversalRunnable.run:10885 
04-06 10:53:14.231  3359  3359 I ViewRootImpl@7472b87[PopupWindow:70fbfc6]: Relayout returned: old=(231,1703,321,1797) new=(231,1703,321,1797) req=(90,94)0 dur=5 res=0x3 s={true 0xb4000069f23a3800} ch=true seqId=0
04-06 10:53:14.232  3359  3359 I ViewRootImpl@7472b87[PopupWindow:70fbfc6]: mThreadedRenderer.initialize() mSurface={isValid=true 0xb4000069f23a3800} hwInitialized=true
04-06 10:53:14.232  3359  3459 D OpenGLRenderer: eglCreateWindowSurface
04-06 10:53:14.233  3359  3359 I ViewRootImpl@7472b87[PopupWindow:70fbfc6]: reportNextDraw android.view.ViewRootImpl.performTraversals:4438 android.view.ViewRootImpl.doTraversal:3116 android.view.ViewRootImpl$TraversalRunnable.run:10885 android.view.Choreographer$CallbackRecord.run:1301 android.view.Choreographer$CallbackRecord.run:1309 
04-06 10:53:14.233  3359  3359 I ViewRootImpl@7472b87[PopupWindow:70fbfc6]: Setup new sync id=0
04-06 10:53:14.233  3359  3359 I ViewRootImpl@7472b87[PopupWindow:70fbfc6]: Setting syncFrameCallback
04-06 10:53:14.233  3359  3359 I ViewRootImpl@7472b87[PopupWindow:70fbfc6]: registerCallbacksForSync syncBuffer=false
04-06 10:53:14.234  3359  3491 I ViewRootImpl@7472b87[PopupWindow:70fbfc6]: Received frameDrawingCallback syncResult=0 frameNum=1.
04-06 10:53:14.234  3359  3491 I ViewRootImpl@7472b87[PopupWindow:70fbfc6]: Setting up sync and frameCommitCallback
04-06 10:53:14.234  3359  3459 I BLASTBufferQueue: [ViewRootImpl@7472b87[PopupWindow:70fbfc6]#7](f:0,a:0) onFrameAvailable the first frame is available
04-06 10:53:14.234  3359  3459 I ViewRootImpl@7472b87[PopupWindow:70fbfc6]: Received frameCommittedCallback lastAttemptedDrawFrameNum=1 didProduceBuffer=true
04-06 10:53:14.235  3359  3459 D OpenGLRenderer: CFMS:: SetUp Pid : 3359    Tid : 3459
04-06 10:53:14.235  3359  3459 W Parcel  : Expecting binder but got null!
04-06 10:53:14.235  3359  3359 I ViewRootImpl@7472b87[PopupWindow:70fbfc6]: onSyncComplete
04-06 10:53:14.235  3359  3359 I ViewRootImpl@7472b87[PopupWindow:70fbfc6]: setupSync seqId=0 mSyncId=0 fn=1 caller=android.view.ViewRootImpl$$ExternalSyntheticLambda11.accept:6 android.window.SurfaceSyncer.lambda$setupSync$1$android-window-SurfaceSyncer:128 android.window.SurfaceSyncer$$ExternalSyntheticLambda1.accept:8 android.window.SurfaceSyncer$SyncSet.checkIfSyncIsComplete:382 android.window.SurfaceSyncer$SyncSet.markSyncReady:359 android.window.SurfaceSyncer.markSyncReady:151 android.view.ViewRootImpl.performTraversals:4503 
04-06 10:53:14.236  3359  3359 I ViewRootImpl@7472b87[PopupWindow:70fbfc6]: reportDrawFinished seqId=0 mSyncId=-1 fn=1 mSurfaceChangedTransaction=0xb4000069f85df500
