04-06 12:04:00.434 31683 31683 E unknown:ReactHost: 	at com.facebook.react.runtime.ReactHostImpl.raiseSoftException(ReactHostImpl.kt:861)
04-06 12:04:00.434 31683 31683 E unknown:ReactHost: 	at com.facebook.react.runtime.ReactHostImpl.raiseSoftException$default(ReactHostImpl.kt:852)
04-06 12:04:00.434 31683 31683 E unknown:ReactHost: 	at com.facebook.react.runtime.ReactHostImpl.onWindowFocusChange(ReactHostImpl.kt:625)
04-06 12:04:00.434 31683 31683 E unknown:ReactHost: 	at com.facebook.react.ReactDelegate.onWindowFocusChanged(ReactDelegate.kt:232)
04-06 12:04:00.434 31683 31683 E unknown:ReactHost: 	at com.facebook.react.ReactActivityDelegate.onWindowFocusChanged(ReactActivityDelegate.java:237)
04-06 12:04:00.434 31683 31683 E unknown:ReactHost: 	at expo.modules.ReactActivityDelegateWrapper$onWindowFocusChanged$1.invokeSuspend(ReactActivityDelegateWrapper.kt:320)
04-06 12:04:00.434 31683 31683 E unknown:ReactHost: 	at expo.modules.ReactActivityDelegateWrapper$onWindowFocusChanged$1.invoke(Unknown Source:8)
04-06 12:04:00.434 31683 31683 E unknown:ReactHost: 	at expo.modules.ReactActivityDelegateWrapper$onWindowFocusChanged$1.invoke(Unknown Source:4)
04-06 12:04:00.434 31683 31683 E unknown:ReactHost: 	at expo.modules.ReactActivityDelegateWrapper$launchLifecycleScopeWithLock$1.invokeSuspend(ReactActivityDelegateWrapper.kt:452)
04-06 12:04:00.434 31683 31683 E unknown:ReactHost: 	at kotlin.coroutines.jvm.internal.BaseContinuationImpl.resumeWith(ContinuationImpl.kt:33)
04-06 12:04:00.434 31683 31683 E unknown:ReactHost: 	at kotlinx.coroutines.internal.DispatchedContinuationKt.resumeCancellableWith(DispatchedContinuation.kt:375)
04-06 12:04:00.434 31683 31683 E unknown:ReactHost: 	at kotlinx.coroutines.intrinsics.CancellableKt.startCoroutineCancellable(Cancellable.kt:26)
04-06 12:04:00.434 31683 31683 E unknown:ReactHost: 	at kotlinx.coroutines.CoroutineStart.invoke(CoroutineStart.kt:358)
04-06 12:04:00.434 31683 31683 E unknown:ReactHost: 	at kotlinx.coroutines.AbstractCoroutine.start(AbstractCoroutine.kt:134)
04-06 12:04:00.434 31683 31683 E unknown:ReactHost: 	at kotlinx.coroutines.BuildersKt__Builders_commonKt.launch(Builders.common.kt:53)
04-06 12:04:00.434 31683 31683 E unknown:ReactHost: 	at kotlinx.coroutines.BuildersKt.launch(Unknown Source:1)
04-06 12:04:00.434 31683 31683 E unknown:ReactHost: 	at kotlinx.coroutines.BuildersKt__Builders_commonKt.launch$default(Builders.common.kt:44)
04-06 12:04:00.434 31683 31683 E unknown:ReactHost: 	at kotlinx.coroutines.BuildersKt.launch$default(Unknown Source:1)
04-06 12:04:00.434 31683 31683 E unknown:ReactHost: 	at expo.modules.ReactActivityDelegateWrapper.launchLifecycleScopeWithLock(ReactActivityDelegateWrapper.kt:450)
04-06 12:04:00.434 31683 31683 E unknown:ReactHost: 	at expo.modules.ReactActivityDelegateWrapper.launchLifecycleScopeWithLock$default(ReactActivityDelegateWrapper.kt:446)
04-06 12:04:00.434 31683 31683 E unknown:ReactHost: 	at expo.modules.ReactActivityDelegateWrapper.onWindowFocusChanged(ReactActivityDelegateWrapper.kt:318)
04-06 12:04:00.434 31683 31683 E unknown:ReactHost: 	at com.facebook.react.ReactActivity.onWindowFocusChanged(ReactActivity.java:158)
04-06 12:04:00.434 31683 31683 E unknown:ReactHost: 	at androidx.appcompat.view.WindowCallbackWrapper.onWindowFocusChanged(WindowCallbackWrapper.java:124)
04-06 12:04:00.434 31683 31683 E unknown:ReactHost: 	at com.android.internal.policy.DecorView.onWindowFocusChanged(DecorView.java:2710)
04-06 12:04:00.434 31683 31683 E unknown:ReactHost: 	at android.view.View.dispatchWindowFocusChanged(View.java:15817)
04-06 12:04:00.434 31683 31683 E unknown:ReactHost: 	at android.view.ViewGroup.dispatchWindowFocusChanged(ViewGroup.java:1512)
04-06 12:04:00.434 31683 31683 E unknown:ReactHost: 	at android.view.ViewRootImpl.handleWindowFocusChanged(ViewRootImpl.java:4678)
04-06 12:04:00.434 31683 31683 E unknown:ReactHost: 	at android.view.ViewRootImpl.-$$Nest$mhandleWindowFocusChanged(Unknown Source:0)
04-06 12:04:00.434 31683 31683 E unknown:ReactHost: 	at android.view.ViewRootImpl$ViewRootHandler.handleMessageImpl(ViewRootImpl.java:6788)
04-06 12:04:00.434 31683 31683 E unknown:ReactHost: 	at android.view.ViewRootImpl$ViewRootHandler.handleMessage(ViewRootImpl.java:6697)
04-06 12:04:00.434 31683 31683 E unknown:ReactHost: 	at android.os.Handler.dispatchMessage(Handler.java:106)
04-06 12:04:00.434 31683 31683 E unknown:ReactHost: 	at android.os.Looper.loopOnce(Looper.java:226)
04-06 12:04:00.434 31683 31683 E unknown:ReactHost: 	at android.os.Looper.loop(Looper.java:313)
04-06 12:04:00.434 31683 31683 E unknown:ReactHost: 	at android.app.ActivityThread.main(ActivityThread.java:8762)
04-06 12:04:00.434 31683 31683 E unknown:ReactHost: 	at java.lang.reflect.Method.invoke(Native Method)
04-06 12:04:00.434 31683 31683 E unknown:ReactHost: 	at com.android.internal.os.RuntimeInit$MethodAndArgsCaller.run(RuntimeInit.java:604)
04-06 12:04:00.434 31683 31683 E unknown:ReactHost: 	at com.android.internal.os.ZygoteInit.main(ZygoteInit.java:1067)
04-06 12:04:00.434 31683 31683 D InputMethodManager: startInputInner - Id : 0
04-06 12:04:00.434 31683 31683 I InputMethodManager: startInputInner - mService.startInputOrWindowGainedFocus
04-06 12:04:00.437 31683 31683 I ViewRootImpl@8125395[PopupWindow:b19674c]: handleResized, msg = 5 frames=ClientWindowFrames{frame=[0,88][1080,167] display=[0,88][1080,2256] parentFrame=[0,0][0,0] parentClippedByDisplayCutout=false} forceNextWindowRelayout=false displayId=0 resizeMode=-1 frameChanged=false displayFrameChanged=false configChanged=false displayChanged=false
04-06 12:04:00.437 31683 31683 I ViewRootImpl@8125395[PopupWindow:b19674c]: handleResized mSyncSeqId = 0
04-06 12:04:00.437 31683 31683 I ViewRootImpl@8125395[PopupWindow:b19674c]: reportNextDraw android.view.ViewRootImpl.handleResized:2450 android.view.ViewRootImpl.-$$Nest$mhandleResized:0 android.view.ViewRootImpl$ViewRootHandler.handleMessageImpl:6728 android.view.ViewRootImpl$ViewRootHandler.handleMessage:6697 android.os.Handler.dispatchMessage:106 
04-06 12:04:00.438 31683 31683 I ViewRootImpl@8125395[PopupWindow:b19674c]: Setup new sync id=1
04-06 12:04:00.438 31683 31683 I ViewRootImpl@8125395[PopupWindow:b19674c]: Setting syncFrameCallback
04-06 12:04:00.438 31683 31683 I ViewRootImpl@8125395[PopupWindow:b19674c]: registerCallbacksForSync syncBuffer=false
04-06 12:04:00.441 31683 31761 I ViewRootImpl@8125395[PopupWindow:b19674c]: Received frameDrawingCallback syncResult=0 frameNum=3.
04-06 12:04:00.441 31683 31761 I ViewRootImpl@8125395[PopupWindow:b19674c]: Setting up sync and frameCommitCallback
04-06 12:04:00.447 31683 31737 I ViewRootImpl@8125395[PopupWindow:b19674c]: Received frameCommittedCallback lastAttemptedDrawFrameNum=3 didProduceBuffer=true
04-06 12:04:00.447 31683 31683 I ViewRootImpl@8125395[PopupWindow:b19674c]: onSyncComplete
04-06 12:04:00.447 31683 31683 I ViewRootImpl@8125395[PopupWindow:b19674c]: setupSync seqId=0 mSyncId=1 fn=3 caller=android.view.ViewRootImpl$$ExternalSyntheticLambda11.accept:6 android.window.SurfaceSyncer.lambda$setupSync$1$android-window-SurfaceSyncer:128 android.window.SurfaceSyncer$$ExternalSyntheticLambda1.accept:8 android.window.SurfaceSyncer$SyncSet.checkIfSyncIsComplete:382 android.window.SurfaceSyncer$SyncSet.markSyncReady:359 android.window.SurfaceSyncer.markSyncReady:151 android.view.ViewRootImpl.performTraversals:4503 
04-06 12:04:00.447 31683 31683 I ViewRootImpl@8125395[PopupWindow:b19674c]: reportDrawFinished seqId=0 mSyncId=-1 fn=3 mSurfaceChangedTransaction=0xb4000070b13cd300
04-06 12:04:00.447 31683 31683 D InputMethodManager: startInputInner - Id : 0
04-06 12:04:00.681 31683 31737 D OpenGLRenderer: setSurface called with nullptr
04-06 12:04:00.681 31683 31737 D OpenGLRenderer: setSurface() destroyed EGLSurface
04-06 12:04:00.681 31683 31737 D OpenGLRenderer: destroyEglSurface
04-06 12:04:00.682 31683 31759 D Detox.RNMarker: DOWNLOAD_END ({"url":"http:\/\/localhost:8081\/.expo\/.virtual-metro-entry.bundle?platform=android&dev=true&lazy=true&minify=false&app=com.evolucao.app&modulesOnly=false&runModule=true&excludeSource=true&sourcePaths=url-server","filesChangedCount":0})
04-06 12:04:00.682 31683 31759 W unknown:BridgelessReact: ReactHost{0}.loadJSBundleFromMetro(): Creating BundleLoader
04-06 12:04:00.682 31683 31683 I ViewRootImpl@8125395[PopupWindow:b19674c]: dispatchDetachedFromWindow
04-06 12:04:00.683 31683 31758 W unknown:BridgelessReact: ReactHost{0}.getOrCreateReactInstanceTask(): Creating BridgelessReactContext
04-06 12:04:00.684 31683 31758 W unknown:BridgelessReact: ReactHost{0}.getOrCreateReactInstanceTask(): Creating ReactInstance
04-06 12:04:00.684 31683 31683 D InputTransport: Input channel destroyed: 'a2c123c', fd=121
04-06 12:04:00.698 31683 31759 D TrafficStats: tagSocket(131) with statsTag=0xffffffff, statsUid=-1
04-06 12:04:00.699 31683 31758 D jni_lib_merge: Entering merged library JNI_OnLoad.
04-06 12:04:00.699 31683 31758 D jni_lib_merge: Preparing 4 pre-merged libs (including stub)
04-06 12:04:00.699 31683 31758 D jni_lib_merge: Preparing to register libhermes_executor_so.  onload_func: 0x7014764fa4
04-06 12:04:00.699 31683 31758 D jni_lib_merge: Preparing to register libhermesinstancejni_so.  onload_func: 0x701479e8b4
04-06 12:04:00.699 31683 31758 D jni_lib_merge: Preparing to register libjsijniprofiler_so.  onload_func: 0x70147a08f8
04-06 12:04:00.699 31683 31758 D jni_lib_merge: About to register 3 actual methods.
04-06 12:04:00.800 31683 31758 I ExpoModulesCore: ✅ AppContext was initialized
04-06 12:04:00.830 31683 31758 W unknown:BridgelessReact: ReactHost{0}.getOrCreateReactInstanceTask(): Loading JS Bundle
04-06 12:04:00.831 31683 31758 W unknown:BridgelessReact: ReactHost{0}.getOrCreateReactInstanceTask(): DevSupportManager.onNewReactContextCreated()
04-06 12:04:00.831 31683 31773 D Detox.RNMarker: RUN_JS_BUNDLE_START (/.virtual-metro-entry.bundle?platform=android&dev=true&lazy=true&minify=false&app=com.evolucao.app&modulesOnly=false&runModule=true&excludeSource=true&sourcePaths=url-server)
04-06 12:04:00.833 31683 31683 W unknown:ReactNative: Packager connection already open, nooping.
04-06 12:04:00.835 31683 31683 W unknown:BridgelessReact: ReactHost{0}.ReactContext.onHostResume()
04-06 12:04:00.836 31683 31758 W unknown:BridgelessReact: ReactHost{0}.startSurface(surfaceId = 0): Execute
04-06 12:04:00.839 31683 31683 W unknown:BridgelessReact: ReactHost{0}.getOrCreateReactInstanceTask(): Executing ReactInstanceEventListeners
04-06 12:04:00.839 31683 31683 I DetoxRNLoading: Got new RN-context through listener
04-06 12:04:00.840 31683 31713 I DetoxRNIdleRes: Setting up Espresso Idling Resources for React Native
04-06 12:04:00.846 31683 31683 D DetoxRNHelpers: Native RN module resolution (class com.reactnativecommunity.asyncstorage.AsyncStorageModule): no registered module found
04-06 12:04:00.847 31683 31713 D IdlingRegistry: Registering idling resources: [com.wix.detox.reactnative.idlingresources.uimodule.fabric.FabricUIManagerIdlingResources@6dc8b83]
04-06 12:04:00.847 31683 31713 D IdlingRegistry: Registering idling resources: [com.wix.detox.reactnative.idlingresources.animations.AnimatedModuleIdlingResource@8bb8100]
04-06 12:04:00.847 31683 31713 D IdlingRegistry: Registering idling resources: [com.wix.detox.reactnative.idlingresources.timers.FabricTimersIdlingResource@f241d39]
04-06 12:04:00.847 31683 31713 D IdlingRegistry: Registering idling resources: [com.wix.detox.reactnative.idlingresources.network.NetworkIdlingResource@65dff7e]
04-06 12:04:00.847 31683 31713 D IdlingRegistry: Registering idling resources: [com.wix.detox.reactnative.idlingresources.StabilizedIdlingResource@3525cdf]
04-06 12:04:00.860 31683 31774 W om.evolucao.app: Accessing hidden method Landroid/os/MessageQueue;->next()Landroid/os/Message; (unsupported, reflection, allowed)
04-06 12:04:00.860 31683 31774 W om.evolucao.app: Accessing hidden field Landroid/os/MessageQueue;->mMessages:Landroid/os/Message; (unsupported, reflection, allowed)
04-06 12:04:00.860 31683 31774 W om.evolucao.app: Accessing hidden method Landroid/os/Message;->recycleUnchecked()V (unsupported, reflection, allowed)
04-06 12:04:01.003 31683 31683 D DetoxRNHelpers: Native RN module resolution (class com.reactnativecommunity.asyncstorage.AsyncStorageModule): no registered module found
04-06 12:04:01.004 31683 31719 W om.evolucao.app: Long monitor contention with owner Instr: androidx.test.runner.AndroidJUnitRunner (31713) at void com.wix.detox.DetoxMain.launchActivityOnCue(android.content.Context, com.wix.detox.ActivityLaunchHelper)(DetoxMain.kt:53) waiters=0 in void com.wix.detox.DetoxMain$setupActionHandlers$SynchronizedActionHandler.handle(java.lang.String, long) for 828ms
04-06 12:04:01.074 31683 31774 I WebViewFactory: Loading com.google.android.webview version 146.0.7680.164 (code 768016403)
04-06 12:04:01.076 31683 31774 D ApplicationLoaders: Returning zygote-cached class loader: /system/framework/android.test.base.jar
04-06 12:04:01.082 31683 31774 D nativeloader: Configuring classloader-namespace for other apk /data/app/~~23ppwVuk64Fm9vdWCRWMMw==/com.google.android.webview-FPIphznatdLDx2VBYoD68A==/base.apk. target_sdk_version=36, uses_libraries=, library_path=/data/app/~~23ppwVuk64Fm9vdWCRWMMw==/com.google.android.webview-FPIphznatdLDx2VBYoD68A==/lib/arm64:/data/app/~~23ppwVuk64Fm9vdWCRWMMw==/com.google.android.webview-FPIphznatdLDx2VBYoD68A==/base.apk!/lib/arm64-v8a, permitted_path=/data:/mnt/expand
04-06 12:04:01.097 31683 31774 I cr_WVCFactoryProvider: version=146.0.7680.164 (768016403) minSdkVersion=29 multiprocess=true packageId=127 splits=<none>
04-06 12:04:01.102 31683 31787 I chromium: [0406/120401.102575:INFO:android_webview/browser/variations/variations_seed_loader.cc:67] Failed to open file for reading.: No such file or directory (2)
04-06 12:04:01.102 31683 31787 I chromium: [0406/120401.102713:INFO:android_webview/browser/variations/variations_seed_loader.cc:67] Failed to open file for reading.: No such file or directory (2)
04-06 12:04:01.107 31683 31774 I cr_LibraryLoader: Successfully loaded native library
04-06 12:04:01.108 31683 31774 I cr_CachingUmaRecorder: Flushed 16 samples from 16 histograms, 0 samples were dropped.
04-06 12:04:01.124 31683 31773 W BridgelessReactContext: [WARNING] Bridgeless doesn't support CatalystInstance. Accessing an API that's not part of the new architecture is not encouraged usage.
04-06 12:04:01.136 31683 31773 I ExpoModulesCore: ✅ JSI interop was installed
04-06 12:04:01.137 31683 31792 D TrafficStats: tagSocket(143) with statsTag=0xffffffff, statsUid=-1
04-06 12:04:01.139 31683 31792 D TrafficStats: tagSocket(143) with statsTag=0xffffffff, statsUid=-1
04-06 12:04:01.142 31683 31773 I ExpoModulesCore: ✅ Constants were exported
04-06 12:04:01.187 31683 31773 W unknown:ViewManagerPropertyUpdater: Could not find generated setter for class com.th3rdwave.safeareacontext.SafeAreaProviderManager
04-06 12:04:01.190 31683 31773 W unknown:ViewManagerPropertyUpdater: Could not find generated setter for class com.facebook.react.uimanager.LayoutShadowNode
04-06 12:04:01.191 31683 31773 W unknown:ViewManagerPropertyUpdater: Could not find generated setter for class com.swmansion.rnscreens.SearchBarManager
04-06 12:04:01.192 31683 31773 W unknown:ViewManagerPropertyUpdater: Could not find generated setter for class com.swmansion.rnscreens.ScreenFooterManager
04-06 12:04:01.193 31683 31773 W unknown:ViewManagerPropertyUpdater: Could not find generated setter for class com.swmansion.rnscreens.gamma.tabs.TabScreenViewManager
04-06 12:04:01.194 31683 31773 W unknown:ViewManagerPropertyUpdater: Could not find generated setter for class expo.modules.kotlin.views.GroupViewManagerWrapper
04-06 12:04:01.194 31683 31773 W unknown:ViewManagerPropertyUpdater: Could not find generated setter for class com.swmansion.rnscreens.ScreenContainerViewManager
04-06 12:04:01.195 31683 31773 W unknown:ViewManagerPropertyUpdater: Could not find generated setter for class com.swmansion.rnscreens.gamma.tabs.TabsHostViewManager
04-06 12:04:01.196 31683 31773 W unknown:ViewManagerPropertyUpdater: Could not find generated setter for class com.swmansion.rnscreens.ModalScreenViewManager
04-06 12:04:01.197 31683 31773 W unknown:ViewManagerPropertyUpdater: Could not find generated setter for class com.swmansion.rnscreens.ScreenStackHeaderConfigViewManager
04-06 12:04:01.198 31683 31773 W unknown:ViewManagerPropertyUpdater: Could not find generated setter for class com.swmansion.rnscreens.ScreenContentWrapperManager
04-06 12:04:01.198 31683 31773 W unknown:ViewManagerPropertyUpdater: Could not find generated setter for class com.th3rdwave.safeareacontext.SafeAreaViewManager
04-06 12:04:01.199 31683 31773 W unknown:ViewManagerPropertyUpdater: Could not find generated setter for class com.th3rdwave.safeareacontext.SafeAreaViewShadowNode
04-06 12:04:01.200 31683 31773 W unknown:ViewManagerPropertyUpdater: Could not find generated setter for class com.swmansion.rnscreens.safearea.SafeAreaViewManager
04-06 12:04:01.201 31683 31773 W unknown:ViewManagerPropertyUpdater: Could not find generated setter for class com.swmansion.rnscreens.safearea.paper.SafeAreaViewShadowNode
04-06 12:04:01.201 31683 31773 W unknown:ViewManagerPropertyUpdater: Could not find generated setter for class com.swmansion.rnscreens.ScreenViewManager
04-06 12:04:01.201 31683 31773 W unknown:ViewManagerPropertyUpdater: Could not find generated setter for class com.swmansion.rnscreens.gamma.stack.host.StackHostViewManager
04-06 12:04:01.202 31683 31773 W unknown:ViewManagerPropertyUpdater: Could not find generated setter for class com.swmansion.rnscreens.ScreenStackHeaderSubviewManager
04-06 12:04:01.202 31683 31773 W unknown:ViewManagerPropertyUpdater: Could not find generated setter for class com.swmansion.rnscreens.gamma.stack.screen.StackScreenViewManager
04-06 12:04:01.203 31683 31773 W unknown:ViewManagerPropertyUpdater: Could not find generated setter for class com.swmansion.rnscreens.ScreenStackViewManager
04-06 12:04:01.277 31683 31773 W unknown:ViewManagerPropertyUpdater: Could not find generated setter for class com.facebook.react.views.debuggingoverlay.DebuggingOverlayManager
04-06 12:04:01.282 31683 31773 W unknown:ViewManagerPropertyUpdater: Could not find generated setter for class com.swmansion.gesturehandler.react.RNGestureHandlerButtonViewManager
04-06 12:04:01.288 31683 31773 W unknown:ViewManagerPropertyUpdater: Could not find generated setter for class com.facebook.react.views.safeareaview.ReactSafeAreaViewManager
04-06 12:04:01.292 31683 31773 W unknown:ViewManagerPropertyUpdater: Could not find generated setter for class com.facebook.react.views.modal.ReactModalHostManager
04-06 12:04:01.297 31683 31773 W unknown:ViewManagerPropertyUpdater: Could not find generated setter for class com.facebook.react.views.text.frescosupport.FrescoBasedReactTextInlineImageViewManager
04-06 12:04:01.298 31683 31773 W unknown:ViewManagerPropertyUpdater: Could not find generated setter for class com.facebook.react.views.text.frescosupport.FrescoBasedReactTextInlineImageShadowNode
04-06 12:04:01.303 31683 31773 W unknown:ViewManagerPropertyUpdater: Could not find generated setter for class com.facebook.react.views.progressbar.ReactProgressBarViewManager
04-06 12:04:01.303 31683 31773 W unknown:ViewManagerPropertyUpdater: Could not find generated setter for class com.facebook.react.views.progressbar.ProgressBarShadowNode
04-06 12:04:01.309 31683 31773 W unknown:ViewManagerPropertyUpdater: Could not find generated setter for class com.facebook.react.views.scroll.ReactHorizontalScrollViewManager
04-06 12:04:01.315 31683 31773 W unknown:ViewManagerPropertyUpdater: Could not find generated setter for class com.facebook.react.views.image.ReactImageManager
04-06 12:04:01.321 31683 31773 W unknown:ViewManagerPropertyUpdater: Could not find generated setter for class com.facebook.react.views.text.ReactTextViewManager
04-06 12:04:01.322 31683 31773 W unknown:ViewManagerPropertyUpdater: Could not find generated setter for class com.facebook.react.views.text.ReactTextShadowNode
04-06 12:04:01.328 31683 31773 W unknown:ViewManagerPropertyUpdater: Could not find generated setter for class com.facebook.react.views.scroll.ReactHorizontalScrollContainerViewManager
04-06 12:04:01.334 31683 31773 W unknown:ViewManagerPropertyUpdater: Could not find generated setter for class com.facebook.react.views.unimplementedview.ReactUnimplementedViewManager
04-06 12:04:01.340 31683 31773 W unknown:ViewManagerPropertyUpdater: Could not find generated setter for class com.facebook.react.views.scroll.ReactScrollViewManager
04-06 12:04:01.346 31683 31773 W unknown:ViewManagerPropertyUpdater: Could not find generated setter for class com.facebook.react.views.view.ReactViewManager
04-06 12:04:01.352 31683 31773 W unknown:ViewManagerPropertyUpdater: Could not find generated setter for class com.facebook.react.views.drawer.ReactDrawerLayoutManager
04-06 12:04:01.358 31683 31773 W unknown:ViewManagerPropertyUpdater: Could not find generated setter for class com.facebook.react.views.switchview.ReactSwitchManager
04-06 12:04:01.359 31683 31773 W unknown:ViewManagerPropertyUpdater: Could not find generated setter for class com.facebook.react.views.switchview.ReactSwitchShadowNode
04-06 12:04:01.364 31683 31773 W unknown:ViewManagerPropertyUpdater: Could not find generated setter for class com.facebook.react.views.swiperefresh.SwipeRefreshLayoutManager
04-06 12:04:01.372 31683 31773 W unknown:ViewManagerPropertyUpdater: Could not find generated setter for class com.facebook.react.views.textinput.ReactTextInputManager
04-06 12:04:01.374 31683 31773 W unknown:ViewManagerPropertyUpdater: Could not find generated setter for class com.facebook.react.views.textinput.ReactTextInputShadowNode
04-06 12:04:01.381 31683 31773 W unknown:ViewManagerPropertyUpdater: Could not find generated setter for class com.swmansion.gesturehandler.react.RNGestureHandlerRootViewManager
04-06 12:04:01.413 31683 31792 D TrafficStats: tagSocket(143) with statsTag=0xffffffff, statsUid=-1
04-06 12:04:01.579 31683 31773 V AsyncStorageExpoMigration: No scoped database found
04-06 12:04:01.755 31683 31773 D Detox.RNMarker: RUN_JS_BUNDLE_END (/.virtual-metro-entry.bundle?platform=android&dev=true&lazy=true&minify=false&app=com.evolucao.app&modulesOnly=false&runModule=true&excludeSource=true&sourcePaths=url-server)
04-06 12:04:01.757 31683 31773 I ReactNativeJS: Running "main" with {"rootTag":1,"initialProps":{},"fabric":true}
04-06 12:04:01.835 31683 31795 D TrafficStats: tagSocket(133) with statsTag=0xffffffff, statsUid=-1
04-06 12:04:01.965 31683 31683 I DecorView: notifyKeepScreenOnChanged: keepScreenOn=true
04-06 12:04:01.979 31683 31683 D Detox.RNMarker: CONTENT_APPEARED (main)
04-06 12:04:01.984 31683 31683 I ViewRootImpl@73623ee[MainActivity]: performTraversals params={(0,0)(fillxfill) sim={adjust=resize} layoutInDisplayCutoutMode=always ty=BASE_APPLICATION wanim=0x1030309
04-06 12:04:01.984 31683 31683 I ViewRootImpl@73623ee[MainActivity]:   fl=81810180
04-06 12:04:01.984 31683 31683 I ViewRootImpl@73623ee[MainActivity]:   pfl=16020040
04-06 12:04:01.984 31683 31683 I ViewRootImpl@73623ee[MainActivity]:   vsysui=100
04-06 12:04:01.984 31683 31683 I ViewRootImpl@73623ee[MainActivity]:   bhv=DEFAULT
04-06 12:04:01.984 31683 31683 I ViewRootImpl@73623ee[MainActivity]:   fitSides= naviIconColor=0}
04-06 12:04:01.985 31683 31683 I ViewRootImpl@73623ee[MainActivity]: performTraversals mFirst=false windowShouldResize=false viewVisibilityChanged=false mForceNextWindowRelayout=false params={(0,0)(fillxfill) sim={adjust=resize} layoutInDisplayCutoutMode=always ty=BASE_APPLICATION wanim=0x1030309
04-06 12:04:01.985 31683 31683 I ViewRootImpl@73623ee[MainActivity]:   fl=81810180
04-06 12:04:01.985 31683 31683 I ViewRootImpl@73623ee[MainActivity]:   pfl=16020040
04-06 12:04:01.985 31683 31683 I ViewRootImpl@73623ee[MainActivity]:   vsysui=100
04-06 12:04:01.985 31683 31683 I ViewRootImpl@73623ee[MainActivity]:   bhv=DEFAULT
04-06 12:04:01.985 31683 31683 I ViewRootImpl@73623ee[MainActivity]:   fitSides= naviIconColor=0}
04-06 12:04:01.989 31683 31773 D Detox.RNMarker: REACT_BRIDGELESS_LOADING_END (null)
04-06 12:04:01.995 31683 31683 I ViewRootImpl@73623ee[MainActivity]: updateBlastSurfaceIfNeeded mBlastBufferQueue=0xb4000070c2c34c00 isSameSurfaceControl=true
04-06 12:04:01.995 31683 31683 I BLASTBufferQueue: update, w= 1080 h= 2400 mName = ViewRootImpl@73623ee[MainActivity] mNativeObject= 0xb4000070c2c34c00 sc.mNativeObject= 0xb4000070a0cf7ba0 format= -1 caller= android.view.ViewRootImpl.updateBlastSurfaceIfNeeded:2898 android.view.ViewRootImpl.relayoutWindow:9847 android.view.ViewRootImpl.performTraversals:3884 android.view.ViewRootImpl.doTraversal:3116 android.view.ViewRootImpl$TraversalRunnable.run:10885 android.view.Choreographer$CallbackRecord.run:1301 
04-06 12:04:01.996 31683 31683 I ViewRootImpl@73623ee[MainActivity]: Relayout returned: old=(0,0,1080,2400) new=(0,0,1080,2400) req=(1080,2400)0 dur=9 res=0x0 s={true 0xb4000070b13df000} ch=false seqId=0
04-06 12:04:02.000 31683 31773 I ReactNativeJS: '[ANALYTICS]', 'app_opened', { event: 'app_opened',
04-06 12:04:02.000 31683 31773 I ReactNativeJS:   eventId: '1775487841995_8e32cae2de53c',
04-06 12:04:02.000 31683 31773 I ReactNativeJS:   appVersion: '1.0.0',
04-06 12:04:02.000 31683 31773 I ReactNativeJS:   category: 'engagement',
04-06 12:04:02.000 31683 31773 I ReactNativeJS:   userId: 'anonymous',
04-06 12:04:02.000 31683 31773 I ReactNativeJS:   timestamp: 1775487841995,
04-06 12:04:02.000 31683 31773 I ReactNativeJS:   timestampIso: '2026-04-06T15:04:01.995Z',
04-06 12:04:02.000 31683 31773 I ReactNativeJS:   screen: 'App',
04-06 12:04:02.000 31683 31773 I ReactNativeJS:   sessionId: 'session-1775487841988-8c2f28ae34dc7',
04-06 12:04:02.000 31683 31773 I ReactNativeJS:   flowId: 'session-1775487841988-8c2f28ae34dc7',
04-06 12:04:02.000 31683 31773 I ReactNativeJS:   meta: 
04-06 12:04:02.000 31683 31773 I ReactNativeJS:    { domain: 'engagement',
04-06 12:04:02.000 31683 31773 I ReactNativeJS:      version: 1,
04-06 12:04:02.000 31683 31773 I ReactNativeJS:      dayKey: '2026-04-06',
04-06 12:04:02.000 31683 31773 I ReactNativeJS:      isFirstOpenOfDay: true,
04-06 12:04:02.000 31683 31773 I ReactNativeJS:      category: 'engagement' } }
04-06 12:04:02.188 31683 31693 I om.evolucao.app: Compiler allocated 4177KB to compile void android.widget.TextView.<init>(android.content.Context, android.util.AttributeSet, int, int)
04-06 12:04:02.200 31683 31683 D CompatibilityChangeReporter: Compat change id reported: 171228096; UID 10557; state: ENABLED
04-06 12:04:02.201 31683 31683 D ScrollView: initGoToTop
04-06 12:04:02.202 31683 31683 W om.evolucao.app: Accessing hidden field Landroid/widget/ScrollView;->mScroller:Landroid/widget/OverScroller; (unsupported, reflection, allowed)
04-06 12:04:02.220 31683 31683 W [RNScreens]: backTitleFontFamily prop is not available on Android
04-06 12:04:02.220 31683 31683 W [RNScreens]: disableBackButtonMenu prop is not available on Android
04-06 12:04:02.220 31683 31683 W [RNScreens]: backTitleVisible prop is not available on Android
04-06 12:04:02.220 31683 31683 W [RNScreens]: topInsetEnabled prop is not available on Android
04-06 12:04:02.221 31683 31683 W [RNScreens]: largeTitleHideShadow prop is not available on Android
04-06 12:04:02.221 31683 31683 W [RNScreens]: largeTitleFontWeight prop is not available on Android
04-06 12:04:02.221 31683 31683 W [RNScreens]: userInterfaceStyle prop is not available on Android
04-06 12:04:02.221 31683 31683 W [RNScreens]: largeTitleFontFamily prop is not available on Android
04-06 12:04:02.310 31683 31737 D OpenGLRenderer: setSurface called with nu