04-06 11:11:20.178  8531  8531 E unknown:ReactHost: 	at com.facebook.react.runtime.ReactHostImpl.raiseSoftException(ReactHostImpl.kt:861)
04-06 11:11:20.178  8531  8531 E unknown:ReactHost: 	at com.facebook.react.runtime.ReactHostImpl.raiseSoftException$default(ReactHostImpl.kt:852)
04-06 11:11:20.178  8531  8531 E unknown:ReactHost: 	at com.facebook.react.runtime.ReactHostImpl.onWindowFocusChange(ReactHostImpl.kt:625)
04-06 11:11:20.178  8531  8531 E unknown:ReactHost: 	at com.facebook.react.ReactDelegate.onWindowFocusChanged(ReactDelegate.kt:232)
04-06 11:11:20.178  8531  8531 E unknown:ReactHost: 	at com.facebook.react.ReactActivityDelegate.onWindowFocusChanged(ReactActivityDelegate.java:237)
04-06 11:11:20.178  8531  8531 E unknown:ReactHost: 	at expo.modules.ReactActivityDelegateWrapper$onWindowFocusChanged$1.invokeSuspend(ReactActivityDelegateWrapper.kt:320)
04-06 11:11:20.178  8531  8531 E unknown:ReactHost: 	at expo.modules.ReactActivityDelegateWrapper$onWindowFocusChanged$1.invoke(Unknown Source:8)
04-06 11:11:20.178  8531  8531 E unknown:ReactHost: 	at expo.modules.ReactActivityDelegateWrapper$onWindowFocusChanged$1.invoke(Unknown Source:4)
04-06 11:11:20.178  8531  8531 E unknown:ReactHost: 	at expo.modules.ReactActivityDelegateWrapper$launchLifecycleScopeWithLock$1.invokeSuspend(ReactActivityDelegateWrapper.kt:452)
04-06 11:11:20.178  8531  8531 E unknown:ReactHost: 	at kotlin.coroutines.jvm.internal.BaseContinuationImpl.resumeWith(ContinuationImpl.kt:33)
04-06 11:11:20.178  8531  8531 E unknown:ReactHost: 	at kotlinx.coroutines.internal.DispatchedContinuationKt.resumeCancellableWith(DispatchedContinuation.kt:375)
04-06 11:11:20.178  8531  8531 E unknown:ReactHost: 	at kotlinx.coroutines.intrinsics.CancellableKt.startCoroutineCancellable(Cancellable.kt:26)
04-06 11:11:20.178  8531  8531 E unknown:ReactHost: 	at kotlinx.coroutines.CoroutineStart.invoke(CoroutineStart.kt:358)
04-06 11:11:20.178  8531  8531 E unknown:ReactHost: 	at kotlinx.coroutines.AbstractCoroutine.start(AbstractCoroutine.kt:134)
04-06 11:11:20.178  8531  8531 E unknown:ReactHost: 	at kotlinx.coroutines.BuildersKt__Builders_commonKt.launch(Builders.common.kt:53)
04-06 11:11:20.178  8531  8531 E unknown:ReactHost: 	at kotlinx.coroutines.BuildersKt.launch(Unknown Source:1)
04-06 11:11:20.178  8531  8531 E unknown:ReactHost: 	at kotlinx.coroutines.BuildersKt__Builders_commonKt.launch$default(Builders.common.kt:44)
04-06 11:11:20.178  8531  8531 E unknown:ReactHost: 	at kotlinx.coroutines.BuildersKt.launch$default(Unknown Source:1)
04-06 11:11:20.178  8531  8531 E unknown:ReactHost: 	at expo.modules.ReactActivityDelegateWrapper.launchLifecycleScopeWithLock(ReactActivityDelegateWrapper.kt:450)
04-06 11:11:20.178  8531  8531 E unknown:ReactHost: 	at expo.modules.ReactActivityDelegateWrapper.launchLifecycleScopeWithLock$default(ReactActivityDelegateWrapper.kt:446)
04-06 11:11:20.178  8531  8531 E unknown:ReactHost: 	at expo.modules.ReactActivityDelegateWrapper.onWindowFocusChanged(ReactActivityDelegateWrapper.kt:318)
04-06 11:11:20.178  8531  8531 E unknown:ReactHost: 	at com.facebook.react.ReactActivity.onWindowFocusChanged(ReactActivity.java:158)
04-06 11:11:20.178  8531  8531 E unknown:ReactHost: 	at androidx.appcompat.view.WindowCallbackWrapper.onWindowFocusChanged(WindowCallbackWrapper.java:124)
04-06 11:11:20.178  8531  8531 E unknown:ReactHost: 	at com.android.internal.policy.DecorView.onWindowFocusChanged(DecorView.java:2710)
04-06 11:11:20.178  8531  8531 E unknown:ReactHost: 	at android.view.View.dispatchWindowFocusChanged(View.java:15817)
04-06 11:11:20.178  8531  8531 E unknown:ReactHost: 	at android.view.ViewGroup.dispatchWindowFocusChanged(ViewGroup.java:1512)
04-06 11:11:20.178  8531  8531 E unknown:ReactHost: 	at android.view.ViewRootImpl.handleWindowFocusChanged(ViewRootImpl.java:4678)
04-06 11:11:20.178  8531  8531 E unknown:ReactHost: 	at android.view.ViewRootImpl.-$$Nest$mhandleWindowFocusChanged(Unknown Source:0)
04-06 11:11:20.178  8531  8531 E unknown:ReactHost: 	at android.view.ViewRootImpl$ViewRootHandler.handleMessageImpl(ViewRootImpl.java:6788)
04-06 11:11:20.178  8531  8531 E unknown:ReactHost: 	at android.view.ViewRootImpl$ViewRootHandler.handleMessage(ViewRootImpl.java:6697)
04-06 11:11:20.178  8531  8531 E unknown:ReactHost: 	at android.os.Handler.dispatchMessage(Handler.java:106)
04-06 11:11:20.178  8531  8531 E unknown:ReactHost: 	at android.os.Looper.loopOnce(Looper.java:226)
04-06 11:11:20.178  8531  8531 E unknown:ReactHost: 	at android.os.Looper.loop(Looper.java:313)
04-06 11:11:20.178  8531  8531 E unknown:ReactHost: 	at android.app.ActivityThread.main(ActivityThread.java:8762)
04-06 11:11:20.178  8531  8531 E unknown:ReactHost: 	at java.lang.reflect.Method.invoke(Native Method)
04-06 11:11:20.178  8531  8531 E unknown:ReactHost: 	at com.android.internal.os.RuntimeInit$MethodAndArgsCaller.run(RuntimeInit.java:604)
04-06 11:11:20.178  8531  8531 E unknown:ReactHost: 	at com.android.internal.os.ZygoteInit.main(ZygoteInit.java:1067)
04-06 11:11:20.179  8531  8531 D InputMethodManager: startInputInner - Id : 0
04-06 11:11:20.179  8531  8531 I InputMethodManager: startInputInner - mService.startInputOrWindowGainedFocus
04-06 11:11:20.184  8531  8531 I ViewRootImpl@d3fd920[PopupWindow:b18b023]: handleResized, msg = 5 frames=ClientWindowFrames{frame=[0,88][1080,167] display=[0,88][1080,2256] parentFrame=[0,0][0,0] parentClippedByDisplayCutout=false} forceNextWindowRelayout=false displayId=0 resizeMode=-1 frameChanged=false displayFrameChanged=false configChanged=false displayChanged=false
04-06 11:11:20.184  8531  8531 I ViewRootImpl@d3fd920[PopupWindow:b18b023]: handleResized mSyncSeqId = 0
04-06 11:11:20.184  8531  8531 I ViewRootImpl@d3fd920[PopupWindow:b18b023]: reportNextDraw android.view.ViewRootImpl.handleResized:2450 android.view.ViewRootImpl.-$$Nest$mhandleResized:0 android.view.ViewRootImpl$ViewRootHandler.handleMessageImpl:6728 android.view.ViewRootImpl$ViewRootHandler.handleMessage:6697 android.os.Handler.dispatchMessage:106 
04-06 11:11:20.188  8531  8531 D InputMethodManager: startInputInner - Id : 0
04-06 11:11:20.192  8531  8531 I ViewRootImpl@d3fd920[PopupWindow:b18b023]: Setup new sync id=1
04-06 11:11:20.192  8531  8531 I ViewRootImpl@d3fd920[PopupWindow:b18b023]: Setting syncFrameCallback
04-06 11:11:20.192  8531  8531 I ViewRootImpl@d3fd920[PopupWindow:b18b023]: registerCallbacksForSync syncBuffer=false
04-06 11:11:20.194  8531  8667 I ViewRootImpl@d3fd920[PopupWindow:b18b023]: Received frameDrawingCallback syncResult=0 frameNum=3.
04-06 11:11:20.195  8531  8667 I ViewRootImpl@d3fd920[PopupWindow:b18b023]: Setting up sync and frameCommitCallback
04-06 11:11:20.200  8531  8641 I ViewRootImpl@d3fd920[PopupWindow:b18b023]: Received frameCommittedCallback lastAttemptedDrawFrameNum=3 didProduceBuffer=true
04-06 11:11:20.200  8531  8531 I ViewRootImpl@d3fd920[PopupWindow:b18b023]: onSyncComplete
04-06 11:11:20.200  8531  8531 I ViewRootImpl@d3fd920[PopupWindow:b18b023]: setupSync seqId=0 mSyncId=1 fn=3 caller=android.view.ViewRootImpl$$ExternalSyntheticLambda11.accept:6 android.window.SurfaceSyncer.lambda$setupSync$1$android-window-SurfaceSyncer:128 android.window.SurfaceSyncer$$ExternalSyntheticLambda1.accept:8 android.window.SurfaceSyncer$SyncSet.checkIfSyncIsComplete:382 android.window.SurfaceSyncer$SyncSet.markSyncReady:359 android.window.SurfaceSyncer.markSyncReady:151 android.view.ViewRootImpl.performTraversals:4503 
04-06 11:11:20.200  8531  8531 I ViewRootImpl@d3fd920[PopupWindow:b18b023]: reportDrawFinished seqId=0 mSyncId=-1 fn=3 mSurfaceChangedTransaction=0xb4000070a0c15300
04-06 11:11:20.444  8531  8663 D Detox.RNMarker: DOWNLOAD_END ({"url":"http:\/\/localhost:8081\/.expo\/.virtual-metro-entry.bundle?platform=android&dev=true&lazy=true&minify=false&app=com.evolucao.app&modulesOnly=false&runModule=true&excludeSource=true&sourcePaths=url-server","filesChangedCount":0})
04-06 11:11:20.444  8531  8663 W unknown:BridgelessReact: ReactHost{0}.loadJSBundleFromMetro(): Creating BundleLoader
04-06 11:11:20.445  8531  8662 W unknown:BridgelessReact: ReactHost{0}.getOrCreateReactInstanceTask(): Creating BridgelessReactContext
04-06 11:11:20.446  8531  8662 W unknown:BridgelessReact: ReactHost{0}.getOrCreateReactInstanceTask(): Creating ReactInstance
04-06 11:11:20.448  8531  8641 D OpenGLRenderer: setSurface called with nullptr
04-06 11:11:20.448  8531  8641 D OpenGLRenderer: setSurface() destroyed EGLSurface
04-06 11:11:20.448  8531  8641 D OpenGLRenderer: destroyEglSurface
04-06 11:11:20.448  8531  8531 I ViewRootImpl@d3fd920[PopupWindow:b18b023]: dispatchDetachedFromWindow
04-06 11:11:20.452  8531  8531 D InputTransport: Input channel destroyed: 'e8a524b', fd=123
04-06 11:11:20.467  8531  8663 D TrafficStats: tagSocket(131) with statsTag=0xffffffff, statsUid=-1
04-06 11:11:20.469  8531  8662 D jni_lib_merge: Entering merged library JNI_OnLoad.
04-06 11:11:20.469  8531  8662 D jni_lib_merge: Preparing 4 pre-merged libs (including stub)
04-06 11:11:20.469  8531  8662 D jni_lib_merge: Preparing to register libhermes_executor_so.  onload_func: 0x7018db2fa4
04-06 11:11:20.469  8531  8662 D jni_lib_merge: Preparing to register libhermesinstancejni_so.  onload_func: 0x7018dec8b4
04-06 11:11:20.469  8531  8662 D jni_lib_merge: Preparing to register libjsijniprofiler_so.  onload_func: 0x7018dee8f8
04-06 11:11:20.469  8531  8662 D jni_lib_merge: About to register 3 actual methods.
04-06 11:11:20.591  8531  8662 I ExpoModulesCore: ✅ AppContext was initialized
04-06 11:11:20.620  8531  8662 W unknown:BridgelessReact: ReactHost{0}.getOrCreateReactInstanceTask(): Loading JS Bundle
04-06 11:11:20.620  8531  8662 W unknown:BridgelessReact: ReactHost{0}.getOrCreateReactInstanceTask(): DevSupportManager.onNewReactContextCreated()
04-06 11:11:20.620  8531  8688 D Detox.RNMarker: RUN_JS_BUNDLE_START (/.virtual-metro-entry.bundle?platform=android&dev=true&lazy=true&minify=false&app=com.evolucao.app&modulesOnly=false&runModule=true&excludeSource=true&sourcePaths=url-server)
04-06 11:11:20.623  8531  8531 W unknown:ReactNative: Packager connection already open, nooping.
04-06 11:11:20.628  8531  8531 W unknown:BridgelessReact: ReactHost{0}.ReactContext.onHostResume()
04-06 11:11:20.630  8531  8662 W unknown:BridgelessReact: ReactHost{0}.startSurface(surfaceId = 0): Execute
04-06 11:11:20.633  8531  8531 W unknown:BridgelessReact: ReactHost{0}.getOrCreateReactInstanceTask(): Executing ReactInstanceEventListeners
04-06 11:11:20.633  8531  8531 I DetoxRNLoading: Got new RN-context through listener
04-06 11:11:20.634  8531  8561 I DetoxRNIdleRes: Setting up Espresso Idling Resources for React Native
04-06 11:11:20.644  8531  8531 D DetoxRNHelpers: Native RN module resolution (class com.reactnativecommunity.asyncstorage.AsyncStorageModule): no registered module found
04-06 11:11:20.644  8531  8561 D IdlingRegistry: Registering idling resources: [com.wix.detox.reactnative.idlingresources.uimodule.fabric.FabricUIManagerIdlingResources@8bb8100]
04-06 11:11:20.644  8531  8561 D IdlingRegistry: Registering idling resources: [com.wix.detox.reactnative.idlingresources.animations.AnimatedModuleIdlingResource@f241d39]
04-06 11:11:20.644  8531  8561 D IdlingRegistry: Registering idling resources: [com.wix.detox.reactnative.idlingresources.timers.FabricTimersIdlingResource@65dff7e]
04-06 11:11:20.644  8531  8561 D IdlingRegistry: Registering idling resources: [com.wix.detox.reactnative.idlingresources.network.NetworkIdlingResource@3525cdf]
04-06 11:11:20.644  8531  8561 D IdlingRegistry: Registering idling resources: [com.wix.detox.reactnative.idlingresources.StabilizedIdlingResource@5d7ad2c]
04-06 11:11:20.655  8531  8689 W om.evolucao.app: Accessing hidden method Landroid/os/MessageQueue;->next()Landroid/os/Message; (unsupported, reflection, allowed)
04-06 11:11:20.655  8531  8689 W om.evolucao.app: Accessing hidden field Landroid/os/MessageQueue;->mMessages:Landroid/os/Message; (unsupported, reflection, allowed)
04-06 11:11:20.655  8531  8689 W om.evolucao.app: Accessing hidden method Landroid/os/Message;->recycleUnchecked()V (unsupported, reflection, allowed)
04-06 11:11:20.827  8531  8531 D DetoxRNHelpers: Native RN module resolution (class com.reactnativecommunity.asyncstorage.AsyncStorageModule): no registered module found
04-06 11:11:20.828  8531  8613 W om.evolucao.app: Long monitor contention with owner Instr: androidx.test.runner.AndroidJUnitRunner (8561) at void com.wix.detox.DetoxMain.launchActivityOnCue(android.content.Context, com.wix.detox.ActivityLaunchHelper)(DetoxMain.kt:53) waiters=0 in void com.wix.detox.DetoxMain$setupActionHandlers$SynchronizedActionHandler.handle(java.lang.String, long) for 979ms
04-06 11:11:20.891  8531  8689 I WebViewFactory: Loading com.google.android.webview version 146.0.7680.164 (code 768016403)
04-06 11:11:20.893  8531  8689 D ApplicationLoaders: Returning zygote-cached class loader: /system/framework/android.test.base.jar
04-06 11:11:20.898  8531  8689 D nativeloader: Configuring classloader-namespace for other apk /data/app/~~23ppwVuk64Fm9vdWCRWMMw==/com.google.android.webview-FPIphznatdLDx2VBYoD68A==/base.apk. target_sdk_version=36, uses_libraries=, library_path=/data/app/~~23ppwVuk64Fm9vdWCRWMMw==/com.google.android.webview-FPIphznatdLDx2VBYoD68A==/lib/arm64:/data/app/~~23ppwVuk64Fm9vdWCRWMMw==/com.google.android.webview-FPIphznatdLDx2VBYoD68A==/base.apk!/lib/arm64-v8a, permitted_path=/data:/mnt/expand
04-06 11:11:20.922  8531  8689 I cr_WVCFactoryProvider: version=146.0.7680.164 (768016403) minSdkVersion=29 multiprocess=true packageId=127 splits=<none>
04-06 11:11:20.936  8531  8708 I chromium: [0406/111120.933948:INFO:android_webview/browser/variations/variations_seed_loader.cc:67] Failed to open file for reading.: No such file or directory (2)
04-06 11:11:20.936  8531  8708 I chromium: [0406/111120.936488:INFO:android_webview/browser/variations/variations_seed_loader.cc:67] Failed to open file for reading.: No such file or directory (2)
04-06 11:11:20.948  8531  8689 I cr_LibraryLoader: Successfully loaded native library
04-06 11:11:20.953  8531  8688 W BridgelessReactContext: [WARNING] Bridgeless doesn't support CatalystInstance. Accessing an API that's not part of the new architecture is not encouraged usage.
04-06 11:11:20.953  8531  8689 I cr_CachingUmaRecorder: Flushed 16 samples from 16 histograms, 0 samples were dropped.
04-06 11:11:20.962  8531  8688 I ExpoModulesCore: ✅ JSI interop was installed
04-06 11:11:20.965  8531  8688 I ExpoModulesCore: ✅ Constants were exported
04-06 11:11:20.979  8531  8713 D TrafficStats: tagSocket(143) with statsTag=0xffffffff, statsUid=-1
04-06 11:11:20.981  8531  8713 D TrafficStats: tagSocket(143) with statsTag=0xffffffff, statsUid=-1
04-06 11:11:21.014  8531  8688 W unknown:ViewManagerPropertyUpdater: Could not find generated setter for class com.th3rdwave.safeareacontext.SafeAreaProviderManager
04-06 11:11:21.017  8531  8688 W unknown:ViewManagerPropertyUpdater: Could not find generated setter for class com.facebook.react.uimanager.LayoutShadowNode
04-06 11:11:21.019  8531  8688 W unknown:ViewManagerPropertyUpdater: Could not find generated setter for class com.swmansion.rnscreens.SearchBarManager
04-06 11:11:21.019  8531  8688 W unknown:ViewManagerPropertyUpdater: Could not find generated setter for class com.swmansion.rnscreens.ScreenFooterManager
04-06 11:11:21.020  8531  8688 W unknown:ViewManagerPropertyUpdater: Could not find generated setter for class com.swmansion.rnscreens.gamma.tabs.TabScreenViewManager
04-06 11:11:21.022  8531  8688 W unknown:ViewManagerPropertyUpdater: Could not find generated setter for class expo.modules.kotlin.views.GroupViewManagerWrapper
04-06 11:11:21.023  8531  8688 W unknown:ViewManagerPropertyUpdater: Could not find generated setter for class com.swmansion.rnscreens.ScreenContainerViewManager
04-06 11:11:21.023  8531  8688 W unknown:ViewManagerPropertyUpdater: Could not find generated setter for class com.swmansion.rnscreens.gamma.tabs.TabsHostViewManager
04-06 11:11:21.025  8531  8688 W unknown:ViewManagerPropertyUpdater: Could not find generated setter for class com.swmansion.rnscreens.ModalScreenViewManager
04-06 11:11:21.026  8531  8688 W unknown:ViewManagerPropertyUpdater: Could not find generated setter for class com.swmansion.rnscreens.ScreenStackHeaderConfigViewManager
04-06 11:11:21.026  8531  8688 W unknown:ViewManagerPropertyUpdater: Could not find generated setter for class com.swmansion.rnscreens.ScreenContentWrapperManager
04-06 11:11:21.027  8531  8688 W unknown:ViewManagerPropertyUpdater: Could not find generated setter for class com.th3rdwave.safeareacontext.SafeAreaViewManager
04-06 11:11:21.028  8531  8688 W unknown:ViewManagerPropertyUpdater: Could not find generated setter for class com.th3rdwave.safeareacontext.SafeAreaViewShadowNode
04-06 11:11:21.029  8531  8688 W unknown:ViewManagerPropertyUpdater: Could not find generated setter for class com.swmansion.rnscreens.safearea.SafeAreaViewManager
04-06 11:11:21.029  8531  8688 W unknown:ViewManagerPropertyUpdater: Could not find generated setter for class com.swmansion.rnscreens.safearea.paper.SafeAreaViewShadowNode
04-06 11:11:21.030  8531  8688 W unknown:ViewManagerPropertyUpdater: Could not find generated setter for class com.swmansion.rnscreens.ScreenViewManager
04-06 11:11:21.030  8531  8688 W unknown:ViewManagerPropertyUpdater: Could not find generated setter for class com.swmansion.rnscreens.gamma.stack.host.StackHostViewManager
04-06 11:11:21.030  8531  8688 W unknown:ViewManagerPropertyUpdater: Could not find generated setter for class com.swmansion.rnscreens.ScreenStackHeaderSubviewManager
04-06 11:11:21.031  8531  8688 W unknown:ViewManagerPropertyUpdater: Could not find generated setter for class com.swmansion.rnscreens.gamma.stack.screen.StackScreenViewManager
04-06 11:11:21.031  8531  8688 W unknown:ViewManagerPropertyUpdater: Could not find generated setter for class com.swmansion.rnscreens.ScreenStackViewManager
04-06 11:11:21.104  8531  8688 W unknown:ViewManagerPropertyUpdater: Could not find generated setter for class com.facebook.react.views.debuggingoverlay.DebuggingOverlayManager
04-06 11:11:21.109  8531  8688 W unknown:ViewManagerPropertyUpdater: Could not find generated setter for class com.swmansion.gesturehandler.react.RNGestureHandlerButtonViewManager
04-06 11:11:21.114  8531  8688 W unknown:ViewManagerPropertyUpdater: Could not find generated setter for class com.facebook.react.views.safeareaview.ReactSafeAreaViewManager
04-06 11:11:21.118  8531  8688 W unknown:ViewManagerPropertyUpdater: Could not find generated setter for class com.facebook.react.views.modal.ReactModalHostManager
04-06 11:11:21.123  8531  8688 W unknown:ViewManagerPropertyUpdater: Could not find generated setter for class com.facebook.react.views.text.frescosupport.FrescoBasedReactTextInlineImageViewManager
04-06 11:11:21.124  8531  8688 W unknown:ViewManagerPropertyUpdater: Could not find generated setter for class com.facebook.react.views.text.frescosupport.FrescoBasedReactTextInlineImageShadowNode
04-06 11:11:21.128  8531  8688 W unknown:ViewManagerPropertyUpdater: Could not find generated setter for class com.facebook.react.views.progressbar.ReactProgressBarViewManager
04-06 11:11:21.129  8531  8688 W unknown:ViewManagerPropertyUpdater: Could not find generated setter for class com.facebook.react.views.progressbar.ProgressBarShadowNode
04-06 11:11:21.134  8531  8688 W unknown:ViewManagerPropertyUpdater: Could not find generated setter for class com.facebook.react.views.scroll.ReactHorizontalScrollViewManager
04-06 11:11:21.140  8531  8688 W unknown:ViewManagerPropertyUpdater: Could not find generated setter for class com.facebook.react.views.image.ReactImageManager
04-06 11:11:21.146  8531  8688 W unknown:ViewManagerPropertyUpdater: Could not find generated setter for class com.facebook.react.views.text.ReactTextViewManager
04-06 11:11:21.147  8531  8688 W unknown:ViewManagerPropertyUpdater: Could not find generated setter for class com.facebook.react.views.text.ReactTextShadowNode
04-06 11:11:21.153  8531  8688 W unknown:ViewManagerPropertyUpdater: Could not find generated setter for class com.facebook.react.views.scroll.ReactHorizontalScrollContainerViewManager
04-06 11:11:21.158  8531  8688 W unknown:ViewManagerPropertyUpdater: Could not find generated setter for class com.facebook.react.views.unimplementedview.ReactUnimplementedViewManager
04-06 11:11:21.163  8531  8688 W unknown:ViewManagerPropertyUpdater: Could not find generated setter for class com.facebook.react.views.scroll.ReactScrollViewManager
04-06 11:11:21.168  8531  8688 W unknown:ViewManagerPropertyUpdater: Could not find generated setter for class com.facebook.react.views.view.ReactViewManager
04-06 11:11:21.174  8531  8688 W unknown:ViewManagerPropertyUpdater: Could not find generated setter for class com.facebook.react.views.drawer.ReactDrawerLayoutManager
04-06 11:11:21.180  8531  8688 W unknown:ViewManagerPropertyUpdater: Could not find generated setter for class com.facebook.react.views.switchview.ReactSwitchManager
04-06 11:11:21.180  8531  8688 W unknown:ViewManagerPropertyUpdater: Could not find generated setter for class com.facebook.react.views.switchview.ReactSwitchShadowNode
04-06 11:11:21.185  8531  8688 W unknown:ViewManagerPropertyUpdater: Could not find generated setter for class com.facebook.react.views.swiperefresh.SwipeRefreshLayoutManager
04-06 11:11:21.191  8531  8688 W unknown:ViewManagerPropertyUpdater: Could not find generated setter for class com.facebook.react.views.textinput.ReactTextInputManager
04-06 11:11:21.192  8531  8688 W unknown:ViewManagerPropertyUpdater: Could not find generated setter for class com.facebook.react.views.textinput.ReactTextInputShadowNode
04-06 11:11:21.198  8531  8688 W unknown:ViewManagerPropertyUpdater: Could not find generated setter for class com.swmansion.gesturehandler.react.RNGestureHandlerRootViewManager
04-06 11:11:21.231  8531  8713 D TrafficStats: tagSocket(143) with statsTag=0xffffffff, statsUid=-1
04-06 11:11:21.399  8531  8688 V AsyncStorageExpoMigration: No scoped database found
04-06 11:11:21.581  8531  8688 D Detox.RNMarker: RUN_JS_BUNDLE_END (/.virtual-metro-entry.bundle?platform=android&dev=true&lazy=true&minify=false&app=com.evolucao.app&modulesOnly=false&runModule=true&excludeSource=true&sourcePaths=url-server)
04-06 11:11:21.583  8531  8688 I ReactNativeJS: Running "main" with {"rootTag":1,"initialProps":{},"fabric":true}
04-06 11:11:21.662  8531  8720 D TrafficStats: tagSocket(133) with statsTag=0xffffffff, statsUid=-1
04-06 11:11:21.794  8531  8531 I DecorView: notifyKeepScreenOnChanged: keepScreenOn=true
04-06 11:11:21.801  8531  8531 I ViewRootImpl@ac0a76d[MainActivity]: performTraversals params={(0,0)(fillxfill) sim={adjust=resize} layoutInDisplayCutoutMode=always ty=BASE_APPLICATION wanim=0x1030309
04-06 11:11:21.801  8531  8531 I ViewRootImpl@ac0a76d[MainActivity]:   fl=81810180
04-06 11:11:21.801  8531  8531 I ViewRootImpl@ac0a76d[MainActivity]:   pfl=16020040
04-06 11:11:21.801  8531  8531 I ViewRootImpl@ac0a76d[MainActivity]:   vsysui=100
04-06 11:11:21.801  8531  8531 I ViewRootImpl@ac0a76d[MainActivity]:   bhv=DEFAULT
04-06 11:11:21.801  8531  8531 I ViewRootImpl@ac0a76d[MainActivity]:   fitSides= naviIconColor=0}
04-06 11:11:21.803  8531  8531 I ViewRootImpl@ac0a76d[MainActivity]: performTraversals mFirst=false windowShouldResize=false viewVisibilityChanged=false mForceNextWindowRelayout=false params={(0,0)(fillxfill) sim={adjust=resize} layoutInDisplayCutoutMode=always ty=BASE_APPLICATION wanim=0x1030309
04-06 11:11:21.803  8531  8531 I ViewRootImpl@ac0a76d[MainActivity]:   fl=81810180
04-06 11:11:21.803  8531  8531 I ViewRootImpl@ac0a76d[MainActivity]:   pfl=16020040
04-06 11:11:21.803  8531  8531 I ViewRootImpl@ac0a76d[MainActivity]:   vsysui=100
04-06 11:11:21.803  8531  8531 I ViewRootImpl@ac0a76d[MainActivity]:   bhv=DEFAULT
04-06 11:11:21.803  8531  8531 I ViewRootImpl@ac0a76d[MainActivity]:   fitSides= naviIconColor=0}
04-06 11:11:21.811  8531  8531 I ViewRootImpl@ac0a76d[MainActivity]: updateBlastSurfaceIfNeeded mBlastBufferQueue=0xb4000070c2c34c00 isSameSurfaceControl=true
04-06 11:11:21.812  8531  8531 I BLASTBufferQueue: update, w= 1080 h= 2400 mName = ViewRootImpl@ac0a76d[MainActivity] mNativeObject= 0xb4000070c2c34c00 sc.mNativeObject= 0xb4000070a0ced680 format= -1 caller= android.view.ViewRootImpl.updateBlastSurfaceIfNeeded:2898 android.view.ViewRootImpl.relayoutWindow:9847 android.view.ViewRootImpl.performTraversals:3884 android.view.ViewRootImpl.doTraversal:3116 android.view.ViewRootImpl$TraversalRunnable.run:10885 android.view.Choreographer$CallbackRecord.run:1301 
04-06 11:11:21.812  8531  8531 I ViewRootImpl@ac0a76d[MainActivity]: Relayout returned: old=(0,0,1080,2400) new=(0,0,1080,2400) req=(1080,2400)0 dur=8 res=0x0 s={true 0xb4000070b281d000} ch=false seqId=0
04-06 11:11:21.817  8531  8531 D Detox.RNMarker: CONTENT_APPEARED (main)
04-06 11:11:21.821  8531  8688 D Detox.RNMarker: REACT_BRIDGELESS_LOADING_END (null)
04-06 11:11:21.829  8531  8688 I ReactNativeJS: '[ANALYTICS]', 'app_opened', { event: 'app_opened',
04-06 11:11:21.829  8531  8688 I ReactNativeJS:   eventId: '1775484681824_4a863e0d024318',
04-06 11:11:21.829  8531  8688 I ReactNativeJS:   appVersion: '1.0.0',
04-06 11:11:21.829  8531  8688 I ReactNativeJS:   category: 'engagement',
04-06 11:11:21.829  8531  8688 I ReactNativeJS:   userId: 'anonymous',
04-06 11:11:21.829  8531  8688 I ReactNativeJS:   timestamp: 1775484681824,
04-06 11:11:21.829  8531  8688 I ReactNativeJS:   timestampIso: '2026-04-06T14:11:21.824Z',
04-06 11:11:21.829  8531  8688 I ReactNativeJS:   screen: 'App',
04-06 11:11:21.829  8531  8688 I ReactNativeJS:   sessionId: 'session-1775484681808-6c1431cc5422b',
04-06 11:11:21.829  8531  8688 I ReactNativeJS:   flowId: 'session-1775484681808-6c1431cc5422b',
04-06 11:11:21.829  8531  8688 I ReactNativeJS:   meta: 
04-06 11:11:21.829  8531  8688 I ReactNativeJS:    { domain: 'engagement',
04-06 11:11:21.829  8531  8688 I ReactNativeJS:      version: 1,
04-06 11:11:21.829  8531  8688 I ReactNativeJS:      dayKey: '2026-04-06',
04-06 11:11:21.829  8531  8688 I ReactNativeJS:      isFirstOpenOfDay: true,
04-06 11:11:21.829  8531  8688 I ReactNativeJS:      category: 'engagement' } }
04-06 11:11:22.050  8531  8544 I om.evolucao.app: Compiler allocated 4177KB to compile void android.widget.TextView.<init>(android.content.Context, android.util.AttributeSet, int, int)
04-06 11:11:22.060  8531  8531 D CompatibilityChangeReporter: Compat change id reported: 171228096; UID 10489; state: ENABLED
04-06 11:11:22.061  8531  8531 D ScrollView: initGoToTop
04-06 11:11:22.061  8531  8531 W om.evolucao.app: Accessing hidden field Landroid/widget/ScrollView;->mScroller:Landroid/widget/OverScroller; (unsupported, reflection, allowed)
04-06 11:11:22.074  8531  8531 W [RNScreens]: backTitleFontFamily prop is not available on Android
04-06 11:11:22.074  8531  8531 W [RNScreens]: disableBackButtonMenu prop is not available on Android
04-06 11:11:22.074  8531  8531 W [RNScreens]: backTitleVisible prop is not available on Android
04-06 11:11:22.074  8531  8531 W [RNScreens]: topInsetEnabled prop is not available on Android
04-06 11:11:22.074  8531  8531 W [RNScreens]: largeTitleHideShadow prop is not available on Android
04-06 11:11:22.074  8531  8531 W [RNScreens]: largeTitleFontWeight prop is not available on Android
04-06 11:11:22.074  8531  8531 W [RNScreens]: userInterfaceStyle prop is not available on Android
04-06 11:11:22.074  8531  8531 W [RNScreens]: largeTitleFontFamily prop is not available on Android
04-06 11:11:22.086  8531  8641 D OpenGLRenderer: setSurface called with nullpt