--------- beginning of main
04-06 02:29:05.510 19290 19290 I Detox   : Wait is over: App is now idle!
04-06 02:29:05.510 19290 19324 I DetoxWSClient: Sending out action 'ready' (ID #-1000)
04-06 02:29:05.512 19290 19324 I DetoxDispatcher: Done with action 'isReady'
04-06 02:29:05.520 19290 19328 D DetoxWSClient: Received action 'invoke' (ID #1, params={"target":{"type":"Class","value":"com.wix.detox.espresso.EspressoDetox"},"method":"setSynchronization","args":[{"type":"boolean","value":false}]})
04-06 02:29:05.521 19290 19324 I DetoxDispatcher: Handling action 'invoke' (ID #1)...
04-06 02:29:05.531 19290 19324 D Detox   : class com.wix.detox.espresso.EspressoDetox, setSynchronization, [false]
04-06 02:29:05.545 19290 19324 D IdlingRegistry: Unregistering idling resources: [com.wix.detox.reactnative.idlingresources.timers.FabricTimersIdlingResource@72508d7]
04-06 02:29:05.547 19290 19324 D IdlingRegistry: Unregistering idling resources: [com.wix.detox.reactnative.idlingresources.StabilizedIdlingResource@f6c0cad]
04-06 02:29:05.547 19290 19324 D IdlingRegistry: Unregistering idling resources: [com.wix.detox.reactnative.idlingresources.uimodule.fabric.FabricUIManagerIdlingResources@76f3a71]
04-06 02:29:05.547 19290 19324 D IdlingRegistry: Unregistering idling resources: [com.wix.detox.reactnative.idlingresources.animations.AnimatedModuleIdlingResource@2908056]
04-06 02:29:05.547 19290 19324 D IdlingRegistry: Unregistering idling resources: [com.wix.detox.reactnative.idlingresources.network.NetworkIdlingResource@c075c4]
04-06 02:29:05.548 19290 19324 I DetoxWSClient: Sending out action 'invokeResult' (ID #1)
04-06 02:29:05.548 19290 19324 I DetoxDispatcher: Done with action 'invoke'
04-06 02:29:05.652 19290 19328 D DetoxWSClient: Received action 'invoke' (ID #2, params={"target":{"type":"Class","value":"com.wix.detox.espresso.DetoxAssertion"},"method":"waitForAssertMatcher","args":[{"type":"Invocation","value":{"target":{"type":"Class","value":"androidx.test.espresso.Espresso"},"method":"onView","args":[{"type":"Invocation","value":{"target":{"type":"Class","value":"com.wix.detox.espresso.DetoxMatcher"},"method":"matcherForText","args":["Questionario Inteligente",{"type":"boolean","value":false}]}}]}},{"type":"Invocation","value":{"target":{"type":"Class","value":"com.wix.detox.espresso.DetoxMatcher"},"method":"matcherForSufficientlyVisible","args":[{"type":"Integer","value":75}]}},{"type":"Double","value":6}]})
04-06 02:29:05.653 19290 19324 I DetoxDispatcher: Handling action 'invoke' (ID #2)...
04-06 02:29:05.654 19290 19324 D Detox   : class com.wix.detox.espresso.DetoxMatcher, matcherForText, [Questionario Inteligente, false]
04-06 02:29:05.657 19290 19324 D Detox   : class androidx.test.espresso.Espresso, onView, [(an instance of android.widget.TextView and view.getText() with or without transformation to match: is "Questionario Inteligente" and view has effective visibility <VISIBLE>)]
04-06 02:29:05.658 19290 19324 D Detox   : class com.wix.detox.espresso.DetoxMatcher, matcherForSufficientlyVisible, [75]
04-06 02:29:05.660 19290 19324 D Detox   : class com.wix.detox.espresso.DetoxAssertion, waitForAssertMatcher, [androidx.test.espresso.ViewInteraction@cb7a0a2, (view has effective visibility <VISIBLE> and view.getGlobalVisibleRect() covers at least <75> percent of the view's area), 6.0]
04-06 02:29:05.679 19290 19290 I ViewInteraction: Checking 'MatchesViewAssertion(Detox){viewMatcher=(view has effective visibility <VISIBLE> and view.getGlobalVisibleRect() covers at least <75> percent of the view's area)}' assertion on view (an instance of android.widget.TextView and view.getText() with or without transformation to match: is "Questionario Inteligente" and view has effective visibility <VISIBLE>)
04-06 02:29:05.688 19290 19324 I DetoxWSClient: Sending out action 'invokeResult' (ID #2)
04-06 02:29:05.689 19290 19324 I DetoxDispatcher: Done with action 'invoke'
04-06 02:29:05.694 19290 19328 D DetoxWSClient: Received action 'invoke' (ID #3, params={"target":{"type":"Class","value":"com.wix.detox.espresso.DetoxAssertion"},"method":"waitForAssertMatcher","args":[{"type":"Invocation","value":{"target":{"type":"Class","value":"androidx.test.espresso.Espresso"},"method":"onView","args":[{"type":"Invocation","value":{"target":{"type":"Class","value":"com.wix.detox.espresso.DetoxMatcher"},"method":"matcherForTestId","args":["input-peso",{"type":"boolean","value":false}]}}]}},{"type":"Invocation","value":{"target":{"type":"Class","value":"com.wix.detox.espresso.DetoxMatcher"},"method":"matcherForSufficientlyVisible","args":[{"type":"Integer","value":75}]}},{"type":"Double","value":10}]})
04-06 02:29:05.694 19290 19324 I DetoxDispatcher: Handling action 'invoke' (ID #3)...
04-06 02:29:05.695 19290 19324 D Detox   : class com.wix.detox.espresso.DetoxMatcher, matcherForTestId, [input-peso, false]
04-06 02:29:05.695 19290 19324 D Detox   : class androidx.test.espresso.Espresso, onView, [(view.getTag() is "input-peso" and view has effective visibility <VISIBLE>)]
04-06 02:29:05.696 19290 19324 D Detox   : class com.wix.detox.espresso.DetoxMatcher, matcherForSufficientlyVisible, [75]
04-06 02:29:05.696 19290 19324 D Detox   : class com.wix.detox.espresso.DetoxAssertion, waitForAssertMatcher, [androidx.test.espresso.ViewInteraction@71324ee, (view has effective visibility <VISIBLE> and view.getGlobalVisibleRect() covers at least <75> percent of the view's area), 10.0]
04-06 02:29:05.698 19290 19290 I ViewInteraction: Checking 'MatchesViewAssertion(Detox){viewMatcher=(view has effective visibility <VISIBLE> and view.getGlobalVisibleRect() covers at least <75> percent of the view's area)}' assertion on view (view.getTag() is "input-peso" and view has effective visibility <VISIBLE>)
04-06 02:29:05.705 19290 19324 I DetoxWSClient: Sending out action 'invokeResult' (ID #3)
04-06 02:29:05.709 19290 19324 I DetoxDispatcher: Done with action 'invoke'
04-06 02:29:05.712 19290 19328 D DetoxWSClient: Received action 'invoke' (ID #4, params={"target":{"type":"Class","value":"com.wix.detox.espresso.EspressoDetox"},"method":"perform","args":[{"type":"Invocation","value":{"target":{"type":"Class","value":"com.wix.detox.espresso.DetoxMatcher"},"method":"matcherForTestId","args":["input-peso",{"type":"boolean","value":false}]}},{"type":"Invocation","value":{"target":{"type":"Class","value":"androidx.test.espresso.action.ViewActions"},"method":"replaceText","args":["82"]}}]})
04-06 02:29:05.712 19290 19324 I DetoxDispatcher: Handling action 'invoke' (ID #4)...
04-06 02:29:05.713 19290 19324 D Detox   : class com.wix.detox.espresso.DetoxMatcher, matcherForTestId, [input-peso, false]
04-06 02:29:05.714 19290 19324 D Detox   : class androidx.test.espresso.action.ViewActions, replaceText, [82]
04-06 02:29:05.714 19290 19324 D Detox   : class com.wix.detox.espresso.EspressoDetox, perform, [(view.getTag() is "input-peso" and view has effective visibility <VISIBLE>), androidx.test.espresso.action.ReplaceTextAction@77b24e]
04-06 02:29:05.717 19290 19290 I ViewInteraction: Performing 'replace text(82)' action on view (view.getTag() is "input-peso" and view has effective visibility <VISIBLE>)
04-06 02:29:05.730 19290 19324 I DetoxWSClient: Sending out action 'invokeResult' (ID #4)
04-06 02:29:05.730 19290 19324 I DetoxDispatcher: Done with action 'invoke'
04-06 02:29:05.736 19290 19290 D CompatibilityChangeReporter: Compat change id reported: 163400105; UID 10405; state: ENABLED
04-06 02:29:05.740 19290 19290 I AssistStructure: Flattened final assist data: 4024 bytes, containing 1 windows, 24 views
04-06 02:29:05.741 19290 19328 D DetoxWSClient: Received action 'invoke' (ID #5, params={"target":{"type":"Class","value":"com.wix.detox.espresso.DetoxAssertion"},"method":"assertMatcher","args":[{"type":"Invocation","value":{"target":{"type":"Class","value":"androidx.test.espresso.Espresso"},"method":"onView","args":[{"type":"Invocation","value":{"target":{"type":"Class","value":"com.wix.detox.espresso.DetoxMatcher"},"method":"matcherForTestId","args":["input-peso",{"type":"boolean","value":false}]}}]}},{"type":"Invocation","value":{"target":{"type":"Class","value":"com.wix.detox.espresso.DetoxMatcher"},"method":"matcherForText","args":["82",{"type":"boolean","value":false}]}}]})
04-06 02:29:05.742 19290 19324 I DetoxDispatcher: Handling action 'invoke' (ID #5)...
04-06 02:29:05.742 19290 19324 D Detox   : class com.wix.detox.espresso.DetoxMatcher, matcherForTestId, [input-peso, false]
04-06 02:29:05.742 19290 19324 D Detox   : class androidx.test.espresso.Espresso, onView, [(view.getTag() is "input-peso" and view has effective visibility <VISIBLE>)]
04-06 02:29:05.743 19290 19324 D Detox   : class com.wix.detox.espresso.DetoxMatcher, matcherForText, [82, false]
04-06 02:29:05.751 19290 19324 D Detox   : class com.wix.detox.espresso.DetoxAssertion, assertMatcher, [androidx.test.espresso.ViewInteraction@75c33f1, (an instance of android.widget.TextView and view.getText() with or without transformation to match: is "82" and view has effective visibility <VISIBLE>)]
04-06 02:29:05.753 19290 19290 D InputMethodManager: startInputInner - Id : 0
04-06 02:29:05.753 19290 19290 I InputMethodManager: startInputInner - mService.startInputOrWindowGainedFocus
04-06 02:29:05.764 19290 19290 I ViewInteraction: Checking 'MatchesViewAssertion(Detox){viewMatcher=(an instance of android.widget.TextView and view.getText() with or without transformation to match: is "82" and view has effective visibility <VISIBLE>)}' assertion on view (view.getTag() is "input-peso" and view has effective visibility <VISIBLE>)
04-06 02:29:05.767 19290 19324 I DetoxWSClient: Sending out action 'invokeResult' (ID #5)
04-06 02:29:05.768 19290 19324 I DetoxDispatcher: Done with action 'invoke'
04-06 02:29:05.772 19290 19328 D DetoxWSClient: Received action 'invoke' (ID #6, params={"target":{"type":"Class","value":"com.wix.detox.espresso.EspressoDetox"},"method":"perform","args":[{"type":"Invocation","value":{"target":{"type":"Class","value":"com.wix.detox.espresso.DetoxMatcher"},"method":"matcherForTestId","args":["input-peso-meta",{"type":"boolean","value":false}]}},{"type":"Invocation","value":{"target":{"type":"Class","value":"androidx.test.espresso.action.ViewActions"},"method":"replaceText","args":["77"]}}]})
04-06 02:29:05.772 19290 19324 I DetoxDispatcher: Handling action 'invoke' (ID #6)...
04-06 02:29:05.773 19290 19324 D Detox   : class com.wix.detox.espresso.DetoxMatcher, matcherForTestId, [input-peso-meta, false]
04-06 02:29:05.773 19290 19324 D Detox   : class androidx.test.espresso.action.ViewActions, replaceText, [77]
04-06 02:29:05.773 19290 19324 D Detox   : class com.wix.detox.espresso.EspressoDetox, perform, [(view.getTag() is "input-peso-meta" and view has effective visibility <VISIBLE>), androidx.test.espresso.action.ReplaceTextAction@43689b0]
04-06 02:29:05.775 19290 19290 I ViewInteraction: Performing 'replace text(77)' action on view (view.getTag() is "input-peso-meta" and view has effective visibility <VISIBLE>)
04-06 02:29:05.780 19290 19324 I DetoxWSClient: Sending out action 'invokeResult' (ID #6)
04-06 02:29:05.780 19290 19324 I DetoxDispatcher: Done with action 'invoke'
04-06 02:29:05.785 19290 19328 D DetoxWSClient: Received action 'invoke' (ID #7, params={"target":{"type":"Class","value":"com.wix.detox.espresso.DetoxAssertion"},"method":"assertMatcher","args":[{"type":"Invocation","value":{"target":{"type":"Class","value":"androidx.test.espresso.Espresso"},"method":"onView","args":[{"type":"Invocation","value":{"target":{"type":"Class","value":"com.wix.detox.espresso.DetoxMatcher"},"method":"matcherForTestId","args":["input-peso-meta",{"type":"boolean","value":false}]}}]}},{"type":"Invocation","value":{"target":{"type":"Class","value":"com.wix.detox.espresso.DetoxMatcher"},"method":"matcherForText","args":["77",{"type":"boolean","value":false}]}}]})
04-06 02:29:05.785 19290 19324 I DetoxDispatcher: Handling action 'invoke' (ID #7)...
04-06 02:29:05.785 19290 19324 D Detox   : class com.wix.detox.espresso.DetoxMatcher, matcherForTestId, [input-peso-meta, false]
04-06 02:29:05.786 19290 19324 D Detox   : class androidx.test.espresso.Espresso, onView, [(view.getTag() is "input-peso-meta" and view has effective visibility <VISIBLE>)]
04-06 02:29:05.786 19290 19324 D Detox   : class com.wix.detox.espresso.DetoxMatcher, matcherForText, [77, false]
04-06 02:29:05.787 19290 19324 D Detox   : class com.wix.detox.espresso.DetoxAssertion, assertMatcher, [androidx.test.espresso.ViewInteraction@bc9d437, (an instance of android.widget.TextView and view.getText() with or without transformation to match: is "77" and view has effective visibility <VISIBLE>)]
04-06 02:29:05.789 19290 19290 I ViewInteraction: Checking 'MatchesViewAssertion(Detox){viewMatcher=(an instance of android.widget.TextView and view.getText() with or without transformation to match: is "77" and view has effective visibility <VISIBLE>)}' assertion on view (view.getTag() is "input-peso-meta" and view has effective visibility <VISIBLE>)
04-06 02:29:05.792 19290 19324 I DetoxWSClient: Sending out action 'invokeResult' (ID #7)
04-06 02:29:05.792 19290 19324 I DetoxDispatcher: Done with action 'invoke'
04-06 02:29:05.798 19290 19328 D DetoxWSClient: Received action 'invoke' (ID #8, params={"target":{"type":"Class","value":"com.wix.detox.espresso.EspressoDetox"},"method":"perform","args":[{"type":"Invocation","value":{"target":{"type":"Class","value":"com.wix.detox.espresso.DetoxMatcher"},"method":"matcherForTestId","args":["input-altura",{"type":"boolean","value":false}]}},{"type":"Invocation","value":{"target":{"type":"Class","value":"androidx.test.espresso.action.ViewActions"},"method":"replaceText","args":["178"]}}]})
04-06 02:29:05.799 19290 19324 I DetoxDispatcher: Handling action 'invoke' (ID #8)...
04-06 02:29:05.799 19290 19324 D Detox   : class com.wix.detox.espresso.DetoxMatcher, matcherForTestId, [input-altura, false]
04-06 02:29:05.799 19290 19324 D Detox   : class androidx.test.espresso.action.ViewActions, replaceText, [178]
04-06 02:29:05.799 19290 19324 D Detox   : class com.wix.detox.espresso.EspressoDetox, perform, [(view.getTag() is "input-altura" and view has effective visibility <VISIBLE>), androidx.test.espresso.action.ReplaceTextAction@408a010]
04-06 02:29:05.803 19290 19290 I ViewInteraction: Performing 'replace text(178)' action on view (view.getTag() is "input-altura" and view has effective visibility <VISIBLE>)
04-06 02:29:05.808 19290 19324 I DetoxWSClient: Sending out action 'invokeResult' (ID #8)
04-06 02:29:05.808 19290 19324 I DetoxDispatcher: Done with action 'invoke'
04-06 02:29:05.811 19290 19328 D DetoxWSClient: Received action 'invoke' (ID #9, params={"target":{"type":"Class","value":"com.wix.detox.espresso.DetoxAssertion"},"method":"assertMatcher","args":[{"type":"Invocation","value":{"target":{"type":"Class","value":"androidx.test.espresso.Espresso"},"method":"onView","args":[{"type":"Invocation","value":{"target":{"type":"Class","value":"com.wix.detox.espresso.DetoxMatcher"},"method":"matcherForTestId","args":["input-altura",{"type":"boolean","value":false}]}}]}},{"type":"Invocation","value":{"target":{"type":"Class","value":"com.wix.detox.espresso.DetoxMatcher"},"method":"matcherForText","args":["178",{"type":"boolean","value":false}]}}]})
04-06 02:29:05.811 19290 19324 I DetoxDispatcher: Handling action 'invoke' (ID #9)...
04-06 02:29:05.811 19290 19324 D Detox   : class com.wix.detox.espresso.DetoxMatcher, matcherForTestId, [input-altura, false]
04-06 02:29:05.812 19290 19324 D Detox   : class androidx.test.espresso.Espresso, onView, [(view.getTag() is "input-altura" and view has effective visibility <VISIBLE>)]
04-06 02:29:05.812 19290 19324 D Detox   : class com.wix.detox.espresso.DetoxMatcher, matcherForText, [178, false]
04-06 02:29:05.813 19290 19324 D Detox   : class com.wix.detox.espresso.DetoxAssertion, assertMatcher, [androidx.test.espresso.ViewInteraction@5fdffe6, (an instance of android.widget.TextView and view.getText() with or without transformation to match: is "178" and view has effective visibility <VISIBLE>)]
04-06 02:29:05.820 19290 19290 I ViewInteraction: Checking 'MatchesViewAssertion(Detox){viewMatcher=(an instance of android.widget.TextView and view.getText() with or without transformation to match: is "178" and view has effective visibility <VISIBLE>)}' assertion on view (view.getTag() is "input-altura" and view has effective visibility <VISIBLE>)
04-06 02:29:05.823 19290 19324 I DetoxWSClient: Sending out action 'invokeResult' (ID #9)
04-06 02:29:05.823 19290 19324 I DetoxDispatcher: Done with action 'invoke'
04-06 02:29:05.828 19290 19328 D DetoxWSClient: Received action 'invoke' (ID #10, params={"target":{"type":"Class","value":"com.wix.detox.espresso.DetoxAssertion"},"method":"waitForAssertMatcher","args":[{"type":"Invocation","value":{"target":{"type":"Class","value":"androidx.test.espresso.Espresso"},"method":"onView","args":[{"type":"Invocation","value":{"target":{"type":"Class","value":"com.wix.detox.espresso.DetoxMatcher"},"method":"matcherForTestId","args":["btn-questionario-continuar",{"type":"boolean","value":false}]}}]}},{"type":"Invocation","value":{"target":{"type":"Class","value":"com.wix.detox.espresso.DetoxMatcher"},"method":"matcherForSufficientlyVisible","args":[{"type":"Integer","value":75}]}},{"type":"Double","value":0.6}]})
04-06 02:29:05.828 19290 19324 I DetoxDispatcher: Handling action 'invoke' (ID #10)...
04-06 02:29:05.828 19290 19324 D Detox   : class com.wix.detox.espresso.DetoxMatcher, matcherForTestId, [btn-questionario-continuar, false]
04-06 02:29:05.829 19290 19324 D Detox   : class androidx.test.espresso.Espresso, onView, [(view.getTag() is "btn-questionario-continuar" and view has effective visibility <VISIBLE>)]
04-06 02:29:05.829 19290 19324 D Detox   : class com.wix.detox.espresso.DetoxMatcher, matcherForSufficientlyVisible, [75]
04-06 02:29:05.830 19290 19324 D Detox   : class com.wix.detox.espresso.DetoxAssertion, waitForAssertMatcher, [androidx.test.espresso.ViewInteraction@855ba17, (view has effective visibility <VISIBLE> and view.getGlobalVisibleRect() covers at least <75> percent of the view's area), 0.6]
04-06 02:29:05.834 19290 19290 I ViewInteraction: Checking 'MatchesViewAssertion(Detox){viewMatcher=(view has effective visibility <VISIBLE> and view.getGlobalVisibleRect() covers at least <75> percent of the view's area)}' assertion on view (view.getTag() is "btn-questionario-continuar" and view has effective visibility <VISIBLE>)
04-06 02:29:05.836 19290 19324 I DetoxWSClient: Sending out action 'invokeResult' (ID #10)
04-06 02:29:05.836 19290 19324 I DetoxDispatcher: Done with action 'invoke'
04-06 02:29:05.840 19290 19328 D DetoxWSClient: Received action 'invoke' (ID #11, params={"target":{"type":"Class","value":"com.wix.detox.espresso.EspressoDetox"},"method":"perform","args":[{"type":"Invocation","value":{"target":{"type":"Class","value":"com.wix.detox.espresso.DetoxMatcher"},"method":"matcherForTestId","args":["btn-questionario-continuar",{"type":"boolean","value":false}]}},{"type":"Invocation","value":{"target":{"type":"Class","value":"com.wix.detox.espresso.DetoxViewActions"},"method":"click","args":[]}}]})
04-06 02:29:05.840 19290 19324 I DetoxDispatcher: Handling action 'invoke' (ID #11)...
04-06 02:29:05.840 19290 19324 D Detox   : class com.wix.detox.espresso.DetoxMatcher, matcherForTestId, [btn-questionario-continuar, false]
04-06 02:29:05.840 19290 19324 D Detox   : class com.wix.detox.espresso.DetoxViewActions, click, []
04-06 02:29:05.842 19290 19324 W om.evolucao.app: Accessing hidden method Landroid/view/ViewConfiguration;->getDoubleTapMinTime()I (unsupported, reflection, allowed)
04-06 02:29:05.843 19290 19324 D Detox   : class com.wix.detox.espresso.EspressoDetox, perform, [(view.getTag() is "btn-questionario-continuar" and view has effective visibility <VISIBLE>), com.wix.detox.espresso.action.RNClickAction@7727a6e]
04-06 02:29:05.845 19290 19290 I ViewInteraction: Performing 'com.wix.detox.espresso.action.detoxsingletap@c1fd50f click' action on view (view.getTag() is "btn-questionario-continuar" and view has effective visibility <VISIBLE>)
04-06 02:29:05.847 19290 19424 W om.evolucao.app: Accessing hidden method Landroid/hardware/input/InputManager;->injectInputEvent(Landroid/view/InputEvent;I)Z (unsupported, reflection, allowed)
04-06 02:29:05.853 19290 19290 I ViewRootImpl@73623ee[MainActivity]: MSG_WINDOW_TOUCH_MODE_CHANGED 
04-06 02:29:06.250 19290 19324 I DetoxWSClient: Sending out action 'invokeResult' (ID #11)
04-06 02:29:06.250 19290 19324 I DetoxDispatcher: Done with action 'invoke'
04-06 02:29:06.255 19290 19328 D DetoxWSClient: Received action 'invoke' (ID #12, params={"target":{"type":"Class","value":"com.wix.detox.espresso.DetoxAssertion"},"method":"waitForAssertMatcher","args":[{"type":"Invocation","value":{"target":{"type":"Class","value":"androidx.test.espresso.Espresso"},"method":"onView","args":[{"type":"Invocation","value":{"target":{"type":"Class","value":"com.wix.detox.espresso.DetoxMatcher"},"method":"matcherForText","args":["Treinos",{"type":"boolean","value":false}]}}]}},{"type":"Invocation","value":{"target":{"type":"Class","value":"com.wix.detox.espresso.DetoxMatcher"},"method":"matcherForSufficientlyVisible","args":[{"type":"Integer","value":75}]}},{"type":"Double","value":5}]})
04-06 02:29:06.256 19290 19324 I DetoxDispatcher: Handling action 'invoke' (ID #12)...
04-06 02:29:06.257 19290 19324 D Detox   : class com.wix.detox.espresso.DetoxMatcher, matcherForText, [Treinos, false]
04-06 02:29:06.258 19290 19324 D Detox   : class androidx.test.espresso.Espresso, onView, [(an instance of android.widget.TextView and view.getText() with or without transformation to match: is "Treinos" and view has effective visibility <VISIBLE>)]
04-06 02:29:06.259 19290 19324 D Detox   : class com.wix.detox.espresso.DetoxMatcher, matcherForSufficientlyVisible, [75]
04-06 02:29:06.260 19290 19324 D Detox   : class com.wix.detox.espresso.DetoxAssertion, waitForAssertMatcher, [androidx.test.espresso.ViewInteraction@71c9c15, (view has effective visibility <VISIBLE> and view.getGlobalVisibleRect() covers at least <75> percent of the view's area), 5.0]
04-06 02:29:06.282 19290 19290 I ViewInteraction: Checking 'MatchesViewAssertion(Detox){viewMatcher=(view has effective visibility <VISIBLE> and view.getGlobalVisibleRect() covers at least <75> percent of the view's area)}' assertion on view (an instance of android.widget.TextView and view.getText() with or without transformation to match: is "Treinos" and view has effective visibility <VISIBLE>)
04-06 02:29:06.328 19290 19290 I ViewInteraction: Checking 'MatchesViewAssertion(Detox){viewMatcher=(view has effective visibility <VISIBLE> and view.getGlobalVisibleRect() covers at least <75> percent of the view's area)}' assertion on view (an instance of android.widget.TextView and view.getText() with or without transformation to match: is "Treinos" and view has effective visibility <VISIBLE>)
04-06 02:29:06.380 19290 19290 I ViewInteraction: Checking 'MatchesViewAssertion(Detox){viewMatcher=(view has effective visibility <VISIBLE> and view.getGlobalVisibleRect() covers at least <75> percent of the view's area)}' assertion on view (an instance of android.widget.TextView and view.getText() with or without transformation to match: is "Treinos" and view has effective visibility <VISIBLE>)
04-06 02:29:06.429 19290 19290 I ViewInteraction: Checking 'MatchesViewAssertion(Detox){viewMatcher=(view has effective visibility <VISIBLE> and view.getGlobalVisibleRect() covers at least <75> percent of the view's area)}' assertion on view (an instance of android.widget.TextView and view.getText() with or without transformation to match: is "Treinos" and view has effective visibility <VISIBLE>)
04-06 02:29:06.479 19290 19290 I ViewInteraction: Checking 'MatchesViewAssertion(Detox){viewMatcher=(view has effective visibility <VISIBLE> and view.getGlobalVisibleRect() covers at least <75> percent of the view's area)}' assertion on view (an instance of android.widget.TextView and view.getText() with or without transformation to match: is "Treinos" and view has effective visibility <VISIBLE>)
04-06 02:29:06.527 19290 19290 I ViewInteraction: Checking 'MatchesViewAssertion(Detox){viewMatcher=(view has effective visibility <VISIBLE> and view.getGlobalVisibleRect() covers at least <75> percent of the view's area)}' assertion on view (an instance of android.widget.TextView and view.getText() with or without transformation to match: is "Treinos" and view has effective visibility <VISIBLE>)
04-06 02:29:06.543 19290 19302 D InputTransport: Input channel destroyed: 'ClientS', fd=171
04-06 02:29:06.571 19290 19290 I ViewInteraction: Checking 'MatchesViewAssertion(Detox){viewMatcher=(view has effective visibility <VISIBLE> and view.getGlobalVisibleRect() covers at least <75> percent of the view's area)}' assertion on view (an instance of android.widget.TextView and view.getText() with or without transformation to match: is "Treinos" and view has effective visibility <VISIBLE>)
04-06 02:29:06.621 19290 19290 I ViewInteraction: Checking 'MatchesViewAssertion(Detox){viewMatcher=(view has effective visibility <VISIBLE> and view.getGlobalVisibleRect() covers at least <75> percent of the view's area)}' assertion on view (an instance of android.widget.TextView and view.getText() with or without transformation to match: is "Treinos" and view has effective visibility <VISIBLE>)
04-06 02:29:06.669 19290 19290 I ViewInteraction: Checking 'MatchesViewAssertion(Detox){viewMatcher=(view has effective visibility <VISIBLE> and view.getGlobalVisibleRect() covers at least <75> percent of the view's area)}' assertion on view (an instance of android.widget.TextView and view.getText() with or without transformation to match: is "Treinos" and view has effective visibility <VISIBLE>)
04-06 02:29:06.717 19290 19290 I ViewInteraction: Checking 'MatchesViewAssertion(Detox){viewMatcher=(view has effective visibility <VISIBLE> and view.getGlobalVisibleRect() covers at least <75> percent of the view's area)}' assertion on view (an instance of android.widget.TextView and view.getText() with or without transformation to match: is "Treinos" and view has effective visibility <VISIBLE>)
04-06 02:29:06.763 19290 19290 I ViewInteraction: Checking 'MatchesViewAssertion(Detox){viewMatcher=(view has effective visibility <VISIBLE> and view.getGlobalVisibleRect() covers at least <75> percent of the view's area)}' assertion on view (an instance of android.widget.TextView and view.getText() with or without transformation to match: is "Treinos" and view has effective visibility <VISIBLE>)
04-06 02:29:06.811 19290 19290 I ViewInteraction: Checking 'MatchesViewAssertion(Detox){viewMatcher=(view has effective visibility <VISIBLE> and view.getGlobalVisibleRect() covers at least <75> percent of the view's area)}' assertion on view (an instance of android.widget.TextView and view.getText() with or without transformation to match: is "Treinos" and view has effective visibility <VISIBLE>)
04-06 02:29:06.860 19290 19290 I ViewInteraction: Checking 'MatchesViewAssertion(Detox){viewMatcher=(view has effective visibility <VISIBLE> and view.getGlobalVisibleRect() covers at least <75> percent of the view's area)}' assertion on view (an instance of android.widget.TextView and view.getText() with or without transformation to match: is "Treinos" and view has effective visibility <VISIBLE>)
04-06 02:29:06.908 19290 19290 I ViewInteraction: Checking 'MatchesViewAssertion(Detox){viewMatcher=(view has effective visibility <VISIBLE> and view.getGlobalVisibleRect() covers at least <75> percent of the view's area)}' assertion on view (an instance of android.widget.TextView and view.getText() with or without transformation to match: is "Treinos" and view has effective visibility <VISIBLE>)
04-06 02:29:06.949 19290 19290 I ViewInteraction: Checking 'MatchesViewAssertion(Detox){viewMatcher=(view has effective visibility <VISIBLE> and view.getGlobalVisibleRect() covers at least <75> percent of the view's area)}' assertion on view (an instance of android.widget.TextView and view.getText() with or without transformation to match: is "Treinos" and view has effective visibility <VISIBLE>)
04-06 02:29:06.997 19290 19290 I ViewInteraction: Checking 'MatchesViewAssertion(Detox){viewMatcher=(view has effective visibility <VISIBLE> and view.getGlobalVisibleRect() covers at least <75> percent of the view's area)}' assertion on view (an instance of android.widget.TextView and view.getText() with or without transformation to match: is "Treinos" and view has effective visibility <VISIBLE>)
04-06 02:29:07.048 19290 19290 I ViewInteraction: Checking 'MatchesViewAssertion(Detox){viewMatcher=(view has effective visibility <VISIBLE> and view.getGlobalVisibleRect() covers at least <75> percent of the view's area)}' assertion on view (an instance of android.widget.TextView and view.getText() with or without transformation to match: is "Treinos" and view has effective visibility <VISIBLE>)
04-06 02:29:07.097 19290 19290 I ViewInteraction: Checking 'MatchesViewAssertion(Detox){viewMatcher=(view has effective visibility <VISIBLE> and view.getGlobalVisibleRect() covers at least <75> percent of the view's area)}' assertion on view (an instance of android.widget.TextView and view.getText() with or without transformation to match: is "Treinos" and view has effective visibility <VISIBLE>)
04-06 02:29:07.147 19290 19290 I ViewInteraction: Checking 'MatchesViewAssertion(Detox){viewMatcher=(view has effective visibility <VISIBLE> and view.getGlobalVisibleRect() covers at least <75> percent of the view's area)}' assertion on view (an instance of android.widget.TextView and view.getText() with or without transformation to match: is "Treinos" and view has effective visibility <VISIBLE>)
04-06 02:29:07.194 19290 19290 I ViewInteraction: Checking 'MatchesViewAssertion(Detox){viewMatcher=(view has effective visibility <VISIBLE> and view.getGlobalVisibleRect() covers at least <75> percent of the view's area)}' assertion on view (an instance of android.widget.TextView and view.getText() with or without transformation to match: is "Treinos" and view has effective visibility <VISIBLE>)
04-06 02:29:07.242 19290 19290 I ViewInteraction: Checking 'MatchesViewAssertion(Detox){viewMatcher=(view has effective visibility <VISIBLE> and view.getGlobalVisibleRect() covers at least <75> percent of the view's area)}' assertion on view (an instance of android.widget.TextView and view.getText() with or without transformation to match: is "Treinos" and view has effective visibility <VISIBLE>)
04-06 02:29:07.290 19290 19290 I ViewInteraction: Checking 'MatchesViewAssertion(Detox){viewMatcher=(view has effective visibility <VISIBLE> and view.getGlobalVisibleRect() covers at least <75> percent of the view's area)}' assertion on view (an instance of android.widget.TextView and view.getText() with or without transformation to match: is "Treinos" and view has effective visibility <VISIBLE>)
04-06 02:29:07.338 19290 19290 I ViewInteraction: Checking 'MatchesViewAssertion(Detox){viewMatcher=(view has effective visibility <VISIBLE> and view.getGlobalVisibleRect() covers at least <75> percent of the view's area)}' assertion on view (an instance of android.widget.TextView and view.getText() with or without transformation to match: is "Treinos" and view has effective visibility <VISIBLE>)
04-06 02:29:07.382 19290 19290 I ViewInteraction: Checking 'MatchesViewAssertion(Detox){viewMatcher=(view has effective visibility <VISIBLE> and view.getGlobalVisibleRect() covers at least <75> percent of the view's area)}' assertion on view (an instance of android.widget.TextView and view.getText() with or without transformation to match: is "Treinos" and view has effective visibility <VISIBLE>)
04-06 02:29:07.428 19290 19290 I ViewInteraction: Checking 'MatchesViewAssertion(Detox){viewMatcher=(view has effective visibility <VISIBLE> and view.getGlobalVisibleRect() covers at least <75> percent of the view's area)}' assertion on view (an instance of android.widget.TextView and view.getText() with or without transformation to match: is "Treinos" and view has effective visibility <VISIBLE>)
04-06 02:29:07.468 19290 19290 I ViewInteraction: Checking 'MatchesViewAssertion(Detox){viewMatcher=(view has effective visibility <VISIBLE> and view.getGlobalVisibleRect() covers at least <75> percent of the view's area)}' assertion on view (an instance of android.widget.TextView and view.getText() with or without transformation to match: is "Treinos" and view has effective visibility <VISIBLE>)
04-06 02:29:07.506 19290 19290 I ViewInteraction: Checking 'MatchesViewAssertion(Detox){viewMatcher=(view has effective visibility <VISIBLE> and view.getGlobalVisibleRect() covers at least <75> percent of the view's area)}' assertion on view (an instance of android.widget.TextView and view.getText() with or without transformation to match: is "Treinos" and view has effective visibility <VISIBLE>)
04-06 02:29:07.572 19290 19290 I ViewInteraction: Checking 'MatchesViewAssertion(Detox){viewMatcher=(view has effective visibility <VISIBLE> and view.getGlobalVisibleRect() covers at least <75> percent of the view's area)}' assertion on view (an instance of android.widget.TextView and view.getText() with or without transformation to match: is "Treinos" and view has effective visibility <VISIBLE>)
04-06 02:29:07.627 19290 19290 I ViewInteraction: Checking 'MatchesViewAssertion(Detox){viewMatcher=(view has effective visibility <VISIBLE> and view.getGlobalVisibleRect() covers at least <75> percent of the view's area)}' assertion on view (an instance of android.widget.TextView and view.getText() with or without transformation to match: is "Treinos" and view has effective visibility <VISIBLE>)
04-06 02:29:07.673 19290 19290 I ViewInteraction: Checking 'MatchesViewAssertion(Detox){viewMatcher=(view has effective visibility <VISIBLE> and view.getGlobalVisibleRect() covers at least <75> percent of the view's area)}' assertion on view (an instance of android.widget.TextView and view.getText() with or without transformation to match: is "Treinos" and view has effective visibility <VISIBLE>)
04-06 02:29:07.721 19290 19290 I ViewInteraction: Checking 'MatchesViewAssertion(Detox){viewMatcher=(view has effective visibility <VISIBLE> and view.getGlobalVisibleRect() covers at least <75> percent of the view's area)}' assertion on view (an instance of android.widget.TextView and view.getText() with or without transformation to match: is "Treinos" and view has effective visibility <VISIBLE>)
04-06 02:29:07.765 19290 19290 I ViewInteraction: Checking 'MatchesViewAssertion(Detox){viewMatcher=(view has effective visibility <VISIBLE> and view.getGlobalVisibleRect() covers at least <75> percent of the view's area)}' assertion on view (an instance of android.widget.TextView and view.getText() with or without transformation to match: is "Treinos" and view has effective visibility <VISIBLE>)
04-06 02:29:07.816 19290 19290 I ViewInteraction: Checking 'MatchesViewAssertion(Detox){viewMatcher=(view has effective visibility <VISIBLE> and view.getGlobalVisibleRect() covers at least <75> percent of the view's area)}' assertion on view (an instance of android.widget.TextView and view.getText() with or without transformation to match: is "Treinos" and view has effective visibility <VISIBLE>)
04-06 02:29:07.853 19290 19290 I ViewInteraction: Checking 'MatchesViewAssertion(Detox){viewMatcher=(view has effective visibility <VISIBLE> and view.getGlobalVisibleRect() covers at least <75> percent of the view's area)}' assertion on view (an instance of android.widget.TextView and view.getText() with or without transformation to match: is "Treinos" and view has effective visibility <VISIBLE>)
04-06 02:29:07.898 19290 19290 I ViewInteraction: Checking 'MatchesViewAssertion(Detox){viewMatcher=(view has effective visibility <VISIBLE> and view.getGlobalVisibleRect() covers at least <75> percent of the view's area)}' assertion on view (an instance of android.widget.TextView and view.getText() with or without transformation to match: is "Treinos" and view has effective visibility <VISIBLE>)
04-06 02:29:07.945 19290 19290 I ViewInteraction: Checking 'MatchesViewAssertion(Detox){viewMatcher=(view has effective visibility <VISIBLE> and view.getGlobalVisibleRect() covers at least <75> percent of the view's area)}' assertion on view (an instance of android.widget.TextView and view.getText() with or without transformation to match: is "Treinos" and view has effective visibility <VISIBLE>)
04-06 02:29:07.989 19290 19290 I ViewInteraction: Checking 'MatchesViewAssertion(Detox){viewMatcher=(view has effective visibility <VISIBLE> and view.getGlobalVisibleRect() covers at least <75> percent of the view's area)}' assertion on view (an instance of android.widget.TextView and view.getText() with or without transformation to match: is "Treinos" and view has effective visibility <VISIBLE>)
04-06 02:29:08.024 19290 19290 I ViewInteraction: Checking 'MatchesViewAssertion(Detox){viewMatcher=(view has effective visibility <VISIBLE> and view.getGlobalVisibleRect() covers at least <75> percent of the view's area)}' assertion on view (an instance of android.widget.TextView and view.getText() with or without transformation to match: is "Treinos" and view has effective visibility <VISIBLE>)
04-06 02:29:08.072 19290 19290 I ViewInteraction: Checking 'MatchesViewAssertion(Detox){viewMatcher=(view has effective visibility <VISIBLE> and view.getGlobalVisibleRect() covers at least <75> percent of the view's area)}' assertion on view (an instance of android.widget.TextView and view.getText() with or without transformation to match: is "Treinos" and view has effective visibility <VISIBLE>)
04-06 02:29:08.120 19290 19290 I ViewInteraction: Checking 'MatchesViewAssertion(Detox){viewMatcher=(view has effective visibility <VISIBLE> and view.getGlobalVisibleRect() covers at least <75> percent of the view's area)}' assertion on view (an instance of android.widget.TextView and view.getText() with or without transformation to match: is "Treinos" and view has effective visibility <VISIBLE>)
04-06 02:29:08.156 19290 19290 I ViewInteraction: Checking 'MatchesViewAssertion(Detox){viewMatcher=(view has effective visibility <VISIBLE> and view.getGlobalVisibleRect() covers at least <75> percent of the view's area)}' assertion on view (an instance of android.widget.TextView and view.getText() with or without transformation to match: is "Treinos" and view has effective visibility <VISIBLE>)
04-06 02:29:08.215 19290 19290 I ViewInteraction: Checking 'MatchesViewAssertion(Detox){viewMatcher=(view has effective visibility <VISIBLE> and view.getGlobalVisibleRect() covers at least <75> percent of the view's area)}' assertion on view (an instance of android.widget.TextView and view.getText() with or without transformation to match: is "Treinos" and view has effective visibility <VISIBLE>)
04-06 02:29:08.262 19290 19290 I ViewInteraction: Checking 'MatchesViewAssertion(Detox){viewMatcher=(view has effective visibility <VISIBLE> and view.getGlobalVisibleRect() covers at least <75> percent of the view's area)}' assertion on view (an instance of android.widget.TextView and view.getText() with or without transformation to match: is "Treinos" and view has effective visibility <VISIBLE>)
04-06 02:29:08.300 19290 19290 I ViewInteraction: Checking 'MatchesViewAssertion(Detox){viewMatcher=(view has effective visibility <VISIBLE> and view.getGlobalVisibleRect() covers at least <75> percent of the view's area)}' assertion on view (an instance of android.widget.TextView and view.getText() with or without transformation to match: is "Treinos" and view has effective visibility <VISIBLE>)
04-06 02:29:08.340 19290 19290 I ViewInteraction: Checking 'MatchesViewAssertion(Detox){viewMatcher=(view has effective visibility <VISIBLE> and view.getGlobalVisibleRect() covers at least <75> percent of the view's area)}' assertion on view (an instance of android.widget.TextView and view.getText() with or without transformation to match: is "Treinos" and view has effective visibility <VISIBLE>)
04-06 02:29:08.381 19290 19290 I ViewInteraction: Checking 'MatchesViewAssertion(Detox){viewMatcher=(view has effective visibility <VISIBLE> and view.getGlobalVisibleRect() covers at least <75> percent of the view's area)}' assertion on view (an instance of android.widget.TextView and view.getText() with or without transformation to match: is "Treinos" and view has effective visibility <VISIBLE>)
04-06 02:29:08.425 19290 19290 I ViewInteraction: Checking 'MatchesViewAssertion(Detox){viewMatcher=(view has effective visibility <VISIBLE> and view.getGlobalVisibleRect() covers at least <75> percent of the view's area)}' assertion on view (an instance of android.widget.TextView and view.getText() with or without transformation to match: is "Treinos" and view has effective visibility <VISIBLE>)
04-06 02:29:08.459 19290 19290 I ViewInteraction: Checking 'MatchesViewAssertion(Detox){viewMatcher=(view has effective visibility <VISIBLE> and view.getGlobalVisibleRect() covers at least <75> percent of the view's area)}' assertion on view (an instance of android.widget.TextView and view.getText() with or without transformation to match: is "Treinos" and view has effective visibility <VISIBLE>)
04-06 02:29:08.493 19290 19290 I ViewInteraction: Checking 'MatchesViewAssertion(Detox){viewMatcher=(view has effective visibility <VISIBLE> and view.getGlobalVisibleRect() covers at least <75> percent of the view's area)}' assertion on view (an instance of android.widget.TextView and view.getText() with or without transformation to match: is "Treinos" and view has effective visibility <VISIBLE>)
04-06 02:29:08.529 19290 19290 I ViewInteraction: Checking 'MatchesViewAssertion(Detox){viewMatcher=(view has effective visibility <VISIBLE> and view.getGlobalVisibleRect() covers at least <75> percent of the view's area)}' assertion on view (an instance of android.widget.TextView and view.getText() with or without transformation to match: is "Treinos" and view has effective visibility <VISIBLE>)
04-06 02:29:08.565 19290 19290 I ViewInteraction: Checking 'MatchesViewAssertion(Detox){viewMatcher=(view has effective visibility <VISIBLE> and view.getGlobalVisibleRect() covers at least <75> percent of the view's area)}' assertion on view (an instance of android.widget.TextView and view.getText() with or without transformation to match: is "Treinos" and view has effective visibility <VISIBLE>)
04-06 02:29:08.608 19290 19290 I ViewInteraction: Checking 'MatchesViewAssertion(Detox){viewMatcher=(view has effective visibility <VISIBLE> and view.getGlobalVisibleRect() covers at least <75> percent of the view's area)}' assertion on view (an instance of android.widget.TextView and view.getText() with or without transformation to match: is "Treinos" and view has effective visibility <VISIBLE>)
04-06 02:29:08.650 19290 19290 I ViewInteraction: Checking 'MatchesViewAssertion(Detox){viewMatcher=(view has effective visibility <VISIBLE> and view.getGlobalVisibleRect() covers at least <75> percent of the view's area)}' assertion on view (an instance of android.widget.TextView and view.getText() with or without transformation to match: is "Treinos" and view has effective visibility <VISIBLE>)
04-06 02:29:08.689 19290 19290 I ViewInteraction: Checking 'MatchesViewAssertion(Detox){viewMatcher=(view has effective visibility <VISIBLE> and view.getGlobalVisibleRect() covers at least <75> percent of the view's area)}' assertion on view (an instance of android.widget.TextView and view.getText() with or without transformation to match: is "Treinos" and view has effective visibility <VISIBLE>)
04-06 02:29:08.726 19290 19290 I ViewInteraction: Checking 'MatchesViewAssertion(Detox){viewMatcher=(view has effective visibility <VISIBLE> and view.getGlobalVisibleRect() covers at least <75> percent of the view's area)}' assertion on view (an instance of android.widget.TextView and view.getText() with or without transformation to match: is "Treinos" and view has effective visibility <VISIBLE>)
04-06 02:29:08.759 19290 19290 I ViewInteraction: Checking 'MatchesViewAssertion(Detox){viewMatcher=(view has effective visibility <VISIBLE> and view.getGlobalVisibleRect() covers at least <75> percent of the view's area)}' assertion on view (an instance of android.widget.TextView and view.getText() with or without transformation to match: is "Treinos" and view has effective visibility <VISIBLE>)
04-06 02:29:08.793 19290 19290 I ViewInteraction: Checking 'MatchesViewAssertion(Detox){viewMatcher=(view has effective visibility <VISIBLE> and view.getGlobalVisibleRect() covers at least <75> percent of the view's area)}' assertion on view (an instance of android.widget.TextView and view.getText() with or without transformation to match: is "Treinos" and view has effective visibility <VISIBLE>)
04-06 02:29:08.838 19290 19290 I ViewInteraction: Checking 'MatchesViewAssertion(Detox){viewMatcher=(view has effective visibility <VISIBLE> and view.getGlobalVisibleRect() covers at least <75> percent of the view's area)}' assertion on view (an instance of android.widget.TextView and view.getText() with or without transformation to match: is "Treinos" and view has effective visibility <VISIBLE>)
04-06 02:29:08.877 19290 19290 I ViewInteraction: Checking 'MatchesViewAssertion(Detox){viewMatcher=(view has effective visibility <VISIBLE> and view.getGlobalVisibleRect() covers at least <75> percent of the view's area)}' assertion on view (an instance of android.widget.TextView and view.getText() with or without transformation to match: is "Treinos" and view has effective visibility <VISIBLE>)
04-06 02:29:08.920 19290 19290 I ViewInteraction: Checking 'MatchesViewAssertion(Detox){viewMatcher=(view has effective visibility <VISIBLE> and view.getGlobalVisibleRect() covers at least <75> percent of the view's area)}' assertion on view (an instance of android.widget.TextView and view.getText() with or without transformation to match: is "Treinos" and view has effective visibility <VISIBLE>)
04-06 02:29:08.965 19290 19290 I ViewInteraction: Checking 'MatchesViewAssertion(Detox){viewMatcher=(view has effective visibility <VISIBLE> and view.getGlobalVisibleRect() covers at least <75> percent of the view's area)}' assertion on view (an instance of android.widget.TextView and view.getText() with or without transformation to match: is "Treinos" and view has effective visibility <VISIBLE>)
04-06 02:29:09.012 19290 19290 I ViewInteraction: Checking 'MatchesViewAssertion(Detox){viewMatcher=(view has effective visibility <VISIBLE> and view.getGlobalVisibleRect() covers at least <75> percent of the view's area)}' assertion on view (an instance of android.widget.TextView and view.getText() with or without transformation to match: is "Treinos" and view has effective visibility <VISIBLE>)
04-06 02:29:09.059 19290 19290 I ViewInteraction: Checking 'MatchesViewAssertion(Detox){viewMatcher=(view has effective visibility <VISIBLE> and view.getGlobalVisibleRect() covers at least <75> percent of the view's area)}' assertion on view (an instance of android.widget.TextView and view.getText() with or without transformation to match: is "Treinos" and view has effective visibility <VISIBLE>)
04-06 02:29:09.106 19290 19290 I ViewInteraction: Checking 'MatchesViewAssertion(Detox){viewMatcher=(view has effective visibility <VISIBLE> and view.getGlobalVisibleRect() covers at least <75> percent of the view's area)}' assertion on view (an instance of android.widget.TextView and view.getText() with or without transformation to match: is "Treinos" and view has effective visibility <VISIBLE>)
04-06 02:29:09.147 19290 19290 I ViewInteraction: Checking 'MatchesViewAssertion(Detox){viewMatcher=(view has effective visibility <VISIBLE> and view.getGlobalVisibleRect() covers at least <75> percent of the view's area)}' assertion on view (an instance of android.widget.TextView and view.getText() with or without transformation to match: is "Treinos" and view has effective visibility <VISIBLE>)
04-06 02:29:09.192 19290 19290 I ViewInteraction: Checking 'MatchesViewAssertion(Detox){viewMatcher=(view has effective visibility <VISIBLE> and view.getGlobalVisibleRect() covers at least <75> percent of the view's area)}' assertion on view (an instance of android.widget.TextView and view.getText() with or without transformation to match: is "Treinos" and view has effective visibility <VISIBLE>)
04-06 02:29:09.238 19290 19290 I ViewInteraction: Checking 'MatchesViewAssertion(Detox){viewMatcher=(view has effective visibility <VISIBLE> and view.getGlobalVisibleRect() covers at least <75> percent of the view's area)}' assertion on view (an instance of android.widget.TextView and view.getText() with or without transformation to match: is "Treinos" and view has effective visibility <VISIBLE>)
04-06 02:29:09.283 19290 19290 I ViewInteraction: Checking 'MatchesViewAssertion(Detox){viewMatcher=(view has effective visibility <VISIBLE> and view.getGlobalVisibleRect() covers at least <75> percent of the view's area)}' assertion on view (an instance of android.widget.TextView and view.getText() with or without transformation to match: is "Treinos" and view has effective visibility <VISIBLE>)
