04-06 10:54:13.074  4597  4597 I ViewRootImpl@f832caa[PopupWindow:8125395]: reportNextDraw android.view.ViewRootImpl.handleResized:2450 android.view.ViewRootImpl.-$$Nest$mhandleResized:0 android.view.ViewRootImpl$ViewRootHandler.handleMessageImpl:6728 android.view.ViewRootImpl$ViewRootHandler.handleMessage:6697 android.os.Handler.dispatchMessage:106 
04-06 10:54:13.074  4597  4597 I ViewRootImpl@914008f[MainActivity]: MSG_WINDOW_FOCUS_CHANGED 1 0
04-06 10:54:13.075  4597  4597 I ViewRootImpl@914008f[MainActivity]: mThreadedRenderer.initializeIfNeeded()#2 mSurface={isValid=true 0xb4000070a0daf000}
04-06 10:54:13.075  4597  4597 W unknown:BridgelessReact: ReactHost{0}.raiseSoftException(onWindowFocusChange(hasFocus = "true")): Tried to access onWindowFocusChange while context is not ready
04-06 10:54:13.076  4597  4597 E unknown:ReactHost: Unhandled SoftException
04-06 10:54:13.076  4597  4597 E unknown:ReactHost: com.facebook.react.bridge.ReactNoCrashSoftException: raiseSoftException(onWindowFocusChange(hasFocus = "true")): Tried to access onWindowFocusChange while context is not ready
04-06 10:54:13.076  4597  4597 E unknown:ReactHost: 	at com.facebook.react.runtime.ReactHostImpl.raiseSoftException(ReactHostImpl.kt:861)
04-06 10:54:13.076  4597  4597 E unknown:ReactHost: 	at com.facebook.react.runtime.ReactHostImpl.raiseSoftException$default(ReactHostImpl.kt:852)
04-06 10:54:13.076  4597  4597 E unknown:ReactHost: 	at com.facebook.react.runtime.ReactHostImpl.onWindowFocusChange(ReactHostImpl.kt:625)
04-06 10:54:13.076  4597  4597 E unknown:ReactHost: 	at com.facebook.react.ReactDelegate.onWindowFocusChanged(ReactDelegate.kt:232)
04-06 10:54:13.076  4597  4597 E unknown:ReactHost: 	at com.facebook.react.ReactActivityDelegate.onWindowFocusChanged(ReactActivityDelegate.java:237)
04-06 10:54:13.076  4597  4597 E unknown:ReactHost: 	at expo.modules.ReactActivityDelegateWrapper$onWindowFocusChanged$1.invokeSuspend(ReactActivityDelegateWrapper.kt:320)
04-06 10:54:13.076  4597  4597 E unknown:ReactHost: 	at expo.modules.ReactActivityDelegateWrapper$onWindowFocusChanged$1.invoke(Unknown Source:8)
04-06 10:54:13.076  4597  4597 E unknown:ReactHost: 	at expo.modules.ReactActivityDelegateWrapper$onWindowFocusChanged$1.invoke(Unknown Source:4)
04-06 10:54:13.076  4597  4597 E unknown:ReactHost: 	at expo.modules.ReactActivityDelegateWrapper$launchLifecycleScopeWithLock$1.invokeSuspend(ReactActivityDelegateWrapper.kt:452)
04-06 10:54:13.076  4597  4597 E unknown:ReactHost: 	at kotlin.coroutines.jvm.internal.BaseContinuationImpl.resumeWith(ContinuationImpl.kt:33)
04-06 10:54:13.076  4597  4597 E unknown:ReactHost: 	at kotlinx.coroutines.internal.DispatchedContinuationKt.resumeCancellableWith(DispatchedContinuation.kt:375)
04-06 10:54:13.076  4597  4597 E unknown:ReactHost: 	at kotlinx.coroutines.intrinsics.CancellableKt.startCoroutineCancellable(Cancellable.kt:26)
04-06 10:54:13.076  4597  4597 E unknown:ReactHost: 	at kotlinx.coroutines.CoroutineStart.invoke(CoroutineStart.kt:358)
04-06 10:54:13.076  4597  4597 E unknown:ReactHost: 	at kotlinx.coroutines.AbstractCoroutine.start(AbstractCoroutine.kt:134)
04-06 10:54:13.076  4597  4597 E unknown:ReactHost: 	at kotlinx.coroutines.BuildersKt__Builders_commonKt.launch(Builders.common.kt:53)
04-06 10:54:13.076  4597  4597 E unknown:ReactHost: 	at kotlinx.coroutines.BuildersKt.launch(Unknown Source:1)
04-06 10:54:13.076  4597  4597 E unknown:ReactHost: 	at kotlinx.coroutines.BuildersKt__Builders_commonKt.launch$default(Builders.common.kt:44)
04-06 10:54:13.076  4597  4597 E unknown:ReactHost: 	at kotlinx.coroutines.BuildersKt.launch$default(Unknown Source:1)
04-06 10:54:13.076  4597  4597 E unknown:ReactHost: 	at expo.modules.ReactActivityDelegateWrapper.launchLifecycleScopeWithLock(ReactActivityDelegateWrapper.kt:450)
04-06 10:54:13.076  4597  4597 E unknown:ReactHost: 	at expo.modules.ReactActivityDelegateWrapper.launchLifecycleScopeWithLock$default(ReactActivityDelegateWrapper.kt:446)
04-06 10:54:13.076  4597  4597 E unknown:ReactHost: 	at expo.modules.ReactActivityDelegateWrapper.onWindowFocusChanged(ReactActivityDelegateWrapper.kt:318)
04-06 10:54:13.076  4597  4597 E unknown:ReactHost: 	at com.facebook.react.ReactActivity.onWindowFocusChanged(ReactActivity.java:158)
04-06 10:54:13.076  4597  4597 E unknown:ReactHost: 	at androidx.appcompat.view.WindowCallbackWrapper.onWindowFocusChanged(WindowCallbackWrapper.java:124)
04-06 10:54:13.076  4597  4597 E unknown:ReactHost: 	at com.android.internal.policy.DecorView.onWindowFocusChanged(DecorView.java:2710)
04-06 10:54:13.076  4597  4597 E unknown:ReactHost: 	at android.view.View.dispatchWindowFocusChanged(View.java:15817)
04-06 10:54:13.076  4597  4597 E unknown:ReactHost: 	at android.view.ViewGroup.dispatchWindowFocusChanged(ViewGroup.java:1512)
04-06 10:54:13.076  4597  4597 E unknown:ReactHost: 	at android.view.ViewRootImpl.handleWindowFocusChanged(ViewRootImpl.java:4678)
04-06 10:54:13.076  4597  4597 E unknown:ReactHost: 	at android.view.ViewRootImpl.-$$Nest$mhandleWindowFocusChanged(Unknown Source:0)
04-06 10:54:13.076  4597  4597 E unknown:ReactHost: 	at android.view.ViewRootImpl$ViewRootHandler.handleMessageImpl(ViewRootImpl.java:6788)
04-06 10:54:13.076  4597  4597 E unknown:ReactHost: 	at android.view.ViewRootImpl$ViewRootHandler.handleMessage(ViewRootImpl.java:6697)
04-06 10:54:13.076  4597  4597 E unknown:ReactHost: 	at android.os.Handler.dispatchMessage(Handler.java:106)
04-06 10:54:13.076  4597  4597 E unknown:ReactHost: 	at android.os.Looper.loopOnce(Looper.java:226)
04-06 10:54:13.076  4597  4597 E unknown:ReactHost: 	at android.os.Looper.loop(Looper.java:313)
04-06 10:54:13.076  4597  4597 E unknown:ReactHost: 	at android.app.ActivityThread.main(ActivityThread.java:8762)
04-06 10:54:13.076  4597  4597 E unknown:ReactHost: 	at java.lang.reflect.Method.invoke(Native Method)
04-06 10:54:13.076  4597  4597 E unknown:ReactHost: 	at com.android.internal.os.RuntimeInit$MethodAndArgsCaller.run(RuntimeInit.java:604)
04-06 10:54:13.076  4597  4597 E unknown:ReactHost: 	at com.android.internal.os.ZygoteInit.main(ZygoteInit.java:1067)
04-06 10:54:13.076  4597  4597 D InputMethodManager: startInputInner - Id : 0
04-06 10:54:13.076  4597  4597 I InputMethodManager: startInputInner - mService.startInputOrWindowGainedFocus
04-06 10:54:13.080  4597  4597 D InputMethodManager: startInputInner - Id : 0
04-06 10:54:13.087  4597  4597 I ViewRootImpl@f832caa[PopupWindow:8125395]: Setup new sync id=1
04-06 10:54:13.087  4597  4597 I ViewRootImpl@f832caa[PopupWindow:8125395]: Setting syncFrameCallback
04-06 10:54:13.087  4597  4597 I ViewRootImpl@f832caa[PopupWindow:8125395]: registerCallbacksForSync syncBuffer=false
04-06 10:54:13.088  4597  4700 I ViewRootImpl@f832caa[PopupWindow:8125395]: Received frameDrawingCallback syncResult=0 frameNum=3.
04-06 10:54:13.088  4597  4700 I ViewRootImpl@f832caa[PopupWindow:8125395]: Setting up sync and frameCommitCallback
04-06 10:54:13.094  4597  4672 I ViewRootImpl@f832caa[PopupWindow:8125395]: Received frameCommittedCallback lastAttemptedDrawFrameNum=3 didProduceBuffer=true
04-06 10:54:13.094  4597  4597 I ViewRootImpl@f832caa[PopupWindow:8125395]: onSyncComplete
04-06 10:54:13.094  4597  4597 I ViewRootImpl@f832caa[PopupWindow:8125395]: setupSync seqId=0 mSyncId=1 fn=3 caller=android.view.ViewRootImpl$$ExternalSyntheticLambda11.accept:6 android.window.SurfaceSyncer.lambda$setupSync$1$android-window-SurfaceSyncer:128 android.window.SurfaceSyncer$$ExternalSyntheticLambda1.accept:8 android.window.SurfaceSyncer$SyncSet.checkIfSyncIsComplete:382 android.window.SurfaceSyncer$SyncSet.markSyncReady:359 android.window.SurfaceSyncer.markSyncReady:151 android.view.ViewRootImpl.performTraversals:4503 
04-06 10:54:13.094  4597  4597 I ViewRootImpl@f832caa[PopupWindow:8125395]: reportDrawFinished seqId=0 mSyncId=-1 fn=3 mSurfaceChangedTransaction=0xb4000070a0c43600
04-06 10:54:13.344  4597  4697 D Detox.RNMarker: DOWNLOAD_END ({"url":"http:\/\/localhost:8081\/.expo\/.virtual-metro-entry.bundle?platform=android&dev=true&lazy=true&minify=false&app=com.evolucao.app&modulesOnly=false&runModule=true&excludeSource=true&sourcePaths=url-server","filesChangedCount":0})
04-06 10:54:13.344  4597  4697 W unknown:BridgelessReact: ReactHost{0}.loadJSBundleFromMetro(): Creating BundleLoader
04-06 10:54:13.344  4597  4672 D OpenGLRenderer: setSurface called with nullptr
04-06 10:54:13.344  4597  4672 D OpenGLRenderer: setSurface() destroyed EGLSurface
04-06 10:54:13.344  4597  4672 D OpenGLRenderer: destroyEglSurface
04-06 10:54:13.346  4597  4696 W unknown:BridgelessReact: ReactHost{0}.getOrCreateReactInstanceTask(): Creating BridgelessReactContext
04-06 10:54:13.347  4597  4597 I ViewRootImpl@f832caa[PopupWindow:8125395]: dispatchDetachedFromWindow
04-06 10:54:13.348  4597  4696 W unknown:BridgelessReact: ReactHost{0}.getOrCreateReactInstanceTask(): Creating ReactInstance
04-06 10:54:13.350  4597  4597 D InputTransport: Input channel destroyed: '599bf78', fd=121
04-06 10:54:13.367  4597  4696 D jni_lib_merge: Entering merged library JNI_OnLoad.
04-06 10:54:13.367  4597  4696 D jni_lib_merge: Preparing 4 pre-merged libs (including stub)
04-06 10:54:13.367  4597  4696 D jni_lib_merge: Preparing to register libhermes_executor_so.  onload_func: 0x7014b89fa4
04-06 10:54:13.367  4597  4696 D jni_lib_merge: Preparing to register libhermesinstancejni_so.  onload_func: 0x7014bc38b4
04-06 10:54:13.367  4597  4696 D jni_lib_merge: Preparing to register libjsijniprofiler_so.  onload_func: 0x7014bc58f8
04-06 10:54:13.367  4597  4696 D jni_lib_merge: About to register 3 actual methods.
04-06 10:54:13.369  4597  4697 D TrafficStats: tagSocket(129) with statsTag=0xffffffff, statsUid=-1
04-06 10:54:13.466  4597  4696 I ExpoModulesCore: ✅ AppContext was initialized
04-06 10:54:13.495  4597  4696 W unknown:BridgelessReact: ReactHost{0}.getOrCreateReactInstanceTask(): Loading JS Bundle
04-06 10:54:13.495  4597  4696 W unknown:BridgelessReact: ReactHost{0}.getOrCreateReactInstanceTask(): DevSupportManager.onNewReactContextCreated()
04-06 10:54:13.495  4597  4714 D Detox.RNMarker: RUN_JS_BUNDLE_START (/.virtual-metro-entry.bundle?platform=android&dev=true&lazy=true&minify=false&app=com.evolucao.app&modulesOnly=false&runModule=true&excludeSource=true&sourcePaths=url-server)
04-06 10:54:13.498  4597  4597 W unknown:ReactNative: Packager connection already open, nooping.
04-06 10:54:13.501  4597  4597 W unknown:BridgelessReact: ReactHost{0}.ReactContext.onHostResume()
04-06 10:54:13.502  4597  4696 W unknown:BridgelessReact: ReactHost{0}.startSurface(surfaceId = 0): Execute
04-06 10:54:13.505  4597  4597 W unknown:BridgelessReact: ReactHost{0}.getOrCreateReactInstanceTask(): Executing ReactInstanceEventListeners
04-06 10:54:13.505  4597  4597 I DetoxRNLoading: Got new RN-context through listener
04-06 10:54:13.506  4597  4631 I DetoxRNIdleRes: Setting up Espresso Idling Resources for React Native
04-06 10:54:13.513  4597  4597 D DetoxRNHelpers: Native RN module resolution (class com.reactnativecommunity.asyncstorage.AsyncStorageModule): no registered module found
04-06 10:54:13.514  4597  4631 D IdlingRegistry: Registering idling resources: [com.wix.detox.reactnative.idlingresources.uimodule.fabric.FabricUIManagerIdlingResources@fa053f5]
04-06 10:54:13.514  4597  4631 D IdlingRegistry: Registering idling resources: [com.wix.detox.reactnative.idlingresources.animations.AnimatedModuleIdlingResource@556958a]
04-06 10:54:13.514  4597  4631 D IdlingRegistry: Registering idling resources: [com.wix.detox.reactnative.idlingresources.timers.FabricTimersIdlingResource@a29e7fb]
04-06 10:54:13.514  4597  4631 D IdlingRegistry: Registering idling resources: [com.wix.detox.reactnative.idlingresources.network.NetworkIdlingResource@fa87018]
04-06 10:54:13.514  4597  4631 D IdlingRegistry: Registering idling resources: [com.wix.detox.reactnative.idlingresources.StabilizedIdlingResource@76f3a71]
04-06 10:54:13.527  4597  4715 W om.evolucao.app: Accessing hidden method Landroid/os/MessageQueue;->next()Landroid/os/Message; (unsupported, reflection, allowed)
04-06 10:54:13.527  4597  4715 W om.evolucao.app: Accessing hidden field Landroid/os/MessageQueue;->mMessages:Landroid/os/Message; (unsupported, reflection, allowed)
04-06 10:54:13.527  4597  4715 W om.evolucao.app: Accessing hidden method Landroid/os/Message;->recycleUnchecked()V (unsupported, reflection, allowed)
04-06 10:54:13.675  4597  4597 D DetoxRNHelpers: Native RN module resolution (class com.reactnativecommunity.asyncstorage.AsyncStorageModule): no registered module found
04-06 10:54:13.676  4597  4643 W om.evolucao.app: Long monitor contention with owner Instr: androidx.test.runner.AndroidJUnitRunner (4631) at void com.wix.detox.DetoxMain.launchActivityOnCue(android.content.Context, com.wix.detox.ActivityLaunchHelper)(DetoxMain.kt:53) waiters=0 in void com.wix.detox.DetoxMain$setupActionHandlers$SynchronizedActionHandler.handle(java.lang.String, long) for 866ms
04-06 10:54:13.742  4597  4715 I WebViewFactory: Loading com.google.android.webview version 146.0.7680.164 (code 768016403)
04-06 10:54:13.744  4597  4715 D ApplicationLoaders: Returning zygote-cached class loader: /system/framework/android.test.base.jar
04-06 10:54:13.748  4597  4715 D nativeloader: Configuring classloader-namespace for other apk /data/app/~~23ppwVuk64Fm9vdWCRWMMw==/com.google.android.webview-FPIphznatdLDx2VBYoD68A==/base.apk. target_sdk_version=36, uses_libraries=, library_path=/data/app/~~23ppwVuk64Fm9vdWCRWMMw==/com.google.android.webview-FPIphznatdLDx2VBYoD68A==/lib/arm64:/data/app/~~23ppwVuk64Fm9vdWCRWMMw==/com.google.android.webview-FPIphznatdLDx2VBYoD68A==/base.apk!/lib/arm64-v8a, permitted_path=/data:/mnt/expand
04-06 10:54:13.762  4597  4715 I cr_WVCFactoryProvider: version=146.0.7680.164 (768016403) minSdkVersion=29 multiprocess=true packageId=127 splits=<none>
04-06 10:54:13.768  4597  4729 I chromium: [0406/105413.768033:INFO:android_webview/browser/variations/variations_seed_loader.cc:67] Failed to open file for reading.: No such file or directory (2)
04-06 10:54:13.768  4597  4729 I chromium: [0406/105413.768489:INFO:android_webview/browser/variations/variations_seed_loader.cc:67] Failed to open file for reading.: No such file or directory (2)
04-06 10:54:13.772  4597  4715 I cr_LibraryLoader: Successfully loaded native library
04-06 10:54:13.773  4597  4715 I cr_CachingUmaRecorder: Flushed 16 samples from 16 histograms, 0 samples were dropped.
04-06 10:54:13.787  4597  4733 D TrafficStats: tagSocket(143) with statsTag=0xffffffff, statsUid=-1
04-06 10:54:13.788  4597  4733 D TrafficStats: tagSocket(143) with statsTag=0xffffffff, statsUid=-1
04-06 10:54:13.792  4597  4714 W BridgelessReactContext: [WARNING] Bridgeless doesn't support CatalystInstance. Accessing an API that's not part of the new architecture is not encouraged usage.
04-06 10:54:13.798  4597  4714 I ExpoModulesCore: ✅ JSI interop was installed
04-06 10:54:13.804  4597  4714 I ExpoModulesCore: ✅ Constants were exported
04-06 10:54:13.847  4597  4714 W unknown:ViewManagerPropertyUpdater: Could not find generated setter for class com.th3rdwave.safeareacontext.SafeAreaProviderManager
04-06 10:54:13.850  4597  4714 W unknown:ViewManagerPropertyUpdater: Could not find generated setter for class com.facebook.react.uimanager.LayoutShadowNode
04-06 10:54:13.852  4597  4714 W unknown:ViewManagerPropertyUpdater: Could not find generated setter for class com.swmansion.rnscreens.SearchBarManager
04-06 10:54:13.853  4597  4714 W unknown:ViewManagerPropertyUpdater: Could not find generated setter for class com.swmansion.rnscreens.ScreenFooterManager
04-06 10:54:13.853  4597  4714 W unknown:ViewManagerPropertyUpdater: Could not find generated setter for class com.swmansion.rnscreens.gamma.tabs.TabScreenViewManager
04-06 10:54:13.855  4597  4714 W unknown:ViewManagerPropertyUpdater: Could not find generated setter for class expo.modules.kotlin.views.GroupViewManagerWrapper
04-06 10:54:13.856  4597  4714 W unknown:ViewManagerPropertyUpdater: Could not find generated setter for class com.swmansion.rnscreens.ScreenContainerViewManager
04-06 10:54:13.856  4597  4714 W unknown:ViewManagerPropertyUpdater: Could not find generated setter for class com.swmansion.rnscreens.gamma.tabs.TabsHostViewManager
04-06 10:54:13.858  4597  4714 W unknown:ViewManagerPropertyUpdater: Could not find generated setter for class com.swmansion.rnscreens.ModalScreenViewManager
04-06 10:54:13.859  4597  4714 W unknown:ViewManagerPropertyUpdater: Could not find generated setter for class com.swmansion.rnscreens.ScreenStackHeaderConfigViewManager
04-06 10:54:13.860  4597  4714 W unknown:ViewManagerPropertyUpdater: Could not find generated setter for class com.swmansion.rnscreens.ScreenContentWrapperManager
04-06 10:54:13.860  4597  4714 W unknown:ViewManagerPropertyUpdater: Could not find generated setter for class com.th3rdwave.safeareacontext.SafeAreaViewManager
04-06 10:54:13.861  4597  4714 W unknown:ViewManagerPropertyUpdater: Could not find generated setter for class com.th3rdwave.safeareacontext.SafeAreaViewShadowNode
04-06 10:54:13.862  4597  4714 W unknown:ViewManagerPropertyUpdater: Could not find generated setter for class com.swmansion.rnscreens.safearea.SafeAreaViewManager
04-06 10:54:13.862  4597  4714 W unknown:ViewManagerPropertyUpdater: Could not find generated setter for class com.swmansion.rnscreens.safearea.paper.SafeAreaViewShadowNode
04-06 10:54:13.863  4597  4714 W unknown:ViewManagerPropertyUpdater: Could not find generated setter for class com.swmansion.rnscreens.ScreenViewManager
04-06 10:54:13.863  4597  4714 W unknown:ViewManagerPropertyUpdater: Could not find generated setter for class com.swmansion.rnscreens.gamma.stack.host.StackHostViewManager
04-06 10:54:13.864  4597  4714 W unknown:ViewManagerPropertyUpdater: Could not find generated setter for class com.swmansion.rnscreens.ScreenStackHeaderSubviewManager
04-06 10:54:13.864  4597  4714 W unknown:ViewManagerPropertyUpdater: Could not find generated setter for class com.swmansion.rnscreens.gamma.stack.screen.StackScreenViewManager
04-06 10:54:13.865  4597  4714 W unknown:ViewManagerPropertyUpdater: Could not find generated setter for class com.swmansion.rnscreens.ScreenStackViewManager
04-06 10:54:13.943  4597  4714 W unknown:ViewManagerPropertyUpdater: Could not find generated setter for class com.facebook.react.views.debuggingoverlay.DebuggingOverlayManager
04-06 10:54:13.949  4597  4714 W unknown:ViewManagerPropertyUpdater: Could not find generated setter for class com.swmansion.gesturehandler.react.RNGestureHandlerButtonViewManager
04-06 10:54:13.955  4597  4714 W unknown:ViewManagerPropertyUpdater: Could not find generated setter for class com.facebook.react.views.safeareaview.ReactSafeAreaViewManager
04-06 10:54:13.960  4597  4714 W unknown:ViewManagerPropertyUpdater: Could not find generated setter for class com.facebook.react.views.modal.ReactModalHostManager
04-06 10:54:13.966  4597  4714 W unknown:ViewManagerPropertyUpdater: Could not find generated setter for class com.facebook.react.views.text.frescosupport.FrescoBasedReactTextInlineImageViewManager
04-06 10:54:13.966  4597  4714 W unknown:ViewManagerPropertyUpdater: Could not find generated setter for class com.facebook.react.views.text.frescosupport.FrescoBasedReactTextInlineImageShadowNode
04-06 10:54:13.972  4597  4714 W unknown:ViewManagerPropertyUpdater: Could not find generated setter for class com.facebook.react.views.progressbar.ReactProgressBarViewManager
04-06 10:54:13.972  4597  4714 W unknown:ViewManagerPropertyUpdater: Could not find generated setter for class com.facebook.react.views.progressbar.ProgressBarShadowNode
04-06 10:54:13.978  4597  4714 W unknown:ViewManagerPropertyUpdater: Could not find generated setter for class com.facebook.react.views.scroll.ReactHorizontalScrollViewManager
04-06 10:54:13.985  4597  4714 W unknown:ViewManagerPropertyUpdater: Could not find generated setter for class com.facebook.react.views.image.ReactImageManager
04-06 10:54:13.992  4597  4714 W unknown:ViewManagerPropertyUpdater: Could not find generated setter for class com.facebook.react.views.text.ReactTextViewManager
04-06 10:54:13.993  4597  4714 W unknown:ViewManagerPropertyUpdater: Could not find generated setter for class com.facebook.react.views.text.ReactTextShadowNode
04-06 10:54:14.000  4597  4714 W unknown:ViewManagerPropertyUpdater: Could not find generated setter for class com.facebook.react.views.scroll.ReactHorizontalScrollContainerViewManager
04-06 10:54:14.008  4597  4714 W unknown:ViewManagerPropertyUpdater: Could not find generated setter for class com.facebook.react.views.unimplementedview.ReactUnimplementedViewManager
04-06 10:54:14.015  4597  4714 W unknown:ViewManagerPropertyUpdater: Could not find generated setter for class com.facebook.react.views.scroll.ReactScrollViewManager
04-06 10:54:14.022  4597  4714 W unknown:ViewManagerPropertyUpdater: Could not find generated setter for class com.facebook.react.views.view.ReactViewManager
04-06 10:54:14.030  4597  4714 W unknown:ViewManagerPropertyUpdater: Could not find generated setter for class com.facebook.react.views.drawer.ReactDrawerLayoutManager
04-06 10:54:14.037  4597  4714 W unknown:ViewManagerPropertyUpdater: Could not find generated setter for class com.facebook.react.views.switchview.ReactSwitchManager
04-06 10:54:14.038  4597  4714 W unknown:ViewManagerPropertyUpdater: Could not find generated setter for class com.facebook.react.views.switchview.ReactSwitchShadowNode
04-06 10:54:14.045  4597  4714 W unknown:ViewManagerPropertyUpdater: Could not find generated setter for class com.facebook.react.views.swiperefresh.SwipeRefreshLayoutManager
04-06 10:54:14.053  4597  4714 W unknown:ViewManagerPropertyUpdater: Could not find generated setter for class com.facebook.react.views.textinput.ReactTextInputManager
04-06 10:54:14.056  4597  4714 W unknown:ViewManagerPropertyUpdater: Could not find generated setter for class com.facebook.react.views.textinput.ReactTextInputShadowNode
04-06 10:54:14.064  4597  4714 W unknown:ViewManagerPropertyUpdater: Could not find generated setter for class com.swmansion.gesturehandler.react.RNGestureHandlerRootViewManager
04-06 10:54:14.098  4597  4733 D TrafficStats: tagSocket(145) with statsTag=0xffffffff, statsUid=-1
04-06 10:54:14.263  4597  4714 V AsyncStorageExpoMigration: No scoped database found
04-06 10:54:14.435  4597  4714 D Detox.RNMarker: RUN_JS_BUNDLE_END (/.virtual-metro-entry.bundle?platform=android&dev=true&lazy=true&minify=false&app=com.evolucao.app&modulesOnly=false&runModule=true&excludeSource=true&sourcePaths=url-server)
04-06 10:54:14.436  4597  4714 I ReactNativeJS: Running "main" with {"rootTag":1,"initialProps":{},"fabric":true}
04-06 10:54:14.514  4597  4738 D TrafficStats: tagSocket(133) with statsTag=0xffffffff, statsUid=-1
04-06 10:54:14.635  4597  4597 I DecorView: notifyKeepScreenOnChanged: keepScreenOn=true
04-06 10:54:14.645  4597  4597 D Detox.RNMarker: CONTENT_APPEARED (main)
04-06 10:54:14.650  4597  4597 I ViewRootImpl@914008f[MainActivity]: performTraversals params={(0,0)(fillxfill) sim={adjust=resize} layoutInDisplayCutoutMode=always ty=BASE_APPLICATION wanim=0x1030309
04-06 10:54:14.650  4597  4597 I ViewRootImpl@914008f[MainActivity]:   fl=81810180
04-06 10:54:14.650  4597  4597 I ViewRootImpl@914008f[MainActivity]:   pfl=16020040
04-06 10:54:14.650  4597  4597 I ViewRootImpl@914008f[MainActivity]:   vsysui=100
04-06 10:54:14.650  4597  4597 I ViewRootImpl@914008f[MainActivity]:   bhv=DEFAULT
04-06 10:54:14.650  4597  4597 I ViewRootImpl@914008f[MainActivity]:   fitSides= naviIconColor=0}
04-06 10:54:14.651  4597  4597 I ViewRootImpl@914008f[MainActivity]: performTraversals mFirst=false windowShouldResize=false viewVisibilityChanged=false mForceNextWindowRelayout=false params={(0,0)(fillxfill) sim={adjust=resize} layoutInDisplayCutoutMode=always ty=BASE_APPLICATION wanim=0x1030309
04-06 10:54:14.651  4597  4597 I ViewRootImpl@914008f[MainActivity]:   fl=81810180
04-06 10:54:14.651  4597  4597 I ViewRootImpl@914008f[MainActivity]:   pfl=16020040
04-06 10:54:14.651  4597  4597 I ViewRootImpl@914008f[MainActivity]:   vsysui=100
04-06 10:54:14.651  4597  4597 I ViewRootImpl@914008f[MainActivity]:   bhv=DEFAULT
04-06 10:54:14.651  4597  4597 I ViewRootImpl@914008f[MainActivity]:   fitSides= naviIconColor=0}
04-06 10:54:14.660  4597  4714 D Detox.RNMarker: REACT_BRIDGELESS_LOADING_END (null)
04-06 10:54:14.661  4597  4597 I ViewRootImpl@914008f[MainActivity]: updateBlastSurfaceIfNeeded mBlastBufferQueue=0xb4000070c2c34c00 isSameSurfaceControl=true
04-06 10:54:14.661  4597  4597 I BLASTBufferQueue: update, w= 1080 h= 2400 mName = ViewRootImpl@914008f[MainActivity] mNativeObject= 0xb4000070c2c34c00 sc.mNativeObject= 0xb40000700c8f1180 format= -1 caller= android.view.ViewRootImpl.updateBlastSurfaceIfNeeded:2898 android.view.ViewRootImpl.relayoutWindow:9847 android.view.ViewRootImpl.performTraversals:3884 android.view.ViewRootImpl.doTraversal:3116 android.view.ViewRootImpl$TraversalRunnable.run:10885 android.view.Choreographer$CallbackRecord.run:1301 
04-06 10:54:14.661  4597  4597 I ViewRootImpl@914008f[MainActivity]: Relayout returned: old=(0,0,1080,2400) new=(0,0,1080,2400) req=(1080,2400)0 dur=10 res=0x0 s={true 0xb4000070a0daf000} ch=false seqId=0
04-06 10:54:14.675  4597  4714 I ReactNativeJS: '[ANALYTICS]', 'app_opened', { event: 'app_opened',
04-06 10:54:14.675  4597  4714 I ReactNativeJS:   eventId: '1775483654667_e1c766fa3418',
04-06 10:54:14.675  4597  4714 I ReactNativeJS:   appVersion: '1.0.0',
04-06 10:54:14.675  4597  4714 I ReactNativeJS:   category: 'engagement',
04-06 10:54:14.675  4597  4714 I ReactNativeJS:   userId: 'anonymous',
04-06 10:54:14.675  4597  4714 I ReactNativeJS:   timestamp: 1775483654667,
04-06 10:54:14.675  4597  4714 I ReactNativeJS:   timestampIso: '2026-04-06T13:54:14.667Z',
04-06 10:54:14.675  4597  4714 I ReactNativeJS:   screen: 'App',
04-06 10:54:14.675  4597  4714 I ReactNativeJS:   sessionId: 'session-1775483654658-2507f688afcfa4',
04-06 10:54:14.675  4597  4714 I ReactNativeJS:   flowId: 'session-1775483654658-2507f688afcfa4',
04-06 10:54:14.675  4597  4714 I ReactNativeJS:   meta: 
04-06 10:54:14.675  4597  4714 I ReactNativeJS:    { domain: 'engagement',
04-06 10:54:14.675  4597  4714 I ReactNativeJS:      version: 1,
04-06 10:54:14.675  4597  4714 I ReactNativeJS:      dayKey: '2026-04-06',
04-06 10:54:14.675  4597  4714 I ReactNativeJS:      isFirstOpenOfDay: true,
04-06 10:54:14.675  4597  4714 I ReactNativeJS:      category: 'engagement' } }
04-06 10:54:14.882  4597  4597 D CompatibilityChangeReporter: Compat change id reported: 171228096; UID 10485; state: ENABLED
04-06 10:54:14.884  4597  4597 D ScrollView: initGoToTop
04-06 10:54:14.885  4597  4597 W om.evolucao.app: Accessing hidden field Landroid/widget/ScrollView;->mScroller:Landroid/widget/OverScroller; (unsupported, reflection, allowed)
04-06 10:54:14.903  4597  4597 W [RNScreens]: backTitleFontFamily prop is not available on Android
04-06 10:54:14.903  4597  4597 W [RNScreens]: disableBackButtonMenu prop is not available on Android
04-06 10:54:14.903  4597  4597 W [RNScreens]: backTitleVisible prop is not available on Android
04-06 10:54:14.903  4597  4597 W [RNScreens]: topInsetEnabled prop is not available on Android
04-06 10:54:14.903  4597  4597 W [RNScreens]: largeTitleHideShadow prop is not available on Android
04-06 10:54:14.903  4597  4597 W [RNScreens]: largeTitleFontWeight prop is not available on Android
04-06 10:54:14.903  4597  4597 W [RNScreens]: userInterfaceStyle prop is not available on Android
04-06 10:54:14.903  4597  4597 W [RNScreens]: largeTitleFontFamily prop is not available on Android
04-06 10:54:14.908  4597  4608 I om.evolucao.app: Compiler allocated 4177KB to compile void android.widget.TextView.<init>(android.content.Context, android.util.AttributeSet, int, int)
04-06 10:54:14.973  4597  4672 D OpenGLRenderer: setSurface called with nullp