04-06 02:09:57.192 21432 21432 I ViewRootImpl@73623ee[MainActivity]:   pfl=16020040
04-06 02:09:57.192 21432 21432 I ViewRootImpl@73623ee[MainActivity]:   vsysui=100
04-06 02:09:57.192 21432 21432 I ViewRootImpl@73623ee[MainActivity]:   bhv=DEFAULT
04-06 02:09:57.192 21432 21432 I ViewRootImpl@73623ee[MainActivity]:   fitSides= naviIconColor=0}
04-06 02:09:57.199 21432 21432 I ViewRootImpl@73623ee[MainActivity]: updateBlastSurfaceIfNeeded mBlastBufferQueue=null isSameSurfaceControl=false
04-06 02:09:57.200 21432 21432 E BufferQueueProducer: Unable to open libpenguin.so: dlopen failed: library "libpenguin.so" not found.
04-06 02:09:57.200 21432 21432 I BLASTBufferQueue: new BLASTBufferQueue, mName= ViewRootImpl@73623ee[MainActivity] mNativeObject= 0xb4000070c2c34c00 sc.mNativeObject= 0xb4000070a0c705a0 caller= android.view.ViewRootImpl.updateBlastSurfaceIfNeeded:2909 android.view.ViewRootImpl.relayoutWindow:9847 android.view.ViewRootImpl.performTraversals:3884 android.view.ViewRootImpl.doTraversal:3116 android.view.ViewRootImpl$TraversalRunnable.run:10885 android.view.Choreographer$CallbackRecord.run:1301 android.view.Choreographer$CallbackRecord.run:1309 android.view.Choreographer.doCallbacks:923 android.view.Choreographer.doFrame:852 android.view.Choreographer$FrameDisplayEventReceiver.run:1283 
04-06 02:09:57.200 21432 21432 I BLASTBufferQueue: update, w= 1080 h= 2400 mName = ViewRootImpl@73623ee[MainActivity] mNativeObject= 0xb4000070c2c34c00 sc.mNativeObject= 0xb4000070a0c705a0 format= -1 caller= android.graphics.BLASTBufferQueue.<init>:84 android.view.ViewRootImpl.updateBlastSurfaceIfNeeded:2909 android.view.ViewRootImpl.relayoutWindow:9847 android.view.ViewRootImpl.performTraversals:3884 android.view.ViewRootImpl.doTraversal:3116 android.view.ViewRootImpl$TraversalRunnable.run:10885 
04-06 02:09:57.200 21432 21432 I ViewRootImpl@73623ee[MainActivity]: Relayout returned: old=(0,0,1080,2400) new=(0,0,1080,2400) req=(1080,2400)0 dur=7 res=0x3 s={true 0xb4000070b2b8f000} ch=true seqId=0
04-06 02:09:57.202 21432 21432 I ViewRootImpl@73623ee[MainActivity]: mThreadedRenderer.initialize() mSurface={isValid=true 0xb4000070b2b8f000} hwInitialized=true
04-06 02:09:57.203 21432 21432 I ViewRootImpl@73623ee[MainActivity]: reportNextDraw android.view.ViewRootImpl.performTraversals:4438 android.view.ViewRootImpl.doTraversal:3116 android.view.ViewRootImpl$TraversalRunnable.run:10885 android.view.Choreographer$CallbackRecord.run:1301 android.view.Choreographer$CallbackRecord.run:1309 
04-06 02:09:57.203 21432 21432 I ViewRootImpl@73623ee[MainActivity]: Setup new sync id=0
04-06 02:09:57.203 21432 21432 I ViewRootImpl@73623ee[MainActivity]: Setting syncFrameCallback
04-06 02:09:57.203 21432 21432 I ViewRootImpl@73623ee[MainActivity]: registerCallbacksForSync syncBuffer=false
04-06 02:09:57.204 21432 21526 D OpenGLRenderer: eglCreateWindowSurface
04-06 02:09:57.205 21432 21546 I ViewRootImpl@73623ee[MainActivity]: Received frameDrawingCallback syncResult=0 frameNum=1.
04-06 02:09:57.205 21432 21546 I ViewRootImpl@73623ee[MainActivity]: Setting up sync and frameCommitCallback
04-06 02:09:57.227 21432 21526 I BLASTBufferQueue: [ViewRootImpl@73623ee[MainActivity]#0](f:0,a:0) onFrameAvailable the first frame is available
04-06 02:09:57.228 21432 21526 I ViewRootImpl@73623ee[MainActivity]: Received frameCommittedCallback lastAttemptedDrawFrameNum=1 didProduceBuffer=true
04-06 02:09:57.230 21432 21526 D OpenGLRenderer: CFMS:: SetUp Pid : 21432    Tid : 21526
04-06 02:09:57.233 21432 21526 W Parcel  : Expecting binder but got null!
04-06 02:09:57.233 21432 21432 I ViewRootImpl@73623ee[MainActivity]: onSyncComplete
04-06 02:09:57.233 21432 21432 I ViewRootImpl@73623ee[MainActivity]: setupSync seqId=0 mSyncId=0 fn=1 caller=android.view.ViewRootImpl$$ExternalSyntheticLambda11.accept:6 android.window.SurfaceSyncer.lambda$setupSync$1$android-window-SurfaceSyncer:128 android.window.SurfaceSyncer$$ExternalSyntheticLambda1.accept:8 android.window.SurfaceSyncer$SyncSet.checkIfSyncIsComplete:382 android.window.SurfaceSyncer$SyncSet.markSyncReady:359 android.window.SurfaceSyncer.markSyncReady:151 android.view.ViewRootImpl.performTraversals:4503 
04-06 02:09:57.234 21432 21432 I ViewRootImpl@73623ee[MainActivity]: reportDrawFinished seqId=0 mSyncId=-1 fn=1 mSurfaceChangedTransaction=0xb4000070a0ca3000
04-06 02:09:57.247 21432 21542 W unknown:BridgelessReact: ReactHost{0}.isMetroRunning(): Async result = true
04-06 02:09:57.248 21432 21541 W unknown:BridgelessReact: ReactHost{0}.loadJSBundleFromMetro()
04-06 02:09:57.249 21432 21432 I ViewRootImpl@73623ee[MainActivity]: MSG_WINDOW_FOCUS_CHANGED 1 0
04-06 02:09:57.249 21432 21432 I ViewRootImpl@73623ee[MainActivity]: mThreadedRenderer.initializeIfNeeded()#2 mSurface={isValid=true 0xb4000070b2b8f000}
04-06 02:09:57.249 21432 21541 D Detox.RNMarker: DOWNLOAD_START (null)
04-06 02:09:57.249 21432 21432 W unknown:BridgelessReact: ReactHost{0}.raiseSoftException(onWindowFocusChange(hasFocus = "true")): Tried to access onWindowFocusChange while context is not ready
04-06 02:09:57.250 21432 21432 E unknown:ReactHost: Unhandled SoftException
04-06 02:09:57.250 21432 21432 E unknown:ReactHost: com.facebook.react.bridge.ReactNoCrashSoftException: raiseSoftException(onWindowFocusChange(hasFocus = "true")): Tried to access onWindowFocusChange while context is not ready
04-06 02:09:57.250 21432 21432 E unknown:ReactHost: 	at com.facebook.react.runtime.ReactHostImpl.raiseSoftException(ReactHostImpl.kt:861)
04-06 02:09:57.250 21432 21432 E unknown:ReactHost: 	at com.facebook.react.runtime.ReactHostImpl.raiseSoftException$default(ReactHostImpl.kt:852)
04-06 02:09:57.250 21432 21432 E unknown:ReactHost: 	at com.facebook.react.runtime.ReactHostImpl.onWindowFocusChange(ReactHostImpl.kt:625)
04-06 02:09:57.250 21432 21432 E unknown:ReactHost: 	at com.facebook.react.ReactDelegate.onWindowFocusChanged(ReactDelegate.kt:232)
04-06 02:09:57.250 21432 21432 E unknown:ReactHost: 	at com.facebook.react.ReactActivityDelegate.onWindowFocusChanged(ReactActivityDelegate.java:237)
04-06 02:09:57.250 21432 21432 E unknown:ReactHost: 	at expo.modules.ReactActivityDelegateWrapper$onWindowFocusChanged$1.invokeSuspend(ReactActivityDelegateWrapper.kt:320)
04-06 02:09:57.250 21432 21432 E unknown:ReactHost: 	at expo.modules.ReactActivityDelegateWrapper$onWindowFocusChanged$1.invoke(Unknown Source:8)
04-06 02:09:57.250 21432 21432 E unknown:ReactHost: 	at expo.modules.ReactActivityDelegateWrapper$onWindowFocusChanged$1.invoke(Unknown Source:4)
04-06 02:09:57.250 21432 21432 E unknown:ReactHost: 	at expo.modules.ReactActivityDelegateWrapper$launchLifecycleScopeWithLock$1.invokeSuspend(ReactActivityDelegateWrapper.kt:452)
04-06 02:09:57.250 21432 21432 E unknown:ReactHost: 	at kotlin.coroutines.jvm.internal.BaseContinuationImpl.resumeWith(ContinuationImpl.kt:33)
04-06 02:09:57.250 21432 21432 E unknown:ReactHost: 	at kotlinx.coroutines.internal.DispatchedContinuationKt.resumeCancellableWith(DispatchedContinuation.kt:375)
04-06 02:09:57.250 21432 21432 E unknown:ReactHost: 	at kotlinx.coroutines.intrinsics.CancellableKt.startCoroutineCancellable(Cancellable.kt:26)
04-06 02:09:57.250 21432 21432 E unknown:ReactHost: 	at kotlinx.coroutines.CoroutineStart.invoke(CoroutineStart.kt:358)
04-06 02:09:57.250 21432 21432 E unknown:ReactHost: 	at kotlinx.coroutines.AbstractCoroutine.start(AbstractCoroutine.kt:134)
04-06 02:09:57.250 21432 21432 E unknown:ReactHost: 	at kotlinx.coroutines.BuildersKt__Builders_commonKt.launch(Builders.common.kt:53)
04-06 02:09:57.250 21432 21432 E unknown:ReactHost: 	at kotlinx.coroutines.BuildersKt.launch(Unknown Source:1)
04-06 02:09:57.250 21432 21432 E unknown:ReactHost: 	at kotlinx.coroutines.BuildersKt__Builders_commonKt.launch$default(Builders.common.kt:44)
04-06 02:09:57.250 21432 21432 E unknown:ReactHost: 	at kotlinx.coroutines.BuildersKt.launch$default(Unknown Source:1)
04-06 02:09:57.250 21432 21432 E unknown:ReactHost: 	at expo.modules.ReactActivityDelegateWrapper.launchLifecycleScopeWithLock(ReactActivityDelegateWrapper.kt:450)
04-06 02:09:57.250 21432 21432 E unknown:ReactHost: 	at expo.modules.ReactActivityDelegateWrapper.launchLifecycleScopeWithLock$default(ReactActivityDelegateWrapper.kt:446)
04-06 02:09:57.250 21432 21432 E unknown:ReactHost: 	at expo.modules.ReactActivityDelegateWrapper.onWindowFocusChanged(ReactActivityDelegateWrapper.kt:318)
04-06 02:09:57.250 21432 21432 E unknown:ReactHost: 	at com.facebook.react.ReactActivity.onWindowFocusChanged(ReactActivity.java:158)
04-06 02:09:57.250 21432 21432 E unknown:ReactHost: 	at androidx.appcompat.view.WindowCallbackWrapper.onWindowFocusChanged(WindowCallbackWrapper.java:124)
04-06 02:09:57.250 21432 21432 E unknown:ReactHost: 	at com.android.internal.policy.DecorView.onWindowFocusChanged(DecorView.java:2710)
04-06 02:09:57.250 21432 21432 E unknown:ReactHost: 	at android.view.View.dispatchWindowFocusChanged(View.java:15817)
04-06 02:09:57.250 21432 21432 E unknown:ReactHost: 	at android.view.ViewGroup.dispatchWindowFocusChanged(ViewGroup.java:1512)
04-06 02:09:57.250 21432 21432 E unknown:ReactHost: 	at android.view.ViewRootImpl.handleWindowFocusChanged(ViewRootImpl.java:4678)
04-06 02:09:57.250 21432 21432 E unknown:ReactHost: 	at android.view.ViewRootImpl.-$$Nest$mhandleWindowFocusChanged(Unknown Source:0)
04-06 02:09:57.250 21432 21432 E unknown:ReactHost: 	at android.view.ViewRootImpl$ViewRootHandler.handleMessageImpl(ViewRootImpl.java:6788)
04-06 02:09:57.250 21432 21432 E unknown:ReactHost: 	at android.view.ViewRootImpl$ViewRootHandler.handleMessage(ViewRootImpl.java:6697)
04-06 02:09:57.250 21432 21432 E unknown:ReactHost: 	at android.os.Handler.dispatchMessage(Handler.java:106)
04-06 02:09:57.250 21432 21432 E unknown:ReactHost: 	at android.os.Looper.loopOnce(Looper.java:226)
04-06 02:09:57.250 21432 21432 E unknown:ReactHost: 	at android.os.Looper.loop(Looper.java:313)
04-06 02:09:57.250 21432 21432 E unknown:ReactHost: 	at android.app.ActivityThread.main(ActivityThread.java:8762)
04-06 02:09:57.250 21432 21432 E unknown:ReactHost: 	at java.lang.reflect.Method.invoke(Native Method)
04-06 02:09:57.250 21432 21432 E unknown:ReactHost: 	at com.android.internal.os.RuntimeInit$MethodAndArgsCaller.run(RuntimeInit.java:604)
04-06 02:09:57.250 21432 21432 E unknown:ReactHost: 	at com.android.internal.os.ZygoteInit.main(ZygoteInit.java:1067)
04-06 02:09:57.251 21432 21432 D InputMethodManager: startInputInner - Id : 0
04-06 02:09:57.251 21432 21432 I InputMethodManager: startInputInner - mService.startInputOrWindowGainedFocus
04-06 02:09:57.256 21432 21432 D CompatibilityChangeReporter: Compat change id reported: 210923482; UID 10361; state: ENABLED
04-06 02:09:57.267 21432 21526 D NativeCustomFrequencyManager: [NativeCFMS] BpCustomFrequencyManager::BpCustomFrequencyManager()
04-06 02:09:57.271 21432 21432 D InsetsController: onStateChanged: InsetsState: {mDisplayFrame=Rect(0, 0 - 1080, 2400), mDisplayCutout=DisplayCutout{insets=Rect(0, 88 - 0, 0) waterfall=Insets{left=0, top=0, right=0, bottom=0} boundingRect={Bounds=[Rect(0, 0 - 0, 0), Rect(512, 0 - 568, 88), Rect(0, 0 - 0, 0), Rect(0, 0 - 0, 0)]} cutoutPathParserInfo={CutoutPathParserInfo{displayWidth=1080 displayHeight=2400 physicalDisplayWidth=1080 physicalDisplayHeight=2400 density={3.0} cutoutSpec={M 0,0 M 0,10.71963616907435 a 9.280363830925644,9.280363830925644 0 1,0 0,18.56072766185129 a 9.280363830925644,9.280363830925644 0 1,0 0,-18.56072766185129 Z @dp} rotation={0} scale={1.0} physicalPixelDisplaySizeRatio={1.0}}}}, mRoundedCorners=RoundedCorners{[RoundedCorner{position=TopLeft, radius=96, center=Point(96, 96)}, RoundedCorner{position=TopRight, radius=96, center=Point(984, 96)}, RoundedCorner{position=BottomRight, radius=96, center=Point(984, 2304)}, RoundedCorner{position=BottomLeft, radius=96, center=Point(96, 2304)}]}  mRoundedCornerFrame=Rect(0, 0 - 1080, 2400), mPrivacyIndicatorBounds=PrivacyIndicatorBounds {static bounds=Rect(948, 0 - 1080, 88) rotation=0}, mSources= { InsetsSource: {mType=ITYPE_STATUS_BAR, mFrame=[0,0][1080,88], mVisible=true, mInsetsRoundedCornerFrame=false}, InsetsSource: {mType=ITYPE_NAVIGATION_BAR, mFrame=[0,2256][1080,2400], mVisible=true, mInsetsRoundedCornerFrame=false}, InsetsSource: {mType=ITYPE_LEFT_GESTURES, mFrame=[0,0][0,2400], mVisible=true, mInsetsRoundedCornerFrame=false}, InsetsSource: {mType=ITYPE_RIGHT_GESTURES, mFrame=[1080,0][1080,2400], mVisible=true, mInsetsRoundedCornerFrame=false}, InsetsSource: {mType=ITYPE_TOP_MANDATORY_GESTURES, mFrame=[0,0][1080,124], mVisible=true, mInsetsRoundedCornerFrame=false}, InsetsSource: {mType=ITYPE_BOTTOM_MANDATORY_GESTURES, mFrame=[0,2256][1080,2400], mVisible=true, mInsetsRoundedCornerFrame=false}, InsetsSource: {mType=ITYPE_LEFT_DISPLAY_CUTOUT, mFrame=[0,0][-100000,2400], mVisible=true, mInsetsRoundedCornerFrame=false}, InsetsSource: {mType=ITYPE_TOP_DISPLAY_CUTOUT, mFrame=[0,0][1080,88], mVisible=true, mInsetsRoundedCornerFrame=false}, InsetsSource: {mType=ITYPE_RIGHT_DISPLAY_CUTOUT, mFrame=[100000,0][1080,2400], mVisible=true, mInsetsRoundedCornerFrame=false}, InsetsSource: {mType=ITYPE_BOTTOM_DISPLAY_CUTOUT, mFrame=[0,100000][1080,2400], mVisible=true, mInsetsRoundedCornerFrame=false}, InsetsSource: {mType=ITYPE_TOP_TAPPABLE_ELEMENT, mFrame=[0,0][1080,88], mVisible=true, mInsetsRoundedCornerFrame=false}, InsetsSource: {mType=ITYPE_BOTTOM_TAPPABLE_ELEMENT, mFrame=[0,2256][1080,2400], mVisible=true, mInsetsRoundedCornerFrame=false}, InsetsSource: {mType=ITYPE_IME, mFrame=[0,0][0,0], mVisibleFrame=[0,1374][1080,2400], mVisible=false, mInsetsRoundedCornerFrame=false} } host=PopupWindow:8125395 from=android.view.ViewRootImpl.setView:1732
04-06 02:09:57.272 21432 21432 I ViewRootImpl@f832caa[PopupWindow:8125395]: setView = android.widget.PopupWindow$PopupDecorView@93f6976 TM=false
04-06 02:09:57.273 21432 21432 D InputMethodManager: startInputInner - Id : 0
04-06 02:09:57.277 21432 21432 I ViewRootImpl@f832caa[PopupWindow:8125395]: performTraversals params={(0,88)(fillxwrap) gr=TOP START CENTER sim={state=unchanged adjust=pan} ty=APPLICATION_PANEL fmt=TRANSLUCENT surfaceInsets=Rect(0, 0 - 0, 0) (manual)
04-06 02:09:57.277 21432 21432 I ViewRootImpl@f832caa[PopupWindow:8125395]:   fl=41800008
04-06 02:09:57.277 21432 21432 I ViewRootImpl@f832caa[PopupWindow:8125395]:   pfl=42018000
04-06 02:09:57.277 21432 21432 I ViewRootImpl@f832caa[PopupWindow:8125395]:   bhv=DEFAULT
04-06 02:09:57.277 21432 21432 I ViewRootImpl@f832caa[PopupWindow:8125395]:   fitTypes=STATUS_BARS NAVIGATION_BARS CAPTION_BAR naviIconColor=0
04-06 02:09:57.277 21432 21432 I ViewRootImpl@f832caa[PopupWindow:8125395]:   sfl=20000}
04-06 02:09:57.278 21432 21432 I ViewRootImpl@f832caa[PopupWindow:8125395]: performTraversals mFirst=true windowShouldResize=true viewVisibilityChanged=false mForceNextWindowRelayout=false params={(0,88)(fillxwrap) gr=TOP START CENTER sim={state=unchanged adjust=pan} ty=APPLICATION_PANEL fmt=TRANSLUCENT surfaceInsets=Rect(0, 0 - 0, 0) (manual)
04-06 02:09:57.278 21432 21432 I ViewRootImpl@f832caa[PopupWindow:8125395]:   fl=41800008
04-06 02:09:57.278 21432 21432 I ViewRootImpl@f832caa[PopupWindow:8125395]:   pfl=42018000
04-06 02:09:57.278 21432 21432 I ViewRootImpl@f832caa[PopupWindow:8125395]:   bhv=DEFAULT
04-06 02:09:57.278 21432 21432 I ViewRootImpl@f832caa[PopupWindow:8125395]:   fitTypes=STATUS_BARS NAVIGATION_BARS CAPTION_BAR naviIconColor=0
04-06 02:09:57.278 21432 21432 I ViewRootImpl@f832caa[PopupWindow:8125395]:   sfl=20000}
04-06 02:09:57.285 21432 21470 I ViewRootImpl@f832caa[PopupWindow:8125395]: Resizing android.view.ViewRootImpl@9660b77: frame = [0,88][1080,167] reportDraw = true forceLayout = false syncSeqId = 0
04-06 02:09:57.287 21432 21432 I ViewRootImpl@f832caa[PopupWindow:8125395]: updateBlastSurfaceIfNeeded mBlastBufferQueue=null isSameSurfaceControl=false
04-06 02:09:57.287 21432 21432 I BLASTBufferQueue: new BLASTBufferQueue, mName= ViewRootImpl@f832caa[PopupWindow:8125395] mNativeObject= 0xb4000070a0c0f200 sc.mNativeObject= 0xb4000070a0c72260 caller= android.view.ViewRootImpl.updateBlastSurfaceIfNeeded:2909 android.view.ViewRootImpl.relayoutWindow:9847 android.view.ViewRootImpl.performTraversals:3884 android.view.ViewRootImpl.doTraversal:3116 android.view.ViewRootImpl$TraversalRunnable.run:10885 android.view.Choreographer$CallbackRecord.run:1301 android.view.Choreographer$CallbackRecord.run:1309 android.view.Choreographer.doCallbacks:923 android.view.Choreographer.doFrame:852 android.view.Choreographer$FrameDisplayEventReceiver.run:1283 
04-06 02:09:57.287 21432 21432 I BLASTBufferQueue: update, w= 1080 h= 79 mName = ViewRootImpl@f832caa[PopupWindow:8125395] mNativeObject= 0xb4000070a0c0f200 sc.mNativeObject= 0xb4000070a0c72260 format= -3 caller= android.graphics.BLASTBufferQueue.<init>:84 android.view.ViewRootImpl.updateBlastSurfaceIfNeeded:2909 android.view.ViewRootImpl.relayoutWindow:9847 android.view.ViewRootImpl.performTraversals:3884 android.view.ViewRootImpl.doTraversal:3116 android.view.ViewRootImpl$TraversalRunnable.run:10885 
04-06 02:09:57.287 21432 21432 I ViewRootImpl@f832caa[PopupWindow:8125395]: Relayout returned: old=(0,88,1080,2256) new=(0,88,1080,167) req=(1080,79)0 dur=8 res=0x3 s={true 0xb4000070b2b91800} ch=true seqId=0
04-06 02:09:57.288 21432 21432 I ViewRootImpl@f832caa[PopupWindow:8125395]: mThreadedRenderer.initialize() mSurface={isValid=true 0xb4000070b2b91800} hwInitialized=true
04-06 02:09:57.288 21432 21526 D OpenGLRenderer: eglCreateWindowSurface
04-06 02:09:57.289 21432 21432 I ViewRootImpl@f832caa[PopupWindow:8125395]: reportNextDraw android.view.ViewRootImpl.performTraversals:4438 android.view.ViewRootImpl.doTraversal:3116 android.view.ViewRootImpl$TraversalRunnable.run:10885 android.view.Choreographer$CallbackRecord.run:1301 android.view.Choreographer$CallbackRecord.run:1309 
04-06 02:09:57.289 21432 21432 I ViewRootImpl@f832caa[PopupWindow:8125395]: Setup new sync id=0
04-06 02:09:57.289 21432 21432 I ViewRootImpl@f832caa[PopupWindow:8125395]: Setting syncFrameCallback
04-06 02:09:57.289 21432 21432 I ViewRootImpl@f832caa[PopupWindow:8125395]: registerCallbacksForSync syncBuffer=false
04-06 02:09:57.290 21432 21547 I ViewRootImpl@f832caa[PopupWindow:8125395]: Received frameDrawingCallback syncResult=0 frameNum=1.
04-06 02:09:57.290 21432 21547 I ViewRootImpl@f832caa[PopupWindow:8125395]: Setting up sync and frameCommitCallback
04-06 02:09:57.299 21432 21526 I BLASTBufferQueue: [ViewRootImpl@f832caa[PopupWindow:8125395]#1](f:0,a:0) onFrameAvailable the first frame is available
04-06 02:09:57.299 21432 21526 I ViewRootImpl@f832caa[PopupWindow:8125395]: Received frameCommittedCallback lastAttemptedDrawFrameNum=1 didProduceBuffer=true
04-06 02:09:57.299 21432 21526 D OpenGLRenderer: CFMS:: SetUp Pid : 21432    Tid : 21526
04-06 02:09:57.301 21432 21526 W Parcel  : Expecting binder but got null!
04-06 02:09:57.301 21432 21432 I ViewRootImpl@f832caa[PopupWindow:8125395]: onSyncComplete
04-06 02:09:57.301 21432 21432 I ViewRootImpl@f832caa[PopupWindow:8125395]: setupSync seqId=0 mSyncId=0 fn=1 caller=android.view.ViewRootImpl$$ExternalSyntheticLambda11.accept:6 android.window.SurfaceSyncer.lambda$setupSync$1$android-window-SurfaceSyncer:128 android.window.SurfaceSyncer$$ExternalSyntheticLambda1.accept:8 android.window.SurfaceSyncer$SyncSet.checkIfSyncIsComplete:382 android.window.SurfaceSyncer$SyncSet.markSyncReady:359 android.window.SurfaceSyncer.markSyncReady:151 android.view.ViewRootImpl.performTraversals:4503 
04-06 02:09:57.301 21432 21432 W InputEventSender: Received 'finished' signal for unknown seq number = 1
04-06 02:09:57.301 21432 21432 W InputEventSender: Received 'finished' signal for unknown seq number = 2
04-06 02:09:57.301 21432 21432 W InputEventSender: Received 'finished' signal for unknown seq number = 3
04-06 02:09:57.301 21432 21432 W InputEventSender: Received 'finished' signal for unknown seq number = 4
04-06 02:09:57.302 21432 21432 W InputEventSender: Received 'finished' signal for unknown seq number = 5
04-06 02:09:57.302 21432 21432 I ViewRootImpl@f832caa[PopupWindow:8125395]: reportDrawFinished seqId=0 mSyncId=-1 fn=1 mSurfaceChangedTransaction=0xb4000070a08afe00
04-06 02:09:57.305 21432 21432 I ViewRootImpl@73623ee[MainActivity]: ViewPostIme key 0
04-06 02:09:57.306 21432 21432 I ViewRootImpl@73623ee[MainActivity]: ViewPostIme key 1
04-06 02:09:57.306 21432 21432 I ViewRootImpl@73623ee[MainActivity]: ViewPostIme key 0
04-06 02:09:57.306 21432 21432 I ViewRootImpl@f832caa[PopupWindow:8125395]: handleResized, msg = 5 frames=ClientWindowFrames{frame=[0,88][1080,167] display=[0,88][1080,2256] parentFrame=[0,0][0,0] parentClippedByDisplayCutout=false} forceNextWindowRelayout=false displayId=0 resizeMode=-1 frameChanged=false displayFrameChanged=false configChanged=false displayChanged=false
04-06 02:09:57.306 21432 21432 I ViewRootImpl@f832caa[PopupWindow:8125395]: handleResized mSyncSeqId = 0
04-06 02:09:57.306 21432 21432 I ViewRootImpl@f832caa[PopupWindow:8125395]: reportNextDraw android.view.ViewRootImpl.handleResized:2450 android.view.ViewRootImpl.-$$Nest$mhandleResized:0 android.view.ViewRootImpl$ViewRootHandler.handleMessageImpl:6728 android.view.ViewRootImpl$ViewRootHandler.handleMessage:6697 android.os.Handler.dispatchMessage:106 
04-06 02:09:57.307 21432 21432 I ViewRootImpl@73623ee[MainActivity]: ViewPostIme key 1
04-06 02:09:57.307 21432 21432 W InputEventSender: Received 'finished' signal for unknown seq number = 11
04-06 02:09:57.308 21432 21432 I ViewRootImpl@73623ee[MainActivity]: ViewPostIme key 2
04-06 02:09:57.309 21432 21432 I ViewRootImpl@73623ee[MainActivity]: ViewPostIme key 0
04-06 02:09:57.310 21432 21432 I ViewRootImpl@73623ee[MainActivity]: ViewPostIme key 1
04-06 02:09:57.311 21432 21432 I ViewRootImpl@73623ee[MainActivity]: ViewPostIme key 0
04-06 02:09:57.312 21432 21432 I ViewRootImpl@f832caa[PopupWindow:8125395]: Setup new sync id=1
04-06 02:09:57.312 21432 21432 I ViewRootImpl@f832caa[PopupWindow:8125395]: Setting syncFrameCallback
04-06 02:09:57.312 21432 21432 I ViewRootImpl@f832caa[PopupWindow:8125395]: registerCallbacksForSync syncBuffer=false
04-06 02:09:57.313 21432 21546 I ViewRootImpl@f832caa[PopupWindow:8125395]: Received frameDrawingCallback syncResult=0 frameNum=3.
04-06 02:09:57.313 21432 21546 I ViewRootImpl@f832caa[PopupWindow:8125395]: Setting up sync and frameCommitCallback
04-06 02:09:57.320 21432 21526 I ViewRootImpl@f832caa[PopupWindow:8125395]: Received frameCommittedCallback lastAttemptedDrawFrameNum=3 didProduceBuffer=true
04-06 02:09:57.320 21432 21432 I ViewRootImpl@f832caa[PopupWindow:8125395]: onSyncComplete
04-06 02:09:57.320 21432 21432 I ViewRootImpl@f832caa[PopupWindow:8125395]: setupSync seqId=0 mSyncId=1 fn=3 caller=android.view.ViewRootImpl$$ExternalSyntheticLambda11.accept:6 android.window.SurfaceSyncer.lambda$setupSync$1$android-window-SurfaceSyncer:128 android.window.SurfaceSyncer$$ExternalSyntheticLambda1.accept:8 android.window.SurfaceSyncer$SyncSet.checkIfSyncIsComplete:382 android.window.SurfaceSyncer$SyncSet.markSyncReady:359 android.window.SurfaceSyncer.markSyncReady:151 android.view.ViewRootImpl.performTraversals:4503 
04-06 02:09:57.321 21432 21432 I ViewRootImpl@73623ee[MainActivity]: ViewPostIme key 1
04-06 02:09:57.321 21432 21432 I ViewRootImpl@73623ee[MainActivity]: ViewPostIme key 0
04-06 02:09:57.321 21432 21432 I ViewRootImpl@73623ee[MainActivity]: ViewPostIme key 1
04-06 02:09:57.321 21432 21432 I ViewRootImpl@73623ee[MainActivity]: ViewPostIme key 0
04-06 02:09:57.321 21432 21432 I ViewRootImpl@73623ee[MainActivity]: ViewPostIme key 1
04-06 02:09:57.321 21432 21432 I ViewRootImpl@73623ee[MainActivity]: ViewPostIme key 1
04-06 02:09:57.321 21432 21432 I ViewRootImpl@f832caa[PopupWindow:8125395]: reportDrawFinished seqId=0 mSyncId=-1 fn=3 mSurfaceChangedTransaction=0xb4000070a08afe00
04-06 02:09:57.392 21432 21432 I ViewRootImpl@73623ee[MainActivity]: ViewPostIme key 0
04-06 02:09:57.393 21432 21432 I ViewRootImpl@73623ee[MainActivity]: ViewPostIme key 1
04-06 02:09:57.477 21432 21432 I ViewRootImpl@73623ee[MainActivity]: ViewPostIme pointer 0
04-06 02:09:57.480 21432 21432 E unknown:ReactNative: Got DOWN touch before receiving UP or CANCEL from last gesture
04-06 02:09:57.480 21432 21432 I ViewRootImpl@73623ee[MainActivity]: ViewPostIme pointer 1
04-06 02:09:57.561 21432 21432 I ViewRootImpl@73623ee[MainActivity]: setInTouchMode(false), android.view.ViewRootImpl.checkForLeavingTouchModeAndConsume:9376 android.view.ViewRootImpl.-$$Nest$mcheckForLeavingTouchModeAndConsume:0 android.view.ViewRootImpl$EarlyPostImeInputStage.processKeyEvent:7707 android.view.ViewRootImpl$EarlyPostImeInputStage.onProcess:7691 android.view.ViewRootImpl$InputStage.deliver:7213 android.view.ViewRootImpl$InputStage.onDeliverToNext:7270 android.view.ViewRootImpl$InputStage.forward:7236 android.view.ViewRootImpl$AsyncInputStage.forward:7467 android.view.ViewRootImpl$ImeInputStage.onFinishedInputEvent:7676 android.view.inputmethod.InputMethodManager$PendingEvent.run:3897 
04-06 02:09:57.562 21432 21432 I ViewRootImpl@73623ee[MainActivity]: ViewPostIme key 0
04-06 02:09:57.562 21432 21432 I ViewRootImpl@73623ee[MainActivity]: ViewPostIme key 1
04-06 02:09:57.624 21432 21526 D OpenGLRenderer: setSurface called with nullptr
04-06 02:09:57.624 21432 21526 D OpenGLRenderer: setSurface() destroyed EGLSurface
04-06 02:09:57.624 21432 21526 D OpenGLRenderer: destroyEglSurface
04-06 02:09:57.624 21432 21542 D Detox.RNMarker: DOWNLOAD_END ({"url":"http:\/\/localhost:8081\/.expo\/.virtual-metro-entry.bundle?platform=android&dev=true&lazy=true&minify=false&app=com.evolucao.app&modulesOnly=false&runModule=true&excludeSource=true&sourcePaths=url-server","filesChangedCount":0})
04-06 02:09:57.624 21432 21542 W unknown:BridgelessReact: ReactHost{0}.loadJSBundleFromMetro(): Creating BundleLoader
04-06 02:09:57.625 21432 21541 W unknown:BridgelessReact: ReactHost{0}.getOrCreateReactInstanceTask(): Creating BridgelessReactContext
04-06 02:09:57.625 21432 21432 I ViewRootImpl@f832caa[PopupWindow:8125395]: dispatchDetachedFromWindow
04-06 02:09:57.626 21432 21541 W unknown:BridgelessReact: ReactHost{0}.getOrCreateReactInstanceTask(): Creating ReactInstance
04-06 02:09:57.628 21432 21432 D InputTransport: Input channel destroyed: '10309ac', fd=122
04-06 02:09:57.635 21432 21542 D TrafficStats: tagSocket(129) with statsTag=0xffffffff, statsUid=-1
04-06 02:09:57.638 21432 21541 D jni_lib_merge: Entering merged library JNI_OnLoad.
04-06 02:09:57.638 21432 21541 D jni_lib_merge: Preparing 4 pre-merged libs (including stub)
04-06 02:09:57.638 21432 21541 D jni_lib_merge: Preparing to register libhermes_executor_so.  onload_func: 0x701db73fa4
04-06 02:09:57.638 21432 21541 D jni_lib_merge: Preparing to register libhermesinstancejni_so.  onload_func: 0x701dbad8b4
04-06 02:09:57.638 21432 21541 D jni_lib_merge: Preparing to register libjsijniprofiler_so.  onload_func: 0x701dbaf8f8
04-06 02:09:57.638 21432 21541 D jni_lib_merge: About to register 3 actual methods.
04-06 02:09:57.645 21432 21432 I ViewRootImpl@73623ee[MainActivity]: ViewPostIme key 0
04-06 02:09:57.646 21432 21432 I ViewRootImpl@73623ee[MainActivity]: ViewPostIme key 1
04-06 02:09:57.728 21432 21432 I ViewRootImpl@73623ee[MainActivity]: ViewPostIme key 0
04-06 02:09:57.729 21432 21432 I ViewRootImpl@73623ee[MainActivity]: ViewPostIme key 1
04-06 02:09:57.741 21432 21541 I ExpoModulesCore: ✅ AppContext was initialized
04-06 02:09:57.768 21432 21541 W unknown:BridgelessReact: ReactHost{0}.getOrCreateReactInstanceTask(): Loading JS Bundle
04-06 02:09:57.768 21432 21541 W unknown:BridgelessReact: ReactHost{0}.getOrCreateReactInstanceTask(): DevSupportManager.onNewReactContextCreated()
04-06 02:09:57.769 21432 21563 D Detox.RNMarker: RUN_JS_BUNDLE_START (/.virtual-metro-entry.bundle?platform=android&dev=true&lazy=true&minify=false&app=com.evolucao.app&modulesOnly=false&runModule=true&excludeSource=true&sourcePaths=url-server)
04-06 02:09:57.771 21432 21432 W unknown:ReactNative: Packager connection already open, nooping.
04-06 02:09:57.774 21432 21432 W unknown:BridgelessReact: ReactHost{0}.ReactContext.onHostResume()
04-06 02:09:57.776 21432 21541 W unknown:BridgelessReact: ReactHost{0}.startSurface(surfaceId = 0): Execute
04-06 02:09:57.778 21432 21432 W unknown:BridgelessReact: ReactHost{0}.getOrCreateReactInstanceTask(): Executing ReactInstanceEventListeners
04-06 02:09:57.778 21432 21432 I DetoxRNLoading: Got new RN-context through listener
04-06 02:09:57.779 21432 21499 I DetoxRNIdleRes: Setting up Espresso Idling Resources for React Native
04-06 02:09:57.786 21432 21432 D DetoxRNHelpers: Native RN module resolution (class com.reactnativecommunity.asyncstorage.AsyncStorageModule): no registered module found
04-06 02:09:57.787 21432 21499 D IdlingRegistry: Registering idling resources: [com.wix.detox.reactnative.idlingresources.uimodule.fabric.FabricUIManagerIdlingResources@556958a]
04-06 02:09:57.787 21432 21499 D IdlingRegistry: Registering idling resources: [com.wix.detox.reactnative.idlingresources.animations.AnimatedModuleIdlingResource@a29e7fb]
04-06 02:09:57.787 21432 21499 D IdlingRegistry: Registering idling resources: [com.wix.detox.reactnative.idlingresources.timers.FabricTimersIdlingResource@fa87018]
04-06 02:09:57.787 21432 21499 D IdlingRegistry: Registering idling resources: [com.wix.detox.reactnative.idlingresources.network.NetworkIdlingResource@76f3a71]
04-06 02:09:57.787 21432 21499 D IdlingRegistry: Registering idling resources: [com.wix.detox.reactnative.idlingresources.StabilizedIdlingResource@2908056]
04-06 02:09:57.797 21432 21564 W om.evolucao.app: Accessing hidden method Landroid/os/MessageQueue;->next()Landroid/os/Message; (unsupported, reflection, allowed)
04-06 02:09:57.797 21432 21564 W om.evolucao.app: Accessing hidden field Landroid/os/MessageQueue;->mMessages:Landroid/os/Message; (unsupported, reflection, allowed)
04-06 02:09:57.797 21432 21564 W om.evolucao.app: Accessing hidden method Landroid/os/Message;->recycleUnchecked()V (unsupported, reflection, allowed)
04-06 02:09:57.951 21432 21432 D DetoxRNHelpers: Native RN module resolution (class com.reactnativecommunity.asyncstorage.AsyncStorageModule): no registered module found
04-06 02:09:57.951 21432 21432 I ViewRootImpl@73623ee[MainActivity]: ViewPostIme pointer 0
04-06 02:09:57.953 21432 21432 E unknown:ReactNative: Got DOWN touch before receiving UP or CANCEL from last gesture
04-06 02:09:57.954 21432 21432 I ViewRootImpl@73623ee[MainActivity]: ViewPostIme pointer 1
04-06 02:09:57.956 21432 21432 I ViewRootImpl@73623ee[MainActivity]: setInTouchMode(false), android.view.ViewRootImpl.checkForLeavingTouchModeAndConsume:9376 android.view.ViewRootImpl.-$$Nest$mcheckForLeavingTouchModeAndConsume:0 android.view.ViewRootImpl$EarlyPostImeInputStage.processKeyEvent:7707 android.view.ViewRootImpl$EarlyPostImeInputStage.onProcess:7691 android.view.ViewRootImpl$InputStage.deliver:7213 android.view.ViewRootImpl$InputStage.onDeliverToNext:7270 android.view.ViewRootImpl$InputStage.forward:7236 android.view.ViewRootImpl$AsyncInputStage.forward:7467 android.view.ViewRootImpl$ImeInputStage.onFinishedInputEvent:7676 android.view.inputmethod.InputMethodManager$PendingEvent.run:3897 
04-06 02:09:57.956 21432 21432 I ViewRootImpl@73623ee[MainActivity]: ViewPostIme key 0
04-06 02:09:57.957 21432 21432 I ViewRootImpl@73623ee[MainActivity]: ViewPostIme key 1
04-06 02:09:58.023 21432 21564 I WebViewFactory: Loading com.google.android.webview version 146.0.7680.164 (code 768016403)
04-06 02:09:58.025 21432 21564 D ApplicationLoaders: Returning zygote-cached class loader: /system/framework/android.test.base.jar
04-06 02:09:58.029 21432 21564 D nativeloader: Configuring classloader-namespace for other apk /data/app/~~23ppwVuk64Fm9vdWCRWMMw==/com.google.android.webview-FPIphznatdLDx2VBYoD68A==/base.apk. target_sdk_version=36, uses_libraries=, library_path=/data/app/~~23ppwVuk64Fm9vdWCRWMMw==/com.google.android.webview-FPIphznatdLDx2VBYoD68A==/lib/arm64:/data/app/~~23ppwVuk64Fm9vdWCRWMMw==/com.google.android.webview-FPIphznatdLDx2VBYoD68A==/base.apk!/lib/arm64-v8a, permitted_path=/data:/mnt/expand
04-06 02:09:58.040 21432 21432 I ViewRootImpl@73623ee[MainActivity]: ViewPostIme key 0
04-06 02:09:58.042 21432 21432 I ViewRootImpl@73623ee[MainActivity]: ViewPostIme key 1
04-06 02:09:58.047 21432 21564 I cr_WVCFactoryProvider: version=146.0.7680.164 (768016403) minSdkVersion=29 multiprocess=true packageId=127 splits=<none>
04-06 02:09:58.056 21432 21587 I chromium: [0406/020958.056094:INFO:android_webview/browser/variations/variations_seed_loader.cc:67] Failed to open file for reading.: No such file or directory (2)
04-06 02:09:58.056 21432 21587 I chromium: [0406/020958.056743:INFO:android_webview/browser/variations/variations_seed_loader.cc:67] Failed to open file for reading.: No such file or directory (2)
04-06 02:09:58.064 21432 21564 I cr_LibraryLoader: Successfully loaded native library
04-06 02:09:58.065 21432 21564 I cr_CachingUmaRecorder: Flushed 16 samples from 16 histograms, 0 samples were dropped.
04-06 02:09:58.082 21432 21599 D TrafficStats: tagSocket(146) with statsTag=0xffffffff, statsUid=-1
04-06 02:09:58.084 21432 21563 W BridgelessReactContext: [WARNING] Bridgeless doesn't support CatalystInstance. Accessing an API that's not part of the new architecture is not encouraged usage.
04-06 02:09:58.084 21432 21599 D TrafficStats: tagSocket(143) with statsTag=0xffffffff, statsUid=-1
04-06 02:09:58.091 21432 21563 I ExpoModulesCore: ✅ JSI interop was installed
04-06 02:09:58.098 21432 21563 I ExpoModulesCore: ✅ Constants were exported
04-06 02:09:58.125 21432 21432 I ViewRootImpl@73623ee[MainActivity]: ViewPostIme key 0
04-06 02:09:58.126 21432 21432 I ViewRootImpl@73623ee[MainActivity]: ViewPostIme key 1
04-06 02:09:58.150 21432 21563 W unknown:ViewManagerPropertyUpdater: Could not find generated setter for class com.th3rdwave.safeareacontext.SafeAreaProviderManager
04-06 02:09:58.154 21432 21563 W unknown:ViewManagerPropertyUpdater: Could not find generated setter for class com.facebook.react.uimanager.LayoutShadowNode
04-06 02:09:58.156 21432 21563 W unknown:ViewManagerPropertyUpdater: Could not find generated setter for class com.swmansion.rnscreens.SearchBarManager
04-06 02:09:58.156 21432 21563 W unknown:ViewManagerPropertyUpdater: Could not find generated setter for class com.swmansion.rnscreens.ScreenFooterManager
04-06 02:09:58.157 21432 21563 W unknown:ViewManagerPropertyUpdater: Could not find generated setter for class com.swmansion.rnscreens.gamma.tabs.TabScreenViewManager
04-06 02:09:58.159 21432 21563 W unknown:ViewManagerPropertyUpdater: Could not find generated setter for class expo.modules.kotlin.views.GroupViewManagerWrapper
04-06 02:09:58.160 21432 21563 W unknown:ViewManagerPropertyUpdater: Could not find generated setter for class com.swmansion.rnscreens.ScreenContainerViewManager
04-06 02:09:58.160 21432 21563 W unknown:ViewManagerPropertyUpdater: Could not find generated setter for class com.swmansion.rnscreens.gamma.tabs.TabsHostViewManager
04-06 02:09:58.161 21432 21563 W unknown:ViewManagerPropertyUpdater: Could not find generated setter for class com.swmansion.rnscreens.ModalScreenViewManager
04-06 02:09:58.163 21432 21563 W unknown:ViewManagerPropertyUpdater: Could not find generated setter for class com.swmansion.rnscreens.ScreenStackHeaderConfigViewManager
04-06 02:09:58.163 21432 21563 W unknown:ViewManagerPropertyUpdater: Could not find generated setter for class com.swmansion.rnscreens.ScreenContentWrapperManager
04-06 02:09:58.164 21432 21563 W unknown:ViewManagerPropertyUpdater: Could not find generated setter for class com.th3rdwave.safeareacontext.SafeAreaViewManager
04-06 02:09:58.165 21432 21563 W unknown:ViewManagerPropertyUpdater: Could not find generated setter for class com.th3rdwave.safeareacontext.SafeAreaViewShadowNode
04-06 02:09:58.166 21432 21563 W unknown:ViewManagerPropertyUpdater: Could not find generated setter for class com.swmansion.rnscreens.safearea.SafeAreaViewManager
04-06 02:09:58.167 21432 21563 W unknown:ViewManagerPropertyUpdater: Could not find generated setter for class com.swmansion.rnscreens.safearea.paper.SafeAreaViewShadowNode
04-06 02:09:58.167 21432 21563 W unknown:ViewManagerPropertyUpdater: Could not find generated setter for class com.swmansion.rnscreens.ScreenViewManager
04-06 02:09:58.168 21432 21563 W unknown:ViewManagerPropertyUpdater: Could not find generated setter for class com.swmansion.rnscreens.gamma.stack.host.StackHostViewManager
04-06 02:09:58.168 21432 21563 W unknown:ViewManagerPropertyUpdater: Could not find generated setter for class com.swmansion.rnscreens.ScreenStackHeaderSubviewManager
04-06 02:09:58.169 21432 21563 W unknown:ViewManagerPropertyUpdater: Could not find generated setter for class com.swmansion.rnscreens.gamma.stack.screen.StackScreenViewManager
04-06 02:09:58.169 21432 21563 W unknown:ViewManagerPropertyUpdater: Could not find generated setter for class com.swmansion.rnscreens.ScreenStackViewManager
04-06 02:09:58.212 21432 21432 I ViewRootImpl@73623ee[MainActivity]: ViewPostIme key 0
04-06 02:09:58.215 21432 21432 I ViewRootImpl@73623ee[MainActivity]: ViewPostIme key 1
04-06 02:09:58.247 21432 21563 W unknown:ViewManagerPropertyUpdater: Could not find generated setter for class com.facebook.react.views.debuggingoverlay.DebuggingOverlayManager
04-06 02:09:58.252 21432 21563 W unknown:ViewManagerPropertyUpdater: Could not find generated setter for class com.swmansion.gesturehandler.react.RNGestureHandlerButtonViewManager
04-06 02:09:58.257 21432 21563 W unknown:ViewManagerPropertyUpdater: Could not find generated setter for class com.facebook.react.views.safeareaview.ReactSafeAreaViewManager
04-06 02:09:58.262 21432 21563 W unknown:ViewManagerPropertyUpdater: Could not find generated setter for class com.facebook.react.views.modal.ReactModalHostManager
04-06 02:09:58.267 21432 21563 W unknown:ViewManagerPropertyUpdater: Could not find generated setter for class com.facebook.react.views.text.frescosupport.FrescoBasedReactTextInlineImageViewManager
04-06 02:09:58.267 21432 21563 W unknown:ViewManagerPropertyUpdater: Could not find generated setter for class com.facebook.react.views.text.frescosupport.FrescoBasedReactTextInlineImageShadowNode
04-06 02:09:58.272 21432 21563 W unknown:ViewManagerPropertyUpdater: Could not find generated setter for class com.facebook.react.views.progressbar.ReactProgressBarViewManager
04-06 02:09:58.273 21432 21563 W unknown:ViewManagerPropertyUpdater: Could not find generated setter for class com.facebook.react.views.progressbar.ProgressBarShadowNode
04-06 02:09:58.278 21432 21563 W unknown:ViewManagerPropertyUpdater: Could not find generated setter for class com.facebook.react.views.scroll.ReactHorizontalScrollViewManager
04-06 02:09:58.284 21432 21563 W unknown:ViewManagerPropertyUpdater: Could not find generated setter for class com.facebook.react.views.image.ReactImageManager
04-06 02:09:58.291 21432 21563 W unknown:ViewManagerPropertyUpdater: Could not find generated setter for class com.facebook.react.views.text.ReactTextViewManager
04-06 02:09:58.292 21432 21563 W unknown:ViewManagerPropertyUpdater: Could not find generated setter for class com.facebook.react.views.text.ReactTextShadowNode
04-06 02:09:58.296 21432 21432 I ViewRootImpl@73623ee[MainActivity]: ViewPostIme key 0
04-06 02:09:58.298 21432 21432 I ViewRootImpl@73623ee[MainActivity]: ViewPostIme key 1
04-06 02:09:58.299 21432 21563 W unknown:ViewManagerPropertyUpdater: Could not find generated setter for class com.facebook.react.views.scroll.ReactHorizontalScrollContainerViewManager
04-06 02:09:58.304 21432 21563 W unknown:ViewManagerPropertyUpdater: Could not find generated setter for class com.facebook.react.views.unimplementedview.ReactUnimplementedViewManager
04-06 02:09:58.310 21432 21563 W unknown:ViewManagerPropertyUpdater: Could not find generated setter for class com.facebook.react.views.scroll.ReactScrollViewManager
04-06 02:09:58.316 21432 21563 W unknown:ViewManagerPropertyUpdater: Could not find generated setter for class com.facebook.react.views.view.ReactViewManager
04-06 02:09:58.322 21432 21563 W unknown:ViewManagerPropertyUpdater: Could not find generated setter for class com.facebook.react.views.drawer.ReactDrawerLayoutManager
04-06 02:09:58.328 21432 21563 W unknown:ViewManagerPropertyUpdater: Could not find generated setter for class com.facebook.react.views.switchview.ReactSwitchManager
04-06 02:09:58.329 21432 21563 W unknown:ViewManagerPropertyUpdater: Could not find generated setter for class com.facebook.react.views.switchview.ReactSwitchShadowNode
04-06 02:09:58.334 21432 21563 W unknown:ViewManagerPropertyUpdater: Could not find generated setter for class com.facebook.react.views.swiperefresh.SwipeRefreshLayoutManager
04-06 02:09:58.341 21432 21563 W unknown:ViewManagerPropertyUpdater: Could not find generated setter for class com.facebook.react.views.textinput.ReactTextInputManager
04-06 02:09:58.342 21432 21563 W unknown:ViewManagerPropertyUpdater: Could not find generated setter for class com.facebook.react.views.textinput.ReactTextInputShadowNode
04-06 02:09:58.348 21432 21563 W unknown:ViewManagerPropertyUpdater: Could not find generated setter for class com.swmansion.gesturehandler.react.RNGestureHandlerRootViewManager
04-06 02:09:58.380 21432 21432 I ViewRootImpl@73623ee[MainActivity]: ViewPostIme key 0
04-06 02:09:58.380 21432 21599 D TrafficStats: tagSocket(146) with statsTag=0xffffffff, statsUid=-1
04-06 02:09:58.382 21432 21432 I ViewRootImpl@73623ee[MainActivity]: ViewPostIme key 1
04-06 02:09:58.463 21432 21432 I ViewRootImpl@73623ee[MainActivity]: ViewPostIme key 0
04-06 02:09:58.465 21432 21432 I ViewRootImpl@73623ee[MainActivity]: ViewPostIme key 1
04-06 02:09:58.547 21432 21432 I ViewRootImpl@73623ee[MainActivity]: ViewPostIme key 0
04-06 02:09:58.550 21432 21432 I ViewRootImpl@73623ee[MainActivity]: ViewPostIme key 1
04-06 02:09:58.579 21432 21563 V AsyncStorageExpoMigration: No scoped database found
04-06 02:09:58.631 21432 21432 I ViewRootImpl@73623ee[MainActivity]: ViewPostIme key 0
04-06 02:09:58.633 21432 21432 I ViewRootImpl@73623ee[MainActivity]: ViewPostIme key 1
04-06 02:09:58.715 21432 21432 I ViewRootImpl@73623ee[MainActivity]: ViewPostIme key 0
04-06 02:09:58.716 21432 21432 I ViewRootImpl@73623ee[MainActivity]: ViewPostIme key 1
04-06 02:09:58.775 21432 21563 D Detox.RNMarker: RUN_JS_BUNDLE_END (/.virtual-metro-entry.bundle?platform=android&dev=true&lazy=true&minify=false&app=com.evolucao.app&modulesOnly=false&runModule=true&excludeSource=true&sourcePaths=url-server)
04-06 02:09:58.777 21432 21563 I ReactNativeJS: Running "main" with {"rootTag":1,"initialProps":{},"fabric":true}
04-06 02:09:58.799 21432 21432 I ViewRootImpl@73623ee[MainActivity]: ViewPostIme key 0
04-06 02:09:58.801 21432 21432 I ViewRootImpl@73623ee[MainActivity]: ViewPostIme key 1
04-06 02:09:58.862 21432 21640 D TrafficStats: tagSocket(133) with statsTag=0xffffffff, statsUid=-1
04-06 02:09:58.887 21432 21432 I ViewRootImpl@73623ee[MainActivity]: ViewPostIme key 0
04-06 02:09:58.888 21432 21432 I ViewRootImpl@73623ee[MainActivity]: ViewPostIme key 1
04-06 02:09:58.888 21432 21432 I ViewRootImpl@73623ee[MainActivity]: ViewPostIme key 0
04-06 02:09:58.889 21432 21432 I ViewRootImpl@73623ee[MainActivity]: ViewPostIme key 1
04-06 02:09:58.889 21432 21432 I ViewRootImpl@73623ee[MainActivity]: ViewPostIme key 0
04-06 02:09:58.889 21432 21432 I ViewRootImpl@73623ee[MainActivity]: ViewPostIme key 1
04-06 02:09:58.890 21432 21432 I ViewRootImpl@73623ee[MainActivity]: ViewPostIme key 0
04-06 02:09:58.890 21432 21432 I ViewRootImpl@73623ee[MainActivity]: ViewPostIme key 1
04-06 02:09:58.903 21432 21432 W InputEventSender: Received 'finished' signal for unknown seq number = 62
04-06 02:09:58.903 21432 21432 W InputEventSender: Received 'finished' signal for unknown seq number = 63
04-06 02:09:58.903 21432 21432 W InputEventSender: Received 'finished' signal for unknown seq number = 64
04-06 02:09:58.903 21432 21432 W InputEventSender: Received 'finished' signal for unknown seq number = 65
04-06 02:09:58.903 21432 21432 W InputEventSender: Received 'finished' signal for unknown seq number = 66
04-06 02:09:58.903 21432 21432 W InputEventSender: Received 'finished' signal for unknown seq number = 67
04-06 02:09:58.903 21432 21432 W InputEventSender: Received 'finished' signal for unknown seq number = 68
04-06 02:09:58.903 21432 21432 W InputEventSender: Received 'finished' signal for unknown seq number = 69
04-06 02:09:58.903 21432 21432 W InputEventSender: Received 'finished' signal for unknown seq number = 70
04-06 02:09:58.903 21432 21432 W InputEventSender: Received 'finished' signal for unknown seq number = 71
04-06 02:09:58.903 21432 21432 W InputEventSender: Received 'finished' signal for unknown seq number = 72
04-06 02:09:58.903 21432 21432 W InputEventSender: Received 'finished' signal for unknown seq number = 73
04-06 02:09:58.904 21432 21432 W InputEventSender: Received 'finished' signal for unknown seq number = 74
04-06 02:09:58.904 21432 21432 W InputEventSender: Received 'finished' signal for unknown seq number = 75
04-06 02:09:58.904 21432 21432 W InputEventSender: Received 'finished' signal for unknown seq number = 76
04-06 02:09:58.904 21432 21432 W InputEventSender: Received 'finished' signal for unknown seq number = 77
04-06 02:09:58.904 21432 21432 W InputEventSender: Received 'finished' signal for unknown seq number = 78
04-06 02:09:58.904 21432 21432 W InputEventSender: Received 'finished' signal for unknown seq number = 79
04-06 02:09:58.905 21432 21432 I ViewRootImpl@73623ee[MainActivity]: ViewPostIme key 2
04-06 02:09:58.906 21432 21432 I ViewRootImpl@73623ee[MainActivity]: ViewPostIme key 0
04-06 02:09:58.906 21432 21432 I ViewRootImpl@73623ee[MainActivity]: ViewPostIme key 1
04-06 02:09:58.907 21432 21432 I ViewRootImpl@73623ee[MainActivity]: ViewPostIme key 0
04-06 02:09:58.907 21432 21432 I ViewRootImpl@73623ee[MainActivity]: ViewPostIme key 1
04-06 02:09:58.907 21432 21432 I ViewRootImpl@73623ee[MainActivity]: ViewPostIme key 0
04-06 02:09:58.908 21432 21432 I ViewRootImpl@73623ee[MainActivity]: ViewPostIme key 1
04-06 02:09:58.908 21432 21432 I ViewRootImpl@73623ee[MainActivity]: ViewPostIme key 0
04-06 02:09:58.909 21432 21432 I ViewRootImpl@73623ee[MainActivity]: ViewPostIme key 1
04-06 02:09:59.003 21432 21432 I DecorView: notifyKeepScreenOnChanged: keepScreenOn=true
04-06 02:09:59.018 21432 21432 D Detox.RNMarker: CONTENT_APPEARED (main)
04-06 02:09:59.021 21432 21432 I ViewRootImpl@73623ee[MainActivity]: performTraversals params={(0,0)(fillxfill) sim={adjust=resize} layoutInDisplayCutoutMode=always ty=BASE_APPLICATION wanim=0x1030309
04-06 02:09:59.021 21432 21432 I ViewRootImpl@73623ee[MainActivity]:   fl=81810180
04-06 02:09:59.021 21432 21432 I ViewRootImpl@73623ee[MainActivity]:   pfl=16020040
04-06 02:09:59.021 21432 21432 I ViewRootImpl@73623ee[MainActivity]:   vsysui=100
04-06 02:09:59.021 21432 21432 I ViewRootImpl@73623ee[MainActivity]:   bhv=DEFAULT
04-06 02:09:59.021 21432 21432 I ViewRootImpl@73623ee[MainActivity]:   fitSides= naviIconColor=0}
04-06 02:09:59.021 21432 21432 I ViewRootImpl@73623ee[MainActivity]: performTraversals mFirst=false windowShouldResize=false viewVisibilityChanged=false mForceNextWindowRelayout=false params={(0,0)(fillxfill) sim={adjust=resize} layoutInDisplayCutoutMode=always ty=BASE_APPLICATION wanim=0x1030309
04-06 02:09:59.021 21432 21432 I ViewRootImpl@73623ee[MainActivity]:   fl=81810180
04-06 02:09:59.021 21432 21432 I ViewRootImpl@73623ee[MainActivity]:   pfl=16020040
04-06 02:09:59.021 21432 21432 I ViewRootImpl@73623ee[MainActivity]:   vsysui=100
04-06 02:09:59.021 21432 21432 I ViewRootImpl@73623ee[MainActivity]:   bhv=DEFAULT
04-06 02:09:59.021 21432 21432 I ViewRootImpl@73623ee[MainActivity]:   fitSides= naviIconColor=0}
04-06 02:09:59.025 21432 21563 D Detox.RNMarker: REACT_BRIDGELESS_LOADING_END (null)
04-06 02:09:59.026 21432 21432 I ViewRootImpl@73623ee[MainActivity]: updateBlastSurfaceIfNeeded mBlastBufferQueue=0xb4000070c2c34c00 isSameSurfaceControl=true
04-06 02:09:59.026 21432 21432 I BLASTBufferQueue: update, w= 1080 h= 2400 mName = ViewRootImpl@73623ee[MainActivity] mNativeObject= 0xb4000070c2c34c00 sc.mNativeObject= 0xb4000070a0c76860 format= -1 caller= android.view.ViewRootImpl.updateBlastSurfaceIfNeeded:2898 android.view.ViewRootImpl.relayoutWindow:9847 android.view.ViewRootImpl.performTraversals:3884 android.view.ViewRootImpl.doTraversal:3116 android.view.ViewRootImpl$TraversalRunnable.run:10885 android.view.Choreographer$CallbackRecord.run:1301 
04-06 02:09:59.026 21432 21432 I ViewRootImpl@73623ee[MainActivity]: Relayout returned: old=(0,0,1080,2400) new=(0,0,1080,2400) req=(1080,2400)0 dur=4 res=0x0 s={true 0xb4000070b2b8f000} ch=false seqId=0
04-06 02:09:59.030 21432 21432 W unknown:BridgelessReact: ReactHost{0}.onHostPause(activity)
04-06 02:09:59.031 21432 21432 D SensorManager: unregisterListener
04-06 02:09:59.032 21432 21432 W unknown:BridgelessReact: ReactHost{0}.ReactContext.onHostPause()
04-06 02:09:59.032 21432 21432 D LifecycleMonitor: Lifecycle status change: com.evolucao.app.MainActivity@36d1a3a in: PAUSED
04-06 02:09:59.033 21432 21432 I ViewRootImpl@73623ee[MainActivity]: stopped(false) old = false
04-06 02:09:59.033 21432 21432 W unknown:BridgelessReact: ReactHost{0}.onHostResume(activity)
04-06 02:09:59.035 21432 21563 I ReactNativeJS: '[ANALYTICS]', 'app_opened', { event: 'app_opened',
04-06 02:09:59.035 21432 21563 I ReactNativeJS:   eventId: '1775452199030_92df4e6380bd88',
04-06 02:09:59.035 21432 21563 I ReactNativeJS:   appVersion: '1.0.0',
04-06 02:09:59.035 21432 21563 I ReactNativeJS:   category: 'engagement',
