04-06 12:15:22.486  8232  8270 I DetoxActionHandlers: 	at com.wix.detox.adapters.server.InvokeActionHandler.handle(DetoxActionHandlers.kt:54)
04-06 12:15:22.486  8232  8270 I DetoxActionHandlers: 	at com.wix.detox.adapters.server.ActionsExecutor.executeAction$lambda$2$lambda$1(DetoxActionsDispatcher.kt:76)
04-06 12:15:22.486  8232  8270 I DetoxActionHandlers: 	at com.wix.detox.adapters.server.ActionsExecutor.$r8$lambda$GVbB7LHtBHxNHGbgYnHJ6YrwCqs(Unknown Source:0)
04-06 12:15:22.486  8232  8270 I DetoxActionHandlers: 	at com.wix.detox.adapters.server.ActionsExecutor$$ExternalSyntheticLambda0.run(D8$$SyntheticClass:0)
04-06 12:15:22.486  8232  8270 I DetoxActionHandlers: 	at android.os.Handler.handleCallback(Handler.java:942)
04-06 12:15:22.486  8232  8270 I DetoxActionHandlers: 	at android.os.Handler.dispatchMessage(Handler.java:99)
04-06 12:15:22.486  8232  8270 I DetoxActionHandlers: 	at android.os.Looper.loopOnce(Looper.java:226)
04-06 12:15:22.486  8232  8270 I DetoxActionHandlers: 	at android.os.Looper.loop(Looper.java:313)
04-06 12:15:22.486  8232  8270 I DetoxActionHandlers: 	at com.wix.detox.adapters.server.ActionsExecutor._init_$lambda$0(DetoxActionsDispatcher.kt:62)
04-06 12:15:22.486  8232  8270 I DetoxActionHandlers: 	at com.wix.detox.adapters.server.ActionsExecutor.$r8$lambda$xlgL0CQim6vNM0wWEqM8JIDgZUE(Unknown Source:0)
04-06 12:15:22.486  8232  8270 I DetoxActionHandlers: 	at com.wix.detox.adapters.server.ActionsExecutor$$ExternalSyntheticLambda1.run(D8$$SyntheticClass:0)
04-06 12:15:22.486  8232  8270 I DetoxActionHandlers: 	at java.lang.Thread.run(Thread.java:1012)
04-06 12:15:22.486  8232  8270 I DetoxActionHandlers: Caused by: com.wix.detox.common.DetoxErrors$DetoxRuntimeException: 5.0sec timeout expired without matching of given matcher: (view has effective visibility <VISIBLE> and view.getGlobalVisibleRect() covers at least <75> percent of the view's area)
04-06 12:15:22.486  8232  8270 I DetoxActionHandlers: 	at com.wix.detox.espresso.DetoxAssertion.waitForAssertMatcher(DetoxAssertion.java:72)
04-06 12:15:22.486  8232  8270 I DetoxActionHandlers: 	... 20 more
04-06 12:15:22.486  8232  8270 I DetoxWSClient: Sending out action 'testFailed' (ID #7)
04-06 12:15:22.487  8232  8270 I DetoxDispatcher: Done with action 'invoke'
04-06 12:15:22.491  8232  8274 D DetoxWSClient: Received action 'invoke' (ID #8, params={"target":{"type":"Class","value":"com.wix.detox.espresso.DetoxAssertion"},"method":"waitForAssertMatcher","args":[{"type":"Invocation","value":{"target":{"type":"Class","value":"androidx.test.espresso.Espresso"},"method":"onView","args":[{"type":"Invocation","value":{"target":{"type":"Class","value":"com.wix.detox.espresso.DetoxMatcher"},"method":"matcherForTestId","args":["tab-treino",{"type":"boolean","value":false}]}}]}},{"type":"Invocation","value":{"target":{"type":"Class","value":"com.wix.detox.espresso.DetoxMatcher"},"method":"matcherForSufficientlyVisible","args":[{"type":"Integer","value":75}]}},{"type":"Double","value":5}]})
04-06 12:15:22.492  8232  8270 I DetoxDispatcher: Handling action 'invoke' (ID #8)...
04-06 12:15:22.492  8232  8270 D Detox   : class com.wix.detox.espresso.DetoxMatcher, matcherForTestId, [tab-treino, false]
04-06 12:15:22.492  8232  8270 D Detox   : class androidx.test.espresso.Espresso, onView, [(view.getTag() is "tab-treino" and view has effective visibility <VISIBLE>)]
04-06 12:15:22.493  8232  8270 D Detox   : class com.wix.detox.espresso.DetoxMatcher, matcherForSufficientlyVisible, [75]
04-06 12:15:22.493  8232  8270 D Detox   : class com.wix.detox.espresso.DetoxAssertion, waitForAssertMatcher, [androidx.test.espresso.ViewInteraction@82ede9, (view has effective visibility <VISIBLE> and view.getGlobalVisibleRect() covers at least <75> percent of the view's area), 5.0]
04-06 12:15:22.503  8232  8232 I ViewInteraction: Checking 'MatchesViewAssertion(Detox){viewMatcher=(view has effective visibility <VISIBLE> and view.getGlobalVisibleRect() covers at least <75> percent of the view's area)}' assertion on view (view.getTag() is "tab-treino" and view has effective visibility <VISIBLE>)
04-06 12:15:22.547  8232  8232 I ViewInteraction: Checking 'MatchesViewAssertion(Detox){viewMatcher=(view has effective visibility <VISIBLE> and view.getGlobalVisibleRect() covers at least <75> percent of the view's area)}' assertion on view (view.getTag() is "tab-treino" and view has effective visibility <VISIBLE>)
04-06 12:15:22.592  8232  8232 I ViewInteraction: Checking 'MatchesViewAssertion(Detox){viewMatcher=(view has effective visibility <VISIBLE> and view.getGlobalVisibleRect() covers at least <75> percent of the view's area)}' assertion on view (view.getTag() is "tab-treino" and view has effective visibility <VISIBLE>)
04-06 12:15:22.629  8232  8232 I ViewInteraction: Checking 'MatchesViewAssertion(Detox){viewMatcher=(view has effective visibility <VISIBLE> and view.getGlobalVisibleRect() covers at least <75> percent of the view's area)}' assertion on view (view.getTag() is "tab-treino" and view has effective visibility <VISIBLE>)
04-06 12:15:22.674  8232  8232 I ViewInteraction: Checking 'MatchesViewAssertion(Detox){viewMatcher=(view has effective visibility <VISIBLE> and view.getGlobalVisibleRect() covers at least <75> percent of the view's area)}' assertion on view (view.getTag() is "tab-treino" and view has effective visibility <VISIBLE>)
04-06 12:15:22.718  8232  8232 I ViewInteraction: Checking 'MatchesViewAssertion(Detox){viewMatcher=(view has effective visibility <VISIBLE> and view.getGlobalVisibleRect() covers at least <75> percent of the view's area)}' assertion on view (view.getTag() is "tab-treino" and view has effective visibility <VISIBLE>)
04-06 12:15:22.762  8232  8232 I ViewInteraction: Checking 'MatchesViewAssertion(Detox){viewMatcher=(view has effective visibility <VISIBLE> and view.getGlobalVisibleRect() covers at least <75> percent of the view's area)}' assertion on view (view.getTag() is "tab-treino" and view has effective visibility <VISIBLE>)
04-06 12:15:22.806  8232  8232 I ViewInteraction: Checking 'MatchesViewAssertion(Detox){viewMatcher=(view has effective visibility <VISIBLE> and view.getGlobalVisibleRect() covers at least <75> percent of the view's area)}' assertion on view (view.getTag() is "tab-treino" and view has effective visibility <VISIBLE>)
04-06 12:15:22.849  8232  8232 I ViewInteraction: Checking 'MatchesViewAssertion(Detox){viewMatcher=(view has effective visibility <VISIBLE> and view.getGlobalVisibleRect() covers at least <75> percent of the view's area)}' assertion on view (view.getTag() is "tab-treino" and view has effective visibility <VISIBLE>)
04-06 12:15:22.892  8232  8232 I ViewInteraction: Checking 'MatchesViewAssertion(Detox){viewMatcher=(view has effective visibility <VISIBLE> and view.getGlobalVisibleRect() covers at least <75> percent of the view's area)}' assertion on view (view.getTag() is "tab-treino" and view has effective visibility <VISIBLE>)
04-06 12:15:22.932  8232  8232 I ViewInteraction: Checking 'MatchesViewAssertion(Detox){viewMatcher=(view has effective visibility <VISIBLE> and view.getGlobalVisibleRect() covers at least <75> percent of the view's area)}' assertion on view (view.getTag() is "tab-treino" and view has effective visibility <VISIBLE>)
04-06 12:15:22.976  8232  8232 I ViewInteraction: Checking 'MatchesViewAssertion(Detox){viewMatcher=(view has effective visibility <VISIBLE> and view.getGlobalVisibleRect() covers at least <75> percent of the view's area)}' assertion on view (view.getTag() is "tab-treino" and view has effective visibility <VISIBLE>)
04-06 12:15:23.020  8232  8232 I ViewInteraction: Checking 'MatchesViewAssertion(Detox){viewMatcher=(view has effective visibility <VISIBLE> and view.getGlobalVisibleRect() covers at least <75> percent of the view's area)}' assertion on view (view.getTag() is "tab-treino" and view has effective visibility <VISIBLE>)
04-06 12:15:23.063  8232  8232 I ViewInteraction: Checking 'MatchesViewAssertion(Detox){viewMatcher=(view has effective visibility <VISIBLE> and view.getGlobalVisibleRect() covers at least <75> percent of the view's area)}' assertion on view (view.getTag() is "tab-treino" and view has effective visibility <VISIBLE>)
04-06 12:15:23.099  8232  8232 I ViewInteraction: Checking 'MatchesViewAssertion(Detox){viewMatcher=(view has effective visibility <VISIBLE> and view.getGlobalVisibleRect() covers at least <75> percent of the view's area)}' assertion on view (view.getTag() is "tab-treino" and view has effective visibility <VISIBLE>)
04-06 12:15:23.140  8232  8232 I ViewInteraction: Checking 'MatchesViewAssertion(Detox){viewMatcher=(view has effective visibility <VISIBLE> and view.getGlobalVisibleRect() covers at least <75> percent of the view's area)}' assertion on view (view.getTag() is "tab-treino" and view has effective visibility <VISIBLE>)
04-06 12:15:23.188  8232  8232 I ViewInteraction: Checking 'MatchesViewAssertion(Detox){viewMatcher=(view has effective visibility <VISIBLE> and view.getGlobalVisibleRect() covers at least <75> percent of the view's area)}' assertion on view (view.getTag() is "tab-treino" and view has effective visibility <VISIBLE>)
04-06 12:15:23.235  8232  8232 I ViewInteraction: Checking 'MatchesViewAssertion(Detox){viewMatcher=(view has effective visibility <VISIBLE> and view.getGlobalVisibleRect() covers at least <75> percent of the view's area)}' assertion on view (view.getTag() is "tab-treino" and view has effective visibility <VISIBLE>)
04-06 12:15:23.275  8232  8232 I ViewInteraction: Checking 'MatchesViewAssertion(Detox){viewMatcher=(view has effective visibility <VISIBLE> and view.getGlobalVisibleRect() covers at least <75> percent of the view's area)}' assertion on view (view.getTag() is "tab-treino" and view has effective visibility <VISIBLE>)
04-06 12:15:23.320  8232  8232 I ViewInteraction: Checking 'MatchesViewAssertion(Detox){viewMatcher=(view has effective visibility <VISIBLE> and view.getGlobalVisibleRect() covers at least <75> percent of the view's area)}' assertion on view (view.getTag() is "tab-treino" and view has effective visibility <VISIBLE>)
04-06 12:15:23.364  8232  8232 I ViewInteraction: Checking 'MatchesViewAssertion(Detox){viewMatcher=(view has effective visibility <VISIBLE> and view.getGlobalVisibleRect() covers at least <75> percent of the view's area)}' assertion on view (view.getTag() is "tab-treino" and view has effective visibility <VISIBLE>)
04-06 12:15:23.405  8232  8232 I ViewInteraction: Checking 'MatchesViewAssertion(Detox){viewMatcher=(view has effective visibility <VISIBLE> and view.getGlobalVisibleRect() covers at least <75> percent of the view's area)}' assertion on view (view.getTag() is "tab-treino" and view has effective visibility <VISIBLE>)
04-06 12:15:23.449  8232  8232 I ViewInteraction: Checking 'MatchesViewAssertion(Detox){viewMatcher=(view has effective visibility <VISIBLE> and view.getGlobalVisibleRect() covers at least <75> percent of the view's area)}' assertion on view (view.getTag() is "tab-treino" and view has effective visibility <VISIBLE>)
04-06 12:15:23.494  8232  8232 I ViewInteraction: Checking 'MatchesViewAssertion(Detox){viewMatcher=(view has effective visibility <VISIBLE> and view.getGlobalVisibleRect() covers at least <75> percent of the view's area)}' assertion on view (view.getTag() is "tab-treino" and view has effective visibility <VISIBLE>)
04-06 12:15:23.529  8232  8232 I ViewInteraction: Checking 'MatchesViewAssertion(Detox){viewMatcher=(view has effective visibility <VISIBLE> and view.getGlobalVisibleRect() covers at least <75> percent of the view's area)}' assertion on view (view.getTag() is "tab-treino" and view has effective visibility <VISIBLE>)
04-06 12:15:23.562  8232  8232 I ViewInteraction: Checking 'MatchesViewAssertion(Detox){viewMatcher=(view has effective visibility <VISIBLE> and view.getGlobalVisibleRect() covers at least <75> percent of the view's area)}' assertion on view (view.getTag() is "tab-treino" and view has effective visibility <VISIBLE>)
04-06 12:15:23.608  8232  8232 I ViewInteraction: Checking 'MatchesViewAssertion(Detox){viewMatcher=(view has effective visibility <VISIBLE> and view.getGlobalVisibleRect() covers at least <75> percent of the view's area)}' assertion on view (view.getTag() is "tab-treino" and view has effective visibility <VISIBLE>)
04-06 12:15:23.649  8232  8232 I ViewInteraction: Checking 'MatchesViewAssertion(Detox){viewMatcher=(view has effective visibility <VISIBLE> and view.getGlobalVisibleRect() covers at least <75> percent of the view's area)}' assertion on view (view.getTag() is "tab-treino" and view has effective visibility <VISIBLE>)
04-06 12:15:23.690  8232  8232 I ViewInteraction: Checking 'MatchesViewAssertion(Detox){viewMatcher=(view has effective visibility <VISIBLE> and view.getGlobalVisibleRect() covers at least <75> percent of the view's area)}' assertion on view (view.getTag() is "tab-treino" and view has effective visibility <VISIBLE>)
04-06 12:15:23.735  8232  8232 I ViewInteraction: Checking 'MatchesViewAssertion(Detox){viewMatcher=(view has effective visibility <VISIBLE> and view.getGlobalVisibleRect() covers at least <75> percent of the view's area)}' assertion on view (view.getTag() is "tab-treino" and view has effective visibility <VISIBLE>)
04-06 12:15:23.781  8232  8232 I ViewInteraction: Checking 'MatchesViewAssertion(Detox){viewMatcher=(view has effective visibility <VISIBLE> and view.getGlobalVisibleRect() covers at least <75> percent of the view's area)}' assertion on view (view.getTag() is "tab-treino" and view has effective visibility <VISIBLE>)
04-06 12:15:23.824  8232  8232 I ViewInteraction: Checking 'MatchesViewAssertion(Detox){viewMatcher=(view has effective visibility <VISIBLE> and view.getGlobalVisibleRect() covers at least <75> percent of the view's area)}' assertion on view (view.getTag() is "tab-treino" and view has effective visibility <VISIBLE>)
04-06 12:15:23.864  8232  8232 I ViewInteraction: Checking 'MatchesViewAssertion(Detox){viewMatcher=(view has effective visibility <VISIBLE> and view.getGlobalVisibleRect() covers at least <75> percent of the view's area)}' assertion on view (view.getTag() is "tab-treino" and view has effective visibility <VISIBLE>)
04-06 12:15:23.908  8232  8232 I ViewInteraction: Checking 'MatchesViewAssertion(Detox){viewMatcher=(view has effective visibility <VISIBLE> and view.getGlobalVisibleRect() covers at least <75> percent of the view's area)}' assertion on view (view.getTag() is "tab-treino" and view has effective visibility <VISIBLE>)
04-06 12:15:23.952  8232  8232 I ViewInteraction: Checking 'MatchesViewAssertion(Detox){viewMatcher=(view has effective visibility <VISIBLE> and view.getGlobalVisibleRect() covers at least <75> percent of the view's area)}' assertion on view (view.getTag() is "tab-treino" and view has effective visibility <VISIBLE>)
04-06 12:15:23.998  8232  8232 I ViewInteraction: Checking 'MatchesViewAssertion(Detox){viewMatcher=(view has effective visibility <VISIBLE> and view.getGlobalVisibleRect() covers at least <75> percent of the view's area)}' assertion on view (view.getTag() is "tab-treino" and view has effective visibility <VISIBLE>)
04-06 12:15:24.046  8232  8232 I ViewInteraction: Checking 'MatchesViewAssertion(Detox){viewMatcher=(view has effective visibility <VISIBLE> and view.getGlobalVisibleRect() covers at least <75> percent of the view's area)}' assertion on view (view.getTag() is "tab-treino" and view has effective visibility <VISIBLE>)
04-06 12:15:24.088  8232  8232 I ViewInteraction: Checking 'MatchesViewAssertion(Detox){viewMatcher=(view has effective visibility <VISIBLE> and view.getGlobalVisibleRect() covers at least <75> percent of the view's area)}' assertion on view (view.getTag() is "tab-treino" and view has effective visibility <VISIBLE>)
04-06 12:15:24.133  8232  8232 I ViewInteraction: Checking 'MatchesViewAssertion(Detox){viewMatcher=(view has effective visibility <VISIBLE> and view.getGlobalVisibleRect() covers at least <75> percent of the view's area)}' assertion on view (view.getTag() is "tab-treino" and view has effective visibility <VISIBLE>)
04-06 12:15:24.180  8232  8232 I ViewInteraction: Checking 'MatchesViewAssertion(Detox){viewMatcher=(view has effective visibility <VISIBLE> and view.getGlobalVisibleRect() covers at least <75> percent of the view's area)}' assertion on view (view.getTag() is "tab-treino" and view has effective visibility <VISIBLE>)
04-06 12:15:24.223  8232  8232 I ViewInteraction: Checking 'MatchesViewAssertion(Detox){viewMatcher=(view has effective visibility <VISIBLE> and view.getGlobalVisibleRect() covers at least <75> percent of the view's area)}' assertion on view (view.getTag() is "tab-treino" and view has effective visibility <VISIBLE>)
04-06 12:15:24.266  8232  8232 I ViewInteraction: Checking 'MatchesViewAssertion(Detox){viewMatcher=(view has effective visibility <VISIBLE> and view.getGlobalVisibleRect() covers at least <75> percent of the view's area)}' assertion on view (view.getTag() is "tab-treino" and view has effective visibility <VISIBLE>)
04-06 12:15:24.308  8232  8232 I ViewInteraction: Checking 'MatchesViewAssertion(Detox){viewMatcher=(view has effective visibility <VISIBLE> and view.getGlobalVisibleRect() covers at least <75> percent of the view's area)}' assertion on view (view.getTag() is "tab-treino" and view has effective visibility <VISIBLE>)
04-06 12:15:24.351  8232  8232 I ViewInteraction: Checking 'MatchesViewAssertion(Detox){viewMatcher=(view has effective visibility <VISIBLE> and view.getGlobalVisibleRect() covers at least <75> percent of the view's area)}' assertion on view (view.getTag() is "tab-treino" and view has effective visibility <VISIBLE>)
04-06 12:15:24.394  8232  8232 I ViewInteraction: Checking 'MatchesViewAssertion(Detox){viewMatcher=(view has effective visibility <VISIBLE> and view.getGlobalVisibleRect() covers at least <75> percent of the view's area)}' assertion on view (view.getTag() is "tab-treino" and view has effective visibility <VISIBLE>)
04-06 12:15:24.437  8232  8232 I ViewInteraction: Checking 'MatchesViewAssertion(Detox){viewMatcher=(view has effective visibility <VISIBLE> and view.getGlobalVisibleRect() covers at least <75> percent of the view's area)}' assertion on view (view.getTag() is "tab-treino" and view has effective visibility <VISIBLE>)
04-06 12:15:24.472  8232  8232 I ViewInteraction: Checking 'MatchesViewAssertion(Detox){viewMatcher=(view has effective visibility <VISIBLE> and view.getGlobalVisibleRect() covers at least <75> percent of the view's area)}' assertion on view (view.getTag() is "tab-treino" and view has effective visibility <VISIBLE>)
04-06 12:15:24.515  8232  8232 I ViewInteraction: Checking 'MatchesViewAssertion(Detox){viewMatcher=(view has effective visibility <VISIBLE> and view.getGlobalVisibleRect() covers at least <75> percent of the view's area)}' assertion on view (view.getTag() is "tab-treino" and view has effective visibility <VISIBLE>)
04-06 12:15:24.561  8232  8232 I ViewInteraction: Checking 'MatchesViewAssertion(Detox){viewMatcher=(view has effective visibility <VISIBLE> and view.getGlobalVisibleRect() covers at least <75> percent of the view's area)}' assertion on view (view.getTag() is "tab-treino" and view has effective visibility <VISIBLE>)
04-06 12:15:24.604  8232  8232 I ViewInteraction: Checking 'MatchesViewAssertion(Detox){viewMatcher=(view has effective visibility <VISIBLE> and view.getGlobalVisibleRect() covers at least <75> percent of the view's area)}' assertion on view (view.getTag() is "tab-treino" and view has effective visibility <VISIBLE>)
04-06 12:15:24.646  8232  8232 I ViewInteraction: Checking 'MatchesViewAssertion(Detox){viewMatcher=(view has effective visibility <VISIBLE> and view.getGlobalVisibleRect() covers at least <75> percent of the view's area)}' assertion on view (view.getTag() is "tab-treino" and view has effective visibility <VISIBLE>)
04-06 12:15:24.690  8232  8232 I ViewInteraction: Checking 'MatchesViewAssertion(Detox){viewMatcher=(view has effective visibility <VISIBLE> and view.getGlobalVisibleRect() covers at least <75> percent of the view's area)}' assertion on view (view.getTag() is "tab-treino" and view has effective visibility <VISIBLE>)
04-06 12:15:24.733  8232  8232 I ViewInteraction: Checking 'MatchesViewAssertion(Detox){viewMatcher=(view has effective visibility <VISIBLE> and view.getGlobalVisibleRect() covers at least <75> percent of the view's area)}' assertion on view (view.getTag() is "tab-treino" and view has effective visibility <VISIBLE>)
04-06 12:15:24.776  8232  8232 I ViewInteraction: Checking 'MatchesViewAssertion(Detox){viewMatcher=(view has effective visibility <VISIBLE> and view.getGlobalVisibleRect() covers at least <75> percent of the view's area)}' assertion on view (view.getTag() is "tab-treino" and view has effective visibility <VISIBLE>)
04-06 12:15:24.820  8232  8232 I ViewInteraction: Checking 'MatchesViewAssertion(Detox){viewMatcher=(view has effective visibility <VISIBLE> and view.getGlobalVisibleRect() covers at least <75> percent of the view's area)}' assertion on view (view.getTag() is "tab-treino" and view has effective visibility <VISIBLE>)
04-06 12:15:24.863  8232  8232 I ViewInteraction: Checking 'MatchesViewAssertion(Detox){viewMatcher=(view has effective visibility <VISIBLE> and view.getGlobalVisibleRect() covers at least <75> percent of the view's area)}' assertion on view (view.getTag() is "tab-treino" and view has effective visibility <VISIBLE>)
04-06 12:15:24.906  8232  8232 I ViewInteraction: Checking 'MatchesViewAssertion(Detox){viewMatcher=(view has effective visibility <VISIBLE> and view.getGlobalVisibleRect() covers at least <75> percent of the view's area)}' assertion on view (view.getTag() is "tab-treino" and view has effective visibility <VISIBLE>)
04-06 12:15:24.940  8232  8232 I ViewInteraction: Checking 'MatchesViewAssertion(Detox){viewMatcher=(view has effective visibility <VISIBLE> and view.getGlobalVisibleRect() covers at least <75> percent of the view's area)}' assertion on view (view.getTag() is "tab-treino" and view has effective visibility <VISIBLE>)
04-06 12:15:24.981  8232  8232 I ViewInteraction: Checking 'MatchesViewAssertion(Detox){viewMatcher=(view has effective visibility <VISIBLE> and view.getGlobalVisibleRect() covers at least <75> percent of the view's area)}' assertion on view (view.getTag() is "tab-treino" and view has effective visibility <VISIBLE>)
04-06 12:15:25.026  8232  8232 I ViewInteraction: Checking 'MatchesViewAssertion(Detox){viewMatcher=(view has effective visibility <VISIBLE> and view.getGlobalVisibleRect() covers at least <75> percent of the view's area)}' assertion on view (view.getTag() is "tab-treino" and view has effective visibility <VISIBLE>)
04-06 12:15:25.070  8232  8232 I ViewInteraction: Checking 'MatchesViewAssertion(Detox){viewMatcher=(view has effective visibility <VISIBLE> and view.getGlobalVisibleRect() covers at least <75> percent of the view's area)}' assertion on view (view.getTag() is "tab-treino" and view has effective visibility <VISIBLE>)
04-06 12:15:25.111  8232  8232 I ViewInteraction: Checking 'MatchesViewAssertion(Detox){viewMatcher=(view has effective visibility <VISIBLE> and view.getGlobalVisibleRect() covers at least <75> percent of the view's area)}' assertion on view (view.getTag() is "tab-treino" and view has effective visibility <VISIBLE>)
04-06 12:15:25.158  8232  8232 I ViewInteraction: Checking 'MatchesViewAssertion(Detox){viewMatcher=(view has effective visibility <VISIBLE> and view.getGlobalVisibleRect() covers at least <75> percent of the view's area)}' assertion on view (view.getTag() is "tab-treino" and view has effective visibility <VISIBLE>)
04-06 12:15:25.203  8232  8232 I ViewInteraction: Checking 'MatchesViewAssertion(Detox){viewMatcher=(view has effective visibility <VISIBLE> and view.getGlobalVisibleRect() covers at least <75> percent of the view's area)}' assertion on view (view.getTag() is "tab-treino" and view has effective visibility <VISIBLE>)
04-06 12:15:25.246  8232  8232 I ViewInteraction: Checking 'MatchesViewAssertion(Detox){viewMatcher=(view has effective visibility <VISIBLE> and view.getGlobalVisibleRect() covers at least <75> percent of the view's area)}' assertion on view (view.getTag() is "tab-treino" and view has effective visibility <VISIBLE>)
04-06 12:15:25.289  8232  8232 I ViewInteraction: Checking 'MatchesViewAssertion(Detox){viewMatcher=(view has effective visibility <VISIBLE> and view.getGlobalVisibleRect() covers at least <75> percent of the view's area)}' assertion on view (view.getTag() is "tab-treino" and view has effective visibility <VISIBLE>)
04-06 12:15:25.331  8232  8232 I ViewInteraction: Checking 'MatchesViewAssertion(Detox){viewMatcher=(view has effective visibility <VISIBLE> and view.getGlobalVisibleRect() covers at least <75> percent of the view's area)}' assertion on view (view.getTag() is "tab-treino" and view has effective visibility <VISIBLE>)
04-06 12:15:25.369  8232  8232 I ViewInteraction: Checking 'MatchesViewAssertion(Detox){viewMatcher=(view has effective visibility <VISIBLE> and view.getGlobalVisibleRect() covers at least <75> percent of the view's area)}' assertion on view (view.getTag() is "tab-treino" and view has effective visibility <VISIBLE>)
04-06 12:15:25.404  8232  8232 I ViewInteraction: Checking 'MatchesViewAssertion(Detox){viewMatcher=(view has effective visibility <VISIBLE> and view.getGlobalVisibleRect() covers at least <75> percent of the view's area)}' assertion on view (view.getTag() is "tab-treino" and view has effective visibility <VISIBLE>)
04-06 12:15:25.446  8232  8232 I ViewInteraction: Checking 'MatchesViewAssertion(Detox){viewMatcher=(view has effective visibility <VISIBLE> and view.getGlobalVisibleRect() covers at least <75> percent of the view's area)}' assertion on view (view.getTag() is "tab-treino" and view has effective visibility <VISIBLE>)
04-06 12:15:25.491  8232  8232 I ViewInteraction: Checking 'MatchesViewAssertion(Detox){viewMatcher=(view has effective visibility <VISIBLE> and view.getGlobalVisibleRect() covers at least <75> percent of the view's area)}' assertion on view (view.getTag() is "tab-treino" and view has effective visibility <VISIBLE>)
04-06 12:15:25.537  8232  8232 I ViewInteraction: Checking 'MatchesViewAssertion(Detox){viewMatcher=(view has effective visibility <VISIBLE> and view.getGlobalVisibleRect() covers at least <75> percent of the view's area)}' assertion on view (view.getTag() is "tab-treino" and view has effective visibility <VISIBLE>)
04-06 12:15:25.582  8232  8232 I ViewInteraction: Checking 'MatchesViewAssertion(Detox){viewMatcher=(view has effective visibility <VISIBLE> and view.getGlobalVisibleRect() covers at least <75> percent of the view's area)}' assertion on view (view.getTag() is "tab-treino" and view has effective visibility <VISIBLE>)
04-06 12:15:25.625  8232  8232 I ViewInteraction: Checking 'MatchesViewAssertion(Detox){viewMatcher=(view has effective visibility <VISIBLE> and view.getGlobalVisibleRect() covers at least <75> percent of the view's area)}' assertion on view (view.getTag() is "tab-treino" and view has effective visibility <VISIBLE>)
04-06 12:15:25.671  8232  8232 I ViewInteraction: Checking 'MatchesViewAssertion(Detox){viewMatcher=(view has effective visibility <VISIBLE> and view.getGlobalVisibleRect() covers at least <75> percent of the view's area)}' assertion on view (view.getTag() is "tab-treino" and view has effective visibility <VISIBLE>)
04-06 12:15:25.716  8232  8232 I ViewInteraction: Checking 'MatchesViewAssertion(Detox){viewMatcher=(view has effective visibility <VISIBLE> and view.getGlobalVisibleRect() covers at least <75> percent of the view's area)}' assertion on view (view.getTag() is "tab-treino" and view has effective visibility <VISIBLE>)
04-06 12:15:25.759  8232  8232 I ViewInteraction: Checking 'MatchesViewAssertion(Detox){viewMatcher=(view has effective visibility <VISIBLE> and view.getGlobalVisibleRect() covers at least <75> percent of the view's area)}' assertion on view (view.getTag() is "tab-treino" and view has effective visibility <VISIBLE>)
04-06 12:15:25.802  8232  8232 I ViewInteraction: Checking 'MatchesViewAssertion(Detox){viewMatcher=(view has effective visibility <VISIBLE> and view.getGlobalVisibleRect() covers at least <75> percent of the view's area)}' assertion on view (view.getTag() is "tab-treino" and view has effective visibility <VISIBLE>)
04-06 12:15:25.847  8232  8232 I ViewInteraction: Checking 'MatchesViewAssertion(Detox){viewMatcher=(view has effective visibility <VISIBLE> and view.getGlobalVisibleRect() covers at least <75> percent of the view's area)}' assertion on view (view.getTag() is "tab-treino" and view has effective visibility <VISIBLE>)
04-06 12:15:25.882  8232  8232 I ViewInteraction: Checking 'MatchesViewAssertion(Detox){viewMatcher=(view has effective visibility <VISIBLE> and view.getGlobalVisibleRect() covers at least <75> percent of the view's area)}' assertion on view (view.getTag() is "tab-treino" and view has effective visibility <VISIBLE>)
04-06 12:15:25.927  8232  8232 I ViewInteraction: Checking 'MatchesViewAssertion(Detox){viewMatcher=(view has effective visibility <VISIBLE> and view.getGlobalVisibleRect() covers at least <75> percent of the view's area)}' assertion on view (view.getTag() is "tab-treino" and view has effective visibility <VISIBLE>)
04-06 12:15:25.968  8232  8232 I ViewInteraction: Checking 'MatchesViewAssertion(Detox){viewMatcher=(view has effective visibility <VISIBLE> and view.getGlobalVisibleRect() covers at least <75> percent of the view's area)}' assertion on view (view.getTag() is "tab-treino" and view has effective visibility <VISIBLE>)
04-06 12:15:26.010  8232  8232 I ViewInteraction: Checking 'MatchesViewAssertion(Detox){viewMatcher=(view has effective visibility <VISIBLE> and view.getGlobalVisibleRect() covers at least <75> percent of the view's area)}' assertion on view (view.getTag() is "tab-treino" and view has effective visibility <VISIBLE>)
04-06 12:15:26.055  8232  8232 I ViewInteraction: Checking 'MatchesViewAssertion(Detox){viewMatcher=(view has effective visibility <VISIBLE> and view.getGlobalVisibleRect() covers at least <75> percent of the view's area)}' assertion on view (view.getTag() is "tab-treino" and view has effective visibility <VISIBLE>)
04-06 12:15:26.099  8232  8232 I ViewInteraction: Checking 'MatchesViewAssertion(Detox){viewMatcher=(view has effective visibility <VISIBLE> and view.getGlobalVisibleRect() covers at least <75> percent of the view's area)}' assertion on view (view.getTag() is "tab-treino" and view has effective visibility <VISIBLE>)
04-06 12:15:26.143  8232  8232 I ViewInteraction: Checking 'MatchesViewAssertion(Detox){viewMatcher=(view has effective visibility <VISIBLE> and view.getGlobalVisibleRect() covers at least <75> percent of the view's area)}' assertion on view (view.getTag() is "tab-treino" and view has effective visibility <VISIBLE>)
04-06 12:15:26.185  8232  8232 I ViewInteraction: Checking 'MatchesViewAssertion(Detox){viewMatcher=(view has effective visibility <VISIBLE> and view.getGlobalVisibleRect() covers at least <75> percent of the view's area)}' assertion on view (view.getTag() is "tab-treino" and view has effective visibility <VISIBLE>)
04-06 12:15:26.231  8232  8232 I ViewInteraction: Checking 'MatchesViewAssertion(Detox){viewMatcher=(view has effective visibility <VISIBLE> and view.getGlobalVisibleRect() covers at least <75> percent of the view's area)}' assertion on view (view.getTag() is "tab-treino" and view has effective visibility <VISIBLE>)
04-06 12:15:26.275  8232  8232 I ViewInteraction: Checking 'MatchesViewAssertion(Detox){viewMatcher=(view has effective visibility <VISIBLE> and view.getGlobalVisibleRect() covers at least <75> percent of the view's area)}' assertion on view (view.getTag() is "tab-treino" and view has effective visibility <VISIBLE>)
04-06 12:15:26.313  8232  8232 I ViewInteraction: Checking 'MatchesViewAssertion(Detox){viewMatcher=(view has effective visibility <VISIBLE> and view.getGlobalVisibleRect() covers at least <75> percent of the view's area)}' assertion on view (view.getTag() is "tab-treino" and view has effective visibility <VISIBLE>)
04-06 12:15:26.346  8232  8232 I ViewInteraction: Checking 'MatchesViewAssertion(Detox){viewMatcher=(view has effective visibility <VISIBLE> and view.getGlobalVisibleRect() covers at least <75> percent of the view's area)}' assertion on view (view.getTag() is "tab-treino" and view has effective visibility <VISIBLE>)
04-06 12:15:26.387  8232  8232 I ViewInteraction: Checking 'MatchesViewAssertion(Detox){viewMatcher=(view has effective visibility <VISIBLE> and view.getGlobalVisibleRect() covers at least <75> percent of the view's area)}' assertion on view (view.getTag() is "tab-treino" and view has effective visibility <VISIBLE>)
04-06 12:15:26.437  8232  8232 I ViewInteraction: Checking 'MatchesViewAssertion(Detox){viewMatcher=(view has effective visibility <VISIBLE> and view.getGlobalVisibleRect() covers at least <75> percent of the view's area)}' assertion on view (view.getTag() is "tab-treino" and view has effective visibility <VISIBLE>)
04-06 12:15:26.479  8232  8232 I ViewInteraction: Checking 'MatchesViewAssertion(Detox){viewMatcher=(view has effective visibility <VISIBLE> and view.getGlobalVisibleRect() covers at least <75> percent of the view's area)}' assertion on view (view.getTag() is "tab-treino" and view has effective visibility <VISIBLE>)
04-06 12:15:26.524  8232  8232 I ViewInteraction: Checking 'MatchesViewAssertion(Detox){viewMatcher=(view has effective visibility <VISIBLE> and view.getGlobalVisibleRect() covers at least <75> percent of the view's area)}' assertion on view (view.getTag() is "tab-treino" and view has effective visibility <VISIBLE>)
04-06 12:15:26.567  8232  8232 I ViewInteraction: Checking 'MatchesViewAssertion(Detox){viewMatcher=(view has effective visibility <VISIBLE> and view.getGlobalVisibleRect() covers at least <75> percent of the view's area)}' assertion on view (view.getTag() is "tab-treino" and view has effective visibility <VISIBLE>)
04-06 12:15:26.611  8232  8232 I ViewInteraction: Checking 'MatchesViewAssertion(Detox){viewMatcher=(view has effective visibility <VISIBLE> and view.getGlobalVisibleRect() covers at least <75> percent of the view's area)}' assertion on view (view.getTag() is "tab-treino" and view has effective visibility <VISIBLE>)
04-06 12:15:26.655  8232  8232 I ViewInteraction: Checking 'MatchesViewAssertion(Detox){viewMatcher=(view has effective visibility <VISIBLE> and view.getGlobalVisibleRect() covers at least <75> percent of the view's area)}' assertion on view (view.getTag() is "tab-treino" and view has effective visibility <VISIBLE>)
04-06 12:15:26.694  8232  8232 I ViewInteraction: Checking 'MatchesViewAssertion(Detox){viewMatcher=(view has effective visibility <VISIBLE> and view.getGlobalVisibleRect() covers at least <75> percent of the view's area)}' assertion on view (view.getTag() is "tab-treino" and view has effective visibility <VISIBLE>)
04-06 12:15:26.736  8232  8232 I ViewInteraction: Checking 'MatchesViewAssertion(Detox){viewMatcher=(view has effective visibility <VISIBLE> and view.getGlobalVisibleRect() covers at least <75> percent of the view's area)}' assertion on view (view.getTag() is "tab-treino" and view has effective visibility <VISIBLE>)
04-06 12:15:26.777  8232  8232 I ViewInteraction: Checking 'MatchesViewAssertion(Detox){viewMatcher=(view has effective visibility <VISIBLE> and view.getGlobalVisibleRect() covers at least <75> percent of the view's area)}' assertion on view (view.getTag() is "tab-treino" and view has effective visibility <VISIBLE>)
04-06 12:15:26.820  8232  8232 I ViewInteraction: Checking 'MatchesViewAssertion(Detox){viewMatcher=(view has effective visibility <VISIBLE> and view.getGlobalVisibleRect() covers at least <75> percent of the view's area)}' assertion on view (view.getTag() is "tab-treino" and view has effective visibility <VISIBLE>)
04-06 12:15:26.863  8232  8232 I ViewInteraction: Checking 'MatchesViewAssertion(Detox){viewMatcher=(view has effective visibility <VISIBLE> and view.getGlobalVisibleRect() covers at least <75> percent of the view's area)}' assertion on view (view.getTag() is "tab-treino" and view has effective visibility <VISIBLE>)
04-06 12:15:26.904  8232  8232 I ViewInteraction: Checking 'MatchesViewAssertion(Detox){viewMatcher=(view has effective visibility <VISIBLE> and view.getGlobalVisibleRect() covers at least <75> percent of the view's area)}' assertion on view (view.getTag() is "tab-treino" and view has effective visibility <VISIBLE>)
04-06 12:15:26.949  8232  8232 I ViewInteraction: Checking 'MatchesViewAssertion(Detox){viewMatcher=(view has effective visibility <VISIBLE> and view.getGlobalVisibleRect() covers at least <75> percent of the view's area)}' assertion on view (view.getTag() is "tab-treino" and view has effective visibility <VISIBLE>)
04-06 12:15:26.995  8232  8232 I ViewInteraction: Checking 'MatchesViewAssertion(Detox){viewMatcher=(view has effective visibility <VISIBLE> and view.getGlobalVisibleRect() covers at least <75> percent of the view's area)}' assertion on view (view.getTag() is "tab-treino" and view has effective visibility <VISIBLE>)
04-06 12:15:27.037  8232  8232 I ViewInteraction: Checking 'MatchesViewAssertion(Detox){viewMatcher=(view has effective visibility <VISIBLE> and view.getGlobalVisibleRect() covers at least <75> percent of the view's area)}' assertion on view (view.getTag() is "tab-treino" and view has effective visibility <VISIBLE>)
04-06 12:15:27.081  8232  8232 I ViewInteraction: Checking 'MatchesViewAssertion(Detox){viewMatcher=(view has effective visibility <VISIBLE> and view.getGlobalVisibleRect() covers at least <75> percent of the view's area)}' assertion on view (view.getTag() is "tab-treino" and view has effective visibility <VISIBLE>)
04-06 12:15:27.121  8232  8232 I ViewInteraction: Checking 'MatchesViewAssertion(Detox){viewMatcher=(view has effective visibility <VISIBLE> and view.getGlobalVisibleRect() covers at least <75> percent of the view's area)}' assertion on view (view.getTag() is "tab-treino" and view has effective visibility <VISIBLE>)
04-06 12:15:27.159  8232  8232 I ViewInteraction: Checking 'MatchesViewAssertion(Detox){viewMatcher=(view has effective visibility <VISIBLE> and view.getGlobalVisibleRect() covers at least <75> percent of the view's area)}' assertion on view (view.getTag() is "tab-treino" and view has effective visibility <VISIBLE>)
04-06 12:15:27.201  8232  8232 I ViewInteraction: Checking 'MatchesViewAssertion(Detox){viewMatcher=(view has effective visibility <VISIBLE> and view.getGlobalVisibleRect() covers at least <75> percent of the view's area)}' assertion on view (view.getTag() is "tab-treino" and view has effective visibility <VISIBLE>)
04-06 12:15:27.246  8232  8232 I ViewInteraction: Checking 'MatchesViewAssertion(Detox){viewMatcher=(view has effective visibility <VISIBLE> and view.getGlobalVisibleRect() covers at least <75> percent of the view's area)}' assertion on view (view.getTag() is "tab-treino" and view has effective visibility <VISIBLE>)
04-06 12:15:27.289  8232  8232 I ViewInteraction: Checking 'MatchesViewAssertion(Detox){viewMatcher=(view has effective visibility <VISIBLE> and view.getGlobalVisibleRect() covers at least <75> percent of the view's area)}' assertion on view (view.getTag() is "tab-treino" and view has effective visibility <VISIBLE>)
04-06 12:15:27.333  8232  8232 I ViewInteraction: Checking 'MatchesViewAssertion(Detox){viewMatcher=(view has effective visibility <VISIBLE> and view.getGlobalVisibleRect() covers at least <75> percent of the view's area)}' assertion on view (view.getTag() is "tab-treino" and view has effective visibility <VISIBLE>)
04-06 12:15:27.379  8232  8232 I ViewInteraction: Checking 'MatchesViewAssertion(Detox){viewMatcher=(view has effective visibility <VISIBLE> and view.getGlobalVisibleRect() covers at least <75> percent of the view's area)}' assertion on view (view.getTag() is "tab-treino" and view has effective visibility <VISIBLE>)
04-06 12:15:27.422  8232  8232 I ViewInteraction: Checking 'MatchesViewAssertion(Detox){viewMatcher=(view has effective visibility <VISIBLE> and view.getGlobalVisibleRect() covers at least <75> percent of the view's area)}' assertion on view (view.getTag() is "tab-treino" and view has effective visibility <VISIBLE>)
04-06 12:15:27.464  8232  8232 I ViewInteraction: Checking 'MatchesViewAssertion(Detox){viewMatcher=(view has effective visibility <VISIBLE> and view.getGlobalVisibleRect() covers at least <75> percent of the view's area)}' assertion on view (view.getTag() is "tab-treino" and view has effective visibility <VISIBLE>)
04-06 12:15:27.501  8232  8232 I ViewInteraction: Checking 'MatchesViewAssertion(Detox){viewMatcher=(view has effective visibility <VISIBLE> and view.getGlobalVisibleRect() covers at least <75> percent of the view's area)}' assertion on view (view.getTag() is "tab-treino" and view has effective visibility <VISIBLE>)
04-06 12:15:27.528  8232  8270 I DetoxActionHandlers: Test exception
04-06 12:15:27.528  8232  8270 I DetoxActionHandlers: java.lang.reflect.InvocationTargetException
04-06 12:15:27.528  8232  8270 I DetoxActionHandlers: 	at java.lang.reflect.Method.invoke(Native Method)
04-06 12:15:27.528  8232  8270 I DetoxActionHandlers: 	at org.apache.commons.lang3.reflect.MethodUtils.invokeStaticMethod(MethodUtils.java:443)
04-06 12:15:27.528  8232  8270 I DetoxActionHandlers: 	at org.apache.commons.lang3.reflect.MethodUtils.invokeStaticMethod(MethodUtils.java:405)
04-06 12:15:27.528  8232  8270 I DetoxActionHandlers: 	at com.wix.invoke.types.ClassTarget.execute(ClassTarget.java:23)
04-06 12:15:27.528  8232  8270 I DetoxActionHandlers: 	at com.wix.invoke.types.Target.invoke(Target.java:59)
04-06 12:15:27.528  8232  8270 I DetoxActionHandlers: 	at com.wix.invoke.MethodInvocation.invoke(MethodInvocation.java:35)
04-06 12:15:27.528  8232  8270 I DetoxActionHandlers: 	at com.wix.invoke.MethodInvocation.invoke(MethodInvocation.java:26)
04-06 12:15:27.528  8232  8270 I DetoxActionHandlers: 	at com.wix.invoke.MethodInvocation.invoke(MethodInvocation.java:20)
04-06 12:15:27.528  8232  8270 I DetoxActionHandlers: 	at com.wix.detox.adapters.server.InvokeActionHandler.handle(DetoxActionHandlers.kt:54)
04-06 12:15:27.528  8232  8270 I DetoxActionHandlers: 	at com.wix.detox.adapters.server.ActionsExecutor.executeAction$lambda$2$lambda$1(DetoxActionsDispatcher.kt:76)
04-06 12:15:27.528  8232  8270 I DetoxActionHandlers: 	at com.wix.detox.adapters.server.ActionsExecutor.$r8$lambda$GVbB7LHtBHxNHGbgYnHJ6YrwCqs(Unknown Source:0)
04-06 12:15:27.528  8232  8270 I DetoxActionHandlers: 	at com.wix.detox.adapters.server.ActionsExecutor$$ExternalSyntheticLambda0.run(D8$$SyntheticClass:0)
04-06 12:15:27.528  8232  8270 I DetoxActionHandlers: 	at android.os.Handler.handleCallback(Handler.java:942)
04-06 12:15:27.528  8232  8270 I DetoxActionHandlers: 	at android.os.Handler.dispatchMessage(Handler.java:99)
04-06 12:15:27.528  8232  8270 I DetoxActionHandlers: 	at android.os.Looper.loopOnce(Looper.java:226)
04-06 12:15:27.528  8232  8270 I DetoxActionHandlers: 	at android.os.Looper.loop(Looper.java:313)
04-06 12:15:27.528  8232  8270 I DetoxActionHandlers: 	at com.wix.detox.adapters.server.ActionsExecutor._init_$lambda$0(DetoxActionsDispatcher.kt:62)
04-06 12:15:27.528  8232  8270 I DetoxActionHandlers: 	at com.wix.detox.adapters.server.ActionsExecutor.$r8$lambda$xlgL0CQim6vNM0wWEqM8JIDgZUE(Unknown Source:0)
04-06 12:15:27.528  8232  8270 I DetoxActionHandlers: 	at com.wix.detox.adapters.server.ActionsExecutor$$ExternalSyntheticLambda1.run(D8$$SyntheticClass:0)
04-06 12:15:27.528  8232  8270 I DetoxActionHandlers: 	at java.lang.Thread.run(Thread.java:1012)
04-06 12:15:27.528  8232  8270 I DetoxActionHandlers: Caused by: com.wix.detox.common.DetoxErrors$DetoxRuntimeException: 5.0sec timeout expired without matching of given matcher: (view has effective visibility <VISIBLE> and view.getGlobalVisibleRect() covers at least <75> percent of the view's area)
04-06 12:15:27.528  8232  8270 I DetoxActionHandlers: 	at com.wix.detox.espresso.DetoxAssertion.waitForAssertMatcher(DetoxAssertion.java:72)
04-06 12:15:27.528  8232  8270 I DetoxActionHandlers: 	... 20 more
04-06 12:15:27.528  8232  8270 I DetoxWSClient: Sending out action 'testFailed' (ID #8)
04-06 12:15:27.528  8232  8270 I DetoxDispatcher: Done with action 'invoke'
04-06 12:15:27.534  8232  8274 D DetoxWSClient: Received action 'invoke' (ID #9, params={"target":{"type":"Class","value":"com.wix.detox.espresso.DetoxAssertion"},"method":"waitForAssertMatcher","args":[{"type":"Invocation","value":{"target":{"type":"Class","value":"androidx.test.espresso.Espresso"},"method":"onView","args":[{"type":"Invocation","value":{"target":{"type":"Class","value":"com.wix.detox.espresso.DetoxMatcher"},"method":"matcherForTestId","args":["questionnaire-screen",{"type":"boolean","value":false}]}}]}},{"type":"Invocation","value":{"target":{"type":"Class","value":"com.wix.detox.espresso.DetoxMatcher"},"method":"matcherForSufficientlyVisible","args":[{"type":"Integer","value":75}]}},{"type":"Double","value":5}]})
04-06 12:15:27.534  8232  8270 I DetoxDispatcher: Handling action 'invoke' (ID #9)...
04-06 12:15:27.535  8232  8270 D Detox   : class com.wix.detox.espresso.DetoxMatcher, matcherForTestId, [questionnaire-screen, false]
04-06 12:15:27.536  8232  8270 D Detox   : class androidx.test.espresso.Espresso, onView, [(view.getTag() is "questionnaire-screen" and view has effective visibility <VISIBLE>)]
04-06 12:15:27.538  8232  8270 D Detox   : class com.wix.detox.espresso.DetoxMatcher, matcherForSufficientlyVisible, [75]
04-06 12:15:27.539  8232  8270 D Detox   : class com.wix.detox.espresso.DetoxAssertion, waitForAssertMatcher, [androidx.test.espresso.ViewInteraction@512799c, (view has effective visibility <VISIBLE> and view.getGlobalVisibleRect() covers at least <75> percent of the view's area), 5.0]
04-06 12:15:27.543  8232  8232 I ViewInteraction: Checking 'MatchesViewAssertion(Detox){viewMatcher=(view has effective visibility <VISIBLE> and view.getGlobalVisibleRect() covers at least <75> percent of the view's area)}' assertion on view (view.getTag() is "questionnaire-screen" and view has effective visibility <VISIBLE>)
04-06 12:15:27.547  8232  8270 I DetoxWSClient: Sending out action 'invokeResult' (ID #9)
04-06 12:15:27.548  8232  8270 I DetoxDispatcher: Done with action 'invoke'
04-06 12:15:27.552  8232  8274 D DetoxWSClient: Received action 'invoke' (ID #10, params={"target":{"type":"Class","value":"com.wix.detox.espresso.DetoxAssertion"},"method":"waitForAssertMatcher","args":[{"type":"Invocation","value":{"target":{"type":"Class","value":"androidx.test.espresso.Espresso"},"method":"onView","args":[{"type":"Invocation","value":{"target":{"type":"Class","value":"com.wix.detox.espresso.DetoxMatcher"},"method":"matcherForTestId","args":["input-peso-atual",{"type":"boolean","value":false}]}}]}},{"type":"Invocation","value":{"target":{"type":"Class","value":"com.wix.detox.espresso.DetoxMatcher"},"method":"matcherForSufficientlyVisible","args":[{"type":"Integer","value":75}]}},{"type":"Double","value":5}]})
04-06 12:15:27.553  8232  8270 I DetoxDispatcher: Handling action 'invoke' (ID #10)...
04-06 12:15:27.553  8232  8270 D Detox   : class com.wix.detox.espresso.DetoxMatcher, matcherForTestId, [input-peso-atual, false]
04-06 12:15:27.554  8232  8270 D Detox   : class androidx.test.espresso.Espresso, onView, [(view.getTag() is "input-peso-atual" and view has effective visibility <VISIBLE>)]
04-06 12:15:27.556  8232  8270 D Detox   : class com.wix.detox.espresso.DetoxMatcher, matcherForSufficientlyVisible, [75]
04-06 12:15:27.556  8232  8270 D Detox   : class com.wix.detox.espresso.DetoxAssertion, waitForAssertMatcher, [androidx.test.espresso.ViewInteraction@4937fa5, (view has effective visibility <VISIBLE> and view.getGlobalVisibleRect() covers at least <75> percent of the view's area), 5.0]
04-06 12:15:27.560  8232  8232 I ViewInteraction: Checking 'MatchesViewAssertion(Detox){viewMatcher=(view has effective visibility <VISIBLE> and view.getGlobalVisibleRect() covers at least <75> percent of the view's area)}' assertion on view (view.getTag() is "input-peso-atual" and view has effective visibility <VISIBLE>)
04-06 12:15:27.564  8232  8270 I DetoxWSClient: Sending out action 'invokeResult' (ID #10)
04-06 12:15:27.565  8232  8270 I DetoxDispatcher: Done with action 'invoke'
04-06 12:15:27.569  8232  8274 D DetoxWSClient: Received action 'invoke' (ID #11, params={"target":{"type":"Class","value":"com.wix.detox.espresso.EspressoDetox"},"method":"perform","args":[{"type":"Invocation","value":{"target":{"type":"Class","value":"com.wix.detox.espresso.DetoxMatcher"},"method":"matcherForTestId","args":["input-peso-atual",{"type":"boolean","value":false}]}},{"type":"Invocation","value":{"target":{"type":"Class","value":"com.wix.detox.espresso.DetoxViewActions"},"method":"click","args":[]}}]})
04-06 12:15:27.569  8232  8270 I DetoxDispatcher: Handling action 'invoke' (ID #11)...
04-06 12:15:27.569  8232  8270 D Detox   : class com.wix.detox.espresso.DetoxMatcher, matcherForTestId, [input-peso-atual, false]
04-06 12:15:27.570  8232  8270 D Detox   : class com.wix.detox.espresso.DetoxViewActions, click, []
04-06 12:15:27.573  8232  8270 W om.evolucao.app: Accessing hidden method Landroid/view/ViewConfiguration;->getDoubleTapMinTime()I (unsupported, reflection, allowed)
