04-06 12:15:41.122  8232  8274 D DetoxWSClient: Received action 'invoke' (ID #48, params={"target":{"type":"Class","value":"com.wix.detox.espresso.DetoxAssertion"},"method":"waitForAssertMatcher","args":[{"type":"Invocation","value":{"target":{"type":"Class","value":"androidx.test.espresso.Espresso"},"method":"onView","args":[{"type":"Invocation","value":{"target":{"type":"Class","value":"com.wix.detox.espresso.DetoxMatcher"},"method":"matcherForTestId","args":["app-root",{"type":"boolean","value":false}]}}]}},{"type":"Invocation","value":{"target":{"type":"Class","value":"com.wix.detox.espresso.DetoxMatcher"},"method":"matcherForSufficientlyVisible","args":[{"type":"Integer","value":75}]}},{"type":"Double","value":5}]})
04-06 12:15:41.122  8232  8270 I DetoxDispatcher: Handling action 'invoke' (ID #48)...
04-06 12:15:41.123  8232  8270 D Detox   : class com.wix.detox.espresso.DetoxMatcher, matcherForTestId, [app-root, false]
04-06 12:15:41.123  8232  8270 D Detox   : class androidx.test.espresso.Espresso, onView, [(view.getTag() is "app-root" and view has effective visibility <VISIBLE>)]
04-06 12:15:41.125  8232  8270 D Detox   : class com.wix.detox.espresso.DetoxMatcher, matcherForSufficientlyVisible, [75]
04-06 12:15:41.125  8232  8270 D Detox   : class com.wix.detox.espresso.DetoxAssertion, waitForAssertMatcher, [androidx.test.espresso.ViewInteraction@8cdcd5f, (view has effective visibility <VISIBLE> and view.getGlobalVisibleRect() covers at least <75> percent of the view's area), 5.0]
04-06 12:15:41.129  8232  8232 I ViewInteraction: Checking 'MatchesViewAssertion(Detox){viewMatcher=(view has effective visibility <VISIBLE> and view.getGlobalVisibleRect() covers at least <75> percent of the view's area)}' assertion on view (view.getTag() is "app-root" and view has effective visibility <VISIBLE>)
04-06 12:15:41.133  8232  8270 I DetoxWSClient: Sending out action 'invokeResult' (ID #48)
04-06 12:15:41.133  8232  8270 I DetoxDispatcher: Done with action 'invoke'
04-06 12:15:41.139  8232  8274 D DetoxWSClient: Received action 'invoke' (ID #49, params={"target":{"type":"Class","value":"com.wix.detox.espresso.DetoxAssertion"},"method":"assertMatcher","args":[{"type":"Invocation","value":{"target":{"type":"Class","value":"androidx.test.espresso.Espresso"},"method":"onView","args":[{"type":"Invocation","value":{"target":{"type":"Class","value":"com.wix.detox.espresso.DetoxMatcher"},"method":"matcherForTestId","args":["app-root",{"type":"boolean","value":false}]}}]}},{"type":"Invocation","value":{"target":{"type":"Class","value":"com.wix.detox.espresso.DetoxMatcher"},"method":"matcherForSufficientlyVisible","args":[{"type":"Integer","value":75}]}}]})
04-06 12:15:41.140  8232  8270 I DetoxDispatcher: Handling action 'invoke' (ID #49)...
04-06 12:15:41.140  8232  8270 D Detox   : class com.wix.detox.espresso.DetoxMatcher, matcherForTestId, [app-root, false]
04-06 12:15:41.141  8232  8270 D Detox   : class androidx.test.espresso.Espresso, onView, [(view.getTag() is "app-root" and view has effective visibility <VISIBLE>)]
04-06 12:15:41.142  8232  8270 D Detox   : class com.wix.detox.espresso.DetoxMatcher, matcherForSufficientlyVisible, [75]
04-06 12:15:41.142  8232  8270 D Detox   : class com.wix.detox.espresso.DetoxAssertion, assertMatcher, [androidx.test.espresso.ViewInteraction@aad93ac, (view has effective visibility <VISIBLE> and view.getGlobalVisibleRect() covers at least <75> percent of the view's area)]
04-06 12:15:41.147  8232  8232 I ViewInteraction: Checking 'MatchesViewAssertion(Detox){viewMatcher=(view has effective visibility <VISIBLE> and view.getGlobalVisibleRect() covers at least <75> percent of the view's area)}' assertion on view (view.getTag() is "app-root" and view has effective visibility <VISIBLE>)
04-06 12:15:41.150  8232  8270 I DetoxWSClient: Sending out action 'invokeResult' (ID #49)
04-06 12:15:41.150  8232  8270 I DetoxDispatcher: Done with action 'invoke'
04-06 12:15:41.156  8232  8274 D DetoxWSClient: Received action 'invoke' (ID #50, params={"target":{"type":"Class","value":"com.wix.detox.espresso.DetoxAssertion"},"method":"waitForAssertMatcher","args":[{"type":"Invocation","value":{"target":{"type":"Class","value":"androidx.test.espresso.Espresso"},"method":"onView","args":[{"type":"Invocation","value":{"target":{"type":"Class","value":"com.wix.detox.espresso.DetoxMatcher"},"method":"matcherForTestId","args":["btn-iniciar-treino",{"type":"boolean","value":false}]}}]}},{"type":"Invocation","value":{"target":{"type":"Class","value":"com.wix.detox.espresso.DetoxMatcher"},"method":"matcherForSufficientlyVisible","args":[{"type":"Integer","value":75}]}},{"type":"Double","value":5}]})
04-06 12:15:41.156  8232  8270 I DetoxDispatcher: Handling action 'invoke' (ID #50)...
04-06 12:15:41.156  8232  8270 D Detox   : class com.wix.detox.espresso.DetoxMatcher, matcherForTestId, [btn-iniciar-treino, false]
04-06 12:15:41.157  8232  8270 D Detox   : class androidx.test.espresso.Espresso, onView, [(view.getTag() is "btn-iniciar-treino" and view has effective visibility <VISIBLE>)]
04-06 12:15:41.158  8232  8270 D Detox   : class com.wix.detox.espresso.DetoxMatcher, matcherForSufficientlyVisible, [75]
04-06 12:15:41.158  8232  8270 D Detox   : class com.wix.detox.espresso.DetoxAssertion, waitForAssertMatcher, [androidx.test.espresso.ViewInteraction@1ee7875, (view has effective visibility <VISIBLE> and view.getGlobalVisibleRect() covers at least <75> percent of the view's area), 5.0]
04-06 12:15:41.163  8232  8232 I ViewInteraction: Checking 'MatchesViewAssertion(Detox){viewMatcher=(view has effective visibility <VISIBLE> and view.getGlobalVisibleRect() covers at least <75> percent of the view's area)}' assertion on view (view.getTag() is "btn-iniciar-treino" and view has effective visibility <VISIBLE>)
04-06 12:15:41.166  8232  8270 I DetoxWSClient: Sending out action 'invokeResult' (ID #50)
04-06 12:15:41.168  8232  8270 I DetoxDispatcher: Done with action 'invoke'
04-06 12:15:41.171  8232  8274 D DetoxWSClient: Received action 'invoke' (ID #51, params={"target":{"type":"Class","value":"com.wix.detox.espresso.EspressoDetox"},"method":"perform","args":[{"type":"Invocation","value":{"target":{"type":"Class","value":"com.wix.detox.espresso.DetoxMatcher"},"method":"matcherForTestId","args":["btn-iniciar-treino",{"type":"boolean","value":false}]}},{"type":"Invocation","value":{"target":{"type":"Class","value":"com.wix.detox.espresso.DetoxViewActions"},"method":"click","args":[]}}]})
04-06 12:15:41.172  8232  8270 I DetoxDispatcher: Handling action 'invoke' (ID #51)...
04-06 12:15:41.172  8232  8270 D Detox   : class com.wix.detox.espresso.DetoxMatcher, matcherForTestId, [btn-iniciar-treino, false]
04-06 12:15:41.173  8232  8270 D Detox   : class com.wix.detox.espresso.DetoxViewActions, click, []
04-06 12:15:41.173  8232  8270 D Detox   : class com.wix.detox.espresso.EspressoDetox, perform, [(view.getTag() is "btn-iniciar-treino" and view has effective visibility <VISIBLE>), com.wix.detox.espresso.action.RNClickAction@72be07b]
04-06 12:15:41.178  8232  8232 I ViewInteraction: Performing 'com.wix.detox.espresso.action.detoxsingletap@6363e98 click' action on view (view.getTag() is "btn-iniciar-treino" and view has effective visibility <VISIBLE>)
04-06 12:15:41.183  8232  8232 I ViewRootImpl@73623ee[MainActivity]: ViewPostIme pointer 0
04-06 12:15:41.212  8232  8232 I ViewRootImpl@73623ee[MainActivity]: ViewPostIme pointer 1
04-06 12:15:41.281  8232  8232 W Choreographer: Frame time is 0.007446 ms in the future!  Check that graphics HAL is generating vsync timestamps using the correct timebase.
04-06 12:15:41.373  8232  8232 W [RNScreens]: backTitleFontFamily prop is not available on Android
04-06 12:15:41.373  8232  8232 W [RNScreens]: disableBackButtonMenu prop is not available on Android
04-06 12:15:41.373  8232  8232 W [RNScreens]: backTitleVisible prop is not available on Android
04-06 12:15:41.373  8232  8232 W [RNScreens]: topInsetEnabled prop is not available on Android
04-06 12:15:41.373  8232  8232 W [RNScreens]: largeTitleHideShadow prop is not available on Android
04-06 12:15:41.373  8232  8232 W [RNScreens]: largeTitleFontWeight prop is not available on Android
04-06 12:15:41.373  8232  8232 W [RNScreens]: userInterfaceStyle prop is not available on Android
04-06 12:15:41.373  8232  8232 W [RNScreens]: largeTitleFontFamily prop is not available on Android
04-06 12:15:41.381  8232  8336 I ReactNativeJS: 'match:', 'local-cache'
04-06 12:15:41.381  8232  8336 I ReactNativeJS: 'recommendation:', 'push', '| confidence:', 'alta'
04-06 12:15:41.424  8232  8336 I ReactNativeJS: 'match:', 'local-cache'
04-06 12:15:41.424  8232  8336 I ReactNativeJS: 'recommendation:', 'push', '| confidence:', 'alta'
04-06 12:15:42.587  8232  8232 W om.evolucao.app: Accessing hidden field Landroid/widget/HorizontalScrollView;->mScroller:Landroid/widget/OverScroller; (unsupported, reflection, allowed)
04-06 12:15:42.607  8232  8232 D ScrollView: initGoToTop
04-06 12:15:43.452  8232  8693 D expo-notifications: Notification request "b7b8e92f-9948-4412-941f-93e857e08d94" will not trigger in the future, removing.
04-06 12:15:43.773  8232  8270 I DetoxWSClient: Sending out action 'invokeResult' (ID #51)
04-06 12:15:43.773  8232  8270 I DetoxDispatcher: Done with action 'invoke'
04-06 12:15:44.091  8232  8274 D DetoxWSClient: Received action 'invoke' (ID #52, params={"target":{"type":"Class","value":"com.wix.detox.espresso.DetoxAssertion"},"method":"waitForAssertMatcher","args":[{"type":"Invocation","value":{"target":{"type":"Class","value":"androidx.test.espresso.Espresso"},"method":"onView","args":[{"type":"Invocation","value":{"target":{"type":"Class","value":"com.wix.detox.espresso.DetoxMatcher"},"method":"matcherForTestId","args":["screen-workout",{"type":"boolean","value":false}]}}]}},{"type":"Invocation","value":{"target":{"type":"Class","value":"com.wix.detox.espresso.DetoxMatcher"},"method":"matcherForSufficientlyVisible","args":[{"type":"Integer","value":75}]}},{"type":"Double","value":5}]})
04-06 12:15:44.092  8232  8270 I DetoxDispatcher: Handling action 'invoke' (ID #52)...
04-06 12:15:44.092  8232  8270 D Detox   : class com.wix.detox.espresso.DetoxMatcher, matcherForTestId, [screen-workout, false]
04-06 12:15:44.092  8232  8270 D Detox   : class androidx.test.espresso.Espresso, onView, [(view.getTag() is "screen-workout" and view has effective visibility <VISIBLE>)]
04-06 12:15:44.093  8232  8270 D Detox   : class com.wix.detox.espresso.DetoxMatcher, matcherForSufficientlyVisible, [75]
04-06 12:15:44.093  8232  8270 D Detox   : class com.wix.detox.espresso.DetoxAssertion, waitForAssertMatcher, [androidx.test.espresso.ViewInteraction@e0d5acc, (view has effective visibility <VISIBLE> and view.getGlobalVisibleRect() covers at least <75> percent of the view's area), 5.0]
04-06 12:15:44.096  8232  8232 I ViewInteraction: Checking 'MatchesViewAssertion(Detox){viewMatcher=(view has effective visibility <VISIBLE> and view.getGlobalVisibleRect() covers at least <75> percent of the view's area)}' assertion on view (view.getTag() is "screen-workout" and view has effective visibility <VISIBLE>)
04-06 12:15:44.100  8232  8270 I DetoxWSClient: Sending out action 'invokeResult' (ID #52)
04-06 12:15:44.100  8232  8270 I DetoxDispatcher: Done with action 'invoke'
04-06 12:15:44.775  8232  8274 D DetoxWSClient: Received action 'invoke' (ID #53, params={"target":{"type":"Class","value":"com.wix.detox.espresso.DetoxAssertion"},"method":"waitForAssertMatcher","args":[{"type":"Invocation","value":{"target":{"type":"Class","value":"androidx.test.espresso.Espresso"},"method":"onView","args":[{"type":"Invocation","value":{"target":{"type":"Class","value":"com.wix.detox.espresso.DetoxMatcher"},"method":"matcherForTestId","args":["app-root",{"type":"boolean","value":false}]}}]}},{"type":"Invocation","value":{"target":{"type":"Class","value":"com.wix.detox.espresso.DetoxMatcher"},"method":"matcherForSufficientlyVisible","args":[{"type":"Integer","value":75}]}},{"type":"Double","value":5}]})
04-06 12:15:44.776  8232  8270 I DetoxDispatcher: Handling action 'invoke' (ID #53)...
04-06 12:15:44.776  8232  8270 D Detox   : class com.wix.detox.espresso.DetoxMatcher, matcherForTestId, [app-root, false]
04-06 12:15:44.777  8232  8270 D Detox   : class androidx.test.espresso.Espresso, onView, [(view.getTag() is "app-root" and view has effective visibility <VISIBLE>)]
04-06 12:15:44.777  8232  8270 D Detox   : class com.wix.detox.espresso.DetoxMatcher, matcherForSufficientlyVisible, [75]
04-06 12:15:44.778  8232  8270 D Detox   : class com.wix.detox.espresso.DetoxAssertion, waitForAssertMatcher, [androidx.test.espresso.ViewInteraction@d0d0c2a, (view has effective visibility <VISIBLE> and view.getGlobalVisibleRect() covers at least <75> percent of the view's area), 5.0]
04-06 12:15:44.781  8232  8232 I ViewInteraction: Checking 'MatchesViewAssertion(Detox){viewMatcher=(view has effective visibility <VISIBLE> and view.getGlobalVisibleRect() covers at least <75> percent of the view's area)}' assertion on view (view.getTag() is "app-root" and view has effective visibility <VISIBLE>)
04-06 12:15:44.783  8232  8270 I DetoxWSClient: Sending out action 'invokeResult' (ID #53)
04-06 12:15:44.783  8232  8270 I DetoxDispatcher: Done with action 'invoke'
04-06 12:15:44.786  8232  8274 D DetoxWSClient: Received action 'invoke' (ID #54, params={"target":{"type":"Class","value":"com.wix.detox.espresso.DetoxAssertion"},"method":"assertMatcher","args":[{"type":"Invocation","value":{"target":{"type":"Class","value":"androidx.test.espresso.Espresso"},"method":"onView","args":[{"type":"Invocation","value":{"target":{"type":"Class","value":"com.wix.detox.espresso.DetoxMatcher"},"method":"matcherForTestId","args":["app-root",{"type":"boolean","value":false}]}}]}},{"type":"Invocation","value":{"target":{"type":"Class","value":"com.wix.detox.espresso.DetoxMatcher"},"method":"matcherForSufficientlyVisible","args":[{"type":"Integer","value":75}]}}]})
04-06 12:15:44.787  8232  8270 I DetoxDispatcher: Handling action 'invoke' (ID #54)...
04-06 12:15:44.787  8232  8270 D Detox   : class com.wix.detox.espresso.DetoxMatcher, matcherForTestId, [app-root, false]
04-06 12:15:44.788  8232  8270 D Detox   : class androidx.test.espresso.Espresso, onView, [(view.getTag() is "app-root" and view has effective visibility <VISIBLE>)]
04-06 12:15:44.788  8232  8270 D Detox   : class com.wix.detox.espresso.DetoxMatcher, matcherForSufficientlyVisible, [75]
04-06 12:15:44.788  8232  8270 D Detox   : class com.wix.detox.espresso.DetoxAssertion, assertMatcher, [androidx.test.espresso.ViewInteraction@abf2a1b, (view has effective visibility <VISIBLE> and view.getGlobalVisibleRect() covers at least <75> percent of the view's area)]
04-06 12:15:44.791  8232  8232 I ViewInteraction: Checking 'MatchesViewAssertion(Detox){viewMatcher=(view has effective visibility <VISIBLE> and view.getGlobalVisibleRect() covers at least <75> percent of the view's area)}' assertion on view (view.getTag() is "app-root" and view has effective visibility <VISIBLE>)
04-06 12:15:44.794  8232  8270 I DetoxWSClient: Sending out action 'invokeResult' (ID #54)
04-06 12:15:44.794  8232  8270 I DetoxDispatcher: Done with action 'invoke'
04-06 12:15:44.797  8232  8274 D DetoxWSClient: Received action 'invoke' (ID #55, params={"target":{"type":"Class","value":"com.wix.detox.espresso.DetoxAssertion"},"method":"waitForAssertMatcher","args":[{"type":"Invocation","value":{"target":{"type":"Class","value":"androidx.test.espresso.Espresso"},"method":"onView","args":[{"type":"Invocation","value":{"target":{"type":"Class","value":"com.wix.detox.espresso.DetoxMatcher"},"method":"matcherForTestId","args":["input-peso",{"type":"boolean","value":false}]}}]}},{"type":"Invocation","value":{"target":{"type":"Class","value":"com.wix.detox.espresso.DetoxMatcher"},"method":"matcherForSufficientlyVisible","args":[{"type":"Integer","value":75}]}},{"type":"Double","value":5}]})
04-06 12:15:44.797  8232  8270 I DetoxDispatcher: Handling action 'invoke' (ID #55)...
04-06 12:15:44.798  8232  8270 D Detox   : class com.wix.detox.espresso.DetoxMatcher, matcherForTestId, [input-peso, false]
04-06 12:15:44.798  8232  8270 D Detox   : class androidx.test.espresso.Espresso, onView, [(view.getTag() is "input-peso" and view has effective visibility <VISIBLE>)]
04-06 12:15:44.799  8232  8270 D Detox   : class com.wix.detox.espresso.DetoxMatcher, matcherForSufficientlyVisible, [75]
04-06 12:15:44.799  8232  8270 D Detox   : class com.wix.detox.espresso.DetoxAssertion, waitForAssertMatcher, [androidx.test.espresso.ViewInteraction@e1b57b8, (view has effective visibility <VISIBLE> and view.getGlobalVisibleRect() covers at least <75> percent of the view's area), 5.0]
04-06 12:15:44.802  8232  8232 I ViewInteraction: Checking 'MatchesViewAssertion(Detox){viewMatcher=(view has effective visibility <VISIBLE> and view.getGlobalVisibleRect() covers at least <75> percent of the view's area)}' assertion on view (view.getTag() is "input-peso" and view has effective visibility <VISIBLE>)
04-06 12:15:44.818  8232  8270 I DetoxWSClient: Sending out action 'invokeResult' (ID #55)
04-06 12:15:44.819  8232  8270 I DetoxDispatcher: Done with action 'invoke'
04-06 12:15:44.822  8232  8274 D DetoxWSClient: Received action 'invoke' (ID #56, params={"target":{"type":"Class","value":"com.wix.detox.espresso.DetoxAssertion"},"method":"waitForAssertMatcher","args":[{"type":"Invocation","value":{"target":{"type":"Class","value":"androidx.test.espresso.Espresso"},"method":"onView","args":[{"type":"Invocation","value":{"target":{"type":"Class","value":"com.wix.detox.espresso.DetoxMatcher"},"method":"matcherForTestId","args":["input-reps",{"type":"boolean","value":false}]}}]}},{"type":"Invocation","value":{"target":{"type":"Class","value":"com.wix.detox.espresso.DetoxMatcher"},"method":"matcherForSufficientlyVisible","args":[{"type":"Integer","value":75}]}},{"type":"Double","value":5}]})
04-06 12:15:44.822  8232  8270 I DetoxDispatcher: Handling action 'invoke' (ID #56)...
04-06 12:15:44.822  8232  8270 D Detox   : class com.wix.detox.espresso.DetoxMatcher, matcherForTestId, [input-reps, false]
04-06 12:15:44.823  8232  8270 D Detox   : class androidx.test.espresso.Espresso, onView, [(view.getTag() is "input-reps" and view has effective visibility <VISIBLE>)]
04-06 12:15:44.823  8232  8270 D Detox   : class com.wix.detox.espresso.DetoxMatcher, matcherForSufficientlyVisible, [75]
04-06 12:15:44.824  8232  8270 D Detox   : class com.wix.detox.espresso.DetoxAssertion, waitForAssertMatcher, [androidx.test.espresso.ViewInteraction@f9bc4cd, (view has effective visibility <VISIBLE> and view.getGlobalVisibleRect() covers at least <75> percent of the view's area), 5.0]
04-06 12:15:44.826  8232  8232 I ViewInteraction: Checking 'MatchesViewAssertion(Detox){viewMatcher=(view has effective visibility <VISIBLE> and view.getGlobalVisibleRect() covers at least <75> percent of the view's area)}' assertion on view (view.getTag() is "input-reps" and view has effective visibility <VISIBLE>)
04-06 12:15:44.837  8232  8270 I DetoxWSClient: Sending out action 'invokeResult' (ID #56)
04-06 12:15:44.837  8232  8270 I DetoxDispatcher: Done with action 'invoke'
04-06 12:15:44.842  8232  8274 D DetoxWSClient: Received action 'invoke' (ID #57, params={"target":{"type":"Class","value":"com.wix.detox.espresso.DetoxAssertion"},"method":"waitForAssertMatcher","args":[{"type":"Invocation","value":{"target":{"type":"Class","value":"androidx.test.espresso.Espresso"},"method":"onView","args":[{"type":"Invocation","value":{"target":{"type":"Class","value":"com.wix.detox.espresso.DetoxMatcher"},"method":"matcherForTestId","args":["input-peso",{"type":"boolean","value":false}]}}]}},{"type":"Invocation","value":{"target":{"type":"Class","value":"com.wix.detox.espresso.DetoxMatcher"},"method":"matcherForSufficientlyVisible","args":[{"type":"Integer","value":75}]}},{"type":"Double","value":5}]})
04-06 12:15:44.842  8232  8270 I DetoxDispatcher: Handling action 'invoke' (ID #57)...
04-06 12:15:44.842  8232  8270 D Detox   : class com.wix.detox.espresso.DetoxMatcher, matcherForTestId, [input-peso, false]
04-06 12:15:44.843  8232  8270 D Detox   : class androidx.test.espresso.Espresso, onView, [(view.getTag() is "input-peso" and view has effective visibility <VISIBLE>)]
04-06 12:15:44.843  8232  8270 D Detox   : class com.wix.detox.espresso.DetoxMatcher, matcherForSufficientlyVisible, [75]
04-06 12:15:44.843  8232  8270 D Detox   : class com.wix.detox.espresso.DetoxAssertion, waitForAssertMatcher, [androidx.test.espresso.ViewInteraction@2dd2093, (view has effective visibility <VISIBLE> and view.getGlobalVisibleRect() covers at least <75> percent of the view's area), 5.0]
04-06 12:15:44.846  8232  8232 I ViewInteraction: Checking 'MatchesViewAssertion(Detox){viewMatcher=(view has effective visibility <VISIBLE> and view.getGlobalVisibleRect() covers at least <75> percent of the view's area)}' assertion on view (view.getTag() is "input-peso" and view has effective visibility <VISIBLE>)
04-06 12:15:44.856  8232  8270 I DetoxWSClient: Sending out action 'invokeResult' (ID #57)
04-06 12:15:44.857  8232  8270 I DetoxDispatcher: Done with action 'invoke'
04-06 12:15:44.861  8232  8274 D DetoxWSClient: Received action 'invoke' (ID #58, params={"target":{"type":"Class","value":"com.wix.detox.espresso.EspressoDetox"},"method":"perform","args":[{"type":"Invocation","value":{"target":{"type":"Class","value":"com.wix.detox.espresso.DetoxMatcher"},"method":"matcherForTestId","args":["input-peso",{"type":"boolean","value":false}]}},{"type":"Invocation","value":{"target":{"type":"Class","value":"com.wix.detox.espresso.DetoxViewActions"},"method":"click","args":[]}}]})
04-06 12:15:44.861  8232  8270 I DetoxDispatcher: Handling action 'invoke' (ID #58)...
04-06 12:15:44.862  8232  8270 D Detox   : class com.wix.detox.espresso.DetoxMatcher, matcherForTestId, [input-peso, false]
04-06 12:15:44.862  8232  8270 D Detox   : class com.wix.detox.espresso.DetoxViewActions, click, []
04-06 12:15:44.862  8232  8270 D Detox   : class com.wix.detox.espresso.EspressoDetox, perform, [(view.getTag() is "input-peso" and view has effective visibility <VISIBLE>), com.wix.detox.espresso.action.RNClickAction@cc5d8d0]
04-06 12:15:44.865  8232  8232 I ViewInteraction: Performing 'com.wix.detox.espresso.action.detoxsingletap@92ce0c9 click' action on view (view.getTag() is "input-peso" and view has effective visibility <VISIBLE>)
04-06 12:15:44.881  8232  8232 I ViewRootImpl@73623ee[MainActivity]: ViewPostIme pointer 0
04-06 12:15:44.908  8232  8232 I ViewRootImpl@73623ee[MainActivity]: ViewPostIme pointer 1
04-06 12:15:44.935  8232  8232 D InputMethodManager: startInputInner - Id : 0
04-06 12:15:44.936  8232  8232 I InputMethodManager: startInputInner - mService.startInputOrWindowGainedFocus
04-06 12:15:44.940  8232  8232 I IMM_LC  : showSoftInput(View,I)
04-06 12:15:44.940  8232  8232 I IMM_LC  : ssi() - flag : 0 view : com.evolucao.app reason = SHOW_SOFT_INPUT
04-06 12:15:44.958  8232  8287 D NativeCustomFrequencyManager: [NativeCFMS] BpCustomFrequencyManager::BpCustomFrequencyManager()
04-06 12:15:44.962  8232  8232 D InsetsController: onStateChanged: InsetsState: {mDisplayFrame=Rect(0, 0 - 1080, 2400), mDisplayCutout=DisplayCutout{insets=Rect(0, 88 - 0, 0) waterfall=Insets{left=0, top=0, right=0, bottom=0} boundingRect={Bounds=[Rect(0, 0 - 0, 0), Rect(512, 0 - 568, 88), Rect(0, 0 - 0, 0), Rect(0, 0 - 0, 0)]} cutoutPathParserInfo={CutoutPathParserInfo{displayWidth=1080 displayHeight=2400 physicalDisplayWidth=1080 physicalDisplayHeight=2400 density={3.0} cutoutSpec={M 0,0 M 0,10.71963616907435 a 9.280363830925644,9.280363830925644 0 1,0 0,18.56072766185129 a 9.280363830925644,9.280363830925644 0 1,0 0,-18.56072766185129 Z @dp} rotation={0} scale={1.0} physicalPixelDisplaySizeRatio={1.0}}}}, mRoundedCorners=RoundedCorners{[RoundedCorner{position=TopLeft, radius=96, center=Point(96, 96)}, RoundedCorner{position=TopRight, radius=96, center=Point(984, 96)}, RoundedCorner{position=BottomRight, radius=96, center=Point(984, 2304)}, RoundedCorner{position=BottomLeft, radius=96, center=Point(96, 2304)}]}  mRoundedCornerFrame=Rect(0, 0 - 1080, 2400), mPrivacyIndicatorBounds=PrivacyIndicatorBounds {static bounds=Rect(948, 0 - 1080, 88) rotation=0}, mSources= { InsetsSource: {mType=ITYPE_STATUS_BAR, mFrame=[0,0][1080,88], mVisible=true, mInsetsRoundedCornerFrame=false}, InsetsSource: {mType=ITYPE_NAVIGATION_BAR, mFrame=[0,2256][1080,2400], mVisible=true, mInsetsRoundedCornerFrame=false}, InsetsSource: {mType=ITYPE_LEFT_GESTURES, mFrame=[0,0][0,2400], mVisible=true, mInsetsRoundedCornerFrame=false}, InsetsSource: {mType=ITYPE_RIGHT_GESTURES, mFrame=[1080,0][1080,2400], mVisible=true, mInsetsRoundedCornerFrame=false}, InsetsSource: {mType=ITYPE_TOP_MANDATORY_GESTURES, mFrame=[0,0][1080,124], mVisible=true, mInsetsRoundedCornerFrame=false}, InsetsSource: {mType=ITYPE_BOTTOM_MANDATORY_GESTURES, mFrame=[0,2256][1080,2400], mVisible=true, mInsetsRoundedCornerFrame=false}, InsetsSource: {mType=ITYPE_LEFT_DISPLAY_CUTOUT, mFrame=[0,0][-100000,2400], mVisible=true, mInsetsRoundedCornerFrame=false}, InsetsSource: {mType=ITYPE_TOP_DISPLAY_CUTOUT, mFrame=[0,0][1080,88], mVisible=true, mInsetsRoundedCornerFrame=false}, InsetsSource: {mType=ITYPE_RIGHT_DISPLAY_CUTOUT, mFrame=[100000,0][1080,2400], mVisible=true, mInsetsRoundedCornerFrame=false}, InsetsSource: {mType=ITYPE_BOTTOM_DISPLAY_CUTOUT, mFrame=[0,100000][1080,2400], mVisible=true, mInsetsRoundedCornerFrame=false}, InsetsSource: {mType=ITYPE_TOP_TAPPABLE_ELEMENT, mFrame=[0,0][1080,88], mVisible=true, mInsetsRoundedCornerFrame=false}, InsetsSource: {mType=ITYPE_BOTTOM_TAPPABLE_ELEMENT, mFrame=[0,2256][1080,2400], mVisible=true, mInsetsRoundedCornerFrame=false} } host=PopupWindow:5a24494 from=android.view.ViewRootImpl.setView:1732
04-06 12:15:44.965  8232  8232 I ViewRootImpl@5747b3d[PopupWindow:5a24494]: setView = android.widget.PopupWindow$PopupDecorView@5b28e39 TM=false
04-06 12:15:44.967  8232  8287 D NativeCustomFrequencyManager: [NativeCFMS] BpCustomFrequencyManager::BpCustomFrequencyManager()
04-06 12:15:44.970  8232  8232 D InsetsController: onStateChanged: InsetsState: {mDisplayFrame=Rect(0, 0 - 1080, 2400), mDisplayCutout=DisplayCutout{insets=Rect(0, 88 - 0, 0) waterfall=Insets{left=0, top=0, right=0, bottom=0} boundingRect={Bounds=[Rect(0, 0 - 0, 0), Rect(512, 0 - 568, 88), Rect(0, 0 - 0, 0), Rect(0, 0 - 0, 0)]} cutoutPathParserInfo={CutoutPathParserInfo{displayWidth=1080 displayHeight=2400 physicalDisplayWidth=1080 physicalDisplayHeight=2400 density={3.0} cutoutSpec={M 0,0 M 0,10.71963616907435 a 9.280363830925644,9.280363830925644 0 1,0 0,18.56072766185129 a 9.280363830925644,9.280363830925644 0 1,0 0,-18.56072766185129 Z @dp} rotation={0} scale={1.0} physicalPixelDisplaySizeRatio={1.0}}}}, mRoundedCorners=RoundedCorners{[RoundedCorner{position=TopLeft, radius=96, center=Point(96, 96)}, RoundedCorner{position=TopRight, radius=96, center=Point(984, 96)}, RoundedCorner{position=BottomRight, radius=96, center=Point(984, 2304)}, RoundedCorner{position=BottomLeft, radius=96, center=Point(96, 2304)}]}  mRoundedCornerFrame=Rect(0, 0 - 1080, 2400), mPrivacyIndicatorBounds=PrivacyIndicatorBounds {static bounds=Rect(948, 0 - 1080, 88) rotation=0}, mSources= { InsetsSource: {mType=ITYPE_STATUS_BAR, mFrame=[0,0][1080,88], mVisible=true, mInsetsRoundedCornerFrame=false}, InsetsSource: {mType=ITYPE_NAVIGATION_BAR, mFrame=[0,2256][1080,2400], mVisible=true, mInsetsRoundedCornerFrame=false}, InsetsSource: {mType=ITYPE_LEFT_GESTURES, mFrame=[0,0][0,2400], mVisible=true, mInsetsRoundedCornerFrame=false}, InsetsSource: {mType=ITYPE_RIGHT_GESTURES, mFrame=[1080,0][1080,2400], mVisible=true, mInsetsRoundedCornerFrame=false}, InsetsSource: {mType=ITYPE_TOP_MANDATORY_GESTURES, mFrame=[0,0][1080,124], mVisible=true, mInsetsRoundedCornerFrame=false}, InsetsSource: {mType=ITYPE_BOTTOM_MANDATORY_GESTURES, mFrame=[0,2256][1080,2400], mVisible=true, mInsetsRoundedCornerFrame=false}, InsetsSource: {mType=ITYPE_LEFT_DISPLAY_CUTOUT, mFrame=[0,0][-100000,2400], mVisible=true, mInsetsRoundedCornerFrame=false}, InsetsSource: {mType=ITYPE_TOP_DISPLAY_CUTOUT, mFrame=[0,0][1080,88], mVisible=true, mInsetsRoundedCornerFrame=false}, InsetsSource: {mType=ITYPE_RIGHT_DISPLAY_CUTOUT, mFrame=[100000,0][1080,2400], mVisible=true, mInsetsRoundedCornerFrame=false}, InsetsSource: {mType=ITYPE_BOTTOM_DISPLAY_CUTOUT, mFrame=[0,100000][1080,2400], mVisible=true, mInsetsRoundedCornerFrame=false}, InsetsSource: {mType=ITYPE_TOP_TAPPABLE_ELEMENT, mFrame=[0,0][1080,88], mVisible=true, mInsetsRoundedCornerFrame=false}, InsetsSource: {mType=ITYPE_BOTTOM_TAPPABLE_ELEMENT, mFrame=[0,2256][1080,2400], mVisible=true, mInsetsRoundedCornerFrame=false} } host=PopupWindow:5b8b5df from=android.view.ViewRootImpl.setView:1732
04-06 12:15:44.973  8232  8232 I ViewRootImpl@89922c[PopupWindow:5b8b5df]: setView = android.widget.PopupWindow$PopupDecorView@413a518 TM=false
04-06 12:15:44.985  8232  8232 I IMM_LC  : showSoftInput(View,I)
04-06 12:15:44.986  8232  8232 I IMM_LC  : ssi() - flag : 0 view : com.evolucao.app reason = SHOW_SOFT_INPUT
04-06 12:15:44.989  8232  8232 I ViewRootImpl@5747b3d[PopupWindow:5a24494]: performTraversals params={(231,1797)(90x108) gr=TOP START CENTER sim={state=unchanged adjust=pan} ty=APPLICATION_SUB_PANEL fmt=TRANSLUCENT wanim=0x1030313 surfaceInsets=Rect(0, 0 - 0, 0) (manual)
04-06 12:15:44.989  8232  8232 I ViewRootImpl@5747b3d[PopupWindow:5a24494]:   fl=41800208
04-06 12:15:44.989  8232  8232 I ViewRootImpl@5747b3d[PopupWindow:5a24494]:   pfl=2018000
04-06 12:15:44.989  8232  8232 I ViewRootImpl@5747b3d[PopupWindow:5a24494]:   bhv=DEFAULT
04-06 12:15:44.989  8232  8232 I ViewRootImpl@5747b3d[PopupWindow:5a24494]:   fitTypes=STATUS_BARS NAVIGATION_BARS CAPTION_BAR naviIconColor=0
04-06 12:15:44.989  8232  8232 I ViewRootImpl@5747b3d[PopupWindow:5a24494]:   sfl=20000}
04-06 12:15:44.989  8232  8232 I ViewRootImpl@5747b3d[PopupWindow:5a24494]: performTraversals mFirst=true windowShouldResize=true viewVisibilityChanged=false mForceNextWindowRelayout=false params={(231,1797)(90x108) gr=TOP START CENTER sim={state=unchanged adjust=pan} ty=APPLICATION_SUB_PANEL fmt=TRANSLUCENT wanim=0x1030313 surfaceInsets=Rect(0, 0 - 0, 0) (manual)
04-06 12:15:44.989  8232  8232 I ViewRootImpl@5747b3d[PopupWindow:5a24494]:   fl=41800208
04-06 12:15:44.989  8232  8232 I ViewRootImpl@5747b3d[PopupWindow:5a24494]:   pfl=42018000
04-06 12:15:44.989  8232  8232 I ViewRootImpl@5747b3d[PopupWindow:5a24494]:   bhv=DEFAULT
04-06 12:15:44.989  8232  8232 I ViewRootImpl@5747b3d[PopupWindow:5a24494]:   fitTypes=STATUS_BARS NAVIGATION_BARS CAPTION_BAR naviIconColor=0
04-06 12:15:44.989  8232  8232 I ViewRootImpl@5747b3d[PopupWindow:5a24494]:   sfl=20000}
04-06 12:15:44.997  8232  8247 I ViewRootImpl@5747b3d[PopupWindow:5a24494]: Resizing android.view.ViewRootImpl@d721c7e: frame = [231,1797][321,1905] reportDraw = true forceLayout = false syncSeqId = 0
04-06 12:15:44.999  8232  8232 I ViewRootImpl@5747b3d[PopupWindow:5a24494]: updateBlastSurfaceIfNeeded mBlastBufferQueue=null isSameSurfaceControl=false
04-06 12:15:45.000  8232  8232 I BLASTBufferQueue: new BLASTBufferQueue, mName= ViewRootImpl@5747b3d[PopupWindow:5a24494] mNativeObject= 0xb4000070a02f6680 sc.mNativeObject= 0xb4000070a6f87700 caller= android.view.ViewRootImpl.updateBlastSurfaceIfNeeded:2909 android.view.ViewRootImpl.relayoutWindow:9847 android.view.ViewRootImpl.performTraversals:3884 android.view.ViewRootImpl.doTraversal:3116 android.view.ViewRootImpl$TraversalRunnable.run:10885 android.view.Choreographer$CallbackRecord.run:1301 android.view.Choreographer$CallbackRecord.run:1309 android.view.Choreographer.doCallbacks:923 android.view.Choreographer.doFrame:852 android.view.Choreographer$FrameDisplayEventReceiver.run:1283 
04-06 12:15:45.000  8232  8232 I BLASTBufferQueue: update, w= 90 h= 108 mName = ViewRootImpl@5747b3d[PopupWindow:5a24494] mNativeObject= 0xb4000070a02f6680 sc.mNativeObject= 0xb4000070a6f87700 format= -3 caller= android.graphics.BLASTBufferQueue.<init>:84 android.view.ViewRootImpl.updateBlastSurfaceIfNeeded:2909 android.view.ViewRootImpl.relayoutWindow:9847 android.view.ViewRootImpl.performTraversals:3884 android.view.ViewRootImpl.doTraversal:3116 android.view.ViewRootImpl$TraversalRunnable.run:10885 
04-06 12:15:45.000  8232  8232 I ViewRootImpl@5747b3d[PopupWindow:5a24494]: Relayout returned: old=(231,1797,321,1905) new=(231,1797,321,1905) req=(90,108)0 dur=9 res=0x3 s={true 0xb4000070a0e72000} ch=true seqId=0
04-06 12:15:45.001  8232  8232 I ViewRootImpl@5747b3d[PopupWindow:5a24494]: mThreadedRenderer.initialize() mSurface={isValid=true 0xb4000070a0e72000} hwInitialized=true
04-06 12:15:45.002  8232  8287 D OpenGLRenderer: eglCreateWindowSurface
04-06 12:15:45.003  8232  8232 I ViewRootImpl@5747b3d[PopupWindow:5a24494]: reportNextDraw android.view.ViewRootImpl.performTraversals:4438 android.view.ViewRootImpl.doTraversal:3116 android.view.ViewRootImpl$TraversalRunnable.run:10885 android.view.Choreographer$CallbackRecord.run:1301 android.view.Choreographer$CallbackRecord.run:1309 
04-06 12:15:45.003  8232  8232 I ViewRootImpl@5747b3d[PopupWindow:5a24494]: Setup new sync id=0
04-06 12:15:45.003  8232  8232 I ViewRootImpl@5747b3d[PopupWindow:5a24494]: Setting syncFrameCallback
04-06 12:15:45.003  8232  8232 I ViewRootImpl@5747b3d[PopupWindow:5a24494]: registerCallbacksForSync syncBuffer=false
04-06 12:15:45.005  8232  8318 I ViewRootImpl@5747b3d[PopupWindow:5a24494]: Received frameDrawingCallback syncResult=0 frameNum=1.
04-06 12:15:45.005  8232  8318 I ViewRootImpl@5747b3d[PopupWindow:5a24494]: Setting up sync and frameCommitCallback
04-06 12:15:45.006  8232  8242 D InputTransport: Input channel destroyed: 'ClientS', fd=151
04-06 12:15:45.013  8232  8287 I BLASTBufferQueue: [ViewRootImpl@5747b3d[PopupWindow:5a24494]#2](f:0,a:0) onFrameAvailable the first frame is available
04-06 12:15:45.013  8232  8287 I ViewRootImpl@5747b3d[PopupWindow:5a24494]: Received frameCommittedCallback lastAttemptedDrawFrameNum=1 didProduceBuffer=true
04-06 12:15:45.015  8232  8287 D OpenGLRenderer: CFMS:: SetUp Pid : 8232    Tid : 8287
04-06 12:15:45.016  8232  8287 W Parcel  : Expecting binder but got null!
04-06 12:15:45.016  8232  8232 I ViewRootImpl@5747b3d[PopupWindow:5a24494]: onSyncComplete
04-06 12:15:45.017  8232  8232 I ViewRootImpl@5747b3d[PopupWindow:5a24494]: setupSync seqId=0 mSyncId=0 fn=1 caller=android.view.ViewRootImpl$$ExternalSyntheticLambda11.accept:6 android.window.SurfaceSyncer.lambda$setupSync$1$android-window-SurfaceSyncer:128 android.window.SurfaceSyncer$$ExternalSyntheticLambda1.accept:8 android.window.SurfaceSyncer$SyncSet.checkIfSyncIsComplete:382 android.window.SurfaceSyncer$SyncSet.markSyncReady:359 android.window.SurfaceSyncer.markSyncReady:151 android.view.ViewRootImpl.performTraversals:4503 
04-06 12:15:45.018  8232  8232 I ViewRootImpl@89922c[PopupWindow:5b8b5df]: performTraversals params={(231,1703)(90x94) gr=TOP START CENTER sim={state=unchanged adjust=pan} ty=APPLICATION_SUB_PANEL fmt=TRANSLUCENT wanim=0x1030313 surfaceInsets=Rect(0, 0 - 0, 0) (manual)
04-06 12:15:45.018  8232  8232 I ViewRootImpl@89922c[PopupWindow:5b8b5df]:   fl=41800218
04-06 12:15:45.018  8232  8232 I ViewRootImpl@89922c[PopupWindow:5b8b5df]:   pfl=2018000
04-06 12:15:45.018  8232  8232 I ViewRootImpl@89922c[PopupWindow:5b8b5df]:   bhv=DEFAULT
04-06 12:15:45.018  8232  8232 I ViewRootImpl@89922c[PopupWindow:5b8b5df]:   fitTypes=STATUS_BARS NAVIGATION_BARS CAPTION_BAR naviIconColor=0
04-06 12:15:45.018  8232  8232 I ViewRootImpl@89922c[PopupWindow:5b8b5df]:   sfl=20000}
04-06 12:15:45.018  8232  8232 I ViewRootImpl@89922c[PopupWindow:5b8b5df]: performTraversals mFirst=true windowShouldResize=true viewVisibilityChanged=false mForceNextWindowRelayout=false params={(231,1703)(90x94) gr=TOP START CENTER sim={state=unchanged adjust=pan} ty=APPLICATION_SUB_PANEL fmt=TRANSLUCENT wanim=0x1030313 surfaceInsets=Rect(0, 0 - 0, 0) (manual)
04-06 12:15:45.018  8232  8232 I ViewRootImpl@89922c[PopupWindow:5b8b5df]:   fl=41800218
04-06 12:15:45.018  8232  8232 I ViewRootImpl@89922c[PopupWindow:5b8b5df]:   pfl=42018000
04-06 12:15:45.018  8232  8232 I ViewRootImpl@89922c[PopupWindow:5b8b5df]:   bhv=DEFAULT
04-06 12:15:45.018  8232  8232 I ViewRootImpl@89922c[PopupWindow:5b8b5df]:   fitTypes=STATUS_BARS NAVIGATION_BARS CAPTION_BAR naviIconColor=0
04-06 12:15:45.018  8232  8232 I ViewRootImpl@89922c[PopupWindow:5b8b5df]:   sfl=20000}
04-06 12:15:45.022  8232  8248 I ViewRootImpl@89922c[PopupWindow:5b8b5df]: Resizing android.view.ViewRootImpl@13acb71: frame = [231,1703][321,1797] reportDraw = true forceLayout = false syncSeqId = 0
04-06 12:15:45.024  8232  8232 I ViewRootImpl@89922c[PopupWindow:5b8b5df]: updateBlastSurfaceIfNeeded mBlastBufferQueue=null isSameSurfaceControl=false
04-06 12:15:45.024  8232  8232 I BLASTBufferQueue: new BLASTBufferQueue, mName= ViewRootImpl@89922c[PopupWindow:5b8b5df] mNativeObject= 0xb4000070a02f6a00 sc.mNativeObject= 0xb4000070a0ce2160 caller= android.view.ViewRootImpl.updateBlastSurfaceIfNeeded:2909 android.view.ViewRootImpl.relayoutWindow:9847 android.view.ViewRootImpl.performTraversals:3884 android.view.ViewRootImpl.doTraversal:3116 android.view.ViewRootImpl$TraversalRunnable.run:10885 android.view.Choreographer$CallbackRecord.run:1301 android.view.Choreographer$CallbackRecord.run:1309 android.view.Choreographer.doCallbacks:923 android.view.Choreographer.doFrame:852 android.view.Choreographer$FrameDisplayEventReceiver.run:1283 
04-06 12:15:45.025  8232  8232 I BLASTBufferQueue: update, w= 90 h= 94 mName = ViewRootImpl@89922c[PopupWindow:5b8b5df] mNativeObject= 0xb4000070a02f6a00 sc.mNativeObject= 0xb4000070a0ce2160 format= -3 caller= android.graphics.BLASTBufferQueue.<init>:84 android.view.ViewRootImpl.updateBlastSurfaceIfNeeded:2909 android.view.ViewRootImpl.relayoutWindow:9847 android.view.ViewRootImpl.performTraversals:3884 android.view.ViewRootImpl.doTraversal:3116 android.view.ViewRootImpl$TraversalRunnable.run:10885 
04-06 12:15:45.025  8232  8232 I ViewRootImpl@89922c[PopupWindow:5b8b5df]: Relayout returned: old=(231,1703,321,1797) new=(231,1703,321,1797) req=(90,94)0 dur=6 res=0x3 s={true 0xb4000070a6e6b800} ch=true seqId=0
04-06 12:15:45.026  8232  8232 I ViewRootImpl@89922c[PopupWindow:5b8b5df]: mThreadedRenderer.initialize() mSurface={isValid=true 0xb4000070a6e6b800} hwInitialized=true
04-06 12:15:45.026  8232  8287 D OpenGLRenderer: eglCreateWindowSurface
04-06 12:15:45.027  8232  8232 I ViewRootImpl@89922c[PopupWindow:5b8b5df]: reportNextDraw android.view.ViewRootImpl.performTraversals:4438 android.view.ViewRootImpl.doTraversal:3116 android.view.ViewRootImpl$TraversalRunnable.run:10885 android.view.Choreographer$CallbackRecord.run:1301 android.view.Choreographer$CallbackRecord.run:1309 
04-06 12:15:45.027  8232  8232 I ViewRootImpl@89922c[PopupWindow:5b8b5df]: Setup new sync id=0
04-06 12:15:45.028  8232  8232 I ViewRootImpl@89922c[PopupWindow:5b8b5df]: Setting syncFrameCallback
04-06 12:15:45.028  8232  8232 I ViewRootImpl@89922c[PopupWindow:5b8b5df]: registerCallbacksForSync syncBuffer=false
04-06 12:15:45.028  8232  8317 I ViewRootImpl@89922c[PopupWindow:5b8b5df]: Received frameDrawingCallback syncResult=0 frameNum=1.
04-06 12:15:45.028  8232  8317 I ViewRootImpl@89922c[PopupWindow:5b8b5df]: Setting up sync and frameCommitCallback
04-06 12:15:45.029  8232  8287 I BLASTBufferQueue: [ViewRootImpl@89922c[PopupWindow:5b8b5df]#3](f:0,a:0) onFrameAvailable the first frame is available
04-06 12:15:45.029  8232  8287 I ViewRootImpl@89922c[PopupWindow:5b8b5df]: Received frameCommittedCallback lastAttemptedDrawFrameNum=1 didProduceBuffer=true
04-06 12:15:45.030  8232  8287 D OpenGLRenderer: CFMS:: SetUp Pid : 8232    Tid : 8287
04-06 12:15:45.030  8232  8287 W Parcel  : Expecting binder but got null!
04-06 12:15:45.030  8232  8232 I ViewRootImpl@89922c[PopupWindow:5b8b5df]: onSyncComplete
04-06 12:15:45.030  8232  8232 I ViewRootImpl@89922c[PopupWindow:5b8b5df]: setupSync seqId=0 mSyncId=0 fn=1 caller=android.view.ViewRootImpl$$ExternalSyntheticLambda11.accept:6 android.window.SurfaceSyncer.lambda$setupSync$1$android-window-SurfaceSyncer:128 android.window.SurfaceSyncer$$ExternalSyntheticLambda1.accept:8 android.window.SurfaceSyncer$SyncSet.checkIfSyncIsComplete:382 android.window.SurfaceSyncer$SyncSet.markSyncReady:359 android.window.SurfaceSyncer.markSyncReady:151 android.view.ViewRootImpl.performTraversals:4503 
04-06 12:15:45.031  8232  8232 I ViewRootImpl@89922c[PopupWindow:5b8b5df]: reportDrawFinished seqId=0 mSyncId=-1 fn=1 mSurfaceChangedTransaction=0xb4000070a03daf00
04-06 12:15:45.031  8232  8232 I ViewRootImpl@5747b3d[PopupWindow:5a24494]: reportDrawFinished seqId=0 mSyncId=-1 fn=1 mSurfaceChangedTransaction=0xb4000070a03da300
04-06 12:15:45.034  8232  8232 I ViewRootImpl@5747b3d[PopupWindow:5a24494]: handleResized, msg = 5 frames=ClientWindowFrames{frame=[231,1797][321,1905] display=[-100000,-100000][100000,100000] parentFrame=[0,0][0,0] parentClippedByDisplayCutout=false} forceNextWindowRelayout=false displayId=0 resizeMode=-1 frameChanged=false displayFrameChanged=false configChanged=false displayChanged=false
04-06 12:15:45.034  8232  8232 I ViewRootImpl@5747b3d[PopupWindow:5a24494]: handleResized mSyncSeqId = 0
04-06 12:15:45.034  8232  8232 I ViewRootImpl@5747b3d[PopupWindow:5a24494]: reportNextDraw android.view.ViewRootImpl.handleResized:2450 android.view.ViewRootImpl.-$$Nest$mhandleResized:0 android.view.ViewRootImpl$ViewRootHandler.handleMessageImpl:6728 android.view.ViewRootImpl$ViewRootHandler.handleMessage:6697 android.os.Handler.dispatchMessage:106 
04-06 12:15:45.035  8232  8232 I ViewRootImpl@89922c[PopupWindow:5b8b5df]: handleResized, msg = 5 frames=ClientWindowFrames{frame=[231,1703][321,1797] display=[-100000,-100000][100000,100000] parentFrame=[0,0][0,0] parentClippedByDisplayCutout=false} forceNextWindowRelayout=false displayId=0 resizeMode=-1 frameChanged=false displayFrameChanged=false configChanged=false displayChanged=false
04-06 12:15:45.035  8232  8232 I ViewRootImpl@89922c[PopupWindow:5b8b5df]: handleResized mSyncSeqId = 0
04-06 12:15:45.035  8232  8232 I ViewRootImpl@89922c[PopupWindow:5b8b5df]: reportNextDraw android.view.ViewRootImpl.handleResized:2450 android.view.ViewRootImpl.-$$Nest$mhandleResized:0 android.view.ViewRootImpl$ViewRootHandler.handleMessageImpl:6728 android.view.ViewRootImpl$ViewRootHandler.handleMessage:6697 android.os.Handler.dispatchMessage:106 
04-06 12:15:45.042  8232  8232 I ViewRootImpl@5747b3d[PopupWindow:5a24494]: Setup new sync id=1
04-06 12:15:45.042  8232  8232 I ViewRootImpl@5747b3d[PopupWindow:5a24494]: Setting syncFrameCallback
04-06 12:15:45.042  8232  8232 I ViewRootImpl@5747b3d[PopupWindow:5a24494]: registerCallbacksForSync syncBuffer=false
04-06 12:15:45.045  8232  8318 I ViewRootImpl@5747b3d[PopupWindow:5a24494]: Received frameDrawingCallback syncResult=0 frameNum=3.
04-06 12:15:45.045  8232  8318 I ViewRootImpl@5747b3d[PopupWindow:5a24494]: Setting up sync and frameCommitCallback
04-06 12:15:45.046  8232  8287 I ViewRootImpl@5747b3d[PopupWindow:5a24494]: Received frameCommittedCallback lastAttemptedDrawFrameNum=3 didProduceBuffer=true
04-06 12:15:45.046  8232  8232 I ViewRootImpl@5747b3d[PopupWindow:5a24494]: onSyncComplete
04-06 12:15:45.046  8232  8232 I ViewRootImpl@5747b3d[PopupWindow:5a24494]: setupSync seqId=0 mSyncId=1 fn=3 caller=android.view.ViewRootImpl$$ExternalSyntheticLambda11.accept:6 android.window.SurfaceSyncer.lambda$setupSync$1$android-window-SurfaceSyncer:128 android.window.SurfaceSyncer$$ExternalSyntheticLambda1.accept:8 android.window.SurfaceSyncer$SyncSet.checkIfSyncIsComplete:382 android.window.SurfaceSyncer$SyncSet.markSyncReady:359 android.window.SurfaceSyncer.markSyncReady:151 android.view.ViewRootImpl.performTraversals:4503 
04-06 12:15:45.047  8232  8232 I ViewRootImpl@89922c[PopupWindow:5b8b5df]: Setup new sync id=1
04-06 12:15:45.047  8232  8232 I ViewRootImpl@89922c[PopupWindow:5b8b5df]: Setting syncFrameCallback
04-06 12:15:45.047  8232  8232 I ViewRootImpl@89922c[PopupWindow:5b8b5df]: registerCallbacksForSync syncBuffer=false
04-06 12:15:45.047  8232  8317 I ViewRootImpl@89922c[PopupWindow:5b8b5df]: Received frameDrawingCallback syncResult=0 frameNum=2.
04-06 12:15:45.047  8232  8317 I ViewRootImpl@89922c[PopupWindow:5b8b5df]: Setting up sync and frameCommitCallback
04-06 12:15:45.048  8232  8287 I ViewRootImpl@89922c[PopupWindow:5b8b5df]: Received frameCommittedCallback lastAttemptedDrawFrameNum=2 didProduceBuffer=true
04-06 12:15:45.048  8232  8232 I ViewRootImpl@89922c[PopupWindow:5b8b5df]: onSyncComplete
04-06 12:15:45.048  8232  8232 I ViewRootImpl@89922c[PopupWindow:5b8b5df]: setupSync seqId=0 mSyncId=1 fn=2 caller=android.view.ViewRootImpl$$ExternalSyntheticLambda11.accept:6 android.window.SurfaceSyncer.lambda$setupSync$1$android-window-SurfaceSyncer:128 android.window.SurfaceSyncer$$ExternalSyntheticLambda1.accept:8 android.window.SurfaceSyncer$SyncSet.checkIfSyncIsComplete:382 android.window.SurfaceSyncer$SyncSet.markSyncReady:359 android.window.SurfaceSyncer.markSyncReady:151 android.view.ViewRootImpl.performTraversals:4503 
04-06 12:15:45.049  8232  8232 I ViewRootImpl@89922c[PopupWindow:5b8b5df]: reportDrawFinished seqId=0 mSyncId=-1 fn=2 mSurfaceChangedTransaction=0xb4000070a03daf00
04-06 12:15:45.049  8232  8232 I ViewRootImpl@5747b3d[PopupWindow:5a24494]: reportDrawFinished seqId=0 mSyncId=-1 fn=3 mSurfaceChangedTransaction=0xb4000070a03da300
04-06 12:15:45.061  8232  8232 W OnBackInvokedCallback: OnBackInvokedCallback is not enabled for the application.
04-06 12:15:45.061  8232  8232 W OnBackInvokedCallback: Set 'android:enableOnBackInvokedCallback="true"' in the application manifest.
04-06 12:15:45.082  8232  8247 I ViewRootImpl@73623ee[MainActivity]: Resizing android.view.ViewRootImpl@25a16ab: frame = [0,0][1080,2400] reportDraw = false forceLayout = false syncSeqId = 0
04-06 12:15:45.082  8232  8248 I ViewRootImpl@5747b3d[PopupWindow:5a24494]: Resizing android.view.ViewRootImpl@d721c7e: frame = [231,1797][321,1905] reportDraw = false forceLayout = false syncSeqId = 0
04-06 12:15:45.082  8232  8314 I ViewRootImpl@89922c[PopupWindow:5b8b5df]: Resizing android.view.ViewRootImpl@13acb71: frame = [231,1703][321,1797] reportDraw = false forceLayout = false syncSeqId = 0
04-06 12:15:45.083  8232  8232 D InsetsController: onStateChanged: InsetsState: {mDisplayFrame=Rect(0, 0 - 1080, 2400), mDisplayCutout=DisplayCutout{insets=Rect(0, 88 - 0, 0) waterfall=Insets{left=0, top=0, right=0, bottom=0} boundingRect={Bounds=[Rect(0, 0 - 0, 0), Rect(512, 0 - 568, 88), Rect(0, 0 - 0, 0), Rect(0, 0 - 0, 0)]} cutoutPathParserInfo={CutoutPathParserInfo{displayWidth=1080 displayHeight=2400 physicalDisplayWidth=1080 physicalDisplayHeight=2400 density={3.0} cutoutSpec={M 0,0 M 0,10.71963616907435 a 9.280363830925644,9.280363830925644 0 1,0 0,18.56072766185129 a 9.280363830925644,9.280363830925644 0 1,0 0,-18.56072766185129 Z @dp} rotation={0} scale={1.0} physicalPixelDisplaySizeRatio={1.0}}}}, mRoundedCorners=RoundedCorners{[RoundedCorner{position=TopLeft, radius=96, center=Point(96, 96)}, RoundedCorner{position=TopRight, radius=96, center=Point(984, 96)}, RoundedCorner{position=BottomRight, radius=96, center=Point(984, 2304)}, RoundedCorner{position=BottomLeft, radius=96, center=Point(96, 2304)}]}  mRoundedCornerFrame=Rect(0, 0 - 1080, 2400), mPrivacyIndicatorBounds=PrivacyIndicatorBounds {static bounds=Rect(948, 0 - 1080, 88) rotation=0}, mSources= { InsetsSource: {mType=ITYPE_STATUS_BAR, mFrame=[0,0][1080,88], mVisible=true, mInsetsRoundedCornerFrame=false}, InsetsSource: {mType=ITYPE_NAVIGATION_BAR, mFrame=[0,2256][1080,2400], mVisible=true, mInsetsRoundedCornerFrame=false}, InsetsSource: {mType=ITYPE_LEFT_GESTURES, mFrame=[0,0][0,2400], mVisible=true, mInsetsRoundedCornerFrame=false}, InsetsSource: {mType=ITYPE_RIGHT_GESTURES, mFrame=[1080,0][1080,2400], mVisible=true, mInsetsRoundedCornerFrame=false}, InsetsSource: {mType=ITYPE_TOP_MANDATORY_GESTURES, mFrame=[0,0][1080,124], mVisible=true, mInsetsRoundedCornerFrame=false}, InsetsSource: {mType=ITYPE_BOTTOM_MANDATORY_GESTURES, mFrame=[0,2256][1080,2400], mVisible=true, mInsetsRoundedCornerFrame=false}, InsetsSource: {mType=ITYPE_LEFT_DISPLAY_CUTOUT, mFrame=[0,0][-100000,2400], mVisible=true, mInsetsRoundedCornerFrame=false}, InsetsSource: {mType=ITYPE_TOP_DISPLAY_CUTOUT, mFrame=[0,0][1080,88], mVisible=true, mInsetsRoundedCornerFrame=false}, InsetsSource: {mType=ITYPE_RIGHT_DISPLAY_CUTOUT, mFrame=[100000,0][1080,2400], mVisible=true, mInsetsRoundedCornerFrame=false}, InsetsSource: {mType=ITYPE_BOTTOM_DISPLAY_CUTOUT, mFrame=[0,100000][1080,2400], mVisible=true, mInsetsRoundedCornerFrame=false}, InsetsSource: {mType=ITYPE_TOP_TAPPABLE_ELEMENT, mFrame=[0,0][1080,88], mVisible=true, mInsetsRoundedCornerFrame=false}, InsetsSource: {mType=ITYPE_BOTTOM_TAPPABLE_ELEMENT, mFrame=[0,2256][1080,2400], mVisible=true, mInsetsRoundedCornerFrame=false}, InsetsSource: {mType=ITYPE_IME, mFrame=[0,1374][1080,2400], mVisibleFrame=[0,1374][1080,2400], mVisible=false, mInsetsRoundedCornerFrame=false} } host=com.evolucao.app/com.evolucao.app.MainActivity from=android.view.ViewRootImpl$ViewRootHandler.handleMessageImpl:6727
04-06 12:15:45.083  8232  8232 I ViewRootImpl@73623ee[MainActivity]: handleResized, msg = 4 frames=ClientWindowFrames{frame=[0,0][1080,2400] display=[0,0][1080,2400] parentFrame=[0,0][0,0] parentClippedByDisplayCutout=false} forceNextWindowRelayout=false displayId=0 resizeMode=-1 frameChanged=false displayFrameChanged=false configChanged=false displayChanged=false
