04-06 14:22:35.096 26955 26955 D InsetsController: onStateChanged: InsetsState: {mDisplayFrame=Rect(0, 0 - 1080, 2400), mDisplayCutout=DisplayCutout{insets=Rect(0, 88 - 0, 0) waterfall=Insets{left=0, top=0, right=0, bottom=0} boundingRect={Bounds=[Rect(0, 0 - 0, 0), Rect(512, 0 - 568, 88), Rect(0, 0 - 0, 0), Rect(0, 0 - 0, 0)]} cutoutPathParserInfo={CutoutPathParserInfo{displayWidth=1080 displayHeight=2400 physicalDisplayWidth=1080 physicalDisplayHeight=2400 density={3.0} cutoutSpec={M 0,0 M 0,10.71963616907435 a 9.280363830925644,9.280363830925644 0 1,0 0,18.56072766185129 a 9.280363830925644,9.280363830925644 0 1,0 0,-18.56072766185129 Z @dp} rotation={0} scale={1.0} physicalPixelDisplaySizeRatio={1.0}}}}, mRoundedCorners=RoundedCorners{[RoundedCorner{position=TopLeft, radius=96, center=Point(96, 96)}, RoundedCorner{position=TopRight, radius=96, center=Point(984, 96)}, RoundedCorner{position=BottomRight, radius=96, center=Point(984, 2304)}, RoundedCorner{position=BottomLeft, radius=96, center=Point(96, 2304)}]}  mRoundedCornerFrame=Rect(0, 0 - 1080, 2400), mPrivacyIndicatorBounds=PrivacyIndicatorBounds {static bounds=Rect(948, 0 - 1080, 88) rotation=0}, mSources= { InsetsSource: {mType=ITYPE_STATUS_BAR, mFrame=[0,0][1080,88], mVisible=true, mInsetsRoundedCornerFrame=false}, InsetsSource: {mType=ITYPE_NAVIGATION_BAR, mFrame=[0,2256][1080,2400], mVisible=true, mInsetsRoundedCornerFrame=false}, InsetsSource: {mType=ITYPE_LEFT_GESTURES, mFrame=[0,0][0,2400], mVisible=true, mInsetsRoundedCornerFrame=false}, InsetsSource: {mType=ITYPE_RIGHT_GESTURES, mFrame=[1080,0][1080,2400], mVisible=true, mInsetsRoundedCornerFrame=false}, InsetsSource: {mType=ITYPE_TOP_MANDATORY_GESTURES, mFrame=[0,0][1080,124], mVisible=true, mInsetsRoundedCornerFrame=false}, InsetsSource: {mType=ITYPE_BOTTOM_MANDATORY_GESTURES, mFrame=[0,2256][1080,2400], mVisible=true, mInsetsRoundedCornerFrame=false}, InsetsSource: {mType=ITYPE_LEFT_DISPLAY_CUTOUT, mFrame=[0,0][-100000,2400], mVisible=true, mInsetsRoundedCornerFrame=false}, InsetsSource: {mType=ITYPE_TOP_DISPLAY_CUTOUT, mFrame=[0,0][1080,88], mVisible=true, mInsetsRoundedCornerFrame=false}, InsetsSource: {mType=ITYPE_RIGHT_DISPLAY_CUTOUT, mFrame=[100000,0][1080,2400], mVisible=true, mInsetsRoundedCornerFrame=false}, InsetsSource: {mType=ITYPE_BOTTOM_DISPLAY_CUTOUT, mFrame=[0,100000][1080,2400], mVisible=true, mInsetsRoundedCornerFrame=false}, InsetsSource: {mType=ITYPE_TOP_TAPPABLE_ELEMENT, mFrame=[0,0][1080,88], mVisible=true, mInsetsRoundedCornerFrame=false}, InsetsSource: {mType=ITYPE_BOTTOM_TAPPABLE_ELEMENT, mFrame=[0,2256][1080,2400], mVisible=true, mInsetsRoundedCornerFrame=false}, InsetsSource: {mType=ITYPE_IME, mFrame=[0,0][0,0], mVisibleFrame=[0,1374][1080,2400], mVisible=false, mInsetsRoundedCornerFrame=false} } host=PopupWindow:b19674c from=android.view.ViewRootImpl.setView:1732
04-06 14:22:35.098 26955 26955 I ViewRootImpl@8125395[PopupWindow:b19674c]: setView = android.widget.PopupWindow$PopupDecorView@2919411 TM=false
04-06 14:22:35.102 26955 26955 I ViewRootImpl@8125395[PopupWindow:b19674c]: performTraversals params={(0,88)(fillxwrap) gr=TOP START CENTER sim={state=unchanged adjust=pan} ty=APPLICATION_PANEL fmt=TRANSLUCENT surfaceInsets=Rect(0, 0 - 0, 0) (manual)
04-06 14:22:35.102 26955 26955 I ViewRootImpl@8125395[PopupWindow:b19674c]:   fl=41800008
04-06 14:22:35.102 26955 26955 I ViewRootImpl@8125395[PopupWindow:b19674c]:   pfl=42018000
04-06 14:22:35.102 26955 26955 I ViewRootImpl@8125395[PopupWindow:b19674c]:   bhv=DEFAULT
04-06 14:22:35.102 26955 26955 I ViewRootImpl@8125395[PopupWindow:b19674c]:   fitTypes=STATUS_BARS NAVIGATION_BARS CAPTION_BAR naviIconColor=0
04-06 14:22:35.102 26955 26955 I ViewRootImpl@8125395[PopupWindow:b19674c]:   sfl=20000}
04-06 14:22:35.103 26955 26955 I ViewRootImpl@8125395[PopupWindow:b19674c]: performTraversals mFirst=true windowShouldResize=true viewVisibilityChanged=false mForceNextWindowRelayout=false params={(0,88)(fillxwrap) gr=TOP START CENTER sim={state=unchanged adjust=pan} ty=APPLICATION_PANEL fmt=TRANSLUCENT surfaceInsets=Rect(0, 0 - 0, 0) (manual)
04-06 14:22:35.103 26955 26955 I ViewRootImpl@8125395[PopupWindow:b19674c]:   fl=41800008
04-06 14:22:35.103 26955 26955 I ViewRootImpl@8125395[PopupWindow:b19674c]:   pfl=42018000
04-06 14:22:35.103 26955 26955 I ViewRootImpl@8125395[PopupWindow:b19674c]:   bhv=DEFAULT
04-06 14:22:35.103 26955 26955 I ViewRootImpl@8125395[PopupWindow:b19674c]:   fitTypes=STATUS_BARS NAVIGATION_BARS CAPTION_BAR naviIconColor=0
04-06 14:22:35.103 26955 26955 I ViewRootImpl@8125395[PopupWindow:b19674c]:   sfl=20000}
04-06 14:22:35.106 26955 27061 I ViewRootImpl@8125395[PopupWindow:b19674c]: Resizing android.view.ViewRootImpl@93f6976: frame = [0,88][1080,167] reportDraw = true forceLayout = false syncSeqId = 0
04-06 14:22:35.107 26955 26955 I ViewRootImpl@8125395[PopupWindow:b19674c]: updateBlastSurfaceIfNeeded mBlastBufferQueue=null isSameSurfaceControl=false
04-06 14:22:35.108 26955 26955 I BLASTBufferQueue: new BLASTBufferQueue, mName= ViewRootImpl@8125395[PopupWindow:b19674c] mNativeObject= 0xb4000070a0362500 sc.mNativeObject= 0xb4000070a0cf4f40 caller= android.view.ViewRootImpl.updateBlastSurfaceIfNeeded:2909 android.view.ViewRootImpl.relayoutWindow:9847 android.view.ViewRootImpl.performTraversals:3884 android.view.ViewRootImpl.doTraversal:3116 android.view.ViewRootImpl$TraversalRunnable.run:10885 android.view.Choreographer$CallbackRecord.run:1301 android.view.Choreographer$CallbackRecord.run:1309 android.view.Choreographer.doCallbacks:923 android.view.Choreographer.doFrame:852 android.view.Choreographer$FrameDisplayEventReceiver.run:1283 
04-06 14:22:35.108 26955 26955 I BLASTBufferQueue: update, w= 1080 h= 79 mName = ViewRootImpl@8125395[PopupWindow:b19674c] mNativeObject= 0xb4000070a0362500 sc.mNativeObject= 0xb4000070a0cf4f40 format= -3 caller= android.graphics.BLASTBufferQueue.<init>:84 android.view.ViewRootImpl.updateBlastSurfaceIfNeeded:2909 android.view.ViewRootImpl.relayoutWindow:9847 android.view.ViewRootImpl.performTraversals:3884 android.view.ViewRootImpl.doTraversal:3116 android.view.ViewRootImpl$TraversalRunnable.run:10885 
04-06 14:22:35.108 26955 26955 I ViewRootImpl@8125395[PopupWindow:b19674c]: Relayout returned: old=(0,88,1080,2256) new=(0,88,1080,167) req=(1080,79)0 dur=4 res=0x3 s={true 0xb4000070a70f3800} ch=true seqId=0
04-06 14:22:35.109 26955 26955 I ViewRootImpl@8125395[PopupWindow:b19674c]: mThreadedRenderer.initialize() mSurface={isValid=true 0xb4000070a70f3800} hwInitialized=true
04-06 14:22:35.109 26955 27033 D OpenGLRenderer: eglCreateWindowSurface
04-06 14:22:35.110 26955 26955 I ViewRootImpl@8125395[PopupWindow:b19674c]: reportNextDraw android.view.ViewRootImpl.performTraversals:4438 android.view.ViewRootImpl.doTraversal:3116 android.view.ViewRootImpl$TraversalRunnable.run:10885 android.view.Choreographer$CallbackRecord.run:1301 android.view.Choreographer$CallbackRecord.run:1309 
04-06 14:22:35.110 26955 26955 I ViewRootImpl@8125395[PopupWindow:b19674c]: Setup new sync id=0
04-06 14:22:35.110 26955 26955 I ViewRootImpl@8125395[PopupWindow:b19674c]: Setting syncFrameCallback
04-06 14:22:35.110 26955 26955 I ViewRootImpl@8125395[PopupWindow:b19674c]: registerCallbacksForSync syncBuffer=false
04-06 14:22:35.111 26955 27058 I ViewRootImpl@8125395[PopupWindow:b19674c]: Received frameDrawingCallback syncResult=0 frameNum=1.
04-06 14:22:35.112 26955 27058 I ViewRootImpl@8125395[PopupWindow:b19674c]: Setting up sync and frameCommitCallback
04-06 14:22:35.120 26955 27033 I BLASTBufferQueue: [ViewRootImpl@8125395[PopupWindow:b19674c]#1](f:0,a:0) onFrameAvailable the first frame is available
04-06 14:22:35.121 26955 27033 I ViewRootImpl@8125395[PopupWindow:b19674c]: Received frameCommittedCallback lastAttemptedDrawFrameNum=1 didProduceBuffer=true
04-06 14:22:35.122 26955 27033 D OpenGLRenderer: CFMS:: SetUp Pid : 26955    Tid : 27033
04-06 14:22:35.122 26955 27033 W Parcel  : Expecting binder but got null!
04-06 14:22:35.122 26955 26955 I ViewRootImpl@8125395[PopupWindow:b19674c]: onSyncComplete
04-06 14:22:35.122 26955 26955 I ViewRootImpl@8125395[PopupWindow:b19674c]: setupSync seqId=0 mSyncId=0 fn=1 caller=android.view.ViewRootImpl$$ExternalSyntheticLambda11.accept:6 android.window.SurfaceSyncer.lambda$setupSync$1$android-window-SurfaceSyncer:128 android.window.SurfaceSyncer$$ExternalSyntheticLambda1.accept:8 android.window.SurfaceSyncer$SyncSet.checkIfSyncIsComplete:382 android.window.SurfaceSyncer$SyncSet.markSyncReady:359 android.window.SurfaceSyncer.markSyncReady:151 android.view.ViewRootImpl.performTraversals:4503 
04-06 14:22:35.122 26955 26955 I ViewRootImpl@8125395[PopupWindow:b19674c]: reportDrawFinished seqId=0 mSyncId=-1 fn=1 mSurfaceChangedTransaction=0xb4000070a70cb700
04-06 14:22:35.123 26955 26955 I ViewRootImpl@73623ee[MainActivity]: MSG_WINDOW_FOCUS_CHANGED 1 0
04-06 14:22:35.123 26955 26955 I ViewRootImpl@73623ee[MainActivity]: mThreadedRenderer.initializeIfNeeded()#2 mSurface={isValid=true 0xb4000070a70f1000}
04-06 14:22:35.123 26955 26955 W unknown:BridgelessReact: ReactHost{0}.raiseSoftException(onWindowFocusChange(hasFocus = "true")): Tried to access onWindowFocusChange while context is not ready
04-06 14:22:35.124 26955 26955 E unknown:ReactHost: Unhandled SoftException
04-06 14:22:35.124 26955 26955 E unknown:ReactHost: com.facebook.react.bridge.ReactNoCrashSoftException: raiseSoftException(onWindowFocusChange(hasFocus = "true")): Tried to access onWindowFocusChange while context is not ready
04-06 14:22:35.124 26955 26955 E unknown:ReactHost: 	at com.facebook.react.runtime.ReactHostImpl.raiseSoftException(ReactHostImpl.kt:861)
04-06 14:22:35.124 26955 26955 E unknown:ReactHost: 	at com.facebook.react.runtime.ReactHostImpl.raiseSoftException$default(ReactHostImpl.kt:852)
04-06 14:22:35.124 26955 26955 E unknown:ReactHost: 	at com.facebook.react.runtime.ReactHostImpl.onWindowFocusChange(ReactHostImpl.kt:625)
04-06 14:22:35.124 26955 26955 E unknown:ReactHost: 	at com.facebook.react.ReactDelegate.onWindowFocusChanged(ReactDelegate.kt:232)
04-06 14:22:35.124 26955 26955 E unknown:ReactHost: 	at com.facebook.react.ReactActivityDelegate.onWindowFocusChanged(ReactActivityDelegate.java:237)
04-06 14:22:35.124 26955 26955 E unknown:ReactHost: 	at expo.modules.ReactActivityDelegateWrapper$onWindowFocusChanged$1.invokeSuspend(ReactActivityDelegateWrapper.kt:320)
04-06 14:22:35.124 26955 26955 E unknown:ReactHost: 	at expo.modules.ReactActivityDelegateWrapper$onWindowFocusChanged$1.invoke(Unknown Source:8)
04-06 14:22:35.124 26955 26955 E unknown:ReactHost: 	at expo.modules.ReactActivityDelegateWrapper$onWindowFocusChanged$1.invoke(Unknown Source:4)
04-06 14:22:35.124 26955 26955 E unknown:ReactHost: 	at expo.modules.ReactActivityDelegateWrapper$launchLifecycleScopeWithLock$1.invokeSuspend(ReactActivityDelegateWrapper.kt:452)
04-06 14:22:35.124 26955 26955 E unknown:ReactHost: 	at kotlin.coroutines.jvm.internal.BaseContinuationImpl.resumeWith(ContinuationImpl.kt:33)
04-06 14:22:35.124 26955 26955 E unknown:ReactHost: 	at kotlinx.coroutines.internal.DispatchedContinuationKt.resumeCancellableWith(DispatchedContinuation.kt:375)
04-06 14:22:35.124 26955 26955 E unknown:ReactHost: 	at kotlinx.coroutines.intrinsics.CancellableKt.startCoroutineCancellable(Cancellable.kt:26)
04-06 14:22:35.124 26955 26955 E unknown:ReactHost: 	at kotlinx.coroutines.CoroutineStart.invoke(CoroutineStart.kt:358)
04-06 14:22:35.124 26955 26955 E unknown:ReactHost: 	at kotlinx.coroutines.AbstractCoroutine.start(AbstractCoroutine.kt:134)
04-06 14:22:35.124 26955 26955 E unknown:ReactHost: 	at kotlinx.coroutines.BuildersKt__Builders_commonKt.launch(Builders.common.kt:53)
04-06 14:22:35.124 26955 26955 E unknown:ReactHost: 	at kotlinx.coroutines.BuildersKt.launch(Unknown Source:1)
04-06 14:22:35.124 26955 26955 E unknown:ReactHost: 	at kotlinx.coroutines.BuildersKt__Builders_commonKt.launch$default(Builders.common.kt:44)
04-06 14:22:35.124 26955 26955 E unknown:ReactHost: 	at kotlinx.coroutines.BuildersKt.launch$default(Unknown Source:1)
04-06 14:22:35.124 26955 26955 E unknown:ReactHost: 	at expo.modules.ReactActivityDelegateWrapper.launchLifecycleScopeWithLock(ReactActivityDelegateWrapper.kt:450)
04-06 14:22:35.124 26955 26955 E unknown:ReactHost: 	at expo.modules.ReactActivityDelegateWrapper.launchLifecycleScopeWithLock$default(ReactActivityDelegateWrapper.kt:446)
04-06 14:22:35.124 26955 26955 E unknown:ReactHost: 	at expo.modules.ReactActivityDelegateWrapper.onWindowFocusChanged(ReactActivityDelegateWrapper.kt:318)
04-06 14:22:35.124 26955 26955 E unknown:ReactHost: 	at com.facebook.react.ReactActivity.onWindowFocusChanged(ReactActivity.java:158)
04-06 14:22:35.124 26955 26955 E unknown:ReactHost: 	at androidx.appcompat.view.WindowCallbackWrapper.onWindowFocusChanged(WindowCallbackWrapper.java:124)
04-06 14:22:35.124 26955 26955 E unknown:ReactHost: 	at com.android.internal.policy.DecorView.onWindowFocusChanged(DecorView.java:2710)
04-06 14:22:35.124 26955 26955 E unknown:ReactHost: 	at android.view.View.dispatchWindowFocusChanged(View.java:15817)
04-06 14:22:35.124 26955 26955 E unknown:ReactHost: 	at android.view.ViewGroup.dispatchWindowFocusChanged(ViewGroup.java:1512)
04-06 14:22:35.124 26955 26955 E unknown:ReactHost: 	at android.view.ViewRootImpl.handleWindowFocusChanged(ViewRootImpl.java:4678)
04-06 14:22:35.124 26955 26955 E unknown:ReactHost: 	at android.view.ViewRootImpl.-$$Nest$mhandleWindowFocusChanged(Unknown Source:0)
04-06 14:22:35.124 26955 26955 E unknown:ReactHost: 	at android.view.ViewRootImpl$ViewRootHandler.handleMessageImpl(ViewRootImpl.java:6788)
04-06 14:22:35.124 26955 26955 E unknown:ReactHost: 	at android.view.ViewRootImpl$ViewRootHandler.handleMessage(ViewRootImpl.java:6697)
04-06 14:22:35.124 26955 26955 E unknown:ReactHost: 	at android.os.Handler.dispatchMessage(Handler.java:106)
04-06 14:22:35.124 26955 26955 E unknown:ReactHost: 	at android.os.Looper.loopOnce(Looper.java:226)
04-06 14:22:35.124 26955 26955 E unknown:ReactHost: 	at android.os.Looper.loop(Looper.java:313)
04-06 14:22:35.124 26955 26955 E unknown:ReactHost: 	at android.app.ActivityThread.main(ActivityThread.java:8762)
04-06 14:22:35.124 26955 26955 E unknown:ReactHost: 	at java.lang.reflect.Method.invoke(Native Method)
04-06 14:22:35.124 26955 26955 E unknown:ReactHost: 	at com.android.internal.os.RuntimeInit$MethodAndArgsCaller.run(RuntimeInit.java:604)
04-06 14:22:35.124 26955 26955 E unknown:ReactHost: 	at com.android.internal.os.ZygoteInit.main(ZygoteInit.java:1067)
04-06 14:22:35.125 26955 26955 D InputMethodManager: startInputInner - Id : 0
04-06 14:22:35.125 26955 26955 I InputMethodManager: startInputInner - mService.startInputOrWindowGainedFocus
04-06 14:22:35.130 26955 26955 I ViewRootImpl@8125395[PopupWindow:b19674c]: handleResized, msg = 5 frames=ClientWindowFrames{frame=[0,88][1080,167] display=[0,88][1080,2256] parentFrame=[0,0][0,0] parentClippedByDisplayCutout=false} forceNextWindowRelayout=false displayId=0 resizeMode=-1 frameChanged=false displayFrameChanged=false configChanged=false displayChanged=false
04-06 14:22:35.130 26955 26955 I ViewRootImpl@8125395[PopupWindow:b19674c]: handleResized mSyncSeqId = 0
04-06 14:22:35.130 26955 26955 I ViewRootImpl@8125395[PopupWindow:b19674c]: reportNextDraw android.view.ViewRootImpl.handleResized:2450 android.view.ViewRootImpl.-$$Nest$mhandleResized:0 android.view.ViewRootImpl$ViewRootHandler.handleMessageImpl:6728 android.view.ViewRootImpl$ViewRootHandler.handleMessage:6697 android.os.Handler.dispatchMessage:106 
04-06 14:22:35.132 26955 26955 I ViewRootImpl@8125395[PopupWindow:b19674c]: Setup new sync id=1
04-06 14:22:35.132 26955 26955 I ViewRootImpl@8125395[PopupWindow:b19674c]: Setting syncFrameCallback
04-06 14:22:35.132 26955 26955 I ViewRootImpl@8125395[PopupWindow:b19674c]: registerCallbacksForSync syncBuffer=false
04-06 14:22:35.133 26955 27057 I ViewRootImpl@8125395[PopupWindow:b19674c]: Received frameDrawingCallback syncResult=0 frameNum=3.
04-06 14:22:35.133 26955 27057 I ViewRootImpl@8125395[PopupWindow:b19674c]: Setting up sync and frameCommitCallback
04-06 14:22:35.138 26955 27033 I ViewRootImpl@8125395[PopupWindow:b19674c]: Received frameCommittedCallback lastAttemptedDrawFrameNum=3 didProduceBuffer=true
04-06 14:22:35.139 26955 26955 I ViewRootImpl@8125395[PopupWindow:b19674c]: onSyncComplete
04-06 14:22:35.139 26955 26955 I ViewRootImpl@8125395[PopupWindow:b19674c]: setupSync seqId=0 mSyncId=1 fn=3 caller=android.view.ViewRootImpl$$ExternalSyntheticLambda11.accept:6 android.window.SurfaceSyncer.lambda$setupSync$1$android-window-SurfaceSyncer:128 android.window.SurfaceSyncer$$ExternalSyntheticLambda1.accept:8 android.window.SurfaceSyncer$SyncSet.checkIfSyncIsComplete:382 android.window.SurfaceSyncer$SyncSet.markSyncReady:359 android.window.SurfaceSyncer.markSyncReady:151 android.view.ViewRootImpl.performTraversals:4503 
04-06 14:22:35.139 26955 26955 I ViewRootImpl@8125395[PopupWindow:b19674c]: reportDrawFinished seqId=0 mSyncId=-1 fn=3 mSurfaceChangedTransaction=0xb4000070a70cb700
04-06 14:22:35.141 26955 26955 D InputMethodManager: startInputInner - Id : 0
04-06 14:22:35.426 26955 27033 D OpenGLRenderer: setSurface called with nullptr
04-06 14:22:35.426 26955 27033 D OpenGLRenderer: setSurface() destroyed EGLSurface
04-06 14:22:35.426 26955 27055 D Detox.RNMarker: DOWNLOAD_END ({"url":"http:\/\/localhost:8081\/.expo\/.virtual-metro-entry.bundle?platform=android&dev=true&lazy=true&minify=false&app=com.evolucao.app&modulesOnly=false&runModule=true&excludeSource=true&sourcePaths=url-server","filesChangedCount":0})
04-06 14:22:35.426 26955 27033 D OpenGLRenderer: destroyEglSurface
04-06 14:22:35.426 26955 27055 W unknown:BridgelessReact: ReactHost{0}.loadJSBundleFromMetro(): Creating BundleLoader
04-06 14:22:35.427 26955 27054 W unknown:BridgelessReact: ReactHost{0}.getOrCreateReactInstanceTask(): Creating BridgelessReactContext
04-06 14:22:35.427 26955 26955 I ViewRootImpl@8125395[PopupWindow:b19674c]: dispatchDetachedFromWindow
04-06 14:22:35.428 26955 27054 W unknown:BridgelessReact: ReactHost{0}.getOrCreateReactInstanceTask(): Creating ReactInstance
04-06 14:22:35.429 26955 26955 D InputTransport: Input channel destroyed: '9b1d089', fd=119
04-06 14:22:35.440 26955 27054 D jni_lib_merge: Entering merged library JNI_OnLoad.
04-06 14:22:35.440 26955 27054 D jni_lib_merge: Preparing 4 pre-merged libs (including stub)
04-06 14:22:35.440 26955 27054 D jni_lib_merge: Preparing to register libhermes_executor_so.  onload_func: 0x70221b3fa4
04-06 14:22:35.440 26955 27054 D jni_lib_merge: Preparing to register libhermesinstancejni_so.  onload_func: 0x70221ed8b4
04-06 14:22:35.440 26955 27054 D jni_lib_merge: Preparing to register libjsijniprofiler_so.  onload_func: 0x70221ef8f8
04-06 14:22:35.440 26955 27054 D jni_lib_merge: About to register 3 actual methods.
04-06 14:22:35.490 26955 27055 D TrafficStats: tagSocket(131) with statsTag=0xffffffff, statsUid=-1
04-06 14:22:35.538 26955 27054 I ExpoModulesCore: ✅ AppContext was initialized
04-06 14:22:35.566 26955 27054 W unknown:BridgelessReact: ReactHost{0}.getOrCreateReactInstanceTask(): Loading JS Bundle
04-06 14:22:35.566 26955 27054 W unknown:BridgelessReact: ReactHost{0}.getOrCreateReactInstanceTask(): DevSupportManager.onNewReactContextCreated()
04-06 14:22:35.566 26955 27074 D Detox.RNMarker: RUN_JS_BUNDLE_START (/.virtual-metro-entry.bundle?platform=android&dev=true&lazy=true&minify=false&app=com.evolucao.app&modulesOnly=false&runModule=true&excludeSource=true&sourcePaths=url-server)
04-06 14:22:35.569 26955 26955 W unknown:ReactNative: Packager connection already open, nooping.
04-06 14:22:35.571 26955 26955 W unknown:BridgelessReact: ReactHost{0}.ReactContext.onHostResume()
04-06 14:22:35.572 26955 27054 W unknown:BridgelessReact: ReactHost{0}.startSurface(surfaceId = 0): Execute
04-06 14:22:35.575 26955 26955 W unknown:BridgelessReact: ReactHost{0}.getOrCreateReactInstanceTask(): Executing ReactInstanceEventListeners
04-06 14:22:35.575 26955 26955 I DetoxRNLoading: Got new RN-context through listener
04-06 14:22:35.576 26955 26986 I DetoxRNIdleRes: Setting up Espresso Idling Resources for React Native
04-06 14:22:35.582 26955 26955 D DetoxRNHelpers: Native RN module resolution (class com.reactnativecommunity.asyncstorage.AsyncStorageModule): no registered module found
04-06 14:22:35.583 26955 26986 D IdlingRegistry: Registering idling resources: [com.wix.detox.reactnative.idlingresources.uimodule.fabric.FabricUIManagerIdlingResources@5d7ad2c]
04-06 14:22:35.583 26955 26986 D IdlingRegistry: Registering idling resources: [com.wix.detox.reactnative.idlingresources.animations.AnimatedModuleIdlingResource@fa053f5]
04-06 14:22:35.583 26955 26986 D IdlingRegistry: Registering idling resources: [com.wix.detox.reactnative.idlingresources.timers.FabricTimersIdlingResource@556958a]
04-06 14:22:35.583 26955 26986 D IdlingRegistry: Registering idling resources: [com.wix.detox.reactnative.idlingresources.network.NetworkIdlingResource@a29e7fb]
04-06 14:22:35.583 26955 26986 D IdlingRegistry: Registering idling resources: [com.wix.detox.reactnative.idlingresources.StabilizedIdlingResource@fa87018]
04-06 14:22:35.609 26955 27075 W om.evolucao.app: Accessing hidden method Landroid/os/MessageQueue;->next()Landroid/os/Message; (unsupported, reflection, allowed)
04-06 14:22:35.609 26955 27075 W om.evolucao.app: Accessing hidden field Landroid/os/MessageQueue;->mMessages:Landroid/os/Message; (unsupported, reflection, allowed)
04-06 14:22:35.609 26955 27075 W om.evolucao.app: Accessing hidden method Landroid/os/Message;->recycleUnchecked()V (unsupported, reflection, allowed)
04-06 14:22:35.739 26955 26955 D DetoxRNHelpers: Native RN module resolution (class com.reactnativecommunity.asyncstorage.AsyncStorageModule): no registered module found
04-06 14:22:35.812 26955 27075 I WebViewFactory: Loading com.google.android.webview version 146.0.7680.164 (code 768016403)
04-06 14:22:35.813 26955 27075 D ApplicationLoaders: Returning zygote-cached class loader: /system/framework/android.test.base.jar
04-06 14:22:35.817 26955 27075 D nativeloader: Configuring classloader-namespace for other apk /data/app/~~23ppwVuk64Fm9vdWCRWMMw==/com.google.android.webview-FPIphznatdLDx2VBYoD68A==/base.apk. target_sdk_version=36, uses_libraries=, library_path=/data/app/~~23ppwVuk64Fm9vdWCRWMMw==/com.google.android.webview-FPIphznatdLDx2VBYoD68A==/lib/arm64:/data/app/~~23ppwVuk64Fm9vdWCRWMMw==/com.google.android.webview-FPIphznatdLDx2VBYoD68A==/base.apk!/lib/arm64-v8a, permitted_path=/data:/mnt/expand
04-06 14:22:35.832 26955 27075 I cr_WVCFactoryProvider: version=146.0.7680.164 (768016403) minSdkVersion=29 multiprocess=true packageId=127 splits=<none>
04-06 14:22:35.839 26955 27090 I chromium: [0406/142235.839024:INFO:android_webview/browser/variations/variations_seed_loader.cc:67] Failed to open file for reading.: No such file or directory (2)
04-06 14:22:35.839 26955 27090 I chromium: [0406/142235.839177:INFO:android_webview/browser/variations/variations_seed_loader.cc:67] Failed to open file for reading.: No such file or directory (2)
04-06 14:22:35.850 26955 27075 I cr_LibraryLoader: Successfully loaded native library
04-06 14:22:35.851 26955 27075 I cr_CachingUmaRecorder: Flushed 16 samples from 16 histograms, 0 samples were dropped.
04-06 14:22:35.870 26955 27094 D TrafficStats: tagSocket(145) with statsTag=0xffffffff, statsUid=-1
04-06 14:22:35.871 26955 27074 W BridgelessReactContext: [WARNING] Bridgeless doesn't support CatalystInstance. Accessing an API that's not part of the new architecture is not encouraged usage.
04-06 14:22:35.872 26955 27094 D TrafficStats: tagSocket(143) with statsTag=0xffffffff, statsUid=-1
04-06 14:22:35.879 26955 27074 I ExpoModulesCore: ✅ JSI interop was installed
04-06 14:22:35.882 26955 27074 I ExpoModulesCore: ✅ Constants were exported
04-06 14:22:35.929 26955 27074 W unknown:ViewManagerPropertyUpdater: Could not find generated setter for class com.th3rdwave.safeareacontext.SafeAreaProviderManager
04-06 14:22:35.932 26955 27074 W unknown:ViewManagerPropertyUpdater: Could not find generated setter for class com.facebook.react.uimanager.LayoutShadowNode
04-06 14:22:35.934 26955 27074 W unknown:ViewManagerPropertyUpdater: Could not find generated setter for class com.swmansion.rnscreens.SearchBarManager
04-06 14:22:35.934 26955 27074 W unknown:ViewManagerPropertyUpdater: Could not find generated setter for class com.swmansion.rnscreens.ScreenFooterManager
04-06 14:22:35.935 26955 27074 W unknown:ViewManagerPropertyUpdater: Could not find generated setter for class com.swmansion.rnscreens.gamma.tabs.TabScreenViewManager
04-06 14:22:35.936 26955 27074 W unknown:ViewManagerPropertyUpdater: Could not find generated setter for class expo.modules.kotlin.views.GroupViewManagerWrapper
04-06 14:22:35.937 26955 27074 W unknown:ViewManagerPropertyUpdater: Could not find generated setter for class com.swmansion.rnscreens.ScreenContainerViewManager
04-06 14:22:35.937 26955 27074 W unknown:ViewManagerPropertyUpdater: Could not find generated setter for class com.swmansion.rnscreens.gamma.tabs.TabsHostViewManager
04-06 14:22:35.938 26955 27074 W unknown:ViewManagerPropertyUpdater: Could not find generated setter for class com.swmansion.rnscreens.ModalScreenViewManager
04-06 14:22:35.939 26955 27074 W unknown:ViewManagerPropertyUpdater: Could not find generated setter for class com.swmansion.rnscreens.ScreenStackHeaderConfigViewManager
04-06 14:22:35.940 26955 27074 W unknown:ViewManagerPropertyUpdater: Could not find generated setter for class com.swmansion.rnscreens.ScreenContentWrapperManager
04-06 14:22:35.940 26955 27074 W unknown:ViewManagerPropertyUpdater: Could not find generated setter for class com.th3rdwave.safeareacontext.SafeAreaViewManager
04-06 14:22:35.942 26955 27074 W unknown:ViewManagerPropertyUpdater: Could not find generated setter for class com.th3rdwave.safeareacontext.SafeAreaViewShadowNode
04-06 14:22:35.942 26955 27074 W unknown:ViewManagerPropertyUpdater: Could not find generated setter for class com.swmansion.rnscreens.safearea.SafeAreaViewManager
04-06 14:22:35.942 26955 27074 W unknown:ViewManagerPropertyUpdater: Could not find generated setter for class com.swmansion.rnscreens.safearea.paper.SafeAreaViewShadowNode
04-06 14:22:35.943 26955 27074 W unknown:ViewManagerPropertyUpdater: Could not find generated setter for class com.swmansion.rnscreens.ScreenViewManager
04-06 14:22:35.944 26955 27074 W unknown:ViewManagerPropertyUpdater: Could not find generated setter for class com.swmansion.rnscreens.gamma.stack.host.StackHostViewManager
04-06 14:22:35.944 26955 27074 W unknown:ViewManagerPropertyUpdater: Could not find generated setter for class com.swmansion.rnscreens.ScreenStackHeaderSubviewManager
04-06 14:22:35.944 26955 27074 W unknown:ViewManagerPropertyUpdater: Could not find generated setter for class com.swmansion.rnscreens.gamma.stack.screen.StackScreenViewManager
04-06 14:22:35.945 26955 27074 W unknown:ViewManagerPropertyUpdater: Could not find generated setter for class com.swmansion.rnscreens.ScreenStackViewManager
04-06 14:22:36.019 26955 27074 W unknown:ViewManagerPropertyUpdater: Could not find generated setter for class com.facebook.react.views.debuggingoverlay.DebuggingOverlayManager
04-06 14:22:36.023 26955 27074 W unknown:ViewManagerPropertyUpdater: Could not find generated setter for class com.swmansion.gesturehandler.react.RNGestureHandlerButtonViewManager
04-06 14:22:36.030 26955 27074 W unknown:ViewManagerPropertyUpdater: Could not find generated setter for class com.facebook.react.views.safeareaview.ReactSafeAreaViewManager
04-06 14:22:36.034 26955 27074 W unknown:ViewManagerPropertyUpdater: Could not find generated setter for class com.facebook.react.views.modal.ReactModalHostManager
04-06 14:22:36.039 26955 27074 W unknown:ViewManagerPropertyUpdater: Could not find generated setter for class com.facebook.react.views.text.frescosupport.FrescoBasedReactTextInlineImageViewManager
04-06 14:22:36.039 26955 27074 W unknown:ViewManagerPropertyUpdater: Could not find generated setter for class com.facebook.react.views.text.frescosupport.FrescoBasedReactTextInlineImageShadowNode
04-06 14:22:36.044 26955 27074 W unknown:ViewManagerPropertyUpdater: Could not find generated setter for class com.facebook.react.views.progressbar.ReactProgressBarViewManager
04-06 14:22:36.045 26955 27074 W unknown:ViewManagerPropertyUpdater: Could not find generated setter for class com.facebook.react.views.progressbar.ProgressBarShadowNode
04-06 14:22:36.049 26955 27074 W unknown:ViewManagerPropertyUpdater: Could not find generated setter for class com.facebook.react.views.scroll.ReactHorizontalScrollViewManager
04-06 14:22:36.055 26955 27074 W unknown:ViewManagerPropertyUpdater: Could not find generated setter for class com.facebook.react.views.image.ReactImageManager
04-06 14:22:36.062 26955 27074 W unknown:ViewManagerPropertyUpdater: Could not find generated setter for class com.facebook.react.views.text.ReactTextViewManager
04-06 14:22:36.062 26955 27074 W unknown:ViewManagerPropertyUpdater: Could not find generated setter for class com.facebook.react.views.text.ReactTextShadowNode
04-06 14:22:36.068 26955 27074 W unknown:ViewManagerPropertyUpdater: Could not find generated setter for class com.facebook.react.views.scroll.ReactHorizontalScrollContainerViewManager
04-06 14:22:36.073 26955 27074 W unknown:ViewManagerPropertyUpdater: Could not find generated setter for class com.facebook.react.views.unimplementedview.ReactUnimplementedViewManager
04-06 14:22:36.078 26955 27074 W unknown:ViewManagerPropertyUpdater: Could not find generated setter for class com.facebook.react.views.scroll.ReactScrollViewManager
04-06 14:22:36.085 26955 27074 W unknown:ViewManagerPropertyUpdater: Could not find generated setter for class com.facebook.react.views.view.ReactViewManager
04-06 14:22:36.090 26955 27074 W unknown:ViewManagerPropertyUpdater: Could not find generated setter for class com.facebook.react.views.drawer.ReactDrawerLayoutManager
04-06 14:22:36.096 26955 27074 W unknown:ViewManagerPropertyUpdater: Could not find generated setter for class com.facebook.react.views.switchview.ReactSwitchManager
04-06 14:22:36.096 26955 27074 W unknown:ViewManagerPropertyUpdater: Could not find generated setter for class com.facebook.react.views.switchview.ReactSwitchShadowNode
04-06 14:22:36.101 26955 27074 W unknown:ViewManagerPropertyUpdater: Could not find generated setter for class com.facebook.react.views.swiperefresh.SwipeRefreshLayoutManager
04-06 14:22:36.107 26955 27074 W unknown:ViewManagerPropertyUpdater: Could not find generated setter for class com.facebook.react.views.textinput.ReactTextInputManager
04-06 14:22:36.109 26955 27074 W unknown:ViewManagerPropertyUpdater: Could not find generated setter for class com.facebook.react.views.textinput.ReactTextInputShadowNode
04-06 14:22:36.115 26955 27074 W unknown:ViewManagerPropertyUpdater: Could not find generated setter for class com.swmansion.gesturehandler.react.RNGestureHandlerRootViewManager
04-06 14:22:36.147 26955 27094 D TrafficStats: tagSocket(145) with statsTag=0xffffffff, statsUid=-1
04-06 14:22:36.313 26955 27074 V AsyncStorageExpoMigration: No scoped database found
04-06 14:22:36.486 26955 27074 D Detox.RNMarker: RUN_JS_BUNDLE_END (/.virtual-metro-entry.bundle?platform=android&dev=true&lazy=true&minify=false&app=com.evolucao.app&modulesOnly=false&runModule=true&excludeSource=true&sourcePaths=url-server)
04-06 14:22:36.488 26955 27074 I ReactNativeJS: Running "main" with {"rootTag":1,"initialProps":{},"fabric":true}
04-06 14:22:36.564 26955 27103 D TrafficStats: tagSocket(133) with statsTag=0xffffffff, statsUid=-1
04-06 14:22:36.693 26955 26955 I DecorView: notifyKeepScreenOnChanged: keepScreenOn=true
04-06 14:22:36.705 26955 26955 D Detox.RNMarker: CONTENT_APPEARED (main)
04-06 14:22:36.708 26955 26955 I ViewRootImpl@73623ee[MainActivity]: performTraversals params={(0,0)(fillxfill) sim={adjust=resize} layoutInDisplayCutoutMode=always ty=BASE_APPLICATION wanim=0x1030309
04-06 14:22:36.708 26955 26955 I ViewRootImpl@73623ee[MainActivity]:   fl=81810180
04-06 14:22:36.708 26955 26955 I ViewRootImpl@73623ee[MainActivity]:   pfl=16020040
04-06 14:22:36.708 26955 26955 I ViewRootImpl@73623ee[MainActivity]:   vsysui=100
04-06 14:22:36.708 26955 26955 I ViewRootImpl@73623ee[MainActivity]:   bhv=DEFAULT
04-06 14:22:36.708 26955 26955 I ViewRootImpl@73623ee[MainActivity]:   fitSides= naviIconColor=0}
04-06 14:22:36.710 26955 26955 I ViewRootImpl@73623ee[MainActivity]: performTraversals mFirst=false windowShouldResize=false viewVisibilityChanged=false mForceNextWindowRelayout=false params={(0,0)(fillxfill) sim={adjust=resize} layoutInDisplayCutoutMode=always ty=BASE_APPLICATION wanim=0x1030309
04-06 14:22:36.710 26955 26955 I ViewRootImpl@73623ee[MainActivity]:   fl=81810180
04-06 14:22:36.710 26955 26955 I ViewRootImpl@73623ee[MainActivity]:   pfl=16020040
04-06 14:22:36.710 26955 26955 I ViewRootImpl@73623ee[MainActivity]:   vsysui=100
04-06 14:22:36.710 26955 26955 I ViewRootImpl@73623ee[MainActivity]:   bhv=DEFAULT
04-06 14:22:36.710 26955 26955 I ViewRootImpl@73623ee[MainActivity]:   fitSides= naviIconColor=0}
04-06 14:22:36.717 26955 26955 I ViewRootImpl@73623ee[MainActivity]: updateBlastSurfaceIfNeeded mBlastBufferQueue=0xb4000070c2c34c00 isSameSurfaceControl=true
04-06 14:22:36.717 26955 26955 I BLASTBufferQueue: update, w= 1080 h= 2400 mName = ViewRootImpl@73623ee[MainActivity] mNativeObject= 0xb4000070c2c34c00 sc.mNativeObject= 0xb4000070a0cf9860 format= -1 caller= android.view.ViewRootImpl.updateBlastSurfaceIfNeeded:2898 android.view.ViewRootImpl.relayoutWindow:9847 android.view.ViewRootImpl.performTraversals:3884 android.view.ViewRootImpl.doTraversal:3116 android.view.ViewRootImpl$TraversalRunnable.run:10885 android.view.Choreographer$CallbackRecord.run:1301 
04-06 14:22:36.717 26955 26955 I ViewRootImpl@73623ee[MainActivity]: Relayout returned: old=(0,0,1080,2400) new=(0,0,1080,2400) req=(1080,2400)0 dur=7 res=0x0 s={true 0xb4000070a70f1000} ch=false seqId=0
04-06 14:22:36.721 26955 27074 D Detox.RNMarker: REACT_BRIDGELESS_LOADING_END (null)
04-06 14:22:36.739 26955 27074 I ReactNativeJS: '[ANALYTICS]', 'app_opened', { event: 'app_opened',
04-06 14:22:36.739 26955 27074 I ReactNativeJS:   eventId: '1775496156734_9b75d866fc7a6',
04-06 14:22:36.739 26955 27074 I ReactNativeJS:   appVersion: '1.0.0',
04-06 14:22:36.739 26955 27074 I ReactNativeJS:   category: 'engagement',
04-06 14:22:36.739 26955 27074 I ReactNativeJS:   userId: 'anonymous',
04-06 14:22:36.739 26955 27074 I ReactNativeJS:   timestamp: 1775496156734,
04-06 14:22:36.739 26955 27074 I ReactNativeJS:   timestampIso: '2026-04-06T17:22:36.734Z',
04-06 14:22:36.739 26955 27074 I ReactNativeJS:   screen: 'App',
04-06 14:22:36.739 26955 27074 I ReactNativeJS:   sessionId: 'session-1775496156708-4878144c42abe',
04-06 14:22:36.739 26955 27074 I ReactNativeJS:   flowId: 'session-1775496156708-4878144c42abe',
04-06 14:22:36.739 26955 27074 I ReactNativeJS:   meta: 
04-06 14:22:36.739 26955 27074 I ReactNativeJS:    { domain: 'engagement',
04-06 14:22:36.739 26955 27074 I ReactNativeJS:      version: 1,
04-06 14:22:36.739 26955 27074 I ReactNativeJS:      dayKey: '2026-04-06',
04-06 14:22:36.739 26955 27074 I ReactNativeJS:      isFirstOpenOfDay: true,
04-06 14:22:36.739 26955 27074 I ReactNativeJS:      category: 'engagement' } }
04-06 14:22:36.941 26955 26955 D CompatibilityChangeReporter: Compat change id reported: 171228096; UID 10707; state: ENABLED
04-06 14:22:36.942 26955 26955 D ScrollView: initGoToTop
04-06 14:22:36.943 26955 26955 W om.evolucao.app: Accessing hidden field Landroid/widget/ScrollView;->mScroller:Landroid/widget/OverScroller; (unsupported, reflection, allowed)
04-06 14:22:36.951 26955 26963 I om.evolucao.app: Compiler allocated 4177KB to compile void android.widget.TextView.<init>(android.content.Context, android.util.AttributeSet, int, int)
04-06 14:22:36.955 26955 26955 W [RNScreens]: backTitleFontFamily prop is not available on Android
04-06 14:22:36.955 26955 26955 W [RNScreens]: disableBackButtonMenu prop is not available on Android
04-06 14:22:36.955 26955 26955 W [RNScreens]: backTitleVisible prop is not available on Android
04-06 14:22:36.955 26955 26955 W [RNScreens]: topInsetEnabled prop is not available on Android
04-06 14:22:36.955 26955 26955 W [RNScreens]: largeTitleHideShadow prop is not available on Android
04-06 14:22:36.955 26955 26955 W [RNScreens]: largeTitleFontWeight prop is not available on Android
04-06 14:22:36.955 26955 26955 W [RNScreens]: userInterfaceStyle prop is not available on Android
04-06 14:22:36.955 26955 26955 W [RNScreens]: largeTitleFontFamily prop is not available on Android
04-06 14:22:36.987 26955 27033 D OpenGLRenderer: setSurface called with nullptr
04-06 14:22:39.435 26955 27135 D ProfileInstaller: Installing profile for com.evolucao.app
04-06 14:22:43.823 26955 26995 D DetoxWSClient: Received action 'currentStatus' (ID #19, params={})
04-06 14:22:43.826 26955 26992 I DetoxDispatcher: Handling action 'currentStatus' (ID #19)...
04-06 14:22:43.836 26955 26992 I DetoxWSClient: Sending out action 'currentStatusResult' (ID #19)
04-06 14:22:43.838 26955 26992 I DetoxDispatcher: Done with action 'currentStatus'
04-06 14:22:53.851 26955 26995 D DetoxWSClient: Received action 'currentStatus' (ID #20, params={})
04-06 14:22:53.852 26955 26992 I DetoxDispatcher: Handling action 'currentStatus' (ID #20)...
04-06 14:22:53.861 26955 26992 I DetoxWSClient: Sending out action 'currentStatusResult' (ID #20)
04-06 14:22:53.862 26955 26992 I DetoxDispatcher: Done with action 'currentStatus'
04-06 14:23:03.881 26955 26995 D DetoxWSClient: Received action 'currentStatus' (ID #21, params={})
04-06 14:23:03.882 26955 26992 I DetoxDispatcher: Handling action 'currentStatus' (ID #21)...
04-06 14:23:03.890 26955 26992 I DetoxWSClient: Sending out action 'currentStatusResult' (ID #21)
04-06 14:23:03.891 26955 26992 I DetoxDispatcher: Done with action 'currentStatus'
04-06 14:23:13.906 26955 26995 D DetoxWSClient: Received action 'currentStatus' (ID #22, params={})
04-06 14:23:13.907 26955 26992 I DetoxDispatcher: Handling action 'currentStatus' (ID #22)...
04-06 14:23:13.916 26955 26992 I DetoxWSClient: Sending out action 'currentStatusResult' (ID #22)
04-06 14:23:13.917 26955 26992 I DetoxDispatcher: Done with action 'currentStatus'
04-06 14:23:23.925 26955 26995 D DetoxWSClient: Received action 'currentStatus' (ID #23, params={})
04-06 14:23:23.926 26955 26992 I DetoxDispatcher: Handling action 'currentStatus' (ID #23)...
04-06 14:23:23.937 26955 26992 I DetoxWSClient: Sending out action 'currentStatusResult' (ID #23)
04-06 14:23:23.938 26955 26992 I DetoxDispatcher: Done with action 'currentStatus'
04-06 14:23:33.947 26955 26995 D DetoxWSClient: Received action 'currentStatus' (ID #24, params={})
04-06 14:23:33.949 26955 26992 I DetoxDispatcher: Handling action 'currentStatus' (ID #24)...
04-06 14:23:33.957 26955 26992 I DetoxWSClient: Sending out action 'currentStatusResult' (ID #24)
04-06 14:23:33.958 26955 26992 I DetoxDispatcher: Done with action 'currentStatus'
04-06 14:23:43.972 26955 26995 D DetoxWSClient: Received action 'currentStatus' (ID #25, params={})
04-06 14:23:43.973 26955 26992 I DetoxDispatcher: Handling action 'currentStatus' (ID #25)...
04-06 14:23:43.982 26955 26992 I DetoxWSClient: Sending out action 'currentStatusResult' (ID #25)
04-06 14:23:43.983 26955 26992 I DetoxDispatcher: Done with action 'currentStatus'
04-06 14:23:53.994 26955 26995 D DetoxWSClient: Received action 'currentStatus' (ID #26, params={})
04-06 14:23:53.995 26955 26992 I DetoxDispatcher: Handling action 'currentStatus' (ID #26)...
04-06 14:23:54.002 26955 26992 I DetoxWSClient: Sending out action 'currentStatusResult' (ID #26)
04-06 14:23:54.003 26955 26992 I DetoxDispatcher: Done with action 'currentStatus'
04-06 14:24:04.020 26955 26995 D DetoxWSClient: Received action 'currentStatus' (ID #27, params={})
04-06 14:24:04.021 26955 26992 I DetoxDispatcher: Handling action 'currentStatus' (ID #27)...
04-06 14:24:04.029 26955 26992 I DetoxWSClient: Sending out action 'currentStatusResult' (ID #27)
04-06 14:24:04.030 26955 26992 I DetoxDispatcher: Done with action 'currentStatus'
04-06 14:24:14.050 26955 26995 D DetoxWSClient: Received action 'currentStatus' (ID #28, params={})
04-06 14:24:14.051 26955 26992 I DetoxDispatcher: Handling action 'currentStatus' (ID #28)...
04-06 14:24:14.059 26955 26992 I DetoxWSClient: Sending out action 'currentStatusResult' (ID #28)
04-06 14:24:14.060 26955 26992 I DetoxDispatcher: Done with action 'currentStatus'
04-06 14:24:24.074 26955 26995 D DetoxWSClient: Received action 'currentStatus' (ID #29, params={})
04-06 14:24:24.075 26955 26992 I DetoxDispatcher: Handling action 'currentStatus' (ID #29)...
04-06 14:24:24.084 26955 26992 I DetoxWSClient: Sending out action 'currentStatusResult' (ID #29)
04-06 14:24:24.085 26955 26992 I DetoxDispatcher: Done with action 'currentStatus'
04-06 14:24:34.102 26955 26995 D DetoxWSClient: Received action 'currentStatus' (ID #30, params={})
04-06 14:24:34.103 26955 26992 I DetoxDispatcher: Handling action 'currentStatus' (ID #30)...
04-06 14:24:34.112 26955 26992 I DetoxWSClient: Sending out action 'currentStatusResult' (ID #30)
04-06 14:24:34.113 26955 26992 I DetoxDispatcher: Done with action 'currentStatus'
04-06 14:24:44.137 26955 26995 D DetoxWSClient: Received action 'currentStatus' (ID #3