04-06 19:36:12.998 16539 16581 D DetoxWSClient: Received action 'invoke' (ID #48, params={"target":{"type":"Class","value":"com.wix.detox.espresso.DetoxAssertion"},"method":"waitForAssertMatcher","args":[{"type":"Invocation","value":{"target":{"type":"Class","value":"androidx.test.espresso.Espresso"},"method":"onView","args":[{"type":"Invocation","value":{"target":{"type":"Class","value":"com.wix.detox.espresso.DetoxMatcher"},"method":"matcherForTestId","args":["app-root",{"type":"boolean","value":false}]}}]}},{"type":"Invocation","value":{"target":{"type":"Class","value":"com.wix.detox.espresso.DetoxMatcher"},"method":"matcherForSufficientlyVisible","args":[{"type":"Integer","value":75}]}},{"type":"Double","value":5}]})
04-06 19:36:12.999 16539 16572 I DetoxDispatcher: Handling action 'invoke' (ID #48)...
04-06 19:36:12.999 16539 16572 D Detox   : class com.wix.detox.espresso.DetoxMatcher, matcherForTestId, [app-root, false]
04-06 19:36:13.000 16539 16572 D Detox   : class androidx.test.espresso.Espresso, onView, [(view.getTag() is "app-root" and view has effective visibility <VISIBLE>)]
04-06 19:36:13.001 16539 16572 D Detox   : class com.wix.detox.espresso.DetoxMatcher, matcherForSufficientlyVisible, [75]
04-06 19:36:13.001 16539 16572 D Detox   : class com.wix.detox.espresso.DetoxAssertion, waitForAssertMatcher, [androidx.test.espresso.ViewInteraction@36b59a4, (view has effective visibility <VISIBLE> and view.getGlobalVisibleRect() covers at least <75> percent of the view's area), 5.0]
04-06 19:36:13.005 16539 16539 I ViewInteraction: Checking 'MatchesViewAssertion(Detox){viewMatcher=(view has effective visibility <VISIBLE> and view.getGlobalVisibleRect() covers at least <75> percent of the view's area)}' assertion on view (view.getTag() is "app-root" and view has effective visibility <VISIBLE>)
04-06 19:36:13.008 16539 16572 I DetoxWSClient: Sending out action 'invokeResult' (ID #48)
04-06 19:36:13.009 16539 16572 I DetoxDispatcher: Done with action 'invoke'
04-06 19:36:13.012 16539 16581 D DetoxWSClient: Received action 'invoke' (ID #49, params={"target":{"type":"Class","value":"com.wix.detox.espresso.DetoxAssertion"},"method":"assertMatcher","args":[{"type":"Invocation","value":{"target":{"type":"Class","value":"androidx.test.espresso.Espresso"},"method":"onView","args":[{"type":"Invocation","value":{"target":{"type":"Class","value":"com.wix.detox.espresso.DetoxMatcher"},"method":"matcherForTestId","args":["app-root",{"type":"boolean","value":false}]}}]}},{"type":"Invocation","value":{"target":{"type":"Class","value":"com.wix.detox.espresso.DetoxMatcher"},"method":"matcherForSufficientlyVisible","args":[{"type":"Integer","value":75}]}}]})
04-06 19:36:13.013 16539 16572 I DetoxDispatcher: Handling action 'invoke' (ID #49)...
04-06 19:36:13.013 16539 16572 D Detox   : class com.wix.detox.espresso.DetoxMatcher, matcherForTestId, [app-root, false]
04-06 19:36:13.014 16539 16572 D Detox   : class androidx.test.espresso.Espresso, onView, [(view.getTag() is "app-root" and view has effective visibility <VISIBLE>)]
04-06 19:36:13.015 16539 16572 D Detox   : class com.wix.detox.espresso.DetoxMatcher, matcherForSufficientlyVisible, [75]
04-06 19:36:13.015 16539 16572 D Detox   : class com.wix.detox.espresso.DetoxAssertion, assertMatcher, [androidx.test.espresso.ViewInteraction@2dd530d, (view has effective visibility <VISIBLE> and view.getGlobalVisibleRect() covers at least <75> percent of the view's area)]
04-06 19:36:13.018 16539 16539 I ViewInteraction: Checking 'MatchesViewAssertion(Detox){viewMatcher=(view has effective visibility <VISIBLE> and view.getGlobalVisibleRect() covers at least <75> percent of the view's area)}' assertion on view (view.getTag() is "app-root" and view has effective visibility <VISIBLE>)
04-06 19:36:13.021 16539 16572 I DetoxWSClient: Sending out action 'invokeResult' (ID #49)
04-06 19:36:13.021 16539 16572 I DetoxDispatcher: Done with action 'invoke'
04-06 19:36:13.025 16539 16581 D DetoxWSClient: Received action 'invoke' (ID #50, params={"target":{"type":"Class","value":"com.wix.detox.espresso.DetoxAssertion"},"method":"waitForAssertMatcher","args":[{"type":"Invocation","value":{"target":{"type":"Class","value":"androidx.test.espresso.Espresso"},"method":"onView","args":[{"type":"Invocation","value":{"target":{"type":"Class","value":"com.wix.detox.espresso.DetoxMatcher"},"method":"matcherForTestId","args":["btn-iniciar-treino",{"type":"boolean","value":false}]}}]}},{"type":"Invocation","value":{"target":{"type":"Class","value":"com.wix.detox.espresso.DetoxMatcher"},"method":"matcherForSufficientlyVisible","args":[{"type":"Integer","value":75}]}},{"type":"Double","value":5}]})
04-06 19:36:13.025 16539 16572 I DetoxDispatcher: Handling action 'invoke' (ID #50)...
04-06 19:36:13.025 16539 16572 D Detox   : class com.wix.detox.espresso.DetoxMatcher, matcherForTestId, [btn-iniciar-treino, false]
04-06 19:36:13.026 16539 16572 D Detox   : class androidx.test.espresso.Espresso, onView, [(view.getTag() is "btn-iniciar-treino" and view has effective visibility <VISIBLE>)]
04-06 19:36:13.027 16539 16572 D Detox   : class com.wix.detox.espresso.DetoxMatcher, matcherForSufficientlyVisible, [75]
04-06 19:36:13.027 16539 16572 D Detox   : class com.wix.detox.espresso.DetoxAssertion, waitForAssertMatcher, [androidx.test.espresso.ViewInteraction@9882c2, (view has effective visibility <VISIBLE> and view.getGlobalVisibleRect() covers at least <75> percent of the view's area), 5.0]
04-06 19:36:13.030 16539 16539 I ViewInteraction: Checking 'MatchesViewAssertion(Detox){viewMatcher=(view has effective visibility <VISIBLE> and view.getGlobalVisibleRect() covers at least <75> percent of the view's area)}' assertion on view (view.getTag() is "btn-iniciar-treino" and view has effective visibility <VISIBLE>)
04-06 19:36:13.033 16539 16572 I DetoxWSClient: Sending out action 'invokeResult' (ID #50)
04-06 19:36:13.034 16539 16572 I DetoxDispatcher: Done with action 'invoke'
04-06 19:36:13.037 16539 16581 D DetoxWSClient: Received action 'invoke' (ID #51, params={"target":{"type":"Class","value":"com.wix.detox.espresso.EspressoDetox"},"method":"perform","args":[{"type":"Invocation","value":{"target":{"type":"Class","value":"com.wix.detox.espresso.DetoxMatcher"},"method":"matcherForTestId","args":["btn-iniciar-treino",{"type":"boolean","value":false}]}},{"type":"Invocation","value":{"target":{"type":"Class","value":"com.wix.detox.espresso.DetoxViewActions"},"method":"click","args":[]}}]})
04-06 19:36:13.037 16539 16572 I DetoxDispatcher: Handling action 'invoke' (ID #51)...
04-06 19:36:13.037 16539 16572 D Detox   : class com.wix.detox.espresso.DetoxMatcher, matcherForTestId, [btn-iniciar-treino, false]
04-06 19:36:13.038 16539 16572 D Detox   : class com.wix.detox.espresso.DetoxViewActions, click, []
04-06 19:36:13.038 16539 16572 D Detox   : class com.wix.detox.espresso.EspressoDetox, perform, [(view.getTag() is "btn-iniciar-treino" and view has effective visibility <VISIBLE>), com.wix.detox.espresso.action.RNClickAction@3d66c10]
04-06 19:36:13.042 16539 16539 I ViewInteraction: Performing 'com.wix.detox.espresso.action.detoxsingletap@b991309 click' action on view (view.getTag() is "btn-iniciar-treino" and view has effective visibility <VISIBLE>)
04-06 19:36:13.048 16539 16539 I ViewRootImpl@73623ee[MainActivity]: ViewPostIme pointer 0
04-06 19:36:13.082 16539 16539 I ViewRootImpl@73623ee[MainActivity]: ViewPostIme pointer 1
04-06 19:36:13.215 16539 16539 W [RNScreens]: backTitleFontFamily prop is not available on Android
04-06 19:36:13.215 16539 16539 W [RNScreens]: disableBackButtonMenu prop is not available on Android
04-06 19:36:13.215 16539 16539 W [RNScreens]: backTitleVisible prop is not available on Android
04-06 19:36:13.215 16539 16539 W [RNScreens]: topInsetEnabled prop is not available on Android
04-06 19:36:13.215 16539 16539 W [RNScreens]: largeTitleHideShadow prop is not available on Android
04-06 19:36:13.215 16539 16539 W [RNScreens]: largeTitleFontWeight prop is not available on Android
04-06 19:36:13.215 16539 16539 W [RNScreens]: userInterfaceStyle prop is not available on Android
04-06 19:36:13.215 16539 16539 W [RNScreens]: largeTitleFontFamily prop is not available on Android
04-06 19:36:13.228 16539 16641 I ReactNativeJS: 'match:', 'local-cache'
04-06 19:36:13.228 16539 16641 I ReactNativeJS: 'recommendation:', 'push', '| confidence:', 'alta'
04-06 19:36:13.266 16539 16641 I ReactNativeJS: 'match:', 'local-cache'
04-06 19:36:13.266 16539 16641 I ReactNativeJS: 'recommendation:', 'push', '| confidence:', 'alta'
04-06 19:36:13.793 16539 16539 W UiControllerImpl: Waiting for: DYNAMIC_TASKS_HAVE_IDLED for 200 iterations.
04-06 19:36:14.472 16539 16539 W om.evolucao.app: Accessing hidden field Landroid/widget/HorizontalScrollView;->mScroller:Landroid/widget/OverScroller; (unsupported, reflection, allowed)
04-06 19:36:14.493 16539 16539 D ScrollView: initGoToTop
04-06 19:36:15.670 16539 16572 I DetoxWSClient: Sending out action 'invokeResult' (ID #51)
04-06 19:36:15.670 16539 16572 I DetoxDispatcher: Done with action 'invoke'
04-06 19:36:15.992 16539 16581 D DetoxWSClient: Received action 'invoke' (ID #52, params={"target":{"type":"Class","value":"com.wix.detox.espresso.DetoxAssertion"},"method":"waitForAssertMatcher","args":[{"type":"Invocation","value":{"target":{"type":"Class","value":"androidx.test.espresso.Espresso"},"method":"onView","args":[{"type":"Invocation","value":{"target":{"type":"Class","value":"com.wix.detox.espresso.DetoxMatcher"},"method":"matcherForTestId","args":["screen-workout",{"type":"boolean","value":false}]}}]}},{"type":"Invocation","value":{"target":{"type":"Class","value":"com.wix.detox.espresso.DetoxMatcher"},"method":"matcherForSufficientlyVisible","args":[{"type":"Integer","value":75}]}},{"type":"Double","value":5}]})
04-06 19:36:15.993 16539 16572 I DetoxDispatcher: Handling action 'invoke' (ID #52)...
04-06 19:36:15.995 16539 16572 D Detox   : class com.wix.detox.espresso.DetoxMatcher, matcherForTestId, [screen-workout, false]
04-06 19:36:15.997 16539 16572 D Detox   : class androidx.test.espresso.Espresso, onView, [(view.getTag() is "screen-workout" and view has effective visibility <VISIBLE>)]
04-06 19:36:16.000 16539 16572 D Detox   : class com.wix.detox.espresso.DetoxMatcher, matcherForSufficientlyVisible, [75]
04-06 19:36:16.001 16539 16572 D Detox   : class com.wix.detox.espresso.DetoxAssertion, waitForAssertMatcher, [androidx.test.espresso.ViewInteraction@14032e7, (view has effective visibility <VISIBLE> and view.getGlobalVisibleRect() covers at least <75> percent of the view's area), 5.0]
04-06 19:36:16.018 16539 16539 I ViewInteraction: Checking 'MatchesViewAssertion(Detox){viewMatcher=(view has effective visibility <VISIBLE> and view.getGlobalVisibleRect() covers at least <75> percent of the view's area)}' assertion on view (view.getTag() is "screen-workout" and view has effective visibility <VISIBLE>)
04-06 19:36:16.024 16539 16572 I DetoxWSClient: Sending out action 'invokeResult' (ID #52)
04-06 19:36:16.025 16539 16572 I DetoxDispatcher: Done with action 'invoke'
04-06 19:36:16.760 16539 16581 D DetoxWSClient: Received action 'invoke' (ID #53, params={"target":{"type":"Class","value":"com.wix.detox.espresso.DetoxAssertion"},"method":"waitForAssertMatcher","args":[{"type":"Invocation","value":{"target":{"type":"Class","value":"androidx.test.espresso.Espresso"},"method":"onView","args":[{"type":"Invocation","value":{"target":{"type":"Class","value":"com.wix.detox.espresso.DetoxMatcher"},"method":"matcherForTestId","args":["app-root",{"type":"boolean","value":false}]}}]}},{"type":"Invocation","value":{"target":{"type":"Class","value":"com.wix.detox.espresso.DetoxMatcher"},"method":"matcherForSufficientlyVisible","args":[{"type":"Integer","value":75}]}},{"type":"Double","value":5}]})
04-06 19:36:16.760 16539 16572 I DetoxDispatcher: Handling action 'invoke' (ID #53)...
04-06 19:36:16.762 16539 16572 D Detox   : class com.wix.detox.espresso.DetoxMatcher, matcherForTestId, [app-root, false]
04-06 19:36:16.762 16539 16572 D Detox   : class androidx.test.espresso.Espresso, onView, [(view.getTag() is "app-root" and view has effective visibility <VISIBLE>)]
04-06 19:36:16.765 16539 16572 D Detox   : class com.wix.detox.espresso.DetoxMatcher, matcherForSufficientlyVisible, [75]
04-06 19:36:16.766 16539 16572 D Detox   : class com.wix.detox.espresso.DetoxAssertion, waitForAssertMatcher, [androidx.test.espresso.ViewInteraction@9fded3d, (view has effective visibility <VISIBLE> and view.getGlobalVisibleRect() covers at least <75> percent of the view's area), 5.0]
04-06 19:36:16.773 16539 16539 I ViewInteraction: Checking 'MatchesViewAssertion(Detox){viewMatcher=(view has effective visibility <VISIBLE> and view.getGlobalVisibleRect() covers at least <75> percent of the view's area)}' assertion on view (view.getTag() is "app-root" and view has effective visibility <VISIBLE>)
04-06 19:36:16.776 16539 16572 I DetoxWSClient: Sending out action 'invokeResult' (ID #53)
04-06 19:36:16.777 16539 16572 I DetoxDispatcher: Done with action 'invoke'
04-06 19:36:16.781 16539 16581 D DetoxWSClient: Received action 'invoke' (ID #54, params={"target":{"type":"Class","value":"com.wix.detox.espresso.DetoxAssertion"},"method":"assertMatcher","args":[{"type":"Invocation","value":{"target":{"type":"Class","value":"androidx.test.espresso.Espresso"},"method":"onView","args":[{"type":"Invocation","value":{"target":{"type":"Class","value":"com.wix.detox.espresso.DetoxMatcher"},"method":"matcherForTestId","args":["app-root",{"type":"boolean","value":false}]}}]}},{"type":"Invocation","value":{"target":{"type":"Class","value":"com.wix.detox.espresso.DetoxMatcher"},"method":"matcherForSufficientlyVisible","args":[{"type":"Integer","value":75}]}}]})
04-06 19:36:16.782 16539 16572 I DetoxDispatcher: Handling action 'invoke' (ID #54)...
04-06 19:36:16.784 16539 16572 D Detox   : class com.wix.detox.espresso.DetoxMatcher, matcherForTestId, [app-root, false]
04-06 19:36:16.784 16539 16572 D Detox   : class androidx.test.espresso.Espresso, onView, [(view.getTag() is "app-root" and view has effective visibility <VISIBLE>)]
04-06 19:36:16.786 16539 16572 D Detox   : class com.wix.detox.espresso.DetoxMatcher, matcherForSufficientlyVisible, [75]
04-06 19:36:16.788 16539 16572 D Detox   : class com.wix.detox.espresso.DetoxAssertion, assertMatcher, [androidx.test.espresso.ViewInteraction@994c932, (view has effective visibility <VISIBLE> and view.getGlobalVisibleRect() covers at least <75> percent of the view's area)]
04-06 19:36:16.801 16539 16539 I ViewInteraction: Checking 'MatchesViewAssertion(Detox){viewMatcher=(view has effective visibility <VISIBLE> and view.getGlobalVisibleRect() covers at least <75> percent of the view's area)}' assertion on view (view.getTag() is "app-root" and view has effective visibility <VISIBLE>)
04-06 19:36:16.805 16539 16572 I DetoxWSClient: Sending out action 'invokeResult' (ID #54)
04-06 19:36:16.805 16539 16572 I DetoxDispatcher: Done with action 'invoke'
04-06 19:36:16.810 16539 16581 D DetoxWSClient: Received action 'invoke' (ID #55, params={"target":{"type":"Class","value":"com.wix.detox.espresso.DetoxAssertion"},"method":"waitForAssertMatcher","args":[{"type":"Invocation","value":{"target":{"type":"Class","value":"androidx.test.espresso.Espresso"},"method":"onView","args":[{"type":"Invocation","value":{"target":{"type":"Class","value":"com.wix.detox.espresso.DetoxMatcher"},"method":"matcherForTestId","args":["input-peso",{"type":"boolean","value":false}]}}]}},{"type":"Invocation","value":{"target":{"type":"Class","value":"com.wix.detox.espresso.DetoxMatcher"},"method":"matcherForSufficientlyVisible","args":[{"type":"Integer","value":75}]}},{"type":"Double","value":5}]})
04-06 19:36:16.810 16539 16572 I DetoxDispatcher: Handling action 'invoke' (ID #55)...
04-06 19:36:16.811 16539 16572 D Detox   : class com.wix.detox.espresso.DetoxMatcher, matcherForTestId, [input-peso, false]
04-06 19:36:16.812 16539 16572 D Detox   : class androidx.test.espresso.Espresso, onView, [(view.getTag() is "input-peso" and view has effective visibility <VISIBLE>)]
04-06 19:36:16.813 16539 16572 D Detox   : class com.wix.detox.espresso.DetoxMatcher, matcherForSufficientlyVisible, [75]
04-06 19:36:16.813 16539 16572 D Detox   : class com.wix.detox.espresso.DetoxAssertion, waitForAssertMatcher, [androidx.test.espresso.ViewInteraction@8531683, (view has effective visibility <VISIBLE> and view.getGlobalVisibleRect() covers at least <75> percent of the view's area), 5.0]
04-06 19:36:16.816 16539 16539 I ViewInteraction: Checking 'MatchesViewAssertion(Detox){viewMatcher=(view has effective visibility <VISIBLE> and view.getGlobalVisibleRect() covers at least <75> percent of the view's area)}' assertion on view (view.getTag() is "input-peso" and view has effective visibility <VISIBLE>)
04-06 19:36:16.828 16539 16572 I DetoxWSClient: Sending out action 'invokeResult' (ID #55)
04-06 19:36:16.828 16539 16572 I DetoxDispatcher: Done with action 'invoke'
04-06 19:36:16.831 16539 16581 D DetoxWSClient: Received action 'invoke' (ID #56, params={"target":{"type":"Class","value":"com.wix.detox.espresso.DetoxAssertion"},"method":"waitForAssertMatcher","args":[{"type":"Invocation","value":{"target":{"type":"Class","value":"androidx.test.espresso.Espresso"},"method":"onView","args":[{"type":"Invocation","value":{"target":{"type":"Class","value":"com.wix.detox.espresso.DetoxMatcher"},"method":"matcherForTestId","args":["input-reps",{"type":"boolean","value":false}]}}]}},{"type":"Invocation","value":{"target":{"type":"Class","value":"com.wix.detox.espresso.DetoxMatcher"},"method":"matcherForSufficientlyVisible","args":[{"type":"Integer","value":75}]}},{"type":"Double","value":5}]})
04-06 19:36:16.831 16539 16572 I DetoxDispatcher: Handling action 'invoke' (ID #56)...
04-06 19:36:16.831 16539 16572 D Detox   : class com.wix.detox.espresso.DetoxMatcher, matcherForTestId, [input-reps, false]
04-06 19:36:16.831 16539 16572 D Detox   : class androidx.test.espresso.Espresso, onView, [(view.getTag() is "input-reps" and view has effective visibility <VISIBLE>)]
04-06 19:36:16.832 16539 16572 D Detox   : class com.wix.detox.espresso.DetoxMatcher, matcherForSufficientlyVisible, [75]
04-06 19:36:16.832 16539 16572 D Detox   : class com.wix.detox.espresso.DetoxAssertion, waitForAssertMatcher, [androidx.test.espresso.ViewInteraction@929adf5, (view has effective visibility <VISIBLE> and view.getGlobalVisibleRect() covers at least <75> percent of the view's area), 5.0]
04-06 19:36:16.836 16539 16539 I ViewInteraction: Checking 'MatchesViewAssertion(Detox){viewMatcher=(view has effective visibility <VISIBLE> and view.getGlobalVisibleRect() covers at least <75> percent of the view's area)}' assertion on view (view.getTag() is "input-reps" and view has effective visibility <VISIBLE>)
04-06 19:36:16.848 16539 16572 I DetoxWSClient: Sending out action 'invokeResult' (ID #56)
04-06 19:36:16.849 16539 16572 I DetoxDispatcher: Done with action 'invoke'
04-06 19:36:16.852 16539 16581 D DetoxWSClient: Received action 'invoke' (ID #57, params={"target":{"type":"Class","value":"com.wix.detox.espresso.DetoxAssertion"},"method":"waitForAssertMatcher","args":[{"type":"Invocation","value":{"target":{"type":"Class","value":"androidx.test.espresso.Espresso"},"method":"onView","args":[{"type":"Invocation","value":{"target":{"type":"Class","value":"com.wix.detox.espresso.DetoxMatcher"},"method":"matcherForTestId","args":["input-peso",{"type":"boolean","value":false}]}}]}},{"type":"Invocation","value":{"target":{"type":"Class","value":"com.wix.detox.espresso.DetoxMatcher"},"method":"matcherForSufficientlyVisible","args":[{"type":"Integer","value":75}]}},{"type":"Double","value":5}]})
04-06 19:36:16.852 16539 16572 I DetoxDispatcher: Handling action 'invoke' (ID #57)...
04-06 19:36:16.852 16539 16572 D Detox   : class com.wix.detox.espresso.DetoxMatcher, matcherForTestId, [input-peso, false]
04-06 19:36:16.853 16539 16572 D Detox   : class androidx.test.espresso.Espresso, onView, [(view.getTag() is "input-peso" and view has effective visibility <VISIBLE>)]
04-06 19:36:16.853 16539 16572 D Detox   : class com.wix.detox.espresso.DetoxMatcher, matcherForSufficientlyVisible, [75]
04-06 19:36:16.853 16539 16572 D Detox   : class com.wix.detox.espresso.DetoxAssertion, waitForAssertMatcher, [androidx.test.espresso.ViewInteraction@7a3d1fb, (view has effective visibility <VISIBLE> and view.getGlobalVisibleRect() covers at least <75> percent of the view's area), 5.0]
04-06 19:36:16.856 16539 16539 I ViewInteraction: Checking 'MatchesViewAssertion(Detox){viewMatcher=(view has effective visibility <VISIBLE> and view.getGlobalVisibleRect() covers at least <75> percent of the view's area)}' assertion on view (view.getTag() is "input-peso" and view has effective visibility <VISIBLE>)
04-06 19:36:16.867 16539 16572 I DetoxWSClient: Sending out action 'invokeResult' (ID #57)
04-06 19:36:16.867 16539 16572 I DetoxDispatcher: Done with action 'invoke'
04-06 19:36:16.870 16539 16581 D DetoxWSClient: Received action 'invoke' (ID #58, params={"target":{"type":"Class","value":"com.wix.detox.espresso.EspressoDetox"},"method":"perform","args":[{"type":"Invocation","value":{"target":{"type":"Class","value":"com.wix.detox.espresso.DetoxMatcher"},"method":"matcherForTestId","args":["input-peso",{"type":"boolean","value":false}]}},{"type":"Invocation","value":{"target":{"type":"Class","value":"com.wix.detox.espresso.DetoxViewActions"},"method":"click","args":[]}}]})
04-06 19:36:16.870 16539 16572 I DetoxDispatcher: Handling action 'invoke' (ID #58)...
04-06 19:36:16.871 16539 16572 D Detox   : class com.wix.detox.espresso.DetoxMatcher, matcherForTestId, [input-peso, false]
04-06 19:36:16.871 16539 16572 D Detox   : class com.wix.detox.espresso.DetoxViewActions, click, []
04-06 19:36:16.871 16539 16572 D Detox   : class com.wix.detox.espresso.EspressoDetox, perform, [(view.getTag() is "input-peso" and view has effective visibility <VISIBLE>), com.wix.detox.espresso.action.RNClickAction@ddd1218]
04-06 19:36:16.874 16539 16539 I ViewInteraction: Performing 'com.wix.detox.espresso.action.detoxsingletap@9343471 click' action on view (view.getTag() is "input-peso" and view has effective visibility <VISIBLE>)
04-06 19:36:16.890 16539 16539 I ViewRootImpl@73623ee[MainActivity]: ViewPostIme pointer 0
04-06 19:36:16.917 16539 16539 I ViewRootImpl@73623ee[MainActivity]: ViewPostIme pointer 1
04-06 19:36:16.939 16539 16539 D InputMethodManager: startInputInner - Id : 0
04-06 19:36:16.939 16539 16539 I InputMethodManager: startInputInner - mService.startInputOrWindowGainedFocus
04-06 19:36:16.944 16539 16539 I IMM_LC  : showSoftInput(View,I)
04-06 19:36:16.944 16539 16539 I IMM_LC  : ssi() - flag : 0 view : com.evolucao.app reason = SHOW_SOFT_INPUT
04-06 19:36:16.960 16539 16594 D NativeCustomFrequencyManager: [NativeCFMS] BpCustomFrequencyManager::BpCustomFrequencyManager()
04-06 19:36:16.967 16539 16539 D InsetsController: onStateChanged: InsetsState: {mDisplayFrame=Rect(0, 0 - 1080, 2400), mDisplayCutout=DisplayCutout{insets=Rect(0, 88 - 0, 0) waterfall=Insets{left=0, top=0, right=0, bottom=0} boundingRect={Bounds=[Rect(0, 0 - 0, 0), Rect(512, 0 - 568, 88), Rect(0, 0 - 0, 0), Rect(0, 0 - 0, 0)]} cutoutPathParserInfo={CutoutPathParserInfo{displayWidth=1080 displayHeight=2400 physicalDisplayWidth=1080 physicalDisplayHeight=2400 density={3.0} cutoutSpec={M 0,0 M 0,10.71963616907435 a 9.280363830925644,9.280363830925644 0 1,0 0,18.56072766185129 a 9.280363830925644,9.280363830925644 0 1,0 0,-18.56072766185129 Z @dp} rotation={0} scale={1.0} physicalPixelDisplaySizeRatio={1.0}}}}, mRoundedCorners=RoundedCorners{[RoundedCorner{position=TopLeft, radius=96, center=Point(96, 96)}, RoundedCorner{position=TopRight, radius=96, center=Point(984, 96)}, RoundedCorner{position=BottomRight, radius=96, center=Point(984, 2304)}, RoundedCorner{position=BottomLeft, radius=96, center=Point(96, 2304)}]}  mRoundedCornerFrame=Rect(0, 0 - 1080, 2400), mPrivacyIndicatorBounds=PrivacyIndicatorBounds {static bounds=Rect(948, 0 - 1080, 88) rotation=0}, mSources= { InsetsSource: {mType=ITYPE_STATUS_BAR, mFrame=[0,0][1080,88], mVisible=true, mInsetsRoundedCornerFrame=false}, InsetsSource: {mType=ITYPE_NAVIGATION_BAR, mFrame=[0,2256][1080,2400], mVisible=true, mInsetsRoundedCornerFrame=false}, InsetsSource: {mType=ITYPE_LEFT_GESTURES, mFrame=[0,0][0,2400], mVisible=true, mInsetsRoundedCornerFrame=false}, InsetsSource: {mType=ITYPE_RIGHT_GESTURES, mFrame=[1080,0][1080,2400], mVisible=true, mInsetsRoundedCornerFrame=false}, InsetsSource: {mType=ITYPE_TOP_MANDATORY_GESTURES, mFrame=[0,0][1080,124], mVisible=true, mInsetsRoundedCornerFrame=false}, InsetsSource: {mType=ITYPE_BOTTOM_MANDATORY_GESTURES, mFrame=[0,2256][1080,2400], mVisible=true, mInsetsRoundedCornerFrame=false}, InsetsSource: {mType=ITYPE_LEFT_DISPLAY_CUTOUT, mFrame=[0,0][-100000,2400], mVisible=true, mInsetsRoundedCornerFrame=false}, InsetsSource: {mType=ITYPE_TOP_DISPLAY_CUTOUT, mFrame=[0,0][1080,88], mVisible=true, mInsetsRoundedCornerFrame=false}, InsetsSource: {mType=ITYPE_RIGHT_DISPLAY_CUTOUT, mFrame=[100000,0][1080,2400], mVisible=true, mInsetsRoundedCornerFrame=false}, InsetsSource: {mType=ITYPE_BOTTOM_DISPLAY_CUTOUT, mFrame=[0,100000][1080,2400], mVisible=true, mInsetsRoundedCornerFrame=false}, InsetsSource: {mType=ITYPE_TOP_TAPPABLE_ELEMENT, mFrame=[0,0][1080,88], mVisible=true, mInsetsRoundedCornerFrame=false}, InsetsSource: {mType=ITYPE_BOTTOM_TAPPABLE_ELEMENT, mFrame=[0,2256][1080,2400], mVisible=true, mInsetsRoundedCornerFrame=false} } host=PopupWindow:f29bb5c from=android.view.ViewRootImpl.setView:1732
04-06 19:36:16.971 16539 16539 I ViewRootImpl@102fe65[PopupWindow:f29bb5c]: setView = android.widget.PopupWindow$PopupDecorView@2a1be1 TM=false
04-06 19:36:16.973 16539 16594 D NativeCustomFrequencyManager: [NativeCFMS] BpCustomFrequencyManager::BpCustomFrequencyManager()
04-06 19:36:16.976 16539 16539 D InsetsController: onStateChanged: InsetsState: {mDisplayFrame=Rect(0, 0 - 1080, 2400), mDisplayCutout=DisplayCutout{insets=Rect(0, 88 - 0, 0) waterfall=Insets{left=0, top=0, right=0, bottom=0} boundingRect={Bounds=[Rect(0, 0 - 0, 0), Rect(512, 0 - 568, 88), Rect(0, 0 - 0, 0), Rect(0, 0 - 0, 0)]} cutoutPathParserInfo={CutoutPathParserInfo{displayWidth=1080 displayHeight=2400 physicalDisplayWidth=1080 physicalDisplayHeight=2400 density={3.0} cutoutSpec={M 0,0 M 0,10.71963616907435 a 9.280363830925644,9.280363830925644 0 1,0 0,18.56072766185129 a 9.280363830925644,9.280363830925644 0 1,0 0,-18.56072766185129 Z @dp} rotation={0} scale={1.0} physicalPixelDisplaySizeRatio={1.0}}}}, mRoundedCorners=RoundedCorners{[RoundedCorner{position=TopLeft, radius=96, center=Point(96, 96)}, RoundedCorner{position=TopRight, radius=96, center=Point(984, 96)}, RoundedCorner{position=BottomRight, radius=96, center=Point(984, 2304)}, RoundedCorner{position=BottomLeft, radius=96, center=Point(96, 2304)}]}  mRoundedCornerFrame=Rect(0, 0 - 1080, 2400), mPrivacyIndicatorBounds=PrivacyIndicatorBounds {static bounds=Rect(948, 0 - 1080, 88) rotation=0}, mSources= { InsetsSource: {mType=ITYPE_STATUS_BAR, mFrame=[0,0][1080,88], mVisible=true, mInsetsRoundedCornerFrame=false}, InsetsSource: {mType=ITYPE_NAVIGATION_BAR, mFrame=[0,2256][1080,2400], mVisible=true, mInsetsRoundedCornerFrame=false}, InsetsSource: {mType=ITYPE_LEFT_GESTURES, mFrame=[0,0][0,2400], mVisible=true, mInsetsRoundedCornerFrame=false}, InsetsSource: {mType=ITYPE_RIGHT_GESTURES, mFrame=[1080,0][1080,2400], mVisible=true, mInsetsRoundedCornerFrame=false}, InsetsSource: {mType=ITYPE_TOP_MANDATORY_GESTURES, mFrame=[0,0][1080,124], mVisible=true, mInsetsRoundedCornerFrame=false}, InsetsSource: {mType=ITYPE_BOTTOM_MANDATORY_GESTURES, mFrame=[0,2256][1080,2400], mVisible=true, mInsetsRoundedCornerFrame=false}, InsetsSource: {mType=ITYPE_LEFT_DISPLAY_CUTOUT, mFrame=[0,0][-100000,2400], mVisible=true, mInsetsRoundedCornerFrame=false}, InsetsSource: {mType=ITYPE_TOP_DISPLAY_CUTOUT, mFrame=[0,0][1080,88], mVisible=true, mInsetsRoundedCornerFrame=false}, InsetsSource: {mType=ITYPE_RIGHT_DISPLAY_CUTOUT, mFrame=[100000,0][1080,2400], mVisible=true, mInsetsRoundedCornerFrame=false}, InsetsSource: {mType=ITYPE_BOTTOM_DISPLAY_CUTOUT, mFrame=[0,100000][1080,2400], mVisible=true, mInsetsRoundedCornerFrame=false}, InsetsSource: {mType=ITYPE_TOP_TAPPABLE_ELEMENT, mFrame=[0,0][1080,88], mVisible=true, mInsetsRoundedCornerFrame=false}, InsetsSource: {mType=ITYPE_BOTTOM_TAPPABLE_ELEMENT, mFrame=[0,2256][1080,2400], mVisible=true, mInsetsRoundedCornerFrame=false} } host=PopupWindow:48dfc7 from=android.view.ViewRootImpl.setView:1732
04-06 19:36:16.978 16539 16539 I ViewRootImpl@e2019f4[PopupWindow:48dfc7]: setView = android.widget.PopupWindow$PopupDecorView@71ee160 TM=false
04-06 19:36:16.986 16539 16539 I IMM_LC  : showSoftInput(View,I)
04-06 19:36:16.986 16539 16539 I IMM_LC  : ssi() - flag : 0 view : com.evolucao.app reason = SHOW_SOFT_INPUT
04-06 19:36:16.990 16539 16539 I ViewRootImpl@102fe65[PopupWindow:f29bb5c]: performTraversals params={(231,1866)(90x108) gr=TOP START CENTER sim={state=unchanged adjust=pan} ty=APPLICATION_SUB_PANEL fmt=TRANSLUCENT wanim=0x1030313 surfaceInsets=Rect(0, 0 - 0, 0) (manual)
04-06 19:36:16.990 16539 16539 I ViewRootImpl@102fe65[PopupWindow:f29bb5c]:   fl=41800208
04-06 19:36:16.990 16539 16539 I ViewRootImpl@102fe65[PopupWindow:f29bb5c]:   pfl=2018000
04-06 19:36:16.990 16539 16539 I ViewRootImpl@102fe65[PopupWindow:f29bb5c]:   bhv=DEFAULT
04-06 19:36:16.990 16539 16539 I ViewRootImpl@102fe65[PopupWindow:f29bb5c]:   fitTypes=STATUS_BARS NAVIGATION_BARS CAPTION_BAR naviIconColor=0
04-06 19:36:16.990 16539 16539 I ViewRootImpl@102fe65[PopupWindow:f29bb5c]:   sfl=20000}
04-06 19:36:16.990 16539 16539 I ViewRootImpl@102fe65[PopupWindow:f29bb5c]: performTraversals mFirst=true windowShouldResize=true viewVisibilityChanged=false mForceNextWindowRelayout=false params={(231,1866)(90x108) gr=TOP START CENTER sim={state=unchanged adjust=pan} ty=APPLICATION_SUB_PANEL fmt=TRANSLUCENT wanim=0x1030313 surfaceInsets=Rect(0, 0 - 0, 0) (manual)
04-06 19:36:16.990 16539 16539 I ViewRootImpl@102fe65[PopupWindow:f29bb5c]:   fl=41800208
04-06 19:36:16.990 16539 16539 I ViewRootImpl@102fe65[PopupWindow:f29bb5c]:   pfl=42018000
04-06 19:36:16.990 16539 16539 I ViewRootImpl@102fe65[PopupWindow:f29bb5c]:   bhv=DEFAULT
04-06 19:36:16.990 16539 16539 I ViewRootImpl@102fe65[PopupWindow:f29bb5c]:   fitTypes=STATUS_BARS NAVIGATION_BARS CAPTION_BAR naviIconColor=0
04-06 19:36:16.990 16539 16539 I ViewRootImpl@102fe65[PopupWindow:f29bb5c]:   sfl=20000}
04-06 19:36:16.994 16539 16857 I ViewRootImpl@102fe65[PopupWindow:f29bb5c]: Resizing android.view.ViewRootImpl@7729d06: frame = [231,1866][321,1974] reportDraw = true forceLayout = false syncSeqId = 0
04-06 19:36:16.996 16539 16539 I ViewRootImpl@102fe65[PopupWindow:f29bb5c]: updateBlastSurfaceIfNeeded mBlastBufferQueue=null isSameSurfaceControl=false
04-06 19:36:16.996 16539 16539 I BLASTBufferQueue: new BLASTBufferQueue, mName= ViewRootImpl@102fe65[PopupWindow:f29bb5c] mNativeObject= 0xb40000704789cf00 sc.mNativeObject= 0xb400006de9b01a00 caller= android.view.ViewRootImpl.updateBlastSurfaceIfNeeded:2909 android.view.ViewRootImpl.relayoutWindow:9847 android.view.ViewRootImpl.performTraversals:3884 android.view.ViewRootImpl.doTraversal:3116 android.view.ViewRootImpl$TraversalRunnable.run:10885 android.view.Choreographer$CallbackRecord.run:1301 android.view.Choreographer$CallbackRecord.run:1309 android.view.Choreographer.doCallbacks:923 android.view.Choreographer.doFrame:852 android.view.Choreographer$FrameDisplayEventReceiver.run:1283 
04-06 19:36:16.996 16539 16539 I BLASTBufferQueue: update, w= 90 h= 108 mName = ViewRootImpl@102fe65[PopupWindow:f29bb5c] mNativeObject= 0xb40000704789cf00 sc.mNativeObject= 0xb400006de9b01a00 format= -3 caller= android.graphics.BLASTBufferQueue.<init>:84 android.view.ViewRootImpl.updateBlastSurfaceIfNeeded:2909 android.view.ViewRootImpl.relayoutWindow:9847 android.view.ViewRootImpl.performTraversals:3884 android.view.ViewRootImpl.doTraversal:3116 android.view.ViewRootImpl$TraversalRunnable.run:10885 
04-06 19:36:16.997 16539 16539 I ViewRootImpl@102fe65[PopupWindow:f29bb5c]: Relayout returned: old=(231,1866,321,1974) new=(231,1866,321,1974) req=(90,108)0 dur=6 res=0x3 s={true 0xb400006de9b0d800} ch=true seqId=0
04-06 19:36:16.998 16539 16539 I ViewRootImpl@102fe65[PopupWindow:f29bb5c]: mThreadedRenderer.initialize() mSurface={isValid=true 0xb400006de9b0d800} hwInitialized=true
04-06 19:36:17.001 16539 16594 D OpenGLRenderer: eglCreateWindowSurface
04-06 19:36:17.001 16539 16539 I ViewRootImpl@102fe65[PopupWindow:f29bb5c]: reportNextDraw android.view.ViewRootImpl.performTraversals:4438 android.view.ViewRootImpl.doTraversal:3116 android.view.ViewRootImpl$TraversalRunnable.run:10885 android.view.Choreographer$CallbackRecord.run:1301 android.view.Choreographer$CallbackRecord.run:1309 
04-06 19:36:17.001 16539 16539 I ViewRootImpl@102fe65[PopupWindow:f29bb5c]: Setup new sync id=0
04-06 19:36:17.002 16539 16539 I ViewRootImpl@102fe65[PopupWindow:f29bb5c]: Setting syncFrameCallback
04-06 19:36:17.002 16539 16539 I ViewRootImpl@102fe65[PopupWindow:f29bb5c]: registerCallbacksForSync syncBuffer=false
04-06 19:36:17.003 16539 16621 I ViewRootImpl@102fe65[PopupWindow:f29bb5c]: Received frameDrawingCallback syncResult=0 frameNum=1.
04-06 19:36:17.003 16539 16621 I ViewRootImpl@102fe65[PopupWindow:f29bb5c]: Setting up sync and frameCommitCallback
04-06 19:36:17.010 16539 16594 I BLASTBufferQueue: [ViewRootImpl@102fe65[PopupWindow:f29bb5c]#2](f:0,a:0) onFrameAvailable the first frame is available
04-06 19:36:17.011 16539 16594 I ViewRootImpl@102fe65[PopupWindow:f29bb5c]: Received frameCommittedCallback lastAttemptedDrawFrameNum=1 didProduceBuffer=true
04-06 19:36:17.011 16539 16594 D OpenGLRenderer: CFMS:: SetUp Pid : 16539    Tid : 16594
04-06 19:36:17.012 16539 16594 W Parcel  : Expecting binder but got null!
04-06 19:36:17.012 16539 16539 I ViewRootImpl@102fe65[PopupWindow:f29bb5c]: onSyncComplete
04-06 19:36:17.013 16539 16539 I ViewRootImpl@102fe65[PopupWindow:f29bb5c]: setupSync seqId=0 mSyncId=0 fn=1 caller=android.view.ViewRootImpl$$ExternalSyntheticLambda11.accept:6 android.window.SurfaceSyncer.lambda$setupSync$1$android-window-SurfaceSyncer:128 android.window.SurfaceSyncer$$ExternalSyntheticLambda1.accept:8 android.window.SurfaceSyncer$SyncSet.checkIfSyncIsComplete:382 android.window.SurfaceSyncer$SyncSet.markSyncReady:359 android.window.SurfaceSyncer.markSyncReady:151 android.view.ViewRootImpl.performTraversals:4503 
04-06 19:36:17.014 16539 16539 I ViewRootImpl@e2019f4[PopupWindow:48dfc7]: performTraversals params={(231,1772)(90x94) gr=TOP START CENTER sim={state=unchanged adjust=pan} ty=APPLICATION_SUB_PANEL fmt=TRANSLUCENT wanim=0x1030313 surfaceInsets=Rect(0, 0 - 0, 0) (manual)
04-06 19:36:17.014 16539 16539 I ViewRootImpl@e2019f4[PopupWindow:48dfc7]:   fl=41800218
04-06 19:36:17.014 16539 16539 I ViewRootImpl@e2019f4[PopupWindow:48dfc7]:   pfl=2018000
04-06 19:36:17.014 16539 16539 I ViewRootImpl@e2019f4[PopupWindow:48dfc7]:   bhv=DEFAULT
04-06 19:36:17.014 16539 16539 I ViewRootImpl@e2019f4[PopupWindow:48dfc7]:   fitTypes=STATUS_BARS NAVIGATION_BARS CAPTION_BAR naviIconColor=0
04-06 19:36:17.014 16539 16539 I ViewRootImpl@e2019f4[PopupWindow:48dfc7]:   sfl=20000}
04-06 19:36:17.015 16539 16539 I ViewRootImpl@e2019f4[PopupWindow:48dfc7]: performTraversals mFirst=true windowShouldResize=true viewVisibilityChanged=false mForceNextWindowRelayout=false params={(231,1772)(90x94) gr=TOP START CENTER sim={state=unchanged adjust=pan} ty=APPLICATION_SUB_PANEL fmt=TRANSLUCENT wanim=0x1030313 surfaceInsets=Rect(0, 0 - 0, 0) (manual)
04-06 19:36:17.015 16539 16539 I ViewRootImpl@e2019f4[PopupWindow:48dfc7]:   fl=41800218
04-06 19:36:17.015 16539 16539 I ViewRootImpl@e2019f4[PopupWindow:48dfc7]:   pfl=42018000
04-06 19:36:17.015 16539 16539 I ViewRootImpl@e2019f4[PopupWindow:48dfc7]:   bhv=DEFAULT
04-06 19:36:17.015 16539 16539 I ViewRootImpl@e2019f4[PopupWindow:48dfc7]:   fitTypes=STATUS_BARS NAVIGATION_BARS CAPTION_BAR naviIconColor=0
04-06 19:36:17.015 16539 16539 I ViewRootImpl@e2019f4[PopupWindow:48dfc7]:   sfl=20000}
04-06 19:36:17.019 16539 16894 I ViewRootImpl@e2019f4[PopupWindow:48dfc7]: Resizing android.view.ViewRootImpl@1116619: frame = [231,1772][321,1866] reportDraw = true forceLayout = false syncSeqId = 0
04-06 19:36:17.020 16539 16539 I ViewRootImpl@e2019f4[PopupWindow:48dfc7]: updateBlastSurfaceIfNeeded mBlastBufferQueue=null isSameSurfaceControl=false
04-06 19:36:17.021 16539 16539 I BLASTBufferQueue: new BLASTBufferQueue, mName= ViewRootImpl@e2019f4[PopupWindow:48dfc7] mNativeObject= 0xb40000704789d280 sc.mNativeObject= 0xb400006de9b01c80 caller= android.view.ViewRootImpl.updateBlastSurfaceIfNeeded:2909 android.view.ViewRootImpl.relayoutWindow:9847 android.view.ViewRootImpl.performTraversals:3884 android.view.ViewRootImpl.doTraversal:3116 android.view.ViewRootImpl$TraversalRunnable.run:10885 android.view.Choreographer$CallbackRecord.run:1301 android.view.Choreographer$CallbackRecord.run:1309 android.view.Choreographer.doCallbacks:923 android.view.Choreographer.doFrame:852 android.view.Choreographer$FrameDisplayEventReceiver.run:1283 
04-06 19:36:17.021 16539 16539 I BLASTBufferQueue: update, w= 90 h= 94 mName = ViewRootImpl@e2019f4[PopupWindow:48dfc7] mNativeObject= 0xb40000704789d280 sc.mNativeObject= 0xb400006de9b01c80 format= -3 caller= android.graphics.BLASTBufferQueue.<init>:84 android.view.ViewRootImpl.updateBlastSurfaceIfNeeded:2909 android.view.ViewRootImpl.relayoutWindow:9847 android.view.ViewRootImpl.performTraversals:3884 android.view.ViewRootImpl.doTraversal:3116 android.view.ViewRootImpl$TraversalRunnable.run:10885 
04-06 19:36:17.021 16539 16539 I ViewRootImpl@e2019f4[PopupWindow:48dfc7]: Relayout returned: old=(231,1772,321,1866) new=(231,1772,321,1866) req=(90,94)0 dur=5 res=0x3 s={true 0xb400006de9cba000} ch=true seqId=0
04-06 19:36:17.022 16539 16539 I ViewRootImpl@e2019f4[PopupWindow:48dfc7]: mThreadedRenderer.initialize() mSurface={isValid=true 0xb400006de9cba000} hwInitialized=true
04-06 19:36:17.022 16539 16594 D OpenGLRenderer: eglCreateWindowSurface
04-06 19:36:17.024 16539 16539 I ViewRootImpl@e2019f4[PopupWindow:48dfc7]: reportNextDraw android.view.ViewRootImpl.performTraversals:4438 android.view.ViewRootImpl.doTraversal:3116 android.view.ViewRootImpl$TraversalRunnable.run:10885 android.view.Choreographer$CallbackRecord.run:1301 android.view.Choreographer$CallbackRecord.run:1309 
04-06 19:36:17.024 16539 16539 I ViewRootImpl@e2019f4[PopupWindow:48dfc7]: Setup new sync id=0
04-06 19:36:17.024 16539 16539 I ViewRootImpl@e2019f4[PopupWindow:48dfc7]: Setting syncFrameCallback
04-06 19:36:17.024 16539 16539 I ViewRootImpl@e2019f4[PopupWindow:48dfc7]: registerCallbacksForSync syncBuffer=false
04-06 19:36:17.024 16539 16622 I ViewRootImpl@e2019f4[PopupWindow:48dfc7]: Received frameDrawingCallback syncResult=0 frameNum=1.
04-06 19:36:17.024 16539 16622 I ViewRootImpl@e2019f4[PopupWindow:48dfc7]: Setting up sync and frameCommitCallback
04-06 19:36:17.025 16539 16594 I BLASTBufferQueue: [ViewRootImpl@e2019f4[PopupWindow:48dfc7]#3](f:0,a:0) onFrameAvailable the first frame is available
04-06 19:36:17.025 16539 16594 I ViewRootImpl@e2019f4[PopupWindow:48dfc7]: Received frameCommittedCallback lastAttemptedDrawFrameNum=1 didProduceBuffer=true
04-06 19:36:17.025 16539 16594 D OpenGLRenderer: CFMS:: SetUp Pid : 16539    Tid : 16594
04-06 19:36:17.026 16539 16594 W Parcel  : Expecting binder but got null!
04-06 19:36:17.026 16539 16539 I ViewRootImpl@e2019f4[PopupWindow:48dfc7]: onSyncComplete
04-06 19:36:17.026 16539 16539 I ViewRootImpl@e2019f4[PopupWindow:48dfc7]: setupSync seqId=0 mSyncId=0 fn=1 caller=android.view.ViewRootImpl$$ExternalSyntheticLambda11.accept:6 android.window.SurfaceSyncer.lambda$setupSync$1$android-window-SurfaceSyncer:128 android.window.SurfaceSyncer$$ExternalSyntheticLambda1.accept:8 android.window.SurfaceSyncer$SyncSet.checkIfSyncIsComplete:382 android.window.SurfaceSyncer$SyncSet.markSyncReady:359 android.window.SurfaceSyncer.markSyncReady:151 android.view.ViewRootImpl.performTraversals:4503 
04-06 19:36:17.026 16539 16539 I ViewRootImpl@e2019f4[PopupWindow:48dfc7]: reportDrawFinished seqId=0 mSyncId=-1 fn=1 mSurfaceChangedTransaction=0xb4000070a70b0b00
04-06 19:36:17.026 16539 16539 I ViewRootImpl@102fe65[PopupWindow:f29bb5c]: reportDrawFinished seqId=0 mSyncId=-1 fn=1 mSurfaceChangedTransaction=0xb4000070a6e87800
04-06 19:36:17.028 16539 16539 I ViewRootImpl@102fe65[PopupWindow:f29bb5c]: handleResized, msg = 5 frames=ClientWindowFrames{frame=[231,1866][321,1974] display=[-100000,-100000][100000,100000] parentFrame=[0,0][0,0] parentClippedByDisplayCutout=false} forceNextWindowRelayout=false displayId=0 resizeMode=-1 frameChanged=false displayFrameChanged=false configChanged=false displayChanged=false
04-06 19:36:17.028 16539 16539 I ViewRootImpl@102fe65[PopupWindow:f29bb5c]: handleResized mSyncSeqId = 0
04-06 19:36:17.028 16539 16539 I ViewRootImpl@102fe65[PopupWindow:f29bb5c]: reportNextDraw android.view.ViewRootImpl.handleResized:2450 android.view.ViewRootImpl.-$$Nest$mhandleResized:0 android.view.ViewRootImpl$ViewRootHandler.handleMessageImpl:6728 android.view.ViewRootImpl$ViewRootHandler.handleMessage:6697 android.os.Handler.dispatchMessage:106 
04-06 19:36:17.028 16539 16539 I ViewRootImpl@102fe65[PopupWindow:f29bb5c]: Setup new sync id=1
04-06 19:36:17.029 16539 16539 I ViewRootImpl@102fe65[PopupWindow:f29bb5c]: Setting syncFrameCallback
04-06 19:36:17.029 16539 16539 I ViewRootImpl@102fe65[PopupWindow:f29bb5c]: registerCallbacksForSync syncBuffer=false
04-06 19:36:17.030 16539 16621 I ViewRootImpl@102fe65[PopupWindow:f29bb5c]: Received frameDrawingCallback syncResult=0 frameNum=2.
04-06 19:36:17.030 16539 16621 I ViewRootImpl@102fe65[PopupWindow:f29bb5c]: Setting up sync and frameCommitCallback
04-06 19:36:17.032 16539 16594 I ViewRootImpl@102fe65[PopupWindow:f29bb5c]: Received frameCommittedCallback lastAttemptedDrawFrameNum=2 didProduceBuffer=true
04-06 19:36:17.036 16539 16539 I ViewRootImpl@102fe65[PopupWindow:f29bb5c]: onSyncComplete
04-06 19:36:17.036 16539 16539 I ViewRootImpl@102fe65[PopupWindow:f29bb5c]: setupSync seqId=0 mSyncId=1 fn=2 caller=android.view.ViewRootImpl$$ExternalSyntheticLambda11.accept:6 android.window.SurfaceSyncer.lambda$setupSync$1$android-window-SurfaceSyncer:128 android.window.SurfaceSyncer$$ExternalSyntheticLambda1.accept:8 android.window.SurfaceSyncer$SyncSet.checkIfSyncIsComplete:382 android.window.SurfaceSyncer$SyncSet.markSyncReady:359 android.window.SurfaceSyncer.markSyncReady:151 android.view.ViewRootImpl.performTraversals:4503 
04-06 19:36:17.036 16539 16539 I ViewRootImpl@102fe65[PopupWindow:f29bb5c]: reportDrawFinished seqId=0 mSyncId=-1 fn=2 mSurfaceChangedTransaction=0xb4000070a6e87800
04-06 19:36:17.037 16539 16539 I ViewRootImpl@e2019f4[PopupWindow:48dfc7]: handleResized, msg = 5 frames=ClientWindowFrames{frame=[231,1772][321,1866] display=[-100000,-100000][100000,100000] parentFrame=[0,0][0,0] parentClippedByDisplayCutout=false} forceNextWindowRelayout=false displayId=0 resizeMode=-1 frameChanged=false displayFrameChanged=false configChanged=false displayChanged=false
04-06 19:36:17.037 16539 16539 I ViewRootImpl@e2019f4[PopupWindow:48dfc7]: handleResized mSyncSeqId = 0
04-06 19:36:17.037 16539 16539 I ViewRootImpl@e2019f4[PopupWindow:48dfc7]: reportNextDraw android.view.ViewRootImpl.handleResized:2450 android.view.ViewRootImpl.-$$Nest$mhandleResized:0 android.view.ViewRootImpl$ViewRootHandler.handleMessageImpl:6728 android.view.ViewRootImpl$ViewRootHandler.handleMessage:6697 android.os.Handler.dispatchMessage:106 
04-06 19:36:17.038 16539 16539 I ViewRootImpl@e2019f4[PopupWindow:48dfc7]: Setup new sync id=1
04-06 19:36:17.038 16539 16539 I ViewRootImpl@e2019f4[PopupWindow:48dfc7]: Setting syncFrameCallback
04-06 19:36:17.038 16539 16539 I ViewRootImpl@e2019f4[PopupWindow:48dfc7]: registerCallbacksForSync syncBuffer=false
04-06 19:36:17.039 16539 16622 I ViewRootImpl@e2019f4[PopupWindow:48dfc7]: Received frameDrawingCallback syncResult=0 frameNum=2.
04-06 19:36:17.039 16539 16622 I ViewRootImpl@e2019f4[PopupWindow:48dfc7]: Setting up sync and frameCommitCallback
04-06 19:36:17.040 16539 16594 I ViewRootImpl@e2019f4[PopupWindow:48dfc7]: Received frameCommittedCallback lastAttemptedDrawFrameNum=2 didProduceBuffer=true
04-06 19:36:17.041 16539 16539 I ViewRootImpl@e2019f4[PopupWindow:48dfc7]: onSyncComplete
04-06 19:36:17.041 16539 16539 I ViewRootImpl@e2019f4[PopupWindow:48dfc7]: setupSync seqId=0 mSyncId=1 fn=2 caller=android.view.ViewRootImpl$$ExternalSyntheticLambda11.accept:6 android.window.SurfaceSyncer.lambda$setupSync$1$android-window-SurfaceSyncer:128 android.window.SurfaceSyncer$$ExternalSyntheticLambda1.accept:8 android.window.SurfaceSyncer$SyncSet.checkIfSyncIsComplete:382 android.window.SurfaceSyncer$SyncSet.markSyncReady:359 android.window.SurfaceSyncer.markSyncReady:151 android.view.ViewRootImpl.performTraversals:4503 
04-06 19:36:17.042 16539 16539 I ViewRootImpl@e2019f4[PopupWindow:48dfc7]: reportDrawFinished seqId=0 mSyncId=-1 fn=2 mSurfaceChangedTransaction=0xb4000070a70b0b00
04-06 19:36:17.054 16539 16539 W OnBackInvokedCallback: OnBackInvokedCallback is not enabled for the application.
04-06 19:36:17.054 16539 16539 W OnBackInvokedCallback: Set 'android:enableOnBackInvokedCallback="true"' in the application manifest.
04-06 19:36:17.072 16539 16894 I ViewRootImpl@73623ee[MainActivity]: Resizing android.view.ViewRootImpl@25a16ab: frame = [0,0][1080,2400] reportDraw = false forceLayout = false syncSeqId = 0
04-06 19:36:17.073 16539 16857 I ViewRootImpl@102fe65[PopupWindow:f29bb5c]: Resizing android.view.ViewRootImpl@7729d06: frame = [231,1866][321,1974] reportDraw = false forceLayout = false syncSeqId = 0
04-06 19:36:17.073 16539 16539 D InsetsController: onStateChanged: InsetsState: {mDisplayFrame=Rect(0, 0 - 1080, 2400), mDisplayCutout=DisplayCutout{insets=Rect(0, 88 - 0, 0) waterfall=Insets{left=0, top=0, right=0, bottom=0} boundingRect={Bounds=[Rect(0, 0 - 0, 0), Rect(512, 0 - 568, 88), Rect(0, 0 - 0, 0), Rect(0, 0 - 0, 0)]} cutoutPathParserInfo={CutoutPathParserInfo{displayWidth=1080 displayHeight=2400 physicalDisplayWidth=1080 physicalDisplayHeight=2400 density={3.0} cutoutSpec={M 0,0 M 0,10.71963616907435 a 9.280363830925644,9.280363830925644 0 1,0 0,18.56072766185129 a 9.280363830925644,9.280363830925644 0 1,0 0,-18.56072766185129 Z @dp} rotation={0} scale={1.0} physicalPixelDisplaySizeRatio={1.0}}}}, mRoundedCorners=RoundedCorners{[RoundedCorner{position=TopLeft, radius=96, center=Point(96, 96)}, RoundedCorner{position=TopRight, radius=96, center=Point(984, 96)}, RoundedCorner{position=BottomRight, radius=96, center=Point(984, 2304)}, RoundedCorner{position=BottomLeft, radius=96, center=Point(96, 2304)}]}  mRoundedCornerFrame=Rect(0, 0 - 1080, 2400), mPrivacyIndicatorBounds=PrivacyIndicatorBounds {static bounds=Rect(948, 0 - 1080, 88) rotation=0}, mSources= { InsetsSource: {mType=ITYPE_STATUS_BAR, mFrame=[0,0][1080,88], mVisible=true, mInsetsRoundedCornerFrame=false}, InsetsSource: {mType=ITYPE_NAVIGATION_BAR, mFrame=[0,2256][1080,2400], mVisible=true, mInsetsRoundedCornerFrame=false}, InsetsSource: {mType=ITYPE_LEFT_GESTURES, mFrame=[0,0][0,2400], mVisible=true, mInsetsRoundedCornerFrame=false}, InsetsSource: {mType=ITYPE_RIGHT_GESTURES, mFrame=[1080,0][1080,2400], mVisible=true, mInsetsRoundedCornerFrame=false}, InsetsSource: {mType=ITYPE_TOP_MANDATORY_GESTURES, mFrame=[0,0][1080,124], mVisible=true, mInsetsRoundedCornerFrame=false}, InsetsSource: {mType=ITYPE_BOTTOM_MANDATORY_GESTURES, mFrame=[0,2256][1080,2400], mVisible=true, mInsetsRoundedCornerFrame=false}, InsetsSource: {mType=ITYPE_LEFT_DISPLAY_CUTOUT, mFrame=[0,0][-100000,2400], mVisible=true, mInsetsRoundedCornerFrame=false}, InsetsSource: {mType=ITYPE_TOP_DISPLAY_CUTOUT, mFrame=[0,0][1080,88], mVisible=true, mInsetsRoundedCornerFrame=false}, InsetsSource: {mType=ITYPE_RIGHT_DISPLAY_CUTOUT, mFrame=[100000,0][1080,2400], mVisible=true, mInsetsRoundedCornerFrame=false}, InsetsSource: {mType=ITYPE_BOTTOM_DISPLAY_CUTOUT, mFrame=[0,100000][1080,2400], mVisible=true, mInsetsRoundedCornerFrame=false}, InsetsSource: {mType=ITYPE_TOP_TAPPABLE_ELEMENT, mFrame=[0,0][1080,88], mVisible=true, mInsetsRoundedCornerFrame=false}, InsetsSource: {mType=ITYPE_BOTTOM_TAPPABLE_ELEMENT, mFrame=[0,2256][1080,2400], mVisible=true, mInsetsRoundedCornerFrame=false}, InsetsSource: {mType=ITYPE_IME, mFrame=[0,1374][1080,2400], mVisibleFrame=[0,1374][1080,2400], mVisible=false, mInsetsRoundedCornerFrame=false} } host=com.evolucao.app/com.evolucao.app.MainActivity from=android.view.ViewRootImpl$ViewRootHandler.handleMessageImpl:6727
04-06 19:36:17.073 16539 16539 I ViewRootImpl@73623ee[MainActivity]: handleResized, msg = 4 frames=ClientWindowFrames{frame=[0,0][1080,2400] display=[0,0][1080,2400] parentFrame=[0,0][0,0] parentClippedByDisplayCutout=false} forceNextWindowRelayout=false displayId=0 resizeMode=-1 frameChanged=false displayFrameChanged=false configChanged=false displayChanged=false
04-06 19:36:17.073 16539 16539 I ViewRootImpl@102fe65[PopupWindow:f29bb5c]: handleResized, msg = 4 frames=ClientWindowFrames{frame=[231,1866][321,1974] display=[-100000,-100000][100000,100000] parentFrame=[0,0][0,0] parentClippedByDisplayCutout=false} forceNextWindowRelayout=false displayId=0 resizeMode=-1 frameChanged=false displayFrameChanged=false configChanged=false displayChanged=false
04-06 19:36:17.074 16539 16555 I ViewRootImpl@e2019f4[PopupWindow:48dfc7]: Resizing android.view.ViewRootImpl@1116619: frame = [231,1772][321,1866] reportDraw = false forceLayout = false syncSeqId = 0
