--------- beginning of main
04-06 02:40:57.055 26528 26585 D DetoxWSClient: Received action 'invoke' (ID #10, params={"target":{"type":"Class","value":"com.wix.detox.espresso.EspressoDetox"},"method":"perform","args":[{"type":"Invocation","value":{"target":{"type":"Class","value":"com.wix.detox.espresso.DetoxMatcher"},"method":"matcherForAtIndex","args":[{"type":"Integer","value":0},{"type":"Invocation","value":{"target":{"type":"Class","value":"com.wix.detox.espresso.DetoxMatcher"},"method":"matcherForText","args":["Treinos",{"type":"boolean","value":false}]}}]}},{"type":"Invocation","value":{"target":{"type":"Class","value":"com.wix.detox.espresso.DetoxViewActions"},"method":"click","args":[]}}]})
04-06 02:40:57.056 26528 26581 I DetoxDispatcher: Handling action 'invoke' (ID #10)...
04-06 02:40:57.057 26528 26581 D Detox   : class com.wix.detox.espresso.DetoxMatcher, matcherForText, [Treinos, false]
04-06 02:40:57.058 26528 26581 D Detox   : class com.wix.detox.espresso.DetoxMatcher, matcherForAtIndex, [0, (an instance of android.widget.TextView and view.getText() with or without transformation to match: is "Treinos" and view has effective visibility <VISIBLE>)]
04-06 02:40:57.058 26528 26581 D Detox   : class com.wix.detox.espresso.DetoxViewActions, click, []
04-06 02:40:57.059 26528 26581 D Detox   : class com.wix.detox.espresso.EspressoDetox, perform, [View at index #0, of those matching MATCHER(an instance of android.widget.TextView and view.getText() with or without transformation to match: is "Treinos" and view has effective visibility <VISIBLE>), com.wix.detox.espresso.action.RNClickAction@d08ca42]
04-06 02:40:57.065 26528 26528 I ViewInteraction: Performing 'com.wix.detox.espresso.action.detoxsingletap@b6a6a53 click' action on view View at index #0, of those matching MATCHER(an instance of android.widget.TextView and view.getText() with or without transformation to match: is "Treinos" and view has effective visibility <VISIBLE>)
04-06 02:40:57.071 26528 26528 I ViewRootImpl@73623ee[MainActivity]: ViewPostIme pointer 0
04-06 02:40:57.101 26528 26528 I ViewRootImpl@73623ee[MainActivity]: ViewPostIme pointer 1
04-06 02:40:57.168 26528 26636 I ReactNativeJS: 'match:', 'local-cache'
04-06 02:40:57.169 26528 26636 I ReactNativeJS: 'recommendation:', 'push', '| confidence:', 'alta'
04-06 02:40:57.251 26528 26528 D ScrollView: initGoToTop
04-06 02:40:57.473 26528 26581 I DetoxWSClient: Sending out action 'invokeResult' (ID #10)
04-06 02:40:57.474 26528 26581 I DetoxDispatcher: Done with action 'invoke'
04-06 02:40:57.479 26528 26585 D DetoxWSClient: Received action 'invoke' (ID #11, params={"target":{"type":"Class","value":"com.wix.detox.espresso.DetoxAssertion"},"method":"waitForAssertMatcher","args":[{"type":"Invocation","value":{"target":{"type":"Class","value":"androidx.test.espresso.Espresso"},"method":"onView","args":[{"type":"Invocation","value":{"target":{"type":"Class","value":"com.wix.detox.espresso.DetoxMatcher"},"method":"matcherForText","args":["Iniciar treino recomendado",{"type":"boolean","value":false}]}}]}},{"type":"Invocation","value":{"target":{"type":"Class","value":"com.wix.detox.espresso.DetoxMatcher"},"method":"matcherForSufficientlyVisible","args":[{"type":"Integer","value":75}]}},{"type":"Double","value":10}]})
04-06 02:40:57.480 26528 26581 I DetoxDispatcher: Handling action 'invoke' (ID #11)...
04-06 02:40:57.480 26528 26581 D Detox   : class com.wix.detox.espresso.DetoxMatcher, matcherForText, [Iniciar treino recomendado, false]
04-06 02:40:57.481 26528 26581 D Detox   : class androidx.test.espresso.Espresso, onView, [(an instance of android.widget.TextView and view.getText() with or without transformation to match: is "Iniciar treino recomendado" and view has effective visibility <VISIBLE>)]
04-06 02:40:57.482 26528 26581 D Detox   : class com.wix.detox.espresso.DetoxMatcher, matcherForSufficientlyVisible, [75]
04-06 02:40:57.483 26528 26581 D Detox   : class com.wix.detox.espresso.DetoxAssertion, waitForAssertMatcher, [androidx.test.espresso.ViewInteraction@ebbe6be, (view has effective visibility <VISIBLE> and view.getGlobalVisibleRect() covers at least <75> percent of the view's area), 10.0]
04-06 02:40:57.486 26528 26528 I ViewInteraction: Checking 'MatchesViewAssertion(Detox){viewMatcher=(view has effective visibility <VISIBLE> and view.getGlobalVisibleRect() covers at least <75> percent of the view's area)}' assertion on view (an instance of android.widget.TextView and view.getText() with or without transformation to match: is "Iniciar treino recomendado" and view has effective visibility <VISIBLE>)
04-06 02:40:57.491 26528 26581 I DetoxWSClient: Sending out action 'invokeResult' (ID #11)
04-06 02:40:57.491 26528 26581 I DetoxDispatcher: Done with action 'invoke'
04-06 02:40:57.496 26528 26585 D DetoxWSClient: Received action 'invoke' (ID #12, params={"target":{"type":"Class","value":"com.wix.detox.espresso.EspressoDetox"},"method":"perform","args":[{"type":"Invocation","value":{"target":{"type":"Class","value":"com.wix.detox.espresso.DetoxMatcher"},"method":"matcherForText","args":["Iniciar treino recomendado",{"type":"boolean","value":false}]}},{"type":"Invocation","value":{"target":{"type":"Class","value":"com.wix.detox.espresso.DetoxViewActions"},"method":"click","args":[]}}]})
04-06 02:40:57.497 26528 26581 I DetoxDispatcher: Handling action 'invoke' (ID #12)...
04-06 02:40:57.497 26528 26581 D Detox   : class com.wix.detox.espresso.DetoxMatcher, matcherForText, [Iniciar treino recomendado, false]
04-06 02:40:57.497 26528 26581 D Detox   : class com.wix.detox.espresso.DetoxViewActions, click, []
04-06 02:40:57.498 26528 26581 D Detox   : class com.wix.detox.espresso.EspressoDetox, perform, [(an instance of android.widget.TextView and view.getText() with or without transformation to match: is "Iniciar treino recomendado" and view has effective visibility <VISIBLE>), com.wix.detox.espresso.action.RNClickAction@7f8066c]
04-06 02:40:57.502 26528 26528 I ViewInteraction: Performing 'com.wix.detox.espresso.action.detoxsingletap@a17d435 click' action on view (an instance of android.widget.TextView and view.getText() with or without transformation to match: is "Iniciar treino recomendado" and view has effective visibility <VISIBLE>)
04-06 02:40:57.507 26528 26528 I ViewRootImpl@73623ee[MainActivity]: ViewPostIme pointer 0
04-06 02:40:57.537 26528 26528 I ViewRootImpl@73623ee[MainActivity]: ViewPostIme pointer 1
04-06 02:40:57.660 26528 26528 W [RNScreens]: backTitleFontFamily prop is not available on Android
04-06 02:40:57.660 26528 26528 W [RNScreens]: disableBackButtonMenu prop is not available on Android
04-06 02:40:57.660 26528 26528 W [RNScreens]: backTitleVisible prop is not available on Android
04-06 02:40:57.660 26528 26528 W [RNScreens]: topInsetEnabled prop is not available on Android
04-06 02:40:57.660 26528 26528 W [RNScreens]: largeTitleHideShadow prop is not available on Android
04-06 02:40:57.660 26528 26528 W [RNScreens]: largeTitleFontWeight prop is not available on Android
04-06 02:40:57.660 26528 26528 W [RNScreens]: userInterfaceStyle prop is not available on Android
04-06 02:40:57.661 26528 26528 W [RNScreens]: largeTitleFontFamily prop is not available on Android
04-06 02:40:57.672 26528 26636 I ReactNativeJS: 'match:', 'local-cache'
04-06 02:40:57.672 26528 26636 I ReactNativeJS: 'recommendation:', 'push', '| confidence:', 'alta'
04-06 02:40:57.681 26528 26539 W om.evolucao.app: Cleared Reference was only reachable from finalizer (only reported once)
04-06 02:40:57.713 26528 26636 I ReactNativeJS: 'match:', 'local-cache'
04-06 02:40:57.713 26528 26636 I ReactNativeJS: 'recommendation:', 'push', '| confidence:', 'alta'
04-06 02:40:57.913 26528 26581 I DetoxWSClient: Sending out action 'invokeResult' (ID #12)
04-06 02:40:57.913 26528 26581 I DetoxDispatcher: Done with action 'invoke'
04-06 02:40:57.920 26528 26585 D DetoxWSClient: Received action 'invoke' (ID #13, params={"target":{"type":"Class","value":"com.wix.detox.espresso.DetoxAssertion"},"method":"waitForAssertMatcher","args":[{"type":"Invocation","value":{"target":{"type":"Class","value":"androidx.test.espresso.Espresso"},"method":"onView","args":[{"type":"Invocation","value":{"target":{"type":"Class","value":"com.wix.detox.espresso.DetoxMatcher"},"method":"matcherForText","args":["Treino de hoje",{"type":"boolean","value":false}]}}]}},{"type":"Invocation","value":{"target":{"type":"Class","value":"com.wix.detox.espresso.DetoxMatcher"},"method":"matcherForSufficientlyVisible","args":[{"type":"Integer","value":75}]}},{"type":"Double","value":10}]})
04-06 02:40:57.921 26528 26581 I DetoxDispatcher: Handling action 'invoke' (ID #13)...
04-06 02:40:57.922 26528 26581 D Detox   : class com.wix.detox.espresso.DetoxMatcher, matcherForText, [Treino de hoje, false]
04-06 02:40:57.922 26528 26581 D Detox   : class androidx.test.espresso.Espresso, onView, [(an instance of android.widget.TextView and view.getText() with or without transformation to match: is "Treino de hoje" and view has effective visibility <VISIBLE>)]
04-06 02:40:57.924 26528 26581 D Detox   : class com.wix.detox.espresso.DetoxMatcher, matcherForSufficientlyVisible, [75]
04-06 02:40:57.924 26528 26581 D Detox   : class com.wix.detox.espresso.DetoxAssertion, waitForAssertMatcher, [androidx.test.espresso.ViewInteraction@8527db3, (view has effective visibility <VISIBLE> and view.getGlobalVisibleRect() covers at least <75> percent of the view's area), 10.0]
04-06 02:40:57.943 26528 26528 I ViewInteraction: Checking 'MatchesViewAssertion(Detox){viewMatcher=(view has effective visibility <VISIBLE> and view.getGlobalVisibleRect() covers at least <75> percent of the view's area)}' assertion on view (an instance of android.widget.TextView and view.getText() with or without transformation to match: is "Treino de hoje" and view has effective visibility <VISIBLE>)
04-06 02:40:57.984 26528 26528 I ViewInteraction: Checking 'MatchesViewAssertion(Detox){viewMatcher=(view has effective visibility <VISIBLE> and view.getGlobalVisibleRect() covers at least <75> percent of the view's area)}' assertion on view (an instance of android.widget.TextView and view.getText() with or without transformation to match: is "Treino de hoje" and view has effective visibility <VISIBLE>)
04-06 02:40:58.036 26528 26528 I ViewInteraction: Checking 'MatchesViewAssertion(Detox){viewMatcher=(view has effective visibility <VISIBLE> and view.getGlobalVisibleRect() covers at least <75> percent of the view's area)}' assertion on view (an instance of android.widget.TextView and view.getText() with or without transformation to match: is "Treino de hoje" and view has effective visibility <VISIBLE>)
04-06 02:40:58.070 26528 26528 I ViewInteraction: Checking 'MatchesViewAssertion(Detox){viewMatcher=(view has effective visibility <VISIBLE> and view.getGlobalVisibleRect() covers at least <75> percent of the view's area)}' assertion on view (an instance of android.widget.TextView and view.getText() with or without transformation to match: is "Treino de hoje" and view has effective visibility <VISIBLE>)
04-06 02:40:58.109 26528 26528 I ViewInteraction: Checking 'MatchesViewAssertion(Detox){viewMatcher=(view has effective visibility <VISIBLE> and view.getGlobalVisibleRect() covers at least <75> percent of the view's area)}' assertion on view (an instance of android.widget.TextView and view.getText() with or without transformation to match: is "Treino de hoje" and view has effective visibility <VISIBLE>)
04-06 02:40:58.151 26528 26528 I ViewInteraction: Checking 'MatchesViewAssertion(Detox){viewMatcher=(view has effective visibility <VISIBLE> and view.getGlobalVisibleRect() covers at least <75> percent of the view's area)}' assertion on view (an instance of android.widget.TextView and view.getText() with or without transformation to match: is "Treino de hoje" and view has effective visibility <VISIBLE>)
04-06 02:40:58.187 26528 26528 I ViewInteraction: Checking 'MatchesViewAssertion(Detox){viewMatcher=(view has effective visibility <VISIBLE> and view.getGlobalVisibleRect() covers at least <75> percent of the view's area)}' assertion on view (an instance of android.widget.TextView and view.getText() with or without transformation to match: is "Treino de hoje" and view has effective visibility <VISIBLE>)
04-06 02:40:58.220 26528 26528 I ViewInteraction: Checking 'MatchesViewAssertion(Detox){viewMatcher=(view has effective visibility <VISIBLE> and view.getGlobalVisibleRect() covers at least <75> percent of the view's area)}' assertion on view (an instance of android.widget.TextView and view.getText() with or without transformation to match: is "Treino de hoje" and view has effective visibility <VISIBLE>)
04-06 02:40:58.266 26528 26528 I ViewInteraction: Checking 'MatchesViewAssertion(Detox){viewMatcher=(view has effective visibility <VISIBLE> and view.getGlobalVisibleRect() covers at least <75> percent of the view's area)}' assertion on view (an instance of android.widget.TextView and view.getText() with or without transformation to match: is "Treino de hoje" and view has effective visibility <VISIBLE>)
04-06 02:40:58.302 26528 26528 I ViewInteraction: Checking 'MatchesViewAssertion(Detox){viewMatcher=(view has effective visibility <VISIBLE> and view.getGlobalVisibleRect() covers at least <75> percent of the view's area)}' assertion on view (an instance of android.widget.TextView and view.getText() with or without transformation to match: is "Treino de hoje" and view has effective visibility <VISIBLE>)
04-06 02:40:58.340 26528 26528 I ViewInteraction: Checking 'MatchesViewAssertion(Detox){viewMatcher=(view has effective visibility <VISIBLE> and view.getGlobalVisibleRect() covers at least <75> percent of the view's area)}' assertion on view (an instance of android.widget.TextView and view.getText() with or without transformation to match: is "Treino de hoje" and view has effective visibility <VISIBLE>)
04-06 02:40:58.371 26528 26528 I ViewInteraction: Checking 'MatchesViewAssertion(Detox){viewMatcher=(view has effective visibility <VISIBLE> and view.getGlobalVisibleRect() covers at least <75> percent of the view's area)}' assertion on view (an instance of android.widget.TextView and view.getText() with or without transformation to match: is "Treino de hoje" and view has effective visibility <VISIBLE>)
04-06 02:40:58.401 26528 26528 I ViewInteraction: Checking 'MatchesViewAssertion(Detox){viewMatcher=(view has effective visibility <VISIBLE> and view.getGlobalVisibleRect() covers at least <75> percent of the view's area)}' assertion on view (an instance of android.widget.TextView and view.getText() with or without transformation to match: is "Treino de hoje" and view has effective visibility <VISIBLE>)
04-06 02:40:58.436 26528 26528 I ViewInteraction: Checking 'MatchesViewAssertion(Detox){viewMatcher=(view has effective visibility <VISIBLE> and view.getGlobalVisibleRect() covers at least <75> percent of the view's area)}' assertion on view (an instance of android.widget.TextView and view.getText() with or without transformation to match: is "Treino de hoje" and view has effective visibility <VISIBLE>)
04-06 02:40:58.469 26528 26528 I ViewInteraction: Checking 'MatchesViewAssertion(Detox){viewMatcher=(view has effective visibility <VISIBLE> and view.getGlobalVisibleRect() covers at least <75> percent of the view's area)}' assertion on view (an instance of android.widget.TextView and view.getText() with or without transformation to match: is "Treino de hoje" and view has effective visibility <VISIBLE>)
04-06 02:40:58.500 26528 26528 I ViewInteraction: Checking 'MatchesViewAssertion(Detox){viewMatcher=(view has effective visibility <VISIBLE> and view.getGlobalVisibleRect() covers at least <75> percent of the view's area)}' assertion on view (an instance of android.widget.TextView and view.getText() with or without transformation to match: is "Treino de hoje" and view has effective visibility <VISIBLE>)
04-06 02:40:58.547 26528 26528 I ViewInteraction: Checking 'MatchesViewAssertion(Detox){viewMatcher=(view has effective visibility <VISIBLE> and view.getGlobalVisibleRect() covers at least <75> percent of the view's area)}' assertion on view (an instance of android.widget.TextView and view.getText() with or without transformation to match: is "Treino de hoje" and view has effective visibility <VISIBLE>)
04-06 02:40:58.583 26528 26528 I ViewInteraction: Checking 'MatchesViewAssertion(Detox){viewMatcher=(view has effective visibility <VISIBLE> and view.getGlobalVisibleRect() covers at least <75> percent of the view's area)}' assertion on view (an instance of android.widget.TextView and view.getText() with or without transformation to match: is "Treino de hoje" and view has effective visibility <VISIBLE>)
04-06 02:40:58.619 26528 26528 I ViewInteraction: Checking 'MatchesViewAssertion(Detox){viewMatcher=(view has effective visibility <VISIBLE> and view.getGlobalVisibleRect() covers at least <75> percent of the view's area)}' assertion on view (an instance of android.widget.TextView and view.getText() with or without transformation to match: is "Treino de hoje" and view has effective visibility <VISIBLE>)
04-06 02:40:58.651 26528 26528 I ViewInteraction: Checking 'MatchesViewAssertion(Detox){viewMatcher=(view has effective visibility <VISIBLE> and view.getGlobalVisibleRect() covers at least <75> percent of the view's area)}' assertion on view (an instance of android.widget.TextView and view.getText() with or without transformation to match: is "Treino de hoje" and view has effective visibility <VISIBLE>)
04-06 02:40:58.684 26528 26528 I ViewInteraction: Checking 'MatchesViewAssertion(Detox){viewMatcher=(view has effective visibility <VISIBLE> and view.getGlobalVisibleRect() covers at least <75> percent of the view's area)}' assertion on view (an instance of android.widget.TextView and view.getText() with or without transformation to match: is "Treino de hoje" and view has effective visibility <VISIBLE>)
04-06 02:40:58.717 26528 26528 I ViewInteraction: Checking 'MatchesViewAssertion(Detox){viewMatcher=(view has effective visibility <VISIBLE> and view.getGlobalVisibleRect() covers at least <75> percent of the view's area)}' assertion on view (an instance of android.widget.TextView and view.getText() with or without transformation to match: is "Treino de hoje" and view has effective visibility <VISIBLE>)
04-06 02:40:58.748 26528 26528 I ViewInteraction: Checking 'MatchesViewAssertion(Detox){viewMatcher=(view has effective visibility <VISIBLE> and view.getGlobalVisibleRect() covers at least <75> percent of the view's area)}' assertion on view (an instance of android.widget.TextView and view.getText() with or without transformation to match: is "Treino de hoje" and view has effective visibility <VISIBLE>)
04-06 02:40:58.884 26528 26528 W om.evolucao.app: Accessing hidden field Landroid/widget/HorizontalScrollView;->mScroller:Landroid/widget/OverScroller; (unsupported, reflection, allowed)
04-06 02:40:58.903 26528 26528 D ScrollView: initGoToTop
04-06 02:40:59.700 26528 26528 I ViewInteraction: Checking 'MatchesViewAssertion(Detox){viewMatcher=(view has effective visibility <VISIBLE> and view.getGlobalVisibleRect() covers at least <75> percent of the view's area)}' assertion on view (an instance of android.widget.TextView and view.getText() with or without transformation to match: is "Treino de hoje" and view has effective visibility <VISIBLE>)
04-06 02:40:59.704 26528 26581 I DetoxWSClient: Sending out action 'invokeResult' (ID #13)
04-06 02:40:59.704 26528 26581 I DetoxDispatcher: Done with action 'invoke'
04-06 02:40:59.709 26528 26585 D DetoxWSClient: Received action 'invoke' (ID #14, params={"target":{"type":"Class","value":"com.wix.detox.espresso.DetoxAssertion"},"method":"waitForAssertMatcher","args":[{"type":"Invocation","value":{"target":{"type":"Class","value":"androidx.test.espresso.Espresso"},"method":"onView","args":[{"type":"Invocation","value":{"target":{"type":"Class","value":"com.wix.detox.espresso.DetoxMatcher"},"method":"matcherForTestId","args":["input-peso",{"type":"boolean","value":false}]}}]}},{"type":"Invocation","value":{"target":{"type":"Class","value":"com.wix.detox.espresso.DetoxMatcher"},"method":"matcherForSufficientlyVisible","args":[{"type":"Integer","value":75}]}},{"type":"Double","value":10}]})
04-06 02:40:59.709 26528 26581 I DetoxDispatcher: Handling action 'invoke' (ID #14)...
04-06 02:40:59.710 26528 26581 D Detox   : class com.wix.detox.espresso.DetoxMatcher, matcherForTestId, [input-peso, false]
04-06 02:40:59.712 26528 26581 D Detox   : class androidx.test.espresso.Espresso, onView, [(view.getTag() is "input-peso" and view has effective visibility <VISIBLE>)]
04-06 02:40:59.716 26528 26581 D Detox   : class com.wix.detox.espresso.DetoxMatcher, matcherForSufficientlyVisible, [75]
04-06 02:40:59.717 26528 26581 D Detox   : class com.wix.detox.espresso.DetoxAssertion, waitForAssertMatcher, [androidx.test.espresso.ViewInteraction@5966d6f, (view has effective visibility <VISIBLE> and view.getGlobalVisibleRect() covers at least <75> percent of the view's area), 10.0]
04-06 02:40:59.722 26528 26528 I ViewInteraction: Checking 'MatchesViewAssertion(Detox){viewMatcher=(view has effective visibility <VISIBLE> and view.getGlobalVisibleRect() covers at least <75> percent of the view's area)}' assertion on view (view.getTag() is "input-peso" and view has effective visibility <VISIBLE>)
04-06 02:40:59.740 26528 26581 I DetoxWSClient: Sending out action 'invokeResult' (ID #14)
04-06 02:40:59.740 26528 26581 I DetoxDispatcher: Done with action 'invoke'
04-06 02:40:59.745 26528 26585 D DetoxWSClient: Received action 'invoke' (ID #15, params={"target":{"type":"Class","value":"com.wix.detox.espresso.EspressoDetox"},"method":"perform","args":[{"type":"Invocation","value":{"target":{"type":"Class","value":"com.wix.detox.espresso.DetoxMatcher"},"method":"matcherForTestId","args":["input-peso",{"type":"boolean","value":false}]}},{"type":"Invocation","value":{"target":{"type":"Class","value":"com.wix.detox.espresso.DetoxViewActions"},"method":"click","args":[]}}]})
04-06 02:40:59.746 26528 26581 I DetoxDispatcher: Handling action 'invoke' (ID #15)...
04-06 02:40:59.746 26528 26581 D Detox   : class com.wix.detox.espresso.DetoxMatcher, matcherForTestId, [input-peso, false]
04-06 02:40:59.746 26528 26581 D Detox   : class com.wix.detox.espresso.DetoxViewActions, click, []
04-06 02:40:59.746 26528 26581 D Detox   : class com.wix.detox.espresso.EspressoDetox, perform, [(view.getTag() is "input-peso" and view has effective visibility <VISIBLE>), com.wix.detox.espresso.action.RNClickAction@ef1c014]
04-06 02:40:59.749 26528 26528 I ViewInteraction: Performing 'com.wix.detox.espresso.action.detoxsingletap@8ed10bd click' action on view (view.getTag() is "input-peso" and view has effective visibility <VISIBLE>)
04-06 02:40:59.765 26528 26528 I ViewRootImpl@73623ee[MainActivity]: ViewPostIme pointer 0
04-06 02:40:59.796 26528 26528 I ViewRootImpl@73623ee[MainActivity]: ViewPostIme pointer 1
04-06 02:40:59.818 26528 26528 D InputMethodManager: startInputInner - Id : 0
04-06 02:40:59.819 26528 26528 I InputMethodManager: startInputInner - mService.startInputOrWindowGainedFocus
04-06 02:40:59.823 26528 26528 D CompatibilityChangeReporter: Compat change id reported: 163400105; UID 10435; state: ENABLED
04-06 02:40:59.823 26528 26528 I IMM_LC  : showSoftInput(View,I)
04-06 02:40:59.824 26528 26528 I IMM_LC  : ssi() - flag : 0 view : com.evolucao.app reason = SHOW_SOFT_INPUT
04-06 02:40:59.839 26528 26602 D NativeCustomFrequencyManager: [NativeCFMS] BpCustomFrequencyManager::BpCustomFrequencyManager()
04-06 02:40:59.844 26528 26528 D InsetsController: onStateChanged: InsetsState: {mDisplayFrame=Rect(0, 0 - 1080, 2400), mDisplayCutout=DisplayCutout{insets=Rect(0, 88 - 0, 0) waterfall=Insets{left=0, top=0, right=0, bottom=0} boundingRect={Bounds=[Rect(0, 0 - 0, 0), Rect(512, 0 - 568, 88), Rect(0, 0 - 0, 0), Rect(0, 0 - 0, 0)]} cutoutPathParserInfo={CutoutPathParserInfo{displayWidth=1080 displayHeight=2400 physicalDisplayWidth=1080 physicalDisplayHeight=2400 density={3.0} cutoutSpec={M 0,0 M 0,10.71963616907435 a 9.280363830925644,9.280363830925644 0 1,0 0,18.56072766185129 a 9.280363830925644,9.280363830925644 0 1,0 0,-18.56072766185129 Z @dp} rotation={0} scale={1.0} physicalPixelDisplaySizeRatio={1.0}}}}, mRoundedCorners=RoundedCorners{[RoundedCorner{position=TopLeft, radius=96, center=Point(96, 96)}, RoundedCorner{position=TopRight, radius=96, center=Point(984, 96)}, RoundedCorner{position=BottomRight, radius=96, center=Point(984, 2304)}, RoundedCorner{position=BottomLeft, radius=96, center=Point(96, 2304)}]}  mRoundedCornerFrame=Rect(0, 0 - 1080, 2400), mPrivacyIndicatorBounds=PrivacyIndicatorBounds {static bounds=Rect(948, 0 - 1080, 88) rotation=0}, mSources= { InsetsSource: {mType=ITYPE_STATUS_BAR, mFrame=[0,0][1080,88], mVisible=true, mInsetsRoundedCornerFrame=false}, InsetsSource: {mType=ITYPE_NAVIGATION_BAR, mFrame=[0,2256][1080,2400], mVisible=true, mInsetsRoundedCornerFrame=false}, InsetsSource: {mType=ITYPE_LEFT_GESTURES, mFrame=[0,0][0,2400], mVisible=true, mInsetsRoundedCornerFrame=false}, InsetsSource: {mType=ITYPE_RIGHT_GESTURES, mFrame=[1080,0][1080,2400], mVisible=true, mInsetsRoundedCornerFrame=false}, InsetsSource: {mType=ITYPE_TOP_MANDATORY_GESTURES, mFrame=[0,0][1080,124], mVisible=true, mInsetsRoundedCornerFrame=false}, InsetsSource: {mType=ITYPE_BOTTOM_MANDATORY_GESTURES, mFrame=[0,2256][1080,2400], mVisible=true, mInsetsRoundedCornerFrame=false}, InsetsSource: {mType=ITYPE_LEFT_DISPLAY_CUTOUT, mFrame=[0,0][-100000,2400], mVisible=true, mInsetsRoundedCornerFrame=false}, InsetsSource: {mType=ITYPE_TOP_DISPLAY_CUTOUT, mFrame=[0,0][1080,88], mVisible=true, mInsetsRoundedCornerFrame=false}, InsetsSource: {mType=ITYPE_RIGHT_DISPLAY_CUTOUT, mFrame=[100000,0][1080,2400], mVisible=true, mInsetsRoundedCornerFrame=false}, InsetsSource: {mType=ITYPE_BOTTOM_DISPLAY_CUTOUT, mFrame=[0,100000][1080,2400], mVisible=true, mInsetsRoundedCornerFrame=false}, InsetsSource: {mType=ITYPE_TOP_TAPPABLE_ELEMENT, mFrame=[0,0][1080,88], mVisible=true, mInsetsRoundedCornerFrame=false}, InsetsSource: {mType=ITYPE_BOTTOM_TAPPABLE_ELEMENT, mFrame=[0,2256][1080,2400], mVisible=true, mInsetsRoundedCornerFrame=false} } host=PopupWindow:90f5644 from=android.view.ViewRootImpl.setView:1732
04-06 02:40:59.846 26528 26528 I ViewRootImpl@468a32d[PopupWindow:90f5644]: setView = android.widget.PopupWindow$PopupDecorView@3594529 TM=false
04-06 02:40:59.849 26528 26602 D NativeCustomFrequencyManager: [NativeCFMS] BpCustomFrequencyManager::BpCustomFrequencyManager()
04-06 02:40:59.853 26528 26528 D InsetsController: onStateChanged: InsetsState: {mDisplayFrame=Rect(0, 0 - 1080, 2400), mDisplayCutout=DisplayCutout{insets=Rect(0, 88 - 0, 0) waterfall=Insets{left=0, top=0, right=0, bottom=0} boundingRect={Bounds=[Rect(0, 0 - 0, 0), Rect(512, 0 - 568, 88), Rect(0, 0 - 0, 0), Rect(0, 0 - 0, 0)]} cutoutPathParserInfo={CutoutPathParserInfo{displayWidth=1080 displayHeight=2400 physicalDisplayWidth=1080 physicalDisplayHeight=2400 density={3.0} cutoutSpec={M 0,0 M 0,10.71963616907435 a 9.280363830925644,9.280363830925644 0 1,0 0,18.56072766185129 a 9.280363830925644,9.280363830925644 0 1,0 0,-18.56072766185129 Z @dp} rotation={0} scale={1.0} physicalPixelDisplaySizeRatio={1.0}}}}, mRoundedCorners=RoundedCorners{[RoundedCorner{position=TopLeft, radius=96, center=Point(96, 96)}, RoundedCorner{position=TopRight, radius=96, center=Point(984, 96)}, RoundedCorner{position=BottomRight, radius=96, center=Point(984, 2304)}, RoundedCorner{position=BottomLeft, radius=96, center=Point(96, 2304)}]}  mRoundedCornerFrame=Rect(0, 0 - 1080, 2400), mPrivacyIndicatorBounds=PrivacyIndicatorBounds {static bounds=Rect(948, 0 - 1080, 88) rotation=0}, mSources= { InsetsSource: {mType=ITYPE_STATUS_BAR, mFrame=[0,0][1080,88], mVisible=true, mInsetsRoundedCornerFrame=false}, InsetsSource: {mType=ITYPE_NAVIGATION_BAR, mFrame=[0,2256][1080,2400], mVisible=true, mInsetsRoundedCornerFrame=false}, InsetsSource: {mType=ITYPE_LEFT_GESTURES, mFrame=[0,0][0,2400], mVisible=true, mInsetsRoundedCornerFrame=false}, InsetsSource: {mType=ITYPE_RIGHT_GESTURES, mFrame=[1080,0][1080,2400], mVisible=true, mInsetsRoundedCornerFrame=false}, InsetsSource: {mType=ITYPE_TOP_MANDATORY_GESTURES, mFrame=[0,0][1080,124], mVisible=true, mInsetsRoundedCornerFrame=false}, InsetsSource: {mType=ITYPE_BOTTOM_MANDATORY_GESTURES, mFrame=[0,2256][1080,2400], mVisible=true, mInsetsRoundedCornerFrame=false}, InsetsSource: {mType=ITYPE_LEFT_DISPLAY_CUTOUT, mFrame=[0,0][-100000,2400], mVisible=true, mInsetsRoundedCornerFrame=false}, InsetsSource: {mType=ITYPE_TOP_DISPLAY_CUTOUT, mFrame=[0,0][1080,88], mVisible=true, mInsetsRoundedCornerFrame=false}, InsetsSource: {mType=ITYPE_RIGHT_DISPLAY_CUTOUT, mFrame=[100000,0][1080,2400], mVisible=true, mInsetsRoundedCornerFrame=false}, InsetsSource: {mType=ITYPE_BOTTOM_DISPLAY_CUTOUT, mFrame=[0,100000][1080,2400], mVisible=true, mInsetsRoundedCornerFrame=false}, InsetsSource: {mType=ITYPE_TOP_TAPPABLE_ELEMENT, mFrame=[0,0][1080,88], mVisible=true, mInsetsRoundedCornerFrame=false}, InsetsSource: {mType=ITYPE_BOTTOM_TAPPABLE_ELEMENT, mFrame=[0,2256][1080,2400], mVisible=true, mInsetsRoundedCornerFrame=false} } host=PopupWindow:d061e4f from=android.view.ViewRootImpl.setView:1732
04-06 02:40:59.854 26528 26528 I ViewRootImpl@8f129dc[PopupWindow:d061e4f]: setView = android.widget.PopupWindow$PopupDecorView@55507c8 TM=false
04-06 02:40:59.861 26528 26528 I IMM_LC  : showSoftInput(View,I)
04-06 02:40:59.861 26528 26528 I IMM_LC  : ssi() - flag : 0 view : com.evolucao.app reason = SHOW_SOFT_INPUT
04-06 02:40:59.864 26528 26528 I ViewRootImpl@468a32d[PopupWindow:90f5644]: performTraversals params={(231,1797)(90x108) gr=TOP START CENTER sim={state=unchanged adjust=pan} ty=APPLICATION_SUB_PANEL fmt=TRANSLUCENT wanim=0x1030313 surfaceInsets=Rect(0, 0 - 0, 0) (manual)
04-06 02:40:59.864 26528 26528 I ViewRootImpl@468a32d[PopupWindow:90f5644]:   fl=41800208
04-06 02:40:59.864 26528 26528 I ViewRootImpl@468a32d[PopupWindow:90f5644]:   pfl=2018000
04-06 02:40:59.864 26528 26528 I ViewRootImpl@468a32d[PopupWindow:90f5644]:   bhv=DEFAULT
04-06 02:40:59.864 26528 26528 I ViewRootImpl@468a32d[PopupWindow:90f5644]:   fitTypes=STATUS_BARS NAVIGATION_BARS CAPTION_BAR naviIconColor=0
04-06 02:40:59.864 26528 26528 I ViewRootImpl@468a32d[PopupWindow:90f5644]:   sfl=20000}
04-06 02:40:59.864 26528 26528 I ViewRootImpl@468a32d[PopupWindow:90f5644]: performTraversals mFirst=true windowShouldResize=true viewVisibilityChanged=false mForceNextWindowRelayout=false params={(231,1797)(90x108) gr=TOP START CENTER sim={state=unchanged adjust=pan} ty=APPLICATION_SUB_PANEL fmt=TRANSLUCENT wanim=0x1030313 surfaceInsets=Rect(0, 0 - 0, 0) (manual)
04-06 02:40:59.864 26528 26528 I ViewRootImpl@468a32d[PopupWindow:90f5644]:   fl=41800208
04-06 02:40:59.864 26528 26528 I ViewRootImpl@468a32d[PopupWindow:90f5644]:   pfl=42018000
04-06 02:40:59.864 26528 26528 I ViewRootImpl@468a32d[PopupWindow:90f5644]:   bhv=DEFAULT
04-06 02:40:59.864 26528 26528 I ViewRootImpl@468a32d[PopupWindow:90f5644]:   fitTypes=STATUS_BARS NAVIGATION_BARS CAPTION_BAR naviIconColor=0
04-06 02:40:59.864 26528 26528 I ViewRootImpl@468a32d[PopupWindow:90f5644]:   sfl=20000}
04-06 02:40:59.870 26528 26544 I ViewRootImpl@468a32d[PopupWindow:90f5644]: Resizing android.view.ViewRootImpl@6cb20ae: frame = [231,1797][321,1905] reportDraw = true forceLayout = false syncSeqId = 0
04-06 02:40:59.871 26528 26528 I ViewRootImpl@468a32d[PopupWindow:90f5644]: updateBlastSurfaceIfNeeded mBlastBufferQueue=null isSameSurfaceControl=false
04-06 02:40:59.872 26528 26528 I BLASTBufferQueue: new BLASTBufferQueue, mName= ViewRootImpl@468a32d[PopupWindow:90f5644] mNativeObject= 0xb400007047811280 sc.mNativeObject= 0xb40000704445b340 caller= android.view.ViewRootImpl.updateBlastSurfaceIfNeeded:2909 android.view.ViewRootImpl.relayoutWindow:9847 android.view.ViewRootImpl.performTraversals:3884 android.view.ViewRootImpl.doTraversal:3116 android.view.ViewRootImpl$TraversalRunnable.run:10885 android.view.Choreographer$CallbackRecord.run:1301 android.view.Choreographer$CallbackRecord.run:1309 android.view.Choreographer.doCallbacks:923 android.view.Choreographer.doFrame:852 android.view.Choreographer$FrameDisplayEventReceiver.run:1283 
04-06 02:40:59.872 26528 26528 I BLASTBufferQueue: update, w= 90 h= 108 mName = ViewRootImpl@468a32d[PopupWindow:90f5644] mNativeObject= 0xb400007047811280 sc.mNativeObject= 0xb40000704445b340 format= -3 caller= android.graphics.BLASTBufferQueue.<init>:84 android.view.ViewRootImpl.updateBlastSurfaceIfNeeded:2909 android.view.ViewRootImpl.relayoutWindow:9847 android.view.ViewRootImpl.performTraversals:3884 android.view.ViewRootImpl.doTraversal:3116 android.view.ViewRootImpl$TraversalRunnable.run:10885 
04-06 02:40:59.872 26528 26528 I ViewRootImpl@468a32d[PopupWindow:90f5644]: Relayout returned: old=(231,1797,321,1905) new=(231,1797,321,1905) req=(90,108)0 dur=7 res=0x3 s={true 0xb4000069fac48800} ch=true seqId=0
04-06 02:40:59.873 26528 26528 I ViewRootImpl@468a32d[PopupWindow:90f5644]: mThreadedRenderer.initialize() mSurface={isValid=true 0xb4000069fac48800} hwInitialized=true
04-06 02:40:59.873 26528 26602 D OpenGLRenderer: eglCreateWindowSurface
04-06 02:40:59.874 26528 26528 I ViewRootImpl@468a32d[PopupWindow:90f5644]: reportNextDraw android.view.ViewRootImpl.performTraversals:4438 android.view.ViewRootImpl.doTraversal:3116 android.view.ViewRootImpl$TraversalRunnable.run:10885 android.view.Choreographer$CallbackRecord.run:1301 android.view.Choreographer$CallbackRecord.run:1309 
04-06 02:40:59.874 26528 26528 I ViewRootImpl@468a32d[PopupWindow:90f5644]: Setup new sync id=0
04-06 02:40:59.874 26528 26528 I ViewRootImpl@468a32d[PopupWindow:90f5644]: Setting syncFrameCallback
04-06 02:40:59.874 26528 26528 I ViewRootImpl@468a32d[PopupWindow:90f5644]: registerCallbacksForSync syncBuffer=false
04-06 02:40:59.876 26528 26623 I ViewRootImpl@468a32d[PopupWindow:90f5644]: Received frameDrawingCallback syncResult=0 frameNum=1.
04-06 02:40:59.876 26528 26623 I ViewRootImpl@468a32d[PopupWindow:90f5644]: Setting up sync and frameCommitCallback
04-06 02:40:59.883 26528 26602 I BLASTBufferQueue: [ViewRootImpl@468a32d[PopupWindow:90f5644]#2](f:0,a:0) onFrameAvailable the first frame is available
04-06 02:40:59.883 26528 26602 I ViewRootImpl@468a32d[PopupWindow:90f5644]: Received frameCommittedCallback lastAttemptedDrawFrameNum=1 didProduceBuffer=true
04-06 02:40:59.884 26528 26602 D OpenGLRenderer: CFMS:: SetUp Pid : 26528    Tid : 26602
04-06 02:40:59.884 26528 26602 W Parcel  : Expecting binder but got null!
04-06 02:40:59.885 26528 26528 I ViewRootImpl@468a32d[PopupWindow:90f5644]: onSyncComplete
04-06 02:40:59.885 26528 26528 I ViewRootImpl@468a32d[PopupWindow:90f5644]: setupSync seqId=0 mSyncId=0 fn=1 caller=android.view.ViewRootImpl$$ExternalSyntheticLambda11.accept:6 android.window.SurfaceSyncer.lambda$setupSync$1$android-window-SurfaceSyncer:128 android.window.SurfaceSyncer$$ExternalSyntheticLambda1.accept:8 android.window.SurfaceSyncer$SyncSet.checkIfSyncIsComplete:382 android.window.SurfaceSyncer$SyncSet.markSyncReady:359 android.window.SurfaceSyncer.markSyncReady:151 android.view.ViewRootImpl.performTraversals:4503 
04-06 02:40:59.887 26528 26528 I ViewRootImpl@8f129dc[PopupWindow:d061e4f]: performTraversals params={(231,1703)(90x94) gr=TOP START CENTER sim={state=unchanged adjust=pan} ty=APPLICATION_SUB_PANEL fmt=TRANSLUCENT wanim=0x1030313 surfaceInsets=Rect(0, 0 - 0, 0) (manual)
04-06 02:40:59.887 26528 26528 I ViewRootImpl@8f129dc[PopupWindow:d061e4f]:   fl=41800218
04-06 02:40:59.887 26528 26528 I ViewRootImpl@8f129dc[PopupWindow:d061e4f]:   pfl=2018000
04-06 02:40:59.887 26528 26528 I ViewRootImpl@8f129dc[PopupWindow:d061e4f]:   bhv=DEFAULT
04-06 02:40:59.887 26528 26528 I ViewRootImpl@8f129dc[PopupWindow:d061e4f]:   fitTypes=STATUS_BARS NAVIGATION_BARS CAPTION_BAR naviIconColor=0
04-06 02:40:59.887 26528 26528 I ViewRootImpl@8f129dc[PopupWindow:d061e4f]:   sfl=20000}
04-06 02:40:59.887 26528 26528 I ViewRootImpl@8f129dc[PopupWindow:d061e4f]: performTraversals mFirst=true windowShouldResize=true viewVisibilityChanged=false mForceNextWindowRelayout=false params={(231,1703)(90x94) gr=TOP START CENTER sim={state=unchanged adjust=pan} ty=APPLICATION_SUB_PANEL fmt=TRANSLUCENT wanim=0x1030313 surfaceInsets=Rect(0, 0 - 0, 0) (manual)
04-06 02:40:59.887 26528 26528 I ViewRootImpl@8f129dc[PopupWindow:d061e4f]:   fl=41800218
04-06 02:40:59.887 26528 26528 I ViewRootImpl@8f129dc[PopupWindow:d061e4f]:   pfl=42018000
04-06 02:40:59.887 26528 26528 I ViewRootImpl@8f129dc[PopupWindow:d061e4f]:   bhv=DEFAULT
04-06 02:40:59.887 26528 26528 I ViewRootImpl@8f129dc[PopupWindow:d061e4f]:   fitTypes=STATUS_BARS NAVIGATION_BARS CAPTION_BAR naviIconColor=0
04-06 02:40:59.887 26528 26528 I ViewRootImpl@8f129dc[PopupWindow:d061e4f]:   sfl=20000}
04-06 02:40:59.891 26528 26624 I ViewRootImpl@8f129dc[PopupWindow:d061e4f]: Resizing android.view.ViewRootImpl@a437061: frame = [231,1703][321,1797] reportDraw = true forceLayout = false syncSeqId = 0
04-06 02:40:59.892 26528 26528 I ViewRootImpl@8f129dc[PopupWindow:d061e4f]: updateBlastSurfaceIfNeeded mBlastBufferQueue=null isSameSurfaceControl=false
04-06 02:40:59.893 26528 26528 I BLASTBufferQueue: new BLASTBufferQueue, mName= ViewRootImpl@8f129dc[PopupWindow:d061e4f] mNativeObject= 0xb400007047812400 sc.mNativeObject= 0xb40000704445b2a0 caller= android.view.ViewRootImpl.updateBlastSurfaceIfNeeded:2909 android.view.ViewRootImpl.relayoutWindow:9847 android.view.ViewRootImpl.performTraversals:3884 android.view.ViewRootImpl.doTraversal:3116 android.view.ViewRootImpl$TraversalRunnable.run:10885 android.view.Choreographer$CallbackRecord.run:1301 android.view.Choreographer$CallbackRecord.run:1309 android.view.Choreographer.doCallbacks:923 android.view.Choreographer.doFrame:852 android.view.Choreographer$FrameDisplayEventReceiver.run:1283 
04-06 02:40:59.893 26528 26528 I BLASTBufferQueue: update, w= 90 h= 94 mName = ViewRootImpl@8f129dc[PopupWindow:d061e4f] mNativeObject= 0xb400007047812400 sc.mNativeObject= 0xb40000704445b2a0 format= -3 caller= android.graphics.BLASTBufferQueue.<init>:84 android.view.ViewRootImpl.updateBlastSurfaceIfNeeded:2909 android.view.ViewRootImpl.relayoutWindow:9847 android.view.ViewRootImpl.performTraversals:3884 android.view.ViewRootImpl.doTraversal:3116 android.view.ViewRootImpl$TraversalRunnable.run:10885 
04-06 02:40:59.893 26528 26528 I ViewRootImpl@8f129dc[PopupWindow:d061e4f]: Relayout returned: old=(231,1703,321,1797) new=(231,1703,321,1797) req=(90,94)0 dur=5 res=0x3 s={true 0xb400007044671000} ch=true seqId=0
04-06 02:40:59.894 26528 26528 I ViewRootImpl@8f129dc[PopupWindow:d061e4f]: mThreadedRenderer.initialize() mSurface={isValid=true 0xb400007044671000} hwInitialized=true
04-06 02:40:59.894 26528 26602 D OpenGLRenderer: eglCreateWindowSurface
04-06 02:40:59.895 26528 26528 I ViewRootImpl@8f129dc[PopupWindow:d061e4f]: reportNextDraw android.view.ViewRootImpl.performTraversals:4438 android.view.ViewRootImpl.doTraversal:3116 android.view.ViewRootImpl$TraversalRunnable.run:10885 android.view.Choreographer$CallbackRecord.run:1301 android.view.Choreographer$CallbackRecord.run:1309 
04-06 02:40:59.895 26528 26528 I ViewRootImpl@8f129dc[PopupWindow:d061e4f]: Setup new sync id=0
04-06 02:40:59.895 26528 26528 I ViewRootImpl@8f129dc[PopupWindow:d061e4f]: Setting syncFrameCallback
04-06 02:40:59.895 26528 26528 I ViewRootImpl@8f129dc[PopupWindow:d061e4f]: registerCallbacksForSync syncBuffer=false
04-06 02:40:59.896 26528 26622 I ViewRootImpl@8f129dc[PopupWindow:d061e4f]: Received frameDrawingCallback syncResult=0 frameNum=1.
04-06 02:40:59.896 26528 26622 I ViewRootImpl@8f129dc[PopupWindow:d061e4f]: Setting up sync and frameCommitCallback
04-06 02:40:59.896 26528 26602 I BLASTBufferQueue: [ViewRootImpl@8f129dc[PopupWindow:d061e4f]#3](f:0,a:0) onFrameAvailable the first frame is available
04-06 02:40:59.897 26528 26602 I ViewRootImpl@8f129dc[PopupWindow:d061e4f]: Received frameCommittedCallback lastAttemptedDrawFrameNum=1 didProduceBuffer=true
04-06 02:40:59.897 26528 26602 D OpenGLRenderer: CFMS:: SetUp Pid : 26528    Tid : 26602
04-06 02:40:59.897 26528 26602 W Parcel  : Expecting binder but got null!
04-06 02:40:59.898 26528 26528 I ViewRootImpl@8f129dc[PopupWindow:d061e4f]: onSyncComplete
04-06 02:40:59.898 26528 26528 I ViewRootImpl@8f129dc[PopupWindow:d061e4f]: setupSync seqId=0 mSyncId=0 fn=1 caller=android.view.ViewRootImpl$$ExternalSyntheticLambda11.accept:6 android.window.SurfaceSyncer.lambda$setupSync$1$android-window-SurfaceSyncer:128 android.window.SurfaceSyncer$$ExternalSyntheticLambda1.accept:8 android.window.SurfaceSyncer$SyncSet.checkIfSyncIsComplete:382 android.window.SurfaceSyncer$SyncSet.markSyncReady:359 android.window.SurfaceSyncer.markSyncReady:151 android.view.ViewRootImpl.performTraversals:4503 
04-06 02:40:59.898 26528 26528 I ViewRootImpl@8f129dc[PopupWindow:d061e4f]: reportDrawFinished seqId=0 mSyncId=-1 fn=1 mSurfaceChangedTransaction=0xb4000070b3d51500
04-06 02:40:59.898 26528 26528 I ViewRootImpl@468a32d[PopupWindow:90f5644]: reportDrawFinished seqId=0 mSyncId=-1 fn=1 mSurfaceChangedTransaction=0xb4000070b3d41700
04-06 02:40:59.902 26528 26528 I ViewRootImpl@468a32d[PopupWindow:90f5644]: handleResized, msg = 5 frames=ClientWindowFrames{frame=[231,1797][321,1905] display=[-100000,-100000][100000,100000] parentFrame=[0,0][0,0] parentClippedByDisplayCutout=false} forceNextWindowRelayout=false displayId=0 resizeMode=-1 frameChanged=false displayFrameChanged=false configChanged=false displayChanged=false
04-06 02:40:59.902 26528 26528 I ViewRootImpl@468a32d[PopupWindow:90f5644]: handleResized mSyncSeqId = 0
04-06 02:40:59.902 26528 26528 I ViewRootImpl@468a32d[PopupWindow:90f5644]: reportNextDraw android.view.ViewRootImpl.handleResized:2450 android.view.ViewRootImpl.-$$Nest$mhandleResized:0 android.view.ViewRootImpl$ViewRootHandler.handleMessageImpl:6728 android.view.ViewRootImpl$ViewRootHandler.handleMessage:6697 android.os.Handler.dispatchMessage:106 
04-06 02:40:59.902 26528 26528 I ViewRootImpl@8f129dc[PopupWindow:d061e4f]: handleResized, msg = 5 frames=ClientWindowFrames{frame=[231,1703][321,1797] display=[-100000,-100000][100000,100000] parentFrame=[0,0][0,0] parentClippedByDisplayCutout=false} forceNextWindowRelayout=false displayId=0 resizeMode=-1 frameChanged=false displayFrameChanged=false configChanged=false displayChanged=false
04-06 02:40:59.902 26528 26528 I ViewRootImpl@8f129dc[PopupWindow:d061e4f]: handleResized mSyncSeqId = 0
04-06 02:40:59.902 26528 26528 I ViewRootImpl@8f129dc[PopupWindow:d061e4f]: reportNextDraw android.view.ViewRootImpl.handleResized:2450 android.view.ViewRootImpl.-$$Nest$mhandleResized:0 android.view.ViewRootImpl$ViewRootHandler.handleMessageImpl:6728 android.view.ViewRootImpl$ViewRootHandler.handleMessage:6697 android.os.Handler.dispatchMessage:106 
04-06 02:40:59.904 26528 26528 I ViewRootImpl@468a32d[PopupWindow:90f5644]: Setup new sync id=1
04-06 02:40:59.904 26528 26528 I ViewRootImpl@468a32d[PopupWindow:90f5644]: Setting syncFrameCallback
04-06 02:40:59.904 26528 26528 I ViewRootImpl@468a32d[PopupWindow:90f5644]: registerCallbacksForSync syncBuffer=false
04-06 02:40:59.904 26528 26623 I ViewRootImpl@468a32d[PopupWindow:90f5644]: Received frameDrawingCallback syncResult=0 frameNum=3.
04-06 02:40:59.904 26528 26623 I ViewRootImpl@468a32d[PopupWindow:90f5644]: Setting up sync and frameCommitCallback
04-06 02:40:59.906 26528 26602 I ViewRootImpl@468a32d[PopupWindow:90f5644]: Received frameCommittedCallback lastAttemptedDrawFrameNum=3 didProduceBuffer=true
04-06 02:40:59.906 26528 26528 I ViewRootImpl@468a32d[PopupWindow:90f5644]: onSyncComplete
04-06 02:40:59.906 26528 26528 I ViewRootImpl@468a32d[PopupWindow:90f5644]: setupSync seqId=0 mSyncId=1 fn=3 caller=android.view.ViewRootImpl$$ExternalSyntheticLambda11.accept:6 android.window.SurfaceSyncer.lambda$setupSync$1$android-window-SurfaceSyncer:128 android.window.SurfaceSyncer$$ExternalSyntheticLambda1.accept:8 android.window.SurfaceSyncer$SyncSet.checkIfSyncIsComplete:382 android.window.SurfaceSyncer$SyncSet.markSyncReady:359 android.window.SurfaceSyncer.markSyncReady:151 android.view.ViewRootImpl.performTraversals:4503 
04-06 02:40:59.906 26528 26528 I ViewRootImpl@8f129dc[PopupWindow:d061e4f]: Setup new sync id=1
04-06 02:40:59.906 26528 26528 I ViewRootImpl@8f129dc[PopupWindow:d061e4f]: Setting syncFrameCallback
04-06 02:40:59.906 26528 26528 I ViewRootImpl@8f129dc[PopupWindow:d061e4f]: registerCallbacksForSync syncBuffer=false
04-06 02:40:59.908 26528 26622 I ViewRootImpl@8f129dc[PopupWindow:d061e4f]: Received frameDrawingCallback syncResult=0 frameNum=2.
04-06 02:40:59.908 26528 26622 I ViewRootImpl@8f129dc[PopupWindow:d061e4f]: Setting up sync and frameCommitCallback
04-06 02:40:59.909 26528 26602 I ViewRootImpl@8f129dc[PopupWindow:d061e4f]: Received frameCommittedCallback lastAttemptedDrawFrameNum=2 didProduceBuffer=true
04-06 02:40:59.909 26528 26528 I ViewRootImpl@8f129dc[PopupWindow:d061e4f]: onSyncComplete
04-06 02:40:59.909 26528 26528 I ViewRootImpl@8f129dc[PopupWindow:d061e4f]: setupSync seqId=0 mSyncId=1 fn=2 caller=android.view.ViewRootImpl$$ExternalSyntheticLambda11.accept:6 android.window.SurfaceSyncer.lambda$setupSync$1$android-window-SurfaceSyncer:128 android.window.SurfaceSyncer$$ExternalSyntheticLambda1.accept:8 android.window.SurfaceSyncer$SyncSet.checkIfSyncIsComplete:382 android.window.SurfaceSyncer$SyncSet.markSyncReady:359 android.window.SurfaceSyncer.markSyncReady:151 android.view.ViewRootImpl.performTraversals:4503 
04-06 02:40:59.910 26528 26528 I ViewRootImpl@8f129dc[PopupWindow:d061e4f]: reportDrawFinished seqId=0 mSyncId=-1 fn=2 mSurfaceChangedTransaction=0xb4000070b3d51500
04-06 02:40:59.910 26528 26528 I ViewRootImpl@468a32d[PopupWindow:90f5644]: reportDrawFinished seqId=0 mSyncId=-1 fn=3 mSurfaceChangedTransaction=0xb4000070b3d41700
04-06 02:40:59.926 26528 26528 W OnBackInvokedCallback: OnBackInvokedCallback is not enabled for the application.
04-06 02:40:59.926 26528 26528 W OnBackInvokedCallback: Set 'android:enableOnBackInvokedCallback="true"' in the application manifest.
04-06 02:40:59.938 26528 26544 I ViewRootImpl@73623ee[MainActivity]: Resizing android.view.ViewRootImpl@25a16ab: frame = [0,0][1080,2400] reportDraw = false forceLayout = false syncSeqId = 0
04-06 02:40:59.938 26528 26528 D InsetsController: onStateChanged: InsetsState: {mDisplayFrame=Rect(0, 0 - 1080, 2400), mDisplayCutout=DisplayCutout{insets=Rect(0, 88 - 0, 0) waterfall=Insets{left=0, top=0, right=0, bottom=0} boundingRect={Bounds=[Rect(0, 0 - 0, 0), Rect(512, 0 - 568, 88), Rect(0, 0 - 0, 0), Rect(0, 0 - 0, 0)]} cutoutPathParserInfo={CutoutPathParserInfo{displayWidth=1080 displayHeight=2400 physicalDisplayWidth=1080 physicalDisplayHeight=2400 density={3.0} cutoutSpec={M 0,0 M 0,10.71963616907435 a 9.280363830925644,9.280363830925644 0 1,0 0,18.56072766185129 a 9.280363830925644,9.280363830925644 0 1,0 0,-18.56072766185129 Z @dp} rotation={0} scale={1.0} physicalPixelDisplaySizeRatio={1.0}}}}, mRoundedCorners=RoundedCorners{[RoundedCorner{position=TopLeft, radius=96, center=Point(96, 96)}, RoundedCorner{position=TopRight, radius=96, center=Point(984, 96)}, RoundedCorner{position=BottomRight, radius=96, center=Point(984, 2304)}, RoundedCorner{position=BottomLeft, radius=96, center=Point(96, 2304)}]}  mRoundedCornerFrame=Rect(0, 0 - 1080, 2400), mPrivacyIndicatorBounds=PrivacyIndicatorBounds {static bounds=Rect(948, 0 - 1080, 88) rotation=0}, mSources= { InsetsSource: {mType=ITYPE_STATUS_BAR, mFrame=[0,0][1080,88], mVisible=true, mInsetsRoundedCornerFrame=false}, InsetsSource: {mType=ITYPE_NAVIGATION_BAR, mFrame=[0,2256][1080,2400], mVisible=true, mInsetsRoundedCornerFrame=false}, InsetsSource: {mType=ITYPE_LEFT_GESTURES, mFrame=[0,0][0,2400], mVisible=true, mInsetsRoundedCornerFrame=false}, InsetsSource: {mType=ITYPE_RIGHT_GESTURES, mFrame=[1080,0][1080,2400], mVisible=true, mInsetsRoundedCornerFrame=false}, InsetsSource: {mType=ITYPE_TOP_MANDATORY_GESTURES, mFrame=[0,0][1080,124], mVisible=true, mInsetsRoundedCornerFrame=false}, InsetsSource: {mType=ITYPE_BOTTOM_MANDATORY_GESTURES, mFrame=[0,2256][1080,2400], mVisible=true, mInsetsRoundedCornerFrame=false}, InsetsSource: {mType=ITYPE_LEFT_DISPLAY_CUTOUT, mFrame=[0,0][-100000,2400], mVisible=true, mInsetsRoundedCornerFrame=false}, InsetsSource: {mType=ITYPE_TOP_DISPLAY_CUTOUT, mFrame=[0,0][1080,88], mVisible=true, mInsetsRoundedCornerFrame=false}, InsetsSource: {mType=ITYPE_RIGHT_DISPLAY_CUTOUT, mFrame=[100000,0][1080,2400], mVisible=true, mInsetsRoundedCornerFrame=false}, InsetsSource: {mType=ITYPE_BOTTOM_DISPLAY_CUTOUT, mFrame=[0,100000][1080,2400], mVisible=true, mInsetsRoundedCornerFrame=false}, InsetsSource: {mType=ITYPE_TOP_TAPPABLE_ELEMENT, mFrame=[0,0][1080,88], mVisible=true, mInsetsRoundedCornerFrame=false}, InsetsSource: {mType=ITYPE_BOTTOM_TAPPABLE_ELEMENT, mFrame=[0,2256][1080,2400], mVisible=true, mInsetsRoundedCornerFrame=false}, InsetsSource: {mType=ITYPE_IME, mFrame=[0,1374][1080,2400], mVisibleFrame=[0,1374][1080,2400], mVisible=false, mInsetsRoundedCornerFrame=false} } host=com.evolucao.app/com.evolucao.app.MainActivity from=android.view.ViewRootImpl$ViewRootHandler.handleMessageImpl:6727
04-06 02:40:59.939 26528 26528 I ViewRootImpl@73623ee[MainActivity]: handleResized, msg = 4 frames=ClientWindowFrames{frame=[0,0][1080,2400] display=[0,0][1080,2400] parentFrame=[0,0][0,0] parentClippedByDisplayCutout=false} forceNextWindowRelayout=false displayId=0 resizeMode=-1 frameChanged=false displayFrameChanged=false configChanged=false displayChanged=false
