04-06 02:32:26.235 21367 21367 I ViewRootImpl@cfdab7e[PopupWindow:b06f939]: setupSync seqId=0 mSyncId=1 fn=3 caller=android.view.ViewRootImpl$$ExternalSyntheticLambda11.accept:6 android.window.SurfaceSyncer.lambda$setupSync$1$android-window-SurfaceSyncer:128 android.window.SurfaceSyncer$$ExternalSyntheticLambda1.accept:8 android.window.SurfaceSyncer$SyncSet.checkIfSyncIsComplete:382 android.window.SurfaceSyncer$SyncSet.markSyncReady:359 android.window.SurfaceSyncer.markSyncReady:151 android.view.ViewRootImpl.performTraversals:4503 
04-06 02:32:26.236 21367 21367 I ViewRootImpl@cfdab7e[PopupWindow:b06f939]: reportDrawFinished seqId=0 mSyncId=-1 fn=3 mSurfaceChangedTransaction=0xb4000070a0591400
04-06 02:32:26.237 21367 21367 I ViewRootImpl@ff9ac56[PopupWindow:9519671]: handleResized, msg = 5 frames=ClientWindowFrames{frame=[63,1122][153,1230] display=[-100000,-100000][100000,100000] parentFrame=[0,0][0,0] parentClippedByDisplayCutout=false} forceNextWindowRelayout=false displayId=0 resizeMode=-1 frameChanged=false displayFrameChanged=false configChanged=false displayChanged=false
04-06 02:32:26.237 21367 21367 I ViewRootImpl@ff9ac56[PopupWindow:9519671]: handleResized mSyncSeqId = 0
04-06 02:32:26.237 21367 21367 I ViewRootImpl@ff9ac56[PopupWindow:9519671]: reportNextDraw android.view.ViewRootImpl.handleResized:2450 android.view.ViewRootImpl.-$$Nest$mhandleResized:0 android.view.ViewRootImpl$ViewRootHandler.handleMessageImpl:6728 android.view.ViewRootImpl$ViewRootHandler.handleMessage:6697 android.os.Handler.dispatchMessage:106 
04-06 02:32:26.238 21367 21367 I ViewRootImpl@13ba2a9[PopupWindow:170f630]: handleResized, msg = 5 frames=ClientWindowFrames{frame=[63,1028][153,1122] display=[-100000,-100000][100000,100000] parentFrame=[0,0][0,0] parentClippedByDisplayCutout=false} forceNextWindowRelayout=false displayId=0 resizeMode=-1 frameChanged=false displayFrameChanged=false configChanged=false displayChanged=false
04-06 02:32:26.238 21367 21367 I ViewRootImpl@13ba2a9[PopupWindow:170f630]: handleResized mSyncSeqId = 0
04-06 02:32:26.238 21367 21367 I ViewRootImpl@13ba2a9[PopupWindow:170f630]: reportNextDraw android.view.ViewRootImpl.handleResized:2450 android.view.ViewRootImpl.-$$Nest$mhandleResized:0 android.view.ViewRootImpl$ViewRootHandler.handleMessageImpl:6728 android.view.ViewRootImpl$ViewRootHandler.handleMessage:6697 android.os.Handler.dispatchMessage:106 
04-06 02:32:26.249 21367 21367 I ViewRootImpl@ff9ac56[PopupWindow:9519671]: Setup new sync id=1
04-06 02:32:26.249 21367 21367 I ViewRootImpl@ff9ac56[PopupWindow:9519671]: Setting syncFrameCallback
04-06 02:32:26.249 21367 21367 I ViewRootImpl@ff9ac56[PopupWindow:9519671]: registerCallbacksForSync syncBuffer=false
04-06 02:32:26.250 21367 21495 I ViewRootImpl@ff9ac56[PopupWindow:9519671]: Received frameDrawingCallback syncResult=0 frameNum=3.
04-06 02:32:26.250 21367 21495 I ViewRootImpl@ff9ac56[PopupWindow:9519671]: Setting up sync and frameCommitCallback
04-06 02:32:26.252 21367 21470 I ViewRootImpl@ff9ac56[PopupWindow:9519671]: Received frameCommittedCallback lastAttemptedDrawFrameNum=3 didProduceBuffer=true
04-06 02:32:26.252 21367 21367 I ViewRootImpl@ff9ac56[PopupWindow:9519671]: onSyncComplete
04-06 02:32:26.253 21367 21367 I ViewRootImpl@ff9ac56[PopupWindow:9519671]: setupSync seqId=0 mSyncId=1 fn=3 caller=android.view.ViewRootImpl$$ExternalSyntheticLambda11.accept:6 android.window.SurfaceSyncer.lambda$setupSync$1$android-window-SurfaceSyncer:128 android.window.SurfaceSyncer$$ExternalSyntheticLambda1.accept:8 android.window.SurfaceSyncer$SyncSet.checkIfSyncIsComplete:382 android.window.SurfaceSyncer$SyncSet.markSyncReady:359 android.window.SurfaceSyncer.markSyncReady:151 android.view.ViewRootImpl.performTraversals:4503 
04-06 02:32:26.253 21367 21367 I ViewRootImpl@13ba2a9[PopupWindow:170f630]: Setup new sync id=1
04-06 02:32:26.253 21367 21367 I ViewRootImpl@13ba2a9[PopupWindow:170f630]: Setting syncFrameCallback
04-06 02:32:26.253 21367 21367 I ViewRootImpl@13ba2a9[PopupWindow:170f630]: registerCallbacksForSync syncBuffer=false
04-06 02:32:26.254 21367 21496 I ViewRootImpl@13ba2a9[PopupWindow:170f630]: Received frameDrawingCallback syncResult=0 frameNum=2.
04-06 02:32:26.254 21367 21496 I ViewRootImpl@13ba2a9[PopupWindow:170f630]: Setting up sync and frameCommitCallback
04-06 02:32:26.255 21367 21470 I ViewRootImpl@13ba2a9[PopupWindow:170f630]: Received frameCommittedCallback lastAttemptedDrawFrameNum=2 didProduceBuffer=true
04-06 02:32:26.255 21367 21367 I ViewRootImpl@13ba2a9[PopupWindow:170f630]: onSyncComplete
04-06 02:32:26.256 21367 21367 I ViewRootImpl@13ba2a9[PopupWindow:170f630]: setupSync seqId=0 mSyncId=1 fn=2 caller=android.view.ViewRootImpl$$ExternalSyntheticLambda11.accept:6 android.window.SurfaceSyncer.lambda$setupSync$1$android-window-SurfaceSyncer:128 android.window.SurfaceSyncer$$ExternalSyntheticLambda1.accept:8 android.window.SurfaceSyncer$SyncSet.checkIfSyncIsComplete:382 android.window.SurfaceSyncer$SyncSet.markSyncReady:359 android.window.SurfaceSyncer.markSyncReady:151 android.view.ViewRootImpl.performTraversals:4503 
04-06 02:32:26.256 21367 21367 I ViewRootImpl@13ba2a9[PopupWindow:170f630]: reportDrawFinished seqId=0 mSyncId=-1 fn=2 mSurfaceChangedTransaction=0xb4000070a0591d00
04-06 02:32:26.257 21367 21367 I ViewRootImpl@ff9ac56[PopupWindow:9519671]: reportDrawFinished seqId=0 mSyncId=-1 fn=3 mSurfaceChangedTransaction=0xb4000070a0591a00
04-06 02:32:26.299 21367 21376 I om.evolucao.app: Compiler allocated 6133KB to compile void android.view.ViewRootImpl.performTraversals()
04-06 02:32:26.627 21367 21367 D UiControllerImpl: Injecting string: "82"
04-06 02:32:26.635 21367 21367 I ViewRootImpl@73623ee[MainActivity]: setInTouchMode(false), android.view.ViewRootImpl.checkForLeavingTouchModeAndConsume:9383 android.view.ViewRootImpl.-$$Nest$mcheckForLeavingTouchModeAndConsume:0 android.view.ViewRootImpl$EarlyPostImeInputStage.processKeyEvent:7707 android.view.ViewRootImpl$EarlyPostImeInputStage.onProcess:7691 android.view.ViewRootImpl$InputStage.deliver:7213 android.view.ViewRootImpl$InputStage.onDeliverToNext:7270 android.view.ViewRootImpl$InputStage.forward:7236 android.view.ViewRootImpl$AsyncInputStage.forward:7467 android.view.ViewRootImpl$ImeInputStage.onFinishedInputEvent:7676 android.view.inputmethod.InputMethodManager$PendingEvent.run:3897 
04-06 02:32:26.636 21367 21367 I ViewRootImpl@73623ee[MainActivity]: ViewPostIme key 0
04-06 02:32:26.675 21367 21367 I ViewRootImpl@73623ee[MainActivity]: ViewPostIme key 1
04-06 02:32:26.678 21367 21367 I ViewRootImpl@73623ee[MainActivity]: ViewPostIme key 0
04-06 02:32:26.693 21367 21367 I ViewRootImpl@73623ee[MainActivity]: ViewPostIme key 1
04-06 02:32:26.697 21367 21447 I DetoxWSClient: Sending out action 'invokeResult' (ID #6)
04-06 02:32:26.697 21367 21447 I DetoxDispatcher: Done with action 'invoke'
04-06 02:32:26.702 21367 21451 D DetoxWSClient: Received action 'invoke' (ID #7, params={"target":{"type":"Class","value":"com.wix.detox.espresso.DetoxAssertion"},"method":"assertMatcher","args":[{"type":"Invocation","value":{"target":{"type":"Class","value":"androidx.test.espresso.Espresso"},"method":"onView","args":[{"type":"Invocation","value":{"target":{"type":"Class","value":"com.wix.detox.espresso.DetoxMatcher"},"method":"matcherForTestId","args":["input-peso",{"type":"boolean","value":false}]}}]}},{"type":"Invocation","value":{"target":{"type":"Class","value":"com.wix.detox.espresso.DetoxMatcher"},"method":"matcherForText","args":["82",{"type":"boolean","value":false}]}}]})
04-06 02:32:26.702 21367 21447 I DetoxDispatcher: Handling action 'invoke' (ID #7)...
04-06 02:32:26.702 21367 21447 D Detox   : class com.wix.detox.espresso.DetoxMatcher, matcherForTestId, [input-peso, false]
04-06 02:32:26.703 21367 21447 D Detox   : class androidx.test.espresso.Espresso, onView, [(view.getTag() is "input-peso" and view has effective visibility <VISIBLE>)]
04-06 02:32:26.704 21367 21447 D Detox   : class com.wix.detox.espresso.DetoxMatcher, matcherForText, [82, false]
04-06 02:32:26.704 21367 21447 D Detox   : class com.wix.detox.espresso.DetoxAssertion, assertMatcher, [androidx.test.espresso.ViewInteraction@2fcca6d, (an instance of android.widget.TextView and view.getText() with or without transformation to match: is "82" and view has effective visibility <VISIBLE>)]
04-06 02:32:26.705 21367 21367 I ViewInteraction: Checking 'MatchesViewAssertion(Detox){viewMatcher=(an instance of android.widget.TextView and view.getText() with or without transformation to match: is "82" and view has effective visibility <VISIBLE>)}' assertion on view (view.getTag() is "input-peso" and view has effective visibility <VISIBLE>)
04-06 02:32:26.708 21367 21447 I DetoxWSClient: Sending out action 'invokeResult' (ID #7)
04-06 02:32:26.708 21367 21447 I DetoxDispatcher: Done with action 'invoke'
04-06 02:32:26.712 21367 21451 D DetoxWSClient: Received action 'invoke' (ID #8, params={"target":{"type":"Class","value":"com.wix.detox.espresso.EspressoDetox"},"method":"perform","args":[{"type":"Invocation","value":{"target":{"type":"Class","value":"com.wix.detox.espresso.DetoxMatcher"},"method":"matcherForTestId","args":["input-peso-meta",{"type":"boolean","value":false}]}},{"type":"Invocation","value":{"target":{"type":"Class","value":"com.wix.detox.espresso.DetoxViewActions"},"method":"click","args":[]}}]})
04-06 02:32:26.713 21367 21447 I DetoxDispatcher: Handling action 'invoke' (ID #8)...
04-06 02:32:26.713 21367 21447 D Detox   : class com.wix.detox.espresso.DetoxMatcher, matcherForTestId, [input-peso-meta, false]
04-06 02:32:26.713 21367 21447 D Detox   : class com.wix.detox.espresso.DetoxViewActions, click, []
04-06 02:32:26.714 21367 21447 D Detox   : class com.wix.detox.espresso.EspressoDetox, perform, [(view.getTag() is "input-peso-meta" and view has effective visibility <VISIBLE>), com.wix.detox.espresso.action.RNClickAction@628a069]
04-06 02:32:26.725 21367 21367 I ViewInteraction: Performing 'com.wix.detox.espresso.action.detoxsingletap@afcec52 click' action on view (view.getTag() is "input-peso-meta" and view has effective visibility <VISIBLE>)
04-06 02:32:26.731 21367 21367 I ViewRootImpl@73623ee[MainActivity]: ViewPostIme pointer 0
04-06 02:32:26.764 21367 21470 D OpenGLRenderer: setSurface called with nullptr
04-06 02:32:26.764 21367 21470 D OpenGLRenderer: setSurface() destroyed EGLSurface
04-06 02:32:26.764 21367 21470 D OpenGLRenderer: destroyEglSurface
04-06 02:32:26.765 21367 21367 I ViewRootImpl@ff9ac56[PopupWindow:9519671]: dispatchDetachedFromWindow
04-06 02:32:26.773 21367 21367 D InputTransport: Input channel destroyed: 'b12838f', fd=181
04-06 02:32:26.775 21367 21470 D OpenGLRenderer: setSurface called with nullptr
04-06 02:32:26.775 21367 21470 D OpenGLRenderer: setSurface() destroyed EGLSurface
04-06 02:32:26.775 21367 21470 D OpenGLRenderer: destroyEglSurface
04-06 02:32:26.776 21367 21367 I ViewRootImpl@13ba2a9[PopupWindow:170f630]: dispatchDetachedFromWindow
04-06 02:32:26.782 21367 21367 D InputTransport: Input channel destroyed: '93dc9ab', fd=182
04-06 02:32:26.784 21367 21367 I ViewRootImpl@73623ee[MainActivity]: ViewPostIme pointer 1
04-06 02:32:26.798 21367 21367 D InputMethodManager: startInputInner - Id : 0
04-06 02:32:26.799 21367 21367 I InputMethodManager: startInputInner - mService.startInputOrWindowGainedFocus
04-06 02:32:26.805 21367 21367 I IMM_LC  : showSoftInput(View,I)
04-06 02:32:26.805 21367 21367 I IMM_LC  : ssi() - flag : 0 view : com.evolucao.app reason = SHOW_SOFT_INPUT
04-06 02:32:26.819 21367 21367 I IMM_LC  : showSoftInput(View,I)
04-06 02:32:26.819 21367 21367 I IMM_LC  : ssi() - flag : 0 view : com.evolucao.app reason = SHOW_SOFT_INPUT
04-06 02:32:26.867 21367 21367 W OnBackInvokedCallback: OnBackInvokedCallback is not enabled for the application.
04-06 02:32:26.867 21367 21367 W OnBackInvokedCallback: Set 'android:enableOnBackInvokedCallback="true"' in the application manifest.
04-06 02:32:26.870 21367 21367 D InsetsController: show(ime(), fromIme=true)
04-06 02:32:26.872 21367 21367 D InsetsController: show(ime(), fromIme=true)
04-06 02:32:26.886 21367 21367 D InsetsController: show(ime(), fromIme=true)
04-06 02:32:26.913 21367 21470 D OpenGLRenderer: setSurface called with nullptr
04-06 02:32:26.913 21367 21470 D OpenGLRenderer: setSurface() destroyed EGLSurface
04-06 02:32:26.913 21367 21470 D OpenGLRenderer: destroyEglSurface
04-06 02:32:26.913 21367 21367 I ViewRootImpl@cfdab7e[PopupWindow:b06f939]: dispatchDetachedFromWindow
04-06 02:32:26.916 21367 21367 D InputTransport: Input channel destroyed: '9ea733 ', fd=180
04-06 02:32:27.189 21367 21447 I DetoxWSClient: Sending out action 'invokeResult' (ID #8)
04-06 02:32:27.189 21367 21447 I DetoxDispatcher: Done with action 'invoke'
04-06 02:32:27.194 21367 21451 D DetoxWSClient: Received action 'invoke' (ID #9, params={"target":{"type":"Class","value":"com.wix.detox.espresso.EspressoDetox"},"method":"perform","args":[{"type":"Invocation","value":{"target":{"type":"Class","value":"com.wix.detox.espresso.DetoxMatcher"},"method":"matcherForTestId","args":["input-peso-meta",{"type":"boolean","value":false}]}},{"type":"Invocation","value":{"target":{"type":"Class","value":"androidx.test.espresso.action.ViewActions"},"method":"clearText","args":[]}}]})
04-06 02:32:27.194 21367 21447 I DetoxDispatcher: Handling action 'invoke' (ID #9)...
04-06 02:32:27.195 21367 21447 D Detox   : class com.wix.detox.espresso.DetoxMatcher, matcherForTestId, [input-peso-meta, false]
04-06 02:32:27.195 21367 21447 D Detox   : class androidx.test.espresso.action.ViewActions, clearText, []
04-06 02:32:27.196 21367 21447 D Detox   : class com.wix.detox.espresso.EspressoDetox, perform, [(view.getTag() is "input-peso-meta" and view has effective visibility <VISIBLE>), androidx.test.espresso.action.ReplaceTextAction@2e8d64c]
04-06 02:32:27.198 21367 21367 I ViewInteraction: Performing 'replace text()' action on view (view.getTag() is "input-peso-meta" and view has effective visibility <VISIBLE>)
04-06 02:32:27.203 21367 21447 I DetoxWSClient: Sending out action 'invokeResult' (ID #9)
04-06 02:32:27.204 21367 21447 I DetoxDispatcher: Done with action 'invoke'
04-06 02:32:27.208 21367 21451 D DetoxWSClient: Received action 'invoke' (ID #10, params={"target":{"type":"Class","value":"com.wix.detox.espresso.EspressoDetox"},"method":"perform","args":[{"type":"Invocation","value":{"target":{"type":"Class","value":"com.wix.detox.espresso.DetoxMatcher"},"method":"matcherForTestId","args":["input-peso-meta",{"type":"boolean","value":false}]}},{"type":"Invocation","value":{"target":{"type":"Class","value":"com.wix.detox.espresso.DetoxViewActions"},"method":"typeText","args":["77"]}}]})
04-06 02:32:27.208 21367 21447 I DetoxDispatcher: Handling action 'invoke' (ID #10)...
04-06 02:32:27.208 21367 21447 D Detox   : class com.wix.detox.espresso.DetoxMatcher, matcherForTestId, [input-peso-meta, false]
04-06 02:32:27.209 21367 21447 D Detox   : class com.wix.detox.espresso.DetoxViewActions, typeText, [77]
04-06 02:32:27.209 21367 21447 D Detox   : class com.wix.detox.espresso.EspressoDetox, perform, [(view.getTag() is "input-peso-meta" and view has effective visibility <VISIBLE>), com.wix.detox.espresso.action.DetoxTypeTextAction@3f4034d]
04-06 02:32:27.212 21367 21367 D InputMethodManager: startInputInner - Id : 0
04-06 02:32:27.212 21367 21367 I InputMethodManager: startInputInner - mService.startInputOrWindowGainedFocus
04-06 02:32:27.218 21367 21367 I ViewInteraction: Performing 'Click to focus & type text (77)' action on view (view.getTag() is "input-peso-meta" and view has effective visibility <VISIBLE>)
04-06 02:32:27.225 21367 21367 I ViewRootImpl@73623ee[MainActivity]: ViewPostIme pointer 0
04-06 02:32:27.240 21367 21367 D InsetsController: show(ime(), fromIme=true)
04-06 02:32:27.255 21367 21367 I ViewRootImpl@73623ee[MainActivity]: ViewPostIme pointer 1
04-06 02:32:27.257 21367 21367 I IMM_LC  : showSoftInput(View,I)
04-06 02:32:27.257 21367 21367 I IMM_LC  : ssi() - flag : 0 view : com.evolucao.app reason = SHOW_SOFT_INPUT
04-06 02:32:27.296 21367 21470 D NativeCustomFrequencyManager: [NativeCFMS] BpCustomFrequencyManager::BpCustomFrequencyManager()
04-06 02:32:27.300 21367 21367 D InsetsController: onStateChanged: InsetsState: {mDisplayFrame=Rect(0, 0 - 1080, 2400), mDisplayCutout=DisplayCutout{insets=Rect(0, 88 - 0, 0) waterfall=Insets{left=0, top=0, right=0, bottom=0} boundingRect={Bounds=[Rect(0, 0 - 0, 0), Rect(512, 0 - 568, 88), Rect(0, 0 - 0, 0), Rect(0, 0 - 0, 0)]} cutoutPathParserInfo={CutoutPathParserInfo{displayWidth=1080 displayHeight=2400 physicalDisplayWidth=1080 physicalDisplayHeight=2400 density={3.0} cutoutSpec={M 0,0 M 0,10.71963616907435 a 9.280363830925644,9.280363830925644 0 1,0 0,18.56072766185129 a 9.280363830925644,9.280363830925644 0 1,0 0,-18.56072766185129 Z @dp} rotation={0} scale={1.0} physicalPixelDisplaySizeRatio={1.0}}}}, mRoundedCorners=RoundedCorners{[RoundedCorner{position=TopLeft, radius=96, center=Point(96, 96)}, RoundedCorner{position=TopRight, radius=96, center=Point(984, 96)}, RoundedCorner{position=BottomRight, radius=96, center=Point(984, 2304)}, RoundedCorner{position=BottomLeft, radius=96, center=Point(96, 2304)}]}  mRoundedCornerFrame=Rect(0, 0 - 1080, 2400), mPrivacyIndicatorBounds=PrivacyIndicatorBounds {static bounds=Rect(948, 0 - 1080, 88) rotation=0}, mSources= { InsetsSource: {mType=ITYPE_STATUS_BAR, mFrame=[0,0][1080,88], mVisible=true, mInsetsRoundedCornerFrame=false}, InsetsSource: {mType=ITYPE_NAVIGATION_BAR, mFrame=[0,2256][1080,2400], mVisible=true, mInsetsRoundedCornerFrame=false}, InsetsSource: {mType=ITYPE_LEFT_GESTURES, mFrame=[0,0][0,2400], mVisible=true, mInsetsRoundedCornerFrame=false}, InsetsSource: {mType=ITYPE_RIGHT_GESTURES, mFrame=[1080,0][1080,2400], mVisible=true, mInsetsRoundedCornerFrame=false}, InsetsSource: {mType=ITYPE_TOP_MANDATORY_GESTURES, mFrame=[0,0][1080,124], mVisible=true, mInsetsRoundedCornerFrame=false}, InsetsSource: {mType=ITYPE_BOTTOM_MANDATORY_GESTURES, mFrame=[0,2256][1080,2400], mVisible=true, mInsetsRoundedCornerFrame=false}, InsetsSource: {mType=ITYPE_LEFT_DISPLAY_CUTOUT, mFrame=[0,0][-100000,2400], mVisible=true, mInsetsRoundedCornerFrame=false}, InsetsSource: {mType=ITYPE_TOP_DISPLAY_CUTOUT, mFrame=[0,0][1080,88], mVisible=true, mInsetsRoundedCornerFrame=false}, InsetsSource: {mType=ITYPE_RIGHT_DISPLAY_CUTOUT, mFrame=[100000,0][1080,2400], mVisible=true, mInsetsRoundedCornerFrame=false}, InsetsSource: {mType=ITYPE_BOTTOM_DISPLAY_CUTOUT, mFrame=[0,100000][1080,2400], mVisible=true, mInsetsRoundedCornerFrame=false}, InsetsSource: {mType=ITYPE_TOP_TAPPABLE_ELEMENT, mFrame=[0,0][1080,88], mVisible=true, mInsetsRoundedCornerFrame=false}, InsetsSource: {mType=ITYPE_BOTTOM_TAPPABLE_ELEMENT, mFrame=[0,2256][1080,2400], mVisible=true, mInsetsRoundedCornerFrame=false} } host=PopupWindow:e948598 from=android.view.ViewRootImpl.setView:1732
04-06 02:32:27.302 21367 21367 I ViewRootImpl@18161f1[PopupWindow:e948598]: setView = android.widget.PopupWindow$PopupDecorView@9392c2d TM=false
04-06 02:32:27.308 21367 21470 D NativeCustomFrequencyManager: [NativeCFMS] BpCustomFrequencyManager::BpCustomFrequencyManager()
04-06 02:32:27.312 21367 21367 D InsetsController: onStateChanged: InsetsState: {mDisplayFrame=Rect(0, 0 - 1080, 2400), mDisplayCutout=DisplayCutout{insets=Rect(0, 88 - 0, 0) waterfall=Insets{left=0, top=0, right=0, bottom=0} boundingRect={Bounds=[Rect(0, 0 - 0, 0), Rect(512, 0 - 568, 88), Rect(0, 0 - 0, 0), Rect(0, 0 - 0, 0)]} cutoutPathParserInfo={CutoutPathParserInfo{displayWidth=1080 displayHeight=2400 physicalDisplayWidth=1080 physicalDisplayHeight=2400 density={3.0} cutoutSpec={M 0,0 M 0,10.71963616907435 a 9.280363830925644,9.280363830925644 0 1,0 0,18.56072766185129 a 9.280363830925644,9.280363830925644 0 1,0 0,-18.56072766185129 Z @dp} rotation={0} scale={1.0} physicalPixelDisplaySizeRatio={1.0}}}}, mRoundedCorners=RoundedCorners{[RoundedCorner{position=TopLeft, radius=96, center=Point(96, 96)}, RoundedCorner{position=TopRight, radius=96, center=Point(984, 96)}, RoundedCorner{position=BottomRight, radius=96, center=Point(984, 2304)}, RoundedCorner{position=BottomLeft, radius=96, center=Point(96, 2304)}]}  mRoundedCornerFrame=Rect(0, 0 - 1080, 2400), mPrivacyIndicatorBounds=PrivacyIndicatorBounds {static bounds=Rect(948, 0 - 1080, 88) rotation=0}, mSources= { InsetsSource: {mType=ITYPE_STATUS_BAR, mFrame=[0,0][1080,88], mVisible=true, mInsetsRoundedCornerFrame=false}, InsetsSource: {mType=ITYPE_NAVIGATION_BAR, mFrame=[0,2256][1080,2400], mVisible=true, mInsetsRoundedCornerFrame=false}, InsetsSource: {mType=ITYPE_LEFT_GESTURES, mFrame=[0,0][0,2400], mVisible=true, mInsetsRoundedCornerFrame=false}, InsetsSource: {mType=ITYPE_RIGHT_GESTURES, mFrame=[1080,0][1080,2400], mVisible=true, mInsetsRoundedCornerFrame=false}, InsetsSource: {mType=ITYPE_TOP_MANDATORY_GESTURES, mFrame=[0,0][1080,124], mVisible=true, mInsetsRoundedCornerFrame=false}, InsetsSource: {mType=ITYPE_BOTTOM_MANDATORY_GESTURES, mFrame=[0,2256][1080,2400], mVisible=true, mInsetsRoundedCornerFrame=false}, InsetsSource: {mType=ITYPE_LEFT_DISPLAY_CUTOUT, mFrame=[0,0][-100000,2400], mVisible=true, mInsetsRoundedCornerFrame=false}, InsetsSource: {mType=ITYPE_TOP_DISPLAY_CUTOUT, mFrame=[0,0][1080,88], mVisible=true, mInsetsRoundedCornerFrame=false}, InsetsSource: {mType=ITYPE_RIGHT_DISPLAY_CUTOUT, mFrame=[100000,0][1080,2400], mVisible=true, mInsetsRoundedCornerFrame=false}, InsetsSource: {mType=ITYPE_BOTTOM_DISPLAY_CUTOUT, mFrame=[0,100000][1080,2400], mVisible=true, mInsetsRoundedCornerFrame=false}, InsetsSource: {mType=ITYPE_TOP_TAPPABLE_ELEMENT, mFrame=[0,0][1080,88], mVisible=true, mInsetsRoundedCornerFrame=false}, InsetsSource: {mType=ITYPE_BOTTOM_TAPPABLE_ELEMENT, mFrame=[0,2256][1080,2400], mVisible=true, mInsetsRoundedCornerFrame=false} } host=PopupWindow:ada6fb0 from=android.view.ViewRootImpl.setView:1732
04-06 02:32:27.313 21367 21367 I ViewRootImpl@f295e29[PopupWindow:ada6fb0]: setView = android.widget.PopupWindow$PopupDecorView@d0b3e5 TM=false
04-06 02:32:27.315 21367 21470 D NativeCustomFrequencyManager: [NativeCFMS] BpCustomFrequencyManager::BpCustomFrequencyManager()
04-06 02:32:27.318 21367 21367 D InsetsController: onStateChanged: InsetsState: {mDisplayFrame=Rect(0, 0 - 1080, 2400), mDisplayCutout=DisplayCutout{insets=Rect(0, 88 - 0, 0) waterfall=Insets{left=0, top=0, right=0, bottom=0} boundingRect={Bounds=[Rect(0, 0 - 0, 0), Rect(512, 0 - 568, 88), Rect(0, 0 - 0, 0), Rect(0, 0 - 0, 0)]} cutoutPathParserInfo={CutoutPathParserInfo{displayWidth=1080 displayHeight=2400 physicalDisplayWidth=1080 physicalDisplayHeight=2400 density={3.0} cutoutSpec={M 0,0 M 0,10.71963616907435 a 9.280363830925644,9.280363830925644 0 1,0 0,18.56072766185129 a 9.280363830925644,9.280363830925644 0 1,0 0,-18.56072766185129 Z @dp} rotation={0} scale={1.0} physicalPixelDisplaySizeRatio={1.0}}}}, mRoundedCorners=RoundedCorners{[RoundedCorner{position=TopLeft, radius=96, center=Point(96, 96)}, RoundedCorner{position=TopRight, radius=96, center=Point(984, 96)}, RoundedCorner{position=BottomRight, radius=96, center=Point(984, 2304)}, RoundedCorner{position=BottomLeft, radius=96, center=Point(96, 2304)}]}  mRoundedCornerFrame=Rect(0, 0 - 1080, 2400), mPrivacyIndicatorBounds=PrivacyIndicatorBounds {static bounds=Rect(948, 0 - 1080, 88) rotation=0}, mSources= { InsetsSource: {mType=ITYPE_STATUS_BAR, mFrame=[0,0][1080,88], mVisible=true, mInsetsRoundedCornerFrame=false}, InsetsSource: {mType=ITYPE_NAVIGATION_BAR, mFrame=[0,2256][1080,2400], mVisible=true, mInsetsRoundedCornerFrame=false}, InsetsSource: {mType=ITYPE_LEFT_GESTURES, mFrame=[0,0][0,2400], mVisible=true, mInsetsRoundedCornerFrame=false}, InsetsSource: {mType=ITYPE_RIGHT_GESTURES, mFrame=[1080,0][1080,2400], mVisible=true, mInsetsRoundedCornerFrame=false}, InsetsSource: {mType=ITYPE_TOP_MANDATORY_GESTURES, mFrame=[0,0][1080,124], mVisible=true, mInsetsRoundedCornerFrame=false}, InsetsSource: {mType=ITYPE_BOTTOM_MANDATORY_GESTURES, mFrame=[0,2256][1080,2400], mVisible=true, mInsetsRoundedCornerFrame=false}, InsetsSource: {mType=ITYPE_LEFT_DISPLAY_CUTOUT, mFrame=[0,0][-100000,2400], mVisible=true, mInsetsRoundedCornerFrame=false}, InsetsSource: {mType=ITYPE_TOP_DISPLAY_CUTOUT, mFrame=[0,0][1080,88], mVisible=true, mInsetsRoundedCornerFrame=false}, InsetsSource: {mType=ITYPE_RIGHT_DISPLAY_CUTOUT, mFrame=[100000,0][1080,2400], mVisible=true, mInsetsRoundedCornerFrame=false}, InsetsSource: {mType=ITYPE_BOTTOM_DISPLAY_CUTOUT, mFrame=[0,100000][1080,2400], mVisible=true, mInsetsRoundedCornerFrame=false}, InsetsSource: {mType=ITYPE_TOP_TAPPABLE_ELEMENT, mFrame=[0,0][1080,88], mVisible=true, mInsetsRoundedCornerFrame=false}, InsetsSource: {mType=ITYPE_BOTTOM_TAPPABLE_ELEMENT, mFrame=[0,2256][1080,2400], mVisible=true, mInsetsRoundedCornerFrame=false} } host=PopupWindow:697a16b from=android.view.ViewRootImpl.setView:1732
04-06 02:32:27.319 21367 21367 I ViewRootImpl@58084c8[PopupWindow:697a16b]: setView = android.widget.PopupWindow$PopupDecorView@27d2574 TM=false
04-06 02:32:27.324 21367 21367 I ViewRootImpl@18161f1[PopupWindow:e948598]: performTraversals params={(0,1023)(1296x480) gr=TOP START CENTER sim={state=unchanged adjust=pan} ty=APPLICATION_ABOVE_SUB_PANEL fmt=TRANSPARENT surfaceInsets=Rect(0, 0 - 0, 0) (manual)
04-06 02:32:27.324 21367 21367 I ViewRootImpl@18161f1[PopupWindow:e948598]:   fl=41800208
04-06 02:32:27.324 21367 21367 I ViewRootImpl@18161f1[PopupWindow:e948598]:   pfl=42018000
04-06 02:32:27.324 21367 21367 I ViewRootImpl@18161f1[PopupWindow:e948598]:   bhv=DEFAULT
04-06 02:32:27.324 21367 21367 I ViewRootImpl@18161f1[PopupWindow:e948598]:   fitTypes=STATUS_BARS NAVIGATION_BARS CAPTION_BAR naviIconColor=0
04-06 02:32:27.324 21367 21367 I ViewRootImpl@18161f1[PopupWindow:e948598]:   sfl=20000}
04-06 02:32:27.325 21367 21367 I ViewRootImpl@18161f1[PopupWindow:e948598]: performTraversals mFirst=true windowShouldResize=true viewVisibilityChanged=false mForceNextWindowRelayout=false params={(0,1023)(1296x480) gr=TOP START CENTER sim={state=unchanged adjust=pan} ty=APPLICATION_ABOVE_SUB_PANEL fmt=TRANSPARENT surfaceInsets=Rect(0, 0 - 0, 0) (manual)
04-06 02:32:27.325 21367 21367 I ViewRootImpl@18161f1[PopupWindow:e948598]:   fl=41800208
04-06 02:32:27.325 21367 21367 I ViewRootImpl@18161f1[PopupWindow:e948598]:   pfl=42018000
04-06 02:32:27.325 21367 21367 I ViewRootImpl@18161f1[PopupWindow:e948598]:   bhv=DEFAULT
04-06 02:32:27.325 21367 21367 I ViewRootImpl@18161f1[PopupWindow:e948598]:   fitTypes=STATUS_BARS NAVIGATION_BARS CAPTION_BAR naviIconColor=0
04-06 02:32:27.325 21367 21367 I ViewRootImpl@18161f1[PopupWindow:e948598]:   sfl=20000}
04-06 02:32:27.328 21367 21382 I ViewRootImpl@18161f1[PopupWindow:e948598]: Resizing android.view.ViewRootImpl@9bb562: frame = [0,1023][1296,1503] reportDraw = true forceLayout = false syncSeqId = 0
04-06 02:32:27.330 21367 21367 I ViewRootImpl@18161f1[PopupWindow:e948598]: updateBlastSurfaceIfNeeded mBlastBufferQueue=null isSameSurfaceControl=false
04-06 02:32:27.330 21367 21367 I BLASTBufferQueue: new BLASTBufferQueue, mName= ViewRootImpl@18161f1[PopupWindow:e948598] mNativeObject= 0xb4000070a06cd000 sc.mNativeObject= 0xb4000070a05dfc60 caller= android.view.ViewRootImpl.updateBlastSurfaceIfNeeded:2909 android.view.ViewRootImpl.relayoutWindow:9847 android.view.ViewRootImpl.performTraversals:3884 android.view.ViewRootImpl.doTraversal:3116 android.view.ViewRootImpl$TraversalRunnable.run:10885 android.view.Choreographer$CallbackRecord.run:1301 android.view.Choreographer$CallbackRecord.run:1309 android.view.Choreographer.doCallbacks:923 android.view.Choreographer.doFrame:852 android.view.Choreographer$FrameDisplayEventReceiver.run:1283 
04-06 02:32:27.330 21367 21367 I BLASTBufferQueue: update, w= 1296 h= 480 mName = ViewRootImpl@18161f1[PopupWindow:e948598] mNativeObject= 0xb4000070a06cd000 sc.mNativeObject= 0xb4000070a05dfc60 format= -2 caller= android.graphics.BLASTBufferQueue.<init>:84 android.view.ViewRootImpl.updateBlastSurfaceIfNeeded:2909 android.view.ViewRootImpl.relayoutWindow:9847 android.view.ViewRootImpl.performTraversals:3884 android.view.ViewRootImpl.doTraversal:3116 android.view.ViewRootImpl$TraversalRunnable.run:10885 
04-06 02:32:27.331 21367 21367 I ViewRootImpl@18161f1[PopupWindow:e948598]: Relayout returned: old=(0,1023,1296,1503) new=(0,1023,1296,1503) req=(1296,480)0 dur=5 res=0x3 s={true 0xb4000070d4137000} ch=true seqId=0
04-06 02:32:27.332 21367 21367 I ViewRootImpl@18161f1[PopupWindow:e948598]: mThreadedRenderer.initialize() mSurface={isValid=true 0xb4000070d4137000} hwInitialized=true
04-06 02:32:27.332 21367 21470 D OpenGLRenderer: eglCreateWindowSurface
04-06 02:32:27.337 21367 21367 D AbsListView:  in onLayout changed 
04-06 02:32:27.339 21367 21367 I ViewRootImpl@18161f1[PopupWindow:e948598]: reportNextDraw android.view.ViewRootImpl.performTraversals:4438 android.view.ViewRootImpl.doTraversal:3116 android.view.ViewRootImpl$TraversalRunnable.run:10885 android.view.Choreographer$CallbackRecord.run:1301 android.view.Choreographer$CallbackRecord.run:1309 
04-06 02:32:27.339 21367 21367 I ViewRootImpl@18161f1[PopupWindow:e948598]: Setup new sync id=0
04-06 02:32:27.339 21367 21367 I ViewRootImpl@18161f1[PopupWindow:e948598]: Setting syncFrameCallback
04-06 02:32:27.339 21367 21367 I ViewRootImpl@18161f1[PopupWindow:e948598]: registerCallbacksForSync syncBuffer=false
04-06 02:32:27.341 21367 21495 I ViewRootImpl@18161f1[PopupWindow:e948598]: Received frameDrawingCallback syncResult=0 frameNum=1.
04-06 02:32:27.341 21367 21495 I ViewRootImpl@18161f1[PopupWindow:e948598]: Setting up sync and frameCommitCallback
04-06 02:32:27.342 21367 21470 I BLASTBufferQueue: [ViewRootImpl@18161f1[PopupWindow:e948598]#5](f:0,a:0) onFrameAvailable the first frame is available
04-06 02:32:27.342 21367 21470 I ViewRootImpl@18161f1[PopupWindow:e948598]: Received frameCommittedCallback lastAttemptedDrawFrameNum=1 didProduceBuffer=true
04-06 02:32:27.343 21367 21470 D OpenGLRenderer: CFMS:: SetUp Pid : 21367    Tid : 21470
04-06 02:32:27.343 21367 21470 W Parcel  : Expecting binder but got null!
04-06 02:32:27.343 21367 21367 I ViewRootImpl@18161f1[PopupWindow:e948598]: onSyncComplete
04-06 02:32:27.343 21367 21367 I ViewRootImpl@18161f1[PopupWindow:e948598]: setupSync seqId=0 mSyncId=0 fn=1 caller=android.view.ViewRootImpl$$ExternalSyntheticLambda11.accept:6 android.window.SurfaceSyncer.lambda$setupSync$1$android-window-SurfaceSyncer:128 android.window.SurfaceSyncer$$ExternalSyntheticLambda1.accept:8 android.window.SurfaceSyncer$SyncSet.checkIfSyncIsComplete:382 android.window.SurfaceSyncer$SyncSet.markSyncReady:359 android.window.SurfaceSyncer.markSyncReady:151 android.view.ViewRootImpl.performTraversals:4503 
04-06 02:32:27.344 21367 21367 I ViewRootImpl@18161f1[PopupWindow:e948598]: reportDrawFinished seqId=0 mSyncId=-1 fn=1 mSurfaceChangedTransaction=0xb4000070a0624b00
04-06 02:32:27.344 21367 21367 D InsetsController: show(ime(), fromIme=true)
04-06 02:32:27.347 21367 21367 I ViewRootImpl@f295e29[PopupWindow:ada6fb0]: performTraversals params={(63,1390)(90x108) gr=TOP START CENTER sim={state=unchanged adjust=pan} ty=APPLICATION_SUB_PANEL fmt=TRANSLUCENT wanim=0x1030313 surfaceInsets=Rect(0, 0 - 0, 0) (manual)
04-06 02:32:27.347 21367 21367 I ViewRootImpl@f295e29[PopupWindow:ada6fb0]:   fl=41800208
04-06 02:32:27.347 21367 21367 I ViewRootImpl@f295e29[PopupWindow:ada6fb0]:   pfl=2018000
04-06 02:32:27.347 21367 21367 I ViewRootImpl@f295e29[PopupWindow:ada6fb0]:   bhv=DEFAULT
04-06 02:32:27.347 21367 21367 I ViewRootImpl@f295e29[PopupWindow:ada6fb0]:   fitTypes=STATUS_BARS NAVIGATION_BARS CAPTION_BAR naviIconColor=0
04-06 02:32:27.347 21367 21367 I ViewRootImpl@f295e29[PopupWindow:ada6fb0]:   sfl=20000}
04-06 02:32:27.348 21367 21367 I ViewRootImpl@f295e29[PopupWindow:ada6fb0]: performTraversals mFirst=true windowShouldResize=true viewVisibilityChanged=false mForceNextWindowRelayout=false params={(63,1390)(90x108) gr=TOP START CENTER sim={state=unchanged adjust=pan} ty=APPLICATION_SUB_PANEL fmt=TRANSLUCENT wanim=0x1030313 surfaceInsets=Rect(0, 0 - 0, 0) (manual)
04-06 02:32:27.348 21367 21367 I ViewRootImpl@f295e29[PopupWindow:ada6fb0]:   fl=41800208
04-06 02:32:27.348 21367 21367 I ViewRootImpl@f295e29[PopupWindow:ada6fb0]:   pfl=42018000
04-06 02:32:27.348 21367 21367 I ViewRootImpl@f295e29[PopupWindow:ada6fb0]:   bhv=DEFAULT
04-06 02:32:27.348 21367 21367 I ViewRootImpl@f295e29[PopupWindow:ada6fb0]:   fitTypes=STATUS_BARS NAVIGATION_BARS CAPTION_BAR naviIconColor=0
04-06 02:32:27.348 21367 21367 I ViewRootImpl@f295e29[PopupWindow:ada6fb0]:   sfl=20000}
04-06 02:32:27.352 21367 21561 I ViewRootImpl@f295e29[PopupWindow:ada6fb0]: Resizing android.view.ViewRootImpl@7ca8eba: frame = [63,1390][153,1498] reportDraw = true forceLayout = false syncSeqId = 0
04-06 02:32:27.353 21367 21367 I ViewRootImpl@f295e29[PopupWindow:ada6fb0]: updateBlastSurfaceIfNeeded mBlastBufferQueue=null isSameSurfaceControl=false
04-06 02:32:27.354 21367 21367 I BLASTBufferQueue: new BLASTBufferQueue, mName= ViewRootImpl@f295e29[PopupWindow:ada6fb0] mNativeObject= 0xb4000070a06cd380 sc.mNativeObject= 0xb4000070a05e00c0 caller= android.view.ViewRootImpl.updateBlastSurfaceIfNeeded:2909 android.view.ViewRootImpl.relayoutWindow:9847 android.view.ViewRootImpl.performTraversals:3884 android.view.ViewRootImpl.doTraversal:3116 android.view.ViewRootImpl$TraversalRunnable.run:10885 android.view.Choreographer$CallbackRecord.run:1301 android.view.Choreographer$CallbackRecord.run:1309 android.view.Choreographer.doCallbacks:923 android.view.Choreographer.doFrame:852 android.view.Choreographer$FrameDisplayEventReceiver.run:1283 
04-06 02:32:27.354 21367 21367 I BLASTBufferQueue: update, w= 90 h= 108 mName = ViewRootImpl@f295e29[PopupWindow:ada6fb0] mNativeObject= 0xb4000070a06cd380 sc.mNativeObject= 0xb4000070a05e00c0 format= -3 caller= android.graphics.BLASTBufferQueue.<init>:84 android.view.ViewRootImpl.updateBlastSurfaceIfNeeded:2909 android.view.ViewRootImpl.relayoutWindow:9847 android.view.ViewRootImpl.performTraversals:3884 android.view.ViewRootImpl.doTraversal:3116 android.view.ViewRootImpl$TraversalRunnable.run:10885 
04-06 02:32:27.354 21367 21367 I ViewRootImpl@f295e29[PopupWindow:ada6fb0]: Relayout returned: old=(63,1390,153,1498) new=(63,1390,153,1498) req=(90,108)0 dur=5 res=0x3 s={true 0xb4000070a0728000} ch=true seqId=0
04-06 02:32:27.355 21367 21367 I ViewRootImpl@f295e29[PopupWindow:ada6fb0]: mThreadedRenderer.initialize() mSurface={isValid=true 0xb4000070a0728000} hwInitialized=true
04-06 02:32:27.355 21367 21470 D OpenGLRenderer: eglCreateWindowSurface
04-06 02:32:27.356 21367 21367 I ViewRootImpl@f295e29[PopupWindow:ada6fb0]: reportNextDraw android.view.ViewRootImpl.performTraversals:4438 android.view.ViewRootImpl.doTraversal:3116 android.view.ViewRootImpl$TraversalRunnable.run:10885 android.view.Choreographer$CallbackRecord.run:1301 android.view.Choreographer$CallbackRecord.run:1309 
04-06 02:32:27.356 21367 21367 I ViewRootImpl@f295e29[PopupWindow:ada6fb0]: Setup new sync id=0
04-06 02:32:27.356 21367 21367 I ViewRootImpl@f295e29[PopupWindow:ada6fb0]: Setting syncFrameCallback
04-06 02:32:27.356 21367 21367 I ViewRootImpl@f295e29[PopupWindow:ada6fb0]: registerCallbacksForSync syncBuffer=false
04-06 02:32:27.357 21367 21495 I ViewRootImpl@f295e29[PopupWindow:ada6fb0]: Received frameDrawingCallback syncResult=0 frameNum=1.
04-06 02:32:27.357 21367 21495 I ViewRootImpl@f295e29[PopupWindow:ada6fb0]: Setting up sync and frameCommitCallback
04-06 02:32:27.358 21367 21470 I BLASTBufferQueue: [ViewRootImpl@f295e29[PopupWindow:ada6fb0]#6](f:0,a:0) onFrameAvailable the first frame is available
04-06 02:32:27.358 21367 21470 I ViewRootImpl@f295e29[PopupWindow:ada6fb0]: Received frameCommittedCallback lastAttemptedDrawFrameNum=1 didProduceBuffer=true
04-06 02:32:27.359 21367 21470 D OpenGLRenderer: CFMS:: SetUp Pid : 21367    Tid : 21470
04-06 02:32:27.359 21367 21470 W Parcel  : Expecting binder but got null!
04-06 02:32:27.359 21367 21367 I ViewRootImpl@f295e29[PopupWindow:ada6fb0]: onSyncComplete
04-06 02:32:27.359 21367 21367 I ViewRootImpl@f295e29[PopupWindow:ada6fb0]: setupSync seqId=0 mSyncId=0 fn=1 caller=android.view.ViewRootImpl$$ExternalSyntheticLambda11.accept:6 android.window.SurfaceSyncer.lambda$setupSync$1$android-window-SurfaceSyncer:128 android.window.SurfaceSyncer$$ExternalSyntheticLambda1.accept:8 android.window.SurfaceSyncer$SyncSet.checkIfSyncIsComplete:382 android.window.SurfaceSyncer$SyncSet.markSyncReady:359 android.window.SurfaceSyncer.markSyncReady:151 android.view.ViewRootImpl.performTraversals:4503 
04-06 02:32:27.361 21367 21367 I ViewRootImpl@58084c8[PopupWindow:697a16b]: performTraversals params={(63,1296)(90x94) gr=TOP START CENTER sim={state=unchanged adjust=pan} ty=APPLICATION_SUB_PANEL fmt=TRANSLUCENT wanim=0x1030313 surfaceInsets=Rect(0, 0 - 0, 0) (manual)
04-06 02:32:27.361 21367 21367 I ViewRootImpl@58084c8[PopupWindow:697a16b]:   fl=41800218
04-06 02:32:27.361 21367 21367 I ViewRootImpl@58084c8[PopupWindow:697a16b]:   pfl=2018000
04-06 02:32:27.361 21367 21367 I ViewRootImpl@58084c8[PopupWindow:697a16b]:   bhv=DEFAULT
04-06 02:32:27.361 21367 21367 I ViewRootImpl@58084c8[PopupWindow:697a16b]:   fitTypes=STATUS_BARS NAVIGATION_BARS CAPTION_BAR naviIconColor=0
04-06 02:32:27.361 21367 21367 I ViewRootImpl@58084c8[PopupWindow:697a16b]:   sfl=20000}
04-06 02:32:27.362 21367 21367 I ViewRootImpl@58084c8[PopupWindow:697a16b]: performTraversals mFirst=true windowShouldResize=true viewVisibilityChanged=false mForceNextWindowRelayout=false params={(63,1296)(90x94) gr=TOP START CENTER sim={state=unchanged adjust=pan} ty=APPLICATION_SUB_PANEL fmt=TRANSLUCENT wanim=0x1030313 surfaceInsets=Rect(0, 0 - 0, 0) (manual)
04-06 02:32:27.362 21367 21367 I ViewRootImpl@58084c8[PopupWindow:697a16b]:   fl=41800218
04-06 02:32:27.362 21367 21367 I ViewRootImpl@58084c8[PopupWindow:697a16b]:   pfl=42018000
04-06 02:32:27.362 21367 21367 I ViewRootImpl@58084c8[PopupWindow:697a16b]:   bhv=DEFAULT
04-06 02:32:27.362 21367 21367 I ViewRootImpl@58084c8[PopupWindow:697a16b]:   fitTypes=STATUS_BARS NAVIGATION_BARS CAPTION_BAR naviIconColor=0
04-06 02:32:27.362 21367 21367 I ViewRootImpl@58084c8[PopupWindow:697a16b]:   sfl=20000}
04-06 02:32:27.365 21367 21561 I ViewRootImpl@58084c8[PopupWindow:697a16b]: Resizing android.view.ViewRootImpl@c6a7a9d: frame = [63,1296][153,1390] reportDraw = true forceLayout = false syncSeqId = 0
04-06 02:32:27.366 21367 21367 I ViewRootImpl@58084c8[PopupWindow:697a16b]: updateBlastSurfaceIfNeeded mBlastBufferQueue=null isSameSurfaceControl=false
04-06 02:32:27.367 21367 21367 I BLASTBufferQueue: new BLASTBufferQueue, mName= ViewRootImpl@58084c8[PopupWindow:697a16b] mNativeObject= 0xb4000070a06cd700 sc.mNativeObject= 0xb4000070a05e05c0 caller= android.view.ViewRootImpl.updateBlastSurfaceIfNeeded:2909 android.view.ViewRootImpl.relayoutWindow:9847 android.view.ViewRootImpl.performTraversals:3884 android.view.ViewRootImpl.doTraversal:3116 android.view.ViewRootImpl$TraversalRunnable.run:10885 android.view.Choreographer$CallbackRecord.run:1301 android.view.Choreographer$CallbackRecord.run:1309 android.view.Choreographer.doCallbacks:923 android.view.Choreographer.doFrame:852 android.view.Choreographer$FrameDisplayEventReceiver.run:1283 
04-06 02:32:27.367 21367 21367 I BLASTBufferQueue: update, w= 90 h= 94 mName = ViewRootImpl@58084c8[PopupWindow:697a16b] mNativeObject= 0xb4000070a06cd700 sc.mNativeObject= 0xb4000070a05e05c0 format= -3 caller= android.graphics.BLASTBufferQueue.<init>:84 android.view.ViewRootImpl.updateBlastSurfaceIfNeeded:2909 android.view.ViewRootImpl.relayoutWindow:9847 android.view.ViewRootImpl.performTraversals:3884 android.view.ViewRootImpl.doTraversal:3116 android.view.ViewRootImpl$TraversalRunnable.run:10885 
04-06 02:32:27.368 21367 21367 I ViewRootImpl@58084c8[PopupWindow:697a16b]: Relayout returned: old=(63,1296,153,1390) new=(63,1296,153,1390) req=(90,94)0 dur=4 res=0x3 s={true 0xb4000070d4139800} ch=true seqId=0
04-06 02:32:27.368 21367 21367 I ViewRootImpl@58084c8[PopupWindow:697a16b]: mThreadedRenderer.initialize() mSurface={isValid=true 0xb4000070d4139800} hwInitialized=true
04-06 02:32:27.368 21367 21470 D OpenGLRenderer: eglCreateWindowSurface
04-06 02:32:27.369 21367 21367 I ViewRootImpl@58084c8[PopupWindow:697a16b]: reportNextDraw android.view.ViewRootImpl.performTraversals:4438 android.view.ViewRootImpl.doTraversal:3116 android.view.ViewRootImpl$TraversalRunnable.run:10885 android.view.Choreographer$CallbackRecord.run:1301 android.view.Choreographer$CallbackRecord.run:1309 
04-06 02:32:27.369 21367 21367 I ViewRootImpl@58084c8[PopupWindow:697a16b]: Setup new sync id=0
04-06 02:32:27.369 21367 21367 I ViewRootImpl@58084c8[PopupWindow:697a16b]: Setting syncFrameCallback
04-06 02:32:27.369 21367 21367 I ViewRootImpl@58084c8[PopupWindow:697a16b]: registerCallbacksForSync syncBuffer=false
04-06 02:32:27.370 21367 21496 I ViewRootImpl@58084c8[PopupWindow:697a16b]: Received frameDrawingCallback syncResult=0 frameNum=1.
04-06 02:32:27.370 21367 21496 I ViewRootImpl@58084c8[PopupWindow:697a16b]: Setting up sync and frameCommitCallback
04-06 02:32:27.370 21367 21470 I BLASTBufferQueue: [ViewRootImpl@58084c8[PopupWindow:697a16b]#7](f:0,a:0) onFrameAvailable the first frame is available
04-06 02:32:27.371 21367 21470 I ViewRootImpl@58084c8[PopupWindow:697a16b]: Received frameCommittedCallback lastAttemptedDrawFrameNum=1 didProduceBuffer=true
04-06 02:32:27.371 21367 21470 D OpenGLRenderer: CFMS:: SetUp Pid : 21367    Tid : 21470
04-06 02:32:27.371 21367 21470 W Parcel  : Expecting binder but got null!
04-06 02:32:27.371 21367 21367 I ViewRootImpl@58084c8[PopupWindow:697a16b]: onSyncComplete
04-06 02:32:27.372 21367 21367 I ViewRootImpl@58084c8[PopupWindow:697a16b]: setupSync seqId=0 mSyncId=0 fn=1 caller=android.view.ViewRootImpl$$ExternalSyntheticLambda11.accept:6 android.window.SurfaceSyncer.lambda$setupSync$1$android-window-SurfaceSyncer:128 android.window.SurfaceSyncer$$ExternalSyntheticLambda1.accept:8 android.window.SurfaceSyncer$SyncSet.checkIfSyncIsComplete:382 android.window.SurfaceSyncer$SyncSet.markSyncReady:359 android.window.SurfaceSyncer.markSyncReady:151 android.view.ViewRootImpl.performTraversals:4503 
04-06 02:32:27.373 21367 21367 I ViewRootImpl@58084c8[PopupWindow:697a16b]: reportDrawFinished seqId=0 mSyncId=-1 fn=1 mSurfaceChangedTransaction=0xb4000070a02f0800
04-06 02:32:27.373 21367 21367 I ViewRootImpl@f295e29[PopupWindow:ada6fb0]: reportDrawFinished seqId=0 mSyncId=-1 fn=1 mSurfaceChangedTransaction=0xb4000070a02f0500
04-06 02:32:27.375 21367 21367 I ViewRootImpl@18161f1[PopupWindow:e948598]: handleResized, msg = 5 frames=ClientWindowFrames{frame=[0,1023][1296,1503] display=[-100000,-100000][100000,100000] parentFrame=[0,0][0,0] parentClippedByDisplayCutout=false} forceNextWindowRelayout=false displayId=0 resizeMode=-1 frameChanged=false displayFrameChanged=false configChanged=false displayChanged=false
04-06 02:32:27.375 21367 21367 I ViewRootImpl@18161f1[PopupWindow:e948598]: handleResized mSyncSeqId = 0
04-06 02:32:27.376 21367 21367 I ViewRootImpl@18161f1[PopupWindow:e948598]: reportNextDraw android.view.ViewRootImpl.handleResized:2450 android.view.ViewRootImpl.-$$Nest$mhandleResized:0 android.view.ViewRootImpl$ViewRootHandler.handleMessageImpl:6728 android.view.ViewRootImpl$ViewRootHandler.handleMessage:6697 android.os.Handler.dispatchMessage:106 
04-06 02:32:27.376 21367 21367 I ViewRootImpl@f295e29[PopupWindow:ada6fb0]: handleResized, msg = 5 frames=ClientWindowFrames{frame=[63,1390][153,1498] display=[-100000,-100000][100000,100000] parentFrame=[0,0][0,0] parentClippedByDisplayCutout=false} forceNextWindowRelayout=false displayId=0 resizeMode=-1 frameChanged=false displayFrameChanged=false configChanged=false displayChanged=false
04-06 02:32:27.376 21367 21367 I ViewRootImpl@f295e29[PopupWindow:ada6fb0]: handleResized mSyncSeqId = 0
04-06 02:32:27.376 21367 21367 I ViewRootImpl@f295e29[PopupWindow:ada6fb0]: reportNextDraw android.view.ViewRootImpl.handleResized:2450 android.view.ViewRootImpl.-$$Nest$mhandleResized:0 android.view.ViewRootImpl$ViewRootHandler.handleMessageImpl:6728 android.view.ViewRootImpl$ViewRootHandler.handleMessage:6697 android.os.Handler.dispatchMessage:106 
04-06 02:32:27.377 21367 21367 I ViewRootImpl@18161f1[PopupWindow:e948598]: Setup new sync id=1
04-06 02:32:27.377 21367 21367 I ViewRootImpl@18161f1[PopupWindow:e948598]: Setting syncFrameCallback
04-06 02:32:27.377 21367 21367 I ViewRootImpl@18161f1[PopupWindow:e948598]: registerCallbacksForSync syncBuffer=false
04-06 02:32:27.378 21367 21495 I ViewRootImpl@18161f1[PopupWindow:e948598]: Received frameDrawingCallback syncResult=0 frameNum=3.
04-06 02:32:27.378 21367 21495 I ViewRootImpl@18161f1[PopupWindow:e948598]: Setting up sync and frameCommitCallback
04-06 02:32:27.379 21367 21470 I ViewRootImpl@18161f1[PopupWindow:e948598]: Received frameCommittedCallback lastAttemptedDrawFrameNum=3 didProduceBuffer=true
04-06 02:32:27.379 21367 21367 I ViewRootImpl@18161f1[PopupWindow:e948598]: onSyncComplete
04-06 02:32:27.380 21367 21367 I ViewRootImpl@18161f1[PopupWindow:e948598]: setupSync seqId=0 mSyncId=1 fn=3 caller=android.view.ViewRootImpl$$ExternalSyntheticLambda11.accept:6 android.window.SurfaceSyncer.lambda$setupSync$1$android-window-SurfaceSyncer:128 android.window.SurfaceSyncer$$ExternalSyntheticLambda1.accept:8 android.window.SurfaceSyncer$SyncSet.checkIfSyncIsComplete:382 android.window.SurfaceSyncer$SyncSet.markSyncReady:359 android.window.SurfaceSyncer.markSyncReady:151 android.view.ViewRootImpl.performTraversals:4503 
04-06 02:32:27.380 21367 21367 I ViewRootImpl@f295e29[PopupWindow:ada6fb0]: Setup new sync id=1
04-06 02:32:27.380 21367 21367 I ViewRootImpl@f295e29[PopupWindow:ada6fb0]: Setting syncFrameCallback
04-06 02:32:27.380 21367 21367 I ViewRootImpl@f295e29[PopupWindow:ada6fb0]: registerCallbacksForSync syncBuffer=false
04-06 02:32:27.381 21367 21496 I ViewRootImpl@f295e29[PopupWindow:ada6fb0]: Received frameDrawingCallback syncResult=0 frameNum=2.
04-06 02:32:27.381 21367 21496 I ViewRootImpl@f295e29[PopupWindow:ada6fb0]: Setting up sync and frameCommitCallback
04-06 02:32:27.381 21367 21470 I ViewRootImpl@f295e29[PopupWindow:ada6fb0]: Received frameCommittedCallback lastAttemptedDrawFrameNum=2 didProduceBuffer=true
04-06 02:32:27.382 21367 21367 I ViewRootImpl@f295e29[PopupWindow:ada6fb0]: onSyncComplete
04-06 02:32:27.382 21367 21367 I ViewRootImpl@f295e29[PopupWindow:ada6fb0]: setupSync seqId=0 mSyncId=1 fn=2 caller=android.view.ViewRootImpl$$ExternalSyntheticLambda11.accept:6 android.window.SurfaceSyncer.lambda$setupSync$1$android-window-SurfaceSyncer:128 android.window.SurfaceSyncer$$ExternalSyntheticLambda1.accept:8 android.window.SurfaceSyncer$SyncSet.checkIfSyncIsComplete:382 android.window.SurfaceSyncer$SyncSet.markSyncReady:359 android.window.SurfaceSyncer.markSyncReady:151 android.view.ViewRootImpl.performTraversals:4503 
04-06 02:32:27.382 21367 21367 I ViewRootImpl@f295e29[PopupWindow:ada6fb0]: reportDrawFinished seqId=0 mSyncId=-1 fn=2 mSurfaceChangedTransaction=0xb4000070a02f0500
04-06 02:32:27.382 21367 21367 I ViewRootImpl@18161f1[PopupWindow:e948598]: reportDrawFinished seqId=0 mSyncId=-1 fn=3 mSurfaceChangedTransaction=0xb4000070a0624b00
04-06 02:32:27.383 21367 21367 I ViewRootImpl@58084c8[PopupWindow:697a16b]: handleResized, msg = 5 frames=ClientWindowFrames{frame=[63,1296][153,1390] display=[-100000,-100000][100000,100000] parentFrame=[0,0][0,0] parentClippedByDisplayCutout=false} forceNextWindowRelayout=false displayId=0 resizeMode=-1 frameChanged=false displayFrameChanged=false configChanged=false displayChanged=false
04-06 02:32:27.383 21367 21367 I ViewRootImpl@58084c8[PopupWindow:697a16b]: handleResized mSyncSeqId = 0
04-06 02:32:27.383 21367 21367 I ViewRootImpl@58084c8[PopupWindow:697a16b]: reportNextDraw android.view.ViewRootImpl.handleResized:2450 android.view.ViewRootImpl.-$$Nest$mhandleResized:0 android.view.ViewRootImpl$ViewRootHandler.handleMessageImpl:6728 android.view.ViewRootImpl$ViewRootHandler.handleMessage:6697 android.os.Handler.dispatchMessage:106 
04-06 02:32:27.391 21367 21367 I ViewRootImpl@58084c8[PopupWindow:697a16b]: Setup new sync id=1
04-06 02:32:27.391 21367 21367 I ViewRootImpl@58084c8[PopupWindow:697a16b]: Setting syncFrameCallback
04-06 02:32:27.391 21367 21367 I ViewRootImpl@58084c8[PopupWindow:697a16b]: registerCallbacksForSync syncBuffer=false
04-06 02:32:27.391 21367 21495 I ViewRootImpl@58084c8[PopupWindow:697a16b]: Received frameDrawingCallback syncResult=0 frameNum=2.
04-06 02:32:27.391 21367 21495 I ViewRootImpl@58084c8[PopupWindow:697a16b]: Setting up sync and frameCommitCallback
04-06 02:32:27.392 21367 21470 I ViewRootImpl@58084c8[PopupWindow:697a16b]: Received frameCommittedCallback lastAttemptedDrawFrameNum=2 didProduceBuffer=true
04-06 02:32:27.392 21367 21367 I ViewRootImpl@58084c8[PopupWindow:697a16b]: onSyncComplete
04-06 02:32:27.392 21367 21367 I ViewRootImpl@58084c8[PopupWindow:697a16b]: setupSync seqId=0 mSyncId=1 fn=2 caller=android.view.ViewRootImpl$$ExternalSyntheticLambda11.accept:6 android.window.SurfaceSyncer.lambda$setupSync$1$android-window-SurfaceSyncer:128 android.window.SurfaceSyncer$$ExternalSyntheticLambda1.accept:8 android.window.SurfaceSyncer$SyncSet.checkIfSyncIsComplete:382 android.window.SurfaceSyncer$SyncSet.markSyncReady:359 android.window.SurfaceSyncer.markSyncReady:151 android.view.ViewRootImpl.performTraversals:4503 
04-06 02:32:27.395 21367 21367 I ViewRootImpl@58084c8[PopupWindow:697a16b]: reportDrawFinished seqId=0 mSyncId=-1 fn=2 mSurfaceChangedTransaction=0xb4000070a02f0800
04-06 02:32:27.778 21367 21367 D UiControllerImpl: Injecting string: "77"
