04-06 02:32:27.786 21367 21367 I ViewRootImpl@73623ee[MainActivity]: setInTouchMode(false), android.view.ViewRootImpl.checkForLeavingTouchModeAndConsume:9383 android.view.ViewRootImpl.-$$Nest$mcheckForLeavingTouchModeAndConsume:0 android.view.ViewRootImpl$EarlyPostImeInputStage.processKeyEvent:7707 android.view.ViewRootImpl$EarlyPostImeInputStage.onProcess:7691 android.view.ViewRootImpl$InputStage.deliver:7213 android.view.ViewRootImpl$InputStage.onDeliverToNext:7270 android.view.ViewRootImpl$InputStage.forward:7236 android.view.ViewRootImpl$AsyncInputStage.forward:7467 android.view.ViewRootImpl$ImeInputStage.onFinishedInputEvent:7676 android.view.inputmethod.InputMethodManager$PendingEvent.run:3897 
04-06 02:32:27.787 21367 21367 I ViewRootImpl@73623ee[MainActivity]: ViewPostIme key 0
04-06 02:32:27.820 21367 21367 I ViewRootImpl@73623ee[MainActivity]: ViewPostIme key 1
04-06 02:32:27.828 21367 21367 I ViewRootImpl@73623ee[MainActivity]: ViewPostIme key 0
04-06 02:32:27.847 21367 21367 I ViewRootImpl@73623ee[MainActivity]: ViewPostIme key 1
04-06 02:32:27.850 21367 21447 I DetoxWSClient: Sending out action 'invokeResult' (ID #10)
04-06 02:32:27.850 21367 21447 I DetoxDispatcher: Done with action 'invoke'
04-06 02:32:27.854 21367 21451 D DetoxWSClient: Received action 'invoke' (ID #11, params={"target":{"type":"Class","value":"com.wix.detox.espresso.DetoxAssertion"},"method":"assertMatcher","args":[{"type":"Invocation","value":{"target":{"type":"Class","value":"androidx.test.espresso.Espresso"},"method":"onView","args":[{"type":"Invocation","value":{"target":{"type":"Class","value":"com.wix.detox.espresso.DetoxMatcher"},"method":"matcherForTestId","args":["input-peso-meta",{"type":"boolean","value":false}]}}]}},{"type":"Invocation","value":{"target":{"type":"Class","value":"com.wix.detox.espresso.DetoxMatcher"},"method":"matcherForText","args":["77",{"type":"boolean","value":false}]}}]})
04-06 02:32:27.854 21367 21447 I DetoxDispatcher: Handling action 'invoke' (ID #11)...
04-06 02:32:27.854 21367 21447 D Detox   : class com.wix.detox.espresso.DetoxMatcher, matcherForTestId, [input-peso-meta, false]
04-06 02:32:27.855 21367 21447 D Detox   : class androidx.test.espresso.Espresso, onView, [(view.getTag() is "input-peso-meta" and view has effective visibility <VISIBLE>)]
04-06 02:32:27.855 21367 21447 D Detox   : class com.wix.detox.espresso.DetoxMatcher, matcherForText, [77, false]
04-06 02:32:27.856 21367 21447 D Detox   : class com.wix.detox.espresso.DetoxAssertion, assertMatcher, [androidx.test.espresso.ViewInteraction@a2f441f, (an instance of android.widget.TextView and view.getText() with or without transformation to match: is "77" and view has effective visibility <VISIBLE>)]
04-06 02:32:27.858 21367 21367 I ViewInteraction: Checking 'MatchesViewAssertion(Detox){viewMatcher=(an instance of android.widget.TextView and view.getText() with or without transformation to match: is "77" and view has effective visibility <VISIBLE>)}' assertion on view (view.getTag() is "input-peso-meta" and view has effective visibility <VISIBLE>)
04-06 02:32:27.861 21367 21447 I DetoxWSClient: Sending out action 'invokeResult' (ID #11)
04-06 02:32:27.861 21367 21447 I DetoxDispatcher: Done with action 'invoke'
04-06 02:32:27.865 21367 21451 D DetoxWSClient: Received action 'invoke' (ID #12, params={"target":{"type":"Class","value":"com.wix.detox.espresso.EspressoDetox"},"method":"perform","args":[{"type":"Invocation","value":{"target":{"type":"Class","value":"com.wix.detox.espresso.DetoxMatcher"},"method":"matcherForTestId","args":["input-altura",{"type":"boolean","value":false}]}},{"type":"Invocation","value":{"target":{"type":"Class","value":"com.wix.detox.espresso.DetoxViewActions"},"method":"click","args":[]}}]})
04-06 02:32:27.865 21367 21447 I DetoxDispatcher: Handling action 'invoke' (ID #12)...
04-06 02:32:27.865 21367 21447 D Detox   : class com.wix.detox.espresso.DetoxMatcher, matcherForTestId, [input-altura, false]
04-06 02:32:27.865 21367 21447 D Detox   : class com.wix.detox.espresso.DetoxViewActions, click, []
04-06 02:32:27.866 21367 21447 D Detox   : class com.wix.detox.espresso.EspressoDetox, perform, [(view.getTag() is "input-altura" and view has effective visibility <VISIBLE>), com.wix.detox.espresso.action.RNClickAction@bdba36c]
04-06 02:32:27.868 21367 21367 I ViewInteraction: Performing 'com.wix.detox.espresso.action.detoxsingletap@9d7ad35 click' action on view (view.getTag() is "input-altura" and view has effective visibility <VISIBLE>)
04-06 02:32:27.888 21367 21470 D OpenGLRenderer: setSurface called with nullptr
04-06 02:32:27.888 21367 21470 D OpenGLRenderer: setSurface() destroyed EGLSurface
04-06 02:32:27.889 21367 21470 D OpenGLRenderer: destroyEglSurface
04-06 02:32:27.889 21367 21367 I ViewRootImpl@f295e29[PopupWindow:ada6fb0]: dispatchDetachedFromWindow
04-06 02:32:27.895 21367 21367 D InputTransport: Input channel destroyed: '4982ac ', fd=164
04-06 02:32:27.896 21367 21470 D OpenGLRenderer: setSurface called with nullptr
04-06 02:32:27.896 21367 21470 D OpenGLRenderer: setSurface() destroyed EGLSurface
04-06 02:32:27.896 21367 21470 D OpenGLRenderer: destroyEglSurface
04-06 02:32:27.897 21367 21367 I ViewRootImpl@58084c8[PopupWindow:697a16b]: dispatchDetachedFromWindow
04-06 02:32:27.901 21367 21367 D InputTransport: Input channel destroyed: 'b221d98', fd=165
04-06 02:32:27.904 21367 21367 I ViewRootImpl@73623ee[MainActivity]: ViewPostIme key 0
04-06 02:32:27.909 21367 21367 I ViewRootImpl@73623ee[MainActivity]: ViewPostIme key 1
04-06 02:32:28.057 21367 21470 D OpenGLRenderer: setSurface called with nullptr
04-06 02:32:28.057 21367 21470 D OpenGLRenderer: setSurface() destroyed EGLSurface
04-06 02:32:28.057 21367 21470 D OpenGLRenderer: destroyEglSurface
04-06 02:32:28.058 21367 21367 I ViewRootImpl@18161f1[PopupWindow:e948598]: dispatchDetachedFromWindow
04-06 02:32:28.068 21367 21367 D InputTransport: Input channel destroyed: 'f72fe80', fd=133
04-06 02:32:28.290 21367 21447 I DetoxWSClient: Sending out action 'invokeResult' (ID #12)
04-06 02:32:28.291 21367 21447 I DetoxDispatcher: Done with action 'invoke'
04-06 02:32:28.296 21367 21451 D DetoxWSClient: Received action 'invoke' (ID #13, params={"target":{"type":"Class","value":"com.wix.detox.espresso.EspressoDetox"},"method":"perform","args":[{"type":"Invocation","value":{"target":{"type":"Class","value":"com.wix.detox.espresso.DetoxMatcher"},"method":"matcherForTestId","args":["input-altura",{"type":"boolean","value":false}]}},{"type":"Invocation","value":{"target":{"type":"Class","value":"androidx.test.espresso.action.ViewActions"},"method":"clearText","args":[]}}]})
04-06 02:32:28.297 21367 21447 I DetoxDispatcher: Handling action 'invoke' (ID #13)...
04-06 02:32:28.298 21367 21447 D Detox   : class com.wix.detox.espresso.DetoxMatcher, matcherForTestId, [input-altura, false]
04-06 02:32:28.298 21367 21447 D Detox   : class androidx.test.espresso.action.ViewActions, clearText, []
04-06 02:32:28.299 21367 21447 D Detox   : class com.wix.detox.espresso.EspressoDetox, perform, [(view.getTag() is "input-altura" and view has effective visibility <VISIBLE>), androidx.test.espresso.action.ReplaceTextAction@b367293]
04-06 02:32:28.304 21367 21367 I ViewInteraction: Performing 'replace text()' action on view (view.getTag() is "input-altura" and view has effective visibility <VISIBLE>)
04-06 02:32:28.312 21367 21447 I DetoxWSClient: Sending out action 'invokeResult' (ID #13)
04-06 02:32:28.312 21367 21447 I DetoxDispatcher: Done with action 'invoke'
04-06 02:32:28.317 21367 21451 D DetoxWSClient: Received action 'invoke' (ID #14, params={"target":{"type":"Class","value":"com.wix.detox.espresso.EspressoDetox"},"method":"perform","args":[{"type":"Invocation","value":{"target":{"type":"Class","value":"com.wix.detox.espresso.DetoxMatcher"},"method":"matcherForTestId","args":["input-altura",{"type":"boolean","value":false}]}},{"type":"Invocation","value":{"target":{"type":"Class","value":"com.wix.detox.espresso.DetoxViewActions"},"method":"typeText","args":["178"]}}]})
04-06 02:32:28.318 21367 21447 I DetoxDispatcher: Handling action 'invoke' (ID #14)...
04-06 02:32:28.318 21367 21447 D Detox   : class com.wix.detox.espresso.DetoxMatcher, matcherForTestId, [input-altura, false]
04-06 02:32:28.319 21367 21447 D Detox   : class com.wix.detox.espresso.DetoxViewActions, typeText, [178]
04-06 02:32:28.319 21367 21447 D Detox   : class com.wix.detox.espresso.EspressoDetox, perform, [(view.getTag() is "input-altura" and view has effective visibility <VISIBLE>), com.wix.detox.espresso.action.DetoxTypeTextAction@2631be8]
04-06 02:32:28.324 21367 21367 I ViewInteraction: Performing 'Click to focus & type text (178)' action on view (view.getTag() is "input-altura" and view has effective visibility <VISIBLE>)
04-06 02:32:28.369 21367 21367 I ViewRootImpl@73623ee[MainActivity]: ViewPostIme key 0
04-06 02:32:28.392 21367 21367 I ViewRootImpl@73623ee[MainActivity]: ViewPostIme key 1
04-06 02:32:28.761 21367 21367 D UiControllerImpl: Injecting string: "178"
04-06 02:32:28.770 21367 21367 I ViewRootImpl@73623ee[MainActivity]: ViewPostIme key 0
04-06 02:32:28.803 21367 21367 I ViewRootImpl@73623ee[MainActivity]: ViewPostIme key 1
04-06 02:32:28.808 21367 21367 I ViewRootImpl@73623ee[MainActivity]: ViewPostIme key 0
04-06 02:32:28.826 21367 21367 I ViewRootImpl@73623ee[MainActivity]: ViewPostIme key 1
04-06 02:32:28.829 21367 21367 I ViewRootImpl@73623ee[MainActivity]: ViewPostIme key 0
04-06 02:32:28.847 21367 21367 I ViewRootImpl@73623ee[MainActivity]: ViewPostIme key 1
04-06 02:32:28.848 21367 21447 I DetoxWSClient: Sending out action 'invokeResult' (ID #14)
04-06 02:32:28.849 21367 21447 I DetoxDispatcher: Done with action 'invoke'
04-06 02:32:28.853 21367 21451 D DetoxWSClient: Received action 'invoke' (ID #15, params={"target":{"type":"Class","value":"com.wix.detox.espresso.DetoxAssertion"},"method":"assertMatcher","args":[{"type":"Invocation","value":{"target":{"type":"Class","value":"androidx.test.espresso.Espresso"},"method":"onView","args":[{"type":"Invocation","value":{"target":{"type":"Class","value":"com.wix.detox.espresso.DetoxMatcher"},"method":"matcherForTestId","args":["input-altura",{"type":"boolean","value":false}]}}]}},{"type":"Invocation","value":{"target":{"type":"Class","value":"com.wix.detox.espresso.DetoxMatcher"},"method":"matcherForText","args":["178",{"type":"boolean","value":false}]}}]})
04-06 02:32:28.853 21367 21447 I DetoxDispatcher: Handling action 'invoke' (ID #15)...
04-06 02:32:28.854 21367 21447 D Detox   : class com.wix.detox.espresso.DetoxMatcher, matcherForTestId, [input-altura, false]
04-06 02:32:28.854 21367 21447 D Detox   : class androidx.test.espresso.Espresso, onView, [(view.getTag() is "input-altura" and view has effective visibility <VISIBLE>)]
04-06 02:32:28.855 21367 21447 D Detox   : class com.wix.detox.espresso.DetoxMatcher, matcherForText, [178, false]
04-06 02:32:28.855 21367 21447 D Detox   : class com.wix.detox.espresso.DetoxAssertion, assertMatcher, [androidx.test.espresso.ViewInteraction@d08ca42, (an instance of android.widget.TextView and view.getText() with or without transformation to match: is "178" and view has effective visibility <VISIBLE>)]
04-06 02:32:28.856 21367 21367 I ViewInteraction: Checking 'MatchesViewAssertion(Detox){viewMatcher=(an instance of android.widget.TextView and view.getText() with or without transformation to match: is "178" and view has effective visibility <VISIBLE>)}' assertion on view (view.getTag() is "input-altura" and view has effective visibility <VISIBLE>)
04-06 02:32:28.861 21367 21447 I DetoxActionHandlers: Test exception
04-06 02:32:28.861 21367 21447 I DetoxActionHandlers: java.lang.reflect.InvocationTargetException
04-06 02:32:28.861 21367 21447 I DetoxActionHandlers: 	at java.lang.reflect.Method.invoke(Native Method)
04-06 02:32:28.861 21367 21447 I DetoxActionHandlers: 	at org.apache.commons.lang3.reflect.MethodUtils.invokeStaticMethod(MethodUtils.java:443)
04-06 02:32:28.861 21367 21447 I DetoxActionHandlers: 	at org.apache.commons.lang3.reflect.MethodUtils.invokeStaticMethod(MethodUtils.java:405)
04-06 02:32:28.861 21367 21447 I DetoxActionHandlers: 	at com.wix.invoke.types.ClassTarget.execute(ClassTarget.java:23)
04-06 02:32:28.861 21367 21447 I DetoxActionHandlers: 	at com.wix.invoke.types.Target.invoke(Target.java:59)
04-06 02:32:28.861 21367 21447 I DetoxActionHandlers: 	at com.wix.invoke.MethodInvocation.invoke(MethodInvocation.java:35)
04-06 02:32:28.861 21367 21447 I DetoxActionHandlers: 	at com.wix.invoke.MethodInvocation.invoke(MethodInvocation.java:26)
04-06 02:32:28.861 21367 21447 I DetoxActionHandlers: 	at com.wix.invoke.MethodInvocation.invoke(MethodInvocation.java:20)
04-06 02:32:28.861 21367 21447 I DetoxActionHandlers: 	at com.wix.detox.adapters.server.InvokeActionHandler.handle(DetoxActionHandlers.kt:54)
04-06 02:32:28.861 21367 21447 I DetoxActionHandlers: 	at com.wix.detox.adapters.server.ActionsExecutor.executeAction$lambda$2$lambda$1(DetoxActionsDispatcher.kt:76)
04-06 02:32:28.861 21367 21447 I DetoxActionHandlers: 	at com.wix.detox.adapters.server.ActionsExecutor.$r8$lambda$GVbB7LHtBHxNHGbgYnHJ6YrwCqs(Unknown Source:0)
04-06 02:32:28.861 21367 21447 I DetoxActionHandlers: 	at com.wix.detox.adapters.server.ActionsExecutor$$ExternalSyntheticLambda0.run(D8$$SyntheticClass:0)
04-06 02:32:28.861 21367 21447 I DetoxActionHandlers: 	at android.os.Handler.handleCallback(Handler.java:942)
04-06 02:32:28.861 21367 21447 I DetoxActionHandlers: 	at android.os.Handler.dispatchMessage(Handler.java:99)
04-06 02:32:28.861 21367 21447 I DetoxActionHandlers: 	at android.os.Looper.loopOnce(Looper.java:226)
04-06 02:32:28.861 21367 21447 I DetoxActionHandlers: 	at android.os.Looper.loop(Looper.java:313)
04-06 02:32:28.861 21367 21447 I DetoxActionHandlers: 	at com.wix.detox.adapters.server.ActionsExecutor._init_$lambda$0(DetoxActionsDispatcher.kt:62)
04-06 02:32:28.861 21367 21447 I DetoxActionHandlers: 	at com.wix.detox.adapters.server.ActionsExecutor.$r8$lambda$xlgL0CQim6vNM0wWEqM8JIDgZUE(Unknown Source:0)
04-06 02:32:28.861 21367 21447 I DetoxActionHandlers: 	at com.wix.detox.adapters.server.ActionsExecutor$$ExternalSyntheticLambda1.run(D8$$SyntheticClass:0)
04-06 02:32:28.861 21367 21447 I DetoxActionHandlers: 	at java.lang.Thread.run(Thread.java:1012)
04-06 02:32:28.861 21367 21447 I DetoxActionHandlers: Caused by: junit.framework.AssertionFailedError: '(an instance of android.widget.TextView and view.getText() with or without transformation to match: is "178" and view has effective visibility <VISIBLE>)' doesn't match the selected view.
04-06 02:32:28.861 21367 21447 I DetoxActionHandlers: Expected: (an instance of android.widget.TextView and view.getText() with or without transformation to match: is "178" and view has effective visibility <VISIBLE>)
04-06 02:32:28.861 21367 21447 I DetoxActionHandlers:      Got: an instance of android.widget.TextView and view.getText() with or without transformation to match: is "178" view.getText() was "" transformed text was ""
04-06 02:32:28.861 21367 21447 I DetoxActionHandlers: View Details: ReactEditText{id=80, visibility=VISIBLE, width=960, height=139, has-focus=false, has-focusable=true, 