04-06 10:39:51.202 24563 24629 D DetoxWSClient: Received action 'invoke' (ID #17, params={"target":{"type":"Class","value":"com.wix.detox.espresso.DetoxAssertion"},"method":"waitForAssertMatcher","args":[{"type":"Invocation","value":{"target":{"type":"Class","value":"androidx.test.espresso.Espresso"},"method":"onView","args":[{"type":"Invocation","value":{"target":{"type":"Class","value":"com.wix.detox.espresso.DetoxMatcher"},"method":"matcherForTestId","args":["btn-continuar",{"type":"boolean","value":false}]}}]}},{"type":"Invocation","value":{"target":{"type":"Class","value":"com.wix.detox.espresso.DetoxMatcher"},"method":"matcherForSufficientlyVisible","args":[{"type":"Integer","value":75}]}},{"type":"Double","value":3}]})
04-06 10:39:51.203 24563 24625 I DetoxDispatcher: Handling action 'invoke' (ID #17)...
04-06 10:39:51.204 24563 24625 D Detox   : class com.wix.detox.espresso.DetoxMatcher, matcherForTestId, [btn-continuar, false]
04-06 10:39:51.204 24563 24625 D Detox   : class androidx.test.espresso.Espresso, onView, [(view.getTag() is "btn-continuar" and view has effective visibility <VISIBLE>)]
04-06 10:39:51.205 24563 24625 D Detox   : class com.wix.detox.espresso.DetoxMatcher, matcherForSufficientlyVisible, [75]
04-06 10:39:51.206 24563 24625 D Detox   : class com.wix.detox.espresso.DetoxAssertion, waitForAssertMatcher, [androidx.test.espresso.ViewInteraction@c844315, (view has effective visibility <VISIBLE> and view.getGlobalVisibleRect() covers at least <75> percent of the view's area), 3.0]
04-06 10:39:51.207 24563 24563 I ViewRootImpl@73623ee[MainActivity]: handleResized, msg = 4 frames=ClientWindowFrames{frame=[0,0][1080,2400] display=[0,0][1080,2400] parentFrame=[0,0][0,0] parentClippedByDisplayCutout=false} forceNextWindowRelayout=false displayId=0 resizeMode=-1 frameChanged=false displayFrameChanged=false configChanged=false displayChanged=false
04-06 10:39:51.211 24563 24563 I ViewInteraction: Checking 'MatchesViewAssertion(Detox){viewMatcher=(view has effective visibility <VISIBLE> and view.getGlobalVisibleRect() covers at least <75> percent of the view's area)}' assertion on view (view.getTag() is "btn-continuar" and view has effective visibility <VISIBLE>)
04-06 10:39:51.213 24563 24625 I DetoxWSClient: Sending out action 'invokeResult' (ID #17)
04-06 10:39:51.213 24563 24625 I DetoxDispatcher: Done with action 'invoke'
04-06 10:39:51.218 24563 24629 D DetoxWSClient: Received action 'invoke' (ID #18, params={"target":{"type":"Class","value":"com.wix.detox.espresso.EspressoDetox"},"method":"perform","args":[{"type":"Invocation","value":{"target":{"type":"Class","value":"com.wix.detox.espresso.DetoxMatcher"},"method":"matcherForAtIndex","args":[{"type":"Integer","value":0},{"type":"Invocation","value":{"target":{"type":"Class","value":"com.wix.detox.espresso.DetoxMatcher"},"method":"matcherForClass","args":["com.facebook.react.views.scroll.ReactScrollView"]}}]}},{"type":"Invocation","value":{"target":{"type":"Class","value":"com.wix.detox.espresso.DetoxAction"},"method":"swipeInDirection","args":[{"type":"Integer","value":3},{"type":"boolean","value":true},{"type":"Double","value":0.25},{"type":"Double","value":null},{"type":"Double","value":null}]}}]})
04-06 10:39:51.218 24563 24625 I DetoxDispatcher: Handling action 'invoke' (ID #18)...
04-06 10:39:51.219 24563 24625 D Detox   : class com.wix.detox.espresso.DetoxMatcher, matcherForClass, [com.facebook.react.views.scroll.ReactScrollView]
04-06 10:39:51.219 24563 24625 D Detox   : class com.wix.detox.espresso.DetoxMatcher, matcherForAtIndex, [0, (is assignable from class: class com.facebook.react.views.scroll.ReactScrollView and view has effective visibility <VISIBLE>)]
04-06 10:39:51.220 24563 24625 D Detox   : class com.wix.detox.espresso.DetoxAction, swipeInDirection, [3, true, 0.25, NaN, NaN]
04-06 10:39:51.222 24563 24625 D Detox   : class com.wix.detox.espresso.EspressoDetox, perform, [View at index #0, of those matching MATCHER(is assignable from class: class com.facebook.react.views.scroll.ReactScrollView and view has effective visibility <VISIBLE>), androidx.test.espresso.action.GeneralSwipeAction@7ff262a]
04-06 10:39:51.225 24563 24563 I ViewInteraction: Performing 'fast swipe' action on view View at index #0, of those matching MATCHER(is assignable from class: class com.facebook.react.views.scroll.ReactScrollView and view has effective visibility <VISIBLE>)
04-06 10:39:51.248 24563 24573 D InputTransport: Input channel destroyed: 'ClientS', fd=126
04-06 10:39:51.248 24563 24573 D InputTransport: Input channel destroyed: 'ClientS', fd=193
04-06 10:39:51.248 24563 24573 D InputTransport: Input channel destroyed: 'ClientS', fd=194
04-06 10:39:51.248 24563 24643 D OpenGLRenderer: setSurface called with nullptr
04-06 10:39:51.248 24563 24643 D OpenGLRenderer: setSurface called with nullptr
04-06 10:39:51.249 24563 24573 D InputTransport: Input channel destroyed: 'ClientS', fd=106
04-06 10:39:51.249 24563 24573 D InputTransport: Input channel destroyed: 'ClientS', fd=168
04-06 10:39:51.249 24563 24573 D InputTransport: Input channel destroyed: 'ClientS', fd=166
04-06 10:39:51.249 24563 24573 D InputTransport: Input channel destroyed: 'ClientS', fd=159
04-06 10:39:51.249 24563 24643 D OpenGLRenderer: setSurface called with nullptr
04-06 10:39:51.249 24563 24643 D OpenGLRenderer: setSurface called with nullptr
04-06 10:39:51.250 24563 24573 D InputTransport: Input channel destroyed: 'ClientS', fd=163
04-06 10:39:51.402 24563 24563 D InsetsController: cancelAnimation of types: 8, animType: 1, host: com.evolucao.app/com.evolucao.app.MainActivity, from:android.view.InsetsController.notifyFinished:1375 android.view.InsetsAnimationThreadControlRunner$1.lambda$notifyFinished$0$android-view-InsetsAnimationThreadControlRunner$1:84 android.view.InsetsAnimationThreadControlRunner$1$$ExternalSyntheticLambda1.run:4 
04-06 10:39:51.402 24563 24563 I IMM_LC  : notifyImeHidden: mService.hideSoftInput
04-06 10:39:51.431 24563 24578 I ViewRootImpl@73623ee[MainActivity]: Resizing android.view.ViewRootImpl@25a16ab: frame = [0,0][1080,2400] reportDraw = false forceLayout = false syncSeqId = 0
04-06 10:39:51.432 24563 24563 D InsetsController: onStateChanged: InsetsState: {mDisplayFrame=Rect(0, 0 - 1080, 2400), mDisplayCutout=DisplayCutout{insets=Rect(0, 88 - 0, 0) waterfall=Insets{left=0, top=0, right=0, bottom=0} boundingRect={Bounds=[Rect(0, 0 - 0, 0), Rect(512, 0 - 568, 88), Rect(0, 0 - 0, 0), Rect(0, 0 - 0, 0)]} cutoutPathParserInfo={CutoutPathParserInfo{displayWidth=1080 displayHeight=2400 physicalDisplayWidth=1080 physicalDisplayHeight=2400 density={3.0} cutoutSpec={M 0,0 M 0,10.71963616907435 a 9.280363830925644,9.280363830925644 0 1,0 0,18.56072766185129 a 9.280363830925644,9.280363830925644 0 1,0 0,-18.56072766185129 Z @dp} rotation={0} scale={1.0} physicalPixelDisplaySizeRatio={1.0}}}}, mRoundedCorners=RoundedCorners{[RoundedCorner{position=TopLeft, radius=96, center=Point(96, 96)}, RoundedCorner{position=TopRight, radius=96, center=Point(984, 96)}, RoundedCorner{position=BottomRight, radius=96, center=Point(984, 2304)}, RoundedCorner{position=BottomLeft, radius=96, center=Point(96, 2304)}]}  mRoundedCornerFrame=Rect(0, 0 - 1080, 2400), mPrivacyIndicatorBounds=PrivacyIndicatorBounds {static bounds=Rect(948, 0 - 1080, 88) rotation=0}, mSources= { InsetsSource: {mType=ITYPE_STATUS_BAR, mFrame=[0,0][1080,88], mVisible=true, mInsetsRoundedCornerFrame=false}, InsetsSource: {mType=ITYPE_NAVIGATION_BAR, mFrame=[0,2256][1080,2400], mVisible=true, mInsetsRoundedCornerFrame=false}, InsetsSource: {mType=ITYPE_LEFT_GESTURES, mFrame=[0,0][0,2400], mVisible=true, mInsetsRoundedCornerFrame=false}, InsetsSource: {mType=ITYPE_RIGHT_GESTURES, mFrame=[1080,0][1080,2400], mVisible=true, mInsetsRoundedCornerFrame=false}, InsetsSource: {mType=ITYPE_TOP_MANDATORY_GESTURES, mFrame=[0,0][1080,124], mVisible=true, mInsetsRoundedCornerFrame=false}, InsetsSource: {mType=ITYPE_BOTTOM_MANDATORY_GESTURES, mFrame=[0,2256][1080,2400], mVisible=true, mInsetsRoundedCornerFrame=false}, InsetsSource: {mType=ITYPE_LEFT_DISPLAY_CUTOUT, mFrame=[0,0][-100000,2400], mVisible=true, mInsetsRoundedCornerFrame=false}, InsetsSource: {mType=ITYPE_TOP_DISPLAY_CUTOUT, mFrame=[0,0][1080,88], mVisible=true, mInsetsRoundedCornerFrame=false}, InsetsSource: {mType=ITYPE_RIGHT_DISPLAY_CUTOUT, mFrame=[100000,0][1080,2400], mVisible=true, mInsetsRoundedCornerFrame=false}, InsetsSource: {mType=ITYPE_BOTTOM_DISPLAY_CUTOUT, mFrame=[0,100000][1080,2400], mVisible=true, mInsetsRoundedCornerFrame=false}, InsetsSource: {mType=ITYPE_TOP_TAPPABLE_ELEMENT, mFrame=[0,0][1080,88], mVisible=true, mInsetsRoundedCornerFrame=false}, InsetsSource: {mType=ITYPE_BOTTOM_TAPPABLE_ELEMENT, mFrame=[0,2256][1080,2400], mVisible=true, mInsetsRoundedCornerFrame=false}, InsetsSource: {mType=ITYPE_IME, mFrame=[0,0][0,0], mVisibleFrame=[0,1374][1080,2400], mVisible=false, mInsetsRoundedCornerFrame=false} } host=com.evolucao.app/com.evolucao.app.MainActivity from=android.view.ViewRootImpl$ViewRootHandler.handleMessageImpl:6727
04-06 10:39:51.433 24563 24563 I ViewRootImpl@73623ee[MainActivity]: handleResized, msg = 4 frames=ClientWindowFrames{frame=[0,0][1080,2400] display=[0,0][1080,2400] parentFrame=[0,0][0,0] parentClippedByDisplayCutout=false} forceNextWindowRelayout=false displayId=0 resizeMode=-1 frameChanged=false displayFrameChanged=false configChanged=false displayChanged=false
04-06 10:39:51.467 24563 24625 I DetoxWSClient: Sending out action 'invokeResult' (ID #18)
04-06 10:39:51.467 24563 24625 I DetoxDispatcher: Done with action 'invoke'
04-06 10:39:51.472 24563 24629 D DetoxWSClient: Received action 'invoke' (ID #19, params={"target":{"type":"Class","value":"com.wix.detox.espresso.EspressoDetox"},"method":"perform","args":[{"type":"Invocation","value":{"target":{"type":"Class","value":"com.wix.detox.espresso.DetoxMatcher"},"method":"matcherForTestId","args":["btn-continuar",{"type":"boolean","value":false}]}},{"type":"Invocation","value":{"target":{"type":"Class","value":"com.wix.detox.espresso.DetoxAction"},"method":"tapAtLocation","args":[{"type":"Integer","value":30},{"type":"Integer","value":18}]}}]})
04-06 10:39:51.472 24563 24625 I DetoxDispatcher: Handling action 'invoke' (ID #19)...
04-06 10:39:51.473 24563 24625 D Detox   : class com.wix.detox.espresso.DetoxMatcher, matcherForTestId, [btn-continuar, false]
04-06 10:39:51.473 24563 24625 D Detox   : class com.wix.detox.espresso.DetoxAction, tapAtLocation, [30, 18]
04-06 10:39:51.474 24563 24625 D Detox   : class com.wix.detox.espresso.EspressoDetox, perform, [(view.getTag() is "btn-continuar" and view has effective visibility <VISIBLE>), com.wix.detox.espresso.action.RNClickAction@3c03c1b]
04-06 10:39:51.478 24563 24563 I ViewInteraction: Performing 'com.wix.detox.espresso.action.detoxsingletap@30c01b8 click' action on view (view.getTag() is "btn-continuar" and view has effective visibility <VISIBLE>)
04-06 10:39:51.483 24563 24563 I ViewRootImpl@73623ee[MainActivity]: ViewPostIme pointer 0
04-06 10:39:51.513 24563 24563 I ViewRootImpl@73623ee[MainActivity]: ViewPostIme pointer 1
04-06 10:39:51.596 24563 24677 I ReactNativeJS: 'match:', 'local'
04-06 10:39:51.596 24563 24677 I ReactNativeJS: 'source:', 'local', '| confidence:', 0.9
04-06 10:39:51.597 24563 24677 I ReactNativeJS: 'exercise:', 'Supino Reto Barra'
04-06 10:39:51.709 24563 24571 I om.evolucao.app: Compiler allocated 4177KB to compile void android.widget.TextView.<init>(android.content.Context, android.util.AttributeSet, int, int)
04-06 10:39:51.768 24563 24563 D ScrollView: initGoToTop
04-06 10:39:51.817 24563 24563 W [RNScreens]: backTitleFontFamily prop is not available on Android
04-06 10:39:51.817 24563 24563 W [RNScreens]: disableBackButtonMenu prop is not available on Android
04-06 10:39:51.817 24563 24563 W [RNScreens]: backTitleVisible prop is not available on Android
04-06 10:39:51.817 24563 24563 W [RNScreens]: topInsetEnabled prop is not available on Android
04-06 10:39:51.817 24563 24563 W [RNScreens]: largeTitleHideShadow prop is not available on Android
04-06 10:39:51.817 24563 24563 W [RNScreens]: largeTitleFontWeight prop is not available on Android
04-06 10:39:51.817 24563 24563 W [RNScreens]: userInterfaceStyle prop is not available on Android
04-06 10:39:51.817 24563 24563 W [RNScreens]: largeTitleFontFamily prop is not available on Android
04-06 10:39:51.818 24563 24682 D TrafficStats: tagSocket(106) with statsTag=0xffffffff, statsUid=-1
04-06 10:39:51.883 24563 24563 D InputMethodManager: startInputInner - Id : 0
04-06 10:39:51.883 24563 24563 I InputMethodManager: startInputInner - mService.startInputOrWindowGainedFocus
04-06 10:39:51.898 24563 24578 W AutofillManager: getView(1073741824): could not find view
04-06 10:39:51.898 24563 24578 W AutofillManager: getViewNodeParcelable(1073741824): could not find view
04-06 10:39:51.899 24563 24578 W AutofillManager: getView(1073741824): could not find view
04-06 10:39:51.899 24563 24578 W AutofillManager: getViewNodeParcelable(1073741824): could not find view
04-06 10:39:51.903 24563 24578 W AutofillManager: getView(1073741824): could not find view
04-06 10:39:51.903 24563 24578 W AutofillManager: getViewNodeParcelable(1073741824): could not find view
04-06 10:39:52.379 24563 24563 I IMM_LC  : closeCurrentInput: mService.hideSoftInput
04-06 10:39:52.767 24563 24625 I DetoxWSClient: Sending out action 'invokeResult' (ID #19)
04-06 10:39:52.767 24563 24625 I DetoxDispatcher: Done with action 'invoke'
04-06 10:39:52.771 24563 24629 D DetoxWSClient: Received action 'invoke' (ID #20, params={"target":{"type":"Class","value":"com.wix.detox.espresso.DetoxAssertion"},"method":"waitForAssertMatcher","args":[{"type":"Invocation","value":{"target":{"type":"Class","value":"androidx.test.espresso.Espresso"},"method":"onView","args":[{"type":"Invocation","value":{"target":{"type":"Class","value":"com.wix.detox.espresso.DetoxMatcher"},"method":"matcherForTestId","args":["tab-treino",{"type":"boolean","value":false}]}}]}},{"type":"Invocation","value":{"target":{"type":"Class","value":"com.wix.detox.espresso.DetoxMatcher"},"method":"matcherForSufficientlyVisible","args":[{"type":"Integer","value":75}]}},{"type":"Double","value":3}]})
04-06 10:39:52.772 24563 24625 I DetoxDispatcher: Handling action 'invoke' (ID #20)...
04-06 10:39:52.772 24563 24625 D Detox   : class com.wix.detox.espresso.DetoxMatcher, matcherForTestId, [tab-treino, false]
04-06 10:39:52.773 24563 24625 D Detox   : class androidx.test.espresso.Espresso, onView, [(view.getTag() is "tab-treino" and view has effective visibility <VISIBLE>)]
04-06 10:39:52.774 24563 24625 D Detox   : class com.wix.detox.espresso.DetoxMatcher, matcherForSufficientlyVisible, [75]
04-06 10:39:52.775 24563 24625 D Detox   : class com.wix.detox.espresso.DetoxAssertion, waitForAssertMatcher, [androidx.test.espresso.ViewInteraction@b7c3b87, (view has effective visibility <VISIBLE> and view.getGlobalVisibleRect() covers at least <75> percent of the view's area), 3.0]
04-06 10:39:52.832 24563 24625 I DetoxActionHandlers: Test exception
04-06 10:39:52.832 24563 24625 I DetoxActionHandlers: java.lang.reflect.InvocationTargetException
04-06 10:39:52.832 24563 24625 I DetoxActionHandlers: 	at java.lang.reflect.Method.invoke(Native Method)
04-06 10:39:52.832 24563 24625 I DetoxActionHandlers: 	at org.apache.commons.lang3.reflect.MethodUtils.invokeStaticMethod(MethodUtils.java:443)
04-06 10:39:52.832 24563 24625 I DetoxActionHandlers: 	at org.apache.commons.lang3.reflect.MethodUtils.invokeStaticMethod(MethodUtils.java:405)
04-06 10:39:52.832 24563 24625 I DetoxActionHandlers: 	at com.wix.invoke.types.ClassTarget.execute(ClassTarget.java:23)
04-06 10:39:52.832 24563 24625 I DetoxActionHandlers: 	at com.wix.invoke.types.Target.invoke(Target.java:59)
04-06 10:39:52.832 24563 24625 I DetoxActionHandlers: 	at com.wix.invoke.MethodInvocation.invoke(MethodInvocation.java:35)
04-06 10:39:52.832 24563 24625 I DetoxActionHandlers: 	at com.wix.invoke.MethodInvocation.invoke(MethodInvocation.java:26)
04-06 10:39:52.832 24563 24625 I DetoxActionHandlers: 	at com.wix.invoke.MethodInvocation.invoke(MethodInvocation.java:20)
04-06 10:39:52.832 24563 24625 I DetoxActionHandlers: 	at com.wix.detox.adapters.server.InvokeActionHandler.handle(DetoxActionHandlers.kt:54)
04-06 10:39:52.832 24563 24625 I DetoxActionHandlers: 	at com.wix.detox.adapters.server.ActionsExecutor.executeAction$lambda$2$lambda$1(DetoxActionsDispatcher.kt:76)
04-06 10:39:52.832 24563 24625 I DetoxActionHandlers: 	at com.wix.detox.adapters.server.ActionsExecutor.$r8$lambda$GVbB7LHtBHxNHGbgYnHJ6YrwCqs(Unknown Source:0)
04-06 10:39:52.832 24563 24625 I DetoxActionHandlers: 	at com.wix.detox.adapters.server.ActionsExecutor$$ExternalSyntheticLambda0.run(D8$$SyntheticClass:0)
04-06 10:39:52.832 24563 24625 I DetoxActionHandlers: 	at android.os.Handler.handleCallback(Handler.java:942)
04-06 10:39:52.832 24563 24625 I DetoxActionHandlers: 	at android.os.Handler.dispatchMessage(Handler.java:99)
04-06 10:39:52.832 24563 24625 I DetoxActionHandlers: 	at android.os.Looper.loopOnce(Looper.java:226)
04-06 10:39:52.832 24563 24625 I DetoxActionHandlers: 	at android.os.Looper.loop(Looper.java:313)
04-06 10:39:52.832 24563 24625 I DetoxActionHandlers: 	at com.wix.detox.adapters.server.ActionsExecutor._init_$lambda$0(DetoxActionsDispatcher.kt:62)
04-06 10:39:52.832 24563 24625 I DetoxActionHandlers: 	at com.wix.detox.adapters.server.ActionsExecutor.$r8$lambda$xlgL0CQim6vNM0wWEqM8JIDgZUE(Unknown Source:0)
04-06 10:39:52.832 24563 24625 I DetoxActionHandlers: 	at com.wix.detox.adapters.server.ActionsExecutor$$ExternalSyntheticLambda1.run(D8$$SyntheticClass:0)
04-06 10:39:52.832 24563 24625 I DetoxActionHandlers: 	at java.lang.Thread.run(Thread.java:1012)
04-06 10:39:52.832 24563 24625 I DetoxActionHandlers: Caused by: com.wix.detox.espresso.errors.DetoxAmbiguousViewMatcherException: '(view.getTag() is "tab-treino" and view has effective visibility <VISIBLE>)' matches 2 views in the hierarchy:
04-06 10:39:52.832 24563 24625 I DetoxActionHandlers: - [1] ReactViewGroup{id=446, visibility=VISIBLE, width=180, height=161, has-focus=false, has-focusable=true, has-window-focus=true, is-clickable=true, is-enabled=true, is-focused=false, is-focusable=true, is-layout-requested=false, is-selected=false, layout-params=android.view.ViewGroup$LayoutParams@YYYYYY, tag=tab-treino, root-is-layout-requested=false, has-input-connection=false, x=360.0, y=25.0, child-count=3}
04-06 10:39:52.832 24563 24625 I DetoxActionHandlers: - [2] ReactViewGroup{id=268, visibility=VISIBLE, width=906, height=144, has-focus=false, has-focusable=true, has-window-focus=true, is-clickable=true, is-enabled=true, is-focused=false, is-focusable=true, is-layout-requested=false, is-selected=false, layout-params=android.view.ViewGroup$LayoutParams@YYYYYY, tag=tab-treino, root-is-layout-requested=false, has-input-connection=false, x=87.0, y=2119.0, child-count=1}
04-06 10:39:52.832 24563 24625 I DetoxActionHandlers: Problem views are marked with '****MATCHES****' below.
04-06 10:39:52.832 24563 24625 I DetoxActionHandlers: 	at com.wix.detox.espresso.DetoxFailureHandler.handle(DetoxFailureHandler.kt:30)
04-06 10:39:52.832 24563 24625 I DetoxActionHandlers: 	at androidx.test.espresso.ViewInteraction.waitForAndHandleInteractionResults(ViewInteraction.java:385)
04-06 10:39:52.832 24563 24625 I DetoxActionHandlers: 	at androidx.test.espresso.ViewInteraction.check(ViewInteraction.java:366)
04-06 10:39:52.832 24563 24625 I DetoxActionHandlers: 	at com.wix.detox.espresso.DetoxAssertion.waitForAssertMatcher(DetoxAssertion.java:77)
04-06 10:39:52.832 24563 24625 I DetoxActionHandlers: 	... 20 more
04-06 10:39:52.832 24563 24625 I DetoxWSClient: Sending out action 'testFailed' (ID #20)
04-06 10:39:52.834 24563 24625 I DetoxDispatcher: Done with action 'invoke'
04-06 10:39:52.853 24563 24629 D DetoxWSClient: Received action 'invoke' (ID #21, params={"target":{"type":"Class","value":"com.wix.detox.espresso.DetoxAssertion"},"method":"waitForAssertMatcher","args":[{"type":"Invocation","value":{"target":{"type":"Class","value":"androidx.test.espresso.Espresso"},"method":"onView","args":[{"type":"Invocation","value":{"target":{"type":"Class","value":"com.wix.detox.espresso.DetoxMatcher"},"method":"matcherForTestId","args":["home-ready",{"type":"boolean","value":false}]}}]}},{"type":"Invocation","value":{"target":{"type":"Class","value":"com.wix.detox.espresso.DetoxMatcher"},"method":"matcherForSufficientlyVisible","args":[{"type":"Integer","value":75}]}},{"type":"Double","value":0.5}]})
04-06 10:39:52.853 24563 24625 I DetoxDispatcher: Handling action 'invoke' (ID #21)...
04-06 10:39:52.853 24563 24625 D Detox   : class com.wix.detox.espresso.DetoxMatcher, matcherForTestId, [home-ready, false]
04-06 10:39:52.854 24563 24625 D Detox   : class androidx.test.espresso.Espresso, onView, [(view.getTag() is "home-ready" and view has effective visibility <VISIBLE>)]
04-06 10:39:52.854 24563 24625 D Detox   : class com.wix.detox.espresso.DetoxMatcher, matcherForSufficientlyVisible, [75]
04-06 10:39:52.855 24563 24625 D Detox   : class com.wix.detox.espresso.DetoxAssertion, waitForAssertMatcher, [androidx.test.espresso.ViewInteraction@6fdcac4, (view has effective visibility <VISIBLE> and view.getGlobalVisibleRect() covers at least <75> percent of the view's area), 0.5]
04-06 10:39:52.862 24563 24563 I ViewInteraction: Checking 'MatchesViewAssertion(Detox){viewMatcher=(view has effective visibility <VISIBLE> and view.getGlobalVisibleRect() covers at least <75> percent of the view's area)}' assertion on view (view.getTag() is "home-ready" and view has effective visibility <VISIBLE>)
04-06 10:39:52.866 24563 24625 I DetoxWSClient: Sending out action 'invokeResult' (ID #21)
04-06 10:39:52.866 24563 24625 I DetoxDispatcher: Done with action 'invoke'
04-06 10:39:52.870 24563 24629 D DetoxWSClient: Received action 'invoke' (ID #22, params={"target":{"type":"Class","value":"com.wix.detox.espresso.DetoxAssertion"},"method":"waitForAssertMatcher","args":[{"type":"Invocation","value":{"target":{"type":"Class","value":"androidx.test.espresso.Espresso"},"method":"onView","args":[{"type":"Invocation","value":{"target":{"type":"Class","value":"com.wix.detox.espresso.DetoxMatcher"},"method":"matcherForTestId","args":["home-ready",{"type":"boolean","value":false}]}}]}},{"type":"Invocation","value":{"target":{"type":"Class","value":"com.wix.detox.espresso.DetoxMatcher"},"method":"matcherForSufficientlyVisible","args":[{"type":"Integer","value":75}]}},{"type":"Double","value":3}]})
04-06 10:39:52.871 24563 24625 I DetoxDispatcher: Handling action 'invoke' (ID #22)...
04-06 10:39:52.871 24563 24625 D Detox   : class com.wix.detox.espresso.DetoxMatcher, matcherForTestId, [home-ready, false]
04-06 10:39:52.872 24563 24625 D Detox   : class androidx.test.espresso.Espresso, onView, [(view.getTag() is "home-ready" and view has effective visibility <VISIBLE>)]
04-06 10:39:52.873 24563 24625 D Detox   : class com.wix.detox.espresso.DetoxMatcher, matcherForSufficientlyVisible, [75]
04-06 10:39:52.873 24563 24625 D Detox   : class com.wix.detox.espresso.DetoxAssertion, waitForAssertMatcher, [androidx.test.espresso.ViewInteraction@56f3dad, (view has effective visibility <VISIBLE> and view.getGlobalVisibleRect() covers at least <75> percent of the view's area), 3.0]
04-06 10:39:52.878 24563 24563 I ViewInteraction: Checking 'MatchesViewAssertion(Detox){viewMatcher=(view has effective visibility <VISIBLE> and view.getGlobalVisibleRect() covers at least <75> percent of the view's area)}' assertion on view (view.getTag() is "home-ready" and view has effective visibility <VISIBLE>)
04-06 10:39:52.882 24563 24625 I DetoxWSClient: Sending out action 'invokeResult' (ID #22)
04-06 10:39:52.883 24563 24625 I DetoxDispatcher: Done with action 'invoke'
04-06 10:39:52.888 24563 24629 D DetoxWSClient: Received action 'invoke' (ID #23, params={"target":{"type":"Class","value":"com.wix.detox.espresso.DetoxAssertion"},"method":"waitForAssertMatcher","args":[{"type":"Invocation","value":{"target":{"type":"Class","value":"androidx.test.espresso.Espresso"},"method":"onView","args":[{"type":"Invocation","value":{"target":{"type":"Class","value":"com.wix.detox.espresso.DetoxMatcher"},"method":"matcherForTestId","args":["tab-treino",{"type":"boolean","value":false}]}}]}},{"type":"Invocation","value":{"target":{"type":"Class","value":"com.wix.detox.espresso.DetoxMatcher"},"method":"matcherForSufficientlyVisible","args":[{"type":"Integer","value":75}]}},{"type":"Double","value":0.6}]})
04-06 10:39:52.888 24563 24625 I DetoxDispatcher: Handling action 'invoke' (ID #23)...
04-06 10:39:52.889 24563 24625 D Detox   : class com.wix.detox.espresso.DetoxMatcher, matcherForTestId, [tab-treino, false]
04-06 10:39:52.889 24563 24625 D Detox   : class androidx.test.espresso.Espresso, onView, [(view.getTag() is "tab-treino" and view has effective visibility <VISIBLE>)]
04-06 10:39:52.890 24563 24625 D Detox   : class com.wix.detox.espresso.DetoxMatcher, matcherForSufficientlyVisible, [75]
04-06 10:39:52.890 24563 24625 D Detox   : class com.wix.detox.espresso.DetoxAssertion, waitForAssertMatcher, [androidx.test.espresso.ViewInteraction@b107473, (view has effective visibility <VISIBLE> and view.getGlobalVisibleRect() covers at least <75> percent of the view's area), 0.6]
04-06 10:39:52.929 24563 24625 I DetoxActionHandlers: Test exception
04-06 10:39:52.929 24563 24625 I DetoxActionHandlers: java.lang.reflect.InvocationTargetException
04-06 10:39:52.929 24563 24625 I DetoxActionHandlers: 	at java.lang.reflect.Method.invoke(Native Method)
04-06 10:39:52.929 24563 24625 I DetoxActionHandlers: 	at org.apache.commons.lang3.reflect.MethodUtils.invokeStaticMethod(MethodUtils.java:443)
04-06 10:39:52.929 24563 24625 I DetoxActionHandlers: 	at org.apache.commons.lang3.reflect.MethodUtils.invokeStaticMethod(MethodUtils.java:405)
04-06 10:39:52.929 24563 24625 I DetoxActionHandlers: 	at com.wix.invoke.types.ClassTarget.execute(ClassTarget.java:23)
04-06 10:39:52.929 24563 24625 I DetoxActionHandlers: 	at com.wix.invoke.types.Target.invoke(Target.java:59)
04-06 10:39:52.929 24563 24625 I DetoxActionHandlers: 	at com.wix.invoke.MethodInvocation.invoke(MethodInvocation.java:35)
04-06 10:39:52.929 24563 24625 I DetoxActionHandlers: 	at com.wix.invoke.MethodInvocation.invoke(MethodInvocation.java:26)
04-06 10:39:52.929 24563 24625 I DetoxActionHandlers: 	at com.wix.invoke.MethodInvocation.invoke(MethodInvocation.java:20)
04-06 10:39:52.929 24563 24625 I DetoxActionHandlers: 	at com.wix.detox.adapters.server.InvokeActionHandler.handle(DetoxActionHandlers.kt:54)
04-06 10:39:52.929 24563 24625 I DetoxActionHandlers: 	at com.wix.detox.adapters.server.ActionsExecutor.executeAction$lambda$2$lambda$1(DetoxActionsDispatcher.kt:76)
04-06 10:39:52.929 24563 24625 I DetoxActionHandlers: 	at com.wix.detox.adapters.server.ActionsExecutor.$r8$lambda$GVbB7LHtBHxNHGbgYnHJ6YrwCqs(Unknown Source:0)
04-06 10:39:52.929 24563 24625 I DetoxActionHandlers: 	at com.wix.detox.adapters.server.ActionsExecutor$$ExternalSyntheticLambda0.run(D8$$SyntheticClass:0)
04-06 10:39:52.929 24563 24625 I DetoxActionHandlers: 	at android.os.Handler.handleCallback(Handler.java:942)
04-06 10:39:52.929 24563 24625 I DetoxActionHandlers: 	at android.os.Handler.dispatchMessage(Handler.java:99)
04-06 10:39:52.929 24563 24625 I DetoxActionHandlers: 	at android.os.Looper.loopOnce(Looper.java:226)
04-06 10:39:52.929 24563 24625 I DetoxActionHandlers: 	at android.os.Looper.loop(Looper.java:313)
04-06 10:39:52.929 24563 24625 I DetoxActionHandlers: 	at com.wix.detox.adapters.server.ActionsExecutor._init_$lambda$0(DetoxActionsDispatcher.kt:62)
04-06 10:39:52.929 24563 24625 I DetoxActionHandlers: 	at com.wix.detox.adapters.server.ActionsExecutor.$r8$lambda$xlgL0CQim6vNM0wWEqM8JIDgZUE(Unknown Source:0)
04-06 10:39:52.929 24563 24625 I DetoxActionHandlers: 	at com.wix.detox.adapters.server.ActionsExecutor$$ExternalSyntheticLambda1.run(D8$$SyntheticClass:0)
04-06 10:39:52.929 24563 24625 I DetoxActionHandlers: 	at java.lang.Thread.run(Thread.java:1012)
04-06 10:39:52.929 24563 24625 I DetoxActionHandlers: Caused by: com.wix.detox.espresso.errors.DetoxAmbiguousViewMatcherException: '(view.getTag() is "tab-treino" and view has effective visibility <VISIBLE>)' matches 2 views in the hierarchy:
04-06 10:39:52.929 24563 24625 I DetoxActionHandlers: - [1] ReactViewGroup{id=446, visibility=VISIBLE, width=180, height=161, has-focus=false, has-focusable=true, has-window-focus=true, is-clickable=true, is-enabled=true, is-focused=false, is-focusable=true, is-layout-requested=false, is-selected=false, layout-params=android.view.ViewGroup$LayoutParams@YYYYYY, tag=tab-treino, root-is-layout-requested=false, has-input-connection=false, x=360.0, y=25.0, child-count=3}
04-06 10:39:52.929 24563 24625 I DetoxActionHandlers: - [2] ReactViewGroup{id=268, visibility=VISIBLE, width=906, height=144, has-focus=false, has-focusable=true, has-window-focus=true, is-clickable=true, is-enabled=true, is-focused=false, is-focusable=true, is-layout-requested=false, is-selected=false, layout-params=android.view.ViewGroup$LayoutParams@YYYYYY, tag=tab-treino, root-is-layout-requested=false, has-input-connection=false, x=87.0, y=2119.0, child-count=1}
04-06 10:39:52.929 24563 24625 I DetoxActionHandlers: Problem views are marked with '****MATCHES****' below.
04-06 10:39:52.929 24563 24625 I DetoxActionHandlers: 	at com.wix.detox.espresso.DetoxFailureHandler.handle(DetoxFailureHandler.kt:30)
04-06 10:39:52.929 24563 24625 I DetoxActionHandlers: 	at androidx.test.espresso.ViewInteraction.waitForAndHandleInteractionResults(ViewInteraction.java:385)
04-06 10:39:52.929 24563 24625 I DetoxActionHandlers: 	at androidx.test.espresso.ViewInteraction.check(ViewInteraction.java:366)
04-06 10:39:52.929 24563 24625 I DetoxActionHandlers: 	at com.wix.detox.espresso.DetoxAssertion.waitForAssertMatcher(DetoxAssertion.java:77)
04-06 10:39:52.929 24563 24625 I DetoxActionHandlers: 	... 20 more
04-06 10:39:52.929 24563 24625 I DetoxWSClient: Sending out action 'testFailed' (ID #23)
04-06 10:39:52.931 24563 24625 I DetoxDispatcher: Done with action 'invoke'
04-06 10:39:52.932 24563 24573 D InputTransport: Input channel destroyed: 'ClientS', fd=166
04-06 10:39:52.939 24563 24629 D DetoxWSClient: Received action 'invoke' (ID #24, params={"target":{"type":"Class","value":"com.wix.detox.espresso.EspressoDetox"},"method":"perform","args":[{"type":"Invocation","value":{"target":{"type":"Class","value":"com.wix.detox.espresso.DetoxMatcher"},"method":"matcherForTestId","args":["home-scroll",{"type":"boolean","value":false}]}},{"type":"Invocation","value":{"target":{"type":"Class","value":"com.wix.detox.espresso.DetoxAction"},"method":"swipeInDirection","args":[{"type":"Integer","value":3},{"type":"boolean","value":true},{"type":"Double","value":0.6},{"type":"Double","value":null},{"type":"Double","value":null}]}}]})
04-06 10:39:52.940 24563 24625 I DetoxDispatcher: Handling action 'invoke' (ID #24)...
04-06 10:39:52.940 24563 24625 D Detox   : class com.wix.detox.espresso.DetoxMatcher, matcherForTestId, [home-scroll, false]
04-06 10:39:52.940 24563 24625 D Detox   : class com.wix.detox.espresso.DetoxAction, swipeInDirection, [3, true, 0.6, NaN, NaN]
04-06 10:39:52.941 24563 24625 D Detox   : class com.wix.detox.espresso.EspressoDetox, perform, [(view.getTag() is "home-scroll" and view has effective visibility <VISIBLE>), androidx.test.espresso.action.GeneralSwipeAction@b51f12e]
04-06 10:39:52.944 24563 24563 I ViewInteraction: Performing 'fast swipe' action on view (view.getTag() is "home-scroll" and view has effective visibility <VISIBLE>)
04-06 10:39:52.947 24563 24563 I ViewRootImpl@73623ee[MainActivity]: ViewPostIme pointer 0
04-06 10:39:53.114 24563 24563 I ViewRootImpl@73623ee[MainActivity]: ViewPostIme pointer 1
04-06 10:39:53.574 24563 24625 I DetoxWSClient: Sending out action 'invokeResult' (ID #24)
04-06 10:39:53.574 24563 24625 I DetoxDispatcher: Done with action 'invoke'
04-06 10:39:53.579 24563 24629 D DetoxWSClient: Received action 'invoke' (ID #25, params={"target":{"type":"Class","value":"com.wix.detox.espresso.DetoxAssertion"},"method":"waitForAssertMatcher","args":[{"type":"Invocation","value":{"target":{"type":"Class","value":"androidx.test.espresso.Espresso"},"method":"onView","args":[{"type":"Invocation","value":{"target":{"type":"Class","value":"com.wix.detox.espresso.DetoxMatcher"},"method":"matcherForTestId","args":["tab-treino",{"type":"boolean","value":false}]}}]}},{"type":"Invocation","value":{"target":{"type":"Class","value":"com.wix.detox.espresso.DetoxMatcher"},"method":"matcherForSufficientlyVisible","args":[{"type":"Integer","value":75}]}},{"type":"Double","value":0.6}]})
04-06 10:39:53.579 24563 24625 I DetoxDispatcher: Handling action 'invoke' (ID #25)...
04-06 10:39:53.580 24563 24625 D Detox   : class com.wix.detox.espresso.DetoxMatcher, matcherForTestId, [tab-treino, false]
04-06 10:39:53.580 24563 24625 D Detox   : class androidx.test.espresso.Espresso, onView, [(view.getTag() is "tab-treino" and view has effective visibility <VISIBLE>)]
04-06 10:39:53.581 24563 24625 D Detox   : class com.wix.detox.espresso.DetoxMatcher, matcherForSufficientlyVisible, [75]
04-06 10:39:53.582 24563 24625 D Detox   : class com.wix.detox.espresso.DetoxAssertion, waitForAssertMatcher, [androidx.test.espresso.ViewInteraction@8877565, (view has effective visibility <VISIBLE> and view.getGlobalVisibleRect() covers at least <75> percent of the view's area), 0.6]
04-06 10:39:53.617 24563 24625 I DetoxActionHandlers: Test exception
04-06 10:39:53.617 24563 24625 I DetoxActionHandlers: java.lang.reflect.InvocationTargetException
04-06 10:39:53.617 24563 24625 I DetoxActionHandlers: 	at java.lang.reflect.Method.invoke(Native Method)
04-06 10:39:53.617 24563 24625 I DetoxActionHandlers: 	at org.apache.commons.lang3.reflect.MethodUtils.invokeStaticMethod(MethodUtils.java:443)
04-06 10:39:53.617 24563 24625 I DetoxActionHandlers: 	at org.apache.commons.lang3.reflect.MethodUtils.invokeStaticMethod(MethodUtils.java:405)
04-06 10:39:53.617 24563 24625 I DetoxActionHandlers: 	at com.wix.invoke.types.ClassTarget.execute(ClassTarget.java:23)
04-06 10:39:53.617 24563 24625 I DetoxActionHandlers: 	at com.wix.invoke.types.Target.invoke(Target.java:59)
04-06 10:39:53.617 24563 24625 I DetoxActionHandlers: 	at com.wix.invoke.MethodInvocation.invoke(MethodInvocation.java:35)
04-06 10:39:53.617 24563 24625 I DetoxActionHandlers: 	at com.wix.invoke.MethodInvocation.invoke(MethodInvocation.java:26)
04-06 10:39:53.617 24563 24625 I DetoxActionHandlers: 	at com.wix.invoke.MethodInvocation.invoke(MethodInvocation.java:20)
04-06 10:39:53.617 24563 24625 I DetoxActionHandlers: 	at com.wix.detox.adapters.server.InvokeActionHandler.handle(DetoxActionHandlers.kt:54)
04-06 10:39:53.617 24563 24625 I DetoxActionHandlers: 	at com.wix.detox.adapters.server.ActionsExecutor.executeAction$lambda$2$lambda$1(DetoxActionsDispatcher.kt:76)
04-06 10:39:53.617 24563 24625 I DetoxActionHandlers: 	at com.wix.detox.adapters.server.ActionsExecutor.$r8$lambda$GVbB7LHtBHxNHGbgYnHJ6YrwCqs(Unknown Source:0)
04-06 10:39:53.617 24563 24625 I DetoxActionHandlers: 	at com.wix.detox.adapters.server.ActionsExecutor$$ExternalSyntheticLambda0.run(D8$$SyntheticClass:0)
04-06 10:39:53.617 24563 24625 I DetoxActionHandlers: 	at android.os.Handler.handleCallback(Handler.java:942)
04-06 10:39:53.617 24563 24625 I DetoxActionHandlers: 	at android.os.Handler.dispatchMessage(Handler.java:99)
04-06 10:39:53.617 24563 24625 I DetoxActionHandlers: 	at android.os.Looper.loopOnce(Looper.java:226)
04-06 10:39:53.617 24563 24625 I DetoxActionHandlers: 	at android.os.Looper.loop(Looper.java:313)
04-06 10:39:53.617 24563 24625 I DetoxActionHandlers: 	at com.wix.detox.adapters.server.ActionsExecutor._init_$lambda$0(DetoxActionsDispatcher.kt:62)
04-06 10:39:53.617 24563 24625 I DetoxActionHandlers: 	at com.wix.detox.adapters.server.ActionsExecutor.$r8$lambda$xlgL0CQim6vNM0wWEqM8JIDgZUE(Unknown Source:0)
04-06 10:39:53.617 24563 24625 I DetoxActionHandlers: 	at com.wix.detox.adapters.server.ActionsExecutor$$ExternalSyntheticLambda1.run(D8$$SyntheticClass:0)
04-06 10:39:53.617 24563 24625 I DetoxActionHandlers: 	at java.lang.Thread.run(Thread.java:1012)
04-06 10:39:53.617 24563 24625 I DetoxActionHandlers: Caused by: com.wix.detox.espresso.errors.DetoxAmbiguousViewMatcherException: '(view.getTag() is "tab-treino" and view has effective visibility <VISIBLE>)' matches 2 views in the hierarchy:
04-06 10:39:53.617 24563 24625 I DetoxActionHandlers: - [1] ReactViewGroup{id=446, visibility=VISIBLE, width=180, height=161, has-focus=false, has-focusable=true, has-window-focus=true, is-clickable=true, is-enabled=true, is-focused=false, is-focusable=true, is-layout-requested=false, is-selected=false, layout-params=android.view.ViewGroup$LayoutParams@YYYYYY, tag=tab-treino, root-is-layout-requested=false, has-input-connection=false, x=360.0, y=25.0, child-count=3}
04-06 10:39:53.617 24563 24625 I DetoxActionHandlers: - [2] ReactViewGroup{id=268, visibility=VISIBLE, width=906, height=144, has-focus=false, has-focusable=true, has-window-focus=true, is-clickable=true, is-enabled=true, is-focused=false, is-focusable=true, is-layout-requested=false, is-selected=false, layout-params=android.view.ViewGroup$LayoutParams@YYYYYY, tag=tab-treino, root-is-layout-requested=false, has-input-connection=false, x=87.0, y=2119.0, child-count=1}
04-06 10:39:53.617 24563 24625 I DetoxActionHandlers: Problem views are marked with '****MATCHES****' below.
04-06 10:39:53.617 24563 24625 I DetoxActionHandlers: 	at com.wix.detox.espresso.DetoxFailureHandler.handle(DetoxFailureHandler.kt:30)
04-06 10:39:53.617 24563 24625 I DetoxActionHandlers: 	at androidx.test.espresso.ViewInteraction.waitForAndHandleInteractionResults(ViewInteraction.java:385)
04-06 10:39:53.617 24563 24625 I DetoxActionHandlers: 	at androidx.test.espresso.ViewInteraction.check(ViewInteraction.java:366)
04-06 10:39:53.617 24563 24625 I DetoxActionHandlers: 	at com.wix.detox.espresso.DetoxAssertion.waitForAssertMatcher(DetoxAssertion.java:77)
04-06 10:39:53.617 24563 24625 I DetoxActionHandlers: 	... 20 more
04-06 10:39:53.617 24563 24625 I DetoxWSClient: Sending out action 'testFailed' (ID #25)
04-06 10:39:53.618 24563 24625 I DetoxDispatcher: Done with action 'invoke'
04-06 10:39:53.625 24563 24629 D DetoxWSClient: Received action 'invoke' (ID #26, params={"target":{"type":"Class","value":"com.wix.detox.espresso.EspressoDetox"},"method":"perform","args":[{"type":"Invocation","value":{"target":{"type":"Class","value":"com.wix.detox.espresso.DetoxMatcher"},"method":"matcherForTestId","args":["home-scroll",{"type":"boolean","value":false}]}},{"type":"Invocation","value":{"target":{"type":"Class","value":"com.wix.detox.espresso.DetoxAction"},"method":"swipeInDirection","args":[{"type":"Integer","value":3},{"type":"boolean","value":true},{"type":"Double","value":0.6},{"type":"Double","value":null},{"type":"Double","value":null}]}}]})
04-06 10:39:53.625 24563 24625 I DetoxDispatcher: Handling action 'invoke' (ID #26)...
04-06 10:39:53.626 24563 24625 D Detox   : class com.wix.detox.espresso.DetoxMatcher, matcherForTestId, [home-scroll, false]
04-06 10:39:53.626 24563 24625 D Detox   : class com.wix.detox.espresso.DetoxAction, swipeInDirection, [3, true, 0.6, NaN, NaN]
04-06 10:39:53.626 24563 24625 D Detox   : class com.wix.detox.espresso.EspressoDetox, perform, [(view.getTag() is "home-scroll" and view has effective visibility <VISIBLE>), androidx.test.espresso.action.GeneralSwipeAction@b515448]
04-06 10:39:53.630 24563 24563 I ViewInteraction: Performing 'fast swipe' action on view (view.getTag() is "home-scroll" and view has effective visibility <VISIBLE>)
04-06 10:39:53.633 24563 24563 I ViewRootImpl@73623ee[MainActivity]: ViewPostIme pointer 0
04-06 10:39:53.798 24563 24563 I ViewRootImpl@73623ee[MainActivity]: ViewPostIme pointer 1
04-06 10:39:53.977 24563 24625 I DetoxWSClient: Sending out action 'invokeResult' (ID #26)
04-06 10:39:53.977 24563 24625 I DetoxDispatcher: Done with action 'invoke'
04-06 10:39:53.981 24563 24629 D DetoxWSClient: Received action 'invoke' (ID #27, params={"target":{"type":"Class","value":"com.wix.detox.espresso.DetoxAssertion"},"method":"waitForAssertMatcher","args":[{"type":"Invocation","value":{"target":{"type":"Class","value":"androidx.test.espresso.Espresso"},"method":"onView","args":[{"type":"Invocation","value":{"target":{"type":"Class","value":"com.wix.detox.espresso.DetoxMatcher"},"method":"matcherForTestId","args":["tab-treino",{"type":"boolean","value":false}]}}]}},{"type":"Invocation","value":{"target":{"type":"Class","value":"com.wix.detox.espresso.DetoxMatcher"},"method":"matcherForSufficientlyVisible","args":[{"type":"Integer","value":75}]}},{"type":"Double","value":0.6}]})
04-06 10:39:53.981 24563 24625 I DetoxDispatcher: Handling action 'invoke' (ID #27)...
04-06 10:39:53.982 24563 24625 D Detox   : class com.wix.detox.espresso.DetoxMatcher, matcherForTestId, [tab-treino, false]
04-06 10:39:53.982 24563 24625 D Detox   : class androidx.test.espresso.Espresso, onView, [(view.getTag() is "tab-treino" and view has effective visibility <VISIBLE>)]
04-06 10:39:53.983 24563 24625 D Detox   : class com.wix.detox.espresso.DetoxMatcher, matcherForSufficientlyVisible, [75]
04-06 10:39:53.984 24563 24625 D Detox   : class com.wix.detox.espresso.DetoxAssertion, waitForAssertMatcher, [androidx.test.espresso.ViewInteraction@a7af806, (view has effective visibility <VISIBLE> and view.getGlobalVisibleRect() covers at least <75> percent of the view's area), 0.6]
04-06 10:39:54.021 24563 24625 I DetoxActionHandlers: Test exception
04-06 10:39:54.021 24563 24625 I DetoxActionHandlers: java.lang.reflect.InvocationTargetException
04-06 10:39:54.021 24563 24625 I DetoxActionHandlers: 	at java.lang.reflect.Method.invoke(Native Method)
04-06 10:39:54.021 24563 24625 I DetoxActionHandlers: 	at org.apache.commons.lang3.reflect.MethodUtils.invokeStaticMethod(MethodUtils.java:443)
04-06 10:39:54.021 24563 24625 I DetoxActionHandlers: 	at org.apache.commons.lang3.reflect.MethodUtils.invokeStaticMethod(MethodUtils.java:405)
04-06 10:39:54.021 24563 24625 I DetoxActionHandlers: 	at com.wix.invoke.types.ClassTarget.execute(ClassTarget.java:23)
04-06 10:39:54.021 24563 24625 I DetoxActionHandlers: 	at com.wix.invoke.types.Target.invoke(Target.java:59)
04-06 10:39:54.021 24563 24625 I DetoxActionHandlers: 	at com.wix.invoke.MethodInvocation.invoke(MethodInvocation.java:35)
04-06 10:39:54.021 24563 24625 I DetoxActionHandlers: 	at com.wix.invoke.MethodInvocation.invoke(MethodInvocation.java:26)
04-06 10:39:54.021 24563 24625 I DetoxActionHandlers: 	at com.wix.invoke.MethodInvocation.invoke(MethodInvocation.java:20)
04-06 10:39:54.021 24563 24625 I DetoxActionHandlers: 	at com.wix.detox.adapters.server.InvokeActionHandler.handle(DetoxActionHandlers.kt:54)
04-06 10:39:54.021 24563 24625 I DetoxActionHandlers: 	at com.wix.detox.adapters.server.ActionsExecutor.executeAction$lambda$2$lambda$1(DetoxActionsDispatcher.kt:76)
04-06 10:39:54.021 24563 24625 I DetoxActionHandlers: 	at com.wix.detox.adapters.server.ActionsExecutor.$r8$lambda$GVbB7LHtBHxNHGbgYnHJ6YrwCqs(Unknown Source:0)
04-06 10:39:54.021 24563 24625 I DetoxActionHandlers: 	at com.wix.detox.adapters.server.ActionsExecutor$$ExternalSyntheticLambda0.run(D8$$SyntheticClass:0)
04-06 10:39:54.021 24563 24625 I DetoxActionHandlers: 	at android.os.Handler.handleCallback(Handler.java:942)
04-06 10:39:54.021 24563 24625 I DetoxActionHandlers: 	at android.os.Handler.dispatchMessage(Handler.java:99)
04-06 10:39:54.021 24563 24625 I DetoxActionHandlers: 	at android.os.Looper.loopOnce(Looper.java:226)
04-06 10:39:54.021 24563 24625 I DetoxActionHandlers: 	at android.os.Looper.loop(Looper.java:313)
04-06 10:39:54.021 24563 24625 I DetoxActionHandlers: 	at com.wix.detox.adapters.server.ActionsExecutor._init_$lambda$0(DetoxActionsDispatcher.kt:62)
04-06 10:39:54.021 24563 24625 I DetoxActionHandlers: 	at com.wix.detox.adapters.server.ActionsExecutor.$r8$lambda$xlgL0CQim6vNM0wWEqM8JIDgZUE(Unknown Source:0)
04-06 10:39:54.021 24563 24625 I DetoxActionHandlers: 	at com.wix.detox.adapters.server.ActionsExecutor$$ExternalSyntheticLambda1.run(D8$$SyntheticClass:0)
04-06 10:39:54.021 24563 24625 I DetoxActionHandlers: 	at java.lang.Thread.run(Thread.java:1012)
04-06 10:39:54.021 24563 24625 I DetoxActionHandlers: Caused by: com.wix.detox.espresso.errors.DetoxAmbiguousViewMatcherException: '(view.getTag() is "tab-treino" and view has effective visibility <VISIBLE>)' matches 2 views in the hierarchy:
04-06 10:39:54.021 24563 24625 I DetoxActionHandlers: - [1] ReactViewGroup{id=446, visibility=VISIBLE, width=180, height=161, has-focus=false, has-focusable=true, has-window-focus=true, is-clickable=true, is-enabled=true, is-focused=false, is-focusable=true, is-layout-requested=false, is-selected=false, layout-params=android.view.ViewGroup$LayoutParams@YYYYYY, tag=tab-treino, root-is-layout-requested=false, has-input-connection=false, x=360.0, y=25.0, child-count=3}
04-06 10:39:54.021 24563 24625 I DetoxActionHandlers: - [2] ReactViewGroup{id=268, visibility=VISIBLE, width=906, height=144, has-focus=false, has-focusable=true, has-window-focus=true, is-clickable=true, is-enabled=true, is-focused=false, is-focusable=true, is-layout-requested=false, is-selected=false, layout-params=android.view.ViewGroup$LayoutParams@YYYYYY, tag=tab-treino, root-is-layout-requested=false, has-input-connection=false, x=87.0, y=2119.0, child-count=1}
04-06 10:39:54.021 24563 24625 I DetoxActionHandlers: Problem views are marked with '****MATCHES****' below.
04-06 10:39:54.021 24563 24625 I DetoxActionHandlers: 	at com.wix.detox.espresso.DetoxFailureHandler.handle(DetoxFailureHandler.kt:30)
04-06 10:39:54.021 24563 24625 I DetoxActionHandlers: 	at androidx.test.espresso.ViewInteraction.waitForAndHandleInteractionResults(ViewInteraction.java:385)
04-06 10:39:54.021 24563 24625 I DetoxActionHandlers: 	at androidx.test.espresso.ViewInteraction.check(ViewInteraction.java:366)
04-06 10:39:54.021 24563 24625 I DetoxActionHandlers: 	at com.wix.detox.espresso.DetoxAssertion.waitForAssertMatcher(DetoxAssertion.java:77)
04-06 10:39:54.021 24563 24625 I DetoxActionHandlers: 	... 20 more
04-06 10:39:54.022 24563 24625 I DetoxWSClient: Sending out action 'testFailed' (ID #27)
04-06 10:39:54.027 24563 24625 I DetoxDispatcher: Done with action 'invoke'
04-06 10:39:54.035 24563 24629 D DetoxWSClient: Received action 'invoke' (ID #28, params={"target":{"type":"Class","value":"com.wix.detox.espresso.EspressoDetox"},"method":"perform","args":[{"type":"Invocation","value":{"target":{"type":"Class","value":"com.wix.detox.espresso.DetoxMatcher"},"method":"matcherForTestId","args":["home-scroll",{"type":"boolean","value":false}]}},{"type":"Invocation","value":{"target":{"type":"Class","value":"com.wix.detox.espresso.DetoxAction"},"method":"swipeInDirection","args":[{"type":"Integer","value":3},{"type":"boolean","value":true},{"type":"Double","value":0.6},{"type":"Double","value":null},{"type":"Double","value":null}]}}]})
04-06 10:39:54.035 24563 24625 I DetoxDispatcher: Handling action 'invoke' (ID #28)...
04-06 10:39:54.036 24563 24625 D Detox   : class com.wix.detox.espresso.DetoxMatcher, matcherForTestId, [home-scroll, false]
04-06 10:39:54.036 24563 24625 D Detox   : class com.wix.detox.espresso.DetoxAction, swipeInDirection, [3, true, 0.6, NaN, NaN]
04-06 10:39:54.037 24563 24625 D Detox   : class com.wix.detox.espresso.EspressoDetox, perform, [(view.getTag() is "home-scroll" and view has effective visibility <VISIBLE>), androidx.test.espresso.action.GeneralSwipeAction@907ec1d]
04-06 10:39:54.040 24563 24563 I ViewInteraction: Performing 'fast swipe' action on view (view.getTag() is "home-scroll" and view has effective visibility <VISIBLE>)
04-06 10:39:54.043 24563 24563 I ViewRootImpl@73623ee[MainActivity]: ViewPostIme pointer 0
04-06 10:39:54.209 24563 24563 I ViewRootImpl@73623ee[MainActivity]: ViewPostIme pointer 1
04-06 10:39:54.393 24563 24625 I DetoxWSClient: Sending out action 'invokeResult' (ID #28)
04-06 10:39:54.394 24563 24625 I DetoxDispatcher: Done with action 'invoke'
04-06 10:39:54.399 24563 24629 D DetoxWSClient: Received action 'invoke' (ID #29, params={"target":{"type":"Class","value":"com.wix.detox.espresso.DetoxAssertion"},"method":"waitForAssertMatcher","args":[{"type":"Invocation","value":{"target":{"type":"Class","value":"androidx.test.espresso.Espresso"},"method":"onView","args":[{"type":"Invocation","value":{"target":{"type":"Class","value":"com.wix.detox.espresso.DetoxMatcher"},"method":"matcherForTestId","args":["tab-treino",{"type":"boolean","value":false}]}}]}},{"type":"Invocation","value":{"target":{"type":"Class","value":"com.wix.detox.espresso.DetoxMatcher"},"method":"matcherForSufficientlyVisible","args":[{"type":"Integer","value":75}]}},{"type":"Double","value":0.6}]})
04-06 10:39:54.399 24563 24625 I DetoxDispatcher: Handling action 'invoke' (ID #29)...
04-06 10:39:54.400 24563 24625 D Detox   : class com.wix.detox.espresso.DetoxMatcher, matcherForTestId, [tab-treino, false]
04-06 10:39:54.400 24563 24625 D Detox   : class androidx.test.espresso.Espresso, onView, [(view.getTag() is "tab-treino" and view has effective visibility <VISIBLE>)]
04-06 10:39:54.401 24563 24625 D Detox   : class com.wix.detox.espresso.DetoxMatcher, matcherForSufficientlyVisible, [75]
04-06 10:39:54.401 24563 24625 D Detox   : class com.wix.detox.espresso.DetoxAssertion, waitForAssertMatcher, [androidx.test.espresso.ViewInteraction@7f6063, (view has effective visibility <VISIBLE> and view.getGlobalVisibleRect() covers at least <75> percent of the view's area), 0.6]
