04-06 12:17:00.320  9637  9679 D DetoxWSClient: Received action 'invoke' (ID #48, params={"target":{"type":"Class","value":"com.wix.detox.espresso.DetoxAssertion"},"method":"waitForAssertMatcher","args":[{"type":"Invocation","value":{"target":{"type":"Class","value":"androidx.test.espresso.Espresso"},"method":"onView","args":[{"type":"Invocation","value":{"target":{"type":"Class","value":"com.wix.detox.espresso.DetoxMatcher"},"method":"matcherForTestId","args":["app-root",{"type":"boolean","value":false}]}}]}},{"type":"Invocation","value":{"target":{"type":"Class","value":"com.wix.detox.espresso.DetoxMatcher"},"method":"matcherForSufficientlyVisible","args":[{"type":"Integer","value":75}]}},{"type":"Double","value":5}]})
04-06 12:17:00.320  9637  9675 I DetoxDispatcher: Handling action 'invoke' (ID #48)...
04-06 12:17:00.321  9637  9675 D Detox   : class com.wix.detox.espresso.DetoxMatcher, matcherForTestId, [app-root, false]
04-06 12:17:00.321  9637  9675 D Detox   : class androidx.test.espresso.Espresso, onView, [(view.getTag() is "app-root" and view has effective visibility <VISIBLE>)]
04-06 12:17:00.323  9637  9675 D Detox   : class com.wix.detox.espresso.DetoxMatcher, matcherForSufficientlyVisible, [75]
04-06 12:17:00.323  9637  9675 D Detox   : class com.wix.detox.espresso.DetoxAssertion, waitForAssertMatcher, [androidx.test.espresso.ViewInteraction@6363e98, (view has effective visibility <VISIBLE> and view.getGlobalVisibleRect() covers at least <75> percent of the view's area), 5.0]
04-06 12:17:00.327  9637  9637 I ViewInteraction: Checking 'MatchesViewAssertion(Detox){viewMatcher=(view has effective visibility <VISIBLE> and view.getGlobalVisibleRect() covers at least <75> percent of the view's area)}' assertion on view (view.getTag() is "app-root" and view has effective visibility <VISIBLE>)
04-06 12:17:00.330  9637  9675 I DetoxWSClient: Sending out action 'invokeResult' (ID #48)
04-06 12:17:00.330  9637  9675 I DetoxDispatcher: Done with action 'invoke'
04-06 12:17:00.333  9637  9679 D DetoxWSClient: Received action 'invoke' (ID #49, params={"target":{"type":"Class","value":"com.wix.detox.espresso.DetoxAssertion"},"method":"assertMatcher","args":[{"type":"Invocation","value":{"target":{"type":"Class","value":"androidx.test.espresso.Espresso"},"method":"onView","args":[{"type":"Invocation","value":{"target":{"type":"Class","value":"com.wix.detox.espresso.DetoxMatcher"},"method":"matcherForTestId","args":["app-root",{"type":"boolean","value":false}]}}]}},{"type":"Invocation","value":{"target":{"type":"Class","value":"com.wix.detox.espresso.DetoxMatcher"},"method":"matcherForSufficientlyVisible","args":[{"type":"Integer","value":75}]}}]})
04-06 12:17:00.334  9637  9675 I DetoxDispatcher: Handling action 'invoke' (ID #49)...
04-06 12:17:00.334  9637  9675 D Detox   : class com.wix.detox.espresso.DetoxMatcher, matcherForTestId, [app-root, false]
04-06 12:17:00.335  9637  9675 D Detox   : class androidx.test.espresso.Espresso, onView, [(view.getTag() is "app-root" and view has effective visibility <VISIBLE>)]
04-06 12:17:00.336  9637  9675 D Detox   : class com.wix.detox.espresso.DetoxMatcher, matcherForSufficientlyVisible, [75]
04-06 12:17:00.336  9637  9675 D Detox   : class com.wix.detox.espresso.DetoxAssertion, assertMatcher, [androidx.test.espresso.ViewInteraction@dbb26f1, (view has effective visibility <VISIBLE> and view.getGlobalVisibleRect() covers at least <75> percent of the view's area)]
04-06 12:17:00.339  9637  9637 I ViewInteraction: Checking 'MatchesViewAssertion(Detox){viewMatcher=(view has effective visibility <VISIBLE> and view.getGlobalVisibleRect() covers at least <75> percent of the view's area)}' assertion on view (view.getTag() is "app-root" and view has effective visibility <VISIBLE>)
04-06 12:17:00.342  9637  9675 I DetoxWSClient: Sending out action 'invokeResult' (ID #49)
04-06 12:17:00.342  9637  9675 I DetoxDispatcher: Done with action 'invoke'
04-06 12:17:00.345  9637  9679 D DetoxWSClient: Received action 'invoke' (ID #50, params={"target":{"type":"Class","value":"com.wix.detox.espresso.DetoxAssertion"},"method":"waitForAssertMatcher","args":[{"type":"Invocation","value":{"target":{"type":"Class","value":"androidx.test.espresso.Espresso"},"method":"onView","args":[{"type":"Invocation","value":{"target":{"type":"Class","value":"com.wix.detox.espresso.DetoxMatcher"},"method":"matcherForTestId","args":["btn-iniciar-treino",{"type":"boolean","value":false}]}}]}},{"type":"Invocation","value":{"target":{"type":"Class","value":"com.wix.detox.espresso.DetoxMatcher"},"method":"matcherForSufficientlyVisible","args":[{"type":"Integer","value":75}]}},{"type":"Double","value":5}]})
04-06 12:17:00.345  9637  9675 I DetoxDispatcher: Handling action 'invoke' (ID #50)...
04-06 12:17:00.346  9637  9675 D Detox   : class com.wix.detox.espresso.DetoxMatcher, matcherForTestId, [btn-iniciar-treino, false]
04-06 12:17:00.346  9637  9675 D Detox   : class androidx.test.espresso.Espresso, onView, [(view.getTag() is "btn-iniciar-treino" and view has effective visibility <VISIBLE>)]
04-06 12:17:00.347  9637  9675 D Detox   : class com.wix.detox.espresso.DetoxMatcher, matcherForSufficientlyVisible, [75]
04-06 12:17:00.347  9637  9675 D Detox   : class com.wix.detox.espresso.DetoxAssertion, waitForAssertMatcher, [androidx.test.espresso.ViewInteraction@df332d6, (view has effective visibility <VISIBLE> and view.getGlobalVisibleRect() covers at least <75> percent of the view's area), 5.0]
04-06 12:17:00.351  9637  9637 I ViewInteraction: Checking 'MatchesViewAssertion(Detox){viewMatcher=(view has effective visibility <VISIBLE> and view.getGlobalVisibleRect() covers at least <75> percent of the view's area)}' assertion on view (view.getTag() is "btn-iniciar-treino" and view has effective visibility <VISIBLE>)
04-06 12:17:00.353  9637  9675 I DetoxWSClient: Sending out action 'invokeResult' (ID #50)
04-06 12:17:00.353  9637  9675 I DetoxDispatcher: Done with action 'invoke'
04-06 12:17:00.356  9637  9679 D DetoxWSClient: Received action 'invoke' (ID #51, params={"target":{"type":"Class","value":"com.wix.detox.espresso.EspressoDetox"},"method":"perform","args":[{"type":"Invocation","value":{"target":{"type":"Class","value":"com.wix.detox.espresso.DetoxMatcher"},"method":"matcherForTestId","args":["btn-iniciar-treino",{"type":"boolean","value":false}]}},{"type":"Invocation","value":{"target":{"type":"Class","value":"com.wix.detox.espresso.DetoxViewActions"},"method":"click","args":[]}}]})
04-06 12:17:00.356  9637  9675 I DetoxDispatcher: Handling action 'invoke' (ID #51)...
04-06 12:17:00.357  9637  9675 D Detox   : class com.wix.detox.espresso.DetoxMatcher, matcherForTestId, [btn-iniciar-treino, false]
04-06 12:17:00.357  9637  9675 D Detox   : class com.wix.detox.espresso.DetoxViewActions, click, []
04-06 12:17:00.357  9637  9675 D Detox   : class com.wix.detox.espresso.EspressoDetox, perform, [(view.getTag() is "btn-iniciar-treino" and view has effective visibility <VISIBLE>), com.wix.detox.espresso.action.RNClickAction@9cac44]
04-06 12:17:00.363  9637  9637 I ViewInteraction: Performing 'com.wix.detox.espresso.action.detoxsingletap@fca412d click' action on view (view.getTag() is "btn-iniciar-treino" and view has effective visibility <VISIBLE>)
04-06 12:17:00.368  9637  9637 I ViewRootImpl@73623ee[MainActivity]: ViewPostIme pointer 0
04-06 12:17:00.402  9637  9637 I ViewRootImpl@73623ee[MainActivity]: ViewPostIme pointer 1
04-06 12:17:00.535  9637  9637 W [RNScreens]: backTitleFontFamily prop is not available on Android
04-06 12:17:00.535  9637  9637 W [RNScreens]: disableBackButtonMenu prop is not available on Android
04-06 12:17:00.535  9637  9637 W [RNScreens]: backTitleVisible prop is not available on Android
04-06 12:17:00.535  9637  9637 W [RNScreens]: topInsetEnabled prop is not available on Android
04-06 12:17:00.535  9637  9637 W [RNScreens]: largeTitleHideShadow prop is not available on Android
04-06 12:17:00.535  9637  9637 W [RNScreens]: largeTitleFontWeight prop is not available on Android
04-06 12:17:00.535  9637  9637 W [RNScreens]: userInterfaceStyle prop is not available on Android
04-06 12:17:00.535  9637  9637 W [RNScreens]: largeTitleFontFamily prop is not available on Android
04-06 12:17:00.553  9637  9735 I ReactNativeJS: 'match:', 'local-cache'
04-06 12:17:00.553  9637  9735 I ReactNativeJS: 'recommendation:', 'push', '| confidence:', 'alta'
04-06 12:17:00.593  9637  9735 I ReactNativeJS: 'match:', 'local-cache'
04-06 12:17:00.594  9637  9735 I ReactNativeJS: 'recommendation:', 'push', '| confidence:', 'alta'
04-06 12:17:00.692  9637  9637 W UiControllerImpl: Waiting for: DYNAMIC_TASKS_HAVE_IDLED for 100 iterations.
04-06 12:17:01.827  9637  9637 W om.evolucao.app: Accessing hidden field Landroid/widget/HorizontalScrollView;->mScroller:Landroid/widget/OverScroller; (unsupported, reflection, allowed)
04-06 12:17:01.848  9637  9637 D ScrollView: initGoToTop
04-06 12:17:02.274  9637 10017 D expo-notifications: Notification request "27ee42ed-f180-4fcd-b4f5-21141fb51e06" will not trigger in the future, removing.
04-06 12:17:03.006  9637  9675 I DetoxWSClient: Sending out action 'invokeResult' (ID #51)
04-06 12:17:03.006  9637  9675 I DetoxDispatcher: Done with action 'invoke'
04-06 12:17:03.322  9637  9679 D DetoxWSClient: Received action 'invoke' (ID #52, params={"target":{"type":"Class","value":"com.wix.detox.espresso.DetoxAssertion"},"method":"waitForAssertMatcher","args":[{"type":"Invocation","value":{"target":{"type":"Class","value":"androidx.test.espresso.Espresso"},"method":"onView","args":[{"type":"Invocation","value":{"target":{"type":"Class","value":"com.wix.detox.espresso.DetoxMatcher"},"method":"matcherForTestId","args":["screen-workout",{"type":"boolean","value":false}]}}]}},{"type":"Invocation","value":{"target":{"type":"Class","value":"com.wix.detox.espresso.DetoxMatcher"},"method":"matcherForSufficientlyVisible","args":[{"type":"Integer","value":75}]}},{"type":"Double","value":5}]})
04-06 12:17:03.323  9637  9675 I DetoxDispatcher: Handling action 'invoke' (ID #52)...
04-06 12:17:03.324  9637  9675 D Detox   : class com.wix.detox.espresso.DetoxMatcher, matcherForTestId, [screen-workout, false]
04-06 12:17:03.325  9637  9675 D Detox   : class androidx.test.espresso.Espresso, onView, [(view.getTag() is "screen-workout" and view has effective visibility <VISIBLE>)]
04-06 12:17:03.326  9637  9675 D Detox   : class com.wix.detox.espresso.DetoxMatcher, matcherForSufficientlyVisible, [75]
04-06 12:17:03.327  9637  9675 D Detox   : class com.wix.detox.espresso.DetoxAssertion, waitForAssertMatcher, [androidx.test.espresso.ViewInteraction@247c0f6, (view has effective visibility <VISIBLE> and view.getGlobalVisibleRect() covers at least <75> percent of the view's area), 5.0]
04-06 12:17:03.338  9637  9637 I ViewInteraction: Checking 'MatchesViewAssertion(Detox){viewMatcher=(view has effective visibility <VISIBLE> and view.getGlobalVisibleRect() covers at least <75> percent of the view's area)}' assertion on view (view.getTag() is "screen-workout" and view has effective visibility <VISIBLE>)
04-06 12:17:03.345  9637  9675 I DetoxWSClient: Sending out action 'invokeResult' (ID #52)
04-06 12:17:03.345  9637  9675 I DetoxDispatcher: Done with action 'invoke'
04-06 12:17:04.044  9637  9679 D DetoxWSClient: Received action 'invoke' (ID #53, params={"target":{"type":"Class","value":"com.wix.detox.espresso.DetoxAssertion"},"method":"waitForAssertMatcher","args":[{"type":"Invocation","value":{"target":{"type":"Class","value":"androidx.test.espresso.Espresso"},"method":"onView","args":[{"type":"Invocation","value":{"target":{"type":"Class","value":"com.wix.detox.espresso.DetoxMatcher"},"method":"matcherForTestId","args":["app-root",{"type":"boolean","value":false}]}}]}},{"type":"Invocation","value":{"target":{"type":"Class","value":"com.wix.detox.espresso.DetoxMatcher"},"method":"matcherForSufficientlyVisible","args":[{"type":"Integer","value":75}]}},{"type":"Double","value":5}]})
04-06 12:17:04.044  9637  9675 I DetoxDispatcher: Handling action 'invoke' (ID #53)...
04-06 12:17:04.045  9637  9675 D Detox   : class com.wix.detox.espresso.DetoxMatcher, matcherForTestId, [app-root, false]
04-06 12:17:04.045  9637  9675 D Detox   : class androidx.test.espresso.Espresso, onView, [(view.getTag() is "app-root" and view has effective visibility <VISIBLE>)]
04-06 12:17:04.046  9637  9675 D Detox   : class com.wix.detox.espresso.DetoxMatcher, matcherForSufficientlyVisible, [75]
04-06 12:17:04.047  9637  9675 D Detox   : class com.wix.detox.espresso.DetoxAssertion, waitForAssertMatcher, [androidx.test.espresso.ViewInteraction@3bec193, (view has effective visibility <VISIBLE> and view.getGlobalVisibleRect() covers at least <75> percent of the view's area), 5.0]
04-06 12:17:04.053  9637  9637 I ViewInteraction: Checking 'MatchesViewAssertion(Detox){viewMatcher=(view has effective visibility <VISIBLE> and view.getGlobalVisibleRect() covers at least <75> percent of the view's area)}' assertion on view (view.getTag() is "app-root" and view has effective visibility <VISIBLE>)
04-06 12:17:04.056  9637  9675 I DetoxWSClient: Sending out action 'invokeResult' (ID #53)
04-06 12:17:04.057  9637  9675 I DetoxDispatcher: Done with action 'invoke'
04-06 12:17:04.061  9637  9679 D DetoxWSClient: Received action 'invoke' (ID #54, params={"target":{"type":"Class","value":"com.wix.detox.espresso.DetoxAssertion"},"method":"assertMatcher","args":[{"type":"Invocation","value":{"target":{"type":"Class","value":"androidx.test.espresso.Espresso"},"method":"onView","args":[{"type":"Invocation","value":{"target":{"type":"Class","value":"com.wix.detox.espresso.DetoxMatcher"},"method":"matcherForTestId","args":["app-root",{"type":"boolean","value":false}]}}]}},{"type":"Invocation","value":{"target":{"type":"Class","value":"com.wix.detox.espresso.DetoxMatcher"},"method":"matcherForSufficientlyVisible","args":[{"type":"Integer","value":75}]}}]})
04-06 12:17:04.062  9637  9675 I DetoxDispatcher: Handling action 'invoke' (ID #54)...
04-06 12:17:04.062  9637  9675 D Detox   : class com.wix.detox.espresso.DetoxMatcher, matcherForTestId, [app-root, false]
04-06 12:17:04.063  9637  9675 D Detox   : class androidx.test.espresso.Espresso, onView, [(view.getTag() is "app-root" and view has effective visibility <VISIBLE>)]
04-06 12:17:04.064  9637  9675 D Detox   : class com.wix.detox.espresso.DetoxMatcher, matcherForSufficientlyVisible, [75]
04-06 12:17:04.064  9637  9675 D Detox   : class com.wix.detox.espresso.DetoxAssertion, assertMatcher, [androidx.test.espresso.ViewInteraction@1e565d0, (view has effective visibility <VISIBLE> and view.getGlobalVisibleRect() covers at least <75> percent of the view's area)]
04-06 12:17:04.069  9637  9637 I ViewInteraction: Checking 'MatchesViewAssertion(Detox){viewMatcher=(view has effective visibility <VISIBLE> and view.getGlobalVisibleRect() covers at least <75> percent of the view's area)}' assertion on view (view.getTag() is "app-root" and view has effective visibility <VISIBLE>)
04-06 12:17:04.073  9637  9675 I DetoxWSClient: Sending out action 'invokeResult' (ID #54)
04-06 12:17:04.073  9637  9675 I DetoxDispatcher: Done with action 'invoke'
04-06 12:17:04.077  9637  9679 D DetoxWSClient: Received action 'invoke' (ID #55, params={"target":{"type":"Class","value":"com.wix.detox.espresso.DetoxAssertion"},"method":"waitForAssertMatcher","args":[{"type":"Invocation","value":{"target":{"type":"Class","value":"androidx.test.espresso.Espresso"},"method":"onView","args":[{"type":"Invocation","value":{"target":{"type":"Class","value":"com.wix.detox.espresso.DetoxMatcher"},"method":"matcherForTestId","args":["input-peso",{"type":"boolean","value":false}]}}]}},{"type":"Invocation","value":{"target":{"type":"Class","value":"com.wix.detox.espresso.DetoxMatcher"},"method":"matcherForSufficientlyVisible","args":[{"type":"Integer","value":75}]}},{"type":"Double","value":5}]})
04-06 12:17:04.077  9637  9675 I DetoxDispatcher: Handling action 'invoke' (ID #55)...
04-06 12:17:04.078  9637  9675 D Detox   : class com.wix.detox.espresso.DetoxMatcher, matcherForTestId, [input-peso, false]
04-06 12:17:04.078  9637  9675 D Detox   : class androidx.test.espresso.Espresso, onView, [(view.getTag() is "input-peso" and view has effective visibility <VISIBLE>)]
04-06 12:17:04.079  9637  9675 D Detox   : class com.wix.detox.espresso.DetoxMatcher, matcherForSufficientlyVisible, [75]
04-06 12:17:04.080  9637  9675 D Detox   : class com.wix.detox.espresso.DetoxAssertion, waitForAssertMatcher, [androidx.test.espresso.ViewInteraction@291e9c9, (view has effective visibility <VISIBLE> and view.getGlobalVisibleRect() covers at least <75> percent of the view's area), 5.0]
04-06 12:17:04.085  9637  9637 I ViewInteraction: Checking 'MatchesViewAssertion(Detox){viewMatcher=(view has effective visibility <VISIBLE> and view.getGlobalVisibleRect() covers at least <75> percent of the view's area)}' assertion on view (view.getTag() is "input-peso" and view has effective visibility <VISIBLE>)
04-06 12:17:04.106  9637  9675 I DetoxWSClient: Sending out action 'invokeResult' (ID #55)
04-06 12:17:04.106  9637  9675 I DetoxDispatcher: Done with action 'invoke'
04-06 12:17:04.110  9637  9679 D DetoxWSClient: Received action 'invoke' (ID #56, params={"target":{"type":"Class","value":"com.wix.detox.espresso.DetoxAssertion"},"method":"waitForAssertMatcher","args":[{"type":"Invocation","value":{"target":{"type":"Class","value":"androidx.test.espresso.Espresso"},"method":"onView","args":[{"type":"Invocation","value":{"target":{"type":"Class","value":"com.wix.detox.espresso.DetoxMatcher"},"method":"matcherForTestId","args":["input-reps",{"type":"boolean","value":false}]}}]}},{"type":"Invocation","value":{"target":{"type":"Class","value":"com.wix.detox.espresso.DetoxMatcher"},"method":"matcherForSufficientlyVisible","args":[{"type":"Integer","value":75}]}},{"type":"Double","value":5}]})
04-06 12:17:04.110  9637  9675 I DetoxDispatcher: Handling action 'invoke' (ID #56)...
04-06 12:17:04.111  9637  9675 D Detox   : class com.wix.detox.espresso.DetoxMatcher, matcherForTestId, [input-reps, false]
04-06 12:17:04.111  9637  9675 D Detox   : class androidx.test.espresso.Espresso, onView, [(view.getTag() is "input-reps" and view has effective visibility <VISIBLE>)]
04-06 12:17:04.112  9637  9675 D Detox   : class com.wix.detox.espresso.DetoxMatcher, matcherForSufficientlyVisible, [75]
04-06 12:17:04.112  9637  9675 D Detox   : class com.wix.detox.espresso.DetoxAssertion, waitForAssertMatcher, [androidx.test.espresso.ViewInteraction@dfdaeda, (view has effective visibility <VISIBLE> and view.getGlobalVisibleRect() covers at least <75> percent of the view's area), 5.0]
04-06 12:17:04.115  9637  9637 I ViewInteraction: Checking 'MatchesViewAssertion(Detox){viewMatcher=(view has effective visibility <VISIBLE> and view.getGlobalVisibleRect() covers at least <75> percent of the view's area)}' assertion on view (view.getTag() is "input-reps" and view has effective visibility <VISIBLE>)
04-06 12:17:04.126  9637  9675 I DetoxWSClient: Sending out action 'invokeResult' (ID #56)
04-06 12:17:04.126  9637  9675 I DetoxDispatcher: Done with action 'invoke'
04-06 12:17:04.130  9637  9679 D DetoxWSClient: Received action 'invoke' (ID #57, params={"target":{"type":"Class","value":"com.wix.detox.espresso.DetoxAssertion"},"method":"waitForAssertMatcher","args":[{"type":"Invocation","value":{"target":{"type":"Class","value":"androidx.test.espresso.Espresso"},"method":"onView","args":[{"type":"Invocation","value":{"target":{"type":"Class","value":"com.wix.detox.espresso.DetoxMatcher"},"method":"matcherForTestId","args":["input-peso",{"type":"boolean","value":false}]}}]}},{"type":"Invocation","value":{"target":{"type":"Class","value":"com.wix.detox.espresso.DetoxMatcher"},"method":"matcherForSufficientlyVisible","args":[{"type":"Integer","value":75}]}},{"type":"Double","value":5}]})
04-06 12:17:04.131  9637  9675 I DetoxDispatcher: Handling action 'invoke' (ID #57)...
04-06 12:17:04.131  9637  9675 D Detox   : class com.wix.detox.espresso.DetoxMatcher, matcherForTestId, [input-peso, false]
04-06 12:17:04.131  9637  9675 D Detox   : class androidx.test.espresso.Espresso, onView, [(view.getTag() is "input-peso" and view has effective visibility <VISIBLE>)]
04-06 12:17:04.132  9637  9675 D Detox   : class com.wix.detox.espresso.DetoxMatcher, matcherForSufficientlyVisible, [75]
04-06 12:17:04.132  9637  9675 D Detox   : class com.wix.detox.espresso.DetoxAssertion, waitForAssertMatcher, [androidx.test.espresso.ViewInteraction@60bf1e8, (view has effective visibility <VISIBLE> and view.getGlobalVisibleRect() covers at least <75> percent of the view's area), 5.0]
04-06 12:17:04.134  9637  9637 I ViewInteraction: Checking 'MatchesViewAssertion(Detox){viewMatcher=(view has effective visibility <VISIBLE> and view.getGlobalVisibleRect() covers at least <75> percent of the view's area)}' assertion on view (view.getTag() is "input-peso" and view has effective visibility <VISIBLE>)
04-06 12:17:04.146  9637  9675 I DetoxWSClient: Sending out action 'invokeResult' (ID #57)
04-06 12:17:04.146  9637  9675 I DetoxDispatcher: Done with action 'invoke'
04-06 12:17:04.151  9637  9679 D DetoxWSClient: Received action 'invoke' (ID #58, params={"target":{"type":"Class","value":"com.wix.detox.espresso.EspressoDetox"},"method":"perform","args":[{"type":"Invocation","value":{"target":{"type":"Class","value":"com.wix.detox.espresso.DetoxMatcher"},"method":"matcherForTestId","args":["input-peso",{"type":"boolean","value":false}]}},{"type":"Invocation","value":{"target":{"type":"Class","value":"com.wix.detox.espresso.DetoxViewActions"},"method":"click","args":[]}}]})
04-06 12:17:04.151  9637  9675 I DetoxDispatcher: Handling action 'invoke' (ID #58)...
04-06 12:17:04.151  9637  9675 D Detox   : class com.wix.detox.espresso.DetoxMatcher, matcherForTestId, [input-peso, false]
04-06 12:17:04.152  9637  9675 D Detox   : class com.wix.detox.espresso.DetoxViewActions, click, []
04-06 12:17:04.152  9637  9675 D Detox   : class com.wix.detox.espresso.EspressoDetox, perform, [(view.getTag() is "input-peso" and view has effective visibility <VISIBLE>), com.wix.detox.espresso.action.RNClickAction@83ae001]
04-06 12:17:04.155  9637  9637 I ViewInteraction: Performing 'com.wix.detox.espresso.action.detoxsingletap@317dea6 click' action on view (view.getTag() is "input-peso" and view has effective visibility <VISIBLE>)
04-06 12:17:04.169  9637  9637 I ViewRootImpl@73623ee[MainActivity]: ViewPostIme pointer 0
04-06 12:17:04.199  9637  9637 I ViewRootImpl@73623ee[MainActivity]: ViewPostIme pointer 1
04-06 12:17:04.221  9637  9637 D InputMethodManager: startInputInner - Id : 0
04-06 12:17:04.221  9637  9637 I InputMethodManager: startInputInner - mService.startInputOrWindowGainedFocus
04-06 12:17:04.225  9637  9637 I IMM_LC  : showSoftInput(View,I)
04-06 12:17:04.225  9637  9637 I IMM_LC  : ssi() - flag : 0 view : com.evolucao.app reason = SHOW_SOFT_INPUT
04-06 12:17:04.239  9637  9692 D NativeCustomFrequencyManager: [NativeCFMS] BpCustomFrequencyManager::BpCustomFrequencyManager()
04-06 12:17:04.244  9637  9637 D InsetsController: onStateChanged: InsetsState: {mDisplayFrame=Rect(0, 0 - 1080, 2400), mDisplayCutout=DisplayCutout{insets=Rect(0, 88 - 0, 0) waterfall=Insets{left=0, top=0, right=0, bottom=0} boundingRect={Bounds=[Rect(0, 0 - 0, 0), Rect(512, 0 - 568, 88), Rect(0, 0 - 0, 0), Rect(0, 0 - 0, 0)]} cutoutPathParserInfo={CutoutPathParserInfo{displayWidth=1080 displayHeight=2400 physicalDisplayWidth=1080 physicalDisplayHeight=2400 density={3.0} cutoutSpec={M 0,0 M 0,10.71963616907435 a 9.280363830925644,9.280363830925644 0 1,0 0,18.56072766185129 a 9.280363830925644,9.280363830925644 0 1,0 0,-18.56072766185129 Z @dp} rotation={0} scale={1.0} physicalPixelDisplaySizeRatio={1.0}}}}, mRoundedCorners=RoundedCorners{[RoundedCorner{position=TopLeft, radius=96, center=Point(96, 96)}, RoundedCorner{position=TopRight, radius=96, center=Point(984, 96)}, RoundedCorner{position=BottomRight, radius=96, center=Point(984, 2304)}, RoundedCorner{position=BottomLeft, radius=96, center=Point(96, 2304)}]}  mRoundedCornerFrame=Rect(0, 0 - 1080, 2400), mPrivacyIndicatorBounds=PrivacyIndicatorBounds {static bounds=Rect(948, 0 - 1080, 88) rotation=0}, mSources= { InsetsSource: {mType=ITYPE_STATUS_BAR, mFrame=[0,0][1080,88], mVisible=true, mInsetsRoundedCornerFrame=false}, InsetsSource: {mType=ITYPE_NAVIGATION_BAR, mFrame=[0,2256][1080,2400], mVisible=true, mInsetsRoundedCornerFrame=false}, InsetsSource: {mType=ITYPE_LEFT_GESTURES, mFrame=[0,0][0,2400], mVisible=true, mInsetsRoundedCornerFrame=false}, InsetsSource: {mType=ITYPE_RIGHT_GESTURES, mFrame=[1080,0][1080,2400], mVisible=true, mInsetsRoundedCornerFrame=false}, InsetsSource: {mType=ITYPE_TOP_MANDATORY_GESTURES, mFrame=[0,0][1080,124], mVisible=true, mInsetsRoundedCornerFrame=false}, InsetsSource: {mType=ITYPE_BOTTOM_MANDATORY_GESTURES, mFrame=[0,2256][1080,2400], mVisible=true, mInsetsRoundedCornerFrame=false}, InsetsSource: {mType=ITYPE_LEFT_DISPLAY_CUTOUT, mFrame=[0,0][-100000,2400], mVisible=true, mInsetsRoundedCornerFrame=false}, InsetsSource: {mType=ITYPE_TOP_DISPLAY_CUTOUT, mFrame=[0,0][1080,88], mVisible=true, mInsetsRoundedCornerFrame=false}, InsetsSource: {mType=ITYPE_RIGHT_DISPLAY_CUTOUT, mFrame=[100000,0][1080,2400], mVisible=true, mInsetsRoundedCornerFrame=false}, InsetsSource: {mType=ITYPE_BOTTOM_DISPLAY_CUTOUT, mFrame=[0,100000][1080,2400], mVisible=true, mInsetsRoundedCornerFrame=false}, InsetsSource: {mType=ITYPE_TOP_TAPPABLE_ELEMENT, mFrame=[0,0][1080,88], mVisible=true, mInsetsRoundedCornerFrame=false}, InsetsSource: {mType=ITYPE_BOTTOM_TAPPABLE_ELEMENT, mFrame=[0,2256][1080,2400], mVisible=true, mInsetsRoundedCornerFrame=false} } host=PopupWindow:f24d4f5 from=android.view.ViewRootImpl.setView:1732
04-06 12:17:04.247  9637  9637 I ViewRootImpl@60f828a[PopupWindow:f24d4f5]: setView = android.widget.PopupWindow$PopupDecorView@a6b3d56 TM=false
04-06 12:17:04.250  9637  9692 D NativeCustomFrequencyManager: [NativeCFMS] BpCustomFrequencyManager::BpCustomFrequencyManager()
04-06 12:17:04.253  9637  9637 D InsetsController: onStateChanged: InsetsState: {mDisplayFrame=Rect(0, 0 - 1080, 2400), mDisplayCutout=DisplayCutout{insets=Rect(0, 88 - 0, 0) waterfall=Insets{left=0, top=0, right=0, bottom=0} boundingRect={Bounds=[Rect(0, 0 - 0, 0), Rect(512, 0 - 568, 88), Rect(0, 0 - 0, 0), Rect(0, 0 - 0, 0)]} cutoutPathParserInfo={CutoutPathParserInfo{displayWidth=1080 displayHeight=2400 physicalDisplayWidth=1080 physicalDisplayHeight=2400 density={3.0} cutoutSpec={M 0,0 M 0,10.71963616907435 a 9.280363830925644,9.280363830925644 0 1,0 0,18.56072766185129 a 9.280363830925644,9.280363830925644 0 1,0 0,-18.56072766185129 Z @dp} rotation={0} scale={1.0} physicalPixelDisplaySizeRatio={1.0}}}}, mRoundedCorners=RoundedCorners{[RoundedCorner{position=TopLeft, radius=96, center=Point(96, 96)}, RoundedCorner{position=TopRight, radius=96, center=Point(984, 96)}, RoundedCorner{position=BottomRight, radius=96, center=Point(984, 2304)}, RoundedCorner{position=BottomLeft, radius=96, center=Point(96, 2304)}]}  mRoundedCornerFrame=Rect(0, 0 - 1080, 2400), mPrivacyIndicatorBounds=PrivacyIndicatorBounds {static bounds=Rect(948, 0 - 1080, 88) rotation=0}, mSources= { InsetsSource: {mType=ITYPE_STATUS_BAR, mFrame=[0,0][1080,88], mVisible=true, mInsetsRoundedCornerFrame=false}, InsetsSource: {mType=ITYPE_NAVIGATION_BAR, mFrame=[0,2256][1080,2400], mVisible=true, mInsetsRoundedCornerFrame=false}, InsetsSource: {mType=ITYPE_LEFT_GESTURES, mFrame=[0,0][0,2400], mVisible=true, mInsetsRoundedCornerFrame=false}, InsetsSource: {mType=ITYPE_RIGHT_GESTURES, mFrame=[1080,0][1080,2400], mVisible=true, mInsetsRoundedCornerFrame=false}, InsetsSource: {mType=ITYPE_TOP_MANDATORY_GESTURES, mFrame=[0,0][1080,124], mVisible=true, mInsetsRoundedCornerFrame=false}, InsetsSource: {mType=ITYPE_BOTTOM_MANDATORY_GESTURES, mFrame=[0,2256][1080,2400], mVisible=true, mInsetsRoundedCornerFrame=false}, InsetsSource: {mType=ITYPE_LEFT_DISPLAY_CUTOUT, mFrame=[0,0][-100000,2400], mVisible=true, mInsetsRoundedCornerFrame=false}, InsetsSource: {mType=ITYPE_TOP_DISPLAY_CUTOUT, mFrame=[0,0][1080,88], mVisible=true, mInsetsRoundedCornerFrame=false}, InsetsSource: {mType=ITYPE_RIGHT_DISPLAY_CUTOUT, mFrame=[100000,0][1080,2400], mVisible=true, mInsetsRoundedCornerFrame=false}, InsetsSource: {mType=ITYPE_BOTTOM_DISPLAY_CUTOUT, mFrame=[0,100000][1080,2400], mVisible=true, mInsetsRoundedCornerFrame=false}, InsetsSource: {mType=ITYPE_TOP_TAPPABLE_ELEMENT, mFrame=[0,0][1080,88], mVisible=true, mInsetsRoundedCornerFrame=false}, InsetsSource: {mType=ITYPE_BOTTOM_TAPPABLE_ELEMENT, mFrame=[0,2256][1080,2400], mVisible=true, mInsetsRoundedCornerFrame=false} } host=PopupWindow:929fac4 from=android.view.ViewRootImpl.setView:1732
04-06 12:17:04.255  9637  9637 I ViewRootImpl@8dfadad[PopupWindow:929fac4]: setView = android.widget.PopupWindow$PopupDecorView@c7677a9 TM=false
04-06 12:17:04.263  9637  9637 I IMM_LC  : showSoftInput(View,I)
04-06 12:17:04.263  9637  9637 I IMM_LC  : ssi() - flag : 0 view : com.evolucao.app reason = SHOW_SOFT_INPUT
04-06 12:17:04.266  9637  9637 I ViewRootImpl@60f828a[PopupWindow:f24d4f5]: performTraversals params={(231,1797)(90x108) gr=TOP START CENTER sim={state=unchanged adjust=pan} ty=APPLICATION_SUB_PANEL fmt=TRANSLUCENT wanim=0x1030313 surfaceInsets=Rect(0, 0 - 0, 0) (manual)
04-06 12:17:04.266  9637  9637 I ViewRootImpl@60f828a[PopupWindow:f24d4f5]:   fl=41800208
04-06 12:17:04.266  9637  9637 I ViewRootImpl@60f828a[PopupWindow:f24d4f5]:   pfl=2018000
04-06 12:17:04.266  9637  9637 I ViewRootImpl@60f828a[PopupWindow:f24d4f5]:   bhv=DEFAULT
04-06 12:17:04.266  9637  9637 I ViewRootImpl@60f828a[PopupWindow:f24d4f5]:   fitTypes=STATUS_BARS NAVIGATION_BARS CAPTION_BAR naviIconColor=0
04-06 12:17:04.266  9637  9637 I ViewRootImpl@60f828a[PopupWindow:f24d4f5]:   sfl=20000}
04-06 12:17:04.267  9637  9637 I ViewRootImpl@60f828a[PopupWindow:f24d4f5]: performTraversals mFirst=true windowShouldResize=true viewVisibilityChanged=false mForceNextWindowRelayout=false params={(231,1797)(90x108) gr=TOP START CENTER sim={state=unchanged adjust=pan} ty=APPLICATION_SUB_PANEL fmt=TRANSLUCENT wanim=0x1030313 surfaceInsets=Rect(0, 0 - 0, 0) (manual)
04-06 12:17:04.267  9637  9637 I ViewRootImpl@60f828a[PopupWindow:f24d4f5]:   fl=41800208
04-06 12:17:04.267  9637  9637 I ViewRootImpl@60f828a[PopupWindow:f24d4f5]:   pfl=42018000
04-06 12:17:04.267  9637  9637 I ViewRootImpl@60f828a[PopupWindow:f24d4f5]:   bhv=DEFAULT
04-06 12:17:04.267  9637  9637 I ViewRootImpl@60f828a[PopupWindow:f24d4f5]:   fitTypes=STATUS_BARS NAVIGATION_BARS CAPTION_BAR naviIconColor=0
04-06 12:17:04.267  9637  9637 I ViewRootImpl@60f828a[PopupWindow:f24d4f5]:   sfl=20000}
04-06 12:17:04.274  9637  9898 I ViewRootImpl@60f828a[PopupWindow:f24d4f5]: Resizing android.view.ViewRootImpl@2dd81d7: frame = [231,1797][321,1905] reportDraw = true forceLayout = false syncSeqId = 0
04-06 12:17:04.275  9637  9637 I ViewRootImpl@60f828a[PopupWindow:f24d4f5]: updateBlastSurfaceIfNeeded mBlastBufferQueue=null isSameSurfaceControl=false
04-06 12:17:04.276  9637  9637 I BLASTBufferQueue: new BLASTBufferQueue, mName= ViewRootImpl@60f828a[PopupWindow:f24d4f5] mNativeObject= 0xb4000070a064b400 sc.mNativeObject= 0xb4000070089013e0 caller= android.view.ViewRootImpl.updateBlastSurfaceIfNeeded:2909 android.view.ViewRootImpl.relayoutWindow:9847 android.view.ViewRootImpl.performTraversals:3884 android.view.ViewRootImpl.doTraversal:3116 android.view.ViewRootImpl$TraversalRunnable.run:10885 android.view.Choreographer$CallbackRecord.run:1301 android.view.Choreographer$CallbackRecord.run:1309 android.view.Choreographer.doCallbacks:923 android.view.Choreographer.doFrame:852 android.view.Choreographer$FrameDisplayEventReceiver.run:1283 
04-06 12:17:04.276  9637  9637 I BLASTBufferQueue: update, w= 90 h= 108 mName = ViewRootImpl@60f828a[PopupWindow:f24d4f5] mNativeObject= 0xb4000070a064b400 sc.mNativeObject= 0xb4000070089013e0 format= -3 caller= android.graphics.BLASTBufferQueue.<init>:84 android.view.ViewRootImpl.updateBlastSurfaceIfNeeded:2909 android.view.ViewRootImpl.relayoutWindow:9847 android.view.ViewRootImpl.performTraversals:3884 android.view.ViewRootImpl.doTraversal:3116 android.view.ViewRootImpl$TraversalRunnable.run:10885 
04-06 12:17:04.276  9637  9637 I ViewRootImpl@60f828a[PopupWindow:f24d4f5]: Relayout returned: old=(231,1797,321,1905) new=(231,1797,321,1905) req=(90,108)0 dur=8 res=0x3 s={true 0xb40000700887c800} ch=true seqId=0
04-06 12:17:04.277  9637  9637 I ViewRootImpl@60f828a[PopupWindow:f24d4f5]: mThreadedRenderer.initialize() mSurface={isValid=true 0xb40000700887c800} hwInitialized=true
04-06 12:17:04.277  9637  9692 D OpenGLRenderer: eglCreateWindowSurface
04-06 12:17:04.279  9637  9637 I ViewRootImpl@60f828a[PopupWindow:f24d4f5]: reportNextDraw android.view.ViewRootImpl.performTraversals:4438 android.view.ViewRootImpl.doTraversal:3116 android.view.ViewRootImpl$TraversalRunnable.run:10885 android.view.Choreographer$CallbackRecord.run:1301 android.view.Choreographer$CallbackRecord.run:1309 
04-06 12:17:04.279  9637  9637 I ViewRootImpl@60f828a[PopupWindow:f24d4f5]: Setup new sync id=0
04-06 12:17:04.279  9637  9637 I ViewRootImpl@60f828a[PopupWindow:f24d4f5]: Setting syncFrameCallback
04-06 12:17:04.279  9637  9637 I ViewRootImpl@60f828a[PopupWindow:f24d4f5]: registerCallbacksForSync syncBuffer=false
04-06 12:17:04.280  9637  9717 I ViewRootImpl@60f828a[PopupWindow:f24d4f5]: Received frameDrawingCallback syncResult=0 frameNum=1.
04-06 12:17:04.280  9637  9717 I ViewRootImpl@60f828a[PopupWindow:f24d4f5]: Setting up sync and frameCommitCallback
04-06 12:17:04.289  9637  9692 I BLASTBufferQueue: [ViewRootImpl@60f828a[PopupWindow:f24d4f5]#2](f:0,a:0) onFrameAvailable the first frame is available
04-06 12:17:04.289  9637  9692 I ViewRootImpl@60f828a[PopupWindow:f24d4f5]: Received frameCommittedCallback lastAttemptedDrawFrameNum=1 didProduceBuffer=true
04-06 12:17:04.290  9637  9692 D OpenGLRenderer: CFMS:: SetUp Pid : 9637    Tid : 9692
04-06 12:17:04.291  9637  9692 W Parcel  : Expecting binder but got null!
04-06 12:17:04.291  9637  9637 I ViewRootImpl@60f828a[PopupWindow:f24d4f5]: onSyncComplete
04-06 12:17:04.291  9637  9637 I ViewRootImpl@60f828a[PopupWindow:f24d4f5]: setupSync seqId=0 mSyncId=0 fn=1 caller=android.view.ViewRootImpl$$ExternalSyntheticLambda11.accept:6 android.window.SurfaceSyncer.lambda$setupSync$1$android-window-SurfaceSyncer:128 android.window.SurfaceSyncer$$ExternalSyntheticLambda1.accept:8 android.window.SurfaceSyncer$SyncSet.checkIfSyncIsComplete:382 android.window.SurfaceSyncer$SyncSet.markSyncReady:359 android.window.SurfaceSyncer.markSyncReady:151 android.view.ViewRootImpl.performTraversals:4503 
04-06 12:17:04.293  9637  9637 I ViewRootImpl@8dfadad[PopupWindow:929fac4]: performTraversals params={(231,1703)(90x94) gr=TOP START CENTER sim={state=unchanged adjust=pan} ty=APPLICATION_SUB_PANEL fmt=TRANSLUCENT wanim=0x1030313 surfaceInsets=Rect(0, 0 - 0, 0) (manual)
04-06 12:17:04.293  9637  9637 I ViewRootImpl@8dfadad[PopupWindow:929fac4]:   fl=41800218
04-06 12:17:04.293  9637  9637 I ViewRootImpl@8dfadad[PopupWindow:929fac4]:   pfl=2018000
04-06 12:17:04.293  9637  9637 I ViewRootImpl@8dfadad[PopupWindow:929fac4]:   bhv=DEFAULT
04-06 12:17:04.293  9637  9637 I ViewRootImpl@8dfadad[PopupWindow:929fac4]:   fitTypes=STATUS_BARS NAVIGATION_BARS CAPTION_BAR naviIconColor=0
04-06 12:17:04.293  9637  9637 I ViewRootImpl@8dfadad[PopupWindow:929fac4]:   sfl=20000}
04-06 12:17:04.293  9637  9637 I ViewRootImpl@8dfadad[PopupWindow:929fac4]: performTraversals mFirst=true windowShouldResize=true viewVisibilityChanged=false mForceNextWindowRelayout=false params={(231,1703)(90x94) gr=TOP START CENTER sim={state=unchanged adjust=pan} ty=APPLICATION_SUB_PANEL fmt=TRANSLUCENT wanim=0x1030313 surfaceInsets=Rect(0, 0 - 0, 0) (manual)
04-06 12:17:04.293  9637  9637 I ViewRootImpl@8dfadad[PopupWindow:929fac4]:   fl=41800218
04-06 12:17:04.293  9637  9637 I ViewRootImpl@8dfadad[PopupWindow:929fac4]:   pfl=42018000
04-06 12:17:04.293  9637  9637 I ViewRootImpl@8dfadad[PopupWindow:929fac4]:   bhv=DEFAULT
04-06 12:17:04.293  9637  9637 I ViewRootImpl@8dfadad[PopupWindow:929fac4]:   fitTypes=STATUS_BARS NAVIGATION_BARS CAPTION_BAR naviIconColor=0
04-06 12:17:04.293  9637  9637 I ViewRootImpl@8dfadad[PopupWindow:929fac4]:   sfl=20000}
04-06 12:17:04.297  9637  9898 I ViewRootImpl@8dfadad[PopupWindow:929fac4]: Resizing android.view.ViewRootImpl@c9ca12e: frame = [231,1703][321,1797] reportDraw = true forceLayout = false syncSeqId = 0
04-06 12:17:04.299  9637  9637 I ViewRootImpl@8dfadad[PopupWindow:929fac4]: updateBlastSurfaceIfNeeded mBlastBufferQueue=null isSameSurfaceControl=false
04-06 12:17:04.300  9637  9637 I BLASTBufferQueue: new BLASTBufferQueue, mName= ViewRootImpl@8dfadad[PopupWindow:929fac4] mNativeObject= 0xb4000070a064b780 sc.mNativeObject= 0xb400007008901660 caller= android.view.ViewRootImpl.updateBlastSurfaceIfNeeded:2909 android.view.ViewRootImpl.relayoutWindow:9847 android.view.ViewRootImpl.performTraversals:3884 android.view.ViewRootImpl.doTraversal:3116 android.view.ViewRootImpl$TraversalRunnable.run:10885 android.view.Choreographer$CallbackRecord.run:1301 android.view.Choreographer$CallbackRecord.run:1309 android.view.Choreographer.doCallbacks:923 android.view.Choreographer.doFrame:852 android.view.Choreographer$FrameDisplayEventReceiver.run:1283 
04-06 12:17:04.300  9637  9637 I BLASTBufferQueue: update, w= 90 h= 94 mName = ViewRootImpl@8dfadad[PopupWindow:929fac4] mNativeObject= 0xb4000070a064b780 sc.mNativeObject= 0xb400007008901660 format= -3 caller= android.graphics.BLASTBufferQueue.<init>:84 android.view.ViewRootImpl.updateBlastSurfaceIfNeeded:2909 android.view.ViewRootImpl.relayoutWindow:9847 android.view.ViewRootImpl.performTraversals:3884 android.view.ViewRootImpl.doTraversal:3116 android.view.ViewRootImpl$TraversalRunnable.run:10885 
04-06 12:17:04.300  9637  9637 I ViewRootImpl@8dfadad[PopupWindow:929fac4]: Relayout returned: old=(231,1703,321,1797) new=(231,1703,321,1797) req=(90,94)0 dur=6 res=0x3 s={true 0xb400007008ab6000} ch=true seqId=0
04-06 12:17:04.301  9637  9637 I ViewRootImpl@8dfadad[PopupWindow:929fac4]: mThreadedRenderer.initialize() mSurface={isValid=true 0xb400007008ab6000} hwInitialized=true
04-06 12:17:04.301  9637  9692 D OpenGLRenderer: eglCreateWindowSurface
04-06 12:17:04.303  9637  9637 I ViewRootImpl@8dfadad[PopupWindow:929fac4]: reportNextDraw android.view.ViewRootImpl.performTraversals:4438 android.view.ViewRootImpl.doTraversal:3116 android.view.ViewRootImpl$TraversalRunnable.run:10885 android.view.Choreographer$CallbackRecord.run:1301 android.view.Choreographer$CallbackRecord.run:1309 
04-06 12:17:04.303  9637  9637 I ViewRootImpl@8dfadad[PopupWindow:929fac4]: Setup new sync id=0
04-06 12:17:04.303  9637  9637 I ViewRootImpl@8dfadad[PopupWindow:929fac4]: Setting syncFrameCallback
04-06 12:17:04.304  9637  9637 I ViewRootImpl@8dfadad[PopupWindow:929fac4]: registerCallbacksForSync syncBuffer=false
04-06 12:17:04.305  9637  9717 I ViewRootImpl@8dfadad[PopupWindow:929fac4]: Received frameDrawingCallback syncResult=0 frameNum=1.
04-06 12:17:04.305  9637  9717 I ViewRootImpl@8dfadad[PopupWindow:929fac4]: Setting up sync and frameCommitCallback
04-06 12:17:04.306  9637  9692 I BLASTBufferQueue: [ViewRootImpl@8dfadad[PopupWindow:929fac4]#3](f:0,a:0) onFrameAvailable the first frame is available
04-06 12:17:04.306  9637  9692 I ViewRootImpl@8dfadad[PopupWindow:929fac4]: Received frameCommittedCallback lastAttemptedDrawFrameNum=1 didProduceBuffer=true
04-06 12:17:04.307  9637  9692 D OpenGLRenderer: CFMS:: SetUp Pid : 9637    Tid : 9692
04-06 12:17:04.307  9637  9692 W Parcel  : Expecting binder but got null!
04-06 12:17:04.308  9637  9637 I ViewRootImpl@8dfadad[PopupWindow:929fac4]: onSyncComplete
04-06 12:17:04.308  9637  9637 I ViewRootImpl@8dfadad[PopupWindow:929fac4]: setupSync seqId=0 mSyncId=0 fn=1 caller=android.view.ViewRootImpl$$ExternalSyntheticLambda11.accept:6 android.window.SurfaceSyncer.lambda$setupSync$1$android-window-SurfaceSyncer:128 android.window.SurfaceSyncer$$ExternalSyntheticLambda1.accept:8 android.window.SurfaceSyncer$SyncSet.checkIfSyncIsComplete:382 android.window.SurfaceSyncer$SyncSet.markSyncReady:359 android.window.SurfaceSyncer.markSyncReady:151 android.view.ViewRootImpl.performTraversals:4503 
04-06 12:17:04.308  9637  9637 I ViewRootImpl@8dfadad[PopupWindow:929fac4]: reportDrawFinished seqId=0 mSyncId=-1 fn=1 mSurfaceChangedTransaction=0xb4000070a06a4800
04-06 12:17:04.309  9637  9637 I ViewRootImpl@60f828a[PopupWindow:f24d4f5]: reportDrawFinished seqId=0 mSyncId=-1 fn=1 mSurfaceChangedTransaction=0xb4000070a0365a00
04-06 12:17:04.312  9637  9637 I ViewRootImpl@60f828a[PopupWindow:f24d4f5]: handleResized, msg = 5 frames=ClientWindowFrames{frame=[231,1797][321,1905] display=[-100000,-100000][100000,100000] parentFrame=[0,0][0,0] parentClippedByDisplayCutout=false} forceNextWindowRelayout=false displayId=0 resizeMode=-1 frameChanged=false displayFrameChanged=false configChanged=false displayChanged=false
04-06 12:17:04.312  9637  9637 I ViewRootImpl@60f828a[PopupWindow:f24d4f5]: handleResized mSyncSeqId = 0
04-06 12:17:04.312  9637  9637 I ViewRootImpl@60f828a[PopupWindow:f24d4f5]: reportNextDraw android.view.ViewRootImpl.handleResized:2450 android.view.ViewRootImpl.-$$Nest$mhandleResized:0 android.view.ViewRootImpl$ViewRootHandler.handleMessageImpl:6728 android.view.ViewRootImpl$ViewRootHandler.handleMessage:6697 android.os.Handler.dispatchMessage:106 
04-06 12:17:04.312  9637  9637 I ViewRootImpl@8dfadad[PopupWindow:929fac4]: handleResized, msg = 5 frames=ClientWindowFrames{frame=[231,1703][321,1797] display=[-100000,-100000][100000,100000] parentFrame=[0,0][0,0] parentClippedByDisplayCutout=false} forceNextWindowRelayout=false displayId=0 resizeMode=-1 frameChanged=false displayFrameChanged=false configChanged=false displayChanged=false
04-06 12:17:04.312  9637  9637 I ViewRootImpl@8dfadad[PopupWindow:929fac4]: handleResized mSyncSeqId = 0
04-06 12:17:04.312  9637  9637 I ViewRootImpl@8dfadad[PopupWindow:929fac4]: reportNextDraw android.view.ViewRootImpl.handleResized:2450 android.view.ViewRootImpl.-$$Nest$mhandleResized:0 android.view.ViewRootImpl$ViewRootHandler.handleMessageImpl:6728 android.view.ViewRootImpl$ViewRootHandler.handleMessage:6697 android.os.Handler.dispatchMessage:106 
04-06 12:17:04.319  9637  9637 I ViewRootImpl@60f828a[PopupWindow:f24d4f5]: Setup new sync id=1
04-06 12:17:04.319  9637  9637 I ViewRootImpl@60f828a[PopupWindow:f24d4f5]: Setting syncFrameCallback
04-06 12:17:04.319  9637  9637 I ViewRootImpl@60f828a[PopupWindow:f24d4f5]: registerCallbacksForSync syncBuffer=false
04-06 12:17:04.323  9637  9718 I ViewRootImpl@60f828a[PopupWindow:f24d4f5]: Received frameDrawingCallback syncResult=0 frameNum=3.
04-06 12:17:04.323  9637  9718 I ViewRootImpl@60f828a[PopupWindow:f24d4f5]: Setting up sync and frameCommitCallback
04-06 12:17:04.324  9637  9692 I ViewRootImpl@60f828a[PopupWindow:f24d4f5]: Received frameCommittedCallback lastAttemptedDrawFrameNum=3 didProduceBuffer=true
04-06 12:17:04.324  9637  9637 I ViewRootImpl@60f828a[PopupWindow:f24d4f5]: onSyncComplete
04-06 12:17:04.324  9637  9637 I ViewRootImpl@60f828a[PopupWindow:f24d4f5]: setupSync seqId=0 mSyncId=1 fn=3 caller=android.view.ViewRootImpl$$ExternalSyntheticLambda11.accept:6 android.window.SurfaceSyncer.lambda$setupSync$1$android-window-SurfaceSyncer:128 android.window.SurfaceSyncer$$ExternalSyntheticLambda1.accept:8 android.window.SurfaceSyncer$SyncSet.checkIfSyncIsComplete:382 android.window.SurfaceSyncer$SyncSet.markSyncReady:359 android.window.SurfaceSyncer.markSyncReady:151 android.view.ViewRootImpl.performTraversals:4503 
04-06 12:17:04.325  9637  9637 I ViewRootImpl@8dfadad[PopupWindow:929fac4]: Setup new sync id=1
04-06 12:17:04.325  9637  9637 I ViewRootImpl@8dfadad[PopupWindow:929fac4]: Setting syncFrameCallback
04-06 12:17:04.325  9637  9637 I ViewRootImpl@8dfadad[PopupWindow:929fac4]: registerCallbacksForSync syncBuffer=false
04-06 12:17:04.326  9637  9717 I ViewRootImpl@8dfadad[PopupWindow:929fac4]: Received frameDrawingCallback syncResult=0 frameNum=2.
04-06 12:17:04.326  9637  9717 I ViewRootImpl@8dfadad[PopupWindow:929fac4]: Setting up sync and frameCommitCallback
04-06 12:17:04.327  9637  9692 I ViewRootImpl@8dfadad[PopupWindow:929fac4]: Received frameCommittedCallback lastAttemptedDrawFrameNum=2 didProduceBuffer=true
04-06 12:17:04.327  9637  9637 I ViewRootImpl@8dfadad[PopupWindow:929fac4]: onSyncComplete
04-06 12:17:04.327  9637  9637 I ViewRootImpl@8dfadad[PopupWindow:929fac4]: setupSync seqId=0 mSyncId=1 fn=2 caller=android.view.ViewRootImpl$$ExternalSyntheticLambda11.accept:6 android.window.SurfaceSyncer.lambda$setupSync$1$android-window-SurfaceSyncer:128 android.window.SurfaceSyncer$$ExternalSyntheticLambda1.accept:8 android.window.SurfaceSyncer$SyncSet.checkIfSyncIsComplete:382 android.window.SurfaceSyncer$SyncSet.markSyncReady:359 android.window.SurfaceSyncer.markSyncReady:151 android.view.ViewRootImpl.performTraversals:4503 
04-06 12:17:04.327  9637  9637 I ViewRootImpl@8dfadad[PopupWindow:929fac4]: reportDrawFinished seqId=0 mSyncId=-1 fn=2 mSurfaceChangedTransaction=0xb4000070a06a4800
04-06 12:17:04.328  9637  9637 I ViewRootImpl@60f828a[PopupWindow:f24d4f5]: reportDrawFinished seqId=0 mSyncId=-1 fn=3 mSurfaceChangedTransaction=0xb4000070a0365a00
04-06 12:17:04.341  9637  9637 W OnBackInvokedCallback: OnBackInvokedCallback is not enabled for the application.
04-06 12:17:04.341  9637  9637 W OnBackInvokedCallback: Set 'android:enableOnBackInvokedCallback="true"' in the application manifest.
04-06 12:17:04.357  9637  9652 I ViewRootImpl@73623ee[MainActivity]: Resizing android.view.ViewRootImpl@25a16ab: frame = [0,0][1080,2400] reportDraw = false forceLayout = false syncSeqId = 0
04-06 12:17:04.357  9637  9898 I ViewRootImpl@8dfadad[PopupWindow:929fac4]: Resizing android.view.ViewRootImpl@c9ca12e: frame = [231,1703][321,1797] reportDraw = false forceLayout = false syncSeqId = 0
04-06 12:17:04.358  9637  9650 I ViewRootImpl@60f828a[PopupWindow:f24d4f5]: Resizing android.view.ViewRootImpl@2dd81d7: frame = [231,1797][321,1905] reportDraw = false forceLayout = false syncSeqId = 0
04-06 12:17:04.359  9637  9637 D InsetsController: onStateChanged: InsetsState: {mDisplayFrame=Rect(0, 0 - 1080, 2400), mDisplayCutout=DisplayCutout{insets=Rect(0, 88 - 0, 0) waterfall=Insets{left=0, top=0, right=0, bottom=0} boundingRect={Bounds=[Rect(0, 0 - 0, 0), Rect(512, 0 - 568, 88), Rect(0, 0 - 0, 0), Rect(0, 0 - 0, 0)]} cutoutPathParserInfo={CutoutPathParserInfo{displayWidth=1080 displayHeight=2400 physicalDisplayWidth=1080 physicalDisplayHeight=2400 density={3.0} cutoutSpec={M 0,0 M 0,10.71963616907435 a 9.280363830925644,9.280363830925644 0 1,0 0,18.56072766185129 a 9.280363830925644,9.280363830925644 0 1,0 0,-18.56072766185129 Z @dp} rotation={0} scale={1.0} physicalPixelDisplaySizeRatio={1.0}}}}, mRoundedCorners=RoundedCorners{[RoundedCorner{position=TopLeft, radius=96, center=Point(96, 96)}, RoundedCorner{position=TopRight, radius=96, center=Point(984, 96)}, RoundedCorner{position=BottomRight, radius=96, center=Point(984, 2304)}, RoundedCorner{position=BottomLeft, radius=96, center=Point(96, 2304)}]}  mRoundedCornerFrame=Rect(0, 0 - 1080, 2400), mPrivacyIndicatorBounds=PrivacyIndicatorBounds {static bounds=Rect(948, 0 - 1080, 88) rotation=0}, mSources= { InsetsSource: {mType=ITYPE_STATUS_BAR, mFrame=[0,0][1080,88], mVisible=true, mInsetsRoundedCornerFrame=false}, InsetsSource: {mType=ITYPE_NAVIGATION_BAR, mFrame=[0,2256][1080,2400], mVisible=true, mInsetsRoundedCornerFrame=false}, InsetsSource: {mType=ITYPE_LEFT_GESTURES, mFrame=[0,0][0,2400], mVisible=true, mInsetsRoundedCornerFrame=false}, InsetsSource: {mType=ITYPE_RIGHT_GESTURES, mFrame=[1080,0][1080,2400], mVisible=true, mInsetsRoundedCornerFrame=false}, InsetsSource: {mType=ITYPE_TOP_MANDATORY_GESTURES, mFrame=[0,0][1080,124], mVisible=true, mInsetsRoundedCornerFrame=false}, InsetsSource: {mType=ITYPE_BOTTOM_MANDATORY_GESTURES, mFrame=[0,2256][1080,2400], mVisible=true, mInsetsRoundedCornerFrame=false}, InsetsSource: {mType=ITYPE_LEFT_DISPLAY_CUTOUT, mFrame=[0,0][-100000,2400], mVisible=true, mInsetsRoundedCornerFrame=false}, InsetsSource: {mType=ITYPE_TOP_DISPLAY_CUTOUT, mFrame=[0,0][1080,88], mVisible=true, mInsetsRoundedCornerFrame=false}, InsetsSource: {mType=ITYPE_RIGHT_DISPLAY_CUTOUT, mFrame=[100000,0][1080,2400], mVisible=true, mInsetsRoundedCornerFrame=false}, InsetsSource: {mType=ITYPE_BOTTOM_DISPLAY_CUTOUT, mFrame=[0,100000][1080,2400], mVisible=true, mInsetsRoundedCornerFrame=false}, InsetsSource: {mType=ITYPE_TOP_TAPPABLE_ELEMENT, mFrame=[0,0][1080,88], mVisible=true, mInsetsRoundedCornerFrame=false}, InsetsSource: {mType=ITYPE_BOTTOM_TAPPABLE_ELEMENT, mFrame=[0,2256][1080,2400], mVisible=true, mInsetsRoundedCornerFrame=false}, InsetsSource: {mType=ITYPE_IME, mFrame=[0,1374][1080,2400], mVisibleFrame=[0,1374][1080,2400], mVisible=false, mInsetsRoundedCornerFrame=false} } host=com.evolucao.app/com.evolucao.app.MainActivity from=android.view.ViewRootImpl$ViewRootHandler.handleMessageImpl:6727
04-06 12:17:04.359  9637  9637 I ViewRootImpl@73623ee[MainActivity]: handleResized, msg = 4 frames=ClientWindowFrames{frame=[0,0][1080,2400] display=[0,0][1080,2400] parentFrame=[0,0][0,0] parentClippedByDisplayCutout=false} forceNextWindowRelayout=false displayId=0 resizeMode=-1 frameChanged=false displayFrameChanged=false configChanged=false displayChanged=false
