04-06 11:24:07.247 17424 17496 D Detox   : class com.wix.detox.espresso.DetoxAssertion, assertMatcher, [androidx.test.espresso.ViewInteraction@41d9650, (an instance of android.widget.TextView and view.getText() with or without transformation to match: is "178" and view has effective visibility <VISIBLE>)]
04-06 11:24:07.283 17424 17424 I ViewInteraction: Checking 'MatchesViewAssertion(Detox){viewMatcher=(an instance of android.widget.TextView and view.getText() with or without transformation to match: is "178" and view has effective visibility <VISIBLE>)}' assertion on view (view.getTag() is "input-altura" and view has effective visibility <VISIBLE>)
04-06 11:24:07.286 17424 17496 I DetoxWSClient: Sending out action 'invokeResult' (ID #20)
04-06 11:24:07.286 17424 17496 I DetoxDispatcher: Done with action 'invoke'
04-06 11:24:07.290 17424 17500 D DetoxWSClient: Received action 'invoke' (ID #21, params={"target":{"type":"Invocation","value":{"target":{"type":"Class","value":"com.wix.detox.uiautomator.UiAutomator"},"method":"uiDevice","args":[]}},"method":"pressBack","args":[]})
04-06 11:24:07.290 17424 17496 I DetoxDispatcher: Handling action 'invoke' (ID #21)...
04-06 11:24:07.290 17424 17496 D Detox   : class com.wix.detox.uiautomator.UiAutomator, uiDevice, []
04-06 11:24:07.292 17424 17496 I UiDevice: Creating a new instance, old instance exists: false
04-06 11:24:07.303 17424 17496 D UiDevice: Setting accessibility service flags: 65618
04-06 11:24:07.952 17424 17496 D UiDevice: Pressing back button.
04-06 11:24:07.985 17424 17424 I ViewRootImpl@ac0a76d[MainActivity]: The input has been finished in ImeInputStage.
04-06 11:24:08.002 17424 17424 I ViewRootImpl@ac0a76d[MainActivity]: The input has been finished in ImeInputStage.
04-06 11:24:08.009 17424 17424 D InsetsController: controlAnimationUnchecked: Added types=8 animType=1 host=com.evolucao.app/com.evolucao.app.MainActivity from=android.view.InsetsController.applyAnimation:1576 android.view.InsetsController.applyAnimation:1557 android.view.InsetsController.hide:1093 
04-06 11:24:08.009 17424 17424 D InsetsSourceConsumer: setRequestedVisible: visible=false, type=19, host=com.evolucao.app/com.evolucao.app.MainActivity, from=android.view.InsetsSourceConsumer.hide:257 android.view.ImeInsetsSourceConsumer.hide:88 android.view.ImeInsetsSourceConsumer.hide:94 android.view.InsetsController.hideDirectly:1593 android.view.InsetsController.controlAnimationUnchecked:1234 android.view.InsetsController.applyAnimation:1576 android.view.InsetsController.applyAnimation:1557 android.view.InsetsController.hide:1093 android.view.ViewRootImpl$ViewRootHandler.handleMessageImpl:6765 android.view.ViewRootImpl$ViewRootHandler.handleMessage:6697 
04-06 11:24:08.018 17424 17448 I ViewRootImpl@ac0a76d[MainActivity]: Resizing android.view.ViewRootImpl@73623ee: frame = [0,0][1080,2400] reportDraw = false forceLayout = false syncSeqId = 0
04-06 11:24:08.032 17424 17424 D InsetsController: onStateChanged: InsetsState: {mDisplayFrame=Rect(0, 0 - 1080, 2400), mDisplayCutout=DisplayCutout{insets=Rect(0, 88 - 0, 0) waterfall=Insets{left=0, top=0, right=0, bottom=0} boundingRect={Bounds=[Rect(0, 0 - 0, 0), Rect(512, 0 - 568, 88), Rect(0, 0 - 0, 0), Rect(0, 0 - 0, 0)]} cutoutPathParserInfo={CutoutPathParserInfo{displayWidth=1080 displayHeight=2400 physicalDisplayWidth=1080 physicalDisplayHeight=2400 density={3.0} cutoutSpec={M 0,0 M 0,10.71963616907435 a 9.280363830925644,9.280363830925644 0 1,0 0,18.56072766185129 a 9.280363830925644,9.280363830925644 0 1,0 0,-18.56072766185129 Z @dp} rotation={0} scale={1.0} physicalPixelDisplaySizeRatio={1.0}}}}, mRoundedCorners=RoundedCorners{[RoundedCorner{position=TopLeft, radius=96, center=Point(96, 96)}, RoundedCorner{position=TopRight, radius=96, center=Point(984, 96)}, RoundedCorner{position=BottomRight, radius=96, center=Point(984, 2304)}, RoundedCorner{position=BottomLeft, radius=96, center=Point(96, 2304)}]}  mRoundedCornerFrame=Rect(0, 0 - 1080, 2400), mPrivacyIndicatorBounds=PrivacyIndicatorBounds {static bounds=Rect(948, 0 - 1080, 88) rotation=0}, mSources= { InsetsSource: {mType=ITYPE_STATUS_BAR, mFrame=[0,0][1080,88], mVisible=true, mInsetsRoundedCornerFrame=false}, InsetsSource: {mType=ITYPE_NAVIGATION_BAR, mFrame=[0,2256][1080,2400], mVisible=true, mInsetsRoundedCornerFrame=false}, InsetsSource: {mType=ITYPE_LEFT_GESTURES, mFrame=[0,0][0,2400], mVisible=true, mInsetsRoundedCornerFrame=false}, InsetsSource: {mType=ITYPE_RIGHT_GESTURES, mFrame=[1080,0][1080,2400], mVisible=true, mInsetsRoundedCornerFrame=false}, InsetsSource: {mType=ITYPE_TOP_MANDATORY_GESTURES, mFrame=[0,0][1080,124], mVisible=true, mInsetsRoundedCornerFrame=false}, InsetsSource: {mType=ITYPE_BOTTOM_MANDATORY_GESTURES, mFrame=[0,2256][1080,2400], mVisible=true, mInsetsRoundedCornerFrame=false}, InsetsSource: {mType=ITYPE_LEFT_DISPLAY_CUTOUT, mFrame=[0,0][-100000,2400], mVisible=true, mInsetsRoundedCornerFrame=false}, InsetsSource: {mType=ITYPE_TOP_DISPLAY_CUTOUT, mFrame=[0,0][1080,88], mVisible=true, mInsetsRoundedCornerFrame=false}, InsetsSource: {mType=ITYPE_RIGHT_DISPLAY_CUTOUT, mFrame=[100000,0][1080,2400], mVisible=true, mInsetsRoundedCornerFrame=false}, InsetsSource: {mType=ITYPE_BOTTOM_DISPLAY_CUTOUT, mFrame=[0,100000][1080,2400], mVisible=true, mInsetsRoundedCornerFrame=false}, InsetsSource: {mType=ITYPE_TOP_TAPPABLE_ELEMENT, mFrame=[0,0][1080,88], mVisible=true, mInsetsRoundedCornerFrame=false}, InsetsSource: {mType=ITYPE_BOTTOM_TAPPABLE_ELEMENT, mFrame=[0,2256][1080,2400], mVisible=true, mInsetsRoundedCornerFrame=false}, InsetsSource: {mType=ITYPE_IME, mFrame=[0,1374][1080,2400], mVisibleFrame=[0,1374][1080,2400], mVisible=false, mInsetsRoundedCornerFrame=false} } host=com.evolucao.app/com.evolucao.app.MainActivity from=android.view.ViewRootImpl$ViewRootHandler.handleMessageImpl:6740
04-06 11:24:08.033 17424 17496 I DetoxWSClient: Sending out action 'invokeResult' (ID #21)
04-06 11:24:08.033 17424 17496 I DetoxDispatcher: Done with action 'invoke'
04-06 11:24:08.034 17424 17424 I ViewRootImpl@ac0a76d[MainActivity]: handleResized, msg = 4 frames=ClientWindowFrames{frame=[0,0][1080,2400] display=[0,0][1080,2400] parentFrame=[0,0][0,0] parentClippedByDisplayCutout=false} forceNextWindowRelayout=false displayId=0 resizeMode=-1 frameChanged=false displayFrameChanged=false configChanged=false displayChanged=false
04-06 11:24:08.040 17424 17500 D DetoxWSClient: Received action 'invoke' (ID #22, params={"target":{"type":"Class","value":"com.wix.detox.espresso.DetoxAssertion"},"method":"waitForAssertMatcher","args":[{"type":"Invocation","value":{"target":{"type":"Class","value":"androidx.test.espresso.Espresso"},"method":"onView","args":[{"type":"Invocation","value":{"target":{"type":"Class","value":"com.wix.detox.espresso.DetoxMatcher"},"method":"matcherForTestId","args":["btn-continuar",{"type":"boolean","value":false}]}}]}},{"type":"Invocation","value":{"target":{"type":"Class","value":"com.wix.detox.espresso.DetoxMatcher"},"method":"matcherForSufficientlyVisible","args":[{"type":"Integer","value":75}]}},{"type":"Double","value":5}]})
04-06 11:24:08.041 17424 17496 I DetoxDispatcher: Handling action 'invoke' (ID #22)...
04-06 11:24:08.041 17424 17496 D Detox   : class com.wix.detox.espresso.DetoxMatcher, matcherForTestId, [btn-continuar, false]
04-06 11:24:08.041 17424 17496 D Detox   : class androidx.test.espresso.Espresso, onView, [(view.getTag() is "btn-continuar" and view has effective visibility <VISIBLE>)]
04-06 11:24:08.042 17424 17496 D Detox   : class com.wix.detox.espresso.DetoxMatcher, matcherForSufficientlyVisible, [75]
04-06 11:24:08.042 17424 17496 D Detox   : class com.wix.detox.espresso.DetoxAssertion, waitForAssertMatcher, [androidx.test.espresso.ViewInteraction@3e1915f, (view has effective visibility <VISIBLE> and view.getGlobalVisibleRect() covers at least <75> percent of the view's area), 5.0]
04-06 11:24:08.045 17424 17424 I ViewInteraction: Checking 'MatchesViewAssertion(Detox){viewMatcher=(view has effective visibility <VISIBLE> and view.getGlobalVisibleRect() covers at least <75> percent of the view's area)}' assertion on view (view.getTag() is "btn-continuar" and view has effective visibility <VISIBLE>)
04-06 11:24:08.046 17424 17496 I DetoxWSClient: Sending out action 'invokeResult' (ID #22)
04-06 11:24:08.046 17424 17496 I DetoxDispatcher: Done with action 'invoke'
04-06 11:24:08.049 17424 17500 D DetoxWSClient: Received action 'invoke' (ID #23, params={"target":{"type":"Class","value":"com.wix.detox.espresso.EspressoDetox"},"method":"perform","args":[{"type":"Invocation","value":{"target":{"type":"Class","value":"com.wix.detox.espresso.DetoxMatcher"},"method":"matcherForTestId","args":["scroll-container",{"type":"boolean","value":false}]}},{"type":"Invocation","value":{"target":{"type":"Class","value":"com.wix.detox.espresso.DetoxAction"},"method":"scrollInDirection","args":[{"type":"Integer","value":4},{"type":"Double","value":220},{"type":"Double","value":-1},{"type":"Double","value":-1}]}}]})
04-06 11:24:08.049 17424 17496 I DetoxDispatcher: Handling action 'invoke' (ID #23)...
04-06 11:24:08.050 17424 17496 D Detox   : class com.wix.detox.espresso.DetoxMatcher, matcherForTestId, [scroll-container, false]
04-06 11:24:08.050 17424 17496 D Detox   : class com.wix.detox.espresso.DetoxAction, scrollInDirection, [4, 220.0, -1.0, -1.0]
04-06 11:24:08.050 17424 17496 D Detox   : class com.wix.detox.espresso.EspressoDetox, perform, [(view.getTag() is "scroll-container" and view has effective visibility <VISIBLE>), com.wix.detox.espresso.scroll.DetoxScrollAction@fd007ac]
04-06 11:24:08.053 17424 17424 I ViewInteraction: Performing 'scrollInDirection' action on view (view.getTag() is "scroll-container" and view has effective visibility <VISIBLE>)
04-06 11:24:08.053 17424 17424 D DetoxScrollHelper: prescroll amountDP=220.0 amountPx=660 scrollableRangePx=2160 times=0 remainder=660
04-06 11:24:08.054 17424 17424 D DetoxScrollHelper: System gesture insets: Insets{left=0, top=124, right=0, bottom=144} minX=6 minY=130 maxX=1074.0 maxY=2018.0 currentX=540 currentY=2397
04-06 11:24:08.054 17424 17424 D DetoxScrollHelper: scroll Point(540, 2018) --> Point(540, 1334)
04-06 11:24:08.242 17424 17424 D InsetsController: cancelAnimation of types: 8, animType: 1, host: com.evolucao.app/com.evolucao.app.MainActivity, from:android.view.InsetsController.notifyFinished:1375 android.view.InsetsAnimationThreadControlRunner$1.lambda$notifyFinished$0$android-view-InsetsAnimationThreadControlRunner$1:84 android.view.InsetsAnimationThreadControlRunner$1$$ExternalSyntheticLambda1.run:4 
04-06 11:24:08.243 17424 17424 I IMM_LC  : notifyImeHidden: mService.hideSoftInput
04-06 11:24:08.267 17424 17541 I ViewRootImpl@ac0a76d[MainActivity]: Resizing android.view.ViewRootImpl@73623ee: frame = [0,0][1080,2400] reportDraw = false forceLayout = false syncSeqId = 0
04-06 11:24:08.269 17424 17424 D InsetsController: onStateChanged: InsetsState: {mDisplayFrame=Rect(0, 0 - 1080, 2400), mDisplayCutout=DisplayCutout{insets=Rect(0, 88 - 0, 0) waterfall=Insets{left=0, top=0, right=0, bottom=0} boundingRect={Bounds=[Rect(0, 0 - 0, 0), Rect(512, 0 - 568, 88), Rect(0, 0 - 0, 0), Rect(0, 0 - 0, 0)]} cutoutPathParserInfo={CutoutPathParserInfo{displayWidth=1080 displayHeight=2400 physicalDisplayWidth=1080 physicalDisplayHeight=2400 density={3.0} cutoutSpec={M 0,0 M 0,10.71963616907435 a 9.280363830925644,9.280363830925644 0 1,0 0,18.56072766185129 a 9.280363830925644,9.280363830925644 0 1,0 0,-18.56072766185129 Z @dp} rotation={0} scale={1.0} physicalPixelDisplaySizeRatio={1.0}}}}, mRoundedCorners=RoundedCorners{[RoundedCorner{position=TopLeft, radius=96, center=Point(96, 96)}, RoundedCorner{position=TopRight, radius=96, center=Point(984, 96)}, RoundedCorner{position=BottomRight, radius=96, center=Point(984, 2304)}, RoundedCorner{position=BottomLeft, radius=96, center=Point(96, 2304)}]}  mRoundedCornerFrame=Rect(0, 0 - 1080, 2400), mPrivacyIndicatorBounds=PrivacyIndicatorBounds {static bounds=Rect(948, 0 - 1080, 88) rotation=0}, mSources= { InsetsSource: {mType=ITYPE_STATUS_BAR, mFrame=[0,0][1080,88], mVisible=true, mInsetsRoundedCornerFrame=false}, InsetsSource: {mType=ITYPE_NAVIGATION_BAR, mFrame=[0,2256][1080,2400], mVisible=true, mInsetsRoundedCornerFrame=false}, InsetsSource: {mType=ITYPE_LEFT_GESTURES, mFrame=[0,0][0,2400], mVisible=true, mInsetsRoundedCornerFrame=false}, InsetsSource: {mType=ITYPE_RIGHT_GESTURES, mFrame=[1080,0][1080,2400], mVisible=true, mInsetsRoundedCornerFrame=false}, InsetsSource: {mType=ITYPE_TOP_MANDATORY_GESTURES, mFrame=[0,0][1080,124], mVisible=true, mInsetsRoundedCornerFrame=false}, InsetsSource: {mType=ITYPE_BOTTOM_MANDATORY_GESTURES, mFrame=[0,2256][1080,2400], mVisible=true, mInsetsRoundedCornerFrame=false}, InsetsSource: {mType=ITYPE_LEFT_DISPLAY_CUTOUT, mFrame=[0,0][-100000,2400], mVisible=true, mInsetsRoundedCornerFrame=false}, InsetsSource: {mType=ITYPE_TOP_DISPLAY_CUTOUT, mFrame=[0,0][1080,88], mVisible=true, mInsetsRoundedCornerFrame=false}, InsetsSource: {mType=ITYPE_RIGHT_DISPLAY_CUTOUT, mFrame=[100000,0][1080,2400], mVisible=true, mInsetsRoundedCornerFrame=false}, InsetsSource: {mType=ITYPE_BOTTOM_DISPLAY_CUTOUT, mFrame=[0,100000][1080,2400], mVisible=true, mInsetsRoundedCornerFrame=false}, InsetsSource: {mType=ITYPE_TOP_TAPPABLE_ELEMENT, mFrame=[0,0][1080,88], mVisible=true, mInsetsRoundedCornerFrame=false}, InsetsSource: {mType=ITYPE_BOTTOM_TAPPABLE_ELEMENT, mFrame=[0,2256][1080,2400], mVisible=true, mInsetsRoundedCornerFrame=false}, InsetsSource: {mType=ITYPE_IME, mFrame=[0,0][0,0], mVisibleFrame=[0,1374][1080,2400], mVisible=false, mInsetsRoundedCornerFrame=false} } host=com.evolucao.app/com.evolucao.app.MainActivity from=android.view.ViewRootImpl$ViewRootHandler.handleMessageImpl:6727
04-06 11:24:08.270 17424 17424 I ViewRootImpl@ac0a76d[MainActivity]: handleResized, msg = 4 frames=ClientWindowFrames{frame=[0,0][1080,2400] display=[0,0][1080,2400] parentFrame=[0,0][0,0] parentClippedByDisplayCutout=false} forceNextWindowRelayout=false displayId=0 resizeMode=-1 frameChanged=false displayFrameChanged=false configChanged=false displayChanged=false
04-06 11:24:09.081 17424 17496 I DetoxWSClient: Sending out action 'invokeResult' (ID #23)
04-06 11:24:09.081 17424 17496 I DetoxDispatcher: Done with action 'invoke'
04-06 11:24:09.085 17424 17500 D DetoxWSClient: Received action 'invoke' (ID #24, params={"target":{"type":"Class","value":"com.wix.detox.espresso.EspressoDetox"},"method":"perform","args":[{"type":"Invocation","value":{"target":{"type":"Class","value":"com.wix.detox.espresso.DetoxMatcher"},"method":"matcherForTestId","args":["btn-continuar",{"type":"boolean","value":false}]}},{"type":"Invocation","value":{"target":{"type":"Class","value":"com.wix.detox.espresso.DetoxAction"},"method":"tapAtLocation","args":[{"type":"Integer","value":30},{"type":"Integer","value":18}]}}]})
04-06 11:24:09.085 17424 17496 I DetoxDispatcher: Handling action 'invoke' (ID #24)...
04-06 11:24:09.086 17424 17496 D Detox   : class com.wix.detox.espresso.DetoxMatcher, matcherForTestId, [btn-continuar, false]
04-06 11:24:09.086 17424 17496 D Detox   : class com.wix.detox.espresso.DetoxAction, tapAtLocation, [30, 18]
04-06 11:24:09.087 17424 17496 D Detox   : class com.wix.detox.espresso.EspressoDetox, perform, [(view.getTag() is "btn-continuar" and view has effective visibility <VISIBLE>), com.wix.detox.espresso.action.RNClickAction@8f1dc75]
04-06 11:24:09.090 17424 17424 I ViewInteraction: Performing 'com.wix.detox.espresso.action.detoxsingletap@7a4b40a click' action on view (view.getTag() is "btn-continuar" and view has effective visibility <VISIBLE>)
04-06 11:24:09.096 17424 17424 I ViewRootImpl@ac0a76d[MainActivity]: ViewPostIme pointer 0
04-06 11:24:09.125 17424 17424 I ViewRootImpl@ac0a76d[MainActivity]: ViewPostIme pointer 1
04-06 11:24:09.142 17424 17424 W OnBackInvokedCallback: OnBackInvokedCallback is not enabled for the application.
04-06 11:24:09.142 17424 17424 W OnBackInvokedCallback: Set 'android:enableOnBackInvokedCallback="true"' in the application manifest.
04-06 11:24:09.149 17424 17424 I Dialog  : mIsDeviceDefault = false, mIsSamsungBasicInteraction = false, isMetaDataInActivity = false
04-06 11:24:09.153 17424 17424 I DecorView: [INFO] isPopOver=false config=false
04-06 11:24:09.153 17424 17424 I DecorView: updateCaptionType: isFloating=true isApplication=true hasWindowDecorCaption=false this=DecorView@b86e26b[]
04-06 11:24:09.153 17424 17424 D DecorView: setCaptionType = 0, this = DecorView@b86e26b[]
04-06 11:24:09.154 17424 17424 I DecorView: setWindowBackground: isPopOver=false color=ff010101 d=android.graphics.drawable.InsetDrawable@195261
04-06 11:24:09.169 17424 17424 D ScrollView: initGoToTop
04-06 11:24:09.176 17424 17512 D NativeCustomFrequencyManager: [NativeCFMS] BpCustomFrequencyManager::BpCustomFrequencyManager()
04-06 11:24:09.186 17424 17424 D InsetsController: onStateChanged: InsetsState: {mDisplayFrame=Rect(0, 0 - 1080, 2400), mDisplayCutout=DisplayCutout{insets=Rect(0, 88 - 0, 0) waterfall=Insets{left=0, top=0, right=0, bottom=0} boundingRect={Bounds=[Rect(0, 0 - 0, 0), Rect(512, 0 - 568, 88), Rect(0, 0 - 0, 0), Rect(0, 0 - 0, 0)]} cutoutPathParserInfo={CutoutPathParserInfo{displayWidth=1080 displayHeight=2400 physicalDisplayWidth=1080 physicalDisplayHeight=2400 density={3.0} cutoutSpec={M 0,0 M 0,10.71963616907435 a 9.280363830925644,9.280363830925644 0 1,0 0,18.56072766185129 a 9.280363830925644,9.280363830925644 0 1,0 0,-18.56072766185129 Z @dp} rotation={0} scale={1.0} physicalPixelDisplaySizeRatio={1.0}}}}, mRoundedCorners=RoundedCorners{[RoundedCorner{position=TopLeft, radius=96, center=Point(96, 96)}, RoundedCorner{position=TopRight, radius=96, center=Point(984, 96)}, RoundedCorner{position=BottomRight, radius=96, center=Point(984, 2304)}, RoundedCorner{position=BottomLeft, radius=96, center=Point(96, 2304)}]}  mRoundedCornerFrame=Rect(0, 0 - 1080, 2400), mPrivacyIndicatorBounds=PrivacyIndicatorBounds {static bounds=Rect(948, 0 - 1080, 88) rotation=0}, mSources= { InsetsSource: {mType=ITYPE_STATUS_BAR, mFrame=[0,0][1080,88], mVisible=true, mInsetsRoundedCornerFrame=false}, InsetsSource: {mType=ITYPE_NAVIGATION_BAR, mFrame=[0,2256][1080,2400], mVisible=true, mInsetsRoundedCornerFrame=false}, InsetsSource: {mType=ITYPE_LEFT_GESTURES, mFrame=[0,0][0,2400], mVisible=true, mInsetsRoundedCornerFrame=false}, InsetsSource: {mType=ITYPE_RIGHT_GESTURES, mFrame=[1080,0][1080,2400], mVisible=true, mInsetsRoundedCornerFrame=false}, InsetsSource: {mType=ITYPE_TOP_MANDATORY_GESTURES, mFrame=[0,0][1080,124], mVisible=true, mInsetsRoundedCornerFrame=false}, InsetsSource: {mType=ITYPE_BOTTOM_MANDATORY_GESTURES, mFrame=[0,2256][1080,2400], mVisible=true, mInsetsRoundedCornerFrame=false}, InsetsSource: {mType=ITYPE_LEFT_DISPLAY_CUTOUT, mFrame=[0,0][-100000,2400], mVisible=true, mInsetsRoundedCornerFrame=false}, InsetsSource: {mType=ITYPE_TOP_DISPLAY_CUTOUT, mFrame=[0,0][1080,88], mVisible=true, mInsetsRoundedCornerFrame=false}, InsetsSource: {mType=ITYPE_RIGHT_DISPLAY_CUTOUT, mFrame=[100000,0][1080,2400], mVisible=true, mInsetsRoundedCornerFrame=false}, InsetsSource: {mType=ITYPE_BOTTOM_DISPLAY_CUTOUT, mFrame=[0,100000][1080,2400], mVisible=true, mInsetsRoundedCornerFrame=false}, InsetsSource: {mType=ITYPE_TOP_TAPPABLE_ELEMENT, mFrame=[0,0][1080,88], mVisible=true, mInsetsRoundedCornerFrame=false}, InsetsSource: {mType=ITYPE_BOTTOM_TAPPABLE_ELEMENT, mFrame=[0,2256][1080,2400], mVisible=true, mInsetsRoundedCornerFrame=false} } host=com.evolucao.app/com.evolucao.app.MainActivity from=android.view.ViewRootImpl.setView:1732
04-06 11:24:09.190 17424 17424 I ViewRootImpl@a4a95d1[MainActivity]: setView = com.android.internal.policy.DecorView@b86e26b TM=false
04-06 11:24:09.197 17424 17445 D InputTransport: Input channel destroyed: 'ClientS', fd=153
04-06 11:24:09.197 17424 17445 D InputTransport: Input channel destroyed: 'ClientS', fd=150
04-06 11:24:09.197 17424 17445 D InputTransport: Input channel destroyed: 'ClientS', fd=106
04-06 11:24:09.197 17424 17445 D InputTransport: Input channel destroyed: 'ClientS', fd=146
04-06 11:24:09.198 17424 17445 D InputTransport: Input channel destroyed: 'ClientS', fd=124
04-06 11:24:09.198 17424 17445 D InputTransport: Input channel destroyed: 'ClientS', fd=156
04-06 11:24:09.202 17424 17424 I ViewRootImpl@a4a95d1[MainActivity]: performTraversals params={(0,0)(wrapxwrap) gr=CENTER sim={adjust=pan forwardNavigation} ty=APPLICATION fmt=TRANSLUCENT wanim=0x7f120002 surfaceInsets=Rect(120, 120 - 120, 120)
04-06 11:24:09.202 17424 17424 I ViewRootImpl@a4a95d1[MainActivity]:   fl=1820002
04-06 11:24:09.202 17424 17424 I ViewRootImpl@a4a95d1[MainActivity]:   pfl=42000000
04-06 11:24:09.202 17424 17424 I ViewRootImpl@a4a95d1[MainActivity]:   bhv=DEFAULT
04-06 11:24:09.202 17424 17424 I ViewRootImpl@a4a95d1[MainActivity]:   fitTypes=STATUS_BARS NAVIGATION_BARS CAPTION_BAR
04-06 11:24:09.202 17424 17424 I ViewRootImpl@a4a95d1[MainActivity]:  dimAmount=0.6 naviIconColor=0}
04-06 11:24:09.202 17424 17424 I ViewRootImpl@a4a95d1[MainActivity]: performTraversals mFirst=true windowShouldResize=false viewVisibilityChanged=false mForceNextWindowRelayout=false params={(0,0)(wrapxwrap) gr=CENTER sim={adjust=pan forwardNavigation} ty=APPLICATION fmt=TRANSLUCENT wanim=0x7f120002 surfaceInsets=Rect(120, 120 - 120, 120)
04-06 11:24:09.202 17424 17424 I ViewRootImpl@a4a95d1[MainActivity]:   fl=1820002
04-06 11:24:09.202 17424 17424 I ViewRootImpl@a4a95d1[MainActivity]:   pfl=42000000
04-06 11:24:09.202 17424 17424 I ViewRootImpl@a4a95d1[MainActivity]:   bhv=DEFAULT
04-06 11:24:09.202 17424 17424 I ViewRootImpl@a4a95d1[MainActivity]:   fitTypes=STATUS_BARS NAVIGATION_BARS CAPTION_BAR
04-06 11:24:09.202 17424 17424 I ViewRootImpl@a4a95d1[MainActivity]:  dimAmount=0.6 naviIconColor=0}
04-06 11:24:09.207 17424 17424 I ViewRootImpl@a4a95d1[MainActivity]: updateBlastSurfaceIfNeeded mBlastBufferQueue=null isSameSurfaceControl=false
04-06 11:24:09.208 17424 17424 I BLASTBufferQueue: new BLASTBufferQueue, mName= ViewRootImpl@a4a95d1[MainActivity] mNativeObject= 0xb4000069f6f57980 sc.mNativeObject= 0xb4000070a0c69c20 caller= android.view.ViewRootImpl.updateBlastSurfaceIfNeeded:2909 android.view.ViewRootImpl.relayoutWindow:9847 android.view.ViewRootImpl.performTraversals:3884 android.view.ViewRootImpl.doTraversal:3116 android.view.ViewRootImpl$TraversalRunnable.run:10885 android.view.Choreographer$CallbackRecord.run:1301 android.view.Choreographer$CallbackRecord.run:1309 android.view.Choreographer.doCallbacks:923 android.view.Choreographer.doFrame:852 android.view.Choreographer$FrameDisplayEventReceiver.run:1283 
04-06 11:24:09.208 17424 17424 I BLASTBufferQueue: update, w= 1266 h= 825 mName = ViewRootImpl@a4a95d1[MainActivity] mNativeObject= 0xb4000069f6f57980 sc.mNativeObject= 0xb4000070a0c69c20 format= -3 caller= android.graphics.BLASTBufferQueue.<init>:84 android.view.ViewRootImpl.updateBlastSurfaceIfNeeded:2909 android.view.ViewRootImpl.relayoutWindow:9847 android.view.ViewRootImpl.performTraversals:3884 android.view.ViewRootImpl.doTraversal:3116 android.view.ViewRootImpl$TraversalRunnable.run:10885 
04-06 11:24:09.208 17424 17424 I ViewRootImpl@a4a95d1[MainActivity]: Relayout returned: old=(0,88,1080,2256) new=(27,879,1053,1464) req=(1026,585)0 dur=5 res=0x3 s={true 0xb4000069f6fb9800} ch=true seqId=0
04-06 11:24:09.209 17424 17424 I ViewRootImpl@a4a95d1[MainActivity]: mThreadedRenderer.initialize() mSurface={isValid=true 0xb4000069f6fb9800} hwInitialized=true
04-06 11:24:09.209 17424 17512 D OpenGLRenderer: eglCreateWindowSurface
04-06 11:24:09.212 17424 17424 D ScrollView:  onsize change changed 
04-06 11:24:09.213 17424 17424 I ViewRootImpl@a4a95d1[MainActivity]: reportNextDraw android.view.ViewRootImpl.performTraversals:4438 android.view.ViewRootImpl.doTraversal:3116 android.view.ViewRootImpl$TraversalRunnable.run:10885 android.view.Choreographer$CallbackRecord.run:1301 android.view.Choreographer$CallbackRecord.run:1309 
04-06 11:24:09.213 17424 17424 I ViewRootImpl@a4a95d1[MainActivity]: Setup new sync id=0
04-06 11:24:09.213 17424 17424 I ViewRootImpl@a4a95d1[MainActivity]: Setting syncFrameCallback
04-06 11:24:09.213 17424 17424 I ViewRootImpl@a4a95d1[MainActivity]: registerCallbacksForSync syncBuffer=false
04-06 11:24:09.215 17424 17539 I ViewRootImpl@a4a95d1[MainActivity]: Received frameDrawingCallback syncResult=0 frameNum=1.
04-06 11:24:09.216 17424 17539 I ViewRootImpl@a4a95d1[MainActivity]: Setting up sync and frameCommitCallback
04-06 11:24:09.224 17424 17512 I BLASTBufferQueue: [ViewRootImpl@a4a95d1[MainActivity]#2](f:0,a:0) onFrameAvailable the first frame is available
04-06 11:24:09.224 17424 17512 I ViewRootImpl@a4a95d1[MainActivity]: Received frameCommittedCallback lastAttemptedDrawFrameNum=1 didProduceBuffer=true
04-06 11:24:09.225 17424 17512 D OpenGLRenderer: CFMS:: SetUp Pid : 17424    Tid : 17512
04-06 11:24:09.226 17424 17512 W Parcel  : Expecting binder but got null!
04-06 11:24:09.226 17424 17424 I ViewRootImpl@a4a95d1[MainActivity]: onSyncComplete
04-06 11:24:09.226 17424 17424 I ViewRootImpl@a4a95d1[MainActivity]: setupSync seqId=0 mSyncId=0 fn=1 caller=android.view.ViewRootImpl$$ExternalSyntheticLambda11.accept:6 android.window.SurfaceSyncer.lambda$setupSync$1$android-window-SurfaceSyncer:128 android.window.SurfaceSyncer$$ExternalSyntheticLambda1.accept:8 android.window.SurfaceSyncer$SyncSet.checkIfSyncIsComplete:382 android.window.SurfaceSyncer$SyncSet.markSyncReady:359 android.window.SurfaceSyncer.markSyncReady:151 android.view.ViewRootImpl.performTraversals:4503 
04-06 11:24:09.226 17424 17424 I ViewRootImpl@a4a95d1[MainActivity]: reportDrawFinished seqId=0 mSyncId=-1 fn=1 mSurfaceChangedTransaction=0xb4000069f6f6f600
04-06 11:24:09.237 17424 17424 I ViewRootImpl@ac0a76d[MainActivity]: MSG_WINDOW_FOCUS_CHANGED 0 0
04-06 11:24:09.269 17424 17443 I om.evolucao.app: Compiler allocated 6133KB to compile void android.view.ViewRootImpl.performTraversals()
04-06 11:24:09.270 17424 17424 I ViewRootImpl@a4a95d1[MainActivity]: MSG_WINDOW_FOCUS_CHANGED 1 0
04-06 11:24:09.270 17424 17424 I ViewRootImpl@a4a95d1[MainActivity]: mThreadedRenderer.initializeIfNeeded()#2 mSurface={isValid=true 0xb4000069f6fb9800}
04-06 11:24:09.834 17424 17496 I DetoxWSClient: Sending out action 'invokeResult' (ID #24)
04-06 11:24:09.836 17424 17496 I DetoxDispatcher: Done with action 'invoke'
04-06 11:24:09.843 17424 17500 D DetoxWSClient: Received action 'invoke' (ID #25, params={"target":{"type":"Class","value":"com.wix.detox.espresso.DetoxAssertion"},"method":"waitForAssertMatcher","args":[{"type":"Invocation","value":{"target":{"type":"Class","value":"androidx.test.espresso.Espresso"},"method":"onView","args":[{"type":"Invocation","value":{"target":{"type":"Class","value":"com.wix.detox.espresso.DetoxMatcher"},"method":"matcherForTestId","args":["btn-continuar",{"type":"boolean","value":false}]}}]}},{"type":"Invocation","value":{"target":{"type":"Class","value":"com.wix.detox.espresso.DetoxMatcher"},"method":"matcherForSufficientlyVisible","args":[{"type":"Integer","value":75}]}},{"type":"Double","value":1.2}]})
04-06 11:24:09.843 17424 17496 I DetoxDispatcher: Handling action 'invoke' (ID #25)...
04-06 11:24:09.844 17424 17496 D Detox   : class com.wix.detox.espresso.DetoxMatcher, matcherForTestId, [btn-continuar, false]
04-06 11:24:09.845 17424 17496 D Detox   : class androidx.test.espresso.Espresso, onView, [(view.getTag() is "btn-continuar" and view has effective visibility <VISIBLE>)]
04-06 11:24:09.847 17424 17496 D Detox   : class com.wix.detox.espresso.DetoxMatcher, matcherForSufficientlyVisible, [75]
04-06 11:24:09.847 17424 17496 D Detox   : class com.wix.detox.espresso.DetoxAssertion, waitForAssertMatcher, [androidx.test.espresso.ViewInteraction@3938635, (view has effective visibility <VISIBLE> and view.getGlobalVisibleRect() covers at least <75> percent of the view's area), 1.2]
04-06 11:24:09.861 17424 17424 I ViewInteraction: Checking 'MatchesViewAssertion(Detox){viewMatcher=(view has effective visibility <VISIBLE> and view.getGlobalVisibleRect() covers at least <75> percent of the view's area)}' assertion on view (view.getTag() is "btn-continuar" and view has effective visibility <VISIBLE>)
04-06 11:24:09.898 17424 17424 I ViewInteraction: Checking 'MatchesViewAssertion(Detox){viewMatcher=(view has effective visibility <VISIBLE> and view.getGlobalVisibleRect() covers at least <75> percent of the view's area)}' assertion on view (view.getTag() is "btn-continuar" and view has effective visibility <VISIBLE>)
04-06 11:24:09.936 17424 17424 I ViewInteraction: Checking 'MatchesViewAssertion(Detox){viewMatcher=(view has effective visibility <VISIBLE> and view.getGlobalVisibleRect() covers at least <75> percent of the view's area)}' assertion on view (view.getTag() is "btn-continuar" and view has effective visibility <VISIBLE>)
04-06 11:24:09.973 17424 17424 I ViewInteraction: Checking 'MatchesViewAssertion(Detox){viewMatcher=(view has effective visibility <VISIBLE> and view.getGlobalVisibleRect() covers at least <75> percent of the view's area)}' assertion on view (view.getTag() is "btn-continuar" and view has effective visibility <VISIBLE>)
04-06 11:24:10.009 17424 17424 I ViewInteraction: Checking 'MatchesViewAssertion(Detox){viewMatcher=(view has effective visibility <VISIBLE> and view.getGlobalVisibleRect() covers at least <75> percent of the view's area)}' assertion on view (view.getTag() is "btn-continuar" and view has effective visibility <VISIBLE>)
04-06 11:24:10.047 17424 17424 I ViewInteraction: Checking 'MatchesViewAssertion(Detox){viewMatcher=(view has effective visibility <VISIBLE> and view.getGlobalVisibleRect() covers at least <75> percent of the view's area)}' assertion on view (view.getTag() is "btn-continuar" and view has effective visibility <VISIBLE>)
04-06 11:24:10.084 17424 17424 I ViewInteraction: Checking 'MatchesViewAssertion(Detox){viewMatcher=(view has effective visibility <VISIBLE> and view.getGlobalVisibleRect() covers at least <75> percent of the view's area)}' assertion on view (view.getTag() is "btn-continuar" and view has effective visibility <VISIBLE>)
04-06 11:24:10.120 17424 17424 I ViewInteraction: Checking 'MatchesViewAssertion(Detox){viewMatcher=(view has effective visibility <VISIBLE> and view.getGlobalVisibleRect() covers at least <75> percent of the view's area)}' assertion on view (view.getTag() is "btn-continuar" and view has effective visibility <VISIBLE>)
04-06 11:24:10.157 17424 17424 I ViewInteraction: Checking 'MatchesViewAssertion(Detox){viewMatcher=(view has effective visibility <VISIBLE> and view.getGlobalVisibleRect() covers at least <75> percent of the view's area)}' assertion on view (view.getTag() is "btn-continuar" and view has effective visibility <VISIBLE>)
04-06 11:24:10.195 17424 17424 I ViewInteraction: Checking 'MatchesViewAssertion(Detox){viewMatcher=(view has effective visibility <VISIBLE> and view.getGlobalVisibleRect() covers at least <75> percent of the view's area)}' assertion on view (view.getTag() is "btn-continuar" and view has effective visibility <VISIBLE>)
04-06 11:24:10.233 17424 17424 I ViewInteraction: Checking 'MatchesViewAssertion(Detox){viewMatcher=(view has effective visibility <VISIBLE> and view.getGlobalVisibleRect() covers at least <75> percent of the view's area)}' assertion on view (view.getTag() is "btn-continuar" and view has effective visibility <VISIBLE>)
04-06 11:24:10.270 17424 17424 I ViewInteraction: Checking 'MatchesViewAssertion(Detox){viewMatcher=(view has effective visibility <VISIBLE> and view.getGlobalVisibleRect() covers at least <75> percent of the view's area)}' assertion on view (view.getTag() is "btn-continuar" and view has effective visibility <VISIBLE>)
04-06 11:24:10.309 17424 17424 I ViewInteraction: Checking 'MatchesViewAssertion(Detox){viewMatcher=(view has effective visibility <VISIBLE> and view.getGlobalVisibleRect() covers at least <75> percent of the view's area)}' assertion on view (view.getTag() is "btn-continuar" and view has effective visibility <VISIBLE>)
04-06 11:24:10.346 17424 17424 I ViewInteraction: Checking 'MatchesViewAssertion(Detox){viewMatcher=(view has effective visibility <VISIBLE> and view.getGlobalVisibleRect() covers at least <75> percent of the view's area)}' assertion on view (view.getTag() is "btn-continuar" and view has effective visibility <VISIBLE>)
04-06 11:24:10.383 17424 17424 I ViewInteraction: Checking 'MatchesViewAssertion(Detox){viewMatcher=(view has effective visibility <VISIBLE> and view.getGlobalVisibleRect() covers at least <75> percent of the view's area)}' assertion on view (view.getTag() is "btn-continuar" and view has effective visibility <VISIBLE>)
04-06 11:24:10.422 17424 17424 I ViewInteraction: Checking 'MatchesViewAssertion(Detox){viewMatcher=(view has effective visibility <VISIBLE> and view.getGlobalVisibleRect() covers at least <75> percent of the view's area)}' assertion on view (view.getTag() is "btn-continuar" and view has effective visibility <VISIBLE>)
04-06 11:24:10.460 17424 17424 I ViewInteraction: Checking 'MatchesViewAssertion(Detox){viewMatcher=(view has effective visibility <VISIBLE> and view.getGlobalVisibleRect() covers at least <75> percent of the view's area)}' assertion on view (view.getTag() is "btn-continuar" and view has effective visibility <VISIBLE>)
04-06 11:24:10.497 17424 17424 I ViewInteraction: Checking 'MatchesViewAssertion(Detox){viewMatcher=(view has effective visibility <VISIBLE> and view.getGlobalVisibleRect() covers at least <75> percent of the view's area)}' assertion on view (view.getTag() is "btn-continuar" and view has effective visibility <VISIBLE>)
04-06 11:24:10.530 17424 17424 I ViewInteraction: Checking 'MatchesViewAssertion(Detox){viewMatcher=(view has effective visibility <VISIBLE> and view.getGlobalVisibleRect() covers at least <75> percent of the view's area)}' assertion on view (view.getTag() is "btn-continuar" and view has effective visibility <VISIBLE>)
04-06 11:24:10.557 17424 17424 I ViewInteraction: Checking 'MatchesViewAssertion(Detox){viewMatcher=(view has effective visibility <VISIBLE> and view.getGlobalVisibleRect() covers at least <75> percent of the view's area)}' assertion on view (view.getTag() is "btn-continuar" and view has effective visibility <VISIBLE>)
04-06 11:24:10.592 17424 17424 I ViewInteraction: Checking 'MatchesViewAssertion(Detox){viewMatcher=(view has effective visibility <VISIBLE> and view.getGlobalVisibleRect() covers at least <75> percent of the view's area)}' assertion on view (view.getTag() is "btn-continuar" and view has effective visibility <VISIBLE>)
04-06 11:24:10.629 17424 17424 I ViewInteraction: Checking 'MatchesViewAssertion(Detox){viewMatcher=(view has effective visibility <VISIBLE> and view.getGlobalVisibleRect() covers at least <75> percent of the view's area)}' assertion on view (view.getTag() is "btn-continuar" and view has effective visibility <VISIBLE>)
04-06 11:24:10.657 17424 17424 I ViewInteraction: Checking 'MatchesViewAssertion(Detox){viewMatcher=(view has effective visibility <VISIBLE> and view.getGlobalVisibleRect() covers at least <75> percent of the view's area)}' assertion on view (view.getTag() is "btn-continuar" and view has effective visibility <VISIBLE>)
04-06 11:24:10.689 17424 17424 I ViewInteraction: Checking 'MatchesViewAssertion(Detox){viewMatcher=(view has effective visibility <VISIBLE> and view.getGlobalVisibleRect() covers at least <75> percent of the view's area)}' assertion on view (view.getTag() is "btn-continuar" and view has effective visibility <VISIBLE>)
04-06 11:24:10.726 17424 17424 I ViewInteraction: Checking 'MatchesViewAssertion(Detox){viewMatcher=(view has effective visibility <VISIBLE> and view.getGlobalVisibleRect() covers at least <75> percent of the view's area)}' assertion on view (view.getTag() is "btn-continuar" and view has effective visibility <VISIBLE>)
04-06 11:24:10.763 17424 17424 I ViewInteraction: Checking 'MatchesViewAssertion(Detox){viewMatcher=(view has effective visibility <VISIBLE> and view.getGlobalVisibleRect() covers at least <75> percent of the view's area)}' assertion on view (view.getTag() is "btn-continuar" and view has effective visibility <VISIBLE>)
04-06 11:24:10.802 17424 17424 I ViewInteraction: Checking 'MatchesViewAssertion(Detox){viewMatcher=(view has effective visibility <VISIBLE> and view.getGlobalVisibleRect() covers at least <75> percent of the view's area)}' assertion on view (view.getTag() is "btn-continuar" and view has effective visibility <VISIBLE>)
04-06 11:24:10.839 17424 17424 I ViewInteraction: Checking 'MatchesViewAssertion(Detox){viewMatcher=(view has effective visibility <VISIBLE> and view.getGlobalVisibleRect() covers at least <75> percent of the view's area)}' assertion on view (view.getTag() is "btn-continuar" and view has effective visibility <VISIBLE>)
04-06 11:24:10.878 17424 17424 I ViewInteraction: Checking 'MatchesViewAssertion(Detox){viewMatcher=(view has effective visibility <VISIBLE> and view.getGlobalVisibleRect() covers at least <75> percent of the view's area)}' assertion on view (view.getTag() is "btn-continuar" and view has effective visibility <VISIBLE>)
04-06 11:24:10.914 17424 17424 I ViewInteraction: Checking 'MatchesViewAssertion(Detox){viewMatcher=(view has effective visibility <VISIBLE> and view.getGlobalVisibleRect() covers at least <75> percent of the view's area)}' assertion on view (view.getTag() is "btn-continuar" and view has effective visibility <VISIBLE>)
04-06 11:24:10.944 17424 17424 I ViewInteraction: Checking 'MatchesViewAssertion(Detox){viewMatcher=(view has effective visibility <VISIBLE> and view.getGlobalVisibleRect() covers at least <75> percent of the view's area)}' assertion on view (view.getTag() is "btn-continuar" and view has effective visibility <VISIBLE>)
04-06 11:24:10.981 17424 17424 I ViewInteraction: Checking 'MatchesViewAssertion(Detox){viewMatcher=(view has effective visibility <VISIBLE> and view.getGlobalVisibleRect() covers at least <75> percent of the view's area)}' assertion on view (view.getTag() is "btn-continuar" and view has effective visibility <VISIBLE>)
04-06 11:24:11.018 17424 17424 I ViewInteraction: Checking 'MatchesViewAssertion(Detox){viewMatcher=(view has effective visibility <VISIBLE> and view.getGlobalVisibleRect() covers at least <75> percent of the view's area)}' assertion on view (view.getTag() is "btn-continuar" and view has effective visibility <VISIBLE>)
04-06 11:24:11.054 17424 17424 I ViewInteraction: Checking 'MatchesViewAssertion(Detox){viewMatcher=(view has effective visibility <VISIBLE> and view.getGlobalVisibleRect() covers at least <75> percent of the view's area)}' assertion on view (view.getTag() is "btn-continuar" and view has effective visibility <VISIBLE>)
04-06 11:24:11.083 17424 17496 I DetoxActionHandlers: Test exception
04-06 11:24:11.083 17424 17496 I DetoxActionHandlers: java.lang.reflect.InvocationTargetException
04-06 11:24:11.083 17424 17496 I DetoxActionHandlers: 	at java.lang.reflect.Method.invoke(Native Method)
04-06 11:24:11.083 17424 17496 I DetoxActionHandlers: 	at org.apache.commons.lang3.reflect.MethodUtils.invokeStaticMethod(MethodUtils.java:443)
04-06 11:24:11.083 17424 17496 I DetoxActionHandlers: 	at org.apache.commons.lang3.reflect.MethodUtils.invokeStaticMethod(MethodUtils.java:405)
04-06 11:24:11.083 17424 17496 I DetoxActionHandlers: 	at com.wix.invoke.types.ClassTarget.execute(ClassTarget.java:23)
04-06 11:24:11.083 17424 17496 I DetoxActionHandlers: 	at com.wix.invoke.types.Target.invoke(Target.java:59)
04-06 11:24:11.083 17424 17496 I DetoxActionHandlers: 	at com.wix.invoke.MethodInvocation.invoke(MethodInvocation.java:35)
04-06 11:24:11.083 17424 17496 I DetoxActionHandlers: 	at com.wix.invoke.MethodInvocation.invoke(MethodInvocation.java:26)
04-06 11:24:11.083 17424 17496 I DetoxActionHandlers: 	at com.wix.invoke.MethodInvocation.invoke(MethodInvocation.java:20)
04-06 11:24:11.083 17424 17496 I DetoxActionHandlers: 	at com.wix.detox.adapters.server.InvokeActionHandler.handle(DetoxActionHandlers.kt:54)
04-06 11:24:11.083 17424 17496 I DetoxActionHandlers: 	at com.wix.detox.adapters.server.ActionsExecutor.executeAction$lambda$2$lambda$1(DetoxActionsDispatcher.kt:76)
04-06 11:24:11.083 17424 17496 I DetoxActionHandlers: 	at com.wix.detox.adapters.server.ActionsExecutor.$r8$lambda$GVbB7LHtBHxNHGbgYnHJ6YrwCqs(Unknown Source:0)
04-06 11:24:11.083 17424 17496 I DetoxActionHandlers: 	at com.wix.detox.adapters.server.ActionsExecutor$$ExternalSyntheticLambda0.run(D8$$SyntheticClass:0)
04-06 11:24:11.083 17424 17496 I DetoxActionHandlers: 	at android.os.Handler.handleCallback(Handler.java:942)
04-06 11:24:11.083 17424 17496 I DetoxActionHandlers: 	at android.os.Handler.dispatchMessage(Handler.java:99)
04-06 11:24:11.083 17424 17496 I DetoxActionHandlers: 	at android.os.Looper.loopOnce(Looper.java:226)
04-06 11:24:11.083 17424 17496 I DetoxActionHandlers: 	at android.os.Looper.loop(Looper.java:313)
04-06 11:24:11.083 17424 17496 I DetoxActionHandlers: 	at com.wix.detox.adapters.server.ActionsExecutor._init_$lambda$0(DetoxActionsDispatcher.kt:62)
04-06 11:24:11.083 17424 17496 I DetoxActionHandlers: 	at com.wix.detox.adapters.server.ActionsExecutor.$r8$lambda$xlgL0CQim6vNM0wWEqM8JIDgZUE(Unknown Source:0)
04-06 11:24:11.083 17424 17496 I DetoxActionHandlers: 	at com.wix.detox.adapters.server.ActionsExecutor$$ExternalSyntheticLambda1.run(D8$$SyntheticClass:0)
04-06 11:24:11.083 17424 17496 I DetoxActionHandlers: 	at java.lang.Thread.run(Thread.java:1012)
04-06 11:24:11.083 17424 17496 I DetoxActionHandlers: Caused by: com.wix.detox.common.DetoxErrors$DetoxRuntimeException: 1.2sec timeout expired without matching of given matcher: (view has effective visibility <VISIBLE> and view.getGlobalVisibleRect() covers at least <75> percent of the view's area)
04-06 11:24:11.083 17424 17496 I DetoxActionHandlers: 	at com.wix.detox.espresso.DetoxAssertion.waitForAssertMatcher(DetoxAssertion.java:72)
04-06 11:24:11.083 17424 17496 I DetoxActionHandlers: 	... 20 more
04-06 11:24:11.083 17424 17496 I DetoxWSClient: Sending out action 'testFailed' (ID #25)
04-06 11:24:11.084 17424 17496 I DetoxDispatcher: Done with action 'invoke'
04-06 11:24:11.732 17424 17500 D DetoxWSClient: Received action 'invoke' (ID #26, params={"target":{"type":"Class","value":"com.wix.detox.espresso.DetoxAssertion"},"method":"waitForAssertMatcher","args":[{"type":"Invocation","value":{"target":{"type":"Class","value":"androidx.test.espresso.Espresso"},"method":"onView","args":[{"type":"Invocation","value":{"target":{"type":"Class","value":"com.wix.detox.espresso.DetoxMatcher"},"method":"matcherForTestId","args":["tab-treino",{"type":"boolean","value":false}]}}]}},{"type":"Invocation","value":{"target":{"type":"Class","value":"com.wix.detox.espresso.DetoxMatcher"},"method":"matcherForSufficientlyVisible","args":[{"type":"Integer","value":75}]}},{"type":"Double","value":5}]})
04-06 11:24:11.733 17424 17496 I DetoxDispatcher: Handling action 'invoke' (ID #26)...
04-06 11:24:11.734 17424 17496 D Detox   : class com.wix.detox.espresso.DetoxMatcher, matcherForTestId, [tab-treino, false]
04-06 11:24:11.735 17424 17496 D Detox   : class androidx.test.espresso.Espresso, onView, [(view.getTag() is "tab-treino" and view has effective visibility <VISIBLE>)]
04-06 11:24:11.737 17424 17496 D Detox   : class com.wix.detox.espresso.DetoxMatcher, matcherForSufficientlyVisible, [75]
04-06 11:24:11.738 17424 17496 D Detox   : class com.wix.detox.espresso.DetoxAssertion, waitForAssertMatcher, [androidx.test.espresso.ViewInteraction@a9c8da6, (view has effective visibility <VISIBLE> and view.getGlobalVisibleRect() covers at least <75> percent of the view's area), 5.0]
04-06 11:24:11.752 17424 17424 I ViewInteraction: Checking 'MatchesViewAssertion(Detox){viewMatcher=(view has effective visibility <VISIBLE> and view.getGlobalVisibleRect() covers at least <75> percent of the view's area)}' assertion on view (view.getTag() is "tab-treino" and view has effective visibility <VISIBLE>)
04-06 11:24:11.782 17424 17424 I ViewInteraction: Checking 'MatchesViewAssertion(Detox){viewMatcher=(view has effective visibility <VISIBLE> and view.getGlobalVisibleRect() covers at least <75> percent of the view's area)}' assertion on view (view.getTag() is "tab-treino" and view has effective visibility <VISIBLE>)
04-06 11:24:11.817 17424 17424 I ViewInteraction: Checking 'MatchesViewAssertion(Detox){viewMatcher=(view has effective visibility <VISIBLE> and view.getGlobalVisibleRect() covers at least <75> percent of the view's area)}' assertion on view (view.getTag() is "tab-treino" and view has effective visibility <VISIBLE>)
04-06 11:24:11.854 17424 17424 I ViewInteraction: Checking 'MatchesViewAssertion(Detox){viewMatcher=(view has effective visibility <VISIBLE> and view.getGlobalVisibleRect() covers at least <75> percent of the view's area)}' assertion on view (view.getTag() is "tab-treino" and view has effective visibility <VISIBLE>)
04-06 11:24:11.893 17424 17424 I ViewInteraction: Checking 'MatchesViewAssertion(Detox){viewMatcher=(view has effective visibility <VISIBLE> and view.getGlobalVisibleRect() covers at least <75> percent of the view's area)}' assertion on view (view.getTag() is "tab-treino" and view has effective visibility <VISIBLE>)
04-06 11:24:11.929 17424 17424 I ViewInteraction: Checking 'MatchesViewAssertion(Detox){viewMatcher=(view has effective visibility <VISIBLE> and view.getGlobalVisibleRect() covers at least <75> percent of the view's area)}' assertion on view (view.getTag() is "tab-treino" and view has effective visibility <VISIBLE>)
04-06 11:24:11.966 17424 17424 I ViewInteraction: Checking 'MatchesViewAssertion(Detox){viewMatcher=(view has effective visibility <VISIBLE> and view.getGlobalVisibleRect() covers at least <75> percent of the view's area)}' assertion on view (view.getTag() is "tab-treino" and view has effective visibility <VISIBLE>)
04-06 11:24:12.005 17424 17424 I ViewInteraction: Checking 'MatchesViewAssertion(Detox){viewMatcher=(view has effective visibility <VISIBLE> and view.getGlobalVisibleRect() covers at least <75> percent of the view's area)}' assertion on view (view.getTag() is "tab-treino" and view has effective visibility <VISIBLE>)
04-06 11:24:12.041 17424 17424 I ViewInteraction: Checking 'MatchesViewAssertion(Detox){viewMatcher=(view has effective visibility <VISIBLE> and view.getGlobalVisibleRect() covers at least <75> percent of the view's area)}' assertion on view (view.getTag() is "tab-treino" and view has effective visibility <VISIBLE>)
04-06 11:24:12.079 17424 17424 I ViewInteraction: Checking 'MatchesViewAssertion(Detox){viewMatcher=(view has effective visibility <VISIBLE> and view.getGlobalVisibleRect() covers at least <75> percent of the view's area)}' assertion on view (view.getTag() is "tab-treino" and view has effective visibility <VISIBLE>)
04-06 11:24:12.115 17424 17424 I ViewInteraction: Checking 'MatchesViewAssertion(Detox){viewMatcher=(view has effective visibility <VISIBLE> and view.getGlobalVisibleRect() covers at least <75> percent of the view's area)}' assertion on view (view.getTag() is "tab-treino" and view has effective visibility <VISIBLE>)
04-06 11:24:12.151 17424 17424 I ViewInteraction: Checking 'MatchesViewAssertion(Detox){viewMatcher=(view has effective visibility <VISIBLE> and view.getGlobalVisibleRect() covers at least <75> percent of the view's area)}' assertion on view (view.getTag() is "tab-treino" and view has effective visibility <VISIBLE>)
04-06 11:24:12.188 17424 17424 I ViewInteraction: Checking 'MatchesViewAssertion(Detox){viewMatcher=(view has effective visibility <VISIBLE> and view.getGlobalVisibleRect() covers at least <75> percent of the view's area)}' assertion on view (view.getTag() is "tab-treino" and view has effective visibility <VISIBLE>)
04-06 11:24:12.227 17424 17424 I ViewInteraction: Checking 'MatchesViewAssertion(Detox){viewMatcher=(view has effective visibility <VISIBLE> and view.getGlobalVisibleRect() covers at least <75> percent of the view's area)}' assertion on view (view.getTag() is "tab-treino" and view has effective visibility <VISIBLE>)
04-06 11:24:12.262 17424 17424 I ViewInteraction: Checking 'MatchesViewAssertion(Detox){viewMatcher=(view has effective visibility <VISIBLE> and view.getGlobalVisibleRect() covers at least <75> percent of the view's area)}' assertion on view (view.getTag() is "tab-treino" and view has effective visibility <VISIBLE>)
04-06 11:24:12.296 17424 17424 I ViewInteraction: Checking 'MatchesViewAssertion(Detox){viewMatcher=(view has effective visibility <VISIBLE> and view.getGlobalVisibleRect() covers at least <75> percent of the view's area)}' assertion on view (view.getTag() is "tab-treino" and view has effective visibility <VISIBLE>)
04-06 11:24:12.331 17424 17424 I ViewInteraction: Checking 'MatchesViewAssertion(Detox){viewMatcher=(view has effective visibility <VISIBLE> and view.getGlobalVisibleRect() covers at least <75> percent of the view's area)}' assertion on view (view.getTag() is "tab-treino" and view has effective visibility <VISIBLE>)
04-06 11:24:12.367 17424 17424 I ViewInteraction: Checking 'MatchesViewAssertion(Detox){viewMatcher=(view has effective visibility <VISIBLE> and view.getGlobalVisibleRect() covers at least <75> percent of the view's area)}' assertion on view (view.getTag() is "tab-treino" and view has effective visibility <VISIBLE>)
04-06 11:24:12.395 17424 17424 I ViewInteraction: Checking 'MatchesViewAssertion(Detox){viewMatcher=(view has effective visibility <VISIBLE> and view.getGlobalVisibleRect() covers at least <75> percent of the view's area)}' assertion on view (view.getTag() is "tab-treino" and view has effective visibility <VISIBLE>)
