04-06 11:24:04.688 17424 17424 I ViewInteraction: Checking 'MatchesViewAssertion(Detox){viewMatcher=(view has effective visibility <VISIBLE> and view.getGlobalVisibleRect() covers at least <75> percent of the view's area)}' assertion on view (view.getTag() is "tab-treino" and view has effective visibility <VISIBLE>)
04-06 11:24:04.729 17424 17424 I ViewInteraction: Checking 'MatchesViewAssertion(Detox){viewMatcher=(view has effective visibility <VISIBLE> and view.getGlobalVisibleRect() covers at least <75> percent of the view's area)}' assertion on view (view.getTag() is "tab-treino" and view has effective visibility <VISIBLE>)
04-06 11:24:04.767 17424 17424 I ViewInteraction: Checking 'MatchesViewAssertion(Detox){viewMatcher=(view has effective visibility <VISIBLE> and view.getGlobalVisibleRect() covers at least <75> percent of the view's area)}' assertion on view (view.getTag() is "tab-treino" and view has effective visibility <VISIBLE>)
04-06 11:24:04.810 17424 17424 I ViewInteraction: Checking 'MatchesViewAssertion(Detox){viewMatcher=(view has effective visibility <VISIBLE> and view.getGlobalVisibleRect() covers at least <75> percent of the view's area)}' assertion on view (view.getTag() is "tab-treino" and view has effective visibility <VISIBLE>)
04-06 11:24:04.846 17424 17424 I ViewInteraction: Checking 'MatchesViewAssertion(Detox){viewMatcher=(view has effective visibility <VISIBLE> and view.getGlobalVisibleRect() covers at least <75> percent of the view's area)}' assertion on view (view.getTag() is "tab-treino" and view has effective visibility <VISIBLE>)
04-06 11:24:04.889 17424 17424 I ViewInteraction: Checking 'MatchesViewAssertion(Detox){viewMatcher=(view has effective visibility <VISIBLE> and view.getGlobalVisibleRect() covers at least <75> percent of the view's area)}' assertion on view (view.getTag() is "tab-treino" and view has effective visibility <VISIBLE>)
04-06 11:24:04.932 17424 17424 I ViewInteraction: Checking 'MatchesViewAssertion(Detox){viewMatcher=(view has effective visibility <VISIBLE> and view.getGlobalVisibleRect() covers at least <75> percent of the view's area)}' assertion on view (view.getTag() is "tab-treino" and view has effective visibility <VISIBLE>)
04-06 11:24:04.978 17424 17424 I ViewInteraction: Checking 'MatchesViewAssertion(Detox){viewMatcher=(view has effective visibility <VISIBLE> and view.getGlobalVisibleRect() covers at least <75> percent of the view's area)}' assertion on view (view.getTag() is "tab-treino" and view has effective visibility <VISIBLE>)
04-06 11:24:05.022 17424 17424 I ViewInteraction: Checking 'MatchesViewAssertion(Detox){viewMatcher=(view has effective visibility <VISIBLE> and view.getGlobalVisibleRect() covers at least <75> percent of the view's area)}' assertion on view (view.getTag() is "tab-treino" and view has effective visibility <VISIBLE>)
04-06 11:24:05.064 17424 17424 I ViewInteraction: Checking 'MatchesViewAssertion(Detox){viewMatcher=(view has effective visibility <VISIBLE> and view.getGlobalVisibleRect() covers at least <75> percent of the view's area)}' assertion on view (view.getTag() is "tab-treino" and view has effective visibility <VISIBLE>)
04-06 11:24:05.104 17424 17424 I ViewInteraction: Checking 'MatchesViewAssertion(Detox){viewMatcher=(view has effective visibility <VISIBLE> and view.getGlobalVisibleRect() covers at least <75> percent of the view's area)}' assertion on view (view.getTag() is "tab-treino" and view has effective visibility <VISIBLE>)
04-06 11:24:05.145 17424 17424 I ViewInteraction: Checking 'MatchesViewAssertion(Detox){viewMatcher=(view has effective visibility <VISIBLE> and view.getGlobalVisibleRect() covers at least <75> percent of the view's area)}' assertion on view (view.getTag() is "tab-treino" and view has effective visibility <VISIBLE>)
04-06 11:24:05.191 17424 17424 I ViewInteraction: Checking 'MatchesViewAssertion(Detox){viewMatcher=(view has effective visibility <VISIBLE> and view.getGlobalVisibleRect() covers at least <75> percent of the view's area)}' assertion on view (view.getTag() is "tab-treino" and view has effective visibility <VISIBLE>)
04-06 11:24:05.230 17424 17424 I ViewInteraction: Checking 'MatchesViewAssertion(Detox){viewMatcher=(view has effective visibility <VISIBLE> and view.getGlobalVisibleRect() covers at least <75> percent of the view's area)}' assertion on view (view.getTag() is "tab-treino" and view has effective visibility <VISIBLE>)
04-06 11:24:05.264 17424 17424 I ViewInteraction: Checking 'MatchesViewAssertion(Detox){viewMatcher=(view has effective visibility <VISIBLE> and view.getGlobalVisibleRect() covers at least <75> percent of the view's area)}' assertion on view (view.getTag() is "tab-treino" and view has effective visibility <VISIBLE>)
04-06 11:24:05.304 17424 17424 I ViewInteraction: Checking 'MatchesViewAssertion(Detox){viewMatcher=(view has effective visibility <VISIBLE> and view.getGlobalVisibleRect() covers at least <75> percent of the view's area)}' assertion on view (view.getTag() is "tab-treino" and view has effective visibility <VISIBLE>)
04-06 11:24:05.348 17424 17424 I ViewInteraction: Checking 'MatchesViewAssertion(Detox){viewMatcher=(view has effective visibility <VISIBLE> and view.getGlobalVisibleRect() covers at least <75> percent of the view's area)}' assertion on view (view.getTag() is "tab-treino" and view has effective visibility <VISIBLE>)
04-06 11:24:05.393 17424 17424 I ViewInteraction: Checking 'MatchesViewAssertion(Detox){viewMatcher=(view has effective visibility <VISIBLE> and view.getGlobalVisibleRect() covers at least <75> percent of the view's area)}' assertion on view (view.getTag() is "tab-treino" and view has effective visibility <VISIBLE>)
04-06 11:24:05.433 17424 17424 I ViewInteraction: Checking 'MatchesViewAssertion(Detox){viewMatcher=(view has effective visibility <VISIBLE> and view.getGlobalVisibleRect() covers at least <75> percent of the view's area)}' assertion on view (view.getTag() is "tab-treino" and view has effective visibility <VISIBLE>)
04-06 11:24:05.477 17424 17424 I ViewInteraction: Checking 'MatchesViewAssertion(Detox){viewMatcher=(view has effective visibility <VISIBLE> and view.getGlobalVisibleRect() covers at least <75> percent of the view's area)}' assertion on view (view.getTag() is "tab-treino" and view has effective visibility <VISIBLE>)
04-06 11:24:05.505 17424 17496 I DetoxActionHandlers: Test exception
04-06 11:24:05.505 17424 17496 I DetoxActionHandlers: java.lang.reflect.InvocationTargetException
04-06 11:24:05.505 17424 17496 I DetoxActionHandlers: 	at java.lang.reflect.Method.invoke(Native Method)
04-06 11:24:05.505 17424 17496 I DetoxActionHandlers: 	at org.apache.commons.lang3.reflect.MethodUtils.invokeStaticMethod(MethodUtils.java:443)
04-06 11:24:05.505 17424 17496 I DetoxActionHandlers: 	at org.apache.commons.lang3.reflect.MethodUtils.invokeStaticMethod(MethodUtils.java:405)
04-06 11:24:05.505 17424 17496 I DetoxActionHandlers: 	at com.wix.invoke.types.ClassTarget.execute(ClassTarget.java:23)
04-06 11:24:05.505 17424 17496 I DetoxActionHandlers: 	at com.wix.invoke.types.Target.invoke(Target.java:59)
04-06 11:24:05.505 17424 17496 I DetoxActionHandlers: 	at com.wix.invoke.MethodInvocation.invoke(MethodInvocation.java:35)
04-06 11:24:05.505 17424 17496 I DetoxActionHandlers: 	at com.wix.invoke.MethodInvocation.invoke(MethodInvocation.java:26)
04-06 11:24:05.505 17424 17496 I DetoxActionHandlers: 	at com.wix.invoke.MethodInvocation.invoke(MethodInvocation.java:20)
04-06 11:24:05.505 17424 17496 I DetoxActionHandlers: 	at com.wix.detox.adapters.server.InvokeActionHandler.handle(DetoxActionHandlers.kt:54)
04-06 11:24:05.505 17424 17496 I DetoxActionHandlers: 	at com.wix.detox.adapters.server.ActionsExecutor.executeAction$lambda$2$lambda$1(DetoxActionsDispatcher.kt:76)
04-06 11:24:05.505 17424 17496 I DetoxActionHandlers: 	at com.wix.detox.adapters.server.ActionsExecutor.$r8$lambda$GVbB7LHtBHxNHGbgYnHJ6YrwCqs(Unknown Source:0)
04-06 11:24:05.505 17424 17496 I DetoxActionHandlers: 	at com.wix.detox.adapters.server.ActionsExecutor$$ExternalSyntheticLambda0.run(D8$$SyntheticClass:0)
04-06 11:24:05.505 17424 17496 I DetoxActionHandlers: 	at android.os.Handler.handleCallback(Handler.java:942)
04-06 11:24:05.505 17424 17496 I DetoxActionHandlers: 	at android.os.Handler.dispatchMessage(Handler.java:99)
04-06 11:24:05.505 17424 17496 I DetoxActionHandlers: 	at android.os.Looper.loopOnce(Looper.java:226)
04-06 11:24:05.505 17424 17496 I DetoxActionHandlers: 	at android.os.Looper.loop(Looper.java:313)
04-06 11:24:05.505 17424 17496 I DetoxActionHandlers: 	at com.wix.detox.adapters.server.ActionsExecutor._init_$lambda$0(DetoxActionsDispatcher.kt:62)
04-06 11:24:05.505 17424 17496 I DetoxActionHandlers: 	at com.wix.detox.adapters.server.ActionsExecutor.$r8$lambda$xlgL0CQim6vNM0wWEqM8JIDgZUE(Unknown Source:0)
04-06 11:24:05.505 17424 17496 I DetoxActionHandlers: 	at com.wix.detox.adapters.server.ActionsExecutor$$ExternalSyntheticLambda1.run(D8$$SyntheticClass:0)
04-06 11:24:05.505 17424 17496 I DetoxActionHandlers: 	at java.lang.Thread.run(Thread.java:1012)
04-06 11:24:05.505 17424 17496 I DetoxActionHandlers: Caused by: com.wix.detox.common.DetoxErrors$DetoxRuntimeException: 3.0sec timeout expired without matching of given matcher: (view has effective visibility <VISIBLE> and view.getGlobalVisibleRect() covers at least <75> percent of the view's area)
04-06 11:24:05.505 17424 17496 I DetoxActionHandlers: 	at com.wix.detox.espresso.DetoxAssertion.waitForAssertMatcher(DetoxAssertion.java:72)
04-06 11:24:05.505 17424 17496 I DetoxActionHandlers: 	... 20 more
04-06 11:24:05.505 17424 17496 I DetoxWSClient: Sending out action 'testFailed' (ID #3)
04-06 11:24:05.506 17424 17496 I DetoxDispatcher: Done with action 'invoke'
04-06 11:24:05.511 17424 17500 D DetoxWSClient: Received action 'invoke' (ID #4, params={"target":{"type":"Class","value":"com.wix.detox.espresso.EspressoDetox"},"method":"perform","args":[{"type":"Invocation","value":{"target":{"type":"Class","value":"com.wix.detox.espresso.DetoxMatcher"},"method":"matcherForTestId","args":["scroll-container",{"type":"boolean","value":false}]}},{"type":"Invocation","value":{"target":{"type":"Class","value":"com.wix.detox.espresso.DetoxAction"},"method":"scrollInDirection","args":[{"type":"Integer","value":3},{"type":"Double","value":320},{"type":"Double","value":-1},{"type":"Double","value":-1}]}}]})
04-06 11:24:05.511 17424 17496 I DetoxDispatcher: Handling action 'invoke' (ID #4)...
04-06 11:24:05.512 17424 17496 D Detox   : class com.wix.detox.espresso.DetoxMatcher, matcherForTestId, [scroll-container, false]
04-06 11:24:05.514 17424 17496 D Detox   : class com.wix.detox.espresso.DetoxAction, scrollInDirection, [3, 320.0, -1.0, -1.0]
04-06 11:24:05.516 17424 17496 D Detox   : class com.wix.detox.espresso.EspressoDetox, perform, [(view.getTag() is "scroll-container" and view has effective visibility <VISIBLE>), com.wix.detox.espresso.scroll.DetoxScrollAction@a17dfca]
04-06 11:24:05.522 17424 17424 I ViewInteraction: Performing 'scrollInDirection' action on view (view.getTag() is "scroll-container" and view has effective visibility <VISIBLE>)
04-06 11:24:05.525 17424 17424 D DetoxScrollHelper: prescroll amountDP=320.0 amountPx=960 scrollableRangePx=1951 times=0 remainder=960
04-06 11:24:05.526 17424 17496 I DetoxWSClient: Sending out action 'invokeResult' (ID #4)
04-06 11:24:05.526 17424 17496 I DetoxDispatcher: Done with action 'invoke'
04-06 11:24:05.534 17424 17500 D DetoxWSClient: Received action 'invoke' (ID #5, params={"target":{"type":"Class","value":"com.wix.detox.espresso.EspressoDetox"},"method":"perform","args":[{"type":"Invocation","value":{"target":{"type":"Class","value":"com.wix.detox.espresso.DetoxMatcher"},"method":"matcherForTestId","args":["scroll-container",{"type":"boolean","value":false}]}},{"type":"Invocation","value":{"target":{"type":"Class","value":"com.wix.detox.espresso.DetoxAction"},"method":"scrollInDirection","args":[{"type":"Integer","value":3},{"type":"Double","value":320},{"type":"Double","value":-1},{"type":"Double","value":-1}]}}]})
04-06 11:24:05.534 17424 17496 I DetoxDispatcher: Handling action 'invoke' (ID #5)...
04-06 11:24:05.535 17424 17496 D Detox   : class com.wix.detox.espresso.DetoxMatcher, matcherForTestId, [scroll-container, false]
04-06 11:24:05.535 17424 17496 D Detox   : class com.wix.detox.espresso.DetoxAction, scrollInDirection, [3, 320.0, -1.0, -1.0]
04-06 11:24:05.535 17424 17496 D Detox   : class com.wix.detox.espresso.EspressoDetox, perform, [(view.getTag() is "scroll-container" and view has effective visibility <VISIBLE>), com.wix.detox.espresso.scroll.DetoxScrollAction@296053b]
04-06 11:24:05.538 17424 17424 I ViewInteraction: Performing 'scrollInDirection' action on view (view.getTag() is "scroll-container" and view has effective visibility <VISIBLE>)
04-06 11:24:05.538 17424 17424 D DetoxScrollHelper: prescroll amountDP=320.0 amountPx=960 scrollableRangePx=1951 times=0 remainder=960
04-06 11:24:05.539 17424 17496 I DetoxWSClient: Sending out action 'invokeResult' (ID #5)
04-06 11:24:05.540 17424 17496 I DetoxDispatcher: Done with action 'invoke'
04-06 11:24:05.543 17424 17500 D DetoxWSClient: Received action 'invoke' (ID #6, params={"target":{"type":"Class","value":"com.wix.detox.espresso.EspressoDetox"},"method":"perform","args":[{"type":"Invocation","value":{"target":{"type":"Class","value":"com.wix.detox.espresso.DetoxMatcher"},"method":"matcherForTestId","args":["scroll-container",{"type":"boolean","value":false}]}},{"type":"Invocation","value":{"target":{"type":"Class","value":"com.wix.detox.espresso.DetoxAction"},"method":"scrollInDirection","args":[{"type":"Integer","value":3},{"type":"Double","value":320},{"type":"Double","value":-1},{"type":"Double","value":-1}]}}]})
04-06 11:24:05.544 17424 17496 I DetoxDispatcher: Handling action 'invoke' (ID #6)...
04-06 11:24:05.544 17424 17496 D Detox   : class com.wix.detox.espresso.DetoxMatcher, matcherForTestId, [scroll-container, false]
04-06 11:24:05.545 17424 17496 D Detox   : class com.wix.detox.espresso.DetoxAction, scrollInDirection, [3, 320.0, -1.0, -1.0]
04-06 11:24:05.545 17424 17496 D Detox   : class com.wix.detox.espresso.EspressoDetox, perform, [(view.getTag() is "scroll-container" and view has effective visibility <VISIBLE>), com.wix.detox.espresso.scroll.DetoxScrollAction@61a6458]
04-06 11:24:05.548 17424 17424 I ViewInteraction: Performing 'scrollInDirection' action on view (view.getTag() is "scroll-container" and view has effective visibility <VISIBLE>)
04-06 11:24:05.549 17424 17424 D DetoxScrollHelper: prescroll amountDP=320.0 amountPx=960 scrollableRangePx=1951 times=0 remainder=960
04-06 11:24:05.549 17424 17496 I DetoxWSClient: Sending out action 'invokeResult' (ID #6)
04-06 11:24:05.549 17424 17496 I DetoxDispatcher: Done with action 'invoke'
04-06 11:24:05.552 17424 17500 D DetoxWSClient: Received action 'invoke' (ID #7, params={"target":{"type":"Class","value":"com.wix.detox.espresso.EspressoDetox"},"method":"perform","args":[{"type":"Invocation","value":{"target":{"type":"Class","value":"com.wix.detox.espresso.DetoxMatcher"},"method":"matcherForTestId","args":["scroll-container",{"type":"boolean","value":false}]}},{"type":"Invocation","value":{"target":{"type":"Class","value":"com.wix.detox.espresso.DetoxAction"},"method":"scrollInDirection","args":[{"type":"Integer","value":3},{"type":"Double","value":320},{"type":"Double","value":-1},{"type":"Double","value":-1}]}}]})
04-06 11:24:05.553 17424 17496 I DetoxDispatcher: Handling action 'invoke' (ID #7)...
04-06 11:24:05.553 17424 17496 D Detox   : class com.wix.detox.espresso.DetoxMatcher, matcherForTestId, [scroll-container, false]
04-06 11:24:05.553 17424 17496 D Detox   : class com.wix.detox.espresso.DetoxAction, scrollInDirection, [3, 320.0, -1.0, -1.0]
04-06 11:24:05.554 17424 17496 D Detox   : class com.wix.detox.espresso.EspressoDetox, perform, [(view.getTag() is "scroll-container" and view has effective visibility <VISIBLE>), com.wix.detox.espresso.scroll.DetoxScrollAction@7dfb9b1]
04-06 11:24:05.557 17424 17424 I ViewInteraction: Performing 'scrollInDirection' action on view (view.getTag() is "scroll-container" and view has effective visibility <VISIBLE>)
04-06 11:24:05.558 17424 17424 D DetoxScrollHelper: prescroll amountDP=320.0 amountPx=960 scrollableRangePx=1951 times=0 remainder=960
04-06 11:24:05.558 17424 17496 I DetoxWSClient: Sending out action 'invokeResult' (ID #7)
04-06 11:24:05.558 17424 17496 I DetoxDispatcher: Done with action 'invoke'
04-06 11:24:05.561 17424 17500 D DetoxWSClient: Received action 'invoke' (ID #8, params={"target":{"type":"Class","value":"com.wix.detox.espresso.DetoxAssertion"},"method":"waitForAssertMatcher","args":[{"type":"Invocation","value":{"target":{"type":"Class","value":"androidx.test.espresso.Espresso"},"method":"onView","args":[{"type":"Invocation","value":{"target":{"type":"Class","value":"com.wix.detox.espresso.DetoxMatcher"},"method":"matcherForTestId","args":["input-peso-atual",{"type":"boolean","value":false}]}}]}},{"type":"Invocation","value":{"target":{"type":"Class","value":"com.wix.detox.espresso.DetoxMatcher"},"method":"matcherForSufficientlyVisible","args":[{"type":"Integer","value":75}]}},{"type":"Double","value":5}]})
04-06 11:24:05.562 17424 17496 I DetoxDispatcher: Handling action 'invoke' (ID #8)...
04-06 11:24:05.562 17424 17496 D Detox   : class com.wix.detox.espresso.DetoxMatcher, matcherForTestId, [input-peso-atual, false]
04-06 11:24:05.563 17424 17496 D Detox   : class androidx.test.espresso.Espresso, onView, [(view.getTag() is "input-peso-atual" and view has effective visibility <VISIBLE>)]
04-06 11:24:05.563 17424 17496 D Detox   : class com.wix.detox.espresso.DetoxMatcher, matcherForSufficientlyVisible, [75]
04-06 11:24:05.564 17424 17496 D Detox   : class com.wix.detox.espresso.DetoxAssertion, waitForAssertMatcher, [androidx.test.espresso.ViewInteraction@4bc2e96, (view has effective visibility <VISIBLE> and view.getGlobalVisibleRect() covers at least <75> percent of the view's area), 5.0]
04-06 11:24:05.567 17424 17424 I ViewInteraction: Checking 'MatchesViewAssertion(Detox){viewMatcher=(view has effective visibility <VISIBLE> and view.getGlobalVisibleRect() covers at least <75> percent of the view's area)}' assertion on view (view.getTag() is "input-peso-atual" and view has effective visibility <VISIBLE>)
04-06 11:24:05.571 17424 17496 I DetoxWSClient: Sending out action 'invokeResult' (ID #8)
04-06 11:24:05.571 17424 17496 I DetoxDispatcher: Done with action 'invoke'
04-06 11:24:05.575 17424 17500 D DetoxWSClient: Received action 'invoke' (ID #9, params={"target":{"type":"Class","value":"com.wix.detox.espresso.EspressoDetox"},"method":"perform","args":[{"type":"Invocation","value":{"target":{"type":"Class","value":"com.wix.detox.espresso.DetoxMatcher"},"method":"matcherForTestId","args":["input-peso-atual",{"type":"boolean","value":false}]}},{"type":"Invocation","value":{"target":{"type":"Class","value":"com.wix.detox.espresso.DetoxViewActions"},"method":"click","args":[]}}]})
04-06 11:24:05.575 17424 17496 I DetoxDispatcher: Handling action 'invoke' (ID #9)...
04-06 11:24:05.575 17424 17496 D Detox   : class com.wix.detox.espresso.DetoxMatcher, matcherForTestId, [input-peso-atual, false]
04-06 11:24:05.576 17424 17496 D Detox   : class com.wix.detox.espresso.DetoxViewActions, click, []
04-06 11:24:05.578 17424 17496 W om.evolucao.app: Accessing hidden method Landroid/view/ViewConfiguration;->getDoubleTapMinTime()I (unsupported, reflection, allowed)
04-06 11:24:05.579 17424 17496 D Detox   : class com.wix.detox.espresso.EspressoDetox, perform, [(view.getTag() is "input-peso-atual" and view has effective visibility <VISIBLE>), com.wix.detox.espresso.action.RNClickAction@855ba17]
04-06 11:24:05.583 17424 17424 I ViewInteraction: Performing 'com.wix.detox.espresso.action.detoxsingletap@ffd6e04 click' action on view (view.getTag() is "input-peso-atual" and view has effective visibility <VISIBLE>)
04-06 11:24:05.589 17424 17844 W om.evolucao.app: Accessing hidden method Landroid/hardware/input/InputManager;->injectInputEvent(Landroid/view/InputEvent;I)Z (unsupported, reflection, allowed)
04-06 11:24:05.592 17424 17424 I ViewRootImpl@ac0a76d[MainActivity]: ViewPostIme pointer 0
04-06 11:24:05.619 17424 17424 I ViewRootImpl@ac0a76d[MainActivity]: ViewPostIme pointer 1
04-06 11:24:05.631 17424 17424 D InputMethodManager: startInputInner - Id : 0
04-06 11:24:05.631 17424 17424 I InputMethodManager: startInputInner - mService.startInputOrWindowGainedFocus
04-06 11:24:05.641 17424 17424 D CompatibilityChangeReporter: Compat change id reported: 163400105; UID 10517; state: ENABLED
04-06 11:24:05.642 17424 17424 I IMM_LC  : showSoftInput(View,I)
04-06 11:24:05.642 17424 17424 I IMM_LC  : ssi() - flag : 0 view : com.evolucao.app reason = SHOW_SOFT_INPUT
04-06 11:24:05.657 17424 17424 I AssistStructure: Flattened final assist data: 4024 bytes, containing 1 windows, 24 views
04-06 11:24:05.659 17424 17424 I IMM_LC  : showSoftInput(View,I)
04-06 11:24:05.659 17424 17424 I IMM_LC  : ssi() - flag : 0 view : com.evolucao.app reason = SHOW_SOFT_INPUT
04-06 11:24:05.704 17424 17424 W OnBackInvokedCallback: OnBackInvokedCallback is not enabled for the application.
04-06 11:24:05.704 17424 17424 W OnBackInvokedCallback: Set 'android:enableOnBackInvokedCallback="true"' in the application manifest.
04-06 11:24:05.723 17424 17448 I ViewRootImpl@ac0a76d[MainActivity]: Resizing android.view.ViewRootImpl@73623ee: frame = [0,0][1080,2400] reportDraw = false forceLayout = false syncSeqId = 0
04-06 11:24:05.724 17424 17424 D InsetsController: onStateChanged: InsetsState: {mDisplayFrame=Rect(0, 0 - 1080, 2400), mDisplayCutout=DisplayCutout{insets=Rect(0, 88 - 0, 0) waterfall=Insets{left=0, top=0, right=0, bottom=0} boundingRect={Bounds=[Rect(0, 0 - 0, 0), Rect(512, 0 - 568, 88), Rect(0, 0 - 0, 0), Rect(0, 0 - 0, 0)]} cutoutPathParserInfo={CutoutPathParserInfo{displayWidth=1080 displayHeight=2400 physicalDisplayWidth=1080 physicalDisplayHeight=2400 density={3.0} cutoutSpec={M 0,0 M 0,10.71963616907435 a 9.280363830925644,9.280363830925644 0 1,0 0,18.56072766185129 a 9.280363830925644,9.280363830925644 0 1,0 0,-18.56072766185129 Z @dp} rotation={0} scale={1.0} physicalPixelDisplaySizeRatio={1.0}}}}, mRoundedCorners=RoundedCorners{[RoundedCorner{position=TopLeft, radius=96, center=Point(96, 96)}, RoundedCorner{position=TopRight, radius=96, center=Point(984, 96)}, RoundedCorner{position=BottomRight, radius=96, center=Point(984, 2304)}, RoundedCorner{position=BottomLeft, radius=96, center=Point(96, 2304)}]}  mRoundedCornerFrame=Rect(0, 0 - 1080, 2400), mPrivacyIndicatorBounds=PrivacyIndicatorBounds {static bounds=Rect(948, 0 - 1080, 88) rotation=0}, mSources= { InsetsSource: {mType=ITYPE_STATUS_BAR, mFrame=[0,0][1080,88], mVisible=true, mInsetsRoundedCornerFrame=false}, InsetsSource: {mType=ITYPE_NAVIGATION_BAR, mFrame=[0,2256][1080,2400], mVisible=true, mInsetsRoundedCornerFrame=false}, InsetsSource: {mType=ITYPE_LEFT_GESTURES, mFrame=[0,0][0,2400], mVisible=true, mInsetsRoundedCornerFrame=false}, InsetsSource: {mType=ITYPE_RIGHT_GESTURES, mFrame=[1080,0][1080,2400], mVisible=true, mInsetsRoundedCornerFrame=false}, InsetsSource: {mType=ITYPE_TOP_MANDATORY_GESTURES, mFrame=[0,0][1080,124], mVisible=true, mInsetsRoundedCornerFrame=false}, InsetsSource: {mType=ITYPE_BOTTOM_MANDATORY_GESTURES, mFrame=[0,2256][1080,2400], mVisible=true, mInsetsRoundedCornerFrame=false}, InsetsSource: {mType=ITYPE_LEFT_DISPLAY_CUTOUT, mFrame=[0,0][-100000,2400], mVisible=true, mInsetsRoundedCornerFrame=false}, InsetsSource: {mType=ITYPE_TOP_DISPLAY_CUTOUT, mFrame=[0,0][1080,88], mVisible=true, mInsetsRoundedCornerFrame=false}, InsetsSource: {mType=ITYPE_RIGHT_DISPLAY_CUTOUT, mFrame=[100000,0][1080,2400], mVisible=true, mInsetsRoundedCornerFrame=false}, InsetsSource: {mType=ITYPE_BOTTOM_DISPLAY_CUTOUT, mFrame=[0,100000][1080,2400], mVisible=true, mInsetsRoundedCornerFrame=false}, InsetsSource: {mType=ITYPE_TOP_TAPPABLE_ELEMENT, mFrame=[0,0][1080,88], mVisible=true, mInsetsRoundedCornerFrame=false}, InsetsSource: {mType=ITYPE_BOTTOM_TAPPABLE_ELEMENT, mFrame=[0,2256][1080,2400], mVisible=true, mInsetsRoundedCornerFrame=false}, InsetsSource: {mType=ITYPE_IME, mFrame=[0,1374][1080,2400], mVisibleFrame=[0,1374][1080,2400], mVisible=false, mInsetsRoundedCornerFrame=false} } host=com.evolucao.app/com.evolucao.app.MainActivity from=android.view.ViewRootImpl$ViewRootHandler.handleMessageImpl:6727
04-06 11:24:05.724 17424 17424 I ViewRootImpl@ac0a76d[MainActivity]: handleResized, msg = 4 frames=ClientWindowFrames{frame=[0,0][1080,2400] display=[0,0][1080,2400] parentFrame=[0,0][0,0] parentClippedByDisplayCutout=false} forceNextWindowRelayout=false displayId=0 resizeMode=-1 frameChanged=false displayFrameChanged=false configChanged=false displayChanged=false
04-06 11:24:05.741 17424 17424 D InsetsController: show(ime(), fromIme=true)
04-06 11:24:05.743 17424 17424 D InsetsController: controlAnimationUnchecked: Added types=8 animType=0 host=com.evolucao.app/com.evolucao.app.MainActivity from=android.view.InsetsController.applyAnimation:1576 android.view.InsetsController.applyAnimation:1557 android.view.InsetsController.show:1063 
04-06 11:24:05.743 17424 17424 D InsetsSourceConsumer: setRequestedVisible: visible=true, type=19, host=com.evolucao.app/com.evolucao.app.MainActivity, from=android.view.InsetsSourceConsumer.show:250 android.view.ImeInsetsSourceConsumer.show:82 android.view.InsetsController.showDirectly:1609 android.view.InsetsController.controlAnimationUnchecked:1232 android.view.InsetsController.applyAnimation:1576 android.view.InsetsController.applyAnimation:1557 android.view.InsetsController.show:1063 android.view.ViewRootImpl$ViewRootHandler.handleMessageImpl:6761 android.view.ViewRootImpl$ViewRootHandler.handleMessage:6697 android.os.Handler.dispatchMessage:106 
04-06 11:24:05.751 17424 17449 I ViewRootImpl@ac0a76d[MainActivity]: Resizing android.view.ViewRootImpl@73623ee: frame = [0,0][1080,2400] reportDraw = false forceLayout = false syncSeqId = 0
04-06 11:24:05.761 17424 17424 D InsetsController: onStateChanged: InsetsState: {mDisplayFrame=Rect(0, 0 - 1080, 2400), mDisplayCutout=DisplayCutout{insets=Rect(0, 88 - 0, 0) waterfall=Insets{left=0, top=0, right=0, bottom=0} boundingRect={Bounds=[Rect(0, 0 - 0, 0), Rect(512, 0 - 568, 88), Rect(0, 0 - 0, 0), Rect(0, 0 - 0, 0)]} cutoutPathParserInfo={CutoutPathParserInfo{displayWidth=1080 displayHeight=2400 physicalDisplayWidth=1080 physicalDisplayHeight=2400 density={3.0} cutoutSpec={M 0,0 M 0,10.71963616907435 a 9.280363830925644,9.280363830925644 0 1,0 0,18.56072766185129 a 9.280363830925644,9.280363830925644 0 1,0 0,-18.56072766185129 Z @dp} rotation={0} scale={1.0} physicalPixelDisplaySizeRatio={1.0}}}}, mRoundedCorners=RoundedCorners{[RoundedCorner{position=TopLeft, radius=96, center=Point(96, 96)}, RoundedCorner{position=TopRight, radius=96, center=Point(984, 96)}, RoundedCorner{position=BottomRight, radius=96, center=Point(984, 2304)}, RoundedCorner{position=BottomLeft, radius=96, center=Point(96, 2304)}]}  mRoundedCornerFrame=Rect(0, 0 - 1080, 2400), mPrivacyIndicatorBounds=PrivacyIndicatorBounds {static bounds=Rect(948, 0 - 1080, 88) rotation=0}, mSources= { InsetsSource: {mType=ITYPE_STATUS_BAR, mFrame=[0,0][1080,88], mVisible=true, mInsetsRoundedCornerFrame=false}, InsetsSource: {mType=ITYPE_NAVIGATION_BAR, mFrame=[0,2256][1080,2400], mVisible=true, mInsetsRoundedCornerFrame=false}, InsetsSource: {mType=ITYPE_LEFT_GESTURES, mFrame=[0,0][0,2400], mVisible=true, mInsetsRoundedCornerFrame=false}, InsetsSource: {mType=ITYPE_RIGHT_GESTURES, mFrame=[1080,0][1080,2400], mVisible=true, mInsetsRoundedCornerFrame=false}, InsetsSource: {mType=ITYPE_TOP_MANDATORY_GESTURES, mFrame=[0,0][1080,124], mVisible=true, mInsetsRoundedCornerFrame=false}, InsetsSource: {mType=ITYPE_BOTTOM_MANDATORY_GESTURES, mFrame=[0,2256][1080,2400], mVisible=true, mInsetsRoundedCornerFrame=false}, InsetsSource: {mType=ITYPE_LEFT_DISPLAY_CUTOUT, mFrame=[0,0][-100000,2400], mVisible=true, mInsetsRoundedCornerFrame=false}, InsetsSource: {mType=ITYPE_TOP_DISPLAY_CUTOUT, mFrame=[0,0][1080,88], mVisible=true, mInsetsRoundedCornerFrame=false}, InsetsSource: {mType=ITYPE_RIGHT_DISPLAY_CUTOUT, mFrame=[100000,0][1080,2400], mVisible=true, mInsetsRoundedCornerFrame=false}, InsetsSource: {mType=ITYPE_BOTTOM_DISPLAY_CUTOUT, mFrame=[0,100000][1080,2400], mVisible=true, mInsetsRoundedCornerFrame=false}, InsetsSource: {mType=ITYPE_TOP_TAPPABLE_ELEMENT, mFrame=[0,0][1080,88], mVisible=true, mInsetsRoundedCornerFrame=false}, InsetsSource: {mType=ITYPE_BOTTOM_TAPPABLE_ELEMENT, mFrame=[0,2256][1080,2400], mVisible=true, mInsetsRoundedCornerFrame=false}, InsetsSource: {mType=ITYPE_IME, mFrame=[0,1374][1080,2400], mVisibleFrame=[0,1374][1080,2400], mVisible=true, mInsetsRoundedCornerFrame=false} } host=com.evolucao.app/com.evolucao.app.MainActivity from=android.view.ViewRootImpl$ViewRootHandler.handleMessageImpl:6740
04-06 11:24:05.762 17424 17424 I ViewRootImpl@ac0a76d[MainActivity]: handleResized, msg = 4 frames=ClientWindowFrames{frame=[0,0][1080,2400] display=[0,0][1080,2400] parentFrame=[0,0][0,0] parentClippedByDisplayCutout=false} forceNextWindowRelayout=false displayId=0 resizeMode=-1 frameChanged=false displayFrameChanged=false configChanged=false displayChanged=false
04-06 11:24:05.986 17424 17424 D InsetsController: cancelAnimation of types: 8, animType: 0, host: com.evolucao.app/com.evolucao.app.MainActivity, from:android.view.InsetsController.notifyFinished:1375 android.view.InsetsAnimationThreadControlRunner$1.lambda$notifyFinished$0$android-view-InsetsAnimationThreadControlRunner$1:84 android.view.InsetsAnimationThreadControlRunner$1$$ExternalSyntheticLambda1.run:4 
04-06 11:24:05.987 17424 17424 D InsetsSourceConsumer: ensureControlPosition: Point(0, 88) for ITYPE_IME on com.evolucao.app/com.evolucao.app.MainActivity from android.view.InsetsSourceConsumer.notifyAnimationFinished:419
04-06 11:24:06.005 17424 17540 I ViewRootImpl@ac0a76d[MainActivity]: mWNT: t=0xb4000069ffc46c00 mBlastBufferQueue=0xb4000070c2c34c00 fn= 8 caller= android.view.SyncRtSurfaceTransactionApplier.applyTransaction:96 android.view.SyncRtSurfaceTransactionApplier.lambda$scheduleApply$0$android-view-SyncRtSurfaceTransactionApplier:69 android.view.SyncRtSurfaceTransactionApplier$$ExternalSyntheticLambda0.onFrameDraw:4 
04-06 11:24:06.030 17424 17496 I DetoxWSClient: Sending out action 'invokeResult' (ID #9)
04-06 11:24:06.031 17424 17496 I DetoxDispatcher: Done with action 'invoke'
04-06 11:24:06.034 17424 17500 D DetoxWSClient: Received action 'invoke' (ID #10, params={"target":{"type":"Class","value":"com.wix.detox.espresso.EspressoDetox"},"method":"perform","args":[{"type":"Invocation","value":{"target":{"type":"Class","value":"com.wix.detox.espresso.DetoxMatcher"},"method":"matcherForTestId","args":["input-peso-atual",{"type":"boolean","value":false}]}},{"type":"Invocation","value":{"target":{"type":"Class","value":"androidx.test.espresso.action.ViewActions"},"method":"clearText","args":[]}}]})
04-06 11:24:06.034 17424 17496 I DetoxDispatcher: Handling action 'invoke' (ID #10)...
04-06 11:24:06.034 17424 17496 D Detox   : class com.wix.detox.espresso.DetoxMatcher, matcherForTestId, [input-peso-atual, false]
04-06 11:24:06.035 17424 17496 D Detox   : class androidx.test.espresso.action.ViewActions, clearText, []
04-06 11:24:06.035 17424 17496 D Detox   : class com.wix.detox.espresso.EspressoDetox, perform, [(view.getTag() is "input-peso-atual" and view has effective visibility <VISIBLE>), androidx.test.espresso.action.ReplaceTextAction@6c35707]
04-06 11:24:06.037 17424 17424 I ViewInteraction: Performing 'replace text()' action on view (view.getTag() is "input-peso-atual" and view has effective visibility <VISIBLE>)
04-06 11:24:06.040 17424 17496 I DetoxWSClient: Sending out action 'invokeResult' (ID #10)
04-06 11:24:06.041 17424 17496 I DetoxDispatcher: Done with action 'invoke'
04-06 11:24:06.043 17424 17500 D DetoxWSClient: Received action 'invoke' (ID #11, params={"target":{"type":"Class","value":"com.wix.detox.espresso.EspressoDetox"},"method":"perform","args":[{"type":"Invocation","value":{"target":{"type":"Class","value":"com.wix.detox.espresso.DetoxMatcher"},"method":"matcherForTestId","args":["input-peso-atual",{"type":"boolean","value":false}]}},{"type":"Invocation","value":{"target":{"type":"Class","value":"androidx.test.espresso.action.ViewActions"},"method":"replaceText","args":["82"]}}]})
04-06 11:24:06.043 17424 17496 I DetoxDispatcher: Handling action 'invoke' (ID #11)...
04-06 11:24:06.044 17424 17496 D Detox   : class com.wix.detox.espresso.DetoxMatcher, matcherForTestId, [input-peso-atual, false]
04-06 11:24:06.044 17424 17496 D Detox   : class androidx.test.espresso.action.ViewActions, replaceText, [82]
04-06 11:24:06.044 17424 17496 D Detox   : class com.wix.detox.espresso.EspressoDetox, perform, [(view.getTag() is "input-peso-atual" and view has effective visibility <VISIBLE>), androidx.test.espresso.action.ReplaceTextAction@f3581cc]
04-06 11:24:06.056 17424 17424 D InputMethodManager: startInputInner - Id : 0
04-06 11:24:06.056 17424 17424 I InputMethodManager: startInputInner - mService.startInputOrWindowGainedFocus
04-06 11:24:06.061 17424 17424 I ViewInteraction: Performing 'replace text(82)' action on view (view.getTag() is "input-peso-atual" and view has effective visibility <VISIBLE>)
04-06 11:24:06.066 17424 17496 I DetoxWSClient: Sending out action 'invokeResult' (ID #11)
04-06 11:24:06.067 17424 17496 I DetoxDispatcher: Done with action 'invoke'
04-06 11:24:06.072 17424 17500 D DetoxWSClient: Received action 'invoke' (ID #12, params={"target":{"type":"Class","value":"com.wix.detox.espresso.DetoxAssertion"},"method":"assertMatcher","args":[{"type":"Invocation","value":{"target":{"type":"Class","value":"androidx.test.espresso.Espresso"},"method":"onView","args":[{"type":"Invocation","value":{"target":{"type":"Class","value":"com.wix.detox.espresso.DetoxMatcher"},"method":"matcherForTestId","args":["input-peso-atual",{"type":"boolean","value":false}]}}]}},{"type":"Invocation","value":{"target":{"type":"Class","value":"com.wix.detox.espresso.DetoxMatcher"},"method":"matcherForText","args":["82",{"type":"boolean","value":false}]}}]})
04-06 11:24:06.072 17424 17496 I DetoxDispatcher: Handling action 'invoke' (ID #12)...
04-06 11:24:06.073 17424 17496 D Detox   : class com.wix.detox.espresso.DetoxMatcher, matcherForTestId, [input-peso-atual, false]
04-06 11:24:06.074 17424 17496 D Detox   : class androidx.test.espresso.Espresso, onView, [(view.getTag() is "input-peso-atual" and view has effective visibility <VISIBLE>)]
04-06 11:24:06.076 17424 17496 D Detox   : class com.wix.detox.espresso.DetoxMatcher, matcherForText, [82, false]
04-06 11:24:06.078 17424 17496 D Detox   : class com.wix.detox.espresso.DetoxAssertion, assertMatcher, [androidx.test.espresso.ViewInteraction@202f5fc, (an instance of android.widget.TextView and view.getText() with or without transformation to match: is "82" and view has effective visibility <VISIBLE>)]
04-06 11:24:06.080 17424 17424 D InputMethodManager: startInputInner - Id : 0
04-06 11:24:06.080 17424 17424 I InputMethodManager: startInputInner - mService.startInputOrWindowGainedFocus
04-06 11:24:06.102 17424 17424 D InsetsController: show(ime(), fromIme=true)
04-06 11:24:06.123 17424 17424 D InsetsController: show(ime(), fromIme=true)
04-06 11:24:06.125 17424 17424 I ViewInteraction: Checking 'MatchesViewAssertion(Detox){viewMatcher=(an instance of android.widget.TextView and view.getText() with or without transformation to match: is "82" and view has effective visibility <VISIBLE>)}' assertion on view (view.getTag() is "input-peso-atual" and view has effective visibility <VISIBLE>)
04-06 11:24:06.127 17424 17496 I DetoxWSClient: Sending out action 'invokeResult' (ID #12)
04-06 11:24:06.127 17424 17496 I DetoxDispatcher: Done with action 'invoke'
04-06 11:24:06.131 17424 17500 D DetoxWSClient: Received action 'invoke' (ID #13, params={"target":{"type":"Class","value":"com.wix.detox.espresso.EspressoDetox"},"method":"perform","args":[{"type":"Invocation","value":{"target":{"type":"Class","value":"com.wix.detox.espresso.DetoxMatcher"},"method":"matcherForTestId","args":["input-peso-meta",{"type":"boolean","value":false}]}},{"type":"Invocation","value":{"target":{"type":"Class","value":"com.wix.detox.espresso.DetoxViewActions"},"method":"click","args":[]}}]})
04-06 11:24:06.131 17424 17496 I DetoxDispatcher: Handling action 'invoke' (ID #13)...
04-06 11:24:06.131 17424 17496 D Detox   : class com.wix.detox.espresso.DetoxMatcher, matcherForTestId, [input-peso-meta, false]
04-06 11:24:06.132 17424 17496 D Detox   : class com.wix.detox.espresso.DetoxViewActions, click, []
04-06 11:24:06.132 17424 17496 D Detox   : class com.wix.detox.espresso.EspressoDetox, perform, [(view.getTag() is "input-peso-meta" and view has effective visibility <VISIBLE>), com.wix.detox.espresso.action.RNClickAction@a50f873]
04-06 11:24:06.134 17424 17424 I ViewInteraction: Performing 'com.wix.detox.espresso.action.detoxsingletap@c1f0330 click' action on view (view.getTag() is "input-peso-meta" and view has effective visibility <VISIBLE>)
04-06 11:24:06.139 17424 17424 I ViewRootImpl@ac0a76d[MainActivity]: ViewPostIme pointer 0
04-06 11:24:06.169 17424 17424 I ViewRootImpl@ac0a76d[MainActivity]: ViewPostIme pointer 1
04-06 11:24:06.176 17424 17424 D InputMethodManager: startInputInner - Id : 0
04-06 11:24:06.177 17424 17424 I InputMethodManager: startInputInner - mService.startInputOrWindowGainedFocus
04-06 11:24:06.179 17424 17424 I IMM_LC  : showSoftInput(View,I)
04-06 11:24:06.179 17424 17424 I IMM_LC  : ssi() - flag : 0 view : com.evolucao.app reason = SHOW_SOFT_INPUT
04-06 11:24:06.187 17424 17424 W RemoteInputConnectionImpl: requestCursorAnchorInfo on inactive InputConnection
04-06 11:24:06.203 17424 17424 I IMM_LC  : showSoftInput(View,I)
04-06 11:24:06.203 17424 17424 I IMM_LC  : ssi() - flag : 0 view : com.evolucao.app reason = SHOW_SOFT_INPUT
04-06 11:24:06.208 17424 17424 W OnBackInvokedCallback: OnBackInvokedCallback is not enabled for the application.
04-06 11:24:06.208 17424 17424 W OnBackInvokedCallback: Set 'android:enableOnBackInvokedCallback="true"' in the application manifest.
04-06 11:24:06.208 17424 17424 D InsetsController: show(ime(), fromIme=true)
04-06 11:24:06.210 17424 17424 D InsetsController: show(ime(), fromIme=true)
04-06 11:24:06.228 17424 17424 D InsetsController: show(ime(), fromIme=true)
04-06 11:24:06.582 17424 17496 I DetoxWSClient: Sending out action 'invokeResult' (ID #13)
04-06 11:24:06.583 17424 17496 I DetoxDispatcher: Done with action 'invoke'
04-06 11:24:06.611 17424 17500 D DetoxWSClient: Received action 'invoke' (ID #14, params={"target":{"type":"Class","value":"com.wix.detox.espresso.EspressoDetox"},"method":"perform","args":[{"type":"Invocation","value":{"target":{"type":"Class","value":"com.wix.detox.espresso.DetoxMatcher"},"method":"matcherForTestId","args":["input-peso-meta",{"type":"boolean","value":false}]}},{"type":"Invocation","value":{"target":{"type":"Class","value":"androidx.test.espresso.action.ViewActions"},"method":"clearText","args":[]}}]})
04-06 11:24:06.611 17424 17496 I DetoxDispatcher: Handling action 'invoke' (ID #14)...
04-06 11:24:06.612 17424 17496 D Detox   : class com.wix.detox.espresso.DetoxMatcher, matcherForTestId, [input-peso-meta, false]
04-06 11:24:06.612 17424 17496 D Detox   : class androidx.test.espresso.action.ViewActions, clearText, []
04-06 11:24:06.613 17424 17496 D Detox   : class com.wix.detox.espresso.EspressoDetox, perform, [(view.getTag() is "input-peso-meta" and view has effective visibility <VISIBLE>), androidx.test.espresso.action.ReplaceTextAction@db8a8cf]
04-06 11:24:06.622 17424 17424 I ViewInteraction: Performing 'replace text()' action on view (view.getTag() is "input-peso-meta" and view has effective visibility <VISIBLE>)
04-06 11:24:06.626 17424 17496 I DetoxWSClient: Sending out action 'invokeResult' (ID #14)
04-06 11:24:06.627 17424 17496 I DetoxDispatcher: Done with action 'invoke'
04-06 11:24:06.631 17424 17500 D DetoxWSClient: Received action 'invoke' (ID #15, params={"target":{"type":"Class","value":"com.wix.detox.espresso.EspressoDetox"},"method":"perform","args":[{"type":"Invocation","value":{"target":{"type":"Class","value":"com.wix.detox.espresso.DetoxMatcher"},"method":"matcherForTestId","args":["input-peso-meta",{"type":"boolean","value":false}]}},{"type":"Invocation","value":{"target":{"type":"Class","value":"androidx.test.espresso.action.ViewActions"},"method":"replaceText","args":["77"]}}]})
04-06 11:24:06.631 17424 17496 I DetoxDispatcher: Handling action 'invoke' (ID #15)...
04-06 11:24:06.631 17424 17496 D Detox   : class com.wix.detox.espresso.DetoxMatcher, matcherForTestId, [input-peso-meta, false]
04-06 11:24:06.632 17424 17496 D Detox   : class androidx.test.espresso.action.ViewActions, replaceText, [77]
04-06 11:24:06.632 17424 17496 D Detox   : class com.wix.detox.espresso.EspressoDetox, perform, [(view.getTag() is "input-peso-meta" and view has effective visibility <VISIBLE>), androidx.test.espresso.action.ReplaceTextAction@ec560f4]
04-06 11:24:06.636 17424 17424 D InputMethodManager: startInputInner - Id : 0
04-06 11:24:06.637 17424 17424 I InputMethodManager: startInputInner - mService.startInputOrWindowGainedFocus
04-06 11:24:06.651 17424 17424 I ViewInteraction: Performing 'replace text(77)' action on view (view.getTag() is "input-peso-meta" and view has effective visibility <VISIBLE>)
04-06 11:24:06.656 17424 17496 I DetoxWSClient: Sending out action 'invokeResult' (ID #15)
04-06 11:24:06.656 17424 17496 I DetoxDispatcher: Done with action 'invoke'
04-06 11:24:06.659 17424 17500 D DetoxWSClient: Received action 'invoke' (ID #16, params={"target":{"type":"Class","value":"com.wix.detox.espresso.DetoxAssertion"},"method":"assertMatcher","args":[{"type":"Invocation","value":{"target":{"type":"Class","value":"androidx.test.espresso.Espresso"},"method":"onView","args":[{"type":"Invocation","value":{"target":{"type":"Class","value":"com.wix.detox.espresso.DetoxMatcher"},"method":"matcherForTestId","args":["input-peso-meta",{"type":"boolean","value":false}]}}]}},{"type":"Invocation","value":{"target":{"type":"Class","value":"com.wix.detox.espresso.DetoxMatcher"},"method":"matcherForText","args":["77",{"type":"boolean","value":false}]}}]})
04-06 11:24:06.659 17424 17496 I DetoxDispatcher: Handling action 'invoke' (ID #16)...
04-06 11:24:06.660 17424 17496 D Detox   : class com.wix.detox.espresso.DetoxMatcher, matcherForTestId, [input-peso-meta, false]
04-06 11:24:06.660 17424 17496 D Detox   : class androidx.test.espresso.Espresso, onView, [(view.getTag() is "input-peso-meta" and view has effective visibility <VISIBLE>)]
04-06 11:24:06.661 17424 17496 D Detox   : class com.wix.detox.espresso.DetoxMatcher, matcherForText, [77, false]
04-06 11:24:06.661 17424 17496 D Detox   : class com.wix.detox.espresso.DetoxAssertion, assertMatcher, [androidx.test.espresso.ViewInteraction@8c4f1ea, (an instance of android.widget.TextView and view.getText() with or without transformation to match: is "77" and view has effective visibility <VISIBLE>)]
04-06 11:24:06.668 17424 17424 D InputMethodManager: startInputInner - Id : 0
04-06 11:24:06.668 17424 17424 I InputMethodManager: startInputInner - mService.startInputOrWindowGainedFocus
04-06 11:24:06.691 17424 17424 D InsetsController: show(ime(), fromIme=true)
04-06 11:24:06.706 17424 17424 I ViewInteraction: Checking 'MatchesViewAssertion(Detox){viewMatcher=(an instance of android.widget.TextView and view.getText() with or without transformation to match: is "77" and view has effective visibility <VISIBLE>)}' assertion on view (view.getTag() is "input-peso-meta" and view has effective visibility <VISIBLE>)
04-06 11:24:06.708 17424 17496 I DetoxWSClient: Sending out action 'invokeResult' (ID #16)
04-06 11:24:06.708 17424 17496 I DetoxDispatcher: Done with action 'invoke'
04-06 11:24:06.712 17424 17500 D DetoxWSClient: Received action 'invoke' (ID #17, params={"target":{"type":"Class","value":"com.wix.detox.espresso.EspressoDetox"},"method":"perform","args":[{"type":"Invocation","value":{"target":{"type":"Class","value":"com.wix.detox.espresso.DetoxMatcher"},"method":"matcherForTestId","args":["input-altura",{"type":"boolean","value":false}]}},{"type":"Invocation","value":{"target":{"type":"Class","value":"com.wix.detox.espresso.DetoxViewActions"},"method":"click","args":[]}}]})
04-06 11:24:06.712 17424 17496 I DetoxDispatcher: Handling action 'invoke' (ID #17)...
04-06 11:24:06.712 17424 17496 D Detox   : class com.wix.detox.espresso.DetoxMatcher, matcherForTestId, [input-altura, false]
04-06 11:24:06.712 17424 17496 D Detox   : class com.wix.detox.espresso.DetoxViewActions, click, []
04-06 11:24:06.712 17424 17496 D Detox   : class com.wix.detox.espresso.EspressoDetox, perform, [(view.getTag() is "input-altura" and view has effective visibility <VISIBLE>), com.wix.detox.espresso.action.RNClickAction@8c150a7]
04-06 11:24:06.714 17424 17424 D InsetsController: show(ime(), fromIme=true)
04-06 11:24:06.716 17424 17424 I ViewInteraction: Performing 'com.wix.detox.espresso.action.detoxsingletap@90c6954 click' action on view (view.getTag() is "input-altura" and view has effective visibility <VISIBLE>)
04-06 11:24:06.756 17424 17424 I ViewRootImpl@ac0a76d[MainActivity]: ViewPostIme key 0
04-06 11:24:06.770 17424 17424 I ViewRootImpl@ac0a76d[MainActivity]: ViewPostIme key 1
04-06 11:24:07.197 17424 17496 I DetoxWSClient: Sending out action 'invokeResult' (ID #17)
04-06 11:24:07.197 17424 17496 I DetoxDispatcher: Done with action 'invoke'
04-06 11:24:07.202 17424 17500 D DetoxWSClient: Received action 'invoke' (ID #18, params={"target":{"type":"Class","value":"com.wix.detox.espresso.EspressoDetox"},"method":"perform","args":[{"type":"Invocation","value":{"target":{"type":"Class","value":"com.wix.detox.espresso.DetoxMatcher"},"method":"matcherForTestId","args":["input-altura",{"type":"boolean","value":false}]}},{"type":"Invocation","value":{"target":{"type":"Class","value":"androidx.test.espresso.action.ViewActions"},"method":"clearText","args":[]}}]})
04-06 11:24:07.202 17424 17496 I DetoxDispatcher: Handling action 'invoke' (ID #18)...
04-06 11:24:07.203 17424 17496 D Detox   : class com.wix.detox.espresso.DetoxMatcher, matcherForTestId, [input-altura, false]
04-06 11:24:07.203 17424 17496 D Detox   : class androidx.test.espresso.action.ViewActions, clearText, []
04-06 11:24:07.204 17424 17496 D Detox   : class com.wix.detox.espresso.EspressoDetox, perform, [(view.getTag() is "input-altura" and view has effective visibility <VISIBLE>), androidx.test.espresso.action.ReplaceTextAction@1ef3d08]
04-06 11:24:07.209 17424 17424 I ViewInteraction: Performing 'replace text()' action on view (view.getTag() is "input-altura" and view has effective visibility <VISIBLE>)
04-06 11:24:07.216 17424 17496 I DetoxWSClient: Sending out action 'invokeResult' (ID #18)
04-06 11:24:07.216 17424 17496 I DetoxDispatcher: Done with action 'invoke'
04-06 11:24:07.220 17424 17500 D DetoxWSClient: Received action 'invoke' (ID #19, params={"target":{"type":"Class","value":"com.wix.detox.espresso.EspressoDetox"},"method":"perform","args":[{"type":"Invocation","value":{"target":{"type":"Class","value":"com.wix.detox.espresso.DetoxMatcher"},"method":"matcherForTestId","args":["input-altura",{"type":"boolean","value":false}]}},{"type":"Invocation","value":{"target":{"type":"Class","value":"androidx.test.espresso.action.ViewActions"},"method":"replaceText","args":["178"]}}]})
04-06 11:24:07.221 17424 17496 I DetoxDispatcher: Handling action 'invoke' (ID #19)...
04-06 11:24:07.221 17424 17496 D Detox   : class com.wix.detox.espresso.DetoxMatcher, matcherForTestId, [input-altura, false]
04-06 11:24:07.222 17424 17496 D Detox   : class androidx.test.espresso.action.ViewActions, replaceText, [178]
04-06 11:24:07.222 17424 17496 D Detox   : class com.wix.detox.espresso.EspressoDetox, perform, [(view.getTag() is "input-altura" and view has effective visibility <VISIBLE>), androidx.test.espresso.action.ReplaceTextAction@72b109e]
04-06 11:24:07.226 17424 17424 I ViewInteraction: Performing 'replace text(178)' action on view (view.getTag() is "input-altura" and view has effective visibility <VISIBLE>)
04-06 11:24:07.233 17424 17496 I DetoxWSClient: Sending out action 'invokeResult' (ID #19)
04-06 11:24:07.237 17424 17496 I DetoxDispatcher: Done with action 'invoke'
04-06 11:24:07.243 17424 17500 D DetoxWSClient: Received action 'invoke' (ID #20, params={"target":{"type":"Class","value":"com.wix.detox.espresso.DetoxAssertion"},"method":"assertMatcher","args":[{"type":"Invocation","value":{"target":{"type":"Class","value":"androidx.test.espresso.Espresso"},"method":"onView","args":[{"type":"Invocation","value":{"target":{"type":"Class","value":"com.wix.detox.espresso.DetoxMatcher"},"method":"matcherForTestId","args":["input-altura",{"type":"boolean","value":false}]}}]}},{"type":"Invocation","value":{"target":{"type":"Class","value":"com.wix.detox.espresso.DetoxMatcher"},"method":"matcherForText","args":["178",{"type":"boolean","value":false}]}}]})
04-06 11:24:07.243 17424 17496 I DetoxDispatcher: Handling action 'invoke' (ID #20)...
04-06 11:24:07.244 17424 17496 D Detox   : class com.wix.detox.espresso.DetoxMatcher, matcherForTestId, [input-altura, false]
04-06 11:24:07.245 17424 17496 D Detox   : class androidx.test.espresso.Espresso, onView, [(view.getTag() is "input-altura" and view has effective visibility <VISIBLE>)]
04-06 11:24:07.247 17424 17496 D Detox   : class com.wix.detox.espresso.DetoxMatcher, matcherForText, [178, false]
