04-06 19:39:25.654 18329 18361 D Detox   : class com.wix.detox.espresso.DetoxAssertion, waitForAssertMatcher, [androidx.test.espresso.ViewInteraction@eb61a57, (view has effective visibility <VISIBLE> and view.getGlobalVisibleRect() covers at least <75> percent of the view's area), 5.0]
04-06 19:39:25.658 18329 18329 I ViewInteraction: Checking 'MatchesViewAssertion(Detox){viewMatcher=(view has effective visibility <VISIBLE> and view.getGlobalVisibleRect() covers at least <75> percent of the view's area)}' assertion on view (view.getTag() is "app-root" and view has effective visibility <VISIBLE>)
04-06 19:39:25.661 18329 18361 I DetoxWSClient: Sending out action 'invokeResult' (ID #48)
04-06 19:39:25.661 18329 18361 I DetoxDispatcher: Done with action 'invoke'
04-06 19:39:25.665 18329 18365 D DetoxWSClient: Received action 'invoke' (ID #49, params={"target":{"type":"Class","value":"com.wix.detox.espresso.DetoxAssertion"},"method":"assertMatcher","args":[{"type":"Invocation","value":{"target":{"type":"Class","value":"androidx.test.espresso.Espresso"},"method":"onView","args":[{"type":"Invocation","value":{"target":{"type":"Class","value":"com.wix.detox.espresso.DetoxMatcher"},"method":"matcherForTestId","args":["app-root",{"type":"boolean","value":false}]}}]}},{"type":"Invocation","value":{"target":{"type":"Class","value":"com.wix.detox.espresso.DetoxMatcher"},"method":"matcherForSufficientlyVisible","args":[{"type":"Integer","value":75}]}}]})
04-06 19:39:25.665 18329 18361 I DetoxDispatcher: Handling action 'invoke' (ID #49)...
04-06 19:39:25.666 18329 18361 D Detox   : class com.wix.detox.espresso.DetoxMatcher, matcherForTestId, [app-root, false]
04-06 19:39:25.666 18329 18361 D Detox   : class androidx.test.espresso.Espresso, onView, [(view.getTag() is "app-root" and view has effective visibility <VISIBLE>)]
04-06 19:39:25.667 18329 18361 D Detox   : class com.wix.detox.espresso.DetoxMatcher, matcherForSufficientlyVisible, [75]
04-06 19:39:25.668 18329 18361 D Detox   : class com.wix.detox.espresso.DetoxAssertion, assertMatcher, [androidx.test.espresso.ViewInteraction@5d9e944, (view has effective visibility <VISIBLE> and view.getGlobalVisibleRect() covers at least <75> percent of the view's area)]
04-06 19:39:25.672 18329 18329 I ViewInteraction: Checking 'MatchesViewAssertion(Detox){viewMatcher=(view has effective visibility <VISIBLE> and view.getGlobalVisibleRect() covers at least <75> percent of the view's area)}' assertion on view (view.getTag() is "app-root" and view has effective visibility <VISIBLE>)
04-06 19:39:25.675 18329 18361 I DetoxWSClient: Sending out action 'invokeResult' (ID #49)
04-06 19:39:25.676 18329 18361 I DetoxDispatcher: Done with action 'invoke'
04-06 19:39:25.679 18329 18365 D DetoxWSClient: Received action 'invoke' (ID #50, params={"target":{"type":"Class","value":"com.wix.detox.espresso.DetoxAssertion"},"method":"waitForAssertMatcher","args":[{"type":"Invocation","value":{"target":{"type":"Class","value":"androidx.test.espresso.Espresso"},"method":"onView","args":[{"type":"Invocation","value":{"target":{"type":"Class","value":"com.wix.detox.espresso.DetoxMatcher"},"method":"matcherForTestId","args":["btn-iniciar-treino",{"type":"boolean","value":false}]}}]}},{"type":"Invocation","value":{"target":{"type":"Class","value":"com.wix.detox.espresso.DetoxMatcher"},"method":"matcherForSufficientlyVisible","args":[{"type":"Integer","value":75}]}},{"type":"Double","value":5}]})
04-06 19:39:25.680 18329 18361 I DetoxDispatcher: Handling action 'invoke' (ID #50)...
04-06 19:39:25.680 18329 18361 D Detox   : class com.wix.detox.espresso.DetoxMatcher, matcherForTestId, [btn-iniciar-treino, false]
04-06 19:39:25.681 18329 18361 D Detox   : class androidx.test.espresso.Espresso, onView, [(view.getTag() is "btn-iniciar-treino" and view has effective visibility <VISIBLE>)]
04-06 19:39:25.682 18329 18361 D Detox   : class com.wix.detox.espresso.DetoxMatcher, matcherForSufficientlyVisible, [75]
04-06 19:39:25.682 18329 18361 D Detox   : class com.wix.detox.espresso.DetoxAssertion, waitForAssertMatcher, [androidx.test.espresso.ViewInteraction@1733a2d, (view has effective visibility <VISIBLE> and view.getGlobalVisibleRect() covers at least <75> percent of the view's area), 5.0]
04-06 19:39:25.687 18329 18329 I ViewInteraction: Checking 'MatchesViewAssertion(Detox){viewMatcher=(view has effective visibility <VISIBLE> and view.getGlobalVisibleRect() covers at least <75> percent of the view's area)}' assertion on view (view.getTag() is "btn-iniciar-treino" and view has effective visibility <VISIBLE>)
04-06 19:39:25.691 18329 18361 I DetoxWSClient: Sending out action 'invokeResult' (ID #50)
04-06 19:39:25.695 18329 18361 I DetoxDispatcher: Done with action 'invoke'
04-06 19:39:25.709 18329 18365 D DetoxWSClient: Received action 'invoke' (ID #51, params={"target":{"type":"Class","value":"com.wix.detox.espresso.EspressoDetox"},"method":"perform","args":[{"type":"Invocation","value":{"target":{"type":"Class","value":"com.wix.detox.espresso.DetoxMatcher"},"method":"matcherForTestId","args":["btn-iniciar-treino",{"type":"boolean","value":false}]}},{"type":"Invocation","value":{"target":{"type":"Class","value":"com.wix.detox.espresso.DetoxViewActions"},"method":"click","args":[]}}]})
04-06 19:39:25.709 18329 18361 I DetoxDispatcher: Handling action 'invoke' (ID #51)...
04-06 19:39:25.709 18329 18361 D Detox   : class com.wix.detox.espresso.DetoxMatcher, matcherForTestId, [btn-iniciar-treino, false]
04-06 19:39:25.710 18329 18361 D Detox   : class com.wix.detox.espresso.DetoxViewActions, click, []
04-06 19:39:25.710 18329 18361 D Detox   : class com.wix.detox.espresso.EspressoDetox, perform, [(view.getTag() is "btn-iniciar-treino" and view has effective visibility <VISIBLE>), com.wix.detox.espresso.action.RNClickAction@79804f3]
04-06 19:39:25.712 18329 18329 I ViewInteraction: Performing 'com.wix.detox.espresso.action.detoxsingletap@42e55b0 click' action on view (view.getTag() is "btn-iniciar-treino" and view has effective visibility <VISIBLE>)
04-06 19:39:25.715 18329 18329 I ViewRootImpl@73623ee[MainActivity]: ViewPostIme pointer 0
04-06 19:39:25.745 18329 18329 I ViewRootImpl@73623ee[MainActivity]: ViewPostIme pointer 1
04-06 19:39:25.859 18329 18329 W [RNScreens]: backTitleFontFamily prop is not available on Android
04-06 19:39:25.859 18329 18329 W [RNScreens]: disableBackButtonMenu prop is not available on Android
04-06 19:39:25.859 18329 18329 W [RNScreens]: backTitleVisible prop is not available on Android
04-06 19:39:25.859 18329 18329 W [RNScreens]: topInsetEnabled prop is not available on Android
04-06 19:39:25.859 18329 18329 W [RNScreens]: largeTitleHideShadow prop is not available on Android
04-06 19:39:25.859 18329 18329 W [RNScreens]: largeTitleFontWeight prop is not available on Android
04-06 19:39:25.859 18329 18329 W [RNScreens]: userInterfaceStyle prop is not available on Android
04-06 19:39:25.859 18329 18329 W [RNScreens]: largeTitleFontFamily prop is not available on Android
04-06 19:39:25.877 18329 18416 I ReactNativeJS: 'match:', 'local-cache'
04-06 19:39:25.878 18329 18416 I ReactNativeJS: 'recommendation:', 'push', '| confidence:', 'alta'
04-06 19:39:25.915 18329 18416 I ReactNativeJS: 'match:', 'local-cache'
04-06 19:39:25.915 18329 18416 I ReactNativeJS: 'recommendation:', 'push', '| confidence:', 'alta'
04-06 19:39:26.004 18329 18329 W UiControllerImpl: Waiting for: DYNAMIC_TASKS_HAVE_IDLED for 100 iterations.
04-06 19:39:27.132 18329 18329 W om.evolucao.app: Accessing hidden field Landroid/widget/HorizontalScrollView;->mScroller:Landroid/widget/OverScroller; (unsupported, reflection, allowed)
04-06 19:39:27.153 18329 18329 D ScrollView: initGoToTop
04-06 19:39:28.331 18329 18361 I DetoxWSClient: Sending out action 'invokeResult' (ID #51)
04-06 19:39:28.332 18329 18361 I DetoxDispatcher: Done with action 'invoke'
04-06 19:39:28.643 18329 18365 D DetoxWSClient: Received action 'invoke' (ID #52, params={"target":{"type":"Class","value":"com.wix.detox.espresso.DetoxAssertion"},"method":"waitForAssertMatcher","args":[{"type":"Invocation","value":{"target":{"type":"Class","value":"androidx.test.espresso.Espresso"},"method":"onView","args":[{"type":"Invocation","value":{"target":{"type":"Class","value":"com.wix.detox.espresso.DetoxMatcher"},"method":"matcherForTestId","args":["screen-workout",{"type":"boolean","value":false}]}}]}},{"type":"Invocation","value":{"target":{"type":"Class","value":"com.wix.detox.espresso.DetoxMatcher"},"method":"matcherForSufficientlyVisible","args":[{"type":"Integer","value":75}]}},{"type":"Double","value":5}]})
04-06 19:39:28.643 18329 18361 I DetoxDispatcher: Handling action 'invoke' (ID #52)...
04-06 19:39:28.644 18329 18361 D Detox   : class com.wix.detox.espresso.DetoxMatcher, matcherForTestId, [screen-workout, false]
04-06 19:39:28.645 18329 18361 D Detox   : class androidx.test.espresso.Espresso, onView, [(view.getTag() is "screen-workout" and view has effective visibility <VISIBLE>)]
04-06 19:39:28.646 18329 18361 D Detox   : class com.wix.detox.espresso.DetoxMatcher, matcherForSufficientlyVisible, [75]
04-06 19:39:28.647 18329 18361 D Detox   : class com.wix.detox.espresso.DetoxAssertion, waitForAssertMatcher, [androidx.test.espresso.ViewInteraction@5ec2f46, (view has effective visibility <VISIBLE> and view.getGlobalVisibleRect() covers at least <75> percent of the view's area), 5.0]
04-06 19:39:28.658 18329 18329 I ViewInteraction: Checking 'MatchesViewAssertion(Detox){viewMatcher=(view has effective visibility <VISIBLE> and view.getGlobalVisibleRect() covers at least <75> percent of the view's area)}' assertion on view (view.getTag() is "screen-workout" and view has effective visibility <VISIBLE>)
04-06 19:39:28.664 18329 18361 I DetoxWSClient: Sending out action 'invokeResult' (ID #52)
04-06 19:39:28.664 18329 18361 I DetoxDispatcher: Done with action 'invoke'
04-06 19:39:29.382 18329 18365 D DetoxWSClient: Received action 'invoke' (ID #53, params={"target":{"type":"Class","value":"com.wix.detox.espresso.DetoxAssertion"},"method":"waitForAssertMatcher","args":[{"type":"Invocation","value":{"target":{"type":"Class","value":"androidx.test.espresso.Espresso"},"method":"onView","args":[{"type":"Invocation","value":{"target":{"type":"Class","value":"com.wix.detox.espresso.DetoxMatcher"},"method":"matcherForTestId","args":["app-root",{"type":"boolean","value":false}]}}]}},{"type":"Invocation","value":{"target":{"type":"Class","value":"com.wix.detox.espresso.DetoxMatcher"},"method":"matcherForSufficientlyVisible","args":[{"type":"Integer","value":75}]}},{"type":"Double","value":5}]})
04-06 19:39:29.382 18329 18361 I DetoxDispatcher: Handling action 'invoke' (ID #53)...
04-06 19:39:29.383 18329 18361 D Detox   : class com.wix.detox.espresso.DetoxMatcher, matcherForTestId, [app-root, false]
04-06 19:39:29.383 18329 18361 D Detox   : class androidx.test.espresso.Espresso, onView, [(view.getTag() is "app-root" and view has effective visibility <VISIBLE>)]
04-06 19:39:29.384 18329 18361 D Detox   : class com.wix.detox.espresso.DetoxMatcher, matcherForSufficientlyVisible, [75]
04-06 19:39:29.384 18329 18361 D Detox   : class com.wix.detox.espresso.DetoxAssertion, waitForAssertMatcher, [androidx.test.espresso.ViewInteraction@c779634, (view has effective visibility <VISIBLE> and view.getGlobalVisibleRect() covers at least <75> percent of the view's area), 5.0]
04-06 19:39:29.390 18329 18329 I ViewInteraction: Checking 'MatchesViewAssertion(Detox){viewMatcher=(view has effective visibility <VISIBLE> and view.getGlobalVisibleRect() covers at least <75> percent of the view's area)}' assertion on view (view.getTag() is "app-root" and view has effective visibility <VISIBLE>)
04-06 19:39:29.395 18329 18361 I DetoxWSClient: Sending out action 'invokeResult' (ID #53)
04-06 19:39:29.396 18329 18361 I DetoxDispatcher: Done with action 'invoke'
04-06 19:39:29.398 18329 18365 D DetoxWSClient: Received action 'invoke' (ID #54, params={"target":{"type":"Class","value":"com.wix.detox.espresso.DetoxAssertion"},"method":"assertMatcher","args":[{"type":"Invocation","value":{"target":{"type":"Class","value":"androidx.test.espresso.Espresso"},"method":"onView","args":[{"type":"Invocation","value":{"target":{"type":"Class","value":"com.wix.detox.espresso.DetoxMatcher"},"method":"matcherForTestId","args":["app-root",{"type":"boolean","value":false}]}}]}},{"type":"Invocation","value":{"target":{"type":"Class","value":"com.wix.detox.espresso.DetoxMatcher"},"method":"matcherForSufficientlyVisible","args":[{"type":"Integer","value":75}]}}]})
04-06 19:39:29.398 18329 18361 I DetoxDispatcher: Handling action 'invoke' (ID #54)...
04-06 19:39:29.398 18329 18361 D Detox   : class com.wix.detox.espresso.DetoxMatcher, matcherForTestId, [app-root, false]
04-06 19:39:29.399 18329 18361 D Detox   : class androidx.test.espresso.Espresso, onView, [(view.getTag() is "app-root" and view has effective visibility <VISIBLE>)]
04-06 19:39:29.399 18329 18361 D Detox   : class com.wix.detox.espresso.DetoxMatcher, matcherForSufficientlyVisible, [75]
04-06 19:39:29.400 18329 18361 D Detox   : class com.wix.detox.espresso.DetoxAssertion, assertMatcher, [androidx.test.espresso.ViewInteraction@ee6fc5d, (view has effective visibility <VISIBLE> and view.getGlobalVisibleRect() covers at least <75> percent of the view's area)]
04-06 19:39:29.403 18329 18329 I ViewInteraction: Checking 'MatchesViewAssertion(Detox){viewMatcher=(view has effective visibility <VISIBLE> and view.getGlobalVisibleRect() covers at least <75> percent of the view's area)}' assertion on view (view.getTag() is "app-root" and view has effective visibility <VISIBLE>)
04-06 19:39:29.405 18329 18361 I DetoxWSClient: Sending out action 'invokeResult' (ID #54)
04-06 19:39:29.407 18329 18361 I DetoxDispatcher: Done with action 'invoke'
04-06 19:39:29.410 18329 18365 D DetoxWSClient: Received action 'invoke' (ID #55, params={"target":{"type":"Class","value":"com.wix.detox.espresso.DetoxAssertion"},"method":"waitForAssertMatcher","args":[{"type":"Invocation","value":{"target":{"type":"Class","value":"androidx.test.espresso.Espresso"},"method":"onView","args":[{"type":"Invocation","value":{"target":{"type":"Class","value":"com.wix.detox.espresso.DetoxMatcher"},"method":"matcherForTestId","args":["input-peso",{"type":"boolean","value":false}]}}]}},{"type":"Invocation","value":{"target":{"type":"Class","value":"com.wix.detox.espresso.DetoxMatcher"},"method":"matcherForSufficientlyVisible","args":[{"type":"Integer","value":75}]}},{"type":"Double","value":5}]})
04-06 19:39:29.411 18329 18361 I DetoxDispatcher: Handling action 'invoke' (ID #55)...
04-06 19:39:29.411 18329 18361 D Detox   : class com.wix.detox.espresso.DetoxMatcher, matcherForTestId, [input-peso, false]
04-06 19:39:29.411 18329 18361 D Detox   : class androidx.test.espresso.Espresso, onView, [(view.getTag() is "input-peso" and view has effective visibility <VISIBLE>)]
04-06 19:39:29.412 18329 18361 D Detox   : class com.wix.detox.espresso.DetoxMatcher, matcherForSufficientlyVisible, [75]
04-06 19:39:29.412 18329 18361 D Detox   : class com.wix.detox.espresso.DetoxAssertion, waitForAssertMatcher, [androidx.test.espresso.ViewInteraction@62bf9d2, (view has effective visibility <VISIBLE> and view.getGlobalVisibleRect() covers at least <75> percent of the view's area), 5.0]
04-06 19:39:29.415 18329 18329 I ViewInteraction: Checking 'MatchesViewAssertion(Detox){viewMatcher=(view has effective visibility <VISIBLE> and view.getGlobalVisibleRect() covers at least <75> percent of the view's area)}' assertion on view (view.getTag() is "input-peso" and view has effective visibility <VISIBLE>)
04-06 19:39:29.425 18329 18361 I DetoxWSClient: Sending out action 'invokeResult' (ID #55)
04-06 19:39:29.425 18329 18361 I DetoxDispatcher: Done with action 'invoke'
04-06 19:39:29.428 18329 18365 D DetoxWSClient: Received action 'invoke' (ID #56, params={"target":{"type":"Class","value":"com.wix.detox.espresso.DetoxAssertion"},"method":"waitForAssertMatcher","args":[{"type":"Invocation","value":{"target":{"type":"Class","value":"androidx.test.espresso.Espresso"},"method":"onView","args":[{"type":"Invocation","value":{"target":{"type":"Class","value":"com.wix.detox.espresso.DetoxMatcher"},"method":"matcherForTestId","args":["input-reps",{"type":"boolean","value":false}]}}]}},{"type":"Invocation","value":{"target":{"type":"Class","value":"com.wix.detox.espresso.DetoxMatcher"},"method":"matcherForSufficientlyVisible","args":[{"type":"Integer","value":75}]}},{"type":"Double","value":5}]})
04-06 19:39:29.428 18329 18361 I DetoxDispatcher: Handling action 'invoke' (ID #56)...
04-06 19:39:29.429 18329 18361 D Detox   : class com.wix.detox.espresso.DetoxMatcher, matcherForTestId, [input-reps, false]
04-06 19:39:29.429 18329 18361 D Detox   : class androidx.test.espresso.Espresso, onView, [(view.getTag() is "input-reps" and view has effective visibility <VISIBLE>)]
04-06 19:39:29.429 18329 18361 D Detox   : class com.wix.detox.espresso.DetoxMatcher, matcherForSufficientlyVisible, [75]
04-06 19:39:29.430 18329 18361 D Detox   : class com.wix.detox.espresso.DetoxAssertion, waitForAssertMatcher, [androidx.test.espresso.ViewInteraction@e0d5acc, (view has effective visibility <VISIBLE> and view.getGlobalVisibleRect() covers at least <75> percent of the view's area), 5.0]
04-06 19:39:29.432 18329 18329 I ViewInteraction: Checking 'MatchesViewAssertion(Detox){viewMatcher=(view has effective visibility <VISIBLE> and view.getGlobalVisibleRect() covers at least <75> percent of the view's area)}' assertion on view (view.getTag() is "input-reps" and view has effective visibility <VISIBLE>)
04-06 19:39:29.442 18329 18361 I DetoxWSClient: Sending out action 'invokeResult' (ID #56)
04-06 19:39:29.442 18329 18361 I DetoxDispatcher: Done with action 'invoke'
04-06 19:39:29.446 18329 18365 D DetoxWSClient: Received action 'invoke' (ID #57, params={"target":{"type":"Class","value":"com.wix.detox.espresso.DetoxAssertion"},"method":"waitForAssertMatcher","args":[{"type":"Invocation","value":{"target":{"type":"Class","value":"androidx.test.espresso.Espresso"},"method":"onView","args":[{"type":"Invocation","value":{"target":{"type":"Class","value":"com.wix.detox.espresso.DetoxMatcher"},"method":"matcherForTestId","args":["input-peso",{"type":"boolean","value":false}]}}]}},{"type":"Invocation","value":{"target":{"type":"Class","value":"com.wix.detox.espresso.DetoxMatcher"},"method":"matcherForSufficientlyVisible","args":[{"type":"Integer","value":75}]}},{"type":"Double","value":5}]})
04-06 19:39:29.446 18329 18361 I DetoxDispatcher: Handling action 'invoke' (ID #57)...
04-06 19:39:29.446 18329 18361 D Detox   : class com.wix.detox.espresso.DetoxMatcher, matcherForTestId, [input-peso, false]
04-06 19:39:29.446 18329 18361 D Detox   : class androidx.test.espresso.Espresso, onView, [(view.getTag() is "input-peso" and view has effective visibility <VISIBLE>)]
04-06 19:39:29.447 18329 18361 D Detox   : class com.wix.detox.espresso.DetoxMatcher, matcherForSufficientlyVisible, [75]
04-06 19:39:29.447 18329 18361 D Detox   : class com.wix.detox.espresso.DetoxAssertion, waitForAssertMatcher, [androidx.test.espresso.ViewInteraction@d0d0c2a, (view has effective visibility <VISIBLE> and view.getGlobalVisibleRect() covers at least <75> percent of the view's area), 5.0]
04-06 19:39:29.450 18329 18329 I ViewInteraction: Checking 'MatchesViewAssertion(Detox){viewMatcher=(view has effective visibility <VISIBLE> and view.getGlobalVisibleRect() covers at least <75> percent of the view's area)}' assertion on view (view.getTag() is "input-peso" and view has effective visibility <VISIBLE>)
04-06 19:39:29.460 18329 18361 I DetoxWSClient: Sending out action 'invokeResult' (ID #57)
04-06 19:39:29.460 18329 18361 I DetoxDispatcher: Done with action 'invoke'
04-06 19:39:29.463 18329 18365 D DetoxWSClient: Received action 'invoke' (ID #58, params={"target":{"type":"Class","value":"com.wix.detox.espresso.EspressoDetox"},"method":"perform","args":[{"type":"Invocation","value":{"target":{"type":"Class","value":"com.wix.detox.espresso.DetoxMatcher"},"method":"matcherForTestId","args":["input-peso",{"type":"boolean","value":false}]}},{"type":"Invocation","value":{"target":{"type":"Class","value":"com.wix.detox.espresso.DetoxViewActions"},"method":"click","args":[]}}]})
04-06 19:39:29.463 18329 18361 I DetoxDispatcher: Handling action 'invoke' (ID #58)...
04-06 19:39:29.464 18329 18361 D Detox   : class com.wix.detox.espresso.DetoxMatcher, matcherForTestId, [input-peso, false]
04-06 19:39:29.464 18329 18361 D Detox   : class com.wix.detox.espresso.DetoxViewActions, click, []
04-06 19:39:29.464 18329 18361 D Detox   : class com.wix.detox.espresso.EspressoDetox, perform, [(view.getTag() is "input-peso" and view has effective visibility <VISIBLE>), com.wix.detox.espresso.action.RNClickAction@abf2a1b]
04-06 19:39:29.467 18329 18329 I ViewInteraction: Performing 'com.wix.detox.espresso.action.detoxsingletap@e1b57b8 click' action on view (view.getTag() is "input-peso" and view has effective visibility <VISIBLE>)
04-06 19:39:29.478 18329 18329 I ViewRootImpl@73623ee[MainActivity]: ViewPostIme pointer 0
04-06 19:39:29.508 18329 18329 I ViewRootImpl@73623ee[MainActivity]: ViewPostIme pointer 1
04-06 19:39:29.526 18329 18329 D InputMethodManager: startInputInner - Id : 0
04-06 19:39:29.526 18329 18329 I InputMethodManager: startInputInner - mService.startInputOrWindowGainedFocus
04-06 19:39:29.530 18329 18329 I IMM_LC  : showSoftInput(View,I)
04-06 19:39:29.530 18329 18329 I IMM_LC  : ssi() - flag : 0 view : com.evolucao.app reason = SHOW_SOFT_INPUT
04-06 19:39:29.549 18329 18379 D NativeCustomFrequencyManager: [NativeCFMS] BpCustomFrequencyManager::BpCustomFrequencyManager()
04-06 19:39:29.555 18329 18329 D InsetsController: onStateChanged: InsetsState: {mDisplayFrame=Rect(0, 0 - 1080, 2400), mDisplayCutout=DisplayCutout{insets=Rect(0, 88 - 0, 0) waterfall=Insets{left=0, top=0, right=0, bottom=0} boundingRect={Bounds=[Rect(0, 0 - 0, 0), Rect(512, 0 - 568, 88), Rect(0, 0 - 0, 0), Rect(0, 0 - 0, 0)]} cutoutPathParserInfo={CutoutPathParserInfo{displayWidth=1080 displayHeight=2400 physicalDisplayWidth=1080 physicalDisplayHeight=2400 density={3.0} cutoutSpec={M 0,0 M 0,10.71963616907435 a 9.280363830925644,9.280363830925644 0 1,0 0,18.56072766185129 a 9.280363830925644,9.280363830925644 0 1,0 0,-18.56072766185129 Z @dp} rotation={0} scale={1.0} physicalPixelDisplaySizeRatio={1.0}}}}, mRoundedCorners=RoundedCorners{[RoundedCorner{position=TopLeft, radius=96, center=Point(96, 96)}, RoundedCorner{position=TopRight, radius=96, center=Point(984, 96)}, RoundedCorner{position=BottomRight, radius=96, center=Point(984, 2304)}, RoundedCorner{position=BottomLeft, radius=96, center=Point(96, 2304)}]}  mRoundedCornerFrame=Rect(0, 0 - 1080, 2400), mPrivacyIndicatorBounds=PrivacyIndicatorBounds {static bounds=Rect(948, 0 - 1080, 88) rotation=0}, mSources= { InsetsSource: {mType=ITYPE_STATUS_BAR, mFrame=[0,0][1080,88], mVisible=true, mInsetsRoundedCornerFrame=false}, InsetsSource: {mType=ITYPE_NAVIGATION_BAR, mFrame=[0,2256][1080,2400], mVisible=true, mInsetsRoundedCornerFrame=false}, InsetsSource: {mType=ITYPE_LEFT_GESTURES, mFrame=[0,0][0,2400], mVisible=true, mInsetsRoundedCornerFrame=false}, InsetsSource: {mType=ITYPE_RIGHT_GESTURES, mFrame=[1080,0][1080,2400], mVisible=true, mInsetsRoundedCornerFrame=false}, InsetsSource: {mType=ITYPE_TOP_MANDATORY_GESTURES, mFrame=[0,0][1080,124], mVisible=true, mInsetsRoundedCornerFrame=false}, InsetsSource: {mType=ITYPE_BOTTOM_MANDATORY_GESTURES, mFrame=[0,2256][1080,2400], mVisible=true, mInsetsRoundedCornerFrame=false}, InsetsSource: {mType=ITYPE_LEFT_DISPLAY_CUTOUT, mFrame=[0,0][-100000,2400], mVisible=true, mInsetsRoundedCornerFrame=false}, InsetsSource: {mType=ITYPE_TOP_DISPLAY_CUTOUT, mFrame=[0,0][1080,88], mVisible=true, mInsetsRoundedCornerFrame=false}, InsetsSource: {mType=ITYPE_RIGHT_DISPLAY_CUTOUT, mFrame=[100000,0][1080,2400], mVisible=true, mInsetsRoundedCornerFrame=false}, InsetsSource: {mType=ITYPE_BOTTOM_DISPLAY_CUTOUT, mFrame=[0,100000][1080,2400], mVisible=true, mInsetsRoundedCornerFrame=false}, InsetsSource: {mType=ITYPE_TOP_TAPPABLE_ELEMENT, mFrame=[0,0][1080,88], mVisible=true, mInsetsRoundedCornerFrame=false}, InsetsSource: {mType=ITYPE_BOTTOM_TAPPABLE_ELEMENT, mFrame=[0,2256][1080,2400], mVisible=true, mInsetsRoundedCornerFrame=false} } host=PopupWindow:b89e3ef from=android.view.ViewRootImpl.setView:1732
04-06 19:39:29.557 18329 18329 I ViewRootImpl@7030efc[PopupWindow:b89e3ef]: setView = android.widget.PopupWindow$PopupDecorView@3f01ee8 TM=false
04-06 19:39:29.560 18329 18379 D NativeCustomFrequencyManager: [NativeCFMS] BpCustomFrequencyManager::BpCustomFrequencyManager()
04-06 19:39:29.563 18329 18329 D InsetsController: onStateChanged: InsetsState: {mDisplayFrame=Rect(0, 0 - 1080, 2400), mDisplayCutout=DisplayCutout{insets=Rect(0, 88 - 0, 0) waterfall=Insets{left=0, top=0, right=0, bottom=0} boundingRect={Bounds=[Rect(0, 0 - 0, 0), Rect(512, 0 - 568, 88), Rect(0, 0 - 0, 0), Rect(0, 0 - 0, 0)]} cutoutPathParserInfo={CutoutPathParserInfo{displayWidth=1080 displayHeight=2400 physicalDisplayWidth=1080 physicalDisplayHeight=2400 density={3.0} cutoutSpec={M 0,0 M 0,10.71963616907435 a 9.280363830925644,9.280363830925644 0 1,0 0,18.56072766185129 a 9.280363830925644,9.280363830925644 0 1,0 0,-18.56072766185129 Z @dp} rotation={0} scale={1.0} physicalPixelDisplaySizeRatio={1.0}}}}, mRoundedCorners=RoundedCorners{[RoundedCorner{position=TopLeft, radius=96, center=Point(96, 96)}, RoundedCorner{position=TopRight, radius=96, center=Point(984, 96)}, RoundedCorner{position=BottomRight, radius=96, center=Point(984, 2304)}, RoundedCorner{position=BottomLeft, radius=96, center=Point(96, 2304)}]}  mRoundedCornerFrame=Rect(0, 0 - 1080, 2400), mPrivacyIndicatorBounds=PrivacyIndicatorBounds {static bounds=Rect(948, 0 - 1080, 88) rotation=0}, mSources= { InsetsSource: {mType=ITYPE_STATUS_BAR, mFrame=[0,0][1080,88], mVisible=true, mInsetsRoundedCornerFrame=false}, InsetsSource: {mType=ITYPE_NAVIGATION_BAR, mFrame=[0,2256][1080,2400], mVisible=true, mInsetsRoundedCornerFrame=false}, InsetsSource: {mType=ITYPE_LEFT_GESTURES, mFrame=[0,0][0,2400], mVisible=true, mInsetsRoundedCornerFrame=false}, InsetsSource: {mType=ITYPE_RIGHT_GESTURES, mFrame=[1080,0][1080,2400], mVisible=true, mInsetsRoundedCornerFrame=false}, InsetsSource: {mType=ITYPE_TOP_MANDATORY_GESTURES, mFrame=[0,0][1080,124], mVisible=true, mInsetsRoundedCornerFrame=false}, InsetsSource: {mType=ITYPE_BOTTOM_MANDATORY_GESTURES, mFrame=[0,2256][1080,2400], mVisible=true, mInsetsRoundedCornerFrame=false}, InsetsSource: {mType=ITYPE_LEFT_DISPLAY_CUTOUT, mFrame=[0,0][-100000,2400], mVisible=true, mInsetsRoundedCornerFrame=false}, InsetsSource: {mType=ITYPE_TOP_DISPLAY_CUTOUT, mFrame=[0,0][1080,88], mVisible=true, mInsetsRoundedCornerFrame=false}, InsetsSource: {mType=ITYPE_RIGHT_DISPLAY_CUTOUT, mFrame=[100000,0][1080,2400], mVisible=true, mInsetsRoundedCornerFrame=false}, InsetsSource: {mType=ITYPE_BOTTOM_DISPLAY_CUTOUT, mFrame=[0,100000][1080,2400], mVisible=true, mInsetsRoundedCornerFrame=false}, InsetsSource: {mType=ITYPE_TOP_TAPPABLE_ELEMENT, mFrame=[0,0][1080,88], mVisible=true, mInsetsRoundedCornerFrame=false}, InsetsSource: {mType=ITYPE_BOTTOM_TAPPABLE_ELEMENT, mFrame=[0,2256][1080,2400], mVisible=true, mInsetsRoundedCornerFrame=false} } host=PopupWindow:2c053a6 from=android.view.ViewRootImpl.setView:1732
04-06 19:39:29.566 18329 18329 I ViewRootImpl@dc461e7[PopupWindow:2c053a6]: setView = android.widget.PopupWindow$PopupDecorView@a6b3583 TM=false
04-06 19:39:29.573 18329 18329 I IMM_LC  : showSoftInput(View,I)
04-06 19:39:29.574 18329 18329 I IMM_LC  : ssi() - flag : 0 view : com.evolucao.app reason = SHOW_SOFT_INPUT
04-06 19:39:29.576 18329 18329 I ViewRootImpl@7030efc[PopupWindow:b89e3ef]: performTraversals params={(231,1866)(90x108) gr=TOP START CENTER sim={state=unchanged adjust=pan} ty=APPLICATION_SUB_PANEL fmt=TRANSLUCENT wanim=0x1030313 surfaceInsets=Rect(0, 0 - 0, 0) (manual)
04-06 19:39:29.576 18329 18329 I ViewRootImpl@7030efc[PopupWindow:b89e3ef]:   fl=41800208
04-06 19:39:29.576 18329 18329 I ViewRootImpl@7030efc[PopupWindow:b89e3ef]:   pfl=2018000
04-06 19:39:29.576 18329 18329 I ViewRootImpl@7030efc[PopupWindow:b89e3ef]:   bhv=DEFAULT
04-06 19:39:29.576 18329 18329 I ViewRootImpl@7030efc[PopupWindow:b89e3ef]:   fitTypes=STATUS_BARS NAVIGATION_BARS CAPTION_BAR naviIconColor=0
04-06 19:39:29.576 18329 18329 I ViewRootImpl@7030efc[PopupWindow:b89e3ef]:   sfl=20000}
04-06 19:39:29.577 18329 18329 I ViewRootImpl@7030efc[PopupWindow:b89e3ef]: performTraversals mFirst=true windowShouldResize=true viewVisibilityChanged=false mForceNextWindowRelayout=false params={(231,1866)(90x108) gr=TOP START CENTER sim={state=unchanged adjust=pan} ty=APPLICATION_SUB_PANEL fmt=TRANSLUCENT wanim=0x1030313 surfaceInsets=Rect(0, 0 - 0, 0) (manual)
04-06 19:39:29.577 18329 18329 I ViewRootImpl@7030efc[PopupWindow:b89e3ef]:   fl=41800208
04-06 19:39:29.577 18329 18329 I ViewRootImpl@7030efc[PopupWindow:b89e3ef]:   pfl=42018000
04-06 19:39:29.577 18329 18329 I ViewRootImpl@7030efc[PopupWindow:b89e3ef]:   bhv=DEFAULT
04-06 19:39:29.577 18329 18329 I ViewRootImpl@7030efc[PopupWindow:b89e3ef]:   fitTypes=STATUS_BARS NAVIGATION_BARS CAPTION_BAR naviIconColor=0
04-06 19:39:29.577 18329 18329 I ViewRootImpl@7030efc[PopupWindow:b89e3ef]:   sfl=20000}
04-06 19:39:29.585 18329 18575 I ViewRootImpl@7030efc[PopupWindow:b89e3ef]: Resizing android.view.ViewRootImpl@6180901: frame = [231,1866][321,1974] reportDraw = true forceLayout = false syncSeqId = 0
04-06 19:39:29.586 18329 18329 I ViewRootImpl@7030efc[PopupWindow:b89e3ef]: updateBlastSurfaceIfNeeded mBlastBufferQueue=null isSameSurfaceControl=false
04-06 19:39:29.587 18329 18329 I BLASTBufferQueue: new BLASTBufferQueue, mName= ViewRootImpl@7030efc[PopupWindow:b89e3ef] mNativeObject= 0xb4000070b1007b00 sc.mNativeObject= 0xb4000069eb9b67c0 caller= android.view.ViewRootImpl.updateBlastSurfaceIfNeeded:2909 android.view.ViewRootImpl.relayoutWindow:9847 android.view.ViewRootImpl.performTraversals:3884 android.view.ViewRootImpl.doTraversal:3116 android.view.ViewRootImpl$TraversalRunnable.run:10885 android.view.Choreographer$CallbackRecord.run:1301 android.view.Choreographer$CallbackRecord.run:1309 android.view.Choreographer.doCallbacks:923 android.view.Choreographer.doFrame:852 android.view.Choreographer$FrameDisplayEventReceiver.run:1283 
04-06 19:39:29.587 18329 18329 I BLASTBufferQueue: update, w= 90 h= 108 mName = ViewRootImpl@7030efc[PopupWindow:b89e3ef] mNativeObject= 0xb4000070b1007b00 sc.mNativeObject= 0xb4000069eb9b67c0 format= -3 caller= android.graphics.BLASTBufferQueue.<init>:84 android.view.ViewRootImpl.updateBlastSurfaceIfNeeded:2909 android.view.ViewRootImpl.relayoutWindow:9847 android.view.ViewRootImpl.performTraversals:3884 android.view.ViewRootImpl.doTraversal:3116 android.view.ViewRootImpl$TraversalRunnable.run:10885 
04-06 19:39:29.588 18329 18329 I ViewRootImpl@7030efc[PopupWindow:b89e3ef]: Relayout returned: old=(231,1866,321,1974) new=(231,1866,321,1974) req=(90,108)0 dur=9 res=0x3 s={true 0xb4000069eb9e9800} ch=true seqId=0
04-06 19:39:29.588 18329 18329 I ViewRootImpl@7030efc[PopupWindow:b89e3ef]: mThreadedRenderer.initialize() mSurface={isValid=true 0xb4000069eb9e9800} hwInitialized=true
04-06 19:39:29.588 18329 18379 D OpenGLRenderer: eglCreateWindowSurface
04-06 19:39:29.590 18329 18329 I ViewRootImpl@7030efc[PopupWindow:b89e3ef]: reportNextDraw android.view.ViewRootImpl.performTraversals:4438 android.view.ViewRootImpl.doTraversal:3116 android.view.ViewRootImpl$TraversalRunnable.run:10885 android.view.Choreographer$CallbackRecord.run:1301 android.view.Choreographer$CallbackRecord.run:1309 
04-06 19:39:29.590 18329 18329 I ViewRootImpl@7030efc[PopupWindow:b89e3ef]: Setup new sync id=0
04-06 19:39:29.590 18329 18329 I ViewRootImpl@7030efc[PopupWindow:b89e3ef]: Setting syncFrameCallback
04-06 19:39:29.590 18329 18329 I ViewRootImpl@7030efc[PopupWindow:b89e3ef]: registerCallbacksForSync syncBuffer=false
04-06 19:39:29.591 18329 18404 I ViewRootImpl@7030efc[PopupWindow:b89e3ef]: Received frameDrawingCallback syncResult=0 frameNum=1.
04-06 19:39:29.591 18329 18404 I ViewRootImpl@7030efc[PopupWindow:b89e3ef]: Setting up sync and frameCommitCallback
04-06 19:39:29.599 18329 18379 I BLASTBufferQueue: [ViewRootImpl@7030efc[PopupWindow:b89e3ef]#2](f:0,a:0) onFrameAvailable the first frame is available
04-06 19:39:29.600 18329 18379 I ViewRootImpl@7030efc[PopupWindow:b89e3ef]: Received frameCommittedCallback lastAttemptedDrawFrameNum=1 didProduceBuffer=true
04-06 19:39:29.600 18329 18379 D OpenGLRenderer: CFMS:: SetUp Pid : 18329    Tid : 18379
04-06 19:39:29.601 18329 18379 W Parcel  : Expecting binder but got null!
04-06 19:39:29.602 18329 18329 I ViewRootImpl@7030efc[PopupWindow:b89e3ef]: onSyncComplete
04-06 19:39:29.602 18329 18329 I ViewRootImpl@7030efc[PopupWindow:b89e3ef]: setupSync seqId=0 mSyncId=0 fn=1 caller=android.view.ViewRootImpl$$ExternalSyntheticLambda11.accept:6 android.window.SurfaceSyncer.lambda$setupSync$1$android-window-SurfaceSyncer:128 android.window.SurfaceSyncer$$ExternalSyntheticLambda1.accept:8 android.window.SurfaceSyncer$SyncSet.checkIfSyncIsComplete:382 android.window.SurfaceSyncer$SyncSet.markSyncReady:359 android.window.SurfaceSyncer.markSyncReady:151 android.view.ViewRootImpl.performTraversals:4503 
04-06 19:39:29.604 18329 18329 I ViewRootImpl@dc461e7[PopupWindow:2c053a6]: performTraversals params={(231,1772)(90x94) gr=TOP START CENTER sim={state=unchanged adjust=pan} ty=APPLICATION_SUB_PANEL fmt=TRANSLUCENT wanim=0x1030313 surfaceInsets=Rect(0, 0 - 0, 0) (manual)
04-06 19:39:29.604 18329 18329 I ViewRootImpl@dc461e7[PopupWindow:2c053a6]:   fl=41800218
04-06 19:39:29.604 18329 18329 I ViewRootImpl@dc461e7[PopupWindow:2c053a6]:   pfl=2018000
04-06 19:39:29.604 18329 18329 I ViewRootImpl@dc461e7[PopupWindow:2c053a6]:   bhv=DEFAULT
04-06 19:39:29.604 18329 18329 I ViewRootImpl@dc461e7[PopupWindow:2c053a6]:   fitTypes=STATUS_BARS NAVIGATION_BARS CAPTION_BAR naviIconColor=0
04-06 19:39:29.604 18329 18329 I ViewRootImpl@dc461e7[PopupWindow:2c053a6]:   sfl=20000}
04-06 19:39:29.604 18329 18329 I ViewRootImpl@dc461e7[PopupWindow:2c053a6]: performTraversals mFirst=true windowShouldResize=true viewVisibilityChanged=false mForceNextWindowRelayout=false params={(231,1772)(90x94) gr=TOP START CENTER sim={state=unchanged adjust=pan} ty=APPLICATION_SUB_PANEL fmt=TRANSLUCENT wanim=0x1030313 surfaceInsets=Rect(0, 0 - 0, 0) (manual)
04-06 19:39:29.604 18329 18329 I ViewRootImpl@dc461e7[PopupWindow:2c053a6]:   fl=41800218
04-06 19:39:29.604 18329 18329 I ViewRootImpl@dc461e7[PopupWindow:2c053a6]:   pfl=42018000
04-06 19:39:29.604 18329 18329 I ViewRootImpl@dc461e7[PopupWindow:2c053a6]:   bhv=DEFAULT
04-06 19:39:29.604 18329 18329 I ViewRootImpl@dc461e7[PopupWindow:2c053a6]:   fitTypes=STATUS_BARS NAVIGATION_BARS CAPTION_BAR naviIconColor=0
04-06 19:39:29.604 18329 18329 I ViewRootImpl@dc461e7[PopupWindow:2c053a6]:   sfl=20000}
04-06 19:39:29.608 18329 18575 I ViewRootImpl@dc461e7[PopupWindow:2c053a6]: Resizing android.view.ViewRootImpl@45e300: frame = [231,1772][321,1866] reportDraw = true forceLayout = false syncSeqId = 0
04-06 19:39:29.609 18329 18329 I ViewRootImpl@dc461e7[PopupWindow:2c053a6]: updateBlastSurfaceIfNeeded mBlastBufferQueue=null isSameSurfaceControl=false
04-06 19:39:29.610 18329 18329 I BLASTBufferQueue: new BLASTBufferQueue, mName= ViewRootImpl@dc461e7[PopupWindow:2c053a6] mNativeObject= 0xb4000070b1007e80 sc.mNativeObject= 0xb4000069eb9b6a40 caller= android.view.ViewRootImpl.updateBlastSurfaceIfNeeded:2909 android.view.ViewRootImpl.relayoutWindow:9847 android.view.ViewRootImpl.performTraversals:3884 android.view.ViewRootImpl.doTraversal:3116 android.view.ViewRootImpl$TraversalRunnable.run:10885 android.view.Choreographer$CallbackRecord.run:1301 android.view.Choreographer$CallbackRecord.run:1309 android.view.Choreographer.doCallbacks:923 android.view.Choreographer.doFrame:852 android.view.Choreographer$FrameDisplayEventReceiver.run:1283 
04-06 19:39:29.610 18329 18329 I BLASTBufferQueue: update, w= 90 h= 94 mName = ViewRootImpl@dc461e7[PopupWindow:2c053a6] mNativeObject= 0xb4000070b1007e80 sc.mNativeObject= 0xb4000069eb9b6a40 format= -3 caller= android.graphics.BLASTBufferQueue.<init>:84 android.view.ViewRootImpl.updateBlastSurfaceIfNeeded:2909 android.view.ViewRootImpl.relayoutWindow:9847 android.view.ViewRootImpl.performTraversals:3884 android.view.ViewRootImpl.doTraversal:3116 android.view.ViewRootImpl$TraversalRunnable.run:10885 
04-06 19:39:29.611 18329 18329 I ViewRootImpl@dc461e7[PopupWindow:2c053a6]: Relayout returned: old=(231,1772,321,1866) new=(231,1772,321,1866) req=(90,94)0 dur=5 res=0x3 s={true 0xb4000069eb88c000} ch=true seqId=0
04-06 19:39:29.612 18329 18329 I ViewRootImpl@dc461e7[PopupWindow:2c053a6]: mThreadedRenderer.initialize() mSurface={isValid=true 0xb4000069eb88c000} hwInitialized=true
04-06 19:39:29.612 18329 18379 D OpenGLRenderer: eglCreateWindowSurface
04-06 19:39:29.614 18329 18329 I ViewRootImpl@dc461e7[PopupWindow:2c053a6]: reportNextDraw android.view.ViewRootImpl.performTraversals:4438 android.view.ViewRootImpl.doTraversal:3116 android.view.ViewRootImpl$TraversalRunnable.run:10885 android.view.Choreographer$CallbackRecord.run:1301 android.view.Choreographer$CallbackRecord.run:1309 
04-06 19:39:29.614 18329 18329 I ViewRootImpl@dc461e7[PopupWindow:2c053a6]: Setup new sync id=0
04-06 19:39:29.614 18329 18329 I ViewRootImpl@dc461e7[PopupWindow:2c053a6]: Setting syncFrameCallback
04-06 19:39:29.614 18329 18329 I ViewRootImpl@dc461e7[PopupWindow:2c053a6]: registerCallbacksForSync syncBuffer=false
04-06 19:39:29.615 18329 18403 I ViewRootImpl@dc461e7[PopupWindow:2c053a6]: Received frameDrawingCallback syncResult=0 frameNum=1.
04-06 19:39:29.615 18329 18403 I ViewRootImpl@dc461e7[PopupWindow:2c053a6]: Setting up sync and frameCommitCallback
04-06 19:39:29.615 18329 18379 I BLASTBufferQueue: [ViewRootImpl@dc461e7[PopupWindow:2c053a6]#3](f:0,a:0) onFrameAvailable the first frame is available
04-06 19:39:29.615 18329 18379 I ViewRootImpl@dc461e7[PopupWindow:2c053a6]: Received frameCommittedCallback lastAttemptedDrawFrameNum=1 didProduceBuffer=true
04-06 19:39:29.616 18329 18379 D OpenGLRenderer: CFMS:: SetUp Pid : 18329    Tid : 18379
04-06 19:39:29.616 18329 18379 W Parcel  : Expecting binder but got null!
04-06 19:39:29.616 18329 18329 I ViewRootImpl@dc461e7[PopupWindow:2c053a6]: onSyncComplete
04-06 19:39:29.617 18329 18329 I ViewRootImpl@dc461e7[PopupWindow:2c053a6]: setupSync seqId=0 mSyncId=0 fn=1 caller=android.view.ViewRootImpl$$ExternalSyntheticLambda11.accept:6 android.window.SurfaceSyncer.lambda$setupSync$1$android-window-SurfaceSyncer:128 android.window.SurfaceSyncer$$ExternalSyntheticLambda1.accept:8 android.window.SurfaceSyncer$SyncSet.checkIfSyncIsComplete:382 android.window.SurfaceSyncer$SyncSet.markSyncReady:359 android.window.SurfaceSyncer.markSyncReady:151 android.view.ViewRootImpl.performTraversals:4503 
04-06 19:39:29.617 18329 18329 I ViewRootImpl@dc461e7[PopupWindow:2c053a6]: reportDrawFinished seqId=0 mSyncId=-1 fn=1 mSurfaceChangedTransaction=0xb4000070a0d4a800
04-06 19:39:29.617 18329 18329 I ViewRootImpl@7030efc[PopupWindow:b89e3ef]: reportDrawFinished seqId=0 mSyncId=-1 fn=1 mSurfaceChangedTransaction=0xb4000070a0d1b100
04-06 19:39:29.621 18329 18329 I ViewRootImpl@7030efc[PopupWindow:b89e3ef]: handleResized, msg = 5 frames=ClientWindowFrames{frame=[231,1866][321,1974] display=[-100000,-100000][100000,100000] parentFrame=[0,0][0,0] parentClippedByDisplayCutout=false} forceNextWindowRelayout=false displayId=0 resizeMode=-1 frameChanged=false displayFrameChanged=false configChanged=false displayChanged=false
04-06 19:39:29.621 18329 18329 I ViewRootImpl@7030efc[PopupWindow:b89e3ef]: handleResized mSyncSeqId = 0
04-06 19:39:29.621 18329 18329 I ViewRootImpl@7030efc[PopupWindow:b89e3ef]: reportNextDraw android.view.ViewRootImpl.handleResized:2450 android.view.ViewRootImpl.-$$Nest$mhandleResized:0 android.view.ViewRootImpl$ViewRootHandler.handleMessageImpl:6728 android.view.ViewRootImpl$ViewRootHandler.handleMessage:6697 android.os.Handler.dispatchMessage:106 
04-06 19:39:29.622 18329 18329 I ViewRootImpl@dc461e7[PopupWindow:2c053a6]: handleResized, msg = 5 frames=ClientWindowFrames{frame=[231,1772][321,1866] display=[-100000,-100000][100000,100000] parentFrame=[0,0][0,0] parentClippedByDisplayCutout=false} forceNextWindowRelayout=false displayId=0 resizeMode=-1 frameChanged=false displayFrameChanged=false configChanged=false displayChanged=false
04-06 19:39:29.622 18329 18329 I ViewRootImpl@dc461e7[PopupWindow:2c053a6]: handleResized mSyncSeqId = 0
04-06 19:39:29.622 18329 18329 I ViewRootImpl@dc461e7[PopupWindow:2c053a6]: reportNextDraw android.view.ViewRootImpl.handleResized:2450 android.view.ViewRootImpl.-$$Nest$mhandleResized:0 android.view.ViewRootImpl$ViewRootHandler.handleMessageImpl:6728 android.view.ViewRootImpl$ViewRootHandler.handleMessage:6697 android.os.Handler.dispatchMessage:106 
04-06 19:39:29.629 18329 18329 I ViewRootImpl@7030efc[PopupWindow:b89e3ef]: Setup new sync id=1
04-06 19:39:29.629 18329 18329 I ViewRootImpl@7030efc[PopupWindow:b89e3ef]: Setting syncFrameCallback
04-06 19:39:29.629 18329 18329 I ViewRootImpl@7030efc[PopupWindow:b89e3ef]: registerCallbacksForSync syncBuffer=false
04-06 19:39:29.631 18329 18404 I ViewRootImpl@7030efc[PopupWindow:b89e3ef]: Received frameDrawingCallback syncResult=0 frameNum=3.
04-06 19:39:29.631 18329 18404 I ViewRootImpl@7030efc[PopupWindow:b89e3ef]: Setting up sync and frameCommitCallback
04-06 19:39:29.632 18329 18379 I ViewRootImpl@7030efc[PopupWindow:b89e3ef]: Received frameCommittedCallback lastAttemptedDrawFrameNum=3 didProduceBuffer=true
04-06 19:39:29.632 18329 18329 I ViewRootImpl@7030efc[PopupWindow:b89e3ef]: onSyncComplete
04-06 19:39:29.632 18329 18329 I ViewRootImpl@7030efc[PopupWindow:b89e3ef]: setupSync seqId=0 mSyncId=1 fn=3 caller=android.view.ViewRootImpl$$ExternalSyntheticLambda11.accept:6 android.window.SurfaceSyncer.lambda$setupSync$1$android-window-SurfaceSyncer:128 android.window.SurfaceSyncer$$ExternalSyntheticLambda1.accept:8 android.window.SurfaceSyncer$SyncSet.checkIfSyncIsComplete:382 android.window.SurfaceSyncer$SyncSet.markSyncReady:359 android.window.SurfaceSyncer.markSyncReady:151 android.view.ViewRootImpl.performTraversals:4503 
04-06 19:39:29.633 18329 18329 I ViewRootImpl@dc461e7[PopupWindow:2c053a6]: Setup new sync id=1
04-06 19:39:29.633 18329 18329 I ViewRootImpl@dc461e7[PopupWindow:2c053a6]: Setting syncFrameCallback
04-06 19:39:29.633 18329 18329 I ViewRootImpl@dc461e7[PopupWindow:2c053a6]: registerCallbacksForSync syncBuffer=false
04-06 19:39:29.634 18329 18403 I ViewRootImpl@dc461e7[PopupWindow:2c053a6]: Received frameDrawingCallback syncResult=0 frameNum=2.
04-06 19:39:29.634 18329 18403 I ViewRootImpl@dc461e7[PopupWindow:2c053a6]: Setting up sync and frameCommitCallback
04-06 19:39:29.635 18329 18379 I ViewRootImpl@dc461e7[PopupWindow:2c053a6]: Received frameCommittedCallback lastAttemptedDrawFrameNum=2 didProduceBuffer=true
04-06 19:39:29.635 18329 18329 I ViewRootImpl@dc461e7[PopupWindow:2c053a6]: onSyncComplete
04-06 19:39:29.635 18329 18329 I ViewRootImpl@dc461e7[PopupWindow:2c053a6]: setupSync seqId=0 mSyncId=1 fn=2 caller=android.view.ViewRootImpl$$ExternalSyntheticLambda11.accept:6 android.window.SurfaceSyncer.lambda$setupSync$1$android-window-SurfaceSyncer:128 android.window.SurfaceSyncer$$ExternalSyntheticLambda1.accept:8 android.window.SurfaceSyncer$SyncSet.checkIfSyncIsComplete:382 android.window.SurfaceSyncer$SyncSet.markSyncReady:359 android.window.SurfaceSyncer.markSyncReady:151 android.view.ViewRootImpl.performTraversals:4503 
04-06 19:39:29.635 18329 18329 I ViewRootImpl@dc461e7[PopupWindow:2c053a6]: reportDrawFinished seqId=0 mSyncId=-1 fn=2 mSurfaceChangedTransaction=0xb4000070a0d4a800
04-06 19:39:29.636 18329 18329 I ViewRootImpl@7030efc[PopupWindow:b89e3ef]: reportDrawFinished seqId=0 mSyncId=-1 fn=3 mSurfaceChangedTransaction=0xb4000070a0d1b100
04-06 19:39:29.650 18329 18329 W OnBackInvokedCallback: OnBackInvokedCallback is not enabled for the application.
04-06 19:39:29.650 18329 18329 W OnBackInvokedCallback: Set 'android:enableOnBackInvokedCallback="true"' in the application manifest.
04-06 19:39:29.669 18329 18349 I ViewRootImpl@dc461e7[PopupWindow:2c053a6]: Resizing android.view.ViewRootImpl@45e300: frame = [231,1772][321,1866] reportDraw = false forceLayout = false syncSeqId = 0
04-06 19:39:29.669 18329 18329 I ViewRootImpl@dc461e7[PopupWindow:2c053a6]: handleResized, msg = 4 frames=ClientWindowFrames{frame=[231,1772][321,1866] display=[-100000,-100000][100000,100000] parentFrame=[0,0][0,0] parentClippedByDisplayCutout=false} forceNextWindowRelayout=false displayId=0 resizeMode=-1 frameChanged=false displayFrameChanged=false configChanged=false displayChanged=false
04-06 19:39:29.670 18329 18575 I ViewRootImpl@73623ee[MainActivity]: Resizing android.view.ViewRootImpl@25a16ab: frame = [0,0][1080,2400] reportDraw = false forceLayout = false syncSeqId = 0
04-06 19:39:29.670 18329 18329 D InsetsController: onStateChanged: InsetsState: {mDisplayFrame=Rect(0, 0 - 1080, 2400), mDisplayCutout=DisplayCutout{insets=Rect(0, 88 - 0, 0) waterfall=Insets{left=0, top=0, right=0, bottom=0} boundingRect={Bounds=[Rect(0, 0 - 0, 0), Rect(512, 0 - 568, 88), Rect(0, 0 - 0, 0), Rect(0, 0 - 0, 0)]} cutoutPathParserInfo={CutoutPathParserInfo{displayWidth=1080 displayHeight=2400 physicalDisplayWidth=1080 physicalDisplayHeight=2400 density={3.0} cutoutSpec={M 0,0 M 0,10.71963616907435 a 9.280363830925644,9.280363830925644 0 1,0 0,18.56072766185129 a 9.280363830925644,9.280363830925644 0 1,0 0,-18.56072766185129 Z @dp} rotation={0} scale={1.0} physicalPixelDisplaySizeRatio={1.0}}}}, mRoundedCorners=RoundedCorners{[RoundedCorner{position=TopLeft, radius=96, center=Point(96, 96)}, RoundedCorner{position=TopRight, radius=96, center=Point(984, 96)}, RoundedCorner{position=BottomRight, radius=96, center=Point(984, 2304)}, RoundedCorner{position=BottomLeft, radius=96, center=Point(96, 2304)}]}  mRoundedCornerFrame=Rect(0, 0 - 1080, 2400), mPrivacyIndicatorBounds=PrivacyIndicatorBounds {static bounds=Rect(948, 0 - 1080, 88) rotation=0}, mSources= { InsetsSource: {mType=ITYPE_STATUS_BAR, mFrame=[0,0][1080,88], mVisible=true, mInsetsRoundedCornerFrame=false}, InsetsSource: {mType=ITYPE_NAVIGATION_BAR, mFrame=[0,2256][1080,2400], mVisible=true, mInsetsRoundedCornerFrame=false}, InsetsSource: {mType=ITYPE_LEFT_GESTURES, mFrame=[0,0][0,2400], mVisible=true, mInsetsRoundedCornerFrame=false}, InsetsSource: {mType=ITYPE_RIGHT_GESTURES, mFrame=[1080,0][1080,2400], mVisible=true, mInsetsRoundedCornerFrame=false}, InsetsSource: {mType=ITYPE_TOP_MANDATORY_GESTURES, mFrame=[0,0][1080,124], mVisible=true, mInsetsRoundedCornerFrame=false}, InsetsSource: {mType=ITYPE_BOTTOM_MANDATORY_GESTURES, mFrame=[0,2256][1080,2400], mVisible=true, mInsetsRoundedCornerFrame=false}, InsetsSource: {mType=ITYPE_LEFT_DISPLAY_CUTOUT, mFrame=[0,0][-100000,2400], mVisible=true, mInsetsRoundedCornerFrame=false}, InsetsSource: {mType=ITYPE_TOP_DISPLAY_CUTOUT, mFrame=[0,0][1080,88], mVisible=true, mInsetsRoundedCornerFrame=false}, InsetsSource: {mType=ITYPE_RIGHT_DISPLAY_CUTOUT, mFrame=[100000,0][1080,2400], mVisible=true, mInsetsRoundedCornerFrame=false}, InsetsSource: {mType=ITYPE_BOTTOM_DISPLAY_CUTOUT, mFrame=[0,100000][1080,2400], mVisible=true, mInsetsRoundedCornerFrame=false}, InsetsSource: {mType=ITYPE_TOP_TAPPABLE_ELEMENT, mFrame=[0,0][1080,88], mVisible=true, mInsetsRoundedCornerFrame=false}, InsetsSource: {mType=ITYPE_BOTTOM_TAPPABLE_ELEMENT, mFrame=[0,2256][1080,2400], mVisible=true, mInsetsRoundedCornerFrame=false}, InsetsSource: {mType=ITYPE_IME, mFrame=[0,1374][1080,2400], mVisibleFrame=[0,1374][1080,2400], mVisible=false, mInsetsRoundedCornerFrame=false} } host=com.evolucao.app/com.evolucao.app.MainActivity from=android.view.ViewRootImpl$ViewRootHandler.handleMessageImpl:6727
04-06 19:39:29.670 18329 18706 I ViewRootImpl@7030efc[PopupWindow:b89e3ef]: Resizing android.view.ViewRootImpl@6180901: frame = [231,1866][321,1974] reportDraw = false forceLayout = false syncSeqId = 0
04-06 19:39:29.671 18329 18329 I ViewRootImpl@73623ee[MainActivity]: handleResized, msg = 4 frames=ClientWindowFrames{frame=[0,0][1080,2400] display=[0,0][1080,2400] parentFrame=[0,0][0,0] parentClippedByDisplayCutout=false} forceNextWindowRelayout=false displayId=0 resizeMode=-1 frameChanged=false displayFrameChanged=false configChanged=false displayChanged=false
04-06 19:39:29.671 18329 18329 I ViewRootImpl@7030efc[PopupWindow:b89e3ef]: handleResized, msg = 4 frames=ClientWindowFrames{frame=[231,1866][321,1974] display=[-100000,-100000][100000,100000] parentFrame=[0,0][0,0] parentClippedByDisplayCutout=false} forceNextWindowRelayout=false displayId=0 resizeMode=-1 frameChanged=false displayFrameChanged=false configChanged=false displayChanged=false
04-06 19:39:29.690 18329 18329 D InsetsController: show(ime(), fromIme=true)
04-06 19:39:29.691 18329 18329 D InsetsController: controlAnimationUnchecked: Added types=8 animType=0 host=com.evolucao.app/com.evolucao.app.MainActivity from=android.view.InsetsController.applyAnimation:1576 android.view.InsetsController.applyAnimation:1557 android.view.InsetsController.show:1063 
