04-06 13:23:06.751  5080  5080 I ViewRootImpl@8125395[PopupWindow:b19674c]:   fl=41800008
04-06 13:23:06.751  5080  5080 I ViewRootImpl@8125395[PopupWindow:b19674c]:   pfl=42018000
04-06 13:23:06.751  5080  5080 I ViewRootImpl@8125395[PopupWindow:b19674c]:   bhv=DEFAULT
04-06 13:23:06.751  5080  5080 I ViewRootImpl@8125395[PopupWindow:b19674c]:   fitTypes=STATUS_BARS NAVIGATION_BARS CAPTION_BAR naviIconColor=0
04-06 13:23:06.751  5080  5080 I ViewRootImpl@8125395[PopupWindow:b19674c]:   sfl=20000}
04-06 13:23:06.752  5080  5080 I ViewRootImpl@8125395[PopupWindow:b19674c]: performTraversals mFirst=true windowShouldResize=true viewVisibilityChanged=false mForceNextWindowRelayout=false params={(0,88)(fillxwrap) gr=TOP START CENTER sim={state=unchanged adjust=pan} ty=APPLICATION_PANEL fmt=TRANSLUCENT surfaceInsets=Rect(0, 0 - 0, 0) (manual)
04-06 13:23:06.752  5080  5080 I ViewRootImpl@8125395[PopupWindow:b19674c]:   fl=41800008
04-06 13:23:06.752  5080  5080 I ViewRootImpl@8125395[PopupWindow:b19674c]:   pfl=42018000
04-06 13:23:06.752  5080  5080 I ViewRootImpl@8125395[PopupWindow:b19674c]:   bhv=DEFAULT
04-06 13:23:06.752  5080  5080 I ViewRootImpl@8125395[PopupWindow:b19674c]:   fitTypes=STATUS_BARS NAVIGATION_BARS CAPTION_BAR naviIconColor=0
04-06 13:23:06.752  5080  5080 I ViewRootImpl@8125395[PopupWindow:b19674c]:   sfl=20000}
04-06 13:23:06.756  5080  5099 I ViewRootImpl@8125395[PopupWindow:b19674c]: Resizing android.view.ViewRootImpl@93f6976: frame = [0,88][1080,167] reportDraw = true forceLayout = false syncSeqId = 0
04-06 13:23:06.757  5080  5080 I ViewRootImpl@8125395[PopupWindow:b19674c]: updateBlastSurfaceIfNeeded mBlastBufferQueue=null isSameSurfaceControl=false
04-06 13:23:06.757  5080  5080 I BLASTBufferQueue: new BLASTBufferQueue, mName= ViewRootImpl@8125395[PopupWindow:b19674c] mNativeObject= 0xb4000070b13cca80 sc.mNativeObject= 0xb4000070a0cf4ea0 caller= android.view.ViewRootImpl.updateBlastSurfaceIfNeeded:2909 android.view.ViewRootImpl.relayoutWindow:9847 android.view.ViewRootImpl.performTraversals:3884 android.view.ViewRootImpl.doTraversal:3116 android.view.ViewRootImpl$TraversalRunnable.run:10885 android.view.Choreographer$CallbackRecord.run:1301 android.view.Choreographer$CallbackRecord.run:1309 android.view.Choreographer.doCallbacks:923 android.view.Choreographer.doFrame:852 android.view.Choreographer$FrameDisplayEventReceiver.run:1283 
04-06 13:23:06.757  5080  5080 I BLASTBufferQueue: update, w= 1080 h= 79 mName = ViewRootImpl@8125395[PopupWindow:b19674c] mNativeObject= 0xb4000070b13cca80 sc.mNativeObject= 0xb4000070a0cf4ea0 format= -3 caller= android.graphics.BLASTBufferQueue.<init>:84 android.view.ViewRootImpl.updateBlastSurfaceIfNeeded:2909 android.view.ViewRootImpl.relayoutWindow:9847 android.view.ViewRootImpl.performTraversals:3884 android.view.ViewRootImpl.doTraversal:3116 android.view.ViewRootImpl$TraversalRunnable.run:10885 
04-06 13:23:06.757  5080  5080 I ViewRootImpl@8125395[PopupWindow:b19674c]: Relayout returned: old=(0,88,1080,2256) new=(0,88,1080,167) req=(1080,79)0 dur=5 res=0x3 s={true 0xb4000070b13bd800} ch=true seqId=0
04-06 13:23:06.758  5080  5080 I ViewRootImpl@8125395[PopupWindow:b19674c]: mThreadedRenderer.initialize() mSurface={isValid=true 0xb4000070b13bd800} hwInitialized=true
04-06 13:23:06.758  5080  5148 D OpenGLRenderer: eglCreateWindowSurface
04-06 13:23:06.759  5080  5080 I ViewRootImpl@8125395[PopupWindow:b19674c]: reportNextDraw android.view.ViewRootImpl.performTraversals:4438 android.view.ViewRootImpl.doTraversal:3116 android.view.ViewRootImpl$TraversalRunnable.run:10885 android.view.Choreographer$CallbackRecord.run:1301 android.view.Choreographer$CallbackRecord.run:1309 
04-06 13:23:06.759  5080  5080 I ViewRootImpl@8125395[PopupWindow:b19674c]: Setup new sync id=0
04-06 13:23:06.759  5080  5080 I ViewRootImpl@8125395[PopupWindow:b19674c]: Setting syncFrameCallback
04-06 13:23:06.759  5080  5080 I ViewRootImpl@8125395[PopupWindow:b19674c]: registerCallbacksForSync syncBuffer=false
04-06 13:23:06.761  5080  5173 I ViewRootImpl@8125395[PopupWindow:b19674c]: Received frameDrawingCallback syncResult=0 frameNum=1.
04-06 13:23:06.761  5080  5173 I ViewRootImpl@8125395[PopupWindow:b19674c]: Setting up sync and frameCommitCallback
04-06 13:23:06.770  5080  5148 I BLASTBufferQueue: [ViewRootImpl@8125395[PopupWindow:b19674c]#1](f:0,a:0) onFrameAvailable the first frame is available
04-06 13:23:06.770  5080  5148 I ViewRootImpl@8125395[PopupWindow:b19674c]: Received frameCommittedCallback lastAttemptedDrawFrameNum=1 didProduceBuffer=true
04-06 13:23:06.771  5080  5148 D OpenGLRenderer: CFMS:: SetUp Pid : 5080    Tid : 5148
04-06 13:23:06.771  5080  5148 W Parcel  : Expecting binder but got null!
04-06 13:23:06.771  5080  5080 I ViewRootImpl@8125395[PopupWindow:b19674c]: onSyncComplete
04-06 13:23:06.771  5080  5080 I ViewRootImpl@8125395[PopupWindow:b19674c]: setupSync seqId=0 mSyncId=0 fn=1 caller=android.view.ViewRootImpl$$ExternalSyntheticLambda11.accept:6 android.window.SurfaceSyncer.lambda$setupSync$1$android-window-SurfaceSyncer:128 android.window.SurfaceSyncer$$ExternalSyntheticLambda1.accept:8 android.window.SurfaceSyncer$SyncSet.checkIfSyncIsComplete:382 android.window.SurfaceSyncer$SyncSet.markSyncReady:359 android.window.SurfaceSyncer.markSyncReady:151 android.view.ViewRootImpl.performTraversals:4503 
04-06 13:23:06.772  5080  5080 I ViewRootImpl@8125395[PopupWindow:b19674c]: reportDrawFinished seqId=0 mSyncId=-1 fn=1 mSurfaceChangedTransaction=0xb4000070c2c1c400
04-06 13:23:06.773  5080  5080 I ViewRootImpl@8125395[PopupWindow:b19674c]: handleResized, msg = 5 frames=ClientWindowFrames{frame=[0,88][1080,167] display=[0,88][1080,2256] parentFrame=[0,0][0,0] parentClippedByDisplayCutout=false} forceNextWindowRelayout=false displayId=0 resizeMode=-1 frameChanged=false displayFrameChanged=false configChanged=false displayChanged=false
04-06 13:23:06.773  5080  5080 I ViewRootImpl@8125395[PopupWindow:b19674c]: handleResized mSyncSeqId = 0
04-06 13:23:06.773  5080  5080 I ViewRootImpl@8125395[PopupWindow:b19674c]: reportNextDraw android.view.ViewRootImpl.handleResized:2450 android.view.ViewRootImpl.-$$Nest$mhandleResized:0 android.view.ViewRootImpl$ViewRootHandler.handleMessageImpl:6728 android.view.ViewRootImpl$ViewRootHandler.handleMessage:6697 android.os.Handler.dispatchMessage:106 
04-06 13:23:06.774  5080  5080 I ViewRootImpl@73623ee[MainActivity]: MSG_WINDOW_FOCUS_CHANGED 1 0
04-06 13:23:06.774  5080  5080 I ViewRootImpl@73623ee[MainActivity]: mThreadedRenderer.initializeIfNeeded()#2 mSurface={isValid=true 0xb4000070b13bb000}
04-06 13:23:06.774  5080  5080 W unknown:BridgelessReact: ReactHost{0}.raiseSoftException(onWindowFocusChange(hasFocus = "true")): Tried to access onWindowFocusChange while context is not ready
04-06 13:23:06.775  5080  5080 E unknown:ReactHost: Unhandled SoftException
04-06 13:23:06.775  5080  5080 E unknown:ReactHost: com.facebook.react.bridge.ReactNoCrashSoftException: raiseSoftException(onWindowFocusChange(hasFocus = "true")): Tried to access onWindowFocusChange while context is not ready
04-06 13:23:06.775  5080  5080 E unknown:ReactHost: 	at com.facebook.react.runtime.ReactHostImpl.raiseSoftException(ReactHostImpl.kt:861)
04-06 13:23:06.775  5080  5080 E unknown:ReactHost: 	at com.facebook.react.runtime.ReactHostImpl.raiseSoftException$default(ReactHostImpl.kt:852)
04-06 13:23:06.775  5080  5080 E unknown:ReactHost: 	at com.facebook.react.runtime.ReactHostImpl.onWindowFocusChange(ReactHostImpl.kt:625)
04-06 13:23:06.775  5080  5080 E unknown:ReactHost: 	at com.facebook.react.ReactDelegate.onWindowFocusChanged(ReactDelegate.kt:232)
04-06 13:23:06.775  5080  5080 E unknown:ReactHost: 	at com.facebook.react.ReactActivityDelegate.onWindowFocusChanged(ReactActivityDelegate.java:237)
04-06 13:23:06.775  5080  5080 E unknown:ReactHost: 	at expo.modules.ReactActivityDelegateWrapper$onWindowFocusChanged$1.invokeSuspend(ReactActivityDelegateWrapper.kt:320)
04-06 13:23:06.775  5080  5080 E unknown:ReactHost: 	at expo.modules.ReactActivityDelegateWrapper$onWindowFocusChanged$1.invoke(Unknown Source:8)
04-06 13:23:06.775  5080  5080 E unknown:ReactHost: 	at expo.modules.ReactActivityDelegateWrapper$onWindowFocusChanged$1.invoke(Unknown Source:4)
04-06 13:23:06.775  5080  5080 E unknown:ReactHost: 	at expo.modules.ReactActivityDelegateWrapper$launchLifecycleScopeWithLock$1.invokeSuspend(ReactActivityDelegateWrapper.kt:452)
04-06 13:23:06.775  5080  5080 E unknown:ReactHost: 	at kotlin.coroutines.jvm.internal.BaseContinuationImpl.resumeWith(ContinuationImpl.kt:33)
04-06 13:23:06.775  5080  5080 E unknown:ReactHost: 	at kotlinx.coroutines.internal.DispatchedContinuationKt.resumeCancellableWith(DispatchedContinuation.kt:375)
04-06 13:23:06.775  5080  5080 E unknown:ReactHost: 	at kotlinx.coroutines.intrinsics.CancellableKt.startCoroutineCancellable(Cancellable.kt:26)
04-06 13:23:06.775  5080  5080 E unknown:ReactHost: 	at kotlinx.coroutines.CoroutineStart.invoke(CoroutineStart.kt:358)
04-06 13:23:06.775  5080  5080 E unknown:ReactHost: 	at kotlinx.coroutines.AbstractCoroutine.start(AbstractCoroutine.kt:134)
04-06 13:23:06.775  5080  5080 E unknown:ReactHost: 	at kotlinx.coroutines.BuildersKt__Builders_commonKt.launch(Builders.common.kt:53)
04-06 13:23:06.775  5080  5080 E unknown:ReactHost: 	at kotlinx.coroutines.BuildersKt.launch(Unknown Source:1)
04-06 13:23:06.775  5080  5080 E unknown:ReactHost: 	at kotlinx.coroutines.BuildersKt__Builders_commonKt.launch$default(Builders.common.kt:44)
04-06 13:23:06.775  5080  5080 E unknown:ReactHost: 	at kotlinx.coroutines.BuildersKt.launch$default(Unknown Source:1)
04-06 13:23:06.775  5080  5080 E unknown:ReactHost: 	at expo.modules.ReactActivityDelegateWrapper.launchLifecycleScopeWithLock(ReactActivityDelegateWrapper.kt:450)
04-06 13:23:06.775  5080  5080 E unknown:ReactHost: 	at expo.modules.ReactActivityDelegateWrapper.launchLifecycleScopeWithLock$default(ReactActivityDelegateWrapper.kt:446)
04-06 13:23:06.775  5080  5080 E unknown:ReactHost: 	at expo.modules.ReactActivityDelegateWrapper.onWindowFocusChanged(ReactActivityDelegateWrapper.kt:318)
04-06 13:23:06.775  5080  5080 E unknown:ReactHost: 	at com.facebook.react.ReactActivity.onWindowFocusChanged(ReactActivity.java:158)
04-06 13:23:06.775  5080  5080 E unknown:ReactHost: 	at androidx.appcompat.view.WindowCallbackWrapper.onWindowFocusChanged(WindowCallbackWrapper.java:124)
04-06 13:23:06.775  5080  5080 E unknown:ReactHost: 	at com.android.internal.policy.DecorView.onWindowFocusChanged(DecorView.java:2710)
04-06 13:23:06.775  5080  5080 E unknown:ReactHost: 	at android.view.View.dispatchWindowFocusChanged(View.java:15817)
04-06 13:23:06.775  5080  5080 E unknown:ReactHost: 	at android.view.ViewGroup.dispatchWindowFocusChanged(ViewGroup.java:1512)
04-06 13:23:06.775  5080  5080 E unknown:ReactHost: 	at android.view.ViewRootImpl.handleWindowFocusChanged(ViewRootImpl.java:4678)
04-06 13:23:06.775  5080  5080 E unknown:ReactHost: 	at android.view.ViewRootImpl.-$$Nest$mhandleWindowFocusChanged(Unknown Source:0)
04-06 13:23:06.775  5080  5080 E unknown:ReactHost: 	at android.view.ViewRootImpl$ViewRootHandler.handleMessageImpl(ViewRootImpl.java:6788)
04-06 13:23:06.775  5080  5080 E unknown:ReactHost: 	at android.view.ViewRootImpl$ViewRootHandler.handleMessage(ViewRootImpl.java:6697)
04-06 13:23:06.775  5080  5080 E unknown:ReactHost: 	at android.os.Handler.dispatchMessage(Handler.java:106)
04-06 13:23:06.775  5080  5080 E unknown:ReactHost: 	at android.os.Looper.loopOnce(Looper.java:226)
04-06 13:23:06.775  5080  5080 E unknown:ReactHost: 	at android.os.Looper.loop(Looper.java:313)
04-06 13:23:06.775  5080  5080 E unknown:ReactHost: 	at android.app.ActivityThread.main(ActivityThread.java:8762)
04-06 13:23:06.775  5080  5080 E unknown:ReactHost: 	at java.lang.reflect.Method.invoke(Native Method)
04-06 13:23:06.775  5080  5080 E unknown:ReactHost: 	at com.android.internal.os.RuntimeInit$MethodAndArgsCaller.run(RuntimeInit.java:604)
04-06 13:23:06.775  5080  5080 E unknown:ReactHost: 	at com.android.internal.os.ZygoteInit.main(ZygoteInit.java:1067)
04-06 13:23:06.776  5080  5080 D InputMethodManager: startInputInner - Id : 0
04-06 13:23:06.776  5080  5080 I InputMethodManager: startInputInner - mService.startInputOrWindowGainedFocus
04-06 13:23:06.782  5080  5080 I ViewRootImpl@8125395[PopupWindow:b19674c]: Setup new sync id=1
04-06 13:23:06.782  5080  5080 I ViewRootImpl@8125395[PopupWindow:b19674c]: Setting syncFrameCallback
04-06 13:23:06.782  5080  5080 I ViewRootImpl@8125395[PopupWindow:b19674c]: registerCallbacksForSync syncBuffer=false
04-06 13:23:06.783  5080  5174 I ViewRootImpl@8125395[PopupWindow:b19674c]: Received frameDrawingCallback syncResult=0 frameNum=3.
04-06 13:23:06.783  5080  5174 I ViewRootImpl@8125395[PopupWindow:b19674c]: Setting up sync and frameCommitCallback
04-06 13:23:06.790  5080  5148 I ViewRootImpl@8125395[PopupWindow:b19674c]: Received frameCommittedCallback lastAttemptedDrawFrameNum=3 didProduceBuffer=true
04-06 13:23:06.790  5080  5080 I ViewRootImpl@8125395[PopupWindow:b19674c]: onSyncComplete
04-06 13:23:06.790  5080  5080 I ViewRootImpl@8125395[PopupWindow:b19674c]: setupSync seqId=0 mSyncId=1 fn=3 caller=android.view.ViewRootImpl$$ExternalSyntheticLambda11.accept:6 android.window.SurfaceSyncer.lambda$setupSync$1$android-window-SurfaceSyncer:128 android.window.SurfaceSyncer$$ExternalSyntheticLambda1.accept:8 android.window.SurfaceSyncer$SyncSet.checkIfSyncIsComplete:382 android.window.SurfaceSyncer$SyncSet.markSyncReady:359 android.window.SurfaceSyncer.markSyncReady:151 android.view.ViewRootImpl.performTraversals:4503 
04-06 13:23:06.790  5080  5080 I ViewRootImpl@8125395[PopupWindow:b19674c]: reportDrawFinished seqId=0 mSyncId=-1 fn=3 mSurfaceChangedTransaction=0xb4000070c2c1c400
04-06 13:23:06.791  5080  5080 D InputMethodManager: startInputInner - Id : 0
04-06 13:23:07.028  5080  5170 D Detox.RNMarker: DOWNLOAD_END ({"url":"http:\/\/localhost:8081\/.expo\/.virtual-metro-entry.bundle?platform=android&dev=true&lazy=true&minify=false&app=com.evolucao.app&modulesOnly=false&runModule=true&excludeSource=true&sourcePaths=url-server","filesChangedCount":0})
04-06 13:23:07.028  5080  5170 W unknown:BridgelessReact: ReactHost{0}.loadJSBundleFromMetro(): Creating BundleLoader
04-06 13:23:07.029  5080  5148 D OpenGLRenderer: setSurface called with nullptr
04-06 13:23:07.029  5080  5148 D OpenGLRenderer: setSurface() destroyed EGLSurface
04-06 13:23:07.029  5080  5148 D OpenGLRenderer: destroyEglSurface
04-06 13:23:07.029  5080  5169 W unknown:BridgelessReact: ReactHost{0}.getOrCreateReactInstanceTask(): Creating BridgelessReactContext
04-06 13:23:07.030  5080  5169 W unknown:BridgelessReact: ReactHost{0}.getOrCreateReactInstanceTask(): Creating ReactInstance
04-06 13:23:07.031  5080  5080 I ViewRootImpl@8125395[PopupWindow:b19674c]: dispatchDetachedFromWindow
04-06 13:23:07.033  5080  5080 D InputTransport: Input channel destroyed: '4fdb8fa', fd=119
04-06 13:23:07.043  5080  5170 D TrafficStats: tagSocket(129) with statsTag=0xffffffff, statsUid=-1
04-06 13:23:07.047  5080  5169 D jni_lib_merge: Entering merged library JNI_OnLoad.
04-06 13:23:07.048  5080  5169 D jni_lib_merge: Preparing 4 pre-merged libs (including stub)
04-06 13:23:07.048  5080  5169 D jni_lib_merge: Preparing to register libhermes_executor_so.  onload_func: 0x701dfb2fa4
04-06 13:23:07.048  5080  5169 D jni_lib_merge: Preparing to register libhermesinstancejni_so.  onload_func: 0x701dfec8b4
04-06 13:23:07.048  5080  5169 D jni_lib_merge: Preparing to register libjsijniprofiler_so.  onload_func: 0x701dfee8f8
04-06 13:23:07.048  5080  5169 D jni_lib_merge: About to register 3 actual methods.
04-06 13:23:07.156  5080  5169 I ExpoModulesCore: ✅ AppContext was initialized
04-06 13:23:07.184  5080  5169 W unknown:BridgelessReact: ReactHost{0}.getOrCreateReactInstanceTask(): Loading JS Bundle
04-06 13:23:07.185  5080  5169 W unknown:BridgelessReact: ReactHost{0}.getOrCreateReactInstanceTask(): DevSupportManager.onNewReactContextCreated()
04-06 13:23:07.185  5080  5200 D Detox.RNMarker: RUN_JS_BUNDLE_START (/.virtual-metro-entry.bundle?platform=android&dev=true&lazy=true&minify=false&app=com.evolucao.app&modulesOnly=false&runModule=true&excludeSource=true&sourcePaths=url-server)
04-06 13:23:07.188  5080  5080 W unknown:ReactNative: Packager connection already open, nooping.
04-06 13:23:07.191  5080  5080 W unknown:BridgelessReact: ReactHost{0}.ReactContext.onHostResume()
04-06 13:23:07.191  5080  5169 W unknown:BridgelessReact: ReactHost{0}.startSurface(surfaceId = 0): Execute
04-06 13:23:07.195  5080  5080 W unknown:BridgelessReact: ReactHost{0}.getOrCreateReactInstanceTask(): Executing ReactInstanceEventListeners
04-06 13:23:07.195  5080  5080 I DetoxRNLoading: Got new RN-context through listener
04-06 13:23:07.196  5080  5122 I DetoxRNIdleRes: Setting up Espresso Idling Resources for React Native
04-06 13:23:07.204  5080  5080 D DetoxRNHelpers: Native RN module resolution (class com.reactnativecommunity.asyncstorage.AsyncStorageModule): no registered module found
04-06 13:23:07.204  5080  5122 D IdlingRegistry: Registering idling resources: [com.wix.detox.reactnative.idlingresources.uimodule.fabric.FabricUIManagerIdlingResources@5d7ad2c]
04-06 13:23:07.204  5080  5122 D IdlingRegistry: Registering idling resources: [com.wix.detox.reactnative.idlingresources.animations.AnimatedModuleIdlingResource@fa053f5]
04-06 13:23:07.205  5080  5122 D IdlingRegistry: Registering idling resources: [com.wix.detox.reactnative.idlingresources.timers.FabricTimersIdlingResource@556958a]
04-06 13:23:07.205  5080  5122 D IdlingRegistry: Registering idling resources: [com.wix.detox.reactnative.idlingresources.network.NetworkIdlingResource@a29e7fb]
04-06 13:23:07.205  5080  5122 D IdlingRegistry: Registering idling resources: [com.wix.detox.reactnative.idlingresources.StabilizedIdlingResource@fa87018]
04-06 13:23:07.222  5080  5201 W om.evolucao.app: Accessing hidden method Landroid/os/MessageQueue;->next()Landroid/os/Message; (unsupported, reflection, allowed)
04-06 13:23:07.222  5080  5201 W om.evolucao.app: Accessing hidden field Landroid/os/MessageQueue;->mMessages:Landroid/os/Message; (unsupported, reflection, allowed)
04-06 13:23:07.222  5080  5201 W om.evolucao.app: Accessing hidden method Landroid/os/Message;->recycleUnchecked()V (unsupported, reflection, allowed)
04-06 13:23:07.367  5080  5080 D DetoxRNHelpers: Native RN module resolution (class com.reactnativecommunity.asyncstorage.AsyncStorageModule): no registered module found
04-06 13:23:07.432  5080  5201 I WebViewFactory: Loading com.google.android.webview version 146.0.7680.164 (code 768016403)
04-06 13:23:07.433  5080  5201 D ApplicationLoaders: Returning zygote-cached class loader: /system/framework/android.test.base.jar
04-06 13:23:07.437  5080  5201 D nativeloader: Configuring classloader-namespace for other apk /data/app/~~23ppwVuk64Fm9vdWCRWMMw==/com.google.android.webview-FPIphznatdLDx2VBYoD68A==/base.apk. target_sdk_version=36, uses_libraries=, library_path=/data/app/~~23ppwVuk64Fm9vdWCRWMMw==/com.google.android.webview-FPIphznatdLDx2VBYoD68A==/lib/arm64:/data/app/~~23ppwVuk64Fm9vdWCRWMMw==/com.google.android.webview-FPIphznatdLDx2VBYoD68A==/base.apk!/lib/arm64-v8a, permitted_path=/data:/mnt/expand
04-06 13:23:07.448  5080  5201 I cr_WVCFactoryProvider: version=146.0.7680.164 (768016403) minSdkVersion=29 multiprocess=true packageId=127 splits=<none>
04-06 13:23:07.453  5080  5240 I chromium: [0406/132307.453414:INFO:android_webview/browser/variations/variations_seed_loader.cc:67] Failed to open file for reading.: No such file or directory (2)
04-06 13:23:07.453  5080  5240 I chromium: [0406/132307.453559:INFO:android_webview/browser/variations/variations_seed_loader.cc:67] Failed to open file for reading.: No such file or directory (2)
04-06 13:23:07.457  5080  5201 I cr_LibraryLoader: Successfully loaded native library
04-06 13:23:07.458  5080  5201 I cr_CachingUmaRecorder: Flushed 16 samples from 16 histograms, 0 samples were dropped.
04-06 13:23:07.471  5080  5243 D TrafficStats: tagSocket(143) with statsTag=0xffffffff, statsUid=-1
04-06 13:23:07.473  5080  5243 D TrafficStats: tagSocket(143) with statsTag=0xffffffff, statsUid=-1
04-06 13:23:07.480  5080  5200 W BridgelessReactContext: [WARNING] Bridgeless doesn't support CatalystInstance. Accessing an API that's not part of the new architecture is not encouraged usage.
04-06 13:23:07.486  5080  5200 I ExpoModulesCore: ✅ JSI interop was installed
04-06 13:23:07.490  5080  5200 I ExpoModulesCore: ✅ Constants were exported
04-06 13:23:07.534  5080  5200 W unknown:ViewManagerPropertyUpdater: Could not find generated setter for class com.th3rdwave.safeareacontext.SafeAreaProviderManager
04-06 13:23:07.537  5080  5200 W unknown:ViewManagerPropertyUpdater: Could not find generated setter for class com.facebook.react.uimanager.LayoutShadowNode
04-06 13:23:07.538  5080  5200 W unknown:ViewManagerPropertyUpdater: Could not find generated setter for class com.swmansion.rnscreens.SearchBarManager
04-06 13:23:07.539  5080  5200 W unknown:ViewManagerPropertyUpdater: Could not find generated setter for class com.swmansion.rnscreens.ScreenFooterManager
04-06 13:23:07.540  5080  5200 W unknown:ViewManagerPropertyUpdater: Could not find generated setter for class com.swmansion.rnscreens.gamma.tabs.TabScreenViewManager
04-06 13:23:07.541  5080  5200 W unknown:ViewManagerPropertyUpdater: Could not find generated setter for class expo.modules.kotlin.views.GroupViewManagerWrapper
04-06 13:23:07.542  5080  5200 W unknown:ViewManagerPropertyUpdater: Could not find generated setter for class com.swmansion.rnscreens.ScreenContainerViewManager
04-06 13:23:07.543  5080  5200 W unknown:ViewManagerPropertyUpdater: Could not find generated setter for class com.swmansion.rnscreens.gamma.tabs.TabsHostViewManager
04-06 13:23:07.545  5080  5200 W unknown:ViewManagerPropertyUpdater: Could not find generated setter for class com.swmansion.rnscreens.ModalScreenViewManager
04-06 13:23:07.546  5080  5200 W unknown:ViewManagerPropertyUpdater: Could not find generated setter for class com.swmansion.rnscreens.ScreenStackHeaderConfigViewManager
04-06 13:23:07.547  5080  5200 W unknown:ViewManagerPropertyUpdater: Could not find generated setter for class com.swmansion.rnscreens.ScreenContentWrapperManager
04-06 13:23:07.547  5080  5200 W unknown:ViewManagerPropertyUpdater: Could not find generated setter for class com.th3rdwave.safeareacontext.SafeAreaViewManager
04-06 13:23:07.549  5080  5200 W unknown:ViewManagerPropertyUpdater: Could not find generated setter for class com.th3rdwave.safeareacontext.SafeAreaViewShadowNode
04-06 13:23:07.549  5080  5200 W unknown:ViewManagerPropertyUpdater: Could not find generated setter for class com.swmansion.rnscreens.safearea.SafeAreaViewManager
04-06 13:23:07.550  5080  5200 W unknown:ViewManagerPropertyUpdater: Could not find generated setter for class com.swmansion.rnscreens.safearea.paper.SafeAreaViewShadowNode
04-06 13:23:07.550  5080  5200 W unknown:ViewManagerPropertyUpdater: Could not find generated setter for class com.swmansion.rnscreens.ScreenViewManager
04-06 13:23:07.551  5080  5200 W unknown:ViewManagerPropertyUpdater: Could not find generated setter for class com.swmansion.rnscreens.gamma.stack.host.StackHostViewManager
04-06 13:23:07.551  5080  5200 W unknown:ViewManagerPropertyUpdater: Could not find generated setter for class com.swmansion.rnscreens.ScreenStackHeaderSubviewManager
04-06 13:23:07.552  5080  5200 W unknown:ViewManagerPropertyUpdater: Could not find generated setter for class com.swmansion.rnscreens.gamma.stack.screen.StackScreenViewManager
04-06 13:23:07.552  5080  5200 W unknown:ViewManagerPropertyUpdater: Could not find generated setter for class com.swmansion.rnscreens.ScreenStackViewManager
04-06 13:23:07.627  5080  5200 W unknown:ViewManagerPropertyUpdater: Could not find generated setter for class com.facebook.react.views.debuggingoverlay.DebuggingOverlayManager
04-06 13:23:07.631  5080  5200 W unknown:ViewManagerPropertyUpdater: Could not find generated setter for class com.swmansion.gesturehandler.react.RNGestureHandlerButtonViewManager
04-06 13:23:07.636  5080  5200 W unknown:ViewManagerPropertyUpdater: Could not find generated setter for class com.facebook.react.views.safeareaview.ReactSafeAreaViewManager
04-06 13:23:07.640  5080  5200 W unknown:ViewManagerPropertyUpdater: Could not find generated setter for class com.facebook.react.views.modal.ReactModalHostManager
04-06 13:23:07.646  5080  5200 W unknown:ViewManagerPropertyUpdater: Could not find generated setter for class com.facebook.react.views.text.frescosupport.FrescoBasedReactTextInlineImageViewManager
04-06 13:23:07.646  5080  5200 W unknown:ViewManagerPropertyUpdater: Could not find generated setter for class com.facebook.react.views.text.frescosupport.FrescoBasedReactTextInlineImageShadowNode
04-06 13:23:07.650  5080  5200 W unknown:ViewManagerPropertyUpdater: Could not find generated setter for class com.facebook.react.views.progressbar.ReactProgressBarViewManager
04-06 13:23:07.651  5080  5200 W unknown:ViewManagerPropertyUpdater: Could not find generated setter for class com.facebook.react.views.progressbar.ProgressBarShadowNode
04-06 13:23:07.656  5080  5200 W unknown:ViewManagerPropertyUpdater: Could not find generated setter for class com.facebook.react.views.scroll.ReactHorizontalScrollViewManager
04-06 13:23:07.662  5080  5200 W unknown:ViewManagerPropertyUpdater: Could not find generated setter for class com.facebook.react.views.image.ReactImageManager
04-06 13:23:07.668  5080  5200 W unknown:ViewManagerPropertyUpdater: Could not find generated setter for class com.facebook.react.views.text.ReactTextViewManager
04-06 13:23:07.669  5080  5200 W unknown:ViewManagerPropertyUpdater: Could not find generated setter for class com.facebook.react.views.text.ReactTextShadowNode
04-06 13:23:07.675  5080  5200 W unknown:ViewManagerPropertyUpdater: Could not find generated setter for class com.facebook.react.views.scroll.ReactHorizontalScrollContainerViewManager
04-06 13:23:07.680  5080  5200 W unknown:ViewManagerPropertyUpdater: Could not find generated setter for class com.facebook.react.views.unimplementedview.ReactUnimplementedViewManager
04-06 13:23:07.685  5080  5200 W unknown:ViewManagerPropertyUpdater: Could not find generated setter for class com.facebook.react.views.scroll.ReactScrollViewManager
04-06 13:23:07.690  5080  5200 W unknown:ViewManagerPropertyUpdater: Could not find generated setter for class com.facebook.react.views.view.ReactViewManager
04-06 13:23:07.696  5080  5200 W unknown:ViewManagerPropertyUpdater: Could not find generated setter for class com.facebook.react.views.drawer.ReactDrawerLayoutManager
04-06 13:23:07.701  5080  5200 W unknown:ViewManagerPropertyUpdater: Could not find generated setter for class com.facebook.react.views.switchview.ReactSwitchManager
04-06 13:23:07.702  5080  5200 W unknown:ViewManagerPropertyUpdater: Could not find generated setter for class com.facebook.react.views.switchview.ReactSwitchShadowNode
04-06 13:23:07.706  5080  5200 W unknown:ViewManagerPropertyUpdater: Could not find generated setter for class com.facebook.react.views.swiperefresh.SwipeRefreshLayoutManager
04-06 13:23:07.713  5080  5200 W unknown:ViewManagerPropertyUpdater: Could not find generated setter for class com.facebook.react.views.textinput.ReactTextInputManager
04-06 13:23:07.714  5080  5200 W unknown:ViewManagerPropertyUpdater: Could not find generated setter for class com.facebook.react.views.textinput.ReactTextInputShadowNode
04-06 13:23:07.720  5080  5200 W unknown:ViewManagerPropertyUpdater: Could not find generated setter for class com.swmansion.gesturehandler.react.RNGestureHandlerRootViewManager
04-06 13:23:07.753  5080  5243 D TrafficStats: tagSocket(146) with statsTag=0xffffffff, statsUid=-1
04-06 13:23:07.919  5080  5200 V AsyncStorageExpoMigration: No scoped database found
04-06 13:23:08.092  5080  5200 D Detox.RNMarker: RUN_JS_BUNDLE_END (/.virtual-metro-entry.bundle?platform=android&dev=true&lazy=true&minify=false&app=com.evolucao.app&modulesOnly=false&runModule=true&excludeSource=true&sourcePaths=url-server)
04-06 13:23:08.094  5080  5200 I ReactNativeJS: Running "main" with {"rootTag":1,"initialProps":{},"fabric":true}
04-06 13:23:08.171  5080  5250 D TrafficStats: tagSocket(133) with statsTag=0xffffffff, statsUid=-1
04-06 13:23:08.302  5080  5080 I DecorView: notifyKeepScreenOnChanged: keepScreenOn=true
04-06 13:23:08.307  5080  5080 I ViewRootImpl@73623ee[MainActivity]: performTraversals params={(0,0)(fillxfill) sim={adjust=resize} layoutInDisplayCutoutMode=always ty=BASE_APPLICATION wanim=0x1030309
04-06 13:23:08.307  5080  5080 I ViewRootImpl@73623ee[MainActivity]:   fl=81810180
04-06 13:23:08.307  5080  5080 I ViewRootImpl@73623ee[MainActivity]:   pfl=16020040
04-06 13:23:08.307  5080  5080 I ViewRootImpl@73623ee[MainActivity]:   vsysui=100
04-06 13:23:08.307  5080  5080 I ViewRootImpl@73623ee[MainActivity]:   bhv=DEFAULT
04-06 13:23:08.307  5080  5080 I ViewRootImpl@73623ee[MainActivity]:   fitSides= naviIconColor=0}
04-06 13:23:08.309  5080  5080 I ViewRootImpl@73623ee[MainActivity]: performTraversals mFirst=false windowShouldResize=false viewVisibilityChanged=false mForceNextWindowRelayout=false params={(0,0)(fillxfill) sim={adjust=resize} layoutInDisplayCutoutMode=always ty=BASE_APPLICATION wanim=0x1030309
04-06 13:23:08.309  5080  5080 I ViewRootImpl@73623ee[MainActivity]:   fl=81810180
04-06 13:23:08.309  5080  5080 I ViewRootImpl@73623ee[MainActivity]:   pfl=16020040
04-06 13:23:08.309  5080  5080 I ViewRootImpl@73623ee[MainActivity]:   vsysui=100
04-06 13:23:08.309  5080  5080 I ViewRootImpl@73623ee[MainActivity]:   bhv=DEFAULT
04-06 13:23:08.309  5080  5080 I ViewRootImpl@73623ee[MainActivity]:   fitSides= naviIconColor=0}
04-06 13:23:08.318  5080  5080 I ViewRootImpl@73623ee[MainActivity]: updateBlastSurfaceIfNeeded mBlastBufferQueue=0xb4000070c2c34c00 isSameSurfaceControl=true
04-06 13:23:08.318  5080  5080 I BLASTBufferQueue: update, w= 1080 h= 2400 mName = ViewRootImpl@73623ee[MainActivity] mNativeObject= 0xb4000070c2c34c00 sc.mNativeObject= 0xb4000070a0cf8280 format= -1 caller= android.view.ViewRootImpl.updateBlastSurfaceIfNeeded:2898 android.view.ViewRootImpl.relayoutWindow:9847 android.view.ViewRootImpl.performTraversals:3884 android.view.ViewRootImpl.doTraversal:3116 android.view.ViewRootImpl$TraversalRunnable.run:10885 android.view.Choreographer$CallbackRecord.run:1301 
04-06 13:23:08.318  5080  5080 I ViewRootImpl@73623ee[MainActivity]: Relayout returned: old=(0,0,1080,2400) new=(0,0,1080,2400) req=(1080,2400)0 dur=9 res=0x0 s={true 0xb4000070b13bb000} ch=false seqId=0
04-06 13:23:08.323  5080  5080 D Detox.RNMarker: CONTENT_APPEARED (main)
04-06 13:23:08.333  5080  5200 D Detox.RNMarker: REACT_BRIDGELESS_LOADING_END (null)
04-06 13:23:08.341  5080  5200 I ReactNativeJS: '[ANALYTICS]', 'app_opened', { event: 'app_opened',
04-06 13:23:08.341  5080  5200 I ReactNativeJS:   eventId: '1775492588336_b333f22a25efa8',
04-06 13:23:08.341  5080  5200 I ReactNativeJS:   appVersion: '1.0.0',
04-06 13:23:08.341  5080  5200 I ReactNativeJS:   category: 'engagement',
04-06 13:23:08.341  5080  5200 I ReactNativeJS:   userId: 'anonymous',
04-06 13:23:08.341  5080  5200 I ReactNativeJS:   timestamp: 1775492588336,
04-06 13:23:08.341  5080  5200 I ReactNativeJS:   timestampIso: '2026-04-06T16:23:08.336Z',
04-06 13:23:08.341  5080  5200 I ReactNativeJS:   screen: 'App',
04-06 13:23:08.341  5080  5200 I ReactNativeJS:   sessionId: 'session-1775492588321-15ec8c41da912d',
04-06 13:23:08.341  5080  5200 I ReactNativeJS:   flowId: 'session-1775492588321-15ec8c41da912d',
04-06 13:23:08.341  5080  5200 I ReactNativeJS:   meta: 
04-06 13:23:08.341  5080  5200 I ReactNativeJS:    { domain: 'engagement',
04-06 13:23:08.341  5080  5200 I ReactNativeJS:      version: 1,
04-06 13:23:08.341  5080  5200 I ReactNativeJS:      dayKey: '2026-04-06',
04-06 13:23:08.341  5080  5200 I ReactNativeJS:      isFirstOpenOfDay: true,
04-06 13:23:08.341  5080  5200 I ReactNativeJS:      category: 'engagement' } }
04-06 13:23:08.563  5080  5080 D CompatibilityChangeReporter: Compat change id reported: 171228096; UID 10655; state: ENABLED
04-06 13:23:08.565  5080  5080 D ScrollView: initGoToTop
04-06 13:23:08.565  5080  5080 W om.evolucao.app: Accessing hidden field Landroid/widget/ScrollView;->mScroller:Landroid/widget/OverScroller; (unsupported, reflection, allowed)
04-06 13:23:08.576  5080  5091 I om.evolucao.app: Compiler allocated 4177KB to compile void android.widget.TextView.<init>(android.content.Context, android.util.AttributeSet, int, int)
04-06 13:23:08.584  5080  5080 W [RNScreens]: backTitleFontFamily prop is not available on Android
04-06 13:23:08.584  5080  5080 W [RNScreens]: disableBackButtonMenu prop is not available on Android
04-06 13:23:08.584  5080  5080 W [RNScreens]: backTitleVisible prop is not available on Android
04-06 13:23:08.584  5080  5080 W [RNScreens]: topInsetEnabled prop is not available on Android
04-06 13:23:08.584  5080  5080 W [RNScreens]: largeTitleHideShadow prop is not available on Android
04-06 13:23:08.584  5080  5080 W [RNScreens]: largeTitleFontWeight prop is not available on Android
04-06 13:23:08.584  5080  5080 W [RNScreens]: userInterfaceStyle prop is not available on Android
04-06 13:23:08.584  5080  5080 W [RNScreens]: largeTitleFontFamily prop is not available on Android
04-06 13:23:08.604  5080  5148 D OpenGLRenderer: setSurface called with nullptr
04-06 13:23:11.107  5080  5268 D ProfileInstaller: Installing profile for com.evolucao.app
04-06 13:23:15.500  5080  5132 D DetoxWSClient: Received action 'currentStatus' (ID #79, params={})
04-06 13:23:15.500  5080  5129 I DetoxDispatcher: Handling action 'currentStatus' (ID #79)...
04-06 13:23:15.508  5080  5129 I DetoxWSClient: Sending out action 'currentStatusResult' (ID #79)
04-06 13:23:15.509  5080  5129 I DetoxDispatcher: Done with action 'currentStatus'
04-06 13:23:25.529  5080  5132 D DetoxWSClient: Received action 'currentStatus' (ID #80, params={})
04-06 13:23:25.529  5080  5129 I DetoxDispatcher: Handling action 'currentStatus' (ID #80)...
04-06 13:23:25.533  5080  5129 I DetoxWSClient: Sending out action 'currentStatusResult' (ID #80)
04-06 13:23:25.533  5080  5129 I DetoxDispatcher: Done with action 'currentStatus'
04-06 13:23:35.543  5080  5132 D DetoxWSClient: Received action 'currentStatus' (ID #81, params={})
04-06 13:23:35.544  5080  5129 I DetoxDispatcher: Handling action 'currentStatus' (ID #81)...
04-06 13:23:35.553  5080  5129 I DetoxWSClient: Sending out action 'currentStatusResult' (ID #81)
04-06 13:23:35.554  5080  5129 I DetoxDispatcher: Done with action 'currentStatus'
04-06 13:23:45.562  5080  5132 D DetoxWSClient: Received action 'currentStatus' (ID #82, params={})
04-06 13:23:45.563  5080  5129 I DetoxDispatcher: Handling action 'currentStatus' (ID #82)...
04-06 13:23:45.573  5080  5129 I DetoxWSClient: Sending out action 'currentStatusResult' (ID #82)
04-06 13:23:45.574  5080  5129 I DetoxDispatcher: Done with action 'currentStatus'
04-06 13:23:55.592  5080  5132 D DetoxWSClient: Received action 'currentStatus' (ID #83, params={})
04-06 13:23:55.593  5080  5129 I DetoxDispatcher: Handling action 'currentStatus' (ID #83)...
04-06 13:23:55.602  5080  5129 I DetoxWSClient: Sending out action 'currentStatusResult' (ID #83)
04-06 13:23:55.603  5080  5129 I DetoxDispatcher: Done with action 'currentStatus'
04-06 13:24:05.622  5080  5132 D DetoxWSClient: Received action 'currentStatus' (ID #84, params={})
04-06 13:24:05.623  5080  5129 I DetoxDispatcher: Handling action 'currentStatus' (ID #84)...
04-06 13:24:05.632  5080  5129 I DetoxWSClient: Sending out action 'currentStatusResult' (ID #84)
04-06 13:24:05.633  5080  5129 I DetoxDispatcher: Done with action 'currentStatus'
04-06 13:24:15.644  5080  5132 D DetoxWSClient: Received action 'currentStatus' (ID #85, params={})
04-06 13:24:15.646  5080  5129 I DetoxDispatcher: Handling action 'currentStatus' (ID #85)...
04-06 13:24:15.655  5080  5129 I DetoxWSClient: Sending out action 'currentStatusResult' (ID #85)
04-06 13:24:15.656  5080  5129 I DetoxDispatcher: Done with action 'currentStatus'
04-06 13:24:25.670  5080  5132 D DetoxWSClient: Received action 'currentStatus' (ID #86, params={})
04-06 13:24:25.671  5080  5129 I DetoxDispatcher: Handling action 'currentStatus' (ID #86)...
04-06 13:24:25.679  5080  5129 I DetoxWSClient: Sending out action 'currentStatusResult' (ID #86)
04-06 13:24:25.680  5080  5129 I DetoxDispatcher: Done with action 'currentStatus'
04-06 13:24:35.697  5080  5132 D DetoxWSClient: Received action 'currentStatus' (ID #87, params={})
04-06 13:24:35.698  5080  5129 I DetoxDispatcher: Handling action 'currentStatus' (ID #87)...
04-06 13:24:35.707  5080  5129 I DetoxWSClient: Sending out action 'currentStatusResult' (ID #87)
04-06 13:24:35.708  5080  5129 I DetoxDispatcher: Done with action 'currentStatus'
04-06 13:24:45.716  5080  5132 D DetoxWSClient: Received action 'currentStatus' (ID #88, params={})
04-06 13:24:45.717  5080  5129 I DetoxDispatcher: Handling action 'currentStatus' (ID #88)...
04-06 13:24:45.726  5080  5129 I DetoxWSClient: Sending out action 'currentStatusResult' (ID #88)
04-06 13:24:45.727  5080  5129 I DetoxDispatcher: Done with action 'currentStatus'
04-06 13:24:55.747  5080  5132 D DetoxWSClient: Received action 'currentStatus' (ID #89, params={})
04-06 13:24:55.748  5080  5129 I DetoxDispatcher: Handling action 'currentStatus' (ID #89)...
04-06 13:24:55.757  5080  5129 I DetoxWSClient: Sending out action 'currentStatusResult' (ID #89)
04-06 13:24:55.758  5080  5129 I DetoxDispatcher: Done with action 'currentStatus'
04-06 13:25:05.778  5080  5132 D DetoxWSClient: Received action 'currentStatus' (ID #90, params={})
04-06 13:25:05.779  5080  5129 I DetoxDispatcher: Handling action 'currentStatus' (ID #90)...
04-06 13:25:05.788  5080  5129 I DetoxWSClient: Sending out action 'currentStatusResult' (ID #90)
04-06 13:25:05.789  5080  5129 I DetoxDispatcher: Done with action 'currentStatus'
04-06 13:25:15.801  5080  5132 D DetoxWSClient: Received action 'currentStatus' (ID #91, params={})
04-06 13:25:15.802  5080  5129 I DetoxDispatcher: Handling action 'currentStatus' (ID #91)...
04-06 13:25:15.811  5080  5129 I DetoxWSClient: Sending out action 'currentStatusResult' (ID #91)
04-06 13:25:15.812  5080  5129 I DetoxDispatcher: Done with action 'currentStatus'
04-06 13:25:25.820  5080  5132 D DetoxWSClient: Received action 'currentStatus' (ID #92, params={})
04-06 13:25:25.822  5080  5129 I DetoxDispatcher: Handling action 'currentStatus' (ID #92)...
04-06 13:25:25.832  5080  5129 I DetoxWSClient: Sending out action 'currentStatusResult' (ID #92)
04-06 13:25:25.832  5080  5129 I DetoxDispatcher: Done with action 'currentStatus'
04-06 13:25:35.851  5080  5132 D DetoxWSClient: Received action 'currentStatus' (ID #93, params={})
04-06 13:25:35.852  5080  5129 I DetoxDispatcher: Handling action 'currentStatus' (ID #93)...
04-06 13:25:35.860  5080  5129 I DetoxWSClient: Sending out action 'currentStatusResult' (ID #93)
04-06 13:25:35.861  5080  5129 I DetoxDispatcher: Done with action 'currentStatus'
04-06 13:25:45.870  5080  5132 D DetoxWSClient: Received action 'currentStatus' (ID #94, params={})
04-06 13:25:45.871  5080  5129 I DetoxDispatcher: Handling action 'currentStatus' (ID #94)...
04-06 13:25:45.880  5080  5129 I DetoxWSClient: Sending out action 'currentStatusResult' (ID #94)
04-06 13:25:45.880  5080  5129 I DetoxDispatcher: Done with action 'currentStatus'
04-06 13:25:55.894  5080  5132 D DetoxWSClient: Received action 'currentStatus' (ID #95, params={})
04-06 13:25:55.894  5080  5129 I DetoxDispatcher: Handling action 'currentStatus' (ID #95)...
04-06 13:25:55.904  5080  5129 I DetoxWSClient: Sending out action 'currentStatusResult' (ID #95)
04-06 13:25:55.905  5080  5129 I DetoxDispatcher: Done with action 'currentStat