04-06 10:54:19.924  4597  4643 D Detox   : class androidx.test.espresso.action.ViewActions, clearText, []
04-06 10:54:19.924  4597  4643 D Detox   : class com.wix.detox.espresso.EspressoDetox, perform, [(view.getTag() is "input-peso-atual" and view has effective visibility <VISIBLE>), androidx.test.espresso.action.ReplaceTextAction@5b389df]
04-06 10:54:19.945  4597  4597 I ViewInteraction: Performing 'replace text()' action on view (view.getTag() is "input-peso-atual" and view has effective visibility <VISIBLE>)
04-06 10:54:19.958  4597  4643 I DetoxWSClient: Sending out action 'invokeResult' (ID #5)
04-06 10:54:19.958  4597  4643 I DetoxDispatcher: Done with action 'invoke'
04-06 10:54:19.963  4597  4647 D DetoxWSClient: Received action 'invoke' (ID #6, params={"target":{"type":"Class","value":"com.wix.detox.espresso.EspressoDetox"},"method":"perform","args":[{"type":"Invocation","value":{"target":{"type":"Class","value":"com.wix.detox.espresso.DetoxMatcher"},"method":"matcherForTestId","args":["input-peso-atual",{"type":"boolean","value":false}]}},{"type":"Invocation","value":{"target":{"type":"Class","value":"androidx.test.espresso.action.ViewActions"},"method":"replaceText","args":["82"]}}]})
04-06 10:54:19.964  4597  4643 I DetoxDispatcher: Handling action 'invoke' (ID #6)...
04-06 10:54:19.968  4597  4643 D Detox   : class com.wix.detox.espresso.DetoxMatcher, matcherForTestId, [input-peso-atual, false]
04-06 10:54:19.968  4597  4643 D Detox   : class androidx.test.espresso.action.ViewActions, replaceText, [82]
04-06 10:54:19.968  4597  4643 D Detox   : class com.wix.detox.espresso.EspressoDetox, perform, [(view.getTag() is "input-peso-atual" and view has effective visibility <VISIBLE>), androidx.test.espresso.action.ReplaceTextAction@7963ce2]
04-06 10:54:19.974  4597  4597 D InputMethodManager: startInputInner - Id : 0
04-06 10:54:19.974  4597  4597 I InputMethodManager: startInputInner - mService.startInputOrWindowGainedFocus
04-06 10:54:20.036  4597  4597 D InputMethodManager: startInputInner - Id : 0
04-06 10:54:20.036  4597  4597 I InputMethodManager: startInputInner - mService.startInputOrWindowGainedFocus
04-06 10:54:20.042  4597  4597 I ViewInteraction: Performing 'replace text(82)' action on view (view.getTag() is "input-peso-atual" and view has effective visibility <VISIBLE>)
04-06 10:54:20.047  4597  4643 I DetoxWSClient: Sending out action 'invokeResult' (ID #6)
04-06 10:54:20.048  4597  4643 I DetoxDispatcher: Done with action 'invoke'
04-06 10:54:20.054  4597  4647 D DetoxWSClient: Received action 'invoke' (ID #7, params={"target":{"type":"Class","value":"com.wix.detox.espresso.DetoxAssertion"},"method":"assertMatcher","args":[{"type":"Invocation","value":{"target":{"type":"Class","value":"androidx.test.espresso.Espresso"},"method":"onView","args":[{"type":"Invocation","value":{"target":{"type":"Class","value":"com.wix.detox.espresso.DetoxMatcher"},"method":"matcherForTestId","args":["input-peso-atual",{"type":"boolean","value":false}]}}]}},{"type":"Invocation","value":{"target":{"type":"Class","value":"com.wix.detox.espresso.DetoxMatcher"},"method":"matcherForText","args":["82",{"type":"boolean","value":false}]}}]})
04-06 10:54:20.054  4597  4643 I DetoxDispatcher: Handling action 'invoke' (ID #7)...
04-06 10:54:20.055  4597  4643 D Detox   : class com.wix.detox.espresso.DetoxMatcher, matcherForTestId, [input-peso-atual, false]
04-06 10:54:20.056  4597  4643 D Detox   : class androidx.test.espresso.Espresso, onView, [(view.getTag() is "input-peso-atual" and view has effective visibility <VISIBLE>)]
04-06 10:54:20.058  4597  4643 D Detox   : class com.wix.detox.espresso.DetoxMatcher, matcherForText, [82, false]
04-06 10:54:20.060  4597  4643 D Detox   : class com.wix.detox.espresso.DetoxAssertion, assertMatcher, [androidx.test.espresso.ViewInteraction@bac53, (an instance of android.widget.TextView and view.getText() with or without transformation to match: is "82" and view has effective visibility <VISIBLE>)]
04-06 10:54:20.065  4597  4597 D InsetsController: show(ime(), fromIme=true)
04-06 10:54:20.068  4597  4597 D InputMethodManager: startInputInner - Id : 0
04-06 10:54:20.068  4597  4597 I InputMethodManager: startInputInner - mService.startInputOrWindowGainedFocus
04-06 10:54:20.073  4597  4608 I om.evolucao.app: Compiler allocated 6133KB to compile void android.view.ViewRootImpl.performTraversals()
04-06 10:54:20.075  4597  4672 D OpenGLRenderer: setSurface called with nullptr
04-06 10:54:20.075  4597  4672 D OpenGLRenderer: setSurface() destroyed EGLSurface
04-06 10:54:20.075  4597  4672 D OpenGLRenderer: destroyEglSurface
04-06 10:54:20.076  4597  4597 I ViewRootImpl@bfb0b2a[PopupWindow:71c9c15]: dispatchDetachedFromWindow
04-06 10:54:20.080  4597  4597 D InputTransport: Input channel destroyed: '106511f', fd=163
04-06 10:54:20.081  4597  4672 D OpenGLRenderer: setSurface called with nullptr
04-06 10:54:20.081  4597  4672 D OpenGLRenderer: setSurface() destroyed EGLSurface
04-06 10:54:20.081  4597  4672 D OpenGLRenderer: destroyEglSurface
04-06 10:54:20.081  4597  4597 I ViewRootImpl@ce538cd[PopupWindow:303e64]: dispatchDetachedFromWindow
04-06 10:54:20.085  4597  4597 D InputTransport: Input channel destroyed: '2c8e03b', fd=164
04-06 10:54:20.094  4597  4597 D InsetsController: show(ime(), fromIme=true)
04-06 10:54:20.095  4597  4597 I ViewInteraction: Checking 'MatchesViewAssertion(Detox){viewMatcher=(an instance of android.widget.TextView and view.getText() with or without transformation to match: is "82" and view has effective visibility <VISIBLE>)}' assertion on view (view.getTag() is "input-peso-atual" and view has effective visibility <VISIBLE>)
04-06 10:54:20.100  4597  4643 I DetoxWSClient: Sending out action 'invokeResult' (ID #7)
04-06 10:54:20.101  4597  4643 I DetoxDispatcher: Done with action 'invoke'
04-06 10:54:20.104  4597  4647 D DetoxWSClient: Received action 'invoke' (ID #8, params={"target":{"type":"Class","value":"com.wix.detox.espresso.EspressoDetox"},"method":"perform","args":[{"type":"Invocation","value":{"target":{"type":"Class","value":"com.wix.detox.espresso.DetoxMatcher"},"method":"matcherForTestId","args":["input-peso-meta",{"type":"boolean","value":false}]}},{"type":"Invocation","value":{"target":{"type":"Class","value":"com.wix.detox.espresso.DetoxViewActions"},"method":"click","args":[]}}]})
04-06 10:54:20.104  4597  4643 I DetoxDispatcher: Handling action 'invoke' (ID #8)...
04-06 10:54:20.105  4597  4643 D Detox   : class com.wix.detox.espresso.DetoxMatcher, matcherForTestId, [input-peso-meta, false]
04-06 10:54:20.105  4597  4643 D Detox   : class com.wix.detox.espresso.DetoxViewActions, click, []
04-06 10:54:20.105  4597  4643 D Detox   : class com.wix.detox.espresso.EspressoDetox, perform, [(view.getTag() is "input-peso-meta" and view has effective visibility <VISIBLE>), com.wix.detox.espresso.action.RNClickAction@d134ff9]
04-06 10:54:20.108  4597  4597 I ViewInteraction: Performing 'com.wix.detox.espresso.action.detoxsingletap@72d1b3e click' action on view (view.getTag() is "input-peso-meta" and view has effective visibility <VISIBLE>)
04-06 10:54:20.112  4597  4597 I ViewRootImpl@914008f[MainActivity]: ViewPostIme pointer 0
04-06 10:54:20.118  4597  4597 D InsetsController: show(ime(), fromIme=true)
04-06 10:54:20.142  4597  4597 I ViewRootImpl@914008f[MainActivity]: ViewPostIme pointer 1
04-06 10:54:20.148  4597  4597 D InputMethodManager: startInputInner - Id : 0
04-06 10:54:20.149  4597  4597 I InputMethodManager: startInputInner - mService.startInputOrWindowGainedFocus
04-06 10:54:20.152  4597  4597 I IMM_LC  : showSoftInput(View,I)
04-06 10:54:20.152  4597  4597 I IMM_LC  : ssi() - flag : 0 view : com.evolucao.app reason = SHOW_SOFT_INPUT
04-06 10:54:20.158  4597  4672 D NativeCustomFrequencyManager: [NativeCFMS] BpCustomFrequencyManager::BpCustomFrequencyManager()
04-06 10:54:20.162  4597  4597 D InsetsController: onStateChanged: InsetsState: {mDisplayFrame=Rect(0, 0 - 1080, 2400), mDisplayCutout=DisplayCutout{insets=Rect(0, 88 - 0, 0) waterfall=Insets{left=0, top=0, right=0, bottom=0} boundingRect={Bounds=[Rect(0, 0 - 0, 0), Rect(512, 0 - 568, 88), Rect(0, 0 - 0, 0), Rect(0, 0 - 0, 0)]} cutoutPathParserInfo={CutoutPathParserInfo{displayWidth=1080 displayHeight=2400 physicalDisplayWidth=1080 physicalDisplayHeight=2400 density={3.0} cutoutSpec={M 0,0 M 0,10.71963616907435 a 9.280363830925644,9.280363830925644 0 1,0 0,18.56072766185129 a 9.280363830925644,9.280363830925644 0 1,0 0,-18.56072766185129 Z @dp} rotation={0} scale={1.0} physicalPixelDisplaySizeRatio={1.0}}}}, mRoundedCorners=RoundedCorners{[RoundedCorner{position=TopLeft, radius=96, center=Point(96, 96)}, RoundedCorner{position=TopRight, radius=96, center=Point(984, 96)}, RoundedCorner{position=BottomRight, radius=96, center=Point(984, 2304)}, RoundedCorner{position=BottomLeft, radius=96, center=Point(96, 2304)}]}  mRoundedCornerFrame=Rect(0, 0 - 1080, 2400), mPrivacyIndicatorBounds=PrivacyIndicatorBounds {static bounds=Rect(948, 0 - 1080, 88) rotation=0}, mSources= { InsetsSource: {mType=ITYPE_STATUS_BAR, mFrame=[0,0][1080,88], mVisible=true, mInsetsRoundedCornerFrame=false}, InsetsSource: {mType=ITYPE_NAVIGATION_BAR, mFrame=[0,2256][1080,2400], mVisible=true, mInsetsRoundedCornerFrame=false}, InsetsSource: {mType=ITYPE_LEFT_GESTURES, mFrame=[0,0][0,2400], mVisible=true, mInsetsRoundedCornerFrame=false}, InsetsSource: {mType=ITYPE_RIGHT_GESTURES, mFrame=[1080,0][1080,2400], mVisible=true, mInsetsRoundedCornerFrame=false}, InsetsSource: {mType=ITYPE_TOP_MANDATORY_GESTURES, mFrame=[0,0][1080,124], mVisible=true, mInsetsRoundedCornerFrame=false}, InsetsSource: {mType=ITYPE_BOTTOM_MANDATORY_GESTURES, mFrame=[0,2256][1080,2400], mVisible=true, mInsetsRoundedCornerFrame=false}, InsetsSource: {mType=ITYPE_LEFT_DISPLAY_CUTOUT, mFrame=[0,0][-100000,2400], mVisible=true, mInsetsRoundedCornerFrame=false}, InsetsSource: {mType=ITYPE_TOP_DISPLAY_CUTOUT, mFrame=[0,0][1080,88], mVisible=true, mInsetsRoundedCornerFrame=false}, InsetsSource: {mType=ITYPE_RIGHT_DISPLAY_CUTOUT, mFrame=[100000,0][1080,2400], mVisible=true, mInsetsRoundedCornerFrame=false}, InsetsSource: {mType=ITYPE_BOTTOM_DISPLAY_CUTOUT, mFrame=[0,100000][1080,2400], mVisible=true, mInsetsRoundedCornerFrame=false}, InsetsSource: {mType=ITYPE_TOP_TAPPABLE_ELEMENT, mFrame=[0,0][1080,88], mVisible=true, mInsetsRoundedCornerFrame=false}, InsetsSource: {mType=ITYPE_BOTTOM_TAPPABLE_ELEMENT, mFrame=[0,2256][1080,2400], mVisible=true, mInsetsRoundedCornerFrame=false} } host=PopupWindow:fb8eec from=android.view.ViewRootImpl.setView:1732
04-06 10:54:20.163  4597  4597 I ViewRootImpl@72ff2b5[PopupWindow:fb8eec]: setView = android.widget.PopupWindow$PopupDecorView@3a0531 TM=false
04-06 10:54:20.166  4597  4672 D NativeCustomFrequencyManager: [NativeCFMS] BpCustomFrequencyManager::BpCustomFrequencyManager()
04-06 10:54:20.168  4597  4597 D InsetsController: onStateChanged: InsetsState: {mDisplayFrame=Rect(0, 0 - 1080, 2400), mDisplayCutout=DisplayCutout{insets=Rect(0, 88 - 0, 0) waterfall=Insets{left=0, top=0, right=0, bottom=0} boundingRect={Bounds=[Rect(0, 0 - 0, 0), Rect(512, 0 - 568, 88), Rect(0, 0 - 0, 0), Rect(0, 0 - 0, 0)]} cutoutPathParserInfo={CutoutPathParserInfo{displayWidth=1080 displayHeight=2400 physicalDisplayWidth=1080 physicalDisplayHeight=2400 density={3.0} cutoutSpec={M 0,0 M 0,10.71963616907435 a 9.280363830925644,9.280363830925644 0 1,0 0,18.56072766185129 a 9.280363830925644,9.280363830925644 0 1,0 0,-18.56072766185129 Z @dp} rotation={0} scale={1.0} physicalPixelDisplaySizeRatio={1.0}}}}, mRoundedCorners=RoundedCorners{[RoundedCorner{position=TopLeft, radius=96, center=Point(96, 96)}, RoundedCorner{position=TopRight, radius=96, center=Point(984, 96)}, RoundedCorner{position=BottomRight, radius=96, center=Point(984, 2304)}, RoundedCorner{position=BottomLeft, radius=96, center=Point(96, 2304)}]}  mRoundedCornerFrame=Rect(0, 0 - 1080, 2400), mPrivacyIndicatorBounds=PrivacyIndicatorBounds {static bounds=Rect(948, 0 - 1080, 88) rotation=0}, mSources= { InsetsSource: {mType=ITYPE_STATUS_BAR, mFrame=[0,0][1080,88], mVisible=true, mInsetsRoundedCornerFrame=false}, InsetsSource: {mType=ITYPE_NAVIGATION_BAR, mFrame=[0,2256][1080,2400], mVisible=true, mInsetsRoundedCornerFrame=false}, InsetsSource: {mType=ITYPE_LEFT_GESTURES, mFrame=[0,0][0,2400], mVisible=true, mInsetsRoundedCornerFrame=false}, InsetsSource: {mType=ITYPE_RIGHT_GESTURES, mFrame=[1080,0][1080,2400], mVisible=true, mInsetsRoundedCornerFrame=false}, InsetsSource: {mType=ITYPE_TOP_MANDATORY_GESTURES, mFrame=[0,0][1080,124], mVisible=true, mInsetsRoundedCornerFrame=false}, InsetsSource: {mType=ITYPE_BOTTOM_MANDATORY_GESTURES, mFrame=[0,2256][1080,2400], mVisible=true, mInsetsRoundedCornerFrame=false}, InsetsSource: {mType=ITYPE_LEFT_DISPLAY_CUTOUT, mFrame=[0,0][-100000,2400], mVisible=true, mInsetsRoundedCornerFrame=false}, InsetsSource: {mType=ITYPE_TOP_DISPLAY_CUTOUT, mFrame=[0,0][1080,88], mVisible=true, mInsetsRoundedCornerFrame=false}, InsetsSource: {mType=ITYPE_RIGHT_DISPLAY_CUTOUT, mFrame=[100000,0][1080,2400], mVisible=true, mInsetsRoundedCornerFrame=false}, InsetsSource: {mType=ITYPE_BOTTOM_DISPLAY_CUTOUT, mFrame=[0,100000][1080,2400], mVisible=true, mInsetsRoundedCornerFrame=false}, InsetsSource: {mType=ITYPE_TOP_TAPPABLE_ELEMENT, mFrame=[0,0][1080,88], mVisible=true, mInsetsRoundedCornerFrame=false}, InsetsSource: {mType=ITYPE_BOTTOM_TAPPABLE_ELEMENT, mFrame=[0,2256][1080,2400], mVisible=true, mInsetsRoundedCornerFrame=false} } host=PopupWindow:dc9b197 from=android.view.ViewRootImpl.setView:1732
04-06 10:54:20.169  4597  4597 I ViewRootImpl@4c6cf84[PopupWindow:dc9b197]: setView = android.widget.PopupWindow$PopupDecorView@da35ff0 TM=false
04-06 10:54:20.172  4597  4597 W RemoteInputConnectionImpl: requestCursorAnchorInfo on inactive InputConnection
04-06 10:54:20.173  4597  4597 I IMM_LC  : showSoftInput(View,I)
04-06 10:54:20.173  4597  4597 I IMM_LC  : ssi() - flag : 0 view : com.evolucao.app reason = SHOW_SOFT_INPUT
04-06 10:54:20.175  4597  4597 I ViewRootImpl@72ff2b5[PopupWindow:fb8eec]: performTraversals params={(112,1390)(90x108) gr=TOP START CENTER sim={state=unchanged adjust=pan} ty=APPLICATION_SUB_PANEL fmt=TRANSLUCENT wanim=0x1030313 surfaceInsets=Rect(0, 0 - 0, 0) (manual)
04-06 10:54:20.175  4597  4597 I ViewRootImpl@72ff2b5[PopupWindow:fb8eec]:   fl=41800208
04-06 10:54:20.175  4597  4597 I ViewRootImpl@72ff2b5[PopupWindow:fb8eec]:   pfl=2018000
04-06 10:54:20.175  4597  4597 I ViewRootImpl@72ff2b5[PopupWindow:fb8eec]:   bhv=DEFAULT
04-06 10:54:20.175  4597  4597 I ViewRootImpl@72ff2b5[PopupWindow:fb8eec]:   fitTypes=STATUS_BARS NAVIGATION_BARS CAPTION_BAR naviIconColor=0
04-06 10:54:20.175  4597  4597 I ViewRootImpl@72ff2b5[PopupWindow:fb8eec]:   sfl=20000}
04-06 10:54:20.176  4597  4597 I ViewRootImpl@72ff2b5[PopupWindow:fb8eec]: performTraversals mFirst=true windowShouldResize=true viewVisibilityChanged=false mForceNextWindowRelayout=false params={(112,1390)(90x108) gr=TOP START CENTER sim={state=unchanged adjust=pan} ty=APPLICATION_SUB_PANEL fmt=TRANSLUCENT wanim=0x1030313 surfaceInsets=Rect(0, 0 - 0, 0) (manual)
04-06 10:54:20.176  4597  4597 I ViewRootImpl@72ff2b5[PopupWindow:fb8eec]:   fl=41800208
04-06 10:54:20.176  4597  4597 I ViewRootImpl@72ff2b5[PopupWindow:fb8eec]:   pfl=42018000
04-06 10:54:20.176  4597  4597 I ViewRootImpl@72ff2b5[PopupWindow:fb8eec]:   bhv=DEFAULT
04-06 10:54:20.176  4597  4597 I ViewRootImpl@72ff2b5[PopupWindow:fb8eec]:   fitTypes=STATUS_BARS NAVIGATION_BARS CAPTION_BAR naviIconColor=0
04-06 10:54:20.176  4597  4597 I ViewRootImpl@72ff2b5[PopupWindow:fb8eec]:   sfl=20000}
04-06 10:54:20.179  4597  4615 I ViewRootImpl@72ff2b5[PopupWindow:fb8eec]: Resizing android.view.ViewRootImpl@b2f5416: frame = [112,1390][202,1498] reportDraw = true forceLayout = false syncSeqId = 0
04-06 10:54:20.180  4597  4597 I ViewRootImpl@72ff2b5[PopupWindow:fb8eec]: updateBlastSurfaceIfNeeded mBlastBufferQueue=null isSameSurfaceControl=false
04-06 10:54:20.180  4597  4597 I BLASTBufferQueue: new BLASTBufferQueue, mName= ViewRootImpl@72ff2b5[PopupWindow:fb8eec] mNativeObject= 0xb4000069fbd89c00 sc.mNativeObject= 0xb4000069ff49c560 caller= android.view.ViewRootImpl.updateBlastSurfaceIfNeeded:2909 android.view.ViewRootImpl.relayoutWindow:9847 android.view.ViewRootImpl.performTraversals:3884 android.view.ViewRootImpl.doTraversal:3116 android.view.ViewRootImpl$TraversalRunnable.run:10885 android.view.Choreographer$CallbackRecord.run:1301 android.view.Choreographer$CallbackRecord.run:1309 android.view.Choreographer.doCallbacks:923 android.view.Choreographer.doFrame:852 android.view.Choreographer$FrameDisplayEventReceiver.run:1283 
04-06 10:54:20.180  4597  4597 I BLASTBufferQueue: update, w= 90 h= 108 mName = ViewRootImpl@72ff2b5[PopupWindow:fb8eec] mNativeObject= 0xb4000069fbd89c00 sc.mNativeObject= 0xb4000069ff49c560 format= -3 caller= android.graphics.BLASTBufferQueue.<init>:84 android.view.ViewRootImpl.updateBlastSurfaceIfNeeded:2909 android.view.ViewRootImpl.relayoutWindow:9847 android.view.ViewRootImpl.performTraversals:3884 android.view.ViewRootImpl.doTraversal:3116 android.view.ViewRootImpl$TraversalRunnable.run:10885 
04-06 10:54:20.181  4597  4597 I ViewRootImpl@72ff2b5[PopupWindow:fb8eec]: Relayout returned: old=(112,1390,202,1498) new=(112,1390,202,1498) req=(90,108)0 dur=4 res=0x3 s={true 0xb4000070a0c99000} ch=true seqId=0
04-06 10:54:20.181  4597  4597 I ViewRootImpl@72ff2b5[PopupWindow:fb8eec]: mThreadedRenderer.initialize() mSurface={isValid=true 0xb4000070a0c99000} hwInitialized=true
04-06 10:54:20.181  4597  4672 D OpenGLRenderer: eglCreateWindowSurface
04-06 10:54:20.182  4597  4597 I ViewRootImpl@72ff2b5[PopupWindow:fb8eec]: reportNextDraw android.view.ViewRootImpl.performTraversals:4438 android.view.ViewRootImpl.doTraversal:3116 android.view.ViewRootImpl$TraversalRunnable.run:10885 android.view.Choreographer$CallbackRecord.run:1301 android.view.Choreographer$CallbackRecord.run:1309 
04-06 10:54:20.182  4597  4597 I ViewRootImpl@72ff2b5[PopupWindow:fb8eec]: Setup new sync id=0
04-06 10:54:20.182  4597  4597 I ViewRootImpl@72ff2b5[PopupWindow:fb8eec]: Setting syncFrameCallback
04-06 10:54:20.182  4597  4597 I ViewRootImpl@72ff2b5[PopupWindow:fb8eec]: registerCallbacksForSync syncBuffer=false
04-06 10:54:20.183  4597  4700 I ViewRootImpl@72ff2b5[PopupWindow:fb8eec]: Received frameDrawingCallback syncResult=0 frameNum=1.
04-06 10:54:20.183  4597  4700 I ViewRootImpl@72ff2b5[PopupWindow:fb8eec]: Setting up sync and frameCommitCallback
04-06 10:54:20.184  4597  4672 I BLASTBufferQueue: [ViewRootImpl@72ff2b5[PopupWindow:fb8eec]#4](f:0,a:0) onFrameAvailable the first frame is available
04-06 10:54:20.184  4597  4672 I ViewRootImpl@72ff2b5[PopupWindow:fb8eec]: Received frameCommittedCallback lastAttemptedDrawFrameNum=1 didProduceBuffer=true
04-06 10:54:20.184  4597  4672 D OpenGLRenderer: CFMS:: SetUp Pid : 4597    Tid : 4672
04-06 10:54:20.184  4597  4672 W Parcel  : Expecting binder but got null!
04-06 10:54:20.184  4597  4597 I ViewRootImpl@72ff2b5[PopupWindow:fb8eec]: onSyncComplete
04-06 10:54:20.185  4597  4597 I ViewRootImpl@72ff2b5[PopupWindow:fb8eec]: setupSync seqId=0 mSyncId=0 fn=1 caller=android.view.ViewRootImpl$$ExternalSyntheticLambda11.accept:6 android.window.SurfaceSyncer.lambda$setupSync$1$android-window-SurfaceSyncer:128 android.window.SurfaceSyncer$$ExternalSyntheticLambda1.accept:8 android.window.SurfaceSyncer$SyncSet.checkIfSyncIsComplete:382 android.window.SurfaceSyncer$SyncSet.markSyncReady:359 android.window.SurfaceSyncer.markSyncReady:151 android.view.ViewRootImpl.performTraversals:4503 
04-06 10:54:20.186  4597  4597 I ViewRootImpl@4c6cf84[PopupWindow:dc9b197]: performTraversals params={(112,1296)(90x94) gr=TOP START CENTER sim={state=unchanged adjust=pan} ty=APPLICATION_SUB_PANEL fmt=TRANSLUCENT wanim=0x1030313 surfaceInsets=Rect(0, 0 - 0, 0) (manual)
04-06 10:54:20.186  4597  4597 I ViewRootImpl@4c6cf84[PopupWindow:dc9b197]:   fl=41800218
04-06 10:54:20.186  4597  4597 I ViewRootImpl@4c6cf84[PopupWindow:dc9b197]:   pfl=2018000
04-06 10:54:20.186  4597  4597 I ViewRootImpl@4c6cf84[PopupWindow:dc9b197]:   bhv=DEFAULT
04-06 10:54:20.186  4597  4597 I ViewRootImpl@4c6cf84[PopupWindow:dc9b197]:   fitTypes=STATUS_BARS NAVIGATION_BARS CAPTION_BAR naviIconColor=0
04-06 10:54:20.186  4597  4597 I ViewRootImpl@4c6cf84[PopupWindow:dc9b197]:   sfl=20000}
04-06 10:54:20.186  4597  4597 I ViewRootImpl@4c6cf84[PopupWindow:dc9b197]: performTraversals mFirst=true windowShouldResize=true viewVisibilityChanged=false mForceNextWindowRelayout=false params={(112,1296)(90x94) gr=TOP START CENTER sim={state=unchanged adjust=pan} ty=APPLICATION_SUB_PANEL fmt=TRANSLUCENT wanim=0x1030313 surfaceInsets=Rect(0, 0 - 0, 0) (manual)
04-06 10:54:20.186  4597  4597 I ViewRootImpl@4c6cf84[PopupWindow:dc9b197]:   fl=41800218
04-06 10:54:20.186  4597  4597 I ViewRootImpl@4c6cf84[PopupWindow:dc9b197]:   pfl=42018000
04-06 10:54:20.186  4597  4597 I ViewRootImpl@4c6cf84[PopupWindow:dc9b197]:   bhv=DEFAULT
04-06 10:54:20.186  4597  4597 I ViewRootImpl@4c6cf84[PopupWindow:dc9b197]:   fitTypes=STATUS_BARS NAVIGATION_BARS CAPTION_BAR naviIconColor=0
04-06 10:54:20.186  4597  4597 I ViewRootImpl@4c6cf84[PopupWindow:dc9b197]:   sfl=20000}
04-06 10:54:20.189  4597  4615 I ViewRootImpl@4c6cf84[PopupWindow:dc9b197]: Resizing android.view.ViewRootImpl@96b2969: frame = [112,1296][202,1390] reportDraw = true forceLayout = false syncSeqId = 0
04-06 10:54:20.190  4597  4597 I ViewRootImpl@4c6cf84[PopupWindow:dc9b197]: updateBlastSurfaceIfNeeded mBlastBufferQueue=null isSameSurfaceControl=false
04-06 10:54:20.191  4597  4597 I BLASTBufferQueue: new BLASTBufferQueue, mName= ViewRootImpl@4c6cf84[PopupWindow:dc9b197] mNativeObject= 0xb4000069fbd89f80 sc.mNativeObject= 0xb4000069ff49c7e0 caller= android.view.ViewRootImpl.updateBlastSurfaceIfNeeded:2909 android.view.ViewRootImpl.relayoutWindow:9847 android.view.ViewRootImpl.performTraversals:3884 android.view.ViewRootImpl.doTraversal:3116 android.view.ViewRootImpl$TraversalRunnable.run:10885 android.view.Choreographer$CallbackRecord.run:1301 android.view.Choreographer$CallbackRecord.run:1309 android.view.Choreographer.doCallbacks:923 android.view.Choreographer.doFrame:852 android.view.Choreographer$FrameDisplayEventReceiver.run:1283 
04-06 10:54:20.191  4597  4597 I BLASTBufferQueue: update, w= 90 h= 94 mName = ViewRootImpl@4c6cf84[PopupWindow:dc9b197] mNativeObject= 0xb4000069fbd89f80 sc.mNativeObject= 0xb4000069ff49c7e0 format= -3 caller= android.graphics.BLASTBufferQueue.<init>:84 android.view.ViewRootImpl.updateBlastSurfaceIfNeeded:2909 android.view.ViewRootImpl.relayoutWindow:9847 android.view.ViewRootImpl.performTraversals:3884 android.view.ViewRootImpl.doTraversal:3116 android.view.ViewRootImpl$TraversalRunnable.run:10885 
04-06 10:54:20.191  4597  4597 I ViewRootImpl@4c6cf84[PopupWindow:dc9b197]: Relayout returned: old=(112,1296,202,1390) new=(112,1296,202,1390) req=(90,94)0 dur=4 res=0x3 s={true 0xb4000070a0c96800} ch=true seqId=0
04-06 10:54:20.192  4597  4597 I ViewRootImpl@4c6cf84[PopupWindow:dc9b197]: mThreadedRenderer.initialize() mSurface={isValid=true 0xb4000070a0c96800} hwInitialized=true
04-06 10:54:20.192  4597  4672 D OpenGLRenderer: eglCreateWindowSurface
04-06 10:54:20.193  4597  4597 I ViewRootImpl@4c6cf84[PopupWindow:dc9b197]: reportNextDraw android.view.ViewRootImpl.performTraversals:4438 android.view.ViewRootImpl.doTraversal:3116 android.view.ViewRootImpl$TraversalRunnable.run:10885 android.view.Choreographer$CallbackRecord.run:1301 android.view.Choreographer$CallbackRecord.run:1309 
04-06 10:54:20.193  4597  4597 I ViewRootImpl@4c6cf84[PopupWindow:dc9b197]: Setup new sync id=0
04-06 10:54:20.193  4597  4597 I ViewRootImpl@4c6cf84[PopupWindow:dc9b197]: Setting syncFrameCallback
04-06 10:54:20.193  4597  4597 I ViewRootImpl@4c6cf84[PopupWindow:dc9b197]: registerCallbacksForSync syncBuffer=false
04-06 10:54:20.193  4597  4699 I ViewRootImpl@4c6cf84[PopupWindow:dc9b197]: Received frameDrawingCallback syncResult=0 frameNum=1.
04-06 10:54:20.193  4597  4699 I ViewRootImpl@4c6cf84[PopupWindow:dc9b197]: Setting up sync and frameCommitCallback
04-06 10:54:20.194  4597  4672 I BLASTBufferQueue: [ViewRootImpl@4c6cf84[PopupWindow:dc9b197]#5](f:0,a:0) onFrameAvailable the first frame is available
04-06 10:54:20.194  4597  4672 I ViewRootImpl@4c6cf84[PopupWindow:dc9b197]: Received frameCommittedCallback lastAttemptedDrawFrameNum=1 didProduceBuffer=true
04-06 10:54:20.194  4597  4672 D OpenGLRenderer: CFMS:: SetUp Pid : 4597    Tid : 4672
04-06 10:54:20.194  4597  4672 W Parcel  : Expecting binder but got null!
04-06 10:54:20.194  4597  4597 I ViewRootImpl@4c6cf84[PopupWindow:dc9b197]: onSyncComplete
04-06 10:54:20.195  4597  4597 I ViewRootImpl@4c6cf84[PopupWindow:dc9b197]: setupSync seqId=0 mSyncId=0 fn=1 caller=android.view.ViewRootImpl$$ExternalSyntheticLambda11.accept:6 android.window.SurfaceSyncer.lambda$setupSync$1$android-window-SurfaceSyncer:128 android.window.SurfaceSyncer$$ExternalSyntheticLambda1.accept:8 android.window.SurfaceSyncer$SyncSet.checkIfSyncIsComplete:382 android.window.SurfaceSyncer$SyncSet.markSyncReady:359 android.window.SurfaceSyncer.markSyncReady:151 android.view.ViewRootImpl.performTraversals:4503 
04-06 10:54:20.195  4597  4597 I ViewRootImpl@4c6cf84[PopupWindow:dc9b197]: reportDrawFinished seqId=0 mSyncId=-1 fn=1 mSurfaceChangedTransaction=0xb400007002816500
04-06 10:54:20.195  4597  4597 I ViewRootImpl@72ff2b5[PopupWindow:fb8eec]: reportDrawFinished seqId=0 mSyncId=-1 fn=1 mSurfaceChangedTransaction=0xb400007002673600
04-06 10:54:20.197  4597  4597 I ViewRootImpl@72ff2b5[PopupWindow:fb8eec]: handleResized, msg = 5 frames=ClientWindowFrames{frame=[112,1390][202,1498] display=[-100000,-100000][100000,100000] parentFrame=[0,0][0,0] parentClippedByDisplayCutout=false} forceNextWindowRelayout=false displayId=0 resizeMode=-1 frameChanged=false displayFrameChanged=false configChanged=false displayChanged=false
04-06 10:54:20.197  4597  4597 I ViewRootImpl@72ff2b5[PopupWindow:fb8eec]: handleResized mSyncSeqId = 0
04-06 10:54:20.197  4597  4597 I ViewRootImpl@72ff2b5[PopupWindow:fb8eec]: reportNextDraw android.view.ViewRootImpl.handleResized:2450 android.view.ViewRootImpl.-$$Nest$mhandleResized:0 android.view.ViewRootImpl$ViewRootHandler.handleMessageImpl:6728 android.view.ViewRootImpl$ViewRootHandler.handleMessage:6697 android.os.Handler.dispatchMessage:106 
04-06 10:54:20.197  4597  4597 I ViewRootImpl@72ff2b5[PopupWindow:fb8eec]: Setup new sync id=1
04-06 10:54:20.197  4597  4597 I ViewRootImpl@72ff2b5[PopupWindow:fb8eec]: Setting syncFrameCallback
04-06 10:54:20.197  4597  4597 I ViewRootImpl@72ff2b5[PopupWindow:fb8eec]: registerCallbacksForSync syncBuffer=false
04-06 10:54:20.199  4597  4700 I ViewRootImpl@72ff2b5[PopupWindow:fb8eec]: Received frameDrawingCallback syncResult=0 frameNum=2.
04-06 10:54:20.199  4597  4700 I ViewRootImpl@72ff2b5[PopupWindow:fb8eec]: Setting up sync and frameCommitCallback
04-06 10:54:20.199  4597  4672 I ViewRootImpl@72ff2b5[PopupWindow:fb8eec]: Received frameCommittedCallback lastAttemptedDrawFrameNum=2 didProduceBuffer=true
04-06 10:54:20.199  4597  4597 I ViewRootImpl@72ff2b5[PopupWindow:fb8eec]: onSyncComplete
04-06 10:54:20.200  4597  4597 I ViewRootImpl@72ff2b5[PopupWindow:fb8eec]: setupSync seqId=0 mSyncId=1 fn=2 caller=android.view.ViewRootImpl$$ExternalSyntheticLambda11.accept:6 android.window.SurfaceSyncer.lambda$setupSync$1$android-window-SurfaceSyncer:128 android.window.SurfaceSyncer$$ExternalSyntheticLambda1.accept:8 android.window.SurfaceSyncer$SyncSet.checkIfSyncIsComplete:382 android.window.SurfaceSyncer$SyncSet.markSyncReady:359 android.window.SurfaceSyncer.markSyncReady:151 android.view.ViewRootImpl.performTraversals:4503 
04-06 10:54:20.200  4597  4597 I ViewRootImpl@72ff2b5[PopupWindow:fb8eec]: reportDrawFinished seqId=0 mSyncId=-1 fn=2 mSurfaceChangedTransaction=0xb400007002673600
04-06 10:54:20.200  4597  4597 I ViewRootImpl@4c6cf84[PopupWindow:dc9b197]: handleResized, msg = 5 frames=ClientWindowFrames{frame=[112,1296][202,1390] display=[-100000,-100000][100000,100000] parentFrame=[0,0][0,0] parentClippedByDisplayCutout=false} forceNextWindowRelayout=false displayId=0 resizeMode=-1 frameChanged=false displayFrameChanged=false configChanged=false displayChanged=false
04-06 10:54:20.200  4597  4597 I ViewRootImpl@4c6cf84[PopupWindow:dc9b197]: handleResized mSyncSeqId = 0
04-06 10:54:20.200  4597  4597 I ViewRootImpl@4c6cf84[PopupWindow:dc9b197]: reportNextDraw android.view.ViewRootImpl.handleResized:2450 android.view.ViewRootImpl.-$$Nest$mhandleResized:0 android.view.ViewRootImpl$ViewRootHandler.handleMessageImpl:6728 android.view.ViewRootImpl$ViewRootHandler.handleMessage:6697 android.os.Handler.dispatchMessage:106 
04-06 10:54:20.204  4597  4597 I ViewRootImpl@4c6cf84[PopupWindow:dc9b197]: Setup new sync id=1
04-06 10:54:20.205  4597  4597 I ViewRootImpl@4c6cf84[PopupWindow:dc9b197]: Setting syncFrameCallback
04-06 10:54:20.205  4597  4597 I ViewRootImpl@4c6cf84[PopupWindow:dc9b197]: registerCallbacksForSync syncBuffer=false
04-06 10:54:20.206  4597  4699 I ViewRootImpl@4c6cf84[PopupWindow:dc9b197]: Received frameDrawingCallback syncResult=0 frameNum=2.
04-06 10:54:20.206  4597  4699 I ViewRootImpl@4c6cf84[PopupWindow:dc9b197]: Setting up sync and frameCommitCallback
04-06 10:54:20.206  4597  4672 I ViewRootImpl@4c6cf84[PopupWindow:dc9b197]: Received frameCommittedCallback lastAttemptedDrawFrameNum=2 didProduceBuffer=true
04-06 10:54:20.207  4597  4597 I ViewRootImpl@4c6cf84[PopupWindow:dc9b197]: onSyncComplete
04-06 10:54:20.207  4597  4597 I ViewRootImpl@4c6cf84[PopupWindow:dc9b197]: setupSync seqId=0 mSyncId=1 fn=2 caller=android.view.ViewRootImpl$$ExternalSyntheticLambda11.accept:6 android.window.SurfaceSyncer.lambda$setupSync$1$android-window-SurfaceSyncer:128 android.window.SurfaceSyncer$$ExternalSyntheticLambda1.accept:8 android.window.SurfaceSyncer$SyncSet.checkIfSyncIsComplete:382 android.window.SurfaceSyncer$SyncSet.markSyncReady:359 android.window.SurfaceSyncer.markSyncReady:151 android.view.ViewRootImpl.performTraversals:4503 
04-06 10:54:20.209  4597  4597 I ViewRootImpl@4c6cf84[PopupWindow:dc9b197]: reportDrawFinished seqId=0 mSyncId=-1 fn=2 mSurfaceChangedTransaction=0xb400007002816500
04-06 10:54:20.214  4597  4597 W OnBackInvokedCallback: OnBackInvokedCallback is not enabled for the application.
04-06 10:54:20.214  4597  4597 W OnBackInvokedCallback: Set 'android:enableOnBackInvokedCallback="true"' in the application manifest.
04-06 10:54:20.215  4597  4597 D InsetsController: show(ime(), fromIme=true)
04-06 10:54:20.218  4597  4597 D InsetsController: show(ime(), fromIme=true)
04-06 10:54:20.235  4597  4597 D InsetsController: show(ime(), fromIme=true)
04-06 10:54:20.597  4597  4643 I DetoxWSClient: Sending out action 'invokeResult' (ID #8)
04-06 10:54:20.597  4597  4643 I DetoxDispatcher: Done with action 'invoke'
04-06 10:54:20.602  4597  4647 D DetoxWSClient: Received action 'invoke' (ID #9, params={"target":{"type":"Class","value":"com.wix.detox.espresso.EspressoDetox"},"method":"perform","args":[{"type":"Invocation","value":{"target":{"type":"Class","value":"com.wix.detox.espresso.DetoxMatcher"},"method":"matcherForTestId","args":["input-peso-meta",{"type":"boolean","value":false}]}},{"type":"Invocation","value":{"target":{"type":"Class","value":"androidx.test.espresso.action.ViewActions"},"method":"clearText","args":[]}}]})
04-06 10:54:20.602  4597  4643 I DetoxDispatcher: Handling action 'invoke' (ID #9)...
04-06 10:54:20.603  4597  4643 D Detox   : class com.wix.detox.espresso.DetoxMatcher, matcherForTestId, [input-peso-meta, false]
04-06 10:54:20.603  4597  4643 D Detox   : class androidx.test.espresso.action.ViewActions, clearText, []
04-06 10:54:20.604  4597  4643 D Detox   : class com.wix.detox.espresso.EspressoDetox, perform, [(view.getTag() is "input-peso-meta" and view has effective visibility <VISIBLE>), androidx.test.espresso.action.ReplaceTextAction@8c2eec6]
04-06 10:54:20.610  4597  4597 I ViewInteraction: Performing 'replace text()' action on view (view.getTag() is "input-peso-meta" and view has effective visibility <VISIBLE>)
04-06 10:54:20.620  4597  4643 I DetoxWSClient: Sending out action 'invokeResult' (ID #9)
04-06 10:54:20.620  4597  4643 I DetoxDispatcher: Done with action 'invoke'
04-06 10:54:20.628  4597  4597 D InputMethodManager: startInputInner - Id : 0
04-06 10:54:20.628  4597  4597 I InputMethodManager: startInputInner - mService.startInputOrWindowGainedFocus
04-06 10:54:20.634  4597  4647 D DetoxWSClient: Received action 'invoke' (ID #10, params={"target":{"type":"Class","value":"com.wix.detox.espresso.EspressoDetox"},"method":"perform","args":[{"type":"Invocation","value":{"target":{"type":"Class","value":"com.wix.detox.espresso.DetoxMatcher"},"method":"matcherForTestId","args":["input-peso-meta",{"type":"boolean","value":false}]}},{"type":"Invocation","value":{"target":{"type":"Class","value":"androidx.test.espresso.action.ViewActions"},"method":"replaceText","args":["77"]}}]})
04-06 10:54:20.634  4597  4643 I DetoxDispatcher: Handling action 'invoke' (ID #10)...
04-06 10:54:20.636  4597  4643 D Detox   : class com.wix.detox.espresso.DetoxMatcher, matcherForTestId, [input-peso-meta, false]
04-06 10:54:20.636  4597  4643 D Detox   : class androidx.test.espresso.action.ViewActions, replaceText, [77]
04-06 10:54:20.636  4597  4643 D Detox   : class com.wix.detox.espresso.EspressoDetox, perform, [(view.getTag() is "input-peso-meta" and view has effective visibility <VISIBLE>), androidx.test.espresso.action.ReplaceTextAction@5d0ef95]
04-06 10:54:20.658  4597  4597 D InputMethodManager: startInputInner - Id : 0
04-06 10:54:20.658  4597  4597 I InputMethodManager: startInputInner - mService.startInputOrWindowGainedFocus
04-06 10:54:20.661  4597  4597 D InsetsController: show(ime(), fromIme=true)
04-06 10:54:20.662  4597  4597 I ViewInteraction: Performing 'replace text(77)' action on view (view.getTag() is "input-peso-meta" and view has effective visibility <VISIBLE>)
04-06 10:54:20.666  4597  4643 I DetoxWSClient: Sending out action 'invokeResult' (ID #10)
04-06 10:54:20.667  4597  4643 I DetoxDispatcher: Done with action 'invoke'
04-06 10:54:20.673  4597  4597 D InputMethodManager: startInputInner - Id : 0
04-06 10:54:20.673  4597  4647 D DetoxWSClient: Received action 'invoke' (ID #11, params={"target":{"type":"Class","value":"com.wix.detox.espresso.DetoxAssertion"},"method":"assertMatcher","args":[{"type":"Invocation","value":{"target":{"type":"Class","value":"androidx.test.espresso.Espresso"},"method":"onView","args":[{"type":"Invocation","value":{"target":{"type":"Class","value":"com.wix.detox.espresso.DetoxMatcher"},"method":"matcherForTestId","args":["input-peso-meta",{"type":"boolean","value":false}]}}]}},{"type":"Invocation","value":{"target":{"type":"Class","value":"com.wix.detox.espresso.DetoxMatcher"},"method":"matcherForText","args":["77",{"type":"boolean","value":false}]}}]})
04-06 10:54:20.673  4597  4597 I InputMethodManager: startInputInner - mService.startInputOrWindowGainedFocus
04-06 10:54:20.674  4597  4643 I DetoxDispatcher: Handling action 'invoke' (ID #11)...
04-06 10:54:20.674  4597  4643 D Detox   : class com.wix.detox.espresso.DetoxMatcher, matcherForTestId, [input-peso-meta, false]
04-06 10:54:20.674  4597  4643 D Detox   : class androidx.test.espresso.Espresso, onView, [(view.getTag() is "input-peso-meta" and view has effective visibility <VISIBLE>)]
04-06 10:54:20.675  4597  4643 D Detox   : class com.wix.detox.espresso.DetoxMatcher, matcherForText, [77, false]
04-06 10:54:20.675  4597  4643 D Detox   : class com.wix.detox.espresso.DetoxAssertion, assertMatcher, [androidx.test.espresso.ViewInteraction@32b3380, (an instance of android.widget.TextView and view.getText() with or without transformation to match: is "77" and view has effective visibility <VISIBLE>)]
04-06 10:54:20.687  4597  4597 D InsetsController: show(ime(), fromIme=true)
04-06 10:54:20.708  4597  4597 D InsetsController: show(ime(), fromIme=true)
04-06 10:54:20.709  4597  4597 I ViewInteraction: Checking 'MatchesViewAssertion(Detox){viewMatcher=(an instance of android.widget.TextView and view.getText() with or without transformation to match: is "77" and view has effective visibility <VISIBLE>)}' assertion on view (view.getTag() is "input-peso-meta" and view has effective visibility <VISIBLE>)
04-06 10:54:20.712  4597  4643 I DetoxWSClient: Sending out action 'invokeResult' (ID #11)
04-06 10:54:20.712  4597  4643 I DetoxDispatcher: Done with action 'invoke'
04-06 10:54:20.717  4597  4647 D DetoxWSClient: Received action 'invoke' (ID #12, params={"target":{"type":"Class","value":"com.wix.detox.espresso.EspressoDetox"},"method":"perform","args":[{"type":"Invocation","value":{"target":{"type":"Class","value":"com.wix.detox.espresso.DetoxMatcher"},"method":"matcherForTestId","args":["input-altura",{"type":"boolean","value":false}]}},{"type":"Invocation","value":{"target":{"type":"Class","value":"com.wix.detox.espresso.DetoxViewActions"},"method":"click","args":[]}}]})
04-06 10:54:20.719  4597  4643 I DetoxDispatcher: Handling action 'invoke' (ID #12)...
04-06 10:54:20.719  4597  4643 D Detox   : class com.wix.detox.espresso.DetoxMatcher, matcherForTestId, [input-altura, false]
04-06 10:54:20.719  4597  4643 D Detox   : class com.wix.detox.espresso.DetoxViewActions, click, []
04-06 10:54:20.720  4597  4643 D Detox   : class com.wix.detox.espresso.EspressoDetox, perform, [(view.getTag() is "input-altura" and view has effective visibility <VISIBLE>), com.wix.detox.espresso.action.RNClickAction@9327cb0]
04-06 10:54:20.722  4597  4597 I ViewInteraction: Performing 'com.wix.detox.espresso.action.detoxsingletap@c9ce729 click' action on view (view.getTag() is "input-altura" and view has effective visibility <VISIBLE>)
04-06 10:54:20.737  4597  4672 D OpenGLRenderer: setSurface called with nullptr
04-06 10:54:20.737  4597  4672 D OpenGLRenderer: setSurface() destroyed EGLSurface
04-06 10:54:20.737  4597  4672 D OpenGLRenderer: destroyEglSurface
04-06 10:54:20.738  4597  4597 I ViewRootImpl@72ff2b5[PopupWindow:fb8eec]: dispatchDetachedFromWindow
04-06 10:54:20.741  4597  4597 D InputTransport: Input channel destroyed: 'f45a81e', fd=153
04-06 10:54:20.742  4597  4672 D OpenGLRenderer: setSurface called with nullptr
04-06 10:54:20.742  4597  4672 D OpenGLRenderer: setSurface() destroyed EGLSurface
04-06 10:54:20.742  4597  4672 D OpenGLRenderer: destroyEglSurface
04-06 10:54:20.743  4597  4597 I ViewRootImpl@4c6cf84[PopupWindow:dc9b197]: dispatchDetachedFromWindow
04-06 10:54:20.747  4597  4597 D InputTransport: Input channel destroyed: 'd20282a', fd=157
04-06 10:54:20.757  4597  4597 I ViewRootImpl@914008f[MainActivity]: ViewPostIme key 0
04-06 10:54:20.766  4597  4597 I ViewRootImpl@914008f[MainActivity]: ViewPostIme key 1
04-06 10:54:21.189  4597  4643 I DetoxWSClient: Sending out action 'invokeResult' (ID #12)
04-06 10:54:21.189  4597  4643 I DetoxDispatcher: Done with action 'invoke'
04-06 10:54:21.194  4597  4647 D DetoxWSClient: Received action 'invoke' (ID #13, params={"target":{"type":"Class","value":"com.wix.detox.espresso.EspressoDetox"},"method":"perform","args":[{"type":"Invocation","value":{"target":{"type":"Class","value":"com.wix.detox.espresso.DetoxMatcher"},"method":"matcherForTestId","args":["input-altura",{"type":"boolean","value":false}]}},{"type":"Invocation","value":{"target":{"type":"Class","value":"androidx.test.espresso.action.ViewActions"},"method":"clearText","args":[]}}]})
04-06 10:54:21.194  4597  4643 I DetoxDispatcher: Handling action 'invoke' (ID #13)...
04-06 10:54:21.195  4597  4643 D Detox   : class com.wix.detox.espresso.DetoxMatcher, matcherForTestId, [input-altura, false]
04-06 10:54:21.195  4597  4643 D Detox   : class androidx.test.espresso.action.ViewActions, clearText, []
04-06 10:54:21.196  4597  4643 D Detox   : class com.wix.detox.espresso.EspressoDetox, perform, [(view.getTag() is "input-altura" and view has effective visibility <VISIBLE>), androidx.test.espresso.action.ReplaceTextAction@691be0d]
04-06 10:54:21.202  4597  4597 I ViewInteraction: Performing 'replace text()' action on view (view.getTag() is "input-altura" and view has effective visibility <VISIBLE>)
04-06 10:54:21.212  4597  4643 I DetoxWSClient: Sending out action 'invokeResult' (ID #13)
04-06 10:54:21.212  4597  4643 I DetoxDispatcher: Done with action 'invoke'
04-06 10:54:21.219  4597  4647 D DetoxWSClient: Received action 'invoke' (ID #14, params={"target":{"type":"Class","value":"com.wix.detox.espresso.EspressoDetox"},"method":"perform","args":[{"type":"Invocation","value":{"target":{"type":"Class","value":"com.wix.detox.espresso.DetoxMatcher"},"method":"matcherForTestId","args":["input-altura",{"type":"boolean","value":false}]}},{"type":"Invocation","value":{"target":{"type":"Class","value":"androidx.test.espresso.action.ViewActions"},"method":"replaceText","args":["178"]}}]})
04-06 10:54:21.220  4597  4643 I DetoxDispatcher: Handling action 'invoke' (ID #14)...
04-06 10:54:21.220  4597  4643 D Detox   : class com.wix.detox.espresso.DetoxMatcher, matcherForTestId, [input-altura, false]
04-06 10:54:21.220  4597  4643 D Detox   : class androidx.test.espresso.action.ViewActions, replaceText, [178]
04-06 10:54:21.221  4597  4643 D Detox   : class com.wix.detox.espresso.EspressoDetox, perform, [(view.getTag() is "input-altura" and view has effective visibility <VISIBLE>), androidx.test.espresso.action.ReplaceTextAction@50df24b]
04-06 10:54:21.252  4597  4597 I ViewInteraction: Performing 'replace text(178)' action on view (view.getTag() is "input-altura" and view has effective visibility <VISIBLE>)
04-06 10:54:21.258  4597  4643 I DetoxWSClient: Sending out action 'invokeResult' (ID #14)
04-06 10:54:21.258  4597  4643 I DetoxDispatcher: Done with action 'invoke'
04-06 10:54:21.262  4597  4647 D DetoxWSClient: Received action 'invoke' (ID #15, params={"target":{"type":"Class","value":"com.wix.detox.espresso.DetoxAssertion"},"method":"assertMatcher","args":[{"type":"Invocation","value":{"target":{"type":"Class","value":"androidx.test.espresso.Espresso"},"method":"onView","args":[{"type":"Invocation","value":{"target":{"type":"Class","value":"com.wix.detox.espresso.DetoxMatcher"},"method":"matcherForTestId","args":["input-altura",{"type":"boolean","value":false}]}}]}},{"type":"Invocation","value":{"target":{"type":"Class","value":"com.wix.detox.espresso.DetoxMatcher"},"method":"matcherForText","args":["178",{"type":"boolean","value":false}]}}]})
04-06 10:54:21.262  4597  4643 I DetoxDispatcher: Handling action 'invoke' (ID #15)...
04-06 10:54:21.263  4597  4643 D Detox   : class com.wix.detox.espresso.DetoxMatcher, matcherForTestId, [input-altura, false]
04-06 10:54:21.263  4597  4643 D Detox   : class androidx.test.espresso.Espresso, onView, [(view.getTag() is "input-altura" and view has effective visibility <VISIBLE>)]
04-06 10:54:21.264  4597  4643 D Detox   : class com.wix.detox.espresso.DetoxMatcher, matcherForText, [178, false]
04-06 10:54:21.264  4597  4643 D Detox   : class com.wix.detox.espresso.DetoxAssertion, assertMatcher, [androidx.test.espresso.ViewInteraction@6a264e9, (an instance of android.widget.TextView and view.getText() with or without transformation to match: is "178" and view has effective visibility <VISIBLE>)]
04-06 10:54:21.316  4597  4597 I ViewInteraction: Checking 'MatchesViewAssertion(Detox){viewMatcher=(an instance of android.widget.TextView and view.getText() with or without transformation to match: is "178" and view has effective visibility <VISIBLE>)}' assertion on view (view.getTag() is "input-altura" and view has effective visibility <VISIBLE>)
04-06 10:54:21.320  4597  4643 I DetoxWSClient: Sending out action 'invokeResult' (ID #15)
04-06 10:54:21.320  4597  4643 I DetoxDispatcher: Done with action 'invoke'
04-06 10:54:21.325  4597  4647 D DetoxWSClient: Received action 'invoke' (ID #16, params={"target":{"type":"Invocation","value":{"target":{"type":"Class","value":"com.wix.detox.uiautomator.UiAutomator"},"method":"uiDevice","args":[]}},"method":"pressBack","args":[]})
04-06 10:54:21.325  4597  4643 I DetoxDispatcher: Handling action 'invoke' (ID #16)...
04-06 10:54:21.325  4597  4643 D Detox   : class com.wix.detox.uiautomator.UiAutomator, uiDevice, []
04-06 10:54:21.328  4597  4643 I UiDevice: Creating a new instance, old instance exists: false
04-06 10:54:21.344  4597  4643 D UiDevice: Setting accessibility service flags: 65618
04-06 10:54:21.986  4597  4643 D UiDevice: Pressing back button.
04-06 10:54:22.023  4597  4597 I ViewRootImpl@914008f[MainActivity]: The input has been finished in ImeInputStage.
04-06 10:54:22.034  4597  4597 I ViewRootImpl@914008f[MainActivity]: The input has been finished in ImeInputStage.
04-06 10:54:22.037  4597  4597 D InsetsController: controlAnimationUnchecked: Added types=8 animType=1 host=com.evolucao.app/com.evolucao.app.MainActivity from=android.view.InsetsController.applyAnimation:1576 android.view.InsetsController.applyAnimation:1557 android.view.InsetsController.hide:1093 
04-06 10:54:22.037  4597  4597 D InsetsSourceConsumer: setRequestedVisible: visible=false, type=19, host=com.evolucao.app/com.evolucao.app.MainActivity, from=android.view.InsetsSourceConsumer.hide:257 android.view.ImeInsetsSourceConsumer.hide:88 android.view.ImeInsetsSourceConsumer.hide:94 android.view.InsetsController.hideDirectly:1593 android.view.InsetsController.controlAnimationUnchecked:1234 android.view.InsetsController.applyAnimation:1576 android.view.InsetsController.applyAnimation:1557 android.view.InsetsController.hide:1093 android.view.ViewRootImpl$ViewRootHandler.handleMessageImpl:6765 android.view.ViewRootImpl$ViewRootHandler.handleMessage:6697 
04-06 10:54:22.054  4597  4597 D InsetsController: onStateChanged: InsetsState: {mDisplayFrame=Rect(0, 0 - 1080, 2400), mDisplayCutout=DisplayCutout{insets=Rect(0, 88 - 0, 0) waterfall=Insets{left=0, top=0, right=0, bottom=0} boundingRect={Bounds=[Rect(0, 0 - 0, 0), Rect(512, 0 - 568, 88), Rect(0, 0 - 0, 0), Rect(0, 0 - 0, 0)]} cutoutPathParserInfo={CutoutPathParserInfo{displayWidth=1080 displayHeight=2400 physicalDisplayWidth=1080 physicalDisplayHeight=2400 density={3.0} cutoutSpec={M 0,0 M 0,10.71963616907435 a 9.280363830925644,9.280363830925644 0 1,0 0,18.56072766185129 a 9.280363830925644,9.280363830925644 0 1,0 0,-18.56072766185129 Z @dp} rotation={0} scale={1.0} physicalPixelDisplaySizeRatio={1.0}}}}, mRoundedCorners=RoundedCorners{[RoundedCorner{position=TopLeft, radius=96, center=Point(96, 96)}, RoundedCorner{position=TopRight, radius=96, center=Point(984, 96)}, RoundedCorner{position=BottomRight, radius=96, center=Point(984, 2304)}, RoundedCorner{position=BottomLeft, radius=96, center=Point(96, 2304)}]}  mRoundedCornerFrame=Rect(0, 0 - 1080, 2400), mPrivacyIndicatorBounds=PrivacyIndicatorBounds {static bounds=Rect(948, 0 - 1080, 88) rotation=0}, mSources= { InsetsSource: {mType=ITYPE_STATUS_BAR, mFrame=[0,0][1080,88], mVisible=true, mInsetsRoundedCornerFrame=false}, InsetsSource: {mType=ITYPE_NAVIGATION_BAR, mFrame=[0,2256][1080,2400], mVisible=true, mInsetsRoundedCornerFrame=false}, InsetsSource: {mType=ITYPE_LEFT_GESTURES, mFrame=[0,0][0,2400], mVisible=true, mInsetsRoundedCornerFrame=false}, InsetsSource: {mType=ITYPE_RIGHT_GESTURES, mFrame=[1080,0][1080,2400], mVisible=true, mInsetsRoundedCornerFrame=false}, InsetsSource: {mType=ITYPE_TOP_MANDATORY_GESTURES, mFrame=[0,0][1080,124], mVisible=true, mInsetsRoundedCornerFrame=false}, InsetsSource: {mType=ITYPE_BOTTOM_MANDATORY_GESTURES, mFrame=[0,2256][1080,2400], mVisible=true, mInsetsRoundedCornerFrame=false}, InsetsSource: {mType=ITYPE_LEFT_DISPLAY_CUTOUT, mFrame=[0,0][-100000,2400], mVisible=true, mInsetsRoundedCornerFrame=false}, InsetsSource: {mType=ITYPE_TOP_DISPLAY_CUTOUT, mFrame=[0,0][1080,88], mVisible=true, mInsetsRoundedCornerFrame=false}, InsetsSource: {mType=ITYPE_RIGHT_DISPLAY_CUTOUT, mFrame=[100000,0][1080,2400], mVisible=true, mInsetsRoundedCornerFrame=false}, InsetsSource: {mType=ITYPE_BOTTOM_DISPLAY_CUTOUT, mFrame=[0,100000][1080,2400], mVisible=true, mInsetsRoundedCornerFrame=false}, InsetsSource: {mType=ITYPE_TOP_TAPPABLE_ELEMENT, mFrame=[0,0][1080,88], mVisible=true, mInsetsRoundedCornerFrame=false}, InsetsSource: {mType=ITYPE_BOTTOM_TAPPABLE_ELEMENT, mFrame=[0,2256][1080,2400], mVisible=true, mInsetsRoundedCornerFrame=false}, InsetsSource: {mType=ITYPE_IME, mFrame=[0,1374][1080,2400], mVisibleFrame=[0,1374][1080,2400], mVisible=false, mInsetsRoundedCornerFrame=false} } host=com.evolucao.app/com.evolucao.app.MainActivity from=android.view.ViewRootImpl$ViewRootHandler.handleMessageImpl:6740
04-06 10:54:22.054  4597  4615 I ViewRootImpl@914008f[MainActivity]: Resizing android.view.ViewRootImpl@685f108: frame = [0,0][1080,2400] reportDraw = false forceLayout = false syncSeqId = 0
04-06 10:54:22.055  4597  4597 I ViewRootImpl@914008f[MainActivity]: handleResized, msg = 4 frames=ClientWindowFrames{frame=[0,0][1080,2400] display=[0,0][1080,2400] parentFrame=[0,0][0,0] parentClippedByDisplayCutout=false} forceNextWindowRelayout=false displayId=0 resizeMode=-1 frameChanged=false displayFrameChanged=false configChanged=false displayChanged=false
04-06 10:54:22.064  4597  4643 I DetoxWSClient: Sending out action 'invokeResult' (ID #16)
04-06 10:54:22.065  4597  4643 I DetoxDispatcher: Done with action 'invoke'
