04-06 10:54:22.072  4597  4647 D DetoxWSClient: Received action 'invoke' (ID #17, params={"target":{"type":"Class","value":"com.wix.detox.espresso.DetoxAssertion"},"method":"waitForAssertMatcher","args":[{"type":"Invocation","value":{"target":{"type":"Class","value":"androidx.test.espresso.Espresso"},"method":"onView","args":[{"type":"Invocation","value":{"target":{"type":"Class","value":"com.wix.detox.espresso.DetoxMatcher"},"method":"matcherForTestId","args":["btn-continuar",{"type":"boolean","value":false}]}}]}},{"type":"Invocation","value":{"target":{"type":"Class","value":"com.wix.detox.espresso.DetoxMatcher"},"method":"matcherForSufficientlyVisible","args":[{"type":"Integer","value":75}]}},{"type":"Double","value":3}]})
04-06 10:54:22.073  4597  4643 I DetoxDispatcher: Handling action 'invoke' (ID #17)...
04-06 10:54:22.073  4597  4643 D Detox   : class com.wix.detox.espresso.DetoxMatcher, matcherForTestId, [btn-continuar, false]
04-06 10:54:22.074  4597  4643 D Detox   : class androidx.test.espresso.Espresso, onView, [(view.getTag() is "btn-continuar" and view has effective visibility <VISIBLE>)]
04-06 10:54:22.075  4597  4643 D Detox   : class com.wix.detox.espresso.DetoxMatcher, matcherForSufficientlyVisible, [75]
04-06 10:54:22.076  4597  4643 D Detox   : class com.wix.detox.espresso.DetoxAssertion, waitForAssertMatcher, [androidx.test.espresso.ViewInteraction@c844315, (view has effective visibility <VISIBLE> and view.getGlobalVisibleRect() covers at least <75> percent of the view's area), 3.0]
04-06 10:54:22.081  4597  4597 I ViewInteraction: Checking 'MatchesViewAssertion(Detox){viewMatcher=(view has effective visibility <VISIBLE> and view.getGlobalVisibleRect() covers at least <75> percent of the view's area)}' assertion on view (view.getTag() is "btn-continuar" and view has effective visibility <VISIBLE>)
04-06 10:54:22.083  4597  4643 I DetoxWSClient: Sending out action 'invokeResult' (ID #17)
04-06 10:54:22.084  4597  4643 I DetoxDispatcher: Done with action 'invoke'
04-06 10:54:22.088  4597  4647 D DetoxWSClient: Received action 'invoke' (ID #18, params={"target":{"type":"Class","value":"com.wix.detox.espresso.EspressoDetox"},"method":"perform","args":[{"type":"Invocation","value":{"target":{"type":"Class","value":"com.wix.detox.espresso.DetoxMatcher"},"method":"matcherForAtIndex","args":[{"type":"Integer","value":0},{"type":"Invocation","value":{"target":{"type":"Class","value":"com.wix.detox.espresso.DetoxMatcher"},"method":"matcherForClass","args":["com.facebook.react.views.scroll.ReactScrollView"]}}]}},{"type":"Invocation","value":{"target":{"type":"Class","value":"com.wix.detox.espresso.DetoxAction"},"method":"swipeInDirection","args":[{"type":"Integer","value":3},{"type":"boolean","value":true},{"type":"Double","value":0.25},{"type":"Double","value":null},{"type":"Double","value":null}]}}]})
04-06 10:54:22.088  4597  4643 I DetoxDispatcher: Handling action 'invoke' (ID #18)...
04-06 10:54:22.089  4597  4643 D Detox   : class com.wix.detox.espresso.DetoxMatcher, matcherForClass, [com.facebook.react.views.scroll.ReactScrollView]
04-06 10:54:22.089  4597  4643 D Detox   : class com.wix.detox.espresso.DetoxMatcher, matcherForAtIndex, [0, (is assignable from class: class com.facebook.react.views.scroll.ReactScrollView and view has effective visibility <VISIBLE>)]
04-06 10:54:22.091  4597  4643 D Detox   : class com.wix.detox.espresso.DetoxAction, swipeInDirection, [3, true, 0.25, NaN, NaN]
04-06 10:54:22.093  4597  4643 D Detox   : class com.wix.detox.espresso.EspressoDetox, perform, [View at index #0, of those matching MATCHER(is assignable from class: class com.facebook.react.views.scroll.ReactScrollView and view has effective visibility <VISIBLE>), androidx.test.espresso.action.GeneralSwipeAction@7ff262a]
04-06 10:54:22.097  4597  4597 I ViewInteraction: Performing 'fast swipe' action on view View at index #0, of those matching MATCHER(is assignable from class: class com.facebook.react.views.scroll.ReactScrollView and view has effective visibility <VISIBLE>)
04-06 10:54:22.258  4597  4597 D InsetsController: cancelAnimation of types: 8, animType: 1, host: com.evolucao.app/com.evolucao.app.MainActivity, from:android.view.InsetsController.notifyFinished:1375 android.view.InsetsAnimationThreadControlRunner$1.lambda$notifyFinished$0$android-view-InsetsAnimationThreadControlRunner$1:84 android.view.InsetsAnimationThreadControlRunner$1$$ExternalSyntheticLambda1.run:4 
04-06 10:54:22.258  4597  4597 I IMM_LC  : notifyImeHidden: mService.hideSoftInput
04-06 10:54:22.288  4597  4780 I ViewRootImpl@914008f[MainActivity]: Resizing android.view.ViewRootImpl@685f108: frame = [0,0][1080,2400] reportDraw = false forceLayout = false syncSeqId = 0
04-06 10:54:22.289  4597  4597 D InsetsController: onStateChanged: InsetsState: {mDisplayFrame=Rect(0, 0 - 1080, 2400), mDisplayCutout=DisplayCutout{insets=Rect(0, 88 - 0, 0) waterfall=Insets{left=0, top=0, right=0, bottom=0} boundingRect={Bounds=[Rect(0, 0 - 0, 0), Rect(512, 0 - 568, 88), Rect(0, 0 - 0, 0), Rect(0, 0 - 0, 0)]} cutoutPathParserInfo={CutoutPathParserInfo{displayWidth=1080 displayHeight=2400 physicalDisplayWidth=1080 physicalDisplayHeight=2400 density={3.0} cutoutSpec={M 0,0 M 0,10.71963616907435 a 9.280363830925644,9.280363830925644 0 1,0 0,18.56072766185129 a 9.280363830925644,9.280363830925644 0 1,0 0,-18.56072766185129 Z @dp} rotation={0} scale={1.0} physicalPixelDisplaySizeRatio={1.0}}}}, mRoundedCorners=RoundedCorners{[RoundedCorner{position=TopLeft, radius=96, center=Point(96, 96)}, RoundedCorner{position=TopRight, radius=96, center=Point(984, 96)}, RoundedCorner{position=BottomRight, radius=96, center=Point(984, 2304)}, RoundedCorner{position=BottomLeft, radius=96, center=Point(96, 2304)}]}  mRoundedCornerFrame=Rect(0, 0 - 1080, 2400), mPrivacyIndicatorBounds=PrivacyIndicatorBounds {static bounds=Rect(948, 0 - 1080, 88) rotation=0}, mSources= { InsetsSource: {mType=ITYPE_STATUS_BAR, mFrame=[0,0][1080,88], mVisible=true, mInsetsRoundedCornerFrame=false}, InsetsSource: {mType=ITYPE_NAVIGATION_BAR, mFrame=[0,2256][1080,2400], mVisible=true, mInsetsRoundedCornerFrame=false}, InsetsSource: {mType=ITYPE_LEFT_GESTURES, mFrame=[0,0][0,2400], mVisible=true, mInsetsRoundedCornerFrame=false}, InsetsSource: {mType=ITYPE_RIGHT_GESTURES, mFrame=[1080,0][1080,2400], mVisible=true, mInsetsRoundedCornerFrame=false}, InsetsSource: {mType=ITYPE_TOP_MANDATORY_GESTURES, mFrame=[0,0][1080,124], mVisible=true, mInsetsRoundedCornerFrame=false}, InsetsSource: {mType=ITYPE_BOTTOM_MANDATORY_GESTURES, mFrame=[0,2256][1080,2400], mVisible=true, mInsetsRoundedCornerFrame=false}, InsetsSource: {mType=ITYPE_LEFT_DISPLAY_CUTOUT, mFrame=[0,0][-100000,2400], mVisible=true, mInsetsRoundedCornerFrame=false}, InsetsSource: {mType=ITYPE_TOP_DISPLAY_CUTOUT, mFrame=[0,0][1080,88], mVisible=true, mInsetsRoundedCornerFrame=false}, InsetsSource: {mType=ITYPE_RIGHT_DISPLAY_CUTOUT, mFrame=[100000,0][1080,2400], mVisible=true, mInsetsRoundedCornerFrame=false}, InsetsSource: {mType=ITYPE_BOTTOM_DISPLAY_CUTOUT, mFrame=[0,100000][1080,2400], mVisible=true, mInsetsRoundedCornerFrame=false}, InsetsSource: {mType=ITYPE_TOP_TAPPABLE_ELEMENT, mFrame=[0,0][1080,88], mVisible=true, mInsetsRoundedCornerFrame=false}, InsetsSource: {mType=ITYPE_BOTTOM_TAPPABLE_ELEMENT, mFrame=[0,2256][1080,2400], mVisible=true, mInsetsRoundedCornerFrame=false}, InsetsSource: {mType=ITYPE_IME, mFrame=[0,0][0,0], mVisibleFrame=[0,1374][1080,2400], mVisible=false, mInsetsRoundedCornerFrame=false} } host=com.evolucao.app/com.evolucao.app.MainActivity from=android.view.ViewRootImpl$ViewRootHandler.handleMessageImpl:6727
04-06 10:54:22.290  4597  4597 I ViewRootImpl@914008f[MainActivity]: handleResized, msg = 4 frames=ClientWindowFrames{frame=[0,0][1080,2400] display=[0,0][1080,2400] parentFrame=[0,0][0,0] parentClippedByDisplayCutout=false} forceNextWindowRelayout=false displayId=0 resizeMode=-1 frameChanged=false displayFrameChanged=false configChanged=false displayChanged=false
04-06 10:54:22.338  4597  4643 I DetoxWSClient: Sending out action 'invokeResult' (ID #18)
04-06 10:54:22.338  4597  4643 I DetoxDispatcher: Done with action 'invoke'
04-06 10:54:22.343  4597  4647 D DetoxWSClient: Received action 'invoke' (ID #19, params={"target":{"type":"Class","value":"com.wix.detox.espresso.EspressoDetox"},"method":"perform","args":[{"type":"Invocation","value":{"target":{"type":"Class","value":"com.wix.detox.espresso.DetoxMatcher"},"method":"matcherForTestId","args":["btn-continuar",{"type":"boolean","value":false}]}},{"type":"Invocation","value":{"target":{"type":"Class","value":"com.wix.detox.espresso.DetoxAction"},"method":"tapAtLocation","args":[{"type":"Integer","value":30},{"type":"Integer","value":18}]}}]})
04-06 10:54:22.343  4597  4643 I DetoxDispatcher: Handling action 'invoke' (ID #19)...
04-06 10:54:22.344  4597  4643 D Detox   : class com.wix.detox.espresso.DetoxMatcher, matcherForTestId, [btn-continuar, false]
04-06 10:54:22.344  4597  4643 D Detox   : class com.wix.detox.espresso.DetoxAction, tapAtLocation, [30, 18]
04-06 10:54:22.345  4597  4643 D Detox   : class com.wix.detox.espresso.EspressoDetox, perform, [(view.getTag() is "btn-continuar" and view has effective visibility <VISIBLE>), com.wix.detox.espresso.action.RNClickAction@3c03c1b]
04-06 10:54:22.349  4597  4597 I ViewInteraction: Performing 'com.wix.detox.espresso.action.detoxsingletap@30c01b8 click' action on view (view.getTag() is "btn-continuar" and view has effective visibility <VISIBLE>)
04-06 10:54:22.355  4597  4597 I ViewRootImpl@914008f[MainActivity]: ViewPostIme pointer 0
04-06 10:54:22.385  4597  4597 I ViewRootImpl@914008f[MainActivity]: ViewPostIme pointer 1
04-06 10:54:22.474  4597  4714 I ReactNativeJS: 'match:', 'local'
04-06 10:54:22.475  4597  4714 I ReactNativeJS: 'source:', 'local', '| confidence:', 0.9
04-06 10:54:22.476  4597  4714 I ReactNativeJS: 'exercise:', 'Supino Reto Barra'
04-06 10:54:22.505  4597  4610 D InputTransport: Input channel destroyed: 'ClientS', fd=154
04-06 10:54:22.505  4597  4672 D OpenGLRenderer: setSurface called with nullptr
04-06 10:54:22.506  4597  4672 D OpenGLRenderer: setSurface called with nullptr
04-06 10:54:22.506  4597  4610 D InputTransport: Input channel destroyed: 'ClientS', fd=151
04-06 10:54:22.506  4597  4610 D InputTransport: Input channel destroyed: 'ClientS', fd=155
04-06 10:54:22.506  4597  4610 D InputTransport: Input channel destroyed: 'ClientS', fd=159
04-06 10:54:22.507  4597  4610 D InputTransport: Input channel destroyed: 'ClientS', fd=124
04-06 10:54:22.507  4597  4672 D OpenGLRenderer: setSurface called with nullptr
04-06 10:54:22.507  4597  4672 D OpenGLRenderer: setSurface called with nullptr
04-06 10:54:22.507  4597  4610 D InputTransport: Input channel destroyed: 'ClientS', fd=176
04-06 10:54:22.507  4597  4610 D InputTransport: Input channel destroyed: 'ClientS', fd=186
04-06 10:54:22.508  4597  4610 D InputTransport: Input channel destroyed: 'ClientS', fd=194
04-06 10:54:22.581  4597  4608 I om.evolucao.app: Compiler allocated 4177KB to compile void android.widget.TextView.<init>(android.content.Context, android.util.AttributeSet, int, int)
04-06 10:54:22.645  4597  4597 D ScrollView: initGoToTop
04-06 10:54:22.722  4597  4597 W [RNScreens]: backTitleFontFamily prop is not available on Android
04-06 10:54:22.722  4597  4597 W [RNScreens]: disableBackButtonMenu prop is not available on Android
04-06 10:54:22.722  4597  4597 W [RNScreens]: backTitleVisible prop is not available on Android
04-06 10:54:22.722  4597  4597 W [RNScreens]: topInsetEnabled prop is not available on Android
04-06 10:54:22.722  4597  4597 W [RNScreens]: largeTitleHideShadow prop is not available on Android
04-06 10:54:22.722  4597  4597 W [RNScreens]: largeTitleFontWeight prop is not available on Android
04-06 10:54:22.722  4597  4597 W [RNScreens]: userInterfaceStyle prop is not available on Android
04-06 10:54:22.723  4597  4597 W [RNScreens]: largeTitleFontFamily prop is not available on Android
04-06 10:54:22.734  4597  4719 D TrafficStats: tagSocket(106) with statsTag=0xffffffff, statsUid=-1
04-06 10:54:22.787  4597  4597 D InputMethodManager: startInputInner - Id : 0
04-06 10:54:22.787  4597  4597 I InputMethodManager: startInputInner - mService.startInputOrWindowGainedFocus
04-06 10:54:22.800  4597  4780 W AutofillManager: getView(1073741824): could not find view
04-06 10:54:22.800  4597  4780 W AutofillManager: getViewNodeParcelable(1073741824): could not find view
04-06 10:54:22.800  4597  4780 W AutofillManager: getView(1073741824): could not find view
04-06 10:54:22.800  4597  4780 W AutofillManager: getViewNodeParcelable(1073741824): could not find view
04-06 10:54:22.804  4597  4780 W AutofillManager: getView(1073741824): could not find view
04-06 10:54:22.804  4597  4780 W AutofillManager: getViewNodeParcelable(1073741824): could not find view
04-06 10:54:23.302  4597  4597 I IMM_LC  : closeCurrentInput: mService.hideSoftInput
04-06 10:54:23.703  4597  4643 I DetoxWSClient: Sending out action 'invokeResult' (ID #19)
04-06 10:54:23.703  4597  4643 I DetoxDispatcher: Done with action 'invoke'
04-06 10:54:23.708  4597  4647 D DetoxWSClient: Received action 'invoke' (ID #20, params={"target":{"type":"Class","value":"com.wix.detox.espresso.DetoxAssertion"},"method":"waitForAssertMatcher","args":[{"type":"Invocation","value":{"target":{"type":"Class","value":"androidx.test.espresso.Espresso"},"method":"onView","args":[{"type":"Invocation","value":{"target":{"type":"Class","value":"com.wix.detox.espresso.DetoxMatcher"},"method":"matcherForTestId","args":["tab-treino",{"type":"boolean","value":false}]}}]}},{"type":"Invocation","value":{"target":{"type":"Class","value":"com.wix.detox.espresso.DetoxMatcher"},"method":"matcherForSufficientlyVisible","args":[{"type":"Integer","value":75}]}},{"type":"Double","value":3}]})
04-06 10:54:23.709  4597  4643 I DetoxDispatcher: Handling action 'invoke' (ID #20)...
04-06 10:54:23.710  4597  4643 D Detox   : class com.wix.detox.espresso.DetoxMatcher, matcherForTestId, [tab-treino, false]
04-06 10:54:23.711  4597  4643 D Detox   : class androidx.test.espresso.Espresso, onView, [(view.getTag() is "tab-treino" and view has effective visibility <VISIBLE>)]
04-06 10:54:23.713  4597  4643 D Detox   : class com.wix.detox.espresso.DetoxMatcher, matcherForSufficientlyVisible, [75]
04-06 10:54:23.714  4597  4643 D Detox   : class com.wix.detox.espresso.DetoxAssertion, waitForAssertMatcher, [androidx.test.espresso.ViewInteraction@ee2a98f, (view has effective visibility <VISIBLE> and view.getGlobalVisibleRect() covers at least <75> percent of the view's area), 3.0]
04-06 10:54:23.723  4597  4597 I ViewInteraction: Checking 'MatchesViewAssertion(Detox){viewMatcher=(view has effective visibility <VISIBLE> and view.getGlobalVisibleRect() covers at least <75> percent of the view's area)}' assertion on view (view.getTag() is "tab-treino" and view has effective visibility <VISIBLE>)
04-06 10:54:23.731  4597  4643 I DetoxWSClient: Sending out action 'invokeResult' (ID #20)
04-06 10:54:23.731  4597  4643 I DetoxDispatcher: Done with action 'invoke'
04-06 10:54:23.736  4597  4647 D DetoxWSClient: Received action 'invoke' (ID #21, params={"target":{"type":"Class","value":"com.wix.detox.espresso.DetoxAssertion"},"method":"waitForAssertMatcher","args":[{"type":"Invocation","value":{"target":{"type":"Class","value":"androidx.test.espresso.Espresso"},"method":"onView","args":[{"type":"Invocation","value":{"target":{"type":"Class","value":"com.wix.detox.espresso.DetoxMatcher"},"method":"matcherForTestId","args":["home-ready",{"type":"boolean","value":false}]}}]}},{"type":"Invocation","value":{"target":{"type":"Class","value":"com.wix.detox.espresso.DetoxMatcher"},"method":"matcherForSufficientlyVisible","args":[{"type":"Integer","value":75}]}},{"type":"Double","value":3}]})
04-06 10:54:23.737  4597  4643 I DetoxDispatcher: Handling action 'invoke' (ID #21)...
04-06 10:54:23.738  4597  4643 D Detox   : class com.wix.detox.espresso.DetoxMatcher, matcherForTestId, [home-ready, false]
04-06 10:54:23.739  4597  4643 D Detox   : class androidx.test.espresso.Espresso, onView, [(view.getTag() is "home-ready" and view has effective visibility <VISIBLE>)]
04-06 10:54:23.740  4597  4643 D Detox   : class com.wix.detox.espresso.DetoxMatcher, matcherForSufficientlyVisible, [75]
04-06 10:54:23.741  4597  4643 D Detox   : class com.wix.detox.espresso.DetoxAssertion, waitForAssertMatcher, [androidx.test.espresso.ViewInteraction@351a825, (view has effective visibility <VISIBLE> and view.getGlobalVisibleRect() covers at least <75> percent of the view's area), 3.0]
04-06 10:54:23.749  4597  4597 I ViewInteraction: Checking 'MatchesViewAssertion(Detox){viewMatcher=(view has effective visibility <VISIBLE> and view.getGlobalVisibleRect() covers at least <75> percent of the view's area)}' assertion on view (view.getTag() is "home-ready" and view has effective visibility <VISIBLE>)
04-06 10:54:23.754  4597  4643 I DetoxWSClient: Sending out action 'invokeResult' (ID #21)
04-06 10:54:23.754  4597  4643 I DetoxDispatcher: Done with action 'invoke'
04-06 10:54:23.759  4597  4647 D DetoxWSClient: Received action 'invoke' (ID #22, params={"target":{"type":"Class","value":"com.wix.detox.espresso.DetoxAssertion"},"method":"waitForAssertMatcher","args":[{"type":"Invocation","value":{"target":{"type":"Class","value":"androidx.test.espresso.Espresso"},"method":"onView","args":[{"type":"Invocation","value":{"target":{"type":"Class","value":"com.wix.detox.espresso.DetoxMatcher"},"method":"matcherForTestId","args":["tab-treino",{"type":"boolean","value":false}]}}]}},{"type":"Invocation","value":{"target":{"type":"Class","value":"com.wix.detox.espresso.DetoxMatcher"},"method":"matcherForSufficientlyVisible","args":[{"type":"Integer","value":75}]}},{"type":"Double","value":3}]})
04-06 10:54:23.760  4597  4643 I DetoxDispatcher: Handling action 'invoke' (ID #22)...
04-06 10:54:23.761  4597  4643 D Detox   : class com.wix.detox.espresso.DetoxMatcher, matcherForTestId, [tab-treino, false]
04-06 10:54:23.761  4597  4643 D Detox   : class androidx.test.espresso.Espresso, onView, [(view.getTag() is "tab-treino" and view has effective visibility <VISIBLE>)]
04-06 10:54:23.763  4597  4643 D Detox   : class com.wix.detox.espresso.DetoxMatcher, matcherForSufficientlyVisible, [75]
04-06 10:54:23.764  4597  4643 D Detox   : class com.wix.detox.espresso.DetoxAssertion, waitForAssertMatcher, [androidx.test.espresso.ViewInteraction@ea4fab, (view has effective visibility <VISIBLE> and view.getGlobalVisibleRect() covers at least <75> percent of the view's area), 3.0]
04-06 10:54:23.771  4597  4597 I ViewInteraction: Checking 'MatchesViewAssertion(Detox){viewMatcher=(view has effective visibility <VISIBLE> and view.getGlobalVisibleRect() covers at least <75> percent of the view's area)}' assertion on view (view.getTag() is "tab-treino" and view has effective visibility <VISIBLE>)
04-06 10:54:23.776  4597  4643 I DetoxWSClient: Sending out action 'invokeResult' (ID #22)
04-06 10:54:23.776  4597  4643 I DetoxDispatcher: Done with action 'invoke'
04-06 10:54:23.781  4597  4647 D DetoxWSClient: Received action 'invoke' (ID #23, params={"target":{"type":"Class","value":"com.wix.detox.espresso.EspressoDetox"},"method":"perform","args":[{"type":"Invocation","value":{"target":{"type":"Class","value":"com.wix.detox.espresso.DetoxMatcher"},"method":"matcherForTestId","args":["tab-treino",{"type":"boolean","value":false}]}},{"type":"Invocation","value":{"target":{"type":"Class","value":"com.wix.detox.espresso.DetoxViewActions"},"method":"click","args":[]}}]})
04-06 10:54:23.781  4597  4643 I DetoxDispatcher: Handling action 'invoke' (ID #23)...
04-06 10:54:23.782  4597  4643 D Detox   : class com.wix.detox.espresso.DetoxMatcher, matcherForTestId, [tab-treino, false]
04-06 10:54:23.783  4597  4643 D Detox   : class com.wix.detox.espresso.DetoxViewActions, click, []
04-06 10:54:23.783  4597  4643 D Detox   : class com.wix.detox.espresso.EspressoDetox, perform, [(view.getTag() is "tab-treino" and view has effective visibility <VISIBLE>), com.wix.detox.espresso.action.RNClickAction@14c3608]
04-06 10:54:23.792  4597  4597 I ViewInteraction: Performing 'com.wix.detox.espresso.action.detoxsingletap@819a1a1 click' action on view (view.getTag() is "tab-treino" and view has effective visibility <VISIBLE>)
04-06 10:54:23.800  4597  4597 I ViewRootImpl@914008f[MainActivity]: ViewPostIme pointer 0
04-06 10:54:23.835  4597  4597 I ViewRootImpl@914008f[MainActivity]: ViewPostIme pointer 1
04-06 10:54:23.899  4597  4714 I ReactNativeJS: 'match:', 'local-cache'
04-06 10:54:23.900  4597  4714 I ReactNativeJS: 'recommendation:', 'push', '| confidence:', 'alta'
04-06 10:54:23.968  4597  4597 D ScrollView: initGoToTop
04-06 10:54:24.502  4597  4643 I DetoxWSClient: Sending out action 'invokeResult' (ID #23)
04-06 10:54:24.502  4597  4643 I DetoxDispatcher: Done with action 'invoke'
04-06 10:54:24.507  4597  4647 D DetoxWSClient: Received action 'invoke' (ID #24, params={"target":{"type":"Class","value":"com.wix.detox.espresso.DetoxAssertion"},"method":"waitForAssertMatcher","args":[{"type":"Invocation","value":{"target":{"type":"Class","value":"androidx.test.espresso.Espresso"},"method":"onView","args":[{"type":"Invocation","value":{"target":{"type":"Class","value":"com.wix.detox.espresso.DetoxMatcher"},"method":"matcherForTestId","args":["btn-iniciar-treino",{"type":"boolean","value":false}]}}]}},{"type":"Invocation","value":{"target":{"type":"Class","value":"com.wix.detox.espresso.DetoxMatcher"},"method":"matcherForSufficientlyVisible","args":[{"type":"Integer","value":75}]}},{"type":"Double","value":3}]})
04-06 10:54:24.508  4597  4643 I DetoxDispatcher: Handling action 'invoke' (ID #24)...
04-06 10:54:24.508  4597  4643 D Detox   : class com.wix.detox.espresso.DetoxMatcher, matcherForTestId, [btn-iniciar-treino, false]
04-06 10:54:24.509  4597  4643 D Detox   : class androidx.test.espresso.Espresso, onView, [(view.getTag() is "btn-iniciar-treino" and view has effective visibility <VISIBLE>)]
04-06 10:54:24.510  4597  4643 D Detox   : class com.wix.detox.espresso.DetoxMatcher, matcherForSufficientlyVisible, [75]
04-06 10:54:24.511  4597  4643 D Detox   : class com.wix.detox.espresso.DetoxAssertion, waitForAssertMatcher, [androidx.test.espresso.ViewInteraction@567c5df, (view has effective visibility <VISIBLE> and view.getGlobalVisibleRect() covers at least <75> percent of the view's area), 3.0]
04-06 10:54:24.516  4597  4597 I ViewInteraction: Checking 'MatchesViewAssertion(Detox){viewMatcher=(view has effective visibility <VISIBLE> and view.getGlobalVisibleRect() covers at least <75> percent of the view's area)}' assertion on view (view.getTag() is "btn-iniciar-treino" and view has effective visibility <VISIBLE>)
04-06 10:54:24.520  4597  4643 I DetoxWSClient: Sending out action 'invokeResult' (ID #24)
04-06 10:54:24.520  4597  4643 I DetoxDispatcher: Done with action 'invoke'
04-06 10:54:24.524  4597  4647 D DetoxWSClient: Received action 'invoke' (ID #25, params={"target":{"type":"Class","value":"com.wix.detox.espresso.EspressoDetox"},"method":"perform","args":[{"type":"Invocation","value":{"target":{"type":"Class","value":"com.wix.detox.espresso.DetoxMatcher"},"method":"matcherForTestId","args":["btn-iniciar-treino",{"type":"boolean","value":false}]}},{"type":"Invocation","value":{"target":{"type":"Class","value":"com.wix.detox.espresso.DetoxViewActions"},"method":"click","args":[]}}]})
04-06 10:54:24.525  4597  4643 I DetoxDispatcher: Handling action 'invoke' (ID #25)...
04-06 10:54:24.525  4597  4643 D Detox   : class com.wix.detox.espresso.DetoxMatcher, matcherForTestId, [btn-iniciar-treino, false]
04-06 10:54:24.526  4597  4643 D Detox   : class com.wix.detox.espresso.DetoxViewActions, click, []
04-06 10:54:24.526  4597  4643 D Detox   : class com.wix.detox.espresso.EspressoDetox, perform, [(view.getTag() is "btn-iniciar-treino" and view has effective visibility <VISIBLE>), com.wix.detox.espresso.action.RNClickAction@d9264f5]
04-06 10:54:24.532  4597  4597 I ViewInteraction: Performing 'com.wix.detox.espresso.action.detoxsingletap@c95d28a click' action on view (view.getTag() is "btn-iniciar-treino" and view has effective visibility <VISIBLE>)
04-06 10:54:24.538  4597  4597 I ViewRootImpl@914008f[MainActivity]: ViewPostIme pointer 0
04-06 10:54:24.567  4597  4597 I ViewRootImpl@914008f[MainActivity]: ViewPostIme pointer 1
04-06 10:54:24.693  4597  4597 W [RNScreens]: backTitleFontFamily prop is not available on Android
04-06 10:54:24.693  4597  4597 W [RNScreens]: disableBackButtonMenu prop is not available on Android
04-06 10:54:24.693  4597  4597 W [RNScreens]: backTitleVisible prop is not available on Android
04-06 10:54:24.693  4597  4597 W [RNScreens]: topInsetEnabled prop is not available on Android
04-06 10:54:24.693  4597  4597 W [RNScreens]: largeTitleHideShadow prop is not available on Android
04-06 10:54:24.693  4597  4597 W [RNScreens]: largeTitleFontWeight prop is not available on Android
04-06 10:54:24.694  4597  4597 W [RNScreens]: userInterfaceStyle prop is not available on Android
04-06 10:54:24.694  4597  4597 W [RNScreens]: largeTitleFontFamily prop is not available on Android
04-06 10:54:24.699  4597  4714 I ReactNativeJS: 'match:', 'local-cache'
04-06 10:54:24.699  4597  4714 I ReactNativeJS: 'recommendation:', 'push', '| confidence:', 'alta'
04-06 10:54:24.738  4597  4714 I ReactNativeJS: 'match:', 'local-cache'
04-06 10:54:24.738  4597  4714 I ReactNativeJS: 'recommendation:', 'push', '| confidence:', 'alta'
04-06 10:54:24.862  4597  4610 D InputTransport: Input channel destroyed: 'ClientS', fd=173
04-06 10:54:25.475  4597  4597 W UiControllerImpl: Waiting for: DYNAMIC_TASKS_HAVE_IDLED for 200 iterations.
04-06 10:54:25.984  4597  4597 W om.evolucao.app: Accessing hidden field Landroid/widget/HorizontalScrollView;->mScroller:Landroid/widget/OverScroller; (unsupported, reflection, allowed)
04-06 10:54:26.006  4597  4597 D ScrollView: initGoToTop
04-06 10:54:27.188  4597  4643 I DetoxWSClient: Sending out action 'invokeResult' (ID #25)
04-06 10:54:27.189  4597  4643 I DetoxDispatcher: Done with action 'invoke'
04-06 10:54:27.195  4597  4647 D DetoxWSClient: Received action 'invoke' (ID #26, params={"target":{"type":"Class","value":"com.wix.detox.espresso.DetoxAssertion"},"method":"waitForAssertMatcher","args":[{"type":"Invocation","value":{"target":{"type":"Class","value":"androidx.test.espresso.Espresso"},"method":"onView","args":[{"type":"Invocation","value":{"target":{"type":"Class","value":"com.wix.detox.espresso.DetoxMatcher"},"method":"matcherForTestId","args":["input-peso",{"type":"boolean","value":false}]}}]}},{"type":"Invocation","value":{"target":{"type":"Class","value":"com.wix.detox.espresso.DetoxMatcher"},"method":"matcherForSufficientlyVisible","args":[{"type":"Integer","value":75}]}},{"type":"Double","value":3}]})
04-06 10:54:27.195  4597  4643 I DetoxDispatcher: Handling action 'invoke' (ID #26)...
04-06 10:54:27.196  4597  4643 D Detox   : class com.wix.detox.espresso.DetoxMatcher, matcherForTestId, [input-peso, false]
04-06 10:54:27.196  4597  4643 D Detox   : class androidx.test.espresso.Espresso, onView, [(view.getTag() is "input-peso" and view has effective visibility <VISIBLE>)]
04-06 10:54:27.198  4597  4643 D Detox   : class com.wix.detox.espresso.DetoxMatcher, matcherForSufficientlyVisible, [75]
04-06 10:54:27.198  4597  4643 D Detox   : class com.wix.detox.espresso.DetoxAssertion, waitForAssertMatcher, [androidx.test.espresso.ViewInteraction@861a13e, (view has effective visibility <VISIBLE> and view.getGlobalVisibleRect() covers at least <75> percent of the view's area), 3.0]
04-06 10:54:27.205  4597  4597 I ViewInteraction: Checking 'MatchesViewAssertion(Detox){viewMatcher=(view has effective visibility <VISIBLE> and view.getGlobalVisibleRect() covers at least <75> percent of the view's area)}' assertion on view (view.getTag() is "input-peso" and view has effective visibility <VISIBLE>)
04-06 10:54:27.228  4597  4643 I DetoxWSClient: Sending out action 'invokeResult' (ID #26)
04-06 10:54:27.229  4597  4643 I DetoxDispatcher: Done with action 'invoke'
04-06 10:54:27.232  4597  4647 D DetoxWSClient: Received action 'invoke' (ID #27, params={"target":{"type":"Class","value":"com.wix.detox.espresso.DetoxAssertion"},"method":"waitForAssertMatcher","args":[{"type":"Invocation","value":{"target":{"type":"Class","value":"androidx.test.espresso.Espresso"},"method":"onView","args":[{"type":"Invocation","value":{"target":{"type":"Class","value":"com.wix.detox.espresso.DetoxMatcher"},"method":"matcherForTestId","args":["input-reps",{"type":"boolean","value":false}]}}]}},{"type":"Invocation","value":{"target":{"type":"Class","value":"com.wix.detox.espresso.DetoxMatcher"},"method":"matcherForSufficientlyVisible","args":[{"type":"Integer","value":75}]}},{"type":"Double","value":3}]})
04-06 10:54:27.233  4597  4643 I DetoxDispatcher: Handling action 'invoke' (ID #27)...
04-06 10:54:27.233  4597  4643 D Detox   : class com.wix.detox.espresso.DetoxMatcher, matcherForTestId, [input-reps, false]
04-06 10:54:27.233  4597  4643 D Detox   : class androidx.test.espresso.Espresso, onView, [(view.getTag() is "input-reps" and view has effective visibility <VISIBLE>)]
04-06 10:54:27.234  4597  4643 D Detox   : class com.wix.detox.espresso.DetoxMatcher, matcherForSufficientlyVisible, [75]
04-06 10:54:27.234  4597  4643 D Detox   : class com.wix.detox.espresso.DetoxAssertion, waitForAssertMatcher, [androidx.test.espresso.ViewInteraction@3f971bb, (view has effective visibility <VISIBLE> and view.getGlobalVisibleRect() covers at least <75> percent of the view's area), 3.0]
04-06 10:54:27.238  4597  4597 I ViewInteraction: Checking 'MatchesViewAssertion(Detox){viewMatcher=(view has effective visibility <VISIBLE> and view.getGlobalVisibleRect() covers at least <75> percent of the view's area)}' assertion on view (view.getTag() is "input-reps" and view has effective visibility <VISIBLE>)
04-06 10:54:27.254  4597  4643 I DetoxWSClient: Sending out action 'invokeResult' (ID #27)
04-06 10:54:27.254  4597  4643 I DetoxDispatcher: Done with action 'invoke'
04-06 10:54:27.258  4597  4647 D DetoxWSClient: Received action 'invoke' (ID #28, params={"target":{"type":"Class","value":"com.wix.detox.espresso.EspressoDetox"},"method":"perform","args":[{"type":"Invocation","value":{"target":{"type":"Class","value":"com.wix.detox.espresso.DetoxMatcher"},"method":"matcherForTestId","args":["input-peso",{"type":"boolean","value":false}]}},{"type":"Invocation","value":{"target":{"type":"Class","value":"com.wix.detox.espresso.DetoxViewActions"},"method":"click","args":[]}}]})
04-06 10:54:27.258  4597  4643 I DetoxDispatcher: Handling action 'invoke' (ID #28)...
04-06 10:54:27.258  4597  4643 D Detox   : class com.wix.detox.espresso.DetoxMatcher, matcherForTestId, [input-peso, false]
04-06 10:54:27.258  4597  4643 D Detox   : class com.wix.detox.espresso.DetoxViewActions, click, []
04-06 10:54:27.259  4597  4643 D Detox   : class com.wix.detox.espresso.EspressoDetox, perform, [(view.getTag() is "input-peso" and view has effective visibility <VISIBLE>), com.wix.detox.espresso.action.RNClickAction@1ec3a31]
04-06 10:54:27.263  4597  4597 I ViewInteraction: Performing 'com.wix.detox.espresso.action.detoxsingletap@e35e516 click' action on view (view.getTag() is "input-peso" and view has effective visibility <VISIBLE>)
04-06 10:54:27.277  4597  4597 I ViewRootImpl@914008f[MainActivity]: ViewPostIme pointer 0
04-06 10:54:27.310  4597  4597 I ViewRootImpl@914008f[MainActivity]: ViewPostIme pointer 1
04-06 10:54:27.326  4597  4597 D InputMethodManager: startInputInner - Id : 0
04-06 10:54:27.326  4597  4597 I InputMethodManager: startInputInner - mService.startInputOrWindowGainedFocus
04-06 10:54:27.329  4597  4597 I IMM_LC  : showSoftInput(View,I)
04-06 10:54:27.329  4597  4597 I IMM_LC  : ssi() - flag : 0 view : com.evolucao.app reason = SHOW_SOFT_INPUT
04-06 10:54:27.342  4597  4672 D NativeCustomFrequencyManager: [NativeCFMS] BpCustomFrequencyManager::BpCustomFrequencyManager()
04-06 10:54:27.346  4597  4597 D InsetsController: onStateChanged: InsetsState: {mDisplayFrame=Rect(0, 0 - 1080, 2400), mDisplayCutout=DisplayCutout{insets=Rect(0, 88 - 0, 0) waterfall=Insets{left=0, top=0, right=0, bottom=0} boundingRect={Bounds=[Rect(0, 0 - 0, 0), Rect(512, 0 - 568, 88), Rect(0, 0 - 0, 0), Rect(0, 0 - 0, 0)]} cutoutPathParserInfo={CutoutPathParserInfo{displayWidth=1080 displayHeight=2400 physicalDisplayWidth=1080 physicalDisplayHeight=2400 density={3.0} cutoutSpec={M 0,0 M 0,10.71963616907435 a 9.280363830925644,9.280363830925644 0 1,0 0,18.56072766185129 a 9.280363830925644,9.280363830925644 0 1,0 0,-18.56072766185129 Z @dp} rotation={0} scale={1.0} physicalPixelDisplaySizeRatio={1.0}}}}, mRoundedCorners=RoundedCorners{[RoundedCorner{position=TopLeft, radius=96, center=Point(96, 96)}, RoundedCorner{position=TopRight, radius=96, center=Point(984, 96)}, RoundedCorner{position=BottomRight, radius=96, center=Point(984, 2304)}, RoundedCorner{position=BottomLeft, radius=96, center=Point(96, 2304)}]}  mRoundedCornerFrame=Rect(0, 0 - 1080, 2400), mPrivacyIndicatorBounds=PrivacyIndicatorBounds {static bounds=Rect(948, 0 - 1080, 88) rotation=0}, mSources= { InsetsSource: {mType=ITYPE_STATUS_BAR, mFrame=[0,0][1080,88], mVisible=true, mInsetsRoundedCornerFrame=false}, InsetsSource: {mType=ITYPE_NAVIGATION_BAR, mFrame=[0,2256][1080,2400], mVisible=true, mInsetsRoundedCornerFrame=false}, InsetsSource: {mType=ITYPE_LEFT_GESTURES, mFrame=[0,0][0,2400], mVisible=true, mInsetsRoundedCornerFrame=false}, InsetsSource: {mType=ITYPE_RIGHT_GESTURES, mFrame=[1080,0][1080,2400], mVisible=true, mInsetsRoundedCornerFrame=false}, InsetsSource: {mType=ITYPE_TOP_MANDATORY_GESTURES, mFrame=[0,0][1080,124], mVisible=true, mInsetsRoundedCornerFrame=false}, InsetsSource: {mType=ITYPE_BOTTOM_MANDATORY_GESTURES, mFrame=[0,2256][1080,2400], mVisible=true, mInsetsRoundedCornerFrame=false}, InsetsSource: {mType=ITYPE_LEFT_DISPLAY_CUTOUT, mFrame=[0,0][-100000,2400], mVisible=true, mInsetsRoundedCornerFrame=false}, InsetsSource: {mType=ITYPE_TOP_DISPLAY_CUTOUT, mFrame=[0,0][1080,88], mVisible=true, mInsetsRoundedCornerFrame=false}, InsetsSource: {mType=ITYPE_RIGHT_DISPLAY_CUTOUT, mFrame=[100000,0][1080,2400], mVisible=true, mInsetsRoundedCornerFrame=false}, InsetsSource: {mType=ITYPE_BOTTOM_DISPLAY_CUTOUT, mFrame=[0,100000][1080,2400], mVisible=true, mInsetsRoundedCornerFrame=false}, InsetsSource: {mType=ITYPE_TOP_TAPPABLE_ELEMENT, mFrame=[0,0][1080,88], mVisible=true, mInsetsRoundedCornerFrame=false}, InsetsSource: {mType=ITYPE_BOTTOM_TAPPABLE_ELEMENT, mFrame=[0,2256][1080,2400], mVisible=true, mInsetsRoundedCornerFrame=false} } host=PopupWindow:2901825 from=android.view.ViewRootImpl.setView:1732
04-06 10:54:27.349  4597  4597 I ViewRootImpl@53bdfa[PopupWindow:2901825]: setView = android.widget.PopupWindow$PopupDecorView@70fbfc6 TM=false
04-06 10:54:27.352  4597  4672 D NativeCustomFrequencyManager: [NativeCFMS] BpCustomFrequencyManager::BpCustomFrequencyManager()
04-06 10:54:27.355  4597  4597 D InsetsController: onStateChanged: InsetsState: {mDisplayFrame=Rect(0, 0 - 1080, 2400), mDisplayCutout=DisplayCutout{insets=Rect(0, 88 - 0, 0) waterfall=Insets{left=0, top=0, right=0, bottom=0} boundingRect={Bounds=[Rect(0, 0 - 0, 0), Rect(512, 0 - 568, 88), Rect(0, 0 - 0, 0), Rect(0, 0 - 0, 0)]} cutoutPathParserInfo={CutoutPathParserInfo{displayWidth=1080 displayHeight=2400 physicalDisplayWidth=1080 physicalDisplayHeight=2400 density={3.0} cutoutSpec={M 0,0 M 0,10.71963616907435 a 9.280363830925644,9.280363830925644 0 1,0 0,18.56072766185129 a 9.280363830925644,9.280363830925644 0 1,0 0,-18.56072766185129 Z @dp} rotation={0} scale={1.0} physicalPixelDisplaySizeRatio={1.0}}}}, mRoundedCorners=RoundedCorners{[RoundedCorner{position=TopLeft, radius=96, center=Point(96, 96)}, RoundedCorner{position=TopRight, radius=96, center=Point(984, 96)}, RoundedCorner{position=BottomRight, radius=96, center=Point(984, 2304)}, RoundedCorner{position=BottomLeft, radius=96, center=Point(96, 2304)}]}  mRoundedCornerFrame=Rect(0, 0 - 1080, 2400), mPrivacyIndicatorBounds=PrivacyIndicatorBounds {static bounds=Rect(948, 0 - 1080, 88) rotation=0}, mSources= { InsetsSource: {mType=ITYPE_STATUS_BAR, mFrame=[0,0][1080,88], mVisible=true, mInsetsRoundedCornerFrame=false}, InsetsSource: {mType=ITYPE_NAVIGATION_BAR, mFrame=[0,2256][1080,2400], mVisible=true, mInsetsRoundedCornerFrame=false}, InsetsSource: {mType=ITYPE_LEFT_GESTURES, mFrame=[0,0][0,2400], mVisible=true, mInsetsRoundedCornerFrame=false}, InsetsSource: {mType=ITYPE_RIGHT_GESTURES, mFrame=[1080,0][1080,2400], mVisible=true, mInsetsRoundedCornerFrame=false}, InsetsSource: {mType=ITYPE_TOP_MANDATORY_GESTURES, mFrame=[0,0][1080,124], mVisible=true, mInsetsRoundedCornerFrame=false}, InsetsSource: {mType=ITYPE_BOTTOM_MANDATORY_GESTURES, mFrame=[0,2256][1080,2400], mVisible=true, mInsetsRoundedCornerFrame=false}, InsetsSource: {mType=ITYPE_LEFT_DISPLAY_CUTOUT, mFrame=[0,0][-100000,2400], mVisible=true, mInsetsRoundedCornerFrame=false}, InsetsSource: {mType=ITYPE_TOP_DISPLAY_CUTOUT, mFrame=[0,0][1080,88], mVisible=true, mInsetsRoundedCornerFrame=false}, InsetsSource: {mType=ITYPE_RIGHT_DISPLAY_CUTOUT, mFrame=[100000,0][1080,2400], mVisible=true, mInsetsRoundedCornerFrame=false}, InsetsSource: {mType=ITYPE_BOTTOM_DISPLAY_CUTOUT, mFrame=[0,100000][1080,2400], mVisible=true, mInsetsRoundedCornerFrame=false}, InsetsSource: {mType=ITYPE_TOP_TAPPABLE_ELEMENT, mFrame=[0,0][1080,88], mVisible=true, mInsetsRoundedCornerFrame=false}, InsetsSource: {mType=ITYPE_BOTTOM_TAPPABLE_ELEMENT, mFrame=[0,2256][1080,2400], mVisible=true, mInsetsRoundedCornerFrame=false} } host=PopupWindow:9fadab4 from=android.view.ViewRootImpl.setView:1732
04-06 10:54:27.357  4597  4597 I ViewRootImpl@9aa26dd[PopupWindow:9fadab4]: setView = android.widget.PopupWindow$PopupDecorView@32753d9 TM=false
04-06 10:54:27.363  4597  4597 I IMM_LC  : showSoftInput(View,I)
04-06 10:54:27.364  4597  4597 I IMM_LC  : ssi() - flag : 0 view : com.evolucao.app reason = SHOW_SOFT_INPUT
04-06 10:54:27.366  4597  4597 I ViewRootImpl@53bdfa[PopupWindow:2901825]: performTraversals params={(231,1797)(90x108) gr=TOP START CENTER sim={state=unchanged adjust=pan} ty=APPLICATION_SUB_PANEL fmt=TRANSLUCENT wanim=0x1030313 surfaceInsets=Rect(0, 0 - 0, 0) (manual)
04-06 10:54:27.366  4597  4597 I ViewRootImpl@53bdfa[PopupWindow:2901825]:   fl=41800208
04-06 10:54:27.366  4597  4597 I ViewRootImpl@53bdfa[PopupWindow:2901825]:   pfl=2018000
04-06 10:54:27.366  4597  4597 I ViewRootImpl@53bdfa[PopupWindow:2901825]:   bhv=DEFAULT
04-06 10:54:27.366  4597  4597 I ViewRootImpl@53bdfa[PopupWindow:2901825]:   fitTypes=STATUS_BARS NAVIGATION_BARS CAPTION_BAR naviIconColor=0
04-06 10:54:27.366  4597  4597 I ViewRootImpl@53bdfa[PopupWindow:2901825]:   sfl=20000}
04-06 10:54:27.367  4597  4597 I ViewRootImpl@53bdfa[PopupWindow:2901825]: performTraversals mFirst=true windowShouldResize=true viewVisibilityChanged=false mForceNextWindowRelayout=false params={(231,1797)(90x108) gr=TOP START CENTER sim={state=unchanged adjust=pan} ty=APPLICATION_SUB_PANEL fmt=TRANSLUCENT wanim=0x1030313 surfaceInsets=Rect(0, 0 - 0, 0) (manual)
04-06 10:54:27.367  4597  4597 I ViewRootImpl@53bdfa[PopupWindow:2901825]:   fl=41800208
04-06 10:54:27.367  4597  4597 I ViewRootImpl@53bdfa[PopupWindow:2901825]:   pfl=42018000
04-06 10:54:27.367  4597  4597 I ViewRootImpl@53bdfa[PopupWindow:2901825]:   bhv=DEFAULT
04-06 10:54:27.367  4597  4597 I ViewRootImpl@53bdfa[PopupWindow:2901825]:   fitTypes=STATUS_BARS NAVIGATION_BARS CAPTION_BAR naviIconColor=0
04-06 10:54:27.367  4597  4597 I ViewRootImpl@53bdfa[PopupWindow:2901825]:   sfl=20000}
04-06 10:54:27.371  4597  4780 I ViewRootImpl@53bdfa[PopupWindow:2901825]: Resizing android.view.ViewRootImpl@7472b87: frame = [231,1797][321,1905] reportDraw = true forceLayout = false syncSeqId = 0
04-06 10:54:27.372  4597  4597 I ViewRootImpl@53bdfa[PopupWindow:2901825]: updateBlastSurfaceIfNeeded mBlastBufferQueue=null isSameSurfaceControl=false
04-06 10:54:27.373  4597  4597 I BLASTBufferQueue: new BLASTBufferQueue, mName= ViewRootImpl@53bdfa[PopupWindow:2901825] mNativeObject= 0xb4000069fbea9100 sc.mNativeObject= 0xb4000069f5772fc0 caller= android.view.ViewRootImpl.updateBlastSurfaceIfNeeded:2909 android.view.ViewRootImpl.relayoutWindow:9847 android.view.ViewRootImpl.performTraversals:3884 android.view.ViewRootImpl.doTraversal:3116 android.view.ViewRootImpl$TraversalRunnable.run:10885 android.view.Choreographer$CallbackRecord.run:1301 android.view.Choreographer$CallbackRecord.run:1309 android.view.Choreographer.doCallbacks:923 android.view.Choreographer.doFrame:852 android.view.Choreographer$FrameDisplayEventReceiver.run:1283 
04-06 10:54:27.373  4597  4597 I BLASTBufferQueue: update, w= 90 h= 108 mName = ViewRootImpl@53bdfa[PopupWindow:2901825] mNativeObject= 0xb4000069fbea9100 sc.mNativeObject= 0xb4000069f5772fc0 format= -3 caller= android.graphics.BLASTBufferQueue.<init>:84 android.view.ViewRootImpl.updateBlastSurfaceIfNeeded:2909 android.view.ViewRootImpl.relayoutWindow:9847 android.view.ViewRootImpl.performTraversals:3884 android.view.ViewRootImpl.doTraversal:3116 android.view.ViewRootImpl$TraversalRunnable.run:10885 
04-06 10:54:27.373  4597  4597 I ViewRootImpl@53bdfa[PopupWindow:2901825]: Relayout returned: old=(231,1797,321,1905) new=(231,1797,321,1905) req=(90,108)0 dur=5 res=0x3 s={true 0xb4000070a0db1800} ch=true seqId=0
04-06 10:54:27.374  4597  4597 I ViewRootImpl@53bdfa[PopupWindow:2901825]: mThreadedRenderer.initialize() mSurface={isValid=true 0xb4000070a0db1800} hwInitialized=true
04-06 10:54:27.374  4597  4672 D OpenGLRenderer: eglCreateWindowSurface
04-06 10:54:27.375  4597  4597 I ViewRootImpl@53bdfa[PopupWindow:2901825]: reportNextDraw android.view.ViewRootImpl.performTraversals:4438 android.view.ViewRootImpl.doTraversal:3116 android.view.ViewRootImpl$TraversalRunnable.run:10885 android.view.Choreographer$CallbackRecord.run:1301 android.view.Choreographer$CallbackRecord.run:1309 
04-06 10:54:27.376  4597  4597 I ViewRootImpl@53bdfa[PopupWindow:2901825]: Setup new sync id=0
04-06 10:54:27.376  4597  4597 I ViewRootImpl@53bdfa[PopupWindow:2901825]: Setting syncFrameCallback
04-06 10:54:27.376  4597  4597 I ViewRootImpl@53bdfa[PopupWindow:2901825]: registerCallbacksForSync syncBuffer=false
04-06 10:54:27.377  4597  4699 I ViewRootImpl@53bdfa[PopupWindow:2901825]: Received frameDrawingCallback syncResult=0 frameNum=1.
04-06 10:54:27.377  4597  4699 I ViewRootImpl@53bdfa[PopupWindow:2901825]: Setting up sync and frameCommitCallback
04-06 10:54:27.377  4597  4672 I BLASTBufferQueue: [ViewRootImpl@53bdfa[PopupWindow:2901825]#6](f:0,a:0) onFrameAvailable the first frame is available
04-06 10:54:27.378  4597  4672 I ViewRootImpl@53bdfa[PopupWindow:2901825]: Received frameCommittedCallback lastAttemptedDrawFrameNum=1 didProduceBuffer=true
04-06 10:54:27.378  4597  4672 D OpenGLRenderer: CFMS:: SetUp Pid : 4597    Tid : 4672
04-06 10:54:27.379  4597  4672 W Parcel  : Expecting binder but got null!
04-06 10:54:27.379  4597  4597 I ViewRootImpl@53bdfa[PopupWindow:2901825]: onSyncComplete
04-06 10:54:27.379  4597  4597 I ViewRootImpl@53bdfa[PopupWindow:2901825]: setupSync seqId=0 mSyncId=0 fn=1 caller=android.view.ViewRootImpl$$ExternalSyntheticLambda11.accept:6 android.window.SurfaceSyncer.lambda$setupSync$1$android-window-SurfaceSyncer:128 android.window.SurfaceSyncer$$ExternalSyntheticLambda1.accept:8 android.window.SurfaceSyncer$SyncSet.checkIfSyncIsComplete:382 android.window.SurfaceSyncer$SyncSet.markSyncReady:359 android.window.SurfaceSyncer.markSyncReady:151 android.view.ViewRootImpl.performTraversals:4503 
04-06 10:54:27.381  4597  4597 I ViewRootImpl@9aa26dd[PopupWindow:9fadab4]: performTraversals params={(231,1703)(90x94) gr=TOP START CENTER sim={state=unchanged adjust=pan} ty=APPLICATION_SUB_PANEL fmt=TRANSLUCENT wanim=0x1030313 surfaceInsets=Rect(0, 0 - 0, 0) (manual)
04-06 10:54:27.381  4597  4597 I ViewRootImpl@9aa26dd[PopupWindow:9fadab4]:   fl=41800218
04-06 10:54:27.381  4597  4597 I ViewRootImpl@9aa26dd[PopupWindow:9fadab4]:   pfl=2018000
04-06 10:54:27.381  4597  4597 I ViewRootImpl@9aa26dd[PopupWindow:9fadab4]:   bhv=DEFAULT
04-06 10:54:27.381  4597  4597 I ViewRootImpl@9aa26dd[PopupWindow:9fadab4]:   fitTypes=STATUS_BARS NAVIGATION_BARS CAPTION_BAR naviIconColor=0
04-06 10:54:27.381  4597  4597 I ViewRootImpl@9aa26dd[PopupWindow:9fadab4]:   sfl=20000}
04-06 10:54:27.382  4597  4597 I ViewRootImpl@9aa26dd[PopupWindow:9fadab4]: performTraversals mFirst=true windowShouldResize=true viewVisibilityChanged=false mForceNextWindowRelayout=false params={(231,1703)(90x94) gr=TOP START CENTER sim={state=unchanged adjust=pan} ty=APPLICATION_SUB_PANEL fmt=TRANSLUCENT wanim=0x1030313 surfaceInsets=Rect(0, 0 - 0, 0) (manual)
04-06 10:54:27.382  4597  4597 I ViewRootImpl@9aa26dd[PopupWindow:9fadab4]:   fl=41800218
04-06 10:54:27.382  4597  4597 I ViewRootImpl@9aa26dd[PopupWindow:9fadab4]:   pfl=42018000
04-06 10:54:27.382  4597  4597 I ViewRootImpl@9aa26dd[PopupWindow:9fadab4]:   bhv=DEFAULT
04-06 10:54:27.382  4597  4597 I ViewRootImpl@9aa26dd[PopupWindow:9fadab4]:   fitTypes=STATUS_BARS NAVIGATION_BARS CAPTION_BAR naviIconColor=0
04-06 10:54:27.382  4597  4597 I ViewRootImpl@9aa26dd[PopupWindow:9fadab4]:   sfl=20000}
04-06 10:54:27.385  4597  4780 I ViewRootImpl@9aa26dd[PopupWindow:9fadab4]: Resizing android.view.ViewRootImpl@621019e: frame = [231,1703][321,1797] reportDraw = true forceLayout = false syncSeqId = 0
04-06 10:54:27.386  4597  4597 I ViewRootImpl@9aa26dd[PopupWindow:9fadab4]: updateBlastSurfaceIfNeeded mBlastBufferQueue=null isSameSurfaceControl=false
04-06 10:54:27.387  4597  4597 I BLASTBufferQueue: new BLASTBufferQueue, mName= ViewRootImpl@9aa26dd[PopupWindow:9fadab4] mNativeObject= 0xb4000069fbea9480 sc.mNativeObject= 0xb4000069f5773240 caller= android.view.ViewRootImpl.updateBlastSurfaceIfNeeded:2909 android.view.ViewRootImpl.relayoutWindow:9847 android.view.ViewRootImpl.performTraversals:3884 android.view.ViewRootImpl.doTraversal:3116 android.view.ViewRootImpl$TraversalRunnable.run:10885 android.view.Choreographer$CallbackRecord.run:1301 android.view.Choreographer$CallbackRecord.run:1309 android.view.Choreographer.doCallbacks:923 android.view.Choreographer.doFrame:852 android.view.Choreographer$FrameDisplayEventReceiver.run:1283 
04-06 10:54:27.387  4597  4597 I BLASTBufferQueue: update, w= 90 h= 94 mName = ViewRootImpl@9aa26dd[PopupWindow:9fadab4] mNativeObject= 0xb4000069fbea9480 sc.mNativeObject= 0xb4000069f5773240 format= -3 caller= android.graphics.BLASTBufferQueue.<init>:84 android.view.ViewRootImpl.updateBlastSurfaceIfNeeded:2909 android.view.ViewRootImpl.relayoutWindow:9847 android.view.ViewRootImpl.performTraversals:3884 android.view.ViewRootImpl.doTraversal:3116 android.view.ViewRootImpl$TraversalRunnable.run:10885 
04-06 10:54:27.388  4597  4597 I ViewRootImpl@9aa26dd[PopupWindow:9fadab4]: Relayout returned: old=(231,1703,321,1797) new=(231,1703,321,1797) req=(90,94)0 dur=4 res=0x3 s={true 0xb400007002092800} ch=true seqId=0
04-06 10:54:27.388  4597  4597 I ViewRootImpl@9aa26dd[PopupWindow:9fadab4]: mThreadedRenderer.initialize() mSurface={isValid=true 0xb400007002092800} hwInitialized=true
04-06 10:54:27.388  4597  4672 D OpenGLRenderer: eglCreateWindowSurface
04-06 10:54:27.390  4597  4597 I ViewRootImpl@9aa26dd[PopupWindow:9fadab4]: reportNextDraw android.view.ViewRootImpl.performTraversals:4438 android.view.ViewRootImpl.doTraversal:3116 android.view.ViewRootImpl$TraversalRunnable.run:10885 android.view.Choreographer$CallbackRecord.run:1301 android.view.Choreographer$CallbackRecord.run:1309 
04-06 10:54:27.390  4597  4597 I ViewRootImpl@9aa26dd[PopupWindow:9fadab4]: Setup new sync id=0
04-06 10:54:27.390  4597  4597 I ViewRootImpl@9aa26dd[PopupWindow:9fadab4]: Setting syncFrameCallback
04-06 10:54:27.390  4597  4597 I ViewRootImpl@9aa26dd[PopupWindow:9fadab4]: registerCallbacksForSync syncBuffer=false
04-06 10:54:27.391  4597  4700 I ViewRootImpl@9aa26dd[PopupWindow:9fadab4]: Received frameDrawingCallback syncResult=0 frameNum=1.
04-06 10:54:27.391  4597  4700 I ViewRootImpl@9aa26dd[PopupWindow:9fadab4]: Setting up sync and frameCommitCallback
04-06 10:54:27.391  4597  4672 I BLASTBufferQueue: [ViewRootImpl@9aa26dd[PopupWindow:9fadab4]#7](f:0,a:0) onFrameAvailable the first frame is available
04-06 10:54:27.392  4597  4672 I ViewRootImpl@9aa26dd[PopupWindow:9fadab4]: Received frameCommittedCallback lastAttemptedDrawFrameNum=1 didProduceBuffer=true
04-06 10:54:27.392  4597  4672 D OpenGLRenderer: CFMS:: SetUp Pid : 4597    Tid : 4672
04-06 10:54:27.392  4597  4672 W Parcel  : Expecting binder but got null!
04-06 10:54:27.392  4597  4597 I ViewRootImpl@9aa26dd[PopupWindow:9fadab4]: onSyncComplete
04-06 10:54:27.393  4597  4597 I ViewRootImpl@9aa26dd[PopupWindow:9fadab4]: setupSync seqId=0 mSyncId=0 fn=1 caller=android.view.ViewRootImpl$$ExternalSyntheticLambda11.accept:6 android.window.SurfaceSyncer.lambda$setupSync$1$android-window-SurfaceSyncer:128 android.window.SurfaceSyncer$$ExternalSyntheticLambda1.accept:8 android.window.SurfaceSyncer$SyncSet.checkIfSyncIsComplete:382 android.window.SurfaceSyncer$SyncSet.markSyncReady:359 android.window.SurfaceSyncer.markSyncReady:151 android.view.ViewRootImpl.performTraversals:4503 
04-06 10:54:27.393  4597  4597 I ViewRootImpl@9aa26dd[PopupWindow:9fadab4]: reportDrawFinished seqId=0 mSyncId=-1 fn=1 mSurfaceChangedTransaction=0xb4000069fc2e8100
04-06 10:54:27.393  4597  4597 I ViewRootImpl@53bdfa[PopupWindow:2901825]: reportDrawFinished seqId=0 mSyncId=-1 fn=1 mSurfaceChangedTransaction=0xb4000070028ca400
