04-06 10:54:28.930  4597  4643 I DetoxDispatcher: Done with action 'invoke'
04-06 10:54:28.935  4597  4647 D DetoxWSClient: Received action 'invoke' (ID #34, params={"target":{"type":"Invocation","value":{"target":{"type":"Class","value":"com.wix.detox.uiautomator.UiAutomator"},"method":"uiDevice","args":[]}},"method":"pressBack","args":[]})
04-06 10:54:28.936  4597  4643 I DetoxDispatcher: Handling action 'invoke' (ID #34)...
04-06 10:54:28.936  4597  4643 D Detox   : class com.wix.detox.uiautomator.UiAutomator, uiDevice, []
04-06 10:54:28.947  4597  4597 D InsetsController: show(ime(), fromIme=true)
04-06 10:54:29.013  4597  4672 D OpenGLRenderer: setSurface called with nullptr
04-06 10:54:29.013  4597  4672 D OpenGLRenderer: setSurface() destroyed EGLSurface
04-06 10:54:29.013  4597  4672 D OpenGLRenderer: destroyEglSurface
04-06 10:54:29.015  4597  4597 I ViewRootImpl@41dbc29[PopupWindow:f8d85b0]: dispatchDetachedFromWindow
04-06 10:54:29.020  4597  4597 D InputTransport: Input channel destroyed: '6c307f ', fd=176
04-06 10:54:29.022  4597  4672 D OpenGLRenderer: setSurface called with nullptr
04-06 10:54:29.022  4597  4672 D OpenGLRenderer: setSurface() destroyed EGLSurface
04-06 10:54:29.022  4597  4672 D OpenGLRenderer: destroyEglSurface
04-06 10:54:29.023  4597  4597 I ViewRootImpl@ec05ac8[PopupWindow:c390f6b]: dispatchDetachedFromWindow
04-06 10:54:29.027  4597  4597 D InputTransport: Input channel destroyed: 'e9d559b', fd=177
04-06 10:54:29.695  4597  4643 D UiDevice: Pressing back button.
04-06 10:54:29.715  4597  4597 I ViewRootImpl@914008f[MainActivity]: The input has been finished in ImeInputStage.
04-06 10:54:29.736  4597  4597 I ViewRootImpl@914008f[MainActivity]: The input has been finished in ImeInputStage.
04-06 10:54:29.745  4597  4597 D InsetsController: controlAnimationUnchecked: Added types=8 animType=1 host=com.evolucao.app/com.evolucao.app.MainActivity from=android.view.InsetsController.applyAnimation:1576 android.view.InsetsController.applyAnimation:1557 android.view.InsetsController.hide:1093 
04-06 10:54:29.745  4597  4597 D InsetsSourceConsumer: setRequestedVisible: visible=false, type=19, host=com.evolucao.app/com.evolucao.app.MainActivity, from=android.view.InsetsSourceConsumer.hide:257 android.view.ImeInsetsSourceConsumer.hide:88 android.view.ImeInsetsSourceConsumer.hide:94 android.view.InsetsController.hideDirectly:1593 android.view.InsetsController.controlAnimationUnchecked:1234 android.view.InsetsController.applyAnimation:1576 android.view.InsetsController.applyAnimation:1557 android.view.InsetsController.hide:1093 android.view.ViewRootImpl$ViewRootHandler.handleMessageImpl:6765 android.view.ViewRootImpl$ViewRootHandler.handleMessage:6697 
04-06 10:54:29.759  4597  4643 I DetoxWSClient: Sending out action 'invokeResult' (ID #34)
04-06 10:54:29.763  4597  4779 I ViewRootImpl@914008f[MainActivity]: Resizing android.view.ViewRootImpl@685f108: frame = [0,0][1080,2400] reportDraw = false forceLayout = false syncSeqId = 0
04-06 10:54:29.764  4597  4597 D InsetsController: onStateChanged: InsetsState: {mDisplayFrame=Rect(0, 0 - 1080, 2400), mDisplayCutout=DisplayCutout{insets=Rect(0, 88 - 0, 0) waterfall=Insets{left=0, top=0, right=0, bottom=0} boundingRect={Bounds=[Rect(0, 0 - 0, 0), Rect(512, 0 - 568, 88), Rect(0, 0 - 0, 0), Rect(0, 0 - 0, 0)]} cutoutPathParserInfo={CutoutPathParserInfo{displayWidth=1080 displayHeight=2400 physicalDisplayWidth=1080 physicalDisplayHeight=2400 density={3.0} cutoutSpec={M 0,0 M 0,10.71963616907435 a 9.280363830925644,9.280363830925644 0 1,0 0,18.56072766185129 a 9.280363830925644,9.280363830925644 0 1,0 0,-18.56072766185129 Z @dp} rotation={0} scale={1.0} physicalPixelDisplaySizeRatio={1.0}}}}, mRoundedCorners=RoundedCorners{[RoundedCorner{position=TopLeft, radius=96, center=Point(96, 96)}, RoundedCorner{position=TopRight, radius=96, center=Point(984, 96)}, RoundedCorner{position=BottomRight, radius=96, center=Point(984, 2304)}, RoundedCorner{position=BottomLeft, radius=96, center=Point(96, 2304)}]}  mRoundedCornerFrame=Rect(0, 0 - 1080, 2400), mPrivacyIndicatorBounds=PrivacyIndicatorBounds {static bounds=Rect(948, 0 - 1080, 88) rotation=0}, mSources= { InsetsSource: {mType=ITYPE_STATUS_BAR, mFrame=[0,0][1080,88], mVisible=true, mInsetsRoundedCornerFrame=false}, InsetsSource: {mType=ITYPE_NAVIGATION_BAR, mFrame=[0,2256][1080,2400], mVisible=true, mInsetsRoundedCornerFrame=false}, InsetsSource: {mType=ITYPE_LEFT_GESTURES, mFrame=[0,0][0,2400], mVisible=true, mInsetsRoundedCornerFrame=false}, InsetsSource: {mType=ITYPE_RIGHT_GESTURES, mFrame=[1080,0][1080,2400], mVisible=true, mInsetsRoundedCornerFrame=false}, InsetsSource: {mType=ITYPE_TOP_MANDATORY_GESTURES, mFrame=[0,0][1080,124], mVisible=true, mInsetsRoundedCornerFrame=false}, InsetsSource: {mType=ITYPE_BOTTOM_MANDATORY_GESTURES, mFrame=[0,2256][1080,2400], mVisible=true, mInsetsRoundedCornerFrame=false}, InsetsSource: {mType=ITYPE_LEFT_DISPLAY_CUTOUT, mFrame=[0,0][-100000,2400], mVisible=true, mInsetsRoundedCornerFrame=false}, InsetsSource: {mType=ITYPE_TOP_DISPLAY_CUTOUT, mFrame=[0,0][1080,88], mVisible=true, mInsetsRoundedCornerFrame=false}, InsetsSource: {mType=ITYPE_RIGHT_DISPLAY_CUTOUT, mFrame=[100000,0][1080,2400], mVisible=true, mInsetsRoundedCornerFrame=false}, InsetsSource: {mType=ITYPE_BOTTOM_DISPLAY_CUTOUT, mFrame=[0,100000][1080,2400], mVisible=true, mInsetsRoundedCornerFrame=false}, InsetsSource: {mType=ITYPE_TOP_TAPPABLE_ELEMENT, mFrame=[0,0][1080,88], mVisible=true, mInsetsRoundedCornerFrame=false}, InsetsSource: {mType=ITYPE_BOTTOM_TAPPABLE_ELEMENT, mFrame=[0,2256][1080,2400], mVisible=true, mInsetsRoundedCornerFrame=false}, InsetsSource: {mType=ITYPE_IME, mFrame=[0,1374][1080,2400], mVisibleFrame=[0,1374][1080,2400], mVisible=false, mInsetsRoundedCornerFrame=false} } host=com.evolucao.app/com.evolucao.app.MainActivity from=android.view.ViewRootImpl$ViewRootHandler.handleMessageImpl:6740
04-06 10:54:29.765  4597  4597 I ViewRootImpl@914008f[MainActivity]: handleResized, msg = 4 frames=ClientWindowFrames{frame=[0,0][1080,2400] display=[0,0][1080,2400] parentFrame=[0,0][0,0] parentClippedByDisplayCutout=false} forceNextWindowRelayout=false displayId=0 resizeMode=-1 frameChanged=false displayFrameChanged=false configChanged=false displayChanged=false
04-06 10:54:29.766  4597  4643 I DetoxDispatcher: Done with action 'invoke'
04-06 10:54:29.772  4597  4647 D DetoxWSClient: Received action 'invoke' (ID #35, params={"target":{"type":"Class","value":"com.wix.detox.espresso.DetoxAssertion"},"method":"waitForAssertMatcher","args":[{"type":"Invocation","value":{"target":{"type":"Class","value":"androidx.test.espresso.Espresso"},"method":"onView","args":[{"type":"Invocation","value":{"target":{"type":"Class","value":"com.wix.detox.espresso.DetoxMatcher"},"method":"matcherForTestId","args":["btn-salvar-serie",{"type":"boolean","value":false}]}}]}},{"type":"Invocation","value":{"target":{"type":"Class","value":"com.wix.detox.espresso.DetoxMatcher"},"method":"matcherForSufficientlyVisible","args":[{"type":"Integer","value":75}]}},{"type":"Double","value":3}]})
04-06 10:54:29.773  4597  4643 I DetoxDispatcher: Handling action 'invoke' (ID #35)...
04-06 10:54:29.773  4597  4643 D Detox   : class com.wix.detox.espresso.DetoxMatcher, matcherForTestId, [btn-salvar-serie, false]
04-06 10:54:29.773  4597  4643 D Detox   : class androidx.test.espresso.Espresso, onView, [(view.getTag() is "btn-salvar-serie" and view has effective visibility <VISIBLE>)]
04-06 10:54:29.774  4597  4643 D Detox   : class com.wix.detox.espresso.DetoxMatcher, matcherForSufficientlyVisible, [75]
04-06 10:54:29.774  4597  4643 D Detox   : class com.wix.detox.espresso.DetoxAssertion, waitForAssertMatcher, [androidx.test.espresso.ViewInteraction@508a41, (view has effective visibility <VISIBLE> and view.getGlobalVisibleRect() covers at least <75> percent of the view's area), 3.0]
04-06 10:54:29.844  4597  4597 I ViewInteraction: Checking 'MatchesViewAssertion(Detox){viewMatcher=(view has effective visibility <VISIBLE> and view.getGlobalVisibleRect() covers at least <75> percent of the view's area)}' assertion on view (view.getTag() is "btn-salvar-serie" and view has effective visibility <VISIBLE>)
04-06 10:54:29.849  4597  4643 I DetoxWSClient: Sending out action 'invokeResult' (ID #35)
04-06 10:54:29.849  4597  4643 I DetoxDispatcher: Done with action 'invoke'
04-06 10:54:29.853  4597  4647 D DetoxWSClient: Received action 'invoke' (ID #36, params={"target":{"type":"Class","value":"com.wix.detox.espresso.EspressoDetox"},"method":"perform","args":[{"type":"Invocation","value":{"target":{"type":"Class","value":"com.wix.detox.espresso.DetoxMatcher"},"method":"matcherForTestId","args":["btn-salvar-serie",{"type":"boolean","value":false}]}},{"type":"Invocation","value":{"target":{"type":"Class","value":"com.wix.detox.espresso.DetoxViewActions"},"method":"click","args":[]}}]})
04-06 10:54:29.854  4597  4643 I DetoxDispatcher: Handling action 'invoke' (ID #36)...
04-06 10:54:29.854  4597  4643 D Detox   : class com.wix.detox.espresso.DetoxMatcher, matcherForTestId, [btn-salvar-serie, false]
04-06 10:54:29.855  4597  4643 D Detox   : class com.wix.detox.espresso.DetoxViewActions, click, []
04-06 10:54:29.855  4597  4643 D Detox   : class com.wix.detox.espresso.EspressoDetox, perform, [(view.getTag() is "btn-salvar-serie" and view has effective visibility <VISIBLE>), com.wix.detox.espresso.action.RNClickAction@731e527]
04-06 10:54:29.863  4597  4597 I ViewInteraction: Performing 'com.wix.detox.espresso.action.detoxsingletap@73aa3d4 click' action on view (view.getTag() is "btn-salvar-serie" and view has effective visibility <VISIBLE>)
04-06 10:54:29.970  4597  4597 D InsetsController: cancelAnimation of types: 8, animType: 1, host: com.evolucao.app/com.evolucao.app.MainActivity, from:android.view.InsetsController.notifyFinished:1375 android.view.InsetsAnimationThreadControlRunner$1.lambda$notifyFinished$0$android-view-InsetsAnimationThreadControlRunner$1:84 android.view.InsetsAnimationThreadControlRunner$1$$ExternalSyntheticLambda1.run:4 
04-06 10:54:29.971  4597  4597 I IMM_LC  : notifyImeHidden: mService.hideSoftInput
04-06 10:54:30.003  4597  4857 I ViewRootImpl@914008f[MainActivity]: Resizing android.view.ViewRootImpl@685f108: frame = [0,0][1080,2400] reportDraw = false forceLayout = false syncSeqId = 0
04-06 10:54:30.004  4597  4597 D InsetsController: onStateChanged: InsetsState: {mDisplayFrame=Rect(0, 0 - 1080, 2400), mDisplayCutout=DisplayCutout{insets=Rect(0, 88 - 0, 0) waterfall=Insets{left=0, top=0, right=0, bottom=0} boundingRect={Bounds=[Rect(0, 0 - 0, 0), Rect(512, 0 - 568, 88), Rect(0, 0 - 0, 0), Rect(0, 0 - 0, 0)]} cutoutPathParserInfo={CutoutPathParserInfo{displayWidth=1080 displayHeight=2400 physicalDisplayWidth=1080 physicalDisplayHeight=2400 density={3.0} cutoutSpec={M 0,0 M 0,10.71963616907435 a 9.280363830925644,9.280363830925644 0 1,0 0,18.56072766185129 a 9.280363830925644,9.280363830925644 0 1,0 0,-18.56072766185129 Z @dp} rotation={0} scale={1.0} physicalPixelDisplaySizeRatio={1.0}}}}, mRoundedCorners=RoundedCorners{[RoundedCorner{position=TopLeft, radius=96, center=Point(96, 96)}, RoundedCorner{position=TopRight, radius=96, center=Point(984, 96)}, RoundedCorner{position=BottomRight, radius=96, center=Point(984, 2304)}, RoundedCorner{position=BottomLeft, radius=96, center=Point(96, 2304)}]}  mRoundedCornerFrame=Rect(0, 0 - 1080, 2400), mPrivacyIndicatorBounds=PrivacyIndicatorBounds {static bounds=Rect(948, 0 - 1080, 88) rotation=0}, mSources= { InsetsSource: {mType=ITYPE_STATUS_BAR, mFrame=[0,0][1080,88], mVisible=true, mInsetsRoundedCornerFrame=false}, InsetsSource: {mType=ITYPE_NAVIGATION_BAR, mFrame=[0,2256][1080,2400], mVisible=true, mInsetsRoundedCornerFrame=false}, InsetsSource: {mType=ITYPE_LEFT_GESTURES, mFrame=[0,0][0,2400], mVisible=true, mInsetsRoundedCornerFrame=false}, InsetsSource: {mType=ITYPE_RIGHT_GESTURES, mFrame=[1080,0][1080,2400], mVisible=true, mInsetsRoundedCornerFrame=false}, InsetsSource: {mType=ITYPE_TOP_MANDATORY_GESTURES, mFrame=[0,0][1080,124], mVisible=true, mInsetsRoundedCornerFrame=false}, InsetsSource: {mType=ITYPE_BOTTOM_MANDATORY_GESTURES, mFrame=[0,2256][1080,2400], mVisible=true, mInsetsRoundedCornerFrame=false}, InsetsSource: {mType=ITYPE_LEFT_DISPLAY_CUTOUT, mFrame=[0,0][-100000,2400], mVisible=true, mInsetsRoundedCornerFrame=false}, InsetsSource: {mType=ITYPE_TOP_DISPLAY_CUTOUT, mFrame=[0,0][1080,88], mVisible=true, mInsetsRoundedCornerFrame=false}, InsetsSource: {mType=ITYPE_RIGHT_DISPLAY_CUTOUT, mFrame=[100000,0][1080,2400], mVisible=true, mInsetsRoundedCornerFrame=false}, InsetsSource: {mType=ITYPE_BOTTOM_DISPLAY_CUTOUT, mFrame=[0,100000][1080,2400], mVisible=true, mInsetsRoundedCornerFrame=false}, InsetsSource: {mType=ITYPE_TOP_TAPPABLE_ELEMENT, mFrame=[0,0][1080,88], mVisible=true, mInsetsRoundedCornerFrame=false}, InsetsSource: {mType=ITYPE_BOTTOM_TAPPABLE_ELEMENT, mFrame=[0,2256][1080,2400], mVisible=true, mInsetsRoundedCornerFrame=false}, InsetsSource: {mType=ITYPE_IME, mFrame=[0,0][0,0], mVisibleFrame=[0,1374][1080,2400], mVisible=false, mInsetsRoundedCornerFrame=false} } host=com.evolucao.app/com.evolucao.app.MainActivity from=android.view.ViewRootImpl$ViewRootHandler.handleMessageImpl:6727
04-06 10:54:30.005  4597  4597 I ViewRootImpl@914008f[MainActivity]: handleResized, msg = 4 frames=ClientWindowFrames{frame=[0,0][1080,2400] display=[0,0][1080,2400] parentFrame=[0,0][0,0] parentClippedByDisplayCutout=false} forceNextWindowRelayout=false displayId=0 resizeMode=-1 frameChanged=false displayFrameChanged=false configChanged=false displayChanged=false
04-06 10:54:30.299  4597  4643 I DetoxWSClient: Sending out action 'invokeResult' (ID #36)
04-06 10:54:30.299  4597  4643 I DetoxDispatcher: Done with action 'invoke'
04-06 10:54:30.305  4597  4647 D DetoxWSClient: Received action 'invoke' (ID #37, params={"target":{"type":"Class","value":"com.wix.detox.espresso.DetoxAssertion"},"method":"waitForAssertMatcher","args":[{"type":"Invocation","value":{"target":{"type":"Class","value":"androidx.test.espresso.Espresso"},"method":"onView","args":[{"type":"Invocation","value":{"target":{"type":"Class","value":"com.wix.detox.espresso.DetoxMatcher"},"method":"matcherForTestId","args":["serie-salva-indicator",{"type":"boolean","value":false}]}}]}},{"type":"Invocation","value":{"target":{"type":"Class","value":"com.wix.detox.espresso.DetoxMatcher"},"method":"matcherForSufficientlyVisible","args":[{"type":"Integer","value":75}]}},{"type":"Double","value":3}]})
04-06 10:54:30.305  4597  4643 I DetoxDispatcher: Handling action 'invoke' (ID #37)...
04-06 10:54:30.306  4597  4643 D Detox   : class com.wix.detox.espresso.DetoxMatcher, matcherForTestId, [serie-salva-indicator, false]
04-06 10:54:30.307  4597  4643 D Detox   : class androidx.test.espresso.Espresso, onView, [(view.getTag() is "serie-salva-indicator" and view has effective visibility <VISIBLE>)]
04-06 10:54:30.308  4597  4643 D Detox   : class com.wix.detox.espresso.DetoxMatcher, matcherForSufficientlyVisible, [75]
04-06 10:54:30.309  4597  4643 D Detox   : class com.wix.detox.espresso.DetoxAssertion, waitForAssertMatcher, [androidx.test.espresso.ViewInteraction@bda897d, (view has effective visibility <VISIBLE> and view.getGlobalVisibleRect() covers at least <75> percent of the view's area), 3.0]
04-06 10:54:30.491  4597  4597 I ViewInteraction: Checking 'MatchesViewAssertion(Detox){viewMatcher=(view has effective visibility <VISIBLE> and view.getGlobalVisibleRect() covers at least <75> percent of the view's area)}' assertion on view (view.getTag() is "serie-salva-indicator" and view has effective visibility <VISIBLE>)
04-06 10:54:30.491  4597  4610 D InputTransport: Input channel destroyed: 'ClientS', fd=161
04-06 10:54:30.491  4597  4672 D OpenGLRenderer: setSurface called with nullptr
04-06 10:54:30.491  4597  4672 D OpenGLRenderer: setSurface called with nullptr
04-06 10:54:30.491  4597  4610 D InputTransport: Input channel destroyed: 'ClientS', fd=152
04-06 10:54:30.492  4597  4610 D InputTransport: Input channel destroyed: 'ClientS', fd=124
04-06 10:54:30.492  4597  4672 D OpenGLRenderer: setSurface called with nullptr
04-06 10:54:30.493  4597  4672 D OpenGLRenderer: setSurface called with nullptr
04-06 10:54:30.667  4597  4597 I ViewInteraction: Checking 'MatchesViewAssertion(Detox){viewMatcher=(view has effective visibility <VISIBLE> and view.getGlobalVisibleRect() covers at least <75> percent of the view's area)}' assertion on view (view.getTag() is "serie-salva-indicator" and view has effective visibility <VISIBLE>)
04-06 10:54:30.844  4597  4597 I ViewInteraction: Checking 'MatchesViewAssertion(Detox){viewMatcher=(view has effective visibility <VISIBLE> and view.getGlobalVisibleRect() covers at least <75> percent of the view's area)}' assertion on view (view.getTag() is "serie-salva-indicator" and view has effective visibility <VISIBLE>)
04-06 10:54:31.000  4597  4597 I ViewInteraction: Checking 'MatchesViewAssertion(Detox){viewMatcher=(view has effective visibility <VISIBLE> and view.getGlobalVisibleRect() covers at least <75> percent of the view's area)}' assertion on view (view.getTag() is "serie-salva-indicator" and view has effective visibility <VISIBLE>)
04-06 10:54:31.151  4597  4597 I ViewInteraction: Checking 'MatchesViewAssertion(Detox){viewMatcher=(view has effective visibility <VISIBLE> and view.getGlobalVisibleRect() covers at least <75> percent of the view's area)}' assertion on view (view.getTag() is "serie-salva-indicator" and view has effective visibility <VISIBLE>)
04-06 10:54:31.310  4597  4597 I ViewInteraction: Checking 'MatchesViewAssertion(Detox){viewMatcher=(view has effective visibility <VISIBLE> and view.getGlobalVisibleRect() covers at least <75> percent of the view's area)}' assertion on view (view.getTag() is "serie-salva-indicator" and view has effective visibility <VISIBLE>)
04-06 10:54:31.449  4597  4597 I ViewInteraction: Checking 'MatchesViewAssertion(Detox){viewMatcher=(view has effective visibility <VISIBLE> and view.getGlobalVisibleRect() covers at least <75> percent of the view's area)}' assertion on view (view.getTag() is "serie-salva-indicator" and view has effective visibility <VISIBLE>)
04-06 10:54:31.606  4597  4597 I ViewInteraction: Checking 'MatchesViewAssertion(Detox){viewMatcher=(view has effective visibility <VISIBLE> and view.getGlobalVisibleRect() covers at least <75> percent of the view's area)}' assertion on view (view.getTag() is "serie-salva-indicator" and view has effective visibility <VISIBLE>)
04-06 10:54:31.740  4597  4597 I ViewInteraction: Checking 'MatchesViewAssertion(Detox){viewMatcher=(view has effective visibility <VISIBLE> and view.getGlobalVisibleRect() covers at least <75> percent of the view's area)}' assertion on view (view.getTag() is "serie-salva-indicator" and view has effective visibility <VISIBLE>)
04-06 10:54:31.883  4597  4597 I ViewInteraction: Checking 'MatchesViewAssertion(Detox){viewMatcher=(view has effective visibility <VISIBLE> and view.getGlobalVisibleRect() covers at least <75> percent of the view's area)}' assertion on view (view.getTag() is "serie-salva-indicator" and view has effective visibility <VISIBLE>)
04-06 10:54:32.019  4597  4597 I ViewInteraction: Checking 'MatchesViewAssertion(Detox){viewMatcher=(view has effective visibility <VISIBLE> and view.getGlobalVisibleRect() covers at least <75> percent of the view's area)}' assertion on view (view.getTag() is "serie-salva-indicator" and view has effective visibility <VISIBLE>)
04-06 10:54:32.157  4597  4597 I ViewInteraction: Checking 'MatchesViewAssertion(Detox){viewMatcher=(view has effective visibility <VISIBLE> and view.getGlobalVisibleRect() covers at least <75> percent of the view's area)}' assertion on view (view.getTag() is "serie-salva-indicator" and view has effective visibility <VISIBLE>)
04-06 10:54:32.292  4597  4597 I ViewInteraction: Checking 'MatchesViewAssertion(Detox){viewMatcher=(view has effective visibility <VISIBLE> and view.getGlobalVisibleRect() covers at least <75> percent of the view's area)}' assertion on view (view.getTag() is "serie-salva-indicator" and view has effective visibility <VISIBLE>)
04-06 10:54:32.419  4597  4597 I ViewInteraction: Checking 'MatchesViewAssertion(Detox){viewMatcher=(view has effective visibility <VISIBLE> and view.getGlobalVisibleRect() covers at least <75> percent of the view's area)}' assertion on view (view.getTag() is "serie-salva-indicator" and view has effective visibility <VISIBLE>)
04-06 10:54:32.565  4597  4597 I ViewInteraction: Checking 'MatchesViewAssertion(Detox){viewMatcher=(view has effective visibility <VISIBLE> and view.getGlobalVisibleRect() covers at least <75> percent of the view's area)}' assertion on view (view.getTag() is "serie-salva-indicator" and view has effective visibility <VISIBLE>)
04-06 10:54:32.705  4597  4597 I ViewInteraction: Checking 'MatchesViewAssertion(Detox){viewMatcher=(view has effective visibility <VISIBLE> and view.getGlobalVisibleRect() covers at least <75> percent of the view's area)}' assertion on view (view.getTag() is "serie-salva-indicator" and view has effective visibility <VISIBLE>)
04-06 10:54:32.848  4597  4597 I ViewInteraction: Checking 'MatchesViewAssertion(Detox){viewMatcher=(view has effective visibility <VISIBLE> and view.getGlobalVisibleRect() covers at least <75> percent of the view's area)}' assertion on view (view.getTag() is "serie-salva-indicator" and view has effective visibility <VISIBLE>)
04-06 10:54:32.979  4597  4597 I ViewInteraction: Checking 'MatchesViewAssertion(Detox){viewMatcher=(view has effective visibility <VISIBLE> and view.getGlobalVisibleRect() covers at least <75> percent of the view's area)}' assertion on view (view.getTag() is "serie-salva-indicator" and view has effective visibility <VISIBLE>)
04-06 10:54:33.126  4597  4597 I ViewInteraction: Checking 'MatchesViewAssertion(Detox){viewMatcher=(view has effective visibility <VISIBLE> and view.getGlobalVisibleRect() covers at least <75> percent of the view's area)}' assertion on view (view.getTag() is "serie-salva-indicator" and view has effective visibility <VISIBLE>)
04-06 10:54:33.265  4597  4597 I ViewInteraction: Checking 'MatchesViewAssertion(Detox){viewMatcher=(view has effective visibility <VISIBLE> and view.getGlobalVisibleRect() covers at least <75> percent of the view's area)}' assertion on view (view.getTag() is "serie-salva-indicator" and view has effective visibility <VISIBLE>)
04-06 10:54:33.392  4597  4597 I ViewInteraction: Checking 'MatchesViewAssertion(Detox){viewMatcher=(view has effective visibility <VISIBLE> and view.getGlobalVisibleRect() covers at least <75> percent of the view's area)}' assertion on view (view.getTag() is "serie-salva-indicator" and view has effective visibility <VISIBLE>)
04-06 10:54:33.418  4597  4643 I DetoxActionHandlers: Test exception
04-06 10:54:33.418  4597  4643 I DetoxActionHandlers: java.lang.reflect.InvocationTargetException
04-06 10:54:33.418  4597  4643 I DetoxActionHandlers: 	at java.lang.reflect.Method.invoke(Native Method)
04-06 10:54:33.418  4597  4643 I DetoxActionHandlers: 	at org.apache.commons.lang3.reflect.MethodUtils.invokeStaticMethod(MethodUtils.java:443)
04-06 10:54:33.418  4597  4643 I DetoxActionHandlers: 	at org.apache.commons.lang3.reflect.MethodUtils.invokeStaticMethod(MethodUtils.java:405)
04-06 10:54:33.418  4597  4643 I DetoxActionHandlers: 	at com.wix.invoke.types.ClassTarget.execute(ClassTarget.java:23)
04-06 10:54:33.418  4597  4643 I DetoxActionHandlers: 	at com.wix.invoke.types.Target.invoke(Target.java:59)
04-06 10:54:33.418  4597  4643 I DetoxActionHandlers: 	at com.wix.invoke.MethodInvocation.invoke(MethodInvocation.java:35)
04-06 10:54:33.418  4597  4643 I DetoxActionHandlers: 	at com.wix.invoke.MethodInvocation.invoke(MethodInvocation.java:26)
04-06 10:54:33.418  4597  4643 I DetoxActionHandlers: 	at com.wix.invoke.MethodInvocation.invoke(MethodInvocation.java:20)
04-06 10:54:33.418  4597  4643 I DetoxActionHandlers: 	at com.wix.detox.adapters.server.InvokeActionHandler.handle(DetoxActionHandlers.kt:54)
04-06 10:54:33.418  4597  4643 I DetoxActionHandlers: 	at com.wix.detox.adapters.server.ActionsExecutor.executeAction$lambda$2$lambda$1(DetoxActionsDispatcher.kt:76)
04-06 10:54:33.418  4597  4643 I DetoxActionHandlers: 	at com.wix.detox.adapters.server.ActionsExecutor.$r8$lambda$GVbB7LHtBHxNHGbgYnHJ6YrwCqs(Unknown Source:0)
04-06 10:54:33.418  4597  4643 I DetoxActionHandlers: 	at com.wix.detox.adapters.server.ActionsExecutor$$ExternalSyntheticLambda0.run(D8$$SyntheticClass:0)
04-06 10:54:33.418  4597  4643 I DetoxActionHandlers: 	at android.os.Handler.handleCallback(Handler.java:942)
04-06 10:54:33.418  4597  4643 I DetoxActionHandlers: 	at android.os.Handler.dispatchMessage(Handler.java:99)
04-06 10:54:33.418  4597  4643 I DetoxActionHandlers: 	at android.os.Looper.loopOnce(Looper.java:226)
04-06 10:54:33.418  4597  4643 I DetoxActionHandlers: 	at android.os.Looper.loop(Looper.java:313)
04-06 10:54:33.418  4597  4643 I DetoxActionHandlers: 	at com.wix.detox.adapters.server.ActionsExecutor._init_$lambda$0(DetoxActionsDispatcher.kt:62)
04-06 10:54:33.418  4597  4643 I DetoxActionHandlers: 	at com.wix.detox.adapters.server.ActionsExecutor.$r8$lambda$xlgL0CQim6vNM0wWEqM8JIDgZUE(Unknown Source:0)
04-06 10:54:33.418  4597  4643 I DetoxActionHandlers: 	at com.wix.detox.adapters.server.ActionsExecutor$$ExternalSyntheticLambda1.run(D8$$SyntheticClass:0)
04-06 10:54:33.418  4597  4643 I DetoxActionHandlers: 	at java.lang.Thread.run(Thread.java:1012)
04-06 10:54:33.418  4597  4643 I DetoxActionHandlers: Caused by: com.wix.detox.common.DetoxErrors$DetoxRuntimeException: 3.0sec timeout expired without matching of given matcher: (view has effective visibility <VISIBLE> and view.getGlobalVisibleRect() covers at least <75> percent of the view's area)
04-06 10:54:33.418  4597  4643 I DetoxActionHandlers: 	at com.wix.detox.espresso.DetoxAssertion.waitForAssertMatcher(DetoxAssertion.java:72)
04-06 10:54:33.418  4597  4643 I DetoxActionHandlers: 	... 20 more
04-06 10:54:33.418  4597  4643 I DetoxWSClient: Sending out action 'testFailed' (ID #37)
04-06 10:54:33.418  4597  4643 I DetoxDispatcher: Done with action 'invoke'
04-06 10:54:33.423  4597  4647 D DetoxWSClient: Received action 'invoke' (ID #38, params={"target":{"type":"Class","value":"com.wix.detox.espresso.EspressoDetox"},"method":"perform","args":[{"type":"Invocation","value":{"target":{"type":"Class","value":"com.wix.detox.espresso.DetoxMatcher"},"method":"matcherForTestId","args":["workout-scroll",{"type":"boolean","value":false}]}},{"type":"Invocation","value":{"target":{"type":"Class","value":"com.wix.detox.espresso.DetoxAction"},"method":"swipeInDirection","args":[{"type":"Integer","value":4},{"type":"boolean","value":true},{"type":"Double","value":0.8},{"type":"Double","value":null},{"type":"Double","value":null}]}}]})
04-06 10:54:33.424  4597  4643 I DetoxDispatcher: Handling action 'invoke' (ID #38)...
04-06 10:54:33.425  4597  4643 D Detox   : class com.wix.detox.espresso.DetoxMatcher, matcherForTestId, [workout-scroll, false]
04-06 10:54:33.426  4597  4643 D Detox   : class com.wix.detox.espresso.DetoxAction, swipeInDirection, [4, true, 0.8, NaN, NaN]
04-06 10:54:33.427  4597  4643 D Detox   : class com.wix.detox.espresso.EspressoDetox, perform, [(view.getTag() is "workout-scroll" and view has effective visibility <VISIBLE>), androidx.test.espresso.action.GeneralSwipeAction@d5aaa29]
04-06 10:54:33.435  4597  4597 I ViewInteraction: Performing 'fast swipe' action on view (view.getTag() is "workout-scroll" and view has effective visibility <VISIBLE>)
04-06 10:54:33.442  4597  4597 I ViewRootImpl@914008f[MainActivity]: ViewPostIme pointer 0
04-06 10:54:33.484  4597  4597 I IMM_LC  : hsifw() - flag : 0
04-06 10:54:33.484  4597  4597 I IMM_LC  : hsifw() - mService.hideSoftInput
04-06 10:54:33.606  4597  4597 I ViewRootImpl@914008f[MainActivity]: ViewPostIme pointer 1
04-06 10:54:33.700  4597  4643 I DetoxWSClient: Sending out action 'invokeResult' (ID #38)
04-06 10:54:33.701  4597  4643 I DetoxDispatcher: Done with action 'invoke'
04-06 10:54:33.704  4597  4647 D DetoxWSClient: Received action 'invoke' (ID #39, params={"target":{"type":"Class","value":"com.wix.detox.espresso.DetoxAssertion"},"method":"waitForAssertMatcher","args":[{"type":"Invocation","value":{"target":{"type":"Class","value":"androidx.test.espresso.Espresso"},"method":"onView","args":[{"type":"Invocation","value":{"target":{"type":"Class","value":"com.wix.detox.espresso.DetoxMatcher"},"method":"matcherForTestId","args":["serie-salva-indicator",{"type":"boolean","value":false}]}}]}},{"type":"Invocation","value":{"target":{"type":"Class","value":"com.wix.detox.espresso.DetoxMatcher"},"method":"matcherForSufficientlyVisible","args":[{"type":"Integer","value":75}]}},{"type":"Double","value":3}]})
04-06 10:54:33.704  4597  4643 I DetoxDispatcher: Handling action 'invoke' (ID #39)...
04-06 10:54:33.705  4597  4643 D Detox   : class com.wix.detox.espresso.DetoxMatcher, matcherForTestId, [serie-salva-indicator, false]
04-06 10:54:33.705  4597  4643 D Detox   : class androidx.test.espresso.Espresso, onView, [(view.getTag() is "serie-salva-indicator" and view has effective visibility <VISIBLE>)]
04-06 10:54:33.706  4597  4643 D Detox   : class com.wix.detox.espresso.DetoxMatcher, matcherForSufficientlyVisible, [75]
04-06 10:54:33.706  4597  4643 D Detox   : class com.wix.detox.espresso.DetoxAssertion, waitForAssertMatcher, [androidx.test.espresso.ViewInteraction@ecabfe5, (view has effective visibility <VISIBLE> and view.getGlobalVisibleRect() covers at least <75> percent of the view's area), 3.0]
04-06 10:54:33.822  4597  4597 I ViewInteraction: Checking 'MatchesViewAssertion(Detox){viewMatcher=(view has effective visibility <VISIBLE> and view.getGlobalVisibleRect() covers at least <75> percent of the view's area)}' assertion on view (view.getTag() is "serie-salva-indicator" and view has effective visibility <VISIBLE>)
04-06 10:54:33.951  4597  4597 I ViewInteraction: Checking 'MatchesViewAssertion(Detox){viewMatcher=(view has effective visibility <VISIBLE> and view.getGlobalVisibleRect() covers at least <75> percent of the view's area)}' assertion on view (view.getTag() is "serie-salva-indicator" and view has effective visibility <VISIBLE>)
04-06 10:54:34.384  4597  4597 I ViewInteraction: Checking 'MatchesViewAssertion(Detox){viewMatcher=(view has effective visibility <VISIBLE> and view.getGlobalVisibleRect() covers at least <75> percent of the view's area)}' assertion on view (view.getTag() is "serie-salva-indicator" and view has effective visibility <VISIBLE>)
04-06 10:54:34.512  4597  4597 I ViewInteraction: Checking 'MatchesViewAssertion(Detox){viewMatcher=(view has effective visibility <VISIBLE> and view.getGlobalVisibleRect() covers at least <75> percent of the view's area)}' assertion on view (view.getTag() is "serie-salva-indicator" and view has effective visibility <VISIBLE>)
04-06 10:54:34.641  4597  4597 I ViewInteraction: Checking 'MatchesViewAssertion(Detox){viewMatcher=(view has effective visibility <VISIBLE> and view.getGlobalVisibleRect() covers at least <75> percent of the view's area)}' assertion on view (view.getTag() is "serie-salva-indicator" and view has effective visibility <VISIBLE>)
04-06 10:54:34.774  4597  4597 I ViewInteraction: Checking 'MatchesViewAssertion(Detox){viewMatcher=(view has effective visibility <VISIBLE> and view.getGlobalVisibleRect() covers at least <75> percent of the view's area)}' assertion on view (view.getTag() is "serie-salva-indicator" and view has effective visibility <VISIBLE>)
04-06 10:54:34.894  4597  4597 I ViewInteraction: Checking 'MatchesViewAssertion(Detox){viewMatcher=(view has effective visibility <VISIBLE> and view.getGlobalVisibleRect() covers at least <75> percent of the view's area)}' assertion on view (view.getTag() is "serie-salva-indicator" and view has effective visibility <VISIBLE>)
04-06 10:54:35.022  4597  4597 I ViewInteraction: Checking 'MatchesViewAssertion(Detox){viewMatcher=(view has effective visibility <VISIBLE> and view.getGlobalVisibleRect() covers at least <75> percent of the view's area)}' assertion on view (view.getTag() is "serie-salva-indicator" and view has effective visibility <VISIBLE>)
04-06 10:54:35.144  4597  4597 I ViewInteraction: Checking 'MatchesViewAssertion(Detox){viewMatcher=(view has effective visibility <VISIBLE> and view.getGlobalVisibleRect() covers at least <75> percent of the view's area)}' assertion on view (view.getTag() is "serie-salva-indicator" and view has effective visibility <VISIBLE>)
04-06 10:54:35.268  4597  4597 I ViewInteraction: Checking 'MatchesViewAssertion(Detox){viewMatcher=(view has effective visibility <VISIBLE> and view.getGlobalVisibleRect() covers at least <75> percent of the view's area)}' assertion on view (view.getTag() is "serie-salva-indicator" and view has effective visibility <VISIBLE>)
04-06 10:54:35.392  4597  4597 I ViewInteraction: Checking 'MatchesViewAssertion(Detox){viewMatcher=(view has effective visibility <VISIBLE> and view.getGlobalVisibleRect() covers at least <75> percent of the view's area)}' assertion on view (view.getTag() is "serie-salva-indicator" and view has effective visibility <VISIBLE>)
04-06 10:54:35.513  4597  4597 I ViewInteraction: Checking 'MatchesViewAssertion(Detox){viewMatcher=(view has effective visibility <VISIBLE> and view.getGlobalVisibleRect() covers at least <75> percent of the view's area)}' assertion on view (view.getTag() is "serie-salva-indicator" and view has effective visibility <VISIBLE>)
04-06 10:54:35.643  4597  4597 I ViewInteraction: Checking 'MatchesViewAssertion(Detox){viewMatcher=(view has effective visibility <VISIBLE> and view.getGlobalVisibleRect() covers at least <75> percent of the view's area)}' assertion on view (view.getTag() is "serie-salva-indicator" and view has effective visibility <VISIBLE>)
04-06 10:54:35.769  4597  4597 I ViewInteraction: Checking 'MatchesViewAssertion(Detox){viewMatcher=(view has effective visibility <VISIBLE> and view.getGlobalVisibleRect() covers at least <75> percent of the view's area)}' assertion on view (view.getTag() is "serie-salva-indicator" and view has effective visibility <VISIBLE>)
04-06 10:54:35.910  4597  4597 I ViewInteraction: Checking 'MatchesViewAssertion(Detox){viewMatcher=(view has effective visibility <VISIBLE> and view.getGlobalVisibleRect() covers at least <75> percent of the view's area)}' assertion on view (view.getTag() is "serie-salva-indicator" and view has effective visibility <VISIBLE>)
04-06 10:54:36.044  4597  4597 I ViewInteraction: Checking 'MatchesViewAssertion(Detox){viewMatcher=(view has effective visibility <VISIBLE> and view.getGlobalVisibleRect() covers at least <75> percent of the view's area)}' assertion on view (view.getTag() is "serie-salva-indicator" and view has effective visibility <VISIBLE>)
04-06 10:54:36.184  4597  4597 I ViewInteraction: Checking 'MatchesViewAssertion(Detox){viewMatcher=(view has effective visibility <VISIBLE> and view.getGlobalVisibleRect() covers at least <75> percent of the view's area)}' assertion on view (view.getTag() is "serie-salva-indicator" and view has effective visibility <VISIBLE>)
04-06 10:54:36.318  4597  4597 I ViewInteraction: Checking 'MatchesViewAssertion(Detox){viewMatcher=(view has effective visibility <VISIBLE> and view.getGlobalVisibleRect() covers at least <75> percent of the view's area)}' assertion on view (view.getTag() is "serie-salva-indicator" and view has effective visibility <VISIBLE>)
04-06 10:54:36.461  4597  4597 I ViewInteraction: Checking 'MatchesViewAssertion(Detox){viewMatcher=(view has effective visibility <VISIBLE> and view.getGlobalVisibleRect() covers at least <75> percent of the view's area)}' assertion on view (view.getTag() is "serie-salva-indicator" and view has effective visibility <VISIBLE>)
04-06 10:54:36.594  4597  4597 I ViewInteraction: Checking 'MatchesViewAssertion(Detox){viewMatcher=(view has effective visibility <VISIBLE> and view.getGlobalVisibleRect() covers at least <75> percent of the view's area)}' assertion on view (view.getTag() is "serie-salva-indicator" and view has effective visibility <VISIBLE>)
04-06 10:54:36.728  4597  4597 I ViewInteraction: Checking 'MatchesViewAssertion(Detox){viewMatcher=(view has effective visibility <VISIBLE> and view.getGlobalVisibleRect() covers at least <75> percent of the view's area)}' assertion on view (view.getTag() is "serie-salva-indicator" and view has effective visibility <VISIBLE>)
04-06 10:54:36.757  4597  4643 I DetoxActionHandlers: Test exception
04-06 10:54:36.757  4597  4643 I DetoxActionHandlers: java.lang.reflect.InvocationTargetException
04-06 10:54:36.757  4597  4643 I DetoxActionHandlers: 	at java.lang.reflect.Method.invoke(Native Method)
04-06 10:54:36.757  4597  4643 I DetoxActionHandlers: 	at org.apache.commons.lang3.reflect.MethodUtils.invokeStaticMethod(MethodUtils.java:443)
04-06 10:54:36.757  4597  4643 I DetoxActionHandlers: 	at org.apache.commons.lang3.reflect.MethodUtils.invokeStaticMethod(MethodUtils.java:405)
04-06 10:54:36.757  4597  4643 I DetoxActionHandlers: 	at com.wix.invoke.types.ClassTarget.execute(ClassTarget.java:23)
04-06 10:54:36.757  4597  4643 I DetoxActionHandlers: 	at com.wix.invoke.types.Target.invoke(Target.java:59)
04-06 10:54:36.757  4597  4643 I DetoxActionHandlers: 	at com.wix.invoke.MethodInvocation.invoke(MethodInvocation.java:35)
04-06 10:54:36.757  4597  4643 I DetoxActionHandlers: 	at com.wix.invoke.MethodInvocation.invoke(MethodInvocation.java:26)
04-06 10:54:36.757  4597  4643 I DetoxActionHandlers: 	at com.wix.invoke.MethodInvocation.invoke(MethodInvocation.java:20)
04-06 10:54:36.757  4597  4643 I DetoxActionHandlers: 	at com.wix.detox.adapters.server.InvokeActionHandler.handle(DetoxActionHandlers.kt:54)
04-06 10:54:36.757  4597  4643 I DetoxActionHandlers: 	at com.wix.detox.adapters.server.ActionsExecutor.executeAction$lambda$2$lambda$1(DetoxActionsDispatcher.kt:76)
04-06 10:54:36.757  4597  4643 I DetoxActionHandlers: 	at com.wix.detox.adapters.server.ActionsExecutor.$r8$lambda$GVbB7LHtBHxNHGbgYnHJ6YrwCqs(Unknown Source:0)
04-06 10:54:36.757  4597  4643 I DetoxActionHandlers: 	at com.wix.detox.adapters.server.ActionsExecutor$$ExternalSyntheticLambda0.run(D8$$SyntheticClass:0)
04-06 10:54:36.757  4597  4643 I DetoxActionHandlers: 	at android.os.Handler.handleCallback(Handler.java:942)
04-06 10:54:36.757  4597  4643 I DetoxActionHandlers: 	at android.os.Handler.dispatchMessage(Handler.java:99)
04-06 10:54:36.757  4597  4643 I DetoxActionHandlers: 	at android.os.Looper.loopOnce(Looper.java:226)
04-06 10:54:36.757  4597  4643 I DetoxActionHandlers: 	at android.os.Looper.loop(Looper.java:313)
04-06 10:54:36.757  4597  4643 I DetoxActionHandlers: 	at com.wix.detox.adapters.server.ActionsExecutor._init_$lambda$0(DetoxActionsDispatcher.kt:62)
04-06 10:54:36.757  4597  4643 I DetoxActionHandlers: 	at com.wix.detox.adapters.server.ActionsExecutor.$r8$lambda$xlgL0CQim6vNM0wWEqM8JIDgZUE(Unknown Source:0)
04-06 10:54:36.757  4597  4643 I DetoxActionHandlers: 	at com.wix.detox.adapters.server.ActionsExecutor$$ExternalSyntheticLambda1.run(D8$$SyntheticClass:0)
04-06 10:54:36.757  4597  4643 I DetoxActionHandlers: 	at java.lang.Thread.run(Thread.java:1012)
04-06 10:54:36.757  4597  4643 I DetoxActionHandlers: Caused by: com.wix.detox.common.DetoxErrors$DetoxRuntimeException: 3.0sec timeout expired without matching of given matcher: (view has effective visibility <VISIBLE> and view.getGlobalVisibleRect() covers at least <75> percent of the view's area)
04-06 10:54:36.757  4597  4643 I DetoxActionHandlers: 	at com.wix.detox.espresso.DetoxAssertion.waitForAssertMatcher(DetoxAssertion.java:72)
04-06 10:54:36.757  4597  4643 I DetoxActionHandlers: 	... 20 more
04-06 10:54:36.758  4597  4643 I DetoxWSClient: Sending out action 'testFailed' (ID #39)
04-06 10:54:36.758  4597  4643 I DetoxDispatcher: Done with action 'invoke'
04-06 10:54:36.763  4597  4647 D DetoxWSClient: Received action 'invoke' (ID #40, params={"target":{"type":"Class","value":"com.wix.detox.espresso.EspressoDetox"},"method":"perform","args":[{"type":"Invocation","value":{"target":{"type":"Class","value":"com.wix.detox.espresso.DetoxMatcher"},"method":"matcherForTestId","args":["workout-scroll",{"type":"boolean","value":false}]}},{"type":"Invocation","value":{"target":{"type":"Class","value":"com.wix.detox.espresso.DetoxAction"},"method":"swipeInDirection","args":[{"type":"Integer","value":4},{"type":"boolean","value":true},{"type":"Double","value":0.8},{"type":"Double","value":null},{"type":"Double","value":null}]}}]})
04-06 10:54:36.763  4597  4643 I DetoxDispatcher: Handling action 'invoke' (ID #40)...
04-06 10:54:36.764  4597  4643 D Detox   : class com.wix.detox.espresso.DetoxMatcher, matcherForTestId, [workout-scroll, false]
04-06 10:54:36.765  4597  4643 D Detox   : class com.wix.detox.espresso.DetoxAction, swipeInDirection, [4, true, 0.8, NaN, NaN]
04-06 10:54:36.765  4597  4643 D Detox   : class com.wix.detox.espresso.EspressoDetox, perform, [(view.getTag() is "workout-scroll" and view has effective visibility <VISIBLE>), androidx.test.espresso.action.GeneralSwipeAction@41b00c8]
04-06 10:54:36.772  4597  4597 I ViewInteraction: Performing 'fast swipe' action on view (view.getTag() is "workout-scroll" and view has effective visibility <VISIBLE>)
04-06 10:54:36.778  4597  4597 I ViewRootImpl@914008f[MainActivity]: ViewPostIme pointer 0
04-06 10:54:36.942  4597  4597 I ViewRootImpl@914008f[MainActivity]: ViewPostIme pointer 1
04-06 10:54:37.032  4597  4643 I DetoxWSClient: Sending out action 'invokeResult' (ID #40)
04-06 10:54:37.032  4597  4643 I DetoxDispatcher: Done with action 'invoke'
04-06 10:54:37.035  4597  4647 D DetoxWSClient: Received action 'invoke' (ID #41, params={"target":{"type":"Class","value":"com.wix.detox.espresso.DetoxAssertion"},"method":"waitForAssertMatcher","args":[{"type":"Invocation","value":{"target":{"type":"Class","value":"androidx.test.espresso.Espresso"},"method":"onView","args":[{"type":"Invocation","value":{"target":{"type":"Class","value":"com.wix.detox.espresso.DetoxMatcher"},"method":"matcherForTestId","args":["serie-salva-indicator",{"type":"boolean","value":false}]}}]}},{"type":"Invocation","value":{"target":{"type":"Class","value":"com.wix.detox.espresso.DetoxMatcher"},"method":"matcherForSufficientlyVisible","args":[{"type":"Integer","value":75}]}},{"type":"Double","value":3}]})
04-06 10:54:37.036  4597  4643 I DetoxDispatcher: Handling action 'invoke' (ID #41)...
04-06 10:54:37.036  4597  4643 D Detox   : class com.wix.detox.espresso.DetoxMatcher, matcherForTestId, [serie-salva-indicator, false]
04-06 10:54:37.036  4597  4643 D Detox   : class androidx.test.espresso.Espresso, onView, [(view.getTag() is "serie-salva-indicator" and view has effective visibility <VISIBLE>)]
04-06 10:54:37.037  4597  4643 D Detox   : class com.wix.detox.espresso.DetoxMatcher, matcherForSufficientlyVisible, [75]
04-06 10:54:37.040  4597  4643 D Detox   : class com.wix.detox.espresso.DetoxAssertion, waitForAssertMatcher, [androidx.test.espresso.ViewInteraction@ff7b886, (view has effective visibility <VISIBLE> and view.getGlobalVisibleRect() covers at least <75> percent of the view's area), 3.0]
04-06 10:54:37.140  4597  4597 I ViewInteraction: Checking 'MatchesViewAssertion(Detox){viewMatcher=(view has effective visibility <VISIBLE> and view.getGlobalVisibleRect() covers at least <75> percent of the view's area)}' assertion on view (view.getTag() is "serie-salva-indicator" and view has effective visibility <VISIBLE>)
04-06 10:54:37.259  4597  4597 I ViewInteraction: Checking 'MatchesViewAssertion(Detox){viewMatcher=(view has effective visibility <VISIBLE> and view.getGlobalVisibleRect() covers at least <75> percent of the view's area)}' assertion on view (view.getTag() is "serie-salva-indicator" and view has effective visibility <VISIBLE>)
04-06 10:54:37.395  4597  4597 I ViewInteraction: Checking 'MatchesViewAssertion(Detox){viewMatcher=(view has effective visibility <VISIBLE> and view.getGlobalVisibleRect() covers at least <75> percent of the view's area)}' assertion on view (view.getTag() is "serie-salva-indicator" and view has effective visibility <VISIBLE>)
04-06 10:54:37.771  4597  4597 I ViewInteraction: Checking 'MatchesViewAssertion(Detox){viewMatcher=(view has effective visibility <VISIBLE> and view.getGlobalVisibleRect() covers at least <75> percent of the view's area)}' assertion on view (view.getTag() is "serie-salva-indicator" and view has effective visibility <VISIBLE>)
04-06 10:54:37.901  4597  4597 I ViewInteraction: Checking 'MatchesViewAssertion(Detox){viewMatcher=(view has effective visibility <VISIBLE> and view.getGlobalVisibleRect() covers at least <75> percent of the view's area)}' assertion on view (view.getTag() is "serie-salva-indicator" and view has effective visibility <VISIBLE>)
04-06 10:54:38.021  4597  4597 I ViewInteraction: Checking 'MatchesViewAssertion(Detox){viewMatcher=(view has effective visibility <VISIBLE> and view.getGlobalVisibleRect() covers at least <75> percent of the view's area)}' assertion on view (view.getTag() is "serie-salva-indicator" and view has effective visibility <VISIBLE>)
04-06 10:54:38.138  4597  4597 I ViewInteraction: Checking 'MatchesViewAssertion(Detox){viewMatcher=(view has effective visibility <VISIBLE> and view.getGlobalVisibleRect() covers at least <75> percent of the view's area)}' assertion on view (view.getTag() is "serie-salva-indicator" and view has effective visibility <VISIBLE>)
04-06 10:54:38.264  4597  4597 I ViewInteraction: Checking 'MatchesViewAssertion(Detox){viewMatcher=(view has effective visibility <VISIBLE> and view.getGlobalVisibleRect() covers at least <75> percent of the view's area)}' assertion on view (view.getTag() is "serie-salva-indicator" and view has effective visibility <VISIBLE>)
04-06 10:54:38.384  4597  4597 I ViewInteraction: Checking 'MatchesViewAssertion(Detox){viewMatcher=(view has effective visibility <VISIBLE> and view.getGlobalVisibleRect() covers at least <75> percent of the view's area)}' assertion on view (view.getTag() is "serie-salva-indicator" and view has effective visibility <VISIBLE>)
04-06 10:54:38.507  4597  4597 I ViewInteraction: Checking 'MatchesViewAssertion(Detox){viewMatcher=(view has effective visibility <VISIBLE> and view.getGlobalVisibleRect() covers at least <75> percent of the view's area)}' assertion on view (view.getTag() is "serie-salva-indicator" and view has effective visibility <VISIBLE>)
04-06 10:54:38.626  4597  4597 I ViewInteraction: Checking 'MatchesViewAssertion(Detox){viewMatcher=(view has effective visibility <VISIBLE> and view.getGlobalVisibleRect() covers at least <75> percent of the view's area)}' assertion on view (view.getTag() is "serie-salva-indicator" and view has effective visibility <VISIBLE>)
04-06 10:54:38.749  4597  4597 I ViewInteraction: Checking 'MatchesViewAssertion(Detox){viewMatcher=(view has effective visibility <VISIBLE> and view.getGlobalVisibleRect() covers at least <75> percent of the view's area)}' assertion on view (view.getTag() is "serie-salva-indicator" and view has effective visibility <VISIBLE>)
04-06 10:54:38.867  4597  4597 I ViewInteraction: Checking 'MatchesViewAssertion(Detox){viewMatcher=(view has effective visibility <VISIBLE> and view.getGlobalVisibleRect() covers at least <75> percent of the view's area)}' assertion on view (view.getTag() is "serie-salva-indicator" and view has effective visibility <VISIBLE>)
04-06 10:54:38.988  4597  4597 I ViewInteraction: Checking 'MatchesViewAssertion(Detox){viewMatcher=(view has effective visibility <VISIBLE> and view.getGlobalVisibleRect() covers at least <75> percent of the view's area)}' assertion on view (view.getTag() is "serie-salva-indicator" and view has effective visibility <VISIBLE>)
04-06 10:54:39.114  4597  4597 I ViewInteraction: Checking 'MatchesViewAssertion(Detox){viewMatcher=(view has effective visibility <VISIBLE> and view.getGlobalVisibleRect() covers at least <75> percent of the view's area)}' assertion on view (view.getTag() is "serie-salva-indicator" and view has effective visibility <VISIBLE>)
04-06 10:54:39.239  4597  4597 I ViewInteraction: Checking 'MatchesViewAssertion(Detox){viewMatcher=(view has effective visibility <VISIBLE> and view.getGlobalVisibleRect() covers at least <75> percent of the view's area)}' assertion on view (view.getTag() is "serie-salva-indicator" and view has effective visibility <VISIBLE>)
04-06 10:54:39.366  4597  4597 I ViewInteraction: Checking 'MatchesViewAssertion(Detox){viewMatcher=(view has effective visibility <VISIBLE> and view.getGlobalVisibleRect() covers at least <75> percent of the view's area)}' assertion on view (view.getTag() is "serie-salva-indicator" and view has effective visibility <VISIBLE>)
04-06 10:54:39.497  4597  4597 I ViewInteraction: Checking 'MatchesViewAssertion(Detox){viewMatcher=(view has effective visibility <VISIBLE> and view.getGlobalVisibleRect() covers at least <75> percent of the view's area)}' assertion on view (view.getTag() is "serie-salva-indicator" and view has effective visibility <VISIBLE>)
04-06 10:54:39.627  4597  4597 I ViewInteraction: Checking 'MatchesViewAssertion(Detox){viewMatcher=(view has effective visibility <VISIBLE> and view.getGlobalVisibleRect() covers at least <75> percent of the view's area)}' assertion on view (view.getTag() is "serie-salva-indicator" and view has effective visibility <VISIBLE>)
