04-06 19:59:31.323 25009 25039 D IdlingRegistry: Registering idling resources: [com.wix.detox.reactnative.idlingresources.network.NetworkIdlingResource@3d3ff94]
04-06 19:59:31.323 25009 25039 D IdlingRegistry: Registering idling resources: [com.wix.detox.reactnative.idlingresources.StabilizedIdlingResource@99b1a3d]
04-06 19:59:31.338 25009 25099 W om.evolucao.app: Accessing hidden method Landroid/os/MessageQueue;->next()Landroid/os/Message; (unsupported, reflection, allowed)
04-06 19:59:31.338 25009 25099 W om.evolucao.app: Accessing hidden field Landroid/os/MessageQueue;->mMessages:Landroid/os/Message; (unsupported, reflection, allowed)
04-06 19:59:31.338 25009 25099 W om.evolucao.app: Accessing hidden method Landroid/os/Message;->recycleUnchecked()V (unsupported, reflection, allowed)
04-06 19:59:31.491 25009 25009 D DetoxRNHelpers: Native RN module resolution (class com.reactnativecommunity.asyncstorage.AsyncStorageModule): no registered module found
04-06 19:59:31.492 25009 25047 W om.evolucao.app: Long monitor contention with owner Instr: androidx.test.runner.AndroidJUnitRunner (25039) at void com.wix.detox.DetoxMain.launchActivityOnCue(android.content.Context, com.wix.detox.ActivityLaunchHelper)(DetoxMain.kt:53) waiters=0 in void com.wix.detox.DetoxMain$setupActionHandlers$SynchronizedActionHandler.handle(java.lang.String, long) for 909ms
04-06 19:59:31.559 25009 25099 I WebViewFactory: Loading com.google.android.webview version 146.0.7680.164 (code 768016403)
04-06 19:59:31.561 25009 25099 D ApplicationLoaders: Returning zygote-cached class loader: /system/framework/android.test.base.jar
04-06 19:59:31.566 25009 25099 D nativeloader: Configuring classloader-namespace for other apk /data/app/~~23ppwVuk64Fm9vdWCRWMMw==/com.google.android.webview-FPIphznatdLDx2VBYoD68A==/base.apk. target_sdk_version=36, uses_libraries=, library_path=/data/app/~~23ppwVuk64Fm9vdWCRWMMw==/com.google.android.webview-FPIphznatdLDx2VBYoD68A==/lib/arm64:/data/app/~~23ppwVuk64Fm9vdWCRWMMw==/com.google.android.webview-FPIphznatdLDx2VBYoD68A==/base.apk!/lib/arm64-v8a, permitted_path=/data:/mnt/expand
04-06 19:59:31.593 25009 25099 I cr_WVCFactoryProvider: version=146.0.7680.164 (768016403) minSdkVersion=29 multiprocess=true packageId=127 splits=<none>
04-06 19:59:31.606 25009 25098 W BridgelessReactContext: [WARNING] Bridgeless doesn't support CatalystInstance. Accessing an API that's not part of the new architecture is not encouraged usage.
04-06 19:59:31.613 25009 25124 I chromium: [0406/195931.610760:INFO:android_webview/browser/variations/variations_seed_loader.cc:67] Failed to open file for reading.: No such file or directory (2)
04-06 19:59:31.613 25009 25124 I chromium: [0406/195931.613940:INFO:android_webview/browser/variations/variations_seed_loader.cc:67] Failed to open file for reading.: No such file or directory (2)
04-06 19:59:31.613 25009 25098 I ExpoModulesCore: ✅ JSI interop was installed
04-06 19:59:31.619 25009 25098 I ExpoModulesCore: ✅ Constants were exported
04-06 19:59:31.629 25009 25099 I cr_LibraryLoader: Successfully loaded native library
04-06 19:59:31.631 25009 25099 I cr_CachingUmaRecorder: Flushed 16 samples from 16 histograms, 0 samples were dropped.
04-06 19:59:31.663 25009 25098 W unknown:ViewManagerPropertyUpdater: Could not find generated setter for class com.th3rdwave.safeareacontext.SafeAreaProviderManager
04-06 19:59:31.664 25009 25128 D TrafficStats: tagSocket(146) with statsTag=0xffffffff, statsUid=-1
04-06 19:59:31.666 25009 25098 W unknown:ViewManagerPropertyUpdater: Could not find generated setter for class com.facebook.react.uimanager.LayoutShadowNode
04-06 19:59:31.667 25009 25128 D TrafficStats: tagSocket(146) with statsTag=0xffffffff, statsUid=-1
04-06 19:59:31.668 25009 25098 W unknown:ViewManagerPropertyUpdater: Could not find generated setter for class com.swmansion.rnscreens.SearchBarManager
04-06 19:59:31.669 25009 25098 W unknown:ViewManagerPropertyUpdater: Could not find generated setter for class com.swmansion.rnscreens.ScreenFooterManager
04-06 19:59:31.669 25009 25098 W unknown:ViewManagerPropertyUpdater: Could not find generated setter for class com.swmansion.rnscreens.gamma.tabs.TabScreenViewManager
04-06 19:59:31.671 25009 25098 W unknown:ViewManagerPropertyUpdater: Could not find generated setter for class expo.modules.kotlin.views.GroupViewManagerWrapper
04-06 19:59:31.671 25009 25098 W unknown:ViewManagerPropertyUpdater: Could not find generated setter for class com.swmansion.rnscreens.ScreenContainerViewManager
04-06 19:59:31.672 25009 25098 W unknown:ViewManagerPropertyUpdater: Could not find generated setter for class com.swmansion.rnscreens.gamma.tabs.TabsHostViewManager
04-06 19:59:31.673 25009 25098 W unknown:ViewManagerPropertyUpdater: Could not find generated setter for class com.swmansion.rnscreens.ModalScreenViewManager
04-06 19:59:31.674 25009 25098 W unknown:ViewManagerPropertyUpdater: Could not find generated setter for class com.swmansion.rnscreens.ScreenStackHeaderConfigViewManager
04-06 19:59:31.675 25009 25098 W unknown:ViewManagerPropertyUpdater: Could not find generated setter for class com.swmansion.rnscreens.ScreenContentWrapperManager
04-06 19:59:31.675 25009 25098 W unknown:ViewManagerPropertyUpdater: Could not find generated setter for class com.th3rdwave.safeareacontext.SafeAreaViewManager
04-06 19:59:31.677 25009 25098 W unknown:ViewManagerPropertyUpdater: Could not find generated setter for class com.th3rdwave.safeareacontext.SafeAreaViewShadowNode
04-06 19:59:31.677 25009 25098 W unknown:ViewManagerPropertyUpdater: Could not find generated setter for class com.swmansion.rnscreens.safearea.SafeAreaViewManager
04-06 19:59:31.677 25009 25098 W unknown:ViewManagerPropertyUpdater: Could not find generated setter for class com.swmansion.rnscreens.safearea.paper.SafeAreaViewShadowNode
04-06 19:59:31.678 25009 25098 W unknown:ViewManagerPropertyUpdater: Could not find generated setter for class com.swmansion.rnscreens.ScreenViewManager
04-06 19:59:31.678 25009 25098 W unknown:ViewManagerPropertyUpdater: Could not find generated setter for class com.swmansion.rnscreens.gamma.stack.host.StackHostViewManager
04-06 19:59:31.679 25009 25098 W unknown:ViewManagerPropertyUpdater: Could not find generated setter for class com.swmansion.rnscreens.ScreenStackHeaderSubviewManager
04-06 19:59:31.679 25009 25098 W unknown:ViewManagerPropertyUpdater: Could not find generated setter for class com.swmansion.rnscreens.gamma.stack.screen.StackScreenViewManager
04-06 19:59:31.680 25009 25098 W unknown:ViewManagerPropertyUpdater: Could not find generated setter for class com.swmansion.rnscreens.ScreenStackViewManager
04-06 19:59:31.751 25009 25098 W unknown:ViewManagerPropertyUpdater: Could not find generated setter for class com.facebook.react.views.debuggingoverlay.DebuggingOverlayManager
04-06 19:59:31.755 25009 25098 W unknown:ViewManagerPropertyUpdater: Could not find generated setter for class com.swmansion.gesturehandler.react.RNGestureHandlerButtonViewManager
04-06 19:59:31.761 25009 25098 W unknown:ViewManagerPropertyUpdater: Could not find generated setter for class com.facebook.react.views.safeareaview.ReactSafeAreaViewManager
04-06 19:59:31.765 25009 25098 W unknown:ViewManagerPropertyUpdater: Could not find generated setter for class com.facebook.react.views.modal.ReactModalHostManager
04-06 19:59:31.770 25009 25098 W unknown:ViewManagerPropertyUpdater: Could not find generated setter for class com.facebook.react.views.text.frescosupport.FrescoBasedReactTextInlineImageViewManager
04-06 19:59:31.771 25009 25098 W unknown:ViewManagerPropertyUpdater: Could not find generated setter for class com.facebook.react.views.text.frescosupport.FrescoBasedReactTextInlineImageShadowNode
04-06 19:59:31.775 25009 25098 W unknown:ViewManagerPropertyUpdater: Could not find generated setter for class com.facebook.react.views.progressbar.ReactProgressBarViewManager
04-06 19:59:31.776 25009 25098 W unknown:ViewManagerPropertyUpdater: Could not find generated setter for class com.facebook.react.views.progressbar.ProgressBarShadowNode
04-06 19:59:31.781 25009 25098 W unknown:ViewManagerPropertyUpdater: Could not find generated setter for class com.facebook.react.views.scroll.ReactHorizontalScrollViewManager
04-06 19:59:31.788 25009 25098 W unknown:ViewManagerPropertyUpdater: Could not find generated setter for class com.facebook.react.views.image.ReactImageManager
04-06 19:59:31.797 25009 25098 W unknown:ViewManagerPropertyUpdater: Could not find generated setter for class com.facebook.react.views.text.ReactTextViewManager
04-06 19:59:31.798 25009 25098 W unknown:ViewManagerPropertyUpdater: Could not find generated setter for class com.facebook.react.views.text.ReactTextShadowNode
04-06 19:59:31.804 25009 25098 W unknown:ViewManagerPropertyUpdater: Could not find generated setter for class com.facebook.react.views.scroll.ReactHorizontalScrollContainerViewManager
04-06 19:59:31.809 25009 25098 W unknown:ViewManagerPropertyUpdater: Could not find generated setter for class com.facebook.react.views.unimplementedview.ReactUnimplementedViewManager
04-06 19:59:31.815 25009 25098 W unknown:ViewManagerPropertyUpdater: Could not find generated setter for class com.facebook.react.views.scroll.ReactScrollViewManager
04-06 19:59:31.820 25009 25098 W unknown:ViewManagerPropertyUpdater: Could not find generated setter for class com.facebook.react.views.view.ReactViewManager
04-06 19:59:31.826 25009 25098 W unknown:ViewManagerPropertyUpdater: Could not find generated setter for class com.facebook.react.views.drawer.ReactDrawerLayoutManager
04-06 19:59:31.831 25009 25098 W unknown:ViewManagerPropertyUpdater: Could not find generated setter for class com.facebook.react.views.switchview.ReactSwitchManager
04-06 19:59:31.832 25009 25098 W unknown:ViewManagerPropertyUpdater: Could not find generated setter for class com.facebook.react.views.switchview.ReactSwitchShadowNode
04-06 19:59:31.837 25009 25098 W unknown:ViewManagerPropertyUpdater: Could not find generated setter for class com.facebook.react.views.swiperefresh.SwipeRefreshLayoutManager
04-06 19:59:31.843 25009 25098 W unknown:ViewManagerPropertyUpdater: Could not find generated setter for class com.facebook.react.views.textinput.ReactTextInputManager
04-06 19:59:31.844 25009 25098 W unknown:ViewManagerPropertyUpdater: Could not find generated setter for class com.facebook.react.views.textinput.ReactTextInputShadowNode
04-06 19:59:31.850 25009 25098 W unknown:ViewManagerPropertyUpdater: Could not find generated setter for class com.swmansion.gesturehandler.react.RNGestureHandlerRootViewManager
04-06 19:59:31.882 25009 25128 D TrafficStats: tagSocket(146) with statsTag=0xffffffff, statsUid=-1
04-06 19:59:32.047 25009 25098 V AsyncStorageExpoMigration: No scoped database found
04-06 19:59:32.220 25009 25098 D Detox.RNMarker: RUN_JS_BUNDLE_END (/.virtual-metro-entry.bundle?platform=android&dev=true&lazy=true&minify=false&app=com.evolucao.app&modulesOnly=false&runModule=true&excludeSource=true&sourcePaths=url-server)
04-06 19:59:32.224 25009 25098 I ReactNativeJS: Running "main" with {"rootTag":1,"initialProps":{},"fabric":true}
04-06 19:59:32.301 25009 25130 D TrafficStats: tagSocket(135) with statsTag=0xffffffff, statsUid=-1
04-06 19:59:32.426 25009 25009 I DecorView: notifyKeepScreenOnChanged: keepScreenOn=true
04-06 19:59:32.441 25009 25009 D Detox.RNMarker: CONTENT_APPEARED (main)
04-06 19:59:32.446 25009 25009 I ViewRootImpl@73623ee[MainActivity]: performTraversals params={(0,0)(fillxfill) sim={adjust=resize} layoutInDisplayCutoutMode=always ty=BASE_APPLICATION wanim=0x1030309
04-06 19:59:32.446 25009 25009 I ViewRootImpl@73623ee[MainActivity]:   fl=81810180
04-06 19:59:32.446 25009 25009 I ViewRootImpl@73623ee[MainActivity]:   pfl=16020040
04-06 19:59:32.446 25009 25009 I ViewRootImpl@73623ee[MainActivity]:   vsysui=100
04-06 19:59:32.446 25009 25009 I ViewRootImpl@73623ee[MainActivity]:   bhv=DEFAULT
04-06 19:59:32.446 25009 25009 I ViewRootImpl@73623ee[MainActivity]:   fitSides= naviIconColor=0}
04-06 19:59:32.448 25009 25009 I ViewRootImpl@73623ee[MainActivity]: performTraversals mFirst=false windowShouldResize=false viewVisibilityChanged=false mForceNextWindowRelayout=false params={(0,0)(fillxfill) sim={adjust=resize} layoutInDisplayCutoutMode=always ty=BASE_APPLICATION wanim=0x1030309
04-06 19:59:32.448 25009 25009 I ViewRootImpl@73623ee[MainActivity]:   fl=81810180
04-06 19:59:32.448 25009 25009 I ViewRootImpl@73623ee[MainActivity]:   pfl=16020040
04-06 19:59:32.448 25009 25009 I ViewRootImpl@73623ee[MainActivity]:   vsysui=100
04-06 19:59:32.448 25009 25009 I ViewRootImpl@73623ee[MainActivity]:   bhv=DEFAULT
04-06 19:59:32.448 25009 25009 I ViewRootImpl@73623ee[MainActivity]:   fitSides= naviIconColor=0}
04-06 19:59:32.450 25009 25098 D Detox.RNMarker: REACT_BRIDGELESS_LOADING_END (null)
04-06 19:59:32.458 25009 25009 I ViewRootImpl@73623ee[MainActivity]: updateBlastSurfaceIfNeeded mBlastBufferQueue=0xb4000070c2d1b400 isSameSurfaceControl=true
04-06 19:59:32.459 25009 25009 I BLASTBufferQueue: update, w= 1080 h= 2400 mName = ViewRootImpl@73623ee[MainActivity] mNativeObject= 0xb4000070c2d1b400 sc.mNativeObject= 0xb4000070a0cf5a80 format= -1 caller= android.view.ViewRootImpl.updateBlastSurfaceIfNeeded:2898 android.view.ViewRootImpl.relayoutWindow:9847 android.view.ViewRootImpl.performTraversals:3884 android.view.ViewRootImpl.doTraversal:3116 android.view.ViewRootImpl$TraversalRunnable.run:10885 android.view.Choreographer$CallbackRecord.run:1301 
04-06 19:59:32.459 25009 25009 I ViewRootImpl@73623ee[MainActivity]: Relayout returned: old=(0,0,1080,2400) new=(0,0,1080,2400) req=(1080,2400)0 dur=10 res=0x0 s={true 0xb4000070a0e8c000} ch=false seqId=0
04-06 19:59:32.460 25009 25098 I ReactNativeJS: '[ANALYTICS]', 'app_opened', { event: 'app_opened',
04-06 19:59:32.460 25009 25098 I ReactNativeJS:   eventId: '1775516372454_9c93c1c91d24d8',
04-06 19:59:32.460 25009 25098 I ReactNativeJS:   appVersion: '1.0.0',
04-06 19:59:32.460 25009 25098 I ReactNativeJS:   category: 'engagement',
04-06 19:59:32.460 25009 25098 I ReactNativeJS:   userId: 'anonymous',
04-06 19:59:32.460 25009 25098 I ReactNativeJS:   timestamp: 1775516372454,
04-06 19:59:32.460 25009 25098 I ReactNativeJS:   timestampIso: '2026-04-06T22:59:32.454Z',
04-06 19:59:32.460 25009 25098 I ReactNativeJS:   screen: 'App',
04-06 19:59:32.460 25009 25098 I ReactNativeJS:   sessionId: 'session-1775516372438-0688a70c9da1a18',
04-06 19:59:32.460 25009 25098 I ReactNativeJS:   flowId: 'session-1775516372438-0688a70c9da1a18',
04-06 19:59:32.460 25009 25098 I ReactNativeJS:   meta: 
04-06 19:59:32.460 25009 25098 I ReactNativeJS:    { domain: 'engagement',
04-06 19:59:32.460 25009 25098 I ReactNativeJS:      version: 1,
04-06 19:59:32.460 25009 25098 I ReactNativeJS:      dayKey: '2026-04-06',
04-06 19:59:32.460 25009 25098 I ReactNativeJS:      isFirstOpenOfDay: true,
04-06 19:59:32.460 25009 25098 I ReactNativeJS:      category: 'engagement' } }
04-06 19:59:32.639 25009 25017 I om.evolucao.app: Compiler allocated 4177KB to compile void android.widget.TextView.<init>(android.content.Context, android.util.AttributeSet, int, int)
04-06 19:59:32.648 25009 25009 D CompatibilityChangeReporter: Compat change id reported: 171228096; UID 10751; state: ENABLED
04-06 19:59:32.650 25009 25009 D ScrollView: initGoToTop
04-06 19:59:32.650 25009 25009 W om.evolucao.app: Accessing hidden field Landroid/widget/ScrollView;->mScroller:Landroid/widget/OverScroller