04-06 12:02:59.587 30469 30469 I ViewRootImpl@5b0a702[PopupWindow:ea604d]:   bhv=DEFAULT
04-06 12:02:59.587 30469 30469 I ViewRootImpl@5b0a702[PopupWindow:ea604d]:   fitTypes=STATUS_BARS NAVIGATION_BARS CAPTION_BAR naviIconColor=0
04-06 12:02:59.587 30469 30469 I ViewRootImpl@5b0a702[PopupWindow:ea604d]:   sfl=20000}
04-06 12:02:59.588 30469 30469 I ViewRootImpl@5b0a702[PopupWindow:ea604d]: performTraversals mFirst=true windowShouldResize=true viewVisibilityChanged=false mForceNextWindowRelayout=false params={(0,88)(fillxwrap) gr=TOP START CENTER sim={state=unchanged adjust=pan} ty=APPLICATION_PANEL fmt=TRANSLUCENT surfaceInsets=Rect(0, 0 - 0, 0) (manual)
04-06 12:02:59.588 30469 30469 I ViewRootImpl@5b0a702[PopupWindow:ea604d]:   fl=41800008
04-06 12:02:59.588 30469 30469 I ViewRootImpl@5b0a702[PopupWindow:ea604d]:   pfl=42018000
04-06 12:02:59.588 30469 30469 I ViewRootImpl@5b0a702[PopupWindow:ea604d]:   bhv=DEFAULT
04-06 12:02:59.588 30469 30469 I ViewRootImpl@5b0a702[PopupWindow:ea604d]:   fitTypes=STATUS_BARS NAVIGATION_BARS CAPTION_BAR naviIconColor=0
04-06 12:02:59.588 30469 30469 I ViewRootImpl@5b0a702[PopupWindow:ea604d]:   sfl=20000}
04-06 12:02:59.590 30469 30484 I ViewRootImpl@5b0a702[PopupWindow:ea604d]: Resizing android.view.ViewRootImpl@5fcf26f: frame = [0,88][1080,167] reportDraw = true forceLayout = false syncSeqId = 0
04-06 12:02:59.592 30469 30469 I ViewRootImpl@5b0a702[PopupWindow:ea604d]: updateBlastSurfaceIfNeeded mBlastBufferQueue=null isSameSurfaceControl=false
04-06 12:02:59.592 30469 30469 I BLASTBufferQueue: new BLASTBufferQueue, mName= ViewRootImpl@5b0a702[PopupWindow:ea604d] mNativeObject= 0xb4000070c2d1c580 sc.mNativeObject= 0xb4000070a0d20fe0 caller= android.view.ViewRootImpl.updateBlastSurfaceIfNeeded:2909 android.view.ViewRootImpl.relayoutWindow:9847 android.view.ViewRootImpl.performTraversals:3884 android.view.ViewRootImpl.doTraversal:3116 android.view.ViewRootImpl$TraversalRunnable.run:10885 android.view.Choreographer$CallbackRecord.run:1301 android.view.Choreographer$CallbackRecord.run:1309 android.view.Choreographer.doCallbacks:923 android.view.Choreographer.doFrame:852 android.view.Choreographer$FrameDisplayEventReceiver.run:1283 
04-06 12:02:59.592 30469 30469 I BLASTBufferQueue: update, w= 1080 h= 79 mName = ViewRootImpl@5b0a702[PopupWindow:ea604d] mNativeObject= 0xb4000070c2d1c580 sc.mNativeObject= 0xb4000070a0d20fe0 format= -3 caller= android.graphics.BLASTBufferQueue.<init>:84 android.view.ViewRootImpl.updateBlastSurfaceIfNeeded:2909 android.view.ViewRootImpl.relayoutWindow:9847 android.view.ViewRootImpl.performTraversals:3884 android.view.ViewRootImpl.doTraversal:3116 android.view.ViewRootImpl$TraversalRunnable.run:10885 
04-06 12:02:59.592 30469 30469 I ViewRootImpl@5b0a702[PopupWindow:ea604d]: Relayout returned: old=(0,88,1080,2256) new=(0,88,1080,167) req=(1080,79)0 dur=4 res=0x3 s={true 0xb4000070a70b6800} ch=true seqId=0
04-06 12:02:59.593 30469 30469 I ViewRootImpl@5b0a702[PopupWindow:ea604d]: mThreadedRenderer.initialize() mSurface={isValid=true 0xb4000070a70b6800} hwInitialized=true
04-06 12:02:59.593 30469 30521 D OpenGLRenderer: eglCreateWindowSurface
04-06 12:02:59.594 30469 30469 I ViewRootImpl@5b0a702[PopupWindow:ea604d]: reportNextDraw android.view.ViewRootImpl.performTraversals:4438 android.view.ViewRootImpl.doTraversal:3116 android.view.ViewRootImpl$TraversalRunnable.run:10885 android.view.Choreographer$CallbackRecord.run:1301 android.view.Choreographer$CallbackRecord.run:1309 
04-06 12:02:59.594 30469 30469 I ViewRootImpl@5b0a702[PopupWindow:ea604d]: Setup new sync id=0
04-06 12:02:59.594 30469 30469 I ViewRootImpl@5b0a702[PopupWindow:ea604d]: Setting syncFrameCallback
04-06 12:02:59.594 30469 30469 I ViewRootImpl@5b0a702[PopupWindow:ea604d]: registerCallbacksForSync syncBuffer=false
04-06 12:02:59.595 30469 30545 I ViewRootImpl@5b0a702[PopupWindow:ea604d]: Received frameDrawingCallback syncResult=0 frameNum=1.
04-06 12:02:59.595 30469 30545 I ViewRootImpl@5b0a702[PopupWindow:ea604d]: Setting up sync and frameCommitCallback
04-06 12:02:59.601 30469 30521 I BLASTBufferQueue: [ViewRootImpl@5b0a702[PopupWindow:ea604d]#1](f:0,a:0) onFrameAvailable the first frame is available
04-06 12:02:59.602 30469 30521 I ViewRootImpl@5b0a702[PopupWindow:ea604d]: Received frameCommittedCallback lastAttemptedDrawFrameNum=1 didProduceBuffer=true
04-06 12:02:59.602 30469 30521 D OpenGLRenderer: CFMS:: SetUp Pid : 30469    Tid : 30521
04-06 12:02:59.602 30469 30521 W Parcel  : Expecting binder but got null!
04-06 12:02:59.603 30469 30469 I ViewRootImpl@5b0a702[PopupWindow:ea604d]: onSyncComplete
04-06 12:02:59.603 30469 30469 I ViewRootImpl@5b0a702[PopupWindow:ea604d]: setupSync seqId=0 mSyncId=0 fn=1 caller=android.view.ViewRootImpl$$ExternalSyntheticLambda11.accept:6 android.window.SurfaceSyncer.lambda$setupSync$1$android-window-SurfaceSyncer:128 android.window.SurfaceSyncer$$ExternalSyntheticLambda1.accept:8 android.window.SurfaceSyncer$SyncSet.checkIfSyncIsComplete:382 android.window.SurfaceSyncer$SyncSet.markSyncReady:359 android.window.SurfaceSyncer.markSyncReady:151 android.view.ViewRootImpl.performTraversals:4503 
04-06 12:02:59.603 30469 30469 I ViewRootImpl@5b0a702[PopupWindow:ea604d]: reportDrawFinished seqId=0 mSyncId=-1 fn=1 mSurfaceChangedTransaction=0xb4000070a0eaea00
04-06 12:02:59.605 30469 30469 I ViewRootImpl@5b0a702[PopupWindow:ea604d]: handleResized, msg = 5 frames=ClientWindowFrames{frame=[0,88][1080,167] display=[0,88][1080,2256] parentFrame=[0,0][0,0] parentClippedByDisplayCutout=false} forceNextWindowRelayout=false displayId=0 resizeMode=-1 frameChanged=false displayFrameChanged=false configChanged=false displayChanged=false
04-06 12:02:59.605 30469 30469 I ViewRootImpl@5b0a702[PopupWindow:ea604d]: handleResized mSyncSeqId = 0
04-06 12:02:59.605 30469 30469 I ViewRootImpl@5b0a702[PopupWindow:ea604d]: reportNextDraw android.view.ViewRootImpl.handleResized:2450 android.view.ViewRootImpl.-$$Nest$mhandleResized:0 android.view.ViewRootImpl$ViewRootHandler.handleMessageImpl:6728 android.view.ViewRootImpl$ViewRootHandler.handleMessage:6697 android.os.Handler.dispatchMessage:106 
04-06 12:02:59.616 30469 30469 I ViewRootImpl@5b0a702[PopupWindow:ea604d]: Setup new sync id=1
04-06 12:02:59.616 30469 30469 I ViewRootImpl@5b0a702[PopupWindow:ea604d]: Setting syncFrameCallback
04-06 12:02:59.616 30469 30469 I ViewRootImpl@5b0a702[PopupWindow:ea604d]: registerCallbacksForSync syncBuffer=false
04-06 12:02:59.617 30469 30544 I ViewRootImpl@5b0a702[PopupWindow:ea604d]: Received frameDrawingCallback syncResult=0 frameNum=3.
04-06 12:02:59.617 30469 30544 I ViewRootImpl@5b0a702[PopupWindow:ea604d]: Setting up sync and frameCommitCallback
04-06 12:02:59.623 30469 30521 I ViewRootImpl@5b0a702[PopupWindow:ea604d]: Received frameCommittedCallback lastAttemptedDrawFrameNum=3 didProduceBuffer=true
04-06 12:02:59.623 30469 30469 I ViewRootImpl@5b0a702[PopupWindow:ea604d]: onSyncComplete
04-06 12:02:59.624 30469 30469 I ViewRootImpl@5b0a702[PopupWindow:ea604d]: setupSync seqId=0 mSyncId=1 fn=3 caller=android.view.ViewRootImpl$$ExternalSyntheticLambda11.accept:6 android.window.SurfaceSyncer.lambda$setupSync$1$android-window-SurfaceSyncer:128 android.window.SurfaceSyncer$$ExternalSyntheticLambda1.accept:8 android.window.SurfaceSyncer$SyncSet.checkIfSyncIsComplete:382 android.window.SurfaceSyncer$SyncSet.markSyncReady:359 android.window.SurfaceSyncer.markSyncReady:151 android.view.ViewRootImpl.performTraversals:4503 
04-06 12:02:59.624 30469 30469 I ViewRootImpl@5b0a702[PopupWindow:ea604d]: reportDrawFinished seqId=0 mSyncId=-1 fn=3 mSurfaceChangedTransaction=0xb4000070a0eaea00
04-06 12:02:59.922 30469 30521 D OpenGLRenderer: setSurface called with nullptr
04-06 12:02:59.922 30469 30521 D OpenGLRenderer: setSurface() destroyed EGLSurface
04-06 12:02:59.922 30469 30521 D OpenGLRenderer: destroyEglSurface
04-06 12:02:59.922 30469 30541 D Detox.RNMarker: DOWNLOAD_END ({"url":"http:\/\/localhost:8081\/.expo\/.virtual-metro-entry.bundle?platform=android&dev=true&lazy=true&minify=false&app=com.evolucao.app&modulesOnly=false&runModule=true&excludeSource=true&sourcePaths=url-server","filesChangedCount":0})
04-06 12:02:59.922 30469 30541 W unknown:BridgelessReact: ReactHost{0}.loadJSBundleFromMetro(): Creating BundleLoader
04-06 12:02:59.923 30469 30469 I ViewRootImpl@5b0a702[PopupWindow:ea604d]: dispatchDetachedFromWindow
04-06 12:02:59.923 30469 30540 W unknown:BridgelessReact: ReactHost{0}.getOrCreateReactInstanceTask(): Creating BridgelessReactContext
04-06 12:02:59.925 30469 30540 W unknown:BridgelessReact: ReactHost{0}.getOrCreateReactInstanceTask(): Creating ReactInstance
04-06 12:02:59.926 30469 30469 D InputTransport: Input channel destroyed: 'dc00632', fd=126
04-06 12:02:59.936 30469 30540 D jni_lib_merge: Entering merged library JNI_OnLoad.
04-06 12:02:59.936 30469 30540 D jni_lib_merge: Preparing 4 pre-merged libs (including stub)
04-06 12:02:59.936 30469 30540 D jni_lib_merge: Preparing to register libhermes_executor_so.  onload_func: 0x7022472fa4
04-06 12:02:59.936 30469 30540 D jni_lib_merge: Preparing to register libhermesinstancejni_so.  onload_func: 0x70224ac8b4
04-06 12:02:59.936 30469 30540 D jni_lib_merge: Preparing to register libjsijniprofiler_so.  onload_func: 0x70224ae8f8
04-06 12:02:59.936 30469 30540 D jni_lib_merge: About to register 3 actual methods.
04-06 12:02:59.937 30469 30541 D TrafficStats: tagSocket(130) with statsTag=0xffffffff, statsUid=-1
04-06 12:03:00.033 30469 30540 I ExpoModulesCore: ✅ AppContext was initialized
04-06 12:03:00.065 30469 30540 W unknown:BridgelessReact: ReactHost{0}.getOrCreateReactInstanceTask(): Loading JS Bundle
04-06 12:03:00.065 30469 30540 W unknown:BridgelessReact: ReactHost{0}.getOrCreateReactInstanceTask(): DevSupportManager.onNewReactContextCreated()
04-06 12:03:00.065 30469 30561 D Detox.RNMarker: RUN_JS_BUNDLE_START (/.virtual-metro-entry.bundle?platform=android&dev=true&lazy=true&minify=false&app=com.evolucao.app&modulesOnly=false&runModule=true&excludeSource=true&sourcePaths=url-server)
04-06 12:03:00.068 30469 30469 W unknown:ReactNative: Packager connection already open, nooping.
04-06 12:03:00.069 30469 30469 W unknown:BridgelessReact: ReactHost{0}.ReactContext.onHostResume()
04-06 12:03:00.070 30469 30540 W unknown:BridgelessReact: ReactHost{0}.startSurface(surfaceId = 0): Execute
04-06 12:03:00.074 30469 30469 W unknown:BridgelessReact: ReactHost{0}.getOrCreateReactInstanceTask(): Executing ReactInstanceEventListeners
04-06 12:03:00.074 30469 30469 I DetoxRNLoading: Got new RN-context through listener
04-06 12:03:00.075 30469 30502 I DetoxRNIdleRes: Setting up Espresso Idling Resources for React Native
04-06 12:03:00.083 30469 30469 D DetoxRNHelpers: Native RN module resolution (class com.reactnativecommunity.asyncstorage.AsyncStorageModule): no registered module found
04-06 12:03:00.084 30469 30502 D IdlingRegistry: Registering idling resources: [com.wix.detox.reactnative.idlingresources.uimodule.fabric.FabricUIManagerIdlingResources@a29e7fb]
04-06 12:03:00.084 30469 30502 D IdlingRegistry: Registering idling resources: [com.wix.detox.reactnative.idlingresources.animations.AnimatedModuleIdlingResource@fa87018]
04-06 12:03:00.084 30469 30502 D IdlingRegistry: Registering idling resources: [com.wix.detox.reactnative.idlingresources.timers.FabricTimersIdlingResource@76f3a71]
04-06 12:03:00.084 30469 30502 D IdlingRegistry: Registering idling resources: [com.wix.detox.reactnative.idlingresources.network.NetworkIdlingResource@2908056]
04-06 12:03:00.084 30469 30502 D IdlingRegistry: Registering idling resources: [com.wix.detox.reactnative.idlingresources.StabilizedIdlingResource@72508d7]
04-06 12:03:00.094 30469 30562 W om.evolucao.app: Accessing hidden method Landroid/os/MessageQueue;->next()Landroid/os/Message; (unsupported, reflection, allowed)
04-06 12:03:00.094 30469 30562 W om.evolucao.app: Accessing hidden field Landroid/os/MessageQueue;->mMessages:Landroid/os/Message; (unsupported, reflection, allowed)
04-06 12:03:00.094 30469 30562 W om.evolucao.app: Accessing hidden method Landroid/os/Message;->recycleUnchecked()V (unsupported, reflection, allowed)
04-06 12:03:00.239 30469 30469 D DetoxRNHelpers: Native RN module resolution (class com.reactnativecommunity.asyncstorage.AsyncStorageModule): no registered module found
04-06 12:03:00.239 30469 30504 W om.evolucao.app: Long monitor contention with owner Instr: androidx.test.runner.AndroidJUnitRunner (30502) at void com.wix.detox.DetoxMain.launchActivityOnCue(android.content.Context, com.wix.detox.ActivityLaunchHelper)(DetoxMain.kt:53) waiters=0 in void com.wix.detox.DetoxMain$setupActionHandlers$SynchronizedActionHandler.handle(java.lang.String, long) for 932ms
04-06 12:03:00.308 30469 30562 I WebViewFactory: Loading com.google.android.webview version 146.0.7680.164 (code 768016403)
04-06 12:03:00.310 30469 30562 D ApplicationLoaders: Returning zygote-cached class loader: /system/framework/android.test.base.jar
04-06 12:03:00.313 30469 30562 D nativeloader: Configuring classloader-namespace for other apk /data/app/~~23ppwVuk64Fm9vdWCRWMMw==/com.google.android.webview-FPIphznatdLDx2VBYoD68A==/base.apk. target_sdk_version=36, uses_libraries=, library_path=/data/app/~~23ppwVuk64Fm9vdWCRWMMw==/com.google.android.webview-FPIphznatdLDx2VBYoD68A==/lib/arm64:/data/app/~~23ppwVuk64Fm9vdWCRWMMw==/com.google.android.webview-FPIphznatdLDx2VBYoD68A==/base.apk!/lib/arm64-v8a, permitted_path=/data:/mnt/expand
04-06 12:03:00.328 30469 30562 I cr_WVCFactoryProvider: version=146.0.7680.164 (768016403) minSdkVersion=29 multiprocess=true packageId=127 splits=<none>
04-06 12:03:00.334 30469 30576 I chromium: [0406/120300.334195:INFO:android_webview/browser/variations/variations_seed_loader.cc:67] Failed to open file for reading.: No such file or directory (2)
04-06 12:03:00.334 30469 30576 I chromium: [0406/120300.334336:INFO:android_webview/browser/variations/variations_seed_loader.cc:67] Failed to open file for reading.: No such file or directory (2)
04-06 12:03:00.340 30469 30562 I cr_LibraryLoader: Successfully loaded native library
04-06 12:03:00.340 30469 30562 I cr_CachingUmaRecorder: Flushed 16 samples from 16 histograms, 0 samples were dropped.
04-06 12:03:00.358 30469 30561 W BridgelessReactContext: [WARNING] Bridgeless doesn't support CatalystInstance. Accessing an API that's not part of the new architecture is not encouraged usage.
04-06 12:03:00.358 30469 30580 D TrafficStats: tagSocket(143) with statsTag=0xffffffff, statsUid=-1
04-06 12:03:00.361 30469 30580 D TrafficStats: tagSocket(143) with statsTag=0xffffffff, statsUid=-1
04-06 12:03:00.365 30469 30561 I ExpoModulesCore: ✅ JSI interop was installed
04-06 12:03:00.370 30469 30561 I ExpoModulesCore: ✅ Constants were exported
04-06 12:03:00.417 30469 30561 W unknown:ViewManagerPropertyUpdater: Could not find generated setter for class com.th3rdwave.safeareacontext.SafeAreaProviderManager
04-06 12:03:00.420 30469 30561 W unknown:ViewManagerPropertyUpdater: Could not find generated setter for class com.facebook.react.uimanager.LayoutShadowNode
04-06 12:03:00.422 30469 30561 W unknown:ViewManagerPropertyUpdater: Could not find generated setter for class com.swmansion.rnscreens.SearchBarManager
04-06 12:03:00.422 30469 30561 W unknown:ViewManagerPropertyUpdater: Could not find generated setter for class com.swmansion.rnscreens.ScreenFooterManager
04-06 12:03:00.423 30469 30561 W unknown:ViewManagerPropertyUpdater: Could not find generated setter for class com.swmansion.rnscreens.gamma.tabs.TabScreenViewManager
04-06 12:03:00.424 30469 30561 W unknown:ViewManagerPropertyUpdater: Could not find generated setter for class expo.modules.kotlin.views.GroupViewManagerWrapper
04-06 12:03:00.425 30469 30561 W unknown:ViewManagerPropertyUpdater: Could not find generated setter for class com.swmansion.rnscreens.ScreenContainerViewManager
04-06 12:03:00.426 30469 30561 W unknown:ViewManagerPropertyUpdater: Could not find generated setter for class com.swmansion.rnscreens.gamma.tabs.TabsHostViewManager
04-06 12:03:00.427 30469 30561 W unknown:ViewManagerPropertyUpdater: Could not find generated setter for class com.swmansion.rnscreens.ModalScreenViewManager
04-06 12:03:00.429 30469 30561 W unknown:ViewManagerPropertyUpdater: Could not find generated setter for class com.swmansion.rnscreens.ScreenStackHeaderConfigViewManager
04-06 12:03:00.429 30469 30561 W unknown:ViewManagerPropertyUpdater: Could not find generated setter for class com.swmansion.rnscreens.ScreenContentWrapperManager
04-06 12:03:00.430 30469 30561 W unknown:ViewManagerPropertyUpdater: Could not find generated setter for class com.th3rdwave.safeareacontext.SafeAreaViewManager
04-06 12:03:00.431 30469 30561 W unknown:ViewManagerPropertyUpdater: Could not find generated setter for class com.th3rdwave.safeareacontext.SafeAreaViewShadowNode
04-06 12:03:00.432 30469 30561 W unknown:ViewManagerPropertyUpdater: Could not find generated setter for class com.swmansion.rnscreens.safearea.SafeAreaViewManager
04-06 12:03:00.432 30469 30561 W unknown:ViewManagerPropertyUpdater: Could not find generated setter for class com.swmansion.rnscreens.safearea.paper.SafeAreaViewShadowNode
04-06 12:03:00.432 30469 30561 W unknown:ViewManagerPropertyUpdater: Could not find generated setter for class com.swmansion.rnscreens.ScreenViewManager
04-06 12:03:00.433 30469 30561 W unknown:ViewManagerPropertyUpdater: Could not find generated setter for class com.swmansion.rnscreens.gamma.stack.host.StackHostViewManager
04-06 12:03:00.433 30469 30561 W unknown:ViewManagerPropertyUpdater: Could not find generated setter for class com.swmansion.rnscreens.ScreenStackHeaderSubviewManager
04-06 12:03:00.434 30469 30561 W unknown:ViewManagerPropertyUpdater: Could not find generated setter for class com.swmansion.rnscreens.gamma.stack.screen.StackScreenViewManager
04-06 12:03:00.434 30469 30561 W unknown:ViewManagerPropertyUpdater: Could not find generated setter for class com.swmansion.rnscreens.ScreenStackViewManager
04-06 12:03:00.529 30469 30561 W unknown:ViewManagerPropertyUpdater: Could not find generated setter for class com.facebook.react.views.debuggingoverlay.DebuggingOverlayManager
04-06 12:03:00.533 30469 30561 W unknown:ViewManagerPropertyUpdater: Could not find generated setter for class com.swmansion.gesturehandler.react.RNGestureHandlerButtonViewManager
04-06 12:03:00.538 30469 30561 W unknown:ViewManagerPropertyUpdater: Could not find generated setter for class com.facebook.react.views.safeareaview.ReactSafeAreaViewManager
04-06 12:03:00.543 30469 30561 W unknown:ViewManagerPropertyUpdater: Could not find generated setter for class com.facebook.react.views.modal.ReactModalHostManager
04-06 12:03:00.548 30469 30561 W unknown:ViewManagerPropertyUpdater: Could not find generated setter for class com.facebook.react.views.text.frescosupport.FrescoBasedReactTextInlineImageViewManager
04-06 12:03:00.548 30469 30561 W unknown:ViewManagerPropertyUpdater: Could not find generated setter for class com.facebook.react.views.text.frescosupport.FrescoBasedReactTextInlineImageShadowNode
04-06 12:03:00.553 30469 30561 W unknown:ViewManagerPropertyUpdater: Could not find generated setter for class com.facebook.react.views.progressbar.ReactProgressBarViewManager
04-06 12:03:00.553 30469 30561 W unknown:ViewManagerPropertyUpdater: Could not find generated setter for class com.facebook.react.views.progressbar.ProgressBarShadowNode
04-06 12:03:00.559 30469 30561 W unknown:ViewManagerPropertyUpdater: Could not find generated setter for class com.facebook.react.views.scroll.ReactHorizontalScrollViewManager
04-06 12:03:00.565 30469 30561 W unknown:ViewManagerPropertyUpdater: Could not find generated setter for class com.facebook.react.views.image.ReactImageManager
04-06 12:03:00.571 30469 30561 W unknown:ViewManagerPropertyUpdater: Could not find generated setter for class com.facebook.react.views.text.ReactTextViewManager
04-06 12:03:00.572 30469 30561 W unknown:ViewManagerPropertyUpdater: Could not find generated setter for class com.facebook.react.views.text.ReactTextShadowNode
04-06 12:03:00.578 30469 30561 W unknown:ViewManagerPropertyUpdater: Could not find generated setter for class com.facebook.react.views.scroll.ReactHorizontalScrollContainerViewManager
04-06 12:03:00.584 30469 30561 W unknown:ViewManagerPropertyUpdater: Could not find generated setter for class com.facebook.react.views.unimplementedview.ReactUnimplementedViewManager
04-06 12:03:00.589 30469 30561 W unknown:ViewManagerPropertyUpdater: Could not find generated setter for class com.facebook.react.views.scroll.ReactScrollViewManager
04-06 12:03:00.594 30469 30561 W unknown:ViewManagerPropertyUpdater: Could not find generated setter for class com.facebook.react.views.view.ReactViewManager
04-06 12:03:00.600 30469 30561 W unknown:ViewManagerPropertyUpdater: Could not find generated setter for class com.facebook.react.views.drawer.ReactDrawerLayoutManager
04-06 12:03:00.605 30469 30561 W unknown:ViewManagerPropertyUpdater: Could not find generated setter for class com.facebook.react.views.switchview.ReactSwitchManager
04-06 12:03:00.606 30469 30561 W unknown:ViewManagerPropertyUpdater: Could not find generated setter for class com.facebook.react.views.switchview.ReactSwitchShadowNode
04-06 12:03:00.611 30469 30561 W unknown:ViewManagerPropertyUpdater: Could not find generated setter for class com.facebook.react.views.swiperefresh.SwipeRefreshLayoutManager
04-06 12:03:00.617 30469 30561 W unknown:ViewManagerPropertyUpdater: Could not find generated setter for class com.facebook.react.views.textinput.ReactTextInputManager
04-06 12:03:00.619 30469 30561 W unknown:ViewManagerPropertyUpdater: Could not find generated setter for class com.facebook.react.views.textinput.ReactTextInputShadowNode
04-06 12:03:00.625 30469 30561 W unknown:ViewManagerPropertyUpdater: Could not find generated setter for class com.swmansion.gesturehandler.react.RNGestureHandlerRootViewManager
04-06 12:03:00.658 30469 30580 D TrafficStats: tagSocket(145) with statsTag=0xffffffff, statsUid=-1
04-06 12:03:00.822 30469 30561 V AsyncStorageExpoMigration: No scoped database found
04-06 12:03:00.998 30469 30561 D Detox.RNMarker: RUN_JS_BUNDLE_END (/.virtual-metro-entry.bundle?platform=android&dev=true&lazy=true&minify=false&app=com.evolucao.app&modulesOnly=false&runModule=true&excludeSource=true&sourcePaths=url-server)
04-06 12:03:01.000 30469 30561 I ReactNativeJS: Running "main" with {"rootTag":1,"initialProps":{},"fabric":true}
04-06 12:03:01.077 30469 30582 D TrafficStats: tagSocket(134) with statsTag=0xffffffff, statsUid=-1
04-06 12:03:01.107 30469 30469 W UiControllerImpl: Waiting for: DYNAMIC_TASKS_HAVE_IDLED for 100 iterations.
04-06 12:03:01.207 30469 30469 I DecorView: notifyKeepScreenOnChanged: keepScreenOn=true
04-06 12:03:01.210 30469 30469 I ViewRootImpl@73623ee[MainActivity]: performTraversals params={(0,0)(fillxfill) sim={adjust=resize} layoutInDisplayCutoutMode=always ty=BASE_APPLICATION wanim=0x1030309
04-06 12:03:01.210 30469 30469 I ViewRootImpl@73623ee[MainActivity]:   fl=81810180
04-06 12:03:01.210 30469 30469 I ViewRootImpl@73623ee[MainActivity]:   pfl=16020040
04-06 12:03:01.210 30469 30469 I ViewRootImpl@73623ee[MainActivity]:   vsysui=100
04-06 12:03:01.210 30469 30469 I ViewRootImpl@73623ee[MainActivity]:   bhv=DEFAULT
04-06 12:03:01.210 30469 30469 I ViewRootImpl@73623ee[MainActivity]:   fitSides= naviIconColor=0}
04-06 12:03:01.212 30469 30469 I ViewRootImpl@73623ee[MainActivity]: performTraversals mFirst=false windowShouldResize=false viewVisibilityChanged=false mForceNextWindowRelayout=false params={(0,0)(fillxfill) sim={adjust=resize} layoutInDisplayCutoutMode=always ty=BASE_APPLICATION wanim=0x1030309
04-06 12:03:01.212 30469 30469 I ViewRootImpl@73623ee[MainActivity]:   fl=81810180
04-06 12:03:01.212 30469 30469 I ViewRootImpl@73623ee[MainActivity]:   pfl=16020040
04-06 12:03:01.212 30469 30469 I ViewRootImpl@73623ee[MainActivity]:   vsysui=100
04-06 12:03:01.212 30469 30469 I ViewRootImpl@73623ee[MainActivity]:   bhv=DEFAULT
04-06 12:03:01.212 30469 30469 I ViewRootImpl@73623ee[MainActivity]:   fitSides= naviIconColor=0}
04-06 12:03:01.222 30469 30469 I ViewRootImpl@73623ee[MainActivity]: updateBlastSurfaceIfNeeded mBlastBufferQueue=0xb4000070c2c34c00 isSameSurfaceControl=true
04-06 12:03:01.222 30469 30469 I BLASTBufferQueue: update, w= 1080 h= 2400 mName = ViewRootImpl@73623ee[MainActivity] mNativeObject= 0xb4000070c2c34c00 sc.mNativeObject= 0xb4000070a0d23c40 format= -1 caller= android.view.ViewRootImpl.updateBlastSurfaceIfNeeded:2898 android.view.ViewRootImpl.relayoutWindow:9847 android.view.ViewRootImpl.performTraversals:3884 android.view.ViewRootImpl.doTraversal:3116 android.view.ViewRootImpl$TraversalRunnable.run:10885 android.view.Choreographer$CallbackRecord.run:1301 
04-06 12:03:01.222 30469 30469 I ViewRootImpl@73623ee[MainActivity]: Relayout returned: old=(0,0,1080,2400) new=(0,0,1080,2400) req=(1080,2400)0 dur=9 res=0x0 s={true 0xb4000070a70b4000} ch=false seqId=0
04-06 12:03:01.226 30469 30469 D Detox.RNMarker: CONTENT_APPEARED (main)
04-06 12:03:01.239 30469 30561 D Detox.RNMarker: REACT_BRIDGELESS_LOADING_END (null)
04-06 12:03:01.264 30469 30561 I ReactNativeJS: '[ANALYTICS]', 'app_opened', { event: 'app_opened',
04-06 12:03:01.264 30469 30561 I ReactNativeJS:   eventId: '1775487781258_020d0d658012928',
04-06 12:03:01.264 30469 30561 I ReactNativeJS:   appVersion: '1.0.0',
04-06 12:03:01.264 30469 30561 I ReactNativeJS:   category: 'engagement',
04-06 12:03:01.264 30469 30561 I ReactNativeJS:   userId: 'anonymous',
04-06 12:03:01.264 30469 30561 I ReactNativeJS:   timestamp: 1775487781258,
04-06 12:03:01.264 30469 30561 I ReactNativeJS:   timestampIso: '2026-04-06T15:03:01.258Z',
04-06 12:03:01.264 30469 30561 I ReactNativeJS:   screen: 'App',
04-06 12:03:01.264 30469 30561 I ReactNativeJS:   sessionId: 'session-1775487781228-a76f575d09ca18',
04-06 12:03:01.264 30469 30561 I ReactNativeJS:   flowId: 'session-1775487781228-a76f575d09ca18',
04-06 12:03:01.264 30469 30561 I ReactNativeJS:   meta: 
04-06 12:03:01.264 30469 30561 I ReactNativeJS:    { domain: 'engagement',
04-06 12:03:01.264 30469 30561 I ReactNativeJS:      version: 1,
04-06 12:03:01.264 30469 30561 I ReactNativeJS:      dayKey: '2026-04-06',
04-06 12:03:01.264 30469 30561 I ReactNativeJS:      isFirstOpenOfDay: true,
04-06 12:03:01.264 30469 30561 I ReactNativeJS:      category: 'engagement' } }
04-06 12:03:01.478 30469 30469 D CompatibilityChangeReporter: Compat change id reported: 171228096; UID 10553; state: ENABLED
04-06 12:03:01.480 30469 30469 D ScrollView: initGoToTop
04-06 12:03:01.481 30469 30469 W om.evolucao.app: Accessing hidden field Landroid/widget/ScrollView;->mScroller:Landroid/widget/OverScroller; (unsupported, reflection, allowed)
04-06 12:03:01.493 30469 30477 I om.evolucao.app: Compiler allocated 4177KB to compile void android.widget.TextView.<init>(android.content.Context, android.util.AttributeSet, int, int)
04-06 12:03:01.499 30469 30469 W [RNScreens]: backTitleFontFamily prop is not available on Android
04-06 12:03:01.499 30469 30469 W [RNScreens]: disableBackButtonMenu prop is not available on Android
04-06 12:03:01.499 30469 30469 W [RNScreens]: backTitleVisible prop is not available on Android
04-06 12:03:01.499 30469 30469 W [RNScreens]: topInsetEnabled prop is not available on Android
04-06 12:03:01.499 30469 30469 W [RNScreens]: largeTitleHideShadow prop is not available on Android
04-06 12:03:01.499 30469 30469 W [RNScreens]: largeTitleFontWeight prop is not available on Android
04-06 12:03:01.499 30469 30469 W [RNScreens]: userInterfaceStyle prop is not available on Android
04-06 12:03:01.499 30469 30469 W [RNScreens]: largeTitleFontFamily prop is not available on Android
04-06 1