--------- beginning of main
04-06 02:43:19.504 27595 27640 D DetoxWSClient: Received action 'invoke' (ID #24, params={"target":{"type":"Class","value":"com.wix.detox.espresso.DetoxAssertion"},"method":"waitForAssertMatcher","args":[{"type":"Invocation","value":{"target":{"type":"Class","value":"androidx.test.espresso.Espresso"},"method":"onView","args":[{"type":"Invocation","value":{"target":{"type":"Class","value":"com.wix.detox.espresso.DetoxMatcher"},"method":"matcherForText","args":["Treinos",{"type":"boolean","value":false}]}}]}},{"type":"Invocation","value":{"target":{"type":"Class","value":"com.wix.detox.espresso.DetoxMatcher"},"method":"matcherForSufficientlyVisible","args":[{"type":"Integer","value":75}]}},{"type":"Double","value":2}]})
04-06 02:43:19.505 27595 27635 I DetoxDispatcher: Handling action 'invoke' (ID #24)...
04-06 02:43:19.505 27595 27635 D Detox   : class com.wix.detox.espresso.DetoxMatcher, matcherForText, [Treinos, false]
04-06 02:43:19.506 27595 27635 D Detox   : class androidx.test.espresso.Espresso, onView, [(an instance of android.widget.TextView and view.getText() with or without transformation to match: is "Treinos" and view has effective visibility <VISIBLE>)]
04-06 02:43:19.507 27595 27635 D Detox   : class com.wix.detox.espresso.DetoxMatcher, matcherForSufficientlyVisible, [75]
04-06 02:43:19.508 27595 27635 D Detox   : class com.wix.detox.espresso.DetoxAssertion, waitForAssertMatcher, [androidx.test.espresso.ViewInteraction@c3ad00b, (view has effective visibility <VISIBLE> and view.getGlobalVisibleRect() covers at least <75> percent of the view's area), 2.0]
04-06 02:43:19.679 27595 27595 I ViewInteraction: Checking 'MatchesViewAssertion(Detox){viewMatcher=(view has effective visibility <VISIBLE> and view.getGlobalVisibleRect() covers at least <75> percent of the view's area)}' assertion on view (an instance of android.widget.TextView and view.getText() with or without transformation to match: is "Treinos" and view has effective visibility <VISIBLE>)
04-06 02:43:19.831 27595 27595 I ViewInteraction: Checking 'MatchesViewAssertion(Detox){viewMatcher=(view has effective visibility <VISIBLE> and view.getGlobalVisibleRect() covers at least <75> percent of the view's area)}' assertion on view (an instance of android.widget.TextView and view.getText() with or without transformation to match: is "Treinos" and view has effective visibility <VISIBLE>)
04-06 02:43:19.976 27595 27595 I ViewInteraction: Checking 'MatchesViewAssertion(Detox){viewMatcher=(view has effective visibility <VISIBLE> and view.getGlobalVisibleRect() covers at least <75> percent of the view's area)}' assertion on view (an instance of android.widget.TextView and view.getText() with or without transformation to match: is "Treinos" and view has effective visibility <VISIBLE>)
04-06 02:43:20.147 27595 27595 I ViewInteraction: Checking 'MatchesViewAssertion(Detox){viewMatcher=(view has effective visibility <VISIBLE> and view.getGlobalVisibleRect() covers at least <75> percent of the view's area)}' assertion on view (an instance of android.widget.TextView and view.getText() with or without transformation to match: is "Treinos" and view has effective visibility <VISIBLE>)
04-06 02:43:20.283 27595 27595 I ViewInteraction: Checking 'MatchesViewAssertion(Detox){viewMatcher=(view has effective visibility <VISIBLE> and view.getGlobalVisibleRect() covers at least <75> percent of the view's area)}' assertion on view (an instance of android.widget.TextView and view.getText() with or without transformation to match: is "Treinos" and view has effective visibility <VISIBLE>)
04-06 02:43:20.292 27595 27662 D NativeCustomFrequencyManager: [NativeCFMS] BpCustomFrequencyManager::BpCustomFrequencyManager()
04-06 02:43:20.301 27595 27595 D InsetsController: onStateChanged: InsetsState: {mDisplayFrame=Rect(0, 0 - 1080, 2400), mDisplayCutout=DisplayCutout{insets=Rect(0, 88 - 0, 0) waterfall=Insets{left=0, top=0, right=0, bottom=0} boundingRect={Bounds=[Rect(0, 0 - 0, 0), Rect(512, 0 - 568, 88), Rect(0, 0 - 0, 0), Rect(0, 0 - 0, 0)]} cutoutPathParserInfo={CutoutPathParserInfo{displayWidth=1080 displayHeight=2400 physicalDisplayWidth=1080 physicalDisplayHeight=2400 density={3.0} cutoutSpec={M 0,0 M 0,10.71963616907435 a 9.280363830925644,9.280363830925644 0 1,0 0,18.56072766185129 a 9.280363830925644,9.280363830925644 0 1,0 0,-18.56072766185129 Z @dp} rotation={0} scale={1.0} physicalPixelDisplaySizeRatio={1.0}}}}, mRoundedCorners=RoundedCorners{[RoundedCorner{position=TopLeft, radius=96, center=Point(96, 96)}, RoundedCorner{position=TopRight, radius=96, center=Point(984, 96)}, RoundedCorner{position=BottomRight, radius=96, center=Point(984, 2304)}, RoundedCorner{position=BottomLeft, radius=96, center=Point(96, 2304)}]}  mRoundedCornerFrame=Rect(0, 0 - 1080, 2400), mPrivacyIndicatorBounds=PrivacyIndicatorBounds {static bounds=Rect(948, 0 - 1080, 88) rotation=0}, mSources= { InsetsSource: {mType=ITYPE_STATUS_BAR, mFrame=[0,0][1080,88], mVisible=true, mInsetsRoundedCornerFrame=false}, InsetsSource: {mType=ITYPE_NAVIGATION_BAR, mFrame=[0,2256][1080,2400], mVisible=true, mInsetsRoundedCornerFrame=false}, InsetsSource: {mType=ITYPE_LEFT_GESTURES, mFrame=[0,0][0,2400], mVisible=true, mInsetsRoundedCornerFrame=false}, InsetsSource: {mType=ITYPE_RIGHT_GESTURES, mFrame=[1080,0][1080,2400], mVisible=true, mInsetsRoundedCornerFrame=false}, InsetsSource: {mType=ITYPE_TOP_MANDATORY_GESTURES, mFrame=[0,0][1080,124], mVisible=true, mInsetsRoundedCornerFrame=false}, InsetsSource: {mType=ITYPE_BOTTOM_MANDATORY_GESTURES, mFrame=[0,2256][1080,2400], mVisible=true, mInsetsRoundedCornerFrame=false}, InsetsSource: {mType=ITYPE_LEFT_DISPLAY_CUTOUT, mFrame=[0,0][-100000,2400], mVisible=true, mInsetsRoundedCornerFrame=false}, InsetsSource: {mType=ITYPE_TOP_DISPLAY_CUTOUT, mFrame=[0,0][1080,88], mVisible=true, mInsetsRoundedCornerFrame=false}, InsetsSource: {mType=ITYPE_RIGHT_DISPLAY_CUTOUT, mFrame=[100000,0][1080,2400], mVisible=true, mInsetsRoundedCornerFrame=false}, InsetsSource: {mType=ITYPE_BOTTOM_DISPLAY_CUTOUT, mFrame=[0,100000][1080,2400], mVisible=true, mInsetsRoundedCornerFrame=false}, InsetsSource: {mType=ITYPE_TOP_TAPPABLE_ELEMENT, mFrame=[0,0][1080,88], mVisible=true, mInsetsRoundedCornerFrame=false}, InsetsSource: {mType=ITYPE_BOTTOM_TAPPABLE_ELEMENT, mFrame=[0,2256][1080,2400], mVisible=true, mInsetsRoundedCornerFrame=false} } host=PopupWindow:5b66d04 from=android.view.ViewRootImpl.setView:1732
04-06 02:43:20.306 27595 27595 I ViewRootImpl@8fbd2ed[PopupWindow:5b66d04]: setView = android.widget.PopupWindow$PopupDecorView@44fb0e9 TM=false
04-06 02:43:20.308 27595 27662 D OpenGLRenderer: setSurface called with nullptr
04-06 02:43:20.309 27595 27595 I ViewRootImpl@8fbd2ed[PopupWindow:5b66d04]: dispatchDetachedFromWindow
04-06 02:43:20.314 27595 27595 D InputTransport: Input channel destroyed: 'f2af2b0', fd=154
04-06 02:43:20.429 27595 27662 D OpenGLRenderer: setSurface called with nullptr
04-06 02:43:20.430 27595 27595 I ViewInteraction: Checking 'MatchesViewAssertion(Detox){viewMatcher=(view has effective visibility <VISIBLE> and view.getGlobalVisibleRect() covers at least <75> percent of the view's area)}' assertion on view (an instance of android.widget.TextView and view.getText() with or without transformation to match: is "Treinos" and view has effective visibility <VISIBLE>)
04-06 02:43:20.568 27595 27595 I ViewInteraction: Checking 'MatchesViewAssertion(Detox){viewMatcher=(view has effective visibility <VISIBLE> and view.getGlobalVisibleRect() covers at least <75> percent of the view's area)}' assertion on view (an instance of android.widget.TextView and view.getText() with or without transformation to match: is "Treinos" and view has effective visibility <VISIBLE>)
04-06 02:43:20.723 27595 27595 I ViewInteraction: Checking 'MatchesViewAssertion(Detox){viewMatcher=(view has effective visibility <VISIBLE> and view.getGlobalVisibleRect() covers at least <75> percent of the view's area)}' assertion on view (an instance of android.widget.TextView and view.getText() with or without transformation to match: is "Treinos" and view has effective visibility <VISIBLE>)
04-06 02:43:20.857 27595 27595 I ViewInteraction: Checking 'MatchesViewAssertion(Detox){viewMatcher=(view has effective visibility <VISIBLE> and view.getGlobalVisibleRect() covers at least <75> percent of the view's area)}' assertion on view (an instance of android.widget.TextView and view.getText() with or without transformation to match: is "Treinos" and view has effective visibility <VISIBLE>)
04-06 02:43:20.995 27595 27595 I ViewInteraction: Checking 'MatchesViewAssertion(Detox){viewMatcher=(view has effective visibility <VISIBLE> and view.getGlobalVisibleRect() covers at least <75> percent of the view's area)}' assertion on view (an instance of android.widget.TextView and view.getText() with or without transformation to match: is "Treinos" and view has effective visibility <VISIBLE>)
04-06 02:43:21.134 27595 27595 I ViewInteraction: Checking 'MatchesViewAssertion(Detox){viewMatcher=(view has effective visibility <VISIBLE> and view.getGlobalVisibleRect() covers at least <75> percent of the view's area)}' assertion on view (an instance of android.widget.TextView and view.getText() with or without transformation to match: is "Treinos" and view has effective visibility <VISIBLE>)
04-06 02:43:21.268 27595 27595 I ViewInteraction: Checking 'MatchesViewAssertion(Detox){viewMatcher=(view has effective visibility <VISIBLE> and view.getGlobalVisibleRect() covers at least <75> percent of the view's area)}' assertion on view (an instance of android.widget.TextView and view.getText() with or without transformation to match: is "Treinos" and view has effective visibility <VISIBLE>)
04-06 02:43:21.417 27595 27595 I ViewInteraction: Checking 'MatchesViewAssertion(Detox){viewMatcher=(view has effective visibility <VISIBLE> and view.getGlobalVisibleRect() covers at least <75> percent of the view's area)}' assertion on view (an instance of android.widget.TextView and view.getText() with or without transformation to match: is "Treinos" and view has effective visibility <VISIBLE>)
04-06 02:43:21.548 27595 27595 I ViewInteraction: Checking 'MatchesViewAssertion(Detox){viewMatcher=(view has effective visibility <VISIBLE> and view.getGlobalVisibleRect() covers at least <75> percent of the view's area)}' assertion on view (an instance of android.widget.TextView and view.getText() with or without transformation to match: is "Treinos" and view has effective visibility <VISIBLE>)
04-06 02:43:21.574 27595 27635 I DetoxActionHandlers: Test exception
04-06 02:43:21.574 27595 27635 I DetoxActionHandlers: java.lang.reflect.InvocationTargetException
04-06 02:43:21.574 27595 27635 I DetoxActionHandlers: 	at java.lang.reflect.Method.invoke(Native Method)
04-06 02:43:21.574 27595 27635 I DetoxActionHandlers: 	at org.apache.commons.lang3.reflect.MethodUtils.invokeStaticMethod(MethodUtils.java:443)
04-06 02:43:21.574 27595 27635 I DetoxActionHandlers: 	at org.apache.commons.lang3.reflect.MethodUtils.invokeStaticMethod(MethodUtils.java:405)
04-06 02:43:21.574 27595 27635 I DetoxActionHandlers: 	at com.wix.invoke.types.ClassTarget.execute(ClassTarget.java:23)
04-06 02:43:21.574 27595 27635 I DetoxActionHandlers: 	at com.wix.invoke.types.Target.invoke(Target.java:59)
04-06 02:43:21.574 27595 27635 I DetoxActionHandlers: 	at com.wix.invoke.MethodInvocation.invoke(MethodInvocation.java:35)
04-06 02:43:21.574 27595 27635 I DetoxActionHandlers: 	at com.wix.invoke.MethodInvocation.invoke(MethodInvocation.java:26)
04-06 02:43:21.574 27595 27635 I DetoxActionHandlers: 	at com.wix.invoke.MethodInvocation.invoke(MethodInvocation.java:20)
04-06 02:43:21.574 27595 27635 I DetoxActionHandlers: 	at com.wix.detox.adapters.server.InvokeActionHandler.handle(DetoxActionHandlers.kt:54)
04-06 02:43:21.574 27595 27635 I DetoxActionHandlers: 	at com.wix.detox.adapters.server.ActionsExecutor.executeAction$lambda$2$lambda$1(DetoxActionsDispatcher.kt:76)
04-06 02:43:21.574 27595 27635 I DetoxActionHandlers: 	at com.wix.detox.adapters.server.ActionsExecutor.$r8$lambda$GVbB7LHtBHxNHGbgYnHJ6YrwCqs(Unknown Source:0)
04-06 02:43:21.574 27595 27635 I DetoxActionHandlers: 	at com.wix.detox.adapters.server.ActionsExecutor$$ExternalSyntheticLambda0.run(D8$$SyntheticClass:0)
04-06 02:43:21.574 27595 27635 I DetoxActionHandlers: 	at android.os.Handler.handleCallback(Handler.java:942)
04-06 02:43:21.574 27595 27635 I DetoxActionHandlers: 	at android.os.Handler.dispatchMessage(Handler.java:99)
04-06 02:43:21.574 27595 27635 I DetoxActionHandlers: 	at android.os.Looper.loopOnce(Looper.java:226)
04-06 02:43:21.574 27595 27635 I DetoxActionHandlers: 	at android.os.Looper.loop(Looper.java:313)
04-06 02:43:21.574 27595 27635 I DetoxActionHandlers: 	at com.wix.detox.adapters.server.ActionsExecutor._init_$lambda$0(DetoxActionsDispatcher.kt:62)
04-06 02:43:21.574 27595 27635 I DetoxActionHandlers: 	at com.wix.detox.adapters.server.ActionsExecutor.$r8$lambda$xlgL0CQim6vNM0wWEqM8JIDgZUE(Unknown Source:0)
04-06 02:43:21.574 27595 27635 I DetoxActionHandlers: 	at com.wix.detox.adapters.server.ActionsExecutor$$ExternalSyntheticLambda1.run(D8$$SyntheticClass:0)
04-06 02:43:21.574 27595 27635 I DetoxActionHandlers: 	at java.lang.Thread.run(Thread.java:1012)
04-06 02:43:21.574 27595 27635 I DetoxActionHandlers: Caused by: com.wix.detox.common.DetoxErrors$DetoxRuntimeException: 2.0sec timeout expired without matching of given matcher: (view has effective visibility <VISIBLE> and view.getGlobalVisibleRect() covers at least <75> percent of the view's area)
04-06 02:43:21.574 27595 27635 I DetoxActionHandlers: 	at com.wix.detox.espresso.DetoxAssertion.waitForAssertMatcher(DetoxAssertion.java:72)
04-06 02:43:21.574 27595 27635 I DetoxActionHandlers: 	... 20 more
04-06 02:43:21.575 27595 27635 I DetoxWSClient: Sending out action 'testFailed' (ID #24)
04-06 02:43:21.576 27595 27635 I DetoxDispatcher: Done with action 'invoke'
04-06 02:43:21.581 27595 27640 D DetoxWSClient: Received action 'invoke' (ID #25, params={"target":{"type":"Invocation","value":{"target":{"type":"Class","value":"com.wix.detox.uiautomator.UiAutomator"},"method":"uiDevice","args":[]}},"method":"pressBack","args":[]})
04-06 02:43:21.581 27595 27635 I DetoxDispatcher: Handling action 'invoke' (ID #25)...
04-06 02:43:21.582 27595 27635 D Detox   : class com.wix.detox.uiautomator.UiAutomator, uiDevice, []
04-06 02:43:21.583 27595 27635 D UiDevice: Pressing back button.
04-06 02:43:21.604 27595 27595 I ViewRootImpl@914008f[MainActivity]: ViewPostIme key 0
--------- beginning of system
04-06 02:43:21.613 27595 27595 D Activity: onKeyDown(KEYCODE_BACK)
04-06 02:43:21.621 27595 27595 I ViewRootImpl@914008f[MainActivity]: ViewPostIme key 1
04-06 02:43:21.621 27595 27595 D Activity: onKeyUp(KEYCODE_BACK) isTracking()=true isCanceled()=false hasCallback=false
04-06 02:43:21.697 27595 27635 I DetoxWSClient: Sending out action 'invokeResult' (ID #25)
04-06 02:43:21.697 27595 27635 I DetoxDispatcher: Done with action 'invoke'
04-06 02:43:21.702 27595 27640 D DetoxWSClient: Received action 'invoke' (ID #26, params={"target":{"type":"Class","value":"com.wix.detox.espresso.EspressoDetox"},"method":"perform","args":[{"type":"Invocation","value":{"target":{"type":"Class","value":"com.wix.detox.espresso.DetoxMatcher"},"method":"matcherForAtIndex","args":[{"type":"Integer","value":0},{"type":"Invocation","value":{"target":{"type":"Class","value":"com.wix.detox.espresso.DetoxMatcher"},"method":"matcherForText","args":["Treinos",{"type":"boolean","value":false}]}}]}},{"type":"Invocation","value":{"target":{"type":"Class","value":"com.wix.detox.espresso.DetoxViewActions"},"method":"click","args":[]}}]})
04-06 02:43:21.702 27595 27635 I DetoxDispatcher: Handling action 'invoke' (ID #26)...
04-06 02:43:21.703 27595 27635 D Detox   : class com.wix.detox.espresso.DetoxMatcher, matcherForText, [Treinos, false]
04-06 02:43:21.703 27595 27635 D Detox   : class com.wix.detox.espresso.DetoxMatcher, matcherForAtIndex, [0, (an instance of android.widget.TextView and view.getText() with or without transformation to match: is "Treinos" and view has effective visibility <VISIBLE>)]
04-06 02:43:21.704 27595 27635 D Detox   : class com.wix.detox.espresso.DetoxViewActions, click, []
04-06 02:43:21.704 27595 27635 D Detox   : class com.wix.detox.espresso.EspressoDetox, perform, [View at index #0, of those matching MATCHER(an instance of android.widget.TextView and view.getText() with or without transformation to match: is "Treinos" and view has effective visibility <VISIBLE>), com.wix.detox.espresso.action.RNClickAction@bfd5e2b]
04-06 02:43:21.717 27595 27595 D InputMethodManager: startInputInner - Id : 0
04-06 02:43:21.717 27595 27595 I InputMethodManager: startInputInner - mService.startInputOrWindowGainedFocus
04-06 02:43:21.941 27595 27613 D InputTransport: Input channel destroyed: 'ClientS', fd=172
04-06 02:43:22.262 27595 27595 I IMM_LC  : closeCurrentInput: mService.hideSoftInput
04-06 02:43:22.265 27595 27595 I ViewInteraction: Performing 'com.wix.detox.espresso.action.detoxsingletap@dd46288 click' action on view View at index #0, of those matching MATCHER(an instance of android.widget.TextView and view.getText() with or without transformation to match: is "Treinos" and view has effective visibility <VISIBLE>)
04-06 02:43:22.268 27595 27595 I ViewRootImpl@914008f[MainActivity]: ViewPostIme pointer 0
04-06 02:43:22.299 27595 27595 I ViewRootImpl@914008f[MainActivity]: ViewPostIme pointer 1
04-06 02:43:22.672 27595 27635 I DetoxWSClient: Sending out action 'invokeResult' (ID #26)
04-06 02:43:22.672 27595 27635 I DetoxDispatcher: Done with action 'invoke'
04-06 02:43:22.679 27595 27640 D DetoxWSClient: Received action 'invoke' (ID #27, params={"target":{"type":"Class","value":"com.wix.detox.espresso.DetoxAssertion"},"method":"waitForAssertMatcher","args":[{"type":"Invocation","value":{"target":{"type":"Class","value":"androidx.test.espresso.Espresso"},"method":"onView","args":[{"type":"Invocation","value":{"target":{"type":"Class","value":"com.wix.detox.espresso.DetoxMatcher"},"method":"matcherForText","args":["Iniciar treino recomendado",{"type":"boolean","value":false}]}}]}},{"type":"Invocation","value":{"target":{"type":"Class","value":"com.wix.detox.espresso.DetoxMatcher"},"method":"matcherForSufficientlyVisible","args":[{"type":"Integer","value":75}]}},{"type":"Double","value":10}]})
04-06 02:43:22.679 27595 27635 I DetoxDispatcher: Handling action 'invoke' (ID #27)...
04-06 02:43:22.680 27595 27635 D Detox   : class com.wix.detox.espresso.DetoxMatcher, matcherForText, [Iniciar treino recomendado, false]
04-06 02:43:22.681 27595 27635 D Detox   : class androidx.test.espresso.Espresso, onView, [(an instance of android.widget.TextView and view.getText() with or without transformation to match: is "Iniciar treino recomendado" and view has effective visibility <VISIBLE>)]
04-06 02:43:22.682 27595 27635 D Detox   : class com.wix.detox.espresso.DetoxMatcher, matcherForSufficientlyVisible, [75]
04-06 02:43:22.682 27595 27635 D Detox   : class com.wix.detox.espresso.DetoxAssertion, waitForAssertMatcher, [androidx.test.espresso.ViewInteraction@e478856, (view has effective visibility <VISIBLE> and view.getGlobalVisibleRect() covers at least <75> percent of the view's area), 10.0]
04-06 02:43:22.685 27595 27595 I ViewInteraction: Checking 'MatchesViewAssertion(Detox){viewMatcher=(view has effective visibility <VISIBLE> and view.getGlobalVisibleRect() covers at least <75> percent of the view's area)}' assertion on view (an instance of android.widget.TextView and view.getText() with or without transformation to match: is "Iniciar treino recomendado" and view has effective visibility <VISIBLE>)
04-06 02:43:22.689 27595 27635 I DetoxWSClient: Sending out action 'invokeResult' (ID #27)
04-06 02:43:22.689 27595 27635 I DetoxDispatcher: Done with action 'invoke'
04-06 02:43:22.694 27595 27640 D DetoxWSClient: Received action 'invoke' (ID #28, params={"target":{"type":"Class","value":"com.wix.detox.espresso.EspressoDetox"},"method":"perform","args":[{"type":"Invocation","value":{"target":{"type":"Class","value":"com.wix.detox.espresso.DetoxMatcher"},"method":"matcherForAtIndex","args":[{"type":"Integer","value":0},{"type":"Invocation","value":{"target":{"type":"Class","value":"com.wix.detox.espresso.DetoxMatcher"},"method":"matcherForText","args":["Perfil",{"type":"boolean","value":false}]}}]}},{"type":"Invocation","value":{"target":{"type":"Class","value":"com.wix.detox.espresso.DetoxViewActions"},"method":"click","args":[]}}]})
04-06 02:43:22.695 27595 27635 I DetoxDispatcher: Handling action 'invoke' (ID #28)...
04-06 02:43:22.695 27595 27635 D Detox   : class com.wix.detox.espresso.DetoxMatcher, matcherForText, [Perfil, false]
04-06 02:43:22.696 27595 27635 D Detox   : class com.wix.detox.espresso.DetoxMatcher, matcherForAtIndex, [0, (an instance of android.widget.TextView and view.getText() with or without transformation to match: is "Perfil" and view has effective visibility <VISIBLE>)]
04-06 02:43:22.696 27595 27635 D Detox   : class com.wix.detox.espresso.DetoxViewActions, click, []
04-06 02:43:22.697 27595 27635 D Detox   : class com.wix.detox.espresso.EspressoDetox, perform, [View at index #0, of those matching MATCHER(an instance of android.widget.TextView and view.getText() with or without transformation to match: is "Perfil" and view has effective visibility <VISIBLE>), com.wix.detox.espresso.action.RNClickAction@88370d7]
04-06 02:43:22.700 27595 27595 I ViewInteraction: Performing 'com.wix.detox.espresso.action.detoxsingletap@9a2bdc4 click' action on view View at index #0, of those matching MATCHER(an instance of android.widget.TextView and view.getText() with or without transformation to match: is "Perfil" and view has effective visibility <VISIBLE>)
04-06 02:43:22.705 27595 27595 I ViewRootImpl@914008f[MainActivity]: ViewPostIme pointer 0
04-06 02:43:22.734 27595 27595 I ViewRootImpl@914008f[MainActivity]: ViewPostIme pointer 1
04-06 02:43:22.909 27595 27595 D ScrollView: initGoToTop
04-06 02:43:23.107 27595 27635 I DetoxWSClient: Sending out action 'invokeResult' (ID #28)
04-06 02:43:23.107 27595 27635 I DetoxDispatcher: Done with action 'invoke'
04-06 02:43:23.114 27595 27640 D DetoxWSClient: Received action 'invoke' (ID #29, params={"target":{"type":"Class","value":"com.wix.detox.espresso.DetoxAssertion"},"method":"waitForAssertMatcher","args":[{"type":"Invocation","value":{"target":{"type":"Class","value":"androidx.test.espresso.Espresso"},"method":"onView","args":[{"type":"Invocation","value":{"target":{"type":"Class","value":"com.wix.detox.espresso.DetoxMatcher"},"method":"matcherForText","args":["Centro de controle da sua estrategia e evolucao.",{"type":"boolean","value":false}]}}]}},{"type":"Invocation","value":{"target":{"type":"Class","value":"com.wix.detox.espresso.DetoxMatcher"},"method":"matcherForSufficientlyVisible","args":[{"type":"Integer","value":75}]}},{"type":"Double","value":10}]})
04-06 02:43:23.114 27595 27635 I DetoxDispatcher: Handling action 'invoke' (ID #29)...
04-06 02:43:23.115 27595 27635 D Detox   : class com.wix.detox.espresso.DetoxMatcher, matcherForText, [Centro de controle da sua estrategia e evolucao., false]
04-06 02:43:23.116 27595 27635 D Detox   : class androidx.test.espresso.Espresso, onView, [(an instance of android.widget.TextView and view.getText() with or without transformation to match: is "Centro de controle da sua estrategia e evolucao." and view has effective visibility <VISIBLE>)]
04-06 02:43:23.117 27595 27635 D Detox   : class com.wix.detox.espresso.DetoxMatcher, matcherForSufficientlyVisible, [75]
04-06 02:43:23.118 27595 27635 D Detox   : class com.wix.detox.espresso.DetoxAssertion, waitForAssertMatcher, [androidx.test.espresso.ViewInteraction@488dc2b, (view has effective visibility <VISIBLE> and view.getGlobalVisibleRect() covers at least <75> percent of the view's area), 10.0]
04-06 02:43:23.121 27595 27595 I ViewInteraction: Checking 'MatchesViewAssertion(Detox){viewMatcher=(view has effective visibility <VISIBLE> and view.getGlobalVisibleRect() covers at least <75> percent of the view's area)}' assertion on view (an instance of android.widget.TextView and view.getText() with or without transformation to match: is "Centro de controle da sua estrategia e evolucao." and view has effective visibility <VISIBLE>)
04-06 02:43:23.125 27595 27635 I DetoxWSClient: Sending out action 'invokeResult' (ID #29)
04-06 02:43:23.126 27595 27635 I DetoxDispatcher: Done with action 'invoke'
04-06 02:43:23.130 27595 27640 D DetoxWSClient: Received action 'invoke' (ID #30, params={"target":{"type":"Class","value":"com.wix.detox.espresso.EspressoDetox"},"method":"perform","args":[{"type":"Invocation","value":{"target":{"type":"Class","value":"com.wix.detox.espresso.DetoxMatcher"},"method":"matcherForAtIndex","args":[{"type":"Integer","value":0},{"type":"Invocation","value":{"target":{"type":"Class","value":"com.wix.detox.espresso.DetoxMatcher"},"method":"matcherForText","args":["Home",{"type":"boolean","value":false}]}}]}},{"type":"Invocation","value":{"target":{"type":"Class","value":"com.wix.detox.espresso.DetoxViewActions"},"method":"click","args":[]}}]})
04-06 02:43:23.131 27595 27635 I DetoxDispatcher: Handling action 'invoke' (ID #30)...
04-06 02:43:23.131 27595 27635 D Detox   : class com.wix.detox.espresso.DetoxMatcher, matcherForText, [Home, false]
04-06 02:43:23.132 27595 27635 D Detox   : class com.wix.detox.espresso.DetoxMatcher, matcherForAtIndex, [0, (an instance of android.widget.TextView and view.getText() with or without transformation to match: is "Home" and view has effective visibility <VISIBLE>)]
04-06 02:43:23.132 27595 27635 D Detox   : class com.wix.detox.espresso.DetoxViewActions, click, []
04-06 02:43:23.133 27595 27635 D Detox   : class com.wix.detox.espresso.EspressoDetox, perform, [View at index #0, of those matching MATCHER(an instance of android.widget.TextView and view.getText() with or without transformation to match: is "Home" and view has effective visibility <VISIBLE>), com.wix.detox.espresso.action.RNClickAction@da64221]
04-06 02:43:23.137 27595 27595 I ViewInteraction: Performing 'com.wix.detox.espresso.action.detoxsingletap@e766646 click' action on view View at index #0, of those matching MATCHER(an instance of android.widget.TextView and view.getText() with or without transformation to match: is "Home" and view has effective visibility <VISIBLE>)
04-06 02:43:23.143 27595 27595 I ViewRootImpl@914008f[MainActivity]: ViewPostIme pointer 0
04-06 02:43:23.172 27595 27595 I ViewRootImpl@914008f[MainActivity]: ViewPostIme pointer 1
04-06 02:43:23.543 27595 27635 I DetoxWSClient: Sending out action 'invokeResult' (ID #30)
04-06 02:43:23.543 27595 27635 I DetoxDispatcher: Done with action 'invoke'
04-06 02:43:23.549 27595 27640 D DetoxWSClient: Received action 'invoke' (ID #31, params={"target":{"type":"Class","value":"com.wix.detox.espresso.DetoxAssertion"},"method":"waitForAssertMatcher","args":[{"type":"Invocation","value":{"target":{"type":"Class","value":"androidx.test.espresso.Espresso"},"method":"onView","args":[{"type":"Invocation","value":{"target":{"type":"Class","value":"com.wix.detox.espresso.DetoxMatcher"},"method":"matcherForText","args":["Score do dia",{"type":"boolean","value":false}]}}]}},{"type":"Invocation","value":{"target":{"type":"Class","value":"com.wix.detox.espresso.DetoxMatcher"},"method":"matcherForSufficientlyVisible","args":[{"type":"Integer","value":75}]}},{"type":"Double","value":10}]})
04-06 02:43:23.550 27595 27635 I DetoxDispatcher: Handling action 'invoke' (ID #31)...
04-06 02:43:23.550 27595 27635 D Detox   : class com.wix.detox.espresso.DetoxMatcher, matcherForText, [Score do dia, false]
04-06 02:43:23.551 27595 27635 D Detox   : class androidx.test.espresso.Espresso, onView, [(an instance of android.widget.TextView and view.getText() with or without transformation to match: is "Score do dia" and view has effective visibility <VISIBLE>)]
04-06 02:43:23.552 27595 27635 D Detox   : class com.wix.detox.espresso.DetoxMatcher, matcherForSufficientlyVisible, [75]
04-06 02:43:23.553 27595 27635 D Detox   : class com.wix.detox.espresso.DetoxAssertion, waitForAssertMatcher, [androidx.test.espresso.ViewInteraction@1f341cf, (view has effective visibility <VISIBLE> and view.getGlobalVisibleRect() covers at least <75> percent of the view's area), 10.0]
04-06 02:43:23.577 27595 27595 I ViewInteraction: Checking 'MatchesViewAssertion(Detox){viewMatcher=(view has effective visibility <VISIBLE> and view.getGlobalVisibleRect() covers at least <75> percent of the view's area)}' assertion on view (an instance of android.widget.TextView and view.getText() with or without transformation to match: is "Score do dia" and view has effective visibility <VISIBLE>)
04-06 02:43:23.620 27595 27595 I ViewInteraction: Checking 'MatchesViewAssertion(Detox){viewMatcher=(view has effective visibility <VISIBLE> and view.getGlobalVisibleRect() covers at least <75> percent of the view's area)}' assertion on view (an instance of android.widget.TextView and view.getText() with or without transformation to match: is "Score do dia" and view has effective visibility <VISIBLE>)
04-06 02:43:23.669 27595 27595 I ViewInteraction: Checking 'MatchesViewAssertion(Detox){viewMatcher=(view has effective visibility <VISIBLE> and view.getGlobalVisibleRect() covers at least <75> percent of the view's area)}' assertion on view (an instance of android.widget.TextView and view.getText() with or without transformation to match: is "Score do dia" and view has effective visibility <VISIBLE>)
04-06 02:43:23.714 27595 27595 I ViewInteraction: Checking 'MatchesViewAssertion(Detox){viewMatcher=(view has effective visibility <VISIBLE> and view.getGlobalVisibleRect() covers at least <75> percent of the view's area)}' assertion on view (an instance of android.widget.TextView and view.getText() with or without transformation to match: is "Score do dia" and view has effective visibility <VISIBLE>)
04-06 02:43:23.750 27595 27595 I ViewInteraction: Checking 'MatchesViewAssertion(Detox){viewMatcher=(view has effective visibility <VISIBLE> and view.getGlobalVisibleRect() covers at least <75> percent of the view's area)}' assertion on view (an instance of android.widget.TextView and view.getText() with or without transformation to match: is "Score do dia" and view has effective visibility <VISIBLE>)
04-06 02:43:23.763 27595 27612 W om.evolucao.app: Cleared Reference was only reachable from finalizer (only reported once)
04-06 02:43:23.796 27595 27595 I ViewInteraction: Checking 'MatchesViewAssertion(Detox){viewMatcher=(view has effective visibility <VISIBLE> and view.getGlobalVisibleRect() covers at least <75> percent of the view's area)}' assertion on view (an instance of android.widget.TextView and view.getText() with or without transformation to match: is "Score do dia" and view has effective visibility <VISIBLE>)
04-06 02:43:23.841 27595 27595 I ViewInteraction: Checking 'MatchesViewAssertion(Detox){viewMatcher=(view has effective visibility <VISIBLE> and view.getGlobalVisibleRect() covers at least <75> percent of the view's area)}' assertion on view (an instance of android.widget.TextView and view.getText() with or without transformation to match: is "Score do dia" and view has effective visibility <VISIBLE>)
04-06 02:43:23.884 27595 27595 I ViewInteraction: Checking 'MatchesViewAssertion(Detox){viewMatcher=(view has effective visibility <VISIBLE> and view.getGlobalVisibleRect() covers at least <75> percent of the view's area)}' assertion on view (an instance of android.widget.TextView and view.getText() with or without transformation to match: is "Score do dia" and view has effective visibility <VISIBLE>)
04-06 02:43:23.929 27595 27595 I ViewInteraction: Checking 'MatchesViewAssertion(Detox){viewMatcher=(view has effective visibility <VISIBLE> and view.getGlobalVisibleRect() covers at least <75> percent of the view's area)}' assertion on view (an instance of android.widget.TextView and view.getText() with or without transformation to match: is "Score do dia" and view has effective visibility <VISIBLE>)
04-06 02:43:23.976 27595 27595 I ViewInteraction: Checking 'MatchesViewAssertion(Detox){viewMatcher=(view has effective visibility <VISIBLE> and view.getGlobalVisibleRect() covers at least <75> percent of the view's area)}' assertion on view (an instance of android.widget.TextView and view.getText() with or without transformation to match: is "Score do dia" and view has effective visibility <VISIBLE>)
04-06 02:43:24.024 27595 27595 I ViewInteraction: Checking 'MatchesViewAssertion(Detox){viewMatcher=(view has effective visibility <VISIBLE> and view.getGlobalVisibleRect() covers at least <75> percent of the view's area)}' assertion on view (an instance of android.widget.TextView and view.getText() with or without transformation to match: is "Score do dia" and view has effective visibility <VISIBLE>)
04-06 02:43:24.073 27595 27595 I ViewInteraction: Checking 'MatchesViewAssertion(Detox){viewMatcher=(view has effective visibility <VISIBLE> and view.getGlobalVisibleRect() covers at least <75> percent of the view's area)}' assertion on view (an instance of android.widget.TextView and view.getText() with or without transformation to match: is "Score do dia" and view has effective visibility <VISIBLE>)
04-06 02:43:24.109 27595 27595 I ViewInteraction: Checking 'MatchesViewAssertion(Detox){viewMatcher=(view has effective visibility <VISIBLE> and view.getGlobalVisibleRect() covers at least <75> percent of the view's area)}' assertion on view (an instance of android.widget.TextView and view.getText() with or without transformation to match: is "Score do dia" and view has effective visibility <VISIBLE>)
04-06 02:43:24.149 27595 27595 I ViewInteraction: Checking 'MatchesViewAssertion(Detox){viewMatcher=(view has effective visibility <VISIBLE> and view.getGlobalVisibleRect() covers at least <75> percent of the view's area)}' assertion on view (an instance of android.widget.TextView and view.getText() with or without transformation to match: is "Score do dia" and view has effective visibility <VISIBLE>)
04-06 02:43:24.196 27595 27595 I ViewInteraction: Checking 'MatchesViewAssertion(Detox){viewMatcher=(view has effective visibility <VISIBLE> and view.getGlobalVisibleRect() covers at least <75> percent of the view's area)}' assertion on view (an instance of android.widget.TextView and view.getText() with or without transformation to match: is "Score do dia" and view has effective visibility <VISIBLE>)
04-06 02:43:24.234 27595 27595 I ViewInteraction: Checking 'MatchesViewAssertion(Detox){viewMatcher=(view has effective visibility <VISIBLE> and view.getGlobalVisibleRect() covers at least <75> percent of the view's area)}' assertion on view (an instance of android.widget.TextView and view.getText() with or without transformation to match: is "Score do dia" and view has effective visibility <VISIBLE>)
04-06 02:43:24.280 27595 27595 I ViewInteraction: Checking 'MatchesViewAssertion(Detox){viewMatcher=(view has effective visibility <VISIBLE> and view.getGlobalVisibleRect() covers at least <75> percent of the view's area)}' assertion on view (an instance of android.widget.TextView and view.getText() with or without transformation to match: is "Score do dia" and view has effective visibility <VISIBLE>)
04-06 02:43:24.328 27595 27595 I ViewInteraction: Checking 'MatchesViewAssertion(Detox){viewMatcher=(view has effective visibility <VISIBLE> and view.getGlobalVisibleRect() covers at least <75> percent of the view's area)}' assertion on view (an instance of android.widget.TextView and view.getText() with or without transformation to match: is "Score do dia" and view has effective visibility <VISIBLE>)
04-06 02:43:24.373 27595 27595 I ViewInteraction: Checking 'MatchesViewAssertion(Detox){viewMatcher=(view has effective visibility <VISIBLE> and view.getGlobalVisibleRect() covers at least <75> percent of the view's area)}' assertion on view (an instance of android.widget.TextView and view.getText() with or without transformation to match: is "Score do dia" and view has effective visibility <VISIBLE>)
04-06 02:43:24.420 27595 27595 I ViewInteraction: Checking 'MatchesViewAssertion(Detox){viewMatcher=(view has effective visibility <VISIBLE> and view.getGlobalVisibleRect() covers at least <75> percent of the view's area)}' assertion on view (an instance of android.widget.TextView and view.getText() with or without transformation to match: is "Score do dia" and view has effective visibility <VISIBLE>)
04-06 02:43:24.456 27595 27595 I ViewInteraction: Checking 'MatchesViewAssertion(Detox){viewMatcher=(view has effective visibility <VISIBLE> and view.getGlobalVisibleRect() covers at least <75> percent of the view's area)}' assertion on view (an instance of android.widget.TextView and view.getText() with or without transformation to match: is "Score do dia" and view has effective visibility <VISIBLE>)
04-06 02:43:24.503 27595 27595 I ViewInteraction: Checking 'MatchesViewAssertion(Detox){viewMatcher=(view has effective visibility <VISIBLE> and view.getGlobalVisibleRect() covers at least <75> percent of the view's area)}' assertion on view (an instance of android.widget.TextView and view.getText() with or without transformation to match: is "Score do dia" and view has effective visibility <VISIBLE>)
04-06 02:43:24.551 27595 27595 I ViewInteraction: Checking 'MatchesViewAssertion(Detox){viewMatcher=(view has effective visibility <VISIBLE> and view.getGlobalVisibleRect() covers at least <75> percent of the view's area)}' assertion on view (an instance of android.widget.TextView and view.getText() with or without transformation to match: is "Score do dia" and view has effective visibility <VISIBLE>)
04-06 02:43:24.599 27595 27595 I ViewInteraction: Checking 'MatchesViewAssertion(Detox){viewMatcher=(view has effective visibility <VISIBLE> and view.getGlobalVisibleRect() covers at least <75> percent of the view's area)}' assertion on view (an instance of android.widget.TextView and view.getText() with or without transformation to match: is "Score do dia" and view has effective visibility <VISIBLE>)
04-06 02:43:24.635 27595 27595 I ViewInteraction: Checking 'MatchesViewAssertion(Detox){viewMatcher=(view has effective visibility <VISIBLE> and view.getGlobalVisibleRect() covers at least <75> percent of the view's area)}' assertion on view (an instance of android.widget.TextView and view.getText() with or without transformation to match: is "Score do dia" and view has effective visibility <VISIBLE>)
04-06 02:43:24.682 27595 27595 I ViewInteraction: Checking 'MatchesViewAssertion(Detox){viewMatcher=(view has effective visibility <VISIBLE> and view.getGlobalVisibleRect() covers at least <75> percent of the view's area)}' assertion on view (an instance of android.widget.TextView and view.getText() with or without transformation to match: is "Score do dia" and view has effective visibility <VISIBLE>)
04-06 02:43:24.728 27595 27595 I ViewInteraction: Checking 'MatchesViewAssertion(Detox){viewMatcher=(view has effective visibility <VISIBLE> and view.getGlobalVisibleRect() covers at least <75> percent of the view's area)}' assertion on view (an instance of android.widget.TextView and view.getText() with or without transformation to match: is "Score do dia" and view has effective visibility <VISIBLE>)
04-06 02:43:24.764 27595 27595 I ViewInteraction: Checking 'MatchesViewAssertion(Detox){viewMatcher=(view has effective visibility <VISIBLE> and view.getGlobalVisibleRect() covers at least <75> percent of the view's area)}' assertion on view (an instance of android.widget.TextView and view.getText() with or without transformation to match: is "Score do dia" and view has effective visibility <VISIBLE>)
04-06 02:43:24.806 27595 27595 I ViewInteraction: Checking 'MatchesViewAssertion(Detox){viewMatcher=(view has effective visibility <VISIBLE> and view.getGlobalVisibleRect() covers at least <75> percent of the view's area)}' assertion on view (an instance of android.widget.TextView and view.getText() with or without transformation to match: is "Score do dia" and view has effective visibility <VISIBLE>)
04-06 02:43:24.853 27595 27595 I ViewInteraction: Checking 'MatchesViewAssertion(Detox){viewMatcher=(view has effective visibility <VISIBLE> and view.getGlobalVisibleRect() covers at least <75> percent of the view's area)}' assertion on view (an instance of android.widget.TextView and view.getText() with or without transformation to match: is "Score do dia" and view has effective visibility <VISIBLE>)
04-06 02:43:24.901 27595 27595 I ViewInteraction: Checking 'MatchesViewAssertion(Detox){viewMatcher=(view has effective visibility <VISIBLE> and view.getGlobalVisibleRect() covers at least <75> percent of the view's area)}' assertion on view (an instance of android.widget.TextView and view.getText() with or without transformation to match: is "Score do dia" and view has effective visibility <VISIBLE>)
04-06 02:43:24.948 27595 27595 I ViewInteraction: Checking 'MatchesViewAssertion(Detox){viewMatcher=(view has effective visibility <VISIBLE> and view.getGlobalVisibleRect() covers at least <75> percent of the view's area)}' assertion on view (an instance of android.widget.TextView and view.getText() with or without transformation to match: is "Score do dia" and view has effective visibility <VISIBLE>)
04-06 02:43:24.996 27595 27595 I ViewInteraction: Checking 'MatchesViewAssertion(Detox){viewMatcher=(view has effective visibility <VISIBLE> and view.getGlobalVisibleRect() covers at least <75> percent of the view's area)}' assertion on view (an instance of android.widget.TextView and view.getText() with or without transformation to match: is "Score do dia" and view has effective visibility <VISIBLE>)
04-06 02:43:25.044 27595 27595 I ViewInteraction: Checking 'MatchesViewAssertion(Detox){viewMatcher=(view has effective visibility <VISIBLE> and view.getGlobalVisibleRect() covers at least <75> percent of the view's area)}' assertion on view (an instance of android.widget.TextView and view.getText() with or without transformation to match: is "Score do dia" and view has effective visibility <VISIBLE>)
04-06 02:43:25.084 27595 27595 I ViewInteraction: Checking 'MatchesViewAssertion(Detox){viewMatcher=(view has effective visibility <VISIBLE> and view.getGlobalVisibleRect() covers at least <75> percent of the view's area)}' assertion on view (an instance of android.widget.TextView and view.getText() with or without transformation to match: is "Score do dia" and view has effective visibility <VISIBLE>)
04-06 02:43:25.129 27595 27595 I ViewInteraction: Checking 'MatchesViewAssertion(Detox){viewMatcher=(view has effective visibility <VISIBLE> and view.getGlobalVisibleRect() covers at least <75> percent of the view's area)}' assertion on view (an instance of android.widget.TextView and view.getText() with or without transformation to match: is "Score do dia" and view has effective visibility <VISIBLE>)
04-06 02:43:25.176 27595 27595 I ViewInteraction: Checking 'MatchesViewAssertion(Detox){viewMatcher=(view has effective visibility <VISIBLE> and view.getGlobalVisibleRect() covers at least <75> percent of the view's area)}' assertion on view (an instance of android.widget.TextView and view.getText() with or without transformation to match: is "Score do dia" and view has effective visibility <VISIBLE>)
04-06 02:43:25.224 27595 27595 I ViewInteraction: Checking 'MatchesViewAssertion(Detox){viewMatcher=(view has effective visibility <VISIBLE> and view.getGlobalVisibleRect() covers at least <75> percent of the view's area)}' assertion on view (an instance of android.widget.TextView and view.getText() with or without transformation to match: is "Score do dia" and view has effective visibility <VISIBLE>)
04-06 02:43:25.273 27595 27595 I ViewInteraction: Checking 'MatchesViewAssertion(Detox){viewMatcher=(view has effective visibility <VISIBLE> and view.getGlobalVisibleRect() covers at least <75> percent of the view's area)}' assertion on view (an instance of android.widget.TextView and view.getText() with or without transformation to match: is "Score do dia" and view has effective visibility <VISIBLE>)
04-06 02:43:25.321 27595 27595 I ViewInteraction: Checking 'MatchesViewAssertion(Detox){viewMatcher=(view has effective visibility <VISIBLE> and view.getGlobalVisibleRect() covers at least <75> percent of the view's area)}' assertion on view (an instance of android.widget.TextView and view.getText() with or without transformation to match: is "Score do dia" and view has effective visibility <VISIBLE>)
04-06 02:43:25.369 27595 27595 I ViewInteraction: Checking 'MatchesViewAssertion(Detox){viewMatcher=(view has effective visibility <VISIBLE> and view.getGlobalVisibleRect() covers at least <75> percent of the view's area)}' assertion on view (an instance of android.widget.TextView and view.getText() with or without transformation to match: is "Score do dia" and view has effective visibility <VISIBLE>)
04-06 02:43:25.403 27595 27595 I ViewInteraction: Checking 'MatchesViewAssertion(Detox){viewMatcher=(view has effective visibility <VISIBLE> and view.getGlobalVisibleRect() covers at least <75> percent of the view's area)}' assertion on view (an instance of android.widget.TextView and view.getText() with or without transformation to match: is "Score do dia" and view has effective visibility <VISIBLE>)
04-06 02:43:25.448 27595 27595 I ViewInteraction: Checking 'MatchesViewAssertion(Detox){viewMatcher=(view has effective visibility <VISIBLE> and view.getGlobalVisibleRect() covers at least <75> percent of the view's area)}' assertion on view (an instance of android.widget.TextView and view.getText() with or without transformation to match: is "Score do dia" and view has effective visibility <VISIBLE>)
04-06 02:43:25.496 27595 27595 I ViewInteraction: Checking 'MatchesViewAssertion(Detox){viewMatcher=(view has effective visibility <VISIBLE> and view.getGlobalVisibleRect() covers at least <75> percent of the view's area)}' assertion on view (an instance of android.widget.TextView and view.getText() with or without transformation to match: is "Score do dia" and view has effective visibility <VISIBLE>)
04-06 02:43:25.544 27595 27595 I ViewInteraction: Checking 'MatchesViewAssertion(Detox){viewMatcher=(view has effective visibility <VISIBLE> and view.getGlobalVisibleRect() covers at least <75> percent of the view's area)}' assertion on view (an instance of android.widget.TextView and view.getText() with or without transformation to match: is "Score do dia" and view has effective visibility <VISIBLE>)
04-06 02:43:25.592 27595 27595 I ViewInteraction: Checking 'MatchesViewAssertion(Detox){viewMatcher=(view has effective visibility <VISIBLE> and view.getGlobalVisibleRect() covers at least <75> percent of the view's area)}' assertion on view (an instance of android.widget.TextView and view.getText() with or without transformation to match: is "Score do dia" and view has effective visibility <VISIBLE>)
04-06 02:43:25.640 27595 27595 I ViewInteraction: Checking 'MatchesViewAssertion(Detox){viewMatcher=(view has effective visibility <VISIBLE> and view.getGlobalVisibleRect() covers at least <75> percent of the view's area)}' assertion on view (an instance of android.widget.TextView and view.getText() with or without transformation to match: is "Score do dia" and view has effective visibility <VISIBLE>)
04-06 02:43:25.689 27595 27595 I ViewInteraction: Checking 'MatchesViewAssertion(Detox){viewMatcher=(view has effective visibility <VISIBLE> and view.getGlobalVisibleRect() covers at least <75> percent of the view's area)}' assertion on view (an instance of android.widget.TextView and view.getText() with or without transformation to match: is "Score do dia" and view has effective visibility <VISIBLE>)
04-06 02:43:25.727 27595 27595 I ViewInteraction: Checking 'MatchesViewAssertion(Detox){viewMatcher=(view has effective visibility <VISIBLE> and view.getGlobalVisibleRect() covers at least <75> percent of the view's area)}' assertion on view (an instance of android.widget.TextView and view.getText() with or without transformation to match: is "Score do dia" and view has effective visibility <VISIBLE>)
04-06 02:43:25.772 27595 27595 I ViewInteraction: Checking 'MatchesViewAssertion(Detox){viewMatcher=(view has effective visibility <VISIBLE> and view.getGlobalVisibleRect() covers at least <75> percent of the view's area)}' assertion on view (an instance of android.widget.TextView and view.getText() with or without transformation to match: is "Score do dia" and view has effective visibility <VISIBLE>)
04-06 02:43:25.819 27595 27595 I ViewInteraction: Checking 'MatchesViewAssertion(Detox){viewMatcher=(view has effective visibility <VISIBLE> and view.getGlobalVisibleRect() covers at least <75> percent of the view's area)}' assertion on view (an instance of android.widget.TextView and view.getText() with or without transformation to match: is "Score do dia" and view has effective visibility <VISIBLE>)
04-06 02:43:25.866 27595 27595 I ViewInteraction: Checking 'MatchesViewAssertion(Detox){viewMatcher=(view has effective visibility <VISIBLE> and view.getGlobalVisibleRect() covers at least <75> percent of the view's area)}' assertion on view (an instance of android.widget.TextView and view.getText() with or without transformation to match: is "Score do dia" and view has effective visibility <VISIBLE>)
