04-06 10:53:00.429  3359  3359 D InputTransport: Input channel destroyed: 'b84f7b3', fd=123
04-06 10:53:00.445  3359  3487 D jni_lib_merge: Entering merged library JNI_OnLoad.
04-06 10:53:00.445  3359  3487 D jni_lib_merge: Preparing 4 pre-merged libs (including stub)
04-06 10:53:00.445  3359  3487 D jni_lib_merge: Preparing to register libhermes_executor_so.  onload_func: 0x7016571fa4
04-06 10:53:00.445  3359  3487 D jni_lib_merge: Preparing to register libhermesinstancejni_so.  onload_func: 0x70165ab8b4
04-06 10:53:00.445  3359  3487 D jni_lib_merge: Preparing to register libjsijniprofiler_so.  onload_func: 0x70165ad8f8
04-06 10:53:00.445  3359  3487 D jni_lib_merge: About to register 3 actual methods.
04-06 10:53:00.447  3359  3488 D TrafficStats: tagSocket(129) with statsTag=0xffffffff, statsUid=-1
04-06 10:53:00.546  3359  3487 I ExpoModulesCore: ✅ AppContext was initialized
04-06 10:53:00.575  3359  3487 W unknown:BridgelessReact: ReactHost{0}.getOrCreateReactInstanceTask(): Loading JS Bundle
04-06 10:53:00.575  3359  3487 W unknown:BridgelessReact: ReactHost{0}.getOrCreateReactInstanceTask(): DevSupportManager.onNewReactContextCreated()
04-06 10:53:00.576  3359  3499 D Detox.RNMarker: RUN_JS_BUNDLE_START (/.virtual-metro-entry.bundle?platform=android&dev=true&lazy=true&minify=false&app=com.evolucao.app&modulesOnly=false&runModule=true&excludeSource=true&sourcePaths=url-server)
04-06 10:53:00.578  3359  3359 W unknown:ReactNative: Packager connection already open, nooping.
04-06 10:53:00.584  3359  3359 W unknown:BridgelessReact: ReactHost{0}.ReactContext.onHostResume()
04-06 10:53:00.585  3359  3487 W unknown:BridgelessReact: ReactHost{0}.startSurface(surfaceId = 0): Execute
04-06 10:53:00.589  3359  3359 W unknown:BridgelessReact: ReactHost{0}.getOrCreateReactInstanceTask(): Executing ReactInstanceEventListeners
04-06 10:53:00.589  3359  3359 I DetoxRNLoading: Got new RN-context through listener
04-06 10:53:00.590  3359  3412 I DetoxRNIdleRes: Setting up Espresso Idling Resources for React Native
04-06 10:53:00.597  3359  3359 D DetoxRNHelpers: Native RN module resolution (class com.reactnativecommunity.asyncstorage.AsyncStorageModule): no registered module found
04-06 10:53:00.597  3359  3412 D IdlingRegistry: Registering idling resources: [com.wix.detox.reactnative.idlingresources.uimodule.fabric.FabricUIManagerIdlingResources@fa053f5]
04-06 10:53:00.597  3359  3412 D IdlingRegistry: Registering idling resources: [com.wix.detox.reactnative.idlingresources.animations.AnimatedModuleIdlingResource@556958a]
04-06 10:53:00.597  3359  3412 D IdlingRegistry: Registering idling resources: [com.wix.detox.reactnative.idlingresources.timers.FabricTimersIdlingResource@a29e7fb]
04-06 10:53:00.597  3359  3412 D IdlingRegistry: Registering idling resources: [com.wix.detox.reactnative.idlingresources.network.NetworkIdlingResource@fa87018]
04-06 10:53:00.597  3359  3412 D IdlingRegistry: Registering idling resources: [com.wix.detox.reactnative.idlingresources.StabilizedIdlingResource@76f3a71]
04-06 10:53:00.615  3359  3500 W om.evolucao.app: Accessing hidden method Landroid/os/MessageQueue;->next()Landroid/os/Message; (unsupported, reflection, allowed)
04-06 10:53:00.615  3359  3500 W om.evolucao.app: Accessing hidden field Landroid/os/MessageQueue;->mMessages:Landroid/os/Message; (unsupported, reflection, allowed)
04-06 10:53:00.615  3359  3500 W om.evolucao.app: Accessing hidden method Landroid/os/Message;->recycleUnchecked()V (unsupported, reflection, allowed)
04-06 10:53:00.757  3359  3359 D DetoxRNHelpers: Native RN module resolution (class com.reactnativecommunity.asyncstorage.AsyncStorageModule): no registered module found
04-06 10:53:00.758  3359  3431 W om.evolucao.app: Long monitor contention with owner Instr: androidx.test.runner.AndroidJUnitRunner (3412) at void com.wix.detox.DetoxMain.launchActivityOnCue(android.content.Context, com.wix.detox.ActivityLaunchHelper)(DetoxMain.kt:53) waiters=0 in void com.wix.detox.DetoxMain$setupActionHandlers$SynchronizedActionHandler.handle(java.lang.String, long) for 874ms
04-06 10:53:00.820  3359  3500 I WebViewFactory: Loading com.google.android.webview version 146.0.7680.164 (code 768016403)
04-06 10:53:00.822  3359  3500 D ApplicationLoaders: Returning zygote-cached class loader: /system/framework/android.test.base.jar
04-06 10:53:00.826  3359  3500 D nativeloader: Configuring classloader-namespace for other apk /data/app/~~23ppwVuk64Fm9vdWCRWMMw==/com.google.android.webview-FPIphznatdLDx2VBYoD68A==/base.apk. target_sdk_version=36, uses_libraries=, library_path=/data/app/~~23ppwVuk64Fm9vdWCRWMMw==/com.google.android.webview-FPIphznatdLDx2VBYoD68A==/lib/arm64:/data/app/~~23ppwVuk64Fm9vdWCRWMMw==/com.google.android.webview-FPIphznatdLDx2VBYoD68A==/base.apk!/lib/arm64-v8a, permitted_path=/data:/mnt/expand
04-06 10:53:00.841  3359  3500 I cr_WVCFactoryProvider: version=146.0.7680.164 (768016403) minSdkVersion=29 multiprocess=true packageId=127 splits=<none>
04-06 10:53:00.848  3359  3516 I chromium: [0406/105300.847763:INFO:android_webview/browser/variations/variations_seed_loader.cc:67] Failed to open file for reading.: No such file or directory (2)
04-06 10:53:00.848  3359  3516 I chromium: [0406/105300.848798:INFO:android_webview/browser/variations/variations_seed_loader.cc:67] Failed to open file for reading.: No such file or directory (2)
04-06 10:53:00.853  3359  3500 I cr_LibraryLoader: Successfully loaded native library
04-06 10:53:00.854  3359  3500 I cr_CachingUmaRecorder: Flushed 16 samples from 16 histograms, 0 samples were dropped.
04-06 10:53:00.870  3359  3499 W BridgelessReactContext: [WARNING] Bridgeless doesn't support CatalystInstance. Accessing an API that's not part of the new architecture is not encouraged usage.
04-06 10:53:00.877  3359  3521 D TrafficStats: tagSocket(143) with statsTag=0xffffffff, statsUid=-1
04-06 10:53:00.877  3359  3499 I ExpoModulesCore: ✅ JSI interop was installed
04-06 10:53:00.879  3359  3521 D TrafficStats: tagSocket(143) with statsTag=0xffffffff, statsUid=-1
04-06 10:53:00.883  3359  3499 I ExpoModulesCore: ✅ Constants were exported
04-06 10:53:00.927  3359  3499 W unknown:ViewManagerPropertyUpdater: Could not find generated setter for class com.th3rdwave.safeareacontext.SafeAreaProviderManager
04-06 10:53:00.930  3359  3499 W unknown:ViewManagerPropertyUpdater: Could not find generated setter for class com.facebook.react.uimanager.LayoutShadowNode
04-06 10:53:00.932  3359  3499 W unknown:ViewManagerPropertyUpdater: Could not find generated setter for class com.swmansion.rnscreens.SearchBarManager
04-06 10:53:00.932  3359  3499 W unknown:ViewManagerPropertyUpdater: Could not find generated setter for class com.swmansion.rnscreens.ScreenFooterManager
04-06 10:53:00.934  3359  3499 W unknown:ViewManagerPropertyUpdater: Could not find generated setter for class com.swmansion.rnscreens.gamma.tabs.TabScreenViewManager
04-06 10:53:00.935  3359  3499 W unknown:ViewManagerPropertyUpdater: Could not find generated setter for class expo.modules.kotlin.views.GroupViewManagerWrapper
04-06 10:53:00.935  3359  3499 W unknown:ViewManagerPropertyUpdater: Could not find generated setter for class com.swmansion.rnscreens.ScreenContainerViewManager
04-06 10:53:00.936  3359  3499 W unknown:ViewManagerPropertyUpdater: Could not find generated setter for class com.swmansion.rnscreens.gamma.tabs.TabsHostViewManager
04-06 10:53:00.937  3359  3499 W unknown:ViewManagerPropertyUpdater: Could not find generated setter for class com.swmansion.rnscreens.ModalScreenViewManager
04-06 10:53:00.938  3359  3499 W unknown:ViewManagerPropertyUpdater: Could not find generated setter for class com.swmansion.rnscreens.ScreenStackHeaderConfigViewManager
04-06 10:53:00.939  3359  3499 W unknown:ViewManagerPropertyUpdater: Could not find generated setter for class com.swmansion.rnscreens.ScreenContentWrapperManager
04-06 10:53:00.939  3359  3499 W unknown:ViewManagerPropertyUpdater: Could not find generated setter for class com.th3rdwave.safeareacontext.SafeAreaViewManager
04-06 10:53:00.941  3359  3499 W unknown:ViewManagerPropertyUpdater: Could not find generated setter for class com.th3rdwave.safeareacontext.SafeAreaViewShadowNode
04-06 10:53:00.941  3359  3499 W unknown:ViewManagerPropertyUpdater: Could not find generated setter for class com.swmansion.rnscreens.safearea.SafeAreaViewManager
04-06 10:53:00.941  3359  3499 W unknown:ViewManagerPropertyUpdater: Could not find generated setter for class com.swmansion.rnscreens.safearea.paper.SafeAreaViewShadowNode
04-06 10:53:00.942  3359  3499 W unknown:ViewManagerPropertyUpdater: Could not find generated setter for class com.swmansion.rnscreens.ScreenViewManager
04-06 10:53:00.942  3359  3499 W unknown:ViewManagerPropertyUpdater: Could not find generated setter for class com.swmansion.rnscreens.gamma.stack.host.StackHostViewManager
04-06 10:53:00.943  3359  3499 W unknown:ViewManagerPropertyUpdater: Could not find generated setter for class com.swmansion.rnscreens.ScreenStackHeaderSubviewManager
04-06 10:53:00.943  3359  3499 W unknown:ViewManagerPropertyUpdater: Could not find generated setter for class com.swmansion.rnscreens.gamma.stack.screen.StackScreenViewManager
04-06 10:53:00.943  3359  3499 W unknown:ViewManagerPropertyUpdater: Could not find generated setter for class com.swmansion.rnscreens.ScreenStackViewManager
04-06 10:53:01.020  3359  3499 W unknown:ViewManagerPropertyUpdater: Could not find generated setter for class com.facebook.react.views.debuggingoverlay.DebuggingOverlayManager
04-06 10:53:01.025  3359  3499 W unknown:ViewManagerPropertyUpdater: Could not find generated setter for class com.swmansion.gesturehandler.react.RNGestureHandlerButtonViewManager
04-06 10:53:01.030  3359  3499 W unknown:ViewManagerPropertyUpdater: Could not find generated setter for class com.facebook.react.views.safeareaview.ReactSafeAreaViewManager
04-06 10:53:01.035  3359  3499 W unknown:ViewManagerPropertyUpdater: Could not find generated setter for class com.facebook.react.views.modal.ReactModalHostManager
04-06 10:53:01.040  3359  3499 W unknown:ViewManagerPropertyUpdater: Could not find generated setter for class com.facebook.react.views.text.frescosupport.FrescoBasedReactTextInlineImageViewManager
04-06 10:53:01.040  3359  3499 W unknown:ViewManagerPropertyUpdater: Could not find generated setter for class com.facebook.react.views.text.frescosupport.FrescoBasedReactTextInlineImageShadowNode
04-06 10:53:01.045  3359  3499 W unknown:ViewManagerPropertyUpdater: Could not find generated setter for class com.facebook.react.views.progressbar.ReactProgressBarViewManager
04-06 10:53:01.045  3359  3499 W unknown:ViewManagerPropertyUpdater: Could not find generated setter for class com.facebook.react.views.progressbar.ProgressBarShadowNode
04-06 10:53:01.051  3359  3499 W unknown:ViewManagerPropertyUpdater: Could not find generated setter for class com.facebook.react.views.scroll.ReactHorizontalScrollViewManager
04-06 10:53:01.057  3359  3499 W unknown:ViewManagerPropertyUpdater: Could not find generated setter for class com.facebook.react.views.image.ReactImageManager
04-06 10:53:01.063  3359  3499 W unknown:ViewManagerPropertyUpdater: Could not find generated setter for class com.facebook.react.views.text.ReactTextViewManager
04-06 10:53:01.064  3359  3499 W unknown:ViewManagerPropertyUpdater: Could not find generated setter for class com.facebook.react.views.text.ReactTextShadowNode
04-06 10:53:01.070  3359  3499 W unknown:ViewManagerPropertyUpdater: Could not find generated setter for class com.facebook.react.views.scroll.ReactHorizontalScrollContainerViewManager
04-06 10:53:01.075  3359  3499 W unknown:ViewManagerPropertyUpdater: Could not find generated setter for class com.facebook.react.views.unimplementedview.ReactUnimplementedViewManager
04-06 10:53:01.080  3359  3499 W unknown:ViewManagerPropertyUpdater: Could not find generated setter for class com.facebook.react.views.scroll.ReactScrollViewManager
04-06 10:53:01.086  3359  3499 W unknown:ViewManagerPropertyUpdater: Could not find generated setter for class com.facebook.react.views.view.ReactViewManager
04-06 10:53:01.092  3359  3499 W unknown:ViewManagerPropertyUpdater: Could not find generated setter for class com.facebook.react.views.drawer.ReactDrawerLayoutManager
04-06 10:53:01.097  3359  3499 W unknown:ViewManagerPropertyUpdater: Could not find generated setter for class com.facebook.react.views.switchview.ReactSwitchManager
04-06 10:53:01.097  3359  3499 W unknown:ViewManagerPropertyUpdater: Could not find generated setter for class com.facebook.react.views.switchview.ReactSwitchShadowNode
04-06 10:53:01.102  3359  3499 W unknown:ViewManagerPropertyUpdater: Could not find generated setter for class com.facebook.react.views.swiperefresh.SwipeRefreshLayoutManager
04-06 10:53:01.109  3359  3499 W unknown:ViewManagerPropertyUpdater: Could not find generated setter for class com.facebook.react.views.textinput.ReactTextInputManager
04-06 10:53:01.110  3359  3499 W unknown:ViewManagerPropertyUpdater: Could not find generated setter for class com.facebook.react.views.textinput.ReactTextInputShadowNode
04-06 10:53:01.117  3359  3499 W unknown:ViewManagerPropertyUpdater: Could not find generated setter for class com.swmansion.gesturehandler.react.RNGestureHandlerRootViewManager
04-06 10:53:01.148  3359  3521 D TrafficStats: tagSocket(143) with statsTag=0xffffffff, statsUid=-1
04-06 10:53:01.313  3359  3499 V AsyncStorageExpoMigration: No scoped database found
04-06 10:53:01.487  3359  3499 D Detox.RNMarker: RUN_JS_BUNDLE_END (/.virtual-metro-entry.bundle?platform=android&dev=true&lazy=true&minify=false&app=com.evolucao.app&modulesOnly=false&runModule=true&excludeSource=true&sourcePaths=url-server)
04-06 10:53:01.489  3359  3499 I ReactNativeJS: Running "main" with {"rootTag":1,"initialProps":{},"fabric":true}
04-06 10:53:01.567  3359  3524 D TrafficStats: tagSocket(133) with statsTag=0xffffffff, statsUid=-1
04-06 10:53:01.693  3359  3359 I DecorView: notifyKeepScreenOnChanged: keepScreenOn=true
04-06 10:53:01.697  3359  3359 I ViewRootImpl@914008f[MainActivity]: performTraversals params={(0,0)(fillxfill) sim={adjust=resize} layoutInDisplayCutoutMode=always ty=BASE_APPLICATION wanim=0x1030309
04-06 10:53:01.697  3359  3359 I ViewRootImpl@914008f[MainActivity]:   fl=81810180
04-06 10:53:01.697  3359  3359 I ViewRootImpl@914008f[MainActivity]:   pfl=16020040
04-06 10:53:01.697  3359  3359 I ViewRootImpl@914008f[MainActivity]:   vsysui=100
04-06 10:53:01.697  3359  3359 I ViewRootImpl@914008f[MainActivity]:   bhv=DEFAULT
04-06 10:53:01.697  3359  3359 I ViewRootImpl@914008f[MainActivity]:   fitSides= naviIconColor=0}
04-06 10:53:01.699  3359  3359 I ViewRootImpl@914008f[MainActivity]: performTraversals mFirst=false windowShouldResize=false viewVisibilityChanged=false mForceNextWindowRelayout=false params={(0,0)(fillxfill) sim={adjust=resize} layoutInDisplayCutoutMode=always ty=BASE_APPLICATION wanim=0x1030309
04-06 10:53:01.699  3359  3359 I ViewRootImpl@914008f[MainActivity]:   fl=81810180
04-06 10:53:01.699  3359  3359 I ViewRootImpl@914008f[MainActivity]:   pfl=16020040
04-06 10:53:01.699  3359  3359 I ViewRootImpl@914008f[MainActivity]:   vsysui=100
04-06 10:53:01.699  3359  3359 I ViewRootImpl@914008f[MainActivity]:   bhv=DEFAULT
04-06 10:53:01.699  3359  3359 I ViewRootImpl@914008f[MainActivity]:   fitSides= naviIconColor=0}
04-06 10:53:01.708  3359  3359 I ViewRootImpl@914008f[MainActivity]: updateBlastSurfaceIfNeeded mBlastBufferQueue=0xb4000070c2c34c00 isSameSurfaceControl=true
04-06 10:53:01.708  3359  3359 I BLASTBufferQueue: update, w= 1080 h= 2400 mName = ViewRootImpl@914008f[MainActivity] mNativeObject= 0xb4000070c2c34c00 sc.mNativeObject= 0xb40000700a97e8e0 format= -1 caller= android.view.ViewRootImpl.updateBlastSurfaceIfNeeded:2898 android.view.ViewRootImpl.relayoutWindow:9847 android.view.ViewRootImpl.performTraversals:3884 android.view.ViewRootImpl.doTraversal:3116 android.view.ViewRootImpl$TraversalRunnable.run:10885 android.view.Choreographer$CallbackRecord.run:1301 
04-06 10:53:01.708  3359  3359 I ViewRootImpl@914008f[MainActivity]: Relayout returned: old=(0,0,1080,2400) new=(0,0,1080,2400) req=(1080,2400)0 dur=9 res=0x0 s={true 0xb4000070a0e76000} ch=false seqId=0
04-06 10:53:01.712  3359  3359 D Detox.RNMarker: CONTENT_APPEARED (main)
04-06 10:53:01.718  3359  3359 W UiControllerImpl: Waiting for: DYNAMIC_TASKS_HAVE_IDLED for 100 iterations.
04-06 10:53:01.912  3359  3386 I om.evolucao.app: Compiler allocated 4177KB to compile void android.widget.TextView.<init>(android.content.Context, android.util.AttributeSet, int, int)
04-06 10:53:01.917  3359  3359 D CompatibilityChangeReporter: Compat change id reported: 171228096; UID 10481; state: ENABLED
04-06 10:53:01.919  3359  3359 D ScrollView: initGoToTop
04-06 10:53:01.920  3359  3359 W om.evolucao.app: Accessing hidden field Landroid/widget/ScrollView;->mScroller:Landroid/widget/OverScroller; (unsupported, reflection, allowed)
04-06 10:53:01.937  3359  3359 W [RNScreens]: backTitleFontFamily prop is not available on Android
04-06 10:53:01.937  3359  3359 W [RNScreens]: disableBackButtonMenu prop is not available on Android
04-06 10:53:01.937  3359  3359 W [RNScreens]: backTitleVisible prop is not available on Android
04-06 10:53:01.937  3359  3359 W [RNScreens]: topInsetEnabled prop is not available on Android
04-06 10:53:01.937  3359  3359 W [RNScreens]: largeTitleHideShadow prop is not available on Android
04-06 10:53:01.937  3359  3359 W [RNScreens]: largeTitleFontWeight prop is not available on Android
04-06 10:53:01.937  3359  3359 W [RNScreens]: userInterfaceStyle prop is not available on Android
04-06 10:53:01.937  3359  3359 W [RNScreens]: largeTitleFontFamily prop is not available on Android
04-06 10:53:01.958  3359  3499 I ReactNativeJS: '[ANALYTICS]', 'app_opened', { event: 'app_opened',
04-06 10:53:01.958  3359  3499 I ReactNativeJS:   eventId: '1775483581955_9875e06a25189',
04-06 10:53:01.958  3359  3499 I ReactNativeJS:   appVersion: '1.0.0',
04-06 10:53:01.958  3359  3499 I ReactNativeJS:   category: 'engagement',
04-06 10:53:01.958  3359  3499 I ReactNativeJS:   userId: 'anonymous',
04-06 10:53:01.958  3359  3499 I ReactNativeJS:   timestamp: 1775483581954,
04-06 10:53:01.958  3359  3499 I ReactNativeJS:   timestampIso: '2026-04-06T13:53:01.954Z',
04-06 10:53:01.958  3359  3499 I ReactNativeJS:   screen: 'App',
04-06 10:53:01.958  3359  3499 I ReactNativeJS:   sessionId: 'session-1775483581717-19e35ad75c4f83',
04-06 10:53:01.958  3359  3499 I ReactNativeJS:   flowId: 'session-1775483581717-19e35ad75c4f83',
04-06 10:53:01.958  3359  3499 I ReactNativeJS:   meta: 
04-06 10:53:01.958  3359  3499 I ReactNativeJS:    { domain: 'engagement',
04-06 10:53:01.958  3359  3499 I ReactNativeJS:      version: 1,
04-06 10:53:01.958  3359  3499 I ReactNativeJS:      dayKey: '2026-04-06',
04-06 10:53:01.958  3359  3499 I ReactNativeJS:      isFirstOpenOfDay: true,
04-06 10:53:01.958  3359  3499 I ReactNativeJS:      category: 'engagement' } }
04-06 10:53:01.965  3359  3499 D Detox.RNMarker: REACT_BRIDGELESS_LOADING_END (null)
04-06 10:53:02.030  3359  3459 D OpenGLRenderer: setSurface called with nullptr
04-06 10:53:02.084  3359  3359 W UiControllerImpl: Waiting for: DYNAMIC_TASKS_HAVE_IDLED for 200 iterations.
04-06 10:53:03.302  3359  3359 W UiControllerImpl: Waiting for: DYNAMIC_TASKS_HAVE_IDLED for 300 iterations.
04-06 10:53:04.298  3359  3530 D ProfileInstaller: Installing profile for com.evolucao.app
04-06 10:53:04.592  3359  3359 W UiControllerImpl: Waiting for: DYNAMIC_TASKS_HAVE_IDLED for 400