04-06 02:09:27.995  1321  1842 D MetaDataCollector: onReceive: done pkgName=com.evolucao.app.test
04-06 02:09:27.995  3132  3132 I ViewRootImpl@9e5719f[LauncherActivity]: ViewPostIme key 0
04-06 02:09:27.996  6798  6798 I HBD     : HoneyBoardService onKeyUp r:bba6a45c consumed:false 1 
04-06 02:09:27.996  6798  6798 I HBD     : b skip onKeyDown as physical keyboard not connected 
04-06 02:09:27.996  3132  3132 I ViewRootImpl@9e5719f[LauncherActivity]: ViewPostIme key 1
04-06 02:09:27.996  6798  6798 I HBD     : HoneyBoardService onKeyDown r:49ae7d77 consumed:false 0 
04-06 02:09:27.998  3132  3132 I ViewRootImpl@9e5719f[LauncherActivity]: ViewPostIme key 0
04-06 02:09:27.998  1321  2352 I InputDispatcher: Delivering key to (3132): DP action: 0x1 (0), f=0x8, m=0x0, d=0, '7ae1b77'
04-06 02:09:28.001  1321  2156 D OverlayManager: onPackageRemoved pkgName=com.evolucao.app.test userId=0
04-06 02:09:28.001  1321  2156 I OverlayManager: updateOverlaysForTarget() called with: targetPackage = [com.evolucao.app.test], userId = [0], flags = [0], skipUpdateState = [false]
04-06 02:09:28.001  6798  6798 I HBD     : HoneyBoardService onKeyUp r:3997cb54 consumed:false 1 
04-06 02:09:28.004  1321  2371 V StorageManagerService: Package com.evolucao.app.test does not have legacy storage
04-06 02:09:28.004  3132  3132 I ViewRootImpl@9e5719f[LauncherActivity]: ViewPostIme key 1
04-06 02:09:28.005  2639  2639 D CarrierSvcBindHelper: onPackageRemoved: com.evolucao.app.test
04-06 02:09:28.005  4256  4335 I PackageInfoManager_FLP: action : ACTION_PACKAGE_REMOVED, packageName = com.evolucao.app.test
04-06 02:09:28.006  1321  2388 W WifiService: Couldn't get PackageInfo for package:com.evolucao.app.test
04-06 02:09:28.006  1321  2388 D WifiService: Remove settings for package:com.evolucao.app.test
04-06 02:09:28.006  1321  2388 D WifiConfigManager: Remove all networks for app ApplicationInfo{3c491d0 com.evolucao.app.test}
04-06 02:09:28.008  5505  5505 W MediaProvider: WorkProfileOwnerApps cache is empty
04-06 02:09:28.008  2682  2682 D SPluginManagerImpl: onReceive: android.intent.action.PACKAGE_REMOVED, size:{com.android.systemui.noticenter.NotiCenterPlugin$NotiCenterPluginListener@3023927=SPluginInstanceManager@9450040 (action=com.samsung.systemui.action.PLUGIN_NOTICENTER), com.samsung.android.systemui.multistar.MultiStarManager$2@510f3db=SPluginInstanceManager@201499153 (action=com.samsung.systemui.action.PLUGIN_MULTISTAR), com.android.systemui.slimindicator.SlimIndicatorPluginMediator@56d31ed=SPluginInstanceManager@78012278 (action=com.samsung.systemui.action.SPLUGIN_SLIMINDICATOR), com.android.systemui.navigationbar.plugin.PluginBarInteractionManager$pluginListener$1@97ca726=SPluginInstanceManager@120637815 (action=com.samsung.systemui.navigationbar.PLUGIN), com.android.systemui.pluginlock.PluginLockMediatorImpl@aa40f48=SPluginInstanceManager@103954916 (action=com.samsung.systemui.action.PLUGIN_LOCK), com.android.systemui.volume.VolumeStarInteractor$1@ac32d10=SPluginInstanceManager@190729805 (action=com.samsung.systemui.volume.PLUGIN), com.android.systemui.lockstar.PluginLockStarManager@dd2838c=SPluginInstanceManager@261160194 (action=com.samsung.systemui.action.PLUGIN_LOCK_STAR)}
04-06 02:09:28.008  2639  2639 D CarrierSvcBindHelper: No carrier app for: 0
04-06 02:09:28.008  2682  2682 D TileServices: mUninstallReceiver onReceive = Intent { act=android.intent.action.PACKAGE_REMOVED dat=package: flg=0x4000010 (has extras) }
04-06 02:09:28.009  2682  2682 D KeyguardShortcutManager: onReceive : Intent.EXTRA_REPLACING false, com.evolucao.app.test
04-06 02:09:28.009  2682  2682 D KeyguardUpdateMonitor: received broadcast android.intent.action.PACKAGE_REMOVED
04-06 02:09:28.009  2994  2994 D RegisteredNfcFServicesCache: Service unchanged, not updating
04-06 02:09:28.009  2639  2639 D CarrierSvcBindHelper: No carrier app for: 1
04-06 02:09:28.009  2639  2639 I VvmPkgInstalledRcvr: onReceive(): android.intent.action.PACKAGE_REMOVED
04-06 02:09:28.009  1321  3120 I Telecom:SamsungTelecomServiceImpl: getSystemDialerPackage - callingPid : 2639 / processName : sts
04-06 02:09:28.010  5505  5505 W MediaProvider: WorkProfileOwnerApps cache is empty
04-06 02:09:28.010  2639  2639 I VvmPkgInstalledRcvr: packageName: com.evolucao.app.test, systemDialer: com.samsung.android.dialer
04-06 02:09:28.010  2682  2682 D FaceWidgetMusicViewModel: onPackageRemoved() pkg = com.evolucao.app.test, r = false
04-06 02:09:28.010  2682  2682 D FaceWidgetMusicViewModel: resetDataAndClear()
04-06 02:09:28.011  2682  2682 D FaceWidgetMetadataParser: removePackage() key = com.evolucao.app.test
04-06 02:09:28.011 18617 18617 I WindowsLink: (SystemPropertyWrapperImpl) setSoftInputVisibleState: in = true
04-06 02:09:28.012  2639  2639 I VvmPkgInstalledRcvr: capablePhoneAccounts : [ComponentInfo{com.android.phone/com.android.services.telephony.TelephonyConnectionService}, 1, UserHandle{0}, ComponentInfo{com.android.phone/com.android.services.telephony.TelephonyConnectionService}, 2, UserHandle{0}]
04-06 02:09:28.012  2639  2639 I VvmPkgInstalledRcvr: capablePhoneAccounts.size : 2
04-06 02:09:28.012  2639  2639 I VvmPkgInstalledRcvr: phoneAccountHandle : ComponentInfo{com.android.phone/com.android.services.telephony.TelephonyConnectionService}, 1, UserHandle{0}
04-06 02:09:28.012  2639  2639 I VvmPkgInstalledRcvr: pinnedTelephonyManager : android.telephony.TelephonyManager@847cd32
04-06 02:09:28.016  1321  2388 D WifiConfigStore: Writing to stores completed in 8 ms.
04-06 02:09:28.016  1321  2388 I PasspointManager: No app ops listener found for com.evolucao.app.test
04-06 02:09:28.019  2639  2639 I VvmPkgInstalledRcvr: pinnedTelephonyManager : subscriberId: 724*********379
04-06 02:09:28.021  2639  2639 I VvmPkgInstalledRcvr: getCarrierVvmPackages : config: PersistableBundle[{imsvoice.voice_on_default_bearer_supported_bool=false, imsss.ut_transport_type_int=1, carrier_volte_provisioned_bool=false, support_cdma_1x_voice_calls_bool=true, support_ss_over_cdma_bool=false, disable_charge_indication_bool=false, ims.sip_timer_t4_millis_int=17000, support_tdscdma_bool=false, httpSocketTimeout=60000, allowed_initial_attach_apn_types_string_array=[ia, default], disable_supplementary_services_in_airplane_mode_bool=false, call_barring_default_service_class_int=1, call_redirection_service_component_name_string=null, carrier_wfc_supports_wifi_only_bool=false, carrier_default_actions_on_default_network_available_string_array=[false: 7, true: 8], imsvoice.minimum_session_expires_timer_sec_int=90, iwlan_handover_policy_string_array=[source=GERAN|UTRAN|EUTRAN|NGRAN|IWLAN, target=GERAN|UTRAN|EUTRAN|NGRAN|IWLAN, type=allowed], operator_selection_expand_bool=true, disable_cdma_activation_code_bool=false, simplified_network_settings_bool=false, imsemergency.emergency_registration_timer_millis_int=10000, call_forwarding_when_unanswered_supported_bool=true, imsvt.h264_payload_description_bundle=PersistableBundle[{99=PersistableBundle[{}], 100=PersistableBundle[{imsvt.video_codec_attribute_packetization_mode_int=0}]}], support_tdscdma_roaming_networks_string_array=null, opportunistic.5g_data_switch_hysteresis_time_long=2000, ims.sip_timer_d_millis_int=130000, gps.lpp_profile=2, call_barring_visibility_bool=false, gba_mode_int=1, ims.registration_subscribe_expiry_timer_sec_int=600000, gps.es_extension_sec=0, enable_apps_string_array=null, 5g_icon_display_secondary_grace_period_string=, carrier_default_wfc_ims_roaming_enabled_bool=false, cdma_nonroaming_networks_string_array=null, imsss.ut_as_server_fqdn_string=, signal_strength_nr_nsa_use_lte_as_primary_bool=true, aliasMinChars=2, fdn_number_length_limit_int=20, support_ims_call_forwarding_while_roaming_bool=true, wfc_data_spn_format_idx_int=0, hide_sim_lock_settings_bool=false, drop_video_call_when_answering_audio_call_bool=false, data_stall_recovery_timers_long_array=[180000, 180000, 180000, 180000], opportunistic_esim_download_via_wifi_only_bool=false, imsss.xcap_over_ut_supported_rats_int_array=[3, 5], ci_action_on_sys_update_bool=false, carrier_certificate_string_array=[7D7226772D4F6D778FEF53A36BE15AD78D8D9D4BC4CE00C5F2E3216C19480FA0], convert_cdma_caller_id_mmi_codes_while_roaming_on_3gpp_bool=false, support_enhanced_call_blocking_bool=true, iwlan.ike_rekey_hard_timer_in_sec=14400, vvm_port_number_int=0, carrier_default_wfc_ims_enabled_bool=false, iwlan.ike_session_encryption_aes_ctr_key_size_int_array=[128, 192, 256], dial_string_replace_string_array=null, opportunistic_network_entry_threshold_bandwidth_int=1024, opportunistic_network_data_switch_exit_hysteresis_time_long=3000, imsss.use_csfb_on_xcap_over_ut_failure_bool=true, gsm_nonroaming_networks_string_array=null, imsserviceentitlement.ims_provisioning_bool=false, wifi.avoid_5ghz_softap_for_laa_bool=false, hide_ims_apn_bool=false, vvm_destination_number_string=, unmetered_nr_sa_mmwave_bool=false, ims.ipsec_encryption_algorithms_int_array=[0, 1, 2], opportunistic.5g_backoff_time_long=10000, enable_cross_sim_calling_on_opportunistic_data_bool=false, vonr_setting_visibility_bool=true, imssms.sms_over_ims_supported_bool=true, dtmf_type_enabled_bool=false, ims.sip_timer_f_millis_int=128000, allow_video_calling_fallback_bool=true, nr_advanced_threshold_bandwidth_khz_int=0, opportunistic.5g_ping_pong_time_long=60000, config_ims_package_override_string=com.google.android.ims, data_stall_recovery_should_skip_bool_array=[false, false, true, false, false], only_auto_select_in_home_network=false, iwlan.supported_prf_algorithms_int_array=[2, 4, 5, 6, 7], show_data_connected_roaming_notification=false, gps.es_supl_data_plane_only_roaming_plmn_string_array=null, imsserviceentitlement.fcm_sender_id_string=, smsToMmsTextThreshold=13, imsvt.video_as_bandwidth_kbps_int=960, opportunistic.exit_threshold_ss_rsrp_int_bundle=Pers
04-06 02:09:28.021  2639  2639 I VvmPkgInstalledRcvr: getCarrierVvmPackages : singlePackage: 
04-06 02:09:28.021  2639  2639 I VvmPkgInstalledRcvr: getCarrierVvmPackages : arrayPackages: null
04-06 02:09:28.021  2639  2639 I VvmPkgInstalledRcvr:  NOT contains : com.evolucao.app.test
04-06 02:09:28.021  2639  2639 I VvmPkgInstalledRcvr: phoneAccountHandle : ComponentInfo{com.android.phone/com.android.services.telephony.TelephonyConnectionService}, 2, UserHandle{0}
04-06 02:09:28.021  2639  2639 I VvmPkgInstalledRcvr: pinnedTelephonyManager : android.telephony.TelephonyManager@de2f439
04-06 02:09:28.026  1321  2299 D SEP_UNION_SemDeviceInfoManagerService: onReceive : android.intent.action.PACKAGE_REMOVED, userId = 0 
04-06 02:09:28.028  1321  2299 D ActivityTaskManager: SafeActivityOptions created, mOriginalCallingPid=1321, mOriginalCallingUid=1000, options=null, caller=com.android.server.am.PendingIntentRecord.sendInner:500 com.android.server.am.ActivityManagerService.sendIntentSender:6624 com.android.server.am.ActivityManagerService.sendIntentSender:6613 android.app.PendingIntent.sendAndReturnResult:1029 android.app.PendingIntent.send:1000 android.app.PendingIntent.send:908 com.android.server.sepunion.SemDeviceInfoManagerService.sendIntentAction:197 
04-06 02:09:28.029 14023 14023 V AvrcpMediaPlayerList: mPackageChangedBroadcastReceiver: action: android.intent.action.PACKAGE_REMOVED
04-06 02:09:28.031   649   649 I lmkd    : cached 1, sandbox(not0) 1
04-06 02:09:28.033  1321  2369 D SGM:GosNotifyThread: notifyPackageChangedToGos(), after send intent to GOS. ComponentInfo{com.samsung.android.game.gos/com.samsung.android.game.gos.service.GameIntentService}
04-06 02:09:28.033   649   649 I lmkd    : Reclaim 'com.samsung.android.scpm' (8986), uid 5009, oom_score_adj 999, state 19 to free 45136kB rss, 51044kB swap; reason: low watermark is breached and swap is low (1674828kB < 1677720kB)
04-06 02:09:28.033 12013 12013 I Finsky  : [2] aiky - Received: android.intent.action.PACKAGE_REMOVED, [w4OuX-XhRSRvXOU5i1iMz_tFFeMwFF6ua4vJh1WfRvc]
04-06 02:09:28.034 32140 32140 I abb     : StartCommandInProcess(73657474696e67730067657400676c6f settings.get.glo [truncated])
04-06 02:09:28.037  1321  2474 D SemNscXgbMsL1: Probability - Cloud gaming: [0.002617981]
04-06 02:09:28.037  1321  2474 D SemNscXgbMsL1: Probability - Real time: [0.64929813]
04-06 02:09:28.037  1321  2474 D SemNscXgbMsL1: Probability - Non real time: [0.5572897]
04-06 02:09:28.037  1321  2474 D SemNscXgbMsL1: 1 sample inference time: 0.286042 msecs
04-06 02:09:28.037  1321  2474 D SemNscXgbL2Rt: L2 RT 1 sample inference time: 0.514792 msecs
04-06 02:09:28.038  1321  2474 D SemNscXgbL2Nrt: L2 NRT 1 sample inference time: 0.516563 msecs
04-06 02:09:28.040  5583  5583 W FASProvider: delete cnt : 1
04-06 02:09:28.041  2639  2639 I VvmPkgInstalledRcvr: pinnedTelephonyManager : subscriberId: 724*********638
04-06 02:09:28.042 17646 17646 I Finsky:background: [2] aiko - Received: android.intent.action.PACKAGE_REMOVED, [w4OuX-XhRSRvXOU5i1iMz_tFFeMwFF6ua4vJh1WfRvc]
04-06 02:09:28.045 32140 32140 I abb     : StartCommandInProcess(7061636b61676500696e7374616c6c00 package.install. [truncated])
04-06 02:09:28.046  1321  1903 D FASDataManager: getFASDataFromDB fasEntityList size : 59
04-06 02:09:28.048  2639  2639 I VvmPkgInstalledRcvr: getCarrierVvmPackages : config: PersistableBundle[{imsvoice.voice_on_default_bearer_supported_bool=false, imsss.ut_transport_type_int=1, carrier_volte_provisioned_bool=false, support_cdma_1x_voice_calls_bool=true, support_ss_over_cdma_bool=false, disable_charge_indication_bool=false, ims.sip_timer_t4_millis_int=17000, support_tdscdma_bool=false, httpSocketTimeout=60000, allowed_initial_attach_apn_types_string_array=[ia, default], disable_supplementary_services_in_airplane_mode_bool=false, call_barring_default_service_class_int=1, call_redirection_service_component_name_string=null, carrier_wfc_supports_wifi_only_bool=false, carrier_default_actions_on_default_network_available_string_array=[false: 7, true: 8], imsvoice.minimum_session_expires_timer_sec_int=90, iwlan_handover_policy_string_array=[source=GERAN|UTRAN|EUTRAN|NGRAN|IWLAN, target=GERAN|UTRAN|EUTRAN|NGRAN|IWLAN, type=allowed], operator_selection_expand_bool=true, disable_cdma_activation_code_bool=false, simplified_network_settings_bool=false, imsemergency.emergency_registration_timer_millis_int=10000, call_forwarding_when_unanswered_supported_bool=true, imsvt.h264_payload_description_bundle=PersistableBundle[{99=PersistableBundle[{}], 100=PersistableBundle[{imsvt.video_codec_attribute_packetization_mode_int=0}]}], support_tdscdma_roaming_networks_string_array=null, opportunistic.5g_data_switch_hysteresis_time_long=2000, ims.sip_timer_d_millis_int=130000, gps.lpp_profile=2, call_barring_visibility_bool=false, gba_mode_int=1, ims.registration_subscribe_expiry_timer_sec_int=600000, gps.es_extension_sec=0, enable_apps_string_array=null, 5g_icon_display_secondary_grace_period_string=, carrier_default_wfc_ims_roaming_enabled_bool=false, cdma_nonroaming_networks_string_array=null, imsss.ut_as_server_fqdn_string=, signal_strength_nr_nsa_use_lte_as_primary_bool=true, aliasMinChars=2, fdn_number_length_limit_int=20, support_ims_call_forwarding_while_roaming_bool=true, wfc_data_spn_format_idx_int=0, hide_sim_lock_settings_bool=false, drop_video_call_when_answering_audio_call_bool=false, data_stall_recovery_timers_long_array=[180000, 180000, 180000, 180000], opportunistic_esim_download_via_wifi_only_bool=false, imsss.xcap_over_ut_supported_rats_int_array=[3, 5], ci_action_on_sys_update_bool=false, carrier_certificate_string_array=[7D7226772D4F6D778FEF53A36BE15AD78D8D9D4BC4CE00C5F2E3216C19480FA0], convert_cdma_caller_id_mmi_codes_while_roaming_on_3gpp_bool=false, support_enhanced_call_blocking_bool=true, iwlan.ike_rekey_hard_timer_in_sec=14400, vvm_port_number_int=0, carrier_default_wfc_ims_enabled_bool=false, iwlan.ike_session_encryption_aes_ctr_key_size_int_array=[128, 192, 256], dial_string_replace_string_array=null, opportunistic_network_entry_threshold_bandwidth_int=1024, opportunistic_network_data_switch_exit_hysteresis_time_long=3000, imsss.use_csfb_on_xcap_over_ut_failure_bool=true, gsm_nonroaming_networks_string_array=null, imsserviceentitlement.ims_provisioning_bool=false, wifi.avoid_5ghz_softap_for_laa_bool=false, hide_ims_apn_bool=false, vvm_destination_number_string=, unmetered_nr_sa_mmwave_bool=false, ims.ipsec_encryption_algorithms_int_array=[0, 1, 2], opportunistic.5g_backoff_time_long=10000, enable_cross_sim_calling_on_opportunistic_data_bool=false, vonr_setting_visibility_bool=true, imssms.sms_over_ims_supported_bool=true, dtmf_type_enabled_bool=false, ims.sip_timer_f_millis_int=128000, allow_video_calling_fallback_bool=true, nr_advanced_threshold_bandwidth_khz_int=0, opportunistic.5g_ping_pong_time_long=60000, config_ims_package_override_string=com.google.android.ims, data_stall_recovery_should_skip_bool_array=[false, false, true, false, false], only_auto_select_in_home_network=false, iwlan.supported_prf_algorithms_int_array=[2, 4, 5, 6, 7], show_data_connected_roaming_notification=false, gps.es_supl_data_plane_only_roaming_plmn_string_array=null, imsserviceentitlement.fcm_sender_id_string=, smsToMmsTextThreshold=13, imsvt.video_as_bandwidth_kbps_int=960, opportunistic.exit_threshold_ss_rsrp_int_bundle=Pers
04-06 02:09:28.048  2639  2639 I VvmPkgInstalledRcvr: getCarrierVvmPackages : singlePackage: 
04-06 02:09:28.048  2639  2639 I VvmPkgInstalledRcvr: getCarrierVvmPackages : arrayPackages: null
04-06 02:09:28.048  2639  2639 I VvmPkgInstalledRcvr:  NOT contains : com.evolucao.app.test
04-06 02:09:28.048  1188  3124 D AF::TrackHandle: OpPlayAudio: track:221 usage:2 not muted
04-06 02:09:28.049  1321  1903 D MARsPolicyManager: deletePkgInfoInMARs size = 59
04-06 02:09:28.049  1188  3124 D AF::TrackHandle: OpPlayAudio: track:221 usage:2 not muted
04-06 02:09:28.049  1188  3124 D AF::TrackHandle: OpPlayAudio: track:221 usage:2 not muted
04-06 02:09:28.049  1188  3124 D AF::TrackHandle: OpPlayAudio: track:221 usage:2 not muted
04-06 02:09:28.049  1188  3124 D AF::TrackHandle: OpPlayAudio: track:221 usage:2 not muted
04-06 02:09:28.050  3132 16120 I LauncherProvider: External provider call by package : com.samsung.android.app.galaxyfinder  for method : get_home_mode
04-06 02:09:28.050  3132 16120 I ExternalMethodFactory: get_home_mode
04-06 02:09:28.050  1321  1903 D MARsPolicyManager: updateMARsTargetPackages mMARsTargetPackages.size-59
04-06 02:09:28.051 17646 17646 I Finsky:background: [2] Package no longer installed: com.evolucao.app.test
04-06 02:09:28.052 12013 12013 I Finsky  : [2] Clearing split related stale data.
04-06 02:09:28.054 12013 16837 I Finsky  : [517] Asset module storage cleared for package com.evolucao.app.test.
04-06 02:09:28.055 12013 16831 I Finsky  : [515] [ContentSync] finished, scheduled=false
04-06 02:09:28.056  1321  5715 I PersonaServiceHelper: isCallerApprovedToInstall(uid:2000 userHandle:0)
04-06 02:09:28.056  1321  5715 I PersonaServiceHelper: DO is not enabled. no Knox app install enforcement
04-06 02:09:28.056  1321  5715 I PackageInstaller:  getting through the check android.content.pm.PackageInstaller$SessionParams@6468798 user id 0
04-06 02:09:28.056  1321  5715 I PackageInstaller: UserManager.DISALLOW_NON_MARKET_APP_BY_KNOX : false
04-06 02:09:28.057 12013 12050 I Finsky  : [109] AIM: AppInfoManager-Perf > OnDeviceAppInfo > cacheHitCount=0, cacheMissCount=1. Missed  in cache (limit 10) : [com.evolucao.app.test]
04-06 02:09:28.057  2639  2639 I Telephony: SamsungTuiRelayReceiver: registerWhoWhoPackageRemovedEvents
04-06 02:09:28.057  2639  2639 I Telephony: SamsungTuiRelayReceiver: registerCallBGProviderPackageRemovedEvents
04-06 02:09:28.057  2639  2639 I Telephony: SamsungTuiRelayReceiver: sendRelayIntentForCallBG
04-06 02:09:28.057 12013 12050 I Finsky  : [109] AIM: Got app ownership map. App counts: . Unique apps: 0
04-06 02:09:28.057 12013 12050 E Finsky  : [109] [Counters] attempted to use a non-positive increment for: 4752
04-06 02:09:28.058  1321  5715 D PackageInstallerSession: InstallLogger: PackageInstallerSession(): createInstallTimeInfo(1151493400)
04-06 02:09:28.058  1321  1321 D AS.AudioService: com.evolucao.app.test(10358) is removed
04-06 02:09:28.060  1321  2299 D ActivityManager: Received BROADCAST intent 0x582726 Key{broadcastIntent pkg=com.android.systemui intent=act=com.samsung.android.app.edgelighting.PACKAGE_REMOVED cmp=com.android.systemui/.edgelighting.EdgeLightingReceiver$1 flags=0x2000000 u=0} requestCode=0 sent=0 from uid 1000
04-06 02:09:28.060 18617 18670 I WindowsLink: (YpcSignatureChecker) isSignatureAllowed in
04-06 02:09:28.060  1321  2299 D SEP_UNION_SemDeviceInfoManagerService: sendIntentAction() action = android.intent.action.PACKAGE_REMOVED, tag =  
04-06 02:09:28.060 17646 17646 I Finsky:background: [2] Package no longer installed: com.evolucao.app.test
04-06 02:09:28.060  1321  2299 D ActivityTaskManager: SafeActivityOptions created, mOriginalCallingPid=1321, mOriginalCallingUid=1000, options=null, caller=com.android.server.am.PendingIntentRecord.sendInner:500 com.android.server.am.ActivityManagerService.sendIntentSender:6624 com.android.server.am.ActivityManagerService.sendIntentSender:6613 android.app.PendingIntent.sendAndReturnResult:1029 android.app.PendingIntent.send:1000 android.app.PendingIntent.send:908 com.android.server.sepunion.SemDeviceInfoManagerService.sendIntentAction:197 
04-06 02:09:28.061  1321  1321 D SGM:GameManager: identifyGamePackage. com.evolucao.app.test, mCurrentUserId: 0, callerUserId: 0, callingMethodInfo: com.samsung.android.game.SemGameManager.isGamePackage(SemGameManager.java:104)
04-06 02:09:28.061  1321  1321 D SGM:PkgDataHelper: getGamePkgData(). com.evolucao.app.test
04-06 02:09:28.061  1321  1321 D SGM:SemGameManager: isGamePackage(), pkgName=com.evolucao.app.test, ret=false
04-06 02:09:28.061 18617 18670 I WindowsLink: (BaseContentProvider) call: method = PermissionManager@getPregrantedPermissions / subMethod = getPregrantedPermissions
04-06 02:09:28.061  1321  2488 D SemWifiTransportLayerMonitor.TcpMonitorHandler: MSG_SAVE_PACKAGE_INFO
04-06 02:09:28.061  1321  2488 D SemWifiTransportLayerFileManager: saveWifiPackageInfoToFile
04-06 02:09:28.061  1321  2488 D SemWifiTransportLayerFileManager: writeWifiPackageInfoList
04-06 02:09:28.062  1321  1321 I GameManagerService: Disabling downscale for com.evolucao.app.test
04-06 02:09:28.064  1321  1321 D SdpManagerImpl.receiver: onReceive - android.intent.action.PACKAGE_REMOVED
04-06 02:09:28.064  1321  1321 D SdpManagerImpl.receiver: On android.intent.action.PACKAGE_REMOVED : DATA = package:com.evolucao.app.test, UID = 10358, UserId = 0, Is replacing? false
04-06 02:09:28.064  1321  1321 D SdpManagerImpl.receiver: ACTION_PACKAGE_REMOVED packageName:: com.evolucao.app.test
04-06 02:09:28.065  1321  1842 E MidiService: handlePackageUpdate could not find package com.evolucao.app.test
04-06 02:09:28.065  1321  1842 E MidiService: android.content.pm.PackageManager$NameNotFoundException: com.evolucao.app.test
04-06 02:09:28.065  1321  1842 E MidiService: 	at android.app.ApplicationPackageManager.getPackageInfoAsUser(ApplicationPackageManager.java:302)
04-06 02:09:28.065  1321  1842 E MidiService: 	at android.app.ApplicationPackageManager.getPackageInfo(ApplicationPackageManager.java:262)
04-06 02:09:28.065  1321  1842 E MidiService: 	at android.app.ApplicationPackageManager.getPackageInfo(ApplicationPackageManager.java:256)
04-06 02:09:28.065  1321  1842 E MidiService: 	at com.android.server.midi.MidiService.addPackageDeviceServers(MidiService.java:1217)
04-06 02:09:28.065  1321  1842 E MidiService: 	at com.android.server.midi.MidiService.-$$Nest$maddPackageDeviceServers(Unknown Source:0)
04-06 02:09:28.065  1321  1842 E MidiService: 	at com.android.server.midi.MidiService$1.onPackageAdded(MidiService.java:161)
04-06 02:09:28.065  1321  1842 E MidiService: 	at com.android.internal.content.PackageMonitor.onReceive(PackageMonitor.java:359)
04-06 02:09:28.065  1321  1842 E MidiService: 	at android.app.LoadedApk$ReceiverDispatcher$Args.lambda$getRunnable$0$android-app-LoadedApk$ReceiverDispatcher$Args(LoadedApk.java:1919)
04-06 02:09:28.065  1321  1842 E MidiService: 	at android.app.LoadedApk$ReceiverDispatcher$Args$$ExternalSyntheticLambda0.run(Unknown Source:2)
04-06 02:09:28.065  1321  1842 E MidiService: 	at android.os.Handler.handleCallback(Handler.java:942)
04-06 02:09:28.065  1321  1842 E MidiService: 	at android.os.Handler.dispatchMessage(Handler.java:99)
04-06 02:09:28.065  1321  1842 E MidiService: 	at android.os.Looper.loopOnce(Looper.java:226)
04-06 02:09:28.065  1321  1842 E MidiService: 	at android.os.Looper.loop(Looper.java:313)
04-06 02:09:28.065  1321  1842 E MidiService: 	at android.os.HandlerThread.run(HandlerThread.java:67)
04-06 02:09:28.066  1321  1842 I SemExecuteManagerService: onSomePackagesChanged
04-06 02:09:28.067  1321  1321 I Telecom : CarModeTracker: Package com.evolucao.app.test is not tracked.: SSH.oR@PuE
04-06 02:09:28.067  1321  2633 D SdpManagerImpl: handlePackageRemoved - PackageName : com.evolucao.app.test, UserId : 0
04-06 02:09:28.067  1321  1321 I Telecom : InCallController: updateCarModeForConnections: car mode apps: : SSH.oR@PuE
04-06 02:09:28.068  1321  2633 E SdpManagerImpl: Failed to get engine list due to non-existence...
04-06 02:09:28.068  1321  2633 E SdpManagerImpl: Failed to get engine list due to non-existence...
04-06 02:09:28.068  1321  2633 E SdpManagerImpl: Failed to get engine list due to non-existence...
04-06 02:09:28.068  1321  2633 D SdpManagerImpl: getEngineList :: No engine found
04-06 02:09:28.068  1321  2633 E SdpManagerImpl: read engine - No any engine found
04-06 02:09:28.069 17808 17808 I DWBParentalUtils: isChild ? false
04-06 02:09:28.072 17646 17694 I Finsky:background: [135] IQ:PSL: skipping onPackageRemoved(replacing=false) for untracked package=com.evolucao.app.test
04-06 02:09:28.072  3132 16120 I LauncherProvider: External provider call by package : com.samsung.android.app.galaxyfinder  for method : get_home_mode
04-06 02:09:28.072  3132 16120 I ExternalMethodFactory: get_home_mode
04-06 02:09:28.075  7122  7122 D BoundBrokerSvc: onRebind: Intent { act=com.google.android.gms.libs.gmscorelogger.service.START dat=chimera-action:/... cmp=com.google.android.gms/.chimera.PersistentDirectBootAwareApiService }
04-06 02:09:28.076  6390 18803 I AppsEdge.Service: addItem
04-06 02:09:28.076  6390 18803 I AppsEdge.DBHelper: getFavoriteItems : false
04-06 02:09:28.077  1321  2299 D ActivityManager: Received BROADCAST intent 0xfe9b998 Key{broadcastIntent pkg=com.samsung.android.provider.filterprovider intent=act=com.samsung.android.provider.filterprovider.INTENT_PACKAGE_REMOVED cmp=com.samsung.android.provider.filterprovider/.PackageIntentReceiver flags=0x2000000 u=0} requestCode=0 sent=0 from uid 1000
04-06 02:09:28.077  1321  2299 D SEP_UNION_SemDeviceInfoManagerService: sendIntentAction() action = android.intent.action.PACKAGE_REMOVED, tag =  
04-06 02:09:28.077  1321  2299 D ActivityTaskManager: SafeActivityOptions created, mOriginalCallingPid=1321, mOriginalCallingUid=1000, options=null, caller=com.android.server.am.PendingIntentRecord.sendInner:500 com.android.server.am.ActivityManagerService.sendIntentSender:6624 com.android.server.am.ActivityManagerService.sendIntentSender:6613 android.app.PendingIntent.sendAndReturnResult:1029 android.app.PendingIntent.send:1000 android.app.PendingIntent.send:908 com.android.server.sepunion.SemDeviceInfoManagerService.sendIntentAction:197 
04-06 02:09:28.079  1321  2918 D InputDispatcher: Inject key (18394/2000): action=0, f=0x8, d=-1, time=124079388000000
04-06 02:09:28.079  1321  2918 D WindowManager: interceptKeyTq interceptKeyResult=1
04-06 02:09:28.081 18617 18617 I WindowsLink: (SystemPropertyWrapperImpl) isSoftInputForceUpdated: in / ret = false
04-06 02:09:28.081 18617 18617 I WindowsLink: (SystemPropertyWrapperImpl) setSoftInputVisibleState: Tried to set true but the setting is not updated by this function. Skip changing
04-06 02:09:28.081 18617 18617 I WindowsLink: (SystemPropertyWrapperImpl) setSoftInputForceUpdatedFlag : in = false
04-06 02:09:28.081 18617 18617 I WindowsLink: (SystemPropertyWrapperImpl) setInputInjectorProperty : in = false
04-06 02:09:28.081 18617 18617 I WindowsLink: (SystemPropertyWrapperImpl) isInputInjectorPropertySet: in / ret = false
04-06 02:09:28.081 18617 18617 I WindowsLink: (SystemPropertyWrapperImpl) setInputInjectorProperty: Tried to false but the setting was not updated by this function. Skip changing.
04-06 02:09:28.081 18617 18617 I WindowsLink: (SystemPropertyWrapperImpl) setInputInjectorPropertyFlag : in = false
04-06 02:09:28.082  1321  4311 I GenerationRegistry: mBackingStore.isClosed() : false
04-06 02:09:28.084  1321  1842 D EnterpriseDeviceManagerService: Package has changed for user 0
04-06 02:09:28.084  1321  1842 D EnterpriseDeviceManagerService: Admin package name: com.samsung.android.kgclient
04-06 02:09:28.084  1321  1321 I DomainFilter: onReceive() - Intent { act=android.intent.action.PACKAGE_REMOVED dat=package: flg=0x4000010 (has extras) }
04-06 02:09:28.084  1321  1321 I DomainFilter: packageRemoved() - packageName: com.evolucao.app.test uid: 0
04-06 02:09:28.084  1321  2640 I Pageboost: remove app @ runtime : com.evolucao.app.test
04-06 02:09:28.084  1321  1321 I Firewall: onReceive() - Intent { act=android.intent.action.PACKAGE_REMOVED dat=package: flg=0x4000010 (has extras) }
04-06 02:09:28.085  1321  2352 I InputDispatcher: Delivering key to (3132): action: 0x0 (0), f=0x8, m=0x0, d=0, '7ae1b77'
04-06 02:09:28.085  6798  6798 I HBD     : b skip onKeyDown as physical keyboard not connected 
04-06 02:09:28.086  1321  2918 D InputDispatcher: Inject key (18394/2000): action=1, f=0x8, d=-1, time=124079394000000
04-06 02:09:28.086  1321  2918 D WindowManager: interceptKeyTq interceptKeyResult=1
04-06 02:09:28.086  1321  1321 I ConditionProviders: Disallowing condition provider com.evolucao.app.test (userSet: true)
04-06 02:09:28.087  6798  6798 I HBD     : HoneyBoardService onKeyDown r:fff3ea87 consumed:false 2 
04-06 02:09:28.088  3132  3132 I ViewRootImpl@9e5719f[LauncherActivity]: ViewPostIme key 0
04-06 02:09:28.088  1321  2352 I InputDispatcher: Delivering key to (3132): action: 0x1 (0), f=0x8, m=0x0, d=0, '7ae1b77'
04-06 02:09:28.089  6798  6798 I HBD     : HoneyBoardService onKeyUp r:df978e17 consumed:false 0 
04-06 02:09:28.090  3132  3132 I ViewRootImpl@9e5719f[LauncherActivity]: ViewPostIme key 1
04-06 02:09:28.091  1321  4311 D SettingsProvider: isChangeAllowed() : name = ltw_smartview_connected
04-06 02:09:28.091  1321  4311 D SettingsProvider: edmUri: content://com.sec.knox.provider/RestrictionPolicy3
04-06 02:09:28.091  1321  4311 D SettingsProvider: projectionArgs: isSettingsChangesAllowed
04-06 02:09:28.091  1321  4311 D SettingsProvider: selectionArgs: false
04-06 02:09:28.091  1321  4311 D SettingsProvider: selectionArgs: 10074
04-06 02:09:28.091  1321  4311 D SecContentProvider: query(), uri = 17 selection = isSettingsChangesAllowed
04-06 02:09:28.091  1321  4311 D SecContentProvider: called from com.samsung.android.mdx
04-06 02:09:28.091  1321  4311 D RestrictionPolicy: isSettingsChangesAllowedAsUser, userId 0 : true
04-06 02:09:28.091  1321  4311 D SettingsProvider: ret = 1
04-06 02:09:28.092 18617 18617 I WindowsLink: (CoverRepository) disableCoverManager() : false
04-06 02:09:28.094  1321  2296 I RoleService: Granting default roles...
04-06 02:09:28.095 17756 18796 I ProvidersCache: Provider returned no roots. Possibly naughty: com.microsoft.skydrive.content.StorageAccessProvider
04-06 02:09:28.099  1321  3120 I GenerationRegistry: mBackingStore.isClosed() : false
04-06 02:09:28.102 17646 17695 I Finsky:background: [136] Frosting DB delete succeeded: true
04-06 02:09:28.103 17646 17695 I Finsky:background: [136] Frosting DB delete succeeded: false
04-06 02:09:28.106  1321  2353 I InputReader: Reconfiguring input devices, changes=KEYBOARD_LAYOUTS | 
04-06 02:09:28.111  1321 17592 W BpBinder: Large outgoing transaction of 527444 bytes, interface descriptor <uncached descriptor>, code 1
04-06 02:09:28.111  1321 17592 E JavaBinder: !!! FAILED BINDER TRANSACTION !!!  (parcel size = 527444)
04-06 02:09:28.112  1321  2299 D CompatibilityChangeReporter: Compat change id reported: 168419799; UID 10041; state: DISABLED
04-06 02:09:28.112  1321  2269 I RollbackManager: broadcast=ACTION_PACKAGE_FULLY_REMOVED pkg=com.evolucao.app.test
04-06 02:09:28.112  1321  2299 D ActivityManager: Received SERVICE intent 0x731de53 Key{startService pkg=com.samsung.android.app.routines intent=act=com.samsung.android.routine.ACTION_PACKAGE_CHANGED cmp=com.samsung.android.app.routines/.domainmodel.service.RoutineService flags=0x2000000 u=0} requestCode=10000 from uid 1000
04-06 02:09:28.112  1321  2299 D SEP_UNION_SemDeviceInfoManagerService: sendIntentAction() action = android.intent.action.PACKAGE_REMOVED, tag =  
04-06 02:09:28.113  1321 17592 W CacheQuotaStrategy: Remote exception occurred while trying to get cache quota
04-06 02:09:28.113  1321 17592 W CacheQuotaStrategy: android.os.TransactionTooLargeException: data parcel size 527444 bytes
04-06 02:09:28.113  1321 17592 W CacheQuotaStrategy: 	at android.os.BinderProxy.transactNative(Native Method)
04-06 02:09:28.113  1321 17592 W CacheQuotaStrategy: 	at android.os.BinderProxy.transact(BinderProxy.java:662)
04-06 02:09:28.113  1321 17592 W CacheQuotaStrategy: 	at android.app.usage.ICacheQuotaService$Stub$Proxy.computeCacheQuotaHints(ICacheQuotaService.java:121)
04-06 02:09:28.113  1321 17592 W CacheQuotaStrategy: 	at com.android.server.storage.CacheQuotaStrategy$1$1.run(CacheQuotaStrategy.java:140)
04-06 02:09:28.113  1321 17592 W CacheQuotaStrategy: 	at android.os.AsyncTask$SerialExecutor$1.run(AsyncTask.java:305)
04-06 02:09:28.113  1321 17592 W CacheQuotaStrategy: 	at java.util.concurrent.ThreadPoolExecutor.runWorker(ThreadPoolExecutor.java:1137)
04-06 02:09:28.113  1321 17592 W CacheQuotaStrategy: 	at java.util.concurrent.ThreadPoolExecutor$Worker.run(ThreadPoolExecutor.java:637)
04-06 02:09:28.113  1321 17592 W CacheQuotaStrategy: 	at java.lang.Thread.run(Thread.java:1012)
04-06 02:09:28.114  1321  2387 D UrspService: uid(10358) removed
04-06 02:09:28.115  5583  5583 I SDHMS:BatteryStatsDBProvider: BarTender DB Provider Delete Start
04-06 02:09:28.117  5583  5583 E SQLiteLog: (1) no such table: 10358 in "DELETE FROM [10358]"
04-06 02:09:28.117  5583  5583 I SDHMS:BatteryStatsDBProvider: delete Exception : no such table: 10358 (code 1 SQLITE_ERROR[1]): , while compiling: DELETE FROM [10358]
04-06 02:09:28.117  5583  5583 I SDHMS:BatteryStatsDBProvider: BarTender DB Provider Delete End
04-06 02:09:28.121  1321  1321 D ApplicationPolicy: No requested permission found.
04-06 02:09:28.121  1321  1321 D SettingsProvider: isChangeAllowed() : name = zen_mode_config_etag
04-06 02:09:28.121  1321  1321 D SettingsProvider: isChangeAllowed() : name = zen_mode
04-06 02:09:28.122  1321  1321 D ConditionProviders.SCP: onScheduleEnabled : false
04-06 02:09:28.122  1321  1321 D EnterpriseLicenseService: isPackageInstalled()
04-06 02:09:28.124  1188  2115 D AF::TrackHandle: OpPlayAudio: track:137 usage:13 not muted
04-06 02:09:28.124  1188  3965 D AF::TrackHandle: OpPlayAudio: track:340 usage:1 not muted
04-06 02:09:28.124  1188 14885 D AF::TrackHandle: OpPlayAudio: track:171 usage:13 not muted
04-06 02:09:28.124  1188 14885 D AF::TrackHandle: OpPlayAudio: track:171 usage:13 not muted
04-06 02:09:28.124  1188  3401 D AF::TrackHandle: OpPlayAudio: track:221 usage:2 not muted
04-06 02:09:28.124  1188  3965 D AF::TrackHandle: OpPlayAudio: track:340 usage:1 not muted
04-06 02:09:28.124  1188 14885 D AF::TrackHandle: OpPlayAudio: track:221 usage:2 not muted
04-06 02:09:28.125  1321  3118 I ActivityManager: Process com.samsung.android.scpm (pid 8986) has died: cch+99 CEM (87,1455)
04-06 02:09:28.125  1188  3124 D AF::TrackHandle: OpPlayAudio: track:167 usage:13 not muted
04-06 02:09:28.125  1321  1854 I libprocessgroup: Successfully killed process cgroup uid 5009 pid 8986 in 0ms
04-06 02:09:28.125  1188 13285 D AF::TrackHandle: OpPlayAudio: track:156 usage:13 not muted
04-06 02:09:28.125  1188 13285 D AF::TrackHandle: OpPlayAudio: track:156 usage:13 not muted
04-06 02:09:28.125  1188 13285 D AF::TrackHandle: OpPlayAudio: track:156 usage:13 not muted
04-06 02:09:28.126  1188 13285 D AF::TrackHandle: OpPlayAudio: track:156 usage:13 not muted
04-06 02:09:28.126  1188 13285 D AF::TrackHandle: OpPlayAudio: track:156 usage:13 not muted
04-06 02:09:28.128  1188 13285 D AF::TrackHandle: OpPlayAudio: track:156 usage:13 not muted
04-06 02:09:28.128  1188 13285 D AF::TrackHandle: OpPlayAudio: track:156 usage:13 not muted
04-06 02:09:28.128  1188  3401 D AF::TrackHandle: OpPlayAudio: track:171 usage:13 not muted
04-06 02:09:28.129  1188 13285 D AF::TrackHandle: OpPlayAudio: track:156 usage:13 not muted
04-06 02:09:28.129  1188 13285 D AF::TrackHandle: OpPlayAudio: track:156 usage:13 not muted
04-06 02:09:28.129  1188 13285 D AF::TrackHandle: OpPlayAudio: track:156 usage:13 not muted
04-06 02:09:28.129  1188 13285 D AF::TrackHandle: OpPlayAudio: track:156 usage:13 not muted
04-06 02:09:28.129  1188 13285 D AF::TrackHandle: OpPlayAudio: track:156 usage:13 not muted
04-06 02:09:28.129  1188 13285 D AF::TrackHandle: OpPlayAudio: track:156 usage:13 not muted
04-06 02:09:28.129  1188 13285 D AF::TrackHandle: OpPlayAudio: track:156 usage:13 not muted
04-06 02:09:28.129  1188 13285 D AF::TrackHandle: OpPlayAudio: track:156 usage:13 not muted
04-06 02:09:28.130  1188 13285 D AF::TrackHandle: OpPlayAudio: track:156 usage:13 not muted
04-06 02:09:28.130  1188  3124 D AF::TrackHandle: OpPlayAudio: track:167 usage:13 not muted
04-06 02:09:28.130  1188  3124 D AF::TrackHandle: OpPlayAudio: track:167 usage:13 not muted
04-06 02:09:28.130  1188  3124 D AF::TrackHandle: OpPlayAudio: track:167 usage:13 not muted
04-06 02:09:28.130  1188  3124 D AF::TrackHandle: OpPlayAudio: track:167 usage:13 not muted
04-06 02:09:28.131  1188  3965 D AF::TrackHandle: OpPlayAudio: track:221 usage:2 not muted
04-06 02:09:28.131  1188  3124 D AF::TrackHandle: OpPlayAudio: track:167 usage:13 not muted
04-06 02:09:28.131  1188  3124 D AF::TrackHandle: OpPlayAudio: track:167 usage:13 not muted
04-06 02:09:28.131  1188 14885 D AF::TrackHandle: OpPlayAudio: track:137 usage:13 not muted
04-06 02:09:28.131  1188  3124 D AF::TrackHandle: OpPlayAudio: track:167 usage:13 not muted
04-06 02:09:28.131  1188 14885 D AF::TrackHandle: OpPlayAudio: track:137 usage:13 not muted
04-06 02:09:28.131  1188  3124 D AF::TrackHandle: OpPlayAudio: track:167 usage:13 not muted
04-06 02:09:28.131  1188 14885 D AF::TrackHandle: OpPlayAudio: track:137 usage:13 not muted
04-06 02:09:28.132  1188  2115 D AF::TrackHandle: OpPlayAudio: track:340 usage:1 not muted
04-06 02:09:28.132  1188 32142 D AF::TrackHandle: OpPlayAudio: track:167 usage:13 not muted
04-06 02:09:28.132  1188  2115 D AF::TrackHandle: OpPlayAudio: track:340 usage:1 not muted
04-06 02:09:28.132  1188 32142 D AF::TrackHandle: OpPlayAudio: track:167 usage:13 not muted
04-06 02:09:28.132  1188  2115 D AF::TrackHandle: OpPlayAudio: track:340 usage:1 not muted
04-06 02:09:28.132  1188 32142 D AF::TrackHandle: OpPlayAudio: track:167 usage:13 not muted
04-06 02:09:28.132  1188  2115 D AF::TrackHandle: OpPlayAudio: track:340 usage:1 not muted
04-06 02:09:28.132  1188 32142 D AF::TrackHandle: OpPlayAudio: track:167 usage:13 not muted
04-06 02:09:28.132  1188 14885 D AF::TrackHandle: OpPlayAudio: track:137 usage:13 not muted
04-06 02:09:28.132  1188 32142 D AF::TrackHandle: OpPlayAudio: track:167 usage:13 not muted
04-06 02:09:28.132  1188 14885 D AF::TrackHandle: OpPlayAudio: track:137 usage:13 not muted
04-06 02:09:28.133  1188  2115 D AF::TrackHandle: OpPlayAudio: track:340 usage:1 not muted
04-06 02:09:28.133  1188 32142 D AF::TrackHandle: OpPlayAudio: track:137 usage:13 not muted
04-06 02:09:28.133  1188  3401 D AF::TrackHandle: OpPlayAudio: track:171 usage:13 not muted
04-06 02:09:28.133  1005  1005 I Zygote  : Process 8986 exited due to signal 9 (Killed)
04-06 02:09:28.133  1188 32142 D AF::TrackHandle: OpPlayAudio: track:137 usage:13 not muted
04-06 02:09:28.133  1188  3124 D AF::TrackHandle: OpPlayAudio: track:167 usage:13 not muted
04-06 02:09:28.133  1188  3401 D AF::TrackHandle: OpPlayAudio: track:171 usage:13 not muted
04-06 02:09:28.133  1188  2115 D AF::TrackHandle: OpPlayAudio: track:340 usage:1 not muted
04-06 02:09:28.133  1188 32142 D AF::TrackHandle: OpPlayAudio: track:137 usage:13 not muted
04-06 02:09:28.133  1188  9629 D AF::TrackHandle: OpPlayAudio: track:171 usage:13 not muted
04-06 02:09:28.133  1188  2115 D AF::TrackHandle: OpPlayAudio: track:340 usage:1 not muted
04-06 02:09:28.134  1188  9629 D AF::TrackHandle: OpPlayAudio: track:171 usage:13 not muted
04-06 02:09:28.134  1188 13285 D AF::TrackHandle: OpPlayAudio: track:167 usage:13 not muted
04-06 02:09:28.134  1188  2115 D AF::TrackHandle: OpPlayAudio: track:340 usage:1 not muted
04-06 02:09:28.134  1188  1188 D AF::TrackHandle: OpPlayAudio: track:137 usage:13 not muted
04-06 02:09:28.134  1188  9629 D AF::TrackHandle: OpPlayAudio: track:171 usage:13 not muted
04-06 02:09:28.134  1188  2115 D AF::TrackHandle: OpPlayAudio: track:340 usage:1 not muted
04-06 02:09:28.134  1188  2115 D AF::TrackHandle: OpPlayAudio: track:340 usage:1 not muted
04-06 02:09:28.134  1188  3965 D AF::TrackHandle: OpPlayAudio: track:221 usage:2 not muted
04-06 02:09:28.134  1188 15729 D AF::TrackHandle: OpPlayAudio: track:137 usage:13 not muted
04-06 02:09:28.134  1188  1188 D AF::TrackHandle: OpPlayAudio: track:171 usage:13 not muted
04-06 02:09:28.135  1188  9629 D AF::TrackHandle: OpPlayAudio: track:340 usage:1 not muted
04-06 02:09:28.135  1188  1188 D AF::TrackHandle: OpPlayAudio: track:171 usage:13 not muted
04-06 02:09:28.135  1188  3965 D AF::TrackHandle: OpPlayAudio: track:221 usage:2 not muted
04-06 02:09:28.135  1188  1188 D AF::TrackHandle: OpPlayAudio: track:171 usage:13 not muted
04-06 02:09:28.135  1188 15729 D AF::TrackHandle: OpPlayAudio: track:137 usage:13 not muted
04-06 02:09:28.135  1321  3118 W BroadcastQueue: Background execution not allowed: receiving Intent { act=android.intent.action.PACKAGE_REMOVED dat=package: flg=0x4000010 (has extras) } to android/com.kddi.android.CpaNotiReceiver
04-06 02:09:28.135  1188  2115 D AF::TrackHandle: OpPlayAudio: track:171 usage:13 not muted
04-06 02:09:28.135  1188 15729 D AF::TrackHandle: OpPlayAudio: track:137 usage:13 not muted
04-06 02:09:28.135  1188 15729 D AF::TrackHandle: OpPlayAudio: track:137 usage:13 not muted
04-06 02:09:28.135  1188  1188 D AF::TrackHandle: OpPlayAudio: track:171 usage:13 not muted
04-06 02:09:28.136  1188 15729 D AF::TrackHandle: OpPlayAudio: track:137 usage:13 not muted
04-06 02:09:28.136  1188  1188 D AF::TrackHandle: OpPlayAudio: track:171 usage:13 not muted
04-06 02:09:28.136  1188 15729 D AF::TrackHandle: OpPlayAudio: track:137 usage:13 not muted
04-06 02:09:28.136  1188  1188 D AF::TrackHandle: OpPlayAudio: track:171 usage:13 not muted
04-06 02:09:28.136  1188  3965 D AF::TrackHandle: OpPlayAudio: track:221 usage:2 not muted
04-06 02:09:28.136  1188  1188 D AF::TrackHandle: OpPlayAudio: track:171 usage:13 not muted
04-06 02:09:28.136  1188  3965 D AF::TrackHandle: OpPlayAudio: track:221 usage:2 not muted
04-06 02:09:28.136  1188  3965 D AF::TrackHandle: OpPlayAudio: track:221 usage:2 not muted
04-06 02:09:28.137  1188  3965 D AF::TrackHandle: OpPlayAudio: track:221 usage:2 not muted
04-06 02:09:28.137  1188  3965 D AF::TrackHandle: OpPlayAudio: track:221 usage:2 not muted
04-06 02:09:28.137  1188  3965 D AF::TrackHandle: OpPlayAudio: track:221 usage:2 not muted
04-06 02:09:28.137  1188  3965 D AF::TrackHandle: OpPlayAudio: track:221 usage:2 not muted
04-06 02:09:28.137  1321  1844 W BroadcastQueue: Background execution not allowed: receiving Intent { act=android.intent.action.PACKAGE_REMOVED dat=package: flg=0x4000010 (has extras) } to com.android.vending/com.google.android.finsky.packagemonitor.impl.PackageMonitorReceiverImpl$RegisteredReceiver
04-06 02:09:28.137  1188  3965 D AF::TrackHandle: OpPlayAudio: track:221 usage:2 not muted
04-06 02:09:28.137  1188  3965 D AF::TrackHandle: OpPlayAudio: track:221 usage:2 not muted
04-06 02:09:28.137  1321  1844 W BroadcastQueue: Background execution not allowed: receiving Intent { act=android.intent.action.PACKAGE_REMOVED dat=package: flg=0x4000010 (has extras) } to com.android.vending/com.google.android.finsky.packagemonitor.backgroundimpl.BackgroundPackageMonitorReceiverImpl$RegisteredReceiver
04-06 02:09:28.137  1188  3965 D AF::TrackHandle: OpPlayAudio: track:221 usage:2 not muted
04-06 02:09:28.137  1321  1844 W BroadcastQueue: Background execution not allowed: receiving Intent { act=android.intent.action.PACKAGE_REMOVED dat=package: flg=0x4000010 (has extras) } to com.android.vending/com.google.android.finsky.instantapps.appmanagement.InstantAppRemoveMonitor
04-06 02:09:28.138  1188  3965 D AF::TrackHandle: OpPlayAudio: track:221 usage:2 not muted
04-06 02:09:28.138  1321 18806 D IntervalStats: Unable to parse usage stats packages: [401, 404, 405, 409, 424, 425, 426, 427, 428, 429, 430, 431, 434]
04-06 02:09:28.138  1321  1844 W BroadcastQueue: Background execution not allowed: receiving Intent { act=android.intent.action.PACKAGE_REMOVED dat=package: flg=0x4000010 (has extras) } to com.google.android.gms/.chimera.GmsIntentOperationService$PersistentTrustedReceiver
04-06 02:09:28.138  1188  9629 D AF::TrackHandle: OpPlayAudio: track:340 usage:1 not muted
04-06 02:09:28.138  1321  1844 W BroadcastQueue: Background execution not allowed: receiving Intent { act=android.intent.action.PACKAGE_REMOVED dat=package: flg=0x4000010 (has extras) } to com.sec.android.app.samsungapps/com.samsung.android.iap.receiver.IapReceiver
04-06 02:09:28.138  1321  1844 W BroadcastQueue: Background execution not allowed: receiving Intent { act=android.intent.action.PACKAGE_REMOVED dat=package: flg=0x4000010 (has extras) } to com.google.android.videos/com.google.android.libraries.social.peoplekit.thirdparty.viewcontrollers.ThirdPartyReceiver
04-06 02:09:28.138  1188  9629 D AF::TrackHandle: OpPlayAudio: track:340 usage:1 not muted
04-06 02:09:28.138  1188  9629 D AF::TrackHandle: OpPlayAudio: track:340 usage:1 not muted
04-06 02:09:28.139  1321  2299 D ActivityTaskManager: SafeActivityOptions created, mOriginalCallingPid=1321, mOriginalCallingUid=1000, options=null, caller=com.android.server.am.PendingIntentRecord.sendInner:500 com.android.server.am.ActivityManagerService.sendIntentSender:6624 com.android.server.am.ActivityManagerService.sendIntentSender:6613 android.app.PendingIntent.sendAndReturnResult:1029 android.app.PendingIntent.send:1000 android.app.PendingIntent.send:908 com.android.server.sepunion.SemDeviceInfoManagerService.sendIntentAction:197 
04-06 02:09:28.140  3904  3904 I Routine@Core[4.2.00.52]: RoutineService: onCreate
04-06 02:09:28.140  3904  3904 I Routine@Core[4.2.00.52]: RoutineService: onStartCommand: com.samsung.android.routine.ACTION_PACKAGE_CHANGED
04-06 02:09:28.140 17808 17863 I DWBLocalPackageManager: onPackageRemoved Already Removed : com.evolucao.app.test
04-06 02:09:28.142  6390 18803 I AppsEdge.DBHelper: getFavoriteItems type = 0, pos = 0, id = 1, item = 0@com.samsung.android.messaging/com.android.mms.ui.ConversationComposer&0
04-06 02:09:28.143  7122 17515 I ProximityAuth: [RecentAppsMediator] Package removed: (user=UserHandle{0}) com.evolucao.app.test
04-06 02:09:28.143 18617 18670 I WindowsLink: (YpcSignatureChecker) isSignatureAllowed in
04-06 02:09:28.145 18617 18670 I WindowsLink: (BaseContentProvider) call: method = PermissionManager@deactivatePermissionManager / subMethod = deactivatePermissionManager
04-06 02:09:28.145  6390 18803 I AppsEdge.DBHelper: getFavoriteItems type = 0, pos = 1, id = 2, item = 0@com.google.android.youtube/com.google.android.youtube.app.honeycomb.Shell$HomeActivity&0
04-06 02:09:28.148 17553 17553 W ContextImpl: Calling a method in the system process without a qualified user: android.app.ContextImpl.startService:1926 android.content.ContextWrapper.startService:834 android.content.ContextWrapper.startService:834 com.samsung.android.bbc.bbcagent.bbccontroller.receiver.PackageEventReceiver.sendIntentToDDC:33 com.samsung.android.bbc.bbcagent.bbccontroller.receiver.PackageEventReceiver.onReceive:158 
04-06 02:09:28.149 12013 12013 I Finsky  : [2] Do not start WearSupportService due to Wear service optimization
04-06 02:09:28.149  1321  2299 D ActivityManager: Received SERVICE intent 0x3d52b95 Key{startService pkg=com.samsung.android.app.galaxyfinder intent=act=package_changed cmp=com.samsung.android.app.galaxyfinder/.acceleration.AppCoreService flags=0x2000000 u=0} requestCode=0 from uid 1000
04-06 02:09:28.149  1321  2299 D SEP_UNION_SemDeviceInfoManagerService: sendIntentAction() action = android.intent.action.PACKAGE_REMOVED, tag =  
04-06 02:09:28.150  1321  2299 D SEP_UNION_SemDeviceInfoManagerService: onReceive : android.intent.action.PACKAGE_FULLY_REMOVED, userId = 0 
04-06 02:09:28.150  1321  2299 D ActivityTaskManager: SafeActivityOptions created, mOriginalCallingPid=1321, mOriginalCallingUid=1000, options=null, caller=com.android.server.am.PendingIntentRecord.sendInner:500 com.android.server.am.ActivityManagerService.sendIntentSender:6624 com.android.server.am.ActivityManagerService.sendIntentSender:6613 android.app.PendingIntent.sendAndReturnResult:1029 android.app.PendingIntent.send:1000 android.app.PendingIntent.send:908 com.android.server.sepunion.SemDeviceInfoManagerService.sendIntentAction:197 
04-06 02:09:28.150  3904  3904 I Routine@Core[4.2.00.52]: RoutineService: onDestroy
