04-06 02:09:26.856 18519 18519 V GraphicsEnvironment: ANGLE GameManagerService for com.google.android.packageinstaller: false
04-06 02:09:26.865 18519 18519 D NetworkSecurityConfig: No Network Security Config specified, using platform default
04-06 02:09:26.869 18617 18617 D ActivityThread: setConscryptValidator
04-06 02:09:26.869 18617 18617 D ActivityThread: setConscryptValidator - put
04-06 02:09:26.870 25143 25157 I Backup  : [GmsBackupAccountManager] Backup account not found in gmscore.
04-06 02:09:26.876 18519 18519 D NetworkSecurityConfig: No Network Security Config specified, using platform default
04-06 02:09:26.876  7122 18501 W ChimeraUtils: Module com.google.android.gms.backup_base missing resource null(0)
04-06 02:09:26.878  1321  3106 D CompatibilityChangeReporter: Compat change id reported: 168419799; UID 10074; state: DISABLED
04-06 02:09:26.879  1321  3106 I ActivityManager: DSS OFF for com.samsung.android.mdx
04-06 02:09:26.882  1321  1812 I WindowManager: Reparenting to original parent: Surface(name=DefaultTaskDisplayArea)/@0x37389ed, destroy=true, surface=Surface(name=Task=1)/@0xaeea004
04-06 02:09:26.882  3132  3132 W Launcher: onEnterAnimationComplete
04-06 02:09:26.886  1321  2574 D NetdEventListenerService: DNS Requested by : 172, 10130
04-06 02:09:26.886 18289 18608 D TrafficStats: tagSocket(91) with statsTag=0xffffffff, statsUid=-1
04-06 02:09:26.891  1321  2640 I Pageboost: Launcher Page Up
04-06 02:09:26.893 18394 18394 I Monkey  : :Sending Touch (ACTION_DOWN): 0:(51.0,1815.0)
04-06 02:09:26.893  1321  2898 D InputDispatcher: Inject motion (18394/2000): action=0x0, time=124078201000000, f=0x0, d=0 dsdx=1.000000 dtdx=0.000000
04-06 02:09:26.893  1321  2352 I InputDispatcher: Delivering touch to (2682): action: 0x4, f=0x0, d=0, '6d45259', t=0 
04-06 02:09:26.893  1321  2352 I InputDispatcher: Delivering touch to (3132): action: 0x0, f=0x0, d=0, '7ae1b77', t=0 +(0,0)*(1.00)
04-06 02:09:26.893  1321  1809 I GestureDetector: obtain mCurrentDownEvent. id: -729067970 caller: com.android.server.wm.SystemGesturesPointerEventListener.onPointerEvent:203 com.android.server.wm.PointerEventDispatcher.onInputEvent:53 android.view.InputEventReceiver.dispatchInputEvent:285 
04-06 02:09:26.894  3132  3132 I ViewRootImpl@9e5719f[LauncherActivity]: ViewPostIme pointer 0
04-06 02:09:26.894  1321  1809 I GestureDetector: obtain mCurrentDownEvent. id: -729067970 caller: com.android.server.wm.SystemPerformancePointerEventListener.onPointerEvent:89 com.android.server.wm.PointerEventDispatcher.onInputEvent:53 android.view.InputEventReceiver.dispatchInputEvent:285 
04-06 02:09:26.894  3132  3132 W BaseDragLayer: dispatchTouchEvent, ACTION_DOWN - mTouchDispatchState = 9
04-06 02:09:26.894  3132  3132 W PageOverlayMover: isMoving : false
04-06 02:09:26.894  3132  3132 W BaseDragLayer: findActiveController return false mTouchDispatchState = 9
04-06 02:09:26.895 18394 18394 I Monkey  : :Sending Touch (ACTION_UP): 0:(52.838497,1816.0569)
04-06 02:09:26.895  1321  2807 D InputDispatcher: Inject motion (18394/2000): action=0x1, time=124078204000000, f=0x0, d=0 dsdx=1.000000 dtdx=0.000000
04-06 02:09:26.895  1321  2352 I InputDispatcher: Delivering touch to (3132): action: 0x1, f=0x0, d=0, '7ae1b77', t=0 +(0,0)*(1.00)
04-06 02:09:26.895  3132  3132 I ViewRootImpl@9e5719f[LauncherActivity]: ViewPostIme pointer 1
04-06 02:09:26.895  3132  3132 W BaseDragLayer: findActiveController return false mTouchDispatchState = 0
04-06 02:09:26.895  1321  1809 I GestureDetector: obtain mCurrentMotionEventRaw. action: 1 id: -851475944
04-06 02:09:26.896  1321  1809 I GestureDetector: obtain mCurrentMotionEventRaw. action: 1 id: -851475944
04-06 02:09:26.898  1205  1205 I Layer   : id=34832 removedFromDrawingState Surface(name=Task=1)/@0xaeea004 - animation-leash of app_transition#34832 (133)
04-06 02:09:26.898  1205  1205 I SurfaceFlinger: id=34832 Removed Surface(name=Task=1)/@0xaeea004 - animation-leash of app_transition#34832 (133)
04-06 02:09:26.898  1205  1205 I Layer   : id=34832 Destroyed Surface(name=Task=1)/@0xaeea004 - animation-leash of app_transition#34832
04-06 02:09:26.910  1321  2807 I GenerationRegistry: mBackingStore.isClosed() : false
04-06 02:09:26.916 18617 18617 D CompatibilityChangeReporter: Compat change id reported: 171979766; UID 10074; state: ENABLED
04-06 02:09:26.916 18598 18598 I StateUtils: isDirectBootMode On : true
04-06 02:09:26.921  1321  1808 I CompanionDeviceManagerService: onPackageModified() u0/com.microsoft.skydrive
04-06 02:09:26.922 14631 14703 I GOS:GameServiceReceiver: Task.doInBackground(), action : com.samsung.android.intent.action.PACKAGE_INSTALL_STARTED
04-06 02:09:26.931 14631 14703 I GOS:GameServiceReceiver:  PkgInstallStarted for com.evolucao.app.test UserID : 0
04-06 02:09:26.934  1321  2574 D NetdEventListenerService: DNS Requested by : 172, 10130
04-06 02:09:26.936 18289 18606 D TrafficStats: tagSocket(94) with statsTag=0xffffffff, statsUid=-1
04-06 02:09:26.939  1321  2807 I GenerationRegistry: mBackingStore.isClosed() : false
04-06 02:09:26.940 14631 18672 I GOS:GameIntentService: onHandleIntent. GameIntentService. type: 15, pkgName: null
04-06 02:09:26.955  1321  1842 I AccessibilityServiceInfo: took more than 100ms mComponentName : ComponentInfo{com.samsung.android.accessibility.talkback/com.samsung.android.marvin.talkback.TalkBackService}, elapsedTime : 231
04-06 02:09:26.962 18598 18598 I StateUtils: isDirectBootMode On : true
04-06 02:09:26.963  1321  2807 I PackageManager: START DELETE PACKAGE: observer{128783910}
04-06 02:09:26.963  1321  2807 I PackageManager: pkg{com.evolucao.app}, user{0}, caller{2000} flags{2}
04-06 02:09:26.965  1321  6256 D CompatibilityChangeReporter: Compat change id reported: 168419799; UID 1000; state: DISABLED
04-06 02:09:26.965  1321  1963 D ApplicationPolicy: getApplicationUninstallationEnabled
04-06 02:09:26.965  1321  1963 D ApplicationPolicy: getApplicationUninstallationEnabled :  enabled true
04-06 02:09:26.965  1321  1844 I ActivityManager: Force stopping com.evolucao.app appid=10357 user=-1: deletePackageX
04-06 02:09:26.965  1321  1963 I AppsFilter: interaction: PackageSetting{3b561dc bellavita.toast/10310} -> PackageSetting{136b8bd com.evolucao.app/10357} BLOCKED
04-06 02:09:26.969  1321  1963 D PackageManager.SDP: Try removing package directory
04-06 02:09:26.972  5518  5848 W System.err: android.content.pm.PackageManager$NameNotFoundException: com.evolucao.app
04-06 02:09:26.972  5518  5848 W System.err: 	at android.app.ApplicationPackageManager.getPackageInfoAsUser(ApplicationPackageManager.java:302)
04-06 02:09:26.972  5518  5848 W System.err: 	at android.app.ApplicationPackageManager.getPackageInfo(ApplicationPackageManager.java:262)
04-06 02:09:26.972  5518  5848 W System.err: 	at android.app.ApplicationPackageManager.getPackageInfo(ApplicationPackageManager.java:256)
04-06 02:09:26.972  1321  1963 E SdpManagerImpl: Failed to get engine list due to non-existence...
04-06 02:09:26.972  5518  5848 W System.err: 	at com.sec.android.diagmonagent.sa.datalogging.monitor.AppInstallationMonitor$AppInstallationBroadcastReceiver.b(SourceFile:11)
04-06 02:09:26.972  5518  5848 W System.err: 	at com.sec.android.diagmonagent.sa.datalogging.monitor.AppInstallationMonitor$AppInstallationBroadcastReceiver.c(Unknown Source:0)
04-06 02:09:26.972  5518  5848 W System.err: 	at com.sec.android.diagmonagent.sa.datalogging.monitor.AppInstallationMonitor$AppInstallationBroadcastReceiver.a(Unknown Source:0)
04-06 02:09:26.972  5518  5848 W System.err: 	at p0.a.run(Unknown Source:6)
04-06 02:09:26.972  5518  5848 W System.err: 	at android.os.Handler.handleCallback(Handler.java:942)
04-06 02:09:26.972  5518  5848 W System.err: 	at android.os.Handler.dispatchMessage(Handler.java:99)
04-06 02:09:26.972  5518  5848 W System.err: 	at android.os.Looper.loopOnce(Looper.java:226)
04-06 02:09:26.972  5518  5848 W System.err: 	at android.os.Looper.loop(Looper.java:313)
04-06 02:09:26.972  5518  5848 W System.err: 	at android.os.HandlerThread.run(HandlerThread.java:67)
04-06 02:09:26.976  3132  3132 I SessionCommitReceiver: onReceive() intent.getAction : android.content.pm.action.SESSION_COMMITTED
04-06 02:09:26.978  1104 18375 I HYPER-HAL: [ResourceManager.cpp]removeResource(): [CPULittleMinFreq] RemoveResource Request ID : 895808
04-06 02:09:26.978  1321  2488 W SemWifiTransportLayerUtils: getApplicationCategory - IOException com.evolucao.app.test
04-06 02:09:26.978  1321  2488 W System.err: java.io.FileNotFoundException: https://play.google.com/store/apps/details?id=com.evolucao.app.test&hl=en
04-06 02:09:26.978  1321  2488 W System.err: 	at com.android.okhttp.internal.huc.HttpURLConnectionImpl.getInputStream(HttpURLConnectionImpl.java:255)
04-06 02:09:26.978  1321  2488 W System.err: 	at com.android.okhttp.internal.huc.DelegatingHttpsURLConnection.getInputStream(DelegatingHttpsURLConnection.java:211)
04-06 02:09:26.979  1321  2488 W System.err: 	at com.android.okhttp.internal.huc.HttpsURLConnectionImpl.getInputStream(HttpsURLConnectionImpl.java:30)
04-06 02:09:26.979  1321  2488 W System.err: 	at com.samsung.android.server.wifi.tcp.SemWifiTransportLayerUtils.getApplicationCategory(SemWifiTransportLayerUtils.java:104)
04-06 02:09:26.979  1321  2488 W System.err: 	at com.samsung.android.server.wifi.tcp.SemWifiTransportLayerMonitor$TcpMonitorHandler.handleMessage(SemWifiTransportLayerMonitor.java:244)
04-06 02:09:26.979  1321  2488 W System.err: 	at android.os.Handler.dispatchMessage(Handler.java:106)
04-06 02:09:26.979  1321  2488 W System.err: 	at android.os.Looper.loopOnce(Looper.java:226)
04-06 02:09:26.979  1321  2488 W System.err: 	at android.os.Looper.loop(Looper.java:313)
04-06 02:09:26.979  1321  2488 W System.err: 	at android.os.HandlerThread.run(HandlerThread.java:67)
04-06 02:09:26.979  1321  2488 D SemWifiTransportLayerMonitor.TcpMonitorHandler: MSG_SAVE_PACKAGE_INFO
04-06 02:09:26.979  1321  2488 D SemWifiTransportLayerFileManager: saveWifiPackageInfoToFile
04-06 02:09:26.979  1321  2488 D SemWifiTransportLayerFileManager: writeWifiPackageInfoList
04-06 02:09:26.980  1321  1963 E SdpManagerImpl: Failed to get engine list due to non-existence...
04-06 02:09:26.980  1321  1963 E SdpManagerImpl: Failed to get engine list due to non-existence...
04-06 02:09:26.980  1321  1963 D SdpManagerImpl: getEngineList :: No engine found
04-06 02:09:26.980  1321  1963 E SdpManagerImpl: read engine - No any engine found
04-06 02:09:26.980  1321  1963 D PackageManager.SDP: not Sdp package...
04-06 02:09:26.980  1321  1963 I PackageManager: Removing permission com.evolucao.app.DYNAMIC_RECEIVER_NOT_EXPORTED_PERMISSION that used to be declared by com.evolucao.app
04-06 02:09:26.980  1321  2488 D SemWifiTransportLayerMonitor.TcpMonitorHandler: MSG_SAVE_PACKAGE_INFO
04-06 02:09:26.980  1321  2488 D SemWifiTransportLayerFileManager: saveWifiPackageInfoToFile
04-06 02:09:26.980  1321  2488 D SemWifiTransportLayerFileManager: writeWifiPackageInfoList
04-06 02:09:26.981  1321  1963 I PackageManager: Permission ownership changed. Updating all permissions.
04-06 02:09:26.981  1104 18375 I HYPER-HAL: [ResourceManager.cpp]removeResource(): [CPUMinFreq] RemoveResource Request ID : 895808
04-06 02:09:26.981  1104 18375 I HYPER-HAL: [RequestManager.cpp]releaseLocked(): Released ID : 895808
04-06 02:09:26.987 18598 18598 I ClockSettingsSearchProvider: onCreate()
04-06 02:09:26.987 18598 18598 I ClockSettingsSearchProvider: secQueryGetFingerprint
04-06 02:09:26.999  1321  8930 D SGM:GameManager: identifyGamePackage. com.sec.android.app.launcher, mCurrentUserId: 0, callerUserId: 0, callingMethodInfo: com.android.server.ssrm.SortingMachine.isGame(SortingMachine.java:162)
04-06 02:09:26.999  1321  8930 D SGM:PkgDataHelper: getGamePkgData(). com.sec.android.app.launcher
04-06 02:09:27.028  1321  2474 D SemNscXgbMsL1: Probability - Cloud gaming: [0.008285774]
04-06 02:09:27.028  1321  2474 D SemNscXgbMsL1: Probability - Real time: [0.81558734]
04-06 02:09:27.028  1321  2474 D SemNscXgbMsL1: Probability - Non real time: [0.43817163]
04-06 02:09:27.028  1321  2474 D SemNscXgbMsL1: 1 sample inference time: 0.224115 msecs
04-06 02:09:27.029  1321  2474 D SemNscXgbL2Rt: L2 RT 1 sample inference time: 0.414688 msecs
04-06 02:09:27.029  1321  2474 D SemNscXgbL2Nrt: L2 NRT 1 sample inference time: 0.387552 msecs
04-06 02:09:27.029  1321  2474 I SemWifiServiceDetector: NSD results: [0, 1, 1, 0, 1, 0, 0, 1, 0] Traff. type 2 Thr 41
04-06 02:09:27.030  1321  2477 D SemWifiOptimizer: enable=1 state=0x10 prev=0x00 new=0x10 force=0 mode=0
04-06 02:09:27.031 17809 18225 I OneAuthLog: [OneAuth:0003:Info::00000000] [Common] [2026-04-06 05:09:27 - thread_id: 220, correlation_id: UNSET - Android 33] Received successful result from Broker Content Provider.   
04-06 02:09:27.057  1321  1842 D AccessibilityManagerService: currentTargets : [] targetsFromSetting : []
04-06 02:09:27.057  1321  1842 D AccessibilityManagerService: componentId : null userState.getTargetAssignedToAccessibilityButton() : null
04-06 02:09:27.058  1321  1842 D AccessibilityManagerService: readAccessibilityDirectAccessSettingLocked currentTargets : [] targetsFromSetting : []
04-06 02:09:27.112  1321  1963 W EnterpriseLicenseService: updateAdminPermissions() :com.anydesk.anydeskandroid
04-06 02:09:27.112  1321  1963 I PackageManager: setLicensePermissions 
04-06 02:09:27.112  1321  1963 I PackageManager: setLicensePermissions : packageName = com.anydesk.anydeskandroid(com.android.server.utils.WatchedArrayMap@3fcd1e46)
04-06 02:09:27.114  1321  1963 D EnterpriseLicenseService: getPermissions() - deserializeObject
04-06 02:09:27.114  1321  1963 D PackageManager: hasSelectivePermissionsForMDM(): permission granted = com.samsung.android.knox.permission.KNOX_REMOTE_CONTROL
04-06 02:09:27.117  1186  1186 I SSC_DAEMON: physical_sensor_test_req_msg Sensor type :0, Msg type:3
04-06 02:09:27.119  1186  2088 I SSC_DAEMON: accel_motor_state_event: 1, 0
04-06 02:09:27.119  1186  2088 I SSC_DAEMON: SBOM motor: 0
04-06 02:09:27.120  1096  4038 E libprotobuf-native: [libprotobuf ERROR external/protobuf/src/google/protobuf/message_lite.cc:123] Can't parse message of type "sns_std_sensor_event" because it is missing required fields: (cannot determine missing fields for lite message)
04-06 02:09:27.157  1321  1774 W System  : A resource failed to call end. 
04-06 02:09:27.158  1321  1774 W System  : A resource failed to call end. 
04-06 02:09:27.177  1321  3106 D InputDispatcher: Inject key (18394/2000): action=0, f=0x8, d=-1, time=124078285000000
04-06 02:09:27.177  1321  3106 D WindowManager: interceptKeyTq interceptKeyResult=1
04-06 02:09:27.177  1321  2352 D PowerManagerService: [api] userActivityFromNative :  (event: 1 flags: 0 displayId: 0) eventTime = 124078285
04-06 02:09:27.178  1321  2352 I InputDispatcher: Delivering key to (3132): DP action: 0x0 (0), f=0x8, m=0x0, d=0, '7ae1b77'
04-06 02:09:27.178  6798  6798 I HBD     : b skip onKeyDown as physical keyboard not connected 
04-06 02:09:27.178  6798  6798 I HBD     : HoneyBoardService onKeyDown r:94b2d6de consumed:false 0 
04-06 02:09:27.179  3132  3132 I ViewRootImpl@9e5719f[LauncherActivity]: setInTouchMode(false), android.view.ViewRootImpl.checkForLeavingTouchModeAndConsume:9376 android.view.ViewRootImpl.-$$Nest$mcheckForLeavingTouchModeAndConsume:0 android.view.ViewRootImpl$EarlyPostImeInputStage.processKeyEvent:7707 android.view.ViewRootImpl$EarlyPostImeInputStage.onProcess:7691 android.view.ViewRootImpl$InputStage.deliver:7213 android.view.ViewRootImpl$InputStage.onDeliverToNext:7270 android.view.ViewRootImpl$InputStage.forward:7236 android.view.ViewRootImpl$AsyncInputStage.forward:7467 android.view.ViewRootImpl$ImeInputStage.onFinishedInputEvent:7676 android.view.inputmethod.InputMethodManager$PendingEvent.run:3897 
04-06 02:09:27.180  1321  1808 W Looper  : Slow dispatch took 218ms android.fg h=android.os.Handler c=<recycled PooledLambda@9d7e8c6> m=0
04-06 02:09:27.180  1321  3011 D InputDispatcher: Touch mode switch rejected, caller (pid=0, uid=10127) doesn't own the focused window nor none of the previously interacted window
04-06 02:09:27.181  1321  5980 W system_server: Long monitor contention with owner binder:1321_19 (6256) at com.android.server.pm.Computer com.android.server.pm.PackageManagerService.snapshotComputer()(PackageManagerService.java:1366) waiters=6 in com.android.server.pm.Computer com.android.server.pm.PackageManagerService.snapshotComputer() for 165ms
04-06 02:09:27.181  1321  5715 D InputDispatcher: Inject key (18394/2000): action=1, f=0x8, d=-1, time=124078489000000
04-06 02:09:27.181  1321  6287 W system_server: Long monitor contention with owner binder:1321_19 (6256) at com.android.server.pm.Computer com.android.server.pm.PackageManagerService.snapshotComputer()(PackageManagerService.java:1366) waiters=9 in com.android.server.pm.Computer com.android.server.pm.PackageManagerService.snapshotComputer() for 128ms
04-06 02:09:27.181  1321  5715 D WindowManager: interceptKeyTq interceptKeyResult=1
04-06 02:09:27.182  1321  2352 I InputDispatcher: Delivering key to (3132): DP action: 0x1 (0), f=0x8, m=0x0, d=0, '7ae1b77'
04-06 02:09:27.183  6798  6798 I HBD     : HoneyBoardService onKeyUp r:38a3345e consumed:false 1 
04-06 02:09:27.183  1321  1842 D SettingsProvider: isChangeAllowed() : name = accessibility_enabled
04-06 02:09:27.183  1321  1842 D WindowMagnificationMgr: requestConnection :false mConnectionState : 3
04-06 02:09:27.183  1321  1842 W WindowMagnificationMgr: requestConnection duplicated request: connect=false, mConnectionState=DISCONNECTED
04-06 02:09:27.183  3132  3132 I ViewRootImpl@9e5719f[LauncherActivity]: ViewPostIme key 1
04-06 02:09:27.184  1321  1842 I SGM:GameManager: PkgUpdateReceiver, onReceive action =android.intent.action.PACKAGE_ADDED changingUserId =0
04-06 02:09:27.184  1321  1842 I SGM:GameManager: PkgUpdateReceiver, onPackageAdded : com.evolucao.app userHandle : UserHandle{0} userId : 0
04-06 02:09:27.184  1321  1842 I SGM:GameManager: PkgUpdateReceiver, com.samsung.android.game.gos is enabled : true
04-06 02:09:27.184  1321  2369 D SGM:GosNotifyThread: notifyPackageChangedToGos(), before send intent to GOS. type:15, changeType: 0, pkgName:com.evolucao.app, userHandleId:0
04-06 02:09:27.188 18598 18598 I CapsuleProvider_1.0.23: onCreate
04-06 02:09:27.190  1321  2296 I RoleService: Granting default roles...
04-06 02:09:27.192 17809 18225 V OneAuthLog: [OneAuth:0003:Verbose::00000000] [Common] [2026-04-06 05:09:27 - thread_id: 220, correlation_id: UNSET - Android 33] com.microsoft.appmanager::WhUdh04ZkQLmNb//lKmohyqDdPMWXHcI0O3AvoLMtgF/smnED4r+Vguvgj6d4QG77Jl3avUKt6LeqF2TJPZVzg== is a valid broker app.   
04-06 02:09:27.192 14631 18672 I GOS:GameIntentService: onPackageChanged(). extras: Bundle[{changeType=2, userId=0, type=15, packageName=com.evolucao.app.test}]
04-06 02:09:27.192 14631 18672 I GOS:GameIntentService: onPackageChanged(). changeType(INSTALL_STARTED), pkgName(com.evolucao.app.test), UserHandle(0), userId(0), Installed(true)
04-06 02:09:27.193  1321  1809 I GestureDetector: handleMessage TAP
04-06 02:09:27.193 17809 18225 V OneAuthLog: [OneAuth:0003:Verbose::00000000] [Common] [2026-04-06 05:09:27 - thread_id: 220, correlation_id: UNSET - Android 33] Finished encryption   
04-06 02:09:27.194  1321  1321 I GestureDetector: handleMessage TAP
04-06 02:09:27.194 17809 18225 V OneAuthLog: [OneAuth:0003:Verbose::00000000] [Common] [2026-04-06 05:09:27 - thread_id: 220, correlation_id: UNSET - Android 33] Finished encryption   
04-06 02:09:27.195  3132  3132 W Launcher.Hotseat: updateCellDimensionsOnSizeChanged return : mLastUpdatedSize = 1080, size = 1080
04-06 02:09:27.195 17809 18225 I OneAuthLog: [OneAuth:0003:Info::00000000] [Common] [2026-04-06 05:09:27 - thread_id: 220, correlation_id: UNSET - Android 33] Removing cache key   
04-06 02:09:27.196 17809 18225 E OneAuthLog: [OneAuth:0003:Error::00000000] [Common] [2026-04-06 05:09:27 - thread_id: 220, correlation_id: UNSET - Android 33] Broker Result not returned from Broker   
04-06 02:09:27.200  1321  1842 I SearchManagerService: updateSearchables
04-06 02:09:27.204 17809 18225 I OneAuthLog: [OneAuth:0003:Info::00000000] [Common] [2026-04-06 05:09:27 - thread_id: 220, correlation_id: UNSET - Android 33] ResultBundle does not contain BrokerResult. So, this is not likely a broker version supported issue. Continuing.   
04-06 02:09:27.207  1321  6287 D CompatibilityChangeReporter: Compat change id reported: 161252188; UID 10093; state: DISABLED
04-06 02:09:27.208 17809 18266 V OneAuthLog: [MSAL:0005]	DEBUG  	SetField:175	Key: broker_app_used, Value: true
04-06 02:09:27.208 17809 18266 V OneAuthLog: [MSAL:0005]	DEBUG  	AppendField:208	Key: auth_flow, Value: Broker
04-06 02:09:27.208 17809 18266 V OneAuthLog: [MSAL:0005]	DEBUG  	SetField:175	Key: is_successful, Value: true
04-06 02:09:27.208 17809 18266 V OneAuthLog: [MSAL:0005]	DEBUG  	SetField:175	Key: broker_accounts_count, Value: 0
04-06 02:09:27.209 17809 18266 V OneAuthLog: [MSAL:0005]	DEBUG  	AppendExecutionFlow:428	{"t":"4qnni","tid":5,"ts":2546,"l":2,"a":2,"ie":0}
04-06 02:09:27.209 17809 18266 V OneAuthLog: [MSAL:0005]	DEBUG  	AppendExecutionFlow:428	{"t":"4qnnh","tid":5,"ts":2547,"l":2,"a":2,"ie":1}
04-06 02:09:27.209 17809 18266 V OneAuthLog: [MSAL:0005]	DEBUG  	ReadAllAccountsInternal:157	List all MSAL accounts
04-06 02:09:27.209 17809 18266 V OneAuthLog: [MSAL:0005]	DEBUG  	ReadAllAccountsInternal:301	List all MSAL accounts finished
04-06 02:09:27.209 17809 18225 V OneAuthLog: [OneAuth:0003:Verbose::00000000] [Common] [2026-04-06 05:09:27 - thread_id: 220, correlation_id: 8a0c91ac-79f6-4413-bd02-4da79dc6f45a - Android 33] Loading Accounts...(no arg)   
04-06 02:09:27.210 17809 18225 I OneAuthLog: [OneAuth:0003:Info::00000000] [Common] [2026-04-06 05:09:27 - thread_id: 220, correlation_id: 8a0c91ac-79f6-4413-bd02-4da79dc6f45a - Android 33] Found [0] Accounts...   
04-06 02:09:27.210 17809 18266 V OneAuthLog: [MSAL:0005]	DEBUG  	SetField:175	Key: storage_accounts_count, Value: 0
04-06 02:09:27.210 17809 18266 V OneAuthLog: [MSAL:0005]	DEBUG  	SetField:175	Key: is_successful, Value: true
04-06 02:09:27.210 17809 18266 V OneAuthLog: [MSAL:0005]	DEBUG  	SetTimeField:194	Key: stop_time, Value: 2026-04-06T05:09:27.000Z
04-06 02:09:27.210 17809 18266 V OneAuthLog: [MSAL:0005]	DEBUG  	SetField:175	Key: request_duration, Value: 2549
04-06 02:09:27.210 17809 18266 V OneAuthLog: [MSAL:0005]	DEBUG  	AppendExecutionFlow:428	{"t":"4c10b","tid":5,"ts":2548,"l":2}
04-06 02:09:27.210  7232 17506 E RoleControllerServiceImpl: Default/fallback role holder package doesn't qualify for the role, package: com.google.android.gms.supervision, role: android.app.role.SYSTEM_SUPERVISION
04-06 02:09:27.211  7232 17506 W Role    : Default holder doesn't have required signing certificate: com.google.android.apps.work.clouddpc:23962F4B43B9857638EA66F4D419518EAE282491ACDA4B94707BD59003C45E58
04-06 02:09:27.212 17809 18266 V OneAuthLog: [MSAL:0005]	DEBUG  	AppendExecutionFlow:428	{"t":"4c10a","tid":5,"ts":2550,"l":2}
04-06 02:09:27.212 17809 18266 V OneAuthLog: [MSAL:0005]	DEBUG  	SetField:175	Key: device_idle_mode, Value: NotInDozeMode
04-06 02:09:27.212 17809 18266 I OneAuthLog: [MSAL:0005]	INFO   	LogTelemetryData:478	Printing Telemetry for Correlation ID: 8a0c91ac-79f6-4413-bd02-4da79dc6f45a
04-06 02:09:27.212 17809 18266 I OneAuthLog: [MSAL:0005]	INFO   	LogTelemetryData:486	Key: device_idle_mode, Value: NotInDozeMode
04-06 02:09:27.212 17809 18266 I OneAuthLog: [MSAL:0005]	INFO   	LogTelemetryData:486	Key: stop_time, Value: 2026-04-06T05:09:27.000Z
04-06 02:09:27.212 17809 18266 I OneAuthLog: [MSAL:0005]	INFO   	LogTelemetryData:486	Key: storage_accounts_count, Value: 0
04-06 02:09:27.212 17809 18266 I OneAuthLog: [MSAL:0005]	INFO   	LogTelemetryData:486	Key: request_duration, Value: 2549
04-06 02:09:27.212 17809 18266 I OneAuthLog: [MSAL:0005]	INFO   	LogTelemetryData:486	Key: broker_power_optimization, Value: OptOut
04-06 02:09:27.212 17809 18266 I OneAuthLog: [MSAL:0005]	INFO   	LogTelemetryData:486	Key: was_request_throttled, Value: false
04-06 02:09:27.212 17809 18266 I OneAuthLog: [MSAL:0005]	INFO   	LogTelemetryData:486	Key: request_eligible_for_broker, Value: true
04-06 02:09:27.212 17809 18266 I OneAuthLog: [MSAL:0005]	INFO   	LogTelemetryData:486	Key: is_successful, Value: true
04-06 02:09:27.212 17809 18266 I OneAuthLog: [MSAL:0005]	INFO   	LogTelemetryData:486	Key: auth_flow, Value: Broker
04-06 02:09:27.212 17809 18266 I OneAuthLog: [MSAL:0005]	INFO   	LogTelemetryData:486	Key: authority_type, Value: Unknown
04-06 02:09:27.212 17809 18266 I OneAuthLog: [MSAL:0005]	INFO   	LogTelemetryData:486	Key: broker_app_used, Value: true
04-06 02:09:27.212 17809 18266 I OneAuthLog: [MSAL:0005]	INFO   	LogTelemetryData:486	Key: api_name, Value: DiscoverAccounts
04-06 02:09:27.212 17809 18266 I OneAuthLog: [MSAL:0005]	INFO   	LogTelemetryData:486	Key: msal_version, Value: 9.1.0
04-06 02:09:27.212 17809 18266 I OneAuthLog: [MSAL:0005]	INFO   	LogTelemetryData:486	Key: start_time, Value: 2026-04-06T05:09:24.000Z
04-06 02:09:27.212 17809 18266 I OneAuthLog: [MSAL:0005]	INFO   	LogTelemetryData:486	Key: client_id, Value: b26aadf8-566f-4478-926f-589f601d9c74
04-06 02:09:27.212 17809 18266 I OneAuthLog: [MSAL:0005]	INFO   	LogTelemetryData:486	Key: broker_accounts_count, Value: 0
04-06 02:09:27.212 17809 18266 I OneAuthLog: [MSAL:0005]	INFO   	LogTelemetryData:486	Key: correlation_id, Value: 8a0c91ac-79f6-4413-bd02-4da79dc6f45a
04-06 02:09:27.212 17809 18266 I OneAuthLog: [MSAL:0005]	INFO   	LogTelemetryData:491	Printing Execution Flow:
04-06 02:09:27.212 17809 18266 I OneAuthLog: [MSAL:0005]	INFO   	LogTelemetryData:499	{"t":"4sufd","tid":4,"ts":0,"s":2,"l":2},{"t":"4swgg","tid":4,"ts":1,"s":1,"l":2},{"t":"4swgf","tid":4,"ts":1,"s":1,"l":2},{"t":"4swgi","tid":5,"ts":1,"s":1,"l":2},{"t":"8dqku","tid":5,"ts":1,"l":2},{"t":"4efdy","tid":5,"ts":2,"l":2},{"t":"4efe1","tid":5,"ts":3,"l":2},{"t":"4efez","tid":5,"ts":41,"l":2},{"t":"4efey","tid":5,"ts":41,"l":2},{"t":"4efew","tid":5,"ts":45,"l":2},{"t":"4efdx","tid":5,"ts":45,"l":2},{"t":"4qnni","tid":5,"ts":2546,"l":2,"a":2,"ie":0},{"t":"4qnnh","tid":5,"ts":2547,"l":2,"a":2,"ie":1},{"t":"4c10b","tid":5,"ts":2548,"l":2},{"t":"4c10a","tid":5,"ts":2550,"l":2}
04-06 02:09:27.212 17809 18266 I OneAuthLog: [OneAuth:0005:Info:59ljv:8a0c91ac] Found 0 accounts using client ID: b26aadf8-566f-4478-926f-589f601d9c74
04-06 02:09:27.213 17809 18266 V OneAuthLog: [OneAuth:0005:Verbose:6k1zf:8a0c91ac] Start to read from account store 
04-06 02:09:27.213 17809 18266 V OneAuthLog: [OneAuth:0005:Verbose:6k1zg:8a0c91ac] Read from account store succeeded 
04-06 02:09:27.213 17809 18266 I OneAuthLog: [OneAuth:0005:Info:7orfe:8a0c91ac] Start to read from MSAL cache
04-06 02:09:27.213 17809 18225 V OneAuthLog: [OneAuth:0003:Verbose::00000000] [Common] [2026-04-06 05:09:27 - thread_id: 220, correlation_id: UNSET - Android 33] Loading Accounts...(no arg)   
04-06 02:09:27.215 17809 18266 V OneAuthLog: [MSAL:0005]	DEBUG  	ReadAllAccountsInternal:157	List all MSAL accounts
04-06 02:09:27.215 17809 18266 V OneAuthLog: [MSAL:0005]	DEBUG  	ReadAllAccountsInternal:301	List all MSAL accounts finished
04-06 02:09:27.215 17809 18266 I OneAuthLog: [OneAuth:0005:Info:8o1or:8a0c91ac] Finished account discovery
04-06 02:09:27.216  1321  1842 E UsbProfileGroupSettingsManager: handlePackageUpdate could not find package 0/com.evolucao.app
04-06 02:09:27.216  1321  1842 E UsbProfileGroupSettingsManager: android.content.pm.PackageManager$NameNotFoundException: com.evolucao.app
04-06 02:09:27.216  1321  1842 E UsbProfileGroupSettingsManager: 	at android.app.ApplicationPackageManager.getPackageInfoAsUser(ApplicationPackageManager.java:302)
04-06 02:09:27.216  1321  1842 E UsbProfileGroupSettingsManager: 	at android.app.ApplicationPackageManager.getPackageInfoAsUser(ApplicationPackageManager.java:290)
04-06 02:09:27.216  1321  1842 E UsbProfileGroupSettingsManager: 	at com.android.server.usb.UsbProfileGroupSettingsManager.handlePackageAdded(UsbProfileGroupSettingsManager.java:1351)
04-06 02:09:27.216  1321  1842 E UsbProfileGroupSettingsManager: 	at com.android.server.usb.UsbProfileGroupSettingsManager.-$$Nest$mhandlePackageAdded(Unknown Source:0)
04-06 02:09:27.216  1321  1842 E UsbProfileGroupSettingsManager: 	at com.android.server.usb.UsbProfileGroupSettingsManager$MyPackageMonitor.onPackageAdded(UsbProfileGroupSettingsManager.java:225)
04-06 02:09:27.216  1321  1842 E UsbProfileGroupSettingsManager: 	at com.android.internal.content.PackageMonitor.onReceive(PackageMonitor.java:359)
04-06 02:09:27.216  1321  1842 E UsbProfileGroupSettingsManager: 	at android.app.LoadedApk$ReceiverDispatcher$Args.lambda$getRunnable$0$android-app-LoadedApk$ReceiverDispatcher$Args(LoadedApk.java:1919)
04-06 02:09:27.216  1321  1842 E UsbProfileGroupSettingsManager: 	at android.app.LoadedApk$ReceiverDispatcher$Args$$ExternalSyntheticLambda0.run(Unknown Source:2)
04-06 02:09:27.216  1321  1842 E UsbProfileGroupSettingsManager: 	at android.os.Handler.handleCallback(Handler.java:942)
04-06 02:09:27.216  1321  1842 E UsbProfileGroupSettingsManager: 	at android.os.Handler.dispatchMessage(Handler.java:99)
04-06 02:09:27.216  1321  1842 E UsbProfileGroupSettingsManager: 	at android.os.Looper.loopOnce(Looper.java:226)
04-06 02:09:27.216  1321  1842 E UsbProfileGroupSettingsManager: 	at android.os.Looper.loop(Looper.java:313)
04-06 02:09:27.216  1321  1842 E UsbProfileGroupSettingsManager: 	at android.os.HandlerThread.run(HandlerThread.java:67)
04-06 02:09:27.216 17809 18266 E OneAuthLog: [OneAuth:0005:Error:96xl9:8a0c91ac] Setting correlation ID to identical value
04-06 02:09:27.216 17809 18266 E OneAuthLog: [OneAuth:0005:Error:96q8r:8a0c91ac] Attempting to set a new correlation ID to a thread with an existing correlation ID.
04-06 02:09:27.216  1321  1842 D LauncherAppsService: Calling onPackageAdded: com.evolucao.app, uid: 10357
04-06 02:09:27.216  1321  1842 D LauncherAppsService: Calling onPackageAdded: com.evolucao.app, listener: com.google.android.as(UserHandle{0}, 10880)
04-06 02:09:27.216 17809 18266 V OneAuthLog: [OneAuth:0005:Verbose:6k1zf:8a0c91ac] Start to read from account store 
04-06 02:09:27.217 17809 18266 V OneAuthLog: [OneAuth:0005:Verbose:6k1zg:8a0c91ac] Read from account store succeeded 
04-06 02:09:27.217  1321  1842 D LauncherAppsService: Calling onPackageAdded: com.evolucao.app, listener: com.android.systemui(UserHandle{0}, 2682)
04-06 02:09:27.217 17809 18266 I OneAuthLog: [OneAuth:0005:Info:4cxl6:8a0c91ac] No accounts found in the OneAuth account store
04-06 02:09:27.217  1321  1842 D LauncherAppsService: Calling onPackageAdded: com.evolucao.app, listener: android(UserHandle{0}, 1321)
04-06 02:09:27.217  1321  1842 D LauncherApps: onPackageAdded 0,com.evolucao.app
04-06 02:09:27.217  2682 18484 D LauncherApps: onPackageAdded 0,com.evolucao.app
04-06 02:09:27.217  1321  1842 D LauncherAppsService: Calling onPackageAdded: com.evolucao.app, listener: com.samsung.android.app.cocktailbarservice(UserHandle{0}, 7976)
04-06 02:09:27.217  1321  1842 D LauncherAppsService: Calling onPackageAdded: com.evolucao.app, listener: com.sec.android.app.launcher(UserHandle{0}, 3132)
04-06 02:09:27.217  7976  7976 I AppsEdge.PanelContainer: onPackageAdded
04-06 02:09:27.218  1321  1842 D MetaDataCollector: onReceive: begin action=android.intent.action.PACKAGE_ADDED
04-06 02:09:27.218 17809 18225 I OneAuthLog: [OneAuth:0003:Info::00000000] [Common] [2026-04-06 05:09:27 - thread_id: 220, correlation_id: UNSET - Android 33] Found [0] Accounts...   
04-06 02:09:27.218  1321  1842 D MetaDataCollector: onReceive: done pkgName=com.evolucao.app
04-06 02:09:27.221 17809 18266 V OneAuthLog: [MSAL:0005]	DEBUG  	ExecuteQueueItemThreadProc:407	Item 1 finished executing without throwing an error
04-06 02:09:27.221 17809 18266 V OneAuthLog: [MSAL:0005]	DEBUG  	CompleteBackgroundRequest:375	CompleteBackgroundRequest item 1
04-06 02:09:27.228  1321  1946 E VerityUtils: Failed to measure fs-verity, errno 95: /data/app/~~hEh0Og1kIeuio5iWGe4Lwg==/com.evolucao.app.test-Hf9miPuBrz-n87K_lsYTPA==/base.apk
04-06 02:09:27.263 18394 18394 I Monkey  : :Sending Touch (ACTION_DOWN): 0:(1011.0,488.0)
04-06 02:09:27.285  1321  6244 D InputDispatcher: Inject motion (18394/2000): action=0x0, time=124078572000000, f=0x0, d=0 dsdx=1.000000 dtdx=0.000000
04-06 02:09:27.285 18146 18146 I FILP/PackageIntentReceiver: action : com.samsung.android.provider.filterprovider.INTENT_PACKAGE_ADDED
04-06 02:09:27.285 18146 18146 I FILP/PackageIntentReceiver: pkgName : com.evolucao.app
04-06 02:09:27.285  1321  2352 I InputDispatcher: Delivering touch to (2682): action: 0x4, f=0x0, d=0, '6d45259', t=0 
04-06 02:09:27.286  1321  2352 I InputDispatcher: Delivering touch to (3132): action: 0x0, f=0x0, d=0, '7ae1b77', t=0 
04-06 02:09:27.286  1321  1809 I GestureDetector: obtain mCurrentDownEvent. id: -235846729 caller: com.android.server.wm.SystemGesturesPointerEventListener.onPointerEvent:203 com.android.server.wm.PointerEventDispatcher.onInputEvent:53 android.view.InputEventReceiver.dispatchInputEvent:285 
04-06 02:09:27.286  1321  1809 I GestureDetector: obtain mCurrentDownEvent. id: -235846729 caller: com.android.server.wm.SystemPerformancePointerEventListener.onPointerEvent:89 com.android.server.wm.PointerEventDispatcher.onInputEvent:53 android.view.InputEventReceiver.dispatchInputEvent:285 
04-06 02:09:27.287 18394 18394 I Monkey  : :Sending Touch (ACTION_UP): 0:(1001.6077,479.65982)
04-06 02:09:27.287  3132  3132 I ViewRootImpl@9e5719f[LauncherActivity]: ViewPostIme pointer 0
04-06 02:09:27.287  3132  3132 W BaseDragLayer: dispatchTouchEvent, ACTION_DOWN - mTouchDispatchState = 9
04-06 02:09:27.287  3132  3132 W PageOverlayMover: isMoving : false
04-06 02:09:27.287  3132  3132 W BaseDragLayer: findActiveController return false mTouchDispatchState = 9
04-06 02:09:27.289  1321  6793 D InputDispatcher: Inject motion (18394/2000): action=0x1, time=124078595000000, f=0x0, d=0 dsdx=1.000000 dtdx=0.000000
04-06 02:09:27.289  1321  2352 I InputDispatcher: Delivering touch to (3132): action: 0x1, f=0x0, d=0, '7ae1b77', t=0 
04-06 02:09:27.289  1321  1809 I GestureDetector: obtain mCurrentMotionEventRaw. action: 1 id: -729877482
04-06 02:09:27.289  3132  3132 I ViewRootImpl@9e5719f[LauncherActivity]: ViewPostIme pointer 1
04-06 02:09:27.289  1321  1809 I GestureDetector: obtain mCurrentMotionEventRaw. action: 1 id: -729877482
04-06 02:09:27.289  3132  3132 W BaseDragLayer: findActiveController return false mTouchDispatchState = 0
04-06 02:09:27.290 18146 18146 E FILP/PackageIntentReceiver: onReceive NameNotFoundException : android.content.pm.PackageManager$NameNotFoundException: com.evolucao.app
04-06 02:09:27.290 18146 18146 W ContextImpl: Calling a method in the system process without a qualified user: android.app.ContextImpl.startService:1926 android.content.ContextWrapper.startService:834 android.content.ContextWrapper.startService:834 com.samsung.android.provider.filterprovider.PackageIntentReceiver.onReceive:336 android.app.ActivityThread.handleReceiver:4894 
04-06 02:09:27.290  1321  2918 W system_server: Long monitor contention with owner binder:1321_19 (6256) at void com.android.server.am.ActivityManagerService.finishReceiver(android.os.IBinder, int, java.lang.String, android.os.Bundle, boolean, int)(ActivityManagerService.java:17253) waiters=0 in boolean com.android.server.am.ActivityManagerService.stopServiceToken(android.content.ComponentName, android.os.IBinder, int) for 301ms
04-06 02:09:27.291   743   743 I keystore2: keystore2::maintenance: clear_namespace : Domain(0), 10357
04-06 02:09:27.292  1321  2369 D SGM:GosNotifyThread: notifyPackageChangedToGos(), after send intent to GOS. ComponentInfo{com.samsung.android.game.gos/com.samsung.android.game.gos.service.GameIntentService}
04-06 02:09:27.295  3132  3132 W Launcher.Hotseat: updateCellDimensionsOnSizeChanged return : mLastUpdatedSize = 1080, size = 1080
04-06 02:09:27.297 18598 18622 I ProviderCallHandler: execute getMigrationDataAboutSleepSchedule by com.samsung.android.app.routines
04-06 02:09:27.297 18598 18622 I ProviderCallHandler: getMigrationDataAboutSleepSchedule
04-06 02:09:27.299 18598 18622 I RoutineUtil: isRoutinePackageEnabled true
04-06 02:09:27.301  1321  1963 D AASA_PackageManager_RESTRICTED: Uninstall : userId = 0, info.mRemovedAppId = 10357, info.uid = 10357, packageName = com.evolucao.app
04-06 02:09:27.301  1321  5980 D BaseRestrictionMgr: Package: com.samsung.android.app.appsedge, userid: 0, hostingType: startService is allowed by freecess, caller is: com.samsung.android.app.cocktailbarservice
04-06 02:09:27.305  3132 24024 I LauncherProvider: External provider call by package : com.samsung.android.app.galaxyfinder  for method : get_home_mode
04-06 02:09:27.305  3132 24024 I ExternalMethodFactory: get_home_mode
04-06 02:09:27.306 18598 18598 I StateUtils: isDirectBootMode On : true
04-06 02:09:27.307 18598 18598 I StateUtils: isUserUnlockedDevice : true
04-06 02:09:27.308  1321  6256 W BroadcastQueue: Background execution not allowed: receiving Intent { act=android.intent.action.PACKAGE_ADDED dat=package: flg=0x4000010 (has extras) } to com.google.android.packageinstaller/com.android.packageinstaller.PackageInstalledReceiver
04-06 02:09:27.308 18598 18622 I RoutineUtil: startSmartThingsDataMigration-> migration request without restore
04-06 02:09:27.309 18598 18622 I RoutineUtil: startSmartThingsDataMigration-> start smartthings migration
04-06 02:09:27.309  1321  1808 W Looper  : Drained
04-06 02:09:27.310  1321  1844 W BroadcastQueue: Background execution not allowed: receiving Intent { act=android.intent.action.PACKAGE_ADDED dat=package: flg=0x4000010 (has extras) } to com.android.vending/com.google.android.finsky.packagemonitor.impl.PackageMonitorReceiverImpl$RegisteredReceiver
04-06 02:09:27.310  1321  1844 W BroadcastQueue: Background execution not allowed: receiving Intent { act=android.intent.action.PACKAGE_ADDED dat=package: flg=0x4000010 (has extras) } to com.android.vending/com.google.android.finsky.packagemonitor.backgroundimpl.BackgroundPackageMonitorReceiverImpl$RegisteredReceiver
04-06 02:09:27.310  1321  1844 W BroadcastQueue: Background execution not allowed: receiving Intent { act=android.intent.action.PACKAGE_ADDED dat=package: flg=0x4000010 (has extras) } to com.google.android.gms/.gass.chimera.PackageChangeBroadcastReceiver
04-06 02:09:27.310  1321  1844 W BroadcastQueue: Background execution not allowed: receiving Intent { act=android.intent.action.PACKAGE_ADDED dat=package: flg=0x4000010 (has extras) } to com.google.android.gms/.chimera.GmsIntentOperationService$PersistentTrustedReceiver
04-06 02:09:27.310  1321  1844 W BroadcastQueue: Background execution not allowed: receiving Intent { act=android.intent.action.PACKAGE_ADDED dat=package: flg=0x4000010 (has extras) } to com.sec.android.app.samsungapps/.receiver.PackageAddedReceiver
04-06 02:09:27.311   649   649 I lmkd    : cached 1, sandbox(not0) 1
04-06 02:09:27.315   649   649 I lmkd    : Reclaim 'com.samsung.android.app.sharelive' (8763), uid 5026, oom_score_adj 999, state 19 to free 58356kB rss, 47752kB swap; reason: low watermark is breached and swap is low (1676660kB < 1677720kB)
04-06 02:09:27.316  6390 18699 I AppsEdge.Service: addItem
04-06 02:09:27.316  6390 18699 I AppsEdge.DBHelper: getFavoriteItems : false
04-06 02:09:27.318  1321  2490 D SemWifiSwitchForIndividualAppsService: isSkipPoorLinkCondition - result:1
04-06 02:09:27.319 18598 18698 I NotificationChannelUtils: createAllChannels
04-06 02:09:27.321  3132 24024 I LauncherProvider: External provider call by package : com.samsung.android.app.galaxyfinder  for method : get_home_mode
04-06 02:09:27.321  3132 24024 I ExternalMethodFactory: get_home_mode
04-06 02:09:27.321  1321  1963 D PackageManager: result of delete: 1{128783910}
04-06 02:09:27.322  1321  1963 I ActivityManager: Force stopping com.evolucao.app appid=10357 user=0: pkg removed
04-06 02:09:27.323 18146 18696 I FILP/b  : installFilters
04-06 02:09:27.324 18617 18617 I WindowsLink: (AppUpdateManagerImpl) loadPreferenceInfo() in
04-06 02:09:27.324 18617 18617 I WindowsLink: (AppUpdateManagerImpl) loadPolicyPreferenceInfo() in
04-06 02:09:27.325  6390 18699 I AppsEdge.DBHelper: getFavoriteItems type = 0, pos = 0, id = 1, item = 0@com.samsung.android.messaging/com.android.mms.ui.ConversationComposer&0
04-06 02:09:27.328  1321  1842 E MidiService: handlePackageUpdate could not find package com.evolucao.app
04-06 02:09:27.328  1321  1842 E MidiService: android.content.pm.PackageManager$NameNotFoundException: com.evolucao.app
04-06 02:09:27.328  1321  1842 E MidiService: 	at android.app.ApplicationPackageManager.getPackageInfoAsUser(ApplicationPackageManager.java:302)
04-06 02:09:27.328  1321  1842 E MidiService: 	at android.app.ApplicationPackageManager.getPackageInfo(ApplicationPackageManager.java:262)
04-06 02:09:27.328  1321  1842 E MidiService: 	at android.app.ApplicationPackageManager.getPackageInfo(ApplicationPackageManager.java:256)
04-06 02:09:27.328  1321  1842 E MidiService: 	at com.android.server.midi.MidiService.addPackageDeviceServers(MidiService.java:1217)
04-06 02:09:27.328  1321  1842 E MidiService: 	at com.android.server.midi.MidiService.-$$Nest$maddPackageDeviceServers(Unknown Source:0)
04-06 02:09:27.328  1321  1842 E MidiService: 	at com.android.server.midi.MidiService$1.onPackageAdded(MidiService.java:161)
04-06 02:09:27.328  1321  1842 E MidiService: 	at com.android.internal.content.PackageMonitor.onReceive(PackageMonitor.java:359)
04-06 02:09:27.328  1321  1842 E MidiService: 	at android.app.LoadedApk$ReceiverDispatcher$Args.lambda$getRunnable$0$android-app-LoadedApk$ReceiverDispatcher$Args(LoadedApk.java:1919)
04-06 02:09:27.328  1321  1842 E MidiService: 	at android.app.LoadedApk$ReceiverDispatcher$Args$$ExternalSyntheticLambda0.run(Unknown Source:2)
04-06 02:09:27.328  1321  1842 E MidiService: 	at android.os.Handler.handleCallback(Handler.java:942)
04-06 02:09:27.328  1321  1842 E MidiService: 	at android.os.Handler.dispatchMessage(Handler.java:99)
04-06 02:09:27.328  1321  1842 E MidiService: 	at android.os.Looper.loopOnce(Looper.java:226)
04-06 02:09:27.328  1321  1842 E MidiService: 	at android.os.Looper.loop(Looper.java:313)
04-06 02:09:27.328  1321  1842 E MidiService: 	at android.os.HandlerThread.run(HandlerThread.java:67)
04-06 02:09:27.328  1321  1842 I SemExecuteManagerService: onSomePackagesChanged
04-06 02:09:27.328  1321  1842 D EnterpriseDeviceManagerService: Package has changed for user 0
04-06 02:09:27.341  1321  2574 D NetdEventListenerService: DNS Requested by : 172, 10065
04-06 02:09:27.341  1321  1842 D EnterpriseDeviceManagerService: Admin package name: com.samsung.android.kgclient
04-06 02:09:27.346  6390 18699 I AppsEdge.DBHelper: getFavoriteItems type = 0, pos = 1, id = 2, item = 0@com.google.android.youtube/com.google.android.youtube.app.honeycomb.Shell$HomeActivity&0
04-06 02:09:27.348  1104 18461 I HYPER-HAL: [ResourceManager.cpp]removeResource(): [CPUMaxFreq] RemoveResource Request ID : 15660419
04-06 02:09:27.349  1104 18461 I HYPER-HAL: [RequestManager.cpp]releaseLocked(): Released ID : 15660419
04-06 02:09:27.349 18598 18698 I CapsuleProvider_1.0.23: releasing initialize wait lock.
04-06 02:09:27.350 18598 18698 I BixbyDeepLink: registerActionHandler()
04-06 02:09:27.350  6390 18699 I AppsEdge.DBHelper: getFavoriteItems type = 0, pos = 2, id = 3, item = 0@com.android.chrome/com.google.android.apps.chrome.Main&0
04-06 02:09:27.358 18598 18622 I RoutineUtil: startSmartThingsDataMigration-> bedtimeConfigData: null
04-06 02:09:27.358 18598 18622 I RoutineUtil: startSmartThingsDataMigration-> wakeUpConfigData: null
04-06 02:09:27.358 18598 18622 I RoutineUtil: startSmartThingsDataMigration-> bedtimeMasterSwitch: false
04-06 02:09:27.358 18598 18622 I RoutineUtil: startSmartThingsDataMigration-> wakeuptimeMasterSwitch: false
04-06 02:09:27.358 18598 18622 I RoutineUtil: startSmartThingsDataMigration-> bedTimeSelectedItem: -1
04-06 02:09:27.358 18598 18622 I RoutineUtil: startSmartThingsDataMigration-> wakeupTimeSelectedItem: 0
04-06 02:09:27.358 18598 18622 I RoutineUtil: startSmartThingsDataMigration-> bedtimeMode: false
04-06 02:09:27.359  3904  3904 I Routine@Core[4.2.00.52]: SleepScheduleInfoRequester: getMigrationDataAboutSleepSchedule : isSourceSos(false)
04-06 02:09:27.359  3904  3904 I Routine@Core[4.2.00.52]: SleepScheduleInfoRequester: getMigrationDataAboutSleepSchedule : sleepScheduleList([])
04-06 02:09:27.360  3904  3904 I Routine@Core[4.2.00.52]: SleepScheduleInfoRequester: getMigrationDataAboutSleepSchedule : isBedTimeSynced(false)
04-06 02:09:27.360  3904  3904 I Routine@Core[4.2.00.52]: SleepScheduleMigrator: migrateSleepMode: MigrationResultState is NOT YET, try migration
04-06 02:09:27.360  3904  3904 I Routine@Core[4.2.00.52]: SleepScheduleMigrator: migrateSleepMode: try migration dwb data
04-06 02:09:27.360  3904  3904 I Routine@Core[4.2.00.52]: SleepScheduleMigrator: migrateDWBData
04-06 02:09:27.368 18617 18617 I WindowsLink: (AppUpdateManagerImpl) loadStorePreferenceInfo() in
04-06 02:09:27.368 18617 18617 I WindowsLink: (AppUpdateManagerImpl) getCachedLwStoreInfo(): in
04-06 02:09:27.368 18617 18617 I WindowsLink: (AppUpdateManagerImpl) getCachedStoreInfo() in = com.samsung.android.mdx
04-06 02:09:27.370  1321  2921 D InputDispatcher: Inject key (18394/2000): action=0, f=0x8, d=-1, time=124078679000000
04-06 02:09:27.370  1321  2921 D WindowManager: interceptKeyTq interceptKeyResult=1
04-06 02:09:27.371  1321  2352 I InputDispatcher: Delivering key to (3132): DP action: 0x0 (0), f=0x8, m=0x0, d=0, '7ae1b77'
04-06 02:09:27.371  6798  6798 I HBD     : b skip onKeyDown as physical keyboard not connected 
04-06 02:09:27.372  6798  6798 I HBD     : HoneyBoardService onKeyDown r:356ef4be consumed:false 1 
04-06 02:09:27.372  1321  2807 D InputDispatcher: Inject key (18394/2000): action=1, f=0x8, d=-1, time=124078681000000
04-06 02:09:27.372  1321  2807 D WindowManager: interceptKeyTq interceptKeyResult=1
04-06 02:09:27.372  3132  3132 I ViewRootImpl@9e5719f[LauncherActivity]: setInTouchMode(false), android.view.ViewRootImpl.checkForLeavingTouchModeAndConsume:9376 android.view.ViewRootImpl.-$$Nest$mcheckForLeavingTouchModeAndConsume:0 android.view.ViewRootImpl$EarlyPostImeInputStage.processKeyEvent:7707 android.view.ViewRootImpl$EarlyPostImeInputStage.onProcess:7691 android.view.ViewRootImpl$InputStage.deliver:7213 android.view.ViewRootImpl$InputStage.onDeliverToNext:7270 android.view.ViewRootImpl$InputStage.forward:7236 android.view.ViewRootImpl$AsyncInputStage.forward:7467 android.view.ViewRootImpl$ImeInputStage.onFinishedInputEvent:7676 android.view.inputmethod.InputMethodManager$PendingEvent.run:3897 
04-06 02:09:27.373  1321  2352 I InputDispatcher: Delivering key to (3132): DP action: 0x1 (0), f=0x8, m=0x0, d=0, '7ae1b77'
04-06 02:09:27.373  1321  5715 D InputDispatcher: Touch mode switch rejected, caller (pid=0, uid=10127) doesn't own the focused window nor none of the previously interacted window
04-06 02:09:27.374  6798  6798 I HBD     : HoneyBoardService onKeyUp r:7ed39678 consumed:false 1 
04-06 02:09:27.375  3132  3132 I ViewRootImpl@9e5719f[LauncherActivity]: ViewPostIme key 1
04-06 02:09:27.378  3132  3132 W Launcher.Hotseat: updateCellDimensionsOnSizeChanged return : mLastUpdatedSize = 1080, size = 1080
04-06 02:09:27.378 18617 18617 I WindowsLink: (AppUpdateManagerImpl) getCachedYpcStoreInfo(): in
04-06 02:09:27.378 18617 18617 I WindowsLink: (AppUpdateManagerImpl) getCachedStoreInfo() in = com.microsoft.appmanager
04-06 02:09:27.381 18598 18698 I DIAGMON_SDK[605058]: DiagMonAgent type: 2
04-06 02:09:27.383 18146 18696 E FILP/b  : installFilters error : android.content.pm.PackageManager$NameNotFoundException: com.evolucao.app
04-06 02:09:27.388 18598 18698 I DIAGMON_SDK[605058][clj47h9zhd] : generated SR object
04-06 02:09:27.392  1321  1842 I SearchManagerService: updateSearchables
04-06 02:09:27.395  3132  3132 I Launcher.Model: isValidStateInKnoxMode:false user:UserHandle{0}
04-06 02:09:27.395  7976  7976 I AppsEdge.PanelContainer: onPackageChanged
04-06 02:09:27.395  3132  3132 I Launcher.Model: package changed received : com.microsoft.skydrive
04-06 02:09:27.396 18598 18698 I [RoutineSdk3.0-3.0.0]: RoutineSdkImpl: setHandler - conditionHandler initialized
04-06 02:09:27.396 18598 18698 I [RoutineSdk3.0-3.0.0]: RoutineSdkImpl: setHandler - actionHandler initialized
04-06 02:09:27.411  1005  1005 I Zygote  : Process 8763 exited due to signal 9 (Killed)
04-06 02:09:27.444  1321  1842 I SemExecuteManagerService: onPackageModified
04-06 02:09:27.444  3132 24024 I RecentModel: onTaskStackChangedBackground
04-06 02:09:27.444  1321  2807 D CompatibilityChangeReporter: Compat change id reported: 161145287; UID 10074; state: DISABLED
04-06 02:09:27.448  1321  3011 I ActivityManager: Process com.samsung.android.app.sharelive (pid 8763) has died: cch+99 CEM (62,1481)
04-06 02:09:27.448  1321  1854 I libprocessgroup: Successfully killed process cgroup uid 5026 pid 8763 in 0ms
04-06 02:09:27.454  3132  3562 I RecentTasksList: loadTasksInBackground : groupTask = GroupTask{task1=[id=810 windowingMode=1 user=0 lastActiveTime=273614895] null, task2=null, task3=null, mStagedSplitBounds=null}
04-06 02:09:27.454  3132  3562 I RecentTasksList: loadTasksInBackground : groupTask = GroupTask{task1=[id=826 windowingMode=1 user=0 lastActiveTime=273664650] null, task2=null, task3=null, mStagedSplitBounds=null}
04-06 02:09:27.454  3132  3562 I RecentTasksList: loadTasksInBackground : groupTask = GroupTask{task1=[id=809 windowingMode=1 user=0 lastActiveTime=273731554] null, task2=null, task3=null, mStagedSplitBounds=null}
