04-06 02:09:27.454 18394 18394 I Monkey  : :Sending Trackball (ACTION_MOVE): 0:(4.0,3.0)
04-06 02:09:27.458  1321  2156 D OverlayManager: onPackageRemoved pkgName=com.evolucao.app userId=0
04-06 02:09:27.458  1321  2156 I OverlayManager: updateOverlaysForTarget() called with: targetPackage = [com.evolucao.app], userId = [0], flags = [0], skipUpdateState = [false]
04-06 02:09:27.458  5505  5505 W MediaProvider: WorkProfileOwnerApps cache is empty
04-06 02:09:27.458  5505  5505 W MediaProvider: WorkProfileOwnerApps cache is empty
04-06 02:09:27.459  3132  3132 I TaskThumbnailCache: handleResult: taskId = 810, taskThumbnail = android.graphics.Bitmap@ecc1e7b
04-06 02:09:27.461  6390 18715 I AppsEdge.Service: changeItem()
04-06 02:09:27.463  1321  2388 W WifiService: Couldn't get PackageInfo for package:com.evolucao.app
04-06 02:09:27.463  1321  2388 D WifiService: Remove settings for package:com.evolucao.app
04-06 02:09:27.463  1321  2388 D WifiConfigManager: Remove all networks for app ApplicationInfo{b9259d2 com.evolucao.app}
04-06 02:09:27.463 18617 18617 I CapsuleProvider_1.0.23: onCreate
04-06 02:09:27.464  2682  2682 D SPluginManagerImpl: onReceive: android.intent.action.PACKAGE_REMOVED, size:{com.android.systemui.noticenter.NotiCenterPlugin$NotiCenterPluginListener@3023927=SPluginInstanceManager@9450040 (action=com.samsung.systemui.action.PLUGIN_NOTICENTER), com.samsung.android.systemui.multistar.MultiStarManager$2@510f3db=SPluginInstanceManager@201499153 (action=com.samsung.systemui.action.PLUGIN_MULTISTAR), com.android.systemui.slimindicator.SlimIndicatorPluginMediator@56d31ed=SPluginInstanceManager@78012278 (action=com.samsung.systemui.action.SPLUGIN_SLIMINDICATOR), com.android.systemui.navigationbar.plugin.PluginBarInteractionManager$pluginListener$1@97ca726=SPluginInstanceManager@120637815 (action=com.samsung.systemui.navigationbar.PLUGIN), com.android.systemui.pluginlock.PluginLockMediatorImpl@aa40f48=SPluginInstanceManager@103954916 (action=com.samsung.systemui.action.PLUGIN_LOCK), com.android.systemui.volume.VolumeStarInteractor$1@ac32d10=SPluginInstanceManager@190729805 (action=com.samsung.systemui.volume.PLUGIN), com.android.systemui.lockstar.PluginLockStarManager@dd2838c=SPluginInstanceManager@261160194 (action=com.samsung.systemui.action.PLUGIN_LOCK_STAR)}
04-06 02:09:27.464  1321  2353 I InputReader: Reconfiguring input devices, changes=KEYBOARD_LAYOUTS | 
04-06 02:09:27.464  1321  2371 V StorageManagerService: Package com.evolucao.app does not have legacy storage
04-06 02:09:27.464  2682  2682 D TileServices: mUninstallReceiver onReceive = Intent { act=android.intent.action.PACKAGE_REMOVED dat=package: flg=0x4000010 (has extras) }
04-06 02:09:27.464  2682  2682 D KeyguardShortcutManager: onReceive : Intent.EXTRA_REPLACING false, com.evolucao.app
04-06 02:09:27.464  2682  2682 D KeyguardUpdateMonitor: received broadcast android.intent.action.PACKAGE_REMOVED
04-06 02:09:27.465  2639  2639 D CarrierSvcBindHelper: onPackageRemoved: com.evolucao.app
04-06 02:09:27.465  2639  2639 D CarrierSvcBindHelper: No carrier app for: 0
04-06 02:09:27.465  2682  2682 D FaceWidgetMusicViewModel: onPackageRemoved() pkg = com.evolucao.app, r = false
04-06 02:09:27.465  1321  1842 E AppWidgetXmlUtil: Label is empty in ComponentInfo{com.samsung.android.lool/com.samsung.android.sm.widgetapp.SMGlanceWidgetProvider}
04-06 02:09:27.465  2682  2682 D FaceWidgetMusicViewModel: resetDataAndClear()
04-06 02:09:27.465  2682  2682 D FaceWidgetMetadataParser: removePackage() key = com.evolucao.app
04-06 02:09:27.466  2994  2994 D RegisteredNfcFServicesCache: Service unchanged, not updating
04-06 02:09:27.466  6390 18715 I AppsEdge.Service: updateOrDeleteItem package=com.microsoft.skydrive,userId=0
04-06 02:09:27.466  6390 18715 I AppsEdge.DBHelper: getFavoriteItems : true
04-06 02:09:27.467  2639  2639 D CarrierSvcBindHelper: No carrier app for: 1
04-06 02:09:27.467  2639  2639 I VvmPkgInstalledRcvr: onReceive(): android.intent.action.PACKAGE_REMOVED
04-06 02:09:27.467  4256  4335 I PackageInfoManager_FLP: action : ACTION_PACKAGE_REMOVED, packageName = com.evolucao.app
04-06 02:09:27.468  6798  6798 I HBD     : b skip onKeyDown as physical keyboard not connected 
04-06 02:09:27.468  6798  6798 I HBD     : HoneyBoardService onKeyDown r:2768ac6f consumed:false 0 
04-06 02:09:27.469  3904  3904 I Routine@Core[4.2.00.52]: SleepScheduleMigrator: migrateDWBData: do not have Migration data about DWB
04-06 02:09:27.469  3132  3132 I ViewRootImpl@9e5719f[LauncherActivity]: ViewPostIme key 0
04-06 02:09:27.469  6798  6798 I HBD     : HoneyBoardService onKeyUp r:76472fe2 consumed:false 0 
04-06 02:09:27.469  6798  6798 I HBD     : b skip onKeyDown as physical keyboard not connected 
04-06 02:09:27.469  6798  6798 I HBD     : HoneyBoardService onKeyDown r:0967234e consumed:false 0 
04-06 02:09:27.470  3904  3904 I Routine@Core[4.2.00.52]: SmartThingsMetadataUpdater: calculate: isEnabled=false
04-06 02:09:27.470  6798  6798 I HBD     : HoneyBoardService onKeyUp r:55768ad9 consumed:false 1 
04-06 02:09:27.470  6798  6798 I HBD     : b skip onKeyDown as physical keyboard not connected 
04-06 02:09:27.470  1321  2299 D SEP_UNION_SemDeviceInfoManagerService: onReceive : android.intent.action.PACKAGE_REMOVED, userId = 0 
04-06 02:09:27.470  1321  2299 D ActivityTaskManager: SafeActivityOptions created, mOriginalCallingPid=1321, mOriginalCallingUid=1000, options=null, caller=com.android.server.am.PendingIntentRecord.sendInner:500 com.android.server.am.ActivityManagerService.sendIntentSender:6624 com.android.server.am.ActivityManagerService.sendIntentSender:6613 android.app.PendingIntent.sendAndReturnResult:1029 android.app.PendingIntent.send:1000 android.app.PendingIntent.send:908 com.android.server.sepunion.SemDeviceInfoManagerService.sendIntentAction:197 
04-06 02:09:27.470  6798  6798 I HBD     : HoneyBoardService onKeyDown r:f7b59ff4 consumed:false 0 
04-06 02:09:27.470  5583  5583 W FASProvider: delete cnt : 1
04-06 02:09:27.470  6798  6798 I HBD     : HoneyBoardService onKeyUp r:e3592a29 consumed:false 0 
04-06 02:09:27.471  6798  6798 I HBD     : b skip onKeyDown as physical keyboard not connected 
04-06 02:09:27.471  6798  6798 I HBD     : HoneyBoardService onKeyDown r:39374d13 consumed:false 1 
04-06 02:09:27.471  1104 17854 I HYPER-HAL: [ResourceManager.cpp]removeResource(): [CPUMaxFreq] RemoveResource Request ID : 15654822
04-06 02:09:27.471  6798  6798 I HBD     : HoneyBoardService onKeyUp r:058e3969 consumed:false 0 
04-06 02:09:27.471  1104 17854 I HYPER-HAL: [RequestManager.cpp]releaseLocked(): Released ID : 15654822
04-06 02:09:27.471  1321  6793 I Telecom:SamsungTelecomServiceImpl: getSystemDialerPackage - callingPid : 2639 / processName : sts
04-06 02:09:27.472  2639  2639 I VvmPkgInstalledRcvr: packageName: com.evolucao.app, systemDialer: com.samsung.android.dialer
04-06 02:09:27.472  3904  3904 I Routine@Core[4.2.00.52]: LifestyleModeMigrator: migrate
04-06 02:09:27.473  6390 18715 I AppsEdge.DBHelper: getFavoriteItems type = 0, pos = 0, id = 1, item = 0@com.samsung.android.messaging/com.android.mms.ui.ConversationComposer&0
04-06 02:09:27.475  3132  3132 I ViewRootImpl@9e5719f[LauncherActivity]: ViewPostIme key 1
04-06 02:09:27.475  3132  3132 I ViewRootImpl@9e5719f[LauncherActivity]: ViewPostIme key 0
04-06 02:09:27.475  1321  2921 D InputDispatcher: Inject motion (18394/2000): action=0x0, time=124078784000000, f=0x0, d=0 dsdx=1.000000 dtdx=0.000000
04-06 02:09:27.475  1321  2352 I InputDispatcher: Delivering touch to (3132): action: 0x0, f=0x0, d=0, '7ae1b77', t=0 
04-06 02:09:27.475  2639  2639 I VvmPkgInstalledRcvr: capablePhoneAccounts : [ComponentInfo{com.android.phone/com.android.services.telephony.TelephonyConnectionService}, 1, UserHandle{0}, ComponentInfo{com.android.phone/com.android.services.telephony.TelephonyConnectionService}, 2, UserHandle{0}]
04-06 02:09:27.475  2639  2639 I VvmPkgInstalledRcvr: capablePhoneAccounts.size : 2
04-06 02:09:27.475  3132  3132 I ViewRootImpl@9e5719f[LauncherActivity]: ViewPostIme key 1
04-06 02:09:27.475 18394 18394 I Monkey  : :Sending Trackball (ACTION_UP): 0:(0.0,0.0)
04-06 02:09:27.476  3132  3132 I ViewRootImpl@9e5719f[LauncherActivity]: ViewPostIme key 0
04-06 02:09:27.476  1321  5715 D InputDispatcher: Inject motion (18394/2000): action=0x1, time=124078784000000, f=0x0, d=0 dsdx=1.000000 dtdx=0.000000
04-06 02:09:27.476  3132  3132 I ViewRootImpl@9e5719f[LauncherActivity]: ViewPostIme key 1
04-06 02:09:27.476  1321  2352 I InputDispatcher: Delivering touch to (3132): action: 0x1, f=0x0, d=0, '7ae1b77', t=0 
04-06 02:09:27.476  3132  3132 I ViewRootImpl@9e5719f[LauncherActivity]: ViewPostIme key 0
04-06 02:09:27.476  3132  3132 I ViewRootImpl@9e5719f[LauncherActivity]: ViewPostIme key 1
04-06 02:09:27.478 14023 14023 V AvrcpMediaPlayerList: mPackageChangedBroadcastReceiver: action: android.intent.action.PACKAGE_REMOVED
04-06 02:09:27.478 12013 12013 I Finsky  : [2] aiky - Received: android.intent.action.PACKAGE_REMOVED, [vAIVGoHHAM9jKLIjqbhp9WToaL4F0hTA48LTFQI-mlk]
04-06 02:09:27.478  3132  3132 W InputEventSender: Received 'finished' signal for unknown seq number = 32
04-06 02:09:27.478  3132  3132 W InputEventSender: Received 'finished' signal for unknown seq number = 33
04-06 02:09:27.478  3132  3132 W InputEventSender: Received 'finished' signal for unknown seq number = 34
04-06 02:09:27.478  3132  3132 W InputEventSender: Received 'finished' signal for unknown seq number = 35
04-06 02:09:27.479  3132  3132 W InputEventSender: Received 'finished' signal for unknown seq number = 36
04-06 02:09:27.479  3132  3132 W InputEventSender: Received 'finished' signal for unknown seq number = 37
04-06 02:09:27.479  3132  3132 W InputEventSender: Received 'finished' signal for unknown seq number = 38
04-06 02:09:27.479  3132  3132 W InputEventSender: Received 'finished' signal for unknown seq number = 39
04-06 02:09:27.479 17646 17646 I Finsky:background: [2] aiko - Received: android.intent.action.PACKAGE_REMOVED, [vAIVGoHHAM9jKLIjqbhp9WToaL4F0hTA48LTFQI-mlk]
04-06 02:09:27.479  1321  2388 D WifiConfigStore: Writing to stores completed in 15 ms.
04-06 02:09:27.479  1321  2388 I PasspointManager: No app ops listener found for com.evolucao.app
04-06 02:09:27.479  1321  2269 I RollbackManager: broadcast=ACTION_PACKAGE_FULLY_REMOVED pkg=com.evolucao.app
04-06 02:09:27.480  3132  3132 W Launcher.Hotseat: updateCellDimensionsOnSizeChanged return : mLastUpdatedSize = 1080, size = 1080
04-06 02:09:27.480  6798  6798 I HBD     : b skip onKeyDown as physical keyboard not connected 
04-06 02:09:27.480  3904  3904 I Routine@Core[4.2.00.52]: RoutineHistoryDumpImpl: [RoutineService] [ACTION_METADATA_LOADING_FINISHED]
04-06 02:09:27.480  2639  2639 I VvmPkgInstalledRcvr: phoneAccountHandle : ComponentInfo{com.android.phone/com.android.services.telephony.TelephonyConnectionService}, 1, UserHandle{0}
04-06 02:09:27.480  2639  2639 I VvmPkgInstalledRcvr: pinnedTelephonyManager : android.telephony.TelephonyManager@bf46fe8
04-06 02:09:27.480  6798  6798 I HBD     : HoneyBoardService onKeyDown r:80a3f254 consumed:false 0 
04-06 02:09:27.480 18617 18617 I WindowsLink: (SeYourPhoneIndexableProvider) onCreate()
04-06 02:09:27.481 18617 18617 I WindowsLink: (SeYourPhoneIndexableProvider) secQueryGetFingerprint
04-06 02:09:27.481  6798  6798 I HBD     : HoneyBoardService onKeyUp r:cf548c06 consumed:false 1 
04-06 02:09:27.481  6390 18715 I AppsEdge.DBHelper: getFavoriteItems type = 0, pos = 1, id = 2, item = 0@com.google.android.youtube/com.google.android.youtube.app.honeycomb.Shell$HomeActivity&0
04-06 02:09:27.481  6798  6798 I HBD     : b skip onKeyDown as physical keyboard not connected 
04-06 02:09:27.481  6798  6798 I HBD     : HoneyBoardService onKeyDown r:0512bac0 consumed:false 0 
04-06 02:09:27.481  6798  6798 I HBD     : HoneyBoardService onKeyUp r:9a261e45 consumed:false 0 
04-06 02:09:27.482 17646 17646 I Finsky:background: [2] Package no longer installed: com.evolucao.app
04-06 02:09:27.483  2639  2639 I VvmPkgInstalledRcvr: pinnedTelephonyManager : subscriberId: 724*********379
04-06 02:09:27.484  6390 18715 I AppsEdge.DBHelper: getFavoriteItems type = 0, pos = 2, id = 3, item = 0@com.android.chrome/com.google.android.apps.chrome.Main&0
04-06 02:09:27.484  3132  3132 I ViewRootImpl@9e5719f[LauncherActivity]: ViewPostIme key 0
04-06 02:09:27.484 17646 17646 I Finsky:background: [2] Package no longer installed: com.evolucao.app
04-06 02:09:27.485  3132  3132 I ViewRootImpl@9e5719f[LauncherActivity]: ViewPostIme key 1
04-06 02:09:27.485  3132  3132 I ViewRootImpl@9e5719f[LauncherActivity]: ViewPostIme key 0
04-06 02:09:27.485  1321  2388 W WifiService: Couldn't get PackageInfo for package:com.evolucao.app
04-06 02:09:27.485  1321  2388 D WifiService: Remove settings for package:com.evolucao.app
04-06 02:09:27.485  1321  2388 D WifiConfigManager: Remove all networks for app ApplicationInfo{b3aac8a com.evolucao.app}
04-06 02:09:27.486  3132  3132 I ViewRootImpl@9e5719f[LauncherActivity]: ViewPostIme key 1
04-06 02:09:27.489  1321  2387 D UrspService: uid(10357) removed
04-06 02:09:27.489  3132  3132 W ItemClickHandler: Icon Clicked
04-06 02:09:27.492  1096  5093 I sensors-hal: handle_sns_client_event:252, auto_rotation_debug_2 mode,255, type,1,0 acc,-0.486,0.244,9.952, ar,0, ver,10
04-06 02:09:27.494  3132  3132 I DvfsUtil: acquireAppLaunch(intent)
04-06 02:09:27.494  3132  3132 I SemDvfsHyPerManager: acquire hyper - APP_LAUNCH/3132@0, type = -999
04-06 02:09:27.494  1321  2388 D WifiConfigStore: Writing to stores completed in 8 ms.
04-06 02:09:27.494  1321  2388 I PasspointManager: No app ops listener found for com.evolucao.app
04-06 02:09:27.494  1104  1166 I HYPER-HAL: [RequestManager.cpp]acquire(): Acquired ID : 4906278  [3132 / 0]    HINT : APP_LAUNCH    list : 
04-06 02:09:27.495  1104  1166 I HYPER-HAL: [ResourceManager.cpp]updateResource(): [CPULittleMinFreq] UpdateResource Request ID : 4906278    Value : 1804800
04-06 02:09:27.496  5583  5583 I SDHMS:BatteryStatsDBProvider: BarTender DB Provider Delete Start
04-06 02:09:27.496  1321  2898 D CompatibilityChangeReporter: Compat change id reported: 168419799; UID 10067; state: DISABLED
04-06 02:09:27.497  1321  2299 D ActivityManager: Received BROADCAST intent 0x582726 Key{broadcastIntent pkg=com.android.systemui intent=act=com.samsung.android.app.edgelighting.PACKAGE_REMOVED cmp=com.android.systemui/.edgelighting.EdgeLightingReceiver$1 flags=0x2000000 u=0} requestCode=0 sent=0 from uid 1000
04-06 02:09:27.497  1321  2299 D SEP_UNION_SemDeviceInfoManagerService: sendIntentAction() action = android.intent.action.PACKAGE_REMOVED, tag =  
04-06 02:09:27.497  1321  2299 D ActivityTaskManager: SafeActivityOptions created, mOriginalCallingPid=1321, mOriginalCallingUid=1000, options=null, caller=com.android.server.am.PendingIntentRecord.sendInner:500 com.android.server.am.ActivityManagerService.sendIntentSender:6624 com.android.server.am.ActivityManagerService.sendIntentSender:6613 android.app.PendingIntent.sendAndReturnResult:1029 android.app.PendingIntent.send:1000 android.app.PendingIntent.send:908 com.android.server.sepunion.SemDeviceInfoManagerService.sendIntentAction:197 
04-06 02:09:27.497 17646 17688 I Finsky:background: [130] IQ:PSL: skipping onPackageRemoved(replacing=false) for untracked package=com.evolucao.app
04-06 02:09:27.498  2639  2639 I VvmPkgInstalledRcvr: getCarrierVvmPackages : config: PersistableBundle[{imsvoice.voice_on_default_bearer_supported_bool=false, imsss.ut_transport_type_int=1, carrier_volte_provisioned_bool=false, support_cdma_1x_voice_calls_bool=true, support_ss_over_cdma_bool=false, disable_charge_indication_bool=false, ims.sip_timer_t4_millis_int=17000, support_tdscdma_bool=false, httpSocketTimeout=60000, allowed_initial_attach_apn_types_string_array=[ia, default], disable_supplementary_services_in_airplane_mode_bool=false, call_barring_default_service_class_int=1, call_redirection_service_component_name_string=null, carrier_wfc_supports_wifi_only_bool=false, carrier_default_actions_on_default_network_available_string_array=[false: 7, true: 8], imsvoice.minimum_session_expires_timer_sec_int=90, iwlan_handover_policy_string_array=[source=GERAN|UTRAN|EUTRAN|NGRAN|IWLAN, target=GERAN|UTRAN|EUTRAN|NGRAN|IWLAN, type=allowed], operator_selection_expand_bool=true, disable_cdma_activation_code_bool=false, simplified_network_settings_bool=false, imsemergency.emergency_registration_timer_millis_int=10000, call_forwarding_when_unanswered_supported_bool=true, imsvt.h264_payload_description_bundle=PersistableBundle[{99=PersistableBundle[{}], 100=PersistableBundle[{imsvt.video_codec_attribute_packetization_mode_int=0}]}], support_tdscdma_roaming_networks_string_array=null, opportunistic.5g_data_switch_hysteresis_time_long=2000, ims.sip_timer_d_millis_int=130000, gps.lpp_profile=2, call_barring_visibility_bool=false, gba_mode_int=1, ims.registration_subscribe_expiry_timer_sec_int=600000, gps.es_extension_sec=0, enable_apps_string_array=null, 5g_icon_display_secondary_grace_period_string=, carrier_default_wfc_ims_roaming_enabled_bool=false, cdma_nonroaming_networks_string_array=null, imsss.ut_as_server_fqdn_string=, signal_strength_nr_nsa_use_lte_as_primary_bool=true, aliasMinChars=2, fdn_number_length_limit_int=20, support_ims_call_forwarding_while_roaming_bool=true, wfc_data_spn_format_idx_int=0, hide_sim_lock_settings_bool=false, drop_video_call_when_answering_audio_call_bool=false, data_stall_recovery_timers_long_array=[180000, 180000, 180000, 180000], opportunistic_esim_download_via_wifi_only_bool=false, imsss.xcap_over_ut_supported_rats_int_array=[3, 5], ci_action_on_sys_update_bool=false, carrier_certificate_string_array=[7D7226772D4F6D778FEF53A36BE15AD78D8D9D4BC4CE00C5F2E3216C19480FA0], convert_cdma_caller_id_mmi_codes_while_roaming_on_3gpp_bool=false, support_enhanced_call_blocking_bool=true, iwlan.ike_rekey_hard_timer_in_sec=14400, vvm_port_number_int=0, carrier_default_wfc_ims_enabled_bool=false, iwlan.ike_session_encryption_aes_ctr_key_size_int_array=[128, 192, 256], dial_string_replace_string_array=null, opportunistic_network_entry_threshold_bandwidth_int=1024, opportunistic_network_data_switch_exit_hysteresis_time_long=3000, imsss.use_csfb_on_xcap_over_ut_failure_bool=true, gsm_nonroaming_networks_string_array=null, imsserviceentitlement.ims_provisioning_bool=false, wifi.avoid_5ghz_softap_for_laa_bool=false, hide_ims_apn_bool=false, vvm_destination_number_string=, unmetered_nr_sa_mmwave_bool=false, ims.ipsec_encryption_algorithms_int_array=[0, 1, 2], opportunistic.5g_backoff_time_long=10000, enable_cross_sim_calling_on_opportunistic_data_bool=false, vonr_setting_visibility_bool=true, imssms.sms_over_ims_supported_bool=true, dtmf_type_enabled_bool=false, ims.sip_timer_f_millis_int=128000, allow_video_calling_fallback_bool=true, nr_advanced_threshold_bandwidth_khz_int=0, opportunistic.5g_ping_pong_time_long=60000, config_ims_package_override_string=com.google.android.ims, data_stall_recovery_should_skip_bool_array=[false, false, true, false, false], only_auto_select_in_home_network=false, iwlan.supported_prf_algorithms_int_array=[2, 4, 5, 6, 7], show_data_connected_roaming_notification=false, gps.es_supl_data_plane_only_roaming_plmn_string_array=null, imsserviceentitlement.fcm_sender_id_string=, smsToMmsTextThreshold=13, imsvt.video_as_bandwidth_kbps_int=960, opportunistic.exit_threshold_ss_rsrp_int_bundle=Pers
04-06 02:09:27.498  2639  2639 I VvmPkgInstalledRcvr: getCarrierVvmPackages : singlePackage: 
04-06 02:09:27.498  2639  2639 I VvmPkgInstalledRcvr: getCarrierVvmPackages : arrayPackages: null
04-06 02:09:27.498  2639  2639 I VvmPkgInstalledRcvr:  NOT contains : com.evolucao.app
04-06 02:09:27.498  2639  2639 I VvmPkgInstalledRcvr: phoneAccountHandle : ComponentInfo{com.android.phone/com.android.services.telephony.TelephonyConnectionService}, 2, UserHandle{0}
04-06 02:09:27.498  2639  2639 I VvmPkgInstalledRcvr: pinnedTelephonyManager : android.telephony.TelephonyManager@14da6e7
04-06 02:09:27.502  1321  2299 D ActivityManager: Received BROADCAST intent 0xfe9b998 Key{broadcastIntent pkg=com.samsung.android.provider.filterprovider intent=act=com.samsung.android.provider.filterprovider.INTENT_PACKAGE_REMOVED cmp=com.samsung.android.provider.filterprovider/.PackageIntentReceiver flags=0x2000000 u=0} requestCode=0 sent=0 from uid 1000
04-06 02:09:27.502  1321  2299 D SEP_UNION_SemDeviceInfoManagerService: sendIntentAction() action = android.intent.action.PACKAGE_REMOVED, tag =  
04-06 02:09:27.502  1321  2299 D ActivityTaskManager: SafeActivityOptions created, mOriginalCallingPid=1321, mOriginalCallingUid=1000, options=null, caller=com.android.server.am.PendingIntentRecord.sendInner:500 com.android.server.am.ActivityManagerService.sendIntentSender:6624 com.android.server.am.ActivityManagerService.sendIntentSender:6613 android.app.PendingIntent.sendAndReturnResult:1029 android.app.PendingIntent.send:1000 android.app.PendingIntent.send:908 com.android.server.sepunion.SemDeviceInfoManagerService.sendIntentAction:197 
04-06 02:09:27.503  5583  5583 E SQLiteLog: (1) no such table: 10357 in "DELETE FROM [10357]"
04-06 02:09:27.504  5583  5583 I SDHMS:BatteryStatsDBProvider: delete Exception : no such table: 10357 (code 1 SQLITE_ERROR[1]): , while compiling: DELETE FROM [10357]
04-06 02:09:27.504  3904  3904 I Routine@Core[4.2.00.52]: MetadataLoaderJobService: metadataLoadingFinished: collectPackageInBG - com.evolucao.app.test
04-06 02:09:27.504  5583  5583 I SDHMS:BatteryStatsDBProvider: BarTender DB Provider Delete End
04-06 02:09:27.504  1188  2115 D AF::TrackHandle: OpPlayAudio: track:221 usage:2 not muted
04-06 02:09:27.504  1188  2115 D AF::TrackHandle: OpPlayAudio: track:221 usage:2 not muted
04-06 02:09:27.504 17808 17863 I DWBLocalPackageManager: onPackageRemoved getPackageSet duration : 14
04-06 02:09:27.504 17808 17863 I DWBLocalPackageManager: mPackageSet.size() : 51 latestPackageSet.size() : 50
04-06 02:09:27.504  1188  2115 D AF::TrackHandle: OpPlayAudio: track:221 usage:2 not muted
04-06 02:09:27.502  1104  1166 I HYPER-HAL: [ResourceManager.cpp]updateResource(): [CPUMinFreq] UpdateResource Request ID : 4906278    Value : 2841600
04-06 02:09:27.505  1188  2115 D AF::TrackHandle: OpPlayAudio: track:221 usage:2 not muted
04-06 02:09:27.505  3904  3904 I Routine@Core[4.2.00.52]: Pref: putSharedPrefsData() key=routine_meta_data_loading_statue
04-06 02:09:27.505  1188  2115 D AF::TrackHandle: OpPlayAudio: track:221 usage:2 not muted
04-06 02:09:27.505  1321  6249 W PackageManager: Cannot suspend package "com.android.vending": required for package verification
04-06 02:09:27.505  1321  6249 W PackageManager: Cannot suspend package "com.samsung.android.dialer": is the default dialer
04-06 02:09:27.507  3132 24024 I LauncherProvider: External provider call by package : com.samsung.android.app.galaxyfinder  for method : get_home_mode
04-06 02:09:27.507  3132 24024 I ExternalMethodFactory: get_home_mode
04-06 02:09:27.508  1321  1903 D FASDataManager: getFASDataFromDB fasEntityList size : 60
04-06 02:09:27.508  1321  2898 W BroadcastQueue: Background execution not allowed: receiving Intent { act=android.intent.action.PACKAGE_RESTARTED dat=package: flg=0x10 (has extras) } to android/com.kddi.android.CpaNotiReceiver
04-06 02:09:27.511  1321  2299 D ActivityManager: Received SERVICE intent 0x731de53 Key{startService pkg=com.samsung.android.app.routines intent=act=com.samsung.android.routine.ACTION_PACKAGE_CHANGED cmp=com.samsung.android.app.routines/.domainmodel.service.RoutineService flags=0x2000000 u=0} requestCode=10000 from uid 1000
04-06 02:09:27.511  1321  2299 D SEP_UNION_SemDeviceInfoManagerService: sendIntentAction() action = android.intent.action.PACKAGE_REMOVED, tag =  
04-06 02:09:27.512  1321  2299 D ActivityTaskManager: SafeActivityOptions created, mOriginalCallingPid=1321, mOriginalCallingUid=1000, options=null, caller=com.android.server.am.PendingIntentRecord.sendInner:500 com.android.server.am.ActivityManagerService.sendIntentSender:6624 com.android.server.am.ActivityManagerService.sendIntentSender:6613 android.app.PendingIntent.sendAndReturnResult:1029 android.app.PendingIntent.send:1000 android.app.PendingIntent.send:908 com.android.server.sepunion.SemDeviceInfoManagerService.sendIntentAction:197 
04-06 02:09:27.514  1321  6249 I GenerationRegistry: mBackingStore.isClosed() : false
04-06 02:09:27.514  2639  2639 I VvmPkgInstalledRcvr: pinnedTelephonyManager : subscriberId: 724*********638
04-06 02:09:27.515  1321  2299 D ActivityManager: Received SERVICE intent 0x3d52b95 Key{startService pkg=com.samsung.android.app.galaxyfinder intent=act=package_changed cmp=com.samsung.android.app.galaxyfinder/.acceleration.AppCoreService flags=0x2000000 u=0} requestCode=0 from uid 1000
04-06 02:09:27.515  1321  2299 D SEP_UNION_SemDeviceInfoManagerService: sendIntentAction() action = android.intent.action.PACKAGE_REMOVED, tag =  
04-06 02:09:27.515  1321  2299 D SEP_UNION_SemDeviceInfoManagerService: onReceive : android.intent.action.PACKAGE_FULLY_REMOVED, userId = 0 
04-06 02:09:27.515  1321  2299 D ActivityTaskManager: SafeActivityOptions created, mOriginalCallingPid=1321, mOriginalCallingUid=1000, options=null, caller=com.android.server.am.PendingIntentRecord.sendInner:500 com.android.server.am.ActivityManagerService.sendIntentSender:6624 com.android.server.am.ActivityManagerService.sendIntentSender:6613 android.app.PendingIntent.sendAndReturnResult:1029 android.app.PendingIntent.send:1000 android.app.PendingIntent.send:908 com.android.server.sepunion.SemDeviceInfoManagerService.sendIntentAction:197 
04-06 02:09:27.516  1321  1903 D MARsPolicyManager: deletePkgInfoInMARs size = 60
04-06 02:09:27.516  1321  2299 D ActivityManager: Received BROADCAST intent 0x47b3e5f Key{broadcastIntent pkg=com.sec.android.diagmonagent intent=act=com.sec.android.diagmonagent.intent.PACKAGE_FULLY_REMOVED pkg=com.sec.android.diagmonagent cmp=com.sec.android.diagmonagent/.sa.datalogging.monitor.AppInstallationMonitor$AppInstallationBroadcastReceiver flags=0x2000000 u=0} requestCode=0 sent=0 from uid 1000
04-06 02:09:27.516  1321  2299 D SEP_UNION_SemDeviceInfoManagerService: sendIntentAction() action = android.intent.action.PACKAGE_FULLY_REMOVED, tag =  
04-06 02:09:27.517  1321  2299 D ActivityTaskManager: SafeActivityOptions created, mOriginalCallingPid=1321, mOriginalCallingUid=1000, options=null, caller=com.android.server.am.PendingIntentRecord.sendInner:500 com.android.server.am.ActivityManagerService.sendIntentSender:6624 com.android.server.am.ActivityManagerService.sendIntentSender:6613 android.app.PendingIntent.sendAndReturnResult:1029 android.app.PendingIntent.send:1000 android.app.PendingIntent.send:908 com.android.server.sepunion.SemDeviceInfoManagerService.sendIntentAction:197 
04-06 02:09:27.517  1321  5715 D ActivityTaskManager: startActivityAsUser: callingPid=3132, callingUid=10127, caller=com.android.server.wm.ActivityTaskManagerService.startActivityAsUser:1816 com.android.server.wm.ActivityTaskManagerService.startActivity:1767 android.app.IActivityTaskManager$Stub.onTransact:1244 com.android.server.wm.ActivityTaskManagerService.onTransact:6599 android.os.Binder.execTransactInternal:1316 android.os.Binder.execTransact:1280 <bottom of call stack> 
04-06 02:09:27.518  1321  1903 D MARsPolicyManager: updateMARsTargetPackages mMARsTargetPackages.size-60
04-06 02:09:27.518  1321  5715 D ActivityTaskManager: SafeActivityOptions created, mOriginalCallingPid=3132, mOriginalCallingUid=10127, options=ActivityOptions(208774369), mPackageName=null, mAnimationType=13, mStartX=0, mStartY=0, mWidth=0, mHeight=0, caller=com.android.server.wm.SafeActivityOptions.fromBundle:83 com.android.server.wm.ActivityStarter.setActivityOptions:4712 com.android.server.wm.ActivityTaskManagerService.startActivityAsUser:1941 com.android.server.wm.ActivityTaskManagerService.startActivityAsUser:1816 com.android.server.wm.ActivityTaskManagerService.startActivity:1767 android.app.IActivityTaskManager$Stub.onTransact:1244 com.android.server.wm.ActivityTaskManagerService.onTransact:6599 
04-06 02:09:27.518  1321  5715 I Pageboost: onAppLaunch : com.sec.android.app.camera
04-06 02:09:27.519  1321  1811 I ChimeraSystemEventListener: appLaunchIntent package name is: com.sec.android.app.camera
04-06 02:09:27.519  1321  5715 I ActivityTaskManager: START u0 {act=android.intent.action.MAIN cat=[android.intent.category.LAUNCHER] flg=0x10200000 cmp=com.sec.android.app.camera/.Camera bnds=[710,1997][1040,2256]} from uid 10127
04-06 02:09:27.519 18394 18454 I Monkey  :     // Rejecting start of Intent { act=android.intent.action.MAIN cat=[android.intent.category.LAUNCHER] cmp=com.sec.android.app.camera/.Camera } in package com.sec.android.app.camera
04-06 02:09:27.519  1321  5715 I Pageboost: stop alp
04-06 02:09:27.520  1321  5715 D ActivityTaskManager: startActivity: reason=startActivityAsUser, result=102
04-06 02:09:27.520  4334  4334 E pageboostd: Received HALT command code 2
04-06 02:09:27.520  3132  3132 I InputMethodManager: startInputInner - mService.startInputOrWindowGainedFocus
04-06 02:09:27.521  1321  6793 D InputMethodManagerService: DESKTOP MODE! : 2
04-06 02:09:27.521  1321  6793 D InputMethodManagerService: NOT IN KNOX DESKTOP MODE!
04-06 02:09:27.521  1321  6793 V InputMethodManagerService: getDisplayIdOfInputMethodWindowToBeAdded: displayId=0
04-06 02:09:27.521  1321  6793 D InputMethodManagerService: isImeSwitcherDisabledPackage : false
04-06 02:09:27.521  1321  6793 D InputMethodManagerService: shouldShowImeSwitcherLocked : checking vis : 3
04-06 02:09:27.521  7122  7162 I .gms.persistent: Background concurrent copying GC freed 99275(4939KB) AllocSpace objects, 2(40KB) LOS objects, 50% free, 20MB/40MB, paused 103us,29us total 191.539ms
04-06 02:09:27.521  1321  6793 D InputMethodManagerService: checkDisplayOfStartInputAndUpdateKeyboard: displayId=0, mFocusedDisplayId=0
04-06 02:09:27.521  1321  6793 D InputTransport: Input channel constructed: 'ClientS', fd=854
04-06 02:09:27.521  1321  6793 D InputTransport: Input channel destroyed: 'ClientS', fd=854
04-06 02:09:27.523  3132 24024 I LauncherProvider: External provider call by package : com.samsung.android.app.galaxyfinder  for method : get_home_mode
04-06 02:09:27.523  3132 24024 I ExternalMethodFactory: get_home_mode
04-06 02:09:27.523 17756 18725 I ProvidersCache: Provider returned no roots. Possibly naughty: com.microsoft.skydrive.content.StorageAccessProvider
04-06 02:09:27.523  2639  2639 I VvmPkgInstalledRcvr: getCarrierVvmPackages : config: PersistableBundle[{imsvoice.voice_on_default_bearer_supported_bool=false, imsss.ut_transport_type_int=1, carrier_volte_provisioned_bool=false, support_cdma_1x_voice_calls_bool=true, support_ss_over_cdma_bool=false, disable_charge_indication_bool=false, ims.sip_timer_t4_millis_int=17000, support_tdscdma_bool=false, httpSocketTimeout=60000, allowed_initial_attach_apn_types_string_array=[ia, default], disable_supplementary_services_in_airplane_mode_bool=false, call_barring_default_service_class_int=1, call_redirection_service_component_name_string=null, carrier_wfc_supports_wifi_only_bool=false, carrier_default_actions_on_default_network_available_string_array=[false: 7, true: 8], imsvoice.minimum_session_expires_timer_sec_int=90, iwlan_handover_policy_string_array=[source=GERAN|UTRAN|EUTRAN|NGRAN|IWLAN, target=GERAN|UTRAN|EUTRAN|NGRAN|IWLAN, type=allowed], operator_selection_expand_bool=true, disable_cdma_activation_code_bool=false, simplified_network_settings_bool=false, imsemergency.emergency_registration_timer_millis_int=10000, call_forwarding_when_unanswered_supported_bool=true, imsvt.h264_payload_description_bundle=PersistableBundle[{99=PersistableBundle[{}], 100=PersistableBundle[{imsvt.video_codec_attribute_packetization_mode_int=0}]}], support_tdscdma_roaming_networks_string_array=null, opportunistic.5g_data_switch_hysteresis_time_long=2000, ims.sip_timer_d_millis_int=130000, gps.lpp_profile=2, call_barring_visibility_bool=false, gba_mode_int=1, ims.registration_subscribe_expiry_timer_sec_int=600000, gps.es_extension_sec=0, enable_apps_string_array=null, 5g_icon_display_secondary_grace_period_string=, carrier_default_wfc_ims_roaming_enabled_bool=false, cdma_nonroaming_networks_string_array=null, imsss.ut_as_server_fqdn_string=, signal_strength_nr_nsa_use_lte_as_primary_bool=true, aliasMinChars=2, fdn_number_length_limit_int=20, support_ims_call_forwarding_while_roaming_bool=true, wfc_data_spn_format_idx_int=0, hide_sim_lock_settings_bool=false, drop_video_call_when_answering_audio_call_bool=false, data_stall_recovery_timers_long_array=[180000, 180000, 180000, 180000], opportunistic_esim_download_via_wifi_only_bool=false, imsss.xcap_over_ut_supported_rats_int_array=[3, 5], ci_action_on_sys_update_bool=false, carrier_certificate_string_array=[7D7226772D4F6D778FEF53A36BE15AD78D8D9D4BC4CE00C5F2E3216C19480FA0], convert_cdma_caller_id_mmi_codes_while_roaming_on_3gpp_bool=false, support_enhanced_call_blocking_bool=true, iwlan.ike_rekey_hard_timer_in_sec=14400, vvm_port_number_int=0, carrier_default_wfc_ims_enabled_bool=false, iwlan.ike_session_encryption_aes_ctr_key_size_int_array=[128, 192, 256], dial_string_replace_string_array=null, opportunistic_network_entry_threshold_bandwidth_int=1024, opportunistic_network_data_switch_exit_hysteresis_time_long=3000, imsss.use_csfb_on_xcap_over_ut_failure_bool=true, gsm_nonroaming_networks_string_array=null, imsserviceentitlement.ims_provisioning_bool=false, wifi.avoid_5ghz_softap_for_laa_bool=false, hide_ims_apn_bool=false, vvm_destination_number_string=, unmetered_nr_sa_mmwave_bool=false, ims.ipsec_encryption_algorithms_int_array=[0, 1, 2], opportunistic.5g_backoff_time_long=10000, enable_cross_sim_calling_on_opportunistic_data_bool=false, vonr_setting_visibility_bool=true, imssms.sms_over_ims_supported_bool=true, dtmf_type_enabled_bool=false, ims.sip_timer_f_millis_int=128000, allow_video_calling_fallback_bool=true, nr_advanced_threshold_bandwidth_khz_int=0, opportunistic.5g_ping_pong_time_long=60000, config_ims_package_override_string=com.google.android.ims, data_stall_recovery_should_skip_bool_array=[false, false, true, false, false], only_auto_select_in_home_network=false, iwlan.supported_prf_algorithms_int_array=[2, 4, 5, 6, 7], show_data_connected_roaming_notification=false, gps.es_supl_data_plane_only_roaming_plmn_string_array=null, imsserviceentitlement.fcm_sender_id_string=, smsToMmsTextThreshold=13, imsvt.video_as_bandwidth_kbps_int=960, opportunistic.exit_threshold_ss_rsrp_int_bundle=Pers
04-06 02:09:27.523  2639  2639 I VvmPkgInstalledRcvr: getCarrierVvmPackages : singlePackage: 
04-06 02:09:27.523  6798  6798 I HBD     : HoneyBoardService onFinishInput 
04-06 02:09:27.523  2639  2639 I VvmPkgInstalledRcvr: getCarrierVvmPackages : arrayPackages: null
04-06 02:09:27.523  2639  2639 I VvmPkgInstalledRcvr:  NOT contains : com.evolucao.app
04-06 02:09:27.524  1321  1321 D AS.AudioService: com.evolucao.app(10357) is removed
04-06 02:09:27.524  6798  6798 I HBD     : a IC have been unbinding,  RemoteInputConnection{idHash=#6fe90f0}
04-06 02:09:27.524  6798  6798 I HBD     : HoneyBoardService [PF_CL][onFinishInput]  1 ms 
04-06 02:09:27.524  1321  2299 D ActivityManager: Received SERVICE intent 0x731de53 Key{startService pkg=com.samsung.android.app.routines intent=act=com.samsung.android.routine.ACTION_PACKAGE_CHANGED cmp=com.samsung.android.app.routines/.domainmodel.service.RoutineService flags=0x2000000 u=0} requestCode=10000 from uid 1000
04-06 02:09:27.524  6798  6798 I HBD     : HoneyBoardService [IMI] onStartInput - caller pid : 3132 , caller uid : 10127 
04-06 02:09:27.524  6798  6798 I HBD     : j updateConfigs 
04-06 02:09:27.524  6798  6798 I HBD     : j isEnabledNightMode : true 
04-06 02:09:27.524  6798  6798 I HBD     : a IC have been binding, RemoteInputConnection{idHash=#6fe90f0} 
04-06 02:09:27.524  6798  6798 I HBD     : h [EditorInputType]setPrivateImeOptionsToTable privateImeOptions ( null )
04-06 02:09:27.524  1321  2299 D SEP_UNION_SemDeviceInfoManagerService: sendIntentAction() action = android.intent.action.PACKAGE_FULLY_REMOVED, tag =  
04-06 02:09:27.524  6798  6798 I HBD     : b incognitoMode : false 
04-06 02:09:27.524  6798  6798 I HBD     : b needOff = true , isForceOff = false, isNullInputClass : true 
04-06 02:09:27.524  6798  6798 I HBD     : h getDefaultInputRange : UNKNOWN 
04-06 02:09:27.524  6798  6798 I HBD     : h getDefaultInputRange : UNKNOWN 
04-06 02:09:27.525  6798  6798 I HBD     : h getDefaultInputRange : UNKNOWN 
04-06 02:09:27.526  1321  1810 D BaseRestrictionMgr: Package: com.google.android.ext.services, userid: 0, hostingType: bindService is allowed by freecess, caller is: android
04-06 02:09:27.527  6798  6798 I HBD     : b needOff = true , isForceOff = false, isNullInputClass : true 
04-06 02:09:27.527  6798  6798 I HBD     : b update cached prediction status : false 
04-06 02:09:27.528  1321  1321 D SGM:GameManager: identifyGamePackage. com.evolucao.app, mCurrentUserId: 0, callerUserId: 0, callingMethodInfo: com.samsung.android.game.SemGameManager.isGamePackage(SemGameManager.java:104)
04-06 02:09:27.528  1321  1321 D SGM:PkgDataHelper: getGamePkgData(). com.evolucao.app
04-06 02:09:27.528  1321  1321 D SGM:SemGameManager: isGamePackage(), pkgName=com.evolucao.app, ret=false
04-06 02:09:27.528  1321  2488 D SemWifiTransportLayerMonitor.TcpMonitorHandler: MSG_SAVE_PACKAGE_INFO
04-06 02:09:27.528  1321  2488 D SemWifiTransportLayerFileManager: saveWifiPackageInfoToFile
04-06 02:09:27.528  1321  2488 D SemWifiTransportLayerFileManager: writeWifiPackageInfoList
04-06 02:09:27.528  6798  6798 I HBD     : h getDefaultInputRange : UNKNOWN 
04-06 02:09:27.528  6798  6798 I HBD     : a currentState : 0 
04-06 02:09:27.530 18146 18146 I FILP/PackageIntentReceiver: action : com.samsung.android.provider.filterprovider.INTENT_PACKAGE_ADDED
04-06 02:09:27.530 18146 18146 I FILP/PackageIntentReceiver: pkgName : com.evolucao.app.test
04-06 02:09:27.530  6798  6798 I HBD     : a [UpdatePolicy] [post] a: 0 cl: 3276809 kit: [0/0] vt: 0 ir: 1 
04-06 02:09:27.530  6798  6798 I HBD     : a [NRIC] resetNoResponseState 
04-06 02:09:27.530  1321  1321 I GameManagerService: Disabling downscale for com.evolucao.app
04-06 02:09:27.530  6798  6798 I HBD     : b needOff = true , isForceOff = false, isNullInputClass : true 
04-06 02:09:27.530  6798  6798 I HBD     : b update cached prediction status : false 
04-06 02:09:27.530 18146 18146 E FILP/PackageIntentReceiver: This package is not a effect filter
04-06 02:09:27.530  6798  6798 I HBD     : HoneyBoardService [PF_OP][onStartInput]  6 ms 
04-06 02:09:27.531  1321  2474 D SemNscXgbMsL1: Probability - Cloud gaming: [0.0106353825]
04-06 02:09:27.531  1321  2921 I ActivityManager: com.samsung.android.app.routines is exempt from freezer by list
04-06 02:09:27.531  1321  2474 D SemNscXgbMsL1: Probability - Real time: [0.49675792]
04-06 02:09:27.531  1321  2474 D SemNscXgbMsL1: Probability - Non real time: [0.5753138]
04-06 02:09:27.531  1321  2921 D CompatibilityChangeReporter: Compat change id reported: 135634846; UID 10041; state: DISABLED
04-06 02:09:27.532  1321  2921 D CompatibilityChangeReporter: Compat change id reported: 177438394; UID 10041; state: DISABLED
04-06 02:09:27.532  1321  2921 D CompatibilityChangeReporter: Compat change id reported: 135772972; UID 10041; state: DISABLED
04-06 02:09:27.532  1321  2921 D CompatibilityChangeReporter: Compat change id reported: 135754954; UID 10041; state: ENABLED
04-06 02:09:27.532  7122 17511 I ProximityAuth: [RecentAppsMediator] Package removed: (user=UserHandle{0}) com.evolucao.app
04-06 02:09:27.532  1321  1845 D CompatibilityChangeReporter: Compat change id reported: 143937733; UID 10041; state: ENABLED
04-06 02:09:27.533  3904  3904 I Routine@Core[4.2.00.52]: RoutineService: onDestroy
04-06 02:09:27.533  3904  3904 I Routine@Core[4.2.00.52]: Pref: putSharedPrefsData() key=routine_meta_data_loading_statue
04-06 02:09:27.533 12013 12013 I Finsky  : [2] Clearing split related stale data.
04-06 02:09:27.533 12013 12050 I Finsky  : [109] AIM: AppInfoManager-Perf > OnDeviceAppInfo > cacheHitCount=0, cacheMissCount=1. Missed  in cache (limit 10) : [com.evolucao.app]
04-06 02:09:27.534 12013 16831 I Finsky  : [515] [ContentSync] finished, scheduled=false
04-06 02:09:27.534 12013 12050 I Finsky  : [109] AIM: Got app ownership map. App counts: . Unique apps: 0
04-06 02:09:27.534 12013 12050 E Finsky  : [109] [Counters] attempted to use a non-positive increment for: 4752
04-06 02:09:27.534  3904  3904 I Routine@Core[4.2.00.52]: DatabaseJobIntentService: Stop no more task
04-06 02:09:27.534  1321  2474 D SemNscXgbMsL1: 1 sample inference time: 0.227605 msecs
04-06 02:09:27.535  1321  2474 D SemNscXgbL2Rt: L2 RT 1 sample inference time: 0.449062 msecs
04-06 02:09:27.536  1321  2474 D SemNscXgbL2Nrt: L2 NRT 1 sample inference time: 0.677917 msecs
04-06 02:09:27.536 12013 16837 I Finsky  : [517] Asset module storage cleared for package com.evolucao.app.
04-06 02:09:27.537  3904  3904 I Routine@Core[4.2.00.52]: RoutineService: onCreate
04-06 02:09:27.537  3904  3904 I Routine@Core[4.2.00.52]: RoutineService: onStartCommand: com.samsung.android.app.routine.ACTION_METADATA_LOADING_FINISHED
04-06 02:09:27.537  3904  3904 I Routine@Core[4.2.00.52]: RoutineDataMigrator: migration - begin
04-06 02:09:27.542 17808 17808 I DWBAppTimerReceiver: com.samsung.android.forest.PACKAGE_ADDED received
04-06 02:09:27.543  3904  3904 E Routine@Core[4.2.00.52]: RoutineDataMigrator: addHiddenAttributeForOldTag() ActionMeta with oldTag(notification_tts) does not exist.
04-06 02:09:27.543  3904  3904 E Routine@Core[4.2.00.52]: RoutineDataMigrator: addHiddenAttributeForOldTag() ActionMeta with oldTag(flash) does not exist.
04-06 02:09:27.543  3904  3904 E Routine@Core[4.2.00.52]: RoutineDataMigrator: addHiddenAttributeForOldTag() ConditionMeta with oldTag(message_include_keyword) does not exist.
04-06 02:09:27.543  3904  3904 E Routine@Core[4.2.00.52]: RoutineDataMigrator: addHiddenAttributeForOldTag() ConditionMeta with oldTag(message_from_someone) does not exist.
04-06 02:09:27.544  3904  3904 E Routine@Core[4.2.00.52]: RoutineDataMigrator: addHiddenAttributeForOldTag() ActionMeta with oldTag(aod_on) does not exist.
04-06 02:09:27.544  3904  3904 W Routine@Core[4.2.00.52]: RoutineDataMigrator: migrate: newTag (sec_eye_comfort_shield_routine) is not available to migrate for (blue_light_filter_on) oldTag
04-06 02:09:27.544  3904  3904 E Routine@Core[4.2.00.52]: RoutineDataMigrator: addHiddenAttributeForOldTag() ActionMeta with oldTag(vibration) does not exist.
04-06 02:09:27.544  3904  3904 W Routine@Core[4.2.00.52]: RoutineDataMigrator: migrate: newTag (control_smartthings_not_reversible) is not available to migrate for (device_control) oldTag
04-06 02:09:27.544  3904  3904 W Routine@Core[4.2.00.52]: RoutineDataMigrator: migrate: newTag (control_smartthings_not_reversible) is not available to migrate for (run_a_scene) oldTag
04-06 02:09:27.544  3904  3904 E Routine@Core[4.2.00.52]: RoutineDataMigrator: addHiddenAttributeForOldTag() ActionMeta with oldTag(color_adjustment) does not exist.
04-06 02:09:27.544  1321  1808 W Looper  : Slow dispatch took 115ms android.fg h=android.os.Handler c=<recycled PooledLambda@bd4e8b6> m=0
04-06 02:09:27.544  3904  3904 W Routine@Core[4.2.00.52]: RoutineDataMigrator: migrate: newTag (dc_power_mode_action) is not available to migrate for (upsm_on) oldTag
04-06 02:09:27.545  3904  3904 W Routine@Core[4.2.00.52]: RoutineDataMigrator: migrate: newTag (watch_theater_mode) is not available to migrate for (watch_theater_mode) oldTag
04-06 02:09:27.545  3904  3904 W Routine@Core[4.2.00.52]: RoutineDataMigrator: migrate: newTag (watch_theater_mode) is not available to migrate for (watch_theater_mode) oldTag
04-06 02:09:27.545  1321  1844 I AppOps  : commitUidPendingStateLocked() :: UID - 10226, 400 > 400, 14 > 14
04-06 02:09:27.545  1005  1005 D Zygote  : Forked child process 18739
04-06 02:09:27.545  3904  3904 I Routine@Core[4.2.00.52]: RoutineDataMigrator: deprecateOldTag() oldTag and newTag are same, it doesn't have to be deprecated - show_action_list
04-06 02:09:27.545  3904  3904 I Routine@Core[4.2.00.52]: RoutineDataMigrator: migration - end
04-06 02:09:27.545  1321  1808 W Looper  : Slow delivery took 239ms android.fg h=android.os.Handler c=<recycled PooledLambda@b52b9b7> m=0
04-06 02:09:27.545  3904  3904 I Routine@Core[4.2.00.52]: RoutineHistoryDumpImpl: [RoutineDataMigrator]  done. results=[]
04-06 02:09:27.545  1321  1842 W UsageStatsService: Unexpected activity event reported! (com.evolucao.app/com.evolucao.app.MainActivity event : 23 instanceId : 227068588)
04-06 02:09:27.547  7122 18501 I Fitness : (REDACTED) FitCleanupIntentOperation received Intent %s
04-06 02:09:27.549  1321  1845 I ActivityManager: Start proc 18739:com.samsung.android.app.routines:RoutineUIProcess/u0a41 for service {com.samsung.android.app.routines/com.samsung.android.app.routines.domainmodel.notification.NotificationUpdateService}
04-06 02:09:27.551  1321  1321 D SdpManagerImpl.receiver: onReceive - android.intent.action.PACKAGE_REMOVED
04-06 02:09:27.551  1321  1321 D SdpManagerImpl.receiver: On android.intent.action.PACKAGE_REMOVED : DATA = package:com.evolucao.app, UID = 10357, UserId = 0, Is replacing? false
04-06 02:09:27.551  1321  1321 D SdpManagerImpl.receiver: ACTION_PACKAGE_REMOVED packageName:: com.evolucao.app
04-06 02:09:27.552  1321  1321 I Telecom : CarModeTracker: Package com.evolucao.app is not tracked.: SSH.oR@Ptw
04-06 02:09:27.552  2639  2639 I Telephony: SamsungTuiRelayReceiver: registerWhoWhoPackageRemovedEvents
04-06 02:09:27.552  2639  2639 I Telephony: SamsungTuiRelayReceiver: registerCallBGProviderPackageRemovedEvents
04-06 02:09:27.552  2639  2639 I Telephony: SamsungTuiRelayReceiver: sendRelayIntentForCallBG
04-06 02:09:27.553  1321  1321 I Telecom : InCallController: updateCarModeForConnections: car mode apps: : SSH.oR@Ptw
04-06 02:09:27.553  1321  1321 I DomainFilter: onReceive() - Intent { act=android.intent.action.PACKAGE_REMOVED dat=package: flg=0x4000010 (has extras) }
04-06 02:09:27.553  1321  1321 I DomainFilter: packageRemoved() - packageName: com.evolucao.app uid: 0
04-06 02:09:27.553  1321  2633 D SdpManagerImpl: handlePackageRemoved - PackageName : com.evolucao.app, UserId : 0
04-06 02:09:27.554  1321  1321 I Firewall: onReceive() - Intent { act=android.intent.action.PACKAGE_REMOVED dat=package: flg=0x4000010 (has extras) }
04-06 02:09:27.554  1321  2633 E SdpManagerImpl: Failed to get engine list due to non-existence...
04-06 02:09:27.554  1321  2633 E SdpManagerImpl: Failed to get engine list due to non-existence...
04-06 02:09:27.554  1321  2633 E SdpManagerImpl: Failed to get engine list due to non-existence...
04-06 02:09:27.555  1321  2640 I Pageboost: remove app @ runtime : com.evolucao.app
04-06 02:09:27.556  3904  3904 I Routine@Core[4.2.00.52]: SleepScheduleInfoRequester: getMigrationDataAboutSleepSchedule
04-06 02:09:27.557  1321  1321 D EnterpriseLicenseService: isPackageInstalled()
04-06 02:09:27.557  1321  5980 D InputDispatcher: Inject key (18394/2000): action=0, f=0x8, d=-1, time=124078865000000
04-06 02:09:27.557  1321  5980 D WindowManager: interceptKeyTq interceptKeyResult=1
04-06 02:09:27.557 18598 18622 I ProviderCallHandler: execute getMigrationDataAboutSleepSchedule by com.samsung.android.app.routines
04-06 02:09:27.557 18598 18622 I ProviderCallHandler: getMigrationDataAboutSleepSchedule
04-06 02:09:27.558  1321  2352 I InputDispatcher: Delivering key to (3132): action: 0x0 (0), f=0x8, m=0x0, d=0, '7ae1b77'
04-06 02:09:27.558 25143 25151 I gle.android.gms: Background concurrent copying GC freed 178823(9399KB) AllocSpace objects, 44(1960KB) LOS objects, 50% free, 21MB/42MB, paused 89us,82us total 229.407ms
04-06 02:09:27.558 18598 18622 I RoutineUtil: isRoutinePackageEnabled true
04-06 02:09:27.558 18598 18622 I RoutineUtil: startSmartThingsDataMigration-> migration request without restore
04-06 02:09:27.558 18598 18622 I RoutineUtil: startSmartThingsDataMigration-> start smartthings migration
04-06 02:09:27.558  6798  6798 I HBD     : b skip onKeyDown as physical keyboard not connected 
04-06 02:09:27.559  6798  6798 I HBD     : HoneyBoardService onKeyDown r:dc7c1cf4 consumed:false 0 
04-06 02:09:27.559 18598 18622 I RoutineUtil: startSmartThingsDataMigration-> bedtimeConfigData: null
04-06 02:09:27.559 18598 18622 I RoutineUtil: startSmartThingsDataMigration-> wakeUpConfigData: null
04-06 02:09:27.559 18598 18622 I RoutineUtil: startSmartThingsDataMigration-> bedtimeMasterSwitch: false
04-06 02:09:27.559 18598 18622 I RoutineUtil: startSmartThingsDataMigration-> wakeuptimeMasterSwitch: false
04-06 02:09:27.559 18598 18622 I RoutineUtil: startSmartThingsDataMigration-> bedTimeSelectedItem: -1
04-06 02:09:27.559 18598 18622 I RoutineUtil: startSmartThingsDataMigration-> wakeupTimeSelectedItem: 0
04-06 02:09:27.559 18598 18622 I RoutineUtil: startSmartThingsDataMigration-> bedtimeMode: false
04-06 02:09:27.559  1321  1321 D EnterpriseLicenseService: isPackageInstalled() - com.evolucao.app not found in user 0
04-06 02:09:27.559  3132  3132 I ViewRootImpl@9e5719f[LauncherActivity]: ViewPostIme key 0
04-06 02:09:27.560  1321  5715 D InputDispatcher: Inject key (18394/2000): action=1, f=0x8, d=-1, time=124078869000000
04-06 02:09:27.560  1321  5715 D WindowManager: interceptKeyTq interceptKeyResult=1
04-06 02:09:27.561  1321  2352 I InputDispatcher: Delivering key to (3132): action: 0x1 (0), f=0x8, m=0x0, d=0, '7ae1b77'
04-06 02:09:27.561  6798  6798 I HBD     : HoneyBoardService onKeyUp r:05d45531 consumed:false 0 
04-06 02:09:27.562  1321  1321 E SQLiteDatabase: Error inserting rightsObject=null
