--------- beginning of main
04-06 02:09:25.313  1321  2490 D SemWifiSwitchForIndividualAppsService: isSkipPoorLinkCondition - result:1
--------- beginning of system
04-06 02:09:25.341  1321  1963 D PackageSettings: ++ writeStateForUserSyncLPr(0)
04-06 02:09:25.377  1321  1844 I SemDvfsHyPerManager: acquire hyper - APP_LAUNCH/1321@314, type = -999
04-06 02:09:25.377  1104  1166 I HYPER-HAL: [RequestManager.cpp]acquire(): Acquired ID : 1337744  [1321 / 314]    HINT : APP_LAUNCH    list : 
04-06 02:09:25.377  1104  1166 I HYPER-HAL: [ResourceManager.cpp]updateResource(): [CPULittleMinFreq] UpdateResource Request ID : 1337744    Value : 1804800
04-06 02:09:25.377  1104  1166 I HYPER-HAL: [ResourceManager.cpp]updateResource(): [CPUMinFreq] UpdateResource Request ID : 1337744    Value : 2841600
04-06 02:09:25.378  5583  5583 I SemDvfsHyPerManager: acquire hyper - APP_START_SHORT/5583@12, type = -999
04-06 02:09:25.378  1104  1166 I HYPER-HAL: [RequestManager.cpp]acquire(): Acquired ID : 15654822  [5583 / 12]    HINT : APP_START    list : [TIMEOUT / 1500] 
04-06 02:09:25.378  1104  1166 I HYPER-HAL: [ResourceManager.cpp]updateResource(): [CPUMaxFreq] UpdateResource Request ID : 15654822    Value : 2841600
04-06 02:09:25.393  1321  1963 W PackageSettings: -- writeStateForUserSyncLPr(0)
04-06 02:09:25.394  1321  1963 W EnterpriseLicenseService: updateAdminPermissions() :com.anydesk.anydeskandroid
04-06 02:09:25.394  1321  1963 I PackageManager: setLicensePermissions 
04-06 02:09:25.394  1321  1963 I PackageManager: setLicensePermissions : packageName = com.anydesk.anydeskandroid(com.android.server.utils.WatchedArrayMap@bd2d8acc)
04-06 02:09:25.394  1321  1963 D EnterpriseLicenseService: getPermissions() - deserializeObject
04-06 02:09:25.394  1321  1963 D PackageManager: hasSelectivePermissionsForMDM(): permission granted = com.samsung.android.knox.permission.KNOX_REMOTE_CONTROL
04-06 02:09:25.408  1321  1774 W System  : A resource failed to call close. 
04-06 02:09:25.409  1321  1774 W System  : A resource failed to call close. 
04-06 02:09:25.479  1321  5715 W system_server: Long monitor contention with owner PackageManager (1963) at boolean com.android.server.pm.InstallPackageHelper.optimisticallyRegisterAppId(com.android.server.pm.ScanResult)(InstallPackageHelper.java:5068) waiters=0 in com.android.server.pm.Computer com.android.server.pm.PackageManagerService.snapshotComputer() for 281ms
04-06 02:09:25.483  1321  6244 W system_server: Long monitor contention with owner binder:1321_14 (5715) at com.android.server.pm.Computer com.android.server.pm.PackageManagerService.snapshotComputer()(PackageManagerService.java:1366) waiters=0 in com.android.server.pm.Computer com.android.server.pm.PackageManagerService.snapshotComputer() for 285ms
04-06 02:09:25.484  1321  1808 W Looper  : Slow dispatch took 275ms android.fg h=android.os.Handler c=<recycled PooledLambda@90e1b69> m=0
04-06 02:09:25.484  1321  1808 W Looper  : Slow delivery took 274ms android.fg h=android.os.Handler c=<recycled PooledLambda@391d9ee> m=0
04-06 02:09:25.487  1321  2460 I ChimeraAggressivePolicyHandler: executePolicy() - triggerSource: TRIGGER_SOURCE_LMKD
04-06 02:09:25.487  1321  6793 D ActivityTaskManager: startActivityAsUser: callingPid=18367, callingUid=2000, caller=com.android.server.wm.ActivityTaskManagerService.startActivityAsUser:1816 com.android.server.am.ActivityManagerService.startActivityAsUserWithFeature:3747 com.android.server.am.ActivityManagerShellCommand.runStartActivity:656 com.android.server.am.ActivityManagerShellCommand.onCommand:222 com.android.modules.utils.BasicShellCommandHandler.exec:97 android.os.ShellCommand.exec:38 com.android.server.am.ActivityManagerService.onShellCommand:11276 
04-06 02:09:25.487  1321  1811 I ChimeraSystemEventListener: appLaunchIntent package name is: com.evolucao.app
04-06 02:09:25.487  1321  2460 I ChimeraAggressivePolicyHandler: available memory: 1593032, free memory target: 1126400, quit chimera
04-06 02:09:25.487  1321  6793 D CompatibilityChangeReporter: Compat change id reported: 161252188; UID 10357; state: DISABLED
04-06 02:09:25.488  1321  6793 I ActivityTaskManager: START u0 {flg=0x10000000 cmp=com.evolucao.app/.MainActivity} from uid 2000
04-06 02:09:25.488  1321  2813 D SLocation: ARDistanceLibManager - try to unregister AR_DISTANCE_LIB from ARDistanceLibManager
04-06 02:09:25.489  1321  6793 D CompatibilityChangeReporter: Compat change id reported: 161252188; UID 1000; state: DISABLED
04-06 02:09:25.489  1321  6793 D CompatibilityChangeReporter: Compat change id reported: 194480991; UID 1000; state: ENABLED
04-06 02:09:25.491  1321  6793 D ActivityTaskManager: TaskLaunchParamsModifier:task=null activity=ActivityRecord{874e74e u0 android/com.android.internal.app.FrozenAppActivity} display-id=0 display-windowing-mode=1 suggested-display-area=DefaultTaskDisplayArea@236861844
04-06 02:09:25.491  1321  6793 D [secipm]: mSecIpmManager Preload android dex files
04-06 02:09:25.491  1321  6793 D ActivityTaskManager: TaskLaunchParamsModifier:task=null activity=ActivityRecord{874e74e u0 android/com.android.internal.app.FrozenAppActivity} t-1} display-id=0 display-windowing-mode=1 suggested-display-area=DefaultTaskDisplayArea@236861844 non-freeform-display display-area=DefaultTaskDisplayArea@236861844 maximized-bounds
04-06 02:09:25.491  1321  3311 I SemDvfsHyPerManager: acquire hyper - AMS_APP_SWITCH/1321@29, type = -999
04-06 02:09:25.492  1104  1166 I HYPER-HAL: [RequestManager.cpp]acquire(): Acquired ID : 911954  [1321 / 29]    HINT : AMS_APP_SWITCH    list : 
04-06 02:09:25.492  1104  1166 I HYPER-HAL: [ResourceManager.cpp]updateResource(): [CPULittleMinFreq] UpdateResource Request ID : 911954    Value : 1804800
04-06 02:09:25.492  1321  3311 D ActivityManagerPerformance: AMP_acquire() APP_SWITCH
04-06 02:09:25.492  5583  5583 I SemDvfsHyPerManager: acquire hyper - APP_START_SHORT/5583@12, type = -999
04-06 02:09:25.494  1205  1839 I SurfaceFlinger: id=34819 createSurf, flag=24004, Task=827#34819
04-06 02:09:25.495  1321  6793 D ActivityTaskManager: TaskLaunchParamsModifier:task=Task{2e0e414 #827 type=standard A=1000:android U=0 visible=false visibleRequested=false mode=fullscreen translucent=true sz=0} activity=ActivityRecord{874e74e u0 android/com.android.internal.app.FrozenAppActivity} t-1} display-from-task=0 display-id=0 display-windowing-mode=1 suggested-display-area=DefaultTaskDisplayArea@236861844 non-freeform-display display-area=DefaultTaskDisplayArea@236861844 maximized-bounds
04-06 02:09:25.495  1321  6793 D CompatibilityChangeReporter: Compat change id reported: 174042980; UID 1000; state: DISABLED
04-06 02:09:25.495  1205  4200 I SurfaceFlinger: id=34820 createSurf, flag=80004, ActivityRecord{874e74e u0 android/com.android.internal.app.FrozenAppActivity} t827}#34820
04-06 02:09:25.496  1321  6793 D ActivityTaskManager: scheduleTopResumedActivityChanged, onTop=false r=ActivityRecord{4961467 u0 com.sec.android.app.launcher/.activities.LauncherActivity} t659} caller=com.android.server.wm.ActivityTaskSupervisor.updateTopResumedActivityIfNeeded:2510 com.android.server.wm.TaskDisplayArea.positionChildTaskAt:602 com.android.server.wm.TaskDisplayArea.positionChildAt:537 com.android.server.wm.Task.moveToFrontInner:6053 com.android.server.wm.Task.moveToFront:6019 com.android.server.wm.ActivityStarter.startActivityInner:2928 
04-06 02:09:25.497  1321  6793 W WindowManager: Prepare app transition: mNextAppTransitionRequests=[TRANSIT_OPEN], mNextAppTransitionFlags=, displayId: 0 Callers=com.android.server.wm.DisplayContent.prepareAppTransition:6493 com.android.server.wm.DisplayContent.prepareAppTransition:6484 com.android.server.wm.Task.startActivityLocked:6595 com.android.server.wm.ActivityStarter.startActivityInner:2984 com.android.server.wm.ActivityStarter.startActivityUnchecked:2474 
04-06 02:09:25.497  1321  6793 V WindowManager: Checking theme of starting window: 0x1030055
04-06 02:09:25.497  1321  6793 V WindowManager: Translucent=true Floating=false ShowWallpaper=false Disable=true
04-06 02:09:25.497  1321  6793 D CompatibilityChangeReporter: Compat change id reported: 205907456; UID 1000; state: ENABLED
04-06 02:09:25.498  1104  1166 I HYPER-HAL: [ResourceManager.cpp]updateResource(): [CPUMinFreq] UpdateResource Request ID : 911954    Value : 2841600
04-06 02:09:25.498  1104  1166 I HYPER-HAL: [RequestManager.cpp]acquire(): Acquired ID : 15654822  [5583 / 12]    HINT : APP_START    list : [TIMEOUT / 1500] 
04-06 02:09:25.498  1104  1166 I HYPER-HAL: [ResourceManager.cpp]updateResource(): [CPUMaxFreq] UpdateResource Request ID : 15654822    Value : 2841600
04-06 02:09:25.499  1321  6793 I Pageboost: stop alp
04-06 02:09:25.499  1321  6793 I SemDvfsHyPerManager: acquire hyper - AMS_APP_LAUNCH/1321@17, type = -999
04-06 02:09:25.499  1104  1166 I HYPER-HAL: [RequestManager.cpp]acquire(): Acquired ID : 895808  [1321 / 17]    HINT : AMS_APP_LAUNCH    list : 
04-06 02:09:25.501  1321  1808 W Looper  : Drained
04-06 02:09:25.501  5583  5583 I SemDvfsHyPerManager: acquire hyper - APP_START/5583@14, type = -999
04-06 02:09:25.502  4334  4334 E pageboostd: Received HALT command code 2
04-06 02:09:25.502  1104  1166 I HYPER-HAL: [ResourceManager.cpp]updateResource(): [CPULittleMinFreq] UpdateResource Request ID : 895808    Value : 1804800
04-06 02:09:25.503  3132  3132 I BaseActivity: removeActivityFlags, flags : 16
04-06 02:09:25.503  3132  3132 I BaseActivity: removeActivityFlags, flags : 6
04-06 02:09:25.503  3132  3132 I DragController: endDrag
04-06 02:09:25.503  3132  3132 W LauncherAppWidgetHost: setShouldListenFlag, mFlags:15 flag:resume on:false isFront:false
04-06 02:09:25.503  1321  1811 I ActivityManager: android is exempt from freezer
04-06 02:09:25.503  3132  3132 W PageOverlayMover: updateActivityLifecycleState : 3
04-06 02:09:25.503  1321  1811 D CompatibilityChangeReporter: Compat change id reported: 135634846; UID 1000; state: DISABLED
04-06 02:09:25.503  3132  3132 I SPayUpdater: updateSpayHandler launcher activity is paused false
04-06 02:09:25.503  1321  1811 D CompatibilityChangeReporter: Compat change id reported: 177438394; UID 1000; state: DISABLED
04-06 02:09:25.503  1321  1811 D CompatibilityChangeReporter: Compat change id reported: 135772972; UID 1000; state: DISABLED
04-06 02:09:25.503  1321  1811 D CompatibilityChangeReporter: Compat change id reported: 135754954; UID 1000; state: ENABLED
04-06 02:09:25.504  1321  6793 D MARsPolicyManager: onPackageResumedFG pkgName = android, userId = 0
04-06 02:09:25.504  1321  6793 W WindowManager: Prepare app transition: mNextAppTransitionRequests=[TRANSIT_OPEN, TRANSIT_OPEN], mNextAppTransitionFlags=, displayId: 0 Callers=com.android.server.wm.DisplayContent.prepareAppTransition:6493 com.android.server.wm.TaskFragment.resumeTopActivity:1573 com.android.server.wm.TaskFragment.resumeTopActivity:1307 com.android.server.wm.Task.resumeTopActivityInnerLocked:6451 com.android.server.wm.Task.resumeTopActivityUncheckedLocked:6352 
04-06 02:09:25.504  1321  1811 D SGM:FgCheckThread: notePauseComponent(), received pkgName: com.sec.android.app.launcher, userId: 0
04-06 02:09:25.504  1104  1166 I HYPER-HAL: [ResourceManager.cpp]updateResource(): [CPUMinFreq] UpdateResource Request ID : 895808    Value : 2841600
04-06 02:09:25.504  1321  1321 I CocktailBarManagerServiceContainer: handleMessage: entry what = 6
04-06 02:09:25.505  6530  6574 I PageOverlayServiceImpl: [FROM HOME] updateActivityLifecycleState : 3
04-06 02:09:25.505  1104  1166 I HYPER-HAL: [RequestManager.cpp]acquire(): Acquired ID : 15666017  [5583 / 14]    HINT : APP_START    list : 
04-06 02:09:25.505  1104  1166 I HYPER-HAL: [ResourceManager.cpp]updateResource(): [CPUMaxFreq] UpdateResource Request ID : 15666017    Value : 2841600
04-06 02:09:25.505  1321  6793 D WindowManagerServiceExt: notifyOccludeChangeNotice: cn=ComponentInfo{android/com.android.internal.app.FrozenAppActivity} occludesParent=false inMultiWindow=false styleFloating=false caller=com.android.server.wm.WindowManagerServiceExt.updateOccludeTargetIfNeeded:1402 com.android.server.wm.DisplayContent.ensureActivitiesVisible:7532 com.android.server.wm.RootWindowContainer.ensureActivitiesVisible:2248 com.android.server.wm.RootWindowContainer.ensureActivitiesVisible:2229 com.android.server.wm.TaskFragment.completePause:2076 
04-06 02:09:25.506  1205  1254 I VSyncReactor: Current= 60, TransitioningTo= 60, hwcPeriod= 60, Distance= 0
04-06 02:09:25.509  3132  3132 I TopTaskTracker: onTaskMovedToFront : taskId = 827
04-06 02:09:25.510  1321  4262 I AS.AudioService: uid:10326is using audio
04-06 02:09:25.512  1005  1005 D Zygote  : Forked child process 18377
04-06 02:09:25.512  1321  1845 I ActivityManager: Start proc 18377:android:ui/1000 for next-top-activity {android/com.android.internal.app.FrozenAppActivity}
04-06 02:09:25.521  1321  1963 D AASA_ASKSManager_RESTRICTED: There is no restricted rule.
04-06 02:09:25.521  1321  1963 W PackageInformation: PackageInfo in info_list
04-06 02:09:25.521  1321  1963 D PackageManager: Skip dexopt
04-06 02:09:25.521  1321  1963 I SPEG    : Feature is disabled due to dexopt skipped
04-06 02:09:25.522  1321  1963 V BackupManagerService: [UserID:0] restoreAtInstall pkg=com.evolucao.app token=3f restoreSet=0
04-06 02:09:25.524  1321  1963 V BackupManagerService: [UserID:0] Finishing install immediately
04-06 02:09:25.525  1321  1963 I AppsFilter: interaction: PackageSetting{f7a35bf bellavita.toast/10310} -> PackageSetting{2c956e9 com.evolucao.app/10357} BLOCKED
04-06 02:09:25.529  1321  1887 E AppOps  : evalMode() Foreground mode : uid - 10357, op - 26, capability - 0
04-06 02:09:25.529  1321  1963 D PackageManager: result of install: 1{15787052}
04-06 02:09:25.529  1321  1963 D PackageInstallerSession: Marking session 1527139916 as applied
04-06 02:09:25.529  1406 28894 E installd: Couldn't opendir /data/app/vmdl1527139916.tmp: No such file or directory
04-06 02:09:25.529  1406 28894 E installd: Failed to delete /data/app/vmdl1527139916.tmp: No such file or directory
04-06 02:09:25.538  3132  3132 I SessionCommitReceiver: onReceive() intent.getAction : android.content.pm.action.SESSION_COMMITTED
04-06 02:09:25.539  3132  3566 I SessionCommitReceiver: onReceive() !isEnabled()
04-06 02:09:25.541  1321  1963 D CompatibilityChangeReporter: Compat change id reported: 168419799; UID 10357; state: DISABLED
04-06 02:09:25.541 18289 18289 E ActivityThread: Failed to find provider info for com.microsoft.yourphonecompanion.contentprovider.featureoverride
04-06 02:09:25.542  1321  1963 D ActivityManager: Parallel Broadcast is delayed BroadcastRecord{e8cc59 u0 android.intent.action.PACKAGE_ADDED}
04-06 02:09:25.542  1321  1963 D ActivityManager: Ordered Broadcast is delayed BroadcastRecord{738501e u0 android.intent.action.PACKAGE_ADDED}
04-06 02:09:25.542  1321  1963 D ActivityManager: Ordered Broadcast is delayed BroadcastRecord{9770ff u0 com.samsung.android.sm.devicesecurity.PACKAGE_ADDED}
04-06 02:09:25.542  1321  1963 D ActivityManager: Ordered Broadcast is delayed BroadcastRecord{922fecc u0 android.intent.action.PACKAGE_ADDED}
04-06 02:09:25.544  1321  5715 D CompatibilityChangeReporter: Compat change id reported: 161145287; UID 10130; state: DISABLED
04-06 02:09:25.549  1321  5715 I GenerationRegistry: mBackingStore.isClosed() : false
04-06 02:09:25.550 32140 32140 I abb     : StartCommandInProcess(73657474696e67730067657400676c6f settings.get.glo [truncated])
04-06 02:09:25.555 18377 18377 I android:ui: Using CollectorTypeCC GC.
04-06 02:09:25.556 32140 32140 I abb     : StartCommandInProcess(7061636b61676500696e7374616c6c00 package.install. [truncated])
04-06 02:09:25.558 18377 18377 E android:ui: Not starting debugger since process cannot load the jdwp agent.
04-06 02:09:25.563  1321  5715 I PersonaServiceHelper: isCallerApprovedToInstall(uid:2000 userHandle:0)
04-06 02:09:25.564  1321  5715 I PersonaServiceHelper: DO is not enabled. no Knox app install enforcement
04-06 02:09:25.564  1321  5715 I PackageInstaller:  getting through the check android.content.pm.PackageInstaller$SessionParams@6a63593 user id 0
04-06 02:09:25.564  1321  5715 I PackageInstaller: UserManager.DISALLOW_NON_MARKET_APP_BY_KNOX : false
04-06 02:09:25.568  1321  5715 D PackageInstallerSession: InstallLogger: PackageInstallerSession(): createInstallTimeInfo(1557596206)
04-06 02:09:25.574  1321  6257 D CompatibilityChangeReporter: Compat change id reported: 135634846; UID 10130; state: DISABLED
04-06 02:09:25.574  1321  6257 D CompatibilityChangeReporter: Compat change id reported: 177438394; UID 10130; state: DISABLED
04-06 02:09:25.574  1321  6257 D CompatibilityChangeReporter: Compat change id reported: 135772972; UID 10130; state: DISABLED
04-06 02:09:25.574  1321  6257 D CompatibilityChangeReporter: Compat change id reported: 135754954; UID 10130; state: ENABLED
04-06 02:09:25.574  1321  1845 D CompatibilityChangeReporter: Compat change id reported: 143937733; UID 10130; state: ENABLED
04-06 02:09:25.584  1005  1005 D Zygote  : Forked child process 18411
04-06 02:09:25.584  1321  1845 I ActivityManager: Start proc 18411:com.microsoft.appmanager/u0a130 for service {com.microsoft.appmanager/androidx.room.MultiInstanceInvalidationService}
04-06 02:09:25.597  1321  6257 I GenerationRegistry: mBackingStore.isClosed() : false
04-06 02:09:25.602 18377 18377 D ActivityThread: setConscryptValidator
04-06 02:09:25.602 18377 18377 D ActivityThread: setConscryptValidator - put
04-06 02:09:25.610  3132 24024 I RecentModel: onTaskStackChangedBackground
04-06 02:09:25.622  3132  3562 I RecentTasksList: loadTasksInBackground : groupTask = GroupTask{task1=[id=826 windowingMode=1 user=0 lastActiveTime=273664650] null, task2=null, task3=null, mStagedSplitBounds=null}
04-06 02:09:25.622  3132  3562 I RecentTasksList: loadTasksInBackground : groupTask = GroupTask{task1=[id=809 windowingMode=1 user=0 lastActiveTime=273731554] null, task2=null, task3=null, mStagedSplitBounds=null}
04-06 02:09:25.622  3132  3562 I RecentTasksList: loadTasksInBackground : groupTask = GroupTask{task1=[id=827 windowingMode=1 user=0 lastActiveTime=273735207] null, task2=null, task3=null, mStagedSplitBounds=null}
04-06 02:09:25.626  1321  6257 D CompatibilityChangeReporter: Compat change id reported: 168419799; UID 1000; state: DISABLED
04-06 02:09:25.627  3132  3132 I TaskThumbnailCache: handleResult: taskId = 827, taskThumbnail = null
04-06 02:09:25.627  1321  6257 I ActivityManager: DSS OFF for android
04-06 02:09:25.629 18411 18411 I soft.appmanager: Using CollectorTypeCC GC.
04-06 02:09:25.630  1321  6257 I DexController: getTaskHasActivityIsWaitingToRun: r=ActivityRecord{874e74e u0 android/com.android.internal.app.FrozenAppActivity} t827}, app=ProcessRecord{76ff72d 18377:android:ui/1000}
04-06 02:09:25.632 18411 18411 E soft.appmanager: Not starting debugger since process cannot load the jdwp agent.
04-06 02:09:25.635  1321  6257 V WindowManager: rotationForOrientation(orient=SCREEN_ORIENTATION_UNSPECIFIED (-1), last=ROTATION_0 (0)); user=ROTATION_0 (0) 
04-06 02:09:25.636  1321  6257 D WindowManager: rotationForOrientation, orientationSource=ActivityRecord{4961467 u0 com.sec.android.app.launcher/.activities.LauncherActivity} t659}
04-06 02:09:25.643  1321  6257 V WindowManager: Computed rotation=ROTATION_0 (0) for display id=0 based on lastOrientation=SCREEN_ORIENTATION_UNSPECIFIED (-1) and oldRotation=ROTATION_0 (0), caller=com.android.server.wm.DisplayRotation.updateOrientation:414 com.android.server.wm.DisplayContent.updateOrientation:1990 com.android.server.wm.DisplayContent.updateOrientation:1891 com.android.server.wm.RootWindowContainer.ensureVisibilityAndConfig:2139 com.android.server.wm.ActivityTaskSupervisor.realStartActivityLocked:913 com.android.server.wm.RootWindowContainer$AttachApplicationHelper.test:4288 
04-06 02:09:25.644  1321  6257 D TspStateManager: updateCustomValue customSetting=
04-06 02:09:25.645  1321  6257 D TspStateManager: updateCustomValue customSetting=
04-06 02:09:25.646  1321  2368 D SGM:FgCheckThread: onLooperPrepared(), msg: MSG_APP_CREATE, pkgName: android, userId: 0
04-06 02:09:25.646  1321  6257 D SGM:PkgDataHelper: notifyAppCreate(), pkgName: android, userId: 0, sendRet: true
04-06 02:09:25.647  1321  6257 D MARsPolicyManager: onPackageResumedFG pkgName = android, userId = 0
04-06 02:09:25.648 18394 18394 D AndroidRuntime: >>>>>> START com.android.internal.os.RuntimeInit uid 2000 <<<<<<
04-06 02:09:25.649  1321  6257 D ActivityTaskManager: scheduleTopResumedActivityChanged, onTop=true r=ActivityRecord{874e74e u0 android/com.android.internal.app.FrozenAppActivity} t827} caller=com.android.server.wm.ActivityTaskSupervisor.scheduleTopResumedActivityStateIfNeeded:2535 com.android.server.wm.ActivityTaskSupervisor.updateTopResumedActivityIfNeeded:2527 com.android.server.wm.TaskFragment.setResumedActivity:493 com.android.server.wm.TaskFragment.onActivityStateChanged:805 com.android.server.wm.ActivityRecord.setState:6428 com.android.server.wm.Task.minimalResumeActivityLocked:6155 
04-06 02:09:25.649  1321  6257 D InputDispatcher: Focused application(0): ActivityRecord{874e74e u0 android/com.android.internal.app.FrozenAppActivity} t827}
04-06 02:09:25.651  1321  6257 V WindowManager: Changing focus from Window{7ae1b77 u0 com.sec.android.app.launcher/com.sec.android.app.launcher.activities.LauncherActivity} to null displayId=0 Callers=com.android.server.wm.RootWindowContainer.updateFocusedWindowLocked:595 com.android.server.wm.WindowManagerService.updateFocusedWindowLocked:6810 com.android.server.wm.ActivityTaskManagerService.setResumedActivityUncheckLocked:5766 com.android.server.wm.TaskFragment.onActivityStateChanged:807 
04-06 02:09:25.651  1321  6257 D MARsPolicyManager: onPackageResumedFG pkgName = com.sec.android.app.launcher, userId = 0
04-06 02:09:25.652  1321  6257 D StatusBarManagerService: notifyRequestedSystemKey recent=false home=false
04-06 02:09:25.652 18394 18394 I AndroidRuntime: Using default boot image
04-06 02:09:25.652 18394 18394 I AndroidRuntime: Leaving lock profiling enabled
04-06 02:09:25.652 18394 18394 D SecNativeFeatureCppIf: encoded
04-06 02:09:25.652 18394 18394 D SecNativeFeatureCppIf: decoding and unzip finish
04-06 02:09:25.652 18394 18394 D SecNativeFeatureCppIf: use unCompDataBuff. encoded
04-06 02:09:25.653 18394 18394 D SecNativeFeatureCppIf: Free unCompDataBuff
04-06 02:09:25.653 18394 18394 D AndroidRuntime: addProductProperty: pBrand1 is not null
04-06 02:09:25.653 18394 18394 D AndroidRuntime: addProductProperty: not brand or 7
04-06 02:09:25.653  1321  6257 D SGM:FgCheckThread: TaskStackListener.onTaskFocusChanged(), taskId=659, focused=false
04-06 02:09:25.654  1321  6257 D SGM:FgCheckThread: TaskStackListener.onTaskFocusChanged(), taskId=827, focused=true
04-06 02:09:25.654  1321  6257 D SGM:FgCheckThread:   sendRunningComponentFocus(), pkgName: android, userId: 0
04-06 02:09:25.654  1321  2368 D SGM:FgCheckThread: onLooperPrepared(), msg: MSG_TASK_FOCUSED, pkgName: android, userId: 0
04-06 02:09:25.654  1321  2368 D SGM:FgCheckThread: handleTaskFocused().
04-06 02:09:25.654  1321  2368 D SGM:FgCheckThread:   handleTaskFocused(), pkgName: android, userID:0
04-06 02:09:25.654  1321  2368 D SGM:FgCheckThread: handleResume().
04-06 02:09:25.654  1321  2368 D SGM:FgCheckThread: sendFocusOutConditionally() - mPrevNotiPkg: (unknown), userId: 0
04-06 02:09:25.654  1321  2368 D SGM:FgCheckThread:   handleResume(). pkgName: android, userId: 0, isTunableApp: null
04-06 02:09:25.654  1321  2368 D SGM:FgCheckThread: notifyFocusInOut(). of pkg: android, type: 4, isTunableApp: false, userId: 0
04-06 02:09:25.654  1321  2368 D SGM:FgCheckThread:   notifyFocusInOut(). unexpected mPrevNotiType: -1
04-06 02:09:25.654  1321  2368 D SGM:SystemHelper: callReleaseBlock needReleaseBlock:false
04-06 02:09:25.655 18394 18394 I app_process: Using CollectorTypeCC GC.
04-06 02:09:25.656  1321  1963 I AppsFilter: interaction: PackageSetting{f7a35bf bellavita.toast/10310} -> PackageSetting{a65f6f2 com.microsoft.skydrive/10093} BLOCKED
04-06 02:09:25.657  1321  6257 D CompatibilityChangeReporter: Compat change id reported: 181136395; UID 1000; state: DISABLED
04-06 02:09:25.658  1321  6257 D CompatibilityChangeReporter: Compat change id reported: 174042936; UID 1000; state: DISABLED
04-06 02:09:25.658  1321  6257 W WindowManager: Execute app transition: mNextAppTransitionRequests=[TRANSIT_OPEN, TRANSIT_OPEN], mNextAppTransitionFlags=, displayId: 0 Callers=com.android.server.wm.RootWindowContainer.executeAppTransitionForAllDisplay:2580 com.android.server.wm.ActivityTaskSupervisor.reportResumedActivityLocked:2287 com.android.server.wm.ActivityRecord.completeResumeLocked:7009 com.android.server.wm.Task.minimalResumeActivityLocked:6156 com.android.server.wm.ActivityTaskSupervisor.realStartActivityLocked:1137 
04-06 02:09:25.661  1321  2418 D AS.MultiSoundManager: mForegroundUid = 1000
04-06 02:09:25.662  1321  1963 D ActivityManager: Parallel Broadcast is delayed BroadcastRecord{fd41143 u0 android.intent.action.PACKAGE_CHANGED}
04-06 02:09:25.664 18377 18377 D CompatibilityChangeReporter: Compat change id reported: 171979766; UID 1000; state: ENABLED
04-06 02:09:25.665  1321  1811 D SGM:FgCheckThread: noteResumeComponent(), received pkgName: android, userId: 0
04-06 02:09:25.666  1321  1321 I CocktailBarManagerServiceContainer: handleMessage: entry what = 5
04-06 02:09:25.666  1321  1809 D Native_CFMS: CFMS Delete Task Tid(5794)
04-06 02:09:25.666  1321  4264 D AutoRotationHandler: inject auto rotation priority = 1.0
04-06 02:09:25.666  1121  1157 E ANDR-PERF-UTIL: Failed to read /proc/sys/kernel/walt_low_latency_task_threshold
04-06 02:09:25.666  1121  1157 E ANDR-PERF-OPTSHANDLER: Failed to read /proc/sys/kernel/walt_low_latency_task_threshold
04-06 02:09:25.666  1121  1157 E ANDR-PERF-RESOURCEQS: Failed to apply optimization [3, 54]
04-06 02:09:25.667  1321  2368 D SGM:FgCheckThread: onLooperPrepared(), msg: MSG_APP_RESUME, pkgName: android, userid: 0
04-06 02:09:25.667  1321  2368 D SGM:FgCheckThread: handleResume().
04-06 02:09:25.668  1321  2368 D SGM:FgCheckThread: sendFocusOutConditionally() - mPrevNotiPkg: (unknown), userId: 0
04-06 02:09:25.668  1321  2368 D SGM:FgCheckThread:   handleResume(). pkgName: android, userId: 0, isTunableApp: null
04-06 02:09:25.668  1321  2368 D SGM:FgCheckThread: notifyFocusInOut(). of pkg: android, type: 4, isTunableApp: false, userId: 0
04-06 02:09:25.668  1321  2368 D SGM:FgCheckThread:   notifyFocusInOut(). unexpected mPrevNotiType: -1
04-06 02:09:25.668  1321  2368 D SGM:SystemHelper: callReleaseBlock needReleaseBlock:false
04-06 02:09:25.668  7976  7976 I ActivityUtils: HomePackage : com.sec.android.app.launcher, resumePackageName : android
04-06 02:09:25.668  1321  1809 D Native_CFMS: CFMS Delete Task Tid(6168)
04-06 02:09:25.668  1321  1809 D Native_CFMS: CFMS Delete Task Tid(6169)
04-06 02:09:25.668  1321  1809 D Native_CFMS: CFMS Delete Task Tid(3132)
04-06 02:09:25.668  1321  1809 D Native_CFMS: CFMS Add Task Tid(18377)
04-06 02:09:25.668  1321  1809 D Native_CFMS: CFMS Add Task Tid(3132)
04-06 02:09:25.668  1321  1809 D Native_CFMS: CFMS Add Task Tid(5794)
04-06 02:09:25.668  1321  1809 D Native_CFMS: CFMS Add Task Tid(6169)
04-06 02:09:25.668  1321  1809 D Native_CFMS: CFMS Add Task Tid(6168)
04-06 02:09:25.670  1096  1096 I sensors-hal: inject_sensor_data:316, auto_rotation ar_mode:1
04-06 02:09:25.671  1096  1096 I sensors-hal: write_auto_rotation_mode:303, write_auto_rotation_mode ar_mode:1
04-06 02:09:25.671  1205  1205 I SurfaceFlinger: [7ae1b77 com.sec.android.app.launcher/com.sec.android.app.launcher.activities.LauncherActivity#109] FrameRatePriority: -1
04-06 02:09:25.671  1186  1186 I SSC_DAEMON: physical_sensor_test_req_msg Sensor type :14, Msg type:15
04-06 02:09:25.671  1186  1186 I SSC_DAEMON: 0.algo_id:3, num:1
04-06 02:09:25.673  1321  2983 D InputDispatcher: Focus request (0): <null> but waiting because NOT_FOCUSABLE
04-06 02:09:25.673  1321  2983 D InputDispatcher: Focus left window (0): 7ae1b77 com.sec.android.app.launcher/com.sec.android.app.launcher.activities.LauncherActivity
04-06 02:09:25.674  1186  2088 I SSC_DAEMON: AR od: 8, 1, 0
04-06 02:09:25.676 18411 18411 D ActivityThread: setConscryptValidator
04-06 02:09:25.676 18411 18411 D ActivityThread: setConscryptValidator - put
04-06 02:09:25.679  1321  6793 D CompatibilityChangeReporter: Compat change id reported: 168419799; UID 10130; state: DISABLED
04-06 02:09:25.680  1321  6793 I ActivityManager: DSS OFF for com.microsoft.appmanager
04-06 02:09:25.680  3132  3132 I ViewRootImpl@9e5719f[LauncherActivity]: MSG_WINDOW_FOCUS_CHANGED 0 1
04-06 02:09:25.680  3132  3132 I BaseActivity: removeActivityFlags, flags : 8
04-06 02:09:25.683  1321  1811 D SGM:GameManager: identifyGamePackage. android, mCurrentUserId: 0, callerUserId: 0, callingMethodInfo: com.android.server.ssrm.SortingMachine.isGame(SortingMachine.java:162)
04-06 02:09:25.683  1321  1811 D SGM:PkgDataHelper: getGamePkgData(). android
04-06 02:09:25.684  1321  1811 I GameSDK@LifeCycle: noteResumeComponent(): package name  : android
04-06 02:09:25.691  1321  1811 D SGM:GameManager: identifyGamePackage. android, mCurrentUserId: 0, callerUserId: 0, callingMethodInfo: com.samsung.android.game.SemGameManager.isGamePackage(SemGameManager.java:104)
04-06 02:09:25.691  1321  1811 D SGM:PkgDataHelper: getGamePkgData(). android
04-06 02:09:25.691  1321  1811 D SGM:SemGameManager: isGamePackage(), pkgName=android, ret=false
04-06 02:09:25.693  1321  1808 W Looper  : Slow delivery took 207ms android.fg h=android.os.Handler c=<recycled PooledLambda@258903e> m=0
04-06 02:09:25.712 18411 18411 D CompatibilityChangeReporter: Compat change id reported: 171979766; UID 10130; state: ENABLED
04-06 02:09:25.727 18411 18411 D nativeloader: Configuring classloader-namespace for other apk /system/framework/sec_camerax_impl.jar. target_sdk_version=35, uses_libraries=ALL, library_path=/data/app/~~k5KD09Cn-tt0LWrwl5ogww==/com.microsoft.appmanager-u8sQVnVKl7WqyK6MpgVoiw==/lib/arm64:/data/app/~~k5KD09Cn-tt0LWrwl5ogww==/com.microsoft.appmanager-u8sQVnVKl7WqyK6MpgVoiw==/base.apk!/lib/arm64-v8a, permitted_path=/data:/mnt/expand:/data/user/0/com.microsoft.appmanager
04-06 02:09:25.727 18411 18411 D nativeloader: Extending system_exposed_libraries: libhumantracking.arcsoft.so:libPortraitDistortionCorrection.arcsoft.so:libPortraitDistortionCorrectionCali.arcsoft.so:libface_landmark.arcsoft.so:libFacialStickerEngine.arcsoft.so:libveengine.arcsoft.so:lib_pet_detection.arcsoft.so:libhigh_res.arcsoft.so:libimage_enhancement.arcsoft.so:liblow_light_hdr.arcsoft.so:libhigh_dynamic_range.arcsoft.so:libsuperresolution.arcsoft.so:libobjectcapture_jni.arcsoft.so:libobjectcapture_jni.arcsoft.so:libobjectcapture.arcsoft.so:libFacialAttributeDetection.arcsoft.so:libBeauty_v4.camera.samsung.so:libexifa.camera.samsung.so:libjpega.camera.samsung.so:libOpenCv.camera.samsung.so:libVideoClassifier.camera.samsung.so:libtensorflowLite.dynamic_viewing.camera.samsung.so:libImageScreener.camera.samsung.so:libMyFilter.camera.samsung.so:libtflite2.myfilters.camera.samsung.so:libHIDTSnapJNI.camera.samsung.so:libSmartScan.camera.samsung.so:libRectify.camera.samsung.so:libDocRectifyWrapper.camera.samsung.so:libUltraWideDistortionCorrection.camera.
04-06 02:09:25.735  1321  1963 I KnoxMUMContainerPolicy: getPackagesFromInstallWhiteList is called...
04-06 02:09:25.736  1321  1963 D ApplicationPolicy: getApplicationStateList: Enforce DOPO permission
04-06 02:09:25.736  1321  1963 D ApplicationPolicy: getApplicationStateList : empty
04-06 02:09:25.736  1321  1963 D PackageManager: isVerificationEnabled :: approvedInstaller : .*
04-06 02:09:25.736  1321  1963 D PackageManager: isVerificationEnabled :: installer policy contains *.
04-06 02:09:25.740  1321  1963 E PackageManager: ERROR: could not load root hash from incremental install
04-06 02:09:25.746  1321  2363 W PackageParsing: No actions in intent-filter at /data/app/vmdl1557596206.tmp/base.apk Binary XML file line #31
04-06 02:09:25.746  1321  2363 W PackageParsing: No actions in intent-filter at /data/app/vmdl1557596206.tmp/base.apk Binary XML file line #39
04-06 02:09:25.746  1321  2363 W PackageParsing: No actions in intent-filter at /data/app/vmdl1557596206.tmp/base.apk Binary XML file line #47
04-06 02:09:25.751  1321  1963 D ActivityManager: Parallel Broadcast is delayed BroadcastRecord{ffe6c84 u0 com.samsung.android.intent.action.PACKAGE_INSTALL_STARTED}
04-06 02:09:25.751  1321  1963 D ActivityManager: Ordered Broadcast is delayed BroadcastRecord{67c9c6d u0 com.samsung.android.intent.action.PACKAGE_INSTALL_STARTED}
04-06 02:09:25.751  1321  1963 D PackageManager: sendBroadcastAsUser. PACKAGE_INSTALL_STARTED
04-06 02:09:25.752 12013 12013 I Finsky  : [2] VerifyApps: Install-time verification requested for package com.evolucao.app.test, PackageManager id = 63, Verifier id = c781a52e-5d01-4cf7-8d58-734a678b0477
04-06 02:09:25.753 18394 18394 D app_process: Time zone APEX ICU file found: /apex/com.android.tzdata/etc/icu/icu_tzdata.dat
04-06 02:09:25.753 18394 18394 D app_process: I18n APEX ICU file found: /apex/com.android.i18n/etc/icu/icudt70l.dat
04-06 02:09:25.757 12013 12038 I Finsky  : [97] RECEIVER_PACKAGE_VERIFICATION#logWorkEndAndFinishGoAsync: SUCCESS
04-06 02:09:25.769  1321  1963 I PackageManager: Integrity check passed for file:///data/app/vmdl1557596206.tmp
04-06 02:09:25.772 12013 18356 I Finsky  : [529] VerifyApps: Anti-malware verification task started for package=com.evolucao.app.test
04-06 02:09:25.777 18289 18309 W appmanager:auth: Accessing hidden method Lsun/misc/Unsafe;->getAndAddLong(Ljava/lang/Object;JJ)J (max-target-r, reflection, denied)
04-06 02:09:25.781 18394 18394 E SemDvfsManager_JNI: SemDvfsManager: registerfunction enter
04-06 02:09:25.781 18394 18394 E SemAffinityControl: SemAffinityControl: registerfunction enter
04-06 02:09:25.786 12013 18356 I Finsky  : [529] VerifyApps: Skipping verification. Disabled by user setting
04-06 02:09:25.787 12013 18356 I Finsky  : [529] VerifyApps: Skipping anti malware verification (preconditions not met). package=com.evolucao.app.test
04-06 02:09:25.788 12013 18356 I Finsky  : [529] VerifyApps AdvancedProtection: Verify AP install started
04-06 02:09:25.788 12013 18356 I Finsky  : [529] VerifyApps AdvancedProtection: Allowing install because there are no Advanced Protection users
04-06 02:09:25.789 18377 18377 V GraphicsEnvironment: ANGLE Developer option for 'android' set to: 'default'
04-06 02:09:25.789 18377 18377 V GraphicsEnvironment: ANGLE GameManagerService for android: false
04-06 02:09:25.790 12013 12013 I Finsky  : [2] VerifyApps AdvancedProtection: Reported Advanced Protection verification result: ALLOW
04-06 02:09:25.790 18394 18394 D AndroidRuntime: Calling main entry com.android.commands.monkey.Monkey
04-06 02:09:25.791 18394 18394 W Monkey  : args: [-p, com.evolucao.app, --pct-syskeys, 0, --throttle, 80, -v, 220]
04-06 02:09:25.791 18394 18394 W Monkey  :  arg: "-p"
04-06 02:09:25.791 18394 18394 W Monkey  :  arg: "com.evolucao.app"
04-06 02:09:25.791 18394 18394 W Monkey  :  arg: "--pct-syskeys"
04-06 02:09:25.791 18394 18394 W Monkey  :  arg: "0"
04-06 02:09:25.791 18394 18394 W Monkey  :  arg: "--throttle"
04-06 02:09:25.791 18394 18394 W Monkey  :  arg: "80"
04-06 02:09:25.791 18394 18394 W Monkey  :  arg: "-v"
04-06 02:09:25.791 18394 18394 W Monkey  :  arg: "220"
04-06 02:09:25.791 18394 18394 W Monkey  : data="com.evolucao.app"
04-06 02:09:25.792 12013 18356 E Finsky  : [529] Package name null is not an installed package
04-06 02:09:25.792 18394 18394 W Monkey  : arg="--pct-syskeys" mCurArgData="null" mNextArg=3 argwas="--pct-syskeys" nextarg="0"
04-06 02:09:25.792 18377 18377 D NetworkSecurityConfig: No Network Security Config specified, using platform default
04-06 02:09:25.793 18377 18377 D NetworkSecurityConfig: No Network Security Config specified, using platform default
04-06 02:09:25.796 18394 18394 W Monkey  : data="0"
04-06 02:09:25.796 18394 18394 W Monkey  : arg="--throttle" mCurArgData="null" mNextArg=5 argwas="--throttle" nextarg="80"
04-06 02:09:25.796 18394 18394 W Monkey  : data="80"
04-06 02:09:25.796 12013 18356 I Finsky  : [529] Skipping logging for attempted installation. The source is a system package.
04-06 02:09:25.797 12013 18356 I Finsky  : [529] VerifyApps: Returning package verification result id=63, result=ALLOW
04-06 02:09:25.798  1321  1963 D ActivityManager: Parallel Broadcast is delayed BroadcastRecord{9e633ab u-1 android.intent.action.PACKAGE_VERIFIED}
04-06 02:09:25.800  1321  2865 D MdnieScenarioControlService:  packageName : android    className : com.android.internal.app.FrozenAppActivity
04-06 02:09:25.801  1321  2865 V MdnieScenarioControlService: setUIMode from UI function(3)
04-06 02:09:25.801  1321  1962 I PersonaServiceHelper: installStageForKnox(user:-1 installerUid:2000)
04-06 02:09:25.802  1321  1962 I PackageManager: START INSTALL PACKAGE: observer{255280070}
04-06 02:09:25.802  1321  1962 I PackageManager:           stagedDir{/data/app/vmdl1557596206.tmp}
04-06 02:09:25.802  1321  1962 I PackageManager:           stagedCid{null}
04-06 02:09:25.802  1321  1962 I PackageManager:           pkg{com.evolucao.app.test}
04-06 02:09:25.802  1321  1962 I PackageManager:           Request from{null}
04-06 02:09:25.803  1321  3011 I GenerationRegistry: mBackingStore.isClosed() : false
04-06 02:09:25.805 18394 18394 I Monkey  : :Monkey: seed=1775567066537 count=220
04-06 02:09:25.805 18394 18394 I Monkey  : :AllowPackage: com.evolucao.app
04-06 02:09:25.805 18394 18394 I Monkey  : :IncludeCategory: android.intent.category.LAUNCHER
04-06 02:09:25.805 18394 18394 I Monkey  : :IncludeCategory: android.intent.category.MONKEY
04-06 02:09:25.808 12013 12013 I Finsky  : [2] VerifyApps: Install-time verification complete: id=63, package_name=com.evolucao.app.test
04-06 02:09:25.810 18377 18377 D CompatibilityChangeReporter: Compat change id reported: 147798919; UID 1000; state: ENABLED
04-06 02:09:25.811  1321  2921 I GenerationRegistry: mBackingStore.isClosed() : false
04-06 02:09:25.812 18377 18455 D OpenGLRenderer: RenderThread::requireGlContext()
04-06 02:09:25.812 18377 18455 I AdrenoGLES-0: QUALCOMM build                   : db7e7066a2, I1fad33e957
04-06 02:09:25.812 18377 18455 I AdrenoGLES-0: Build Date                       : 05/11/25
04-06 02:09:25.812 18377 18455 I AdrenoGLES-0: OpenGL ES Shader Compiler Version: EV031.32.02.10
04-06 02:09:25.812 18377 18455 I AdrenoGLES-0: Local Branch                     : 
04-06 02:09:25.812 18377 18455 I AdrenoGLES-0: Remote Branch                    : refs/tags/AU_LINUX_ANDROID_LA.UM.9.12.11.00.00.582.697
04-06 02:09:25.812 18377 18455 I AdrenoGLES-0: Remote Branch                    : NONE
04-06 02:09:25.812 18377 18455 I AdrenoGLES-0: Reconstruct Branch               : NOTHING
04-06 02:09:25.812 18377 18455 I AdrenoGLES-0: Build Config                     : S P 10.0.7 AArch64
04-06 02:09:25.812 18377 18455 I AdrenoGLES-0: Driver Path                      : /vendor/lib64/egl/libGLESv2_adreno.so
04-06 02:09:25.813 18377 18377 V Toast   : show: caller = com.android.internal.app.FrozenAppActivity.onCreate:60 
04-06 02:09:25.813   649   649 I lmkd    : 0(delay), 50(swap), 43(freelimit), 0(reentrymode) memory pressure events were skipped after a kill!
04-06 02:09:25.813 18411 18411 D nativeloader: Configuring classloader-namespace for other apk /data/app/~~k5KD09Cn-tt0LWrwl5ogww==/com.microsoft.appmanager-u8sQVnVKl7WqyK6MpgVoiw==/base.apk. target_sdk_version=35, uses_libraries=, library_path=/data/app/~~k5KD09Cn-tt0LWrwl5ogww==/com.microsoft.appmanager-u8sQVnVKl7WqyK6MpgVoiw==/lib/arm64:/data/app/~~k5KD09Cn-tt0LWrwl5ogww==/com.microsoft.appmanager-u8sQVnVKl7WqyK6MpgVoiw==/base.apk!/lib/arm64-v8a, permitted_path=/data:/mnt/expand:/data/user/0/com.microsoft.appmanager
04-06 02:09:25.815 18377 18377 V Toast   : show: isFocusInDesktop = false mCustomDisplayId = -1 isDexDualMode = false isActivityContext = false
04-06 02:09:25.818  1321  1844 W BroadcastQueue: Skipping deliver [background] BroadcastRecord{67ddaa u-1 android.net.conn.CONNECTIVITY_CHANGE} to ReceiverList{d3f5d9b 18394 (unknown name)/2000/u-1 remote:3f8704c}: process gone or crashing
04-06 02:09:25.819  1321  2898 W ContextImpl: Calling a method in the system process without a qualified user: android.app.ContextImpl.sendBroadcast:1252 com.android.server.notification.sec.DisplayToast.sendIntentForToastDumpLog:156 com.android.server.notification.sec.DisplayToast.outFile:106 com.android.server.notification.sec.DisplayToast.out:62 com.android.server.notification.NotificationManagerService$12.enqueueToastForDex:3990 
04-06 02:09:25.820  1205  1839 I SurfaceFlinger: id=34821 createSurf, flag=80004, WindowToken{33eb911 type=2005 android.os.Binder@3624538}#34821
04-06 02:09:25.825  1321  2898 V WindowManager: Changing focus from null to Window{7ae1b77 u0 com.sec.android.app.launcher/com.sec.android.app.launcher.activities.LauncherActivity} displayId=0 Callers=com.android.server.wm.RootWindowContainer.updateFocusedWindowLocked:595 com.android.server.wm.WindowManagerService.updateFocusedWindowLocked:6810 com.android.server.wm.DisplayContent.layoutAndAssignWindowLayersIfNeeded:4794 com.android.server.wm.TaskDisplayArea.positionChildTaskAt:587 
04-06 02:09:25.825  1321  2898 D MARsPolicyManager: onPackageResumedFG pkgName = com.sec.android.app.launcher, userId = 0
04-06 02:09:25.825  1321  2898 D StatusBarManagerService: notifyRequestedSystemKey recent=false home=false
04-06 02:09:25.825  1321  2898 D ActivityTaskManager: scheduleTopResumedActivityChanged, onTop=false r=ActivityRecord{874e74e u0 android/com.android.internal.app.FrozenAppActivity} t827 f}} caller=com.android.server.wm.ActivityTaskSupervisor.updateTopResumedActivityIfNeeded:2510 com.android.server.wm.TaskDisplayArea.positionChildTaskAt:602 com.android.server.wm.TaskDisplayArea.positionChildAt:537 com.android.server.wm.WindowContainer.positionChildAt:970 com.android.server.wm.Task.positionChildAt:3354 com.android.server.wm.Task.moveToFrontInner:6053 
04-06 02:09:25.827  1321  2898 W WindowManager: Prepare app transition: mNextAppTransitionRequests=[TRANSIT_OPEN, TRANSIT_OPEN, TRANSIT_CLOSE], mNextAppTransitionFlags=, displayId: 0 Callers=com.android.server.wm.DisplayContent.prepareAppTransition:6493 com.android.server.wm.DisplayContent.prepareAppTransition:6484 com.android.server.wm.ActivityRecord.finishIfPossible:4167 com.android.server.wm.ActivityClientController.finishActivity:533 android.app.IActivityClientController$Stub.onTransact:711 
04-06 02:09:25.829 18377 18455 I AdrenoGLES-0: PFP: 0x016dd093, ME: 0x00000000
04-06 02:09:25.835  3132  3132 I TopTaskTracker: onTaskMovedToFront : taskId = 659
04-06 02:09:25.835 18377 18377 I DecorView: [INFO] isPopOver=false config=true
04-06 02:09:25.835 18377 18377 I DecorView: updateCaptionType: isFloating=false isApplication=true hasWindowDecorCaption=false this=DecorView@2da7bef[]
04-06 02:09:25.835 18377 18377 D DecorView: setCaptionType = 0, this = DecorView@2da7bef[]
04-06 02:09:25.836 18377 18377 I DecorView: getCurrentDensityDpi: from real metrics. densityDpi=480 msg=resources_loaded
04-06 02:09:25.836 18377 18377 I DecorView: setWindowBackground: isPopOver=false color=ff010101 d=null
04-06 02:09:25.837  1321  1963 W PackageParsing: No actions in intent-filter at /data/app/vmdl1557596206.tmp/base.apk Binary XML file line #31
04-06 02:09:25.837  1321  1963 W PackageParsing: No actions in intent-filter at /data/app/vmdl1557596206.tmp/base.apk Binary XML file line #39
04-06 02:09:25.837  1321  1963 W PackageParsing: No actions in intent-filter at /data/app/vmdl1557596206.tmp/base.apk Binary XML file line #47
04-06 02:09:25.837  1205  1205 I SurfaceFlinger: [7ae1b77 com.sec.android.app.launcher/com.sec.android.app.launcher.activities.LauncherActivity#109] FrameRatePriority: 1
04-06 02:09:25.839  1321  1963 W PackageManager: verifying app can be installed or not
04-06 02:09:25.840  1321  1963 D ApplicationPolicy: isApplicationInstallationEnabled
04-06 02:09:25.840  1321  1963 D ApplicationPolicy: isApplicationInstallationEnabled :  Checking PKG WL - false
04-06 02:09:25.840  1321  1963 D ApplicationPolicy: isApplicationInstallationEnabled :  Checking PKG BL - true
04-06 02:09:25.841  1321  1963 D ApplicationPolicy: isApplicationInstallationEnabled :  Checking PERM BL - true
04-06 02:09:25.841  1321  1963 D ApplicationPolicy: isApplicationInstallationEnabled :  Checking SIG BL - true
04-06 02:09:25.841  1321  1963 D ApplicationPolicy: isApplicationInstallationEnabled :  Checking PKG WL - false
04-06 02:09:25.841  1321  1963 D ApplicationPolicy: isApplicationInstallationEnabled :  Checking PKG BL - true
04-06 02:09:25.841  1321  1963 D ApplicationPolicy: isApplicationInstallationEnabled :  Checking PERM BL - true
04-06 02:09:25.841  1321  1963 D ApplicationPolicy: isApplicationInstallationEnabled :  Checking SIG BL - true
04-06 02:09:25.841  1321  1963 D ApplicationPolicy: isApplicationInstallationEnabled :  enabled true
04-06 02:09:25.843  1321  2921 V MARsPolicyManager: Current Home Package com.sec.android.app.launcher Resumed
04-06 02:09:25.843  1321  2921 I SemDvfsHyPerManager: acquire hyper - AMS_APP_HOME/1321@33, type = -999
04-06 02:09:25.843  1321  1811 D SGM:FgCheckThread: notePauseComponent(), received pkgName: android, userId: 0
04-06 02:09:25.843  1321  1321 I CocktailBarManagerServiceContainer: handleMessage: entry what = 6
04-06 02:09:25.844  1104  1166 I HYPER-HAL: [RequestManager.cpp]acquire(): Acquired ID : 917368  [1321 / 33]    HINT : AMS_APP_HOME    list : 
04-06 02:09:25.844  1321  1963 D RestrictionPolicy: isNewAdminInstallationEnabledInternal : false
04-06 02:09:25.844  5583  5583 I SemDvfsHyPerManager: acquire hyper - APP_START_HOME/5583@13, type = -999
04-06 02:09:25.845  1321  2921 D ActivityManagerPerformance: AMP_acquire() HOME
04-06 02:09:25.845  1321  2921 W WindowManager: Prepare app transition: mNextAppTransitionRequests=[TRANSIT_OPEN, TRANSIT_OPEN, TRANSIT_CLOSE, TRANSIT_OPEN], mNextAppTransitionFlags=, displayId: 0 Callers=com.android.server.wm.DisplayContent.prepareAppTransition:6493 com.android.server.wm.DisplayContent.prepareAppTransition:6484 com.android.server.wm.TaskFragment.resumeTopActivity:1583 com.android.server.wm.TaskFragment.resumeTopActivity:1307 com.android.server.wm.Task.resumeTopActivityInnerLocked:6451 
04-06 02:09:25.845  1321  2921 D ActivityTaskManager: scheduleTopResumedActivityChanged, onTop=true r=ActivityRecord{4961467 u0 com.sec.android.app.launcher/.activities.LauncherActivity} t659} caller=com.android.server.wm.ActivityTaskSupervisor.scheduleTopResumedActivityStateIfNeeded:2535 com.android.server.wm.ActivityTaskSupervisor.updateTopResumedActivityIfNeeded:2527 com.android.server.wm.TaskFragment.setResumedActivity:493 com.android.server.wm.TaskFragment.onActivityStateChanged:805 com.android.server.wm.ActivityRecord.setState:6428 com.android.server.wm.TaskFragment.resumeTopActivity:1629 
04-06 02:09:25.846  1104  1166 I HYPER-HAL: [ResourceManager.cpp]updateResource(): [CPUMinFreq] UpdateResource Request ID : 917368    Value : 2841600
04-06 02:09:25.846 18394 18394 I Monkey  : // Event percentages:
04-06 02:09:25.846  2682  2682 V ToastPresenter: sipHeight = -144
04-06 02:09:25.846  1104  1166 I HYPER-HAL: [RequestManager.cpp]acquire(): Acquired ID : 15660419  [5583 / 13]    HINT : APP_START    list : [KERNEL_APP_START_NOTIFY / 0] [TIMEOUT / 1500] 
04-06 02:09:25.847 18394 18394 I Monkey  : //   0: 15.306122%
04-06 02:09:25.847  1104  1166 I HYPER-HAL: [ResourceManager.cpp]updateResource(): [CPUMaxFreq] UpdateResource Request ID : 15660419    Value : 2841600
04-06 02:09:25.847  2682  2682 V ToastPresenter: yOffset = 192
04-06 02:09:25.847  2682  2682 V ToastPresenter: Text: Fvol in android.widget.ToastPresenter@5788e6b
04-06 02:09:25.848 18394 18394 I Monkey  : //   1: 10.204082%
04-06 02:09:25.848 18394 18394 I Monkey  : //   2: 2.0408163%
04-06 02:09:25.848 18394 18394 I Monkey  : //   3: 15.306122%
04-06 02:09:25.849 18394 18394 I Monkey  : //   4: -0.0%
04-06 02:09:25.849 18394 18394 I Monkey  : //   5: -0.0%
04-06 02:09:25.850 18394 18394 I Monkey  : //   6: 25.510204%
04-06 02:09:25.850 18394 18394 I Monkey  : //   7: 15.306122%
04-06 02:09:25.850 18394 18394 I Monkey  : //   8: -0.0%
04-06 02:09:25.850 18394 18394 I Monkey  : //   9: 2.0408163%
04-06 02:09:25.850 18394 18394 I Monkey  : //   10: 1.0204082%
04-06 02:09:25.850  2682  2793 D NativeCustomFrequencyManager: [NativeCFMS] BpCustomFrequencyManager::BpCustomFrequencyManager()
04-06 02:09:25.851 18394 18394 I Monkey  : //   11: 13.265306%
04-06 02:09:25.851 18394 18394 I Monkey  : :Switch: #Intent;action=android.intent.action.MAIN;category=android.intent.category.LAUNCHER;launchFlags=0x10200000;component=com.evolucao.app/.MainActivity;end
04-06 02:09:25.854  1321  2918 D InputDispatcher: Focus entered window (0): 7ae1b77 com.sec.android.app.launcher/com.sec.android.app.launcher.activities.LauncherActivity
04-06 02:09:25.854  3132  3132 I ViewRootImpl@9e5719f[LauncherActivity]: MSG_WINDOW_FOCUS_CHANGED 1 1
04-06 02:09:25.854  3132  3132 I ViewRootImpl@9e5719f[LauncherActivity]: mThreadedRenderer.initializeIfNeeded()#2 mSurface={isValid=true 0xb4000070acdb4800}
04-06 02:09:25.855  3132  3132 I BaseActivity: addActivityFlags, flags : 8
04-06 02:09:25.855  1321  2921 D InputDispatcher: Focused application(0): ActivityRecord{4961467 u0 com.sec.android.app.launcher/.activities.LauncherActivity} t659}
04-06 02:09:25.855 18377 18455 D OpenGLRenderer: RenderThread::setGrContext()
04-06 02:09:25.855  1321  2921 D SGM:FgCheckThread: TaskStackListener.onTaskFocusChanged(), taskId=827, focused=false
04-06 02:09:25.855  1321  2921 D SGM:FgCheckThread: TaskStackListener.onTaskFocusChanged(), taskId=659, focused=true
