04-06 02:00:22.821  1321  6244 D CompatibilityChangeReporter: Compat change id reported: 135634846; UID 10067; state: DISABLED
04-06 02:00:22.821 32087 32087 I Routine@Core[4.2.00.52]: RoutineHistoryDumpImpl: [RoutineService] [ACTION_METADATA_LOADING_FINISHED]
04-06 02:00:22.821  1321  6244 D CompatibilityChangeReporter: Compat change id reported: 177438394; UID 10067; state: DISABLED
04-06 02:00:22.821  1321  6244 D CompatibilityChangeReporter: Compat change id reported: 135772972; UID 10067; state: DISABLED
04-06 02:00:22.821  1321  6244 D CompatibilityChangeReporter: Compat change id reported: 135754954; UID 10067; state: ENABLED
04-06 02:00:22.821  1321  1845 D CompatibilityChangeReporter: Compat change id reported: 143937733; UID 10067; state: ENABLED
04-06 02:00:22.823  1687  1687 D CompatibilityChangeReporter: Compat change id reported: 171979766; UID 10069; state: ENABLED
04-06 02:00:22.823  6798  6798 I HBD     : d [PresenterContainerImpl] onFirstOnLayoutChanged: set touch listeners 
04-06 02:00:22.824  6798  6798 I HBD     : d [PresenterContainerImpl] OnLayoutChangeListener: ViewInfo = pos(0, 0), size(810, 750), posOnScreen(270, 1418), offset(0, 0), L 
04-06 02:00:22.824  6798  6798 I HBD     : a [BoardScrapCreator] create: keyboardCount(1) 
04-06 02:00:22.824  6798  6798 I HBD     : i2 updateChangedBoard - [LC:false][TC:true][RC:true][RB:false] 
04-06 02:00:22.824  6798  6798 I HBD     : b update cached prediction status : true 
04-06 02:00:22.824  6798  6798 I HBD     : f updateCurrentEngine,  3276809 ,  SWIFTKEY
04-06 02:00:22.824  6798  6798 I HBD     : a [SKE_TAM] Changed false
04-06 02:00:22.824  6798  6798 I HBD     : a [SKE_TAM] custom = false , useEngine = true
04-06 02:00:22.824  6798  6798 I HBD     : a [SKE_TAM] Changed false
04-06 02:00:22.825  6798  6798 I HBD     : a refresh(), mParameterMode,  0
04-06 02:00:22.825  6798  6798 I HBD     : a [PF_EN] updateChangedBoard() 1 
04-06 02:00:22.825 32548   709 E OneAuthLog: [OneAuth:0002:Error::00000000] [Common] [2026-04-06 05:00:22 - thread_id: 211, correlation_id: UNSET - Android 33] Broker Result not returned from Broker   
04-06 02:00:22.826  6798  6798 I HBD     : l0 EBD bc t 0 
04-06 02:00:22.826 32548   709 I OneAuthLog: [OneAuth:0002:Info::00000000] [Common] [2026-04-06 05:00:22 - thread_id: 211, correlation_id: UNSET - Android 33] ResultBundle does not contain BrokerResult. So, this is not likely a broker version supported issue. Continuing.   
04-06 02:00:22.826  6798  6798 I HBD     : c TMST - update statistics 
04-06 02:00:22.827  1321  1963 D AASA_PackageManager_RESTRICTED: Uninstall : userId = 0, info.mRemovedAppId = 10347, info.uid = 10347, packageName = com.evolucao.app
04-06 02:00:22.827  6798  6798 I ViewRootImpl@d849e22[InputMethod]: reportNextDraw android.view.ViewRootImpl.performTraversals:4438 android.view.ViewRootImpl.doTraversal:3116 android.view.ViewRootImpl$TraversalRunnable.run:10885 android.view.Choreographer$CallbackRecord.run:1301 android.view.Choreographer$CallbackRecord.run:1309 
04-06 02:00:22.827  6798  6798 I ViewRootImpl@d849e22[InputMethod]: Setup new sync id=1197
04-06 02:00:22.827  6798  6798 I ViewRootImpl@d849e22[InputMethod]: Setting syncFrameCallback
04-06 02:00:22.828  6798  6798 I ViewRootImpl@d849e22[InputMethod]: registerCallbacksForSync syncBuffer=false
04-06 02:00:22.829  1574  1574 I DIAGMON_SDK[605060][br23r9jsjw] : generated SR object
04-06 02:00:22.830  3132  3566 I AppIconSolution: return adaptive icon for com.evolucao.app.test, isNight = true
04-06 02:00:22.831  1304  1680 W soft.appmanager: Long monitor contention with owner arch_disk_io_1 (1681) at java.lang.Object kotlin.SynchronizedLazyImpl.getValue()(r8-map-id-c5988c04bf7aeecf1d42555e4512ce933c8d1fef42ae8dcc9161e1701e0be1a3:30) waiters=0 in java.lang.Object kotlin.SynchronizedLazyImpl.getValue() for 286ms
04-06 02:00:22.832  1574  1574 I CapsuleProvider_1.0.23: releasing initialize wait lock.
04-06 02:00:22.833  1005  1005 D Zygote  : Forked child process 1719
04-06 02:00:22.834  1304  1675 W soft.appmanager: Long monitor contention with owner arch_disk_io_1 (1681) at java.lang.Object kotlin.SynchronizedLazyImpl.getValue()(r8-map-id-c5988c04bf7aeecf1d42555e4512ce933c8d1fef42ae8dcc9161e1701e0be1a3:30) waiters=1 in java.lang.Object kotlin.SynchronizedLazyImpl.getValue() for 287ms
04-06 02:00:22.834  1321  2807 D CompatibilityChangeReporter: Compat change id reported: 135634846; UID 10074; state: DISABLED
04-06 02:00:22.834  1321  2807 D CompatibilityChangeReporter: Compat change id reported: 177438394; UID 10074; state: DISABLED
04-06 02:00:22.834  1321  2807 D CompatibilityChangeReporter: Compat change id reported: 135772972; UID 10074; state: DISABLED
04-06 02:00:22.834  1321  2807 D CompatibilityChangeReporter: Compat change id reported: 135754954; UID 10074; state: ENABLED
04-06 02:00:22.836  1321  1845 I ActivityManager: Start proc 1719:com.google.android.packageinstaller/u0a67 for broadcast {com.google.android.packageinstaller/com.android.packageinstaller.PackageInstalledReceiver}
04-06 02:00:22.836  1321  1845 D CompatibilityChangeReporter: Compat change id reported: 143937733; UID 10074; state: ENABLED
04-06 02:00:22.838  6798 24209 I ViewRootImpl@d849e22[InputMethod]: Received frameDrawingCallback syncResult=0 frameNum=1.
04-06 02:00:22.838  6798 24209 I ViewRootImpl@d849e22[InputMethod]: Setting up sync and frameCommitCallback
04-06 02:00:22.839  1321  1963 D PackageManager: result of delete: 1{214022196}
04-06 02:00:22.839 32087 32087 I Routine@Core[4.2.00.52]: RoutineService: onDestroy
04-06 02:00:22.839 32087 32087 I Routine@Core[4.2.00.52]: MetadataLoaderJobService: onDestroy
04-06 02:00:22.840  1321  1963 I ActivityManager: Force stopping com.evolucao.app appid=10347 user=0: pkg removed
04-06 02:00:22.840  1321  1808 W Looper  : Drained
04-06 02:00:22.843 32548   800 V OneAuthLog: [MSAL:0005]	DEBUG  	SetField:175	Key: broker_app_used, Value: true
04-06 02:00:22.843 32548   800 V OneAuthLog: [MSAL:0005]	DEBUG  	AppendField:208	Key: auth_flow, Value: Broker
04-06 02:00:22.843 32548   800 V OneAuthLog: [MSAL:0005]	DEBUG  	SetField:175	Key: is_successful, Value: true
04-06 02:00:22.843 32548   800 V OneAuthLog: [MSAL:0005]	DEBUG  	SetField:175	Key: broker_accounts_count, Value: 0
04-06 02:00:22.844  1321  2898 D PackageManager: setEnabledSetting : userId = 0 packageName = com.microsoft.appmanager cmp = androidx.work.impl.background.systemjob.SystemJobService newState = 1 callingPackage = 10130/com.microsoft.appmanager
04-06 02:00:22.844 32548   800 V OneAuthLog: [MSAL:0005]	DEBUG  	AppendExecutionFlow:428	{"t":"4qnni","tid":5,"ts":2530,"l":2,"a":2,"ie":0}
04-06 02:00:22.846 32548   709 V OneAuthLog: [OneAuth:0002:Verbose::00000000] [Common] [2026-04-06 05:00:22 - thread_id: 211, correlation_id: 0de6e936-dd3f-4ce8-9f29-0b2f5904c245 - Android 33] Loading Accounts...(no arg)   
04-06 02:00:22.846  1574  1574 I Routine@Ui[4.2.00.52]: RoutinesAppWidgetProviderPolicyImpl: getAvailableAppWidgetProviderComponentName - [old : 0, new : 0]
04-06 02:00:22.846  1574  1574 I Routine@Ui[4.2.00.52]: RoutinesAppWidgetProviderPolicyImpl: getAvailableComponentName - don't have any widget ids.
04-06 02:00:22.847 32548   709 I OneAuthLog: [OneAuth:0002:Info::00000000] [Common] [2026-04-06 05:00:22 - thread_id: 211, correlation_id: 0de6e936-dd3f-4ce8-9f29-0b2f5904c245 - Android 33] Found [0] Accounts...   
04-06 02:00:22.854 32548   800 V OneAuthLog: [MSAL:0005]	DEBUG  	AppendExecutionFlow:428	{"t":"4qnnh","tid":5,"ts":2541,"l":2,"a":2,"ie":1}
04-06 02:00:22.854 32548   800 V OneAuthLog: [MSAL:0005]	DEBUG  	ReadAllAccountsInternal:157	List all MSAL accounts
04-06 02:00:22.854 32548   800 V OneAuthLog: [MSAL:0005]	DEBUG  	ReadAllAccountsInternal:301	List all MSAL accounts finished
04-06 02:00:22.854 32548   800 V OneAuthLog: [MSAL:0005]	DEBUG  	SetField:175	Key: storage_accounts_count, Value: 0
04-06 02:00:22.854 32548   800 V OneAuthLog: [MSAL:0005]	DEBUG  	SetField:175	Key: is_successful, Value: true
04-06 02:00:22.854 32548   800 V OneAuthLog: [MSAL:0005]	DEBUG  	SetTimeField:194	Key: stop_time, Value: 2026-04-06T05:00:22.000Z
04-06 02:00:22.854 32548   800 V OneAuthLog: [MSAL:0005]	DEBUG  	SetField:175	Key: request_duration, Value: 2545
04-06 02:00:22.855 32548   800 V OneAuthLog: [MSAL:0005]	DEBUG  	AppendExecutionFlow:428	{"t":"4c10b","tid":5,"ts":2542,"l":2}
04-06 02:00:22.855  1321  1716 D TspStateManager: wrote command: cmd=1,18,7,24,1881, type=1
04-06 02:00:22.856  1149  1149 I sysinput:Touch: writeInformation:249, OK
04-06 02:00:22.856 32548   800 V OneAuthLog: [MSAL:0005]	DEBUG  	AppendExecutionFlow:428	{"t":"4c10a","tid":5,"ts":2543,"l":2}
04-06 02:00:22.856 32548   800 V OneAuthLog: [MSAL:0005]	DEBUG  	SetField:175	Key: device_idle_mode, Value: NotInDozeMode
04-06 02:00:22.856  1321  2364 D SysinputHAL_V1_3(V1_2): runTspCmdNoRead(1): set_grip_data,1,18,7,24,1881(0)
04-06 02:00:22.856 32548   800 I OneAuthLog: [MSAL:0005]	INFO   	LogTelemetryData:478	Printing Telemetry for Correlation ID: 0de6e936-dd3f-4ce8-9f29-0b2f5904c245
04-06 02:00:22.856 32548   800 I OneAuthLog: [MSAL:0005]	INFO   	LogTelemetryData:486	Key: device_idle_mode, Value: NotInDozeMode
04-06 02:00:22.856 32548   800 I OneAuthLog: [MSAL:0005]	INFO   	LogTelemetryData:486	Key: stop_time, Value: 2026-04-06T05:00:22.000Z
04-06 02:00:22.856 32548   800 I OneAuthLog: [MSAL:0005]	INFO   	LogTelemetryData:486	Key: storage_accounts_count, Value: 0
04-06 02:00:22.856 32548   800 I OneAuthLog: [MSAL:0005]	INFO   	LogTelemetryData:486	Key: request_duration, Value: 2545
04-06 02:00:22.856 32548   800 I OneAuthLog: [MSAL:0005]	INFO   	LogTelemetryData:486	Key: broker_power_optimization, Value: OptOut
04-06 02:00:22.856 32548   800 I OneAuthLog: [MSAL:0005]	INFO   	LogTelemetryData:486	Key: was_request_throttled, Value: false
04-06 02:00:22.856 32548   800 I OneAuthLog: [MSAL:0005]	INFO   	LogTelemetryData:486	Key: request_eligible_for_broker, Value: true
04-06 02:00:22.856 32548   800 I OneAuthLog: [MSAL:0005]	INFO   	LogTelemetryData:486	Key: is_successful, Value: true
04-06 02:00:22.856 32548   800 I OneAuthLog: [MSAL:0005]	INFO   	LogTelemetryData:486	Key: auth_flow, Value: Broker
04-06 02:00:22.856 32548   800 I OneAuthLog: [MSAL:0005]	INFO   	LogTelemetryData:486	Key: authority_type, Value: Unknown
04-06 02:00:22.856 32548   800 I OneAuthLog: [MSAL:0005]	INFO   	LogTelemetryData:486	Key: broker_app_used, Value: true
04-06 02:00:22.856 32548   800 I OneAuthLog: [MSAL:0005]	INFO   	LogTelemetryData:486	Key: api_name, Value: DiscoverAccounts
04-06 02:00:22.856 32548   800 I OneAuthLog: [MSAL:0005]	INFO   	LogTelemetryData:486	Key: msal_version, Value: 9.1.0
04-06 02:00:22.856 32548   800 I OneAuthLog: [MSAL:0005]	INFO   	LogTelemetryData:486	Key: start_time, Value: 2026-04-06T05:00:20.000Z
04-06 02:00:22.856 32548   800 I OneAuthLog: [MSAL:0005]	INFO   	LogTelemetryData:486	Key: client_id, Value: b26aadf8-566f-4478-926f-589f601d9c74
04-06 02:00:22.856 32548   800 I OneAuthLog: [MSAL:0005]	INFO   	LogTelemetryData:486	Key: broker_accounts_count, Value: 0
04-06 02:00:22.856 32548   800 I OneAuthLog: [MSAL:0005]	INFO   	LogTelemetryData:486	Key: correlation_id, Value: 0de6e936-dd3f-4ce8-9f29-0b2f5904c245
04-06 02:00:22.856 32548   800 I OneAuthLog: [MSAL:0005]	INFO   	LogTelemetryData:491	Printing Execution Flow:
04-06 02:00:22.856 32548   800 I OneAuthLog: [MSAL:0005]	INFO   	LogTelemetryData:499	{"t":"4sufd","tid":4,"ts":0,"s":2,"l":2},{"t":"4swgg","tid":4,"ts":0,"s":1,"l":2},{"t":"4swgf","tid":4,"ts":0,"s":1,"l":2},{"t":"4swgi","tid":5,"ts":1,"s":1,"l":2},{"t":"8dqku","tid":5,"ts":1,"l":2},{"t":"4efdy","tid":5,"ts":2,"l":2},{"t":"4efe1","tid":5,"ts":4,"l":2},{"t":"4efez","tid":5,"ts":91,"l":2},{"t":"4efey","tid":5,"ts":104,"l":2},{"t":"4efew","tid":5,"ts":115,"l":2},{"t":"4efdx","tid":5,"ts":115,"l":2},{"t":"4qnni","tid":5,"ts":2530,"l":2,"a":2,"ie":0},{"t":"4qnnh","tid":5,"ts":2541,"l":2,"a":2,"ie":1},{"t":"4c10b","tid":5,"ts":2542,"l":2},{"t":"4c10a","tid":5,"ts":2543,"l":2}
04-06 02:00:22.856 32548   800 I OneAuthLog: [OneAuth:0005:Info:59ljv:0de6e936] Found 0 accounts using client ID: b26aadf8-566f-4478-926f-589f601d9c74
04-06 02:00:22.857 32548   800 V OneAuthLog: [OneAuth:0005:Verbose:6k1zf:0de6e936] Start to read from account store 
04-06 02:00:22.857 32548   800 V OneAuthLog: [OneAuth:0005:Verbose:6k1zg:0de6e936] Read from account store succeeded 
04-06 02:00:22.857 32548   800 I OneAuthLog: [OneAuth:0005:Info:7orfe:0de6e936] Start to read from MSAL cache
04-06 02:00:22.857 32548   800 V OneAuthLog: [MSAL:0005]	DEBUG  	ReadAllAccountsInternal:157	List all MSAL accounts
04-06 02:00:22.857 32548   800 V OneAuthLog: [MSAL:0005]	DEBUG  	ReadAllAccountsInternal:301	List all MSAL accounts finished
04-06 02:00:22.857 32548   800 I OneAuthLog: [OneAuth:0005:Info:8o1or:0de6e936] Finished account discovery
04-06 02:00:22.858 32548   709 V OneAuthLog: [OneAuth:0002:Verbose::00000000] [Common] [2026-04-06 05:00:22 - thread_id: 211, correlation_id: UNSET - Android 33] Loading Accounts...(no arg)   
04-06 02:00:22.858 32548   709 I OneAuthLog: [OneAuth:0002:Info::00000000] [Common] [2026-04-06 05:00:22 - thread_id: 211, correlation_id: UNSET - Android 33] Found [0] Accounts...   
04-06 02:00:22.858  3132  3566 I PostPositionOperator: addItem() - com.evolucao.app.test, isWidgetOnly : true
04-06 02:00:22.859 32548   800 E OneAuthLog: [OneAuth:0005:Error:96xl9:0de6e936] Setting correlation ID to identical value
04-06 02:00:22.859 32548   800 E OneAuthLog: [OneAuth:0005:Error:96q8r:0de6e936] Attempting to set a new correlation ID to a thread with an existing correlation ID.
04-06 02:00:22.859 32548   800 V OneAuthLog: [OneAuth:0005:Verbose:6k1zf:0de6e936] Start to read from account store 
04-06 02:00:22.860 32548   800 V OneAuthLog: [OneAuth:0005:Verbose:6k1zg:0de6e936] Read from account store succeeded 
04-06 02:00:22.860 32548   800 I OneAuthLog: [OneAuth:0005:Info:4cxl6:0de6e936] No accounts found in the OneAuth account store
04-06 02:00:22.861  1321  1811 W ProcessStats: Tracking association SourceState{26987a2 com.google.android.googlequicksearchbox:search/10228 BTopFgs #391350} whose proc state 2 is better than process ProcessState{5291018 com.google.android.gms.persistent/10227 pkg=com.google.android.gms} proc state 3 (1626 skipped)
04-06 02:00:22.861 32548   800 V OneAuthLog: [MSAL:0005]	DEBUG  	ExecuteQueueItemThreadProc:407	Item 1 finished executing without throwing an error
04-06 02:00:22.861 32548   800 V OneAuthLog: [MSAL:0005]	DEBUG  	CompleteBackgroundRequest:375	CompleteBackgroundRequest item 1
04-06 02:00:22.862  6798  8632 I BLASTBufferQueue: [ViewRootImpl@d849e22[InputMethod]#530](f:0,a:0) onFrameAvailable the first frame is available
04-06 02:00:22.862  1203  1203 I Process : Sending signal. PID: 1203 SIG: 9
04-06 02:00:22.862  6798  8632 I ViewRootImpl@d849e22[InputMethod]: Received frameCommittedCallback lastAttemptedDrawFrameNum=1 didProduceBuffer=true
04-06 02:00:22.862  6798  6798 I ViewRootImpl@d849e22[InputMethod]: onSyncComplete
04-06 02:00:22.862  1321  6280 D CompatibilityChangeReporter: Compat change id reported: 168419799; UID 10041; state: DISABLED
04-06 02:00:22.863  6798  6798 I ViewRootImpl@d849e22[InputMethod]: setupSync seqId=30 mSyncId=1197 fn=1 caller=android.view.ViewRootImpl$$ExternalSyntheticLambda11.accept:6 android.window.SurfaceSyncer.lambda$setupSync$1$android-window-SurfaceSyncer:128 android.window.SurfaceSyncer$$ExternalSyntheticLambda1.accept:8 android.window.SurfaceSyncer$SyncSet.checkIfSyncIsComplete:382 android.window.SurfaceSyncer$SyncSet.markSyncReady:359 android.window.SurfaceSyncer.markSyncReady:151 android.view.ViewRootImpl.performTraversals:4503 
04-06 02:00:22.863  1574  1574 I [RoutineSdk3.0-3.1.5]: RoutineSdkImpl: setHandler - conditionHandler initialized
04-06 02:00:22.863  1574  1574 I [RoutineSdk3.0-3.1.5]: RoutineSdkImpl: setHandler - actionHandler initialized
04-06 02:00:22.863  6798  6798 I HBD     : b skip onKeyDown as physical keyboard not connected 
04-06 02:00:22.863  6798  6798 I HBD     : HoneyBoardService onKeyDown r:92ce6875 consumed:false 0 
04-06 02:00:22.863  1574  1574 I Routine@Ui[4.2.00.52]: LifestyleModeTileHelper: setLifestyleModeTile
04-06 02:00:22.863  6798  6798 I ViewRootImpl@d849e22[InputMethod]: reportDrawFinished seqId=30 mSyncId=-1 fn=1 mSurfaceChangedTransaction=0xb4000070a0bfe900
04-06 02:00:22.864 17006 17006 I ViewRootImpl@beef91f[MainActivity]: setInTouchMode(false), android.view.ViewRootImpl.checkForLeavingTouchModeAndConsume:9376 android.view.ViewRootImpl.-$$Nest$mcheckForLeavingTouchModeAndConsume:0 android.view.ViewRootImpl$EarlyPostImeInputStage.processKeyEvent:7707 android.view.ViewRootImpl$EarlyPostImeInputStage.onProcess:7691 android.view.ViewRootImpl$InputStage.deliver:7213 android.view.ViewRootImpl$InputStage.onDeliverToNext:7270 android.view.ViewRootImpl$InputStage.forward:7236 android.view.ViewRootImpl$AsyncInputStage.forward:7467 android.view.ViewRootImpl$ImeInputStage.onFinishedInputEvent:7676 android.view.inputmethod.InputMethodManager$PendingEvent.run:3897 
04-06 02:00:22.864 17006 17006 I ViewRootImpl@beef91f[MainActivity]: ViewPostIme key 0
04-06 02:00:22.871  6047  6047 I SCS@AiSearch user 0: (ObserverWorker::AOSP_MP) [main] entering in startWork():  
04-06 02:00:22.871  6047  6047 I SCS@AiSearch user 0: (BaseCollector::AOSP_MP) [main] entering in onChange():  
04-06 02:00:22.872  6047 12748 I SCS@AiSearch user 0: (BaseCollector::AOSP_MP) [AOSP_MP-0] entering in collectChanges():  
04-06 02:00:22.881  1005  1005 D Zygote  : Forked child process 1721
04-06 02:00:22.889  1186  1186 I SSC_DAEMON: physical_sensor_test_req_msg Sensor type :0, Msg type:3
04-06 02:00:22.891  1186  2088 I SSC_DAEMON: accel_motor_state_event: 1, 0
04-06 02:00:22.891  1186  2088 I SSC_DAEMON: SBOM motor: 0
04-06 02:00:22.892  1096  4038 E libprotobuf-native: [libprotobuf ERROR external/protobuf/src/google/protobuf/message_lite.cc:123] Can't parse message of type "sns_std_sensor_event" because it is missing required fields: (cannot determine missing fields for lite message)
04-06 02:00:22.894  1321  2474 D SemNscXgbMsL1: Probability - Cloud gaming: [0.056317143]
04-06 02:00:22.894  1321  3011 D SecContentProvider: query(), uri = 15 selection = isClipboardAllowedAsUser
04-06 02:00:22.894  1321  3011 D SecContentProvider: called from android.uid.honeyboard:10138
04-06 02:00:22.894  1321  3011 D RestrictionPolicy: isClipboardAllowed : true
04-06 02:00:22.894  1321  3011 D SecContentProvider: SemKnoxPolicyContract.RestrictionPolicy.CLIPBOARD_ALLOWED_AS_USER return = true
04-06 02:00:22.894  1321  5715 D InputDispatcher: Touch mode switch rejected, caller (pid=0, uid=10197) doesn't own the focused window nor none of the previously interacted window
04-06 02:00:22.894  1321  2474 D SemNscXgbMsL1: Probability - Real time: [0.26019382]
04-06 02:00:22.894  1321  2898 D ApplicationPolicy: getApplicationStateEnabled : pkg = com.microsoft.appmanager userId : 0
04-06 02:00:22.895  1321  6295 D PackageManager: setEnabledSetting : userId = 0 packageName = com.samsung.android.scs cmp = androidx.work.impl.background.systemalarm.RescheduleReceiver newState = 1 callingPackage = 10098/com.samsung.android.scs
04-06 02:00:22.895  1321  2898 D ApplicationPolicy: getApplicationComponentState : pkg = com.microsoft.appmanager userId : 0
04-06 02:00:22.896  6798  6798 I InputMethod: showSoftInput(), flags : 1
04-06 02:00:22.896  1321  6280 D WindowManager: finishDrawingWindow: Window{97647f8 u0 InputMethod} mDrawState=DRAW_PENDING seqId=30
04-06 02:00:22.896  1321  2807 I InputMethodManagerService: isAccessoryKeyboard 0
04-06 02:00:22.896  6798  6798 I HBD     : HoneyBoardService onEvaluateInputViewShown: true 
04-06 02:00:22.897  1321  6295 D ApplicationPolicy: getApplicationStateEnabled : pkg = com.samsung.android.scs userId : 0
04-06 02:00:22.897  1321  6244 D PackageManager: setEnabledSetting : userId = 0 packageName = com.samsung.android.app.routines cmp = com.samsung.android.app.routines.LifestyleModeTile newState = 1 callingPackage = 10041/com.samsung.android.app.routines
04-06 02:00:22.897  1321  2474 D SemNscXgbMsL1: Probability - Non real time: [0.49481007]
04-06 02:00:22.897  1321  8944 I InputMethodManagerService: isAccessoryKeyboard 0
04-06 02:00:22.897  1321  2474 D SemNscXgbMsL1: 1 sample inference time: 3.155104 msecs
04-06 02:00:22.897  6798  6798 I HBD     : HoneyBoardService onEvaluateInputViewShown: true 
04-06 02:00:22.897  6798  6798 I InputMethodService: startViews: mShowInputRequested=true, mInputViewStarted=true, mCandidatesViewStarted= false
04-06 02:00:22.898  1321  6295 D ApplicationPolicy: getApplicationComponentState : pkg = com.samsung.android.scs userId : 0
04-06 02:00:22.898  3132  3566 I SessionCommitReceiver: onReceive() !isEnabled()
04-06 02:00:22.898  1574  1720 I Routine@Ui[4.2.00.52]: Pref: putSharedPrefsData() key=debug_mode_features
04-06 02:00:22.898  1321  2474 D SemNscXgbL2Rt: L2 RT 1 sample inference time: 1.064114 msecs
04-06 02:00:22.899  1321  2474 D SemNscXgbL2Nrt: L2 NRT 1 sample inference time: 0.97849 msecs
04-06 02:00:22.899  3132  3566 I GameLauncherManagerImp: bindAppsVisibilityQuery start
04-06 02:00:22.900  1574  1720 I Routine@Ui[4.2.00.52]: DebugModeRepository: initialized.
04-06 02:00:22.905  1321  6244 D ApplicationPolicy: getApplicationStateEnabled : pkg = com.samsung.android.app.routines userId : 0
04-06 02:00:22.906  1321  6244 D ApplicationPolicy: getApplicationComponentState : pkg = com.samsung.android.app.routines userId : 0
04-06 02:00:22.922  1574  1574 I Routine@Ui[4.2.00.52]: MetadataSyncHistory: latest : 4.2.00.52, currentVersion : 4.2.00.52
04-06 02:00:22.926  1321  2415 I SearchManagerService: _updateSearchables
04-06 02:00:22.927   970  1663 W GOS:PackageUtil: isPackageInstalledAsUser(). Exception: android.content.pm.PackageManager$NameNotFoundException: com.evolucao.app
04-06 02:00:22.928   970  1663 I GOS:GameIntentService: onPackageChanged(). extras: Bundle[{changeType=0, userId=0, pkgName=com.evolucao.app, type=15, packageName=com.evolucao.app}]
04-06 02:00:22.928   970  1663 I GOS:GameIntentService: onPackageChanged(). changeType(INSTALLED), pkgName(com.evolucao.app), UserHandle(0), userId(0), Installed(false)
04-06 02:00:22.929  1719  1719 I ackageinstaller: Using CollectorTypeCC GC.
04-06 02:00:22.929  1574  1574 I Routine@Ui[4.2.00.52]: MetadataSyncHistory: latest : 4.2.00.52, currentVersion : 4.2.00.52
04-06 02:00:22.937  1721  1721 I ung.android.mdx: Using CollectorTypeCC GC.
04-06 02:00:22.939  1719  1719 E ackageinstaller: Not starting debugger since process cannot load the jdwp agent.
04-06 02:00:22.940  1321  1845 W ActivityManager: Slow operation: 107ms so far, now at startProcess: done updating battery stats
04-06 02:00:22.940  1321  1845 W ActivityManager: Slow operation: 107ms so far, now at startProcess: building log message
04-06 02:00:22.940  1321  1845 I ActivityManager: Start proc 1721:com.samsung.android.mdx/u0a74 for content provider {com.samsung.android.mdx/com.samsung.android.mdx.windowslink.tileservice.StateContentProvider}
04-06 02:00:22.940  1321  1845 W ActivityManager: Slow operation: 107ms so far, now at startProcess: starting to update pids map
04-06 02:00:22.943  1321  1845 W ActivityManager: Slow operation: 110ms so far, now at startProcess: done updating pids map
04-06 02:00:22.944  6798  6798 I HBD     : HoneyBoardService onWindowShown 
04-06 02:00:22.944  6798  6798 I HBD     : HoneyBoardService [PF_OP][onWindowShown]  0 ms 
04-06 02:00:22.944  6798  6798 I MSHandlerLifeCycle: check: return. pkg=com.samsung.android.honeyboard isActivity=false callers=com.android.internal.policy.DecorView.setVisibility:4412 android.app.Dialog.show:454 android.inputmethodservice.SoftInputWindow.show:208 android.inputmethodservice.InputMethodService.showWindow:3071 android.inputmethodservice.InputMethodService$InputMethodImpl.showSoftInput:1035 
04-06 02:00:22.944  6798  6798 I MSHandlerLifeCycle: removeMultiSplitHandler: no exist. decor=DecorView@7a2176c[InputMethod]
04-06 02:00:22.944  1321  6280 D InputMethodManagerService: notifyUserActivity: canceled, displayId=0
04-06 02:00:22.946  1321  6280 D InputMethodManagerService: isImeSwitcherDisabledPackage : false
04-06 02:00:22.946  1321  6280 I InputMethodManagerService: setImeWindowStatus: vis=3, backDisposition=0
04-06 02:00:22.947 32087 32087 I AbstractProxyReflection: Create proxy instance for class : com.samsung.android.app.usage.IUsageStatsWatcher$Stub
04-06 02:00:22.947 32087 32087 I AbstractProxyReflection: Create proxy instance for class : com.samsung.android.app.usage.IUsageStatsWatcher$Stub
04-06 02:00:22.947 32087 32087 I Routine@Core[4.2.00.52]: RoutineHistoryDumpImpl: [PRELOAD_CONDITION_SERVICE] onCreate
04-06 02:00:22.948  1721  1721 E ung.android.mdx: Not starting debugger since process cannot load the jdwp agent.
04-06 02:00:22.948 32087 32087 I Routine@Core[4.2.00.52]: WatchingConditions: clear
04-06 02:00:22.948 32087 32087 I Routine@Core[4.2.00.52]: Pref: removeSharedPrefsData() key=condition_launch_app_data_resume_pkg
04-06 02:00:22.949 32087 32087 I Routine@Core[4.2.00.52]: AppLifecycleWatcher: updateUsageStateWatcher: 0
04-06 02:00:22.949 32087 32087 I Routine@Core[4.2.00.52]: ActivityWatcherForSolo: unregister
04-06 02:00:22.950   970  1663 I GOS:GameIntentService: onHandleIntent. GameIntentService. type: 15, pkgName: com.evolucao.app.test
04-06 02:00:22.950 32087 32087 I Routine@Core[4.2.00.52]: WatchingConditions: clear
04-06 02:00:22.950 32087 32087 I Routine@Core[4.2.00.52]: Pref: removeSharedPrefsData() key=condition_launch_app_data_resume_pkg
04-06 02:00:22.950 32087 32087 I Routine@Core[4.2.00.52]: PreloadConditionService: onEnd: tag=launch_app, stop service.
04-06 02:00:22.952  1321  2352 I InputDispatcher: Delivering key to (17006): DP action: 0x1 (0), f=0x8, m=0x0, d=0, '8886c07'
04-06 02:00:22.952 17006 17006 I SeslCVInsetsCallback: onPrepare
04-06 02:00:22.953   970  1663 I GOS:GameIntentService: onPackageChanged(). extras: Bundle[{changeType=0, userId=0, pkgName=com.evolucao.app.test, type=15, packageName=com.evolucao.app.test}]
04-06 02:00:22.953   970  1663 I GOS:GameIntentService: onPackageChanged(). changeType(INSTALLED), pkgName(com.evolucao.app.test), UserHandle(0), userId(0), Installed(true)
04-06 02:00:22.953 32087 32087 I Routine@Core[4.2.00.52]: WatchingConditions: clear
04-06 02:00:22.953 32087 32087 I Routine@Core[4.2.00.52]: Pref: removeSharedPrefsData() key=condition_launch_game_data_resume_pkg
04-06 02:00:22.953 32087 32087 I Routine@Core[4.2.00.52]: AppLifecycleWatcher: updateUsageStateWatcher: 0
04-06 02:00:22.953 32087 32087 I Routine@Core[4.2.00.52]: ActivityWatcherForSolo: unregister
04-06 02:00:22.953   970  1663 I GOS:GameIntentService: onPkgInstalled(), appInfoCategory: -1, packageName: com.evolucao.app.test
04-06 02:00:22.954  6798  6798 I HBD     : l0 EBD si t 0 
04-06 02:00:22.954  1321  6280 D InsetsSourceProvider: updateVisibility: serverVisible=true, clientVisible=true, source=InsetsSource: {mType=ITYPE_IME, mFrame=[0,1374][1080,2400], mVisibleFrame=[0,1374][1080,2400], mVisible=true, mInsetsRoundedCornerFrame=false}, controlTarget=Window{8886c07 u0 com.sec.android.daemonapp/com.sec.android.daemonapp.app.MainActivity}, from=com.android.server.wm.ImeInsetsSourceProvider.updateVisibility:98 com.android.server.wm.InsetsSourceProvider.setClientVisible:536 com.android.server.wm.InsetsSourceProvider.updateClientVisibility:518 com.android.server.wm.ImeInsetsSourceProvider.updateClientVisibility:114 com.android.server.wm.InsetsStateController.onInsetsModified:250 com.android.server.wm.InsetsPolicy.onInsetsModified:556 com.android.server.wm.Session.updateRequestedVisibilities:780 android.view.IWindowSession$Stub.onTransact:1184 com.android.server.wm.Session.onTransact:188 android.os.Binder.execTransactInternal:1321 
04-06 02:00:22.954  6798  6798 I HBD     : HoneyBoardService onKeyUp r:3745d23e consumed:false 0 
04-06 02:00:22.955 17006 17006 I ViewRootImpl@beef91f[MainActivity]: ViewPostIme key 1
04-06 02:00:22.955  1321  6280 I WindowManager: Cancelling animation restarting=false, leash=Surface(name=Surface(name=6d45259 NavigationBar0)/@0x28b570b - animation-leash of insets_animation)/@0x7665cdc
04-06 02:00:22.955  6798  6798 I Choreographer: Skipped 36 frames!  The application may be doing too much work on its main thread.
04-06 02:00:22.955  1321  6280 I WindowManager: Reparenting to original parent: Surface(name=WindowToken{624d6a0 type=2019 android.os.BinderProxy@dd6a6d2})/@0x75b99e8, destroy=false, surface=Surface(name=6d45259 NavigationBar0)/@0x28b570b
04-06 02:00:22.955  1321  6280 D WindowManager: updateSystemBarAttributes: displayId=0, win=Window{8886c07 u0 com.sec.android.daemonapp/com.sec.android.daemonapp.app.MainActivity}, navColorWin=Window{97647f8 u0 InputMethod}, focusedCanBeNavColorWin=false, behavior=1, appearance=0, statusBarAppearanceRegions=[AppearanceRegion{ bounds=[0,0][1080,2400]}], requestedVisibilities=ITYPE_IME: visible, from=com.android.server.wm.InsetsStateController.onInsetsModified:256 com.android.server.wm.InsetsPolicy.onInsetsModified:556 com.android.server.wm.Session.updateRequestedVisibilities:780 
04-06 02:00:22.956  1321  1811 V WindowManager: performShowLocked: mDrawState=HAS_DRAWN in Window{97647f8 u0 InputMethod}
04-06 02:00:22.957  1321  1811 D SurfaceControl: applyGlobalTransaction called, mName=finishDrawing_syncId(30)_InputMethod<pending>
04-06 02:00:22.957 32087 32087 I Routine@Core[4.2.00.52]: WatchingConditions: clear
04-06 02:00:22.957 32087 32087 I Routine@Core[4.2.00.52]: Pref: removeSharedPrefsData() key=condition_launch_game_data_resume_pkg
04-06 02:00:22.957 32087 32087 I Routine@Core[4.2.00.52]: PreloadConditionService: onEnd: tag=launch_game, stop service.
04-06 02:00:22.958  7976 26873 I ViewRootImpl@7d4318f[CocktailBarService]: Resizing android.view.ViewRootImpl@9199e08: frame = [1013,458][1080,800] reportDraw = false forceLayout = false syncSeqId = 133
04-06 02:00:22.958 17006 17026 I ViewRootImpl@beef91f[MainActivity]: Resizing android.view.ViewRootImpl@d2bab58: frame = [0,0][1080,2400] reportDraw = false forceLayout = false syncSeqId = 0
04-06 02:00:22.958  2682 20524 I ViewRootImpl@360e875[ScreenDecorOverlay]: Resizing android.view.ViewRootImpl@ef7bc4f: frame = [0,0][1080,112] reportDraw = false forceLayout = false syncSeqId = 396
04-06 02:00:22.958  7976  7976 I ViewRootImpl@7d4318f[CocktailBarService]: handleResized, msg = 4 frames=ClientWindowFrames{frame=[1013,458][1080,800] display=[0,0][1080,2256] parentFrame=[0,0][0,0] parentClippedByDisplayCutout=false} forceNextWindowRelayout=false displayId=0 resizeMode=-1 frameChanged=false displayFrameChanged=false configChanged=false displayChanged=false
04-06 02:00:22.958  2682 15993 I ViewRootImpl@71dce6b[ScreenDecorOverlayBottom]: Resizing android.view.ViewRootImpl@c1dde74: frame = [0,2288][1080,2400] reportDraw = false forceLayout = false syncSeqId = 399
04-06 02:00:22.958  2682 18484 I ViewRootImpl@82de0ec[StatusBar]: Resizing android.view.ViewRootImpl@18e1fd8: frame = [0,0][1080,88] reportDraw = false forceLayout = false syncSeqId = 129
04-06 02:00:22.958  2682  4110 I ViewRootImpl@360e875[ScreenDecorOverlay]: handleResized, msg = 4 frames=ClientWindowFrames{frame=[0,0][1080,112] display=[0,0][1080,2400] parentFrame=[0,0][0,0] parentClippedByDisplayCutout=false} forceNextWindowRelayout=false displayId=0 resizeMode=-1 frameChanged=false displayFrameChanged=false configChanged=false displayChanged=false
04-06 02:00:22.958  2682  4110 I ViewRootImpl@71dce6b[ScreenDecorOverlayBottom]: handleResized, msg = 4 frames=ClientWindowFrames{frame=[0,2288][1080,2400] display=[0,0][1080,2400] parentFrame=[0,0][0,0] parentClippedByDisplayCutout=false} forceNextWindowRelayout=false displayId=0 resizeMode=-1 frameChanged=false displayFrameChanged=false configChanged=false displayChanged=false
04-06 02:00:22.958  2682  5108 I ViewRootImpl@24cc7fa[Toast]: Resizing android.view.ViewRootImpl@46e8d87: frame = [60,1888][1020,2064] reportDraw = false forceLayout = false syncSeqId = 1
04-06 02:00:22.958  6798  6916 I ViewRootImpl@d849e22[InputMethod]: Resizing android.view.ViewRootImpl@f3581cc: frame = [0,88][1080,2400] reportDraw = false forceLayout = false syncSeqId = 30
04-06 02:00:22.958  2682 17683 I ViewRootImpl@f1a1d05[NavigationBar0]: Resizing android.view.ViewRootImpl@631e926: frame = [0,2256][1080,2400] reportDraw = false forceLayout = false syncSeqId = 132
04-06 02:00:22.959  2682  2682 I ViewRootImpl@82de0ec[StatusBar]: handleResized, msg = 4 frames=ClientWindowFrames{frame=[0,0][1080,88] display=[0,0][1080,2400] parentFrame=[0,0][0,0] parentClippedByDisplayCutout=false} forceNextWindowRelayout=false displayId=0 resizeMode=-1 frameChanged=false displayFrameChanged=false configChanged=false displayChanged=false
04-06 02:00:22.960  2682  2682 I ViewRootImpl@24cc7fa[Toast]: handleResized, msg = 4 frames=ClientWindowFrames{frame=[60,1888][1020,2064] display=[0,88][1080,2256] parentFrame=[0,0][0,0] parentClippedByDisplayCutout=false} forceNextWindowRelayout=false displayId=0 resizeMode=-1 frameChanged=false displayFrameChanged=false configChanged=false displayChanged=false
04-06 02:00:22.960  1205  1205 I Layer   : id=33114 removedFromDrawingState Surface(name=6d45259 NavigationBar0)/@0x28b570b - animation-leash of insets_animation#33114 (131)
04-06 02:00:22.960  1205  1205 I Layer   : Layer [InputMethod$_6798#33116] hidden!! flag(0)
04-06 02:00:22.960 17006 17006 I SeslCVInsetsCallback: onApplyWindowInsets, typeInsets = Insets{left=0, top=88, right=0, bottom=144}, mIsDeferInsets = true
04-06 02:00:22.960  2682  2682 D InsetsController: onStateChanged: InsetsState: {mDisplayFrame=Rect(0, 0 - 1080, 2400), mDisplayCutout=DisplayCutout{insets=Rect(0, 88 - 0, 0) waterfall=Insets{left=0, top=0, right=0, bottom=0} boundingRect={Bounds=[Rect(0, 0 - 0, 0), Rect(512, 0 - 568, 88), Rect(0, 0 - 0, 0), Rect(0, 0 - 0, 0)]} cutoutPathParserInfo={CutoutPathParserInfo{displayWidth=1080 displayHeight=2400 physicalDisplayWidth=1080 physicalDisplayHeight=2400 density={3.0} cutoutSpec={M 0,0 M 0,10.71963616907435 a 9.280363830925644,9.280363830925644 0 1,0 0,18.56072766185129 a 9.280363830925644,9.280363830925644 0 1,0 0,-18.56072766185129 Z @dp} rotation={0} scale={1.0} physicalPixelDisplaySizeRatio={1.0}}}}, mRoundedCorners=RoundedCorners{[RoundedCorner{position=TopLeft, radius=96, center=Point(96, 96)}, RoundedCorner{position=TopRight, radius=96, center=Point(984, 96)}, RoundedCorner{position=BottomRight, radius=96, center=Point(984, 2304)}, RoundedCorner{position=BottomLeft, radius=96, center=Point(96, 2304)}]}  mRoundedCornerFrame=Rect(0, 0 - 0, 0), mPrivacyIndicatorBounds=PrivacyIndicatorBounds {static bounds=Rect(948, 0 - 1080, 88) rotation=0}, mSources= { InsetsSource: {mType=ITYPE_LEFT_GESTURES, mFrame=[0,0][0,2400], mVisible=true, mInsetsRoundedCornerFrame=false}, InsetsSource: {mType=ITYPE_RIGHT_GESTURES, mFrame=[1080,0][1080,2400], mVisible=true, mInsetsRoundedCornerFrame=false}, InsetsSource: {mType=ITYPE_TOP_MANDATORY_GESTURES, mFrame=[0,0][1080,124], mVisible=true, mInsetsRoundedCornerFrame=false}, InsetsSource: {mType=ITYPE_BOTTOM_MANDATORY_GESTURES, mFrame=[0,2256][1080,2400], mVisible=true, mInsetsRoundedCornerFrame=false}, InsetsSource: {mType=ITYPE_LEFT_DISPLAY_CUTOUT, mFrame=[0,0][-100000,2400], mVisible=true, mInsetsRoundedCornerFrame=false}, InsetsSource: {mType=ITYPE_TOP_DISPLAY_CUTOUT, mFrame=[0,0][1080,88], mVisible=true, mInsetsRoundedCornerFrame=false}, InsetsSource: {mType=ITYPE_RIGHT_DISPLAY_CUTOUT, mFrame=[100000,0][1080,2400], mVisible=true, mInsetsRoundedCornerFrame=false}, InsetsSource: {mType=ITYPE_BOTTOM_DISPLAY_CUTOUT, mFrame=[0,100000][1080,2400], mVisible=true, mInsetsRoundedCornerFrame=false}, InsetsSource: {mType=ITYPE_TOP_TAPPABLE_ELEMENT, mFrame=[0,0][1080,88], mVisible=true, mInsetsRoundedCornerFrame=false}, InsetsSource: {mType=ITYPE_BOTTOM_TAPPABLE_ELEMENT, mFrame=[0,2256][1080,2400], mVisible=true, mInsetsRoundedCornerFrame=false}, InsetsSource: {mType=ITYPE_IME, mFrame=[0,1374][1080,2400], mVisibleFrame=[0,1374][1080,2400], mVisible=true, mInsetsRoundedCornerFrame=false} } host=NavigationBar0 from=android.view.ViewRootImpl$ViewRootHandler.handleMessageImpl:6727
04-06 02:00:22.961 17006 17006 I SeslCVInsetsCallback: onStart
04-06 02:00:22.961  2682  2682 I ViewRootImpl@f1a1d05[NavigationBar0]: handleResized, msg = 4 frames=ClientWindowFrames{frame=[0,2256][1080,2400] display=[0,0][1080,2400] parentFrame=[0,0][0,0] parentClippedByDisplayCutout=false} forceNextWindowRelayout=false displayId=0 resizeMode=-1 frameChanged=false displayFrameChanged=false configChanged=false displayChanged=false
04-06 02:00:22.962 17006 32287 I ViewRootImpl@beef91f[MainActivity]: mWNT: t=0xb40000703e7b6f00 mBlastBufferQueue=0xb400007025f1b680 fn= 13 caller= android.view.SyncRtSurfaceTransactionApplier.applyTransaction:96 android.view.SyncRtSurfaceTransactionApplier.lambda$scheduleApply$0$android-view-SyncRtSurfaceTransactionApplier:69 android.view.SyncRtSurfaceTransactionApplier$$ExternalSyntheticLambda0.onFrameDraw:4 
04-06 02:00:22.962  1205  1261 I SurfaceFlinger: id=33114 Removed Surface(name=6d45259 NavigationBar0)/@0x28b570b - animation-leash of insets_animation#33114 (131)
04-06 02:00:22.962 17006 17006 I ViewRootImpl@beef91f[MainActivity]: handleResized, msg = 4 frames=ClientWindowFrames{frame=[0,0][1080,2400] display=[0,0][1080,2400] parentFrame=[0,0][0,0] parentClippedByDisplayCutout=false} forceNextWindowRelayout=false displayId=0 resizeMode=-1 frameChanged=false displayFrameChanged=false configChanged=false displayChanged=false
04-06 02:00:22.968 32087 32087 I Routine@Core[4.2.00.52]: RoutineHistoryDumpImpl: [PRELOAD_CONDITION_SERVICE] onStartCommand: START_NOT_STICKY. no running tags
04-06 02:00:22.976  1205  1205 I Layer   : id=33114 Destroyed Surface(name=6d45259 NavigationBar0)/@0x28b570b - animation-leash of insets_animation#33114
04-06 02:00:22.978  6798  6798 I ViewRootImpl@d849e22[InputMethod]: handleResized, msg = 4 frames=ClientWindowFrames{frame=[0,88][1080,2400] display=[0,88][1080,2400] parentFrame=[0,0][0,0] parentClippedByDisplayCutout=false} forceNextWindowRelayout=false displayId=0 resizeMode=-1 frameChanged=false displayFrameChanged=false configChanged=false displayChanged=false
04-06 02:00:22.996 17006 32288 I ViewRootImpl@beef91f[MainActivity]: mWNT: t=0xb40000703e97a300 mBlastBufferQueue=0xb400007025f1b680 fn= 14 caller= android.view.SyncRtSurfaceTransactionApplier.applyTransaction:96 android.view.SyncRtSurfaceTransactionApplier.lambda$scheduleApply$0$android-view-SyncRtSurfaceTransactionApplier:69 android.view.SyncRtSurfaceTransactionApplier$$ExternalSyntheticLambda0.onFrameDraw:4 
04-06 02:00:22.997 32087 32087 I Routine@Core[4.2.00.52]: PreloadConditionService: onDestroy
04-06 02:00:22.998  1321  2156 D OverlayManager: onPackageRemoved pkgName=com.evolucao.app userId=0
04-06 02:00:22.998  1321  2156 I OverlayManager: updateOverlaysForTarget() called with: targetPackage = [com.evolucao.app], userId = [0], flags = [0], skipUpdateState = [false]
04-06 02:00:23.000  6798  8694 I HBD     : b [SKE_KPM] load kpm : /data/user/0/com.samsung.android.honeyboard/app_KeyPressModel/model_0_0_-1809699188.im
04-06 02:00:23.000  1321  2388 W WifiService: Couldn't get PackageInfo for package:com.evolucao.app
04-06 02:00:23.000  1321  2388 D WifiService: Remove settings for package:com.evolucao.app
04-06 02:00:23.000  1321  2388 D WifiConfigManager: Remove all networks for app ApplicationInfo{e6c37aa com.evolucao.app}
04-06 02:00:23.002  1321  2371 V StorageManagerService: Package com.evolucao.app does not have legacy storage
04-06 02:00:23.004  1721  1721 D ActivityThread: setConscryptValidator
04-06 02:00:23.004  1721  1721 D ActivityThread: setConscryptValidator - put
04-06 02:00:23.005  2639  2639 D CarrierSvcBindHelper: onPackageRemoved: com.evolucao.app
04-06 02:00:23.005  5505  5505 W MediaProvider: WorkProfileOwnerApps cache is empty
04-06 02:00:23.005  2639  2639 D CarrierSvcBindHelper: No carrier app for: 0
04-06 02:00:23.005 17006 32287 I ViewRootImpl@beef91f[MainActivity]: mWNT: t=0xb40000703e97a500 mBlastBufferQueue=0xb400007025f1b680 fn= 15 caller= android.view.SyncRtSurfaceTransactionApplier.applyTransaction:96 android.view.SyncRtSurfaceTransactionApplier.lambda$scheduleApply$0$android-view-SyncRtSurfaceTransactionApplier:69 android.view.SyncRtSurfaceTransactionApplier$$ExternalSyntheticLambda0.onFrameDraw:4 
04-06 02:00:23.005  2639  2639 D CarrierSvcBindHelper: No carrier app for: 1
04-06 02:00:23.005  2639  2639 I VvmPkgInstalledRcvr: onReceive(): android.intent.action.PACKAGE_REMOVED
04-06 02:00:23.006  1321  2299 D SEP_UNION_SemDeviceInfoManagerService: onReceive : android.intent.action.PACKAGE_REMOVED, userId = 0 
04-06 02:00:23.006  2885  2885 V AvrcpMediaPlayerList: mPackageChangedBroadcastReceiver: action: android.intent.action.PACKAGE_REMOVED
04-06 02:00:23.006  1321  2299 D ActivityTaskManager: SafeActivityOptions created, mOriginalCallingPid=1321, mOriginalCallingUid=1000, options=null, caller=com.android.server.am.PendingIntentRecord.sendInner:500 com.android.server.am.ActivityManagerService.sendIntentSender:6624 com.android.server.am.ActivityManagerService.sendIntentSender:6613 android.app.PendingIntent.sendAndReturnResult:1029 android.app.PendingIntent.send:1000 android.app.PendingIntent.send:908 com.android.server.sepunion.SemDeviceInfoManagerService.sendIntentAction:197 
04-06 02:00:23.006  1321  6280 I Telecom:SamsungTelecomServiceImpl: getSystemDialerPackage - callingPid : 2639 / processName : sts
04-06 02:00:23.006  2639  2639 I VvmPkgInstalledRcvr: packageName: com.evolucao.app, systemDialer: com.samsung.android.dialer
04-06 02:00:23.006  2994  2994 D RegisteredNfcFServicesCache: Service unchanged, not updating
04-06 02:00:23.006  2639  2639 I VvmPkgInstalledRcvr: capablePhoneAccounts : [ComponentInfo{com.android.phone/com.android.services.telephony.TelephonyConnectionService}, 1, UserHandle{0}, ComponentInfo{com.android.phone/com.android.services.telephony.TelephonyConnectionService}, 2, UserHandle{0}]
04-06 02:00:23.006  2639  2639 I VvmPkgInstalledRcvr: capablePhoneAccounts.size : 2
04-06 02:00:23.006  2682  2682 D SPluginManagerImpl: onReceive: android.intent.action.PACKAGE_REMOVED, size:{com.android.systemui.noticenter.NotiCenterPlugin$NotiCenterPluginListener@3023927=SPluginInstanceManager@9450040 (action=com.samsung.systemui.action.PLUGIN_NOTICENTER), com.samsung.android.systemui.multistar.MultiStarManager$2@510f3db=SPluginInstanceManager@201499153 (action=com.samsung.systemui.action.PLUGIN_MULTISTAR), com.android.systemui.slimindicator.SlimIndicatorPluginMediator@56d31ed=SPluginInstanceManager@78012278 (action=com.samsung.systemui.action.SPLUGIN_SLIMINDICATOR), com.android.systemui.navigationbar.plugin.PluginBarInteractionManager$pluginListener$1@97ca726=SPluginInstanceManager@120637815 (action=com.samsung.systemui.navigationbar.PLUGIN), com.android.systemui.pluginlock.PluginLockMediatorImpl@aa40f48=SPluginInstanceManager@103954916 (action=com.samsung.systemui.action.PLUGIN_LOCK), com.android.systemui.volume.VolumeStarInteractor$1@ac32d10=SPluginInstanceManager@190729805 (action=com.samsung.systemui.volume.PLUGIN), com.android.systemui.lockstar.PluginLockStarManager@dd2838c=SPluginInstanceManager@261160194 (action=com.samsung.systemui.action.PLUGIN_LOCK_STAR)}
04-06 02:00:23.007  2682  2682 D TileServices: mUninstallReceiver onReceive = Intent { act=android.intent.action.PACKAGE_REMOVED dat=package: flg=0x4000010 (has extras) }
04-06 02:00:23.007  2639  2639 I VvmPkgInstalledRcvr: phoneAccountHandle : ComponentInfo{com.android.phone/com.android.services.telephony.TelephonyConnectionService}, 1, UserHandle{0}
04-06 02:00:23.007  2639  2639 I VvmPkgInstalledRcvr: pinnedTelephonyManager : android.telephony.TelephonyManager@14a84a3
04-06 02:00:23.007  2682  2682 D KeyguardShortcutManager: onReceive : Intent.EXTRA_REPLACING false, com.evolucao.app
04-06 02:00:23.007  2682  2682 D KeyguardUpdateMonitor: received broadcast android.intent.action.PACKAGE_REMOVED
04-06 02:00:23.009  4256  4335 I PackageInfoManager_FLP: action : ACTION_PACKAGE_REMOVED, packageName = com.evolucao.app
04-06 02:00:23.009  2682  2682 D FaceWidgetMusicViewModel: onPackageRemoved() pkg = com.evolucao.app, r = false
04-06 02:00:23.009  2682  2682 D FaceWidgetMusicViewModel: resetDataAndClear()
04-06 02:00:23.009  5583  5583 W FASProvider: delete cnt : 1
04-06 02:00:23.010  6047 12748 I SCS@AiSearch user 0: (BaseCollector::AOSP_MP) fetchInternal values : maxSyncId: 1000000567 indexCount: 294 sourceCount: 294
04-06 02:00:23.011  1321  6280 D InputMethodManagerService: isImeSwitcherDisabledPackage : false
04-06 02:00:23.011  2682  2682 D FaceWidgetMetadataParser: removePackage() key = com.evolucao.app
04-06 02:00:23.011  1321  6280 D InputMethodManagerService: shouldShowImeSwitcherLocked : checking vis : 3
04-06 02:00:23.011  5505  5505 W MediaProvider: WorkProfileOwnerApps cache is empty
04-06 02:00:23.012  2639  2639 I VvmPkgInstalledRcvr: pinnedTelephonyManager : subscriberId: 724*********379
04-06 02:00:23.012  1321  2353 I InputReader: Reconfiguring input devices, changes=KEYBOARD_LAYOUTS | 
04-06 02:00:23.017  2639  2639 I VvmPkgInstalledRcvr: getCarrierVvmPackages : config: PersistableBundle[{imsvoice.voice_on_default_bearer_supported_bool=false, imsss.ut_transport_type_int=1, carrier_volte_provisioned_bool=false, support_cdma_1x_voice_calls_bool=true, support_ss_over_cdma_bool=false, disable_charge_indication_bool=false, ims.sip_timer_t4_millis_int=17000, support_tdscdma_bool=false, httpSocketTimeout=60000, allowed_initial_attach_apn_types_string_array=[ia, default], disable_supplementary_services_in_airplane_mode_bool=false, call_barring_default_service_class_int=1, call_redirection_service_component_name_string=null, carrier_wfc_supports_wifi_only_bool=false, carrier_default_actions_on_default_network_available_string_array=[false: 7, true: 8], imsvoice.minimum_session_expires_timer_sec_int=90, iwlan_handover_policy_string_array=[source=GERAN|UTRAN|EUTRAN|NGRAN|IWLAN, target=GERAN|UTRAN|EUTRAN|NGRAN|IWLAN, type=allowed], operator_selection_expand_bool=true, disable_cdma_activation_code_bool=false, simplified_network_settings_bool=false, imsemergency.emergency_registration_timer_millis_int=10000, call_forwarding_when_unanswered_supported_bool=true, imsvt.h264_payload_description_bundle=PersistableBundle[{99=PersistableBundle[{}], 100=PersistableBundle[{imsvt.video_codec_attribute_packetization_mode_int=0}]}], support_tdscdma_roaming_networks_string_array=null, opportunistic.5g_data_switch_hysteresis_time_long=2000, ims.sip_timer_d_millis_int=130000, gps.lpp_profile=2, call_barring_visibility_bool=false, gba_mode_int=1, ims.registration_subscribe_expiry_timer_sec_int=600000, gps.es_extension_sec=0, enable_apps_string_array=null, 5g_icon_display_secondary_grace_period_string=, carrier_default_wfc_ims_roaming_enabled_bool=false, cdma_nonroaming_networks_string_array=null, imsss.ut_as_server_fqdn_string=, signal_strength_nr_nsa_use_lte_as_primary_bool=true, aliasMinChars=2, fdn_number_length_limit_int=20, support_ims_call_forwarding_while_roaming_bool=true, wfc_data_spn_format_idx_int=0, hide_sim_lock_settings_bool=false, drop_video_call_when_answering_audio_call_bool=false, data_stall_recovery_timers_long_array=[180000, 180000, 180000, 180000], opportunistic_esim_download_via_wifi_only_bool=false, imsss.xcap_over_ut_supported_rats_int_array=[3, 5], ci_action_on_sys_update_bool=false, carrier_certificate_string_array=[7D7226772D4F6D778FEF53A36BE15AD78D8D9D4BC4CE00C5F2E3216C19480FA0], convert_cdma_caller_id_mmi_codes_while_roaming_on_3gpp_bool=false, support_enhanced_call_blocking_bool=true, iwlan.ike_rekey_hard_timer_in_sec=14400, vvm_port_number_int=0, carrier_default_wfc_ims_enabled_bool=false, iwlan.ike_session_encryption_aes_ctr_key_size_int_array=[128, 192, 256], dial_string_replace_string_array=null, opportunistic_network_entry_threshold_bandwidth_int=1024, opportunistic_network_data_switch_exit_hysteresis_time_long=3000, imsss.use_csfb_on_xcap_over_ut_failure_bool=true, gsm_nonroaming_networks_string_array=null, imsserviceentitlement.ims_provisioning_bool=false, wifi.avoid_5ghz_softap_for_laa_bool=false, hide_ims_apn_bool=false, vvm_destination_number_string=, unmetered_nr_sa_mmwave_bool=false, ims.ipsec_encryption_algorithms_int_array=[0, 1, 2], opportunistic.5g_backoff_time_long=10000, enable_cross_sim_calling_on_opportunistic_data_bool=false, vonr_setting_visibility_bool=true, imssms.sms_over_ims_supported_bool=true, dtmf_type_enabled_bool=false, ims.sip_timer_f_millis_int=128000, allow_video_calling_fallback_bool=true, nr_advanced_threshold_bandwidth_khz_int=0, opportunistic.5g_ping_pong_time_long=60000, config_ims_package_override_string=com.google.android.ims, data_stall_recovery_should_skip_bool_array=[false, false, true, false, false], only_auto_select_in_home_network=false, iwlan.supported_prf_algorithms_int_array=[2, 4, 5, 6, 7], show_data_connected_roaming_notification=false, gps.es_supl_data_plane_only_roaming_plmn_string_array=null, imsserviceentitlement.fcm_sender_id_string=, smsToMmsTextThreshold=13, imsvt.video_as_bandwidth_kbps_int=960, opportunistic.exit_threshold_ss_rsrp_int_bundle=Pers
04-06 02:00:23.017  2639  2639 I VvmPkgInstalledRcvr: getCarrierVvmPackages : singlePackage: 
04-06 02:00:23.017  2639  2639 I VvmPkgInstalledRcvr: getCarrierVvmPackages : arrayPackages: null
04-06 02:00:23.017  2639  2639 I VvmPkgInstalledRcvr:  NOT contains : com.evolucao.app
04-06 02:00:23.017  2639  2639 I VvmPkgInstalledRcvr: phoneAccountHandle : ComponentInfo{com.android.phone/com.android.services.telephony.TelephonyConnectionService}, 2, UserHandle{0}
