04-06 02:00:21.256  2639  2639 I VvmPkgInstalledRcvr: getCarrierVvmPackages : config: PersistableBundle[{imsvoice.voice_on_default_bearer_supported_bool=false, imsss.ut_transport_type_int=1, carrier_volte_provisioned_bool=false, support_cdma_1x_voice_calls_bool=true, support_ss_over_cdma_bool=false, disable_charge_indication_bool=false, ims.sip_timer_t4_millis_int=17000, support_tdscdma_bool=false, httpSocketTimeout=60000, allowed_initial_attach_apn_types_string_array=[ia, default], disable_supplementary_services_in_airplane_mode_bool=false, call_barring_default_service_class_int=1, call_redirection_service_component_name_string=null, carrier_wfc_supports_wifi_only_bool=false, carrier_default_actions_on_default_network_available_string_array=[false: 7, true: 8], imsvoice.minimum_session_expires_timer_sec_int=90, iwlan_handover_policy_string_array=[source=GERAN|UTRAN|EUTRAN|NGRAN|IWLAN, target=GERAN|UTRAN|EUTRAN|NGRAN|IWLAN, type=allowed], operator_selection_expand_bool=true, disable_cdma_activation_code_bool=false, simplified_network_settings_bool=false, imsemergency.emergency_registration_timer_millis_int=10000, call_forwarding_when_unanswered_supported_bool=true, imsvt.h264_payload_description_bundle=PersistableBundle[{99=PersistableBundle[{}], 100=PersistableBundle[{imsvt.video_codec_attribute_packetization_mode_int=0}]}], support_tdscdma_roaming_networks_string_array=null, opportunistic.5g_data_switch_hysteresis_time_long=2000, ims.sip_timer_d_millis_int=130000, gps.lpp_profile=2, call_barring_visibility_bool=false, gba_mode_int=1, ims.registration_subscribe_expiry_timer_sec_int=600000, gps.es_extension_sec=0, enable_apps_string_array=null, 5g_icon_display_secondary_grace_period_string=, carrier_default_wfc_ims_roaming_enabled_bool=false, cdma_nonroaming_networks_string_array=null, imsss.ut_as_server_fqdn_string=, signal_strength_nr_nsa_use_lte_as_primary_bool=true, aliasMinChars=2, fdn_number_length_limit_int=20, support_ims_call_forwarding_while_roaming_bool=true, wfc_data_spn_format_idx_int=0, hide_sim_lock_settings_bool=false, drop_video_call_when_answering_audio_call_bool=false, data_stall_recovery_timers_long_array=[180000, 180000, 180000, 180000], opportunistic_esim_download_via_wifi_only_bool=false, imsss.xcap_over_ut_supported_rats_int_array=[3, 5], ci_action_on_sys_update_bool=false, carrier_certificate_string_array=[7D7226772D4F6D778FEF53A36BE15AD78D8D9D4BC4CE00C5F2E3216C19480FA0], convert_cdma_caller_id_mmi_codes_while_roaming_on_3gpp_bool=false, support_enhanced_call_blocking_bool=true, iwlan.ike_rekey_hard_timer_in_sec=14400, vvm_port_number_int=0, carrier_default_wfc_ims_enabled_bool=false, iwlan.ike_session_encryption_aes_ctr_key_size_int_array=[128, 192, 256], dial_string_replace_string_array=null, opportunistic_network_entry_threshold_bandwidth_int=1024, opportunistic_network_data_switch_exit_hysteresis_time_long=3000, imsss.use_csfb_on_xcap_over_ut_failure_bool=true, gsm_nonroaming_networks_string_array=null, imsserviceentitlement.ims_provisioning_bool=false, wifi.avoid_5ghz_softap_for_laa_bool=false, hide_ims_apn_bool=false, vvm_destination_number_string=, unmetered_nr_sa_mmwave_bool=false, ims.ipsec_encryption_algorithms_int_array=[0, 1, 2], opportunistic.5g_backoff_time_long=10000, enable_cross_sim_calling_on_opportunistic_data_bool=false, vonr_setting_visibility_bool=true, imssms.sms_over_ims_supported_bool=true, dtmf_type_enabled_bool=false, ims.sip_timer_f_millis_int=128000, allow_video_calling_fallback_bool=true, nr_advanced_threshold_bandwidth_khz_int=0, opportunistic.5g_ping_pong_time_long=60000, config_ims_package_override_string=com.google.android.ims, data_stall_recovery_should_skip_bool_array=[false, false, true, false, false], only_auto_select_in_home_network=false, iwlan.supported_prf_algorithms_int_array=[2, 4, 5, 6, 7], show_data_connected_roaming_notification=false, gps.es_supl_data_plane_only_roaming_plmn_string_array=null, imsserviceentitlement.fcm_sender_id_string=, smsToMmsTextThreshold=13, imsvt.video_as_bandwidth_kbps_int=960, opportunistic.exit_threshold_ss_rsrp_int_bundle=Pers
04-06 02:00:21.256  2639  2639 I VvmPkgInstalledRcvr: getCarrierVvmPackages : singlePackage: 
04-06 02:00:21.256  2639  2639 I VvmPkgInstalledRcvr: getCarrierVvmPackages : arrayPackages: null
04-06 02:00:21.256  2639  2639 I VvmPkgInstalledRcvr:  NOT contains : com.evolucao.app
04-06 02:00:21.256  2639  2639 I VvmPkgInstalledRcvr: phoneAccountHandle : ComponentInfo{com.android.phone/com.android.services.telephony.TelephonyConnectionService}, 2, UserHandle{0}
04-06 02:00:21.256  2639  2639 I VvmPkgInstalledRcvr: pinnedTelephonyManager : android.telephony.TelephonyManager@ff67d0f
04-06 02:00:21.256 12013 12049 I Finsky  : [108] AIM: AppInfoManager-Perf > OnDeviceAppInfo > cacheHitCount=0, cacheMissCount=1. Missed  in cache (limit 10) : [com.evolucao.app]
04-06 02:00:21.257 12013 12050 I Finsky  : [109] AIM: Got app ownership map. App counts: . Unique apps: 0
04-06 02:00:21.257 12013 12050 E Finsky  : [109] [Counters] attempted to use a non-positive increment for: 4752
04-06 02:00:21.257  1321  2640 D SGM:GameManager: identifyGamePackage. com.evolucao.app, mCurrentUserId: 0, callerUserId: 0, callingMethodInfo: com.samsung.android.game.SemGameManager.isGamePackage(SemGameManager.java:104)
04-06 02:00:21.257  1321  2640 D SGM:PkgDataHelper: getGamePkgData(). com.evolucao.app
04-06 02:00:21.257  1321  2640 D SGM:SemGameManager: isGamePackage(), pkgName=com.evolucao.app, ret=false
04-06 02:00:21.257  1321  2640 I Pageboost: appinfo : com.evolucao.app 0 0 0 0
04-06 02:00:21.257 12013 12050 E Finsky  : [109] [Counters] attempted to use a non-positive increment for: 4753
04-06 02:00:21.258  1321  1321 V BackupManagerConstants: getFullBackupIntervalMilliseconds(...) returns 86400000
04-06 02:00:21.258  1321  1321 V BackupManagerConstants: getFullBackupRequiredNetworkType(...) returns 2
04-06 02:00:21.258  1321  1321 V BackupManagerConstants: getFullBackupRequireCharging(...) returns true
04-06 02:00:21.259 32087 32087 I Routine@Core[4.2.00.52]: RoutineService: onCreate
04-06 02:00:21.259 32087 32087 I Routine@Core[4.2.00.52]: RoutineService: onStartCommand: com.samsung.android.routine.ACTION_PACKAGE_CHANGED
04-06 02:00:21.259 32087 32087 I Routine@Core[4.2.00.52]: MetadataLoaderImpl: collectInBackground - packageName:com.evolucao.app
04-06 02:00:21.260  1321  3556 I Telecom:SamsungAllowedPhoneAccountFilterManager: filterSalesCode - option : EXCLUDE / allowedPhoneAccount : SamsungJsonPhoneAccount { RawData : {"package_name":"com.google.android.apps.tachyon","component_name":"","sales_code_option":"exclude","sales_codes":["CDR","DOR","UFN","UFU","SAM","CHC","TCE","GCF"],"model_names":[],"orders":{"default":200,"SKC":900,"KTC":900,"LUC":900}} / PackageName : com.google.android.apps.tachyon / ComponentName :  / SalesCodeOption : exclude / SalesCodes : [CDR, DOR, UFN, UFU, SAM, CHC, TCE, GCF] / ModelNameOption : null / ModelNames : [] / Orders : {default=200, SKC=900, KTC=900, LUC=900} / Order : 200
04-06 02:00:21.260  1321  3556 I Telecom:SamsungAllowedPhoneAccountFilterManager: filterModelName - option : ALL / allowedPhoneAccount : SamsungJsonPhoneAccount { RawData : {"package_name":"com.google.android.apps.tachyon","component_name":"","sales_code_option":"exclude","sales_codes":["CDR","DOR","UFN","UFU","SAM","CHC","TCE","GCF"],"model_names":[],"orders":{"default":200,"SKC":900,"KTC":900,"LUC":900}} / PackageName : com.google.android.apps.tachyon / ComponentName :  / SalesCodeOption : exclude / SalesCodes : [CDR, DOR, UFN, UFU, SAM, CHC, TCE, GCF] / ModelNameOption : null / ModelNames : [] / Orders : {default=200, SKC=900, KTC=900, LUC=900} / Order : 200
04-06 02:00:21.260  1321  3556 I Telecom:SamsungAllowedPhoneAccountFilterManager: filterSalesCode - option : INCLUDE / allowedPhoneAccount : SamsungJsonPhoneAccount { RawData : {"package_name":"com.skt.prod.together","component_name":"","sales_code_option":"include","sales_codes":["SKC","KOO"],"model_names":[],"orders":{"SKC":100}} / PackageName : com.skt.prod.together / ComponentName :  / SalesCodeOption : include / SalesCodes : [SKC, KOO] / ModelNameOption : null / ModelNames : [] / Orders : {SKC=100} / Order : 1000
04-06 02:00:21.260  1321  1946 E VerityUtils: Failed to measure fs-verity, errno 95: /data/app/~~fThkbRG5JN3cq-kEO0FOEA==/com.evolucao.app-eNvcxHe9Qp8w8vaJZgr8Jw==/base.apk
04-06 02:00:21.260  1321  2299 I ActivityManager: com.samsung.android.app.galaxyfinder is exempt from freezer by list
04-06 02:00:21.261  1321  2299 D CompatibilityChangeReporter: Compat change id reported: 135634846; UID 10062; state: DISABLED
04-06 02:00:21.261  1321  2488 D SemWifiPackageInfo: isSkipCategory - skip:NONE
04-06 02:00:21.261  1321  2299 D CompatibilityChangeReporter: Compat change id reported: 177438394; UID 10062; state: DISABLED
04-06 02:00:21.261  1321  2299 D CompatibilityChangeReporter: Compat change id reported: 135772972; UID 10062; state: DISABLED
04-06 02:00:21.261  1321  2299 D CompatibilityChangeReporter: Compat change id reported: 135754954; UID 10062; state: ENABLED
04-06 02:00:21.261  1321  2296 I RoleService: Granting default roles...
04-06 02:00:21.264  1005  1005 D Zygote  : Forked child process 1069
04-06 02:00:21.264  1321  1321 D CompatibilityChangeReporter: Compat change id reported: 194532703; UID 1000; state: ENABLED
04-06 02:00:21.264  1321  2299 D ActivityManager: Received SERVICE intent 0x3d52b95 Key{startService pkg=com.samsung.android.app.galaxyfinder intent=act=package_changed cmp=com.samsung.android.app.galaxyfinder/.acceleration.AppCoreService flags=0x2000000 u=0} requestCode=0 from uid 1000
04-06 02:00:21.264  1321  1321 D CompatibilityChangeReporter: Compat change id reported: 194532703; UID 1000; state: DISABLED
04-06 02:00:21.264  1321  2299 D SEP_UNION_SemDeviceInfoManagerService: sendIntentAction() action = android.intent.action.PACKAGE_ADDED, tag =  
04-06 02:00:21.269  1321  1963 I AppsFilter: interaction: PackageSetting{f7a35bf bellavita.toast/10310} -> PackageSetting{20e5615 com.microsoft.skydrive/10093} BLOCKED
04-06 02:00:21.269  1321  1845 I ActivityManager: Start proc 1069:android:ui/1000 for next-top-activity {android/com.android.internal.app.FrozenAppActivity}
04-06 02:00:21.269  1321  2353 I InputReader: Reconfiguring input devices, changes=KEYBOARD_LAYOUTS | 
04-06 02:00:21.269  1321  2640 D SGM:GameManager: identifyGamePackage. com.evolucao.app, mCurrentUserId: 0, callerUserId: 0, callingMethodInfo: com.samsung.android.game.SemGameManager.isGamePackage(SemGameManager.java:104)
04-06 02:00:21.269  1321  2640 D SGM:PkgDataHelper: getGamePkgData(). com.evolucao.app
04-06 02:00:21.269  1321  2640 D SGM:SemGameManager: isGamePackage(), pkgName=com.evolucao.app, ret=false
04-06 02:00:21.270  1321  2640 I Pageboost: Reset this app info : com.evolucao.app 
04-06 02:00:21.270  1321  1845 D CompatibilityChangeReporter: Compat change id reported: 143937733; UID 10062; state: ENABLED
04-06 02:00:21.271  1321  1963 D ActivityManager: Parallel Broadcast is delayed BroadcastRecord{a9f70b8 u0 android.intent.action.PACKAGE_CHANGED}
04-06 02:00:21.271  1321  1321 I DomainFilter: onReceive() - Intent { act=android.intent.action.PACKAGE_ADDED dat=package: flg=0x4000010 (has extras) }
04-06 02:00:21.271  1321  1321 I DomainFilter: packageAdded() - packageName: com.evolucao.app, uid: 0
04-06 02:00:21.272  1321  1321 I Firewall: onReceive() - Intent { act=android.intent.action.PACKAGE_ADDED dat=package: flg=0x4000010 (has extras) }
04-06 02:00:21.272  1321  1321 D DualDARComnService: reConnectAgentsByPkgName:: package: com.evolucao.app
04-06 02:00:21.272 27657  1735 I DWBLocalPackageManager: onPackageAdded getPackageSet duration : 42
04-06 02:00:21.273  1321  4311 D InputDispatcher: Inject key (971/2000): action=0, f=0x8, d=-1, time=123532581000000
04-06 02:00:21.273  1321  1321 I CocktailBarManagerServiceContainer: handleMessage: entry what = 6
04-06 02:00:21.273  1321  4311 D WindowManager: interceptKeyTq interceptKeyResult=1
04-06 02:00:21.273  1321  2352 D PowerManagerService: [api] userActivityFromNative :  (event: 1 flags: 0 displayId: 0) eventTime = 123532581
04-06 02:00:21.273  1321  2352 I InputDispatcher: Delivering key to (17006): action: 0x0 (0), f=0x8, m=0x0, d=0, '1c705ea'
04-06 02:00:21.274  2639  2639 I VvmPkgInstalledRcvr: pinnedTelephonyManager : subscriberId: 724*********638
04-06 02:00:21.274 12013 12013 I Finsky  : [2] Clearing split related stale data.
04-06 02:00:21.275  1321  1321 D ApplicationPolicy: No updatable permission to DENY found for com.evolucao.app(0)
04-06 02:00:21.275 17006 17006 I ViewRootImpl@13ba2a9[MainActivity]: ViewPostIme key 0
04-06 02:00:21.276  1321  8944 D InputDispatcher: Inject key (971/2000): action=1, f=0x8, d=-1, time=123532584000000
04-06 02:00:21.276  1321  8944 D WindowManager: interceptKeyTq interceptKeyResult=1
04-06 02:00:21.276  1321  2352 I InputDispatcher: Delivering key to (17006): action: 0x1 (0), f=0x8, m=0x0, d=0, '1c705ea'
04-06 02:00:21.276 17006 17006 I ViewRootImpl@13ba2a9[MainActivity]: ViewPostIme key 1
04-06 02:00:21.276  1321  1321 D ApplicationPolicy: No updatable permission to GRANT found for com.evolucao.app(0)
04-06 02:00:21.278  2639  2639 I VvmPkgInstalledRcvr: getCarrierVvmPackages : config: PersistableBundle[{imsvoice.voice_on_default_bearer_supported_bool=false, imsss.ut_transport_type_int=1, carrier_volte_provisioned_bool=false, support_cdma_1x_voice_calls_bool=true, support_ss_over_cdma_bool=false, disable_charge_indication_bool=false, ims.sip_timer_t4_millis_int=17000, support_tdscdma_bool=false, httpSocketTimeout=60000, allowed_initial_attach_apn_types_string_array=[ia, default], disable_supplementary_services_in_airplane_mode_bool=false, call_barring_default_service_class_int=1, call_redirection_service_component_name_string=null, carrier_wfc_supports_wifi_only_bool=false, carrier_default_actions_on_default_network_available_string_array=[false: 7, true: 8], imsvoice.minimum_session_expires_timer_sec_int=90, iwlan_handover_policy_string_array=[source=GERAN|UTRAN|EUTRAN|NGRAN|IWLAN, target=GERAN|UTRAN|EUTRAN|NGRAN|IWLAN, type=allowed], operator_selection_expand_bool=true, disable_cdma_activation_code_bool=false, simplified_network_settings_bool=false, imsemergency.emergency_registration_timer_millis_int=10000, call_forwarding_when_unanswered_supported_bool=true, imsvt.h264_payload_description_bundle=PersistableBundle[{99=PersistableBundle[{}], 100=PersistableBundle[{imsvt.video_codec_attribute_packetization_mode_int=0}]}], support_tdscdma_roaming_networks_string_array=null, opportunistic.5g_data_switch_hysteresis_time_long=2000, ims.sip_timer_d_millis_int=130000, gps.lpp_profile=2, call_barring_visibility_bool=false, gba_mode_int=1, ims.registration_subscribe_expiry_timer_sec_int=600000, gps.es_extension_sec=0, enable_apps_string_array=null, 5g_icon_display_secondary_grace_period_string=, carrier_default_wfc_ims_roaming_enabled_bool=false, cdma_nonroaming_networks_string_array=null, imsss.ut_as_server_fqdn_string=, signal_strength_nr_nsa_use_lte_as_primary_bool=true, aliasMinChars=2, fdn_number_length_limit_int=20, support_ims_call_forwarding_while_roaming_bool=true, wfc_data_spn_format_idx_int=0, hide_sim_lock_settings_bool=false, drop_video_call_when_answering_audio_call_bool=false, data_stall_recovery_timers_long_array=[180000, 180000, 180000, 180000], opportunistic_esim_download_via_wifi_only_bool=false, imsss.xcap_over_ut_supported_rats_int_array=[3, 5], ci_action_on_sys_update_bool=false, carrier_certificate_string_array=[7D7226772D4F6D778FEF53A36BE15AD78D8D9D4BC4CE00C5F2E3216C19480FA0], convert_cdma_caller_id_mmi_codes_while_roaming_on_3gpp_bool=false, support_enhanced_call_blocking_bool=true, iwlan.ike_rekey_hard_timer_in_sec=14400, vvm_port_number_int=0, carrier_default_wfc_ims_enabled_bool=false, iwlan.ike_session_encryption_aes_ctr_key_size_int_array=[128, 192, 256], dial_string_replace_string_array=null, opportunistic_network_entry_threshold_bandwidth_int=1024, opportunistic_network_data_switch_exit_hysteresis_time_long=3000, imsss.use_csfb_on_xcap_over_ut_failure_bool=true, gsm_nonroaming_networks_string_array=null, imsserviceentitlement.ims_provisioning_bool=false, wifi.avoid_5ghz_softap_for_laa_bool=false, hide_ims_apn_bool=false, vvm_destination_number_string=, unmetered_nr_sa_mmwave_bool=false, ims.ipsec_encryption_algorithms_int_array=[0, 1, 2], opportunistic.5g_backoff_time_long=10000, enable_cross_sim_calling_on_opportunistic_data_bool=false, vonr_setting_visibility_bool=true, imssms.sms_over_ims_supported_bool=true, dtmf_type_enabled_bool=false, ims.sip_timer_f_millis_int=128000, allow_video_calling_fallback_bool=true, nr_advanced_threshold_bandwidth_khz_int=0, opportunistic.5g_ping_pong_time_long=60000, config_ims_package_override_string=com.google.android.ims, data_stall_recovery_should_skip_bool_array=[false, false, true, false, false], only_auto_select_in_home_network=false, iwlan.supported_prf_algorithms_int_array=[2, 4, 5, 6, 7], show_data_connected_roaming_notification=false, gps.es_supl_data_plane_only_roaming_plmn_string_array=null, imsserviceentitlement.fcm_sender_id_string=, smsToMmsTextThreshold=13, imsvt.video_as_bandwidth_kbps_int=960, opportunistic.exit_threshold_ss_rsrp_int_bundle=Pers
04-06 02:00:21.278  2639  2639 I VvmPkgInstalledRcvr: getCarrierVvmPackages : singlePackage: 
04-06 02:00:21.278  2639  2639 I VvmPkgInstalledRcvr: getCarrierVvmPackages : arrayPackages: null
04-06 02:00:21.278  2639  2639 I VvmPkgInstalledRcvr:  NOT contains : com.evolucao.app
04-06 02:00:21.279  2639  2639 D ImsResolver: maybeAddedImsService, packageName: com.evolucao.app
04-06 02:00:21.280  1321  1903 D FASDataManager: getFASDataFromDB fasEntityList size : 60
04-06 02:00:21.282  1321  1903 D MARsPolicyManager: deletePkgInfoInMARs size = 60
04-06 02:00:21.283  1321  1903 D MARsPolicyManager: updateMARsTargetPackages mMARsTargetPackages.size-58
04-06 02:00:21.284  7232  7295 I PermissionControllerServiceImpl: Updating user sensitive for uid 10347
04-06 02:00:21.284  7122 32083 I ProximityAuth: [RecentAppsMediator] Package added: (user=UserHandle{0}) com.evolucao.app
04-06 02:00:21.285 25143 32096 I Auth    : (REDACTED) [SupervisedAccountIntentOperation] onHandleIntent: %s
04-06 02:00:21.286 32087 32087 I Routine@Core[4.2.00.52]: MetadataSyncBacklog: add: null + com.evolucao.app
04-06 02:00:21.286 32087 32087 I Routine@Core[4.2.00.52]: Pref: putSharedPrefsData() key=meta_loading_target_package_name
04-06 02:00:21.286  1321  2898 D PackageManager: setEnabledSetting : userId = 0 packageName = com.samsung.android.scs cmp = androidx.work.impl.background.systemalarm.RescheduleReceiver newState = 1 callingPackage = 10098/com.samsung.android.scs
04-06 02:00:21.287  1321  2640 I Pageboost: db create : CREATE TABLE IF NOT EXISTS comevolucaoapp (FILENAME TEXT, OFFSET INTEGER, SIZE INTEGER, FORVRAMDISK INTEGER, BITMAP BLOB, unique (FILENAME, OFFSET) );
04-06 02:00:21.288  1321  2898 D ApplicationPolicy: getApplicationStateEnabled : pkg = com.samsung.android.scs userId : 0
04-06 02:00:21.288  1321  2898 D ApplicationPolicy: getApplicationComponentState : pkg = com.samsung.android.scs userId : 0
04-06 02:00:21.288  1321  8944 D CompatibilityChangeReporter: Compat change id reported: 194532703; UID 10041; state: ENABLED
04-06 02:00:21.289 25143 32096 I Blockstore: (REDACTED) [DataStoreImpl] Clearing Blockstore Data for package %s
04-06 02:00:21.289  7122 32079 W GCM     : Unexpected forwarded intent: Intent { act=android.intent.action.PACKAGE_ADDED dat=package: flg=0x4000010 pkg=com.google.android.gms cmp=com.google.android.gms/.chimera.PersistentIntentOperationService (has extras) }
04-06 02:00:21.289 25143 32096 I Blockstore: [DataStoreImpl] Keyless data not found or its IsLastInstallationData = false. [CONTEXT service_id=258 ]
04-06 02:00:21.291  7122 32082 W NetworkScheduler: Unexpected forwarded intent: Intent { act=android.intent.action.PACKAGE_ADDED dat=package: flg=0x4000010 pkg=com.google.android.gms cmp=com.google.android.gms/.chimera.PersistentIntentOperationService (has extras) }
04-06 02:00:21.292  1321  6284 D CompatibilityChangeReporter: Compat change id reported: 194532703; UID 10106; state: ENABLED
04-06 02:00:21.294 32087 32087 I Routine@Core[4.2.00.52]: MetadataLoaderJobService: onCreate
04-06 02:00:21.295 32087 32087 I Routine@Core[4.2.00.52]: Pref: putSharedPrefsData() key=pref_metaloader_loading
04-06 02:00:21.296  3132 18743 I RecentModel: onTaskStackChangedBackground
04-06 02:00:21.296 32087 32087 I Routine@Core[4.2.00.52]: RoutineService: onDestroy
04-06 02:00:21.298 32087 32087 I Routine@Core[4.2.00.52]: MetadataLoaderJobService: onStartJob: collectPackageInBG - com.evolucao.app
04-06 02:00:21.300 32488  1063 I ProvidersCache: Provider returned no roots. Possibly naughty: com.microsoft.skydrive.content.StorageAccessProvider
04-06 02:00:21.300 32087 32087 I Routine@Core[4.2.00.52]: MetadataSyncHistory: latest : 4.2.00.52, currentVersion : 4.2.00.52
04-06 02:00:21.302 32087 32087 I Routine@Core[4.2.00.52]: MetadataSyncHistory: latest : 4.2.00.52, currentVersion : 4.2.00.52
04-06 02:00:21.302 32087 32087 I Routine@Core[4.2.00.52]: MetadataLoaderJobService: packageName : com.evolucao.app, forced : true
04-06 02:00:21.302 32087 32087 I Routine@Core[4.2.00.52]: MetadataLoadManager: asyncCollectPackage
04-06 02:00:21.303  7232 32075 E RoleControllerServiceImpl: Default/fallback role holder package doesn't qualify for the role, package: com.google.android.gms.supervision, role: android.app.role.SYSTEM_SUPERVISION
04-06 02:00:21.296 27657  1735 I DWBLocalPackageManager: mPackageSet.size() : 50 latestPackageSet.size() : 51
04-06 02:00:21.306 12013 12013 I Finsky  : [2] Do not start WearSupportService due to Wear service optimization
04-06 02:00:21.307  1321  2640 I Pageboost: add app to global @ runtime: com.evolucao.app
04-06 02:00:21.311  1321  3011 W PackageManager: Cannot suspend package "com.android.vending": required for package verification
04-06 02:00:21.311  1321  3011 W PackageManager: Cannot suspend package "com.samsung.android.dialer": is the default dialer
04-06 02:00:21.319  7232 32075 W Role    : Default holder doesn't have required signing certificate: com.google.android.apps.work.clouddpc:23962F4B43B9857638EA66F4D419518EAE282491ACDA4B94707BD59003C45E58
04-06 02:00:21.319  1321  1777 D CompatibilityChangeReporter: Compat change id reported: 168419799; UID 10227; state: DISABLED
04-06 02:00:21.326 25143  1085 I NearbyDiscovery: (REDACTED) processGrantSlicePermission: %s
04-06 02:00:21.327  1069  1069 I android:ui: Using CollectorTypeCC GC.
04-06 02:00:21.330  1069  1069 E android:ui: Not starting debugger since process cannot load the jdwp agent.
04-06 02:00:21.333  1321  2488 D TrafficStats: tagSocket(984) with statsTag=0xffffffff, statsUid=-1
04-06 02:00:21.335 25143  1079 I Dck     : (REDACTED) Package is not installed on device: %s
04-06 02:00:21.335 25143  1079 I Dck     : android.content.pm.PackageManager$NameNotFoundException: com.samsung.android.dkey
04-06 02:00:21.335 25143  1079 I Dck     : 	at android.app.ApplicationPackageManager.getPackageInfoAsUser(ApplicationPackageManager.java:302)
04-06 02:00:21.335 25143  1079 I Dck     : 	at android.app.ApplicationPackageManager.getPackageInfo(ApplicationPackageManager.java:262)
04-06 02:00:21.335 25143  1079 I Dck     : 	at android.app.ApplicationPackageManager.getPackageInfo(ApplicationPackageManager.java:256)
04-06 02:00:21.335 25143  1079 I Dck     : 	at bnot.a(:com.google.android.gms@261133029@26.11.33 (190400-887465546):192)
04-06 02:00:21.335 25143  1079 I Dck     : 	at bnqz.a(:com.google.android.gms@261133029@26.11.33 (190400-887465546):1)
04-06 02:00:21.335 25143  1079 I Dck     : 	at com.google.android.gms.dck.init.PackageUpdateIntentOperation.c(:com.google.android.gms@261133029@26.11.33 (190400-887465546):6)
04-06 02:00:21.335 25143  1079 I Dck     : 	at bbml.onHandleIntent(:com.google.android.gms@261133029@26.11.33 (190400-887465546):61)
04-06 02:00:21.335 25143  1079 I Dck     : 	at com.google.android.chimera.IntentOperation.onHandleIntent(:com.google.android.gms@261133029@26.11.33 (190400-887465546):1)
04-06 02:00:21.335 25143  1079 I Dck     : 	at bbsq.onHandleIntent(:com.google.android.gms@261133029@26.11.33 (190400-887465546):84)
04-06 02:00:21.335 25143  1079 I Dck     : 	at aasd.run(:com.google.android.gms@261133029@26.11.33 (190400-887465546):64)
04-06 02:00:21.335 25143  1079 I Dck     : 	at aasc.run(:com.google.android.gms@261133029@26.11.33 (190400-887465546):132)
04-06 02:00:21.335 25143  1079 I Dck     : 	at gvom.run(:com.google.android.gms@261133029@26.11.33 (190400-887465546):19)
04-06 02:00:21.335 25143  1079 I Dck     : 	at java.util.concurrent.ThreadPoolExecutor.runWorker(ThreadPoolExecutor.java:1137)
04-06 02:00:21.335 25143  1079 I Dck     : 	at java.util.concurrent.ThreadPoolExecutor$Worker.run(ThreadPoolExecutor.java:637)
04-06 02:00:21.335 25143  1079 I Dck     : 	at java.lang.Thread.run(Thread.java:1012)
04-06 02:00:21.335 25143  1079 W Dck     : Dck module not eligible for asynchronous downloading [CONTEXT service_id=289 ]
04-06 02:00:21.337 27657  1735 I DWBUsageDataManager: Retrieve CLEAR_CACHED_DATA
04-06 02:00:21.337 27657  1735 I DWBUsageDataManager: No Request Data
04-06 02:00:21.338 27657  1735 W ContextImpl: Calling a method in the system process without a qualified user: android.app.ContextImpl.sendBroadcast:1252 android.content.ContextWrapper.sendBroadcast:509 y5.f$b.a:5 y5.f$b.onReceive:27 android.app.LoadedApk$ReceiverDispatcher$Args.lambda$getRunnable$0$android-app-LoadedApk$ReceiverDispatcher$Args:1919 
04-06 02:00:21.339  1321  1963 I KnoxMUMContainerPolicy: getPackagesFromInstallWhiteList is called...
04-06 02:00:21.339  1321  1963 D ApplicationPolicy: getApplicationStateList: Enforce DOPO permission
04-06 02:00:21.339  1321  1963 D ApplicationPolicy: getApplicationStateList : empty
04-06 02:00:21.339  1321  1963 D PackageManager: isVerificationEnabled :: approvedInstaller : .*
04-06 02:00:21.339  1321  1963 D PackageManager: isVerificationEnabled :: installer policy contains *.
04-06 02:00:21.339  1321  1963 E PackageManager: ERROR: could not load root hash from incremental install
04-06 02:00:21.341  1321  2574 D NetdEventListenerService: DNS Requested by : 170, 1000
04-06 02:00:21.343 12013 32100 I Finsky  : [446] [ContentSync] finished, scheduled=false
04-06 02:00:21.348  1005  1005 D Zygote  : Forked child process 1203
04-06 02:00:21.348  1321  1845 W ActivityManager: Slow operation: 88ms so far, now at startProcess: returned from zygote!
04-06 02:00:21.350  1321  4311 D ActivityManager: Ordered Broadcast is delayed BroadcastRecord{5779553 u0 com.samsung.android.forest.PACKAGE_ADDED}
04-06 02:00:21.351  1321  1845 W ActivityManager: Slow operation: 91ms so far, now at startProcess: done updating battery stats
04-06 02:00:21.351  1321  1845 W ActivityManager: Slow operation: 91ms so far, now at startProcess: building log message
04-06 02:00:21.351  1321  1845 I ActivityManager: Start proc 1203:com.samsung.android.app.galaxyfinder:appservice/u0a62 for service {com.samsung.android.app.galaxyfinder/com.samsung.android.app.galaxyfinder.acceleration.AppCoreService}
04-06 02:00:21.351  1321  1845 W ActivityManager: Slow operation: 91ms so far, now at startProcess: starting to update pids map
04-06 02:00:21.351  1321  1845 W ActivityManager: Slow operation: 91ms so far, now at startProcess: done updating pids map
04-06 02:00:21.361  1069  1069 D ActivityThread: setConscryptValidator
04-06 02:00:21.361  1069  1069 D ActivityThread: setConscryptValidator - put
04-06 02:00:21.362  1321  1808 W Looper  : Slow delivery took 204ms android.fg h=android.os.Handler c=<recycled PooledLambda@4210127> m=0
04-06 02:00:21.362   923   923 E ActivityThread: Failed to find provider info for com.microsoft.yourphonecompanion.contentprovider.featureoverride
04-06 02:00:21.365  1321  5980 D CompatibilityChangeReporter: Compat change id reported: 161145287; UID 10130; state: DISABLED
04-06 02:00:21.367 12013 12013 I Finsky  : [2] VerifyApps: Install-time verification requested for package com.evolucao.app.test, PackageManager id = 53, Verifier id = b30a9d38-97ac-4a93-9d7f-4578fbeb0bf6
04-06 02:00:21.368   971   971 D SemCscFeature: Encoded
04-06 02:00:21.370  1321  4311 D CompatibilityChangeReporter: Compat change id reported: 168419799; UID 1000; state: DISABLED
04-06 02:00:21.370  1321  4311 I ActivityManager: DSS OFF for android
04-06 02:00:21.371  1321  4311 I DexController: getTaskHasActivityIsWaitingToRun: r=ActivityRecord{4cb0dc5 u0 android/com.android.internal.app.FrozenAppActivity} t812}, app=ProcessRecord{a490659 1069:android:ui/1000}
04-06 02:00:21.372  1321  4311 V WindowManager: rotationForOrientation(orient=SCREEN_ORIENTATION_UNSPECIFIED (-1), last=ROTATION_0 (0)); user=ROTATION_0 (0) 
04-06 02:00:21.372  1321  4311 D WindowManager: rotationForOrientation, orientationSource=ActivityRecord{4411633 u0 com.sec.android.daemonapp/.app.MainActivity} t811}
04-06 02:00:21.373  1321  4311 V WindowManager: Computed rotation=ROTATION_0 (0) for display id=0 based on lastOrientation=SCREEN_ORIENTATION_UNSPECIFIED (-1) and oldRotation=ROTATION_0 (0), caller=com.android.server.wm.DisplayRotation.updateOrientation:414 com.android.server.wm.DisplayContent.updateOrientation:1990 com.android.server.wm.DisplayContent.updateOrientation:1891 com.android.server.wm.RootWindowContainer.ensureVisibilityAndConfig:2139 com.android.server.wm.ActivityTaskSupervisor.realStartActivityLocked:913 com.android.server.wm.RootWindowContainer$AttachApplicationHelper.test:4288 
04-06 02:00:21.374   971   971 I Monkey  : :Sending Touch (ACTION_DOWN): 0:(17.0,1537.0)
04-06 02:00:21.374  1321  4311 D TspStateManager: updateCustomValue customSetting=
04-06 02:00:21.374  1321  3011 D InputDispatcher: Inject motion (971/2000): action=0x0, time=123532683000000, f=0x0, d=0 dsdx=1.000000 dtdx=0.000000
04-06 02:00:21.374  1321  2352 I InputDispatcher: Delivering touch to (2682): action: 0x4, f=0x0, d=0, '6d45259', t=0 
04-06 02:00:21.374  1321  2352 I InputDispatcher: Delivering touch to (17006): action: 0x0, f=0x0, d=0, '1c705ea', t=0 +(0,-1543)
04-06 02:00:21.375   971   971 I Monkey  : :Sending Touch (ACTION_UP): 0:(16.398836,1534.2128)
04-06 02:00:21.375 17006 17006 I ViewRootImpl@13ba2a9[MainActivity]: ViewPostIme pointer 0
04-06 02:00:21.375  1321  2807 D InputDispatcher: Inject motion (971/2000): action=0x1, time=123532684000000, f=0x0, d=0 dsdx=1.000000 dtdx=0.000000
04-06 02:00:21.376  1321  2352 D PowerManagerService: UserActivityStateListenerState: 1
04-06 02:00:21.376  1321  2352 I InputDispatcher: Delivering touch to (17006): action: 0x1, f=0x0, d=0, '1c705ea', t=0 +(0,-1543)
04-06 02:00:21.376 17006 17006 I ViewRootImpl@13ba2a9[MainActivity]: ViewPostIme pointer 1
04-06 02:00:21.379  1321  4311 D TspStateManager: updateCustomValue customSetting=
04-06 02:00:21.379  1321  4311 D SGM:PkgDataHelper: notifyAppCreate(), pkgName: android, userId: 0, sendRet: true
04-06 02:00:21.379  1321  2368 D SGM:FgCheckThread: onLooperPrepared(), msg: MSG_APP_CREATE, pkgName: android, userId: 0
04-06 02:00:21.379  1321  4311 D MARsPolicyManager: onPackageResumedFG pkgName = android, userId = 0
04-06 02:00:21.379  1321  4311 D ActivityTaskManager: scheduleTopResumedActivityChanged, onTop=true r=ActivityRecord{4cb0dc5 u0 android/com.android.internal.app.FrozenAppActivity} t812} caller=com.android.server.wm.ActivityTaskSupervisor.scheduleTopResumedActivityStateIfNeeded:2535 com.android.server.wm.ActivityTaskSupervisor.updateTopResumedActivityIfNeeded:2527 com.android.server.wm.TaskFragment.setResumedActivity:493 com.android.server.wm.TaskFragment.onActivityStateChanged:805 com.android.server.wm.ActivityRecord.setState:6428 com.android.server.wm.Task.minimalResumeActivityLocked:6155 
04-06 02:00:21.379  1321  4311 D InputDispatcher: Focused application(0): ActivityRecord{4cb0dc5 u0 android/com.android.internal.app.FrozenAppActivity} t812}
04-06 02:00:21.380  1321  4311 V WindowManager: Changing focus from Window{1c705ea u0 com.sec.android.daemonapp/com.sec.android.daemonapp.app.MainActivity} to null displayId=0 Callers=com.android.server.wm.RootWindowContainer.updateFocusedWindowLocked:595 com.android.server.wm.WindowManagerService.updateFocusedWindowLocked:6810 com.android.server.wm.ActivityTaskManagerService.setResumedActivityUncheckLocked:5766 com.android.server.wm.TaskFragment.onActivityStateChanged:807 
04-06 02:00:21.380  1321  4311 D MARsPolicyManager: onPackageResumedFG pkgName = com.sec.android.daemonapp, userId = 0
04-06 02:00:21.381  1321  4311 I WindowManager: Cancelling animation restarting=true, leash=Surface(name=Surface(name=330a1a StatusBar)/@0xb1cd9fc - animation-leash of insets_animation)/@0x4552e51
04-06 02:00:21.381  1321  4311 I WindowManager: Reparenting to original parent: Surface(name=WindowToken{3aa80c5 type=2000 android.os.BinderProxy@3c7692f})/@0xa9bc885, destroy=false, surface=Surface(name=330a1a StatusBar)/@0xb1cd9fc
04-06 02:00:21.381  1321  4311 I WindowManager: Reparenting to leash, surface=Surface(name=330a1a StatusBar)/@0xb1cd9fc, leashParent=Surface(name=WindowToken{3aa80c5 type=2000 android.os.BinderProxy@3c7692f})/@0xa9bc885
04-06 02:00:21.381  1205  1261 I SurfaceFlinger: id=33102 createSurf, flag=24000, Surface(name=330a1a StatusBar)/@0xb1cd9fc - animation-leash of insets_animation#33102
04-06 02:00:21.382  1321  4311 D WindowManager: makeSurface duration=1 leash=Surface(name=Surface(name=330a1a StatusBar)/@0xb1cd9fc - animation-leash of insets_animation)/@0x478dace
04-06 02:00:21.382  1321  4311 I WindowManager: Cancelling animation restarting=true, leash=Surface(name=Surface(name=6d45259 NavigationBar0)/@0x28b570b - animation-leash of insets_animation)/@0x9eacfb7
04-06 02:00:21.382  1321  4311 I WindowManager: Reparenting to original parent: Surface(name=WindowToken{624d6a0 type=2019 android.os.BinderProxy@dd6a6d2})/@0x75b99e8, destroy=false, surface=Surface(name=6d45259 NavigationBar0)/@0x28b570b
04-06 02:00:21.382  1321  4311 I WindowManager: Reparenting to leash, surface=Surface(name=6d45259 NavigationBar0)/@0x28b570b, leashParent=Surface(name=WindowToken{624d6a0 type=2019 android.os.BinderProxy@dd6a6d2})/@0x75b99e8
04-06 02:00:21.382  1205  1261 I SurfaceFlinger: id=33103 createSurf, flag=24000, Surface(name=6d45259 NavigationBar0)/@0x28b570b - animation-leash of insets_animation#33103
04-06 02:00:21.382  1321  4311 D WindowManager: makeSurface duration=0 leash=Surface(name=Surface(name=6d45259 NavigationBar0)/@0x28b570b - animation-leash of insets_animation)/@0x7bc2385
04-06 02:00:21.382  1321  4311 D StatusBarManagerService: notifyRequestedSystemKey recent=false home=false
04-06 02:00:21.383  1321  4311 D SGM:FgCheckThread: TaskStackListener.onTaskFocusChanged(), taskId=811, focused=false
04-06 02:00:21.383  1321  4311 D SGM:FgCheckThread: TaskStackListener.onTaskFocusChanged(), taskId=812, focused=true
04-06 02:00:21.384  1321  4311 D SGM:FgCheckThread:   sendRunningComponentFocus(), pkgName: android, userId: 0
04-06 02:00:21.385  1321  4311 D CompatibilityChangeReporter: Compat change id reported: 181136395; UID 1000; state: DISABLED
04-06 02:00:21.385  1321  4311 D CompatibilityChangeReporter: Compat change id reported: 174042936; UID 1000; state: DISABLED
04-06 02:00:21.385  1321  4311 W WindowManager: Execute app transition: mNextAppTransitionRequests=[TRANSIT_OPEN, TRANSIT_OPEN], mNextAppTransitionFlags=, displayId: 0 Callers=com.android.server.wm.RootWindowContainer.executeAppTransitionForAllDisplay:2580 com.android.server.wm.ActivityTaskSupervisor.reportResumedActivityLocked:2287 com.android.server.wm.ActivityRecord.completeResumeLocked:7009 com.android.server.wm.Task.minimalResumeActivityLocked:6156 com.android.server.wm.ActivityTaskSupervisor.realStartActivityLocked:1137 
04-06 02:00:21.386  1321  2418 D AS.MultiSoundManager: mForegroundUid = 1000
04-06 02:00:21.387  1069  1069 D CompatibilityChangeReporter: Compat change id reported: 171979766; UID 1000; state: ENABLED
04-06 02:00:21.389  1321  1963 D ActivityManager: Parallel Broadcast is delayed BroadcastRecord{84a1baa u0 com.samsung.android.intent.action.PACKAGE_INSTALL_STARTED}
04-06 02:00:21.389  1321  1963 D ActivityManager: Ordered Broadcast is delayed BroadcastRecord{b77c39b u0 com.samsung.android.intent.action.PACKAGE_INSTALL_STARTED}
04-06 02:00:21.391  1321  1809 I GestureDetector: obtain mCurrentDownEvent. id: -187956925 caller: com.android.server.wm.SystemGesturesPointerEventListener.onPointerEvent:203 com.android.server.wm.PointerEventDispatcher.onInputEvent:53 android.view.InputEventReceiver.dispatchInputEvent:285 
04-06 02:00:21.391  1321  1809 I GestureDetector: obtain mCurrentDownEvent. id: -187956925 caller: com.android.server.wm.SystemPerformancePointerEventListener.onPointerEvent:89 com.android.server.wm.PointerEventDispatcher.onInputEvent:53 android.view.InputEventReceiver.dispatchInputEvent:285 
04-06 02:00:21.392  1321  1809 I GestureDetector: obtain mCurrentMotionEventRaw. action: 1 id: -453149453
04-06 02:00:21.392  1321  8944 I ActivityManager: updateOomAdj start time is before than pendingPid added, don't delete it
04-06 02:00:21.392  1321  1963 D PackageManager: sendBroadcastAsUser. PACKAGE_INSTALL_STARTED
04-06 02:00:21.392  1321  1809 I GestureDetector: obtain mCurrentMotionEventRaw. action: 1 id: -453149453
04-06 02:00:21.392  1321  1811 D SGM:FgCheckThread: noteResumeComponent(), received pkgName: android, userId: 0
04-06 02:00:21.392  1321  1963 I PackageManager: Integrity check passed for file:///data/app/vmdl1672618415.tmp
04-06 02:00:21.393  1203  1203 I nder:appservice: Using CollectorTypeCC GC.
04-06 02:00:21.393  1321  8944 I ActivityManager: updateOomAdj start time is before than pendingPid added, don't delete it
04-06 02:00:21.393  1321  1811 D SGM:GameManager: identifyGamePackage. android, mCurrentUserId: 0, callerUserId: 0, callingMethodInfo: com.samsung.android.game.SemGameManager.isGamePackage(SemGameManager.java:104)
04-06 02:00:21.393  1321  1811 D SGM:PkgDataHelper: getGamePkgData(). android
04-06 02:00:21.393  1321  1811 D SGM:SemGameManager: isGamePackage(), pkgName=android, ret=false
04-06 02:00:21.394 12013 12036 I Finsky  : [95] RECEIVER_PACKAGE_VERIFICATION#logWorkEndAndFinishGoAsync: SUCCESS
04-06 02:00:21.394  1321  1809 D Native_CFMS: CFMS Delete Task Tid(32288)
04-06 02:00:21.394  1321  4264 D AutoRotationHandler: inject auto rotation priority = 1.0
04-06 02:00:21.395  1121  1157 E ANDR-PERF-UTIL: Failed to read /proc/sys/kernel/walt_low_latency_task_threshold
04-06 02:00:21.395  1121  1157 E ANDR-PERF-OPTSHANDLER: Failed to read /proc/sys/kernel/walt_low_latency_task_threshold
04-06 02:00:21.395  1121  1157 E ANDR-PERF-RESOURCEQS: Failed to apply optimization [3, 54]
04-06 02:00:21.395  1321  2368 D SGM:FgCheckThread: onLooperPrepared(), msg: MSG_TASK_FOCUSED, pkgName: android, userId: 0
04-06 02:00:21.395  1321  2368 D SGM:FgCheckThread: handleTaskFocused().
04-06 02:00:21.395  1321  2368 D SGM:FgCheckThread:   handleTaskFocused(), pkgName: android, userID:0
04-06 02:00:21.395  1321  2368 D SGM:FgCheckThread: handleResume().
04-06 02:00:21.395  1321  2368 D SGM:FgCheckThread: sendFocusOutConditionally() - mPrevNotiPkg: (unknown), userId: 0
04-06 02:00:21.395  1321  2368 D SGM:FgCheckThread:   handleResume(). pkgName: android, userId: 0, isTunableApp: null
04-06 02:00:21.395  1321  2368 D SGM:FgCheckThread: notifyFocusInOut(). of pkg: android, type: 4, isTunableApp: false, userId: 0
04-06 02:00:21.395  1321  2368 D SGM:FgCheckThread:   notifyFocusInOut(). unexpected mPrevNotiType: -1
04-06 02:00:21.395  1321  2368 D SGM:SystemHelper: callReleaseBlock needReleaseBlock:false
04-06 02:00:21.395  1321  8944 I ActivityManager: updateOomAdj start time is before than pendingPid added, don't delete it
04-06 02:00:21.396  1321  1321 I CocktailBarManagerServiceContainer: handleMessage: entry what = 5
04-06 02:00:21.397  1321  1809 D Native_CFMS: CFMS Delete Task Tid(17006)
04-06 02:00:21.397  7976  7976 I ActivityUtils: HomePackage : com.sec.android.app.launcher, resumePackageName : android
04-06 02:00:21.398  1321  4311 I ActivityManager: updateOomAdj start time is before than pendingPid added, don't delete it
04-06 02:00:21.398  1096  1096 I sensors-hal: inject_sensor_data:316, auto_rotation ar_mode:1
04-06 02:00:21.398  1096  1096 I sensors-hal: write_auto_rotation_mode:303, write_auto_rotation_mode ar_mode:1
04-06 02:00:21.398  1186  1186 I SSC_DAEMON: physical_sensor_test_req_msg Sensor type :14, Msg type:15
04-06 02:00:21.398  1186  1186 I SSC_DAEMON: 0.algo_id:3, num:1
04-06 02:00:21.399  1321  8944 I ActivityManager: updateOomAdj start time is before than pendingPid added, don't delete it
04-06 02:00:21.399  1321  1809 D Native_CFMS: CFMS Delete Task Tid(32277)
04-06 02:00:21.400  1321  1811 D SGM:GameManager: identifyGamePackage. android, mCurrentUserId: 0, callerUserId: 0, callingMethodInfo: com.android.server.ssrm.SortingMachine.isGame(SortingMachine.java:162)
04-06 02:00:21.400  1321  1811 D SGM:PkgDataHelper: getGamePkgData(). android
04-06 02:00:21.400  1321  1811 I GameSDK@LifeCycle: noteResumeComponent(): package name  : android
04-06 02:00:21.400  1321  1809 D Native_CFMS: CFMS Delete Task Tid(32287)
04-06 02:00:21.400  1321  1809 D Native_CFMS: CFMS Add Task Tid(1069)
04-06 02:00:21.400  1321  1809 D Native_CFMS: CFMS Add Task Tid(17006)
04-06 02:00:21.400  1321  1809 D Native_CFMS: CFMS Add Task Tid(32277)
04-06 02:00:21.400  1321  1809 D Native_CFMS: CFMS Add Task Tid(32288)
04-06 02:00:21.401  1321  1809 D Native_CFMS: CFMS Add Task Tid(32287)
04-06 02:00:21.401  1186  2088 I SSC_DAEMON: AR od: 8, 1, 0
04-06 02:00:21.403  1205  1205 I Layer   : id=33095 removedFromDrawingState Surface(name=6d45259 NavigationBar0)/@0x28b570b - animation-leash of insets_animation#33095 (134)
04-06 02:00:21.403  1205  1205 I Layer   : id=67 removedFromDrawingState 6d45259 NavigationBar0#67 (134)
04-06 02:00:21.403  1205  1205 I Layer   : id=77 removedFromDrawingState NavigationBar0$_2682#77 (134)
04-06 02:00:21.403  1205  1205 I Layer   : id=33094 removedFromDrawingState Surface(name=330a1a StatusBar)/@0xb1cd9fc - animation-leash of insets_animation#33094 (134)
04-06 02:00:21.403 32087  1262 I Routine@Core[4.2.00.52]: MetadataLoadManager: collect: com.evolucao.app
04-06 02:00:21.403  1205  1205 I Layer   : id=67 addToCurrentState 6d45259 NavigationBar0#67 (134)
04-06 02:00:21.403 32087  1262 I Routine@Core[4.2.00.52]: MetadataLoadManager: collectWithCollectors - com.evolucao.app
04-06 02:00:21.403  1205  1205 I Layer   : id=77 addToCurrentState NavigationBar0$_2682#77 (134)
04-06 02:00:21.403  1205  1205 I SurfaceFlinger: [1c705ea com.sec.android.daemonapp/com.sec.android.daemonapp.app.MainActivity#33093] FrameRatePriority: -1
04-06 02:00:21.403  1205  1205 I SurfaceFlinger: id=33095 Removed Surface(name=6d45259 NavigationBar0)/@0x28b570b - animation-leash of insets_animation#33095 (134)
04-06 02:00:21.403  1205  1205 I SurfaceFlinger: id=33094 Removed Surface(name=330a1a StatusBar)/@0xb1cd9fc - animation-leash of insets_animation#33094 (134)
04-06 02:00:21.404  1205  1205 I Layer   : id=33094 Destroyed Surface(name=330a1a StatusBar)/@0xb1cd9fc - animation-leash of insets_animation#33094
04-06 02:00:21.404  1205  1205 I Layer   : id=33095 Destroyed Surface(name=6d45259 NavigationBar0)/@0x28b570b - animation-leash of insets_animation#33095
04-06 02:00:21.406  1321  4311 D InputDispatcher: Focus request (0): <null> but waiting because NOT_FOCUSABLE
04-06 02:00:21.406  1321  4311 D InputDispatcher: Focus left window (0): 1c705ea com.sec.android.daemonapp/com.sec.android.daemonapp.app.MainActivity
04-06 02:00:21.406 17006 17006 I ViewRootImpl@13ba2a9[MainActivity]: MSG_WINDOW_FOCUS_CHANGED 0 0
04-06 02:00:21.409  1321  5980 I ActivityManager: updateOomAdj start time is before than pendingPid added, don't delete it
04-06 02:00:21.410  1321  4311 I ActivityManager: updateOomAdj start time is before than pendingPid added, don't delete it
04-06 02:00:21.412  1203  1203 E nder:appservice: Not starting debugger since process cannot load the jdwp agent.
04-06 02:00:21.413 12013   974 I Finsky  : [454] VerifyApps: Anti-malware verification task started for package=com.evolucao.app.test
04-06 02:00:21.416 12013   974 I Finsky  : [454] VerifyApps: Skipping verification. Disabled by user setting
04-06 02:00:21.416 12013   974 I Finsky  : [454] VerifyApps: Skipping anti malware verification (preconditions not met). package=com.evolucao.app.test
04-06 02:00:21.417 12013   974 I Finsky  : [454] VerifyApps AdvancedProtection: Verify AP install started
04-06 02:00:21.417 12013   974 I Finsky  : [454] VerifyApps AdvancedProtection: Allowing install because there are no Advanced Protection users
04-06 02:00:21.418 12013 12013 I Finsky  : [2] VerifyApps AdvancedProtection: Reported Advanced Protection verification result: ALLOW
04-06 02:00:21.418 12013   974 E Finsky  : [454] Package name null is not an installed package
04-06 02:00:21.420 12013   974 I Finsky  : [454] Skipping logging for attempted installation. The source is a system package.
04-06 02:00:21.420 12013 12013 I Finsky  : [2] VerifyApps: Returning package verification result id=53, result=ALLOW
04-06 02:00:21.421  1321  1963 D ActivityManager: Parallel Broadcast is delayed BroadcastRecord{c34f215 u-1 android.intent.action.PACKAGE_VERIFIED}
04-06 02:00:21.422 12013 12013 I Finsky  : [2] VerifyApps: Install-time verification complete: id=53, package_name=com.evolucao.app.test
04-06 02:00:21.426  1321  1962 I PersonaServiceHelper: installStageForKnox(user:-1 installerUid:2000)
04-06 02:00:21.426  1321  1962 I PackageManager: START INSTALL PACKAGE: observer{230894331}
04-06 02:00:21.426  1321  1962 I PackageManager:           stagedDir{/data/app/vmdl1672618415.tmp}
04-06 02:00:21.426  1321  1962 I PackageManager:           stagedCid{null}
04-06 02:00:21.426  1321  1962 I PackageManager:           pkg{com.evolucao.app.test}
04-06 02:00:21.426  1321  1962 I PackageManager:           Request from{null}
04-06 02:00:21.433  1321  2807 I ActivityManager: updateOomAdj start time is before than pendingPid added, don't delete it
04-06 02:00:21.443  1321  8944 I GenerationRegistry: mBackingStore.isClosed() : false
04-06 02:00:21.443  1321  6284 I GenerationRegistry: mBackingStore.isClosed() : false
04-06 02:00:21.444  1321  1963 W PackageManager: verifying app can be installed or not
04-06 02:00:21.445  1321  1963 D ApplicationPolicy: isApplicationInstallationEnabled
04-06 02:00:21.445  1321  1963 D ApplicationPolicy: isApplicationInstallationEnabled :  Checking PKG WL - false
04-06 02:00:21.445  1321  1963 D ApplicationPolicy: isApplicationInstallationEnabled :  Checking PKG BL - true
04-06 02:00:21.445  1321  1963 D ApplicationPolicy: isApplicationInstallationEnabled :  Checking PERM BL - true
04-06 02:00:21.445  1321  1963 D ApplicationPolicy: isApplicationInstallationEnabled :  Checking SIG BL - true
04-06 02:00:21.445  1321  1963 D ApplicationPolicy: isApplicationInstallationEnabled :  Checking PKG WL - false
04-06 02:00:21.445  1321  1963 D ApplicationPolicy: isApplicationInstallationEnabled :  Checking PKG BL - true
04-06 02:00:21.445  1321  1963 D ApplicationPolicy: isApplicationInstallationEnabled :  Checking PERM BL - true
04-06 02:00:21.445  1321  1963 D ApplicationPolicy: isApplicationInstallationEnabled :  Checking SIG BL - true
04-06 02:00:21.445  1321  1963 D ApplicationPolicy: isApplicationInstallationEnabled :  enabled true
04-06 02:00:21.449  1321  1963 D RestrictionPolicy: isNewAdminInstallationEnabledInternal : false
04-06 02:00:21.450  1203  1203 D ActivityThread: setConscryptValidator
04-06 02:00:21.450  1203  1203 D ActivityThread: setConscryptValidator - put
04-06 02:00:21.456  1104 32312 I HYPER-HAL: [ResourceManager.cpp]removeResource(): [CPULittleMinFreq] RemoveResource Request ID : 1337744
04-06 02:00:21.458  1104 32312 I HYPER-HAL: [ResourceManager.cpp]removeResource(): [CPUMinFreq] RemoveResource Request ID : 1337744
04-06 02:00:21.458  1104 32312 I HYPER-HAL: [RequestManager.cpp]releaseLocked(): Released ID : 1337744
04-06 02:00:21.454 32282 32398 I Finsky:background: [127] Wrote row to frosting DB: 709
04-06 02:00:21.557  1321  6284 D CompatibilityChangeReporter: Compat change id reported: 168419799; UID 10062; state: DISABLED
04-06 02:00:21.558  1321  6284 I ActivityManager: DSS OFF for com.samsung.android.app.galaxyfinder
04-06 02:00:21.559  1321  6284 W ActivityManager: Slow operation: 104ms so far, now at attachApplicationLocked: before bindApplication
04-06 02:00:21.559  1321  6284 W ActivityManager: Slow operation: 105ms so far, now at attachApplicationLocked: immediately before bindApplication
04-06 02:00:21.559  1321  1808 W Looper  : Slow dispatch took 115ms android.fg h=android.os.Handler c=<recycled PooledLambda@db985dd> m=0
04-06 02:00:21.559  1321  5980 W system_server: Long monitor contention with owner android.fg (1808) at com.android.server.pm.Computer com.android.server.pm.PackageManagerService.snapshotComputer()(PackageManagerService.java:1366) waiters=7 in com.android.server.pm.Computer com.android.server.pm.PackageManagerService.snapshotComputer() for 102ms
04-06 02:00:21.559  1321  5980 D InputDispatcher: Inject key (971/2000): action=0, f=0x8, d=-1, time=123532766000000
04-06 02:00:21.559  1321  5980 D WindowManager: interceptKeyTq interceptKeyResult=1
04-06 02:00:21.560  1321  2352 W InputDispatcher: Waiting because no window has focus but ActivityRecord{4cb0dc5 u0 android/com.android.internal.app.FrozenAppActivity} t812} may eventually add a window when it finishes starting up. Will wait for 10000ms
04-06 02:00:21.560  1321  2352 W InputDispatcher: Still no focused window. Will drop the event in 9999ms
