04-06 02:00:21.960  1321  2368 D SGM:FgCheckThread: notifyFocusInOut(). of pkg: com.sec.android.daemonapp, type: 4, isTunableApp: false, userId: 0
04-06 02:00:21.960  1321  2368 D SGM:FgCheckThread:   notifyFocusInOut(). unexpected mPrevNotiType: -1
04-06 02:00:21.960  1321  2368 D SGM:SystemHelper: callReleaseBlock needReleaseBlock:false
04-06 02:00:21.960  1321  4264 D AutoRotationHandler: inject auto rotation priority = 0.0
04-06 02:00:21.960  1096  1096 I sensors-hal: inject_sensor_data:316, auto_rotation ar_mode:0
04-06 02:00:21.961  1096  1096 I sensors-hal: write_auto_rotation_mode:303, write_auto_rotation_mode ar_mode:0
04-06 02:00:21.961  1186  1186 I SSC_DAEMON: physical_sensor_test_req_msg Sensor type :14, Msg type:15
04-06 02:00:21.961  1186  1186 I SSC_DAEMON: 0.algo_id:3, num:1
04-06 02:00:21.962  2682  2839 I ViewRootImpl@24cc7fa[Toast]: Received frameDrawingCallback syncResult=0 frameNum=1.
04-06 02:00:21.962  2682  2839 I ViewRootImpl@24cc7fa[Toast]: Setting up sync and frameCommitCallback
04-06 02:00:21.962  2682  2839 I BLASTBufferQueue: syncNextTransaction, mName= ViewRootImpl@24cc7fa[Toast] acquireSingleBuffer= true mNativeObject= 0xb4000070343d8200 callback= android.view.ViewRootImpl$12$$ExternalSyntheticLambda0@f233711 caller= android.graphics.BLASTBufferQueue.syncNextTransaction:147 android.view.ViewRootImpl$12.onFrameDraw:13385 android.view.ThreadedRenderer$1.onFrameDraw:801 <bottom of call stack> <bottom of call stack> <bottom of call stack> 
04-06 02:00:21.962  2682  2839 I BLASTBufferQueue: [ViewRootImpl@24cc7fa[Toast]#719](f:0,a:0) syncNextTransaction callback: 1, acquireSingleBuffer: 1, mTransactionReadyCallback: 0
04-06 02:00:21.962  1321  2488 W SemWifiTransportLayerUtils: getApplicationCategory - IOException com.evolucao.app.test
04-06 02:00:21.962  1321  2488 W System.err: java.io.FileNotFoundException: https://play.google.com/store/apps/details?id=com.evolucao.app.test&hl=en
04-06 02:00:21.962  1321  2488 W System.err: 	at com.android.okhttp.internal.huc.HttpURLConnectionImpl.getInputStream(HttpURLConnectionImpl.java:255)
04-06 02:00:21.963  1321  2488 W System.err: 	at com.android.okhttp.internal.huc.DelegatingHttpsURLConnection.getInputStream(DelegatingHttpsURLConnection.java:211)
04-06 02:00:21.963  1321  2488 W System.err: 	at com.android.okhttp.internal.huc.HttpsURLConnectionImpl.getInputStream(HttpsURLConnectionImpl.java:30)
04-06 02:00:21.963  1321  2488 W System.err: 	at com.samsung.android.server.wifi.tcp.SemWifiTransportLayerUtils.getApplicationCategory(SemWifiTransportLayerUtils.java:104)
04-06 02:00:21.963  1321  2488 W System.err: 	at com.samsung.android.server.wifi.tcp.SemWifiTransportLayerMonitor$TcpMonitorHandler.handleMessage(SemWifiTransportLayerMonitor.java:244)
04-06 02:00:21.963  1321  2488 W System.err: 	at android.os.Handler.dispatchMessage(Handler.java:106)
04-06 02:00:21.963  1321  2488 W System.err: 	at android.os.Looper.loopOnce(Looper.java:226)
04-06 02:00:21.963  1321  2488 W System.err: 	at android.os.Looper.loop(Looper.java:313)
04-06 02:00:21.963  1321  2488 W System.err: 	at android.os.HandlerThread.run(HandlerThread.java:67)
04-06 02:00:21.963  1321  2488 D SemWifiTransportLayerMonitor.TcpMonitorHandler: MSG_SAVE_PACKAGE_INFO
04-06 02:00:21.963  1321  2488 D SemWifiTransportLayerFileManager: saveWifiPackageInfoToFile
04-06 02:00:21.963  1321  2488 D SemWifiTransportLayerFileManager: writeWifiPackageInfoList
04-06 02:00:21.963  2682  2793 I BLASTBufferQueue: [ViewRootImpl@24cc7fa[Toast]#719](f:0,a:0) onFrameAvailable-start syncTransactionSet=true
04-06 02:00:21.964  1186  2088 I SSC_DAEMON: AR od: 8, 0, 0
04-06 02:00:21.964  1321  4264 I MediaSessionMonitor: Media session stopped : not playing state
04-06 02:00:21.964  2682  2793 I BLASTBufferQueue: [ViewRootImpl@24cc7fa[Toast]#719](f:0,a:0) onFrameAvailable the first frame is available
04-06 02:00:21.964  2682  2793 I BLASTBufferQueue: [ViewRootImpl@24cc7fa[Toast]#719](f:0,a:0) onFrameAvailable framenumber=1 syncTransactionSet=true, mSyncedFrameNumbers=0
04-06 02:00:21.964  2682  2793 I BLASTBufferQueue: [ViewRootImpl@24cc7fa[Toast]#719](f:1,a:0) onFrameAvailable framenumber=1 syncTransactionSet=true, mSyncedFrameNumbers=0
04-06 02:00:21.964  2682  2793 I BLASTBufferQueue: [ViewRootImpl@24cc7fa[Toast]#719](f:0,a:1) acquireNextBufferLocked mLastAppliedFrameNumber: 0
04-06 02:00:21.964  2682  2793 I BLASTBufferQueue: [ViewRootImpl@24cc7fa[Toast]#719](f:0,a:1) acquireNextBufferLocked size=960x176 mFrameNumber=1 applyTransaction=false mTimestamp=123533272751884(auto) mPendingTransactions.size=0 graphicBufferId=11519102299850 transform=0
04-06 02:00:21.964  2682  2793 I ViewRootImpl@24cc7fa[Toast]: Received frameCommittedCallback lastAttemptedDrawFrameNum=1 didProduceBuffer=true
04-06 02:00:21.964  1321  2488 D SemWifiTransportLayerMonitor.TcpMonitorHandler: MSG_SAVE_PACKAGE_INFO
04-06 02:00:21.964  1321  2488 D SemWifiTransportLayerFileManager: saveWifiPackageInfoToFile
04-06 02:00:21.964  1321  2488 D SemWifiTransportLayerFileManager: writeWifiPackageInfoList
04-06 02:00:21.965  2682  2793 D OpenGLRenderer: CFMS:: SetUp Pid : 2682    Tid : 2793
04-06 02:00:21.965  2682  2793 W Parcel  : Expecting binder but got null!
04-06 02:00:21.965  2682  2682 I ViewRootImpl@24cc7fa[Toast]: onSyncComplete
04-06 02:00:21.966  2682  2682 I ViewRootImpl@24cc7fa[Toast]: setupSync seqId=1 mSyncId=0 fn=1 caller=android.view.ViewRootImpl$$ExternalSyntheticLambda11.accept:6 android.window.SurfaceSyncer.lambda$setupSync$1$android-window-SurfaceSyncer:128 android.window.SurfaceSyncer$$ExternalSyntheticLambda1.accept:8 android.window.SurfaceSyncer$SyncSet.checkIfSyncIsComplete:382 android.window.SurfaceSyncer$SyncSet.markSyncReady:359 android.window.SurfaceSyncer.markSyncReady:151 android.view.ViewRootImpl.performTraversals:4503 
04-06 02:00:21.966 32296  1424 I AppsEdge.Service: addItem
04-06 02:00:21.966 32296  1424 I AppsEdge.DBHelper: getFavoriteItems : false
04-06 02:00:21.966  2682  2682 I ViewRootImpl@24cc7fa[Toast]: reportDrawFinished seqId=1 mSyncId=-1 fn=1 mSurfaceChangedTransaction=0xb40000701ed62100
04-06 02:00:21.966  2682  2682 I SurfaceComposerClient: uncacheWithoutTransaction() cacheId: 11519102299850
04-06 02:00:21.966 17006 17006 I MSHandlerLifeCycle: removeMultiSplitHandler: no exist. decor=DecorView@ca5e813[MainActivity]
04-06 02:00:21.966 17006 17006 I ViewRootImpl@13ba2a9[MainActivity]: ViewPostIme key 1
04-06 02:00:21.967 17006 17006 I ViewRootImpl@beef91f[MainActivity]: performTraversals params={(0,0)(fillxfill) sim={adjust=resize forwardNavigation} ty=BASE_APPLICATION wanim=0x10302f4
04-06 02:00:21.967 17006 17006 I ViewRootImpl@beef91f[MainActivity]:   fl=81810100
04-06 02:00:21.967 17006 17006 I ViewRootImpl@beef91f[MainActivity]:   pfl=12020040
04-06 02:00:21.967 17006 17006 I ViewRootImpl@beef91f[MainActivity]:   bhv=DEFAULT
04-06 02:00:21.967 17006 17006 I ViewRootImpl@beef91f[MainActivity]:   fitSides= naviIconColor=0}
04-06 02:00:21.967 17006 17006 I ViewRootImpl@beef91f[MainActivity]: performTraversals mFirst=false windowShouldResize=false viewVisibilityChanged=false mForceNextWindowRelayout=false params={(0,0)(fillxfill) sim={adjust=resize forwardNavigation} ty=BASE_APPLICATION wanim=0x10302f4
04-06 02:00:21.967 17006 17006 I ViewRootImpl@beef91f[MainActivity]:   fl=81810100
04-06 02:00:21.967 17006 17006 I ViewRootImpl@beef91f[MainActivity]:   pfl=12020040
04-06 02:00:21.967 17006 17006 I ViewRootImpl@beef91f[MainActivity]:   bhv=DEFAULT
04-06 02:00:21.967 17006 17006 I ViewRootImpl@beef91f[MainActivity]:   fitSides= naviIconColor=0}
04-06 02:00:21.967  2682  2952 D PluginInstanceManager: queryPkg com.microsoft.skydrive com.android.systemui.action.PLUGIN_GLOBAL_ACTIONS
04-06 02:00:21.967  2682  2952 D PluginInstanceManager: queryPkg com.microsoft.skydrive com.android.systemui.action.PLUGIN_NOTIFICATION_MENU_ROW
04-06 02:00:21.967  2682  2952 D PluginInstanceManager: queryPkg com.microsoft.skydrive com.android.systemui.action.PLUGIN_VOLUME
04-06 02:00:21.967  2682  2952 D PluginInstanceManager: queryPkg com.microsoft.skydrive com.android.systemui.action.PLUGIN_OVERLAY
04-06 02:00:21.967  2682  2952 D PluginInstanceManager: queryPkg com.microsoft.skydrive com.android.systemui.action.PLUGIN_CLOCK
04-06 02:00:21.967  2682  2952 D PluginInstanceManager: queryPkg com.microsoft.skydrive com.android.systemui.action.PEOPLE_HUB_PERSON_EXTRACTOR
04-06 02:00:21.967  2682  2952 D PluginInstanceManager: queryPkg com.microsoft.skydrive com.android.systemui.action.PLUGIN_NOTIFICATION_ASSISTANT
04-06 02:00:21.968  2682  2952 D PluginInstanceManager: queryPkg com.microsoft.skydrive com.android.systemui.action.PLUGIN_NOTIFICATION_MENU_ROW
04-06 02:00:21.968  2682  2952 D PluginInstanceManager: queryPkg com.microsoft.skydrive com.android.systemui.action.PLUGIN_QS
04-06 02:00:21.968  2682  2952 D PluginInstanceManager: queryPkg com.microsoft.skydrive com.android.systemui.action.PLUGIN_LOCKSCREEN_RIGHT_BUTTON
04-06 02:00:21.968  2682  2952 D PluginInstanceManager: queryPkg com.microsoft.skydrive com.android.systemui.action.PLUGIN_NOTIFICATION_MENU_ROW
04-06 02:00:21.968  2682  2952 D PluginInstanceManager: queryPkg com.microsoft.skydrive com.android.systemui.action.PLUGIN_NOTIFICATION_MENU_ROW
04-06 02:00:21.968  2682  2952 D PluginInstanceManager: queryPkg com.microsoft.skydrive com.android.systemui.action.PLUGIN_NOTIFICATION_MENU_ROW
04-06 02:00:21.968  2682  2952 D PluginInstanceManager: queryPkg com.microsoft.skydrive com.android.systemui.action.PLUGIN_NOTIFICATION_MENU_ROW
04-06 02:00:21.968  2682  2952 D PluginInstanceManager: queryPkg com.microsoft.skydrive com.android.systemui.action.PLUGIN_LOCKSCREEN_LEFT_BUTTON
04-06 02:00:21.968  2682  2952 D PluginInstanceManager: queryPkg com.microsoft.skydrive com.samsung.systemui.action.PLUGIN_FACE_WIDGET
04-06 02:00:21.968  2682  2952 D PluginInstanceManager: Too many of com.samsung.systemui.action.PLUGIN_FACE_WIDGET
04-06 02:00:21.968  2682  2952 D PluginInstanceManager: queryPkg com.microsoft.skydrive com.android.systemui.action.PLUGIN_NOTIFICATION_MENU_ROW
04-06 02:00:21.968  2682  2952 D PluginInstanceManager: queryPkg com.microsoft.skydrive com.android.systemui.action.PLUGIN_CLOCK
04-06 02:00:21.968  1321  6284 V WindowManager: Relayout Window{8886c07 u0 com.sec.android.daemonapp/com.sec.android.daemonapp.app.MainActivity}: viewVisibility=0 req=1080x2400 d0
04-06 02:00:21.968  2682  2952 D PluginInstanceManager: queryPkg com.microsoft.skydrive com.android.systemui.action.PLUGIN_NOTIFICATION_MENU_ROW
04-06 02:00:21.968  2682  2952 D PluginInstanceManager: queryPkg com.microsoft.skydrive com.android.systemui.action.PLUGIN_LOCKSCREEN_LEFT_BUTTON
04-06 02:00:21.968  2682  2952 D PluginInstanceManager: queryPkg com.microsoft.skydrive com.android.systemui.action.PLUGIN_NOTIFICATION_MENU_ROW
04-06 02:00:21.968  2682  2952 D PluginInstanceManager: queryPkg com.microsoft.skydrive com.android.systemui.action.PLUGIN_QS_FACTORY
04-06 02:00:21.968  2682  2952 D PluginInstanceManager: queryPkg com.microsoft.skydrive com.android.systemui.action.PLUGIN_SENSOR_MANAGER
04-06 02:00:21.968  2682  2952 D PluginInstanceManager: queryPkg com.microsoft.skydrive com.android.systemui.action.PLUGIN_LOCKSCREEN_RIGHT_BUTTON
04-06 02:00:21.968  2682  2952 D PluginInstanceManager: queryPkg com.microsoft.skydrive com.android.systemui.action.PLUGIN_TOAST
04-06 02:00:21.969  2682  2682 D SPluginManagerImpl: onReceive: android.intent.action.PACKAGE_CHANGED, size:{com.android.systemui.noticenter.NotiCenterPlugin$NotiCenterPluginListener@3023927=SPluginInstanceManager@9450040 (action=com.samsung.systemui.action.PLUGIN_NOTICENTER), com.samsung.android.systemui.multistar.MultiStarManager$2@510f3db=SPluginInstanceManager@201499153 (action=com.samsung.systemui.action.PLUGIN_MULTISTAR), com.android.systemui.slimindicator.SlimIndicatorPluginMediator@56d31ed=SPluginInstanceManager@78012278 (action=com.samsung.systemui.action.SPLUGIN_SLIMINDICATOR), com.android.systemui.navigationbar.plugin.PluginBarInteractionManager$pluginListener$1@97ca726=SPluginInstanceManager@120637815 (action=com.samsung.systemui.navigationbar.PLUGIN), com.android.systemui.pluginlock.PluginLockMediatorImpl@aa40f48=SPluginInstanceManager@103954916 (action=com.samsung.systemui.action.PLUGIN_LOCK), com.android.systemui.volume.VolumeStarInteractor$1@ac32d10=SPluginInstanceManager@190729805 (action=com.samsung.systemui.volume.PLUGIN), com.android.systemui.lockstar.PluginLockStarManager@dd2838c=SPluginInstanceManager@261160194 (action=com.samsung.systemui.action.PLUGIN_LOCK_STAR)}
04-06 02:00:21.969  2682  2682 D KeyguardUpdateMonitor: received broadcast android.intent.action.PACKAGE_CHANGED
04-06 02:00:21.970  1321  6284 V WindowManager: Relayout hash=8886c07, pid=17006, syncId=-1: mAttrs={(0,0)(fillxfill) sim={adjust=resize forwardNavigation} ty=BASE_APPLICATION wanim=0x10302f4
04-06 02:00:21.970  1321  6284 V WindowManager:   fl=81810100
04-06 02:00:21.970  1321  6284 V WindowManager:   pfl=12020040
04-06 02:00:21.970  1321  6284 V WindowManager:   bhv=DEFAULT
04-06 02:00:21.970  1321  6284 V WindowManager:   fitSides= naviIconColor=0}
04-06 02:00:21.970  1321  3120 D WindowManager: finishDrawingWindow: Window{d31aeae u0 Toast} mDrawState=DRAW_PENDING seqId=1
04-06 02:00:21.971  1321  3120 D WindowManager: Clear waiting to handle resizing w=Window{d31aeae u0 Toast}, caller=com.android.server.wm.WindowState.$r8$lambda$KRT9GRK4XCFxbCtXhf99RTKi_oc:0 com.android.server.wm.WindowState$$ExternalSyntheticLambda6.accept:4 com.android.server.wm.WindowState.executeDrawHandlers:7470 com.android.server.wm.WindowState.finishDrawing:7271 com.android.server.wm.WindowManagerService.finishDrawingWindow:3124 
04-06 02:00:21.971  1321  3120 D WindowManager: executeDrawHandlers, seqId=1, h.mSeqId=1, hadHandlers=true, win=Window{d31aeae u0 Toast}
04-06 02:00:21.971 17006 17006 I ViewRootImpl@beef91f[MainActivity]: updateBlastSurfaceIfNeeded mBlastBufferQueue=0xb400007025f1b680 isSameSurfaceControl=true
04-06 02:00:21.971 17006 17006 I BLASTBufferQueue: update, w= 1080 h= 2400 mName = ViewRootImpl@beef91f[MainActivity] mNativeObject= 0xb400007025f1b680 sc.mNativeObject= 0xb4000070a0c62fe0 format= -1 caller= android.view.ViewRootImpl.updateBlastSurfaceIfNeeded:2898 android.view.ViewRootImpl.relayoutWindow:9847 android.view.ViewRootImpl.performTraversals:3884 android.view.ViewRootImpl.doTraversal:3116 android.view.ViewRootImpl$TraversalRunnable.run:10885 android.view.Choreographer$CallbackRecord.run:1301 
04-06 02:00:21.971 17006 17006 I ViewRootImpl@beef91f[MainActivity]: Relayout returned: old=(0,0,1080,2400) new=(0,0,1080,2400) req=(1080,2400)0 dur=4 res=0x0 s={true 0xb400007025e9d800} ch=false seqId=0
04-06 02:00:21.971  2682  2682 D SPluginManagerImpl: onReceive: android.intent.action.PACKAGE_ADDED, size:{com.android.systemui.noticenter.NotiCenterPlugin$NotiCenterPluginListener@3023927=SPluginInstanceManager@9450040 (action=com.samsung.systemui.action.PLUGIN_NOTICENTER), com.samsung.android.systemui.multistar.MultiStarManager$2@510f3db=SPluginInstanceManager@201499153 (action=com.samsung.systemui.action.PLUGIN_MULTISTAR), com.android.systemui.slimindicator.SlimIndicatorPluginMediator@56d31ed=SPluginInstanceManager@78012278 (action=com.samsung.systemui.action.SPLUGIN_SLIMINDICATOR), com.android.systemui.navigationbar.plugin.PluginBarInteractionManager$pluginListener$1@97ca726=SPluginInstanceManager@120637815 (action=com.samsung.systemui.navigationbar.PLUGIN), com.android.systemui.pluginlock.PluginLockMediatorImpl@aa40f48=SPluginInstanceManager@103954916 (action=com.samsung.systemui.action.PLUGIN_LOCK), com.android.systemui.volume.VolumeStarInteractor$1@ac32d10=SPluginInstanceManager@190729805 (action=com.samsung.systemui.volume.PLUGIN), com.android.systemui.lockstar.PluginLockStarManager@dd2838c=SPluginInstanceManager@261160194 (action=com.samsung.systemui.action.PLUGIN_LOCK_STAR)}
04-06 02:00:21.972  2682  2682 D KeyguardUpdateMonitor: received broadcast android.intent.action.PACKAGE_ADDED
04-06 02:00:21.972  3132 18743 I LauncherProvider: External provider call by package : com.samsung.android.app.galaxyfinder  for method : get_home_mode
04-06 02:00:21.972  3132 18743 I ExternalMethodFactory: get_home_mode
04-06 02:00:21.973  1321  1811 D SGM:GameManager: identifyGamePackage. com.sec.android.daemonapp, mCurrentUserId: 0, callerUserId: 0, callingMethodInfo: com.samsung.android.game.SemGameManager.isGamePackage(SemGameManager.java:104)
04-06 02:00:21.973  1321  1811 D SGM:PkgDataHelper: getGamePkgData(). com.sec.android.daemonapp
04-06 02:00:21.973  1321  1811 D SGM:SemGameManager: isGamePackage(), pkgName=com.sec.android.daemonapp, ret=false
04-06 02:00:21.973  1321  5980 I SemDvfsHyPerManager: acquire hyper - AMS_RESUME_TAIL/1321@18, type = -999
04-06 02:00:21.973  1321  5980 I SemDvfsHyPerManager: acquire hyper - AMS_ACT_LAZY/1321@19, type = -999
04-06 02:00:21.973  1321  5980 D ActivityManagerPerformance: AMP_acquire() TAIL
04-06 02:00:21.973  1321  5980 D ActivityManagerPerformance: AMP_release() APP_SWITCH
04-06 02:00:21.973  2682  2952 D PluginInstanceManager: queryPkg com.evolucao.app.test com.android.systemui.action.PLUGIN_GLOBAL_ACTIONS
04-06 02:00:21.973  2682  2952 D PluginInstanceManager: queryPkg com.evolucao.app.test com.android.systemui.action.PLUGIN_NOTIFICATION_MENU_ROW
04-06 02:00:21.973  2682  2952 D PluginInstanceManager: queryPkg com.evolucao.app.test com.android.systemui.action.PLUGIN_VOLUME
04-06 02:00:21.973  2682  2952 D PluginInstanceManager: queryPkg com.evolucao.app.test com.android.systemui.action.PLUGIN_OVERLAY
04-06 02:00:21.973  2682  2952 D PluginInstanceManager: queryPkg com.evolucao.app.test com.android.systemui.action.PLUGIN_CLOCK
04-06 02:00:21.973  2682  2952 D PluginInstanceManager: queryPkg com.evolucao.app.test com.android.systemui.action.PEOPLE_HUB_PERSON_EXTRACTOR
04-06 02:00:21.973  2682  2952 D PluginInstanceManager: queryPkg com.evolucao.app.test com.android.systemui.action.PLUGIN_NOTIFICATION_ASSISTANT
04-06 02:00:21.973  2682  2952 D PluginInstanceManager: queryPkg com.evolucao.app.test com.android.systemui.action.PLUGIN_NOTIFICATION_MENU_ROW
04-06 02:00:21.973  2682  2952 D PluginInstanceManager: queryPkg com.evolucao.app.test com.android.systemui.action.PLUGIN_QS
04-06 02:00:21.973  2682  2952 D PluginInstanceManager: queryPkg com.evolucao.app.test com.android.systemui.action.PLUGIN_LOCKSCREEN_RIGHT_BUTTON
04-06 02:00:21.973  2682  2952 D PluginInstanceManager: queryPkg com.evolucao.app.test com.android.systemui.action.PLUGIN_NOTIFICATION_MENU_ROW
04-06 02:00:21.973  2682  2952 D PluginInstanceManager: queryPkg com.evolucao.app.test com.android.systemui.action.PLUGIN_NOTIFICATION_MENU_ROW
04-06 02:00:21.974  2682  2952 D PluginInstanceManager: queryPkg com.evolucao.app.test com.android.systemui.action.PLUGIN_NOTIFICATION_MENU_ROW
04-06 02:00:21.974  2682  2952 D PluginInstanceManager: queryPkg com.evolucao.app.test com.android.systemui.action.PLUGIN_NOTIFICATION_MENU_ROW
04-06 02:00:21.974  2682  2952 D PluginInstanceManager: queryPkg com.evolucao.app.test com.android.systemui.action.PLUGIN_LOCKSCREEN_LEFT_BUTTON
04-06 02:00:21.974  2682  2952 D PluginInstanceManager: queryPkg com.evolucao.app.test com.samsung.systemui.action.PLUGIN_FACE_WIDGET
04-06 02:00:21.974  2682  2952 D PluginInstanceManager: Too many of com.samsung.systemui.action.PLUGIN_FACE_WIDGET
04-06 02:00:21.974  2682  2952 D PluginInstanceManager: queryPkg com.evolucao.app.test com.android.systemui.action.PLUGIN_NOTIFICATION_MENU_ROW
04-06 02:00:21.974  2682  2952 D PluginInstanceManager: queryPkg com.evolucao.app.test com.android.systemui.action.PLUGIN_CLOCK
04-06 02:00:21.974  2682  2952 D PluginInstanceManager: queryPkg com.evolucao.app.test com.android.systemui.action.PLUGIN_NOTIFICATION_MENU_ROW
04-06 02:00:21.974  2682  2952 D PluginInstanceManager: queryPkg com.evolucao.app.test com.android.systemui.action.PLUGIN_LOCKSCREEN_LEFT_BUTTON
04-06 02:00:21.974  1104  1166 I HYPER-HAL: [RequestManager.cpp]acquire(): Acquired ID : 897148  [1321 / 18]    HINT : AMS_RESUME_TAIL    list : 
04-06 02:00:21.974  2682  2952 D PluginInstanceManager: queryPkg com.evolucao.app.test com.android.systemui.action.PLUGIN_NOTIFICATION_MENU_ROW
04-06 02:00:21.974  2682  2952 D PluginInstanceManager: queryPkg com.evolucao.app.test com.android.systemui.action.PLUGIN_QS_FACTORY
04-06 02:00:21.974  2682  2952 D PluginInstanceManager: queryPkg com.evolucao.app.test com.android.systemui.action.PLUGIN_SENSOR_MANAGER
04-06 02:00:21.974  2682  2952 D PluginInstanceManager: queryPkg com.evolucao.app.test com.android.systemui.action.PLUGIN_LOCKSCREEN_RIGHT_BUTTON
04-06 02:00:21.974  2682  2952 D PluginInstanceManager: queryPkg com.evolucao.app.test com.android.systemui.action.PLUGIN_TOAST
04-06 02:00:21.975  1104  1166 I HYPER-HAL: [ResourceManager.cpp]updateResource(): [CPUMinFreq] UpdateResource Request ID : 897148    Value : 1747200
04-06 02:00:21.975  1104  1166 I HYPER-HAL: [RequestManager.cpp]acquire(): Acquired ID : 898489  [1321 / 19]    HINT : AMS_ACT_LAZY    list : 
04-06 02:00:21.975  1104  1166 I HYPER-HAL: [ResourceManager.cpp]removeResource(): [CPULittleMinFreq] RemoveResource Request ID : 911954
04-06 02:00:21.976  1104  1166 I HYPER-HAL: [ResourceManager.cpp]removeResource(): [CPUMinFreq] RemoveResource Request ID : 911954
04-06 02:00:21.976  1104  1166 I HYPER-HAL: [RequestManager.cpp]releaseLocked(): Released ID : 911954
04-06 02:00:21.979  1321  3120 I AppOps  : updateUidProcState uid: 10041 procState: 1 capability:15
04-06 02:00:21.979  1389  5263 I CameraService: onUidStateChanged: uid=10041, procState is changed. (0 -> 1)
04-06 02:00:21.982  2682  2682 I ViewRootImpl@24cc7fa[Toast]: handleResized, msg = 5 frames=ClientWindowFrames{frame=[60,1888][1020,2064] display=[0,88][1080,2256] parentFrame=[0,0][0,0] parentClippedByDisplayCutout=false} forceNextWindowRelayout=true displayId=0 resizeMode=-1 frameChanged=false displayFrameChanged=false configChanged=false displayChanged=false
04-06 02:00:21.982  2682  2682 I ViewRootImpl@24cc7fa[Toast]: handleResized mSyncSeqId = 1
04-06 02:00:21.982  2682  2682 I ViewRootImpl@24cc7fa[Toast]: reportNextDraw android.view.ViewRootImpl.handleResized:2450 android.view.ViewRootImpl.-$$Nest$mhandleResized:0 android.view.ViewRootImpl$ViewRootHandler.handleMessageImpl:6728 android.view.ViewRootImpl$ViewRootHandler.handleMessage:6697 android.os.Handler.dispatchMessage:106 
04-06 02:00:21.982  2682  2682 I ViewRootImpl@24cc7fa[Toast]: performTraversals mFirst=false windowShouldResize=false viewVisibilityChanged=false mForceNextWindowRelayout=true params=null
04-06 02:00:21.983  1321  1321 I CocktailBarManagerServiceContainer: handleMessage: entry what = 5
04-06 02:00:21.984  1304  1304 D nativeloader: Configuring classloader-namespace for other apk /data/app/~~k5KD09Cn-tt0LWrwl5ogww==/com.microsoft.appmanager-u8sQVnVKl7WqyK6MpgVoiw==/base.apk. target_sdk_version=35, uses_libraries=, library_path=/data/app/~~k5KD09Cn-tt0LWrwl5ogww==/com.microsoft.appmanager-u8sQVnVKl7WqyK6MpgVoiw==/lib/arm64:/data/app/~~k5KD09Cn-tt0LWrwl5ogww==/com.microsoft.appmanager-u8sQVnVKl7WqyK6MpgVoiw==/base.apk!/lib/arm64-v8a, permitted_path=/data:/mnt/expand:/data/user/0/com.microsoft.appmanager
04-06 02:00:21.985  7976  7976 I ActivityUtils: HomePackage : com.sec.android.app.launcher, resumePackageName : com.sec.android.daemonapp
04-06 02:00:21.988  1321  1812 I WindowManager: Reparenting to leash, surface=Surface(name=d31aeae Toast)/@0x5109416, leashParent=Surface(name=WindowToken{9d336bd type=2005 android.os.Binder@4a0be14})/@0x431f197
04-06 02:00:21.989  1205  1259 I SurfaceFlinger: id=33111 createSurf, flag=24004, Surface(name=d31aeae Toast)/@0x5109416 - animation-leash of window_animation#33111
04-06 02:00:21.990  1321  1812 D WindowManager: makeSurface duration=1 leash=Surface(name=Surface(name=d31aeae Toast)/@0x5109416 - animation-leash of window_animation)/@0x73b036d
04-06 02:00:21.990  1321  1812 V WindowManager: performShowLocked: mDrawState=HAS_DRAWN in Window{d31aeae u0 Toast}
04-06 02:00:21.992  1321  1812 D SurfaceControl: applyGlobalTransaction called, mName=finishDrawing_syncId(1)_Toast
04-06 02:00:21.994 32296  1424 I AppsEdge.DBHelper: getFavoriteItems type = 0, pos = 0, id = 1, item = 0@com.samsung.android.messaging/com.android.mms.ui.ConversationComposer&0
04-06 02:00:21.994  1321  1812 D PowerManagerService: [api] acquire WakeLock SCREEN_BRIGHT_WAKE_LOCK        'WindowManager' ON_AFTER_RELEASE (uid=1000 pid=1321 ws=WorkSource{10041} displayId=-1 lock=d9c3d3e)
04-06 02:00:21.996  1321  3120 V WindowManager: Relayout Window{d31aeae u0 Toast}: viewVisibility=0 req=960x176 d0
04-06 02:00:21.999  1321  3120 V WindowManager: Relayout hash=d31aeae, pid=2682, syncId=-1: mAttrs={(0,192)(wrapxwrap) gr=BOTTOM CENTER sim={adjust=pan} ty=TOAST fmt=TRANSLUCENT wanim=0x1030004
04-06 02:00:21.999  1321  3120 V WindowManager:   fl=1000098
04-06 02:00:21.999  1321  3120 V WindowManager:   pfl=22000010
04-06 02:00:21.999  1321  3120 V WindowManager:   bhv=DEFAULT
04-06 02:00:21.999  1321  3120 V WindowManager:   fitTypes=STATUS_BARS NAVIGATION_BARS CAPTION_BAR
04-06 02:00:21.999  1321  3120 V WindowManager:   fitIgnoreVis naviIconColor=0}
04-06 02:00:21.999 32296  1424 I AppsEdge.DBHelper: getFavoriteItems type = 0, pos = 1, id = 2, item = 0@com.google.android.youtube/com.google.android.youtube.app.honeycomb.Shell$HomeActivity&0
04-06 02:00:21.999  2682  2682 I ViewRootImpl@24cc7fa[Toast]: updateBlastSurfaceIfNeeded mBlastBufferQueue=0xb4000070343d8200 isSameSurfaceControl=true
04-06 02:00:21.999  2682  2682 I BLASTBufferQueue: update, w= 960 h= 176 mName = ViewRootImpl@24cc7fa[Toast] mNativeObject= 0xb4000070343d8200 sc.mNativeObject= 0xb400007012f8e480 format= -3 caller= android.view.ViewRootImpl.updateBlastSurfaceIfNeeded:2898 android.view.ViewRootImpl.relayoutWindow:9847 android.view.ViewRootImpl.performTraversals:3884 android.view.ViewRootImpl.doTraversal:3116 android.view.ViewRootImpl$TraversalRunnable.run:10885 android.view.Choreographer$CallbackRecord.run:1301 
04-06 02:00:21.999  2682  2682 I BLASTBufferQueue: [ViewRootImpl@24cc7fa[Toast]#719](f:0,a:1) update width=960 height=176 format=-3 mTransformHint=0
04-06 02:00:21.999  1205  1205 I Layer   : id=33101 removedFromDrawingState ActivityRecord{4cb0dc5 u0 android/com.android.internal.app.FrozenAppActivity} t812}#33101 (136)
04-06 02:00:21.999  2682  2682 I ViewRootImpl@24cc7fa[Toast]: Relayout returned: old=(60,1888,1020,2064) new=(60,1888,1020,2064) req=(960,176)0 dur=17 res=0x0 s={true 0xb40000700a5ed800} ch=false seqId=1
04-06 02:00:21.999  1205  1205 I Layer   : id=33100 removedFromDrawingState Task=812#33100 (136)
04-06 02:00:22.000  1205  1205 I SurfaceFlinger: id=33101 Removed ActivityRecord{4cb0dc5 u0 android/com.android.internal.app.FrozenAppActivity} t812}#33101 (136)
04-06 02:00:22.000  1205  1205 I SurfaceFlinger: id=33100 Removed Task=812#33100 (136)
04-06 02:00:22.000  2682  2682 I ViewRootImpl@24cc7fa[Toast]: mThreadedRenderer.updateSurface() mSurface={isValid=true 0xb40000700a5ed800}
04-06 02:00:22.000  1205  1205 I Layer   : id=33100 Destroyed Task=812#33100
04-06 02:00:22.000  2682  2682 I ViewRootImpl@24cc7fa[Toast]: Setup new sync id=1
04-06 02:00:22.000  1205  1205 I Layer   : id=33101 Destroyed ActivityRecord{4cb0dc5 u0 android/com.android.internal.app.FrozenAppActivity} t812}#33101
04-06 02:00:22.000  2682  2682 I ViewRootImpl@24cc7fa[Toast]: Setting syncFrameCallback
04-06 02:00:22.000  2682  2682 I ViewRootImpl@24cc7fa[Toast]: registerCallbacksForSync syncBuffer=false
04-06 02:00:22.000  2682  2793 D OpenGLRenderer: setSurface() destroyed EGLSurface
04-06 02:00:22.000  2682  2793 D OpenGLRenderer: destroyEglSurface
04-06 02:00:22.001  2682  2793 D OpenGLRenderer: eglCreateWindowSurface
04-06 02:00:22.001  1321  1811 D SGM:GameManager: identifyGamePackage. com.sec.android.daemonapp, mCurrentUserId: 0, callerUserId: 0, callingMethodInfo: com.android.server.ssrm.SortingMachine.isGame(SortingMachine.java:162)
04-06 02:00:22.001  1321  1811 D SGM:PkgDataHelper: getGamePkgData(). com.sec.android.daemonapp
04-06 02:00:22.001  1321  1811 I GameSDK@LifeCycle: noteResumeComponent(): package name  : com.sec.android.daemonapp
04-06 02:00:22.001  2682  2779 I BLASTBufferQueue: [ViewRootImpl@24cc7fa[Toast]#719](f:0,a:1) transactionCommittedCallback
04-06 02:00:22.001  2682  2779 I BLASTBufferQueue: [ViewRootImpl@24cc7fa[Toast]#719](f:0,a:1) transactionCommittedCallback mSyncedFrameNumbers.erase(1). mSyncedFrameNumbers: 0
04-06 02:00:22.001  2682  2838 I ViewRootImpl@24cc7fa[Toast]: Received frameDrawingCallback syncResult=0 frameNum=2.
04-06 02:00:22.001  2682  2838 I ViewRootImpl@24cc7fa[Toast]: Setting up sync and frameCommitCallback
04-06 02:00:22.004  2682  2793 I ViewRootImpl@24cc7fa[Toast]: Received frameCommittedCallback lastAttemptedDrawFrameNum=2 didProduceBuffer=true
04-06 02:00:22.004  2682  2682 I ViewRootImpl@24cc7fa[Toast]: onSyncComplete
04-06 02:00:22.004  2682  2682 I ViewRootImpl@24cc7fa[Toast]: setupSync seqId=1 mSyncId=1 fn=2 caller=android.view.ViewRootImpl$$ExternalSyntheticLambda11.accept:6 android.window.SurfaceSyncer.lambda$setupSync$1$android-window-SurfaceSyncer:128 android.window.SurfaceSyncer$$ExternalSyntheticLambda1.accept:8 android.window.SurfaceSyncer$SyncSet.checkIfSyncIsComplete:382 android.window.SurfaceSyncer$SyncSet.markSyncReady:359 android.window.SurfaceSyncer.markSyncReady:151 android.view.ViewRootImpl.performTraversals:4503 
04-06 02:00:22.004  2682  2682 I ViewRootImpl@24cc7fa[Toast]: reportDrawFinished seqId=1 mSyncId=-1 fn=2 mSurfaceChangedTransaction=0xb40000701ed62100
04-06 02:00:22.004  1321  6284 D WindowManager: finishDrawingWindow: Window{d31aeae u0 Toast} mDrawState=HAS_DRAWN seqId=1
04-06 02:00:22.004  2682  2682 D FaceWidgetMetadataParser: updatePackage() com.microsoft.skydrive false
04-06 02:00:22.005  1321  1809 D Native_CFMS: CFMS Delete Task Tid(32288)
04-06 02:00:22.007  1321  1812 D SurfaceControl: applyGlobalTransaction called, mName=finishDrawing_syncId(1)_Toast
04-06 02:00:22.007  1069  1300 D OpenGLRenderer: trimMemory(TRIM_MEMORY_COMPLETE)::destroyRenderingContext
04-06 02:00:22.007  1069  1300 D OpenGLRenderer: RenderThread::destroyRenderingContext()
04-06 02:00:22.007  1069  1300 D OpenGLRenderer: RenderThread::setGrContext()
04-06 02:00:22.009  2682  2682 W FaceWidgetMetadataParser: updatePackage() there is no metadata
04-06 02:00:22.010  2682  2682 D FaceWidgetMetadataParser: removePackage() key = com.microsoft.skydrive
04-06 02:00:22.010  2682  2682 D FaceWidgetMetadataParser: updatePackage() com.evolucao.app.test true
04-06 02:00:22.010  2682  2682 W FaceWidgetMetadataParser: updatePackage() there is no metadata
04-06 02:00:22.010  2682  2682 D FaceWidgetMetadataParser: removePackage() key = com.evolucao.app.test
04-06 02:00:22.010  1321  1809 D Native_CFMS: CFMS Delete Task Tid(1069)
04-06 02:00:22.011  1321  1809 D Native_CFMS: CFMS Delete Task Tid(17006)
04-06 02:00:22.011  1321  1809 D Native_CFMS: CFMS Delete Task Tid(32277)
04-06 02:00:22.011  1321  1809 D Native_CFMS: CFMS Delete Task Tid(32287)
04-06 02:00:22.011  1321  1809 D Native_CFMS: CFMS Add Task Tid(17006)
04-06 02:00:22.011  1321  1809 D Native_CFMS: CFMS Add Task Tid(32277)
04-06 02:00:22.011  1321  1809 D Native_CFMS: CFMS Add Task Tid(32288)
04-06 02:00:22.011  1321  1809 D Native_CFMS: CFMS Add Task Tid(32287)
04-06 02:00:22.013 32296  1424 I AppsEdge.DBHelper: getFavoriteItems type = 0, pos = 2, id = 3, item = 0@com.android.chrome/com.google.android.apps.chrome.Main&0
04-06 02:00:22.013  3132  3132 I RecentsView: onTaskRemoved() taskId : 812
04-06 02:00:22.013  3132  3132 I TopTaskTracker: onTaskRemoved : taskId = 812
04-06 02:00:22.014  3132  3132 I RecentsView: onTaskRemoved() taskId : 812
04-06 02:00:22.014  3132  3132 I TopTaskTracker: onTaskRemoved : taskId = 812
04-06 02:00:22.014 10880 10903 D LauncherApps: onPackageAdded 0,com.evolucao.app
04-06 02:00:22.020 10880 10880 D KnoxHelper: getActivityList callingUserId: 0, target user: 0
04-06 02:00:22.022  3132  3566 I AppIconSolution: getThemeIconWithBG called with public API, pkg = com.evolucao.app, mode = 48
04-06 02:00:22.023  3132  3566 I AppIconSolution: start to load, pkg=com.evolucao.app, bg=192-192, dr=192-192, forDefault=true, density=640
04-06 02:00:22.024  3132  3566 I AppIconSolution: getIconScale, pkg=com.evolucao.app, size=192, iconScale=IconScale[alpha=19, scale=1.0, isCrop=true]
04-06 02:00:22.026  1304  1304 V GraphicsEnvironment: ANGLE Developer option for 'com.microsoft.appmanager' set to: 'default'
04-06 02:00:22.026  3132  3566 I AppIconSolution: default container[CROP], pkg=com.evolucao.app, bg=154-154, dr=192-192, isNight = true
04-06 02:00:22.027  1304  1304 V GraphicsEnvironment: ANGLE GameManagerService for com.microsoft.appmanager: false
04-06 02:00:22.028 12013 12049 I Finsky  : [108] AIM: AppInfoManager-Perf > ItemModel > CacheSize=0, cacheHitCount=0, cacheMissCount=0, total appsWithNoServerDataCount=0. Missed  in cache (limit 10) : []
04-06 02:00:22.028 10880 10971 D KnoxHelper: getActivityList callingUserId: 0, target user: 0
04-06 02:00:22.034  1321  3120 D InputDispatcher: Inject key (971/2000): action=0, f=0x8, d=-1, time=123533342000000
04-06 02:00:22.034  1321  3120 D WindowManager: interceptKeyTq interceptKeyResult=1
04-06 02:00:22.034  1321  2352 I InputDispatcher: Delivering key to (17006): action: 0x0 (0), f=0x8, m=0x0, d=0, '1c705ea'
04-06 02:00:22.034 17006 17006 I ViewRootImpl@13ba2a9[MainActivity]: ViewPostIme key 0
04-06 02:00:22.034  1321  3120 D InputDispatcher: Inject key (971/2000): action=1, f=0x8, d=-1, time=123533343000000
04-06 02:00:22.034  1321  3120 D WindowManager: interceptKeyTq interceptKeyResult=1
04-06 02:00:22.036  1321  2352 I InputDispatcher: Delivering key to (17006): action: 0x1 (0), f=0x8, m=0x0, d=0, '1c705ea'
04-06 02:00:22.036 17006 17006 I ViewRootImpl@13ba2a9[MainActivity]: ViewPostIme key 1
04-06 02:00:22.036  1304  1304 I LoadedApk: No resource references to update in package com.microsoft.appmanager.ext
04-06 02:00:22.036  1304  1304 I LoadedApk: No resource references to update in package com.microsoft.appmanager.extgeneric
04-06 02:00:22.037  1205  1205 D SurfaceFlinger: Display 4630947232161729153 HWC layers:
04-06 02:00:22.037  1205  1205 D SurfaceFlinger:      DEVICE | 0xb400007689d59a60 | 0102 | RGBA_8888    |    0.0    0.0 1080.0 2400.0 |    0    0 1080 2400 | com.sec.android.daemonapp/com.sec.an[...]monapp.app.MainActivity$_17006#33088
04-06 02:00:22.037  1205  1205 D SurfaceFlinger:  SOLID_COLOR |              | 0000 |  Unknown  |    0.0    0.0    0.0    0.0 |    0    0 1080 2400 | Dim Layer for - Task=811#33098
04-06 02:00:22.037  1205  1205 D SurfaceFlinger:      DEVICE | 0xb400007689d55700 | 0100 | RGBA_8888    |    8.0    0.0 1088.0  729.0 |    0 1535 1080 2264 | com.sec.android.daemonapp/com.sec.an[...]monapp.app.MainActivity$_17006#33096
04-06 02:00:22.037  1205  1205 D SurfaceFlinger:      DEVICE | 0xb4000076a24177e0 | 0100 | RGBA_8888    |    0.0    0.0 1080.0   88.0 |    0    0 1080   88 | StatusBar$_2682#82
04-06 02:00:22.037  1205  1205 D SurfaceFlinger:      DEVICE | 0xb400007693403a50 | 0100 | RGBA_8888    |    0.0    0.0   67.0  342.0 | 1013  458 1080  800 | com.samsung.android.app.cocktailbars[...]rvice.CocktailBarService$_7976#32715
04-06 02:00:22.037  1205  1205 D SurfaceFlinger:      DEVICE | 0xb400007693402240 | 0100 | RGBA_8888    |    0.0    0.0  960.0  176.0 |   60 1888 1020 2064 | Toast$_2682#33110
04-06 02:00:22.037  1205  1205 D SurfaceFlinger:      DEVICE | 0xb400007693403580 | 
04-06 02:00:22.037  1205  1205 D SurfaceFlinger: 0100 | RGBA_8888    |    0.0    0.0 1080.0  144.0 |    0 2256 1080 2400 | NavigationBar0$_2682#77
04-06 02:00:22.037  1205  1205 D SurfaceFlinger:      DEVICE | 0xb400007693403190 | 0140 | RGBA_8888    |    0.0    0.0 1080.0  112.0 |    0    0 1080  112 | ScreenDecorOverlay$_2682#90
04-06 02:00:22.037  1205  1205 D SurfaceFlinger:      DEVICE | 0xb4000076a2417230 | 0140 | RGBA_8888    |    0.0    0.0 1080.0  112.0 |    0 2288 1080 2400 | ScreenDecorOverlayBottom$_2682#91
04-06 02:00:22.037  1205  1205 D SurfaceFlinger: 
04-06 02:00:22.037  1304  1304 I LoadedApk: No resource references to update in package com.microsoft.appmanager.extcn
04-06 02:00:22.037  1304  1304 I LoadedApk: No resource references to update in package com.microsoft.appmanager.extop
04-06 02:00:22.038  1304  1304 D NetworkSecurityConfig: No Network Security Config specified, using platform default
04-06 02:00:22.039  3132  3566 I LauncherActivityInfo: packageName: com.evolucao.app, useThemeIcon: false, height: 154, width: 154, density: 640
04-06 02:00:22.046  1321  1842 I SemExecuteManagerService: onSomePackagesChanged
04-06 02:00:22.046  1321  1842 D EnterpriseDeviceManagerService: Package has changed for user 0
04-06 02:00:22.046  1321  1842 D EnterpriseDeviceManagerService: Admin package name: com.samsung.android.kgclient
04-06 02:00:22.047  1321  4262 I PowerManagerService: [PWL] SetWakeLockEnableDisable uid = 10324 , disable= false
04-06 02:00:22.047  1321  4262 I PowerManagerService: [PWL] can not change uid =  10324
04-06 02:00:22.047  1321  4262 I PowerManagerService: [PWL] SetWakeLockEnableDisable uid = 10338 , disable= false
04-06 02:00:22.047  1321  4262 I PowerManagerService: [PWL] can not change uid =  10338
04-06 02:00:22.048  1321  4262 D FreecessController: com.topjohnwu.magisk(state: Initial -> Freezeable, Reason: uidIdle)
04-06 02:00:22.048  3132 18743 I RecentModel: onTaskStackChangedBackground
04-06 02:00:22.058  1381  1381 I StateUtils: isDirectBootMode On : true
04-06 02:00:22.060  1304  1304 D NetworkSecurityConfig: No Network Security Config specified, using platform default
04-06 02:00:22.071  1321  1842 I SearchManagerService: updateSearchables
04-06 02:00:22.071  3132  3566 I AppInfo : set ComponentInfo{com.evolucao.app/com.evolucao.app.MainActivity} app progress level to 100
04-06 02:00:22.072  7976  7976 I AppsEdge.PanelContainer: onPackageChanged
04-06 02:00:22.073  3132  3132 I Launcher.Model: isValidStateInKnoxMode:false user:UserHandle{0}
04-06 02:00:22.073  3132  3132 I Launcher.Model: package changed received : com.microsoft.skydrive
04-06 02:00:22.073  3132  3566 I LauncherProvider: [CALL] : generate_new_apps_item_id
04-06 02:00:22.074  3132  3566 I SubUserItemPositionerImpl: check blockCreateShortcutKey : block_create_shortcut_0, blockCreate : false
04-06 02:00:22.074  3132  3566 I SubUserItemPositionerImpl: isAvailableCreateSubUserItemPositioner() is false, !myUserHandle().equals(user) : false, !(DualAppUtils.supportDualApp(context) && DualAppUtils.isDualAppId(user)true
04-06 02:00:22.074  3132  3566 I PackageUpdatedTask: added, appInfo : AppInfo(id=134 type=APP hidden=0 container=all_apps screen=-1 rank=0 rankOfList=-1 user=UserHandle{0} title=Evolucao componentName=ComponentInfo{com.evolucao.app/com.evolucao.app.MainActivity} screenType=0 runtimeStatusFlags=384 status=0)
04-06 02:00:22.076  3132  3566 I AppsModelWriter: addItems(start) > needToBind = true
04-06 02:00:22.078  3132  3566 I AppsModelWriter: addItems(start)> 0, 134, 0, -102, -1, 0, UserHandle{0}, 0, Evolucao, -1, -1
04-06 02:00:22.078  3132  3566 I AppsModelWriter: normalizeVisibleItems : [matched = true] col = 4, raw : 5
04-06 02:00:22.079  3132  3566 I AppsModelWriter: normalizeVisibleItems(visibleItems)> 0, 31, 2, -102, 0, 0, UserHandle{0}, 0, Samsung, -1, -1
04-06 02:00:22.079  3132  3566 I AppsModelWriter: normalizeVisibleItems(visibleItems)> 0, 45, 2, -102, 0, 1, UserHandle{0}, 0, Google, -1, -1
04-06 02:00:22.079  3132  3566 I AppsModelWriter: normalizeVisibleItems(visibleItems)> 0, 57, 0, -102, 0, 2, UserHandle{0}, 0, OneDrive, -1, -1
04-06 02:00:22.079  3132  3566 I AppsModelWriter: normalizeVisibleItems(visibleItems)> 0, 60, 0, -102, 0, 3, UserHandle{0}, 0, Play Store, -1, -1
04-06 02:00:22.079  3132  3566 I AppsModelWriter: normalizeVisibleItems(visibleItems)> 0, 62, 0, -102, 0, 4, UserHandle{0}, 0, Galaxy Store, -1, -1
04-06 02:00:22.079  3132  3566 I AppsModelWriter: normalizeVisibleItems(visibleItems)> 0, 63, 0, -102, 0, 5, UserHandle{0}, 0, Facebook, -1, -1
04-06 02:00:22.079  3132  3566 I AppsModelWriter: normalizeVisibleItems(visibleItems)> 0, 65, 0, -102, 0, 6, UserHandle{0}, 0, Netflix, -1, -1
04-06 02:00:22.079  3132  3566 I AppsModelWriter: normalizeVisibleItems(visibleItems)> 0, 66, 0, -102, 0, 7, UserHandle{0}, 0, Telefone, -1, -1
04-06 02:00:22.079  3132  3566 I AppsModelWriter: normalizeVisibleItems(visibleItems)> 0, 67, 0, -102, 0, 8, UserHandle{0}, 0, Mensagens, -1, -1
04-06 02:00:22.079  3132  3566 I AppsModelWriter: normalizeVisibleItems(visibleItems)> 0, 68, 0, -102, 0, 9, UserHandle{0}, 0, Câmera, -1, -1
04-06 02:00:22.079  3132  3566 I AppsModelWriter: normalizeVisibleItems(visibleItems)> 0, 69, 0, -102, 0, 10, UserHandle{0}, 0, Galeria, -1, -1
04-06 02:00:22.079  3132  3566 I AppsModelWriter: normalizeVisibleItems(visibleItems)> 0, 70, 0, -102, 0, 11, UserHandle{0}, 0, Relógio, -1, -1
04-06 02:00:22.079  3132  3566 I AppsModelWriter: normalizeVisibleItems(visibleItems)> 0, 71, 0, -102, 0, 12, UserHandle{0}, 0, Contatos, -1, -1
04-06 02:00:22.079  3132  3566 I AppsModelWriter: normalizeVisibleItems(visibleItems)> 0, 72, 0, -102, 0, 13, UserHandle{0}, 0, Config., -1, -1
04-06 02:00:22.079  3132  3566 I AppsModelWriter: normalizeVisibleItems(visibleItems)> 0, 73, 0, -102, 0, 14, UserHandle{0}, 0, Calendário, -1, -1
04-06 02:00:22.079  3132  3566 I AppsModelWriter: normalizeVisibleItems(visibleItems)> 0, 76, 0, -102, 0, 15, UserHandle{0}, 0, Dicas, -1, -1
04-06 02:00:22.079  3132  3566 I AppsModelWriter: normalizeVisibleItems(visibleItems)> 0, 78, 0, -102, 0, 16, UserHandle{0}, 0, Game Launcher, -1, -1
04-06 02:00:22.079  3132  3566 I AppsModelWriter: normalizeVisibleItems(visibleItems)> 0, 82, 0, -102, 0, 17, UserHandle{0}, 0, Magisk, -1, -1
04-06 02:00:22.079  3132  3566 I AppsModelWriter: normalizeVisibleItems(visibleItems)> 0, 81, 0, -102, 0, 18, UserHandle{0}, 0, Menu Claro, -1, -1
04-06 02:00:22.079  3132  3566 I AppsModelWriter: normalizeVisibleItems(visibleItems)> 0, 84, 0, -102, 1, 0, UserHandle{0}, 0, Menu Claro, -1, -1
04-06 02:00:22.079  3132  3566 I AppsModelWriter: normalizeVisibleItems(visibleItems)> 0, 85, 0, -102, 1, 1, UserHandle{0}, 0, WA Business, -1, -1
04-06 02:00:22.079  3132  3566 I AppsModelWriter: normalizeVisibleItems(visibleItems)> 0, 87, 0, -102, 1, 2, UserHandle{0}, 0, Root Checker Basic, -1, -1
04-06 02:00:22.079  3132  3566 I AppsModelWriter: normalizeVisibleItems(visibleItems)> 0, 91, 0, -102, 1, 3, UserHandle{0}, 0, Samsung Shop, -1, -1
04-06 02:00:22.079  3132  3566 I AppsModelWriter: normalizeVisibleItems(visibleItems)> 0, 101, 0, -102, 1, 4, UserHandle{0}, 0, Waze, -1, -1
04-06 02:00:22.079  3132  3566 I AppsModelWriter: normalizeVisibleItems(visibleItems)> 0, 102, 0, -102, 1, 5, UserHandle{0}, 0, Spotify, -1, -1
04-06 02:00:22.079  3132  3566 I AppsModelWriter: normalizeVisibleItems(visibleItems)> 0, 103, 0, -102, 1, 6, UserHandle{0}, 0, TikTok, -1, -1
04-06 02:00:22.079  3132  3566 I AppsModelWriter: normalizeVisibleItems(visibleItems)> 0, 104, 0, -102, 1, 7, UserHandle{0}, 0, Integrity Checker, -1, -1
04-06 02:00:22.079  3132  3566 I AppsModelWriter: normalizeVisibleItems(visibleItems)> 0, 105, 0, -102, 1, 8, UserHandle{0}, 0, AdAway, -1, -1
04-06 02:00:22.079  3132  3566 I AppsModelWriter: normalizeVisibleItems(visibleItems)> 0, 106, 0, -102, 2, 0, UserHandle{0}, 0, ViPER4Android FX, -1, -1
04-06 02:00:22.079  3132  3566 I AppsModelWriter: normalizeVisibleItems(visibleItems)> 0, 107, 0, -102, 2, 1, UserHandle{0}, 0, AAStore, -1, -1
04-06 02:00:22.079  3132  3566 I AppsModelWriter: normalizeVisibleItems(visibleItems)> 0, 108, 0, -102, 2, 2, UserHandle{0}, 0, CarStream, -1, -1
04-06 02:00:22.079  3132  3566 I AppsModelWriter: normalizeVisibleItems(visibleItems)> 0, 109, 0, -102, 2, 3, UserHandle{0}, 0, Fermata Auto, -1, -1
04-06 02:00:22.079  3132  3566 I AppsModelWriter: normalizeVisibleItems(visibleItems)> 0, 110, 0, -102, 2, 4, UserHandle{0}, 0, Meet, -1, -1
04-06 02:00:22.079  3132  3566 I AppsModelWriter: normalizeVisibleItems(visibleItems)> 0, 111, 0, -102, 2, 5, UserHandle{0}, 0, Drive, -1, -1
04-06 02:00:22.079  3132  3566 I AppsModelWriter: normalizeVisibleItems(visibleItems)> 0, 112, 0, -102, 2, 6, UserHandle{0}, 0, Fotos, -1, -1
04-06 02:00:22.079  3132  3566 I AppsModelWriter: normalizeVisibleItems(visibleItems)> 0, 113, 0, -102, 2, 7, UserHandle{0}, 0, Google TV, -1, -1
04-06 02:00:22.079  3132  3566 I AppsModelWriter: normalizeVisibleItems(visibleItems)> 0, 114, 0, -102, 2, 8, UserHandle{0}, 0, YT Music, -1, -1
04-06 02:00:22.079  3132  3566 I AppsModelWriter: normalizeVisibleItems(visibleItems)> 0, 115, 0, -102, 2, 9, UserHandle{0}, 0, Termux, -1, -1
04-06 02:00:22.079  3132  3566 I AppsModelWriter: normalizeVisibleItems(visibleItems)> 0, 125, 0, -102, 2, 10, UserHandle{0}, 0, AnyDesk, -1, -1
04-06 02:00:22.079  3132  3566 I AppsModelWriter: normalizeVisibleItems(visibleItems)> 0, 127, 0, -102, 2, 11, UserHandle{0}, 0, NEXA - Controle de Dívidas, -1, -1
04-06 02:00:22.079  3132  3566 I AppsModelWriter: normalizeVisibleItems(visibleItems)> 0, 128, 0, -102, 2, 12, UserHandle{0}, 0, Expo Go, -1, -1
04-06 02:00:22.079  3132  3566 I AppsModelWriter: normalizeVisibleItems(visibleItems)> 0, 134, 0, -102, 2, 13, UserHandle{0}, 0, Evolucao, -1, -1
04-06 02:00:22.082  1321  4311 I GenerationRegistry: mBackingStore.isClosed() : false
04-06 02:00:22.082  3132  3566 I AppsModelWriter: updateItemsInDataBase : Invalid updateItems
04-06 02:00:22.082  3132  3566 I AppsModelWriter: addItems(end) : addItem> 0, 134, 0, -102, 2, 13, UserHandle{0}, 0, Evolucao, -1, -1
04-06 02:00:22.082  3132  3566 I PostPositionOperator: addAllItems() - All
04-06 02:00:22.082  3132  3132 I AppsModelWriter: bindAppsItems() - visibleAddItems : 1, visibleUpdateItems : 0, removeItems : 0
04-06 02:00:22.082  3132  3566 I PostPositionOperator: addItem() - , isWidgetOnly : false
04-06 02:00:22.083 32296  1476 I AppsEdge.Service: changeItem()
04-06 02:00:22.083 32296  1476 I AppsEdge.Service: updateOrDeleteItem package=com.microsoft.skydrive,userId=0
04-06 02:00:22.083 32296  1476 I AppsEdge.DBHelper: getFavoriteItems : true
04-06 02:00:22.084  3132  3132 I Launcher.AppsContainerView: bindAppsUpdates() => add: 1, update: 0, remove: 0
04-06 02:00:22.084  3132  3132 I Launcher.AppsPagedView: addItems => id: 134, rank: 13, screenId: 2, cellX: 1, cellY: 3, container: -102, dirty: false, title: Evolucao, isFolder: false, user: UserHandle{0}, disabled: false, screenType: 0
04-06 02:00:22.091 32296  1476 I AppsEdge.DBHelper: getFavoriteItems type = 0, pos = 0, id = 1, item = 0@com.samsung.android.messaging/com.android.mms.ui.ConversationComposer&0
04-06 02:00:22.093  3132  3566 I WidgetsModel: EasyModeWidget will be excluded on WidgetList.
04-06 02:00:22.094 32296  1476 I AppsEdge.DBHelper: getFavoriteItems type = 0, pos = 1, id = 2, item = 0@com.google.android.youtube/com.google.android.youtube.app.honeycomb.Shell$HomeActivity&0
04-06 02:00:22.096  1381  1381 I StateUtils: isDirectBootMode On : true
04-06 02:00:22.096  3132  3566 I AppIconSolution: start to load, pkg=com.evolucao.app, bg=192-192, dr=144-144, forDefault=true, density=0
04-06 02:00:22.097  3132  3566 I AppIconSolution: getIconScale, pkg=com.evolucao.app, size=144, iconScale=IconScale[alpha=15, scale=1.0, isCrop=true]
04-06 02:00:22.100  3132  3566 I AppIconSolution: default container[CROP], pkg=com.evolucao.app, bg=114-114, dr=144-144, isNight = true
04-06 02:00:22.104 32296  1476 I AppsEdge.DBHelper: getFavoriteItems type = 0, pos = 2, id = 3, item = 0@com.android.chrome/com.google.android.apps.chrome.Main&0
04-06 02:00:22.105  1381  1381 I ClockSettingsSearchProvider: onCreate()
04-06 02:00:22.105  1381  1381 I ClockSettingsSearchProvider: secQueryGetFingerprint
04-06 02:00:22.112  1381  1381 I CapsuleProvider_1.0.23: onCreate
04-06 02:00:22.114  1321  2490 D SemWifiSwitchForIndividualAppsService: isSkipPoorLinkCondition - result:1
04-06 02:00:22.117   971   971 I Monkey  : :Sending Flip keyboardOpen=false
04-06 02:00:22.118   971   971 I Monkey  : Got IOException performing flipjava.io.FileNotFoundException: /dev/input/event0: open failed: EACCES (Permission denied)
04-06 02:00:22.118   971   971 I Monkey  :     // Injection Failed
04-06 02:00:22.122  1321  1842 E AppWidgetXmlUtil: Label is empty in ComponentInfo{com.samsung.android.lool/com.samsung.android.sm.widgetapp.SMGlanceWidgetProvider}
04-06 02:00:22.125  1321  1842 I SemExecuteManagerService: onPackageModified
04-06 02:00:22.135  1321  1777 D CompatibilityChangeReporter: Compat change id reported: 161145287; UID 10130; state: DISABLED
04-06 02:00:22.139  3132  3566 I PostPositionOperator: addItem() - com.evolucao.app, isWidgetOnly : true
04-06 02:00:22.142  1321  2865 D MdnieScenarioControlService:  packageName : com.sec.android.daemonapp    className : com.sec.android.daemonapp.app.MainActivity
04-06 02:00:22.143  1321  2865 V MdnieScenarioControlService: setUIMode from UI function(3)
04-06 02:00:22.147  1381  1422 I ProviderCallHandler: execute getMigrationDataAboutSleepSchedule by com.samsung.android.app.routines
04-06 02:00:22.147  1381  1422 I ProviderCallHandler: getMigrationDataAboutSleepSchedule
04-06 02:00:22.148  1321  1777 I GenerationRegistry: mBackingStore.isClosed() : false
04-06 02:00:22.149  3132  3566 I AppInfo : set ComponentInfo{com.sec.android.app.samsungapps/com.sec.android.app.samsungapps.SamsungAppsMainActivity} app progress level to 100
04-06 02:00:22.149  1381  1422 I RoutineUtil: isRoutinePackageEnabled true
04-06 02:00:22.149   649   649 I lmkd    : 0(delay), 50(swap), 10(freelimit), 0(reentrymode) memory pressure events were skipped after a kill!
