04-06 02:00:23.017  2639  2639 I VvmPkgInstalledRcvr: pinnedTelephonyManager : android.telephony.TelephonyManager@d3d09cc
04-06 02:00:23.017 17006 32288 I ViewRootImpl@beef91f[MainActivity]: mWNT: t=0xb40000703e97a600 mBlastBufferQueue=0xb400007025f1b680 fn= 16 caller= android.view.SyncRtSurfaceTransactionApplier.applyTransaction:96 android.view.SyncRtSurfaceTransactionApplier.lambda$scheduleApply$0$android-view-SyncRtSurfaceTransactionApplier:69 android.view.SyncRtSurfaceTransactionApplier$$ExternalSyntheticLambda0.onFrameDraw:4 
04-06 02:00:23.024  2639  2639 I VvmPkgInstalledRcvr: pinnedTelephonyManager : subscriberId: 724*********638
04-06 02:00:23.026  1321  2388 D WifiConfigStore: Writing to stores completed in 25 ms.
04-06 02:00:23.026  1321  2388 I PasspointManager: No app ops listener found for com.evolucao.app
04-06 02:00:23.029  2639  2639 I VvmPkgInstalledRcvr: getCarrierVvmPackages : config: PersistableBundle[{imsvoice.voice_on_default_bearer_supported_bool=false, imsss.ut_transport_type_int=1, carrier_volte_provisioned_bool=false, support_cdma_1x_voice_calls_bool=true, support_ss_over_cdma_bool=false, disable_charge_indication_bool=false, ims.sip_timer_t4_millis_int=17000, support_tdscdma_bool=false, httpSocketTimeout=60000, allowed_initial_attach_apn_types_string_array=[ia, default], disable_supplementary_services_in_airplane_mode_bool=false, call_barring_default_service_class_int=1, call_redirection_service_component_name_string=null, carrier_wfc_supports_wifi_only_bool=false, carrier_default_actions_on_default_network_available_string_array=[false: 7, true: 8], imsvoice.minimum_session_expires_timer_sec_int=90, iwlan_handover_policy_string_array=[source=GERAN|UTRAN|EUTRAN|NGRAN|IWLAN, target=GERAN|UTRAN|EUTRAN|NGRAN|IWLAN, type=allowed], operator_selection_expand_bool=true, disable_cdma_activation_code_bool=false, simplified_network_settings_bool=false, imsemergency.emergency_registration_timer_millis_int=10000, call_forwarding_when_unanswered_supported_bool=true, imsvt.h264_payload_description_bundle=PersistableBundle[{99=PersistableBundle[{}], 100=PersistableBundle[{imsvt.video_codec_attribute_packetization_mode_int=0}]}], support_tdscdma_roaming_networks_string_array=null, opportunistic.5g_data_switch_hysteresis_time_long=2000, ims.sip_timer_d_millis_int=130000, gps.lpp_profile=2, call_barring_visibility_bool=false, gba_mode_int=1, ims.registration_subscribe_expiry_timer_sec_int=600000, gps.es_extension_sec=0, enable_apps_string_array=null, 5g_icon_display_secondary_grace_period_string=, carrier_default_wfc_ims_roaming_enabled_bool=false, cdma_nonroaming_networks_string_array=null, imsss.ut_as_server_fqdn_string=, signal_strength_nr_nsa_use_lte_as_primary_bool=true, aliasMinChars=2, fdn_number_length_limit_int=20, support_ims_call_forwarding_while_roaming_bool=true, wfc_data_spn_format_idx_int=0, hide_sim_lock_settings_bool=false, drop_video_call_when_answering_audio_call_bool=false, data_stall_recovery_timers_long_array=[180000, 180000, 180000, 180000], opportunistic_esim_download_via_wifi_only_bool=false, imsss.xcap_over_ut_supported_rats_int_array=[3, 5], ci_action_on_sys_update_bool=false, carrier_certificate_string_array=[7D7226772D4F6D778FEF53A36BE15AD78D8D9D4BC4CE00C5F2E3216C19480FA0], convert_cdma_caller_id_mmi_codes_while_roaming_on_3gpp_bool=false, support_enhanced_call_blocking_bool=true, iwlan.ike_rekey_hard_timer_in_sec=14400, vvm_port_number_int=0, carrier_default_wfc_ims_enabled_bool=false, iwlan.ike_session_encryption_aes_ctr_key_size_int_array=[128, 192, 256], dial_string_replace_string_array=null, opportunistic_network_entry_threshold_bandwidth_int=1024, opportunistic_network_data_switch_exit_hysteresis_time_long=3000, imsss.use_csfb_on_xcap_over_ut_failure_bool=true, gsm_nonroaming_networks_string_array=null, imsserviceentitlement.ims_provisioning_bool=false, wifi.avoid_5ghz_softap_for_laa_bool=false, hide_ims_apn_bool=false, vvm_destination_number_string=, unmetered_nr_sa_mmwave_bool=false, ims.ipsec_encryption_algorithms_int_array=[0, 1, 2], opportunistic.5g_backoff_time_long=10000, enable_cross_sim_calling_on_opportunistic_data_bool=false, vonr_setting_visibility_bool=true, imssms.sms_over_ims_supported_bool=true, dtmf_type_enabled_bool=false, ims.sip_timer_f_millis_int=128000, allow_video_calling_fallback_bool=true, nr_advanced_threshold_bandwidth_khz_int=0, opportunistic.5g_ping_pong_time_long=60000, config_ims_package_override_string=com.google.android.ims, data_stall_recovery_should_skip_bool_array=[false, false, true, false, false], only_auto_select_in_home_network=false, iwlan.supported_prf_algorithms_int_array=[2, 4, 5, 6, 7], show_data_connected_roaming_notification=false, gps.es_supl_data_plane_only_roaming_plmn_string_array=null, imsserviceentitlement.fcm_sender_id_string=, smsToMmsTextThreshold=13, imsvt.video_as_bandwidth_kbps_int=960, opportunistic.exit_threshold_ss_rsrp_int_bundle=Pers
04-06 02:00:23.029  2639  2639 I VvmPkgInstalledRcvr: getCarrierVvmPackages : singlePackage: 
04-06 02:00:23.029  2639  2639 I VvmPkgInstalledRcvr: getCarrierVvmPackages : arrayPackages: null
04-06 02:00:23.029  2639  2639 I VvmPkgInstalledRcvr:  NOT contains : com.evolucao.app
04-06 02:00:23.029  2639  2639 I Telephony: SamsungTuiRelayReceiver: registerWhoWhoPackageRemovedEvents
04-06 02:00:23.030  2639  2639 I Telephony: SamsungTuiRelayReceiver: registerCallBGProviderPackageRemovedEvents
04-06 02:00:23.030  2639  2639 I Telephony: SamsungTuiRelayReceiver: sendRelayIntentForCallBG
04-06 02:00:23.030  1321  2269 I RollbackManager: broadcast=ACTION_PACKAGE_FULLY_REMOVED pkg=com.evolucao.app
04-06 02:00:23.030  6047  6047 I SCS@AiSearch user 0: (PackageBroadcastReceiver) onReceive android.intent.action.PACKAGE_REMOVED
04-06 02:00:23.030  6047  6047 I SCS@AiSearch user 0: (PackageBroadcastReceiver) packageName: com.evolucao.app
04-06 02:00:23.030  6047  6047 I SCS@AiSearch user 0: (PackageBroadcastReceiver) Packages changed: [com.evolucao.app]
04-06 02:00:23.030  1205  1205 D SurfaceFlinger: Display 4630947232161729153 HWC layers:
04-06 02:00:23.030  1205  1205 D SurfaceFlinger:      DEVICE | 0xb400007689d59a60 | 0102 | RGBA_8888    |    0.0    0.0 1080.0 2400.0 |    0    0 1080 2400 | com.sec.android.daemonapp/com.sec.an[...]monapp.app.MainActivity$_17006#33088
04-06 02:00:23.030  1205  1205 D SurfaceFlinger:      DEVICE | 0xb4000076a2417540 | 0100 | RGBA_8888    |    0.0    0.0 1080.0 1330.0 |    0 1070 1080 2400 | InputMethod$_6798#33116
04-06 02:00:23.030  1205  1205 D SurfaceFlinger:      DEVICE | 0xb4000076a24177e0 | 0100 | RGBA_8888    |    0.0    0.0 1080.0   88.0 |    0    0 1080   88 | StatusBar$_2682#82
04-06 02:00:23.030  1205  1205 D SurfaceFlinger:      DEVICE | 0xb400007693403a50 | 0100 | RGBA_8888    |    0.0    0.0   67.0  342.0 | 1013  458 1080  800 | com.samsung.android.app.cocktailbars[...]rvice.CocktailBarService$_7976#32715
04-06 02:00:23.030  1205  1205 D SurfaceFlinger:      DEVICE | 0xb400007693402240 | 0100 | RGBA_8888    |    0.0    0.0  960.0  176.0 |   60 1888 1020 2064 | Toast$_2682#33110
04-06 02:00:23.030  1205  1205 D SurfaceFlinger:      DEVICE | 0xb400007693403580 | 0100 | RGBA_8888    |    0.0    0.0 1080.0  144.0 |    0 2256 1080 2400 | NavigationBar0$_2682#77
04-06 02:00:23.030  1205  1205 D SurfaceFlinger:      DEVICE | 0xb400007693403190 | 0140 | RGBA_8888    |    0.0    0.0 1080.0  112.0 |  
04-06 02:00:23.030  1205  1205 D SurfaceFlinger:   0    0 1080  112 | ScreenDecorOverlay$_2682#90
04-06 02:00:23.030  1205  1205 D SurfaceFlinger:      DEVICE | 0xb4000076a2417230 | 0140 | RGBA_8888    |    0.0    0.0 1080.0  112.0 |    0 2288 1080 2400 | ScreenDecorOverlayBottom$_2682#91
04-06 02:00:23.030  1205  1205 D SurfaceFlinger: 
04-06 02:00:23.030 17006 32287 I ViewRootImpl@beef91f[MainActivity]: mWNT: t=0xb40000703e97a700 mBlastBufferQueue=0xb400007025f1b680 fn= 17 caller= android.view.SyncRtSurfaceTransactionApplier.applyTransaction:96 android.view.SyncRtSurfaceTransactionApplier.lambda$scheduleApply$0$android-view-SyncRtSurfaceTransactionApplier:69 android.view.SyncRtSurfaceTransactionApplier$$ExternalSyntheticLambda0.onFrameDraw:4 
04-06 02:00:23.031  6047  6047 I SCS@AiSearch user 0: (AppsDataObserver) scheduling worker CMD_UPDATE_LIST
04-06 02:00:23.032 12013 12013 I Finsky  : [2] aiky - Received: android.intent.action.PACKAGE_REMOVED, [vAIVGoHHAM9jKLIjqbhp9WToaL4F0hTA48LTFQI-mlk]
04-06 02:00:23.032 32282 32282 I Finsky:background: [2] aiko - Received: android.intent.action.PACKAGE_REMOVED, [vAIVGoHHAM9jKLIjqbhp9WToaL4F0hTA48LTFQI-mlk]
04-06 02:00:23.032   971   971 I Monkey  : :Sending Trackball (ACTION_MOVE): 0:(2.0,-5.0)
04-06 02:00:23.033  1321  2388 W WifiService: Couldn't get PackageInfo for package:com.evolucao.app
04-06 02:00:23.033  1321  2388 D WifiService: Remove settings for package:com.evolucao.app
04-06 02:00:23.033  1321  2388 D WifiConfigManager: Remove all networks for app ApplicationInfo{d2f64fe com.evolucao.app}
04-06 02:00:23.034 32282 32282 I Finsky:background: [2] Package no longer installed: com.evolucao.app
04-06 02:00:23.039  1321  1808 W Looper  : Slow delivery took 236ms android.fg h=android.os.Handler c=<recycled PooledLambda@83efaf3> m=0
04-06 02:00:23.045 17006 32288 I ViewRootImpl@beef91f[MainActivity]: mWNT: t=0xb40000703e97a800 mBlastBufferQueue=0xb400007025f1b680 fn= 18 caller= android.view.SyncRtSurfaceTransactionApplier.applyTransaction:96 android.view.SyncRtSurfaceTransactionApplier.lambda$scheduleApply$0$android-view-SyncRtSurfaceTransactionApplier:69 android.view.SyncRtSurfaceTransactionApplier$$ExternalSyntheticLambda0.onFrameDraw:4 
04-06 02:00:23.045 17006 17006 W InputEventSender: Received 'finished' signal for unknown seq number = 5
04-06 02:00:23.045 17006 17006 W InputEventSender: Received 'finished' signal for unknown seq number = 6
04-06 02:00:23.045 17006 17006 W InputEventSender: Received 'finished' signal for unknown seq number = 7
04-06 02:00:23.045 17006 17006 W InputEventSender: Received 'finished' signal for unknown seq number = 8
04-06 02:00:23.046  6798  6798 I HBD     : b skip onKeyDown as physical keyboard not connected 
04-06 02:00:23.046  6798  6798 I HBD     : HoneyBoardService onKeyDown r:ebf3492c consumed:false 0 
04-06 02:00:23.047  6798  6798 I HBD     : HoneyBoardService onKeyUp r:23364213 consumed:false 0 
04-06 02:00:23.047 17006 17006 I ViewRootImpl@beef91f[MainActivity]: ViewPostIme key 0
04-06 02:00:23.047 17006 17006 I ViewRootImpl@beef91f[MainActivity]: ViewPostIme key 1
04-06 02:00:23.047  1321  2387 D UrspService: uid(10347) removed
04-06 02:00:23.048 32282 32282 I Finsky:background: [2] Package no longer installed: com.evolucao.app
04-06 02:00:23.048  5583  5583 I SDHMS:BatteryStatsDBProvider: BarTender DB Provider Delete Start
04-06 02:00:23.049  5583  5583 E SQLiteLog: (1) no such table: 10347 in "DELETE FROM [10347]"
04-06 02:00:23.049  5583  5583 I SDHMS:BatteryStatsDBProvider: delete Exception : no such table: 10347 (code 1 SQLITE_ERROR[1]): , while compiling: DELETE FROM [10347]
04-06 02:00:23.050  5583  5583 I SDHMS:BatteryStatsDBProvider: BarTender DB Provider Delete End
04-06 02:00:23.050  7976  7976 I CocktailBarUiHandler: onReceive: action = ResponseAxT9Info sipVisibility = 1
04-06 02:00:23.053 27657  1735 I DWBLocalPackageManager: onPackageRemoved getPackageSet duration : 6
04-06 02:00:23.053 27657  1735 I DWBLocalPackageManager: mPackageSet.size() : 51 latestPackageSet.size() : 50
04-06 02:00:23.054  1321  2405 W PackageManager: Cannot suspend package "com.android.vending": required for package verification
04-06 02:00:23.054  1321  2405 W PackageManager: Cannot suspend package "com.samsung.android.dialer": is the default dialer
04-06 02:00:23.055  1321  2388 D WifiConfigStore: Writing to stores completed in 21 ms.
04-06 02:00:23.055  1321  2388 I PasspointManager: No app ops listener found for com.evolucao.app
04-06 02:00:23.055 32087 32087 I Routine@Core[4.2.00.52]: RoutineHistoryDumpImpl: [PRELOAD_CONDITION_SERVICE] onDestroy
04-06 02:00:23.056  1321  2299 D ActivityManager: Received BROADCAST intent 0x582726 Key{broadcastIntent pkg=com.android.systemui intent=act=com.samsung.android.app.edgelighting.PACKAGE_REMOVED cmp=com.android.systemui/.edgelighting.EdgeLightingReceiver$1 flags=0x2000000 u=0} requestCode=0 sent=0 from uid 1000
04-06 02:00:23.056  1321  2299 D SEP_UNION_SemDeviceInfoManagerService: sendIntentAction() action = android.intent.action.PACKAGE_REMOVED, tag =  
04-06 02:00:23.056  1321  2299 D ActivityTaskManager: SafeActivityOptions created, mOriginalCallingPid=1321, mOriginalCallingUid=1000, options=null, caller=com.android.server.am.PendingIntentRecord.sendInner:500 com.android.server.am.ActivityManagerService.sendIntentSender:6624 com.android.server.am.ActivityManagerService.sendIntentSender:6613 android.app.PendingIntent.sendAndReturnResult:1029 android.app.PendingIntent.send:1000 android.app.PendingIntent.send:908 com.android.server.sepunion.SemDeviceInfoManagerService.sendIntentAction:197 
04-06 02:00:23.057  3132  3208 I id.app.launcher: Background concurrent copying GC freed 162716(9327KB) AllocSpace objects, 20(1332KB) LOS objects, 49% free, 11MB/23MB, paused 58us,26us total 212.601ms
04-06 02:00:23.059  6047 12748 I SCS@AiSearch user 0: (IndexManager) [AOSP_MP-0] entering in addIndex():  
04-06 02:00:23.059  1188 22075 D AF::TrackHandle: OpPlayAudio: track:221 usage:2 not muted
04-06 02:00:23.059  1188 22075 D AF::TrackHandle: OpPlayAudio: track:221 usage:2 not muted
04-06 02:00:23.059  1188 22075 D AF::TrackHandle: OpPlayAudio: track:221 usage:2 not muted
04-06 02:00:23.064 17006 32287 I ViewRootImpl@beef91f[MainActivity]: mWNT: t=0xb40000703e9aa100 mBlastBufferQueue=0xb400007025f1b680 fn= 19 caller= android.view.SyncRtSurfaceTransactionApplier.applyTransaction:96 android.view.SyncRtSurfaceTransactionApplier.lambda$scheduleApply$0$android-view-SyncRtSurfaceTransactionApplier:69 android.view.SyncRtSurfaceTransactionApplier$$ExternalSyntheticLambda0.onFrameDraw:4 
04-06 02:00:23.064  1321  6284 D InputDispatcher: Inject key (971/2000): action=0, f=0x8, d=-1, time=123534350000000
04-06 02:00:23.064  1321  6284 D WindowManager: interceptKeyTq interceptKeyResult=1
04-06 02:00:23.065 17006 17006 W InputEventSender: Received 'finished' signal for unknown seq number = 12
04-06 02:00:23.065 17006 17006 W InputEventSender: Received 'finished' signal for unknown seq number = 13
04-06 02:00:23.065 17006 17006 W InputEventSender: Received 'finished' signal for unknown seq number = 14
04-06 02:00:23.065 17006 17006 W InputEventSender: Received 'finished' signal for unknown seq number = 15
04-06 02:00:23.065  6798  6798 I HBD     : b skip onKeyDown as physical keyboard not connected 
04-06 02:00:23.065  1321  2352 I InputDispatcher: Delivering key to (17006): DP action: 0x0 (0), f=0x8, m=0x0, d=0, '8886c07'
04-06 02:00:23.066  6798  6798 I HBD     : HoneyBoardService onKeyDown r:945c3c19 consumed:false 1 
04-06 02:00:23.066  6798  6798 I HBD     : HoneyBoardService onKeyUp r:27941b6f consumed:false 0 
04-06 02:00:23.066 17006 17006 I ViewRootImpl@beef91f[MainActivity]: ViewPostIme key 0
04-06 02:00:23.067 17006 17006 I ViewRootImpl@beef91f[MainActivity]: ViewPostIme key 1
04-06 02:00:23.067  6798  6798 I HBD     : b skip onKeyDown as physical keyboard not connected 
04-06 02:00:23.067  6798  6798 I HBD     : HoneyBoardService onKeyDown r:7ee4e58d consumed:false 0 
04-06 02:00:23.068  1188 22075 D AF::TrackHandle: OpPlayAudio: track:221 usage:2 not muted
04-06 02:00:23.068 17006 17006 I ViewRootImpl@beef91f[MainActivity]: ViewPostIme key 0
04-06 02:00:23.068  1188 22075 D AF::TrackHandle: OpPlayAudio: track:221 usage:2 not muted
04-06 02:00:23.069  1321  6284 D InputDispatcher: Inject key (971/2000): action=1, f=0x8, d=-1, time=123534377000000
04-06 02:00:23.069  1321  6284 D WindowManager: interceptKeyTq interceptKeyResult=1
04-06 02:00:23.069  1321  2352 I InputDispatcher: Delivering key to (17006): DP action: 0x1 (0), f=0x8, m=0x0, d=0, '8886c07'
04-06 02:00:23.070  6798  6798 I HBD     : HoneyBoardService onKeyUp r:0d97fef8 consumed:false 0 
04-06 02:00:23.070 17006 17006 I ViewRootImpl@beef91f[MainActivity]: ViewPostIme key 1
04-06 02:00:23.074  1321  1903 D FASDataManager: getFASDataFromDB fasEntityList size : 60
04-06 02:00:23.075  5583  5866 I SDHMS:m : Event handlePackageRemovedLocked will starts.
04-06 02:00:23.075  1321  8944 D CompatibilityChangeReporter: Compat change id reported: 168419799; UID 10074; state: DISABLED
04-06 02:00:23.076  5583  5866 I SDHMS:m : Event handlePackageRemovedLocked finished.
04-06 02:00:23.077  1321  8944 I ActivityManager: DSS OFF for com.samsung.android.mdx
04-06 02:00:23.077 17006 32288 I ViewRootImpl@beef91f[MainActivity]: mWNT: t=0xb40000703e9aa200 mBlastBufferQueue=0xb400007025f1b680 fn= 20 caller= android.view.SyncRtSurfaceTransactionApplier.applyTransaction:96 android.view.SyncRtSurfaceTransactionApplier.lambda$scheduleApply$0$android-view-SyncRtSurfaceTransactionApplier:69 android.view.SyncRtSurfaceTransactionApplier$$ExternalSyntheticLambda0.onFrameDraw:4 
04-06 02:00:23.079  1719  1719 D ActivityThread: setConscryptValidator
04-06 02:00:23.079  1719  1719 D ActivityThread: setConscryptValidator - put
04-06 02:00:23.079  1321  2299 D ActivityManager: Received BROADCAST intent 0xfe9b998 Key{broadcastIntent pkg=com.samsung.android.provider.filterprovider intent=act=com.samsung.android.provider.filterprovider.INTENT_PACKAGE_REMOVED cmp=com.samsung.android.provider.filterprovider/.PackageIntentReceiver flags=0x2000000 u=0} requestCode=0 sent=0 from uid 1000
04-06 02:00:23.079  1321  2299 D SEP_UNION_SemDeviceInfoManagerService: sendIntentAction() action = android.intent.action.PACKAGE_REMOVED, tag =  
04-06 02:00:23.080  1321  2299 D ActivityTaskManager: SafeActivityOptions created, mOriginalCallingPid=1321, mOriginalCallingUid=1000, options=null, caller=com.android.server.am.PendingIntentRecord.sendInner:500 com.android.server.am.ActivityManagerService.sendIntentSender:6624 com.android.server.am.ActivityManagerService.sendIntentSender:6613 android.app.PendingIntent.sendAndReturnResult:1029 android.app.PendingIntent.send:1000 android.app.PendingIntent.send:908 com.android.server.sepunion.SemDeviceInfoManagerService.sendIntentAction:197 
04-06 02:00:23.081  1321  1903 D MARsPolicyManager: deletePkgInfoInMARs size = 60
04-06 02:00:23.082  6047 12748 I SCS@AiSearch user 0: (BaseCollector::AOSP_MP) fetch: fetching took  114 ms
04-06 02:00:23.082  6047 12748 I SCS@AiSearch user 0: (BaseCollector::AOSP_MP) fetchChanges: applied 0 items
04-06 02:00:23.082  1321  1903 D MARsPolicyManager: updateMARsTargetPackages mMARsTargetPackages.size-60
04-06 02:00:23.082  6047 12748 I SCS@AiSearch user 0: (BaseCollector::AOSP_MP) Collect finished. Result: true
04-06 02:00:23.083  1321  2299 D ActivityManager: Received SERVICE intent 0x731de53 Key{startService pkg=com.samsung.android.app.routines intent=act=com.samsung.android.routine.ACTION_PACKAGE_CHANGED cmp=com.samsung.android.app.routines/.domainmodel.service.RoutineService flags=0x2000000 u=0} requestCode=10000 from uid 1000
04-06 02:00:23.083  1321  2299 D SEP_UNION_SemDeviceInfoManagerService: sendIntentAction() action = android.intent.action.PACKAGE_REMOVED, tag =  
04-06 02:00:23.084  6047  6107 I WM-WorkerWrapper: Worker result SUCCESS for Work [ id=a27c3297-5942-4e1a-81c6-f08af0dc6081, tags={ com.sec.android.app.myfiles, com.samsung.android.scs.ai.search.data.collector.ObserverWorker } ]
04-06 02:00:23.084  1321  2299 D ActivityTaskManager: SafeActivityOptions created, mOriginalCallingPid=1321, mOriginalCallingUid=1000, options=null, caller=com.android.server.am.PendingIntentRecord.sendInner:500 com.android.server.am.ActivityManagerService.sendIntentSender:6624 com.android.server.am.ActivityManagerService.sendIntentSender:6613 android.app.PendingIntent.sendAndReturnResult:1029 android.app.PendingIntent.send:1000 android.app.PendingIntent.send:908 com.android.server.sepunion.SemDeviceInfoManagerService.sendIntentAction:197 
04-06 02:00:23.088  1321  1321 D AS.AudioService: com.evolucao.app(10347) is removed
04-06 02:00:23.090 32087 32087 I Routine@Core[4.2.00.52]: RoutineService: onCreate
04-06 02:00:23.090 32087 32087 I Routine@Core[4.2.00.52]: RoutineService: onStartCommand: com.samsung.android.routine.ACTION_PACKAGE_CHANGED
04-06 02:00:23.093 32282 32392 I Finsky:background: [122] IQ:PSL: skipping onPackageRemoved(replacing=false) for untracked package=com.evolucao.app
04-06 02:00:23.093  1321  1321 D SGM:GameManager: identifyGamePackage. com.evolucao.app, mCurrentUserId: 0, callerUserId: 0, callingMethodInfo: com.samsung.android.game.SemGameManager.isGamePackage(SemGameManager.java:104)
04-06 02:00:23.093  1321  1321 D SGM:PkgDataHelper: getGamePkgData(). com.evolucao.app
04-06 02:00:23.093  1321  1321 D SGM:SemGameManager: isGamePackage(), pkgName=com.evolucao.app, ret=false
04-06 02:00:23.094 17006 32287 I ViewRootImpl@beef91f[MainActivity]: mWNT: t=0xb40000703e9aa300 mBlastBufferQueue=0xb400007025f1b680 fn= 21 caller= android.view.SyncRtSurfaceTransactionApplier.applyTransaction:96 android.view.SyncRtSurfaceTransactionApplier.lambda$scheduleApply$0$android-view-SyncRtSurfaceTransactionApplier:69 android.view.SyncRtSurfaceTransactionApplier$$ExternalSyntheticLambda0.onFrameDraw:4 
04-06 02:00:23.094 32488  1781 I ProvidersCache: Provider returned no roots. Possibly naughty: com.microsoft.skydrive.content.StorageAccessProvider
04-06 02:00:23.094  1321  2488 D SemWifiTransportLayerMonitor.TcpMonitorHandler: MSG_SAVE_PACKAGE_INFO
04-06 02:00:23.094  1321  2488 D SemWifiTransportLayerFileManager: saveWifiPackageInfoToFile
04-06 02:00:23.094  1321  2488 D SemWifiTransportLayerFileManager: writeWifiPackageInfoList
04-06 02:00:23.096  1321  1321 I GameManagerService: Disabling downscale for com.evolucao.app
04-06 02:00:23.097  1721  1721 D CompatibilityChangeReporter: Compat change id reported: 171979766; UID 10074; state: ENABLED
04-06 02:00:23.099  6047 12748 I SCS@AiSearch user 0: (BaseCollector::AOSP_MP) enqueue ObserverWorker name: com.sec.android.app.myfiles, policy: APPEND_OR_REPLACE
04-06 02:00:23.099  1321  1321 D SdpManagerImpl.receiver: onReceive - android.intent.action.PACKAGE_REMOVED
04-06 02:00:23.099  1321  1321 D SdpManagerImpl.receiver: On android.intent.action.PACKAGE_REMOVED : DATA = package:com.evolucao.app, UID = 10347, UserId = 0, Is replacing? false
04-06 02:00:23.099  1321  1321 D SdpManagerImpl.receiver: ACTION_PACKAGE_REMOVED packageName:: com.evolucao.app
04-06 02:00:23.100  1687  1687 I FirebaseApp: Device unlocked: initializing all Firebase APIs for app [DEFAULT]
04-06 02:00:23.100  1321  2633 D SdpManagerImpl: handlePackageRemoved - PackageName : com.evolucao.app, UserId : 0
04-06 02:00:23.101  1321  2633 E SdpManagerImpl: Failed to get engine list due to non-existence...
04-06 02:00:23.101  1321  2633 E SdpManagerImpl: Failed to get engine list due to non-existence...
04-06 02:00:23.101  6798  6798 I HBD     : l0 EBD ex 
04-06 02:00:23.101  6798 18006 I HBD     : l0 EBD tb start :1 
04-06 02:00:23.102  6798 18006 I HBD     : l0 EBD tb end :1 
04-06 02:00:23.101  1321  2633 E SdpManagerImpl: Failed to get engine list due to non-existence...
04-06 02:00:23.102  1321  2633 D SdpManagerImpl: getEngineList :: No engine found
04-06 02:00:23.102  1321  2633 E SdpManagerImpl: read engine - No any engine found
04-06 02:00:23.102  6798  6798 I HBD     : e1 [SCV] (9) 3 4 1 4 7 6 5 6 2 
04-06 02:00:23.102  1321  2415 W SearchableInfo: Invalid searchable metadata for com.samsung.android.messaging/.ui.view.main.picker.contact.ContactPickerActivity: Search label must be a resource reference.
04-06 02:00:23.103  1321  1321 I Telecom : CarModeTracker: Package com.evolucao.app is not tracked.: SSH.oR@PHQ
04-06 02:00:23.103  1321  1321 I Telecom : InCallController: updateCarModeForConnections: car mode apps: : SSH.oR@PHQ
04-06 02:00:23.104  1321  1321 I DomainFilter: onReceive() - Intent { act=android.intent.action.PACKAGE_REMOVED dat=package: flg=0x4000010 (has extras) }
04-06 02:00:23.104  1321  1321 I DomainFilter: packageRemoved() - packageName: com.evolucao.app uid: 0
04-06 02:00:23.104  1321  2640 I Pageboost: remove app @ runtime : com.evolucao.app
04-06 02:00:23.104  1321  1321 I Firewall: onReceive() - Intent { act=android.intent.action.PACKAGE_REMOVED dat=package: flg=0x4000010 (has extras) }
04-06 02:00:23.105  1321  1321 D EnterpriseLicenseService: isPackageInstalled()
04-06 02:00:23.108  3132 18729 I TouchInteractionService: onActiveNavBarRegionChanges, region : SkRegion((0,2256,388,2400)(389,2256,690,2400)(691,2256,961,2400))
04-06 02:00:23.108  2682  2682 V Navbar.Store: ----handleEvent(0) OnUpdateRemoteViewContainer(leftContainer=android.widget.LinearLayout{341d31c I.E...... ......I. 0,0-118,144 #7f0b04f6 app:id/left_remoteview}, rightContainer=android.widget.LinearLayout{5019b25 I.E...... ......I. 962,0-1080,144 #7f0b07aa app:id/right_remoteview}, contextualButtonVisible=true, darkIntensity=0.0) [Module] SamsungNavigationBarView
04-06 02:00:23.108  2682  2682 V Navbar.Store: ------[Band]REMOTE_VIEW_PACK_SET_REMOTEVIEW_CONTAINER
04-06 02:00:23.108  2682  2682 V Navbar.Store: --------apply(0) UpdateRemoteViewContainer
04-06 02:00:23.108  2682  2682 V Navbar.Store: --------apply(0) UpdateRemoteViewDarkIntensity
04-06 02:00:23.109  1321  2898 D CompatibilityChangeReporter: Compat change id reported: 168419799; UID 10067; state: DISABLED
04-06 02:00:23.109  2682  2682 V Navbar.Store: handleEvent(0) OnUpdateSysUiStateFlag(noArguments=true) [Module] SamsungNavigationBarView
04-06 02:00:23.109  2682  2682 V Navbar.Store: --[Band]GESTURE_PACK_UPDATE_SYSTEMUI_STATE_FLAG
04-06 02:00:23.109  2682  2682 V Navbar.Store: --[Band] (afterAction) GESTURE_PACK_UPDATE_SYSTEMUI_STATE_FLAG
04-06 02:00:23.109  2682  2682 V Navbar.Store: handleEvent(0) OnNavBarIconHintChanged(iconHint=7) [Module] NavigationBar
04-06 02:00:23.109  2682  2682 V Navbar.Store: --[Band]SETUPWIZARD_PACK_SET_NAVBAR_ICON_HINT
04-06 02:00:23.109  2682  2682 V Navbar.Store: --[Band]VIS_PACK_REEVAULATE_NAVBAR
04-06 02:00:23.109  1321  2898 I ActivityManager: DSS OFF for com.google.android.packageinstaller
04-06 02:00:23.109  3132 18729 I TouchInteractionService: onActiveNavBarRegionChanges, region : SkRegion((0,2256,388,2263)(389,2256,690,2263)(691,2256,961,2263)(0,2263,388,2400)(389,2263,690,2400)(691,2263,961,2400)(963,2263,1080,2400))
04-06 02:00:23.109  2682  2682 V Navbar.Store: ----apply(0) ReevaluateNavBar
04-06 02:00:23.111  1304  1727 D CompatibilityChangeReporter: Compat change id reported: 160794467; UID 10130; state: ENABLED
04-06 02:00:23.111 17006 32288 I ViewRootImpl@beef91f[MainActivity]: mWNT: t=0xb40000703e9aa400 mBlastBufferQueue=0xb400007025f1b680 fn= 22 caller= android.view.SyncRtSurfaceTransactionApplier.applyTransaction:96 android.view.SyncRtSurfaceTransactionApplier.lambda$scheduleApply$0$android-view-SyncRtSurfaceTransactionApplier:69 android.view.SyncRtSurfaceTransactionApplier$$ExternalSyntheticLambda0.onFrameDraw:4 
04-06 02:00:23.114  1321  2299 D CompatibilityChangeReporter: Compat change id reported: 168419799; UID 10062; state: DISABLED
04-06 02:00:23.115  1321  1321 D EnterpriseLicenseService: isPackageInstalled() - com.evolucao.app not found in user 0
04-06 02:00:23.116  1321  2490 D SemWifiSwitchForIndividualAppsService: isSkipPoorLinkCondition - result:1
04-06 02:00:23.116  1321  2299 W ActivityManager: Application dead when creating service ServiceRecord{9752864 u0 com.samsung.android.app.galaxyfinder/.acceleration.AppCoreService}
04-06 02:00:23.116  1321  1959 D PackageSettings: ++ writeStateForUserSyncLPr(0)
04-06 02:00:23.116  1321  1959 W PackageSettings: -- writeStateForUserSyncLPr(0)
04-06 02:00:23.117  1321  2299 I ActivityManager: Process com.samsung.android.app.galaxyfinder:appservice (pid 1203) has died: fg  SVC (37,1553)
04-06 02:00:23.117  1321  2299 W ActivityManager: Scheduling restart of crashed service com.samsung.android.app.galaxyfinder/.acceleration.AppCoreService in 10000ms for start-requested
04-06 02:00:23.118 32282 32398 I Finsky:background: [127] Frosting DB delete succeeded: true
04-06 02:00:23.119 32282 32398 I Finsky:background: [127] Frosting DB delete succeeded: false
04-06 02:00:23.119  1321  1854 I libprocessgroup: Successfully killed process cgroup uid 10062 pid 1203 in 0ms
04-06 02:00:23.120  1321  2299 W ActivityManager: Exception when starting service com.samsung.android.app.galaxyfinder/.acceleration.AppCoreService
04-06 02:00:23.120  1321  2299 W ActivityManager: android.os.DeadObjectException
04-06 02:00:23.120  1321  2299 W ActivityManager: 	at android.os.BinderProxy.transactNative(Native Method)
04-06 02:00:23.120  1321  2299 W ActivityManager: 	at android.os.BinderProxy.transact(BinderProxy.java:662)
04-06 02:00:23.120  1321  2299 W ActivityManager: 	at android.app.IApplicationThread$Stub$Proxy.scheduleCreateService(IApplicationThread.java:1306)
04-06 02:00:23.120  1321  2299 W ActivityManager: 	at com.android.server.am.ActiveServices.realStartServiceLocked(ActiveServices.java:4654)
04-06 02:00:23.120  1321  2299 W ActivityManager: 	at com.android.server.am.ActiveServices.bringUpServiceLocked(ActiveServices.java:4509)
04-06 02:00:23.120  1321  2299 W ActivityManager: 	at com.android.server.am.ActiveServices.startServiceInnerLocked(ActiveServices.java:1276)
04-06 02:00:23.120  1321  2299 W ActivityManager: 	at com.android.server.am.ActiveServices.startServiceInnerLocked(ActiveServices.java:1062)
04-06 02:00:23.120  1321  2299 W ActivityManager: 	at com.android.server.am.ActiveServices.startServiceLocked(ActiveServices.java:949)
04-06 02:00:23.120  1321  2299 W ActivityManager: 	at com.android.server.am.ActivityManagerService$LocalService.startServiceInPackage(ActivityManagerService.java:19942)
04-06 02:00:23.120  1321  2299 W ActivityManager: 	at com.android.server.am.PendingIntentRecord.sendInner(PendingIntentRecord.java:684)
04-06 02:00:23.120  1321  2299 W ActivityManager: 	at com.android.server.am.ActivityManagerService.sendIntentSender(ActivityManagerService.java:6624)
04-06 02:00:23.120  1321  2299 W ActivityManager: 	at com.android.server.am.ActivityManagerService.sendIntentSender(ActivityManagerService.java:6613)
04-06 02:00:23.120  1321  2299 W ActivityManager: 	at android.app.PendingIntent.sendAndReturnResult(PendingIntent.java:1029)
04-06 02:00:23.120  1321  2299 W ActivityManager: 	at android.app.PendingIntent.send(PendingIntent.java:1000)
04-06 02:00:23.120  1321  2299 W ActivityManager: 	at android.app.PendingIntent.send(PendingIntent.java:908)
04-06 02:00:23.120  1321  2299 W ActivityManager: 	at com.android.server.sepunion.SemDeviceInfoManagerService.sendIntentAction(SemDeviceInfoManagerService.java:197)
04-06 02:00:23.120  1321  2299 W ActivityManager: 	at com.android.server.sepunion.eventdelegator.UnionContentBroadcastReceiver.onReceive(UnionContentBroadcastReceiver.java:41)
04-06 02:00:23.120  1321  2299 W ActivityManager: 	at android.app.LoadedApk$ReceiverDispatcher$Args.lambda$getRunnable$0$android-app-LoadedApk$ReceiverDispatcher$Args(LoadedApk.java:1919)
04-06 02:00:23.120  1321  2299 W ActivityManager: 	at android.app.LoadedApk$ReceiverDispatcher$Args$$ExternalSyntheticLambda0.run(Unknown Source:2)
04-06 02:00:23.120  1321  2299 W ActivityManager: 	at android.os.Handler.handleCallback(Handler.java:942)
04-06 02:00:23.120  1321  2299 W ActivityManager: 	at android.os.Handler.dispatchMessage(Handler.java:99)
04-06 02:00:23.120  1321  2299 W ActivityManager: 	at android.os.Looper.loopOnce(Looper.java:226)
04-06 02:00:23.120  1321  2299 W ActivityManager: 	at android.os.Looper.loop(Looper.java:313)
04-06 02:00:23.120  1321  2299 W ActivityManager: 	at android.os.HandlerThread.run(HandlerThread.java:67)
04-06 02:00:23.120  1321  2299 D ActivityManager: Received SERVICE intent 0x3d52b95 Key{startService pkg=com.samsung.android.app.galaxyfinder intent=act=package_changed cmp=com.samsung.android.app.galaxyfinder/.acceleration.AppCoreService flags=0x2000000 u=0} requestCode=0 from uid 1000
04-06 02:00:23.120  1321  2299 D SEP_UNION_SemDeviceInfoManagerService: sendIntentAction() action = android.intent.action.PACKAGE_REMOVED, tag =  
04-06 02:00:23.120  1321  2299 D SEP_UNION_SemDeviceInfoManagerService: onReceive : android.intent.action.PACKAGE_FULLY_REMOVED, userId = 0 
04-06 02:00:23.121  1321  2299 D ActivityTaskManager: SafeActivityOptions created, mOriginalCallingPid=1321, mOriginalCallingUid=1000, options=null, caller=com.android.server.am.PendingIntentRecord.sendInner:500 com.android.server.am.ActivityManagerService.sendIntentSender:6624 com.android.server.am.ActivityManagerService.sendIntentSender:6613 android.app.PendingIntent.sendAndReturnResult:1029 android.app.PendingIntent.send:1000 android.app.PendingIntent.send:908 com.android.server.sepunion.SemDeviceInfoManagerService.sendIntentAction:197 
04-06 02:00:23.127  2682  2682 V Navbar.Store: ----NavBarStates canUseNavBarBackgroundFrame: false
04-06 02:00:23.127 17006 32287 I ViewRootImpl@beef91f[MainActivity]: mWNT: t=0xb40000703e9aa500 mBlastBufferQueue=0xb400007025f1b680 fn= 23 caller= android.view.SyncRtSurfaceTransactionApplier.applyTransaction:96 android.view.SyncRtSurfaceTransactionApplier.lambda$scheduleApply$0$android-view-SyncRtSurfaceTransactionApplier:69 android.view.SyncRtSurfaceTransactionApplier$$ExternalSyntheticLambda0.onFrameDraw:4 
04-06 02:00:23.127 25143  1074 I Blockstore: (REDACTED) [DataStoreImpl] Clearing all the restore credential for %s packages
04-06 02:00:23.130  3132 18729 I TouchInteractionService: onSystemUiStateChanged, stateFlags : 1441792 |allow_gesture|ime_visible|ime_switcher_showing|
04-06 02:00:23.130  3132  3132 I RecentsAnimationDeviceState: setSystemUiFlags, stateFlags : 1441792
04-06 02:00:23.130  3132  3132 I TouchInteractionService: onSystemUiFlagsChanged, lastSysUIFlags : 131072
04-06 02:00:23.130  3132 18743 I TouchInteractionService: onActiveNavBarRegionChanges, region : SkRegion((0,2256,388,2263)(389,2256,690,2263)(691,2256,961,2263)(0,2263,388,2400)(389,2263,690,2400)(691,2263,961,2400)(963,2263,1080,2400))
04-06 02:00:23.133  1321  1321 E SQLiteDatabase: Error inserting rightsObject=null
04-06 02:00:23.133  1321  1321 E SQLiteDatabase: android.database.sqlite.SQLiteConstraintException: NOT NULL constraint failed: LICENSE.instanceId (code 1299 SQLITE_CONSTRAINT_NOTNULL[1299])
04-06 02:00:23.133  1321  1321 E SQLiteDatabase: 	at android.database.sqlite.SQLiteConnection.nativeExecuteForLastInsertedRowId(Native Method)
04-06 02:00:23.133  1321  1321 E SQLiteDatabase: 	at android.database.sqlite.SQLiteConnection.executeForLastInsertedRowId(SQLiteConnection.java:1276)
04-06 02:00:23.133  1321  1321 E SQLiteDatabase: 	at android.database.sqlite.SQLiteSession.executeForLastInsertedRowId(SQLiteSession.java:790)
04-06 02:00:23.133  1321  1321 E SQLiteDatabase: 	at android.database.sqlite.SQLiteStatement.executeInsert(SQLiteStatement.java:89)
04-06 02:00:23.133  1321  1321 E SQLiteDatabase: 	at android.database.sqlite.SQLiteDatabase.insertWithOnConflict(SQLiteDatabase.java:2410)
04-06 02:00:23.133  1321  1321 E SQLiteDatabase: 	at android.database.sqlite.SQLiteDatabase.insert(SQLiteDatabase.java:2279)
04-06 02:00:23.133  1321  1321 E SQLiteDatabase: 	at com.android.server.enterprise.storage.EdmStorageProviderBase.insert(EdmStorageProviderBase.java:611)
04-06 02:00:23.133  1321  1321 E SQLiteDatabase: 	at com.android.server.enterprise.storage.EdmStorageProviderBase.putValues(EdmStorageProviderBase.java:1192)
04-06 02:00:23.133  1321  1321 E SQLiteDatabase: 	at com.android.server.enterprise.storage.EdmStorageProvider.putValues(EdmStorageProvider.java:356)
04-06 02:00:23.133  1321  1321 E SQLiteDatabase: 	at com.android.server.enterprise.license.EnterpriseLicenseService.resetELMInfo(EnterpriseLicenseService.java:1933)
04-06 02:00:23.133  1321  1321 E SQLiteDatabase: 	at com.android.server.enterprise.license.EnterpriseLicenseService.resetLicenseByAdmin(EnterpriseLicenseService.java:1739)
04-06 02:00:23.133  1321  1321 E SQLiteDatabase: 	at com.android.server.enterprise.license.EnterpriseLicenseService$1.onReceive(EnterpriseLicenseService.java:182)
04-06 02:00:23.133  1321  1321 E SQLiteDatabase: 	at android.app.LoadedApk$ReceiverDispatcher$Args.lambda$getRunnable$0$android-app-LoadedApk$ReceiverDispatcher$Args(LoadedApk.java:1919)
04-06 02:00:23.133  1321  1321 E SQLiteDatabase: 	at android.app.LoadedApk$ReceiverDispatcher$Args$$ExternalSyntheticLambda0.run(Unknown Source:2)
04-06 02:00:23.133  1321  1321 E SQLiteDatabase: 	at android.os.Handler.handleCallback(Handler.java:942)
04-06 02:00:23.133  1321  1321 E SQLiteDatabase: 	at android.os.Handler.dispatchMessage(Handler.java:99)
04-06 02:00:23.133  1321  1321 E SQLiteDatabase: 	at android.os.Looper.loopOnce(Looper.java:226)
04-06 02:00:23.133  1321  1321 E SQLiteDatabase: 	at android.os.Looper.loop(Looper.java:313)
04-06 02:00:23.133  1321  1321 E SQLiteDatabase: 	at com.android.server.SystemServer.run(SystemServer.java:1346)
04-06 02:00:23.133  1321  1321 E SQLiteDatabase: 	at com.android.server.SystemServer.main(SystemServer.java:989)
04-06 02:00:23.133  1321  1321 E SQLiteDatabase: 	at java.lang.reflect.Method.invoke(Native Method)
04-06 02:00:23.133  1321  1321 E SQLiteDatabase: 	at com.android.internal.os.RuntimeInit$MethodAndArgsCaller.run(RuntimeInit.java:604)
04-06 02:00:23.133  1321  1321 E SQLiteDatabase: 	at com.android.internal.os.ZygoteInit.main(ZygoteInit.java:1045)
04-06 02:00:23.136  1321  1321 I ConditionProviders: Disallowing condition provider com.evolucao.app (userSet: true)
04-06 02:00:23.143 17006 32288 I ViewRootImpl@beef91f[MainActivity]: mWNT: t=0xb40000703e9aa600 mBlastBufferQueue=0xb400007025f1b680 fn= 24 caller= android.view.SyncRtSurfaceTransactionApplier.applyTransaction:96 android.view.SyncRtSurfaceTransactionApplier.lambda$scheduleApply$0$android-view-SyncRtSurfaceTransactionApplier:69 android.view.SyncRtSurfaceTransactionApplier$$ExternalSyntheticLambda0.onFrameDraw:4 
04-06 02:00:23.144  1321  2918 D PackageManager: setEnabledSetting : userId = 0 packageName = com.samsung.android.scs cmp = androidx.work.impl.background.systemalarm.RescheduleReceiver newState = 1 callingPackage = 10098/com.samsung.android.scs
04-06 02:00:23.146 25143  1074 W Blockstore: [DataStoreImpl] The data was not a restore credential [CONTEXT service_id=258 ]
04-06 02:00:23.146 25143  1074 W Blockstore: iofv: Protocol message contained an invalid tag (zero).
04-06 02:00:23.146 25143  1074 W Blockstore: 	at iocs.k(:com.google.android.gms@261133029@26.11.33 (190400-887465546):43)
04-06 02:00:23.146 25143  1074 W Blockstore: 	at iogt.c(:com.google.android.gms@261133029@26.11.33 (190400-887465546):397)
04-06 02:00:23.146 25143  1074 W Blockstore: 	at iogt.i(:com.google.android.gms@261133029@26.11.33 (190400-887465546):8)
04-06 02:00:23.146 25143  1074 W Blockstore: 	at ioez.y(:com.google.android.gms@261133029@26.11.33 (190400-887465546):23)
04-06 02:00:23.146 25143  1074 W Blockstore: 	at amhx.p(:com.google.android.gms@261133029@26.11.33 (190400-887465546):72)
04-06 02:00:23.146 25143  1074 W Blockstore: 	at amgz.apply(:com.google.android.gms@261133029@26.11.33 (190400-887465546):46)
04-06 02:00:23.146 25143  1074 W Blockstore: 	at ghem.a(:com.google.android.gms@261133029@26.11.33 (190400-887465546):3)
04-06 02:00:23.146 25143  1074 W Blockstore: 	at gvoi.a(:com.google.android.gms@261133029@26.11.33 (190400-887465546):13)
04-06 02:00:23.146 25143  1074 W Blockstore: 	at heix.d(:com.google.android.gms@261133029@26.11.33 (190400-887465546):3)
04-06 02:00:23.146 25143  1074 W Blockstore: 	at heiz.run(:com.google.android.gms@261133029@26.11.33 (190400-887465546):38)
04-06 02:00:23.146 25143  1074 W Blockstore: 	at hekl.execute(:com.google.android.gms@261133029@26.11.33 (190400-887465546):1)
04-06 02:00:23.146 25143  1074 W Blockstore: 	at heim.f(:com.google.android.gms@261133029@26.11.33 (190400-887465546):1)
04-06 02:00:23.146 25143  1074 W Blockstore: 	at heim.hD(:com.google.android.gms@261133029@26.11.33 (190400-887465546):41)
04-06 02:00:23.146 25143  1074 W Blockstore: 	at heiz.g(:com.google.android.gms@261133029@26.11.33 (190400-887465546):10)
04-06 02:00:23.146 25143  1074 W Blockstore: 	at ghee.a(:com.google.android.gms@261133029@26.11.33 (190400-887465546):20)
04-06 02:00:23.146 25143  1074 W Blockstore: 	at gvoh.a(:com.google.android.gms@261133029@26.11.33 (190400-887465546):13)
04-06 02:00:23.146 25143  1074 W Blockstore: 	at heks.a(:com.google.android.gms@261133029@26.11.33 (190400-887465546):20)
04-06 02:00:23.146 25143  1074 W Blockstore: 	at hemw.a(:com.google.android.gms@261133029@26.11.33 (190400-887465546):3)
04-06 02:00:23.146 25143  1074 W Blockstore: 	at helx.run(:com.google.android.gms@261133029@26.11.33 (190400-887465546):19)
04-06 02:00:23.146 25143  1074 W Blockstore: 	at hemy.run(:com.google.android.gms@261133029@26.11.33 (190400-887465546):5)
04-06 02:00:23.146 25143  1074 W Blockstore: 	at heku.run(:com.google.android.gms@261133029@26.11.33 (190400-887465546):53)
04-06 02:00:23.146 25143  1074 W Blockstore: 	at hekl.execute(:com.google.android.gms@261133029@26.11.33 (190400-887465546):1)
04-06 02:00:23.146 25143  1074 W Blockstore: 	at heku.execute(:com.google.android.gms@261133029@26.11.33 (190400-887465546):76)
04-06 02:00:23.146 25143  1074 W Blockstore: 	at heim.f(:com.google.android.gms@261133029@26.11.33 (190400-887465546):1)
04-06 02:00:23.146 25143  1074 W Blockstore: 	at heim.hD(:com.google.android.gms@261133029@26.11.33 (190400-887465546):41)
04-06 02:00:23.146 25143  1074 W Blockstore: 	at hekw.b(:com.google.android.gms@261133029@26.11.33 (190400-887465546):33)
04-06 02:00:23.146 25143  1074 W Blockstore: 	at ghei.i(:com.google.android.gms@261133029@26.11.33 (190400-887465546):18)
04-06 02:00:23.146 25143  1074 W Blockstore: 	at gheq.a(:com.google.android.gms@261133029@26.11.33 (190400-887465546):10)
04-06 02:00:23.146 25143  1074 W Blockstore: 	at gvoi.a(:com.google.android.gms@261133029@26.11.33 (190400-887465546):13)
04-06 02:00:23.146 25143  1074 W Blockstore: 	at heix.d(:com.google.android.gms@261133029@26.11.33 (190400-887465546):3)
04-06 02:00:23.146 25143  1074 W Blockstore: 	at heiz.run(:com.google.android.gms@261133029@26.11.33 (190400-887465546):38)
04-06 02:00:23.146 25143  1074 W Blockstore: 	at hekl.execute(:com.google.android.gms@261133029@26.11.33 (190400-887465546):1)
04-06 02:00:23.146 25143  1074 W Blockstore: 	at heim.f(:com.google.android.gms@261133029@26.11.33 (190400-887465546):1)
04-06 02:00:23.146 25143  1074 W Blockstore: 	at heim.hD(:com.google.android.gms@261133029@26.11.33 (190400-887465546):41)
04-06 02:00:23.146 25143  1074 W Blockstore: 	at heiz.g(:com.google.android.gms@261133029@26.11.33 (190400-887465546):10)
04-06 02:00:23.146 25143  1074 W Blockstore: 	at gheo.a(:com.google.android.gms@261133029@26.11.33 (190400-887465546):20)
04-06 02:00:23.146 25143  1074 W Blockstore: 	at gvoh.a(:com.google.android.gms@261133029@26.11.33 (190400-887465546):13)
04-06 02:00:23.146 25143  1074 W Blockstore: 	at heks.a(:com.google.android.gms@261133029@26.11.33 (190400-887465546):20)
04-06 02:00:23.146 25143  1074 W Blockstore: 	at hemw.a(:com.google.android.gms@261133029@26.11.33 (190400-887465546):3)
04-06 02:00:23.146 25143  1074 W Blockstore: 	at helx.run(:com.google.android.gms@261133029@26.11.33 (190400-887465546):19)
04-06 02:00:23.146 25143  1074 W Blockstore: 	at hemy.run(:com.google.android.gms@261133029@26.11.33 (190400-887465546):5)
04-06 02:00:23.146 25143  1074 W Blockstore: 	at heku.run(:com.google.android.gms@261133029@26.11.33 (190400-887465546):53)
04-06 02:00:23.146 25143  1074 W Blockstore: 	at hekl.execute(:com.google.android.gms@261133029@26.11.33 (190400-887465546):1)
04-06 02:00:23.146 25143  1074 W Blockstore: 	at heku.execute(:com.google.android.gms@261133029@26.11.33 (190400-887465546):76)
04-06 02:00:23.146 25143  1074 W Blockstore: 	at heim.f(:com.google.android.gms@261133029@26.11.33 (190400-887465546):1)
04-06 02:00:23.146 25143  1074 W Blockstore: 	at heim.hD(:com.google.android.gms@261133029@26.11.33 (190400-887465546):41)
04-06 02:00:23.146 25143  1074 W Blockstore: 	at hekw.b(:com.google.android.gms@261133029@26.11.33 (190400-887465546):33)
04-06 02:00:23.146 25143  1074 W Blockstore: 	at ghew.c(:com.google.android.gms@261133029@26.11.33 (190400-887465546):52)
04-06 02:00:23.146 25143  1074 W Blockstore: 	at ghew.b(:com.google.android.gms@261133029@26.11.33 (190400-887465546):10)
04-06 02:00:23.146 25143  1074 W Blockstore: 	at com.google.android.gms.auth.blockstore.service.PackageIntentOperation.onHandleIntent(:com.google.android.gms@261133029@26.11.33 (190400-887465546):395)
04-06 02:00:23.146 25143  1074 W Blockstore: 	at com.google.android.chimera.IntentOperation.onHandleIntent(:com.google.android.gms@261133029@26.11.33 (190400-887465546):1)
04-06 02:00:23.146 25143  1074 W Blockstore: 	at bbsq.onHandleIntent(:com.google.android.gms@261133029@26.11.33 (190400-887465546):84)
04-06 02:00:23.146 25143  1074 W Blockstore: 	at aasd.run(:com.google.android.gms@261133029@26.11.33 (190400-887465546):64)
04-06 02:00:23.146 25143  1074 W Blockstore: 	at aasc.run(:com.google.android.gms@261133029@26.11.33 (190400-887465546):132)
04-06 02:00:23.146 25143  1074 W Blockstore: 	at gvom.run(:com.google.android.gms@261133029@26.11.33 (190400-887465546):19)
04-06 02:00:23.146 25143  1074 W Blockstore: 	at java.util.concurrent.ThreadPoolExecutor.runWorker(ThreadPoolExecutor.java:1137)
04-06 02:00:23.146 25143  1074 W Blockstore: 	at java.util.concurrent.ThreadPoolExecutor$Worker.run(ThreadPoolExecutor.java:637)
04-06 02:00:23.146 25143  1074 W Blockstore: 	at java.lang.Thread.run(Thread.java:1012)
04-06 02:00:23.146 25143  1074 I Blockstore: (REDACTED) [PackageIntentOperation] Deleted restore credential for package %s is successful: %s
04-06 02:00:23.147  6798  6877 I roid.honeyboard: Background young concurrent copying GC freed 79179(3893KB) AllocSpace objects, 0(0B) LOS objects, 45% free, 14MB/26MB, paused 427us,96us total 281.639ms
04-06 02:00:23.147 25143  1074 I Blockstore: (REDACTED) [DataStoreImpl] Clearing all the Blockstore Data for package %s
04-06 02:00:23.147 25143  1074 I Blockstore: (REDACTED) [DataStoreImpl] Clearing all the Blockstore Data for %s packages
04-06 02:00:23.147 25143  1074 I Blockstore: (REDACTED) [DataStoreImpl] Allow listed package: %s
04-06 02:00:23.147 25143  1074 I Blockstore: (REDACTED) [DataStoreImpl] Allow listed package: %s
04-06 02:00:23.147 25143  1074 I Blockstore: (REDACTED) [DataStoreImpl] Allow listed package: %s
04-06 02:00:23.148 25143  1074 I Blockstore: (REDACTED) [DataStoreImpl] Allow listed package: %s
04-06 02:00:23.148 25143  1074 I Blockstore: (REDACTED) [DataStoreImpl] Allow listed package: %s
04-06 02:00:23.148 25143  1074 I Blockstore: (REDACTED) [DataStoreImpl] Removing Blockstore data for packages %s
04-06 02:00:23.150  1321  6793 D InputDispatcher: Inject key (971/2000): action=0, f=0x8, d=-1, time=123534459000000
04-06 02:00:23.150  1321  6793 D WindowManager: interceptKeyTq interceptKeyResult=1
04-06 02:00:23.151  1321  2352 I InputDispatcher: Delivering key to (17006): DP action: 0x0 (0), f=0x8, m=0x0, d=0, '8886c07'
04-06 02:00:23.150 12013 12013 I Finsky  : [2] Clearing split related stale data.
04-06 02:00:23.151  6798  6798 I HBD     : b skip onKeyDown as physical keyboard not connected 
04-06 02:00:23.151  6798  6798 I HBD     : HoneyBoardService onKeyDown r:eab0a640 consumed:false 0 
04-06 02:00:23.151 17006 17006 I ViewRootImpl@beef91f[MainActivity]: ViewPostIme key 0
04-06 02:00:23.152 12013 32100 I Finsky  : [446] [ContentSync] finished, scheduled=false
04-06 02:00:23.154  1321  6793 D InputDispatcher: Inject key (971/2000): action=1, f=0x8, d=-1, time=123534462000000
04-06 02:00:23.154  1321  6793 D WindowManager: interceptKeyTq interceptKeyResult=1
04-06 02:00:23.155 12013 12052 I Finsky  : [111] AIM: AppInfoManager-Perf > OnDeviceAppInfo > cacheHitCount=0, cacheMissCount=1. Missed  in cache (limit 10) : [com.evolucao.app]
04-06 02:00:23.156 12013 12052 I Finsky  : [111] AIM: Got app ownership map. App counts: . Unique apps: 0
04-06 02:00:23.156 12013 12052 E Finsky  : [111] [Counters] attempted to use a non-positive increment for: 4752
04-06 02:00:23.157 12013 32098 I Finsky  : [445] Asset module storage cleared for package com.evolucao.app.
04-06 02:00:23.158  1321  2352 I InputDispatcher: Delivering key to (17006): DP action: 0x1 (0), f=0x8, m=0x0, d=0, '8886c07'
04-06 02:00:23.159  6798  6798 I HBD     : HoneyBoardService onKeyUp r:bf42e60a consumed:false 1 
04-06 02:00:23.159 17006 17006 I ViewRootImpl@beef91f[MainActivity]: ViewPostIme key 1
04-06 02:00:23.161 17006 32287 I ViewRootImpl@beef91f[MainActivity]: mWNT: t=0xb40000703e9aa700 mBlastBufferQueue=0xb400007025f1b680 fn= 25 caller= android.view.SyncRtSurfaceTransactionApplier.applyTransaction:96 android.view.SyncRtSurfaceTransactionApplier.lambda$scheduleApply$0$android-view-SyncRtSurfaceTransactionApplier:69 android.view.SyncRtSurfaceTransactionApplier$$ExternalSyntheticLambda0.onFrameDraw:4 
04-06 02:00:23.168  1687  1843 I DynamiteModule: Considering local module com.google.android.gms.measurement.dynamite:17 and remote module com.google.android.gms.measurement.dynamite:0
04-06 02:00:23.168  1687  1843 I DynamiteModule: Selected local version of com.google.android.gms.measurement.dynamite
04-06 02:00:23.171  1321  1852 D EnterpriseLicenseService: callLicenseAgent() - packageRemovedInternal
04-06 02:00:23.173  1687  1687 I FirebaseCrashlytics: Initializing Crashlytics 17.2.1
