04-06 17:18:55.536 24832 24870 D DetoxWSClient: Received action 'invoke' (ID #48, params={"target":{"type":"Class","value":"com.wix.detox.espresso.DetoxAssertion"},"method":"waitForAssertMatcher","args":[{"type":"Invocation","value":{"target":{"type":"Class","value":"androidx.test.espresso.Espresso"},"method":"onView","args":[{"type":"Invocation","value":{"target":{"type":"Class","value":"com.wix.detox.espresso.DetoxMatcher"},"method":"matcherForTestId","args":["app-root",{"type":"boolean","value":false}]}}]}},{"type":"Invocation","value":{"target":{"type":"Class","value":"com.wix.detox.espresso.DetoxMatcher"},"method":"matcherForSufficientlyVisible","args":[{"type":"Integer","value":75}]}},{"type":"Double","value":5}]})
04-06 17:18:55.536 24832 24866 I DetoxDispatcher: Handling action 'invoke' (ID #48)...
04-06 17:18:55.537 24832 24866 D Detox   : class com.wix.detox.espresso.DetoxMatcher, matcherForTestId, [app-root, false]
04-06 17:18:55.538 24832 24866 D Detox   : class androidx.test.espresso.Espresso, onView, [(view.getTag() is "app-root" and view has effective visibility <VISIBLE>)]
04-06 17:18:55.539 24832 24866 D Detox   : class com.wix.detox.espresso.DetoxMatcher, matcherForSufficientlyVisible, [75]
04-06 17:18:55.540 24832 24866 D Detox   : class com.wix.detox.espresso.DetoxAssertion, waitForAssertMatcher, [androidx.test.espresso.ViewInteraction@b991309, (view has effective visibility <VISIBLE> and view.getGlobalVisibleRect() covers at least <75> percent of the view's area), 5.0]
04-06 17:18:55.547 24832 24832 I ViewInteraction: Checking 'MatchesViewAssertion(Detox){viewMatcher=(view has effective visibility <VISIBLE> and view.getGlobalVisibleRect() covers at least <75> percent of the view's area)}' assertion on view (view.getTag() is "app-root" and view has effective visibility <VISIBLE>)
04-06 17:18:55.553 24832 24866 I DetoxWSClient: Sending out action 'invokeResult' (ID #48)
04-06 17:18:55.554 24832 24866 I DetoxDispatcher: Done with action 'invoke'
04-06 17:18:55.558 24832 24870 D DetoxWSClient: Received action 'invoke' (ID #49, params={"target":{"type":"Class","value":"com.wix.detox.espresso.DetoxAssertion"},"method":"assertMatcher","args":[{"type":"Invocation","value":{"target":{"type":"Class","value":"androidx.test.espresso.Espresso"},"method":"onView","args":[{"type":"Invocation","value":{"target":{"type":"Class","value":"com.wix.detox.espresso.DetoxMatcher"},"method":"matcherForTestId","args":["app-root",{"type":"boolean","value":false}]}}]}},{"type":"Invocation","value":{"target":{"type":"Class","value":"com.wix.detox.espresso.DetoxMatcher"},"method":"matcherForSufficientlyVisible","args":[{"type":"Integer","value":75}]}}]})
04-06 17:18:55.559 24832 24866 I DetoxDispatcher: Handling action 'invoke' (ID #49)...
04-06 17:18:55.560 24832 24866 D Detox   : class com.wix.detox.espresso.DetoxMatcher, matcherForTestId, [app-root, false]
04-06 17:18:55.561 24832 24866 D Detox   : class androidx.test.espresso.Espresso, onView, [(view.getTag() is "app-root" and view has effective visibility <VISIBLE>)]
04-06 17:18:55.562 24832 24866 D Detox   : class com.wix.detox.espresso.DetoxMatcher, matcherForSufficientlyVisible, [75]
04-06 17:18:55.563 24832 24866 D Detox   : class com.wix.detox.espresso.DetoxAssertion, assertMatcher, [androidx.test.espresso.ViewInteraction@5f0090e, (view has effective visibility <VISIBLE> and view.getGlobalVisibleRect() covers at least <75> percent of the view's area)]
04-06 17:18:55.570 24832 24832 I ViewInteraction: Checking 'MatchesViewAssertion(Detox){viewMatcher=(view has effective visibility <VISIBLE> and view.getGlobalVisibleRect() covers at least <75> percent of the view's area)}' assertion on view (view.getTag() is "app-root" and view has effective visibility <VISIBLE>)
04-06 17:18:55.574 24832 24866 I DetoxWSClient: Sending out action 'invokeResult' (ID #49)
04-06 17:18:55.574 24832 24866 I DetoxDispatcher: Done with action 'invoke'
04-06 17:18:55.580 24832 24870 D DetoxWSClient: Received action 'invoke' (ID #50, params={"target":{"type":"Class","value":"com.wix.detox.espresso.DetoxAssertion"},"method":"waitForAssertMatcher","args":[{"type":"Invocation","value":{"target":{"type":"Class","value":"androidx.test.espresso.Espresso"},"method":"onView","args":[{"type":"Invocation","value":{"target":{"type":"Class","value":"com.wix.detox.espresso.DetoxMatcher"},"method":"matcherForTestId","args":["btn-iniciar-treino",{"type":"boolean","value":false}]}}]}},{"type":"Invocation","value":{"target":{"type":"Class","value":"com.wix.detox.espresso.DetoxMatcher"},"method":"matcherForSufficientlyVisible","args":[{"type":"Integer","value":75}]}},{"type":"Double","value":5}]})
04-06 17:18:55.581 24832 24866 I DetoxDispatcher: Handling action 'invoke' (ID #50)...
04-06 17:18:55.581 24832 24866 D Detox   : class com.wix.detox.espresso.DetoxMatcher, matcherForTestId, [btn-iniciar-treino, false]
04-06 17:18:55.582 24832 24866 D Detox   : class androidx.test.espresso.Espresso, onView, [(view.getTag() is "btn-iniciar-treino" and view has effective visibility <VISIBLE>)]
04-06 17:18:55.583 24832 24866 D Detox   : class com.wix.detox.espresso.DetoxMatcher, matcherForSufficientlyVisible, [75]
04-06 17:18:55.584 24832 24866 D Detox   : class com.wix.detox.espresso.DetoxAssertion, waitForAssertMatcher, [androidx.test.espresso.ViewInteraction@8ca4f2f, (view has effective visibility <VISIBLE> and view.getGlobalVisibleRect() covers at least <75> percent of the view's area), 5.0]
04-06 17:18:55.588 24832 24832 I ViewInteraction: Checking 'MatchesViewAssertion(Detox){viewMatcher=(view has effective visibility <VISIBLE> and view.getGlobalVisibleRect() covers at least <75> percent of the view's area)}' assertion on view (view.getTag() is "btn-iniciar-treino" and view has effective visibility <VISIBLE>)
04-06 17:18:55.592 24832 24866 I DetoxWSClient: Sending out action 'invokeResult' (ID #50)
04-06 17:18:55.593 24832 24866 I DetoxDispatcher: Done with action 'invoke'
04-06 17:18:55.596 24832 24870 D DetoxWSClient: Received action 'invoke' (ID #51, params={"target":{"type":"Class","value":"com.wix.detox.espresso.EspressoDetox"},"method":"perform","args":[{"type":"Invocation","value":{"target":{"type":"Class","value":"com.wix.detox.espresso.DetoxMatcher"},"method":"matcherForTestId","args":["btn-iniciar-treino",{"type":"boolean","value":false}]}},{"type":"Invocation","value":{"target":{"type":"Class","value":"com.wix.detox.espresso.DetoxViewActions"},"method":"click","args":[]}}]})
04-06 17:18:55.597 24832 24866 I DetoxDispatcher: Handling action 'invoke' (ID #51)...
04-06 17:18:55.597 24832 24866 D Detox   : class com.wix.detox.espresso.DetoxMatcher, matcherForTestId, [btn-iniciar-treino, false]
04-06 17:18:55.598 24832 24866 D Detox   : class com.wix.detox.espresso.DetoxViewActions, click, []
04-06 17:18:55.598 24832 24866 D Detox   : class com.wix.detox.espresso.EspressoDetox, perform, [(view.getTag() is "btn-iniciar-treino" and view has effective visibility <VISIBLE>), com.wix.detox.espresso.action.RNClickAction@c36d6c5]
04-06 17:18:55.604 24832 24832 I ViewInteraction: Performing 'com.wix.detox.espresso.action.detoxsingletap@a27a81a click' action on view (view.getTag() is "btn-iniciar-treino" and view has effective visibility <VISIBLE>)
04-06 17:18:55.609 24832 24832 I ViewRootImpl@ac0a76d[MainActivity]: ViewPostIme pointer 0
04-06 17:18:55.640 24832 24832 I ViewRootImpl@ac0a76d[MainActivity]: ViewPostIme pointer 1
04-06 17:18:55.775 24832 24832 W [RNScreens]: backTitleFontFamily prop is not available on Android
04-06 17:18:55.776 24832 24832 W [RNScreens]: disableBackButtonMenu prop is not available on Android
04-06 17:18:55.776 24832 24832 W [RNScreens]: backTitleVisible prop is not available on Android
04-06 17:18:55.776 24832 24832 W [RNScreens]: topInsetEnabled prop is not available on Android
04-06 17:18:55.776 24832 24832 W [RNScreens]: largeTitleHideShadow prop is not available on Android
04-06 17:18:55.776 24832 24832 W [RNScreens]: largeTitleFontWeight prop is not available on Android
04-06 17:18:55.776 24832 24832 W [RNScreens]: userInterfaceStyle prop is not available on Android
04-06 17:18:55.776 24832 24832 W [RNScreens]: largeTitleFontFamily prop is not available on Android
04-06 17:18:55.789 24832 24926 I ReactNativeJS: 'match:', 'local-cache'
04-06 17:18:55.790 24832 24926 I ReactNativeJS: 'recommendation:', 'push', '| confidence:', 'alta'
04-06 17:18:55.837 24832 24926 I ReactNativeJS: 'match:', 'local-cache'
04-06 17:18:55.837 24832 24926 I ReactNativeJS: 'recommendation:', 'push', '| confidence:', 'alta'
04-06 17:18:56.074 24832 24832 W UiControllerImpl: Waiting for: DYNAMIC_TASKS_HAVE_IDLED for 100 iterations.
04-06 17:18:56.460 24832 24832 W UiControllerImpl: Waiting for: DYNAMIC_TASKS_HAVE_IDLED for 200 iterations.
04-06 17:18:57.026 24832 24832 W om.evolucao.app: Accessing hidden field Landroid/widget/HorizontalScrollView;->mScroller:Landroid/widget/OverScroller; (unsupported, reflection, allowed)
04-06 17:18:57.047 24832 24832 D ScrollView: initGoToTop
04-06 17:18:58.210 24832 24866 I DetoxWSClient: Sending out action 'invokeResult' (ID #51)
04-06 17:18:58.211 24832 24866 I DetoxDispatcher: Done with action 'invoke'
04-06 17:18:58.530 24832 24870 D DetoxWSClient: Received action 'invoke' (ID #52, params={"target":{"type":"Class","value":"com.wix.detox.espresso.DetoxAssertion"},"method":"waitForAssertMatcher","args":[{"type":"Invocation","value":{"target":{"type":"Class","value":"androidx.test.espresso.Espresso"},"method":"onView","args":[{"type":"Invocation","value":{"target":{"type":"Class","value":"com.wix.detox.espresso.DetoxMatcher"},"method":"matcherForTestId","args":["screen-workout",{"type":"boolean","value":false}]}}]}},{"type":"Invocation","value":{"target":{"type":"Class","value":"com.wix.detox.espresso.DetoxMatcher"},"method":"matcherForSufficientlyVisible","args":[{"type":"Integer","value":75}]}},{"type":"Double","value":5}]})
04-06 17:18:58.531 24832 24866 I DetoxDispatcher: Handling action 'invoke' (ID #52)...
04-06 17:18:58.533 24832 24866 D Detox   : class com.wix.detox.espresso.DetoxMatcher, matcherForTestId, [screen-workout, false]
04-06 17:18:58.534 24832 24866 D Detox   : class androidx.test.espresso.Espresso, onView, [(view.getTag() is "screen-workout" and view has effective visibility <VISIBLE>)]
04-06 17:18:58.537 24832 24866 D Detox   : class com.wix.detox.espresso.DetoxMatcher, matcherForSufficientlyVisible, [75]
04-06 17:18:58.538 24832 24866 D Detox   : class com.wix.detox.espresso.DetoxAssertion, waitForAssertMatcher, [androidx.test.espresso.ViewInteraction@994c932, (view has effective visibility <VISIBLE> and view.getGlobalVisibleRect() covers at least <75> percent of the view's area), 5.0]
04-06 17:18:58.554 24832 24832 I ViewInteraction: Checking 'MatchesViewAssertion(Detox){viewMatcher=(view has effective visibility <VISIBLE> and view.getGlobalVisibleRect() covers at least <75> percent of the view's area)}' assertion on view (view.getTag() is "screen-workout" and view has effective visibility <VISIBLE>)
04-06 17:18:58.564 24832 24866 I DetoxWSClient: Sending out action 'invokeResult' (ID #52)
04-06 17:18:58.564 24832 24866 I DetoxDispatcher: Done with action 'invoke'
04-06 17:18:59.285 24832 24870 D DetoxWSClient: Received action 'invoke' (ID #53, params={"target":{"type":"Class","value":"com.wix.detox.espresso.DetoxAssertion"},"method":"waitForAssertMatcher","args":[{"type":"Invocation","value":{"target":{"type":"Class","value":"androidx.test.espresso.Espresso"},"method":"onView","args":[{"type":"Invocation","value":{"target":{"type":"Class","value":"com.wix.detox.espresso.DetoxMatcher"},"method":"matcherForTestId","args":["app-root",{"type":"boolean","value":false}]}}]}},{"type":"Invocation","value":{"target":{"type":"Class","value":"com.wix.detox.espresso.DetoxMatcher"},"method":"matcherForSufficientlyVisible","args":[{"type":"Integer","value":75}]}},{"type":"Double","value":5}]})
04-06 17:18:59.286 24832 24866 I DetoxDispatcher: Handling action 'invoke' (ID #53)...
04-06 17:18:59.286 24832 24866 D Detox   : class com.wix.detox.espresso.DetoxMatcher, matcherForTestId, [app-root, false]
04-06 17:18:59.287 24832 24866 D Detox   : class androidx.test.espresso.Espresso, onView, [(view.getTag() is "app-root" and view has effective visibility <VISIBLE>)]
04-06 17:18:59.288 24832 24866 D Detox   : class com.wix.detox.espresso.DetoxMatcher, matcherForSufficientlyVisible, [75]
04-06 17:18:59.289 24832 24866 D Detox   : class com.wix.detox.espresso.DetoxAssertion, waitForAssertMatcher, [androidx.test.espresso.ViewInteraction@88eb000, (view has effective visibility <VISIBLE> and view.getGlobalVisibleRect() covers at least <75> percent of the view's area), 5.0]
04-06 17:18:59.300 24832 24832 I ViewInteraction: Checking 'MatchesViewAssertion(Detox){viewMatcher=(view has effective visibility <VISIBLE> and view.getGlobalVisibleRect() covers at least <75> percent of the view's area)}' assertion on view (view.getTag() is "app-root" and view has effective visibility <VISIBLE>)
04-06 17:18:59.304 24832 24866 I DetoxWSClient: Sending out action 'invokeResult' (ID #53)
04-06 17:18:59.305 24832 24866 I DetoxDispatcher: Done with action 'invoke'
04-06 17:18:59.310 24832 24870 D DetoxWSClient: Received action 'invoke' (ID #54, params={"target":{"type":"Class","value":"com.wix.detox.espresso.DetoxAssertion"},"method":"assertMatcher","args":[{"type":"Invocation","value":{"target":{"type":"Class","value":"androidx.test.espresso.Espresso"},"method":"onView","args":[{"type":"Invocation","value":{"target":{"type":"Class","value":"com.wix.detox.espresso.DetoxMatcher"},"method":"matcherForTestId","args":["app-root",{"type":"boolean","value":false}]}}]}},{"type":"Invocation","value":{"target":{"type":"Class","value":"com.wix.detox.espresso.DetoxMatcher"},"method":"matcherForSufficientlyVisible","args":[{"type":"Integer","value":75}]}}]})
04-06 17:18:59.311 24832 24866 I DetoxDispatcher: Handling action 'invoke' (ID #54)...
04-06 17:18:59.312 24832 24866 D Detox   : class com.wix.detox.espresso.DetoxMatcher, matcherForTestId, [app-root, false]
04-06 17:18:59.312 24832 24866 D Detox   : class androidx.test.espresso.Espresso, onView, [(view.getTag() is "app-root" and view has effective visibility <VISIBLE>)]
04-06 17:18:59.313 24832 24866 D Detox   : class com.wix.detox.espresso.DetoxMatcher, matcherForSufficientlyVisible, [75]
04-06 17:18:59.314 24832 24866 D Detox   : class com.wix.detox.espresso.DetoxAssertion, assertMatcher, [androidx.test.espresso.ViewInteraction@e612039, (view has effective visibility <VISIBLE> and view.getGlobalVisibleRect() covers at least <75> percent of the view's area)]
04-06 17:18:59.320 24832 24832 I ViewInteraction: Checking 'MatchesViewAssertion(Detox){viewMatcher=(view has effective visibility <VISIBLE> and view.getGlobalVisibleRect() covers at least <75> percent of the view's area)}' assertion on view (view.getTag() is "app-root" and view has effective visibility <VISIBLE>)
04-06 17:18:59.324 24832 24866 I DetoxWSClient: Sending out action 'invokeResult' (ID #54)
04-06 17:18:59.325 24832 24866 I DetoxDispatcher: Done with action 'invoke'
04-06 17:18:59.330 24832 24870 D DetoxWSClient: Received action 'invoke' (ID #55, params={"target":{"type":"Class","value":"com.wix.detox.espresso.DetoxAssertion"},"method":"waitForAssertMatcher","args":[{"type":"Invocation","value":{"target":{"type":"Class","value":"androidx.test.espresso.Espresso"},"method":"onView","args":[{"type":"Invocation","value":{"target":{"type":"Class","value":"com.wix.detox.espresso.DetoxMatcher"},"method":"matcherForTestId","args":["input-peso",{"type":"boolean","value":false}]}}]}},{"type":"Invocation","value":{"target":{"type":"Class","value":"com.wix.detox.espresso.DetoxMatcher"},"method":"matcherForSufficientlyVisible","args":[{"type":"Integer","value":75}]}},{"type":"Double","value":5}]})
04-06 17:18:59.330 24832 24866 I DetoxDispatcher: Handling action 'invoke' (ID #55)...
04-06 17:18:59.331 24832 24866 D Detox   : class com.wix.detox.espresso.DetoxMatcher, matcherForTestId, [input-peso, false]
04-06 17:18:59.331 24832 24866 D Detox   : class androidx.test.espresso.Espresso, onView, [(view.getTag() is "input-peso" and view has effective visibility <VISIBLE>)]
04-06 17:18:59.332 24832 24866 D Detox   : class com.wix.detox.espresso.DetoxMatcher, matcherForSufficientlyVisible, [75]
04-06 17:18:59.333 24832 24866 D Detox   : class com.wix.detox.espresso.DetoxAssertion, waitForAssertMatcher, [androidx.test.espresso.ViewInteraction@c42467e, (view has effective visibility <VISIBLE> and view.getGlobalVisibleRect() covers at least <75> percent of the view's area), 5.0]
04-06 17:18:59.339 24832 24832 I ViewInteraction: Checking 'MatchesViewAssertion(Detox){viewMatcher=(view has effective visibility <VISIBLE> and view.getGlobalVisibleRect() covers at least <75> percent of the view's area)}' assertion on view (view.getTag() is "input-peso" and view has effective visibility <VISIBLE>)
04-06 17:18:59.360 24832 24866 I DetoxWSClient: Sending out action 'invokeResult' (ID #55)
04-06 17:18:59.360 24832 24866 I DetoxDispatcher: Done with action 'invoke'
04-06 17:18:59.363 24832 24870 D DetoxWSClient: Received action 'invoke' (ID #56, params={"target":{"type":"Class","value":"com.wix.detox.espresso.DetoxAssertion"},"method":"waitForAssertMatcher","args":[{"type":"Invocation","value":{"target":{"type":"Class","value":"androidx.test.espresso.Espresso"},"method":"onView","args":[{"type":"Invocation","value":{"target":{"type":"Class","value":"com.wix.detox.espresso.DetoxMatcher"},"method":"matcherForTestId","args":["input-reps",{"type":"boolean","value":false}]}}]}},{"type":"Invocation","value":{"target":{"type":"Class","value":"com.wix.detox.espresso.DetoxMatcher"},"method":"matcherForSufficientlyVisible","args":[{"type":"Integer","value":75}]}},{"type":"Double","value":5}]})
04-06 17:18:59.364 24832 24866 I DetoxDispatcher: Handling action 'invoke' (ID #56)...
04-06 17:18:59.364 24832 24866 D Detox   : class com.wix.detox.espresso.DetoxMatcher, matcherForTestId, [input-reps, false]
04-06 17:18:59.364 24832 24866 D Detox   : class androidx.test.espresso.Espresso, onView, [(view.getTag() is "input-reps" and view has effective visibility <VISIBLE>)]
04-06 17:18:59.365 24832 24866 D Detox   : class com.wix.detox.espresso.DetoxMatcher, matcherForSufficientlyVisible, [75]
04-06 17:18:59.365 24832 24866 D Detox   : class com.wix.detox.espresso.DetoxAssertion, waitForAssertMatcher, [androidx.test.espresso.ViewInteraction@ddd1218, (view has effective visibility <VISIBLE> and view.getGlobalVisibleRect() covers at least <75> percent of the view's area), 5.0]
04-06 17:18:59.368 24832 24832 I ViewInteraction: Checking 'MatchesViewAssertion(Detox){viewMatcher=(view has effective visibility <VISIBLE> and view.getGlobalVisibleRect() covers at least <75> percent of the view's area)}' assertion on view (view.getTag() is "input-reps" and view has effective visibility <VISIBLE>)
04-06 17:18:59.379 24832 24866 I DetoxWSClient: Sending out action 'invokeResult' (ID #56)
04-06 17:18:59.380 24832 24866 I DetoxDispatcher: Done with action 'invoke'
04-06 17:18:59.383 24832 24870 D DetoxWSClient: Received action 'invoke' (ID #57, params={"target":{"type":"Class","value":"com.wix.detox.espresso.DetoxAssertion"},"method":"waitForAssertMatcher","args":[{"type":"Invocation","value":{"target":{"type":"Class","value":"androidx.test.espresso.Espresso"},"method":"onView","args":[{"type":"Invocation","value":{"target":{"type":"Class","value":"com.wix.detox.espresso.DetoxMatcher"},"method":"matcherForTestId","args":["input-peso",{"type":"boolean","value":false}]}}]}},{"type":"Invocation","value":{"target":{"type":"Class","value":"com.wix.detox.espresso.DetoxMatcher"},"method":"matcherForSufficientlyVisible","args":[{"type":"Integer","value":75}]}},{"type":"Double","value":5}]})
04-06 17:18:59.383 24832 24866 I DetoxDispatcher: Handling action 'invoke' (ID #57)...
04-06 17:18:59.383 24832 24866 D Detox   : class com.wix.detox.espresso.DetoxMatcher, matcherForTestId, [input-peso, false]
04-06 17:18:59.384 24832 24866 D Detox   : class androidx.test.espresso.Espresso, onView, [(view.getTag() is "input-peso" and view has effective visibility <VISIBLE>)]
04-06 17:18:59.384 24832 24866 D Detox   : class com.wix.detox.espresso.DetoxMatcher, matcherForSufficientlyVisible, [75]
04-06 17:18:59.384 24832 24866 D Detox   : class com.wix.detox.espresso.DetoxAssertion, waitForAssertMatcher, [androidx.test.espresso.ViewInteraction@39af256, (view has effective visibility <VISIBLE> and view.getGlobalVisibleRect() covers at least <75> percent of the view's area), 5.0]
04-06 17:18:59.387 24832 24832 I ViewInteraction: Checking 'MatchesViewAssertion(Detox){viewMatcher=(view has effective visibility <VISIBLE> and view.getGlobalVisibleRect() covers at least <75> percent of the view's area)}' assertion on view (view.getTag() is "input-peso" and view has effective visibility <VISIBLE>)
04-06 17:18:59.398 24832 24866 I DetoxWSClient: Sending out action 'invokeResult' (ID #57)
04-06 17:18:59.398 24832 24866 I DetoxDispatcher: Done with action 'invoke'
04-06 17:18:59.402 24832 24870 D DetoxWSClient: Received action 'invoke' (ID #58, params={"target":{"type":"Class","value":"com.wix.detox.espresso.EspressoDetox"},"method":"perform","args":[{"type":"Invocation","value":{"target":{"type":"Class","value":"com.wix.detox.espresso.DetoxMatcher"},"method":"matcherForTestId","args":["input-peso",{"type":"boolean","value":false}]}},{"type":"Invocation","value":{"target":{"type":"Class","value":"com.wix.detox.espresso.DetoxViewActions"},"method":"click","args":[]}}]})
04-06 17:18:59.402 24832 24866 I DetoxDispatcher: Handling action 'invoke' (ID #58)...
04-06 17:18:59.402 24832 24866 D Detox   : class com.wix.detox.espresso.DetoxMatcher, matcherForTestId, [input-peso, false]
04-06 17:18:59.403 24832 24866 D Detox   : class com.wix.detox.espresso.DetoxViewActions, click, []
04-06 17:18:59.403 24832 24866 D Detox   : class com.wix.detox.espresso.EspressoDetox, perform, [(view.getTag() is "input-peso" and view has effective visibility <VISIBLE>), com.wix.detox.espresso.action.RNClickAction@35392d7]
04-06 17:18:59.405 24832 24832 I ViewInteraction: Performing 'com.wix.detox.espresso.action.detoxsingletap@a9d37c4 click' action on view (view.getTag() is "input-peso" and view has effective visibility <VISIBLE>)
04-06 17:18:59.418 24832 24832 I ViewRootImpl@ac0a76d[MainActivity]: ViewPostIme pointer 0
04-06 17:18:59.448 24832 24832 I ViewRootImpl@ac0a76d[MainActivity]: ViewPostIme pointer 1
04-06 17:18:59.469 24832 24832 D InputMethodManager: startInputInner - Id : 0
04-06 17:18:59.470 24832 24832 I InputMethodManager: startInputInner - mService.startInputOrWindowGainedFocus
04-06 17:18:59.474 24832 24832 I IMM_LC  : showSoftInput(View,I)
04-06 17:18:59.474 24832 24832 I IMM_LC  : ssi() - flag : 0 view : com.evolucao.app reason = SHOW_SOFT_INPUT
04-06 17:18:59.497 24832 24884 D NativeCustomFrequencyManager: [NativeCFMS] BpCustomFrequencyManager::BpCustomFrequencyManager()
04-06 17:18:59.503 24832 24832 D InsetsController: onStateChanged: InsetsState: {mDisplayFrame=Rect(0, 0 - 1080, 2400), mDisplayCutout=DisplayCutout{insets=Rect(0, 88 - 0, 0) waterfall=Insets{left=0, top=0, right=0, bottom=0} boundingRect={Bounds=[Rect(0, 0 - 0, 0), Rect(512, 0 - 568, 88), Rect(0, 0 - 0, 0), Rect(0, 0 - 0, 0)]} cutoutPathParserInfo={CutoutPathParserInfo{displayWidth=1080 displayHeight=2400 physicalDisplayWidth=1080 physicalDisplayHeight=2400 density={3.0} cutoutSpec={M 0,0 M 0,10.71963616907435 a 9.280363830925644,9.280363830925644 0 1,0 0,18.56072766185129 a 9.280363830925644,9.280363830925644 0 1,0 0,-18.56072766185129 Z @dp} rotation={0} scale={1.0} physicalPixelDisplaySizeRatio={1.0}}}}, mRoundedCorners=RoundedCorners{[RoundedCorner{position=TopLeft, radius=96, center=Point(96, 96)}, RoundedCorner{position=TopRight, radius=96, center=Point(984, 96)}, RoundedCorner{position=BottomRight, radius=96, center=Point(984, 2304)}, RoundedCorner{position=BottomLeft, radius=96, center=Point(96, 2304)}]}  mRoundedCornerFrame=Rect(0, 0 - 1080, 2400), mPrivacyIndicatorBounds=PrivacyIndicatorBounds {static bounds=Rect(948, 0 - 1080, 88) rotation=0}, mSources= { InsetsSource: {mType=ITYPE_STATUS_BAR, mFrame=[0,0][1080,88], mVisible=true, mInsetsRoundedCornerFrame=false}, InsetsSource: {mType=ITYPE_NAVIGATION_BAR, mFrame=[0,2256][1080,2400], mVisible=true, mInsetsRoundedCornerFrame=false}, InsetsSource: {mType=ITYPE_LEFT_GESTURES, mFrame=[0,0][0,2400], mVisible=true, mInsetsRoundedCornerFrame=false}, InsetsSource: {mType=ITYPE_RIGHT_GESTURES, mFrame=[1080,0][1080,2400], mVisible=true, mInsetsRoundedCornerFrame=false}, InsetsSource: {mType=ITYPE_TOP_MANDATORY_GESTURES, mFrame=[0,0][1080,124], mVisible=true, mInsetsRoundedCornerFrame=false}, InsetsSource: {mType=ITYPE_BOTTOM_MANDATORY_GESTURES, mFrame=[0,2256][1080,2400], mVisible=true, mInsetsRoundedCornerFrame=false}, InsetsSource: {mType=ITYPE_LEFT_DISPLAY_CUTOUT, mFrame=[0,0][-100000,2400], mVisible=true, mInsetsRoundedCornerFrame=false}, InsetsSource: {mType=ITYPE_TOP_DISPLAY_CUTOUT, mFrame=[0,0][1080,88], mVisible=true, mInsetsRoundedCornerFrame=false}, InsetsSource: {mType=ITYPE_RIGHT_DISPLAY_CUTOUT, mFrame=[100000,0][1080,2400], mVisible=true, mInsetsRoundedCornerFrame=false}, InsetsSource: {mType=ITYPE_BOTTOM_DISPLAY_CUTOUT, mFrame=[0,100000][1080,2400], mVisible=true, mInsetsRoundedCornerFrame=false}, InsetsSource: {mType=ITYPE_TOP_TAPPABLE_ELEMENT, mFrame=[0,0][1080,88], mVisible=true, mInsetsRoundedCornerFrame=false}, InsetsSource: {mType=ITYPE_BOTTOM_TAPPABLE_ELEMENT, mFrame=[0,2256][1080,2400], mVisible=true, mInsetsRoundedCornerFrame=false} } host=PopupWindow:1092feb from=android.view.ViewRootImpl.setView:1732
04-06 17:18:59.507 24832 24832 I ViewRootImpl@8453148[PopupWindow:1092feb]: setView = android.widget.PopupWindow$PopupDecorView@e2019f4 TM=false
04-06 17:18:59.509 24832 24884 D NativeCustomFrequencyManager: [NativeCFMS] BpCustomFrequencyManager::BpCustomFrequencyManager()
04-06 17:18:59.513 24832 24832 D InsetsController: onStateChanged: InsetsState: {mDisplayFrame=Rect(0, 0 - 1080, 2400), mDisplayCutout=DisplayCutout{insets=Rect(0, 88 - 0, 0) waterfall=Insets{left=0, top=0, right=0, bottom=0} boundingRect={Bounds=[Rect(0, 0 - 0, 0), Rect(512, 0 - 568, 88), Rect(0, 0 - 0, 0), Rect(0, 0 - 0, 0)]} cutoutPathParserInfo={CutoutPathParserInfo{displayWidth=1080 displayHeight=2400 physicalDisplayWidth=1080 physicalDisplayHeight=2400 density={3.0} cutoutSpec={M 0,0 M 0,10.71963616907435 a 9.280363830925644,9.280363830925644 0 1,0 0,18.56072766185129 a 9.280363830925644,9.280363830925644 0 1,0 0,-18.56072766185129 Z @dp} rotation={0} scale={1.0} physicalPixelDisplaySizeRatio={1.0}}}}, mRoundedCorners=RoundedCorners{[RoundedCorner{position=TopLeft, radius=96, center=Point(96, 96)}, RoundedCorner{position=TopRight, radius=96, center=Point(984, 96)}, RoundedCorner{position=BottomRight, radius=96, center=Point(984, 2304)}, RoundedCorner{position=BottomLeft, radius=96, center=Point(96, 2304)}]}  mRoundedCornerFrame=Rect(0, 0 - 1080, 2400), mPrivacyIndicatorBounds=PrivacyIndicatorBounds {static bounds=Rect(948, 0 - 1080, 88) rotation=0}, mSources= { InsetsSource: {mType=ITYPE_STATUS_BAR, mFrame=[0,0][1080,88], mVisible=true, mInsetsRoundedCornerFrame=false}, InsetsSource: {mType=ITYPE_NAVIGATION_BAR, mFrame=[0,2256][1080,2400], mVisible=true, mInsetsRoundedCornerFrame=false}, InsetsSource: {mType=ITYPE_LEFT_GESTURES, mFrame=[0,0][0,2400], mVisible=true, mInsetsRoundedCornerFrame=false}, InsetsSource: {mType=ITYPE_RIGHT_GESTURES, mFrame=[1080,0][1080,2400], mVisible=true, mInsetsRoundedCornerFrame=false}, InsetsSource: {mType=ITYPE_TOP_MANDATORY_GESTURES, mFrame=[0,0][1080,124], mVisible=true, mInsetsRoundedCornerFrame=false}, InsetsSource: {mType=ITYPE_BOTTOM_MANDATORY_GESTURES, mFrame=[0,2256][1080,2400], mVisible=true, mInsetsRoundedCornerFrame=false}, InsetsSource: {mType=ITYPE_LEFT_DISPLAY_CUTOUT, mFrame=[0,0][-100000,2400], mVisible=true, mInsetsRoundedCornerFrame=false}, InsetsSource: {mType=ITYPE_TOP_DISPLAY_CUTOUT, mFrame=[0,0][1080,88], mVisible=true, mInsetsRoundedCornerFrame=false}, InsetsSource: {mType=ITYPE_RIGHT_DISPLAY_CUTOUT, mFrame=[100000,0][1080,2400], mVisible=true, mInsetsRoundedCornerFrame=false}, InsetsSource: {mType=ITYPE_BOTTOM_DISPLAY_CUTOUT, mFrame=[0,100000][1080,2400], mVisible=true, mInsetsRoundedCornerFrame=false}, InsetsSource: {mType=ITYPE_TOP_TAPPABLE_ELEMENT, mFrame=[0,0][1080,88], mVisible=true, mInsetsRoundedCornerFrame=false}, InsetsSource: {mType=ITYPE_BOTTOM_TAPPABLE_ELEMENT, mFrame=[0,2256][1080,2400], mVisible=true, mInsetsRoundedCornerFrame=false} } host=PopupWindow:30b8392 from=android.view.ViewRootImpl.setView:1732
04-06 17:18:59.516 24832 24832 I ViewRootImpl@2e9b163[PopupWindow:30b8392]: setView = android.widget.PopupWindow$PopupDecorView@93c00bf TM=false
04-06 17:18:59.523 24832 24832 I IMM_LC  : showSoftInput(View,I)
04-06 17:18:59.523 24832 24832 I IMM_LC  : ssi() - flag : 0 view : com.evolucao.app reason = SHOW_SOFT_INPUT
04-06 17:18:59.527 24832 24832 I ViewRootImpl@8453148[PopupWindow:1092feb]: performTraversals params={(231,1866)(90x108) gr=TOP START CENTER sim={state=unchanged adjust=pan} ty=APPLICATION_SUB_PANEL fmt=TRANSLUCENT wanim=0x1030313 surfaceInsets=Rect(0, 0 - 0, 0) (manual)
04-06 17:18:59.527 24832 24832 I ViewRootImpl@8453148[PopupWindow:1092feb]:   fl=41800208
04-06 17:18:59.527 24832 24832 I ViewRootImpl@8453148[PopupWindow:1092feb]:   pfl=2018000
04-06 17:18:59.527 24832 24832 I ViewRootImpl@8453148[PopupWindow:1092feb]:   bhv=DEFAULT
04-06 17:18:59.527 24832 24832 I ViewRootImpl@8453148[PopupWindow:1092feb]:   fitTypes=STATUS_BARS NAVIGATION_BARS CAPTION_BAR naviIconColor=0
04-06 17:18:59.527 24832 24832 I ViewRootImpl@8453148[PopupWindow:1092feb]:   sfl=20000}
04-06 17:18:59.528 24832 24832 I ViewRootImpl@8453148[PopupWindow:1092feb]: performTraversals mFirst=true windowShouldResize=true viewVisibilityChanged=false mForceNextWindowRelayout=false params={(231,1866)(90x108) gr=TOP START CENTER sim={state=unchanged adjust=pan} ty=APPLICATION_SUB_PANEL fmt=TRANSLUCENT wanim=0x1030313 surfaceInsets=Rect(0, 0 - 0, 0) (manual)
04-06 17:18:59.528 24832 24832 I ViewRootImpl@8453148[PopupWindow:1092feb]:   fl=41800208
04-06 17:18:59.528 24832 24832 I ViewRootImpl@8453148[PopupWindow:1092feb]:   pfl=42018000
04-06 17:18:59.528 24832 24832 I ViewRootImpl@8453148[PopupWindow:1092feb]:   bhv=DEFAULT
04-06 17:18:59.528 24832 24832 I ViewRootImpl@8453148[PopupWindow:1092feb]:   fitTypes=STATUS_BARS NAVIGATION_BARS CAPTION_BAR naviIconColor=0
04-06 17:18:59.528 24832 24832 I ViewRootImpl@8453148[PopupWindow:1092feb]:   sfl=20000}
04-06 17:18:59.533 24832 25200 I ViewRootImpl@8453148[PopupWindow:1092feb]: Resizing android.view.ViewRootImpl@24b951d: frame = [231,1866][321,1974] reportDraw = true forceLayout = false syncSeqId = 0
04-06 17:18:59.535 24832 24832 I ViewRootImpl@8453148[PopupWindow:1092feb]: updateBlastSurfaceIfNeeded mBlastBufferQueue=null isSameSurfaceControl=false
04-06 17:18:59.536 24832 24832 I BLASTBufferQueue: new BLASTBufferQueue, mName= ViewRootImpl@8453148[PopupWindow:1092feb] mNativeObject= 0xb400007003bd8480 sc.mNativeObject= 0xb40000700ffdefc0 caller= android.view.ViewRootImpl.updateBlastSurfaceIfNeeded:2909 android.view.ViewRootImpl.relayoutWindow:9847 android.view.ViewRootImpl.performTraversals:3884 android.view.ViewRootImpl.doTraversal:3116 android.view.ViewRootImpl$TraversalRunnable.run:10885 android.view.Choreographer$CallbackRecord.run:1301 android.view.Choreographer$CallbackRecord.run:1309 android.view.Choreographer.doCallbacks:923 android.view.Choreographer.doFrame:852 android.view.Choreographer$FrameDisplayEventReceiver.run:1283 
04-06 17:18:59.536 24832 24832 I BLASTBufferQueue: update, w= 90 h= 108 mName = ViewRootImpl@8453148[PopupWindow:1092feb] mNativeObject= 0xb400007003bd8480 sc.mNativeObject= 0xb40000700ffdefc0 format= -3 caller= android.graphics.BLASTBufferQueue.<init>:84 android.view.ViewRootImpl.updateBlastSurfaceIfNeeded:2909 android.view.ViewRootImpl.relayoutWindow:9847 android.view.ViewRootImpl.performTraversals:3884 android.view.ViewRootImpl.doTraversal:3116 android.view.ViewRootImpl$TraversalRunnable.run:10885 
04-06 17:18:59.536 24832 24832 I ViewRootImpl@8453148[PopupWindow:1092feb]: Relayout returned: old=(231,1866,321,1974) new=(231,1866,321,1974) req=(90,108)0 dur=7 res=0x3 s={true 0xb4000070100b2000} ch=true seqId=0
04-06 17:18:59.537 24832 24832 I ViewRootImpl@8453148[PopupWindow:1092feb]: mThreadedRenderer.initialize() mSurface={isValid=true 0xb4000070100b2000} hwInitialized=true
04-06 17:18:59.538 24832 24884 D OpenGLRenderer: eglCreateWindowSurface
04-06 17:18:59.539 24832 24832 I ViewRootImpl@8453148[PopupWindow:1092feb]: reportNextDraw android.view.ViewRootImpl.performTraversals:4438 android.view.ViewRootImpl.doTraversal:3116 android.view.ViewRootImpl$TraversalRunnable.run:10885 android.view.Choreographer$CallbackRecord.run:1301 android.view.Choreographer$CallbackRecord.run:1309 
04-06 17:18:59.539 24832 24832 I ViewRootImpl@8453148[PopupWindow:1092feb]: Setup new sync id=0
04-06 17:18:59.539 24832 24832 I ViewRootImpl@8453148[PopupWindow:1092feb]: Setting syncFrameCallback
04-06 17:18:59.539 24832 24832 I ViewRootImpl@8453148[PopupWindow:1092feb]: registerCallbacksForSync syncBuffer=false
04-06 17:18:59.541 24832 24907 I ViewRootImpl@8453148[PopupWindow:1092feb]: Received frameDrawingCallback syncResult=0 frameNum=1.
04-06 17:18:59.541 24832 24907 I ViewRootImpl@8453148[PopupWindow:1092feb]: Setting up sync and frameCommitCallback
04-06 17:18:59.549 24832 24884 I BLASTBufferQueue: [ViewRootImpl@8453148[PopupWindow:1092feb]#2](f:0,a:0) onFrameAvailable the first frame is available
04-06 17:18:59.550 24832 24884 I ViewRootImpl@8453148[PopupWindow:1092feb]: Received frameCommittedCallback lastAttemptedDrawFrameNum=1 didProduceBuffer=true
04-06 17:18:59.550 24832 24884 D OpenGLRenderer: CFMS:: SetUp Pid : 24832    Tid : 24884
04-06 17:18:59.551 24832 24884 W Parcel  : Expecting binder but got null!
04-06 17:18:59.552 24832 24832 I ViewRootImpl@8453148[PopupWindow:1092feb]: onSyncComplete
04-06 17:18:59.552 24832 24832 I ViewRootImpl@8453148[PopupWindow:1092feb]: setupSync seqId=0 mSyncId=0 fn=1 caller=android.view.ViewRootImpl$$ExternalSyntheticLambda11.accept:6 android.window.SurfaceSyncer.lambda$setupSync$1$android-window-SurfaceSyncer:128 android.window.SurfaceSyncer$$ExternalSyntheticLambda1.accept:8 android.window.SurfaceSyncer$SyncSet.checkIfSyncIsComplete:382 android.window.SurfaceSyncer$SyncSet.markSyncReady:359 android.window.SurfaceSyncer.markSyncReady:151 android.view.ViewRootImpl.performTraversals:4503 
04-06 17:18:59.553 24832 24832 I ViewRootImpl@2e9b163[PopupWindow:30b8392]: performTraversals params={(231,1772)(90x94) gr=TOP START CENTER sim={state=unchanged adjust=pan} ty=APPLICATION_SUB_PANEL fmt=TRANSLUCENT wanim=0x1030313 surfaceInsets=Rect(0, 0 - 0, 0) (manual)
04-06 17:18:59.553 24832 24832 I ViewRootImpl@2e9b163[PopupWindow:30b8392]:   fl=41800218
04-06 17:18:59.553 24832 24832 I ViewRootImpl@2e9b163[PopupWindow:30b8392]:   pfl=2018000
04-06 17:18:59.553 24832 24832 I ViewRootImpl@2e9b163[PopupWindow:30b8392]:   bhv=DEFAULT
04-06 17:18:59.553 24832 24832 I ViewRootImpl@2e9b163[PopupWindow:30b8392]:   fitTypes=STATUS_BARS NAVIGATION_BARS CAPTION_BAR naviIconColor=0
04-06 17:18:59.553 24832 24832 I ViewRootImpl@2e9b163[PopupWindow:30b8392]:   sfl=20000}
04-06 17:18:59.554 24832 24832 I ViewRootImpl@2e9b163[PopupWindow:30b8392]: performTraversals mFirst=true windowShouldResize=true viewVisibilityChanged=false mForceNextWindowRelayout=false params={(231,1772)(90x94) gr=TOP START CENTER sim={state=unchanged adjust=pan} ty=APPLICATION_SUB_PANEL fmt=TRANSLUCENT wanim=0x1030313 surfaceInsets=Rect(0, 0 - 0, 0) (manual)
04-06 17:18:59.554 24832 24832 I ViewRootImpl@2e9b163[PopupWindow:30b8392]:   fl=41800218
04-06 17:18:59.554 24832 24832 I ViewRootImpl@2e9b163[PopupWindow:30b8392]:   pfl=42018000
04-06 17:18:59.554 24832 24832 I ViewRootImpl@2e9b163[PopupWindow:30b8392]:   bhv=DEFAULT
04-06 17:18:59.554 24832 24832 I ViewRootImpl@2e9b163[PopupWindow:30b8392]:   fitTypes=STATUS_BARS NAVIGATION_BARS CAPTION_BAR naviIconColor=0
04-06 17:18:59.554 24832 24832 I ViewRootImpl@2e9b163[PopupWindow:30b8392]:   sfl=20000}
04-06 17:18:59.559 24832 25200 I ViewRootImpl@2e9b163[PopupWindow:30b8392]: Resizing android.view.ViewRootImpl@980b38c: frame = [231,1772][321,1866] reportDraw = true forceLayout = false syncSeqId = 0
04-06 17:18:59.560 24832 24832 I ViewRootImpl@2e9b163[PopupWindow:30b8392]: updateBlastSurfaceIfNeeded mBlastBufferQueue=null isSameSurfaceControl=false
04-06 17:18:59.561 24832 24832 I BLASTBufferQueue: new BLASTBufferQueue, mName= ViewRootImpl@2e9b163[PopupWindow:30b8392] mNativeObject= 0xb400007003bd8800 sc.mNativeObject= 0xb400007010072220 caller= android.view.ViewRootImpl.updateBlastSurfaceIfNeeded:2909 android.view.ViewRootImpl.relayoutWindow:9847 android.view.ViewRootImpl.performTraversals:3884 android.view.ViewRootImpl.doTraversal:3116 android.view.ViewRootImpl$TraversalRunnable.run:10885 android.view.Choreographer$CallbackRecord.run:1301 android.view.Choreographer$CallbackRecord.run:1309 android.view.Choreographer.doCallbacks:923 android.view.Choreographer.doFrame:852 android.view.Choreographer$FrameDisplayEventReceiver.run:1283 
04-06 17:18:59.561 24832 24832 I BLASTBufferQueue: update, w= 90 h= 94 mName = ViewRootImpl@2e9b163[PopupWindow:30b8392] mNativeObject= 0xb400007003bd8800 sc.mNativeObject= 0xb400007010072220 format= -3 caller= android.graphics.BLASTBufferQueue.<init>:84 android.view.ViewRootImpl.updateBlastSurfaceIfNeeded:2909 android.view.ViewRootImpl.relayoutWindow:9847 android.view.ViewRootImpl.performTraversals:3884 android.view.ViewRootImpl.doTraversal:3116 android.view.ViewRootImpl$TraversalRunnable.run:10885 
04-06 17:18:59.562 24832 24832 I ViewRootImpl@2e9b163[PopupWindow:30b8392]: Relayout returned: old=(231,1772,321,1866) new=(231,1772,321,1866) req=(90,94)0 dur=6 res=0x3 s={true 0xb4000070100b4800} ch=true seqId=0
04-06 17:18:59.563 24832 24832 I ViewRootImpl@2e9b163[PopupWindow:30b8392]: mThreadedRenderer.initialize() mSurface={isValid=true 0xb4000070100b4800} hwInitialized=true
04-06 17:18:59.563 24832 24884 D OpenGLRenderer: eglCreateWindowSurface
04-06 17:18:59.564 24832 24832 I ViewRootImpl@2e9b163[PopupWindow:30b8392]: reportNextDraw android.view.ViewRootImpl.performTraversals:4438 android.view.ViewRootImpl.doTraversal:3116 android.view.ViewRootImpl$TraversalRunnable.run:10885 android.view.Choreographer$CallbackRecord.run:1301 android.view.Choreographer$CallbackRecord.run:1309 
04-06 17:18:59.564 24832 24832 I ViewRootImpl@2e9b163[PopupWindow:30b8392]: Setup new sync id=0
04-06 17:18:59.564 24832 24832 I ViewRootImpl@2e9b163[PopupWindow:30b8392]: Setting syncFrameCallback
04-06 17:18:59.564 24832 24832 I ViewRootImpl@2e9b163[PopupWindow:30b8392]: registerCallbacksForSync syncBuffer=false
04-06 17:18:59.565 24832 24908 I ViewRootImpl@2e9b163[PopupWindow:30b8392]: Received frameDrawingCallback syncResult=0 frameNum=1.
04-06 17:18:59.565 24832 24908 I ViewRootImpl@2e9b163[PopupWindow:30b8392]: Setting up sync and frameCommitCallback
04-06 17:18:59.566 24832 24884 I BLASTBufferQueue: [ViewRootImpl@2e9b163[PopupWindow:30b8392]#3](f:0,a:0) onFrameAvailable the first frame is available
04-06 17:18:59.566 24832 24884 I ViewRootImpl@2e9b163[PopupWindow:30b8392]: Received frameCommittedCallback lastAttemptedDrawFrameNum=1 didProduceBuffer=true
04-06 17:18:59.566 24832 24884 D OpenGLRenderer: CFMS:: SetUp Pid : 24832    Tid : 24884
04-06 17:18:59.566 24832 24884 W Parcel  : Expecting binder but got null!
04-06 17:18:59.567 24832 24832 I ViewRootImpl@2e9b163[PopupWindow:30b8392]: onSyncComplete
04-06 17:18:59.567 24832 24832 I ViewRootImpl@2e9b163[PopupWindow:30b8392]: setupSync seqId=0 mSyncId=0 fn=1 caller=android.view.ViewRootImpl$$ExternalSyntheticLambda11.accept:6 android.window.SurfaceSyncer.lambda$setupSync$1$android-window-SurfaceSyncer:128 android.window.SurfaceSyncer$$ExternalSyntheticLambda1.accept:8 android.window.SurfaceSyncer$SyncSet.checkIfSyncIsComplete:382 android.window.SurfaceSyncer$SyncSet.markSyncReady:359 android.window.SurfaceSyncer.markSyncReady:151 android.view.ViewRootImpl.performTraversals:4503 
04-06 17:18:59.567 24832 24832 I ViewRootImpl@2e9b163[PopupWindow:30b8392]: reportDrawFinished seqId=0 mSyncId=-1 fn=1 mSurfaceChangedTransaction=0xb400007003ff9800
04-06 17:18:59.568 24832 24832 I ViewRootImpl@8453148[PopupWindow:1092feb]: reportDrawFinished seqId=0 mSyncId=-1 fn=1 mSurfaceChangedTransaction=0xb400007004526200
04-06 17:18:59.571 24832 24832 I ViewRootImpl@8453148[PopupWindow:1092feb]: handleResized, msg = 5 frames=ClientWindowFrames{frame=[231,1866][321,1974] display=[-100000,-100000][100000,100000] parentFrame=[0,0][0,0] parentClippedByDisplayCutout=false} forceNextWindowRelayout=false displayId=0 resizeMode=-1 frameChanged=false displayFrameChanged=false configChanged=false displayChanged=false
04-06 17:18:59.571 24832 24832 I ViewRootImpl@8453148[PopupWindow:1092feb]: handleResized mSyncSeqId = 0
04-06 17:18:59.571 24832 24832 I ViewRootImpl@8453148[PopupWindow:1092feb]: reportNextDraw android.view.ViewRootImpl.handleResized:2450 android.view.ViewRootImpl.-$$Nest$mhandleResized:0 android.view.ViewRootImpl$ViewRootHandler.handleMessageImpl:6728 android.view.ViewRootImpl$ViewRootHandler.handleMessage:6697 android.os.Handler.dispatchMessage:106 
04-06 17:18:59.571 24832 24832 I ViewRootImpl@2e9b163[PopupWindow:30b8392]: handleResized, msg = 5 frames=ClientWindowFrames{frame=[231,1772][321,1866] display=[-100000,-100000][100000,100000] parentFrame=[0,0][0,0] parentClippedByDisplayCutout=false} forceNextWindowRelayout=false displayId=0 resizeMode=-1 frameChanged=false displayFrameChanged=false configChanged=false displayChanged=false
04-06 17:18:59.571 24832 24832 I ViewRootImpl@2e9b163[PopupWindow:30b8392]: handleResized mSyncSeqId = 0
04-06 17:18:59.572 24832 24832 I ViewRootImpl@2e9b163[PopupWindow:30b8392]: reportNextDraw android.view.ViewRootImpl.handleResized:2450 android.view.ViewRootImpl.-$$Nest$mhandleResized:0 android.view.ViewRootImpl$ViewRootHandler.handleMessageImpl:6728 android.view.ViewRootImpl$ViewRootHandler.handleMessage:6697 android.os.Handler.dispatchMessage:106 
04-06 17:18:59.575 24832 24832 I ViewRootImpl@8453148[PopupWindow:1092feb]: Setup new sync id=1
04-06 17:18:59.575 24832 24832 I ViewRootImpl@8453148[PopupWindow:1092feb]: Setting syncFrameCallback
04-06 17:18:59.575 24832 24832 I ViewRootImpl@8453148[PopupWindow:1092feb]: registerCallbacksForSync syncBuffer=false
04-06 17:18:59.579 24832 24907 I ViewRootImpl@8453148[PopupWindow:1092feb]: Received frameDrawingCallback syncResult=0 frameNum=3.
04-06 17:18:59.579 24832 24907 I ViewRootImpl@8453148[PopupWindow:1092feb]: Setting up sync and frameCommitCallback
04-06 17:18:59.580 24832 24884 I ViewRootImpl@8453148[PopupWindow:1092feb]: Received frameCommittedCallback lastAttemptedDrawFrameNum=3 didProduceBuffer=true
04-06 17:18:59.581 24832 24832 I ViewRootImpl@8453148[PopupWindow:1092feb]: onSyncComplete
04-06 17:18:59.581 24832 24832 I ViewRootImpl@8453148[PopupWindow:1092feb]: setupSync seqId=0 mSyncId=1 fn=3 caller=android.view.ViewRootImpl$$ExternalSyntheticLambda11.accept:6 android.window.SurfaceSyncer.lambda$setupSync$1$android-window-SurfaceSyncer:128 android.window.SurfaceSyncer$$ExternalSyntheticLambda1.accept:8 android.window.SurfaceSyncer$SyncSet.checkIfSyncIsComplete:382 android.window.SurfaceSyncer$SyncSet.markSyncReady:359 android.window.SurfaceSyncer.markSyncReady:151 android.view.ViewRootImpl.performTraversals:4503 
04-06 17:18:59.581 24832 24832 I ViewRootImpl@2e9b163[PopupWindow:30b8392]: Setup new sync id=1
04-06 17:18:59.582 24832 24832 I ViewRootImpl@2e9b163[PopupWindow:30b8392]: Setting syncFrameCallback
04-06 17:18:59.582 24832 24832 I ViewRootImpl@2e9b163[PopupWindow:30b8392]: registerCallbacksForSync syncBuffer=false
04-06 17:18:59.582 24832 24908 I ViewRootImpl@2e9b163[PopupWindow:30b8392]: Received frameDrawingCallback syncResult=0 frameNum=2.
04-06 17:18:59.582 24832 24908 I ViewRootImpl@2e9b163[PopupWindow:30b8392]: Setting up sync and frameCommitCallback
04-06 17:18:59.583 24832 24884 I ViewRootImpl@2e9b163[PopupWindow:30b8392]: Received frameCommittedCallback lastAttemptedDrawFrameNum=2 didProduceBuffer=true
04-06 17:18:59.583 24832 24832 I ViewRootImpl@2e9b163[PopupWindow:30b8392]: onSyncComplete
04-06 17:18:59.584 24832 24832 I ViewRootImpl@2e9b163[PopupWindow:30b8392]: setupSync seqId=0 mSyncId=1 fn=2 caller=android.view.ViewRootImpl$$ExternalSyntheticLambda11.accept:6 android.window.SurfaceSyncer.lambda$setupSync$1$android-window-SurfaceSyncer:128 android.window.SurfaceSyncer$$ExternalSyntheticLambda1.accept:8 android.window.SurfaceSyncer$SyncSet.checkIfSyncIsComplete:382 android.window.SurfaceSyncer$SyncSet.markSyncReady:359 android.window.SurfaceSyncer.markSyncReady:151 android.view.ViewRootImpl.performTraversals:4503 
04-06 17:18:59.584 24832 24832 I ViewRootImpl@2e9b163[PopupWindow:30b8392]: reportDrawFinished seqId=0 mSyncId=-1 fn=2 mSurfaceChangedTransaction=0xb400007003ff9800
04-06 17:18:59.584 24832 24832 I ViewRootImpl@8453148[PopupWindow:1092feb]: reportDrawFinished seqId=0 mSyncId=-1 fn=3 mSurfaceChangedTransaction=0xb400007004526200
04-06 17:18:59.616 24832 24832 W OnBackInvokedCallback: OnBackInvokedCallback is not enabled for the application.
04-06 17:18:59.616 24832 24832 W OnBackInvokedCallback: Set 'android:enableOnBackInvokedCallback="true"' in the application manifest.
04-06 17:18:59.637 24832 25203 I ViewRootImpl@8453148[PopupWindow:1092feb]: Resizing android.view.ViewRootImpl@24b951d: frame = [231,1866][321,1974] reportDraw = false forceLayout = false syncSeqId = 0
04-06 17:18:59.637 24832 24832 I ViewRootImpl@8453148[PopupWindow:1092feb]: handleResized, msg = 4 frames=ClientWindowFrames{frame=[231,1866][321,1974] display=[-100000,-100000][100000,100000] parentFrame=[0,0][0,0] parentClippedByDisplayCutout=false} forceNextWindowRelayout=false displayId=0 resizeMode=-1 frameChanged=false displayFrameChanged=false configChanged=false displayChanged=false
04-06 17:18:59.638 24832 25200 I ViewRootImpl@2e9b163[PopupWindow:30b8392]: Resizing android.view.ViewRootImpl@980b38c: frame = [231,1772][321,1866] reportDraw = false forceLayout = false syncSeqId = 0
04-06 17:18:59.638 24832 24832 I ViewRootImpl@2e9b163[PopupWindow:30b8392]: handleResized, msg = 4 frames=ClientWindowFrames{frame=[231,1772][321,1866] display=[-100000,-100000][100000,100000] parentFrame=[0,0][0,0] parentClippedByDisplayCutout=false} forceNextWindowRelayout=false displayId=0 resizeMode=-1 frameChanged=false displayFrameChanged=false configChanged=false displayChanged=false
04-06 17:18:59.638 24832 24847 I ViewRootImpl@ac0a76d[MainActivity]: Resizing android.view.ViewRootImpl@73623ee: frame = [0,0][1080,2400] reportDraw = false forceLayout = false syncSeqId = 0
