04-06 02:33:03.735 22327 22327 I ViewRootImpl@73623ee[MainActivity]: ViewPostIme key 1
04-06 02:33:03.740 22327 22327 I ViewRootImpl@73623ee[MainActivity]: ViewPostIme key 0
04-06 02:33:03.753 22327 22327 I ViewRootImpl@73623ee[MainActivity]: ViewPostIme key 1
04-06 02:33:03.755 22327 22408 I DetoxWSClient: Sending out action 'invokeResult' (ID #10)
04-06 02:33:03.755 22327 22408 I DetoxDispatcher: Done with action 'invoke'
04-06 02:33:03.759 22327 22413 D DetoxWSClient: Received action 'invoke' (ID #11, params={"target":{"type":"Class","value":"com.wix.detox.espresso.DetoxAssertion"},"method":"assertMatcher","args":[{"type":"Invocation","value":{"target":{"type":"Class","value":"androidx.test.espresso.Espresso"},"method":"onView","args":[{"type":"Invocation","value":{"target":{"type":"Class","value":"com.wix.detox.espresso.DetoxMatcher"},"method":"matcherForTestId","args":["input-peso-meta",{"type":"boolean","value":false}]}}]}},{"type":"Invocation","value":{"target":{"type":"Class","value":"com.wix.detox.espresso.DetoxMatcher"},"method":"matcherForText","args":["75",{"type":"boolean","value":false}]}}]})
04-06 02:33:03.759 22327 22408 I DetoxDispatcher: Handling action 'invoke' (ID #11)...
04-06 02:33:03.760 22327 22408 D Detox   : class com.wix.detox.espresso.DetoxMatcher, matcherForTestId, [input-peso-meta, false]
04-06 02:33:03.760 22327 22408 D Detox   : class androidx.test.espresso.Espresso, onView, [(view.getTag() is "input-peso-meta" and view has effective visibility <VISIBLE>)]
04-06 02:33:03.761 22327 22408 D Detox   : class com.wix.detox.espresso.DetoxMatcher, matcherForText, [75, false]
04-06 02:33:03.761 22327 22408 D Detox   : class com.wix.detox.espresso.DetoxAssertion, assertMatcher, [androidx.test.espresso.ViewInteraction@5abc859, (an instance of android.widget.TextView and view.getText() with or without transformation to match: is "75" and view has effective visibility <VISIBLE>)]
04-06 02:33:03.764 22327 22327 I ViewInteraction: Checking 'MatchesViewAssertion(Detox){viewMatcher=(an instance of android.widget.TextView and view.getText() with or without transformation to match: is "75" and view has effective visibility <VISIBLE>)}' assertion on view (view.getTag() is "input-peso-meta" and view has effective visibility <VISIBLE>)
04-06 02:33:03.768 22327 22408 I DetoxWSClient: Sending out action 'invokeResult' (ID #11)
04-06 02:33:03.768 22327 22408 I DetoxDispatcher: Done with action 'invoke'
04-06 02:33:03.771 22327 22413 D DetoxWSClient: Received action 'invoke' (ID #12, params={"target":{"type":"Class","value":"com.wix.detox.espresso.EspressoDetox"},"method":"perform","args":[{"type":"Invocation","value":{"target":{"type":"Class","value":"com.wix.detox.espresso.DetoxMatcher"},"method":"matcherForTestId","args":["input-altura",{"type":"boolean","value":false}]}},{"type":"Invocation","value":{"target":{"type":"Class","value":"com.wix.detox.espresso.DetoxViewActions"},"method":"click","args":[]}}]})
04-06 02:33:03.772 22327 22408 I DetoxDispatcher: Handling action 'invoke' (ID #12)...
04-06 02:33:03.772 22327 22408 D Detox   : class com.wix.detox.espresso.DetoxMatcher, matcherForTestId, [input-altura, false]
04-06 02:33:03.772 22327 22408 D Detox   : class com.wix.detox.espresso.DetoxViewActions, click, []
04-06 02:33:03.773 22327 22408 D Detox   : class com.wix.detox.espresso.EspressoDetox, perform, [(view.getTag() is "input-altura" and view has effective visibility <VISIBLE>), com.wix.detox.espresso.action.RNClickAction@f479115]
04-06 02:33:03.774 22327 22327 I ViewInteraction: Performing 'com.wix.detox.espresso.action.detoxsingletap@aeb5c2a click' action on view (view.getTag() is "input-altura" and view has effective visibility <VISIBLE>)
04-06 02:33:03.813 22327 22427 D OpenGLRenderer: setSurface called with nullptr
04-06 02:33:03.813 22327 22427 D OpenGLRenderer: setSurface() destroyed EGLSurface
04-06 02:33:03.813 22327 22427 D OpenGLRenderer: destroyEglSurface
04-06 02:33:03.814 22327 22327 I ViewRootImpl@255cd1a[PopupWindow:f626fc5]: dispatchDetachedFromWindow
04-06 02:33:03.820 22327 22327 D InputTransport: Input channel destroyed: '8ff6542', fd=206
04-06 02:33:03.821 22327 22427 D OpenGLRenderer: setSurface called with nullptr
04-06 02:33:03.821 22327 22427 D OpenGLRenderer: setSurface() destroyed EGLSurface
04-06 02:33:03.821 22327 22427 D OpenGLRenderer: destroyEglSurface
04-06 02:33:03.821 22327 22327 I ViewRootImpl@3bd27d[PopupWindow:9f70d4]: dispatchDetachedFromWindow
04-06 02:33:03.826 22327 22327 D InputTransport: Input channel destroyed: 'e22938e', fd=213
04-06 02:33:03.828 22327 22327 I ViewRootImpl@73623ee[MainActivity]: ViewPostIme key 0
04-06 02:33:03.834 22327 22327 I ViewRootImpl@73623ee[MainActivity]: ViewPostIme key 1
04-06 02:33:03.980 22327 22427 D OpenGLRenderer: setSurface called with nullptr
04-06 02:33:03.980 22327 22427 D OpenGLRenderer: setSurface() destroyed EGLSurface
04-06 02:33:03.980 22327 22427 D OpenGLRenderer: destroyEglSurface
04-06 02:33:03.981 22327 22327 I ViewRootImpl@59b07c2[PopupWindow:9f2cc0d]: dispatchDetachedFromWindow
04-06 02:33:03.989 22327 22327 D InputTransport: Input channel destroyed: '812c3b6', fd=159
04-06 02:33:04.216 22327 22408 I DetoxWSClient: Sending out action 'invokeResult' (ID #12)
04-06 02:33:04.216 22327 22408 I DetoxDispatcher: Done with action 'invoke'
04-06 02:33:04.221 22327 22413 D DetoxWSClient: Received action 'invoke' (ID #13, params={"target":{"type":"Class","value":"com.wix.detox.espresso.EspressoDetox"},"method":"perform","args":[{"type":"Invocation","value":{"target":{"type":"Class","value":"com.wix.detox.espresso.DetoxMatcher"},"method":"matcherForTestId","args":["input-altura",{"type":"boolean","value":false}]}},{"type":"Invocation","value":{"target":{"type":"Class","value":"androidx.test.espresso.action.ViewActions"},"method":"clearText","args":[]}}]})
04-06 02:33:04.222 22327 22408 I DetoxDispatcher: Handling action 'invoke' (ID #13)...
04-06 02:33:04.223 22327 22408 D Detox   : class com.wix.detox.espresso.DetoxMatcher, matcherForTestId, [input-altura, false]
04-06 02:33:04.224 22327 22408 D Detox   : class androidx.test.espresso.action.ViewActions, clearText, []
04-06 02:33:04.224 22327 22408 D Detox   : class com.wix.detox.espresso.EspressoDetox, perform, [(view.getTag() is "input-altura" and view has effective visibility <VISIBLE>), androidx.test.espresso.action.ReplaceTextAction@a18dc30]
04-06 02:33:04.228 22327 22327 I ViewInteraction: Performing 'replace text()' action on view (view.getTag() is "input-altura" and view has effective visibility <VISIBLE>)
04-06 02:33:04.238 22327 22408 I DetoxWSClient: Sending out action 'invokeResult' (ID #13)
04-06 02:33:04.238 22327 22408 I DetoxDispatcher: Done with action 'invoke'
04-06 02:33:04.246 22327 22413 D DetoxWSClient: Received action 'invoke' (ID #14, params={"target":{"type":"Class","value":"com.wix.detox.espresso.EspressoDetox"},"method":"perform","args":[{"type":"Invocation","value":{"target":{"type":"Class","value":"com.wix.detox.espresso.DetoxMatcher"},"method":"matcherForTestId","args":["input-altura",{"type":"boolean","value":false}]}},{"type":"Invocation","value":{"target":{"type":"Class","value":"com.wix.detox.espresso.DetoxViewActions"},"method":"typeText","args":["175"]}}]})
04-06 02:33:04.247 22327 22408 I DetoxDispatcher: Handling action 'invoke' (ID #14)...
04-06 02:33:04.247 22327 22408 D Detox   : class com.wix.detox.espresso.DetoxMatcher, matcherForTestId, [input-altura, false]
04-06 02:33:04.248 22327 22408 D Detox   : class com.wix.detox.espresso.DetoxViewActions, typeText, [175]
04-06 02:33:04.248 22327 22408 D Detox   : class com.wix.detox.espresso.EspressoDetox, perform, [(view.getTag() is "input-altura" and view has effective visibility <VISIBLE>), com.wix.detox.espresso.action.DetoxTypeTextAction@e41ed06]
04-06 02:33:04.250 22327 22327 I ViewInteraction: Performing 'Click to focus & type text (175)' action on view (view.getTag() is "input-altura" and view has effective visibility <VISIBLE>)
04-06 02:33:04.288 22327 22327 I ViewRootImpl@73623ee[MainActivity]: ViewPostIme key 0
04-06 02:33:04.293 22327 22327 I ViewRootImpl@73623ee[MainActivity]: ViewPostIme key 1
04-06 02:33:04.666 22327 22327 D UiControllerImpl: Injecting string: "175"
04-06 02:33:04.670 22327 22327 I ViewRootImpl@73623ee[MainActivity]: ViewPostIme key 0
04-06 02:33:04.700 22327 22327 I ViewRootImpl@73623ee[MainActivity]: ViewPostIme key 1
04-06 02:33:04.712 22327 22327 I ViewRootImpl@73623ee[MainActivity]: ViewPostIme key 0
04-06 02:33:04.732 22327 22327 I ViewRootImpl@73623ee[MainActivity]: ViewPostIme key 1
04-06 02:33:04.738 22327 22327 I ViewRootImpl@73623ee[MainActivity]: ViewPostIme key 0
04-06 02:33:04.764 22327 22327 I ViewRootImpl@73623ee[MainActivity]: ViewPostIme key 1
04-06 02:33:04.766 22327 22408 I DetoxWSClient: Sending out action 'invokeResult' (ID #14)
04-06 02:33:04.766 22327 22408 I DetoxDispatcher: Done with action 'invoke'
04-06 02:33:04.772 22327 22413 D DetoxWSClient: Received action 'invoke' (ID #15, params={"target":{"type":"Class","value":"com.wix.detox.espresso.DetoxAssertion"},"method":"assertMatcher","args":[{"type":"Invocation","value":{"target":{"type":"Class","value":"androidx.test.espresso.Espresso"},"method":"onView","args":[{"type":"Invocation","value":{"target":{"type":"Class","value":"com.wix.detox.espresso.DetoxMatcher"},"method":"matcherForTestId","args":["input-altura",{"type":"boolean","value":false}]}}]}},{"type":"Invocation","value":{"target":{"type":"Class","value":"com.wix.detox.espresso.DetoxMatcher"},"method":"matcherForText","args":["175",{"type":"boolean","value":false}]}}]})
04-06 02:33:04.772 22327 22408 I DetoxDispatcher: Handling action 'invoke' (ID #15)...
04-06 02:33:04.773 22327 22408 D Detox   : class com.wix.detox.espresso.DetoxMatcher, matcherForTestId, [input-altura, false]
04-06 02:33:04.773 22327 22408 D Detox   : class androidx.test.espresso.Espresso, onView, [(view.getTag() is "input-altura" and view has effective visibility <VISIBLE>)]
04-06 02:33:04.774 22327 22408 D Detox   : class com.wix.detox.espresso.DetoxMatcher, matcherForText, [175, false]
04-06 02:33:04.774 22327 22408 D Detox   : class com.wix.detox.espresso.DetoxAssertion, assertMatcher, [androidx.test.espresso.ViewInteraction@f0db6dd, (an instance of android.widget.TextView and view.getText() with or without transformation to match: is "175" and view has effective visibility <VISIBLE>)]
04-06 02:33:04.778 22327 22327 I ViewInteraction: Checking 'MatchesViewAssertion(Detox){viewMatcher=(an instance of android.widget.TextView and view.getText() with or without transformation to match: is "175" and view has effective visibility <VISIBLE>)}' assertion on view (view.getTag() is "input-altura" and view has effective visibility <VISIBLE>)
04-06 02:33:04.800 22327 22408 I DetoxActionHandlers: Test exception
04-06 02:33:04.800 22327 22408 I DetoxActionHandlers: java.lang.reflect.InvocationTargetException
04-06 02:33:04.800 22327 22408 I DetoxActionHandlers: 	at java.lang.reflect.Method.invoke(Native Method)
04-06 02:33:04.800 22327 22408 I DetoxActionHandlers: 	at org.apache.commons.lang3.reflect.MethodUtils.invokeStaticMethod(MethodUtils.java:443)
04-06 02:33:04.800 22327 22408 I DetoxActionHandlers: 	at org.apache.commons.lang3.reflect.MethodUtils.invokeStaticMethod(MethodUtils.java:405)
04-06 02:33:04.800 22327 22408 I DetoxActionHandlers: 	at com.wix.invoke.types.ClassTarget.execute(ClassTarget.java:23)
04-06 02:33:04.800 22327 22408 I DetoxActionHandlers: 	at com.wix.invoke.types.Target.invoke(Target.java:59)
04-06 02:33:04.800 22327 22408 I DetoxActionHandlers: 	at com.wix.invoke.MethodInvocation.invoke(MethodInvocation.java:35)
04-06 02:33:04.800 22327 22408 I DetoxActionHandlers: 	at com.wix.invoke.MethodInvocation.invoke(MethodInvocation.java:26)
04-06 02:33:04.800 22327 22408 I DetoxActionHandlers: 	at com.wix.invoke.MethodInvocation.invoke(MethodInvocation.java:20)
04-06 02:33:04.800 22327 22408 I DetoxActionHandlers: 	at com.wix.detox.adapters.server.InvokeActionHandler.handle(DetoxActionHandlers.kt:54)
04-06 02:33:04.800 22327 22408 I DetoxActionHandlers: 	at com.wix.detox.adapters.server.ActionsExecutor.executeAction$lambda$2$lambda$1(DetoxActionsDispatcher.kt:76)
04-06 02:33:04.800 22327 22408 I DetoxActionHandlers: 	at com.wix.detox.adapters.server.ActionsExecutor.$r8$lambda$GVbB7LHtBHxNHGbgYnHJ6YrwCqs(Unknown Source:0)
04-06 02:33:04.800 22327 22408 I DetoxActionHandlers: 	at com.wix.detox.adapters.server.ActionsExecutor$$ExternalSyntheticLambda0.run(D8$$SyntheticClass:0)
04-06 02:33:04.800 22327 22408 I DetoxActionHandlers: 	at android.os.Handler.handleCallback(Handler.java:942)
04-06 02:33:04.800 22327 22408 I DetoxActionHandlers: 	at android.os.Handler.dispatchMessage(Handler.java:99)
04-06 02:33:04.800 22327 22408 I DetoxActionHandlers: 	at android.os.Looper.loopOnce(Looper.java:226)
04-06 02:33:04.800 22327 22408 I DetoxActionHandlers: 	at android.os.Looper.loop(Looper.java:313)
04-06 02:33:04.800 22327 22408 I DetoxActionHandlers: 	at com.wix.detox.adapters.server.ActionsExecutor._init_$lambda$0(DetoxActionsDispatcher.kt:62)
04-06 02:33:04.800 22327 22408 I DetoxActionHandlers: 	at com.wix.detox.adapters.server.ActionsExecutor.$r8$lambda$xlgL0CQim6vNM0wWEqM8JIDgZUE(Unknown Source:0)
04-06 02:33:04.800 22327 22408 I DetoxActionHandlers: 	at com.wix.detox.adapters.server.ActionsExecutor$$ExternalSyntheticLambda1.run(D8$$SyntheticClass:0)
04-06 02:33:04.800 22327 22408 I DetoxActionHandlers: 	at java.lang.Thread.run(Thread.java:1012)
04-06 02:33:04.800 22327 22408 I DetoxActionHandlers: Caused by: junit.framework.AssertionFailedError: '(an instance of android.widget.TextView and view.getText() with or without transformation to match: is "175" and view has effective visibility <VISIBLE>)' doesn't match the selected view.
04-06 02:33:04.800 22327 22408 I DetoxActionHandlers: Expected: (an instance of android.widget.TextView and view.getText() with or without transformation to match: is "175" and view has effective visibility <VISIBLE>)
04-06 02:33:04.800 22327 22408 I DetoxActionHandlers:      Got: an instance of android.widget.TextView and view.getText() with or without transformation to match: is "175" view.getText() was "" transformed text was ""
04-06 02:33:04.800 22327 22408 I DetoxActionHandlers: View Details: ReactEditText{id=210, visibility=VISIBLE, width=960, height=139, has-focus=false, has-focusable=true, has-window-focus=true, is-clickable=true, is-enabled=true, is-focused=false, is-focusable=true, is-layout-requested=false, is-selected=false, layout-params=android.view.ViewGroup$LayoutParams@YYYYYY, tag=input-altura, root-is-layout-requested=false, has-input-connection=true, editor-info=[inputType=0x4002 imeOptions=0x4000006 privateImeOptions=null actionLabel=null actionId=0 initialSelStart=0 initialSelEnd=0 initialCapsMode=0x2000 hintText=Ex: 175 label=null packageName=null autofillId=null fieldId=0 fieldName=null extras=Bundle[{android.support.text.emoji.emojiCompat_metadataVersion=11, android.support.text.emoji.emojiCompat_replaceAll=false}] hintLocales=null contentMimeTypes=null ], x=60.0, y=1558.0, text=, hint=Ex: 175, input-type=16386, ime-target=false, has-links=false}
04-06 02:33:04.800 22327 22408 I DetoxActionHandlers: 
04-06 02:33:04.800 22327 22408 I DetoxActionHandlers: 	at androidx.test.espresso.matcher.ViewMatchers.assertThat(ViewMatchers.java:620)
04-06 02:33:04.800 22327 22408 I DetoxActionHandlers: 	at com.wix.detox.espresso.assertion.ViewAssertions$MatchesViewAssertion.check(ViewAssertions.java:51)
04-06 02:33:04.800 22327 22408 I DetoxActionHandlers: 	at androidx.test.espresso.ViewInteraction$SingleExecutionViewAssertion.check(ViewInteraction.java:488)
04-06 02:33:04.800 22327 22408 I DetoxActionHandlers: 	at androidx.test.espresso.ViewInteraction$2.call(ViewInteraction.java:346)
04-06 02:33:04.800 22327 22408 I DetoxActionHandlers: 	at androidx.test.espresso.ViewInteraction$2.call(ViewInteraction.java:319)
04-06 02:33:04.800 22327 22408 I DetoxActionHandlers: 	at java.util.concurrent.FutureTask.run(FutureTask.java:264)
04-06 02:33:04.800 22327 22408 I DetoxActionHandlers: 	at android.os.Handler.handleCallback(Handler.java:942)
04-06 02:33:04.800 22327 22408 I DetoxActionHandlers: 	at android.os.Handler.dispatchMessage(Handler.java:99)
04-06 02:33:04.800 22327 22408 I DetoxActionHandlers: 	at android.os.Looper.loopOnce(Looper.java:226)
04-06 02:33:04.800 22327 22408 I DetoxActionHandlers: 	at android.os.Looper.loop(Looper.java:313)
04-06 02:33:04.800 22327 22408 I DetoxActionHandlers: 	at android.app.ActivityThread.main(ActivityThread.java:8762)
04-06 02:33:04.800 22327 22408 I DetoxActionHandlers: 	at java.lang.reflect.Method.invoke(Native Method)
04-06 02:33:04.800 22327 22408 I DetoxActionHandlers: 	at com.android.internal.os.RuntimeInit$MethodAndArgsCaller.run(RuntimeInit.java:604)
04-06 02:33:04.800 22327 22408 I DetoxActionHandl