04-06 02:32:55.306 22327 22327 I ViewRootImpl@73623ee[MainActivity]: handleResized, msg = 5 frames=ClientWindowFrames{frame=[0,0][1080,2400] display=[0,0][1080,2400] parentFrame=[0,0][0,0] parentClippedByDisplayCutout=false} forceNextWindowRelayout=false displayId=0 resizeMode=-1 frameChanged=false displayFrameChanged=false configChanged=false displayChanged=false
04-06 02:32:55.307 22327 22327 I ViewRootImpl@73623ee[MainActivity]: handleResized mSyncSeqId = 0
04-06 02:32:55.307 22327 22327 I ViewRootImpl@73623ee[MainActivity]: reportNextDraw android.view.ViewRootImpl.handleResized:2450 android.view.ViewRootImpl.-$$Nest$mhandleResized:0 android.view.ViewRootImpl$ViewRootHandler.handleMessageImpl:6728 android.view.ViewRootImpl$ViewRootHandler.handleMessage:6697 android.os.Handler.dispatchMessage:106 
04-06 02:32:55.310 22327 22327 I ViewRootImpl@8125395[PopupWindow:b19674c]: performTraversals params={(0,88)(fillxwrap) gr=TOP START CENTER sim={state=unchanged adjust=pan} ty=APPLICATION_PANEL fmt=TRANSLUCENT surfaceInsets=Rect(0, 0 - 0, 0) (manual)
04-06 02:32:55.310 22327 22327 I ViewRootImpl@8125395[PopupWindow:b19674c]:   fl=41800008
04-06 02:32:55.310 22327 22327 I ViewRootImpl@8125395[PopupWindow:b19674c]:   pfl=42018000
04-06 02:32:55.310 22327 22327 I ViewRootImpl@8125395[PopupWindow:b19674c]:   bhv=DEFAULT
04-06 02:32:55.310 22327 22327 I ViewRootImpl@8125395[PopupWindow:b19674c]:   fitTypes=STATUS_BARS NAVIGATION_BARS CAPTION_BAR naviIconColor=0
04-06 02:32:55.310 22327 22327 I ViewRootImpl@8125395[PopupWindow:b19674c]:   sfl=20000}
04-06 02:32:55.311 22327 22327 I ViewRootImpl@8125395[PopupWindow:b19674c]: performTraversals mFirst=true windowShouldResize=true viewVisibilityChanged=false mForceNextWindowRelayout=false params={(0,88)(fillxwrap) gr=TOP START CENTER sim={state=unchanged adjust=pan} ty=APPLICATION_PANEL fmt=TRANSLUCENT surfaceInsets=Rect(0, 0 - 0, 0) (manual)
04-06 02:32:55.311 22327 22327 I ViewRootImpl@8125395[PopupWindow:b19674c]:   fl=41800008
04-06 02:32:55.311 22327 22327 I ViewRootImpl@8125395[PopupWindow:b19674c]:   pfl=42018000
04-06 02:32:55.311 22327 22327 I ViewRootImpl@8125395[PopupWindow:b19674c]:   bhv=DEFAULT
04-06 02:32:55.311 22327 22327 I ViewRootImpl@8125395[PopupWindow:b19674c]:   fitTypes=STATUS_BARS NAVIGATION_BARS CAPTION_BAR naviIconColor=0
04-06 02:32:55.311 22327 22327 I ViewRootImpl@8125395[PopupWindow:b19674c]:   sfl=20000}
04-06 02:32:55.315 22327 22349 I ViewRootImpl@8125395[PopupWindow:b19674c]: Resizing android.view.ViewRootImpl@93f6976: frame = [0,88][1080,167] reportDraw = true forceLayout = false syncSeqId = 0
04-06 02:32:55.316 22327 22327 I ViewRootImpl@8125395[PopupWindow:b19674c]: updateBlastSurfaceIfNeeded mBlastBufferQueue=null isSameSurfaceControl=false
04-06 02:32:55.316 22327 22327 I BLASTBufferQueue: new BLASTBufferQueue, mName= ViewRootImpl@8125395[PopupWindow:b19674c] mNativeObject= 0xb4000070a70e4a80 sc.mNativeObject= 0xb4000070a0cf4fe0 caller= android.view.ViewRootImpl.updateBlastSurfaceIfNeeded:2909 android.view.ViewRootImpl.relayoutWindow:9847 android.view.ViewRootImpl.performTraversals:3884 android.view.ViewRootImpl.doTraversal:3116 android.view.ViewRootImpl$TraversalRunnable.run:10885 android.view.Choreographer$CallbackRecord.run:1301 android.view.Choreographer$CallbackRecord.run:1309 android.view.Choreographer.doCallbacks:923 android.view.Choreographer.doFrame:852 android.view.Choreographer$FrameDisplayEventReceiver.run:1283 
04-06 02:32:55.316 22327 22327 I BLASTBufferQueue: update, w= 1080 h= 79 mName = ViewRootImpl@8125395[PopupWindow:b19674c] mNativeObject= 0xb4000070a70e4a80 sc.mNativeObject= 0xb4000070a0cf4fe0 format= -3 caller= android.graphics.BLASTBufferQueue.<init>:84 android.view.ViewRootImpl.updateBlastSurfaceIfNeeded:2909 android.view.ViewRootImpl.relayoutWindow:9847 android.view.ViewRootImpl.performTraversals:3884 android.view.ViewRootImpl.doTraversal:3116 android.view.ViewRootImpl$TraversalRunnable.run:10885 
04-06 02:32:55.317 22327 22327 I ViewRootImpl@8125395[PopupWindow:b19674c]: Relayout returned: old=(0,88,1080,2256) new=(0,88,1080,167) req=(1080,79)0 dur=5 res=0x3 s={true 0xb4000070a70e1800} ch=true seqId=0
04-06 02:32:55.317 22327 22327 I ViewRootImpl@8125395[PopupWindow:b19674c]: mThreadedRenderer.initialize() mSurface={isValid=true 0xb4000070a70e1800} hwInitialized=true
04-06 02:32:55.319 22327 22327 I ViewRootImpl@8125395[PopupWindow:b19674c]: reportNextDraw android.view.ViewRootImpl.performTraversals:4438 android.view.ViewRootImpl.doTraversal:3116 android.view.ViewRootImpl$TraversalRunnable.run:10885 android.view.Choreographer$CallbackRecord.run:1301 android.view.Choreographer$CallbackRecord.run:1309 
04-06 02:32:55.319 22327 22327 I ViewRootImpl@8125395[PopupWindow:b19674c]: Setup new sync id=0
04-06 02:32:55.319 22327 22427 D OpenGLRenderer: eglCreateWindowSurface
04-06 02:32:55.319 22327 22327 I ViewRootImpl@8125395[PopupWindow:b19674c]: Setting syncFrameCallback
04-06 02:32:55.319 22327 22327 I ViewRootImpl@8125395[PopupWindow:b19674c]: registerCallbacksForSync syncBuffer=false
04-06 02:32:55.321 22327 22447 I ViewRootImpl@8125395[PopupWindow:b19674c]: Received frameDrawingCallback syncResult=0 frameNum=1.
04-06 02:32:55.321 22327 22447 I ViewRootImpl@8125395[PopupWindow:b19674c]: Setting up sync and frameCommitCallback
04-06 02:32:55.327 22327 22427 I BLASTBufferQueue: [ViewRootImpl@8125395[PopupWindow:b19674c]#1](f:0,a:0) onFrameAvailable the first frame is available
04-06 02:32:55.328 22327 22427 I ViewRootImpl@8125395[PopupWindow:b19674c]: Received frameCommittedCallback lastAttemptedDrawFrameNum=1 didProduceBuffer=true
04-06 02:32:55.328 22327 22427 D OpenGLRenderer: CFMS:: SetUp Pid : 22327    Tid : 22427
04-06 02:32:55.328 22327 22427 W Parcel  : Expecting binder but got null!
04-06 02:32:55.328 22327 22327 I ViewRootImpl@8125395[PopupWindow:b19674c]: onSyncComplete
04-06 02:32:55.329 22327 22327 I ViewRootImpl@8125395[PopupWindow:b19674c]: setupSync seqId=0 mSyncId=0 fn=1 caller=android.view.ViewRootImpl$$ExternalSyntheticLambda11.accept:6 android.window.SurfaceSyncer.lambda$setupSync$1$android-window-SurfaceSyncer:128 android.window.SurfaceSyncer$$ExternalSyntheticLambda1.accept:8 android.window.SurfaceSyncer$SyncSet.checkIfSyncIsComplete:382 android.window.SurfaceSyncer$SyncSet.markSyncReady:359 android.window.SurfaceSyncer.markSyncReady:151 android.view.ViewRootImpl.performTraversals:4503 
04-06 02:32:55.329 22327 22327 I ViewRootImpl@73623ee[MainActivity]: Setup new sync id=1
04-06 02:32:55.329 22327 22327 I ViewRootImpl@73623ee[MainActivity]: Setting syncFrameCallback
04-06 02:32:55.329 22327 22327 I ViewRootImpl@73623ee[MainActivity]: registerCallbacksForSync syncBuffer=false
04-06 02:32:55.329 22327 22448 I ViewRootImpl@73623ee[MainActivity]: Received frameDrawingCallback syncResult=0 frameNum=2.
04-06 02:32:55.329 22327 22448 I ViewRootImpl@73623ee[MainActivity]: Setting up sync and frameCommitCallback
04-06 02:32:55.330 22327 22427 I ViewRootImpl@73623ee[MainActivity]: Received frameCommittedCallback lastAttemptedDrawFrameNum=2 didProduceBuffer=true
04-06 02:32:55.330 22327 22327 I ViewRootImpl@73623ee[MainActivity]: onSyncComplete
04-06 02:32:55.330 22327 22327 I ViewRootImpl@73623ee[MainActivity]: setupSync seqId=0 mSyncId=1 fn=2 caller=android.view.ViewRootImpl$$ExternalSyntheticLambda11.accept:6 android.window.SurfaceSyncer.lambda$setupSync$1$android-window-SurfaceSyncer:128 android.window.SurfaceSyncer$$ExternalSyntheticLambda1.accept:8 android.window.SurfaceSyncer$SyncSet.checkIfSyncIsComplete:382 android.window.SurfaceSyncer$SyncSet.markSyncReady:359 android.window.SurfaceSyncer.markSyncReady:151 android.view.ViewRootImpl.performTraversals:4503 
04-06 02:32:55.331 22327 22327 I ViewRootImpl@73623ee[MainActivity]: reportDrawFinished seqId=0 mSyncId=-1 fn=2 mSurfaceChangedTransaction=0xb4000070c2c3c000
04-06 02:32:55.331 22327 22327 I ViewRootImpl@8125395[PopupWindow:b19674c]: reportDrawFinished seqId=0 mSyncId=-1 fn=1 mSurfaceChangedTransaction=0xb4000070a0eacf00
04-06 02:32:55.331 22327 22327 I ViewRootImpl@73623ee[MainActivity]: MSG_WINDOW_FOCUS_CHANGED 1 0
04-06 02:32:55.331 22327 22327 I ViewRootImpl@73623ee[MainActivity]: mThreadedRenderer.initializeIfNeeded()#2 mSurface={isValid=true 0xb4000070a70df000}
04-06 02:32:55.332 22327 22327 W unknown:BridgelessReact: ReactHost{0}.raiseSoftException(onWindowFocusChange(hasFocus = "true")): Tried to access onWindowFocusChange while context is not ready
04-06 02:32:55.332 22327 22327 E unknown:ReactHost: Unhandled SoftException
04-06 02:32:55.332 22327 22327 E unknown:ReactHost: com.facebook.react.bridge.ReactNoCrashSoftException: raiseSoftException(onWindowFocusChange(hasFocus = "true")): Tried to access onWindowFocusChange while context is not ready
04-06 02:32:55.332 22327 22327 E unknown:ReactHost: 	at com.facebook.react.runtime.ReactHostImpl.raiseSoftException(ReactHostImpl.kt:861)
04-06 02:32:55.332 22327 22327 E unknown:ReactHost: 	at com.facebook.react.runtime.ReactHostImpl.raiseSoftException$default(ReactHostImpl.kt:852)
04-06 02:32:55.332 22327 22327 E unknown:ReactHost: 	at com.facebook.react.runtime.ReactHostImpl.onWindowFocusChange(ReactHostImpl.kt:625)
04-06 02:32:55.332 22327 22327 E unknown:ReactHost: 	at com.facebook.react.ReactDelegate.onWindowFocusChanged(ReactDelegate.kt:232)
04-06 02:32:55.332 22327 22327 E unknown:ReactHost: 	at com.facebook.react.ReactActivityDelegate.onWindowFocusChanged(ReactActivityDelegate.java:237)
04-06 02:32:55.332 22327 22327 E unknown:ReactHost: 	at expo.modules.ReactActivityDelegateWrapper$onWindowFocusChanged$1.invokeSuspend(ReactActivityDelegateWrapper.kt:320)
04-06 02:32:55.332 22327 22327 E unknown:ReactHost: 	at expo.modules.ReactActivityDelegateWrapper$onWindowFocusChanged$1.invoke(Unknown Source:8)
04-06 02:32:55.332 22327 22327 E unknown:ReactHost: 	at expo.modules.ReactActivityDelegateWrapper$onWindowFocusChanged$1.invoke(Unknown Source:4)
04-06 02:32:55.332 22327 22327 E unknown:ReactHost: 	at expo.modules.ReactActivityDelegateWrapper$launchLifecycleScopeWithLock$1.invokeSuspend(ReactActivityDelegateWrapper.kt:452)
04-06 02:32:55.332 22327 22327 E unknown:ReactHost: 	at kotlin.coroutines.jvm.internal.BaseContinuationImpl.resumeWith(ContinuationImpl.kt:33)
04-06 02:32:55.332 22327 22327 E unknown:ReactHost: 	at kotlinx.coroutines.internal.DispatchedContinuationKt.resumeCancellableWith(DispatchedContinuation.kt:375)
04-06 02:32:55.332 22327 22327 E unknown:ReactHost: 	at kotlinx.coroutines.intrinsics.CancellableKt.startCoroutineCancellable(Cancellable.kt:26)
04-06 02:32:55.332 22327 22327 E unknown:ReactHost: 	at kotlinx.coroutines.CoroutineStart.invoke(CoroutineStart.kt:358)
04-06 02:32:55.332 22327 22327 E unknown:ReactHost: 	at kotlinx.coroutines.AbstractCoroutine.start(AbstractCoroutine.kt:134)
04-06 02:32:55.332 22327 22327 E unknown:ReactHost: 	at kotlinx.coroutines.BuildersKt__Builders_commonKt.launch(Builders.common.kt:53)
04-06 02:32:55.332 22327 22327 E unknown:ReactHost: 	at kotlinx.coroutines.BuildersKt.launch(Unknown Source:1)
04-06 02:32:55.332 22327 22327 E unknown:ReactHost: 	at kotlinx.coroutines.BuildersKt__Builders_commonKt.launch$default(Builders.common.kt:44)
04-06 02:32:55.332 22327 22327 E unknown:ReactHost: 	at kotlinx.coroutines.BuildersKt.launch$default(Unknown Source:1)
04-06 02:32:55.332 22327 22327 E unknown:ReactHost: 	at expo.modules.ReactActivityDelegateWrapper.launchLifecycleScopeWithLock(ReactActivityDelegateWrapper.kt:450)
04-06 02:32:55.332 22327 22327 E unknown:ReactHost: 	at expo.modules.ReactActivityDelegateWrapper.launchLifecycleScopeWithLock$default(ReactActivityDelegateWrapper.kt:446)
04-06 02:32:55.332 22327 22327 E unknown:ReactHost: 	at expo.modules.ReactActivityDelegateWrapper.onWindowFocusChanged(ReactActivityDelegateWrapper.kt:318)
04-06 02:32:55.332 22327 22327 E unknown:ReactHost: 	at com.facebook.react.ReactActivity.onWindowFocusChanged(ReactActivity.java:158)
04-06 02:32:55.332 22327 22327 E unknown:ReactHost: 	at androidx.appcompat.view.WindowCallbackWrapper.onWindowFocusChanged(WindowCallbackWrapper.java:124)
04-06 02:32:55.332 22327 22327 E unknown:ReactHost: 	at com.android.internal.policy.DecorView.onWindowFocusChanged(DecorView.java:2710)
04-06 02:32:55.332 22327 22327 E unknown:ReactHost: 	at android.view.View.dispatchWindowFocusChanged(View.java:15817)
04-06 02:32:55.332 22327 22327 E unknown:ReactHost: 	at android.view.ViewGroup.dispatchWindowFocusChanged(ViewGroup.java:1512)
04-06 02:32:55.332 22327 22327 E unknown:ReactHost: 	at android.view.ViewRootImpl.handleWindowFocusChanged(ViewRootImpl.java:4678)
04-06 02:32:55.332 22327 22327 E unknown:ReactHost: 	at android.view.ViewRootImpl.-$$Nest$mhandleWindowFocusChanged(Unknown Source:0)
04-06 02:32:55.332 22327 22327 E unknown:ReactHost: 	at android.view.ViewRootImpl$ViewRootHandler.handleMessageImpl(ViewRootImpl.java:6788)
04-06 02:32:55.332 22327 22327 E unknown:ReactHost: 	at android.view.ViewRootImpl$ViewRootHandler.handleMessage(ViewRootImpl.java:6697)
04-06 02:32:55.332 22327 22327 E unknown:ReactHost: 	at android.os.Handler.dispatchMessage(Handler.java:106)
04-06 02:32:55.332 22327 22327 E unknown:ReactHost: 	at android.os.Looper.loopOnce(Looper.java:226)
04-06 02:32:55.332 22327 22327 E unknown:ReactHost: 	at android.os.Looper.loop(Looper.java:313)
04-06 02:32:55.332 22327 22327 E unknown:ReactHost: 	at android.app.ActivityThread.main(ActivityThread.java:8762)
04-06 02:32:55.332 22327 22327 E unknown:ReactHost: 	at java.lang.reflect.Method.invoke(Native Method)
04-06 02:32:55.332 22327 22327 E unknown:ReactHost: 	at com.android.internal.os.RuntimeInit$MethodAndArgsCaller.run(RuntimeInit.java:604)
04-06 02:32:55.332 22327 22327 E unknown:ReactHost: 	at com.android.internal.os.ZygoteInit.main(ZygoteInit.java:1067)
04-06 02:32:55.333 22327 22327 D InputMethodManager: startInputInner - Id : 0
04-06 02:32:55.333 22327 22327 I InputMethodManager: startInputInner - mService.startInputOrWindowGainedFocus
04-06 02:32:55.353 22327 22327 I ViewRootImpl@8125395[PopupWindow:b19674c]: handleResized, msg = 5 frames=ClientWindowFrames{frame=[0,88][1080,167] display=[0,88][1080,2256] parentFrame=[0,0][0,0] parentClippedByDisplayCutout=false} forceNextWindowRelayout=false displayId=0 resizeMode=-1 frameChanged=false displayFrameChanged=false configChanged=false displayChanged=false
04-06 02:32:55.354 22327 22327 I ViewRootImpl@8125395[PopupWindow:b19674c]: handleResized mSyncSeqId = 0
04-06 02:32:55.354 22327 22327 I ViewRootImpl@8125395[PopupWindow:b19674c]: reportNextDraw android.view.ViewRootImpl.handleResized:2450 android.view.ViewRootImpl.-$$Nest$mhandleResized:0 android.view.ViewRootImpl$ViewRootHandler.handleMessageImpl:6728 android.view.ViewRootImpl$ViewRootHandler.handleMessage:6697 android.os.Handler.dispatchMessage:106 
04-06 02:32:55.361 22327 22327 D InputMethodManager: startInputInner - Id : 0
04-06 02:32:55.367 22327 22327 I ViewRootImpl@8125395[PopupWindow:b19674c]: Setup new sync id=1
04-06 02:32:55.367 22327 22327 I ViewRootImpl@8125395[PopupWindow:b19674c]: Setting syncFrameCallback
04-06 02:32:55.367 22327 22327 I ViewRootImpl@8125395[PopupWindow:b19674c]: registerCallbacksForSync syncBuffer=false
04-06 02:32:55.368 22327 22447 I ViewRootImpl@8125395[PopupWindow:b19674c]: Received frameDrawingCallback syncResult=0 frameNum=3.
04-06 02:32:55.368 22327 22447 I ViewRootImpl@8125395[PopupWindow:b19674c]: Setting up sync and frameCommitCallback
04-06 02:32:55.375 22327 22427 I ViewRootImpl@8125395[PopupWindow:b19674c]: Received frameCommittedCallback lastAttemptedDrawFrameNum=3 didProduceBuffer=true
04-06 02:32:55.375 22327 22327 I ViewRootImpl@8125395[PopupWindow:b19674c]: onSyncComplete
04-06 02:32:55.375 22327 22327 I ViewRootImpl@8125395[PopupWindow:b19674c]: setupSync seqId=0 mSyncId=1 fn=3 caller=android.view.ViewRootImpl$$ExternalSyntheticLambda11.accept:6 android.window.SurfaceSyncer.lambda$setupSync$1$android-window-SurfaceSyncer:128 android.window.SurfaceSyncer$$ExternalSyntheticLambda1.accept:8 android.window.SurfaceSyncer$SyncSet.checkIfSyncIsComplete:382 android.window.SurfaceSyncer$SyncSet.markSyncReady:359 android.window.SurfaceSyncer.markSyncReady:151 android.view.ViewRootImpl.performTraversals:4503 
04-06 02:32:55.375 22327 22327 I ViewRootImpl@8125395[PopupWindow:b19674c]: reportDrawFinished seqId=0 mSyncId=-1 fn=3 mSurfaceChangedTransaction=0xb4000070a0eacf00
04-06 02:32:55.600 22327 22327 D InsetsController: cancelAnimation of types: 1, animType: 0, host: com.evolucao.app/com.evolucao.app.MainActivity, from:android.view.InsetsController.notifyFinished:1375 android.view.InsetsAnimationThreadControlRunner$1.lambda$notifyFinished$0$android-view-InsetsAnimationThreadControlRunner$1:84 android.view.InsetsAnimationThreadControlRunner$1$$ExternalSyntheticLambda1.run:4 
04-06 02:32:55.600 22327 22327 D InsetsSourceConsumer: ensureControlPosition: Point(0, 0) for ITYPE_STATUS_BAR on com.evolucao.app/com.evolucao.app.MainActivity from android.view.InsetsSourceConsumer.notifyAnimationFinished:419
04-06 02:32:55.617 22327 22448 I ViewRootImpl@73623ee[MainActivity]: mWNT: t=0xb4000070a0364d00 mBlastBufferQueue=0xb4000070c2c34c00 fn= 3 caller= android.view.SyncRtSurfaceTransactionApplier.applyTransaction:96 android.view.SyncRtSurfaceTransactionApplier.lambda$scheduleApply$0$android-view-SyncRtSurfaceTransactionApplier:69 android.view.SyncRtSurfaceTransactionApplier$$ExternalSyntheticLambda0.onFrameDraw:4 
04-06 02:32:55.638 22327 22444 D Detox.RNMarker: DOWNLOAD_END ({"url":"http:\/\/localhost:8081\/.expo\/.virtual-metro-entry.bundle?platform=android&dev=true&lazy=true&minify=false&app=com.evolucao.app&modulesOnly=false&runModule=true&excludeSource=true&sourcePaths=url-server","filesChangedCount":0})
04-06 02:32:55.638 22327 22444 W unknown:BridgelessReact: ReactHost{0}.loadJSBundleFromMetro(): Creating BundleLoader
04-06 02:32:55.639 22327 22443 W unknown:BridgelessReact: ReactHost{0}.getOrCreateReactInstanceTask(): Creating BridgelessReactContext
04-06 02:32:55.639 22327 22427 D OpenGLRenderer: setSurface called with nullptr
04-06 02:32:55.639 22327 22427 D OpenGLRenderer: setSurface() destroyed EGLSurface
04-06 02:32:55.639 22327 22427 D OpenGLRenderer: destroyEglSurface
04-06 02:32:55.640 22327 22327 I ViewRootImpl@8125395[PopupWindow:b19674c]: dispatchDetachedFromWindow
04-06 02:32:55.640 22327 22443 W unknown:BridgelessReact: ReactHost{0}.getOrCreateReactInstanceTask(): Creating ReactInstance
04-06 02:32:55.642 22327 22327 D InputTransport: Input channel destroyed: 'cb5efee', fd=121
04-06 02:32:55.649 22327 22444 D TrafficStats: tagSocket(134) with statsTag=0xffffffff, statsUid=-1
04-06 02:32:55.652 22327 22443 D jni_lib_merge: Entering merged library JNI_OnLoad.
04-06 02:32:55.652 22327 22443 D jni_lib_merge: Preparing 4 pre-merged libs (including stub)
04-06 02:32:55.652 22327 22443 D jni_lib_merge: Preparing to register libhermes_executor_so.  onload_func: 0x701f72cfa4
04-06 02:32:55.652 22327 22443 D jni_lib_merge: Preparing to register libhermesinstancejni_so.  onload_func: 0x701f7668b4
04-06 02:32:55.652 22327 22443 D jni_lib_merge: Preparing to register libjsijniprofiler_so.  onload_func: 0x701f7688f8
04-06 02:32:55.652 22327 22443 D jni_lib_merge: About to register 3 actual methods.
04-06 02:32:55.748 22327 22443 I ExpoModulesCore: ✅ AppContext was initialized
04-06 02:32:55.777 22327 22443 W unknown:BridgelessReact: ReactHost{0}.getOrCreateReactInstanceTask(): Loading JS Bundle
04-06 02:32:55.777 22327 22443 W unknown:BridgelessReact: ReactHost{0}.getOrCreateReactInstanceTask(): DevSupportManager.onNewReactContextCreated()
04-06 02:32:55.780 22327 22327 W unknown:ReactNative: Packager connection already open, nooping.
04-06 02:32:55.781 22327 22327 W unknown:BridgelessReact: ReactHost{0}.ReactContext.onHostResume()
04-06 02:32:55.782 22327 22443 W unknown:BridgelessReact: ReactHost{0}.startSurface(surfaceId = 0): Execute
04-06 02:32:55.783 22327 22457 D Detox.RNMarker: RUN_JS_BUNDLE_START (/.virtual-metro-entry.bundle?platform=android&dev=true&lazy=true&minify=false&app=com.evolucao.app&modulesOnly=false&runModule=true&excludeSource=true&sourcePaths=url-server)
04-06 02:32:55.784 22327 22327 W unknown:BridgelessReact: ReactHost{0}.getOrCreateReactInstanceTask(): Executing ReactInstanceEventListeners
04-06 02:32:55.784 22327 22327 I DetoxRNLoading: Got new RN-context through listener
04-06 02:32:55.785 22327 22406 I DetoxRNIdleRes: Setting up Espresso Idling Resources for React Native
04-06 02:32:55.793 22327 22327 D DetoxRNHelpers: Native RN module resolution (class com.reactnativecommunity.asyncstorage.AsyncStorageModule): no registered module found
04-06 02:32:55.793 22327 22406 D IdlingRegistry: Registering idling resources: [com.wix.detox.reactnative.idlingresources.uimodule.fabric.FabricUIManagerIdlingResources@a29e7fb]
04-06 02:32:55.793 22327 22406 D IdlingRegistry: Registering idling resources: [com.wix.detox.reactnative.idlingresources.animations.AnimatedModuleIdlingResource@fa87018]
04-06 02:32:55.793 22327 22406 D IdlingRegistry: Registering idling resources: [com.wix.detox.reactnative.idlingresources.timers.FabricTimersIdlingResource@76f3a71]
04-06 02:32:55.793 22327 22406 D IdlingRegistry: Registering idling resources: [com.wix.detox.reactnative.idlingresources.network.NetworkIdlingResource@2908056]
04-06 02:32:55.793 22327 22406 D IdlingRegistry: Registering idling resources: [com.wix.detox.reactnative.idlingresources.StabilizedIdlingResource@72508d7]
04-06 02:32:55.806 22327 22458 W om.evolucao.app: Accessing hidden method Landroid/os/MessageQueue;->next()Landroid/os/Message; (unsupported, reflection, allowed)
04-06 02:32:55.806 22327 22458 W om.evolucao.app: Accessing hidden field Landroid/os/MessageQueue;->mMessages:Landroid/os/Message; (unsupported, reflection, allowed)
04-06 02:32:55.806 22327 22458 W om.evolucao.app: Accessing hidden method Landroid/os/Message;->recycleUnchecked()V (unsupported, reflection, allowed)
04-06 02:32:55.960 22327 22327 D DetoxRNHelpers: Native RN module resolution (class com.reactnativecommunity.asyncstorage.AsyncStorageModule): no registered module found
04-06 02:32:55.960 22327 22408 W om.evolucao.app: Long monitor contention with owner Instr: androidx.test.runner.AndroidJUnitRunner (22406) at void com.wix.detox.DetoxMain.launchActivityOnCue(android.content.Context, com.wix.detox.ActivityLaunchHelper)(DetoxMain.kt:53) waiters=0 in void com.wix.detox.DetoxMain$setupActionHandlers$SynchronizedActionHandler.handle(java.lang.String, long) for 889ms
04-06 02:32:56.038 22327 22458 I WebViewFactory: Loading com.google.android.webview version 146.0.7680.164 (code 768016403)
04-06 02:32:56.040 22327 22458 D ApplicationLoaders: Returning zygote-cached class loader: /system/framework/android.test.base.jar
04-06 02:32:56.042 22327 22458 D nativeloader: Configuring classloader-namespace for other apk /data/app/~~23ppwVuk64Fm9vdWCRWMMw==/com.google.android.webview-FPIphznatdLDx2VBYoD68A==/base.apk. target_sdk_version=36, uses_libraries=, library_path=/data/app/~~23ppwVuk64Fm9vdWCRWMMw==/com.google.android.webview-FPIphznatdLDx2VBYoD68A==/lib/arm64:/data/app/~~23ppwVuk64Fm9vdWCRWMMw==/com.google.android.webview-FPIphznatdLDx2VBYoD68A==/base.apk!/lib/arm64-v8a, permitted_path=/data:/mnt/expand
04-06 02:32:56.053 22327 22458 I cr_WVCFactoryProvider: version=146.0.7680.164 (768016403) minSdkVersion=29 multiprocess=true packageId=127 splits=<none>
04-06 02:32:56.059 22327 22472 I chromium: [0406/023256.059285:INFO:android_webview/browser/variations/variations_seed_loader.cc:67] Failed to open file for reading.: No such file or directory (2)
04-06 02:32:56.059 22327 22472 I chromium: [0406/023256.059428:INFO:android_webview/browser/variations/variations_seed_loader.cc:67] Failed to open file for reading.: No such file or directory (2)
04-06 02:32:56.063 22327 22458 I cr_LibraryLoader: Successfully loaded native library
04-06 02:32:56.064 22327 22458 I cr_CachingUmaRecorder: Flushed 16 samples from 16 histograms, 0 samples were dropped.
04-06 02:32:56.077 22327 22475 D TrafficStats: tagSocket(153) with statsTag=0xffffffff, statsUid=-1
04-06 02:32:56.079 22327 22475 D TrafficStats: tagSocket(153) with statsTag=0xffffffff, statsUid=-1
04-06 02:32:56.087 22327 22457 W BridgelessReactContext: [WARNING] Bridgeless doesn't support CatalystInstance. Accessing an API that's not part of the new architecture is not encouraged usage.
04-06 02:32:56.094 22327 22457 I ExpoModulesCore: ✅ JSI interop was installed
04-06 02:32:56.100 22327 22457 I ExpoModulesCore: ✅ Constants were exported
04-06 02:32:56.142 22327 22457 W unknown:ViewManagerPropertyUpdater: Could not find generated setter for class com.th3rdwave.safeareacontext.SafeAreaProviderManager
04-06 02:32:56.145 22327 22457 W unknown:ViewManagerPropertyUpdater: Could not find generated setter for class com.facebook.react.uimanager.LayoutShadowNode
04-06 02:32:56.148 22327 22457 W unknown:ViewManagerPropertyUpdater: Could not find generated setter for class com.swmansion.rnscreens.SearchBarManager
04-06 02:32:56.148 22327 22457 W unknown:ViewManagerPropertyUpdater: Could not find generated setter for class com.swmansion.rnscreens.ScreenFooterManager
04-06 02:32:56.150 22327 22457 W unknown:ViewManagerPropertyUpdater: Could not find generated setter for class com.swmansion.rnscreens.gamma.tabs.TabScreenViewManager
04-06 02:32:56.151 22327 22457 W unknown:ViewManagerPropertyUpdater: Could not find generated setter for class expo.modules.kotlin.views.GroupViewManagerWrapper
04-06 02:32:56.152 22327 22457 W unknown:ViewManagerPropertyUpdater: Could not find generated setter for class com.swmansion.rnscreens.ScreenContainerViewManager
04-06 02:32:56.153 22327 22457 W unknown:ViewManagerPropertyUpdater: Could not find generated setter for class com.swmansion.rnscreens.gamma.tabs.TabsHostViewManager
04-06 02:32:56.154 22327 22457 W unknown:ViewManagerPropertyUpdater: Could not find generated setter for class com.swmansion.rnscreens.ModalScreenViewManager
04-06 02:32:56.156 22327 22457 W unknown:ViewManagerPropertyUpdater: Could not find generated setter for class com.swmansion.rnscreens.ScreenStackHeaderConfigViewManager
04-06 02:32:56.156 22327 22457 W unknown:ViewManagerPropertyUpdater: Could not find generated setter for class com.swmansion.rnscreens.ScreenContentWrapperManager
04-06 02:32:56.157 22327 22457 W unknown:ViewManagerPropertyUpdater: Could not find generated setter for class com.th3rdwave.safeareacontext.SafeAreaViewManager
04-06 02:32:56.158 22327 22457 W unknown:ViewManagerPropertyUpdater: Could not find generated setter for class com.th3rdwave.safeareacontext.SafeAreaViewShadowNode
04-06 02:32:56.159 22327 22457 W unknown:ViewManagerPropertyUpdater: Could not find generated setter for class com.swmansion.rnscreens.safearea.SafeAreaViewManager
04-06 02:32:56.159 22327 22457 W unknown:ViewManagerPropertyUpdater: Could not find generated setter for class com.swmansion.rnscreens.safearea.paper.SafeAreaViewShadowNode
04-06 02:32:56.159 22327 22457 W unknown:ViewManagerPropertyUpdater: Could not find generated setter for class com.swmansion.rnscreens.ScreenViewManager
04-06 02:32:56.160 22327 22457 W unknown:ViewManagerPropertyUpdater: Could not find generated setter for class com.swmansion.rnscreens.gamma.stack.host.StackHostViewManager
04-06 02:32:56.160 22327 22457 W unknown:ViewManagerPropertyUpdater: Could not find generated setter for class com.swmansion.rnscreens.ScreenStackHeaderSubviewManager
04-06 02:32:56.161 22327 22457 W unknown:ViewManagerPropertyUpdater: Could not find generated setter for class com.swmansion.rnscreens.gamma.stack.screen.StackScreenViewManager
04-06 02:32:56.161 22327 22457 W unknown:ViewManagerPropertyUpdater: Could not find generated setter for class com.swmansion.rnscreens.ScreenStackViewManager
04-06 02:32:56.235 22327 22457 W unknown:ViewManagerPropertyUpdater: Could not find generated setter for class com.facebook.react.views.debuggingoverlay.DebuggingOverlayManager
04-06 02:32:56.239 22327 22457 W unknown:ViewManagerPropertyUpdater: Could not find generated setter for class com.swmansion.gesturehandler.react.RNGestureHandlerButtonViewManager
04-06 02:32:56.244 22327 22457 W unknown:ViewManagerPropertyUpdater: Could not find generated setter for class com.facebook.react.views.safeareaview.ReactSafeAreaViewManager
04-06 02:32:56.249 22327 22457 W unknown:ViewManagerPropertyUpdater: Could not find generated setter for class com.facebook.react.views.modal.ReactModalHostManager
04-06 02:32:56.254 22327 22457 W unknown:ViewManagerPropertyUpdater: Could not find generated setter for class com.facebook.react.views.text.frescosupport.FrescoBasedReactTextInlineImageViewManager
04-06 02:32:56.254 22327 22457 W unknown:ViewManagerPropertyUpdater: Could not find generated setter for class com.facebook.react.views.text.frescosupport.FrescoBasedReactTextInlineImageShadowNode
04-06 02:32:56.259 22327 22457 W unknown:ViewManagerPropertyUpdater: Could not find generated setter for class com.facebook.react.views.progressbar.ReactProgressBarViewManager
04-06 02:32:56.259 22327 22457 W unknown:ViewManagerPropertyUpdater: Could not find generated setter for class com.facebook.react.views.progressbar.ProgressBarShadowNode
04-06 02:32:56.264 22327 22457 W unknown:ViewManagerPropertyUpdater: Could not find generated setter for class com.facebook.react.views.scroll.ReactHorizontalScrollViewManager
04-06 02:32:56.270 22327 22457 W unknown:ViewManagerPropertyUpdater: Could not find generated setter for class com.facebook.react.views.image.ReactImageManager
04-06 02:32:56.276 22327 22457 W unknown:ViewManagerPropertyUpdater: Could not find generated setter for class com.facebook.react.views.text.ReactTextViewManager
04-06 02:32:56.277 22327 22457 W unknown:ViewManagerPropertyUpdater: Could not find generated setter for class com.facebook.react.views.text.ReactTextShadowNode
04-06 02:32:56.283 22327 22457 W unknown:ViewManagerPropertyUpdater: Could not find generated setter for class com.facebook.react.views.scroll.ReactHorizontalScrollContainerViewManager
04-06 02:32:56.288 22327 22457 W unknown:ViewManagerPropertyUpdater: Could not find generated setter for class com.facebook.react.views.unimplementedview.ReactUnimplementedViewManager
04-06 02:32:56.293 22327 22457 W unknown:ViewManagerPropertyUpdater: Could not find generated setter for class com.facebook.react.views.scroll.ReactScrollViewManager
04-06 02:32:56.299 22327 22457 W unknown:ViewManagerPropertyUpdater: Could not find generated setter for class com.facebook.react.views.view.ReactViewManager
04-06 02:32:56.304 22327 22457 W unknown:ViewManagerPropertyUpdater: Could not find generated setter for class com.facebook.react.views.drawer.ReactDrawerLayoutManager
04-06 02:32:56.309 22327 22457 W unknown:ViewManagerPropertyUpdater: Could not find generated setter for class com.facebook.react.views.switchview.ReactSwitchManager
04-06 02:32:56.310 22327 22457 W unknown:ViewManagerPropertyUpdater: Could not find generated setter for class com.facebook.react.views.switchview.ReactSwitchShadowNode
04-06 02:32:56.315 22327 22457 W unknown:ViewManagerPropertyUpdater: Could not find generated setter for class com.facebook.react.views.swiperefresh.SwipeRefreshLayoutManager
04-06 02:32:56.321 22327 22457 W unknown:ViewManagerPropertyUpdater: Could not find generated setter for class com.facebook.react.views.textinput.ReactTextInputManager
04-06 02:32:56.322 22327 22457 W unknown:ViewManagerPropertyUpdater: Could not find generated setter for class com.facebook.react.views.textinput.ReactTextInputShadowNode
04-06 02:32:56.329 22327 22457 W unknown:ViewManagerPropertyUpdater: Could not find generated setter for class com.swmansion.gesturehandler.react.RNGestureHandlerRootViewManager
04-06 02:32:56.360 22327 22475 D TrafficStats: tagSocket(156) with statsTag=0xffffffff, statsUid=-1
04-06 02:32:56.529 22327 22457 V AsyncStorageExpoMigration: No scoped database found
04-06 02:32:56.703 22327 22457 D Detox.RNMarker: RUN_JS_BUNDLE_END (/.virtual-metro-entry.bundle?platform=android&dev=true&lazy=true&minify=false&app=com.evolucao.app&modulesOnly=false&runModule=true&excludeSource=true&sourcePaths=url-server)
04-06 02:32:56.704 22327 22457 I ReactNativeJS: Running "main" with {"rootTag":1,"initialProps":{},"fabric":true}
04-06 02:32:56.782 22327 22479 D TrafficStats: tagSocket(140) with statsTag=0xffffffff, statsUid=-1
04-06 02:32:56.907 22327 22327 I DecorView: notifyKeepScreenOnChanged: keepScreenOn=true
04-06 02:32:56.910 22327 22327 I ViewRootImpl@73623ee[MainActivity]: performTraversals params={(0,0)(fillxfill) sim={adjust=resize} layoutInDisplayCutoutMode=always ty=BASE_APPLICATION wanim=0x1030309
04-06 02:32:56.910 22327 22327 I ViewRootImpl@73623ee[MainActivity]:   fl=81810180
04-06 02:32:56.910 22327 22327 I ViewRootImpl@73623ee[MainActivity]:   pfl=16020040
04-06 02:32:56.910 22327 22327 I ViewRootImpl@73623ee[MainActivity]:   vsysui=100
04-06 02:32:56.910 22327 22327 I ViewRootImpl@73623ee[MainActivity]:   bhv=DEFAULT
04-06 02:32:56.910 22327 22327 I ViewRootImpl@73623ee[MainActivity]:   fitSides= naviIconColor=0}
04-06 02:32:56.911 22327 22327 I ViewRootImpl@73623ee[MainActivity]: performTraversals mFirst=false windowShouldResize=false viewVisibilityChanged=false mForceNextWindowRelayout=false params={(0,0)(fillxfill) sim={adjust=resize} layoutInDisplayCutoutMode=always ty=BASE_APPLICATION wanim=0x1030309
04-06 02:32:56.911 22327 22327 I ViewRootImpl@73623ee[MainActivity]:   fl=81810180
04-06 02:32:56.911 22327 22327 I ViewRootImpl@73623ee[MainActivity]:   pfl=16020040
04-06 02:32:56.911 22327 22327 I ViewRootImpl@73623ee[MainActivity]:   vsysui=100
04-06 02:32:56.911 22327 22327 I ViewRootImpl@73623ee[MainActivity]:   bhv=DEFAULT
04-06 02:32:56.911 22327 22327 I ViewRootImpl@73623ee[MainActivity]:   fitSides= naviIconColor=0}
04-06 02:32:56.922 22327 22327 I ViewRootImpl@73623ee[MainActivity]: updateBlastSurfaceIfNeeded mBlastBufferQueue=0xb4000070c2c34c00 isSameSurfaceControl=true
04-06 02:32:56.922 22327 22327 I BLASTBufferQueue: update, w= 1080 h= 2400 mName = ViewRootImpl@73623ee[MainActivity] mNativeObject= 0xb4000070c2c34c00 sc.mNativeObject= 0xb4000070a0cf7e20 format= -1 caller= android.view.ViewRootImpl.updateBlastSurfaceIfNeeded:2898 android.view.ViewRootImpl.relayoutWindow:9847 android.view.ViewRootImpl.performTraversals:3884 android.view.ViewRootImpl.doTraversal:3116 android.view.ViewRootImpl$TraversalRunnable.run:10885 android.view.Choreographer$CallbackRecord.run:1301 
04-06 02:32:56.922 22327 22327 I ViewRootImpl@73623ee[MainActivity]: Relayout returned: old=(0,0,1080,2400) new=(0,0,1080,2400) req=(1080,2400)0 dur=9 res=0x0 s={true 0xb4000070a70df000} ch=false seqId=0
04-06 02:32:56.926 22327 22327 D Detox.RNMarker: CONTENT_APPEARED (main)
04-06 02:32:56.939 22327 22457 D Detox.RNMarker: REACT_BRIDGELESS_LOADING_END (null)
04-06 02:32:56.948 22327 22457 I ReactNativeJS: '[ANALYTICS]', 'app_opened', { event: 'app_opened',
04-06 02:32:56.948 22327 22457 I ReactNativeJS:   eventId: '1775453576942_ea8e9905c2bee',
04-06 02:32:56.948 22327 22457 I ReactNativeJS:   appVersion: '1.0.0',
04-06 02:32:56.948 22327 22457 I ReactNativeJS:   category: 'engagement',
04-06 02:32:56.948 22327 22457 I ReactNativeJS:   userId: 'anonymous',
04-06 02:32:56.948 22327 22457 I ReactNativeJS:   timestamp: 1775453576942,
04-06 02:32:56.948 22327 22457 I ReactNativeJS:   timestampIso: '2026-04-06T05:32:56.942Z',
04-06 02:32:56.948 22327 22457 I ReactNativeJS:   screen: 'App',
04-06 02:32:56.948 22327 22457 I ReactNativeJS:   sessionId: 'session-1775453576928-da149514a6e15',
04-06 02:32:56.948 22327 22457 I ReactNativeJS:   flowId: 'session-1775453576928-da149514a6e15',
04-06 02:32:56.948 22327 22457 I ReactNativeJS:   meta: 
04-06 02:32:56.948 22327 22457 I ReactNativeJS:    { domain: 'engagement',
04-06 02:32:56.948 22327 22457 I ReactNativeJS:      version: 1,
04-06 02:32:56.948 22327 22457 I ReactNativeJS:      dayKey: '2026-04-06',
04-06 02:32:56.948 22327 22457 I ReactNativeJS:      isFirstOpenOfDay: true,
04-06 02:32:56.948 22327 22457 I ReactNativeJS:      category: 'engagement' } }
04-06 02:32:57.165 22327 22327 D CompatibilityChangeReporter: Compat change id reported: 171228096; UID 10419; state: ENABLED
04-06 02:32:57.165 22327 22339 I om.evolucao.app: Compiler allocated 4177KB to compile void android.widget.TextView.<init>(android.content.Context, android.util.AttributeSet, int, int)
04-06 02:32:57.167 22327 22327 D ScrollView: initGoToTop
04-06 02:32:57.167 22327 22327 W om.evolucao.app: Accessing hidden field Landroid/widget/ScrollView;->mScroller:Landroid/widget/OverScroller; (unsupported, reflection, allowed)
04-06 02:32:57.179 22327 22327 W [RNScreens]: backTitleFontFamily prop is not available on Android
04-06 02:32:57.180 22327 22327 W [RNScreens]: disableBackButtonMenu prop is not available on Android
04-06 02:32:57.180 22327 22327 W [RNScreens]: backTitleVisible prop is not available on Android
04-06 02:32:57.180 22327 22327 W [RNScreens]: topInsetEnabled prop is not available on Android
04-06 02:32:57.180 22327 22327 W [RNScreens]: largeTitleHideShadow prop is not available on Android
04-06 02:32:57.180 22327 22327 W [RNScreens]: largeTitleFontWeight prop is not available on Android
04-06 02:32:57.180 22327 22327 W [RNScreens]: userInterfaceStyle prop is not available on Android
04-06 02:32:57.180 22327 22327 W [RNScreens]: largeTitleFontFamily prop is not available on Android
04-06 02:32:57.216 22327 22427 D OpenGLRenderer: setSurface called with nullptr
04-06 02:32:57.290 22327 22327 W UiControllerImpl: Waiting for: DYNAMIC_TASKS_HAVE_IDLED for 200 iterations.
04-06 02:32:57.844 22327 22427 D NativeCustomFrequencyManager: [NativeCFMS] BpCustomFrequencyManager::BpCustomFrequencyManager()
04-06 02:32:57.848 22327 22327 D InsetsController: onStateChanged: InsetsState: {mDisplayFrame=Rect(0, 0 - 1080, 2400), mDisplayCutout=DisplayCutout{insets=Rect(0, 88 - 0, 0) waterfall=Insets{left=0, top=0, right=0, bottom=0} boundingRect={Bounds=[Rect(0, 0 - 0, 0), Rect(512, 0 - 568, 88), Rect(0, 0 - 0, 0), Rect(0, 0 - 0, 0)]} cutoutPathParserInfo={CutoutPathParserInfo{displayWidth=1080 displayHeight=2400 physicalDisplayWidth=1080 physicalDisplayHeight=2400 density={3.0} cutoutSpec={M 0,0 M 0,10.71963616907435 a 9.280363830925644,9.280363830925644 0 1,0 0,18.56072766185129 a 9.280363830925644,9.280363830925644 0 1,0 0,-18.56072766185129 Z @dp} rotation={0} scale={1.0} physicalPixelDisplaySizeRatio={1.0}}}}, mRoundedCorners=RoundedCorners{[RoundedCorner{position=TopLeft, radius=96, center=Point(96, 96)}, RoundedCorner{position=TopRight, radius=96, center=Point(984, 96)}, RoundedCorner{position=BottomRight, radius=96, center=Point(984, 2304)}, RoundedCorner{position=BottomLeft, radius=96, center=Point(96, 2304)}]}  mRoundedCornerFrame=Rect(0, 0 - 1080, 2400), mPrivacyIndicatorBounds=PrivacyIndicatorBounds {static bounds=Rect(948, 0 - 1080, 88) rotation=0}, mSources= { InsetsSource: {mType=ITYPE_STATUS_BAR, mFrame=[0,0][1080,88], mVisible=true, mInsetsRoundedCornerFrame=false}, InsetsSource: {mType=ITYPE_NAVIGATION_BAR, mFrame=[0,2256][1080,2400], mVisible=true, mInsetsRoundedCornerFrame=false}, InsetsSource: {mType=ITYPE_LEFT_GESTURES, mFrame=[0,0][0,2400], mVisible=true, mInsetsRoundedCornerFrame=false}, InsetsSource: {mType=ITYPE_RIGHT_GESTURES, mFrame=[1080,0][1080,2400], mVisible=true, mInsetsRoundedCornerFrame=false}, InsetsSource: {mType=ITYPE_TOP_MANDATORY_GESTURES, mFrame=[0,0][1080,124], mVisible=true, mInsetsRoundedCornerFrame=false}, InsetsSource: {mType=ITYPE_BOTTOM_MANDATORY_GESTURES, mFrame=[0,2256][1080,2400], mVisible=true, mInsetsRoundedCornerFrame=false}, InsetsSource: {mType=ITYPE_LEFT_DISPLAY_CUTOUT, mFrame=[0,0][-100000,2400], mVisible=true, mInsetsRoundedCornerFrame=false}, InsetsSource: {mType=ITYPE_TOP_DISPLAY_CUTOUT, mFrame=[0,0][1080,88], mVisible=true, mInsetsRoundedCornerFrame=false}, InsetsSource: {mType=ITYPE_RIGHT_DISPLAY_CUTOUT, mFrame=[100000,0][1080,2400], mVisible=true, mInsetsRoundedCornerFrame=false}, InsetsSource: {mType=ITYPE_BOTTOM_DISPLAY_CUTOUT, mFrame=[0,100000][1080,2400], mVisible=true, mInsetsRoundedCornerFrame=false}, InsetsSource: {mType=ITYPE_TOP_TAPPABLE_ELEMENT, mFrame=[0,0][1080,88], mVisible=true, mInsetsRoundedCornerFrame=false}, InsetsSource: {mType=ITYPE_BOTTOM_TAPPABLE_ELEMENT, mFrame=[0,2256][1080,2400], mVisible=true, mInsetsRoundedCornerFrame=false} } host=PopupWindow:b771ad8 from=android.view.ViewRootImpl.setView:1732
04-06 02:32:57.849 22327 22327 I ViewRootImpl@6f46e31[PopupWindow:b771ad8]: setView = android.widget.PopupWindow$PopupDecorView@270bc6d TM=false
04-06 02:32:57.854 22327 22327 I ViewRootImpl@6f46e31[PopupWindow:b771ad8]: performTraversals params={(0,88)(fillxwrap) gr=TOP START CENTER sim={state=unchanged adjust=pan} ty=APPLICATION_PANEL fmt=TRANSLUCENT surfaceInsets=Rect(0, 0 - 0, 0) (manual)
04-06 02:32:57.854 22327 22327 I ViewRootImpl@6f46e31[PopupWindow:b771ad8]:   fl=41800008
04-06 02:32:57.854 22327 22327 I ViewRootImpl@6f46e31[PopupWindow:b771ad8]:   pfl=42018000
04-06 02:32:57.854 22327 22327 I ViewRootImpl@6f46e31[PopupWindow:b771ad8]:   bhv=DEFAULT
04-06 02:32:57.854 22327 22327 I ViewRootImpl@6f46e31[PopupWindow:b771ad8]:   fitTypes=STATUS_BARS NAVIGATION_BARS CAPTION_BAR naviIconColor=0
04-06 02:32:57.854 22327 22327 I ViewRootImpl@6f46e31[PopupWindow:b771ad8]:   sfl=20000}
04-06 02:32:57.854 22327 22327 I ViewRootImpl@6f46e31[PopupWindow:b771ad8]: performTraversals mFirst=true windowShouldResize=true viewVisibilityChanged=false mForceNextWindowRelayout=false params={(0,88)(fillxwrap) gr=TOP START CENTER sim={state=unchanged adjust=pan} ty=APPLICATION_PANEL fmt=TRANSLUCENT surfaceInsets=Rect(0, 0 - 0, 0) (manual)
04-06 02:32:57.854 22327 22327 I ViewRootImpl@6f46e31[PopupWindow:b771ad8]:   fl=41800008
04-06 02:32:57.854 22327 22327 I ViewRootImpl@6f46e31[PopupWindow:b771ad8]:   pfl=42018000
04-06 02:32:57.854 22327 22327 I ViewRootImpl@6f46e31[PopupWindow:b771ad8]:   bhv=DEFAULT
04-06 02:32:57.854 22327 22327 I ViewRootImpl@6f46e31[PopupWindow:b771ad8]:   fitTypes=STATUS_BARS NAVIGATION_BARS CAPTION_BAR naviIconColor=0
04-06 02:32:57.854 22327 22327 I ViewRootImpl@6f46e31[PopupWindow:b771ad8]:   sfl=20000}
04-06 02:32:57.857 22327 22349 I ViewRootImpl@6f46e31[PopupWindow:b771ad8]: Resizing android.view.ViewRootImpl@cb7a0a2: frame = [0,88][1080,167] reportDraw = true forceLayout = false syncSeqId = 0
04-06 02:32:57.859 22327 22327 I ViewRootImpl@6f46e31[PopupWindow:b771ad8]: updateBlastSurfaceIfNeeded mBlastBufferQueue=null isSameSurfaceControl=false
04-06 02:32:57.859 22327 22327 I BLASTBufferQueue: new BLASTBufferQueue, mName= ViewRootImpl@6f46e31[PopupWindow:b771ad8] mNativeObject= 0xb4000070a70e4a80 sc.mNativeObject= 0xb4000070a0cf7b00 caller= android.view.ViewRootImpl.updateBlastSurfaceIfNeeded:2909 android.view.ViewRootImpl.relayoutWindow:9847 android.view.ViewRootImpl.performTraversals:3884 android.view.ViewRootImpl.doTraversal:3116 android.view.ViewRootImpl$TraversalRunnable.run:10885 android.view.Choreographer$CallbackRecord.run:1301 android.view.Choreographer$CallbackRecord.run:1309 android.view.Choreographer.doCallbacks:923 android.view.Choreographer.doFrame:852 android.view.Choreographer$FrameDisplayEventReceiver.run:1283 
04-06 02:32:57.859 22327 22327 I BLASTBufferQueue: update, w= 1080 h= 79 mName = ViewRootImpl@6f46e31[PopupWindow:b771ad8] mNativeObject= 0xb4000070a70e4a80 sc.mNativeObject= 0xb4000070a0cf7b00 format= -3 caller= android.graphics.BLASTBufferQueue.<init>:84 android.view.ViewRootImpl.updateBlastSurfaceIfNeeded:2909 android.view.ViewRootImpl.relayoutWindow:9847 android.view.ViewRootImpl.performTraversals:3884 android.view.ViewRootImpl.doTraversal:3116 android.view.ViewRootImpl$TraversalRunnable.run:10885 
04-06 02:32:57.860 22327 22327 I ViewRootImpl@6f46e31[PopupWindow:b771ad8]: Relayout returned: old=(0,88,1080,2256) new=(0,88,1080,167) req=(1080,79)0 dur=5 res=0x3 s={true 0xb4000070a0651000} ch=true seqId=0
04-06 02:32:57.861 22327 22327 I ViewRootImpl@6f46e31[PopupWindow:b771ad8]: mThreadedRenderer.initialize() mSurface={isValid=true 0xb4000070a0651000} hwInitialized=true
04-06 02:32:57.861 22327 22427 D OpenGLRenderer: eglCreateWindowSurface
04-06 02:32:57.861 22327 22327 I ViewRootImpl@6f46e31[PopupWindow:b771ad8]: reportNextDraw android.view.ViewRootImpl.performTraversals:4438 android.view.ViewRootImpl.doTraversal:3116 android.view.ViewRootImpl$TraversalRunnable.run:10885 android.view.Choreographer$CallbackRecord.run:1301 android.view.Choreographer$CallbackRecord.run:1309 
04-06 02:32:57.861 22327 22327 I ViewRootImpl@6f46e31[PopupWindow:b771ad8]: Setup new sync id=0
04-06 02:32:57.861 22327 22327 I ViewRootImpl@6f46e31[PopupWindow:b771ad8]: Setting syncFrameCallback
04-06 02:32:57.861 22327 22327 I ViewRootImpl@6f46e31[PopupWindow:b771ad8]: registerCallbacksForSync syncBuffer=false
04-06 02:32:57.863 22327 22448 I ViewRootImpl@6f46e31[PopupWindow:b771ad8]: Received frameDrawingCallback syncResult=0 frameNum=1.
04-06 02:32:57.863 22327 22448 I ViewRootImpl@6f46e31[PopupWindow:b771ad8]: Setting up sync and frameCommitCallback
04-06 02:32:57.863 22327 22427 I BLASTBufferQueue: [ViewRootImpl@6f46e31[PopupWindow:b771ad8]#2](f:0,a:0) onFrameAvailable the first frame is available
04-06 02:32:57.864 22327 22427 I ViewRootImpl@6f46e31[PopupWindow:b771ad8]: Received frameCommittedCallback lastAttemptedDrawFrameNum=1 didProduceBuffer=true
04-06 02:32:57.864 22327 22427 D OpenGLRenderer: CFMS:: SetUp Pid : 22327    Tid : 22427
04-06 02:32:57.864 22327 22427 W Parcel  : Expecting binder but got null!
04-06 02:32:57.864 22327 22327 I ViewRootImpl@6f46e31[PopupWindow:b771ad8]: onSyncComplete
04-06 02:32:57.864 22327 22327 I ViewRootImpl@6f46e31[PopupWindow:b771ad8]: setupSync seqId=0 mSyncId=0 fn=1 caller=android.view.ViewRootImpl$$ExternalSyntheticLambda11.accept:6 android.window.SurfaceSyncer.lambda$setupSync$1$android-window-SurfaceSyncer:128 android.window.SurfaceSyncer$$ExternalSyntheticLambda1.accept:8 android.window.SurfaceSyncer$SyncSet.checkIfSyncIsComplete:382 android.window.SurfaceSyncer$SyncSet.markSyncReady:359 android.window.SurfaceSyncer.markSyncReady:151 android.view.ViewRootImpl.performTraversals:4503 
04-06 02:32:57.865 22327 22327 I ViewRootImpl@6f46e31[PopupWindow:b771ad8]: reportDrawFinished seqId=0 mSyncId=-1 fn=1 mSurfaceChangedTransaction=0xb4000070a0c19300
04-06 02:32:57.869 22327 22327 I ViewRootImpl@6f46e31[PopupWindow:b771ad8]: handleResized, msg = 5 frames=ClientWindowFrames{frame=[0,88][1080,167] display=[0,88][1080,2256] parentFrame=[0,0][0,0] parentClippedByDisplayCutout=false} forceNextWindowRelayout=false displayId=0 resizeMode=-1 frameChanged=false displayFrameChanged=false configChanged=false displayChanged=false
04-06 02:32:57.869 22327 22327 I ViewRootImpl@6f46e31[PopupWindow:b771ad8]: handleResized mSyncSeqId = 0
04-06 02:32:57.869 22327 22327 I ViewRootImpl@6f46e31[PopupWindow:b771ad8]: reportNextDraw android.view.ViewRootImpl.handleResized:2450 android.view.ViewRootImpl.-$$Nest$mhandleResized:0 android.view.ViewRootImpl$ViewRootHandler.handleMessageImpl:6728 android.view.ViewRootImpl$ViewRootHandler.handleMessage:6697 android.os.Handler.dispatchMessage:106 
04-06 02:32:57.885 22327 22327 I ViewRootImpl@6f46e31[PopupWindow:b771ad8]: Setup new sync id=1
04-06 02:32:57.885 22327 22327 I ViewRootImpl@6f46e31[PopupWindow:b771ad8]: Setting syncFrameCallback
04-06 02:32:57.885 22327 22327 I ViewRootImpl@6f46e31[PopupWindow:b771ad8]: registerCallbacksForSync syncBuffer=false
04-06 02:32:57.886 22327 22447 I ViewRootImpl@6f46e31[PopupWindow:b771ad8]: Received frameDrawingCallback syncResult=0 frameNum=3.
04-06 02:32:57.887 22327 22447 I ViewRootImpl@6f46e31[PopupWindow:b771ad8]: Setting up sync and frameCommitCallback
04-06 02:32:57.888 22327 22427 I ViewRootImpl@6f46e31[PopupWindow:b771ad8]: Received frameCommittedCallback lastAttemptedDrawFrameNum=3 didProduceBuffer=true
04-06 02:32:57.888 22327 22327 I ViewRootImpl@6f46e31[PopupWindow:b771ad8]: onSyncComplete
04-06 02:32:57.888 22327 22327 I ViewRootImpl@6f46e31[PopupWindow:b771ad8]: setupSync seqId=0 mSyncId=1 fn=3 caller=android.view.ViewRootImpl$$ExternalSyntheticLambda11.accept:6 android.window.SurfaceSyncer.lambda$setupSync$1$android-window-SurfaceSyncer:128 android.window.SurfaceSyncer$$ExternalSyntheticLambda1.accept:8 android.window.SurfaceSyncer$SyncSet.checkIfSyncIsComplete:382 android.window.SurfaceSyncer$SyncSet.markSyncReady:359 android.window.SurfaceSyncer.markSyncReady:151 android.view.ViewRootImpl.performTraversals:4503 
04-06 02:32:57.889 22327 22327 I ViewRootImpl@6f46e31[PopupWindow:b771ad8]: reportDrawFinished seqId=0 mSyncId=-1 fn=3 mSurfaceChangedTransaction=0xb4000070a0c19300
04-06 02:32:57.949 22327 22427 D OpenGLRenderer: setSurface called with nullptr
04-06 02:32:57.949 22327 22427 D OpenGLRenderer: setSurface() destroyed EGLSurface
04-06 02:32:57.949 22327 22427 D OpenGLRenderer: destroyEglSurface
04-06 02:32:57.950 22327 22327 I ViewRootImpl@6f46e31[PopupWindow:b771ad8]: dispatchDetachedFromWindow
04-06 02:32:57.954 22327 22327 D InputTransport: Input channel destroyed: '4a331c2', fd=165
04-06 02:32:58.076 22327 22327 D ScrollView: initGoToTop
04-06 02:32:58.100 22327 22339 I om.evolucao.app: Compiler allocated 4177KB to compile void android.widget.TextView.<init>(android.content.Context, android.util.AttributeSet, int, int)
04-06 02:33:00.308 22327 22494 D ProfileInstaller: Installing profile for com.evolucao.app
04-06 02:33:00.319 22327 22327 W UiControllerImpl: Waiting for: DYNAMIC_TASKS_HAVE_IDLED for 500 iterations.
04-06 02:33:00.971 22327 22327 I Detox   : Wait is over: App is now idle!
04-06 02:33:00.971 22327 22408 I DetoxWSClient: Sending out action 'ready' (ID #-1000)
