04-06 02:33:02.605 22327 22327 I ViewRootImpl@da21e38[PopupWindow:5a2fa9b]: performTraversals mFirst=true windowShouldResize=true viewVisibilityChanged=false mForceNextWindowRelayout=false params={(112,1296)(90x94) gr=TOP START CENTER sim={state=unchanged adjust=pan} ty=APPLICATION_SUB_PANEL fmt=TRANSLUCENT wanim=0x1030313 surfaceInsets=Rect(0, 0 - 0, 0) (manual)
04-06 02:33:02.605 22327 22327 I ViewRootImpl@da21e38[PopupWindow:5a2fa9b]:   fl=41800218
04-06 02:33:02.605 22327 22327 I ViewRootImpl@da21e38[PopupWindow:5a2fa9b]:   pfl=42018000
04-06 02:33:02.605 22327 22327 I ViewRootImpl@da21e38[PopupWindow:5a2fa9b]:   bhv=DEFAULT
04-06 02:33:02.605 22327 22327 I ViewRootImpl@da21e38[PopupWindow:5a2fa9b]:   fitTypes=STATUS_BARS NAVIGATION_BARS CAPTION_BAR naviIconColor=0
04-06 02:33:02.605 22327 22327 I ViewRootImpl@da21e38[PopupWindow:5a2fa9b]:   sfl=20000}
04-06 02:33:02.608 22327 22351 I ViewRootImpl@da21e38[PopupWindow:5a2fa9b]: Resizing android.view.ViewRootImpl@f038a4d: frame = [112,1296][202,1390] reportDraw = true forceLayout = false syncSeqId = 0
04-06 02:33:02.609 22327 22327 I ViewRootImpl@da21e38[PopupWindow:5a2fa9b]: updateBlastSurfaceIfNeeded mBlastBufferQueue=null isSameSurfaceControl=false
04-06 02:33:02.609 22327 22327 I BLASTBufferQueue: new BLASTBufferQueue, mName= ViewRootImpl@da21e38[PopupWindow:5a2fa9b] mNativeObject= 0xb4000070a052a700 sc.mNativeObject= 0xb4000070a078bf80 caller= android.view.ViewRootImpl.updateBlastSurfaceIfNeeded:2909 android.view.ViewRootImpl.relayoutWindow:9847 android.view.ViewRootImpl.performTraversals:3884 android.view.ViewRootImpl.doTraversal:3116 android.view.ViewRootImpl$TraversalRunnable.run:10885 android.view.Choreographer$CallbackRecord.run:1301 android.view.Choreographer$CallbackRecord.run:1309 android.view.Choreographer.doCallbacks:923 android.view.Choreographer.doFrame:852 android.view.Choreographer$FrameDisplayEventReceiver.run:1283 
04-06 02:33:02.609 22327 22327 I BLASTBufferQueue: update, w= 90 h= 94 mName = ViewRootImpl@da21e38[PopupWindow:5a2fa9b] mNativeObject= 0xb4000070a052a700 sc.mNativeObject= 0xb4000070a078bf80 format= -3 caller= android.graphics.BLASTBufferQueue.<init>:84 android.view.ViewRootImpl.updateBlastSurfaceIfNeeded:2909 android.view.ViewRootImpl.relayoutWindow:9847 android.view.ViewRootImpl.performTraversals:3884 android.view.ViewRootImpl.doTraversal:3116 android.view.ViewRootImpl$TraversalRunnable.run:10885 
04-06 02:33:02.610 22327 22327 I ViewRootImpl@da21e38[PopupWindow:5a2fa9b]: Relayout returned: old=(112,1296,202,1390) new=(112,1296,202,1390) req=(90,94)0 dur=4 res=0x3 s={true 0xb4000070a0754000} ch=true seqId=0
04-06 02:33:02.611 22327 22327 I ViewRootImpl@da21e38[PopupWindow:5a2fa9b]: mThreadedRenderer.initialize() mSurface={isValid=true 0xb4000070a0754000} hwInitialized=true
04-06 02:33:02.611 22327 22427 D OpenGLRenderer: eglCreateWindowSurface
04-06 02:33:02.611 22327 22327 I ViewRootImpl@da21e38[PopupWindow:5a2fa9b]: reportNextDraw android.view.ViewRootImpl.performTraversals:4438 android.view.ViewRootImpl.doTraversal:3116 android.view.ViewRootImpl$TraversalRunnable.run:10885 android.view.Choreographer$CallbackRecord.run:1301 android.view.Choreographer$CallbackRecord.run:1309 
04-06 02:33:02.611 22327 22327 I ViewRootImpl@da21e38[PopupWindow:5a2fa9b]: Setup new sync id=0
04-06 02:33:02.611 22327 22327 I ViewRootImpl@da21e38[PopupWindow:5a2fa9b]: Setting syncFrameCallback
04-06 02:33:02.611 22327 22327 I ViewRootImpl@da21e38[PopupWindow:5a2fa9b]: registerCallbacksForSync syncBuffer=false
04-06 02:33:02.612 22327 22447 I ViewRootImpl@da21e38[PopupWindow:5a2fa9b]: Received frameDrawingCallback syncResult=0 frameNum=1.
04-06 02:33:02.612 22327 22447 I ViewRootImpl@da21e38[PopupWindow:5a2fa9b]: Setting up sync and frameCommitCallback
04-06 02:33:02.612 22327 22427 I BLASTBufferQueue: [ViewRootImpl@da21e38[PopupWindow:5a2fa9b]#9](f:0,a:0) onFrameAvailable the first frame is available
04-06 02:33:02.613 22327 22427 I ViewRootImpl@da21e38[PopupWindow:5a2fa9b]: Received frameCommittedCallback lastAttemptedDrawFrameNum=1 didProduceBuffer=true
04-06 02:33:02.613 22327 22427 D OpenGLRenderer: CFMS:: SetUp Pid : 22327    Tid : 22427
04-06 02:33:02.613 22327 22427 W Parcel  : Expecting binder but got null!
04-06 02:33:02.613 22327 22327 I ViewRootImpl@da21e38[PopupWindow:5a2fa9b]: onSyncComplete
04-06 02:33:02.614 22327 22327 I ViewRootImpl@da21e38[PopupWindow:5a2fa9b]: setupSync seqId=0 mSyncId=0 fn=1 caller=android.view.ViewRootImpl$$ExternalSyntheticLambda11.accept:6 android.window.SurfaceSyncer.lambda$setupSync$1$android-window-SurfaceSyncer:128 android.window.SurfaceSyncer$$ExternalSyntheticLambda1.accept:8 android.window.SurfaceSyncer$SyncSet.checkIfSyncIsComplete:382 android.window.SurfaceSyncer$SyncSet.markSyncReady:359 android.window.SurfaceSyncer.markSyncReady:151 android.view.ViewRootImpl.performTraversals:4503 
04-06 02:33:02.614 22327 22327 I ViewRootImpl@da21e38[PopupWindow:5a2fa9b]: reportDrawFinished seqId=0 mSyncId=-1 fn=1 mSurfaceChangedTransaction=0xb4000070a0813200
04-06 02:33:02.614 22327 22327 I ViewRootImpl@432acd9[PopupWindow:ff20b20]: reportDrawFinished seqId=0 mSyncId=-1 fn=1 mSurfaceChangedTransaction=0xb4000070a0611100
04-06 02:33:02.616 22327 22327 I ViewRootImpl@432acd9[PopupWindow:ff20b20]: handleResized, msg = 5 frames=ClientWindowFrames{frame=[112,1390][202,1498] display=[-100000,-100000][100000,100000] parentFrame=[0,0][0,0] parentClippedByDisplayCutout=false} forceNextWindowRelayout=false displayId=0 resizeMode=-1 frameChanged=false displayFrameChanged=false configChanged=false displayChanged=false
04-06 02:33:02.616 22327 22327 I ViewRootImpl@432acd9[PopupWindow:ff20b20]: handleResized mSyncSeqId = 0
04-06 02:33:02.616 22327 22327 I ViewRootImpl@432acd9[PopupWindow:ff20b20]: reportNextDraw android.view.ViewRootImpl.handleResized:2450 android.view.ViewRootImpl.-$$Nest$mhandleResized:0 android.view.ViewRootImpl$ViewRootHandler.handleMessageImpl:6728 android.view.ViewRootImpl$ViewRootHandler.handleMessage:6697 android.os.Handler.dispatchMessage:106 
04-06 02:33:02.617 22327 22327 I ViewRootImpl@432acd9[PopupWindow:ff20b20]: Setup new sync id=1
04-06 02:33:02.617 22327 22327 I ViewRootImpl@432acd9[PopupWindow:ff20b20]: Setting syncFrameCallback
04-06 02:33:02.617 22327 22327 I ViewRootImpl@432acd9[PopupWindow:ff20b20]: registerCallbacksForSync syncBuffer=false
04-06 02:33:02.629 22327 22448 I ViewRootImpl@432acd9[PopupWindow:ff20b20]: Received frameDrawingCallback syncResult=0 frameNum=2.
04-06 02:33:02.629 22327 22448 I ViewRootImpl@432acd9[PopupWindow:ff20b20]: Setting up sync and frameCommitCallback
04-06 02:33:02.631 22327 22427 I ViewRootImpl@432acd9[PopupWindow:ff20b20]: Received frameCommittedCallback lastAttemptedDrawFrameNum=2 didProduceBuffer=true
04-06 02:33:02.631 22327 22327 I ViewRootImpl@432acd9[PopupWindow:ff20b20]: onSyncComplete
04-06 02:33:02.632 22327 22327 I ViewRootImpl@432acd9[PopupWindow:ff20b20]: setupSync seqId=0 mSyncId=1 fn=2 caller=android.view.ViewRootImpl$$ExternalSyntheticLambda11.accept:6 android.window.SurfaceSyncer.lambda$setupSync$1$android-window-SurfaceSyncer:128 android.window.SurfaceSyncer$$ExternalSyntheticLambda1.accept:8 android.window.SurfaceSyncer$SyncSet.checkIfSyncIsComplete:382 android.window.SurfaceSyncer$SyncSet.markSyncReady:359 android.window.SurfaceSyncer.markSyncReady:151 android.view.ViewRootImpl.performTraversals:4503 
04-06 02:33:02.634 22327 22327 I ViewRootImpl@432acd9[PopupWindow:ff20b20]: reportDrawFinished seqId=0 mSyncId=-1 fn=2 mSurfaceChangedTransaction=0xb4000070a0611100
04-06 02:33:02.636 22327 22327 I ViewRootImpl@da21e38[PopupWindow:5a2fa9b]: handleResized, msg = 5 frames=ClientWindowFrames{frame=[112,1296][202,1390] display=[-100000,-100000][100000,100000] parentFrame=[0,0][0,0] parentClippedByDisplayCutout=false} forceNextWindowRelayout=false displayId=0 resizeMode=-1 frameChanged=false displayFrameChanged=false configChanged=false displayChanged=false
04-06 02:33:02.636 22327 22327 I ViewRootImpl@da21e38[PopupWindow:5a2fa9b]: handleResized mSyncSeqId = 0
04-06 02:33:02.636 22327 22327 I ViewRootImpl@da21e38[PopupWindow:5a2fa9b]: reportNextDraw android.view.ViewRootImpl.handleResized:2450 android.view.ViewRootImpl.-$$Nest$mhandleResized:0 android.view.ViewRootImpl$ViewRootHandler.handleMessageImpl:6728 android.view.ViewRootImpl$ViewRootHandler.handleMessage:6697 android.os.Handler.dispatchMessage:106 
04-06 02:33:02.637 22327 22327 W OnBackInvokedCallback: OnBackInvokedCallback is not enabled for the application.
04-06 02:33:02.637 22327 22327 W OnBackInvokedCallback: Set 'android:enableOnBackInvokedCallback="true"' in the application manifest.
04-06 02:33:02.637 22327 22327 D InsetsController: show(ime(), fromIme=true)
04-06 02:33:02.638 22327 22327 D InsetsController: show(ime(), fromIme=true)
04-06 02:33:02.639 22327 22327 I ViewRootImpl@da21e38[PopupWindow:5a2fa9b]: Setup new sync id=1
04-06 02:33:02.639 22327 22327 I ViewRootImpl@da21e38[PopupWindow:5a2fa9b]: Setting syncFrameCallback
04-06 02:33:02.639 22327 22327 I ViewRootImpl@da21e38[PopupWindow:5a2fa9b]: registerCallbacksForSync syncBuffer=false
04-06 02:33:02.649 22327 22447 I ViewRootImpl@da21e38[PopupWindow:5a2fa9b]: Received frameDrawingCallback syncResult=0 frameNum=2.
04-06 02:33:02.649 22327 22447 I ViewRootImpl@da21e38[PopupWindow:5a2fa9b]: Setting up sync and frameCommitCallback
04-06 02:33:02.649 22327 22427 I ViewRootImpl@da21e38[PopupWindow:5a2fa9b]: Received frameCommittedCallback lastAttemptedDrawFrameNum=2 didProduceBuffer=true
04-06 02:33:02.649 22327 22327 I ViewRootImpl@da21e38[PopupWindow:5a2fa9b]: onSyncComplete
04-06 02:33:02.650 22327 22327 I ViewRootImpl@da21e38[PopupWindow:5a2fa9b]: setupSync seqId=0 mSyncId=1 fn=2 caller=android.view.ViewRootImpl$$ExternalSyntheticLambda11.accept:6 android.window.SurfaceSyncer.lambda$setupSync$1$android-window-SurfaceSyncer:128 android.window.SurfaceSyncer$$ExternalSyntheticLambda1.accept:8 android.window.SurfaceSyncer$SyncSet.checkIfSyncIsComplete:382 android.window.SurfaceSyncer$SyncSet.markSyncReady:359 android.window.SurfaceSyncer.markSyncReady:151 android.view.ViewRootImpl.performTraversals:4503 
04-06 02:33:02.653 22327 22327 I ViewRootImpl@da21e38[PopupWindow:5a2fa9b]: reportDrawFinished seqId=0 mSyncId=-1 fn=2 mSurfaceChangedTransaction=0xb4000070a0813200
04-06 02:33:02.657 22327 22327 D InsetsController: show(ime(), fromIme=true)
04-06 02:33:02.687 22327 22427 D OpenGLRenderer: setSurface called with nullptr
04-06 02:33:02.687 22327 22427 D OpenGLRenderer: setSurface() destroyed EGLSurface
04-06 02:33:02.687 22327 22427 D OpenGLRenderer: destroyEglSurface
04-06 02:33:02.688 22327 22327 I ViewRootImpl@2f8b673[PopupWindow:b2e32e2]: dispatchDetachedFromWindow
04-06 02:33:02.690 22327 22327 D InputTransport: Input channel destroyed: '5b9b8fc', fd=221
04-06 02:33:03.045 22327 22408 I DetoxWSClient: Sending out action 'invokeResult' (ID #8)
04-06 02:33:03.045 22327 22408 I DetoxDispatcher: Done with action 'invoke'
04-06 02:33:03.053 22327 22413 D DetoxWSClient: Received action 'invoke' (ID #9, params={"target":{"type":"Class","value":"com.wix.detox.espresso.EspressoDetox"},"method":"perform","args":[{"type":"Invocation","value":{"target":{"type":"Class","value":"com.wix.detox.espresso.DetoxMatcher"},"method":"matcherForTestId","args":["input-peso-meta",{"type":"boolean","value":false}]}},{"type":"Invocation","value":{"target":{"type":"Class","value":"androidx.test.espresso.action.ViewActions"},"method":"clearText","args":[]}}]})
04-06 02:33:03.054 22327 22408 I DetoxDispatcher: Handling action 'invoke' (ID #9)...
04-06 02:33:03.056 22327 22408 D Detox   : class com.wix.detox.espresso.DetoxMatcher, matcherForTestId, [input-peso-meta, false]
04-06 02:33:03.057 22327 22408 D Detox   : class androidx.test.espresso.action.ViewActions, clearText, []
04-06 02:33:03.058 22327 22408 D Detox   : class com.wix.detox.espresso.EspressoDetox, perform, [(view.getTag() is "input-peso-meta" and view has effective visibility <VISIBLE>), androidx.test.espresso.action.ReplaceTextAction@9f3c08b]
04-06 02:33:03.065 22327 22327 I ViewInteraction: Performing 'replace text()' action on view (view.getTag() is "input-peso-meta" and view has effective visibility <VISIBLE>)
04-06 02:33:03.082 22327 22408 I DetoxWSClient: Sending out action 'invokeResult' (ID #9)
04-06 02:33:03.082 22327 22408 I DetoxDispatcher: Done with action 'invoke'
04-06 02:33:03.089 22327 22413 D DetoxWSClient: Received action 'invoke' (ID #10, params={"target":{"type":"Class","value":"com.wix.detox.espresso.EspressoDetox"},"method":"perform","args":[{"type":"Invocation","value":{"target":{"type":"Class","value":"com.wix.detox.espresso.DetoxMatcher"},"method":"matcherForTestId","args":["input-peso-meta",{"type":"boolean","value":false}]}},{"type":"Invocation","value":{"target":{"type":"Class","value":"com.wix.detox.espresso.DetoxViewActions"},"method":"typeText","args":["75"]}}]})
04-06 02:33:03.091 22327 22327 D InputMethodManager: startInputInner - Id : 0
04-06 02:33:03.091 22327 22327 I InputMethodManager: startInputInner - mService.startInputOrWindowGainedFocus
04-06 02:33:03.094 22327 22408 I DetoxDispatcher: Handling action 'invoke' (ID #10)...
04-06 02:33:03.095 22327 22408 D Detox   : class com.wix.detox.espresso.DetoxMatcher, matcherForTestId, [input-peso-meta, false]
04-06 02:33:03.095 22327 22408 D Detox   : class com.wix.detox.espresso.DetoxViewActions, typeText, [75]
04-06 02:33:03.096 22327 22408 D Detox   : class com.wix.detox.espresso.EspressoDetox, perform, [(view.getTag() is "input-peso-meta" and view has effective visibility <VISIBLE>), com.wix.detox.espresso.action.DetoxTypeTextAction@99b0bfe]
04-06 02:33:03.100 22327 22327 I ViewInteraction: Performing 'Click to focus & type text (75)' action on view (view.getTag() is "input-peso-meta" and view has effective visibility <VISIBLE>)
04-06 02:33:03.112 22327 22327 I ViewRootImpl@73623ee[MainActivity]: ViewPostIme pointer 0
04-06 02:33:03.125 22327 22327 D InputMethodManager: startInputInner - Id : 0
04-06 02:33:03.125 22327 22327 I InputMethodManager: startInputInner - mService.startInputOrWindowGainedFocus
04-06 02:33:03.137 22327 22327 D InsetsController: show(ime(), fromIme=true)
04-06 02:33:03.137 22327 22327 I ViewRootImpl@73623ee[MainActivity]: ViewPostIme pointer 1
04-06 02:33:03.140 22327 22327 I IMM_LC  : showSoftInput(View,I)
04-06 02:33:03.140 22327 22327 I IMM_LC  : ssi() - flag : 0 view : com.evolucao.app reason = SHOW_SOFT_INPUT
04-06 02:33:03.176 22327 22427 D NativeCustomFrequencyManager: [NativeCFMS] BpCustomFrequencyManager::BpCustomFrequencyManager()
04-06 02:33:03.183 22327 22327 D InsetsController: onStateChanged: InsetsState: {mDisplayFrame=Rect(0, 0 - 1080, 2400), mDisplayCutout=DisplayCutout{insets=Rect(0, 88 - 0, 0) waterfall=Insets{left=0, top=0, right=0, bottom=0} boundingRect={Bounds=[Rect(0, 0 - 0, 0), Rect(512, 0 - 568, 88), Rect(0, 0 - 0, 0), Rect(0, 0 - 0, 0)]} cutoutPathParserInfo={CutoutPathParserInfo{displayWidth=1080 displayHeight=2400 physicalDisplayWidth=1080 physicalDisplayHeight=2400 density={3.0} cutoutSpec={M 0,0 M 0,10.71963616907435 a 9.280363830925644,9.280363830925644 0 1,0 0,18.56072766185129 a 9.280363830925644,9.280363830925644 0 1,0 0,-18.56072766185129 Z @dp} rotation={0} scale={1.0} physicalPixelDisplaySizeRatio={1.0}}}}, mRoundedCorners=RoundedCorners{[RoundedCorner{position=TopLeft, radius=96, center=Point(96, 96)}, RoundedCorner{position=TopRight, radius=96, center=Point(984, 96)}, RoundedCorner{position=BottomRight, radius=96, center=Point(984, 2304)}, RoundedCorner{position=BottomLeft, radius=96, center=Point(96, 2304)}]}  mRoundedCornerFrame=Rect(0, 0 - 1080, 2400), mPrivacyIndicatorBounds=PrivacyIndicatorBounds {static bounds=Rect(948, 0 - 1080, 88) rotation=0}, mSources= { InsetsSource: {mType=ITYPE_STATUS_BAR, mFrame=[0,0][1080,88], mVisible=true, mInsetsRoundedCornerFrame=false}, InsetsSource: {mType=ITYPE_NAVIGATION_BAR, mFrame=[0,2256][1080,2400], mVisible=true, mInsetsRoundedCornerFrame=false}, InsetsSource: {mType=ITYPE_LEFT_GESTURES, mFrame=[0,0][0,2400], mVisible=true, mInsetsRoundedCornerFrame=false}, InsetsSource: {mType=ITYPE_RIGHT_GESTURES, mFrame=[1080,0][1080,2400], mVisible=true, mInsetsRoundedCornerFrame=false}, InsetsSource: {mType=ITYPE_TOP_MANDATORY_GESTURES, mFrame=[0,0][1080,124], mVisible=true, mInsetsRoundedCornerFrame=false}, InsetsSource: {mType=ITYPE_BOTTOM_MANDATORY_GESTURES, mFrame=[0,2256][1080,2400], mVisible=true, mInsetsRoundedCornerFrame=false}, InsetsSource: {mType=ITYPE_LEFT_DISPLAY_CUTOUT, mFrame=[0,0][-100000,2400], mVisible=true, mInsetsRoundedCornerFrame=false}, InsetsSource: {mType=ITYPE_TOP_DISPLAY_CUTOUT, mFrame=[0,0][1080,88], mVisible=true, mInsetsRoundedCornerFrame=false}, InsetsSource: {mType=ITYPE_RIGHT_DISPLAY_CUTOUT, mFrame=[100000,0][1080,2400], mVisible=true, mInsetsRoundedCornerFrame=false}, InsetsSource: {mType=ITYPE_BOTTOM_DISPLAY_CUTOUT, mFrame=[0,100000][1080,2400], mVisible=true, mInsetsRoundedCornerFrame=false}, InsetsSource: {mType=ITYPE_TOP_TAPPABLE_ELEMENT, mFrame=[0,0][1080,88], mVisible=true, mInsetsRoundedCornerFrame=false}, InsetsSource: {mType=ITYPE_BOTTOM_TAPPABLE_ELEMENT, mFrame=[0,2256][1080,2400], mVisible=true, mInsetsRoundedCornerFrame=false} } host=PopupWindow:9f2cc0d from=android.view.ViewRootImpl.setView:1732
04-06 02:33:03.186 22327 22327 I ViewRootImpl@59b07c2[PopupWindow:9f2cc0d]: setView = android.widget.PopupWindow$PopupDecorView@915de0e TM=false
04-06 02:33:03.194 22327 22427 D NativeCustomFrequencyManager: [NativeCFMS] BpCustomFrequencyManager::BpCustomFrequencyManager()
04-06 02:33:03.198 22327 22327 D InsetsController: onStateChanged: InsetsState: {mDisplayFrame=Rect(0, 0 - 1080, 2400), mDisplayCutout=DisplayCutout{insets=Rect(0, 88 - 0, 0) waterfall=Insets{left=0, top=0, right=0, bottom=0} boundingRect={Bounds=[Rect(0, 0 - 0, 0), Rect(512, 0 - 568, 88), Rect(0, 0 - 0, 0), Rect(0, 0 - 0, 0)]} cutoutPathParserInfo={CutoutPathParserInfo{displayWidth=1080 displayHeight=2400 physicalDisplayWidth=1080 physicalDisplayHeight=2400 density={3.0} cutoutSpec={M 0,0 M 0,10.71963616907435 a 9.280363830925644,9.280363830925644 0 1,0 0,18.56072766185129 a 9.280363830925644,9.280363830925644 0 1,0 0,-18.56072766185129 Z @dp} rotation={0} scale={1.0} physicalPixelDisplaySizeRatio={1.0}}}}, mRoundedCorners=RoundedCorners{[RoundedCorner{position=TopLeft, radius=96, center=Point(96, 96)}, RoundedCorner{position=TopRight, radius=96, center=Point(984, 96)}, RoundedCorner{position=BottomRight, radius=96, center=Point(984, 2304)}, RoundedCorner{position=BottomLeft, radius=96, center=Point(96, 2304)}]}  mRoundedCornerFrame=Rect(0, 0 - 1080, 2400), mPrivacyIndicatorBounds=PrivacyIndicatorBounds {static bounds=Rect(948, 0 - 1080, 88) rotation=0}, mSources= { InsetsSource: {mType=ITYPE_STATUS_BAR, mFrame=[0,0][1080,88], mVisible=true, mInsetsRoundedCornerFrame=false}, InsetsSource: {mType=ITYPE_NAVIGATION_BAR, mFrame=[0,2256][1080,2400], mVisible=true, mInsetsRoundedCornerFrame=false}, InsetsSource: {mType=ITYPE_LEFT_GESTURES, mFrame=[0,0][0,2400], mVisible=true, mInsetsRoundedCornerFrame=false}, InsetsSource: {mType=ITYPE_RIGHT_GESTURES, mFrame=[1080,0][1080,2400], mVisible=true, mInsetsRoundedCornerFrame=false}, InsetsSource: {mType=ITYPE_TOP_MANDATORY_GESTURES, mFrame=[0,0][1080,124], mVisible=true, mInsetsRoundedCornerFrame=false}, InsetsSource: {mType=ITYPE_BOTTOM_MANDATORY_GESTURES, mFrame=[0,2256][1080,2400], mVisible=true, mInsetsRoundedCornerFrame=false}, InsetsSource: {mType=ITYPE_LEFT_DISPLAY_CUTOUT, mFrame=[0,0][-100000,2400], mVisible=true, mInsetsRoundedCornerFrame=false}, InsetsSource: {mType=ITYPE_TOP_DISPLAY_CUTOUT, mFrame=[0,0][1080,88], mVisible=true, mInsetsRoundedCornerFrame=false}, InsetsSource: {mType=ITYPE_RIGHT_DISPLAY_CUTOUT, mFrame=[100000,0][1080,2400], mVisible=true, mInsetsRoundedCornerFrame=false}, InsetsSource: {mType=ITYPE_BOTTOM_DISPLAY_CUTOUT, mFrame=[0,100000][1080,2400], mVisible=true, mInsetsRoundedCornerFrame=false}, InsetsSource: {mType=ITYPE_TOP_TAPPABLE_ELEMENT, mFrame=[0,0][1080,88], mVisible=true, mInsetsRoundedCornerFrame=false}, InsetsSource: {mType=ITYPE_BOTTOM_TAPPABLE_ELEMENT, mFrame=[0,2256][1080,2400], mVisible=true, mInsetsRoundedCornerFrame=false} } host=PopupWindow:f626fc5 from=android.view.ViewRootImpl.setView:1732
04-06 02:33:03.200 22327 22327 I ViewRootImpl@255cd1a[PopupWindow:f626fc5]: setView = android.widget.PopupWindow$PopupDecorView@973a0e6 TM=false
04-06 02:33:03.203 22327 22427 D NativeCustomFrequencyManager: [NativeCFMS] BpCustomFrequencyManager::BpCustomFrequencyManager()
04-06 02:33:03.207 22327 22327 D InsetsController: onStateChanged: InsetsState: {mDisplayFrame=Rect(0, 0 - 1080, 2400), mDisplayCutout=DisplayCutout{insets=Rect(0, 88 - 0, 0) waterfall=Insets{left=0, top=0, right=0, bottom=0} boundingRect={Bounds=[Rect(0, 0 - 0, 0), Rect(512, 0 - 568, 88), Rect(0, 0 - 0, 0), Rect(0, 0 - 0, 0)]} cutoutPathParserInfo={CutoutPathParserInfo{displayWidth=1080 displayHeight=2400 physicalDisplayWidth=1080 physicalDisplayHeight=2400 density={3.0} cutoutSpec={M 0,0 M 0,10.71963616907435 a 9.280363830925644,9.280363830925644 0 1,0 0,18.56072766185129 a 9.280363830925644,9.280363830925644 0 1,0 0,-18.56072766185129 Z @dp} rotation={0} scale={1.0} physicalPixelDisplaySizeRatio={1.0}}}}, mRoundedCorners=RoundedCorners{[RoundedCorner{position=TopLeft, radius=96, center=Point(96, 96)}, RoundedCorner{position=TopRight, radius=96, center=Point(984, 96)}, RoundedCorner{position=BottomRight, radius=96, center=Point(984, 2304)}, RoundedCorner{position=BottomLeft, radius=96, center=Point(96, 2304)}]}  mRoundedCornerFrame=Rect(0, 0 - 1080, 2400), mPrivacyIndicatorBounds=PrivacyIndicatorBounds {static bounds=Rect(948, 0 - 1080, 88) rotation=0}, mSources= { InsetsSource: {mType=ITYPE_STATUS_BAR, mFrame=[0,0][1080,88], mVisible=true, mInsetsRoundedCornerFrame=false}, InsetsSource: {mType=ITYPE_NAVIGATION_BAR, mFrame=[0,2256][1080,2400], mVisible=true, mInsetsRoundedCornerFrame=false}, InsetsSource: {mType=ITYPE_LEFT_GESTURES, mFrame=[0,0][0,2400], mVisible=true, mInsetsRoundedCornerFrame=false}, InsetsSource: {mType=ITYPE_RIGHT_GESTURES, mFrame=[1080,0][1080,2400], mVisible=true, mInsetsRoundedCornerFrame=false}, InsetsSource: {mType=ITYPE_TOP_MANDATORY_GESTURES, mFrame=[0,0][1080,124], mVisible=true, mInsetsRoundedCornerFrame=false}, InsetsSource: {mType=ITYPE_BOTTOM_MANDATORY_GESTURES, mFrame=[0,2256][1080,2400], mVisible=true, mInsetsRoundedCornerFrame=false}, InsetsSource: {mType=ITYPE_LEFT_DISPLAY_CUTOUT, mFrame=[0,0][-100000,2400], mVisible=true, mInsetsRoundedCornerFrame=false}, InsetsSource: {mType=ITYPE_TOP_DISPLAY_CUTOUT, mFrame=[0,0][1080,88], mVisible=true, mInsetsRoundedCornerFrame=false}, InsetsSource: {mType=ITYPE_RIGHT_DISPLAY_CUTOUT, mFrame=[100000,0][1080,2400], mVisible=true, mInsetsRoundedCornerFrame=false}, InsetsSource: {mType=ITYPE_BOTTOM_DISPLAY_CUTOUT, mFrame=[0,100000][1080,2400], mVisible=true, mInsetsRoundedCornerFrame=false}, InsetsSource: {mType=ITYPE_TOP_TAPPABLE_ELEMENT, mFrame=[0,0][1080,88], mVisible=true, mInsetsRoundedCornerFrame=false}, InsetsSource: {mType=ITYPE_BOTTOM_TAPPABLE_ELEMENT, mFrame=[0,2256][1080,2400], mVisible=true, mInsetsRoundedCornerFrame=false} } host=PopupWindow:9f70d4 from=android.view.ViewRootImpl.setView:1732
04-06 02:33:03.208 22327 22327 I ViewRootImpl@3bd27d[PopupWindow:9f70d4]: setView = android.widget.PopupWindow$PopupDecorView@cb81979 TM=false
04-06 02:33:03.212 22327 22327 I ViewRootImpl@59b07c2[PopupWindow:9f2cc0d]: performTraversals params={(0,1023)(1296x480) gr=TOP START CENTER sim={state=unchanged adjust=pan} ty=APPLICATION_ABOVE_SUB_PANEL fmt=TRANSPARENT surfaceInsets=Rect(0, 0 - 0, 0) (manual)
04-06 02:33:03.212 22327 22327 I ViewRootImpl@59b07c2[PopupWindow:9f2cc0d]:   fl=41800208
04-06 02:33:03.212 22327 22327 I ViewRootImpl@59b07c2[PopupWindow:9f2cc0d]:   pfl=42018000
04-06 02:33:03.212 22327 22327 I ViewRootImpl@59b07c2[PopupWindow:9f2cc0d]:   bhv=DEFAULT
04-06 02:33:03.212 22327 22327 I ViewRootImpl@59b07c2[PopupWindow:9f2cc0d]:   fitTypes=STATUS_BARS NAVIGATION_BARS CAPTION_BAR naviIconColor=0
04-06 02:33:03.212 22327 22327 I ViewRootImpl@59b07c2[PopupWindow:9f2cc0d]:   sfl=20000}
04-06 02:33:03.213 22327 22327 I ViewRootImpl@59b07c2[PopupWindow:9f2cc0d]: performTraversals mFirst=true windowShouldResize=true viewVisibilityChanged=false mForceNextWindowRelayout=false params={(0,1023)(1296x480) gr=TOP START CENTER sim={state=unchanged adjust=pan} ty=APPLICATION_ABOVE_SUB_PANEL fmt=TRANSPARENT surfaceInsets=Rect(0, 0 - 0, 0) (manual)
04-06 02:33:03.213 22327 22327 I ViewRootImpl@59b07c2[PopupWindow:9f2cc0d]:   fl=41800208
04-06 02:33:03.213 22327 22327 I ViewRootImpl@59b07c2[PopupWindow:9f2cc0d]:   pfl=42018000
04-06 02:33:03.213 22327 22327 I ViewRootImpl@59b07c2[PopupWindow:9f2cc0d]:   bhv=DEFAULT
04-06 02:33:03.213 22327 22327 I ViewRootImpl@59b07c2[PopupWindow:9f2cc0d]:   fitTypes=STATUS_BARS NAVIGATION_BARS CAPTION_BAR naviIconColor=0
04-06 02:33:03.213 22327 22327 I ViewRootImpl@59b07c2[PopupWindow:9f2cc0d]:   sfl=20000}
04-06 02:33:03.218 22327 22351 I ViewRootImpl@59b07c2[PopupWindow:9f2cc0d]: Resizing android.view.ViewRootImpl@4cc002f: frame = [0,1023][1296,1503] reportDraw = true forceLayout = false syncSeqId = 0
04-06 02:33:03.221 22327 22327 I ViewRootImpl@59b07c2[PopupWindow:9f2cc0d]: updateBlastSurfaceIfNeeded mBlastBufferQueue=null isSameSurfaceControl=false
04-06 02:33:03.221 22327 22327 I BLASTBufferQueue: new BLASTBufferQueue, mName= ViewRootImpl@59b07c2[PopupWindow:9f2cc0d] mNativeObject= 0xb4000070a07d2f00 sc.mNativeObject= 0xb4000070a04771c0 caller= android.view.ViewRootImpl.updateBlastSurfaceIfNeeded:2909 android.view.ViewRootImpl.relayoutWindow:9847 android.view.ViewRootImpl.performTraversals:3884 android.view.ViewRootImpl.doTraversal:3116 android.view.ViewRootImpl$TraversalRunnable.run:10885 android.view.Choreographer$CallbackRecord.run:1301 android.view.Choreographer$CallbackRecord.run:1309 android.view.Choreographer.doCallbacks:923 android.view.Choreographer.doFrame:852 android.view.Choreographer$FrameDisplayEventReceiver.run:1283 
04-06 02:33:03.222 22327 22327 I BLASTBufferQueue: update, w= 1296 h= 480 mName = ViewRootImpl@59b07c2[PopupWindow:9f2cc0d] mNativeObject= 0xb4000070a07d2f00 sc.mNativeObject= 0xb4000070a04771c0 format= -2 caller= android.graphics.BLASTBufferQueue.<init>:84 android.view.ViewRootImpl.updateBlastSurfaceIfNeeded:2909 android.view.ViewRootImpl.relayoutWindow:9847 android.view.ViewRootImpl.performTraversals:3884 android.view.ViewRootImpl.doTraversal:3116 android.view.ViewRootImpl$TraversalRunnable.run:10885 
04-06 02:33:03.222 22327 22327 I ViewRootImpl@59b07c2[PopupWindow:9f2cc0d]: Relayout returned: old=(0,1023,1296,1503) new=(0,1023,1296,1503) req=(1296,480)0 dur=8 res=0x3 s={true 0xb4000070a0756800} ch=true seqId=0
04-06 02:33:03.223 22327 22327 I ViewRootImpl@59b07c2[PopupWindow:9f2cc0d]: mThreadedRenderer.initialize() mSurface={isValid=true 0xb4000070a0756800} hwInitialized=true
04-06 02:33:03.223 22327 22427 D OpenGLRenderer: eglCreateWindowSurface
04-06 02:33:03.228 22327 22327 D AbsListView:  in onLayout changed 
04-06 02:33:03.231 22327 22327 I ViewRootImpl@59b07c2[PopupWindow:9f2cc0d]: reportNextDraw android.view.ViewRootImpl.performTraversals:4438 android.view.ViewRootImpl.doTraversal:3116 android.view.ViewRootImpl$TraversalRunnable.run:10885 android.view.Choreographer$CallbackRecord.run:1301 android.view.Choreographer$CallbackRecord.run:1309 
04-06 02:33:03.231 22327 22327 I ViewRootImpl@59b07c2[PopupWindow:9f2cc0d]: Setup new sync id=0
04-06 02:33:03.232 22327 22327 I ViewRootImpl@59b07c2[PopupWindow:9f2cc0d]: Setting syncFrameCallback
04-06 02:33:03.232 22327 22327 I ViewRootImpl@59b07c2[PopupWindow:9f2cc0d]: registerCallbacksForSync syncBuffer=false
04-06 02:33:03.233 22327 22448 I ViewRootImpl@59b07c2[PopupWindow:9f2cc0d]: Received frameDrawingCallback syncResult=0 frameNum=1.
04-06 02:33:03.234 22327 22448 I ViewRootImpl@59b07c2[PopupWindow:9f2cc0d]: Setting up sync and frameCommitCallback
04-06 02:33:03.234 22327 22427 I BLASTBufferQueue: [ViewRootImpl@59b07c2[PopupWindow:9f2cc0d]#10](f:0,a:0) onFrameAvailable the first frame is available
04-06 02:33:03.234 22327 22427 I ViewRootImpl@59b07c2[PopupWindow:9f2cc0d]: Received frameCommittedCallback lastAttemptedDrawFrameNum=1 didProduceBuffer=true
04-06 02:33:03.235 22327 22427 D OpenGLRenderer: CFMS:: SetUp Pid : 22327    Tid : 22427
04-06 02:33:03.235 22327 22427 W Parcel  : Expecting binder but got null!
04-06 02:33:03.235 22327 22327 I ViewRootImpl@59b07c2[PopupWindow:9f2cc0d]: onSyncComplete
04-06 02:33:03.236 22327 22327 I ViewRootImpl@59b07c2[PopupWindow:9f2cc0d]: setupSync seqId=0 mSyncId=0 fn=1 caller=android.view.ViewRootImpl$$ExternalSyntheticLambda11.accept:6 android.window.SurfaceSyncer.lambda$setupSync$1$android-window-SurfaceSyncer:128 android.window.SurfaceSyncer$$ExternalSyntheticLambda1.accept:8 android.window.SurfaceSyncer$SyncSet.checkIfSyncIsComplete:382 android.window.SurfaceSyncer$SyncSet.markSyncReady:359 android.window.SurfaceSyncer.markSyncReady:151 android.view.ViewRootImpl.performTraversals:4503 
04-06 02:33:03.237 22327 22327 I ViewRootImpl@59b07c2[PopupWindow:9f2cc0d]: reportDrawFinished seqId=0 mSyncId=-1 fn=1 mSurfaceChangedTransaction=0xb4000070a06b8900
04-06 02:33:03.241 22327 22427 D OpenGLRenderer: setSurface called with nullptr
04-06 02:33:03.241 22327 22427 D OpenGLRenderer: setSurface() destroyed EGLSurface
04-06 02:33:03.241 22327 22427 D OpenGLRenderer: destroyEglSurface
04-06 02:33:03.241 22327 22327 I ViewRootImpl@432acd9[PopupWindow:ff20b20]: dispatchDetachedFromWindow
04-06 02:33:03.250 22327 22327 D InputTransport: Input channel destroyed: 'c0f578a', fd=125
04-06 02:33:03.251 22327 22427 D OpenGLRenderer: setSurface called with nullptr
04-06 02:33:03.251 22327 22427 D OpenGLRenderer: setSurface() destroyed EGLSurface
04-06 02:33:03.251 22327 22427 D OpenGLRenderer: destroyEglSurface
04-06 02:33:03.251 22327 22327 I ViewRootImpl@da21e38[PopupWindow:5a2fa9b]: dispatchDetachedFromWindow
04-06 02:33:03.257 22327 22327 D InputTransport: Input channel destroyed: '9bb42d7', fd=133
04-06 02:33:03.260 22327 22327 I ViewRootImpl@255cd1a[PopupWindow:f626fc5]: performTraversals params={(63,1390)(90x108) gr=TOP START CENTER sim={state=unchanged adjust=pan} ty=APPLICATION_SUB_PANEL fmt=TRANSLUCENT wanim=0x1030313 surfaceInsets=Rect(0, 0 - 0, 0) (manual)
04-06 02:33:03.260 22327 22327 I ViewRootImpl@255cd1a[PopupWindow:f626fc5]:   fl=41800208
04-06 02:33:03.260 22327 22327 I ViewRootImpl@255cd1a[PopupWindow:f626fc5]:   pfl=2018000
04-06 02:33:03.260 22327 22327 I ViewRootImpl@255cd1a[PopupWindow:f626fc5]:   bhv=DEFAULT
04-06 02:33:03.260 22327 22327 I ViewRootImpl@255cd1a[PopupWindow:f626fc5]:   fitTypes=STATUS_BARS NAVIGATION_BARS CAPTION_BAR naviIconColor=0
04-06 02:33:03.260 22327 22327 I ViewRootImpl@255cd1a[PopupWindow:f626fc5]:   sfl=20000}
04-06 02:33:03.261 22327 22327 I ViewRootImpl@255cd1a[PopupWindow:f626fc5]: performTraversals mFirst=true windowShouldResize=true viewVisibilityChanged=false mForceNextWindowRelayout=false params={(63,1390)(90x108) gr=TOP START CENTER sim={state=unchanged adjust=pan} ty=APPLICATION_SUB_PANEL fmt=TRANSLUCENT wanim=0x1030313 surfaceInsets=Rect(0, 0 - 0, 0) (manual)
04-06 02:33:03.261 22327 22327 I ViewRootImpl@255cd1a[PopupWindow:f626fc5]:   fl=41800208
04-06 02:33:03.261 22327 22327 I ViewRootImpl@255cd1a[PopupWindow:f626fc5]:   pfl=42018000
04-06 02:33:03.261 22327 22327 I ViewRootImpl@255cd1a[PopupWindow:f626fc5]:   bhv=DEFAULT
04-06 02:33:03.261 22327 22327 I ViewRootImpl@255cd1a[PopupWindow:f626fc5]:   fitTypes=STATUS_BARS NAVIGATION_BARS CAPTION_BAR naviIconColor=0
04-06 02:33:03.261 22327 22327 I ViewRootImpl@255cd1a[PopupWindow:f626fc5]:   sfl=20000}
04-06 02:33:03.268 22327 22351 I ViewRootImpl@255cd1a[PopupWindow:f626fc5]: Resizing android.view.ViewRootImpl@925c627: frame = [63,1390][153,1498] reportDraw = true forceLayout = false syncSeqId = 0
04-06 02:33:03.268 22327 22327 I ViewRootImpl@255cd1a[PopupWindow:f626fc5]: updateBlastSurfaceIfNeeded mBlastBufferQueue=null isSameSurfaceControl=false
04-06 02:33:03.269 22327 22327 I BLASTBufferQueue: new BLASTBufferQueue, mName= ViewRootImpl@255cd1a[PopupWindow:f626fc5] mNativeObject= 0xb4000070a052a700 sc.mNativeObject= 0xb4000070a078bf80 caller= android.view.ViewRootImpl.updateBlastSurfaceIfNeeded:2909 android.view.ViewRootImpl.relayoutWindow:9847 android.view.ViewRootImpl.performTraversals:3884 android.view.ViewRootImpl.doTraversal:3116 android.view.ViewRootImpl$TraversalRunnable.run:10885 android.view.Choreographer$CallbackRecord.run:1301 android.view.Choreographer$CallbackRecord.run:1309 android.view.Choreographer.doCallbacks:923 android.view.Choreographer.doFrame:852 android.view.Choreographer$FrameDisplayEventReceiver.run:1283 
04-06 02:33:03.269 22327 22327 I BLASTBufferQueue: update, w= 90 h= 108 mName = ViewRootImpl@255cd1a[PopupWindow:f626fc5] mNativeObject= 0xb4000070a052a700 sc.mNativeObject= 0xb4000070a078bf80 format= -3 caller= android.graphics.BLASTBufferQueue.<init>:84 android.view.ViewRootImpl.updateBlastSurfaceIfNeeded:2909 android.view.ViewRootImpl.relayoutWindow:9847 android.view.ViewRootImpl.performTraversals:3884 android.view.ViewRootImpl.doTraversal:3116 android.view.ViewRootImpl$TraversalRunnable.run:10885 
04-06 02:33:03.269 22327 22327 I ViewRootImpl@255cd1a[PopupWindow:f626fc5]: Relayout returned: old=(63,1390,153,1498) new=(63,1390,153,1498) req=(90,108)0 dur=7 res=0x3 s={true 0xb4000070a0754000} ch=true seqId=0
04-06 02:33:03.270 22327 22327 I ViewRootImpl@255cd1a[PopupWindow:f626fc5]: mThreadedRenderer.initialize() mSurface={isValid=true 0xb4000070a0754000} hwInitialized=true
04-06 02:33:03.270 22327 22427 D OpenGLRenderer: eglCreateWindowSurface
04-06 02:33:03.271 22327 22327 I ViewRootImpl@255cd1a[PopupWindow:f626fc5]: reportNextDraw android.view.ViewRootImpl.performTraversals:4438 android.view.ViewRootImpl.doTraversal:3116 android.view.ViewRootImpl$TraversalRunnable.run:10885 android.view.Choreographer$CallbackRecord.run:1301 android.view.Choreographer$CallbackRecord.run:1309 
04-06 02:33:03.271 22327 22327 I ViewRootImpl@255cd1a[PopupWindow:f626fc5]: Setup new sync id=0
04-06 02:33:03.272 22327 22327 I ViewRootImpl@255cd1a[PopupWindow:f626fc5]: Setting syncFrameCallback
04-06 02:33:03.272 22327 22327 I ViewRootImpl@255cd1a[PopupWindow:f626fc5]: registerCallbacksForSync syncBuffer=false
04-06 02:33:03.273 22327 22448 I ViewRootImpl@255cd1a[PopupWindow:f626fc5]: Received frameDrawingCallback syncResult=0 frameNum=1.
04-06 02:33:03.273 22327 22448 I ViewRootImpl@255cd1a[PopupWindow:f626fc5]: Setting up sync and frameCommitCallback
04-06 02:33:03.273 22327 22427 I BLASTBufferQueue: [ViewRootImpl@255cd1a[PopupWindow:f626fc5]#11](f:0,a:0) onFrameAvailable the first frame is available
04-06 02:33:03.274 22327 22427 I ViewRootImpl@255cd1a[PopupWindow:f626fc5]: Received frameCommittedCallback lastAttemptedDrawFrameNum=1 didProduceBuffer=true
04-06 02:33:03.274 22327 22427 D OpenGLRenderer: CFMS:: SetUp Pid : 22327    Tid : 22427
04-06 02:33:03.274 22327 22427 W Parcel  : Expecting binder but got null!
04-06 02:33:03.275 22327 22327 I ViewRootImpl@255cd1a[PopupWindow:f626fc5]: onSyncComplete
04-06 02:33:03.275 22327 22327 I ViewRootImpl@255cd1a[PopupWindow:f626fc5]: setupSync seqId=0 mSyncId=0 fn=1 caller=android.view.ViewRootImpl$$ExternalSyntheticLambda11.accept:6 android.window.SurfaceSyncer.lambda$setupSync$1$android-window-SurfaceSyncer:128 android.window.SurfaceSyncer$$ExternalSyntheticLambda1.accept:8 android.window.SurfaceSyncer$SyncSet.checkIfSyncIsComplete:382 android.window.SurfaceSyncer$SyncSet.markSyncReady:359 android.window.SurfaceSyncer.markSyncReady:151 android.view.ViewRootImpl.performTraversals:4503 
04-06 02:33:03.277 22327 22327 I ViewRootImpl@3bd27d[PopupWindow:9f70d4]: performTraversals params={(63,1296)(90x94) gr=TOP START CENTER sim={state=unchanged adjust=pan} ty=APPLICATION_SUB_PANEL fmt=TRANSLUCENT wanim=0x1030313 surfaceInsets=Rect(0, 0 - 0, 0) (manual)
04-06 02:33:03.277 22327 22327 I ViewRootImpl@3bd27d[PopupWindow:9f70d4]:   fl=41800218
04-06 02:33:03.277 22327 22327 I ViewRootImpl@3bd27d[PopupWindow:9f70d4]:   pfl=2018000
04-06 02:33:03.277 22327 22327 I ViewRootImpl@3bd27d[PopupWindow:9f70d4]:   bhv=DEFAULT
04-06 02:33:03.277 22327 22327 I ViewRootImpl@3bd27d[PopupWindow:9f70d4]:   fitTypes=STATUS_BARS NAVIGATION_BARS CAPTION_BAR naviIconColor=0
04-06 02:33:03.277 22327 22327 I ViewRootImpl@3bd27d[PopupWindow:9f70d4]:   sfl=20000}
04-06 02:33:03.277 22327 22327 I ViewRootImpl@3bd27d[PopupWindow:9f70d4]: performTraversals mFirst=true windowShouldResize=true viewVisibilityChanged=false mForceNextWindowRelayout=false params={(63,1296)(90x94) gr=TOP START CENTER sim={state=unchanged adjust=pan} ty=APPLICATION_SUB_PANEL fmt=TRANSLUCENT wanim=0x1030313 surfaceInsets=Rect(0, 0 - 0, 0) (manual)
04-06 02:33:03.277 22327 22327 I ViewRootImpl@3bd27d[PopupWindow:9f70d4]:   fl=41800218
04-06 02:33:03.277 22327 22327 I ViewRootImpl@3bd27d[PopupWindow:9f70d4]:   pfl=42018000
04-06 02:33:03.277 22327 22327 I ViewRootImpl@3bd27d[PopupWindow:9f70d4]:   bhv=DEFAULT
04-06 02:33:03.277 22327 22327 I ViewRootImpl@3bd27d[PopupWindow:9f70d4]:   fitTypes=STATUS_BARS NAVIGATION_BARS CAPTION_BAR naviIconColor=0
04-06 02:33:03.277 22327 22327 I ViewRootImpl@3bd27d[PopupWindow:9f70d4]:   sfl=20000}
04-06 02:33:03.283 22327 22512 I ViewRootImpl@3bd27d[PopupWindow:9f70d4]: Resizing android.view.ViewRootImpl@ebbe6be: frame = [63,1296][153,1390] reportDraw = true forceLayout = false syncSeqId = 0
04-06 02:33:03.286 22327 22327 I ViewRootImpl@3bd27d[PopupWindow:9f70d4]: updateBlastSurfaceIfNeeded mBlastBufferQueue=null isSameSurfaceControl=false
04-06 02:33:03.286 22327 22327 I BLASTBufferQueue: new BLASTBufferQueue, mName= ViewRootImpl@3bd27d[PopupWindow:9f70d4] mNativeObject= 0xb4000070a07d3280 sc.mNativeObject= 0xb4000070a0d06ba0 caller= android.view.ViewRootImpl.updateBlastSurfaceIfNeeded:2909 android.view.ViewRootImpl.relayoutWindow:9847 android.view.ViewRootImpl.performTraversals:3884 android.view.ViewRootImpl.doTraversal:3116 android.view.ViewRootImpl$TraversalRunnable.run:10885 android.view.Choreographer$CallbackRecord.run:1301 android.view.Choreographer$CallbackRecord.run:1309 android.view.Choreographer.doCallbacks:923 android.view.Choreographer.doFrame:852 android.view.Choreographer$FrameDisplayEventReceiver.run:1283 
04-06 02:33:03.286 22327 22327 I BLASTBufferQueue: update, w= 90 h= 94 mName = ViewRootImpl@3bd27d[PopupWindow:9f70d4] mNativeObject= 0xb4000070a07d3280 sc.mNativeObject= 0xb4000070a0d06ba0 format= -3 caller= android.graphics.BLASTBufferQueue.<init>:84 android.view.ViewRootImpl.updateBlastSurfaceIfNeeded:2909 android.view.ViewRootImpl.relayoutWindow:9847 android.view.ViewRootImpl.performTraversals:3884 android.view.ViewRootImpl.doTraversal:3116 android.view.ViewRootImpl$TraversalRunnable.run:10885 
04-06 02:33:03.287 22327 22327 I ViewRootImpl@3bd27d[PopupWindow:9f70d4]: Relayout returned: old=(63,1296,153,1390) new=(63,1296,153,1390) req=(90,94)0 dur=8 res=0x3 s={true 0xb4000070a061c800} ch=true seqId=0
04-06 02:33:03.288 22327 22327 I ViewRootImpl@3bd27d[PopupWindow:9f70d4]: mThreadedRenderer.initialize() mSurface={isValid=true 0xb4000070a061c800} hwInitialized=true
04-06 02:33:03.288 22327 22427 D OpenGLRenderer: eglCreateWindowSurface
04-06 02:33:03.288 22327 22327 I ViewRootImpl@3bd27d[PopupWindow:9f70d4]: reportNextDraw android.view.ViewRootImpl.performTraversals:4438 android.view.ViewRootImpl.doTraversal:3116 android.view.ViewRootImpl$TraversalRunnable.run:10885 android.view.Choreographer$CallbackRecord.run:1301 android.view.Choreographer$CallbackRecord.run:1309 
04-06 02:33:03.288 22327 22327 I ViewRootImpl@3bd27d[PopupWindow:9f70d4]: Setup new sync id=0
04-06 02:33:03.288 22327 22327 I ViewRootImpl@3bd27d[PopupWindow:9f70d4]: Setting syncFrameCallback
04-06 02:33:03.288 22327 22327 I ViewRootImpl@3bd27d[PopupWindow:9f70d4]: registerCallbacksForSync syncBuffer=false
04-06 02:33:03.289 22327 22447 I ViewRootImpl@3bd27d[PopupWindow:9f70d4]: Received frameDrawingCallback syncResult=0 frameNum=1.
04-06 02:33:03.289 22327 22447 I ViewRootImpl@3bd27d[PopupWindow:9f70d4]: Setting up sync and frameCommitCallback
04-06 02:33:03.290 22327 22427 I BLASTBufferQueue: [ViewRootImpl@3bd27d[PopupWindow:9f70d4]#12](f:0,a:0) onFrameAvailable the first frame is available
04-06 02:33:03.290 22327 22427 I ViewRootImpl@3bd27d[PopupWindow:9f70d4]: Received frameCommittedCallback lastAttemptedDrawFrameNum=1 didProduceBuffer=true
04-06 02:33:03.290 22327 22427 D OpenGLRenderer: CFMS:: SetUp Pid : 22327    Tid : 22427
04-06 02:33:03.291 22327 22427 W Parcel  : Expecting binder but got null!
04-06 02:33:03.291 22327 22327 I ViewRootImpl@3bd27d[PopupWindow:9f70d4]: onSyncComplete
04-06 02:33:03.291 22327 22327 I ViewRootImpl@3bd27d[PopupWindow:9f70d4]: setupSync seqId=0 mSyncId=0 fn=1 caller=android.view.ViewRootImpl$$ExternalSyntheticLambda11.accept:6 android.window.SurfaceSyncer.lambda$setupSync$1$android-window-SurfaceSyncer:128 android.window.SurfaceSyncer$$ExternalSyntheticLambda1.accept:8 android.window.SurfaceSyncer$SyncSet.checkIfSyncIsComplete:382 android.window.SurfaceSyncer$SyncSet.markSyncReady:359 android.window.SurfaceSyncer.markSyncReady:151 android.view.ViewRootImpl.performTraversals:4503 
04-06 02:33:03.292 22327 22327 I ViewRootImpl@3bd27d[PopupWindow:9f70d4]: reportDrawFinished seqId=0 mSyncId=-1 fn=1 mSurfaceChangedTransaction=0xb4000070a06b8f00
04-06 02:33:03.293 22327 22327 I ViewRootImpl@255cd1a[PopupWindow:f626fc5]: reportDrawFinished seqId=0 mSyncId=-1 fn=1 mSurfaceChangedTransaction=0xb4000070a06b8c00
04-06 02:33:03.294 22327 22327 I ViewRootImpl@59b07c2[PopupWindow:9f2cc0d]: handleResized, msg = 5 frames=ClientWindowFrames{frame=[0,1023][1296,1503] display=[-100000,-100000][100000,100000] parentFrame=[0,0][0,0] parentClippedByDisplayCutout=false} forceNextWindowRelayout=false displayId=0 resizeMode=-1 frameChanged=false displayFrameChanged=false configChanged=false displayChanged=false
04-06 02:33:03.294 22327 22327 I ViewRootImpl@59b07c2[PopupWindow:9f2cc0d]: handleResized mSyncSeqId = 0
04-06 02:33:03.295 22327 22327 I ViewRootImpl@59b07c2[PopupWindow:9f2cc0d]: reportNextDraw android.view.ViewRootImpl.handleResized:2450 android.view.ViewRootImpl.-$$Nest$mhandleResized:0 android.view.ViewRootImpl$ViewRootHandler.handleMessageImpl:6728 android.view.ViewRootImpl$ViewRootHandler.handleMessage:6697 android.os.Handler.dispatchMessage:106 
04-06 02:33:03.297 22327 22327 I ViewRootImpl@59b07c2[PopupWindow:9f2cc0d]: Setup new sync id=1
04-06 02:33:03.298 22327 22327 I ViewRootImpl@59b07c2[PopupWindow:9f2cc0d]: Setting syncFrameCallback
04-06 02:33:03.298 22327 22327 I ViewRootImpl@59b07c2[PopupWindow:9f2cc0d]: registerCallbacksForSync syncBuffer=false
04-06 02:33:03.299 22327 22448 I ViewRootImpl@59b07c2[PopupWindow:9f2cc0d]: Received frameDrawingCallback syncResult=0 frameNum=3.
04-06 02:33:03.300 22327 22448 I ViewRootImpl@59b07c2[PopupWindow:9f2cc0d]: Setting up sync and frameCommitCallback
04-06 02:33:03.301 22327 22427 I ViewRootImpl@59b07c2[PopupWindow:9f2cc0d]: Received frameCommittedCallback lastAttemptedDrawFrameNum=3 didProduceBuffer=true
04-06 02:33:03.302 22327 22327 I ViewRootImpl@59b07c2[PopupWindow:9f2cc0d]: onSyncComplete
04-06 02:33:03.303 22327 22327 I ViewRootImpl@59b07c2[PopupWindow:9f2cc0d]: setupSync seqId=0 mSyncId=1 fn=3 caller=android.view.ViewRootImpl$$ExternalSyntheticLambda11.accept:6 android.window.SurfaceSyncer.lambda$setupSync$1$android-window-SurfaceSyncer:128 android.window.SurfaceSyncer$$ExternalSyntheticLambda1.accept:8 android.window.SurfaceSyncer$SyncSet.checkIfSyncIsComplete:382 android.window.SurfaceSyncer$SyncSet.markSyncReady:359 android.window.SurfaceSyncer.markSyncReady:151 android.view.ViewRootImpl.performTraversals:4503 
04-06 02:33:03.304 22327 22327 I ViewRootImpl@59b07c2[PopupWindow:9f2cc0d]: reportDrawFinished seqId=0 mSyncId=-1 fn=3 mSurfaceChangedTransaction=0xb4000070a06b8900
04-06 02:33:03.305 22327 22327 I ViewRootImpl@255cd1a[PopupWindow:f626fc5]: handleResized, msg = 5 frames=ClientWindowFrames{frame=[63,1390][153,1498] display=[-100000,-100000][100000,100000] parentFrame=[0,0][0,0] parentClippedByDisplayCutout=false} forceNextWindowRelayout=false displayId=0 resizeMode=-1 frameChanged=false displayFrameChanged=false configChanged=false displayChanged=false
04-06 02:33:03.305 22327 22327 I ViewRootImpl@255cd1a[PopupWindow:f626fc5]: handleResized mSyncSeqId = 0
04-06 02:33:03.305 22327 22327 I ViewRootImpl@255cd1a[PopupWindow:f626fc5]: reportNextDraw android.view.ViewRootImpl.handleResized:2450 android.view.ViewRootImpl.-$$Nest$mhandleResized:0 android.view.ViewRootImpl$ViewRootHandler.handleMessageImpl:6728 android.view.ViewRootImpl$ViewRootHandler.handleMessage:6697 android.os.Handler.dispatchMessage:106 
04-06 02:33:03.305 22327 22327 I ViewRootImpl@3bd27d[PopupWindow:9f70d4]: handleResized, msg = 5 frames=ClientWindowFrames{frame=[63,1296][153,1390] display=[-100000,-100000][100000,100000] parentFrame=[0,0][0,0] parentClippedByDisplayCutout=false} forceNextWindowRelayout=false displayId=0 resizeMode=-1 frameChanged=false displayFrameChanged=false configChanged=false displayChanged=false
04-06 02:33:03.305 22327 22327 I ViewRootImpl@3bd27d[PopupWindow:9f70d4]: handleResized mSyncSeqId = 0
04-06 02:33:03.305 22327 22327 I ViewRootImpl@3bd27d[PopupWindow:9f70d4]: reportNextDraw android.view.ViewRootImpl.handleResized:2450 android.view.ViewRootImpl.-$$Nest$mhandleResized:0 android.view.ViewRootImpl$ViewRootHandler.handleMessageImpl:6728 android.view.ViewRootImpl$ViewRootHandler.handleMessage:6697 android.os.Handler.dispatchMessage:106 
04-06 02:33:03.315 22327 22327 I ViewRootImpl@255cd1a[PopupWindow:f626fc5]: Setup new sync id=1
04-06 02:33:03.315 22327 22327 I ViewRootImpl@255cd1a[PopupWindow:f626fc5]: Setting syncFrameCallback
04-06 02:33:03.315 22327 22327 I ViewRootImpl@255cd1a[PopupWindow:f626fc5]: registerCallbacksForSync syncBuffer=false
04-06 02:33:03.316 22327 22447 I ViewRootImpl@255cd1a[PopupWindow:f626fc5]: Received frameDrawingCallback syncResult=0 frameNum=3.
04-06 02:33:03.316 22327 22447 I ViewRootImpl@255cd1a[PopupWindow:f626fc5]: Setting up sync and frameCommitCallback
04-06 02:33:03.317 22327 22427 I ViewRootImpl@255cd1a[PopupWindow:f626fc5]: Received frameCommittedCallback lastAttemptedDrawFrameNum=3 didProduceBuffer=true
04-06 02:33:03.317 22327 22327 I ViewRootImpl@255cd1a[PopupWindow:f626fc5]: onSyncComplete
04-06 02:33:03.317 22327 22327 I ViewRootImpl@255cd1a[PopupWindow:f626fc5]: setupSync seqId=0 mSyncId=1 fn=3 caller=android.view.ViewRootImpl$$ExternalSyntheticLambda11.accept:6 android.window.SurfaceSyncer.lambda$setupSync$1$android-window-SurfaceSyncer:128 android.window.SurfaceSyncer$$ExternalSyntheticLambda1.accept:8 android.window.SurfaceSyncer$SyncSet.checkIfSyncIsComplete:382 android.window.SurfaceSyncer$SyncSet.markSyncReady:359 android.window.SurfaceSyncer.markSyncReady:151 android.view.ViewRootImpl.performTraversals:4503 
04-06 02:33:03.318 22327 22327 I ViewRootImpl@3bd27d[PopupWindow:9f70d4]: Setup new sync id=1
04-06 02:33:03.318 22327 22327 I ViewRootImpl@3bd27d[PopupWindow:9f70d4]: Setting syncFrameCallback
04-06 02:33:03.318 22327 22327 I ViewRootImpl@3bd27d[PopupWindow:9f70d4]: registerCallbacksForSync syncBuffer=false
04-06 02:33:03.320 22327 22448 I ViewRootImpl@3bd27d[PopupWindow:9f70d4]: Received frameDrawingCallback syncResult=0 frameNum=2.
04-06 02:33:03.320 22327 22448 I ViewRootImpl@3bd27d[PopupWindow:9f70d4]: Setting up sync and frameCommitCallback
04-06 02:33:03.321 22327 22427 I ViewRootImpl@3bd27d[PopupWindow:9f70d4]: Received frameCommittedCallback lastAttemptedDrawFrameNum=2 didProduceBuffer=true
04-06 02:33:03.321 22327 22327 I ViewRootImpl@3bd27d[PopupWindow:9f70d4]: onSyncComplete
04-06 02:33:03.322 22327 22327 I ViewRootImpl@3bd27d[PopupWindow:9f70d4]: setupSync seqId=0 mSyncId=1 fn=2 caller=android.view.ViewRootImpl$$ExternalSyntheticLambda11.accept:6 android.window.SurfaceSyncer.lambda$setupSync$1$android-window-SurfaceSyncer:128 android.window.SurfaceSyncer$$ExternalSyntheticLambda1.accept:8 android.window.SurfaceSyncer$SyncSet.checkIfSyncIsComplete:382 android.window.SurfaceSyncer$SyncSet.markSyncReady:359 android.window.SurfaceSyncer.markSyncReady:151 android.view.ViewRootImpl.performTraversals:4503 
04-06 02:33:03.322 22327 22327 I ViewRootImpl@3bd27d[PopupWindow:9f70d4]: reportDrawFinished seqId=0 mSyncId=-1 fn=2 mSurfaceChangedTransaction=0xb4000070a06b8f00
04-06 02:33:03.323 22327 22327 I ViewRootImpl@255cd1a[PopupWindow:f626fc5]: reportDrawFinished seqId=0 mSyncId=-1 fn=3 mSurfaceChangedTransaction=0xb4000070a06b8c00
04-06 02:33:03.323 22327 22327 D InsetsController: show(ime(), fromIme=true)
04-06 02:33:03.323 22327 22327 D InsetsController: show(ime(), fromIme=true)
04-06 02:33:03.699 22327 22327 D UiControllerImpl: Injecting string: "75"
04-06 02:33:03.706 22327 22327 I ViewRootImpl@73623ee[MainActivity]: setInTouchMode(false), android.view.ViewRootImpl.checkForLeavingTouchModeAndConsume:9383 android.view.ViewRootImpl.-$$Nest$mcheckForLeavingTouchModeAndConsume:0 android.view.ViewRootImpl$EarlyPostImeInputStage.processKeyEvent:7707 android.view.ViewRootImpl$EarlyPostImeInputStage.onProcess:7691 android.view.ViewRootImpl$InputStage.deliver:7213 android.view.ViewRootImpl$InputStage.onDeliverToNext:7270 android.view.ViewRootImpl$InputStage.forward:7236 android.view.ViewRootImpl$AsyncInputStage.forward:7467 android.view.ViewRootImpl$ImeInputStage.onFinishedInputEvent:7676 android.view.inputmethod.InputMethodManager$PendingEvent.run:3897 
04-06 02:33:03.707 22327 22327 I ViewRootImpl@73623ee[MainActivity]: ViewPostIme key 0
