04-06 10:38:35.901 23676 23676 I ViewRootImpl@7efc384[MainActivity]: handleResized, msg = 5 frames=ClientWindowFrames{frame=[0,0][1080,2400] display=[0,0][1080,2400] parentFrame=[0,0][0,0] parentClippedByDisplayCutout=false} forceNextWindowRelayout=false displayId=0 resizeMode=-1 frameChanged=false displayFrameChanged=false configChanged=false displayChanged=false
04-06 10:38:35.901 23676 23676 I ViewRootImpl@7efc384[MainActivity]: handleResized mSyncSeqId = 0
04-06 10:38:35.901 23676 23676 I ViewRootImpl@7efc384[MainActivity]: reportNextDraw android.view.ViewRootImpl.handleResized:2450 android.view.ViewRootImpl.-$$Nest$mhandleResized:0 android.view.ViewRootImpl$ViewRootHandler.handleMessageImpl:6728 android.view.ViewRootImpl$ViewRootHandler.handleMessage:6697 android.os.Handler.dispatchMessage:106 
04-06 10:38:35.907 23676 23676 I ViewRootImpl@b18b023[PopupWindow:a304552]: performTraversals params={(0,88)(fillxwrap) gr=TOP START CENTER sim={state=unchanged adjust=pan} ty=APPLICATION_PANEL fmt=TRANSLUCENT surfaceInsets=Rect(0, 0 - 0, 0) (manual)
04-06 10:38:35.907 23676 23676 I ViewRootImpl@b18b023[PopupWindow:a304552]:   fl=41800008
04-06 10:38:35.907 23676 23676 I ViewRootImpl@b18b023[PopupWindow:a304552]:   pfl=42018000
04-06 10:38:35.907 23676 23676 I ViewRootImpl@b18b023[PopupWindow:a304552]:   bhv=DEFAULT
04-06 10:38:35.907 23676 23676 I ViewRootImpl@b18b023[PopupWindow:a304552]:   fitTypes=STATUS_BARS NAVIGATION_BARS CAPTION_BAR naviIconColor=0
04-06 10:38:35.907 23676 23676 I ViewRootImpl@b18b023[PopupWindow:a304552]:   sfl=20000}
04-06 10:38:35.908 23676 23676 I ViewRootImpl@b18b023[PopupWindow:a304552]: performTraversals mFirst=true windowShouldResize=true viewVisibilityChanged=false mForceNextWindowRelayout=false params={(0,88)(fillxwrap) gr=TOP START CENTER sim={state=unchanged adjust=pan} ty=APPLICATION_PANEL fmt=TRANSLUCENT surfaceInsets=Rect(0, 0 - 0, 0) (manual)
04-06 10:38:35.908 23676 23676 I ViewRootImpl@b18b023[PopupWindow:a304552]:   fl=41800008
04-06 10:38:35.908 23676 23676 I ViewRootImpl@b18b023[PopupWindow:a304552]:   pfl=42018000
04-06 10:38:35.908 23676 23676 I ViewRootImpl@b18b023[PopupWindow:a304552]:   bhv=DEFAULT
04-06 10:38:35.908 23676 23676 I ViewRootImpl@b18b023[PopupWindow:a304552]:   fitTypes=STATUS_BARS NAVIGATION_BARS CAPTION_BAR naviIconColor=0
04-06 10:38:35.908 23676 23676 I ViewRootImpl@b18b023[PopupWindow:a304552]:   sfl=20000}
04-06 10:38:35.911 23676 23780 I ViewRootImpl@b18b023[PopupWindow:a304552]: Resizing android.view.ViewRootImpl@b19674c: frame = [0,88][1080,167] reportDraw = true forceLayout = false syncSeqId = 0
04-06 10:38:35.912 23676 23676 I ViewRootImpl@b18b023[PopupWindow:a304552]: updateBlastSurfaceIfNeeded mBlastBufferQueue=null isSameSurfaceControl=false
04-06 10:38:35.912 23676 23676 I BLASTBufferQueue: new BLASTBufferQueue, mName= ViewRootImpl@b18b023[PopupWindow:a304552] mNativeObject= 0xb4000070a0dd7080 sc.mNativeObject= 0xb4000070a0c7ef80 caller= android.view.ViewRootImpl.updateBlastSurfaceIfNeeded:2909 android.view.ViewRootImpl.relayoutWindow:9847 android.view.ViewRootImpl.performTraversals:3884 android.view.ViewRootImpl.doTraversal:3116 android.view.ViewRootImpl$TraversalRunnable.run:10885 android.view.Choreographer$CallbackRecord.run:1301 android.view.Choreographer$CallbackRecord.run:1309 android.view.Choreographer.doCallbacks:923 android.view.Choreographer.doFrame:852 android.view.Choreographer$FrameDisplayEventReceiver.run:1283 
04-06 10:38:35.913 23676 23676 I BLASTBufferQueue: update, w= 1080 h= 79 mName = ViewRootImpl@b18b023[PopupWindow:a304552] mNativeObject= 0xb4000070a0dd7080 sc.mNativeObject= 0xb4000070a0c7ef80 format= -3 caller= android.graphics.BLASTBufferQueue.<init>:84 android.view.ViewRootImpl.updateBlastSurfaceIfNeeded:2909 android.view.ViewRootImpl.relayoutWindow:9847 android.view.ViewRootImpl.performTraversals:3884 android.view.ViewRootImpl.doTraversal:3116 android.view.ViewRootImpl$TraversalRunnable.run:10885 
04-06 10:38:35.913 23676 23676 I ViewRootImpl@b18b023[PopupWindow:a304552]: Relayout returned: old=(0,88,1080,2256) new=(0,88,1080,167) req=(1080,79)0 dur=4 res=0x3 s={true 0xb4000070a714c800} ch=true seqId=0
04-06 10:38:35.914 23676 23676 I ViewRootImpl@b18b023[PopupWindow:a304552]: mThreadedRenderer.initialize() mSurface={isValid=true 0xb4000070a714c800} hwInitialized=true
04-06 10:38:35.914 23676 23781 D OpenGLRenderer: eglCreateWindowSurface
04-06 10:38:35.914 23676 23676 I ViewRootImpl@b18b023[PopupWindow:a304552]: reportNextDraw android.view.ViewRootImpl.performTraversals:4438 android.view.ViewRootImpl.doTraversal:3116 android.view.ViewRootImpl$TraversalRunnable.run:10885 android.view.Choreographer$CallbackRecord.run:1301 android.view.Choreographer$CallbackRecord.run:1309 
04-06 10:38:35.914 23676 23676 I ViewRootImpl@b18b023[PopupWindow:a304552]: Setup new sync id=0
04-06 10:38:35.914 23676 23676 I ViewRootImpl@b18b023[PopupWindow:a304552]: Setting syncFrameCallback
04-06 10:38:35.914 23676 23676 I ViewRootImpl@b18b023[PopupWindow:a304552]: registerCallbacksForSync syncBuffer=false
04-06 10:38:35.916 23676 23804 I ViewRootImpl@b18b023[PopupWindow:a304552]: Received frameDrawingCallback syncResult=0 frameNum=1.
04-06 10:38:35.916 23676 23804 I ViewRootImpl@b18b023[PopupWindow:a304552]: Setting up sync and frameCommitCallback
04-06 10:38:35.925 23676 23781 I BLASTBufferQueue: [ViewRootImpl@b18b023[PopupWindow:a304552]#1](f:0,a:0) onFrameAvailable the first frame is available
04-06 10:38:35.925 23676 23781 I ViewRootImpl@b18b023[PopupWindow:a304552]: Received frameCommittedCallback lastAttemptedDrawFrameNum=1 didProduceBuffer=true
04-06 10:38:35.926 23676 23781 D OpenGLRenderer: CFMS:: SetUp Pid : 23676    Tid : 23781
04-06 10:38:35.926 23676 23781 W Parcel  : Expecting binder but got null!
04-06 10:38:35.926 23676 23676 I ViewRootImpl@b18b023[PopupWindow:a304552]: onSyncComplete
04-06 10:38:35.926 23676 23676 I ViewRootImpl@b18b023[PopupWindow:a304552]: setupSync seqId=0 mSyncId=0 fn=1 caller=android.view.ViewRootImpl$$ExternalSyntheticLambda11.accept:6 android.window.SurfaceSyncer.lambda$setupSync$1$android-window-SurfaceSyncer:128 android.window.SurfaceSyncer$$ExternalSyntheticLambda1.accept:8 android.window.SurfaceSyncer$SyncSet.checkIfSyncIsComplete:382 android.window.SurfaceSyncer$SyncSet.markSyncReady:359 android.window.SurfaceSyncer.markSyncReady:151 android.view.ViewRootImpl.performTraversals:4503 
04-06 10:38:35.926 23676 23676 I ViewRootImpl@7efc384[MainActivity]: Setup new sync id=1
04-06 10:38:35.926 23676 23676 I ViewRootImpl@7efc384[MainActivity]: Setting syncFrameCallback
04-06 10:38:35.926 23676 23676 I ViewRootImpl@7efc384[MainActivity]: registerCallbacksForSync syncBuffer=false
04-06 10:38:35.927 23676 23803 I ViewRootImpl@7efc384[MainActivity]: Received frameDrawingCallback syncResult=0 frameNum=2.
04-06 10:38:35.927 23676 23803 I ViewRootImpl@7efc384[MainActivity]: Setting up sync and frameCommitCallback
04-06 10:38:35.928 23676 23781 I ViewRootImpl@7efc384[MainActivity]: Received frameCommittedCallback lastAttemptedDrawFrameNum=2 didProduceBuffer=true
04-06 10:38:35.928 23676 23676 I ViewRootImpl@7efc384[MainActivity]: onSyncComplete
04-06 10:38:35.928 23676 23676 I ViewRootImpl@7efc384[MainActivity]: setupSync seqId=0 mSyncId=1 fn=2 caller=android.view.ViewRootImpl$$ExternalSyntheticLambda11.accept:6 android.window.SurfaceSyncer.lambda$setupSync$1$android-window-SurfaceSyncer:128 android.window.SurfaceSyncer$$ExternalSyntheticLambda1.accept:8 android.window.SurfaceSyncer$SyncSet.checkIfSyncIsComplete:382 android.window.SurfaceSyncer$SyncSet.markSyncReady:359 android.window.SurfaceSyncer.markSyncReady:151 android.view.ViewRootImpl.performTraversals:4503 
04-06 10:38:35.928 23676 23676 I ViewRootImpl@7efc384[MainActivity]: reportDrawFinished seqId=0 mSyncId=-1 fn=2 mSurfaceChangedTransaction=0xb4000070a6e4e500
04-06 10:38:35.928 23676 23676 I ViewRootImpl@b18b023[PopupWindow:a304552]: reportDrawFinished seqId=0 mSyncId=-1 fn=1 mSurfaceChangedTransaction=0xb4000070a707db00
04-06 10:38:35.928 23676 23676 I ViewRootImpl@7efc384[MainActivity]: MSG_WINDOW_FOCUS_CHANGED 1 0
04-06 10:38:35.929 23676 23676 I ViewRootImpl@7efc384[MainActivity]: mThreadedRenderer.initializeIfNeeded()#2 mSurface={isValid=true 0xb4000070a714a000}
04-06 10:38:35.929 23676 23676 W unknown:BridgelessReact: ReactHost{0}.raiseSoftException(onWindowFocusChange(hasFocus = "true")): Tried to access onWindowFocusChange while context is not ready
04-06 10:38:35.930 23676 23676 E unknown:ReactHost: Unhandled SoftException
04-06 10:38:35.930 23676 23676 E unknown:ReactHost: com.facebook.react.bridge.ReactNoCrashSoftException: raiseSoftException(onWindowFocusChange(hasFocus = "true")): Tried to access onWindowFocusChange while context is not ready
04-06 10:38:35.930 23676 23676 E unknown:ReactHost: 	at com.facebook.react.runtime.ReactHostImpl.raiseSoftException(ReactHostImpl.kt:861)
04-06 10:38:35.930 23676 23676 E unknown:ReactHost: 	at com.facebook.react.runtime.ReactHostImpl.raiseSoftException$default(ReactHostImpl.kt:852)
04-06 10:38:35.930 23676 23676 E unknown:ReactHost: 	at com.facebook.react.runtime.ReactHostImpl.onWindowFocusChange(ReactHostImpl.kt:625)
04-06 10:38:35.930 23676 23676 E unknown:ReactHost: 	at com.facebook.react.ReactDelegate.onWindowFocusChanged(ReactDelegate.kt:232)
04-06 10:38:35.930 23676 23676 E unknown:ReactHost: 	at com.facebook.react.ReactActivityDelegate.onWindowFocusChanged(ReactActivityDelegate.java:237)
04-06 10:38:35.930 23676 23676 E unknown:ReactHost: 	at expo.modules.ReactActivityDelegateWrapper$onWindowFocusChanged$1.invokeSuspend(ReactActivityDelegateWrapper.kt:320)
04-06 10:38:35.930 23676 23676 E unknown:ReactHost: 	at expo.modules.ReactActivityDelegateWrapper$onWindowFocusChanged$1.invoke(Unknown Source:8)
04-06 10:38:35.930 23676 23676 E unknown:ReactHost: 	at expo.modules.ReactActivityDelegateWrapper$onWindowFocusChanged$1.invoke(Unknown Source:4)
04-06 10:38:35.930 23676 23676 E unknown:ReactHost: 	at expo.modules.ReactActivityDelegateWrapper$launchLifecycleScopeWithLock$1.invokeSuspend(ReactActivityDelegateWrapper.kt:452)
04-06 10:38:35.930 23676 23676 E unknown:ReactHost: 	at kotlin.coroutines.jvm.internal.BaseContinuationImpl.resumeWith(ContinuationImpl.kt:33)
04-06 10:38:35.930 23676 23676 E unknown:ReactHost: 	at kotlinx.coroutines.internal.DispatchedContinuationKt.resumeCancellableWith(DispatchedContinuation.kt:375)
04-06 10:38:35.930 23676 23676 E unknown:ReactHost: 	at kotlinx.coroutines.intrinsics.CancellableKt.startCoroutineCancellable(Cancellable.kt:26)
04-06 10:38:35.930 23676 23676 E unknown:ReactHost: 	at kotlinx.coroutines.CoroutineStart.invoke(CoroutineStart.kt:358)
04-06 10:38:35.930 23676 23676 E unknown:ReactHost: 	at kotlinx.coroutines.AbstractCoroutine.start(AbstractCoroutine.kt:134)
04-06 10:38:35.930 23676 23676 E unknown:ReactHost: 	at kotlinx.coroutines.BuildersKt__Builders_commonKt.launch(Builders.common.kt:53)
04-06 10:38:35.930 23676 23676 E unknown:ReactHost: 	at kotlinx.coroutines.BuildersKt.launch(Unknown Source:1)
04-06 10:38:35.930 23676 23676 E unknown:ReactHost: 	at kotlinx.coroutines.BuildersKt__Builders_commonKt.launch$default(Builders.common.kt:44)
04-06 10:38:35.930 23676 23676 E unknown:ReactHost: 	at kotlinx.coroutines.BuildersKt.launch$default(Unknown Source:1)
04-06 10:38:35.930 23676 23676 E unknown:ReactHost: 	at expo.modules.ReactActivityDelegateWrapper.launchLifecycleScopeWithLock(ReactActivityDelegateWrapper.kt:450)
04-06 10:38:35.930 23676 23676 E unknown:ReactHost: 	at expo.modules.ReactActivityDelegateWrapper.launchLifecycleScopeWithLock$default(ReactActivityDelegateWrapper.kt:446)
04-06 10:38:35.930 23676 23676 E unknown:ReactHost: 	at expo.modules.ReactActivityDelegateWrapper.onWindowFocusChanged(ReactActivityDelegateWrapper.kt:318)
04-06 10:38:35.930 23676 23676 E unknown:ReactHost: 	at com.facebook.react.ReactActivity.onWindowFocusChanged(ReactActivity.java:158)
04-06 10:38:35.930 23676 23676 E unknown:ReactHost: 	at androidx.appcompat.view.WindowCallbackWrapper.onWindowFocusChanged(WindowCallbackWrapper.java:124)
04-06 10:38:35.930 23676 23676 E unknown:ReactHost: 	at com.android.internal.policy.DecorView.onWindowFocusChanged(DecorView.java:2710)
04-06 10:38:35.930 23676 23676 E unknown:ReactHost: 	at android.view.View.dispatchWindowFocusChanged(View.java:15817)
04-06 10:38:35.930 23676 23676 E unknown:ReactHost: 	at android.view.ViewGroup.dispatchWindowFocusChanged(ViewGroup.java:1512)
04-06 10:38:35.930 23676 23676 E unknown:ReactHost: 	at android.view.ViewRootImpl.handleWindowFocusChanged(ViewRootImpl.java:4678)
04-06 10:38:35.930 23676 23676 E unknown:ReactHost: 	at android.view.ViewRootImpl.-$$Nest$mhandleWindowFocusChanged(Unknown Source:0)
04-06 10:38:35.930 23676 23676 E unknown:ReactHost: 	at android.view.ViewRootImpl$ViewRootHandler.handleMessageImpl(ViewRootImpl.java:6788)
04-06 10:38:35.930 23676 23676 E unknown:ReactHost: 	at android.view.ViewRootImpl$ViewRootHandler.handleMessage(ViewRootImpl.java:6697)
04-06 10:38:35.930 23676 23676 E unknown:ReactHost: 	at android.os.Handler.dispatchMessage(Handler.java:106)
04-06 10:38:35.930 23676 23676 E unknown:ReactHost: 	at android.os.Looper.loopOnce(Looper.java:226)
04-06 10:38:35.930 23676 23676 E unknown:ReactHost: 	at android.os.Looper.loop(Looper.java:313)
04-06 10:38:35.930 23676 23676 E unknown:ReactHost: 	at android.app.ActivityThread.main(ActivityThread.java:8762)
04-06 10:38:35.930 23676 23676 E unknown:ReactHost: 	at java.lang.reflect.Method.invoke(Native Method)
04-06 10:38:35.930 23676 23676 E unknown:ReactHost: 	at com.android.internal.os.RuntimeInit$MethodAndArgsCaller.run(RuntimeInit.java:604)
04-06 10:38:35.930 23676 23676 E unknown:ReactHost: 	at com.android.internal.os.ZygoteInit.main(ZygoteInit.java:1067)
04-06 10:38:35.930 23676 23676 D InputMethodManager: startInputInner - Id : 0
04-06 10:38:35.930 23676 23676 I InputMethodManager: startInputInner - mService.startInputOrWindowGainedFocus
04-06 10:38:35.936 23676 23676 I ViewRootImpl@b18b023[PopupWindow:a304552]: handleResized, msg = 5 frames=ClientWindowFrames{frame=[0,88][1080,167] display=[0,88][1080,2256] parentFrame=[0,0][0,0] parentClippedByDisplayCutout=false} forceNextWindowRelayout=false displayId=0 resizeMode=-1 frameChanged=false displayFrameChanged=false configChanged=false displayChanged=false
04-06 10:38:35.936 23676 23676 I ViewRootImpl@b18b023[PopupWindow:a304552]: handleResized mSyncSeqId = 0
04-06 10:38:35.936 23676 23676 I ViewRootImpl@b18b023[PopupWindow:a304552]: reportNextDraw android.view.ViewRootImpl.handleResized:2450 android.view.ViewRootImpl.-$$Nest$mhandleResized:0 android.view.ViewRootImpl$ViewRootHandler.handleMessageImpl:6728 android.view.ViewRootImpl$ViewRootHandler.handleMessage:6697 android.os.Handler.dispatchMessage:106 
04-06 10:38:35.946 23676 23676 D InputMethodManager: startInputInner - Id : 0
04-06 10:38:35.952 23676 23676 I ViewRootImpl@b18b023[PopupWindow:a304552]: Setup new sync id=1
04-06 10:38:35.952 23676 23676 I ViewRootImpl@b18b023[PopupWindow:a304552]: Setting syncFrameCallback
04-06 10:38:35.952 23676 23676 I ViewRootImpl@b18b023[PopupWindow:a304552]: registerCallbacksForSync syncBuffer=false
04-06 10:38:35.953 23676 23804 I ViewRootImpl@b18b023[PopupWindow:a304552]: Received frameDrawingCallback syncResult=0 frameNum=3.
04-06 10:38:35.953 23676 23804 I ViewRootImpl@b18b023[PopupWindow:a304552]: Setting up sync and frameCommitCallback
04-06 10:38:35.959 23676 23781 I ViewRootImpl@b18b023[PopupWindow:a304552]: Received frameCommittedCallback lastAttemptedDrawFrameNum=3 didProduceBuffer=true
04-06 10:38:35.959 23676 23676 I ViewRootImpl@b18b023[PopupWindow:a304552]: onSyncComplete
04-06 10:38:35.960 23676 23676 I ViewRootImpl@b18b023[PopupWindow:a304552]: setupSync seqId=0 mSyncId=1 fn=3 caller=android.view.ViewRootImpl$$ExternalSyntheticLambda11.accept:6 android.window.SurfaceSyncer.lambda$setupSync$1$android-window-SurfaceSyncer:128 android.window.SurfaceSyncer$$ExternalSyntheticLambda1.accept:8 android.window.SurfaceSyncer$SyncSet.checkIfSyncIsComplete:382 android.window.SurfaceSyncer$SyncSet.markSyncReady:359 android.window.SurfaceSyncer.markSyncReady:151 android.view.ViewRootImpl.performTraversals:4503 
04-06 10:38:35.960 23676 23676 I ViewRootImpl@b18b023[PopupWindow:a304552]: reportDrawFinished seqId=0 mSyncId=-1 fn=3 mSurfaceChangedTransaction=0xb4000070a707db00
04-06 10:38:36.201 23676 23676 D InsetsController: cancelAnimation of types: 1, animType: 0, host: com.evolucao.app/com.evolucao.app.MainActivity, from:android.view.InsetsController.notifyFinished:1375 android.view.InsetsAnimationThreadControlRunner$1.lambda$notifyFinished$0$android-view-InsetsAnimationThreadControlRunner$1:84 android.view.InsetsAnimationThreadControlRunner$1$$ExternalSyntheticLambda1.run:4 
04-06 10:38:36.201 23676 23676 D InsetsSourceConsumer: ensureControlPosition: Point(0, 0) for ITYPE_STATUS_BAR on com.evolucao.app/com.evolucao.app.MainActivity from android.view.InsetsSourceConsumer.notifyAnimationFinished:419
04-06 10:38:36.217 23676 23803 I ViewRootImpl@7efc384[MainActivity]: mWNT: t=0xb4000070a6ea3b00 mBlastBufferQueue=0xb4000070c2c34c00 fn= 3 caller= android.view.SyncRtSurfaceTransactionApplier.applyTransaction:96 android.view.SyncRtSurfaceTransactionApplier.lambda$scheduleApply$0$android-view-SyncRtSurfaceTransactionApplier:69 android.view.SyncRtSurfaceTransactionApplier$$ExternalSyntheticLambda0.onFrameDraw:4 
04-06 10:38:36.233 23676 23781 D OpenGLRenderer: setSurface called with nullptr
04-06 10:38:36.233 23676 23781 D OpenGLRenderer: setSurface() destroyed EGLSurface
04-06 10:38:36.233 23676 23781 D OpenGLRenderer: destroyEglSurface
04-06 10:38:36.233 23676 23801 D Detox.RNMarker: DOWNLOAD_END ({"url":"http:\/\/localhost:8081\/.expo\/.virtual-metro-entry.bundle?platform=android&dev=true&lazy=true&minify=false&app=com.evolucao.app&modulesOnly=false&runModule=true&excludeSource=true&sourcePaths=url-server","filesChangedCount":0})
04-06 10:38:36.234 23676 23801 W unknown:BridgelessReact: ReactHost{0}.loadJSBundleFromMetro(): Creating BundleLoader
04-06 10:38:36.234 23676 23676 I ViewRootImpl@b18b023[PopupWindow:a304552]: dispatchDetachedFromWindow
04-06 10:38:36.236 23676 23800 W unknown:BridgelessReact: ReactHost{0}.getOrCreateReactInstanceTask(): Creating BridgelessReactContext
04-06 10:38:36.236 23676 23676 D InputTransport: Input channel destroyed: '138ae5a', fd=123
04-06 10:38:36.238 23676 23800 W unknown:BridgelessReact: ReactHost{0}.getOrCreateReactInstanceTask(): Creating ReactInstance
04-06 10:38:36.246 23676 23801 D TrafficStats: tagSocket(136) with statsTag=0xffffffff, statsUid=-1
04-06 10:38:36.249 23676 23800 D jni_lib_merge: Entering merged library JNI_OnLoad.
04-06 10:38:36.249 23676 23800 D jni_lib_merge: Preparing 4 pre-merged libs (including stub)
04-06 10:38:36.249 23676 23800 D jni_lib_merge: Preparing to register libhermes_executor_so.  onload_func: 0x701b893fa4
04-06 10:38:36.249 23676 23800 D jni_lib_merge: Preparing to register libhermesinstancejni_so.  onload_func: 0x701b8cd8b4
04-06 10:38:36.249 23676 23800 D jni_lib_merge: Preparing to register libjsijniprofiler_so.  onload_func: 0x701b8cf8f8
04-06 10:38:36.249 23676 23800 D jni_lib_merge: About to register 3 actual methods.
04-06 10:38:36.351 23676 23800 I ExpoModulesCore: ✅ AppContext was initialized
04-06 10:38:36.378 23676 23800 W unknown:BridgelessReact: ReactHost{0}.getOrCreateReactInstanceTask(): Loading JS Bundle
04-06 10:38:36.379 23676 23800 W unknown:BridgelessReact: ReactHost{0}.getOrCreateReactInstanceTask(): DevSupportManager.onNewReactContextCreated()
04-06 10:38:36.379 23676 23814 D Detox.RNMarker: RUN_JS_BUNDLE_START (/.virtual-metro-entry.bundle?platform=android&dev=true&lazy=true&minify=false&app=com.evolucao.app&modulesOnly=false&runModule=true&excludeSource=true&sourcePaths=url-server)
04-06 10:38:36.382 23676 23676 W unknown:ReactNative: Packager connection already open, nooping.
04-06 10:38:36.384 23676 23676 W unknown:BridgelessReact: ReactHost{0}.ReactContext.onHostResume()
04-06 10:38:36.386 23676 23800 W unknown:BridgelessReact: ReactHost{0}.startSurface(surfaceId = 0): Execute
04-06 10:38:36.390 23676 23676 W unknown:BridgelessReact: ReactHost{0}.getOrCreateReactInstanceTask(): Executing ReactInstanceEventListeners
04-06 10:38:36.390 23676 23676 I DetoxRNLoading: Got new RN-context through listener
04-06 10:38:36.391 23676 23733 I DetoxRNIdleRes: Setting up Espresso Idling Resources for React Native
04-06 10:38:36.400 23676 23676 D DetoxRNHelpers: Native RN module resolution (class com.reactnativecommunity.asyncstorage.AsyncStorageModule): no registered module found
04-06 10:38:36.400 23676 23733 D IdlingRegistry: Registering idling resources: [com.wix.detox.reactnative.idlingresources.uimodule.fabric.FabricUIManagerIdlingResources@65dff7e]
04-06 10:38:36.401 23676 23733 D IdlingRegistry: Registering idling resources: [com.wix.detox.reactnative.idlingresources.animations.AnimatedModuleIdlingResource@3525cdf]
04-06 10:38:36.401 23676 23733 D IdlingRegistry: Registering idling resources: [com.wix.detox.reactnative.idlingresources.timers.FabricTimersIdlingResource@5d7ad2c]
04-06 10:38:36.401 23676 23733 D IdlingRegistry: Registering idling resources: [com.wix.detox.reactnative.idlingresources.network.NetworkIdlingResource@fa053f5]
04-06 10:38:36.401 23676 23733 D IdlingRegistry: Registering idling resources: [com.wix.detox.reactnative.idlingresources.StabilizedIdlingResource@556958a]
04-06 10:38:36.411 23676 23815 W om.evolucao.app: Accessing hidden method Landroid/os/MessageQueue;->next()Landroid/os/Message; (unsupported, reflection, allowed)
04-06 10:38:36.411 23676 23815 W om.evolucao.app: Accessing hidden field Landroid/os/MessageQueue;->mMessages:Landroid/os/Message; (unsupported, reflection, allowed)
04-06 10:38:36.411 23676 23815 W om.evolucao.app: Accessing hidden method Landroid/os/Message;->recycleUnchecked()V (unsupported, reflection, allowed)
04-06 10:38:36.563 23676 23676 D DetoxRNHelpers: Native RN module resolution (class com.reactnativecommunity.asyncstorage.AsyncStorageModule): no registered module found
04-06 10:38:36.564 23676 23762 W om.evolucao.app: Long monitor contention with owner Instr: androidx.test.runner.AndroidJUnitRunner (23733) at void com.wix.detox.DetoxMain.launchActivityOnCue(android.content.Context, com.wix.detox.ActivityLaunchHelper)(DetoxMain.kt:53) waiters=0 in void com.wix.detox.DetoxMain$setupActionHandlers$SynchronizedActionHandler.handle(java.lang.String, long) for 947ms
04-06 10:38:36.635 23676 23815 I WebViewFactory: Loading com.google.android.webview version 146.0.7680.164 (code 768016403)
04-06 10:38:36.637 23676 23815 D ApplicationLoaders: Returning zygote-cached class loader: /system/framework/android.test.base.jar
04-06 10:38:36.641 23676 23815 D nativeloader: Configuring classloader-namespace for other apk /data/app/~~23ppwVuk64Fm9vdWCRWMMw==/com.google.android.webview-FPIphznatdLDx2VBYoD68A==/base.apk. target_sdk_version=36, uses_libraries=, library_path=/data/app/~~23ppwVuk64Fm9vdWCRWMMw==/com.google.android.webview-FPIphznatdLDx2VBYoD68A==/lib/arm64:/data/app/~~23ppwVuk64Fm9vdWCRWMMw==/com.google.android.webview-FPIphznatdLDx2VBYoD68A==/base.apk!/lib/arm64-v8a, permitted_path=/data:/mnt/expand
04-06 10:38:36.656 23676 23815 I cr_WVCFactoryProvider: version=146.0.7680.164 (768016403) minSdkVersion=29 multiprocess=true packageId=127 splits=<none>
04-06 10:38:36.663 23676 23832 I chromium: [0406/103836.663358:INFO:android_webview/browser/variations/variations_seed_loader.cc:67] Failed to open file for reading.: No such file or directory (2)
04-06 10:38:36.663 23676 23832 I chromium: [0406/103836.663532:INFO:android_webview/browser/variations/variations_seed_loader.cc:67] Failed to open file for reading.: No such file or directory (2)
04-06 10:38:36.668 23676 23815 I cr_LibraryLoader: Successfully loaded native library
04-06 10:38:36.669 23676 23815 I cr_CachingUmaRecorder: Flushed 16 samples from 16 histograms, 0 samples were dropped.
04-06 10:38:36.692 23676 23814 W BridgelessReactContext: [WARNING] Bridgeless doesn't support CatalystInstance. Accessing an API that's not part of the new architecture is not encouraged usage.
04-06 10:38:36.693 23676 23837 D TrafficStats: tagSocket(153) with statsTag=0xffffffff, statsUid=-1
04-06 10:38:36.696 23676 23837 D TrafficStats: tagSocket(153) with statsTag=0xffffffff, statsUid=-1
04-06 10:38:36.702 23676 23814 I ExpoModulesCore: ✅ JSI interop was installed
04-06 10:38:36.709 23676 23814 I ExpoModulesCore: ✅ Constants were exported
04-06 10:38:36.751 23676 23814 W unknown:ViewManagerPropertyUpdater: Could not find generated setter for class com.th3rdwave.safeareacontext.SafeAreaProviderManager
04-06 10:38:36.754 23676 23814 W unknown:ViewManagerPropertyUpdater: Could not find generated setter for class com.facebook.react.uimanager.LayoutShadowNode
04-06 10:38:36.756 23676 23814 W unknown:ViewManagerPropertyUpdater: Could not find generated setter for class com.swmansion.rnscreens.SearchBarManager
04-06 10:38:36.757 23676 23814 W unknown:ViewManagerPropertyUpdater: Could not find generated setter for class com.swmansion.rnscreens.ScreenFooterManager
04-06 10:38:36.757 23676 23814 W unknown:ViewManagerPropertyUpdater: Could not find generated setter for class com.swmansion.rnscreens.gamma.tabs.TabScreenViewManager
04-06 10:38:36.759 23676 23814 W unknown:ViewManagerPropertyUpdater: Could not find generated setter for class expo.modules.kotlin.views.GroupViewManagerWrapper
04-06 10:38:36.759 23676 23814 W unknown:ViewManagerPropertyUpdater: Could not find generated setter for class com.swmansion.rnscreens.ScreenContainerViewManager
04-06 10:38:36.760 23676 23814 W unknown:ViewManagerPropertyUpdater: Could not find generated setter for class com.swmansion.rnscreens.gamma.tabs.TabsHostViewManager
04-06 10:38:36.761 23676 23814 W unknown:ViewManagerPropertyUpdater: Could not find generated setter for class com.swmansion.rnscreens.ModalScreenViewManager
04-06 10:38:36.763 23676 23814 W unknown:ViewManagerPropertyUpdater: Could not find generated setter for class com.swmansion.rnscreens.ScreenStackHeaderConfigViewManager
04-06 10:38:36.763 23676 23814 W unknown:ViewManagerPropertyUpdater: Could not find generated setter for class com.swmansion.rnscreens.ScreenContentWrapperManager
04-06 10:38:36.764 23676 23814 W unknown:ViewManagerPropertyUpdater: Could not find generated setter for class com.th3rdwave.safeareacontext.SafeAreaViewManager
04-06 10:38:36.765 23676 23814 W unknown:ViewManagerPropertyUpdater: Could not find generated setter for class com.th3rdwave.safeareacontext.SafeAreaViewShadowNode
04-06 10:38:36.765 23676 23814 W unknown:ViewManagerPropertyUpdater: Could not find generated setter for class com.swmansion.rnscreens.safearea.SafeAreaViewManager
04-06 10:38:36.766 23676 23814 W unknown:ViewManagerPropertyUpdater: Could not find generated setter for class com.swmansion.rnscreens.safearea.paper.SafeAreaViewShadowNode
04-06 10:38:36.766 23676 23814 W unknown:ViewManagerPropertyUpdater: Could not find generated setter for class com.swmansion.rnscreens.ScreenViewManager
04-06 10:38:36.767 23676 23814 W unknown:ViewManagerPropertyUpdater: Could not find generated setter for class com.swmansion.rnscreens.gamma.stack.host.StackHostViewManager
04-06 10:38:36.767 23676 23814 W unknown:ViewManagerPropertyUpdater: Could not find generated setter for class com.swmansion.rnscreens.ScreenStackHeaderSubviewManager
04-06 10:38:36.767 23676 23814 W unknown:ViewManagerPropertyUpdater: Could not find generated setter for class com.swmansion.rnscreens.gamma.stack.screen.StackScreenViewManager
04-06 10:38:36.768 23676 23814 W unknown:ViewManagerPropertyUpdater: Could not find generated setter for class com.swmansion.rnscreens.ScreenStackViewManager
04-06 10:38:36.838 23676 23814 W unknown:ViewManagerPropertyUpdater: Could not find generated setter for class com.facebook.react.views.debuggingoverlay.DebuggingOverlayManager
04-06 10:38:36.842 23676 23814 W unknown:ViewManagerPropertyUpdater: Could not find generated setter for class com.swmansion.gesturehandler.react.RNGestureHandlerButtonViewManager
04-06 10:38:36.848 23676 23814 W unknown:ViewManagerPropertyUpdater: Could not find generated setter for class com.facebook.react.views.safeareaview.ReactSafeAreaViewManager
04-06 10:38:36.852 23676 23814 W unknown:ViewManagerPropertyUpdater: Could not find generated setter for class com.facebook.react.views.modal.ReactModalHostManager
04-06 10:38:36.857 23676 23814 W unknown:ViewManagerPropertyUpdater: Could not find generated setter for class com.facebook.react.views.text.frescosupport.FrescoBasedReactTextInlineImageViewManager
04-06 10:38:36.857 23676 23814 W unknown:ViewManagerPropertyUpdater: Could not find generated setter for class com.facebook.react.views.text.frescosupport.FrescoBasedReactTextInlineImageShadowNode
04-06 10:38:36.863 23676 23814 W unknown:ViewManagerPropertyUpdater: Could not find generated setter for class com.facebook.react.views.progressbar.ReactProgressBarViewManager
04-06 10:38:36.863 23676 23814 W unknown:ViewManagerPropertyUpdater: Could not find generated setter for class com.facebook.react.views.progressbar.ProgressBarShadowNode
04-06 10:38:36.869 23676 23814 W unknown:ViewManagerPropertyUpdater: Could not find generated setter for class com.facebook.react.views.scroll.ReactHorizontalScrollViewManager
04-06 10:38:36.875 23676 23814 W unknown:ViewManagerPropertyUpdater: Could not find generated setter for class com.facebook.react.views.image.ReactImageManager
04-06 10:38:36.882 23676 23814 W unknown:ViewManagerPropertyUpdater: Could not find generated setter for class com.facebook.react.views.text.ReactTextViewManager
04-06 10:38:36.882 23676 23814 W unknown:ViewManagerPropertyUpdater: Could not find generated setter for class com.facebook.react.views.text.ReactTextShadowNode
04-06 10:38:36.888 23676 23814 W unknown:ViewManagerPropertyUpdater: Could not find generated setter for class com.facebook.react.views.scroll.ReactHorizontalScrollContainerViewManager
04-06 10:38:36.894 23676 23814 W unknown:ViewManagerPropertyUpdater: Could not find generated setter for class com.facebook.react.views.unimplementedview.ReactUnimplementedViewManager
04-06 10:38:36.901 23676 23814 W unknown:ViewManagerPropertyUpdater: Could not find generated setter for class com.facebook.react.views.scroll.ReactScrollViewManager
04-06 10:38:36.907 23676 23814 W unknown:ViewManagerPropertyUpdater: Could not find generated setter for class com.facebook.react.views.view.ReactViewManager
04-06 10:38:36.914 23676 23814 W unknown:ViewManagerPropertyUpdater: Could not find generated setter for class com.facebook.react.views.drawer.ReactDrawerLayoutManager
04-06 10:38:36.920 23676 23814 W unknown:ViewManagerPropertyUpdater: Could not find generated setter for class com.facebook.react.views.switchview.ReactSwitchManager
04-06 10:38:36.920 23676 23814 W unknown:ViewManagerPropertyUpdater: Could not find generated setter for class com.facebook.react.views.switchview.ReactSwitchShadowNode
04-06 10:38:36.925 23676 23814 W unknown:ViewManagerPropertyUpdater: Could not find generated setter for class com.facebook.react.views.swiperefresh.SwipeRefreshLayoutManager
04-06 10:38:36.932 23676 23814 W unknown:ViewManagerPropertyUpdater: Could not find generated setter for class com.facebook.react.views.textinput.ReactTextInputManager
04-06 10:38:36.933 23676 23814 W unknown:ViewManagerPropertyUpdater: Could not find generated setter for class com.facebook.react.views.textinput.ReactTextInputShadowNode
04-06 10:38:36.940 23676 23814 W unknown:ViewManagerPropertyUpdater: Could not find generated setter for class com.swmansion.gesturehandler.react.RNGestureHandlerRootViewManager
04-06 10:38:36.974 23676 23837 D TrafficStats: tagSocket(155) with statsTag=0xffffffff, statsUid=-1
04-06 10:38:37.148 23676 23814 V AsyncStorageExpoMigration: No scoped database found
04-06 10:38:37.323 23676 23814 D Detox.RNMarker: RUN_JS_BUNDLE_END (/.virtual-metro-entry.bundle?platform=android&dev=true&lazy=true&minify=false&app=com.evolucao.app&modulesOnly=false&runModule=true&excludeSource=true&sourcePaths=url-server)
04-06 10:38:37.326 23676 23814 I ReactNativeJS: Running "main" with {"rootTag":1,"initialProps":{},"fabric":true}
04-06 10:38:37.403 23676 23844 D TrafficStats: tagSocket(140) with statsTag=0xffffffff, statsUid=-1
04-06 10:38:37.534 23676 23676 I DecorView: notifyKeepScreenOnChanged: keepScreenOn=true
04-06 10:38:37.543 23676 23676 I ViewRootImpl@7efc384[MainActivity]: performTraversals params={(0,0)(fillxfill) sim={adjust=resize} layoutInDisplayCutoutMode=always ty=BASE_APPLICATION wanim=0x1030309
04-06 10:38:37.543 23676 23676 I ViewRootImpl@7efc384[MainActivity]:   fl=81810180
04-06 10:38:37.543 23676 23676 I ViewRootImpl@7efc384[MainActivity]:   pfl=16020040
04-06 10:38:37.543 23676 23676 I ViewRootImpl@7efc384[MainActivity]:   vsysui=100
04-06 10:38:37.543 23676 23676 I ViewRootImpl@7efc384[MainActivity]:   bhv=DEFAULT
04-06 10:38:37.543 23676 23676 I ViewRootImpl@7efc384[MainActivity]:   fitSides= naviIconColor=0}
04-06 10:38:37.544 23676 23676 I ViewRootImpl@7efc384[MainActivity]: performTraversals mFirst=false windowShouldResize=false viewVisibilityChanged=false mForceNextWindowRelayout=false params={(0,0)(fillxfill) sim={adjust=resize} layoutInDisplayCutoutMode=always ty=BASE_APPLICATION wanim=0x1030309
04-06 10:38:37.544 23676 23676 I ViewRootImpl@7efc384[MainActivity]:   fl=81810180
04-06 10:38:37.544 23676 23676 I ViewRootImpl@7efc384[MainActivity]:   pfl=16020040
04-06 10:38:37.544 23676 23676 I ViewRootImpl@7efc384[MainActivity]:   vsysui=100
04-06 10:38:37.544 23676 23676 I ViewRootImpl@7efc384[MainActivity]:   bhv=DEFAULT
04-06 10:38:37.544 23676 23676 I ViewRootImpl@7efc384[MainActivity]:   fitSides= naviIconColor=0}
04-06 10:38:37.553 23676 23676 I ViewRootImpl@7efc384[MainActivity]: updateBlastSurfaceIfNeeded mBlastBufferQueue=0xb4000070c2c34c00 isSameSurfaceControl=true
04-06 10:38:37.553 23676 23676 I BLASTBufferQueue: update, w= 1080 h= 2400 mName = ViewRootImpl@7efc384[MainActivity] mNativeObject= 0xb4000070c2c34c00 sc.mNativeObject= 0xb400007012c0a780 format= -1 caller= android.view.ViewRootImpl.updateBlastSurfaceIfNeeded:2898 android.view.ViewRootImpl.relayoutWindow:9847 android.view.ViewRootImpl.performTraversals:3884 android.view.ViewRootImpl.doTraversal:3116 android.view.ViewRootImpl$TraversalRunnable.run:10885 android.view.Choreographer$CallbackRecord.run:1301 
04-06 10:38:37.553 23676 23676 I ViewRootImpl@7efc384[MainActivity]: Relayout returned: old=(0,0,1080,2400) new=(0,0,1080,2400) req=(1080,2400)0 dur=7 res=0x0 s={true 0xb4000070a714a000} ch=false seqId=0
04-06 10:38:37.558 23676 23676 D Detox.RNMarker: CONTENT_APPEARED (main)
04-06 10:38:37.565 23676 23814 D Detox.RNMarker: REACT_BRIDGELESS_LOADING_END (null)
04-06 10:38:37.572 23676 23676 W UiControllerImpl: Waiting for: DYNAMIC_TASKS_HAVE_IDLED for 100 iterations.
04-06 10:38:37.574 23676 23814 I ReactNativeJS: '[ANALYTICS]', 'app_opened', { event: 'app_opened',
04-06 10:38:37.574 23676 23814 I ReactNativeJS:   eventId: '1775482717569_54a60bad83ee08',
04-06 10:38:37.574 23676 23814 I ReactNativeJS:   appVersion: '1.0.0',
04-06 10:38:37.574 23676 23814 I ReactNativeJS:   category: 'engagement',
04-06 10:38:37.574 23676 23814 I ReactNativeJS:   userId: 'anonymous',
04-06 10:38:37.574 23676 23814 I ReactNativeJS:   timestamp: 1775482717569,
04-06 10:38:37.574 23676 23814 I ReactNativeJS:   timestampIso: '2026-04-06T13:38:37.569Z',
04-06 10:38:37.574 23676 23814 I ReactNativeJS:   screen: 'App',
04-06 10:38:37.574 23676 23814 I ReactNativeJS:   sessionId: 'session-1775482717563-8f64e64784091',
04-06 10:38:37.574 23676 23814 I ReactNativeJS:   flowId: 'session-1775482717563-8f64e64784091',
04-06 10:38:37.574 23676 23814 I ReactNativeJS:   meta: 
04-06 10:38:37.574 23676 23814 I ReactNativeJS:    { domain: 'engagement',
04-06 10:38:37.574 23676 23814 I ReactNativeJS:      version: 1,
04-06 10:38:37.574 23676 23814 I ReactNativeJS:      dayKey: '2026-04-