04-06 10:42:52.308 26561 26561 I ViewRootImpl@73623ee[MainActivity]: handleResized, msg = 5 frames=ClientWindowFrames{frame=[0,0][1080,2400] display=[0,0][1080,2400] parentFrame=[0,0][0,0] parentClippedByDisplayCutout=false} forceNextWindowRelayout=false displayId=0 resizeMode=-1 frameChanged=false displayFrameChanged=false configChanged=false displayChanged=false
04-06 10:42:52.308 26561 26561 I ViewRootImpl@73623ee[MainActivity]: handleResized mSyncSeqId = 0
04-06 10:42:52.308 26561 26561 I ViewRootImpl@73623ee[MainActivity]: reportNextDraw android.view.ViewRootImpl.handleResized:2450 android.view.ViewRootImpl.-$$Nest$mhandleResized:0 android.view.ViewRootImpl$ViewRootHandler.handleMessageImpl:6728 android.view.ViewRootImpl$ViewRootHandler.handleMessage:6697 android.os.Handler.dispatchMessage:106 
04-06 10:42:52.320 26561 26561 I ViewRootImpl@7f2009b[PopupWindow:f832caa]: performTraversals params={(0,88)(fillxwrap) gr=TOP START CENTER sim={state=unchanged adjust=pan} ty=APPLICATION_PANEL fmt=TRANSLUCENT surfaceInsets=Rect(0, 0 - 0, 0) (manual)
04-06 10:42:52.320 26561 26561 I ViewRootImpl@7f2009b[PopupWindow:f832caa]:   fl=41800008
04-06 10:42:52.320 26561 26561 I ViewRootImpl@7f2009b[PopupWindow:f832caa]:   pfl=42018000
04-06 10:42:52.320 26561 26561 I ViewRootImpl@7f2009b[PopupWindow:f832caa]:   bhv=DEFAULT
04-06 10:42:52.320 26561 26561 I ViewRootImpl@7f2009b[PopupWindow:f832caa]:   fitTypes=STATUS_BARS NAVIGATION_BARS CAPTION_BAR naviIconColor=0
04-06 10:42:52.320 26561 26561 I ViewRootImpl@7f2009b[PopupWindow:f832caa]:   sfl=20000}
04-06 10:42:52.320 26561 26561 I ViewRootImpl@7f2009b[PopupWindow:f832caa]: performTraversals mFirst=true windowShouldResize=true viewVisibilityChanged=false mForceNextWindowRelayout=false params={(0,88)(fillxwrap) gr=TOP START CENTER sim={state=unchanged adjust=pan} ty=APPLICATION_PANEL fmt=TRANSLUCENT surfaceInsets=Rect(0, 0 - 0, 0) (manual)
04-06 10:42:52.320 26561 26561 I ViewRootImpl@7f2009b[PopupWindow:f832caa]:   fl=41800008
04-06 10:42:52.320 26561 26561 I ViewRootImpl@7f2009b[PopupWindow:f832caa]:   pfl=42018000
04-06 10:42:52.320 26561 26561 I ViewRootImpl@7f2009b[PopupWindow:f832caa]:   bhv=DEFAULT
04-06 10:42:52.320 26561 26561 I ViewRootImpl@7f2009b[PopupWindow:f832caa]:   fitTypes=STATUS_BARS NAVIGATION_BARS CAPTION_BAR naviIconColor=0
04-06 10:42:52.320 26561 26561 I ViewRootImpl@7f2009b[PopupWindow:f832caa]:   sfl=20000}
04-06 10:42:52.323 26561 26625 I ViewRootImpl@7f2009b[PopupWindow:f832caa]: Resizing android.view.ViewRootImpl@cfb53e4: frame = [0,88][1080,167] reportDraw = true forceLayout = false syncSeqId = 0
04-06 10:42:52.324 26561 26561 I ViewRootImpl@7f2009b[PopupWindow:f832caa]: updateBlastSurfaceIfNeeded mBlastBufferQueue=null isSameSurfaceControl=false
04-06 10:42:52.325 26561 26561 I BLASTBufferQueue: new BLASTBufferQueue, mName= ViewRootImpl@7f2009b[PopupWindow:f832caa] mNativeObject= 0xb4000070a712f700 sc.mNativeObject= 0xb4000070a0cf5580 caller= android.view.ViewRootImpl.updateBlastSurfaceIfNeeded:2909 android.view.ViewRootImpl.relayoutWindow:9847 android.view.ViewRootImpl.performTraversals:3884 android.view.ViewRootImpl.doTraversal:3116 android.view.ViewRootImpl$TraversalRunnable.run:10885 android.view.Choreographer$CallbackRecord.run:1301 android.view.Choreographer$CallbackRecord.run:1309 android.view.Choreographer.doCallbacks:923 android.view.Choreographer.doFrame:852 android.view.Choreographer$FrameDisplayEventReceiver.run:1283 
04-06 10:42:52.325 26561 26561 I BLASTBufferQueue: update, w= 1080 h= 79 mName = ViewRootImpl@7f2009b[PopupWindow:f832caa] mNativeObject= 0xb4000070a712f700 sc.mNativeObject= 0xb4000070a0cf5580 format= -3 caller= android.graphics.BLASTBufferQueue.<init>:84 android.view.ViewRootImpl.updateBlastSurfaceIfNeeded:2909 android.view.ViewRootImpl.relayoutWindow:9847 android.view.ViewRootImpl.performTraversals:3884 android.view.ViewRootImpl.doTraversal:3116 android.view.ViewRootImpl$TraversalRunnable.run:10885 
04-06 10:42:52.325 26561 26561 I ViewRootImpl@7f2009b[PopupWindow:f832caa]: Relayout returned: old=(0,88,1080,2256) new=(0,88,1080,167) req=(1080,79)0 dur=4 res=0x3 s={true 0xb4000070a7138800} ch=true seqId=0
04-06 10:42:52.326 26561 26561 I ViewRootImpl@7f2009b[PopupWindow:f832caa]: mThreadedRenderer.initialize() mSurface={isValid=true 0xb4000070a7138800} hwInitialized=true
04-06 10:42:52.326 26561 26611 D OpenGLRenderer: eglCreateWindowSurface
04-06 10:42:52.326 26561 26561 I ViewRootImpl@7f2009b[PopupWindow:f832caa]: reportNextDraw android.view.ViewRootImpl.performTraversals:4438 android.view.ViewRootImpl.doTraversal:3116 android.view.ViewRootImpl$TraversalRunnable.run:10885 android.view.Choreographer$CallbackRecord.run:1301 android.view.Choreographer$CallbackRecord.run:1309 
04-06 10:42:52.326 26561 26561 I ViewRootImpl@7f2009b[PopupWindow:f832caa]: Setup new sync id=0
04-06 10:42:52.326 26561 26561 I ViewRootImpl@7f2009b[PopupWindow:f832caa]: Setting syncFrameCallback
04-06 10:42:52.327 26561 26561 I ViewRootImpl@7f2009b[PopupWindow:f832caa]: registerCallbacksForSync syncBuffer=false
04-06 10:42:52.328 26561 26632 I ViewRootImpl@7f2009b[PopupWindow:f832caa]: Received frameDrawingCallback syncResult=0 frameNum=1.
04-06 10:42:52.328 26561 26632 I ViewRootImpl@7f2009b[PopupWindow:f832caa]: Setting up sync and frameCommitCallback
04-06 10:42:52.334 26561 26611 I BLASTBufferQueue: [ViewRootImpl@7f2009b[PopupWindow:f832caa]#1](f:0,a:0) onFrameAvailable the first frame is available
04-06 10:42:52.335 26561 26611 I ViewRootImpl@7f2009b[PopupWindow:f832caa]: Received frameCommittedCallback lastAttemptedDrawFrameNum=1 didProduceBuffer=true
04-06 10:42:52.335 26561 26611 D OpenGLRenderer: CFMS:: SetUp Pid : 26561    Tid : 26611
04-06 10:42:52.335 26561 26611 W Parcel  : Expecting binder but got null!
04-06 10:42:52.335 26561 26561 I ViewRootImpl@7f2009b[PopupWindow:f832caa]: onSyncComplete
04-06 10:42:52.336 26561 26561 I ViewRootImpl@7f2009b[PopupWindow:f832caa]: setupSync seqId=0 mSyncId=0 fn=1 caller=android.view.ViewRootImpl$$ExternalSyntheticLambda11.accept:6 android.window.SurfaceSyncer.lambda$setupSync$1$android-window-SurfaceSyncer:128 android.window.SurfaceSyncer$$ExternalSyntheticLambda1.accept:8 android.window.SurfaceSyncer$SyncSet.checkIfSyncIsComplete:382 android.window.SurfaceSyncer$SyncSet.markSyncReady:359 android.window.SurfaceSyncer.markSyncReady:151 android.view.ViewRootImpl.performTraversals:4503 
04-06 10:42:52.336 26561 26561 I ViewRootImpl@73623ee[MainActivity]: Setup new sync id=1
04-06 10:42:52.336 26561 26561 I ViewRootImpl@73623ee[MainActivity]: Setting syncFrameCallback
04-06 10:42:52.336 26561 26561 I ViewRootImpl@73623ee[MainActivity]: registerCallbacksForSync syncBuffer=false
04-06 10:42:52.336 26561 26633 I ViewRootImpl@73623ee[MainActivity]: Received frameDrawingCallback syncResult=0 frameNum=2.
04-06 10:42:52.336 26561 26633 I ViewRootImpl@73623ee[MainActivity]: Setting up sync and frameCommitCallback
04-06 10:42:52.337 26561 26611 I ViewRootImpl@73623ee[MainActivity]: Received frameCommittedCallback lastAttemptedDrawFrameNum=2 didProduceBuffer=true
04-06 10:42:52.337 26561 26561 I ViewRootImpl@73623ee[MainActivity]: onSyncComplete
04-06 10:42:52.337 26561 26561 I ViewRootImpl@73623ee[MainActivity]: setupSync seqId=0 mSyncId=1 fn=2 caller=android.view.ViewRootImpl$$ExternalSyntheticLambda11.accept:6 android.window.SurfaceSyncer.lambda$setupSync$1$android-window-SurfaceSyncer:128 android.window.SurfaceSyncer$$ExternalSyntheticLambda1.accept:8 android.window.SurfaceSyncer$SyncSet.checkIfSyncIsComplete:382 android.window.SurfaceSyncer$SyncSet.markSyncReady:359 android.window.SurfaceSyncer.markSyncReady:151 android.view.ViewRootImpl.performTraversals:4503 
04-06 10:42:52.338 26561 26561 I ViewRootImpl@73623ee[MainActivity]: reportDrawFinished seqId=0 mSyncId=-1 fn=2 mSurfaceChangedTransaction=0xb4000070c2e54f00
04-06 10:42:52.338 26561 26561 I ViewRootImpl@7f2009b[PopupWindow:f832caa]: reportDrawFinished seqId=0 mSyncId=-1 fn=1 mSurfaceChangedTransaction=0xb4000070a7105700
04-06 10:42:52.338 26561 26561 I ViewRootImpl@73623ee[MainActivity]: MSG_WINDOW_FOCUS_CHANGED 1 0
04-06 10:42:52.338 26561 26561 I ViewRootImpl@73623ee[MainActivity]: mThreadedRenderer.initializeIfNeeded()#2 mSurface={isValid=true 0xb4000070a7136000}
04-06 10:42:52.339 26561 26561 W unknown:BridgelessReact: ReactHost{0}.raiseSoftException(onWindowFocusChange(hasFocus = "true")): Tried to access onWindowFocusChange while context is not ready
04-06 10:42:52.340 26561 26561 E unknown:ReactHost: Unhandled SoftException
04-06 10:42:52.340 26561 26561 E unknown:ReactHost: com.facebook.react.bridge.ReactNoCrashSoftException: raiseSoftException(onWindowFocusChange(hasFocus = "true")): Tried to access onWindowFocusChange while context is not ready
04-06 10:42:52.340 26561 26561 E unknown:ReactHost: 	at com.facebook.react.runtime.ReactHostImpl.raiseSoftException(ReactHostImpl.kt:861)
04-06 10:42:52.340 26561 26561 E unknown:ReactHost: 	at com.facebook.react.runtime.ReactHostImpl.raiseSoftException$default(ReactHostImpl.kt:852)
04-06 10:42:52.340 26561 26561 E unknown:ReactHost: 	at com.facebook.react.runtime.ReactHostImpl.onWindowFocusChange(ReactHostImpl.kt:625)
04-06 10:42:52.340 26561 26561 E unknown:ReactHost: 	at com.facebook.react.ReactDelegate.onWindowFocusChanged(ReactDelegate.kt:232)
04-06 10:42:52.340 26561 26561 E unknown:ReactHost: 	at com.facebook.react.ReactActivityDelegate.onWindowFocusChanged(ReactActivityDelegate.java:237)
04-06 10:42:52.340 26561 26561 E unknown:ReactHost: 	at expo.modules.ReactActivityDelegateWrapper$onWindowFocusChanged$1.invokeSuspend(ReactActivityDelegateWrapper.kt:320)
04-06 10:42:52.340 26561 26561 E unknown:ReactHost: 	at expo.modules.ReactActivityDelegateWrapper$onWindowFocusChanged$1.invoke(Unknown Source:8)
04-06 10:42:52.340 26561 26561 E unknown:ReactHost: 	at expo.modules.ReactActivityDelegateWrapper$onWindowFocusChanged$1.invoke(Unknown Source:4)
04-06 10:42:52.340 26561 26561 E unknown:ReactHost: 	at expo.modules.ReactActivityDelegateWrapper$launchLifecycleScopeWithLock$1.invokeSuspend(ReactActivityDelegateWrapper.kt:452)
04-06 10:42:52.340 26561 26561 E unknown:ReactHost: 	at kotlin.coroutines.jvm.internal.BaseContinuationImpl.resumeWith(ContinuationImpl.kt:33)
04-06 10:42:52.340 26561 26561 E unknown:ReactHost: 	at kotlinx.coroutines.internal.DispatchedContinuationKt.resumeCancellableWith(DispatchedContinuation.kt:375)
04-06 10:42:52.340 26561 26561 E unknown:ReactHost: 	at kotlinx.coroutines.intrinsics.CancellableKt.startCoroutineCancellable(Cancellable.kt:26)
04-06 10:42:52.340 26561 26561 E unknown:ReactHost: 	at kotlinx.coroutines.CoroutineStart.invoke(CoroutineStart.kt:358)
04-06 10:42:52.340 26561 26561 E unknown:ReactHost: 	at kotlinx.coroutines.AbstractCoroutine.start(AbstractCoroutine.kt:134)
04-06 10:42:52.340 26561 26561 E unknown:ReactHost: 	at kotlinx.coroutines.BuildersKt__Builders_commonKt.launch(Builders.common.kt:53)
04-06 10:42:52.340 26561 26561 E unknown:ReactHost: 	at kotlinx.coroutines.BuildersKt.launch(Unknown Source:1)
04-06 10:42:52.340 26561 26561 E unknown:ReactHost: 	at kotlinx.coroutines.BuildersKt__Builders_commonKt.launch$default(Builders.common.kt:44)
04-06 10:42:52.340 26561 26561 E unknown:ReactHost: 	at kotlinx.coroutines.BuildersKt.launch$default(Unknown Source:1)
04-06 10:42:52.340 26561 26561 E unknown:ReactHost: 	at expo.modules.ReactActivityDelegateWrapper.launchLifecycleScopeWithLock(ReactActivityDelegateWrapper.kt:450)
04-06 10:42:52.340 26561 26561 E unknown:ReactHost: 	at expo.modules.ReactActivityDelegateWrapper.launchLifecycleScopeWithLock$default(ReactActivityDelegateWrapper.kt:446)
04-06 10:42:52.340 26561 26561 E unknown:ReactHost: 	at expo.modules.ReactActivityDelegateWrapper.onWindowFocusChanged(ReactActivityDelegateWrapper.kt:318)
04-06 10:42:52.340 26561 26561 E unknown:ReactHost: 	at com.facebook.react.ReactActivity.onWindowFocusChanged(ReactActivity.java:158)
04-06 10:42:52.340 26561 26561 E unknown:ReactHost: 	at androidx.appcompat.view.WindowCallbackWrapper.onWindowFocusChanged(WindowCallbackWrapper.java:124)
04-06 10:42:52.340 26561 26561 E unknown:ReactHost: 	at com.android.internal.policy.DecorView.onWindowFocusChanged(DecorView.java:2710)
04-06 10:42:52.340 26561 26561 E unknown:ReactHost: 	at android.view.View.dispatchWindowFocusChanged(View.java:15817)
04-06 10:42:52.340 26561 26561 E unknown:ReactHost: 	at android.view.ViewGroup.dispatchWindowFocusChanged(ViewGroup.java:1512)
04-06 10:42:52.340 26561 26561 E unknown:ReactHost: 	at android.view.ViewRootImpl.handleWindowFocusChanged(ViewRootImpl.java:4678)
04-06 10:42:52.340 26561 26561 E unknown:ReactHost: 	at android.view.ViewRootImpl.-$$Nest$mhandleWindowFocusChanged(Unknown Source:0)
04-06 10:42:52.340 26561 26561 E unknown:ReactHost: 	at android.view.ViewRootImpl$ViewRootHandler.handleMessageImpl(ViewRootImpl.java:6788)
04-06 10:42:52.340 26561 26561 E unknown:ReactHost: 	at android.view.ViewRootImpl$ViewRootHandler.handleMessage(ViewRootImpl.java:6697)
04-06 10:42:52.340 26561 26561 E unknown:ReactHost: 	at android.os.Handler.dispatchMessage(Handler.java:106)
04-06 10:42:52.340 26561 26561 E unknown:ReactHost: 	at android.os.Looper.loopOnce(Looper.java:226)
04-06 10:42:52.340 26561 26561 E unknown:ReactHost: 	at android.os.Looper.loop(Looper.java:313)
04-06 10:42:52.340 26561 26561 E unknown:ReactHost: 	at android.app.ActivityThread.main(ActivityThread.java:8762)
04-06 10:42:52.340 26561 26561 E unknown:ReactHost: 	at java.lang.reflect.Method.invoke(Native Method)
04-06 10:42:52.340 26561 26561 E unknown:ReactHost: 	at com.android.internal.os.RuntimeInit$MethodAndArgsCaller.run(RuntimeInit.java:604)
04-06 10:42:52.340 26561 26561 E unknown:ReactHost: 	at com.android.internal.os.ZygoteInit.main(ZygoteInit.java:1067)
04-06 10:42:52.340 26561 26561 D InputMethodManager: startInputInner - Id : 0
04-06 10:42:52.340 26561 26561 I InputMethodManager: startInputInner - mService.startInputOrWindowGainedFocus
04-06 10:42:52.344 26561 26561 I ViewRootImpl@7f2009b[PopupWindow:f832caa]: handleResized, msg = 5 frames=ClientWindowFrames{frame=[0,88][1080,167] display=[0,88][1080,2256] parentFrame=[0,0][0,0] parentClippedByDisplayCutout=false} forceNextWindowRelayout=false displayId=0 resizeMode=-1 frameChanged=false displayFrameChanged=false configChanged=false displayChanged=false
04-06 10:42:52.344 26561 26561 I ViewRootImpl@7f2009b[PopupWindow:f832caa]: handleResized mSyncSeqId = 0
04-06 10:42:52.344 26561 26561 I ViewRootImpl@7f2009b[PopupWindow:f832caa]: reportNextDraw android.view.ViewRootImpl.handleResized:2450 android.view.ViewRootImpl.-$$Nest$mhandleResized:0 android.view.ViewRootImpl$ViewRootHandler.handleMessageImpl:6728 android.view.ViewRootImpl$ViewRootHandler.handleMessage:6697 android.os.Handler.dispatchMessage:106 
04-06 10:42:52.345 26561 26561 D InputMethodManager: startInputInner - Id : 0
04-06 10:42:52.350 26561 26561 I ViewRootImpl@7f2009b[PopupWindow:f832caa]: Setup new sync id=1
04-06 10:42:52.350 26561 26561 I ViewRootImpl@7f2009b[PopupWindow:f832caa]: Setting syncFrameCallback
04-06 10:42:52.350 26561 26561 I ViewRootImpl@7f2009b[PopupWindow:f832caa]: registerCallbacksForSync syncBuffer=false
04-06 10:42:52.352 26561 26632 I ViewRootImpl@7f2009b[PopupWindow:f832caa]: Received frameDrawingCallback syncResult=0 frameNum=3.
04-06 10:42:52.352 26561 26632 I ViewRootImpl@7f2009b[PopupWindow:f832caa]: Setting up sync and frameCommitCallback
04-06 10:42:52.358 26561 26611 I ViewRootImpl@7f2009b[PopupWindow:f832caa]: Received frameCommittedCallback lastAttemptedDrawFrameNum=3 didProduceBuffer=true
04-06 10:42:52.358 26561 26561 I ViewRootImpl@7f2009b[PopupWindow:f832caa]: onSyncComplete
04-06 10:42:52.359 26561 26561 I ViewRootImpl@7f2009b[PopupWindow:f832caa]: setupSync seqId=0 mSyncId=1 fn=3 caller=android.view.ViewRootImpl$$ExternalSyntheticLambda11.accept:6 android.window.SurfaceSyncer.lambda$setupSync$1$android-window-SurfaceSyncer:128 android.window.SurfaceSyncer$$ExternalSyntheticLambda1.accept:8 android.window.SurfaceSyncer$SyncSet.checkIfSyncIsComplete:382 android.window.SurfaceSyncer$SyncSet.markSyncReady:359 android.window.SurfaceSyncer.markSyncReady:151 android.view.ViewRootImpl.performTraversals:4503 
04-06 10:42:52.359 26561 26561 I ViewRootImpl@7f2009b[PopupWindow:f832caa]: reportDrawFinished seqId=0 mSyncId=-1 fn=3 mSurfaceChangedTransaction=0xb4000070a7105700
04-06 10:42:52.599 26561 26561 D InsetsController: cancelAnimation of types: 1, animType: 0, host: com.evolucao.app/com.evolucao.app.MainActivity, from:android.view.InsetsController.notifyFinished:1375 android.view.InsetsAnimationThreadControlRunner$1.lambda$notifyFinished$0$android-view-InsetsAnimationThreadControlRunner$1:84 android.view.InsetsAnimationThreadControlRunner$1$$ExternalSyntheticLambda1.run:4 
04-06 10:42:52.600 26561 26561 D InsetsSourceConsumer: ensureControlPosition: Point(0, 0) for ITYPE_STATUS_BAR on com.evolucao.app/com.evolucao.app.MainActivity from android.view.InsetsSourceConsumer.notifyAnimationFinished:419
04-06 10:42:52.615 26561 26633 I ViewRootImpl@73623ee[MainActivity]: mWNT: t=0xb4000070a0c4d400 mBlastBufferQueue=0xb4000070c2c34c00 fn= 3 caller= android.view.SyncRtSurfaceTransactionApplier.applyTransaction:96 android.view.SyncRtSurfaceTransactionApplier.lambda$scheduleApply$0$android-view-SyncRtSurfaceTransactionApplier:69 android.view.SyncRtSurfaceTransactionApplier$$ExternalSyntheticLambda0.onFrameDraw:4 
04-06 10:42:52.622 26561 26611 D OpenGLRenderer: setSurface called with nullptr
04-06 10:42:52.622 26561 26611 D OpenGLRenderer: setSurface() destroyed EGLSurface
04-06 10:42:52.622 26561 26611 D OpenGLRenderer: destroyEglSurface
04-06 10:42:52.622 26561 26629 D Detox.RNMarker: DOWNLOAD_END ({"url":"http:\/\/localhost:8081\/.expo\/.virtual-metro-entry.bundle?platform=android&dev=true&lazy=true&minify=false&app=com.evolucao.app&modulesOnly=false&runModule=true&excludeSource=true&sourcePaths=url-server","filesChangedCount":0})
04-06 10:42:52.622 26561 26629 W unknown:BridgelessReact: ReactHost{0}.loadJSBundleFromMetro(): Creating BundleLoader
04-06 10:42:52.623 26561 26561 I ViewRootImpl@7f2009b[PopupWindow:f832caa]: dispatchDetachedFromWindow
04-06 10:42:52.624 26561 26628 W unknown:BridgelessReact: ReactHost{0}.getOrCreateReactInstanceTask(): Creating BridgelessReactContext
04-06 10:42:52.625 26561 26561 D InputTransport: Input channel destroyed: 'f22a11a', fd=121
04-06 10:42:52.626 26561 26628 W unknown:BridgelessReact: ReactHost{0}.getOrCreateReactInstanceTask(): Creating ReactInstance
04-06 10:42:52.635 26561 26629 D TrafficStats: tagSocket(134) with statsTag=0xffffffff, statsUid=-1
04-06 10:42:52.638 26561 26628 D jni_lib_merge: Entering merged library JNI_OnLoad.
04-06 10:42:52.638 26561 26628 D jni_lib_merge: Preparing 4 pre-merged libs (including stub)
04-06 10:42:52.638 26561 26628 D jni_lib_merge: Preparing to register libhermes_executor_so.  onload_func: 0x701c771fa4
04-06 10:42:52.638 26561 26628 D jni_lib_merge: Preparing to register libhermesinstancejni_so.  onload_func: 0x701c7ab8b4
04-06 10:42:52.638 26561 26628 D jni_lib_merge: Preparing to register libjsijniprofiler_so.  onload_func: 0x701c7ad8f8
04-06 10:42:52.638 26561 26628 D jni_lib_merge: About to register 3 actual methods.
04-06 10:42:52.735 26561 26628 I ExpoModulesCore: ✅ AppContext was initialized
04-06 10:42:52.764 26561 26628 W unknown:BridgelessReact: ReactHost{0}.getOrCreateReactInstanceTask(): Loading JS Bundle
04-06 10:42:52.764 26561 26628 W unknown:BridgelessReact: ReactHost{0}.getOrCreateReactInstanceTask(): DevSupportManager.onNewReactContextCreated()
04-06 10:42:52.764 26561 26642 D Detox.RNMarker: RUN_JS_BUNDLE_START (/.virtual-metro-entry.bundle?platform=android&dev=true&lazy=true&minify=false&app=com.evolucao.app&modulesOnly=false&runModule=true&excludeSource=true&sourcePaths=url-server)
04-06 10:42:52.766 26561 26561 W unknown:ReactNative: Packager connection already open, nooping.
04-06 10:42:52.770 26561 26561 W unknown:BridgelessReact: ReactHost{0}.ReactContext.onHostResume()
04-06 10:42:52.771 26561 26628 W unknown:BridgelessReact: ReactHost{0}.startSurface(surfaceId = 0): Execute
04-06 10:42:52.775 26561 26561 W unknown:BridgelessReact: ReactHost{0}.getOrCreateReactInstanceTask(): Executing ReactInstanceEventListeners
04-06 10:42:52.775 26561 26561 I DetoxRNLoading: Got new RN-context through listener
04-06 10:42:52.776 26561 26588 I DetoxRNIdleRes: Setting up Espresso Idling Resources for React Native
04-06 10:42:52.784 26561 26561 D DetoxRNHelpers: Native RN module resolution (class com.reactnativecommunity.asyncstorage.AsyncStorageModule): no registered module found
04-06 10:42:52.784 26561 26588 D IdlingRegistry: Registering idling resources: [com.wix.detox.reactnative.idlingresources.uimodule.fabric.FabricUIManagerIdlingResources@76f3a71]
04-06 10:42:52.785 26561 26588 D IdlingRegistry: Registering idling resources: [com.wix.detox.reactnative.idlingresources.animations.AnimatedModuleIdlingResource@2908056]
04-06 10:42:52.785 26561 26588 D IdlingRegistry: Registering idling resources: [com.wix.detox.reactnative.idlingresources.timers.FabricTimersIdlingResource@72508d7]
04-06 10:42:52.785 26561 26588 D IdlingRegistry: Registering idling resources: [com.wix.detox.reactnative.idlingresources.network.NetworkIdlingResource@c075c4]
04-06 10:42:52.785 26561 26588 D IdlingRegistry: Registering idling resources: [com.wix.detox.reactnative.idlingresources.StabilizedIdlingResource@f6c0cad]
04-06 10:42:52.793 26561 26643 W om.evolucao.app: Accessing hidden method Landroid/os/MessageQueue;->next()Landroid/os/Message; (unsupported, reflection, allowed)
04-06 10:42:52.793 26561 26643 W om.evolucao.app: Accessing hidden field Landroid/os/MessageQueue;->mMessages:Landroid/os/Message; (unsupported, reflection, allowed)
04-06 10:42:52.793 26561 26643 W om.evolucao.app: Accessing hidden method Landroid/os/Message;->recycleUnchecked()V (unsupported, reflection, allowed)
04-06 10:42:52.944 26561 26561 D DetoxRNHelpers: Native RN module resolution (class com.reactnativecommunity.asyncstorage.AsyncStorageModule): no registered module found
04-06 10:42:52.945 26561 26593 W om.evolucao.app: Long monitor contention with owner Instr: androidx.test.runner.AndroidJUnitRunner (26588) at void com.wix.detox.DetoxMain.launchActivityOnCue(android.content.Context, com.wix.detox.ActivityLaunchHelper)(DetoxMain.kt:53) waiters=0 in void com.wix.detox.DetoxMain$setupActionHandlers$SynchronizedActionHandler.handle(java.lang.String, long) for 889ms
04-06 10:42:53.006 26561 26643 I WebViewFactory: Loading com.google.android.webview version 146.0.7680.164 (code 768016403)
04-06 10:42:53.008 26561 26643 D ApplicationLoaders: Returning zygote-cached class loader: /system/framework/android.test.base.jar
04-06 10:42:53.011 26561 26643 D nativeloader: Configuring classloader-namespace for other apk /data/app/~~23ppwVuk64Fm9vdWCRWMMw==/com.google.android.webview-FPIphznatdLDx2VBYoD68A==/base.apk. target_sdk_version=36, uses_libraries=, library_path=/data/app/~~23ppwVuk64Fm9vdWCRWMMw==/com.google.android.webview-FPIphznatdLDx2VBYoD68A==/lib/arm64:/data/app/~~23ppwVuk64Fm9vdWCRWMMw==/com.google.android.webview-FPIphznatdLDx2VBYoD68A==/base.apk!/lib/arm64-v8a, permitted_path=/data:/mnt/expand
04-06 10:42:53.022 26561 26643 I cr_WVCFactoryProvider: version=146.0.7680.164 (768016403) minSdkVersion=29 multiprocess=true packageId=127 splits=<none>
04-06 10:42:53.027 26561 26659 I chromium: [0406/104253.027652:INFO:android_webview/browser/variations/variations_seed_loader.cc:67] Failed to open file for reading.: No such file or directory (2)
04-06 10:42:53.027 26561 26659 I chromium: [0406/104253.027784:INFO:android_webview/browser/variations/variations_seed_loader.cc:67] Failed to open file for reading.: No such file or directory (2)
04-06 10:42:53.032 26561 26643 I cr_LibraryLoader: Successfully loaded native library
04-06 10:42:53.033 26561 26643 I cr_CachingUmaRecorder: Flushed 16 samples from 16 histograms, 0 samples were dropped.
04-06 10:42:53.044 26561 26662 D TrafficStats: tagSocket(155) with statsTag=0xffffffff, statsUid=-1
04-06 10:42:53.047 26561 26662 D TrafficStats: tagSocket(155) with statsTag=0xffffffff, statsUid=-1
04-06 10:42:53.055 26561 26642 W BridgelessReactContext: [WARNING] Bridgeless doesn't support CatalystInstance. Accessing an API that's not part of the new architecture is not encouraged usage.
04-06 10:42:53.061 26561 26642 I ExpoModulesCore: ✅ JSI interop was installed
04-06 10:42:53.067 26561 26642 I ExpoModulesCore: ✅ Constants were exported
04-06 10:42:53.108 26561 26642 W unknown:ViewManagerPropertyUpdater: Could not find generated setter for class com.th3rdwave.safeareacontext.SafeAreaProviderManager
04-06 10:42:53.110 26561 26642 W unknown:ViewManagerPropertyUpdater: Could not find generated setter for class com.facebook.react.uimanager.LayoutShadowNode
04-06 10:42:53.113 26561 26642 W unknown:ViewManagerPropertyUpdater: Could not find generated setter for class com.swmansion.rnscreens.SearchBarManager
04-06 10:42:53.114 26561 26642 W unknown:ViewManagerPropertyUpdater: Could not find generated setter for class com.swmansion.rnscreens.ScreenFooterManager
04-06 10:42:53.114 26561 26642 W unknown:ViewManagerPropertyUpdater: Could not find generated setter for class com.swmansion.rnscreens.gamma.tabs.TabScreenViewManager
04-06 10:42:53.116 26561 26642 W unknown:ViewManagerPropertyUpdater: Could not find generated setter for class expo.modules.kotlin.views.GroupViewManagerWrapper
04-06 10:42:53.117 26561 26642 W unknown:ViewManagerPropertyUpdater: Could not find generated setter for class com.swmansion.rnscreens.ScreenContainerViewManager
04-06 10:42:53.117 26561 26642 W unknown:ViewManagerPropertyUpdater: Could not find generated setter for class com.swmansion.rnscreens.gamma.tabs.TabsHostViewManager
04-06 10:42:53.119 26561 26642 W unknown:ViewManagerPropertyUpdater: Could not find generated setter for class com.swmansion.rnscreens.ModalScreenViewManager
04-06 10:42:53.120 26561 26642 W unknown:ViewManagerPropertyUpdater: Could not find generated setter for class com.swmansion.rnscreens.ScreenStackHeaderConfigViewManager
04-06 10:42:53.121 26561 26642 W unknown:ViewManagerPropertyUpdater: Could not find generated setter for class com.swmansion.rnscreens.ScreenContentWrapperManager
04-06 10:42:53.121 26561 26642 W unknown:ViewManagerPropertyUpdater: Could not find generated setter for class com.th3rdwave.safeareacontext.SafeAreaViewManager
04-06 10:42:53.122 26561 26642 W unknown:ViewManagerPropertyUpdater: Could not find generated setter for class com.th3rdwave.safeareacontext.SafeAreaViewShadowNode
04-06 10:42:53.123 26561 26642 W unknown:ViewManagerPropertyUpdater: Could not find generated setter for class com.swmansion.rnscreens.safearea.SafeAreaViewManager
04-06 10:42:53.123 26561 26642 W unknown:ViewManagerPropertyUpdater: Could not find generated setter for class com.swmansion.rnscreens.safearea.paper.SafeAreaViewShadowNode
04-06 10:42:53.124 26561 26642 W unknown:ViewManagerPropertyUpdater: Could not find generated setter for class com.swmansion.rnscreens.ScreenViewManager
04-06 10:42:53.124 26561 26642 W unknown:ViewManagerPropertyUpdater: Could not find generated setter for class com.swmansion.rnscreens.gamma.stack.host.StackHostViewManager
04-06 10:42:53.125 26561 26642 W unknown:ViewManagerPropertyUpdater: Could not find generated setter for class com.swmansion.rnscreens.ScreenStackHeaderSubviewManager
04-06 10:42:53.125 26561 26642 W unknown:ViewManagerPropertyUpdater: Could not find generated setter for class com.swmansion.rnscreens.gamma.stack.screen.StackScreenViewManager
04-06 10:42:53.125 26561 26642 W unknown:ViewManagerPropertyUpdater: Could not find generated setter for class com.swmansion.rnscreens.ScreenStackViewManager
04-06 10:42:53.198 26561 26642 W unknown:ViewManagerPropertyUpdater: Could not find generated setter for class com.facebook.react.views.debuggingoverlay.DebuggingOverlayManager
04-06 10:42:53.202 26561 26642 W unknown:ViewManagerPropertyUpdater: Could not find generated setter for class com.swmansion.gesturehandler.react.RNGestureHandlerButtonViewManager
04-06 10:42:53.207 26561 26642 W unknown:ViewManagerPropertyUpdater: Could not find generated setter for class com.facebook.react.views.safeareaview.ReactSafeAreaViewManager
04-06 10:42:53.212 26561 26642 W unknown:ViewManagerPropertyUpdater: Could not find generated setter for class com.facebook.react.views.modal.ReactModalHostManager
04-06 10:42:53.217 26561 26642 W unknown:ViewManagerPropertyUpdater: Could not find generated setter for class com.facebook.react.views.text.frescosupport.FrescoBasedReactTextInlineImageViewManager
04-06 10:42:53.217 26561 26642 W unknown:ViewManagerPropertyUpdater: Could not find generated setter for class com.facebook.react.views.text.frescosupport.FrescoBasedReactTextInlineImageShadowNode
04-06 10:42:53.221 26561 26642 W unknown:ViewManagerPropertyUpdater: Could not find generated setter for class com.facebook.react.views.progressbar.ReactProgressBarViewManager
04-06 10:42:53.222 26561 26642 W unknown:ViewManagerPropertyUpdater: Could not find generated setter for class com.facebook.react.views.progressbar.ProgressBarShadowNode
04-06 10:42:53.227 26561 26642 W unknown:ViewManagerPropertyUpdater: Could not find generated setter for class com.facebook.react.views.scroll.ReactHorizontalScrollViewManager
04-06 10:42:53.233 26561 26642 W unknown:ViewManagerPropertyUpdater: Could not find generated setter for class com.facebook.react.views.image.ReactImageManager
04-06 10:42:53.239 26561 26642 W unknown:ViewManagerPropertyUpdater: Could not find generated setter for class com.facebook.react.views.text.ReactTextViewManager
04-06 10:42:53.240 26561 26642 W unknown:ViewManagerPropertyUpdater: Could not find generated setter for class com.facebook.react.views.text.ReactTextShadowNode
04-06 10:42:53.245 26561 26642 W unknown:ViewManagerPropertyUpdater: Could not find generated setter for class com.facebook.react.views.scroll.ReactHorizontalScrollContainerViewManager
04-06 10:42:53.251 26561 26642 W unknown:ViewManagerPropertyUpdater: Could not find generated setter for class com.facebook.react.views.unimplementedview.ReactUnimplementedViewManager
04-06 10:42:53.255 26561 26642 W unknown:ViewManagerPropertyUpdater: Could not find generated setter for class com.facebook.react.views.scroll.ReactScrollViewManager
04-06 10:42:53.261 26561 26642 W unknown:ViewManagerPropertyUpdater: Could not find generated setter for class com.facebook.react.views.view.ReactViewManager
04-06 10:42:53.267 26561 26642 W unknown:ViewManagerPropertyUpdater: Could not find generated setter for class com.facebook.react.views.drawer.ReactDrawerLayoutManager
04-06 10:42:53.272 26561 26642 W unknown:ViewManagerPropertyUpdater: Could not find generated setter for class com.facebook.react.views.switchview.ReactSwitchManager
04-06 10:42:53.272 26561 26642 W unknown:ViewManagerPropertyUpdater: Could not find generated setter for class com.facebook.react.views.switchview.ReactSwitchShadowNode
04-06 10:42:53.277 26561 26642 W unknown:ViewManagerPropertyUpdater: Could not find generated setter for class com.facebook.react.views.swiperefresh.SwipeRefreshLayoutManager
04-06 10:42:53.284 26561 26642 W unknown:ViewManagerPropertyUpdater: Could not find generated setter for class com.facebook.react.views.textinput.ReactTextInputManager
04-06 10:42:53.286 26561 26642 W unknown:ViewManagerPropertyUpdater: Could not find generated setter for class com.facebook.react.views.textinput.ReactTextInputShadowNode
04-06 10:42:53.292 26561 26642 W unknown:ViewManagerPropertyUpdater: Could not find generated setter for class com.swmansion.gesturehandler.react.RNGestureHandlerRootViewManager
04-06 10:42:53.322 26561 26662 D TrafficStats: tagSocket(157) with statsTag=0xffffffff, statsUid=-1
04-06 10:42:53.491 26561 26642 V AsyncStorageExpoMigration: No scoped database found
04-06 10:42:53.665 26561 26642 D Detox.RNMarker: RUN_JS_BUNDLE_END (/.virtual-metro-entry.bundle?platform=android&dev=true&lazy=true&minify=false&app=com.evolucao.app&modulesOnly=false&runModule=true&excludeSource=true&sourcePaths=url-server)
04-06 10:42:53.666 26561 26642 I ReactNativeJS: Running "main" with {"rootTag":1,"initialProps":{},"fabric":true}
04-06 10:42:53.741 26561 26666 D TrafficStats: tagSocket(140) with statsTag=0xffffffff, statsUid=-1
04-06 10:42:53.861 26561 26561 I DecorView: notifyKeepScreenOnChanged: keepScreenOn=true
04-06 10:42:53.875 26561 26561 I ViewRootImpl@73623ee[MainActivity]: performTraversals params={(0,0)(fillxfill) sim={adjust=resize} layoutInDisplayCutoutMode=always ty=BASE_APPLICATION wanim=0x1030309
04-06 10:42:53.875 26561 26561 I ViewRootImpl@73623ee[MainActivity]:   fl=81810180
04-06 10:42:53.875 26561 26561 I ViewRootImpl@73623ee[MainActivity]:   pfl=16020040
04-06 10:42:53.875 26561 26561 I ViewRootImpl@73623ee[MainActivity]:   vsysui=100
04-06 10:42:53.875 26561 26561 I ViewRootImpl@73623ee[MainActivity]:   bhv=DEFAULT
04-06 10:42:53.875 26561 26561 I ViewRootImpl@73623ee[MainActivity]:   fitSides= naviIconColor=0}
04-06 10:42:53.877 26561 26561 I ViewRootImpl@73623ee[MainActivity]: performTraversals mFirst=false windowShouldResize=false viewVisibilityChanged=false mForceNextWindowRelayout=false params={(0,0)(fillxfill) sim={adjust=resize} layoutInDisplayCutoutMode=always ty=BASE_APPLICATION wanim=0x1030309
04-06 10:42:53.877 26561 26561 I ViewRootImpl@73623ee[MainActivity]:   fl=81810180
04-06 10:42:53.877 26561 26561 I ViewRootImpl@73623ee[MainActivity]:   pfl=16020040
04-06 10:42:53.877 26561 26561 I ViewRootImpl@73623ee[MainActivity]:   vsysui=100
04-06 10:42:53.877 26561 26561 I ViewRootImpl@73623ee[MainActivity]:   bhv=DEFAULT
04-06 10:42:53.877 26561 26561 I ViewRootImpl@73623ee[MainActivity]:   fitSides= naviIconColor=0}
04-06 10:42:53.887 26561 26561 I ViewRootImpl@73623ee[MainActivity]: updateBlastSurfaceIfNeeded mBlastBufferQueue=0xb4000070c2c34c00 isSameSurfaceControl=true
04-06 10:42:53.888 26561 26561 I BLASTBufferQueue: update, w= 1080 h= 2400 mName = ViewRootImpl@73623ee[MainActivity] mNativeObject= 0xb4000070c2c34c00 sc.mNativeObject= 0xb4000070a0cfa4e0 format= -1 caller= android.view.ViewRootImpl.updateBlastSurfaceIfNeeded:2898 android.view.ViewRootImpl.relayoutWindow:9847 android.view.ViewRootImpl.performTraversals:3884 android.view.ViewRootImpl.doTraversal:3116 android.view.ViewRootImpl$TraversalRunnable.run:10885 android.view.Choreographer$CallbackRecord.run:1301 
04-06 10:42:53.888 26561 26561 I ViewRootImpl@73623ee[MainActivity]: Relayout returned: old=(0,0,1080,2400) new=(0,0,1080,2400) req=(1080,2400)0 dur=10 res=0x0 s={true 0xb4000070a7136000} ch=false seqId=0
04-06 10:42:53.892 26561 26642 D Detox.RNMarker: REACT_BRIDGELESS_LOADING_END (null)
04-06 10:42:53.893 26561 26561 D Detox.RNMarker: CONTENT_APPEARED (main)
04-06 10:42:53.900 26561 26642 I ReactNativeJS: '[ANALYTICS]', 'app_opened', { event: 'app_opened',
04-06 10:42:53.900 26561 26642 I ReactNativeJS:   eventId: '1775482973895_aceb867ddeccf8',
04-06 10:42:53.900 26561 26642 I ReactNativeJS:   appVersion: '1.0.0',
04-06 10:42:53.900 26561 26642 I ReactNativeJS:   category: 'engagement',
04-06 10:42:53.900 26561 26642 I ReactNativeJS:   userId: 'anonymous',
04-06 10:42:53.900 26561 26642 I ReactNativeJS:   timestamp: 1775482973895,
04-06 10:42:53.900 26561 26642 I ReactNativeJS:   timestampIso: '2026-04-06T13:42:53.895Z',
04-06 10:42:53.900 26561 26642 I ReactNativeJS:   screen: 'App',
04-06 10:42:53.900 26561 26642 I ReactNativeJS:   sessionId: 'session-1775482973880-888056481e0f68',
04-06 10:42:53.900 26561 26642 I ReactNativeJS:   flowId: 'session-1775482973880-888056481e0f68',
04-06 10:42:53.900 26561 26642 I ReactNativeJS:   meta: 
04-06 10:42:53.900 26561 26642 I ReactNativeJS:    { domain: 'engagement',
04-06 10:42:53.900 26561 26642 I ReactNativeJS:      version: 1,
04-06 10:42:53.900 26561 26642 I ReactNativeJS:      dayKey: '2026-04-06',
04-06 10:42:53.900 26561 26642 I ReactNativeJS:      isFirstOpenOfDay: true,
04-06 10:42:53.900 26561 