04-06 02:42:50.591 27595 27595 I ViewRootImpl@914008f[MainActivity]: mThreadedRenderer.initializeIfNeeded()#2 mSurface={isValid=true 0xb4000070a0e8e000}
04-06 02:42:50.591 27595 27595 W unknown:BridgelessReact: ReactHost{0}.raiseSoftException(onWindowFocusChange(hasFocus = "true")): Tried to access onWindowFocusChange while context is not ready
04-06 02:42:50.592 27595 27595 E unknown:ReactHost: Unhandled SoftException
04-06 02:42:50.592 27595 27595 E unknown:ReactHost: com.facebook.react.bridge.ReactNoCrashSoftException: raiseSoftException(onWindowFocusChange(hasFocus = "true")): Tried to access onWindowFocusChange while context is not ready
04-06 02:42:50.592 27595 27595 E unknown:ReactHost: 	at com.facebook.react.runtime.ReactHostImpl.raiseSoftException(ReactHostImpl.kt:861)
04-06 02:42:50.592 27595 27595 E unknown:ReactHost: 	at com.facebook.react.runtime.ReactHostImpl.raiseSoftException$default(ReactHostImpl.kt:852)
04-06 02:42:50.592 27595 27595 E unknown:ReactHost: 	at com.facebook.react.runtime.ReactHostImpl.onWindowFocusChange(ReactHostImpl.kt:625)
04-06 02:42:50.592 27595 27595 E unknown:ReactHost: 	at com.facebook.react.ReactDelegate.onWindowFocusChanged(ReactDelegate.kt:232)
04-06 02:42:50.592 27595 27595 E unknown:ReactHost: 	at com.facebook.react.ReactActivityDelegate.onWindowFocusChanged(ReactActivityDelegate.java:237)
04-06 02:42:50.592 27595 27595 E unknown:ReactHost: 	at expo.modules.ReactActivityDelegateWrapper$onWindowFocusChanged$1.invokeSuspend(ReactActivityDelegateWrapper.kt:320)
04-06 02:42:50.592 27595 27595 E unknown:ReactHost: 	at expo.modules.ReactActivityDelegateWrapper$onWindowFocusChanged$1.invoke(Unknown Source:8)
04-06 02:42:50.592 27595 27595 E unknown:ReactHost: 	at expo.modules.ReactActivityDelegateWrapper$onWindowFocusChanged$1.invoke(Unknown Source:4)
04-06 02:42:50.592 27595 27595 E unknown:ReactHost: 	at expo.modules.ReactActivityDelegateWrapper$launchLifecycleScopeWithLock$1.invokeSuspend(ReactActivityDelegateWrapper.kt:452)
04-06 02:42:50.592 27595 27595 E unknown:ReactHost: 	at kotlin.coroutines.jvm.internal.BaseContinuationImpl.resumeWith(ContinuationImpl.kt:33)
04-06 02:42:50.592 27595 27595 E unknown:ReactHost: 	at kotlinx.coroutines.internal.DispatchedContinuationKt.resumeCancellableWith(DispatchedContinuation.kt:375)
04-06 02:42:50.592 27595 27595 E unknown:ReactHost: 	at kotlinx.coroutines.intrinsics.CancellableKt.startCoroutineCancellable(Cancellable.kt:26)
04-06 02:42:50.592 27595 27595 E unknown:ReactHost: 	at kotlinx.coroutines.CoroutineStart.invoke(CoroutineStart.kt:358)
04-06 02:42:50.592 27595 27595 E unknown:ReactHost: 	at kotlinx.coroutines.AbstractCoroutine.start(AbstractCoroutine.kt:134)
04-06 02:42:50.592 27595 27595 E unknown:ReactHost: 	at kotlinx.coroutines.BuildersKt__Builders_commonKt.launch(Builders.common.kt:53)
04-06 02:42:50.592 27595 27595 E unknown:ReactHost: 	at kotlinx.coroutines.BuildersKt.launch(Unknown Source:1)
04-06 02:42:50.592 27595 27595 E unknown:ReactHost: 	at kotlinx.coroutines.BuildersKt__Builders_commonKt.launch$default(Builders.common.kt:44)
04-06 02:42:50.592 27595 27595 E unknown:ReactHost: 	at kotlinx.coroutines.BuildersKt.launch$default(Unknown Source:1)
04-06 02:42:50.592 27595 27595 E unknown:ReactHost: 	at expo.modules.ReactActivityDelegateWrapper.launchLifecycleScopeWithLock(ReactActivityDelegateWrapper.kt:450)
04-06 02:42:50.592 27595 27595 E unknown:ReactHost: 	at expo.modules.ReactActivityDelegateWrapper.launchLifecycleScopeWithLock$default(ReactActivityDelegateWrapper.kt:446)
04-06 02:42:50.592 27595 27595 E unknown:ReactHost: 	at expo.modules.ReactActivityDelegateWrapper.onWindowFocusChanged(ReactActivityDelegateWrapper.kt:318)
04-06 02:42:50.592 27595 27595 E unknown:ReactHost: 	at com.facebook.react.ReactActivity.onWindowFocusChanged(ReactActivity.java:158)
04-06 02:42:50.592 27595 27595 E unknown:ReactHost: 	at androidx.appcompat.view.WindowCallbackWrapper.onWindowFocusChanged(WindowCallbackWrapper.java:124)
04-06 02:42:50.592 27595 27595 E unknown:ReactHost: 	at com.android.internal.policy.DecorView.onWindowFocusChanged(DecorView.java:2710)
04-06 02:42:50.592 27595 27595 E unknown:ReactHost: 	at android.view.View.dispatchWindowFocusChanged(View.java:15817)
04-06 02:42:50.592 27595 27595 E unknown:ReactHost: 	at android.view.ViewGroup.dispatchWindowFocusChanged(ViewGroup.java:1512)
04-06 02:42:50.592 27595 27595 E unknown:ReactHost: 	at android.view.ViewRootImpl.handleWindowFocusChanged(ViewRootImpl.java:4678)
04-06 02:42:50.592 27595 27595 E unknown:ReactHost: 	at android.view.ViewRootImpl.-$$Nest$mhandleWindowFocusChanged(Unknown Source:0)
04-06 02:42:50.592 27595 27595 E unknown:ReactHost: 	at android.view.ViewRootImpl$ViewRootHandler.handleMessageImpl(ViewRootImpl.java:6788)
04-06 02:42:50.592 27595 27595 E unknown:ReactHost: 	at android.view.ViewRootImpl$ViewRootHandler.handleMessage(ViewRootImpl.java:6697)
04-06 02:42:50.592 27595 27595 E unknown:ReactHost: 	at android.os.Handler.dispatchMessage(Handler.java:106)
04-06 02:42:50.592 27595 27595 E unknown:ReactHost: 	at android.os.Looper.loopOnce(Looper.java:226)
04-06 02:42:50.592 27595 27595 E unknown:ReactHost: 	at android.os.Looper.loop(Looper.java:313)
04-06 02:42:50.592 27595 27595 E unknown:ReactHost: 	at android.app.ActivityThread.main(ActivityThread.java:8762)
04-06 02:42:50.592 27595 27595 E unknown:ReactHost: 	at java.lang.reflect.Method.invoke(Native Method)
04-06 02:42:50.592 27595 27595 E unknown:ReactHost: 	at com.android.internal.os.RuntimeInit$MethodAndArgsCaller.run(RuntimeInit.java:604)
04-06 02:42:50.592 27595 27595 E unknown:ReactHost: 	at com.android.internal.os.ZygoteInit.main(ZygoteInit.java:1067)
04-06 02:42:50.593 27595 27595 D InputMethodManager: startInputInner - Id : 0
04-06 02:42:50.593 27595 27595 I InputMethodManager: startInputInner - mService.startInputOrWindowGainedFocus
04-06 02:42:50.598 27595 27679 W unknown:BridgelessReact: ReactHost{0}.isMetroRunning(): Async result = true
04-06 02:42:50.598 27595 27678 W unknown:BridgelessReact: ReactHost{0}.loadJSBundleFromMetro()
04-06 02:42:50.599 27595 27678 D Detox.RNMarker: DOWNLOAD_START (null)
04-06 02:42:50.605 27595 27595 D CompatibilityChangeReporter: Compat change id reported: 210923482; UID 10439; state: ENABLED
04-06 02:42:50.613 27595 27662 D NativeCustomFrequencyManager: [NativeCFMS] BpCustomFrequencyManager::BpCustomFrequencyManager()
04-06 02:42:50.620 27595 27595 D InsetsController: onStateChanged: InsetsState: {mDisplayFrame=Rect(0, 0 - 1080, 2400), mDisplayCutout=DisplayCutout{insets=Rect(0, 88 - 0, 0) waterfall=Insets{left=0, top=0, right=0, bottom=0} boundingRect={Bounds=[Rect(0, 0 - 0, 0), Rect(512, 0 - 568, 88), Rect(0, 0 - 0, 0), Rect(0, 0 - 0, 0)]} cutoutPathParserInfo={CutoutPathParserInfo{displayWidth=1080 displayHeight=2400 physicalDisplayWidth=1080 physicalDisplayHeight=2400 density={3.0} cutoutSpec={M 0,0 M 0,10.71963616907435 a 9.280363830925644,9.280363830925644 0 1,0 0,18.56072766185129 a 9.280363830925644,9.280363830925644 0 1,0 0,-18.56072766185129 Z @dp} rotation={0} scale={1.0} physicalPixelDisplaySizeRatio={1.0}}}}, mRoundedCorners=RoundedCorners{[RoundedCorner{position=TopLeft, radius=96, center=Point(96, 96)}, RoundedCorner{position=TopRight, radius=96, center=Point(984, 96)}, RoundedCorner{position=BottomRight, radius=96, center=Point(984, 2304)}, RoundedCorner{position=BottomLeft, radius=96, center=Point(96, 2304)}]}  mRoundedCornerFrame=Rect(0, 0 - 1080, 2400), mPrivacyIndicatorBounds=PrivacyIndicatorBounds {static bounds=Rect(948, 0 - 1080, 88) rotation=0}, mSources= { InsetsSource: {mType=ITYPE_STATUS_BAR, mFrame=[0,0][1080,88], mVisible=true, mInsetsRoundedCornerFrame=false}, InsetsSource: {mType=ITYPE_NAVIGATION_BAR, mFrame=[0,2256][1080,2400], mVisible=true, mInsetsRoundedCornerFrame=false}, InsetsSource: {mType=ITYPE_LEFT_GESTURES, mFrame=[0,0][0,2400], mVisible=true, mInsetsRoundedCornerFrame=false}, InsetsSource: {mType=ITYPE_RIGHT_GESTURES, mFrame=[1080,0][1080,2400], mVisible=true, mInsetsRoundedCornerFrame=false}, InsetsSource: {mType=ITYPE_TOP_MANDATORY_GESTURES, mFrame=[0,0][1080,124], mVisible=true, mInsetsRoundedCornerFrame=false}, InsetsSource: {mType=ITYPE_BOTTOM_MANDATORY_GESTURES, mFrame=[0,2256][1080,2400], mVisible=true, mInsetsRoundedCornerFrame=false}, InsetsSource: {mType=ITYPE_LEFT_DISPLAY_CUTOUT, mFrame=[0,0][-100000,2400], mVisible=true, mInsetsRoundedCornerFrame=false}, InsetsSource: {mType=ITYPE_TOP_DISPLAY_CUTOUT, mFrame=[0,0][1080,88], mVisible=true, mInsetsRoundedCornerFrame=false}, InsetsSource: {mType=ITYPE_RIGHT_DISPLAY_CUTOUT, mFrame=[100000,0][1080,2400], mVisible=true, mInsetsRoundedCornerFrame=false}, InsetsSource: {mType=ITYPE_BOTTOM_DISPLAY_CUTOUT, mFrame=[0,100000][1080,2400], mVisible=true, mInsetsRoundedCornerFrame=false}, InsetsSource: {mType=ITYPE_TOP_TAPPABLE_ELEMENT, mFrame=[0,0][1080,88], mVisible=true, mInsetsRoundedCornerFrame=false}, InsetsSource: {mType=ITYPE_BOTTOM_TAPPABLE_ELEMENT, mFrame=[0,2256][1080,2400], mVisible=true, mInsetsRoundedCornerFrame=false}, InsetsSource: {mType=ITYPE_IME, mFrame=[0,0][0,0], mVisibleFrame=[0,1374][1080,2400], mVisible=false, mInsetsRoundedCornerFrame=false} } host=PopupWindow:9660b77 from=android.view.ViewRootImpl.setView:1732
04-06 02:42:50.622 27595 27595 I ViewRootImpl@cfb53e4[PopupWindow:9660b77]: setView = android.widget.PopupWindow$PopupDecorView@10bca50 TM=false
04-06 02:42:50.622 27595 27595 D InputMethodManager: startInputInner - Id : 0
04-06 02:42:50.627 27595 27595 I ViewRootImpl@cfb53e4[PopupWindow:9660b77]: performTraversals params={(0,88)(fillxwrap) gr=TOP START CENTER sim={state=unchanged adjust=pan} ty=APPLICATION_PANEL fmt=TRANSLUCENT surfaceInsets=Rect(0, 0 - 0, 0) (manual)
04-06 02:42:50.627 27595 27595 I ViewRootImpl@cfb53e4[PopupWindow:9660b77]:   fl=41800008
04-06 02:42:50.627 27595 27595 I ViewRootImpl@cfb53e4[PopupWindow:9660b77]:   pfl=42018000
04-06 02:42:50.627 27595 27595 I ViewRootImpl@cfb53e4[PopupWindow:9660b77]:   bhv=DEFAULT
04-06 02:42:50.627 27595 27595 I ViewRootImpl@cfb53e4[PopupWindow:9660b77]:   fitTypes=STATUS_BARS NAVIGATION_BARS CAPTION_BAR naviIconColor=0
04-06 02:42:50.627 27595 27595 I ViewRootImpl@cfb53e4[PopupWindow:9660b77]:   sfl=20000}
04-06 02:42:50.628 27595 27595 I ViewRootImpl@cfb53e4[PopupWindow:9660b77]: performTraversals mFirst=true windowShouldResize=true viewVisibilityChanged=false mForceNextWindowRelayout=false params={(0,88)(fillxwrap) gr=TOP START CENTER sim={state=unchanged adjust=pan} ty=APPLICATION_PANEL fmt=TRANSLUCENT surfaceInsets=Rect(0, 0 - 0, 0) (manual)
04-06 02:42:50.628 27595 27595 I ViewRootImpl@cfb53e4[PopupWindow:9660b77]:   fl=41800008
04-06 02:42:50.628 27595 27595 I ViewRootImpl@cfb53e4[PopupWindow:9660b77]:   pfl=42018000
04-06 02:42:50.628 27595 27595 I ViewRootImpl@cfb53e4[PopupWindow:9660b77]:   bhv=DEFAULT
04-06 02:42:50.628 27595 27595 I ViewRootImpl@cfb53e4[PopupWindow:9660b77]:   fitTypes=STATUS_BARS NAVIGATION_BARS CAPTION_BAR naviIconColor=0
04-06 02:42:50.628 27595 27595 I ViewRootImpl@cfb53e4[PopupWindow:9660b77]:   sfl=20000}
04-06 02:42:50.632 27595 27616 I ViewRootImpl@cfb53e4[PopupWindow:9660b77]: Resizing android.view.ViewRootImpl@389b449: frame = [0,88][1080,167] reportDraw = true forceLayout = false syncSeqId = 0
04-06 02:42:50.632 27595 27595 I ViewRootImpl@cfb53e4[PopupWindow:9660b77]: updateBlastSurfaceIfNeeded mBlastBufferQueue=null isSameSurfaceControl=false
04-06 02:42:50.633 27595 27595 I BLASTBufferQueue: new BLASTBufferQueue, mName= ViewRootImpl@cfb53e4[PopupWindow:9660b77] mNativeObject= 0xb4000070a0e7b500 sc.mNativeObject= 0xb4000070a0ce3240 caller= android.view.ViewRootImpl.updateBlastSurfaceIfNeeded:2909 android.view.ViewRootImpl.relayoutWindow:9847 android.view.ViewRootImpl.performTraversals:3884 android.view.ViewRootImpl.doTraversal:3116 android.view.ViewRootImpl$TraversalRunnable.run:10885 android.view.Choreographer$CallbackRecord.run:1301 android.view.Choreographer$CallbackRecord.run:1309 android.view.Choreographer.doCallbacks:923 android.view.Choreographer.doFrame:852 android.view.Choreographer$FrameDisplayEventReceiver.run:1283 
04-06 02:42:50.633 27595 27595 I BLASTBufferQueue: update, w= 1080 h= 79 mName = ViewRootImpl@cfb53e4[PopupWindow:9660b77] mNativeObject= 0xb4000070a0e7b500 sc.mNativeObject= 0xb4000070a0ce3240 format= -3 caller= android.graphics.BLASTBufferQueue.<init>:84 android.view.ViewRootImpl.updateBlastSurfaceIfNeeded:2909 android.view.ViewRootImpl.relayoutWindow:9847 android.view.ViewRootImpl.performTraversals:3884 android.view.ViewRootImpl.doTraversal:3116 android.view.ViewRootImpl$TraversalRunnable.run:10885 
04-06 02:42:50.633 27595 27595 I ViewRootImpl@cfb53e4[PopupWindow:9660b77]: Relayout returned: old=(0,88,1080,2256) new=(0,88,1080,167) req=(1080,79)0 dur=4 res=0x3 s={true 0xb4000070a0e90800} ch=true seqId=0
04-06 02:42:50.634 27595 27595 I ViewRootImpl@cfb53e4[PopupWindow:9660b77]: mThreadedRenderer.initialize() mSurface={isValid=true 0xb4000070a0e90800} hwInitialized=true
04-06 02:42:50.634 27595 27662 D OpenGLRenderer: eglCreateWindowSurface
04-06 02:42:50.634 27595 27595 I ViewRootImpl@cfb53e4[PopupWindow:9660b77]: reportNextDraw android.view.ViewRootImpl.performTraversals:4438 android.view.ViewRootImpl.doTraversal:3116 android.view.ViewRootImpl$TraversalRunnable.run:10885 android.view.Choreographer$CallbackRecord.run:1301 android.view.Choreographer$CallbackRecord.run:1309 
04-06 02:42:50.635 27595 27595 I ViewRootImpl@cfb53e4[PopupWindow:9660b77]: Setup new sync id=0
04-06 02:42:50.635 27595 27595 I ViewRootImpl@cfb53e4[PopupWindow:9660b77]: Setting syncFrameCallback
04-06 02:42:50.635 27595 27595 I ViewRootImpl@cfb53e4[PopupWindow:9660b77]: registerCallbacksForSync syncBuffer=false
04-06 02:42:50.636 27595 27683 I ViewRootImpl@cfb53e4[PopupWindow:9660b77]: Received frameDrawingCallback syncResult=0 frameNum=1.
04-06 02:42:50.636 27595 27683 I ViewRootImpl@cfb53e4[PopupWindow:9660b77]: Setting up sync and frameCommitCallback
04-06 02:42:50.643 27595 27662 I BLASTBufferQueue: [ViewRootImpl@cfb53e4[PopupWindow:9660b77]#1](f:0,a:0) onFrameAvailable the first frame is available
04-06 02:42:50.644 27595 27662 I ViewRootImpl@cfb53e4[PopupWindow:9660b77]: Received frameCommittedCallback lastAttemptedDrawFrameNum=1 didProduceBuffer=true
04-06 02:42:50.645 27595 27662 D OpenGLRenderer: CFMS:: SetUp Pid : 27595    Tid : 27662
04-06 02:42:50.646 27595 27662 W Parcel  : Expecting binder but got null!
04-06 02:42:50.646 27595 27595 I ViewRootImpl@cfb53e4[PopupWindow:9660b77]: onSyncComplete
04-06 02:42:50.646 27595 27595 I ViewRootImpl@cfb53e4[PopupWindow:9660b77]: setupSync seqId=0 mSyncId=0 fn=1 caller=android.view.ViewRootImpl$$ExternalSyntheticLambda11.accept:6 android.window.SurfaceSyncer.lambda$setupSync$1$android-window-SurfaceSyncer:128 android.window.SurfaceSyncer$$ExternalSyntheticLambda1.accept:8 android.window.SurfaceSyncer$SyncSet.checkIfSyncIsComplete:382 android.window.SurfaceSyncer$SyncSet.markSyncReady:359 android.window.SurfaceSyncer.markSyncReady:151 android.view.ViewRootImpl.performTraversals:4503 
04-06 02:42:50.646 27595 27595 I ViewRootImpl@cfb53e4[PopupWindow:9660b77]: reportDrawFinished seqId=0 mSyncId=-1 fn=1 mSurfaceChangedTransaction=0xb4000070a6e95600
04-06 02:42:50.649 27595 27595 I ViewRootImpl@cfb53e4[PopupWindow:9660b77]: handleResized, msg = 5 frames=ClientWindowFrames{frame=[0,88][1080,167] display=[0,88][1080,2256] parentFrame=[0,0][0,0] parentClippedByDisplayCutout=false} forceNextWindowRelayout=false displayId=0 resizeMode=-1 frameChanged=false displayFrameChanged=false configChanged=false displayChanged=false
04-06 02:42:50.649 27595 27595 I ViewRootImpl@cfb53e4[PopupWindow:9660b77]: handleResized mSyncSeqId = 0
04-06 02:42:50.649 27595 27595 I ViewRootImpl@cfb53e4[PopupWindow:9660b77]: reportNextDraw android.view.ViewRootImpl.handleResized:2450 android.view.ViewRootImpl.-$$Nest$mhandleResized:0 android.view.ViewRootImpl$ViewRootHandler.handleMessageImpl:6728 android.view.ViewRootImpl$ViewRootHandler.handleMessage:6697 android.os.Handler.dispatchMessage:106 
04-06 02:42:50.654 27595 27595 I ViewRootImpl@cfb53e4[PopupWindow:9660b77]: Setup new sync id=1
04-06 02:42:50.654 27595 27595 I ViewRootImpl@cfb53e4[PopupWindow:9660b77]: Setting syncFrameCallback
04-06 02:42:50.654 27595 27595 I ViewRootImpl@cfb53e4[PopupWindow:9660b77]: registerCallbacksForSync syncBuffer=false
04-06 02:42:50.655 27595 27684 I ViewRootImpl@cfb53e4[PopupWindow:9660b77]: Received frameDrawingCallback syncResult=0 frameNum=3.
04-06 02:42:50.655 27595 27684 I ViewRootImpl@cfb53e4[PopupWindow:9660b77]: Setting up sync and frameCommitCallback
04-06 02:42:50.661 27595 27662 I ViewRootImpl@cfb53e4[PopupWindow:9660b77]: Received frameCommittedCallback lastAttemptedDrawFrameNum=3 didProduceBuffer=true
04-06 02:42:50.662 27595 27595 I ViewRootImpl@cfb53e4[PopupWindow:9660b77]: onSyncComplete
04-06 02:42:50.662 27595 27595 I ViewRootImpl@cfb53e4[PopupWindow:9660b77]: setupSync seqId=0 mSyncId=1 fn=3 caller=android.view.ViewRootImpl$$ExternalSyntheticLambda11.accept:6 android.window.SurfaceSyncer.lambda$setupSync$1$android-window-SurfaceSyncer:128 android.window.SurfaceSyncer$$ExternalSyntheticLambda1.accept:8 android.window.SurfaceSyncer$SyncSet.checkIfSyncIsComplete:382 android.window.SurfaceSyncer$SyncSet.markSyncReady:359 android.window.SurfaceSyncer.markSyncReady:151 android.view.ViewRootImpl.performTraversals:4503 
04-06 02:42:50.662 27595 27595 I ViewRootImpl@cfb53e4[PopupWindow:9660b77]: reportDrawFinished seqId=0 mSyncId=-1 fn=3 mSurfaceChangedTransaction=0xb4000070a6e95600
04-06 02:42:50.871 27595 27595 D InsetsController: cancelAnimation of types: 1, animType: 0, host: com.evolucao.app/com.evolucao.app.MainActivity, from:android.view.InsetsController.notifyFinished:1375 android.view.InsetsAnimationThreadControlRunner$1.lambda$notifyFinished$0$android-view-InsetsAnimationThreadControlRunner$1:84 android.view.InsetsAnimationThreadControlRunner$1$$ExternalSyntheticLambda1.run:4 
04-06 02:42:50.871 27595 27595 D InsetsSourceConsumer: ensureControlPosition: Point(0, 0) for ITYPE_STATUS_BAR on com.evolucao.app/com.evolucao.app.MainActivity from android.view.InsetsSourceConsumer.notifyAnimationFinished:419
04-06 02:42:50.887 27595 27683 I ViewRootImpl@914008f[MainActivity]: mWNT: t=0xb4000070a6e3e600 mBlastBufferQueue=0xb4000070c2c34c00 fn= 2 caller= android.view.SyncRtSurfaceTransactionApplier.applyTransaction:96 android.view.SyncRtSurfaceTransactionApplier.lambda$scheduleApply$0$android-view-SyncRtSurfaceTransactionApplier:69 android.view.SyncRtSurfaceTransactionApplier$$ExternalSyntheticLambda0.onFrameDraw:4 
04-06 02:42:50.963 27595 27679 D Detox.RNMarker: DOWNLOAD_END ({"url":"http:\/\/localhost:8081\/.expo\/.virtual-metro-entry.bundle?platform=android&dev=true&lazy=true&minify=false&app=com.evolucao.app&modulesOnly=false&runModule=true&excludeSource=true&sourcePaths=url-server","filesChangedCount":0})
04-06 02:42:50.963 27595 27679 W unknown:BridgelessReact: ReactHost{0}.loadJSBundleFromMetro(): Creating BundleLoader
04-06 02:42:50.963 27595 27662 D OpenGLRenderer: setSurface called with nullptr
04-06 02:42:50.963 27595 27662 D OpenGLRenderer: setSurface() destroyed EGLSurface
04-06 02:42:50.963 27595 27662 D OpenGLRenderer: destroyEglSurface
04-06 02:42:50.964 27595 27678 W unknown:BridgelessReact: ReactHost{0}.getOrCreateReactInstanceTask(): Creating BridgelessReactContext
04-06 02:42:50.964 27595 27595 I ViewRootImpl@cfb53e4[PopupWindow:9660b77]: dispatchDetachedFromWindow
04-06 02:42:50.965 27595 27678 W unknown:BridgelessReact: ReactHost{0}.getOrCreateReactInstanceTask(): Creating ReactInstance
04-06 02:42:50.966 27595 27595 D InputTransport: Input channel destroyed: '7cae8a8', fd=129
04-06 02:42:50.974 27595 27679 D TrafficStats: tagSocket(133) with statsTag=0xffffffff, statsUid=-1
04-06 02:42:50.976 27595 27678 D jni_lib_merge: Entering merged library JNI_OnLoad.
04-06 02:42:50.976 27595 27678 D jni_lib_merge: Preparing 4 pre-merged libs (including stub)
04-06 02:42:50.976 27595 27678 D jni_lib_merge: Preparing to register libhermes_executor_so.  onload_func: 0x701d12efa4
04-06 02:42:50.976 27595 27678 D jni_lib_merge: Preparing to register libhermesinstancejni_so.  onload_func: 0x701d1688b4
04-06 02:42:50.976 27595 27678 D jni_lib_merge: Preparing to register libjsijniprofiler_so.  onload_func: 0x701d16a8f8
04-06 02:42:50.976 27595 27678 D jni_lib_merge: About to register 3 actual methods.
04-06 02:42:51.071 27595 27678 I ExpoModulesCore: ✅ AppContext was initialized
04-06 02:42:51.099 27595 27678 W unknown:BridgelessReact: ReactHost{0}.getOrCreateReactInstanceTask(): Loading JS Bundle
04-06 02:42:51.099 27595 27678 W unknown:BridgelessReact: ReactHost{0}.getOrCreateReactInstanceTask(): DevSupportManager.onNewReactContextCreated()
04-06 02:42:51.099 27595 27693 D Detox.RNMarker: RUN_JS_BUNDLE_START (/.virtual-metro-entry.bundle?platform=android&dev=true&lazy=true&minify=false&app=com.evolucao.app&modulesOnly=false&runModule=true&excludeSource=true&sourcePaths=url-server)
04-06 02:42:51.102 27595 27595 W unknown:ReactNative: Packager connection already open, nooping.
04-06 02:42:51.105 27595 27595 W unknown:BridgelessReact: ReactHost{0}.ReactContext.onHostResume()
04-06 02:42:51.106 27595 27678 W unknown:BridgelessReact: ReactHost{0}.startSurface(surfaceId = 0): Execute
04-06 02:42:51.109 27595 27595 W unknown:BridgelessReact: ReactHost{0}.getOrCreateReactInstanceTask(): Executing ReactInstanceEventListeners
04-06 02:42:51.109 27595 27595 I DetoxRNLoading: Got new RN-context through listener
04-06 02:42:51.110 27595 27633 I DetoxRNIdleRes: Setting up Espresso Idling Resources for React Native
04-06 02:42:51.117 27595 27595 D DetoxRNHelpers: Native RN module resolution (class com.reactnativecommunity.asyncstorage.AsyncStorageModule): no registered module found
04-06 02:42:51.118 27595 27633 D IdlingRegistry: Registering idling resources: [com.wix.detox.reactnative.idlingresources.uimodule.fabric.FabricUIManagerIdlingResources@2908056]
04-06 02:42:51.118 27595 27633 D IdlingRegistry: Registering idling resources: [com.wix.detox.reactnative.idlingresources.animations.AnimatedModuleIdlingResource@72508d7]
04-06 02:42:51.118 27595 27633 D IdlingRegistry: Registering idling resources: [com.wix.detox.reactnative.idlingresources.timers.FabricTimersIdlingResource@c075c4]
04-06 02:42:51.118 27595 27633 D IdlingRegistry: Registering idling resources: [com.wix.detox.reactnative.idlingresources.network.NetworkIdlingResource@f6c0cad]
04-06 02:42:51.118 27595 27633 D IdlingRegistry: Registering idling resources: [com.wix.detox.reactnative.idlingresources.StabilizedIdlingResource@7ac4be2]
04-06 02:42:51.127 27595 27694 W om.evolucao.app: Accessing hidden method Landroid/os/MessageQueue;->next()Landroid/os/Message; (unsupported, reflection, allowed)
04-06 02:42:51.127 27595 27694 W om.evolucao.app: Accessing hidden field Landroid/os/MessageQueue;->mMessages:Landroid/os/Message; (unsupported, reflection, allowed)
04-06 02:42:51.127 27595 27694 W om.evolucao.app: Accessing hidden method Landroid/os/Message;->recycleUnchecked()V (unsupported, reflection, allowed)
04-06 02:42:51.279 27595 27595 D DetoxRNHelpers: Native RN module resolution (class com.reactnativecommunity.asyncstorage.AsyncStorageModule): no registered module found
04-06 02:42:51.280 27595 27635 W om.evolucao.app: Long monitor contention with owner Instr: androidx.test.runner.AndroidJUnitRunner (27633) at void com.wix.detox.DetoxMain.launchActivityOnCue(android.content.Context, com.wix.detox.ActivityLaunchHelper)(DetoxMain.kt:53) waiters=0 in void com.wix.detox.DetoxMain$setupActionHandlers$SynchronizedActionHandler.handle(java.lang.String, long) for 897ms
04-06 02:42:51.343 27595 27694 I WebViewFactory: Loading com.google.android.webview version 146.0.7680.164 (code 768016403)
04-06 02:42:51.345 27595 27694 D ApplicationLoaders: Returning zygote-cached class loader: /system/framework/android.test.base.jar
04-06 02:42:51.348 27595 27694 D nativeloader: Configuring classloader-namespace for other apk /data/app/~~23ppwVuk64Fm9vdWCRWMMw==/com.google.android.webview-FPIphznatdLDx2VBYoD68A==/base.apk. target_sdk_version=36, uses_libraries=, library_path=/data/app/~~23ppwVuk64Fm9vdWCRWMMw==/com.google.android.webview-FPIphznatdLDx2VBYoD68A==/lib/arm64:/data/app/~~23ppwVuk64Fm9vdWCRWMMw==/com.google.android.webview-FPIphznatdLDx2VBYoD68A==/base.apk!/lib/arm64-v8a, permitted_path=/data:/mnt/expand
04-06 02:42:51.360 27595 27694 I cr_WVCFactoryProvider: version=146.0.7680.164 (768016403) minSdkVersion=29 multiprocess=true packageId=127 splits=<none>
04-06 02:42:51.365 27595 27709 I chromium: [0406/024251.365399:INFO:android_webview/browser/variations/variations_seed_loader.cc:67] Failed to open file for reading.: No such file or directory (2)
04-06 02:42:51.365 27595 27709 I chromium: [0406/024251.365543:INFO:android_webview/browser/variations/variations_seed_loader.cc:67] Failed to open file for reading.: No such file or directory (2)
04-06 02:42:51.372 27595 27694 I cr_LibraryLoader: Successfully loaded native library
04-06 02:42:51.372 27595 27694 I cr_CachingUmaRecorder: Flushed 16 samples from 16 histograms, 0 samples were dropped.
04-06 02:42:51.389 27595 27712 D TrafficStats: tagSocket(148) with statsTag=0xffffffff, statsUid=-1
04-06 02:42:51.391 27595 27712 D TrafficStats: tagSocket(147) with statsTag=0xffffffff, statsUid=-1
04-06 02:42:51.393 27595 27693 W BridgelessReactContext: [WARNING] Bridgeless doesn't support CatalystInstance. Accessing an API that's not part of the new architecture is not encouraged usage.
04-06 02:42:51.399 27595 27693 I ExpoModulesCore: ✅ JSI interop was installed
04-06 02:42:51.405 27595 27693 I ExpoModulesCore: ✅ Constants were exported
04-06 02:42:51.448 27595 27693 W unknown:ViewManagerPropertyUpdater: Could not find generated setter for class com.th3rdwave.safeareacontext.SafeAreaProviderManager
04-06 02:42:51.452 27595 27693 W unknown:ViewManagerPropertyUpdater: Could not find generated setter for class com.facebook.react.uimanager.LayoutShadowNode
04-06 02:42:51.453 27595 27693 W unknown:ViewManagerPropertyUpdater: Could not find generated setter for class com.swmansion.rnscreens.SearchBarManager
04-06 02:42:51.454 27595 27693 W unknown:ViewManagerPropertyUpdater: Could not find generated setter for class com.swmansion.rnscreens.ScreenFooterManager
04-06 02:42:51.455 27595 27693 W unknown:ViewManagerPropertyUpdater: Could not find generated setter for class com.swmansion.rnscreens.gamma.tabs.TabScreenViewManager
04-06 02:42:51.456 27595 27693 W unknown:ViewManagerPropertyUpdater: Could not find generated setter for class expo.modules.kotlin.views.GroupViewManagerWrapper
04-06 02:42:51.457 27595 27693 W unknown:ViewManagerPropertyUpdater: Could not find generated setter for class com.swmansion.rnscreens.ScreenContainerViewManager
04-06 02:42:51.457 27595 27693 W unknown:ViewManagerPropertyUpdater: Could not find generated setter for class com.swmansion.rnscreens.gamma.tabs.TabsHostViewManager
04-06 02:42:51.458 27595 27693 W unknown:ViewManagerPropertyUpdater: Could not find generated setter for class com.swmansion.rnscreens.ModalScreenViewManager
04-06 02:42:51.460 27595 27693 W unknown:ViewManagerPropertyUpdater: Could not find generated setter for class com.swmansion.rnscreens.ScreenStackHeaderConfigViewManager
04-06 02:42:51.460 27595 27693 W unknown:ViewManagerPropertyUpdater: Could not find generated setter for class com.swmansion.rnscreens.ScreenContentWrapperManager
04-06 02:42:51.461 27595 27693 W unknown:ViewManagerPropertyUpdater: Could not find generated setter for class com.th3rdwave.safeareacontext.SafeAreaViewManager
04-06 02:42:51.462 27595 27693 W unknown:ViewManagerPropertyUpdater: Could not find generated setter for class com.th3rdwave.safeareacontext.SafeAreaViewShadowNode
04-06 02:42:51.462 27595 27693 W unknown:ViewManagerPropertyUpdater: Could not find generated setter for class com.swmansion.rnscreens.safearea.SafeAreaViewManager
04-06 02:42:51.463 27595 27693 W unknown:ViewManagerPropertyUpdater: Could not find generated setter for class com.swmansion.rnscreens.safearea.paper.SafeAreaViewShadowNode
04-06 02:42:51.463 27595 27693 W unknown:ViewManagerPropertyUpdater: Could not find generated setter for class com.swmansion.rnscreens.ScreenViewManager
04-06 02:42:51.463 27595 27693 W unknown:ViewManagerPropertyUpdater: Could not find generated setter for class com.swmansion.rnscreens.gamma.stack.host.StackHostViewManager
04-06 02:42:51.464 27595 27693 W unknown:ViewManagerPropertyUpdater: Could not find generated setter for class com.swmansion.rnscreens.ScreenStackHeaderSubviewManager
04-06 02:42:51.464 27595 27693 W unknown:ViewManagerPropertyUpdater: Could not find generated setter for class com.swmansion.rnscreens.gamma.stack.screen.StackScreenViewManager
04-06 02:42:51.465 27595 27693 W unknown:ViewManagerPropertyUpdater: Could not find generated setter for class com.swmansion.rnscreens.ScreenStackViewManager
04-06 02:42:51.538 27595 27693 W unknown:ViewManagerPropertyUpdater: Could not find generated setter for class com.facebook.react.views.debuggingoverlay.DebuggingOverlayManager
04-06 02:42:51.542 27595 27693 W unknown:ViewManagerPropertyUpdater: Could not find generated setter for class com.swmansion.gesturehandler.react.RNGestureHandlerButtonViewManager
04-06 02:42:51.547 27595 27693 W unknown:ViewManagerPropertyUpdater: Could not find generated setter for class com.facebook.react.views.safeareaview.ReactSafeAreaViewManager
04-06 02:42:51.552 27595 27693 W unknown:ViewManagerPropertyUpdater: Could not find generated setter for class com.facebook.react.views.modal.ReactModalHostManager
04-06 02:42:51.557 27595 27693 W unknown:ViewManagerPropertyUpdater: Could not find generated setter for class com.facebook.react.views.text.frescosupport.FrescoBasedReactTextInlineImageViewManager
04-06 02:42:51.557 27595 27693 W unknown:ViewManagerPropertyUpdater: Could not find generated setter for class com.facebook.react.views.text.frescosupport.FrescoBasedReactTextInlineImageShadowNode
04-06 02:42:51.562 27595 27693 W unknown:ViewManagerPropertyUpdater: Could not find generated setter for class com.facebook.react.views.progressbar.ReactProgressBarViewManager
04-06 02:42:51.562 27595 27693 W unknown:ViewManagerPropertyUpdater: Could not find generated setter for class com.facebook.react.views.progressbar.ProgressBarShadowNode
04-06 02:42:51.567 27595 27693 W unknown:ViewManagerPropertyUpdater: Could not find generated setter for class com.facebook.react.views.scroll.ReactHorizontalScrollViewManager
04-06 02:42:51.573 27595 27693 W unknown:ViewManagerPropertyUpdater: Could not find generated setter for class com.facebook.react.views.image.ReactImageManager
04-06 02:42:51.579 27595 27693 W unknown:ViewManagerPropertyUpdater: Could not find generated setter for class com.facebook.react.views.text.ReactTextViewManager
04-06 02:42:51.580 27595 27693 W unknown:ViewManagerPropertyUpdater: Could not find generated setter for class com.facebook.react.views.text.ReactTextShadowNode
04-06 02:42:51.587 27595 27693 W unknown:ViewManagerPropertyUpdater: Could not find generated setter for class com.facebook.react.views.scroll.ReactHorizontalScrollContainerViewManager
04-06 02:42:51.592 27595 27693 W unknown:ViewManagerPropertyUpdater: Could not find generated setter for class com.facebook.react.views.unimplementedview.ReactUnimplementedViewManager
04-06 02:42:51.598 27595 27693 W unknown:ViewManagerPropertyUpdater: Could not find generated setter for class com.facebook.react.views.scroll.ReactScrollViewManager
04-06 02:42:51.604 27595 27693 W unknown:ViewManagerPropertyUpdater: Could not find generated setter for class com.facebook.react.views.view.ReactViewManager
04-06 02:42:51.610 27595 27693 W unknown:ViewManagerPropertyUpdater: Could not find generated setter for class com.facebook.react.views.drawer.ReactDrawerLayoutManager
04-06 02:42:51.617 27595 27693 W unknown:ViewManagerPropertyUpdater: Could not find generated setter for class com.facebook.react.views.switchview.ReactSwitchManager
04-06 02:42:51.617 27595 27693 W unknown:ViewManagerPropertyUpdater: Could not find generated setter for class com.facebook.react.views.switchview.ReactSwitchShadowNode
04-06 02:42:51.622 27595 27693 W unknown:ViewManagerPropertyUpdater: Could not find generated setter for class com.facebook.react.views.swiperefresh.SwipeRefreshLayoutManager
04-06 02:42:51.629 27595 27693 W unknown:ViewManagerPropertyUpdater: Could not find generated setter for class com.facebook.react.views.textinput.ReactTextInputManager
04-06 02:42:51.631 27595 27693 W unknown:ViewManagerPropertyUpdater: Could not find generated setter for class com.facebook.react.views.textinput.ReactTextInputShadowNode
04-06 02:42:51.638 27595 27693 W unknown:ViewManagerPropertyUpdater: Could not find generated setter for class com.swmansion.gesturehandler.react.RNGestureHandlerRootViewManager
04-06 02:42:51.669 27595 27712 D TrafficStats: tagSocket(150) with statsTag=0xffffffff, statsUid=-1
04-06 02:42:51.839 27595 27693 V AsyncStorageExpoMigration: No scoped database found
04-06 02:42:52.015 27595 27693 D Detox.RNMarker: RUN_JS_BUNDLE_END (/.virtual-metro-entry.bundle?platform=android&dev=true&lazy=true&minify=false&app=com.evolucao.app&modulesOnly=false&runModule=true&excludeSource=true&sourcePaths=url-server)
04-06 02:42:52.017 27595 27693 I ReactNativeJS: Running "main" with {"rootTag":1,"initialProps":{},"fabric":true}
04-06 02:42:52.097 27595 27716 D TrafficStats: tagSocket(137) with statsTag=0xffffffff, statsUid=-1
04-06 02:42:52.223 27595 27595 I DecorView: notifyKeepScreenOnChanged: keepScreenOn=true
04-06 02:42:52.230 27595 27595 I ViewRootImpl@914008f[MainActivity]: performTraversals params={(0,0)(fillxfill) sim={adjust=resize} layoutInDisplayCutoutMode=always ty=BASE_APPLICATION wanim=0x1030309
04-06 02:42:52.230 27595 27595 I ViewRootImpl@914008f[MainActivity]:   fl=81810180
04-06 02:42:52.230 27595 27595 I ViewRootImpl@914008f[MainActivity]:   pfl=16020040
04-06 02:42:52.230 27595 27595 I ViewRootImpl@914008f[MainActivity]:   vsysui=100
04-06 02:42:52.230 27595 27595 I ViewRootImpl@914008f[MainActivity]:   bhv=DEFAULT
04-06 02:42:52.230 27595 27595 I ViewRootImpl@914008f[MainActivity]:   fitSides= naviIconColor=0}
04-06 02:42:52.232 27595 27595 I ViewRootImpl@914008f[MainActivity]: performTraversals mFirst=false windowShouldResize=false viewVisibilityChanged=false mForceNextWindowRelayout=false params={(0,0)(fillxfill) sim={adjust=resize} layoutInDisplayCutoutMode=always ty=BASE_APPLICATION wanim=0x1030309
04-06 02:42:52.232 27595 27595 I ViewRootImpl@914008f[MainActivity]:   fl=81810180
04-06 02:42:52.232 27595 27595 I ViewRootImpl@914008f[MainActivity]:   pfl=16020040
04-06 02:42:52.232 27595 27595 I ViewRootImpl@914008f[MainActivity]:   vsysui=100
04-06 02:42:52.232 27595 27595 I ViewRootImpl@914008f[MainActivity]:   bhv=DEFAULT
04-06 02:42:52.232 27595 27595 I ViewRootImpl@914008f[MainActivity]:   fitSides= naviIconColor=0}
04-06 02:42:52.244 27595 27595 I ViewRootImpl@914008f[MainActivity]: updateBlastSurfaceIfNeeded mBlastBufferQueue=0xb4000070c2c34c00 isSameSurfaceControl=true
04-06 02:42:52.244 27595 27595 I BLASTBufferQueue: update, w= 1080 h= 2400 mName = ViewRootImpl@914008f[MainActivity] mNativeObject= 0xb4000070c2c34c00 sc.mNativeObject= 0xb4000070a70e69a0 format= -1 caller= android.view.ViewRootImpl.updateBlastSurfaceIfNeeded:2898 android.view.ViewRootImpl.relayoutWindow:9847 android.view.ViewRootImpl.performTraversals:3884 android.view.ViewRootImpl.doTraversal:3116 android.view.ViewRootImpl$TraversalRunnable.run:10885 android.view.Choreographer$CallbackRecord.run:1301 
04-06 02:42:52.245 27595 27595 I ViewRootImpl@914008f[MainActivity]: Relayout returned: old=(0,0,1080,2400) new=(0,0,1080,2400) req=(1080,2400)0 dur=12 res=0x0 s={true 0xb4000070a0e8e000} ch=false seqId=0
04-06 02:42:52.249 27595 27595 D Detox.RNMarker: CONTENT_APPEARED (main)
04-06 02:42:52.250 27595 27693 D Detox.RNMarker: REACT_BRIDGELESS_LOADING_END (null)
04-06 02:42:52.258 27595 27693 I ReactNativeJS: '[ANALYTICS]', 'app_opened', { event: 'app_opened',
04-06 02:42:52.258 27595 27693 I ReactNativeJS:   eventId: '1775454172253_bba2718a6e9588',
04-06 02:42:52.258 27595 27693 I ReactNativeJS:   appVersion: '1.0.0',
04-06 02:42:52.258 27595 27693 I ReactNativeJS:   category: 'engagement',
04-06 02:42:52.258 27595 27693 I ReactNativeJS:   userId: 'anonymous',
04-06 02:42:52.258 27595 27693 I ReactNativeJS:   timestamp: 1775454172253,
04-06 02:42:52.258 27595 27693 I ReactNativeJS:   timestampIso: '2026-04-06T05:42:52.253Z',
04-06 02:42:52.258 27595 27693 I ReactNativeJS:   screen: 'App',
04-06 02:42:52.258 27595 27693 I ReactNativeJS:   sessionId: 'session-1775454172239-f84c1afe00e4b8',
04-06 02:42:52.258 27595 27693 I ReactNativeJS:   flowId: 'session-1775454172239-f84c1afe00e4b8',
04-06 02:42:52.258 27595 27693 I ReactNativeJS:   meta: 
04-06 02:42:52.258 27595 27693 I ReactNativeJS:    { domain: 'engagement',
04-06 02:42:52.258 27595 27693 I ReactNativeJS:      version: 1,
04-06 02:42:52.258 27595 27693 I ReactNativeJS:      dayKey: '2026-04-06',
04-06 02:42:52.258 27595 27693 I ReactNativeJS:      isFirstOpenOfDay: true,
04-06 02:42:52.258 27595 27693 I ReactNativeJS:      category: 'engagement' } }
04-06 02:42:52.444 27595 27611 I om.evolucao.app: Compiler allocated 4177KB to compile void android.widget.TextView.<init>(android.content.Context, android.util.AttributeSet, int, int)
04-06 02:42:52.455 27595 27595 D CompatibilityChangeReporter: Compat change id reported: 171228096; UID 10439; state: ENABLED
04-06 02:42:52.456 27595 27595 D ScrollView: initGoToTop
04-06 02:42:52.457 27595 27595 W om.evolucao.app: Accessing hidden field Landroid/widget/ScrollView;->mScroller:Landroid/widget/OverScroller; (unsupported, reflection, allowed)
04-06 02:42:52.494 27595 27595 W [RNScreens]: backTitleFontFamily prop is not available on Android
04-06 02:42:52.494 27595 27595 W [RNScreens]: disableBackButtonMenu prop is not available on Android
04-06 02:42:52.494 27595 27595 W [RNScreens]: backTitleVisible prop is not available on Android
04-06 02:42:52.494 27595 27595 W [RNScreens]: topInsetEnabled prop is not available on Android
04-06 02:42:52.494 27595 27595 W [RNScreens]: largeTitleHideShadow prop is not available on Android
04-06 02:42:52.494 27595 27595 W [RNScreens]: largeTitleFontWeight prop is not available on Android
04-06 02:42:52.494 27595 27595 W [RNScreens]: userInterfaceStyle prop is not available on Android
04-06 02:42:52.494 27595 27595 W [RNScreens]: largeTitleFontFamily prop is not available on Android
04-06 02:42:52.510 27595 27662 D OpenGLRenderer: setSurface called with nullptr
04-06 02:42:53.537 27595 27595 W UiControllerImpl: Waiting for: DYNAMIC_TASKS_HAVE_IDLED for 300 iterations.
04-06 02:42:54.828 27595 27595 W UiControllerImpl: Waiting for: DYNAMIC_TASKS_HAVE_IDLED for 400 iterations.
04-06 02:42:55.393 27595 27723 D ProfileInstaller: Installing profile for com.evolucao.app
04-06 02:42:55.954 27595 27595 W UiControllerImpl: Waiting for: DYNAMIC_TASKS_HAVE_IDLED for 500 iterations.
04-06 02:42:56.292 27595 27595 I Detox   : Wait is over: App is now idle!
04-06 02:42:56.293 27595 27635 I DetoxWSClient: Sending out action 'ready' (ID #-1000)
04-06 02:42:56.294 27595 27635 I DetoxDispatcher: Done with action 'isReady'
04-06 02:42:56.301 27595 27640 D DetoxWSClient: Received action 'invoke' (ID #1, params={"target":{"type":"Class","value":"com.wix.detox.espresso.EspressoDetox"},"method":"setSynchronization","args":[{"type":"boolean","value":false}]})
04-06 02:42:56.302 27595 27635 I DetoxDispatcher: Handling action 'invoke' (ID #1)...
04-06 02:42:56.318 27595 27635 D Detox   : class com.wix.detox.espresso.EspressoDetox, setSynchronization, [false]
04-06 02:42:56.333 27595 27635 D IdlingRegistry: Unregistering idling resources: [com.wix.detox.reactnative.idlingresources.timers.FabricTimersIdlingResource@c075c4]
04-06 02:42:56.335 27595 27635 D IdlingRegistry: Unregistering idling resources: [com.wix.detox.reactnative.idlingresources.StabilizedIdlingResource@7ac4be2]
04-06 02:42:56.335 27595 27635 D IdlingRegistry: Unregistering idling resources: [com.wix.detox.reactnative.idlingresources.uimodule.fabric.FabricUIManagerIdlingResources@2908056]
04-06 02:42:56.335 27595 27635 D IdlingRegistry: Unregistering idling resources: [com.wix.detox.reactnative.idlingresources.animations.AnimatedModuleIdlingResource@72508d7]
04-06 02:42:56.335 27595 27635 D IdlingRegistry: Unregistering idling resources: [com.wix.detox.reactnative.idlingresources.network.NetworkIdlingResource@f6c0cad]
04-06 02:42:56.336 27595 27635 I DetoxWSClient: Sending out action 'invokeResult' (ID #1)
04-06 02:42:56.336 27595 27635 I DetoxDispatcher: Done with action 'invoke'
04-06 02:42:56.345 27595 27640 D DetoxWSClient: Received action 'invoke' (ID #2, params={"target":{"type":"Class","value":"com.wix.detox.espresso.DetoxAssertion"},"method":"waitForAssertMatcher","args":[{"type":"Invocation","value":{"target":{"type":"Class","value":"androidx.test.espresso.Espresso"},"method":"onView","args":[{"type":"Invocation","value":{"target":{"type":"Class","value":"com.wix.detox.espresso.DetoxMatcher"},"method":"matcherForText","args":["Questionario Inteligente",{"type":"boolean","value":false}]}}]}},{"type":"Invocation","value":{"target":{"type":"Class","value":"com.wix.detox.espresso.DetoxMatcher"},"method":"matcherForSufficientlyVisible","args":[{"type":"Integer","value":75}]}},{"type":"Double","value":4}]})
04-06 02:42:56.346 27595 27635 I DetoxDispatcher: Handling action 'invoke' (ID #2)...
04-06 02:42:56.347 27595 27635 D Detox   : class com.wix.detox.espresso.DetoxMatcher, matcherForText, [Questionario Inteligente, false]
04-06 02:42:56.349 27595 27635 D Detox   : class androidx.test.espresso.Espresso, onView, [(an instance of android.widget.TextView and view.getText() with or without transformation to match: is "Questionario Inteligente" and view has effective visibility <VISIBLE>)]
04-06 02:42:56.350 27595 27635 D Detox   : class com.wix.detox.espresso.DetoxMatcher, matcherForSufficientlyVisible, [75]
04-06 02:42:56.351 27595 27635 D Detox   : class com.wix.detox.espresso.DetoxAssertion, waitForAssertMatcher, [androidx.test.espresso.ViewInteraction@ce97f87, (view has effective visibility <VISIBLE> and view.getGlobalVisibleRect() covers at least <75> percent of the view's area), 4.0]
04-06 02:42:56.368 27595 27595 I ViewInteraction: Checking 'MatchesViewAssertion(Detox){viewMatcher=(view has effective visibility <VISIBLE> and view.getGlobalVisibleRect() covers at least <75> percent of the view's area)}' assertion on view (an instance of android.widget.TextView and view.getText() with or without transformation to match: is "Questionario Inteligente" and view has effective visibility <VISIBLE>)
04-06 02:42:56.376 27595 27635 I DetoxWSClient: Sending out action 'invokeResult' (ID #2)
04-06 02:42:56.376 27595 27635 I DetoxDispatcher: Done with action 'invoke'
04-06 02:42:56.381 27595 27640 D DetoxWSClient: Received action 'invoke' (ID #3, params={"target":{"type":"Class","value":"com.wix.detox.espresso.DetoxAssertion"},"method":"waitForAssertMatcher","args":[{"type":"Invocation","value":{"target":{"type":"Class","value":"androidx.test.espresso.Espresso"},"method":"onView","args":[{"type":"Invocation","value":{"target":{"type":"Class","value":"com.wix.detox.espresso.DetoxMatcher"},"method":"matcherForTestId","args":["btn-questionario-continuar",{"type":"boolean","value":false}]}}]}},{"type":"Invocation","value":{"target":{"type":"Class","value":"com.wix.detox.espresso.DetoxMatcher"},"method":"matcherForSufficientlyVisible","args":[{"type":"Integer","value":75}]}},{"type":"Double","value":10}]})
04-06 02:42:56.381 27595 27635 I DetoxDispatcher: Handling action 'invoke' (ID #3)...
04-06 02:42:56.381 27595 27635 D Detox   : class com.wix.detox.espresso.DetoxMatcher, matcherForTestId, [btn-questionario-continuar, false]
04-06 02:42:56.382 27595 27635 D Detox   : class androidx.test.espresso.Espresso, onView, [(view.getTag() is "btn-questionario-continuar" and view has effective visibility <VISIBLE>)]
04-06 02:42:56.383 27595 27635 D Detox   : class com.wix.detox.espresso.DetoxMatcher, matcherForSufficientlyVisible, [75]
04-06 02:42:56.383 27595 27635 D Detox   : class com.wix.detox.espresso.DetoxAssertion, waitForAssertMatcher, [androidx.test.espresso.ViewInteraction@7548d23, (view has effective visibility <VISIBLE> and view.getGlobalVisibleRect() covers at least <75> percent of the view's area), 10.0]
04-06 02:42:56.385 27595 27595 I ViewInteraction: Checking 'MatchesViewAssertion(Detox){viewMatcher=(view has effective visibility <VISIBLE> and view.getGlobalVisibleRect() covers at least <75> percent of the view's area)}' assertion on view (view.getTag() is "btn-questionario-continuar" and view has effective visibility <VISIBLE>)
04-06 02:42:56.387 27595 27635 I DetoxWSClient: Sending out action 'invokeResult' (ID #3)
04-06 02:42:56.387 27595 27635 I DetoxDispatcher: Done with action 'invoke'
04-06 02:42:56.392 27595 27640 D DetoxWSClient: Received action 'invoke' (ID #4, params={"target":{"type":"Class","value":"com.wix.detox.espresso.DetoxAssertion"},"method":"waitForAssertMatcher","args":[{"type":"Invocation","value":{"target":{"type":"Class","value":"androidx.test.espresso.Espresso"},"method":"onView","args":[{"type":"Invocation","value":{"target":{"type":"Class","value":"com.wix.detox.espresso.DetoxMatcher"},"method":"matcherForTestId","args":["btn-questionario-continuar",{"type":"boolean","value":false}]}}]}},{"type":"Invocation","value":{"target":{"type":"Class","value":"com.wix.detox.espresso.DetoxMatcher"},"method":"matcherForSufficientlyVisible","args":[{"type":"Integer","value":75}]}},{"type":"Double","value":0.6}]})
04-06 02:42:56.392 27595 27635 I DetoxDispatcher: Handling action 'invoke' (ID #4)...
04-06 02:42:56.393 27595 27635 D Detox   : class com.wix.detox.espresso.DetoxMatcher, matcherForTestId, [btn-questionario-continuar, false]
04-06 02:42:56.393 27595 27635 D Detox   : class androidx.test.espresso.Espresso, onView, [(view.getTag() is "btn-questionario-continuar" and view has effective visibility <VISIBLE>)]
04-06 02:42:56.394 27595 27635 D Detox   : class com.wix.detox.espresso.DetoxMatcher, matcherForSufficientlyVisible, [75]
04-06 02:42:56.394 27595 27635 D Detox   : class com.wix.detox.espresso.DetoxAssertion, waitForAssertMatcher, [androidx.test.espresso.ViewInteraction@788a59e, (view has effective visibility <VISIBLE> and view.getGlobalVisibleRect() covers at least <75> percent of the view's area), 0.6]
04-06 02:42:56.396 27595 27595 I ViewInteraction: Checking 'MatchesViewAssertion(Detox){viewMatcher=(view has effective visibility <VISIBLE> and view.getGlobalVisibleRect() covers at least <75> percent of the view's area)}' assertion on view (view.getTag() is "btn-questionario-continuar" and view has effective visibility <VISIBLE>)
04-06 02:42:56.399 27595 27635 I DetoxWSClient: Sending out action 'invokeResult' (ID #4)
04-06 02:42:56.400 27595 27635 I DetoxDispatcher: Done with action 'invoke'
04-06 02:42:56.405 27595 27640 D DetoxWSClient: Received action 'invoke' (ID #5, params={"target":{"type":"Class","value":"com.wix.detox.espresso.EspressoDetox"},"method":"perform","args":[{"type":"Invocation","value":{"target":{"type":"Class","value":"com.wix.detox.espresso.DetoxMatcher"},"method":"matcherForAtIndex","args":[{"type":"Integer","value":0},{"type":"Invocation","value":{"target":{"type":"Class","value":"com.wix.detox.espresso.DetoxMatcher"},"method":"matcherForClass","args":["com.facebook.react.views.scroll.ReactScrollView"]}}]}},{"type":"Invocation","value":{"target":{"type":"Class","value":"com.wix.detox.espresso.DetoxAction"},"method":"swipeInDirection","args":[{"type":"Integer","value":3},{"type":"boolean","value":true},{"type":"Double","value":0.25},{"type":"Double","value":null},{"type":"Double","value":null}]}}]})
04-06 02:42:56.405 27595 27635 I DetoxDispatcher: Handling action 'invoke' (ID #5)...
04-06 02:42:56.406 27595 27635 D Detox   : class com.wix.detox.espresso.DetoxMatcher, matcherForClass, [com.facebook.react.views.scroll.ReactScrollView]
04-06 02:42:56.406 27595 27635 D Detox   : class com.wix.detox.espresso.DetoxMatcher, matcherForAtIndex, [0, (is assignable from class: class com.facebook.react.views.scroll.ReactScrollView and view has effective visibility <VISIBLE>)]
04-06 02:42:56.408 27595 27635 D Detox   : class com.wix.detox.espresso.DetoxAction, swipeInDirection, [3, true, 0.25, NaN, NaN]
04-06 02:42:56.411 27595 27635 D Detox   : class com.wix.detox.espresso.EspressoDetox, perform, [View at index #0, of those matching MATCHER(is assignable from class: class com.facebook.react.views.scroll.ReactScrollView and view has effective visibility <VISIBLE>), androidx.test.espresso.action.GeneralSwipeAction@dd8d87f]
04-06 02:42:56.416 27595 27595 I ViewInteraction: Performing 'fast swipe' action on view View at index #0, of those matching MATCHER(is assignable from class: class com.facebook.react.views.scroll.ReactScrollView and view has effective visibility <VISIBLE>)
04-06 02:42:56.423 27595 27725 W om.evolucao.app: Accessing hidden method Landroid/hardware/input/InputManager;->injectInputEvent(Landroid/view/InputEvent;I)Z (unsupported, reflection, allowed)
04-06 02:42:56.427 27595 27595 I ViewRootImpl@914008f[MainActivity]: ViewPostIme pointer 0
04-06 02:42:56.589 27595 27595 I ViewRootImpl@914008f[MainActivity]: ViewPostIme pointer 1
04-06 02:42:56.670 27595 27635 I DetoxWSClient: Sending out action 'invokeResult' (ID #5)
04-06 02:42:56.671 27595 27635 I DetoxDispatcher: Done with action 'invoke'
