04-06 14:26:10.937 28703 28703 E unknown:ReactHost: 	at com.facebook.react.runtime.ReactHostImpl.raiseSoftException$default(ReactHostImpl.kt:852)
04-06 14:26:10.937 28703 28703 E unknown:ReactHost: 	at com.facebook.react.runtime.ReactHostImpl.onWindowFocusChange(ReactHostImpl.kt:625)
04-06 14:26:10.937 28703 28703 E unknown:ReactHost: 	at com.facebook.react.ReactDelegate.onWindowFocusChanged(ReactDelegate.kt:232)
04-06 14:26:10.937 28703 28703 E unknown:ReactHost: 	at com.facebook.react.ReactActivityDelegate.onWindowFocusChanged(ReactActivityDelegate.java:237)
04-06 14:26:10.937 28703 28703 E unknown:ReactHost: 	at expo.modules.ReactActivityDelegateWrapper$onWindowFocusChanged$1.invokeSuspend(ReactActivityDelegateWrapper.kt:320)
04-06 14:26:10.937 28703 28703 E unknown:ReactHost: 	at expo.modules.ReactActivityDelegateWrapper$onWindowFocusChanged$1.invoke(Unknown Source:8)
04-06 14:26:10.937 28703 28703 E unknown:ReactHost: 	at expo.modules.ReactActivityDelegateWrapper$onWindowFocusChanged$1.invoke(Unknown Source:4)
04-06 14:26:10.937 28703 28703 E unknown:ReactHost: 	at expo.modules.ReactActivityDelegateWrapper$launchLifecycleScopeWithLock$1.invokeSuspend(ReactActivityDelegateWrapper.kt:452)
04-06 14:26:10.937 28703 28703 E unknown:ReactHost: 	at kotlin.coroutines.jvm.internal.BaseContinuationImpl.resumeWith(ContinuationImpl.kt:33)
04-06 14:26:10.937 28703 28703 E unknown:ReactHost: 	at kotlinx.coroutines.internal.DispatchedContinuationKt.resumeCancellableWith(DispatchedContinuation.kt:375)
04-06 14:26:10.937 28703 28703 E unknown:ReactHost: 	at kotlinx.coroutines.intrinsics.CancellableKt.startCoroutineCancellable(Cancellable.kt:26)
04-06 14:26:10.937 28703 28703 E unknown:ReactHost: 	at kotlinx.coroutines.CoroutineStart.invoke(CoroutineStart.kt:358)
04-06 14:26:10.937 28703 28703 E unknown:ReactHost: 	at kotlinx.coroutines.AbstractCoroutine.start(AbstractCoroutine.kt:134)
04-06 14:26:10.937 28703 28703 E unknown:ReactHost: 	at kotlinx.coroutines.BuildersKt__Builders_commonKt.launch(Builders.common.kt:53)
04-06 14:26:10.937 28703 28703 E unknown:ReactHost: 	at kotlinx.coroutines.BuildersKt.launch(Unknown Source:1)
04-06 14:26:10.937 28703 28703 E unknown:ReactHost: 	at kotlinx.coroutines.BuildersKt__Builders_commonKt.launch$default(Builders.common.kt:44)
04-06 14:26:10.937 28703 28703 E unknown:ReactHost: 	at kotlinx.coroutines.BuildersKt.launch$default(Unknown Source:1)
04-06 14:26:10.937 28703 28703 E unknown:ReactHost: 	at expo.modules.ReactActivityDelegateWrapper.launchLifecycleScopeWithLock(ReactActivityDelegateWrapper.kt:450)
04-06 14:26:10.937 28703 28703 E unknown:ReactHost: 	at expo.modules.ReactActivityDelegateWrapper.launchLifecycleScopeWithLock$default(ReactActivityDelegateWrapper.kt:446)
04-06 14:26:10.937 28703 28703 E unknown:ReactHost: 	at expo.modules.ReactActivityDelegateWrapper.onWindowFocusChanged(ReactActivityDelegateWrapper.kt:318)
04-06 14:26:10.937 28703 28703 E unknown:ReactHost: 	at com.facebook.react.ReactActivity.onWindowFocusChanged(ReactActivity.java:158)
04-06 14:26:10.937 28703 28703 E unknown:ReactHost: 	at androidx.appcompat.view.WindowCallbackWrapper.onWindowFocusChanged(WindowCallbackWrapper.java:124)
04-06 14:26:10.937 28703 28703 E unknown:ReactHost: 	at com.android.internal.policy.DecorView.onWindowFocusChanged(DecorView.java:2710)
04-06 14:26:10.937 28703 28703 E unknown:ReactHost: 	at android.view.View.dispatchWindowFocusChanged(View.java:15817)
04-06 14:26:10.937 28703 28703 E unknown:ReactHost: 	at android.view.ViewGroup.dispatchWindowFocusChanged(ViewGroup.java:1512)
04-06 14:26:10.937 28703 28703 E unknown:ReactHost: 	at android.view.ViewRootImpl.handleWindowFocusChanged(ViewRootImpl.java:4678)
04-06 14:26:10.937 28703 28703 E unknown:ReactHost: 	at android.view.ViewRootImpl.-$$Nest$mhandleWindowFocusChanged(Unknown Source:0)
04-06 14:26:10.937 28703 28703 E unknown:ReactHost: 	at android.view.ViewRootImpl$ViewRootHandler.handleMessageImpl(ViewRootImpl.java:6788)
04-06 14:26:10.937 28703 28703 E unknown:ReactHost: 	at android.view.ViewRootImpl$ViewRootHandler.handleMessage(ViewRootImpl.java:6697)
04-06 14:26:10.937 28703 28703 E unknown:ReactHost: 	at android.os.Handler.dispatchMessage(Handler.java:106)
04-06 14:26:10.937 28703 28703 E unknown:ReactHost: 	at android.os.Looper.loopOnce(Looper.java:226)
04-06 14:26:10.937 28703 28703 E unknown:ReactHost: 	at android.os.Looper.loop(Looper.java:313)
04-06 14:26:10.937 28703 28703 E unknown:ReactHost: 	at android.app.ActivityThread.main(ActivityThread.java:8762)
04-06 14:26:10.937 28703 28703 E unknown:ReactHost: 	at java.lang.reflect.Method.invoke(Native Method)
04-06 14:26:10.937 28703 28703 E unknown:ReactHost: 	at com.android.internal.os.RuntimeInit$MethodAndArgsCaller.run(RuntimeInit.java:604)
04-06 14:26:10.937 28703 28703 E unknown:ReactHost: 	at com.android.internal.os.ZygoteInit.main(ZygoteInit.java:1067)
04-06 14:26:10.937 28703 28703 D InputMethodManager: startInputInner - Id : 0
04-06 14:26:10.937 28703 28703 I InputMethodManager: startInputInner - mService.startInputOrWindowGainedFocus
04-06 14:26:10.940 28703 28703 I ViewRootImpl@f832caa[PopupWindow:8125395]: handleResized, msg = 5 frames=ClientWindowFrames{frame=[0,88][1080,167] display=[0,88][1080,2256] parentFrame=[0,0][0,0] parentClippedByDisplayCutout=false} forceNextWindowRelayout=false displayId=0 resizeMode=-1 frameChanged=false displayFrameChanged=false configChanged=false displayChanged=false
04-06 14:26:10.940 28703 28703 I ViewRootImpl@f832caa[PopupWindow:8125395]: handleResized mSyncSeqId = 0
04-06 14:26:10.940 28703 28703 I ViewRootImpl@f832caa[PopupWindow:8125395]: reportNextDraw android.view.ViewRootImpl.handleResized:2450 android.view.ViewRootImpl.-$$Nest$mhandleResized:0 android.view.ViewRootImpl$ViewRootHandler.handleMessageImpl:6728 android.view.ViewRootImpl$ViewRootHandler.handleMessage:6697 android.os.Handler.dispatchMessage:106 
04-06 14:26:10.942 28703 28703 D InputMethodManager: startInputInner - Id : 0
04-06 14:26:10.950 28703 28703 I ViewRootImpl@f832caa[PopupWindow:8125395]: Setup new sync id=1
04-06 14:26:10.950 28703 28703 I ViewRootImpl@f832caa[PopupWindow:8125395]: Setting syncFrameCallback
04-06 14:26:10.950 28703 28703 I ViewRootImpl@f832caa[PopupWindow:8125395]: registerCallbacksForSync syncBuffer=false
04-06 14:26:10.951 28703 28781 I ViewRootImpl@f832caa[PopupWindow:8125395]: Received frameDrawingCallback syncResult=0 frameNum=3.
04-06 14:26:10.951 28703 28781 I ViewRootImpl@f832caa[PopupWindow:8125395]: Setting up sync and frameCommitCallback
04-06 14:26:10.957 28703 28758 I ViewRootImpl@f832caa[PopupWindow:8125395]: Received frameCommittedCallback lastAttemptedDrawFrameNum=3 didProduceBuffer=true
04-06 14:26:10.957 28703 28703 I ViewRootImpl@f832caa[PopupWindow:8125395]: onSyncComplete
04-06 14:26:10.957 28703 28703 I ViewRootImpl@f832caa[PopupWindow:8125395]: setupSync seqId=0 mSyncId=1 fn=3 caller=android.view.ViewRootImpl$$ExternalSyntheticLambda11.accept:6 android.window.SurfaceSyncer.lambda$setupSync$1$android-window-SurfaceSyncer:128 android.window.SurfaceSyncer$$ExternalSyntheticLambda1.accept:8 android.window.SurfaceSyncer$SyncSet.checkIfSyncIsComplete:382 android.window.SurfaceSyncer$SyncSet.markSyncReady:359 android.window.SurfaceSyncer.markSyncReady:151 android.view.ViewRootImpl.performTraversals:4503 
04-06 14:26:10.957 28703 28703 I ViewRootImpl@f832caa[PopupWindow:8125395]: reportDrawFinished seqId=0 mSyncId=-1 fn=3 mSurfaceChangedTransaction=0xb4000070c2d48f00
04-06 14:26:11.228 28703 28758 D OpenGLRenderer: setSurface called with nullptr
04-06 14:26:11.228 28703 28758 D OpenGLRenderer: setSurface() destroyed EGLSurface
04-06 14:26:11.228 28703 28758 D OpenGLRenderer: destroyEglSurface
04-06 14:26:11.228 28703 28778 D Detox.RNMarker: DOWNLOAD_END ({"url":"http:\/\/localhost:8081\/.expo\/.virtual-metro-entry.bundle?platform=android&dev=true&lazy=true&minify=false&app=com.evolucao.app&modulesOnly=false&runModule=true&excludeSource=true&sourcePaths=url-server","filesChangedCount":0})
04-06 14:26:11.228 28703 28778 W unknown:BridgelessReact: ReactHost{0}.loadJSBundleFromMetro(): Creating BundleLoader
04-06 14:26:11.229 28703 28703 I ViewRootImpl@f832caa[PopupWindow:8125395]: dispatchDetachedFromWindow
04-06 14:26:11.229 28703 28777 W unknown:BridgelessReact: ReactHost{0}.getOrCreateReactInstanceTask(): Creating BridgelessReactContext
04-06 14:26:11.230 28703 28777 W unknown:BridgelessReact: ReactHost{0}.getOrCreateReactInstanceTask(): Creating ReactInstance
04-06 14:26:11.231 28703 28703 D InputTransport: Input channel destroyed: 'b570de ', fd=123
04-06 14:26:11.239 28703 28778 D TrafficStats: tagSocket(129) with statsTag=0xffffffff, statsUid=-1
04-06 14:26:11.242 28703 28777 D jni_lib_merge: Entering merged library JNI_OnLoad.
04-06 14:26:11.242 28703 28777 D jni_lib_merge: Preparing 4 pre-merged libs (including stub)
04-06 14:26:11.242 28703 28777 D jni_lib_merge: Preparing to register libhermes_executor_so.  onload_func: 0x7016d2ffa4
04-06 14:26:11.242 28703 28777 D jni_lib_merge: Preparing to register libhermesinstancejni_so.  onload_func: 0x7016d698b4
04-06 14:26:11.242 28703 28777 D jni_lib_merge: Preparing to register libjsijniprofiler_so.  onload_func: 0x7016d6b8f8
04-06 14:26:11.242 28703 28777 D jni_lib_merge: About to register 3 actual methods.
04-06 14:26:11.335 28703 28777 I ExpoModulesCore: ✅ AppContext was initialized
04-06 14:26:11.365 28703 28777 W unknown:BridgelessReact: ReactHost{0}.getOrCreateReactInstanceTask(): Loading JS Bundle
04-06 14:26:11.365 28703 28777 W unknown:BridgelessReact: ReactHost{0}.getOrCreateReactInstanceTask(): DevSupportManager.onNewReactContextCreated()
04-06 14:26:11.365 28703 28791 D Detox.RNMarker: RUN_JS_BUNDLE_START (/.virtual-metro-entry.bundle?platform=android&dev=true&lazy=true&minify=false&app=com.evolucao.app&modulesOnly=false&runModule=true&excludeSource=true&sourcePaths=url-server)
04-06 14:26:11.368 28703 28703 W unknown:ReactNative: Packager connection already open, nooping.
04-06 14:26:11.368 28703 28703 W unknown:BridgelessReact: ReactHost{0}.ReactContext.onHostResume()
04-06 14:26:11.368 28703 28777 W unknown:BridgelessReact: ReactHost{0}.startSurface(surfaceId = 0): Execute
04-06 14:26:11.372 28703 28703 W unknown:BridgelessReact: ReactHost{0}.getOrCreateReactInstanceTask(): Executing ReactInstanceEventListeners
04-06 14:26:11.373 28703 28703 I DetoxRNLoading: Got new RN-context through listener
04-06 14:26:11.373 28703 28732 I DetoxRNIdleRes: Setting up Espresso Idling Resources for React Native
04-06 14:26:11.380 28703 28703 D DetoxRNHelpers: Native RN module resolution (class com.reactnativecommunity.asyncstorage.AsyncStorageModule): no registered module found
04-06 14:26:11.380 28703 28732 D IdlingRegistry: Registering idling resources: [com.wix.detox.reactnative.idlingresources.uimodule.fabric.FabricUIManagerIdlingResources@fa053f5]
04-06 14:26:11.380 28703 28732 D IdlingRegistry: Registering idling resources: [com.wix.detox.reactnative.idlingresources.animations.AnimatedModuleIdlingResource@556958a]
04-06 14:26:11.380 28703 28732 D IdlingRegistry: Registering idling resources: [com.wix.detox.reactnative.idlingresources.timers.FabricTimersIdlingResource@a29e7fb]
04-06 14:26:11.380 28703 28732 D IdlingRegistry: Registering idling resources: [com.wix.detox.reactnative.idlingresources.network.NetworkIdlingResource@fa87018]
04-06 14:26:11.380 28703 28732 D IdlingRegistry: Registering idling resources: [com.wix.detox.reactnative.idlingresources.StabilizedIdlingResource@76f3a71]
04-06 14:26:11.400 28703 28792 W om.evolucao.app: Accessing hidden method Landroid/os/MessageQueue;->next()Landroid/os/Message; (unsupported, reflection, allowed)
04-06 14:26:11.400 28703 28792 W om.evolucao.app: Accessing hidden field Landroid/os/MessageQueue;->mMessages:Landroid/os/Message; (unsupported, reflection, allowed)
04-06 14:26:11.400 28703 28792 W om.evolucao.app: Accessing hidden method Landroid/os/Message;->recycleUnchecked()V (unsupported, reflection, allowed)
04-06 14:26:11.535 28703 28703 D DetoxRNHelpers: Native RN module resolution (class com.reactnativecommunity.asyncstorage.AsyncStorageModule): no registered module found
04-06 14:26:11.610 28703 28792 I WebViewFactory: Loading com.google.android.webview version 146.0.7680.164 (code 768016403)
04-06 14:26:11.611 28703 28792 D ApplicationLoaders: Returning zygote-cached class loader: /system/framework/android.test.base.jar
04-06 14:26:11.613 28703 28792 D nativeloader: Configuring classloader-namespace for other apk /data/app/~~23ppwVuk64Fm9vdWCRWMMw==/com.google.android.webview-FPIphznatdLDx2VBYoD68A==/base.apk. target_sdk_version=36, uses_libraries=, library_path=/data/app/~~23ppwVuk64Fm9vdWCRWMMw==/com.google.android.webview-FPIphznatdLDx2VBYoD68A==/lib/arm64:/data/app/~~23ppwVuk64Fm9vdWCRWMMw==/com.google.android.webview-FPIphznatdLDx2VBYoD68A==/base.apk!/lib/arm64-v8a, permitted_path=/data:/mnt/expand
04-06 14:26:11.624 28703 28792 I cr_WVCFactoryProvider: version=146.0.7680.164 (768016403) minSdkVersion=29 multiprocess=true packageId=127 splits=<none>
04-06 14:26:11.630 28703 28808 I chromium: [0406/142611.629975:INFO:android_webview/browser/variations/variations_seed_loader.cc:67] Failed to open file for reading.: No such file or directory (2)
04-06 14:26:11.630 28703 28808 I chromium: [0406/142611.630137:INFO:android_webview/browser/variations/variations_seed_loader.cc:67] Failed to open file for reading.: No such file or directory (2)
04-06 14:26:11.634 28703 28792 I cr_LibraryLoader: Successfully loaded native library
04-06 14:26:11.635 28703 28792 I cr_CachingUmaRecorder: Flushed 16 samples from 16 histograms, 0 samples were dropped.
04-06 14:26:11.648 28703 28811 D TrafficStats: tagSocket(143) with statsTag=0xffffffff, statsUid=-1
04-06 14:26:11.650 28703 28811 D TrafficStats: tagSocket(143) with statsTag=0xffffffff, statsUid=-1
04-06 14:26:11.659 28703 28791 W BridgelessReactContext: [WARNING] Bridgeless doesn't support CatalystInstance. Accessing an API that's not part of the new architecture is not encouraged usage.
04-06 14:26:11.665 28703 28791 I ExpoModulesCore: ✅ JSI interop was installed
04-06 14:26:11.670 28703 28791 I ExpoModulesCore: ✅ Constants were exported
04-06 14:26:11.714 28703 28791 W unknown:ViewManagerPropertyUpdater: Could not find generated setter for class com.th3rdwave.safeareacontext.SafeAreaProviderManager
04-06 14:26:11.717 28703 28791 W unknown:ViewManagerPropertyUpdater: Could not find generated setter for class com.facebook.react.uimanager.LayoutShadowNode
04-06 14:26:11.719 28703 28791 W unknown:ViewManagerPropertyUpdater: Could not find generated setter for class com.swmansion.rnscreens.SearchBarManager
04-06 14:26:11.719 28703 28791 W unknown:ViewManagerPropertyUpdater: Could not find generated setter for class com.swmansion.rnscreens.ScreenFooterManager
04-06 14:26:11.720 28703 28791 W unknown:ViewManagerPropertyUpdater: Could not find generated setter for class com.swmansion.rnscreens.gamma.tabs.TabScreenViewManager
04-06 14:26:11.721 28703 28791 W unknown:ViewManagerPropertyUpdater: Could not find generated setter for class expo.modules.kotlin.views.GroupViewManagerWrapper
04-06 14:26:11.722 28703 28791 W unknown:ViewManagerPropertyUpdater: Could not find generated setter for class com.swmansion.rnscreens.ScreenContainerViewManager
04-06 14:26:11.722 28703 28791 W unknown:ViewManagerPropertyUpdater: Could not find generated setter for class com.swmansion.rnscreens.gamma.tabs.TabsHostViewManager
04-06 14:26:11.724 28703 28791 W unknown:ViewManagerPropertyUpdater: Could not find generated setter for class com.swmansion.rnscreens.ModalScreenViewManager
04-06 14:26:11.725 28703 28791 W unknown:ViewManagerPropertyUpdater: Could not find generated setter for class com.swmansion.rnscreens.ScreenStackHeaderConfigViewManager
04-06 14:26:11.725 28703 28791 W unknown:ViewManagerPropertyUpdater: Could not find generated setter for class com.swmansion.rnscreens.ScreenContentWrapperManager
04-06 14:26:11.726 28703 28791 W unknown:ViewManagerPropertyUpdater: Could not find generated setter for class com.th3rdwave.safeareacontext.SafeAreaViewManager
04-06 14:26:11.727 28703 28791 W unknown:ViewManagerPropertyUpdater: Could not find generated setter for class com.th3rdwave.safeareacontext.SafeAreaViewShadowNode
04-06 14:26:11.728 28703 28791 W unknown:ViewManagerPropertyUpdater: Could not find generated setter for class com.swmansion.rnscreens.safearea.SafeAreaViewManager
04-06 14:26:11.728 28703 28791 W unknown:ViewManagerPropertyUpdater: Could not find generated setter for class com.swmansion.rnscreens.safearea.paper.SafeAreaViewShadowNode
04-06 14:26:11.728 28703 28791 W unknown:ViewManagerPropertyUpdater: Could not find generated setter for class com.swmansion.rnscreens.ScreenViewManager
04-06 14:26:11.729 28703 28791 W unknown:ViewManagerPropertyUpdater: Could not find generated setter for class com.swmansion.rnscreens.gamma.stack.host.StackHostViewManager
04-06 14:26:11.729 28703 28791 W unknown:ViewManagerPropertyUpdater: Could not find generated setter for class com.swmansion.rnscreens.ScreenStackHeaderSubviewManager
04-06 14:26:11.730 28703 28791 W unknown:ViewManagerPropertyUpdater: Could not find generated setter for class com.swmansion.rnscreens.gamma.stack.screen.StackScreenViewManager
04-06 14:26:11.730 28703 28791 W unknown:ViewManagerPropertyUpdater: Could not find generated setter for class com.swmansion.rnscreens.ScreenStackViewManager
04-06 14:26:11.801 28703 28791 W unknown:ViewManagerPropertyUpdater: Could not find generated setter for class com.facebook.react.views.debuggingoverlay.DebuggingOverlayManager
04-06 14:26:11.806 28703 28791 W unknown:ViewManagerPropertyUpdater: Could not find generated setter for class com.swmansion.gesturehandler.react.RNGestureHandlerButtonViewManager
04-06 14:26:11.810 28703 28791 W unknown:ViewManagerPropertyUpdater: Could not find generated setter for class com.facebook.react.views.safeareaview.ReactSafeAreaViewManager
04-06 14:26:11.815 28703 28791 W unknown:ViewManagerPropertyUpdater: Could not find generated setter for class com.facebook.react.views.modal.ReactModalHostManager
04-06 14:26:11.820 28703 28791 W unknown:ViewManagerPropertyUpdater: Could not find generated setter for class com.facebook.react.views.text.frescosupport.FrescoBasedReactTextInlineImageViewManager
04-06 14:26:11.820 28703 28791 W unknown:ViewManagerPropertyUpdater: Could not find generated setter for class com.facebook.react.views.text.frescosupport.FrescoBasedReactTextInlineImageShadowNode
04-06 14:26:11.824 28703 28791 W unknown:ViewManagerPropertyUpdater: Could not find generated setter for class com.facebook.react.views.progressbar.ReactProgressBarViewManager
04-06 14:26:11.825 28703 28791 W unknown:ViewManagerPropertyUpdater: Could not find generated setter for class com.facebook.react.views.progressbar.ProgressBarShadowNode
04-06 14:26:11.830 28703 28791 W unknown:ViewManagerPropertyUpdater: Could not find generated setter for class com.facebook.react.views.scroll.ReactHorizontalScrollViewManager
04-06 14:26:11.836 28703 28791 W unknown:ViewManagerPropertyUpdater: Could not find generated setter for class com.facebook.react.views.image.ReactImageManager
04-06 14:26:11.842 28703 28791 W unknown:ViewManagerPropertyUpdater: Could not find generated setter for class com.facebook.react.views.text.ReactTextViewManager
04-06 14:26:11.843 28703 28791 W unknown:ViewManagerPropertyUpdater: Could not find generated setter for class com.facebook.react.views.text.ReactTextShadowNode
04-06 14:26:11.849 28703 28791 W unknown:ViewManagerPropertyUpdater: Could not find generated setter for class com.facebook.react.views.scroll.ReactHorizontalScrollContainerViewManager
04-06 14:26:11.854 28703 28791 W unknown:ViewManagerPropertyUpdater: Could not find generated setter for class com.facebook.react.views.unimplementedview.ReactUnimplementedViewManager
04-06 14:26:11.858 28703 28791 W unknown:ViewManagerPropertyUpdater: Could not find generated setter for class com.facebook.react.views.scroll.ReactScrollViewManager
04-06 14:26:11.864 28703 28791 W unknown:ViewManagerPropertyUpdater: Could not find generated setter for class com.facebook.react.views.view.ReactViewManager
04-06 14:26:11.870 28703 28791 W unknown:ViewManagerPropertyUpdater: Could not find generated setter for class com.facebook.react.views.drawer.ReactDrawerLayoutManager
04-06 14:26:11.875 28703 28791 W unknown:ViewManagerPropertyUpdater: Could not find generated setter for class com.facebook.react.views.switchview.ReactSwitchManager
04-06 14:26:11.875 28703 28791 W unknown:ViewManagerPropertyUpdater: Could not find generated setter for class com.facebook.react.views.switchview.ReactSwitchShadowNode
04-06 14:26:11.880 28703 28791 W unknown:ViewManagerPropertyUpdater: Could not find generated setter for class com.facebook.react.views.swiperefresh.SwipeRefreshLayoutManager
04-06 14:26:11.886 28703 28791 W unknown:ViewManagerPropertyUpdater: Could not find generated setter for class com.facebook.react.views.textinput.ReactTextInputManager
04-06 14:26:11.888 28703 28791 W unknown:ViewManagerPropertyUpdater: Could not find generated setter for class com.facebook.react.views.textinput.ReactTextInputShadowNode
04-06 14:26:11.893 28703 28791 W unknown:ViewManagerPropertyUpdater: Could not find generated setter for class com.swmansion.gesturehandler.react.RNGestureHandlerRootViewManager
04-06 14:26:11.926 28703 28811 D TrafficStats: tagSocket(145) with statsTag=0xffffffff, statsUid=-1
04-06 14:26:12.090 28703 28791 V AsyncStorageExpoMigration: No scoped database found
04-06 14:26:12.263 28703 28791 D Detox.RNMarker: RUN_JS_BUNDLE_END (/.virtual-metro-entry.bundle?platform=android&dev=true&lazy=true&minify=false&app=com.evolucao.app&modulesOnly=false&runModule=true&excludeSource=true&sourcePaths=url-server)
04-06 14:26:12.265 28703 28791 I ReactNativeJS: Running "main" with {"rootTag":1,"initialProps":{},"fabric":true}
04-06 14:26:12.340 28703 28814 D TrafficStats: tagSocket(133) with statsTag=0xffffffff, statsUid=-1
04-06 14:26:12.466 28703 28703 I DecorView: notifyKeepScreenOnChanged: keepScreenOn=true
04-06 14:26:12.477 28703 28703 I ViewRootImpl@914008f[MainActivity]: performTraversals params={(0,0)(fillxfill) sim={adjust=resize} layoutInDisplayCutoutMode=always ty=BASE_APPLICATION wanim=0x1030309
04-06 14:26:12.477 28703 28703 I ViewRootImpl@914008f[MainActivity]:   fl=81810180
04-06 14:26:12.477 28703 28703 I ViewRootImpl@914008f[MainActivity]:   pfl=16020040
04-06 14:26:12.477 28703 28703 I ViewRootImpl@914008f[MainActivity]:   vsysui=100
04-06 14:26:12.477 28703 28703 I ViewRootImpl@914008f[MainActivity]:   bhv=DEFAULT
04-06 14:26:12.477 28703 28703 I ViewRootImpl@914008f[MainActivity]:   fitSides= naviIconColor=0}
04-06 14:26:12.479 28703 28703 I ViewRootImpl@914008f[MainActivity]: performTraversals mFirst=false windowShouldResize=false viewVisibilityChanged=false mForceNextWindowRelayout=false params={(0,0)(fillxfill) sim={adjust=resize} layoutInDisplayCutoutMode=always ty=BASE_APPLICATION wanim=0x1030309
04-06 14:26:12.479 28703 28703 I ViewRootImpl@914008f[MainActivity]:   fl=81810180
04-06 14:26:12.479 28703 28703 I ViewRootImpl@914008f[MainActivity]:   pfl=16020040
04-06 14:26:12.479 28703 28703 I ViewRootImpl@914008f[MainActivity]:   vsysui=100
04-06 14:26:12.479 28703 28703 I ViewRootImpl@914008f[MainActivity]:   bhv=DEFAULT
04-06 14:26:12.479 28703 28703 I ViewRootImpl@914008f[MainActivity]:   fitSides= naviIconColor=0}
04-06 14:26:12.488 28703 28703 I ViewRootImpl@914008f[MainActivity]: updateBlastSurfaceIfNeeded mBlastBufferQueue=0xb4000070c2c34c00 isSameSurfaceControl=true
04-06 14:26:12.488 28703 28703 I BLASTBufferQueue: update, w= 1080 h= 2400 mName = ViewRootImpl@914008f[MainActivity] mNativeObject= 0xb4000070c2c34c00 sc.mNativeObject= 0xb4000070a09d1860 format= -1 caller= android.view.ViewRootImpl.updateBlastSurfaceIfNeeded:2898 android.view.ViewRootImpl.relayoutWindow:9847 android.view.ViewRootImpl.performTraversals:3884 android.view.ViewRootImpl.doTraversal:3116 android.view.ViewRootImpl$TraversalRunnable.run:10885 android.view.Choreographer$CallbackRecord.run:1301 
04-06 14:26:12.489 28703 28703 I ViewRootImpl@914008f[MainActivity]: Relayout returned: old=(0,0,1080,2400) new=(0,0,1080,2400) req=(1080,2400)0 dur=9 res=0x0 s={true 0xb4000070a6e67000} ch=false seqId=0
04-06 14:26:12.494 28703 28703 D Detox.RNMarker: CONTENT_APPEARED (main)
04-06 14:26:12.499 28703 28791 D Detox.RNMarker: REACT_BRIDGELESS_LOADING_END (null)
04-06 14:26:12.507 28703 28791 I ReactNativeJS: '[ANALYTICS]', 'app_opened', { event: 'app_opened',
04-06 14:26:12.507 28703 28791 I ReactNativeJS:   eventId: '1775496372503_712aa2dcbaad4',
04-06 14:26:12.507 28703 28791 I ReactNativeJS:   appVersion: '1.0.0',
04-06 14:26:12.507 28703 28791 I ReactNativeJS:   category: 'engagement',
04-06 14:26:12.507 28703 28791 I ReactNativeJS:   userId: 'anonymous',
04-06 14:26:12.507 28703 28791 I ReactNativeJS:   timestamp: 1775496372503,
04-06 14:26:12.507 28703 28791 I ReactNativeJS:   timestampIso: '2026-04-06T17:26:12.503Z',
04-06 14:26:12.507 28703 28791 I ReactNativeJS:   screen: 'App',
04-06 14:26:12.507 28703 28791 I ReactNativeJS:   sessionId: 'session-1775496372485-81083c557de6c',
04-06 14:26:12.507 28703 28791 I ReactNativeJS:   flowId: 'session-1775496372485-81083c557de6c',
04-06 14:26:12.507 28703 28791 I ReactNativeJS:   meta: 
04-06 14:26:12.507 28703 28791 I ReactNativeJS:    { domain: 'engagement',
04-06 14:26:12.507 28703 28791 I ReactNativeJS:      version: 1,
04-06 14:26:12.507 28703 28791 I ReactNativeJS:      dayKey: '2026-04-06',
04-06 14:26:12.507 28703 28791 I ReactNativeJS:      isFirstOpenOfDay: true,
04-06 14:26:12.507 28703 28791 I ReactNativeJS:      category: 'engagement' } }
04-06 14:26:12.741 28703 28703 D CompatibilityChangeReporter: Compat change id reported: 171228096; UID 10715; state: ENABLED
04-06 14:26:12.742 28703 28703 D ScrollView: initGoToTop
04-06 14:26:12.743 28703 28703 W om.evolucao.app: Accessing hidden field Landroid/widget/ScrollView;->mScroller:Landroid/widget/OverScroller; (unsupported, reflection, allowed)
04-06 14:26:12.754 28703 28711 I om.evolucao.app: Compiler allocated 4177KB to compile void android.widget.TextView.<init>(android.content.Context, android.util.AttributeSet, int, int)
04-06 14:26:12.764 28703 28703 W [RNScreens]: backTitleFontFamily prop is not available on Android
04-06 14:26:12.765 28703 28703 W [RNScreens]: disableBackButtonMenu prop is not available on Android
04-06 14:26:12.765 28703 28703 W [RNScreens]: backTitleVisible prop is not available on Android
04-06 14:26:12.765 28703 28703 W [RNScreens]: topInsetEnabled prop is not available on Android
04-06 14:26:12.765 28703 28703 W [RNScreens]: largeTitleHideShadow prop is not available on Android
04-06 14:26:12.765 28703 28703 W [RNScreens]: largeTitleFontWeight prop is not available on Android
04-06 14:26:12.765 28703 28703 W [RNScreens]: userInterfaceStyle prop is not available on Android
04-06 14:26:12.765 28703 28703 W [RNScreens]: largeTitleFontFamily prop is not available on Android
04-06 14:26:12.784 28703 28758 D OpenGLRenderer: setSurface called with nullptr
04-06 14:26:15.451 28703 28820 D ProfileInstaller: Installing profile for com.evolucao.app
04-06 14:26:19.206 28703 28738 D DetoxWSClient: Received action 'currentStatus' (ID #1, params={})
04-06 14:26:19.206 28703 28735 I DetoxDispatcher: Handling action 'currentStatus' (ID #1)...
04-06 14:26:19.215 28703 28735 I DetoxWSClient: Sending out action 'currentStatusResult' (ID #1)
04-06 14:26:19.216 28703 28735 I DetoxDispatcher: Done with action 'currentStatus'
04-06 14:26:29.235 28703 28738 D DetoxWSClient: Received action 'currentStatus' (ID #2, params={})
04-06 14:26:29.236 28703 28735 I DetoxDispatcher: Handling action 'currentStatus' (ID #2)...
04-06 14:26:29.245 28703 28735 I DetoxWSClient: Sending out action 'currentStatusResult' (ID #2)
04-06 14:26:29.246 28703 28735 I DetoxDispatcher: Done with action 'currentStatus'
04-06 14:26:39.261 28703 28738 D DetoxWSClient: Received action 'currentStatus' (ID #3, params={})
04-06 14:26:39.262 28703 28735 I DetoxDispatcher: Handling action 'currentStatus' (ID #3)...
04-06 14:26:39.270 28703 28735 I DetoxWSClient: Sending out action 'currentStatusResult' (ID #3)
04-06 14:26:39.271 28703 28735 I DetoxDispatcher: Done with action 'currentStatus'
04-06 14:26:49.290 28703 28738 D DetoxWSClient: Received action 'currentStatus' (ID #4, params={})
04-06 14:26:49.291 28703 28735 I DetoxDispatcher: Handling action 'currentStatus' (ID #4)...
04-06 14:26:49.299 28703 28735 I DetoxWSClient: Sending out action 'currentStatusResult' (ID #4)
04-06 14:26:49.300 28703 28735 I DetoxDispatcher: Done with action 'currentStatus'
04-06 14:26:59.317 28703 28738 D DetoxWSClient: Received action 'currentStatus' (ID #5, params={})
04-06 14:26:59.318 28703 28735 I DetoxDispatcher: Handling action 'currentStatus' (ID #5)...
04-06 14:26:59.327 28703 28735 I DetoxWSClient: Sending out action 'currentStatusResult' (ID #5)
04-06 14:26:59.328 28703 28735 I DetoxDispatcher: Done with action 'currentStatus'
04-06 14:27:09.343 28703 28738 D DetoxWSClient: Received action 'currentStatus' (ID #6, params={})
04-06 14:27:09.344 28703 28735 I DetoxDispatcher: Handling action 'currentStatus' (ID #6)...
04-06 14:27:09.353 28703 28735 I DetoxWSClient: Sending out action 'currentStatusResult' (ID #6)
04-06 14:27:09.353 28703 28735 I DetoxDispatcher: Done with action 'currentStatus'
04-06 14:27:19.374 28703 28738 D DetoxWSClient: Received action 'currentStatus' (ID #7, params={})
04-06 14:27:19.375 28703 28735 I DetoxDispatcher: Handling action 'currentStatus' (ID #7)...
04-06 14:27:19.383 28703 28735 I DetoxWSClient: Sending out action 'currentStatusResult' (ID #7)
04-06 14:27:19.384 28703 28735 I DetoxDispatcher: Done with action 'currentStatus'
04-06 14:27:29.403 28703 28738 D DetoxWSClient: Received action 'currentStatus' (ID #8, params={})
04-06 14:27:29.404 28703 28735 I DetoxDispatcher: Handling action 'currentStatus' (ID #8)...
04-06 14:27:29.413 28703 28735 I DetoxWSClient: Sending out action 'currentStatusResult' (ID #8)
04-06 14:27:29.414 28703 28735 I DetoxDispatcher: Done with action 'currentStatus'
04-06 14:27:39.435 28703 28738 D DetoxWSClient: Received action 'currentStatus' (ID #9, params={})
04-06 14:27:39.436 28703 28735 I DetoxDispatcher: Handling action 'currentStatus' (ID #9)...
04-06 14:27:39.444 28703 28735 I DetoxWSClient: Sending out action 'currentStatusResult' (ID #9)
04-06 14:27:39.445 28703 28735 I DetoxDispatcher: Done with action 'currentStatus'
04-06 14:27:49.469 28703 28738 D DetoxWSClient: Received action 'currentStatus' (ID #10, params={})
04-06 14:27:49.469 28703 28735 I DetoxDispatcher: Handling action 'currentStatus' (ID #10)...
04-06 14:27:49.478 28703 28735 I DetoxWSClient: Sending out action 'currentStatusResult' (ID #10)
04-06 14:27:49.479 28703 28735 I DetoxDispatcher: Done with action 'currentStatus'
04-06 14:27:59.491 28703 28738 D DetoxWSClient: Received action 'currentStatus' (ID #11, params={})
04-06 14:27:59.492 28703 28735 I DetoxDispatcher: Handling action 'currentStatus' (ID #11)...
04-06 14:27:59.501 28703 28735 I DetoxWSClient: Sending out action 'currentStatusResult' (ID #11)
04-06 14:27:59.502 28703 28735 I DetoxDispatcher: Done with action 'currentStatus'
04-06 14:28:09.520 28703 28738 D DetoxWSClient: Received action 'currentStatus' (ID #12, params={})
04-06 14:28:09.521 28703 28735 I DetoxDispatcher: Handling action 'currentStatus' (ID #12)...
04-06 14:28:09.529 28703 28735 I DetoxWSClient: Sending out action 'currentStatusResult' (ID #12)
04-06 14:28:09.530 28703 28735 I DetoxDispatcher: Done with action 'currentStatus'
04-06 14:28:19.549 28703 28738 D DetoxWSClient: Received action 'currentStatus' (ID #13, params={})
04-06 14:28:1