--------- beginning of main
04-06 02:36:30.022 24958 24958 W [RNScreens]: backTitleFontFamily prop is not available on Android
04-06 02:36:30.022 24958 24958 W [RNScreens]: disableBackButtonMenu prop is not available on Android
04-06 02:36:30.022 24958 24958 W [RNScreens]: backTitleVisible prop is not available on Android
04-06 02:36:30.022 24958 24958 W [RNScreens]: topInsetEnabled prop is not available on Android
04-06 02:36:30.022 24958 24958 W [RNScreens]: largeTitleHideShadow prop is not available on Android
04-06 02:36:30.022 24958 24958 W [RNScreens]: largeTitleFontWeight prop is not available on Android
04-06 02:36:30.022 24958 24958 W [RNScreens]: userInterfaceStyle prop is not available on Android
04-06 02:36:30.022 24958 24958 W [RNScreens]: largeTitleFontFamily prop is not available on Android
04-06 02:36:30.026 24958 25047 D TrafficStats: tagSocket(6) with statsTag=0xffffffff, statsUid=-1
04-06 02:36:30.596 24958 24990 I DetoxWSClient: Sending out action 'invokeResult' (ID #8)
04-06 02:36:30.596 24958 24990 I DetoxDispatcher: Done with action 'invoke'
04-06 02:36:30.604 24958 24994 D DetoxWSClient: Received action 'invoke' (ID #9, params={"target":{"type":"Class","value":"com.wix.detox.espresso.DetoxAssertion"},"method":"waitForAssertMatcher","args":[{"type":"Invocation","value":{"target":{"type":"Class","value":"androidx.test.espresso.Espresso"},"method":"onView","args":[{"type":"Invocation","value":{"target":{"type":"Class","value":"com.wix.detox.espresso.DetoxMatcher"},"method":"matcherForText","args":["Treinos",{"type":"boolean","value":false}]}}]}},{"type":"Invocation","value":{"target":{"type":"Class","value":"com.wix.detox.espresso.DetoxMatcher"},"method":"matcherForSufficientlyVisible","args":[{"type":"Integer","value":75}]}},{"type":"Double","value":20}]})
04-06 02:36:30.605 24958 24990 I DetoxDispatcher: Handling action 'invoke' (ID #9)...
04-06 02:36:30.606 24958 24990 D Detox   : class com.wix.detox.espresso.DetoxMatcher, matcherForText, [Treinos, false]
04-06 02:36:30.607 24958 24990 D Detox   : class androidx.test.espresso.Espresso, onView, [(an instance of android.widget.TextView and view.getText() with or without transformation to match: is "Treinos" and view has effective visibility <VISIBLE>)]
04-06 02:36:30.608 24958 24990 D Detox   : class com.wix.detox.espresso.DetoxMatcher, matcherForSufficientlyVisible, [75]
04-06 02:36:30.608 24958 24990 D Detox   : class com.wix.detox.espresso.DetoxAssertion, waitForAssertMatcher, [androidx.test.espresso.ViewInteraction@7e6bf90, (view has effective visibility <VISIBLE> and view.getGlobalVisibleRect() covers at least <75> percent of the view's area), 20.0]
04-06 02:36:30.614 24958 24958 I ViewInteraction: Checking 'MatchesViewAssertion(Detox){viewMatcher=(view has effective visibility <VISIBLE> and view.getGlobalVisibleRect() covers at least <75> percent of the view's area)}' assertion on view (an instance of android.widget.TextView and view.getText() with or without transformation to match: is "Treinos" and view has effective visibility <VISIBLE>)
04-06 02:36:30.618 24958 24990 I DetoxWSClient: Sending out action 'invokeResult' (ID #9)
04-06 02:36:30.618 24958 24990 I DetoxDispatcher: Done with action 'invoke'
04-06 02:36:30.721 24958 24994 D DetoxWSClient: Received action 'invoke' (ID #10, params={"target":{"type":"Class","value":"com.wix.detox.espresso.EspressoDetox"},"method":"perform","args":[{"type":"Invocation","value":{"target":{"type":"Class","value":"com.wix.detox.espresso.DetoxMatcher"},"method":"matcherForAtIndex","args":[{"type":"Integer","value":0},{"type":"Invocation","value":{"target":{"type":"Class","value":"com.wix.detox.espresso.DetoxMatcher"},"method":"matcherForText","args":["Treinos",{"type":"boolean","value":false}]}}]}},{"type":"Invocation","value":{"target":{"type":"Class","value":"com.wix.detox.espresso.DetoxViewActions"},"method":"click","args":[]}}]})
04-06 02:36:30.722 24958 24990 I DetoxDispatcher: Handling action 'invoke' (ID #10)...
04-06 02:36:30.722 24958 24990 D Detox   : class com.wix.detox.espresso.DetoxMatcher, matcherForText, [Treinos, false]
04-06 02:36:30.723 24958 24990 D Detox   : class com.wix.detox.espresso.DetoxMatcher, matcherForAtIndex, [0, (an instance of android.widget.TextView and view.getText() with or without transformation to match: is "Treinos" and view has effective visibility <VISIBLE>)]
04-06 02:36:30.724 24958 24990 D Detox   : class com.wix.detox.espresso.DetoxViewActions, click, []
04-06 02:36:30.724 24958 24990 D Detox   : class com.wix.detox.espresso.EspressoDetox, perform, [View at index #0, of those matching MATCHER(an instance of android.widget.TextView and view.getText() with or without transformation to match: is "Treinos" and view has effective visibility <VISIBLE>), com.wix.detox.espresso.action.RNClickAction@9dd488e]
04-06 02:36:30.731 24958 24958 I ViewInteraction: Performing 'com.wix.detox.espresso.action.detoxsingletap@b2758af click' action on view View at index #0, of those matching MATCHER(an instance of android.widget.TextView and view.getText() with or without transformation to match: is "Treinos" and view has effective visibility <VISIBLE>)
04-06 02:36:30.738 24958 24958 I ViewRootImpl@73623ee[MainActivity]: ViewPostIme pointer 0
04-06 02:36:30.767 24958 24958 I ViewRootImpl@73623ee[MainActivity]: ViewPostIme pointer 1
04-06 02:36:30.824 24958 25042 I ReactNativeJS: 'match:', 'local-cache'
04-06 02:36:30.824 24958 25042 I ReactNativeJS: 'recommendation:', 'push', '| confidence:', 'alta'
04-06 02:36:30.895 24958 24958 D ScrollView: initGoToTop
04-06 02:36:31.140 24958 24990 I DetoxWSClient: Sending out action 'invokeResult' (ID #10)
04-06 02:36:31.141 24958 24990 I DetoxDispatcher: Done with action 'invoke'
04-06 02:36:31.145 24958 24994 D DetoxWSClient: Received action 'invoke' (ID #11, params={"target":{"type":"Class","value":"com.wix.detox.espresso.DetoxAssertion"},"method":"waitForAssertMatcher","args":[{"type":"Invocation","value":{"target":{"type":"Class","value":"androidx.test.espresso.Espresso"},"method":"onView","args":[{"type":"Invocation","value":{"target":{"type":"Class","value":"com.wix.detox.espresso.DetoxMatcher"},"method":"matcherForText","args":["Iniciar treino recomendado",{"type":"boolean","value":false}]}}]}},{"type":"Invocation","value":{"target":{"type":"Class","value":"com.wix.detox.espresso.DetoxMatcher"},"method":"matcherForSufficientlyVisible","args":[{"type":"Integer","value":75}]}},{"type":"Double","value":10}]})
04-06 02:36:31.146 24958 24990 I DetoxDispatcher: Handling action 'invoke' (ID #11)...
04-06 02:36:31.147 24958 24990 D Detox   : class com.wix.detox.espresso.DetoxMatcher, matcherForText, [Iniciar treino recomendado, false]
04-06 02:36:31.147 24958 24990 D Detox   : class androidx.test.espresso.Espresso, onView, [(an instance of android.widget.TextView and view.getText() with or without transformation to match: is "Iniciar treino recomendado" and view has effective visibility <VISIBLE>)]
04-06 02:36:31.149 24958 24990 D Detox   : class com.wix.detox.espresso.DetoxMatcher, matcherForSufficientlyVisible, [75]
04-06 02:36:31.149 24958 24990 D Detox   : class com.wix.detox.espresso.DetoxAssertion, waitForAssertMatcher, [androidx.test.espresso.ViewInteraction@4cbb0ca, (view has effective visibility <VISIBLE> and view.getGlobalVisibleRect() covers at least <75> percent of the view's area), 10.0]
04-06 02:36:31.153 24958 24958 I ViewInteraction: Checking 'MatchesViewAssertion(Detox){viewMatcher=(view has effective visibility <VISIBLE> and view.getGlobalVisibleRect() covers at least <75> percent of the view's area)}' assertion on view (an instance of android.widget.TextView and view.getText() with or without transformation to match: is "Iniciar treino recomendado" and view has effective visibility <VISIBLE>)
04-06 02:36:31.158 24958 24990 I DetoxWSClient: Sending out action 'invokeResult' (ID #11)
04-06 02:36:31.158 24958 24990 I DetoxDispatcher: Done with action 'invoke'
04-06 02:36:31.163 24958 24994 D DetoxWSClient: Received action 'invoke' (ID #12, params={"target":{"type":"Class","value":"com.wix.detox.espresso.EspressoDetox"},"method":"perform","args":[{"type":"Invocation","value":{"target":{"type":"Class","value":"com.wix.detox.espresso.DetoxMatcher"},"method":"matcherForText","args":["Iniciar treino recomendado",{"type":"boolean","value":false}]}},{"type":"Invocation","value":{"target":{"type":"Class","value":"com.wix.detox.espresso.DetoxViewActions"},"method":"click","args":[]}}]})
04-06 02:36:31.164 24958 24990 I DetoxDispatcher: Handling action 'invoke' (ID #12)...
04-06 02:36:31.164 24958 24990 D Detox   : class com.wix.detox.espresso.DetoxMatcher, matcherForText, [Iniciar treino recomendado, false]
04-06 02:36:31.165 24958 24990 D Detox   : class com.wix.detox.espresso.DetoxViewActions, click, []
04-06 02:36:31.165 24958 24990 D Detox   : class com.wix.detox.espresso.EspressoDetox, perform, [(an instance of android.widget.TextView and view.getText() with or without transformation to match: is "Iniciar treino recomendado" and view has effective visibility <VISIBLE>), com.wix.detox.espresso.action.RNClickAction@7951d58]
04-06 02:36:31.170 24958 24958 I ViewInteraction: Performing 'com.wix.detox.espresso.action.detoxsingletap@37e7eb1 click' action on view (an instance of android.widget.TextView and view.getText() with or without transformation to match: is "Iniciar treino recomendado" and view has effective visibility <VISIBLE>)
04-06 02:36:31.177 24958 24958 I ViewRootImpl@73623ee[MainActivity]: ViewPostIme pointer 0
04-06 02:36:31.211 24958 24958 I ViewRootImpl@73623ee[MainActivity]: ViewPostIme pointer 1
04-06 02:36:31.329 24958 24958 W [RNScreens]: backTitleFontFamily prop is not available on Android
04-06 02:36:31.329 24958 24958 W [RNScreens]: disableBackButtonMenu prop is not available on Android
04-06 02:36:31.329 24958 24958 W [RNScreens]: backTitleVisible prop is not available on Android
04-06 02:36:31.329 24958 24958 W [RNScreens]: topInsetEnabled prop is not available on Android
04-06 02:36:31.329 24958 24958 W [RNScreens]: largeTitleHideShadow prop is not available on Android
04-06 02:36:31.329 24958 24958 W [RNScreens]: largeTitleFontWeight prop is not available on Android
04-06 02:36:31.329 24958 24958 W [RNScreens]: userInterfaceStyle prop is not available on Android
04-06 02:36:31.329 24958 24958 W [RNScreens]: largeTitleFontFamily prop is not available on Android
04-06 02:36:31.349 24958 25042 I ReactNativeJS: 'match:', 'local-cache'
04-06 02:36:31.349 24958 25042 I ReactNativeJS: 'recommendation:', 'push', '| confidence:', 'alta'
04-06 02:36:31.389 24958 25042 I ReactNativeJS: 'match:', 'local-cache'
04-06 02:36:31.389 24958 25042 I ReactNativeJS: 'recommendation:', 'push', '| confidence:', 'alta'
04-06 02:36:31.595 24958 24990 I DetoxWSClient: Sending out action 'invokeResult' (ID #12)
04-06 02:36:31.596 24958 24990 I DetoxDispatcher: Done with action 'invoke'
04-06 02:36:31.601 24958 24994 D DetoxWSClient: Received action 'invoke' (ID #13, params={"target":{"type":"Class","value":"com.wix.detox.espresso.DetoxAssertion"},"method":"waitForAssertMatcher","args":[{"type":"Invocation","value":{"target":{"type":"Class","value":"androidx.test.espresso.Espresso"},"method":"onView","args":[{"type":"Invocation","value":{"target":{"type":"Class","value":"com.wix.detox.espresso.DetoxMatcher"},"method":"matcherForText","args":["Treino de hoje",{"type":"boolean","value":false}]}}]}},{"type":"Invocation","value":{"target":{"type":"Class","value":"com.wix.detox.espresso.DetoxMatcher"},"method":"matcherForSufficientlyVisible","args":[{"type":"Integer","value":75}]}},{"type":"Double","value":10}]})
04-06 02:36:31.601 24958 24990 I DetoxDispatcher: Handling action 'invoke' (ID #13)...
04-06 02:36:31.602 24958 24990 D Detox   : class com.wix.detox.espresso.DetoxMatcher, matcherForText, [Treino de hoje, false]
04-06 02:36:31.603 24958 24990 D Detox   : class androidx.test.espresso.Espresso, onView, [(an instance of android.widget.TextView and view.getText() with or without transformation to match: is "Treino de hoje" and view has effective visibility <VISIBLE>)]
04-06 02:36:31.604 24958 24990 D Detox   : class com.wix.detox.espresso.DetoxMatcher, matcherForSufficientlyVisible, [75]
04-06 02:36:31.604 24958 24990 D Detox   : class com.wix.detox.espresso.DetoxAssertion, waitForAssertMatcher, [androidx.test.espresso.ViewInteraction@b3fe29c, (view has effective visibility <VISIBLE> and view.getGlobalVisibleRect() covers at least <75> percent of the view's area), 10.0]
04-06 02:36:31.625 24958 24958 I ViewInteraction: Checking 'MatchesViewAssertion(Detox){viewMatcher=(view has effective visibility <VISIBLE> and view.getGlobalVisibleRect() covers at least <75> percent of the view's area)}' assertion on view (an instance of android.widget.TextView and view.getText() with or without transformation to match: is "Treino de hoje" and view has effective visibility <VISIBLE>)
04-06 02:36:31.658 24958 24958 I ViewInteraction: Checking 'MatchesViewAssertion(Detox){viewMatcher=(view has effective visibility <VISIBLE> and view.getGlobalVisibleRect() covers at least <75> percent of the view's area)}' assertion on view (an instance of android.widget.TextView and view.getText() with or without transformation to match: is "Treino de hoje" and view has effective visibility <VISIBLE>)
04-06 02:36:31.692 24958 24958 I ViewInteraction: Checking 'MatchesViewAssertion(Detox){viewMatcher=(view has effective visibility <VISIBLE> and view.getGlobalVisibleRect() covers at least <75> percent of the view's area)}' assertion on view (an instance of android.widget.TextView and view.getText() with or without transformation to match: is "Treino de hoje" and view has effective visibility <VISIBLE>)
04-06 02:36:31.726 24958 24958 I ViewInteraction: Checking 'MatchesViewAssertion(Detox){viewMatcher=(view has effective visibility <VISIBLE> and view.getGlobalVisibleRect() covers at least <75> percent of the view's area)}' assertion on view (an instance of android.widget.TextView and view.getText() with or without transformation to match: is "Treino de hoje" and view has effective visibility <VISIBLE>)
04-06 02:36:31.758 24958 24958 I ViewInteraction: Checking 'MatchesViewAssertion(Detox){viewMatcher=(view has effective visibility <VISIBLE> and view.getGlobalVisibleRect() covers at least <75> percent of the view's area)}' assertion on view (an instance of android.widget.TextView and view.getText() with or without transformation to match: is "Treino de hoje" and view has effective visibility <VISIBLE>)
04-06 02:36:31.792 24958 24958 I ViewInteraction: Checking 'MatchesViewAssertion(Detox){viewMatcher=(view has effective visibility <VISIBLE> and view.getGlobalVisibleRect() covers at least <75> percent of the view's area)}' assertion on view (an instance of android.widget.TextView and view.getText() with or without transformation to match: is "Treino de hoje" and view has effective visibility <VISIBLE>)
04-06 02:36:31.826 24958 24958 I ViewInteraction: Checking 'MatchesViewAssertion(Detox){viewMatcher=(view has effective visibility <VISIBLE> and view.getGlobalVisibleRect() covers at least <75> percent of the view's area)}' assertion on view (an instance of android.widget.TextView and view.getText() with or without transformation to match: is "Treino de hoje" and view has effective visibility <VISIBLE>)
04-06 02:36:31.866 24958 24958 I ViewInteraction: Checking 'MatchesViewAssertion(Detox){viewMatcher=(view has effective visibility <VISIBLE> and view.getGlobalVisibleRect() covers at least <75> percent of the view's area)}' assertion on view (an instance of android.widget.TextView and view.getText() with or without transformation to match: is "Treino de hoje" and view has effective visibility <VISIBLE>)
04-06 02:36:31.906 24958 24958 I ViewInteraction: Checking 'MatchesViewAssertion(Detox){viewMatcher=(view has effective visibility <VISIBLE> and view.getGlobalVisibleRect() covers at least <75> percent of the view's area)}' assertion on view (an instance of android.widget.TextView and view.getText() with or without transformation to match: is "Treino de hoje" and view has effective visibility <VISIBLE>)
04-06 02:36:31.939 24958 24958 I ViewInteraction: Checking 'MatchesViewAssertion(Detox){viewMatcher=(view has effective visibility <VISIBLE> and view.getGlobalVisibleRect() covers at least <75> percent of the view's area)}' assertion on view (an instance of android.widget.TextView and view.getText() with or without transformation to match: is "Treino de hoje" and view has effective visibility <VISIBLE>)
04-06 02:36:31.971 24958 24958 I ViewInteraction: Checking 'MatchesViewAssertion(Detox){viewMatcher=(view has effective visibility <VISIBLE> and view.getGlobalVisibleRect() covers at least <75> percent of the view's area)}' assertion on view (an instance of android.widget.TextView and view.getText() with or without transformation to match: is "Treino de hoje" and view has effective visibility <VISIBLE>)
04-06 02:36:32.004 24958 24958 I ViewInteraction: Checking 'MatchesViewAssertion(Detox){viewMatcher=(view has effective visibility <VISIBLE> and view.getGlobalVisibleRect() covers at least <75> percent of the view's area)}' assertion on view (an instance of android.widget.TextView and view.getText() with or without transformation to match: is "Treino de hoje" and view has effective visibility <VISIBLE>)
04-06 02:36:32.051 24958 24958 I ViewInteraction: Checking 'MatchesViewAssertion(Detox){viewMatcher=(view has effective visibility <VISIBLE> and view.getGlobalVisibleRect() covers at least <75> percent of the view's area)}' assertion on view (an instance of android.widget.TextView and view.getText() with or without transformation to match: is "Treino de hoje" and view has effective visibility <VISIBLE>)
04-06 02:36:32.086 24958 24958 I ViewInteraction: Checking 'MatchesViewAssertion(Detox){viewMatcher=(view has effective visibility <VISIBLE> and view.getGlobalVisibleRect() covers at least <75> percent of the view's area)}' assertion on view (an instance of android.widget.TextView and view.getText() with or without transformation to match: is "Treino de hoje" and view has effective visibility <VISIBLE>)
04-06 02:36:32.122 24958 24958 I ViewInteraction: Checking 'MatchesViewAssertion(Detox){viewMatcher=(view has effective visibility <VISIBLE> and view.getGlobalVisibleRect() covers at least <75> percent of the view's area)}' assertion on view (an instance of android.widget.TextView and view.getText() with or without transformation to match: is "Treino de hoje" and view has effective visibility <VISIBLE>)
04-06 02:36:32.154 24958 24958 I ViewInteraction: Checking 'MatchesViewAssertion(Detox){viewMatcher=(view has effective visibility <VISIBLE> and view.getGlobalVisibleRect() covers at least <75> percent of the view's area)}' assertion on view (an instance of android.widget.TextView and view.getText() with or without transformation to match: is "Treino de hoje" and view has effective visibility <VISIBLE>)
04-06 02:36:32.186 24958 24958 I ViewInteraction: Checking 'MatchesViewAssertion(Detox){viewMatcher=(view has effective visibility <VISIBLE> and view.getGlobalVisibleRect() covers at least <75> percent of the view's area)}' assertion on view (an instance of android.widget.TextView and view.getText() with or without transformation to match: is "Treino de hoje" and view has effective visibility <VISIBLE>)
04-06 02:36:32.231 24958 24958 I ViewInteraction: Checking 'MatchesViewAssertion(Detox){viewMatcher=(view has effective visibility <VISIBLE> and view.getGlobalVisibleRect() covers at least <75> percent of the view's area)}' assertion on view (an instance of android.widget.TextView and view.getText() with or without transformation to match: is "Treino de hoje" and view has effective visibility <VISIBLE>)
04-06 02:36:32.268 24958 24958 I ViewInteraction: Checking 'MatchesViewAssertion(Detox){viewMatcher=(view has effective visibility <VISIBLE> and view.getGlobalVisibleRect() covers at least <75> percent of the view's area)}' assertion on view (an instance of android.widget.TextView and view.getText() with or without transformation to match: is "Treino de hoje" and view has effective visibility <VISIBLE>)
04-06 02:36:32.304 24958 24958 I ViewInteraction: Checking 'MatchesViewAssertion(Detox){viewMatcher=(view has effective visibility <VISIBLE> and view.getGlobalVisibleRect() covers at least <75> percent of the view's area)}' assertion on view (an instance of android.widget.TextView and view.getText() with or without transformation to match: is "Treino de hoje" and view has effective visibility <VISIBLE>)
04-06 02:36:32.334 24958 24958 I ViewInteraction: Checking 'MatchesViewAssertion(Detox){viewMatcher=(view has effective visibility <VISIBLE> and view.getGlobalVisibleRect() covers at least <75> percent of the view's area)}' assertion on view (an instance of android.widget.TextView and view.getText() with or without transformation to match: is "Treino de hoje" and view has effective visibility <VISIBLE>)
04-06 02:36:32.368 24958 24958 I ViewInteraction: Checking 'MatchesViewAssertion(Detox){viewMatcher=(view has effective visibility <VISIBLE> and view.getGlobalVisibleRect() covers at least <75> percent of the view's area)}' assertion on view (an instance of android.widget.TextView and view.getText() with or without transformation to match: is "Treino de hoje" and view has effective visibility <VISIBLE>)
04-06 02:36:32.401 24958 24958 I ViewInteraction: Checking 'MatchesViewAssertion(Detox){viewMatcher=(view has effective visibility <VISIBLE> and view.getGlobalVisibleRect() covers at least <75> percent of the view's area)}' assertion on view (an instance of android.widget.TextView and view.getText() with or without transformation to match: is "Treino de hoje" and view has effective visibility <VISIBLE>)
04-06 02:36:32.577 24958 24958 W om.evolucao.app: Accessing hidden field Landroid/widget/HorizontalScrollView;->mScroller:Landroid/widget/OverScroller; (unsupported, reflection, allowed)
04-06 02:36:32.596 24958 24958 D ScrollView: initGoToTop
04-06 02:36:33.386 24958 24958 I ViewInteraction: Checking 'MatchesViewAssertion(Detox){viewMatcher=(view has effective visibility <VISIBLE> and view.getGlobalVisibleRect() covers at least <75> percent of the view's area)}' assertion on view (an instance of android.widget.TextView and view.getText() with or without transformation to match: is "Treino de hoje" and view has effective visibility <VISIBLE>)
04-06 02:36:33.390 24958 24990 I DetoxWSClient: Sending out action 'invokeResult' (ID #13)
04-06 02:36:33.390 24958 24990 I DetoxDispatcher: Done with action 'invoke'
04-06 02:36:33.400 24958 24994 D DetoxWSClient: Received action 'invoke' (ID #14, params={"target":{"type":"Class","value":"com.wix.detox.espresso.DetoxAssertion"},"method":"waitForAssertMatcher","args":[{"type":"Invocation","value":{"target":{"type":"Class","value":"androidx.test.espresso.Espresso"},"method":"onView","args":[{"type":"Invocation","value":{"target":{"type":"Class","value":"com.wix.detox.espresso.DetoxMatcher"},"method":"matcherForTestId","args":["input-peso",{"type":"boolean","value":false}]}}]}},{"type":"Invocation","value":{"target":{"type":"Class","value":"com.wix.detox.espresso.DetoxMatcher"},"method":"matcherForSufficientlyVisible","args":[{"type":"Integer","value":75}]}},{"type":"Double","value":10}]})
04-06 02:36:33.400 24958 24990 I DetoxDispatcher: Handling action 'invoke' (ID #14)...
04-06 02:36:33.401 24958 24990 D Detox   : class com.wix.detox.espresso.DetoxMatcher, matcherForTestId, [input-peso, false]
04-06 02:36:33.402 24958 24990 D Detox   : class androidx.test.espresso.Espresso, onView, [(view.getTag() is "input-peso" and view has effective visibility <VISIBLE>)]
04-06 02:36:33.404 24958 24990 D Detox   : class com.wix.detox.espresso.DetoxMatcher, matcherForSufficientlyVisible, [75]
04-06 02:36:33.405 24958 24990 D Detox   : class com.wix.detox.espresso.DetoxAssertion, waitForAssertMatcher, [androidx.test.espresso.ViewInteraction@918e268, (view has effective visibility <VISIBLE> and view.getGlobalVisibleRect() covers at least <75> percent of the view's area), 10.0]
04-06 02:36:33.410 24958 24958 I ViewInteraction: Checking 'MatchesViewAssertion(Detox){viewMatcher=(view has effective visibility <VISIBLE> and view.getGlobalVisibleRect() covers at least <75> percent of the view's area)}' assertion on view (view.getTag() is "input-peso" and view has effective visibility <VISIBLE>)
04-06 02:36:33.435 24958 24990 I DetoxWSClient: Sending out action 'invokeResult' (ID #14)
04-06 02:36:33.435 24958 24990 I DetoxDispatcher: Done with action 'invoke'
04-06 02:36:33.439 24958 24994 D DetoxWSClient: Received action 'invoke' (ID #15, params={"target":{"type":"Class","value":"com.wix.detox.espresso.EspressoDetox"},"method":"perform","args":[{"type":"Invocation","value":{"target":{"type":"Class","value":"com.wix.detox.espresso.DetoxMatcher"},"method":"matcherForTestId","args":["input-peso",{"type":"boolean","value":false}]}},{"type":"Invocation","value":{"target":{"type":"Class","value":"com.wix.detox.espresso.DetoxViewActions"},"method":"click","args":[]}}]})
04-06 02:36:33.439 24958 24990 I DetoxDispatcher: Handling action 'invoke' (ID #15)...
04-06 02:36:33.439 24958 24990 D Detox   : class com.wix.detox.espresso.DetoxMatcher, matcherForTestId, [input-peso, false]
04-06 02:36:33.439 24958 24990 D Detox   : class com.wix.detox.espresso.DetoxViewActions, click, []
04-06 02:36:33.440 24958 24990 D Detox   : class com.wix.detox.espresso.EspressoDetox, perform, [(view.getTag() is "input-peso" and view has effective visibility <VISIBLE>), com.wix.detox.espresso.action.RNClickAction@3defbb9]
04-06 02:36:33.442 24958 24958 I ViewInteraction: Performing 'com.wix.detox.espresso.action.detoxsingletap@b9bbfe click' action on view (view.getTag() is "input-peso" and view has effective visibility <VISIBLE>)
04-06 02:36:33.460 24958 24958 I ViewRootImpl@73623ee[MainActivity]: ViewPostIme pointer 0
04-06 02:36:33.487 24958 24958 I ViewRootImpl@73623ee[MainActivity]: ViewPostIme pointer 1
04-06 02:36:33.514 24958 24958 D InputMethodManager: startInputInner - Id : 0
04-06 02:36:33.514 24958 24958 I InputMethodManager: startInputInner - mService.startInputOrWindowGainedFocus
04-06 02:36:33.518 24958 24958 D CompatibilityChangeReporter: Compat change id reported: 163400105; UID 10429; state: ENABLED
04-06 02:36:33.518 24958 24958 I IMM_LC  : showSoftInput(View,I)
04-06 02:36:33.518 24958 24958 I IMM_LC  : ssi() - flag : 0 view : com.evolucao.app reason = SHOW_SOFT_INPUT
04-06 02:36:33.538 24958 25008 D NativeCustomFrequencyManager: [NativeCFMS] BpCustomFrequencyManager::BpCustomFrequencyManager()
04-06 02:36:33.542 24958 24958 D InsetsController: onStateChanged: InsetsState: {mDisplayFrame=Rect(0, 0 - 1080, 2400), mDisplayCutout=DisplayCutout{insets=Rect(0, 88 - 0, 0) waterfall=Insets{left=0, top=0, right=0, bottom=0} boundingRect={Bounds=[Rect(0, 0 - 0, 0), Rect(512, 0 - 568, 88), Rect(0, 0 - 0, 0), Rect(0, 0 - 0, 0)]} cutoutPathParserInfo={CutoutPathParserInfo{displayWidth=1080 displayHeight=2400 physicalDisplayWidth=1080 physicalDisplayHeight=2400 density={3.0} cutoutSpec={M 0,0 M 0,10.71963616907435 a 9.280363830925644,9.280363830925644 0 1,0 0,18.56072766185129 a 9.280363830925644,9.280363830925644 0 1,0 0,-18.56072766185129 Z @dp} rotation={0} scale={1.0} physicalPixelDisplaySizeRatio={1.0}}}}, mRoundedCorners=RoundedCorners{[RoundedCorner{position=TopLeft, radius=96, center=Point(96, 96)}, RoundedCorner{position=TopRight, radius=96, center=Point(984, 96)}, RoundedCorner{position=BottomRight, radius=96, center=Point(984, 2304)}, RoundedCorner{position=BottomLeft, radius=96, center=Point(96, 2304)}]}  mRoundedCornerFrame=Rect(0, 0 - 1080, 2400), mPrivacyIndicatorBounds=PrivacyIndicatorBounds {static bounds=Rect(948, 0 - 1080, 88) rotation=0}, mSources= { InsetsSource: {mType=ITYPE_STATUS_BAR, mFrame=[0,0][1080,88], mVisible=true, mInsetsRoundedCornerFrame=false}, InsetsSource: {mType=ITYPE_NAVIGATION_BAR, mFrame=[0,2256][1080,2400], mVisible=true, mInsetsRoundedCornerFrame=false}, InsetsSource: {mType=ITYPE_LEFT_GESTURES, mFrame=[0,0][0,2400], mVisible=true, mInsetsRoundedCornerFrame=false}, InsetsSource: {mType=ITYPE_RIGHT_GESTURES, mFrame=[1080,0][1080,2400], mVisible=true, mInsetsRoundedCornerFrame=false}, InsetsSource: {mType=ITYPE_TOP_MANDATORY_GESTURES, mFrame=[0,0][1080,124], mVisible=true, mInsetsRoundedCornerFrame=false}, InsetsSource: {mType=ITYPE_BOTTOM_MANDATORY_GESTURES, mFrame=[0,2256][1080,2400], mVisible=true, mInsetsRoundedCornerFrame=false}, InsetsSource: {mType=ITYPE_LEFT_DISPLAY_CUTOUT, mFrame=[0,0][-100000,2400], mVisible=true, mInsetsRoundedCornerFrame=false}, InsetsSource: {mType=ITYPE_TOP_DISPLAY_CUTOUT, mFrame=[0,0][1080,88], mVisible=true, mInsetsRoundedCornerFrame=false}, InsetsSource: {mType=ITYPE_RIGHT_DISPLAY_CUTOUT, mFrame=[100000,0][1080,2400], mVisible=true, mInsetsRoundedCornerFrame=false}, InsetsSource: {mType=ITYPE_BOTTOM_DISPLAY_CUTOUT, mFrame=[0,100000][1080,2400], mVisible=true, mInsetsRoundedCornerFrame=false}, InsetsSource: {mType=ITYPE_TOP_TAPPABLE_ELEMENT, mFrame=[0,0][1080,88], mVisible=true, mInsetsRoundedCornerFrame=false}, InsetsSource: {mType=ITYPE_BOTTOM_TAPPABLE_ELEMENT, mFrame=[0,2256][1080,2400], mVisible=true, mInsetsRoundedCornerFrame=false} } host=PopupWindow:3594529 from=android.view.ViewRootImpl.setView:1732
04-06 02:36:33.544 24958 24958 I ViewRootImpl@6cb20ae[PopupWindow:3594529]: setView = android.widget.PopupWindow$PopupDecorView@72c99ba TM=false
04-06 02:36:33.548 24958 25008 D NativeCustomFrequencyManager: [NativeCFMS] BpCustomFrequencyManager::BpCustomFrequencyManager()
04-06 02:36:33.551 24958 24958 D InsetsController: onStateChanged: InsetsState: {mDisplayFrame=Rect(0, 0 - 1080, 2400), mDisplayCutout=DisplayCutout{insets=Rect(0, 88 - 0, 0) waterfall=Insets{left=0, top=0, right=0, bottom=0} boundingRect={Bounds=[Rect(0, 0 - 0, 0), Rect(512, 0 - 568, 88), Rect(0, 0 - 0, 0), Rect(0, 0 - 0, 0)]} cutoutPathParserInfo={CutoutPathParserInfo{displayWidth=1080 displayHeight=2400 physicalDisplayWidth=1080 physicalDisplayHeight=2400 density={3.0} cutoutSpec={M 0,0 M 0,10.71963616907435 a 9.280363830925644,9.280363830925644 0 1,0 0,18.56072766185129 a 9.280363830925644,9.280363830925644 0 1,0 0,-18.56072766185129 Z @dp} rotation={0} scale={1.0} physicalPixelDisplaySizeRatio={1.0}}}}, mRoundedCorners=RoundedCorners{[RoundedCorner{position=TopLeft, radius=96, center=Point(96, 96)}, RoundedCorner{position=TopRight, radius=96, center=Point(984, 96)}, RoundedCorner{position=BottomRight, radius=96, center=Point(984, 2304)}, RoundedCorner{position=BottomLeft, radius=96, center=Point(96, 2304)}]}  mRoundedCornerFrame=Rect(0, 0 - 1080, 2400), mPrivacyIndicatorBounds=PrivacyIndicatorBounds {static bounds=Rect(948, 0 - 1080, 88) rotation=0}, mSources= { InsetsSource: {mType=ITYPE_STATUS_BAR, mFrame=[0,0][1080,88], mVisible=true, mInsetsRoundedCornerFrame=false}, InsetsSource: {mType=ITYPE_NAVIGATION_BAR, mFrame=[0,2256][1080,2400], mVisible=true, mInsetsRoundedCornerFrame=false}, InsetsSource: {mType=ITYPE_LEFT_GESTURES, mFrame=[0,0][0,2400], mVisible=true, mInsetsRoundedCornerFrame=false}, InsetsSource: {mType=ITYPE_RIGHT_GESTURES, mFrame=[1080,0][1080,2400], mVisible=true, mInsetsRoundedCornerFrame=false}, InsetsSource: {mType=ITYPE_TOP_MANDATORY_GESTURES, mFrame=[0,0][1080,124], mVisible=true, mInsetsRoundedCornerFrame=false}, InsetsSource: {mType=ITYPE_BOTTOM_MANDATORY_GESTURES, mFrame=[0,2256][1080,2400], mVisible=true, mInsetsRoundedCornerFrame=false}, InsetsSource: {mType=ITYPE_LEFT_DISPLAY_CUTOUT, mFrame=[0,0][-100000,2400], mVisible=true, mInsetsRoundedCornerFrame=false}, InsetsSource: {mType=ITYPE_TOP_DISPLAY_CUTOUT, mFrame=[0,0][1080,88], mVisible=true, mInsetsRoundedCornerFrame=false}, InsetsSource: {mType=ITYPE_RIGHT_DISPLAY_CUTOUT, mFrame=[100000,0][1080,2400], mVisible=true, mInsetsRoundedCornerFrame=false}, InsetsSource: {mType=ITYPE_BOTTOM_DISPLAY_CUTOUT, mFrame=[0,100000][1080,2400], mVisible=true, mInsetsRoundedCornerFrame=false}, InsetsSource: {mType=ITYPE_TOP_TAPPABLE_ELEMENT, mFrame=[0,0][1080,88], mVisible=true, mInsetsRoundedCornerFrame=false}, InsetsSource: {mType=ITYPE_BOTTOM_TAPPABLE_ELEMENT, mFrame=[0,2256][1080,2400], mVisible=true, mInsetsRoundedCornerFrame=false} } host=PopupWindow:55507c8 from=android.view.ViewRootImpl.setView:1732
04-06 02:36:33.552 24958 24958 I ViewRootImpl@a437061[PopupWindow:55507c8]: setView = android.widget.PopupWindow$PopupDecorView@9e5b19d TM=false
04-06 02:36:33.560 24958 24958 I IMM_LC  : showSoftInput(View,I)
04-06 02:36:33.560 24958 24958 I IMM_LC  : ssi() - flag : 0 view : com.evolucao.app reason = SHOW_SOFT_INPUT
04-06 02:36:33.563 24958 24958 I ViewRootImpl@6cb20ae[PopupWindow:3594529]: performTraversals params={(231,1797)(90x108) gr=TOP START CENTER sim={state=unchanged adjust=pan} ty=APPLICATION_SUB_PANEL fmt=TRANSLUCENT wanim=0x1030313 surfaceInsets=Rect(0, 0 - 0, 0) (manual)
04-06 02:36:33.563 24958 24958 I ViewRootImpl@6cb20ae[PopupWindow:3594529]:   fl=41800208
04-06 02:36:33.563 24958 24958 I ViewRootImpl@6cb20ae[PopupWindow:3594529]:   pfl=2018000
04-06 02:36:33.563 24958 24958 I ViewRootImpl@6cb20ae[PopupWindow:3594529]:   bhv=DEFAULT
04-06 02:36:33.563 24958 24958 I ViewRootImpl@6cb20ae[PopupWindow:3594529]:   fitTypes=STATUS_BARS NAVIGATION_BARS CAPTION_BAR naviIconColor=0
04-06 02:36:33.563 24958 24958 I ViewRootImpl@6cb20ae[PopupWindow:3594529]:   sfl=20000}
04-06 02:36:33.564 24958 24958 I ViewRootImpl@6cb20ae[PopupWindow:3594529]: performTraversals mFirst=true windowShouldResize=true viewVisibilityChanged=false mForceNextWindowRelayout=false params={(231,1797)(90x108) gr=TOP START CENTER sim={state=unchanged adjust=pan} ty=APPLICATION_SUB_PANEL fmt=TRANSLUCENT wanim=0x1030313 surfaceInsets=Rect(0, 0 - 0, 0) (manual)
04-06 02:36:33.564 24958 24958 I ViewRootImpl@6cb20ae[PopupWindow:3594529]:   fl=41800208
04-06 02:36:33.564 24958 24958 I ViewRootImpl@6cb20ae[PopupWindow:3594529]:   pfl=42018000
04-06 02:36:33.564 24958 24958 I ViewRootImpl@6cb20ae[PopupWindow:3594529]:   bhv=DEFAULT
04-06 02:36:33.564 24958 24958 I ViewRootImpl@6cb20ae[PopupWindow:3594529]:   fitTypes=STATUS_BARS NAVIGATION_BARS CAPTION_BAR naviIconColor=0
04-06 02:36:33.564 24958 24958 I ViewRootImpl@6cb20ae[PopupWindow:3594529]:   sfl=20000}
04-06 02:36:33.570 24958 24972 I ViewRootImpl@6cb20ae[PopupWindow:3594529]: Resizing android.view.ViewRootImpl@4b0506b: frame = [231,1797][321,1905] reportDraw = true forceLayout = false syncSeqId = 0
04-06 02:36:33.571 24958 24958 I ViewRootImpl@6cb20ae[PopupWindow:3594529]: updateBlastSurfaceIfNeeded mBlastBufferQueue=null isSameSurfaceControl=false
04-06 02:36:33.574 24958 24958 I BLASTBufferQueue: new BLASTBufferQueue, mName= ViewRootImpl@6cb20ae[PopupWindow:3594529] mNativeObject= 0xb4000070a096d880 sc.mNativeObject= 0xb400007044113100 caller= android.view.ViewRootImpl.updateBlastSurfaceIfNeeded:2909 android.view.ViewRootImpl.relayoutWindow:9847 android.view.ViewRootImpl.performTraversals:3884 android.view.ViewRootImpl.doTraversal:3116 android.view.ViewRootImpl$TraversalRunnable.run:10885 android.view.Choreographer$CallbackRecord.run:1301 android.view.Choreographer$CallbackRecord.run:1309 android.view.Choreographer.doCallbacks:923 android.view.Choreographer.doFrame:852 android.view.Choreographer$FrameDisplayEventReceiver.run:1283 
04-06 02:36:33.574 24958 24958 I BLASTBufferQueue: update, w= 90 h= 108 mName = ViewRootImpl@6cb20ae[PopupWindow:3594529] mNativeObject= 0xb4000070a096d880 sc.mNativeObject= 0xb400007044113100 format= -3 caller= android.graphics.BLASTBufferQueue.<init>:84 android.view.ViewRootImpl.updateBlastSurfaceIfNeeded:2909 android.view.ViewRootImpl.relayoutWindow:9847 android.view.ViewRootImpl.performTraversals:3884 android.view.ViewRootImpl.doTraversal:3116 android.view.ViewRootImpl$TraversalRunnable.run:10885 
04-06 02:36:33.574 24958 24958 I ViewRootImpl@6cb20ae[PopupWindow:3594529]: Relayout returned: old=(231,1797,321,1905) new=(231,1797,321,1905) req=(90,108)0 dur=7 res=0x3 s={true 0xb4000070441ea800} ch=true seqId=0
04-06 02:36:33.575 24958 24958 I ViewRootImpl@6cb20ae[PopupWindow:3594529]: mThreadedRenderer.initialize() mSurface={isValid=true 0xb4000070441ea800} hwInitialized=true
04-06 02:36:33.575 24958 25008 D OpenGLRenderer: eglCreateWindowSurface
04-06 02:36:33.576 24958 24958 I ViewRootImpl@6cb20ae[PopupWindow:3594529]: reportNextDraw android.view.ViewRootImpl.performTraversals:4438 android.view.ViewRootImpl.doTraversal:3116 android.view.ViewRootImpl$TraversalRunnable.run:10885 android.view.Choreographer$CallbackRecord.run:1301 android.view.Choreographer$CallbackRecord.run:1309 
04-06 02:36:33.576 24958 24958 I ViewRootImpl@6cb20ae[PopupWindow:3594529]: Setup new sync id=0
04-06 02:36:33.576 24958 24958 I ViewRootImpl@6cb20ae[PopupWindow:3594529]: Setting syncFrameCallback
04-06 02:36:33.576 24958 24958 I ViewRootImpl@6cb20ae[PopupWindow:3594529]: registerCallbacksForSync syncBuffer=false
04-06 02:36:33.578 24958 25028 I ViewRootImpl@6cb20ae[PopupWindow:3594529]: Received frameDrawingCallback syncResult=0 frameNum=1.
04-06 02:36:33.578 24958 25028 I ViewRootImpl@6cb20ae[PopupWindow:3594529]: Setting up sync and frameCommitCallback
04-06 02:36:33.585 24958 25008 I BLASTBufferQueue: [ViewRootImpl@6cb20ae[PopupWindow:3594529]#2](f:0,a:0) onFrameAvailable the first frame is available
04-06 02:36:33.586 24958 25008 I ViewRootImpl@6cb20ae[PopupWindow:3594529]: Received frameCommittedCallback lastAttemptedDrawFrameNum=1 didProduceBuffer=true
04-06 02:36:33.586 24958 25008 D OpenGLRenderer: CFMS:: SetUp Pid : 24958    Tid : 25008
04-06 02:36:33.587 24958 25008 W Parcel  : Expecting binder but got null!
04-06 02:36:33.588 24958 24958 I ViewRootImpl@6cb20ae[PopupWindow:3594529]: onSyncComplete
04-06 02:36:33.588 24958 24958 I ViewRootImpl@6cb20ae[PopupWindow:3594529]: setupSync seqId=0 mSyncId=0 fn=1 caller=android.view.ViewRootImpl$$ExternalSyntheticLambda11.accept:6 android.window.SurfaceSyncer.lambda$setupSync$1$android-window-SurfaceSyncer:128 android.window.SurfaceSyncer$$ExternalSyntheticLambda1.accept:8 android.window.SurfaceSyncer$SyncSet.checkIfSyncIsComplete:382 android.window.SurfaceSyncer$SyncSet.markSyncReady:359 android.window.SurfaceSyncer.markSyncReady:151 android.view.ViewRootImpl.performTraversals:4503 
04-06 02:36:33.590 24958 24958 I ViewRootImpl@a437061[PopupWindow:55507c8]: performTraversals params={(231,1703)(90x94) gr=TOP START CENTER sim={state=unchanged adjust=pan} ty=APPLICATION_SUB_PANEL fmt=TRANSLUCENT wanim=0x1030313 surfaceInsets=Rect(0, 0 - 0, 0) (manual)
04-06 02:36:33.590 24958 24958 I ViewRootImpl@a437061[PopupWindow:55507c8]:   fl=41800218
04-06 02:36:33.590 24958 24958 I ViewRootImpl@a437061[PopupWindow:55507c8]:   pfl=2018000
04-06 02:36:33.590 24958 24958 I ViewRootImpl@a437061[PopupWindow:55507c8]:   bhv=DEFAULT
04-06 02:36:33.590 24958 24958 I ViewRootImpl@a437061[PopupWindow:55507c8]:   fitTypes=STATUS_BARS NAVIGATION_BARS CAPTION_BAR naviIconColor=0
04-06 02:36:33.590 24958 24958 I ViewRootImpl@a437061[PopupWindow:55507c8]:   sfl=20000}
04-06 02:36:33.590 24958 24958 I ViewRootImpl@a437061[PopupWindow:55507c8]: performTraversals mFirst=true windowShouldResize=true viewVisibilityChanged=false mForceNextWindowRelayout=false params={(231,1703)(90x94) gr=TOP START CENTER sim={state=unchanged adjust=pan} ty=APPLICATION_SUB_PANEL fmt=TRANSLUCENT wanim=0x1030313 surfaceInsets=Rect(0, 0 - 0, 0) (manual)
04-06 02:36:33.590 24958 24958 I ViewRootImpl@a437061[PopupWindow:55507c8]:   fl=41800218
04-06 02:36:33.590 24958 24958 I ViewRootImpl@a437061[PopupWindow:55507c8]:   pfl=42018000
04-06 02:36:33.590 24958 24958 I ViewRootImpl@a437061[PopupWindow:55507c8]:   bhv=DEFAULT
04-06 02:36:33.590 24958 24958 I ViewRootImpl@a437061[PopupWindow:55507c8]:   fitTypes=STATUS_BARS NAVIGATION_BARS CAPTION_BAR naviIconColor=0
04-06 02:36:33.590 24958 24958 I ViewRootImpl@a437061[PopupWindow:55507c8]:   sfl=20000}
04-06 02:36:33.594 24958 25038 I ViewRootImpl@a437061[PopupWindow:55507c8]: Resizing android.view.ViewRootImpl@f58a612: frame = [231,1703][321,1797] reportDraw = true forceLayout = false syncSeqId = 0
04-06 02:36:33.595 24958 24958 I ViewRootImpl@a437061[PopupWindow:55507c8]: updateBlastSurfaceIfNeeded mBlastBufferQueue=null isSameSurfaceControl=false
04-06 02:36:33.596 24958 24958 I BLASTBufferQueue: new BLASTBufferQueue, mName= ViewRootImpl@a437061[PopupWindow:55507c8] mNativeObject= 0xb4000070a096dc00 sc.mNativeObject= 0xb4000070a0cf60c0 caller= android.view.ViewRootImpl.updateBlastSurfaceIfNeeded:2909 android.view.ViewRootImpl.relayoutWindow:9847 android.view.ViewRootImpl.performTraversals:3884 android.view.ViewRootImpl.doTraversal:3116 android.view.ViewRootImpl$TraversalRunnable.run:10885 android.view.Choreographer$CallbackRecord.run:1301 android.view.Choreographer$CallbackRecord.run:1309 android.view.Choreographer.doCallbacks:923 android.view.Choreographer.doFrame:852 android.view.Choreographer$FrameDisplayEventReceiver.run:1283 
04-06 02:36:33.596 24958 24958 I BLASTBufferQueue: update, w= 90 h= 94 mName = ViewRootImpl@a437061[PopupWindow:55507c8] mNativeObject= 0xb4000070a096dc00 sc.mNativeObject= 0xb4000070a0cf60c0 format= -3 caller= android.graphics.BLASTBufferQueue.<init>:84 android.view.ViewRootImpl.updateBlastSurfaceIfNeeded:2909 android.view.ViewRootImpl.relayoutWindow:9847 android.view.ViewRootImpl.performTraversals:3884 android.view.ViewRootImpl.doTraversal:3116 android.view.ViewRootImpl$TraversalRunnable.run:10885 
04-06 02:36:33.597 24958 24958 I ViewRootImpl@a437061[PopupWindow:55507c8]: Relayout returned: old=(231,1703,321,1797) new=(231,1703,321,1797) req=(90,94)0 dur=5 res=0x3 s={true 0xb400007021b58000} ch=true seqId=0
04-06 02:36:33.597 24958 24958 I ViewRootImpl@a437061[PopupWindow:55507c8]: mThreadedRenderer.initialize() mSurface={isValid=true 0xb400007021b58000} hwInitialized=true
04-06 02:36:33.598 24958 25008 D OpenGLRenderer: eglCreateWindowSurface
04-06 02:36:33.598 24958 24958 I ViewRootImpl@a437061[PopupWindow:55507c8]: reportNextDraw android.view.ViewRootImpl.performTraversals:4438 android.view.ViewRootImpl.doTraversal:3116 android.view.ViewRootImpl$TraversalRunnable.run:10885 android.view.Choreographer$CallbackRecord.run:1301 android.view.Choreographer$CallbackRecord.run:1309 
04-06 02:36:33.598 24958 24958 I ViewRootImpl@a437061[PopupWindow:55507c8]: Setup new sync id=0
04-06 02:36:33.598 24958 24958 I ViewRootImpl@a437061[PopupWindow:55507c8]: Setting syncFrameCallback
04-06 02:36:33.598 24958 24958 I ViewRootImpl@a437061[PopupWindow:55507c8]: registerCallbacksForSync syncBuffer=false
04-06 02:36:33.599 24958 25029 I ViewRootImpl@a437061[PopupWindow:55507c8]: Received frameDrawingCallback syncResult=0 frameNum=1.
04-06 02:36:33.599 24958 25029 I ViewRootImpl@a437061[PopupWindow:55507c8]: Setting up sync and frameCommitCallback
04-06 02:36:33.599 24958 25008 I BLASTBufferQueue: [ViewRootImpl@a437061[PopupWindow:55507c8]#3](f:0,a:0) onFrameAvailable the first frame is available
04-06 02:36:33.600 24958 25008 I ViewRootImpl@a437061[PopupWindow:55507c8]: Received frameCommittedCallback lastAttemptedDrawFrameNum=1 didProduceBuffer=true
04-06 02:36:33.600 24958 25008 D OpenGLRenderer: CFMS:: SetUp Pid : 24958    Tid : 25008
04-06 02:36:33.600 24958 25008 W Parcel  : Expecting binder but got null!
04-06 02:36:33.600 24958 24958 I ViewRootImpl@a437061[PopupWindow:55507c8]: onSyncComplete
04-06 02:36:33.601 24958 24958 I ViewRootImpl@a437061[PopupWindow:55507c8]: setupSync seqId=0 mSyncId=0 fn=1 caller=android.view.ViewRootImpl$$ExternalSyntheticLambda11.accept:6 android.window.SurfaceSyncer.lambda$setupSync$1$android-window-SurfaceSyncer:128 android.window.SurfaceSyncer$$ExternalSyntheticLambda1.accept:8 android.window.SurfaceSyncer$SyncSet.checkIfSyncIsComplete:382 android.window.SurfaceSyncer$SyncSet.markSyncReady:359 android.window.SurfaceSyncer.markSyncReady:151 android.view.ViewRootImpl.performTraversals:4503 
04-06 02:36:33.601 24958 24958 I ViewRootImpl@a437061[PopupWindow:55507c8]: reportDrawFinished seqId=0 mSyncId=-1 fn=1 mSurfaceChangedTransaction=0xb4000070d413ca00
04-06 02:36:33.601 24958 24958 I ViewRootImpl@6cb20ae[PopupWindow:3594529]: reportDrawFinished seqId=0 mSyncId=-1 fn=1 mSurfaceChangedTransaction=0xb4000070c2d46400
04-06 02:36:33.604 24958 24958 I ViewRootImpl@6cb20ae[PopupWindow:3594529]: handleResized, msg = 5 frames=ClientWindowFrames{frame=[231,1797][321,1905] display=[-100000,-100000][100000,100000] parentFrame=[0,0][0,0] parentClippedByDisplayCutout=false} forceNextWindowRelayout=false displayId=0 resizeMode=-1 frameChanged=false displayFrameChanged=false configChanged=false displayChanged=false
04-06 02:36:33.604 24958 24958 I ViewRootImpl@6cb20ae[PopupWindow:3594529]: handleResized mSyncSeqId = 0
04-06 02:36:33.605 24958 24958 I ViewRootImpl@6cb20ae[PopupWindow:3594529]: reportNextDraw android.view.ViewRootImpl.handleResized:2450 android.view.ViewRootImpl.-$$Nest$mhandleResized:0 android.view.ViewRootImpl$ViewRootHandler.handleMessageImpl:6728 android.view.ViewRootImpl$ViewRootHandler.handleMessage:6697 android.os.Handler.dispatchMessage:106 
04-06 02:36:33.605 24958 24958 I ViewRootImpl@6cb20ae[PopupWindow:3594529]: Setup new sync id=1
04-06 02:36:33.605 24958 24958 I ViewRootImpl@6cb20ae[PopupWindow:3594529]: Setting syncFrameCallback
04-06 02:36:33.605 24958 24958 I ViewRootImpl@6cb20ae[PopupWindow:3594529]: registerCallbacksForSync syncBuffer=false
04-06 02:36:33.607 24958 25028 I ViewRootImpl@6cb20ae[PopupWindow:3594529]: Received frameDrawingCallback syncResult=0 frameNum=2.
04-06 02:36:33.607 24958 25028 I ViewRootImpl@6cb20ae[PopupWindow:3594529]: Setting up sync and frameCommitCallback
04-06 02:36:33.608 24958 25008 I ViewRootImpl@6cb20ae[PopupWindow:3594529]: Received frameCommittedCallback lastAttemptedDrawFrameNum=2 didProduceBuffer=true
04-06 02:36:33.610 24958 24958 I ViewRootImpl@6cb20ae[PopupWindow:3594529]: onSyncComplete
04-06 02:36:33.610 24958 24958 I ViewRootImpl@6cb20ae[PopupWindow:3594529]: setupSync seqId=0 mSyncId=1 fn=2 caller=android.view.ViewRootImpl$$ExternalSyntheticLambda11.accept:6 android.window.SurfaceSyncer.lambda$setupSync$1$android-window-SurfaceSyncer:128 android.window.SurfaceSyncer$$ExternalSyntheticLambda1.accept:8 android.window.SurfaceSyncer$SyncSet.checkIfSyncIsComplete:382 android.window.SurfaceSyncer$SyncSet.markSyncReady:359 android.window.SurfaceSyncer.markSyncReady:151 android.view.ViewRootImpl.performTraversals:4503 
04-06 02:36:33.611 24958 24958 I ViewRootImpl@6cb20ae[PopupWindow:3594529]: reportDrawFinished seqId=0 mSyncId=-1 fn=2 mSurfaceChangedTransaction=0xb4000070c2d46400
04-06 02:36:33.611 24958 24958 I ViewRootImpl@a437061[PopupWindow:55507c8]: handleResized, msg = 5 frames=ClientWindowFrames{frame=[231,1703][321,1797] display=[-100000,-100000][100000,100000] parentFrame=[0,0][0,0] parentClippedByDisplayCutout=false} forceNextWindowRelayout=false displayId=0 resizeMode=-1 frameChanged=false displayFrameChanged=false configChanged=false displayChanged=false
04-06 02:36:33.611 24958 24958 I ViewRootImpl@a437061[PopupWindow:55507c8]: handleResized mSyncSeqId = 0
04-06 02:36:33.611 24958 24958 I ViewRootImpl@a437061[PopupWindow:55507c8]: reportNextDraw android.view.ViewRootImpl.handleResized:2450 android.view.ViewRootImpl.-$$Nest$mhandleResized:0 android.view.ViewRootImpl$ViewRootHandler.handleMessageImpl:6728 android.view.ViewRootImpl$ViewRootHandler.handleMessage:6697 android.os.Handler.dispatchMessage:106 
04-06 02:36:33.621 24958 24958 I ViewRootImpl@a437061[PopupWindow:55507c8]: Setup new sync id=1
04-06 02:36:33.622 24958 24958 I ViewRootImpl@a437061[PopupWindow:55507c8]: Setting syncFrameCallback
04-06 02:36:33.622 24958 24958 I ViewRootImpl@a437061[PopupWindow:55507c8]: registerCallbacksForSync syncBuffer=false
04-06 02:36:33.622 24958 25029 I ViewRootImpl@a437061[PopupWindow:55507c8]: Received frameDrawingCallback syncResult=0 frameNum=2.
04-06 02:36:33.622 24958 25029 I ViewRootImpl@a437061[PopupWindow:55507c8]: Setting up sync and frameCommitCallback
04-06 02:36:33.623 24958 25008 I ViewRootImpl@a437061[PopupWindow:55507c8]: Received frameCommittedCallback lastAttemptedDrawFrameNum=2 didProduceBuffer=true
04-06 02:36:33.623 24958 24958 I ViewRootImpl@a437061[PopupWindow:55507c8]: onSyncComplete
04-06 02:36:33.624 24958 24958 I ViewRootImpl@a437061[PopupWindow:55507c8]: setupSync seqId=0 mSyncId=1 fn=2 caller=android.view.ViewRootImpl$$ExternalSyntheticLambda11.accept:6 android.window.SurfaceSyncer.lambda$setupSync$1$android-window-SurfaceSyncer:128 android.window.SurfaceSyncer$$ExternalSyntheticLambda1.accept:8 android.window.SurfaceSyncer$SyncSet.checkIfSyncIsComplete:382 android.window.SurfaceSyncer$SyncSet.markSyncReady:359 android.window.SurfaceSyncer.markSyncReady:151 android.view.ViewRootImpl.performTraversals:4503 
04-06 02:36:33.625 24958 24958 I ViewRootImpl@a437061[PopupWindow:55507c8]: reportDrawFinished seqId=0 mSyncId=-1 fn=2 mSurfaceChangedTransaction=0xb4000070d413ca00
04-06 02:36:33.674 24958 24958 W OnBackInvokedCallback: OnBackInvokedCallback is not enabled for the application.
04-06 02:36:33.674 24958 24958 W OnBackInvokedCallback: Set 'android:enableOnBackInvokedCallback="true"' in the application manifest.
04-06 02:36:33.697 24958 24971 I ViewRootImpl@a437061[PopupWindow:55507c8]: Resizing android.view.ViewRootImpl@f58a612: frame = [231,1703][321,1797] reportDraw = false forceLayout = false syncSeqId = 0
04-06 02:36:33.697 24958 25038 I ViewRootImpl@6cb20ae[PopupWindow:3594529]: Resizing android.view.ViewRootImpl@4b0506b: frame = [231,1797][321,1905] reportDraw = false forceLayout = false syncSeqId = 0
