04-06 10:52:04.087 31656 31695 D DetoxWSClient: Received action 'invoke' (ID #5, params={"target":{"type":"Class","value":"com.wix.detox.espresso.EspressoDetox"},"method":"perform","args":[{"type":"Invocation","value":{"target":{"type":"Class","value":"com.wix.detox.espresso.DetoxMatcher"},"method":"matcherForTestId","args":["input-peso-atual",{"type":"boolean","value":false}]}},{"type":"Invocation","value":{"target":{"type":"Class","value":"androidx.test.espresso.action.ViewActions"},"method":"clearText","args":[]}}]})
04-06 10:52:04.087 31656 31691 I DetoxDispatcher: Handling action 'invoke' (ID #5)...
04-06 10:52:04.087 31656 31691 D Detox   : class com.wix.detox.espresso.DetoxMatcher, matcherForTestId, [input-peso-atual, false]
04-06 10:52:04.087 31656 31691 D Detox   : class androidx.test.espresso.action.ViewActions, clearText, []
04-06 10:52:04.088 31656 31691 D Detox   : class com.wix.detox.espresso.EspressoDetox, perform, [(view.getTag() is "input-peso-atual" and view has effective visibility <VISIBLE>), androidx.test.espresso.action.ReplaceTextAction@88dc8f5]
04-06 10:52:04.090 31656 31656 I ViewInteraction: Performing 'replace text()' action on view (view.getTag() is "input-peso-atual" and view has effective visibility <VISIBLE>)
04-06 10:52:04.096 31656 31691 I DetoxWSClient: Sending out action 'invokeResult' (ID #5)
04-06 10:52:04.096 31656 31691 I DetoxDispatcher: Done with action 'invoke'
04-06 10:52:04.100 31656 31695 D DetoxWSClient: Received action 'invoke' (ID #6, params={"target":{"type":"Class","value":"com.wix.detox.espresso.EspressoDetox"},"method":"perform","args":[{"type":"Invocation","value":{"target":{"type":"Class","value":"com.wix.detox.espresso.DetoxMatcher"},"method":"matcherForTestId","args":["input-peso-atual",{"type":"boolean","value":false}]}},{"type":"Invocation","value":{"target":{"type":"Class","value":"androidx.test.espresso.action.ViewActions"},"method":"replaceText","args":["82"]}}]})
04-06 10:52:04.100 31656 31691 I DetoxDispatcher: Handling action 'invoke' (ID #6)...
04-06 10:52:04.101 31656 31691 D Detox   : class com.wix.detox.espresso.DetoxMatcher, matcherForTestId, [input-peso-atual, false]
04-06 10:52:04.101 31656 31691 D Detox   : class androidx.test.espresso.action.ViewActions, replaceText, [82]
04-06 10:52:04.101 31656 31691 D Detox   : class com.wix.detox.espresso.EspressoDetox, perform, [(view.getTag() is "input-peso-atual" and view has effective visibility <VISIBLE>), androidx.test.espresso.action.ReplaceTextAction@7963ce2]
04-06 10:52:04.108 31656 31656 D InputMethodManager: startInputInner - Id : 0
04-06 10:52:04.108 31656 31656 I InputMethodManager: startInputInner - mService.startInputOrWindowGainedFocus
04-06 10:52:04.134 31656 31656 D InsetsController: show(ime(), fromIme=true)
04-06 10:52:04.143 31656 31656 D InputMethodManager: startInputInner - Id : 0
04-06 10:52:04.143 31656 31656 I InputMethodManager: startInputInner - mService.startInputOrWindowGainedFocus
04-06 10:52:04.147 31656 31656 I ViewInteraction: Performing 'replace text(82)' action on view (view.getTag() is "input-peso-atual" and view has effective visibility <VISIBLE>)
04-06 10:52:04.152 31656 31691 I DetoxWSClient: Sending out action 'invokeResult' (ID #6)
04-06 10:52:04.152 31656 31691 I DetoxDispatcher: Done with action 'invoke'
04-06 10:52:04.157 31656 31695 D DetoxWSClient: Received action 'invoke' (ID #7, params={"target":{"type":"Class","value":"com.wix.detox.espresso.DetoxAssertion"},"method":"assertMatcher","args":[{"type":"Invocation","value":{"target":{"type":"Class","value":"androidx.test.espresso.Espresso"},"method":"onView","args":[{"type":"Invocation","value":{"target":{"type":"Class","value":"com.wix.detox.espresso.DetoxMatcher"},"method":"matcherForTestId","args":["input-peso-atual",{"type":"boolean","value":false}]}}]}},{"type":"Invocation","value":{"target":{"type":"Class","value":"com.wix.detox.espresso.DetoxMatcher"},"method":"matcherForText","args":["82",{"type":"boolean","value":false}]}}]})
04-06 10:52:04.158 31656 31691 I DetoxDispatcher: Handling action 'invoke' (ID #7)...
04-06 10:52:04.158 31656 31691 D Detox   : class com.wix.detox.espresso.DetoxMatcher, matcherForTestId, [input-peso-atual, false]
04-06 10:52:04.158 31656 31691 D Detox   : class androidx.test.espresso.Espresso, onView, [(view.getTag() is "input-peso-atual" and view has effective visibility <VISIBLE>)]
04-06 10:52:04.158 31656 31656 D InputMethodManager: startInputInner - Id : 0
04-06 10:52:04.159 31656 31656 I InputMethodManager: startInputInner - mService.startInputOrWindowGainedFocus
04-06 10:52:04.159 31656 31691 D Detox   : class com.wix.detox.espresso.DetoxMatcher, matcherForText, [82, false]
04-06 10:52:04.159 31656 31691 D Detox   : class com.wix.detox.espresso.DetoxAssertion, assertMatcher, [androidx.test.espresso.ViewInteraction@59abaaf, (an instance of android.widget.TextView and view.getText() with or without transformation to match: is "82" and view has effective visibility <VISIBLE>)]
04-06 10:52:04.172 31656 31656 D InsetsController: show(ime(), fromIme=true)
04-06 10:52:04.195 31656 31656 I ViewInteraction: Checking 'MatchesViewAssertion(Detox){viewMatcher=(an instance of android.widget.TextView and view.getText() with or without transformation to match: is "82" and view has effective visibility <VISIBLE>)}' assertion on view (view.getTag() is "input-peso-atual" and view has effective visibility <VISIBLE>)
04-06 10:52:04.198 31656 31656 D InsetsController: show(ime(), fromIme=true)
04-06 10:52:04.198 31656 31691 I DetoxWSClient: Sending out action 'invokeResult' (ID #7)
04-06 10:52:04.198 31656 31691 I DetoxDispatcher: Done with action 'invoke'
04-06 10:52:04.203 31656 31695 D DetoxWSClient: Received action 'invoke' (ID #8, params={"target":{"type":"Class","value":"com.wix.detox.espresso.EspressoDetox"},"method":"perform","args":[{"type":"Invocation","value":{"target":{"type":"Class","value":"com.wix.detox.espresso.DetoxMatcher"},"method":"matcherForTestId","args":["input-peso-meta",{"type":"boolean","value":false}]}},{"type":"Invocation","value":{"target":{"type":"Class","value":"com.wix.detox.espresso.DetoxViewActions"},"method":"click","args":[]}}]})
04-06 10:52:04.203 31656 31691 I DetoxDispatcher: Handling action 'invoke' (ID #8)...
04-06 10:52:04.203 31656 31691 D Detox   : class com.wix.detox.espresso.DetoxMatcher, matcherForTestId, [input-peso-meta, false]
04-06 10:52:04.204 31656 31691 D Detox   : class com.wix.detox.espresso.DetoxViewActions, click, []
04-06 10:52:04.204 31656 31691 D Detox   : class com.wix.detox.espresso.EspressoDetox, perform, [(view.getTag() is "input-peso-meta" and view has effective visibility <VISIBLE>), com.wix.detox.espresso.action.RNClickAction@c75ad9f]
04-06 10:52:04.207 31656 31656 I ViewInteraction: Performing 'com.wix.detox.espresso.action.detoxsingletap@fb8eec click' action on view (view.getTag() is "input-peso-meta" and view has effective visibility <VISIBLE>)
04-06 10:52:04.211 31656 31656 I ViewRootImpl@914008f[MainActivity]: ViewPostIme pointer 0
04-06 10:52:04.219 31656 31713 D OpenGLRenderer: setSurface called with nullptr
04-06 10:52:04.219 31656 31713 D OpenGLRenderer: setSurface() destroyed EGLSurface
04-06 10:52:04.219 31656 31713 D OpenGLRenderer: destroyEglSurface
04-06 10:52:04.220 31656 31656 I ViewRootImpl@71eeeb8[PopupWindow:3c6bd1b]: dispatchDetachedFromWindow
04-06 10:52:04.224 31656 31656 D InputTransport: Input channel destroyed: '98f1025', fd=170
04-06 10:52:04.224 31656 31713 D OpenGLRenderer: setSurface called with nullptr
04-06 10:52:04.224 31656 31713 D OpenGLRenderer: setSurface() destroyed EGLSurface
04-06 10:52:04.224 31656 31713 D OpenGLRenderer: destroyEglSurface
04-06 10:52:04.225 31656 31656 I ViewRootImpl@dc5b493[PopupWindow:75d582]: dispatchDetachedFromWindow
04-06 10:52:04.228 31656 31656 D InputTransport: Input channel destroyed: 'b16be08', fd=171
04-06 10:52:04.241 31656 31656 I ViewRootImpl@914008f[MainActivity]: ViewPostIme pointer 1
04-06 10:52:04.251 31656 31656 D InputMethodManager: startInputInner - Id : 0
04-06 10:52:04.251 31656 31656 I InputMethodManager: startInputInner - mService.startInputOrWindowGainedFocus
04-06 10:52:04.256 31656 31656 I IMM_LC  : showSoftInput(View,I)
04-06 10:52:04.256 31656 31656 I IMM_LC  : ssi() - flag : 0 view : com.evolucao.app reason = SHOW_SOFT_INPUT
04-06 10:52:04.266 31656 31713 D NativeCustomFrequencyManager: [NativeCFMS] BpCustomFrequencyManager::BpCustomFrequencyManager()
04-06 10:52:04.270 31656 31656 D InsetsController: onStateChanged: InsetsState: {mDisplayFrame=Rect(0, 0 - 1080, 2400), mDisplayCutout=DisplayCutout{insets=Rect(0, 88 - 0, 0) waterfall=Insets{left=0, top=0, right=0, bottom=0} boundingRect={Bounds=[Rect(0, 0 - 0, 0), Rect(512, 0 - 568, 88), Rect(0, 0 - 0, 0), Rect(0, 0 - 0, 0)]} cutoutPathParserInfo={CutoutPathParserInfo{displayWidth=1080 displayHeight=2400 physicalDisplayWidth=1080 physicalDisplayHeight=2400 density={3.0} cutoutSpec={M 0,0 M 0,10.71963616907435 a 9.280363830925644,9.280363830925644 0 1,0 0,18.56072766185129 a 9.280363830925644,9.280363830925644 0 1,0 0,-18.56072766185129 Z @dp} rotation={0} scale={1.0} physicalPixelDisplaySizeRatio={1.0}}}}, mRoundedCorners=RoundedCorners{[RoundedCorner{position=TopLeft, radius=96, center=Point(96, 96)}, RoundedCorner{position=TopRight, radius=96, center=Point(984, 96)}, RoundedCorner{position=BottomRight, radius=96, center=Point(984, 2304)}, RoundedCorner{position=BottomLeft, radius=96, center=Point(96, 2304)}]}  mRoundedCornerFrame=Rect(0, 0 - 1080, 2400), mPrivacyIndicatorBounds=PrivacyIndicatorBounds {static bounds=Rect(948, 0 - 1080, 88) rotation=0}, mSources= { InsetsSource: {mType=ITYPE_STATUS_BAR, mFrame=[0,0][1080,88], mVisible=true, mInsetsRoundedCornerFrame=false}, InsetsSource: {mType=ITYPE_NAVIGATION_BAR, mFrame=[0,2256][1080,2400], mVisible=true, mInsetsRoundedCornerFrame=false}, InsetsSource: {mType=ITYPE_LEFT_GESTURES, mFrame=[0,0][0,2400], mVisible=true, mInsetsRoundedCornerFrame=false}, InsetsSource: {mType=ITYPE_RIGHT_GESTURES, mFrame=[1080,0][1080,2400], mVisible=true, mInsetsRoundedCornerFrame=false}, InsetsSource: {mType=ITYPE_TOP_MANDATORY_GESTURES, mFrame=[0,0][1080,124], mVisible=true, mInsetsRoundedCornerFrame=false}, InsetsSource: {mType=ITYPE_BOTTOM_MANDATORY_GESTURES, mFrame=[0,2256][1080,2400], mVisible=true, mInsetsRoundedCornerFrame=false}, InsetsSource: {mType=ITYPE_LEFT_DISPLAY_CUTOUT, mFrame=[0,0][-100000,2400], mVisible=true, mInsetsRoundedCornerFrame=false}, InsetsSource: {mType=ITYPE_TOP_DISPLAY_CUTOUT, mFrame=[0,0][1080,88], mVisible=true, mInsetsRoundedCornerFrame=false}, InsetsSource: {mType=ITYPE_RIGHT_DISPLAY_CUTOUT, mFrame=[100000,0][1080,2400], mVisible=true, mInsetsRoundedCornerFrame=false}, InsetsSource: {mType=ITYPE_BOTTOM_DISPLAY_CUTOUT, mFrame=[0,100000][1080,2400], mVisible=true, mInsetsRoundedCornerFrame=false}, InsetsSource: {mType=ITYPE_TOP_TAPPABLE_ELEMENT, mFrame=[0,0][1080,88], mVisible=true, mInsetsRoundedCornerFrame=false}, InsetsSource: {mType=ITYPE_BOTTOM_TAPPABLE_ELEMENT, mFrame=[0,2256][1080,2400], mVisible=true, mInsetsRoundedCornerFrame=false} } host=PopupWindow:85bad4a from=android.view.ViewRootImpl.setView:1732
04-06 10:52:04.271 31656 31656 I ViewRootImpl@f1184bb[PopupWindow:85bad4a]: setView = android.widget.PopupWindow$PopupDecorView@dc9b197 TM=false
04-06 10:52:04.274 31656 31713 D NativeCustomFrequencyManager: [NativeCFMS] BpCustomFrequencyManager::BpCustomFrequencyManager()
04-06 10:52:04.277 31656 31656 D InsetsController: onStateChanged: InsetsState: {mDisplayFrame=Rect(0, 0 - 1080, 2400), mDisplayCutout=DisplayCutout{insets=Rect(0, 88 - 0, 0) waterfall=Insets{left=0, top=0, right=0, bottom=0} boundingRect={Bounds=[Rect(0, 0 - 0, 0), Rect(512, 0 - 568, 88), Rect(0, 0 - 0, 0), Rect(0, 0 - 0, 0)]} cutoutPathParserInfo={CutoutPathParserInfo{displayWidth=1080 displayHeight=2400 physicalDisplayWidth=1080 physicalDisplayHeight=2400 density={3.0} cutoutSpec={M 0,0 M 0,10.71963616907435 a 9.280363830925644,9.280363830925644 0 1,0 0,18.56072766185129 a 9.280363830925644,9.280363830925644 0 1,0 0,-18.56072766185129 Z @dp} rotation={0} scale={1.0} physicalPixelDisplaySizeRatio={1.0}}}}, mRoundedCorners=RoundedCorners{[RoundedCorner{position=TopLeft, radius=96, center=Point(96, 96)}, RoundedCorner{position=TopRight, radius=96, center=Point(984, 96)}, RoundedCorner{position=BottomRight, radius=96, center=Point(984, 2304)}, RoundedCorner{position=BottomLeft, radius=96, center=Point(96, 2304)}]}  mRoundedCornerFrame=Rect(0, 0 - 1080, 2400), mPrivacyIndicatorBounds=PrivacyIndicatorBounds {static bounds=Rect(948, 0 - 1080, 88) rotation=0}, mSources= { InsetsSource: {mType=ITYPE_STATUS_BAR, mFrame=[0,0][1080,88], mVisible=true, mInsetsRoundedCornerFrame=false}, InsetsSource: {mType=ITYPE_NAVIGATION_BAR, mFrame=[0,2256][1080,2400], mVisible=true, mInsetsRoundedCornerFrame=false}, InsetsSource: {mType=ITYPE_LEFT_GESTURES, mFrame=[0,0][0,2400], mVisible=true, mInsetsRoundedCornerFrame=false}, InsetsSource: {mType=ITYPE_RIGHT_GESTURES, mFrame=[1080,0][1080,2400], mVisible=true, mInsetsRoundedCornerFrame=false}, InsetsSource: {mType=ITYPE_TOP_MANDATORY_GESTURES, mFrame=[0,0][1080,124], mVisible=true, mInsetsRoundedCornerFrame=false}, InsetsSource: {mType=ITYPE_BOTTOM_MANDATORY_GESTURES, mFrame=[0,2256][1080,2400], mVisible=true, mInsetsRoundedCornerFrame=false}, InsetsSource: {mType=ITYPE_LEFT_DISPLAY_CUTOUT, mFrame=[0,0][-100000,2400], mVisible=true, mInsetsRoundedCornerFrame=false}, InsetsSource: {mType=ITYPE_TOP_DISPLAY_CUTOUT, mFrame=[0,0][1080,88], mVisible=true, mInsetsRoundedCornerFrame=false}, InsetsSource: {mType=ITYPE_RIGHT_DISPLAY_CUTOUT, mFrame=[100000,0][1080,2400], mVisible=true, mInsetsRoundedCornerFrame=false}, InsetsSource: {mType=ITYPE_BOTTOM_DISPLAY_CUTOUT, mFrame=[0,100000][1080,2400], mVisible=true, mInsetsRoundedCornerFrame=false}, InsetsSource: {mType=ITYPE_TOP_TAPPABLE_ELEMENT, mFrame=[0,0][1080,88], mVisible=true, mInsetsRoundedCornerFrame=false}, InsetsSource: {mType=ITYPE_BOTTOM_TAPPABLE_ELEMENT, mFrame=[0,2256][1080,2400], mVisible=true, mInsetsRoundedCornerFrame=false} } host=PopupWindow:ff8c36d from=android.view.ViewRootImpl.setView:1732
04-06 10:52:04.278 31656 31656 I ViewRootImpl@bc49ba2[PopupWindow:ff8c36d]: setView = android.widget.PopupWindow$PopupDecorView@974cfee TM=false
04-06 10:52:04.280 31656 31656 W RemoteInputConnectionImpl: requestCursorAnchorInfo on inactive InputConnection
04-06 10:52:04.281 31656 31656 I IMM_LC  : showSoftInput(View,I)
04-06 10:52:04.282 31656 31656 I IMM_LC  : ssi() - flag : 0 view : com.evolucao.app reason = SHOW_SOFT_INPUT
04-06 10:52:04.284 31656 31656 I ViewRootImpl@f1184bb[PopupWindow:85bad4a]: performTraversals params={(112,1390)(90x108) gr=TOP START CENTER sim={state=unchanged adjust=pan} ty=APPLICATION_SUB_PANEL fmt=TRANSLUCENT wanim=0x1030313 surfaceInsets=Rect(0, 0 - 0, 0) (manual)
04-06 10:52:04.284 31656 31656 I ViewRootImpl@f1184bb[PopupWindow:85bad4a]:   fl=41800208
04-06 10:52:04.284 31656 31656 I ViewRootImpl@f1184bb[PopupWindow:85bad4a]:   pfl=2018000
04-06 10:52:04.284 31656 31656 I ViewRootImpl@f1184bb[PopupWindow:85bad4a]:   bhv=DEFAULT
04-06 10:52:04.284 31656 31656 I ViewRootImpl@f1184bb[PopupWindow:85bad4a]:   fitTypes=STATUS_BARS NAVIGATION_BARS CAPTION_BAR naviIconColor=0
04-06 10:52:04.284 31656 31656 I ViewRootImpl@f1184bb[PopupWindow:85bad4a]:   sfl=20000}
04-06 10:52:04.285 31656 31656 I ViewRootImpl@f1184bb[PopupWindow:85bad4a]: performTraversals mFirst=true windowShouldResize=true viewVisibilityChanged=false mForceNextWindowRelayout=false params={(112,1390)(90x108) gr=TOP START CENTER sim={state=unchanged adjust=pan} ty=APPLICATION_SUB_PANEL fmt=TRANSLUCENT wanim=0x1030313 surfaceInsets=Rect(0, 0 - 0, 0) (manual)
04-06 10:52:04.285 31656 31656 I ViewRootImpl@f1184bb[PopupWindow:85bad4a]:   fl=41800208
04-06 10:52:04.285 31656 31656 I ViewRootImpl@f1184bb[PopupWindow:85bad4a]:   pfl=42018000
04-06 10:52:04.285 31656 31656 I ViewRootImpl@f1184bb[PopupWindow:85bad4a]:   bhv=DEFAULT
04-06 10:52:04.285 31656 31656 I ViewRootImpl@f1184bb[PopupWindow:85bad4a]:   fitTypes=STATUS_BARS NAVIGATION_BARS CAPTION_BAR naviIconColor=0
04-06 10:52:04.285 31656 31656 I ViewRootImpl@f1184bb[PopupWindow:85bad4a]:   sfl=20000}
04-06 10:52:04.290 31656 31672 I ViewRootImpl@f1184bb[PopupWindow:85bad4a]: Resizing android.view.ViewRootImpl@4c6cf84: frame = [112,1390][202,1498] reportDraw = true forceLayout = false syncSeqId = 0
04-06 10:52:04.293 31656 31656 I ViewRootImpl@f1184bb[PopupWindow:85bad4a]: updateBlastSurfaceIfNeeded mBlastBufferQueue=null isSameSurfaceControl=false
04-06 10:52:04.294 31656 31656 I BLASTBufferQueue: new BLASTBufferQueue, mName= ViewRootImpl@f1184bb[PopupWindow:85bad4a] mNativeObject= 0xb4000069fe823a00 sc.mNativeObject= 0xb400007002de7120 caller= android.view.ViewRootImpl.updateBlastSurfaceIfNeeded:2909 android.view.ViewRootImpl.relayoutWindow:9847 android.view.ViewRootImpl.performTraversals:3884 android.view.ViewRootImpl.doTraversal:3116 android.view.ViewRootImpl$TraversalRunnable.run:10885 android.view.Choreographer$CallbackRecord.run:1301 android.view.Choreographer$CallbackRecord.run:1309 android.view.Choreographer.doCallbacks:923 android.view.Choreographer.doFrame:852 android.view.Choreographer$FrameDisplayEventReceiver.run:1283 
04-06 10:52:04.294 31656 31656 I BLASTBufferQueue: update, w= 90 h= 108 mName = ViewRootImpl@f1184bb[PopupWindow:85bad4a] mNativeObject= 0xb4000069fe823a00 sc.mNativeObject= 0xb400007002de7120 format= -3 caller= android.graphics.BLASTBufferQueue.<init>:84 android.view.ViewRootImpl.updateBlastSurfaceIfNeeded:2909 android.view.ViewRootImpl.relayoutWindow:9847 android.view.ViewRootImpl.performTraversals:3884 android.view.ViewRootImpl.doTraversal:3116 android.view.ViewRootImpl$TraversalRunnable.run:10885 
04-06 10:52:04.294 31656 31656 I ViewRootImpl@f1184bb[PopupWindow:85bad4a]: Relayout returned: old=(112,1390,202,1498) new=(112,1390,202,1498) req=(90,108)0 dur=8 res=0x3 s={true 0xb4000069fe6b4800} ch=true seqId=0
04-06 10:52:04.295 31656 31656 I ViewRootImpl@f1184bb[PopupWindow:85bad4a]: mThreadedRenderer.initialize() mSurface={isValid=true 0xb4000069fe6b4800} hwInitialized=true
04-06 10:52:04.295 31656 31713 D OpenGLRenderer: eglCreateWindowSurface
04-06 10:52:04.296 31656 31656 I ViewRootImpl@f1184bb[PopupWindow:85bad4a]: reportNextDraw android.view.ViewRootImpl.performTraversals:4438 android.view.ViewRootImpl.doTraversal:3116 android.view.ViewRootImpl$TraversalRunnable.run:10885 android.view.Choreographer$CallbackRecord.run:1301 android.view.Choreographer$CallbackRecord.run:1309 
04-06 10:52:04.296 31656 31656 I ViewRootImpl@f1184bb[PopupWindow:85bad4a]: Setup new sync id=0
04-06 10:52:04.296 31656 31656 I ViewRootImpl@f1184bb[PopupWindow:85bad4a]: Setting syncFrameCallback
04-06 10:52:04.296 31656 31656 I ViewRootImpl@f1184bb[PopupWindow:85bad4a]: registerCallbacksForSync syncBuffer=false
04-06 10:52:04.297 31656 31734 I ViewRootImpl@f1184bb[PopupWindow:85bad4a]: Received frameDrawingCallback syncResult=0 frameNum=1.
04-06 10:52:04.297 31656 31734 I ViewRootImpl@f1184bb[PopupWindow:85bad4a]: Setting up sync and frameCommitCallback
04-06 10:52:04.297 31656 31713 I BLASTBufferQueue: [ViewRootImpl@f1184bb[PopupWindow:85bad4a]#4](f:0,a:0) onFrameAvailable the first frame is available
04-06 10:52:04.297 31656 31713 I ViewRootImpl@f1184bb[PopupWindow:85bad4a]: Received frameCommittedCallback lastAttemptedDrawFrameNum=1 didProduceBuffer=true
04-06 10:52:04.298 31656 31713 D OpenGLRenderer: CFMS:: SetUp Pid : 31656    Tid : 31713
04-06 10:52:04.298 31656 31713 W Parcel  : Expecting binder but got null!
04-06 10:52:04.298 31656 31656 I ViewRootImpl@f1184bb[PopupWindow:85bad4a]: onSyncComplete
04-06 10:52:04.298 31656 31656 I ViewRootImpl@f1184bb[PopupWindow:85bad4a]: setupSync seqId=0 mSyncId=0 fn=1 caller=android.view.ViewRootImpl$$ExternalSyntheticLambda11.accept:6 android.window.SurfaceSyncer.lambda$setupSync$1$android-window-SurfaceSyncer:128 android.window.SurfaceSyncer$$ExternalSyntheticLambda1.accept:8 android.window.SurfaceSyncer$SyncSet.checkIfSyncIsComplete:382 android.window.SurfaceSyncer$SyncSet.markSyncReady:359 android.window.SurfaceSyncer.markSyncReady:151 android.view.ViewRootImpl.performTraversals:4503 
04-06 10:52:04.300 31656 31656 I ViewRootImpl@bc49ba2[PopupWindow:ff8c36d]: performTraversals params={(112,1296)(90x94) gr=TOP START CENTER sim={state=unchanged adjust=pan} ty=APPLICATION_SUB_PANEL fmt=TRANSLUCENT wanim=0x1030313 surfaceInsets=Rect(0, 0 - 0, 0) (manual)
04-06 10:52:04.300 31656 31656 I ViewRootImpl@bc49ba2[PopupWindow:ff8c36d]:   fl=41800218
04-06 10:52:04.300 31656 31656 I ViewRootImpl@bc49ba2[PopupWindow:ff8c36d]:   pfl=2018000
04-06 10:52:04.300 31656 31656 I ViewRootImpl@bc49ba2[PopupWindow:ff8c36d]:   bhv=DEFAULT
04-06 10:52:04.300 31656 31656 I ViewRootImpl@bc49ba2[PopupWindow:ff8c36d]:   fitTypes=STATUS_BARS NAVIGATION_BARS CAPTION_BAR naviIconColor=0
04-06 10:52:04.300 31656 31656 I ViewRootImpl@bc49ba2[PopupWindow:ff8c36d]:   sfl=20000}
04-06 10:52:04.300 31656 31656 I ViewRootImpl@bc49ba2[PopupWindow:ff8c36d]: performTraversals mFirst=true windowShouldResize=true viewVisibilityChanged=false mForceNextWindowRelayout=false params={(112,1296)(90x94) gr=TOP START CENTER sim={state=unchanged adjust=pan} ty=APPLICATION_SUB_PANEL fmt=TRANSLUCENT wanim=0x1030313 surfaceInsets=Rect(0, 0 - 0, 0) (manual)
04-06 10:52:04.300 31656 31656 I ViewRootImpl@bc49ba2[PopupWindow:ff8c36d]:   fl=41800218
04-06 10:52:04.300 31656 31656 I ViewRootImpl@bc49ba2[PopupWindow:ff8c36d]:   pfl=42018000
04-06 10:52:04.300 31656 31656 I ViewRootImpl@bc49ba2[PopupWindow:ff8c36d]:   bhv=DEFAULT
04-06 10:52:04.300 31656 31656 I ViewRootImpl@bc49ba2[PopupWindow:ff8c36d]:   fitTypes=STATUS_BARS NAVIGATION_BARS CAPTION_BAR naviIconColor=0
04-06 10:52:04.300 31656 31656 I ViewRootImpl@bc49ba2[PopupWindow:ff8c36d]:   sfl=20000}
04-06 10:52:04.304 31656 31672 I ViewRootImpl@bc49ba2[PopupWindow:ff8c36d]: Resizing android.view.ViewRootImpl@e2b3c8f: frame = [112,1296][202,1390] reportDraw = true forceLayout = false syncSeqId = 0
04-06 10:52:04.305 31656 31656 I ViewRootImpl@bc49ba2[PopupWindow:ff8c36d]: updateBlastSurfaceIfNeeded mBlastBufferQueue=null isSameSurfaceControl=false
04-06 10:52:04.305 31656 31656 I BLASTBufferQueue: new BLASTBufferQueue, mName= ViewRootImpl@bc49ba2[PopupWindow:ff8c36d] mNativeObject= 0xb4000069fe823d80 sc.mNativeObject= 0xb400007002de73a0 caller= android.view.ViewRootImpl.updateBlastSurfaceIfNeeded:2909 android.view.ViewRootImpl.relayoutWindow:9847 android.view.ViewRootImpl.performTraversals:3884 android.view.ViewRootImpl.doTraversal:3116 android.view.ViewRootImpl$TraversalRunnable.run:10885 android.view.Choreographer$CallbackRecord.run:1301 android.view.Choreographer$CallbackRecord.run:1309 android.view.Choreographer.doCallbacks:923 android.view.Choreographer.doFrame:852 android.view.Choreographer$FrameDisplayEventReceiver.run:1283 
04-06 10:52:04.306 31656 31656 I BLASTBufferQueue: update, w= 90 h= 94 mName = ViewRootImpl@bc49ba2[PopupWindow:ff8c36d] mNativeObject= 0xb4000069fe823d80 sc.mNativeObject= 0xb400007002de73a0 format= -3 caller= android.graphics.BLASTBufferQueue.<init>:84 android.view.ViewRootImpl.updateBlastSurfaceIfNeeded:2909 android.view.ViewRootImpl.relayoutWindow:9847 android.view.ViewRootImpl.performTraversals:3884 android.view.ViewRootImpl.doTraversal:3116 android.view.ViewRootImpl$TraversalRunnable.run:10885 
04-06 10:52:04.306 31656 31656 I ViewRootImpl@bc49ba2[PopupWindow:ff8c36d]: Relayout returned: old=(112,1296,202,1390) new=(112,1296,202,1390) req=(90,94)0 dur=5 res=0x3 s={true 0xb4000069fe6b2000} ch=true seqId=0
04-06 10:52:04.307 31656 31656 I ViewRootImpl@bc49ba2[PopupWindow:ff8c36d]: mThreadedRenderer.initialize() mSurface={isValid=true 0xb4000069fe6b2000} hwInitialized=true
04-06 10:52:04.307 31656 31713 D OpenGLRenderer: eglCreateWindowSurface
04-06 10:52:04.308 31656 31656 I ViewRootImpl@bc49ba2[PopupWindow:ff8c36d]: reportNextDraw android.view.ViewRootImpl.performTraversals:4438 android.view.ViewRootImpl.doTraversal:3116 android.view.ViewRootImpl$TraversalRunnable.run:10885 android.view.Choreographer$CallbackRecord.run:1301 android.view.Choreographer$CallbackRecord.run:1309 
04-06 10:52:04.308 31656 31656 I ViewRootImpl@bc49ba2[PopupWindow:ff8c36d]: Setup new sync id=0
04-06 10:52:04.308 31656 31656 I ViewRootImpl@bc49ba2[PopupWindow:ff8c36d]: Setting syncFrameCallback
04-06 10:52:04.308 31656 31656 I ViewRootImpl@bc49ba2[PopupWindow:ff8c36d]: registerCallbacksForSync syncBuffer=false
04-06 10:52:04.308 31656 31733 I ViewRootImpl@bc49ba2[PopupWindow:ff8c36d]: Received frameDrawingCallback syncResult=0 frameNum=1.
04-06 10:52:04.308 31656 31733 I ViewRootImpl@bc49ba2[PopupWindow:ff8c36d]: Setting up sync and frameCommitCallback
04-06 10:52:04.309 31656 31713 I BLASTBufferQueue: [ViewRootImpl@bc49ba2[PopupWindow:ff8c36d]#5](f:0,a:0) onFrameAvailable the first frame is available
04-06 10:52:04.309 31656 31713 I ViewRootImpl@bc49ba2[PopupWindow:ff8c36d]: Received frameCommittedCallback lastAttemptedDrawFrameNum=1 didProduceBuffer=true
04-06 10:52:04.309 31656 31713 D OpenGLRenderer: CFMS:: SetUp Pid : 31656    Tid : 31713
04-06 10:52:04.309 31656 31713 W Parcel  : Expecting binder but got null!
04-06 10:52:04.309 31656 31656 I ViewRootImpl@bc49ba2[PopupWindow:ff8c36d]: onSyncComplete
04-06 10:52:04.310 31656 31656 I ViewRootImpl@bc49ba2[PopupWindow:ff8c36d]: setupSync seqId=0 mSyncId=0 fn=1 caller=android.view.ViewRootImpl$$ExternalSyntheticLambda11.accept:6 android.window.SurfaceSyncer.lambda$setupSync$1$android-window-SurfaceSyncer:128 android.window.SurfaceSyncer$$ExternalSyntheticLambda1.accept:8 android.window.SurfaceSyncer$SyncSet.checkIfSyncIsComplete:382 android.window.SurfaceSyncer$SyncSet.markSyncReady:359 android.window.SurfaceSyncer.markSyncReady:151 android.view.ViewRootImpl.performTraversals:4503 
04-06 10:52:04.310 31656 31656 I ViewRootImpl@bc49ba2[PopupWindow:ff8c36d]: reportDrawFinished seqId=0 mSyncId=-1 fn=1 mSurfaceChangedTransaction=0xb4000070a02fa000
04-06 10:52:04.310 31656 31656 I ViewRootImpl@f1184bb[PopupWindow:85bad4a]: reportDrawFinished seqId=0 mSyncId=-1 fn=1 mSurfaceChangedTransaction=0xb4000070b0613a00
04-06 10:52:04.313 31656 31656 I ViewRootImpl@f1184bb[PopupWindow:85bad4a]: handleResized, msg = 5 frames=ClientWindowFrames{frame=[112,1390][202,1498] display=[-100000,-100000][100000,100000] parentFrame=[0,0][0,0] parentClippedByDisplayCutout=false} forceNextWindowRelayout=false displayId=0 resizeMode=-1 frameChanged=false displayFrameChanged=false configChanged=false displayChanged=false
04-06 10:52:04.313 31656 31656 I ViewRootImpl@f1184bb[PopupWindow:85bad4a]: handleResized mSyncSeqId = 0
04-06 10:52:04.313 31656 31656 I ViewRootImpl@f1184bb[PopupWindow:85bad4a]: reportNextDraw android.view.ViewRootImpl.handleResized:2450 android.view.ViewRootImpl.-$$Nest$mhandleResized:0 android.view.ViewRootImpl$ViewRootHandler.handleMessageImpl:6728 android.view.ViewRootImpl$ViewRootHandler.handleMessage:6697 android.os.Handler.dispatchMessage:106 
04-06 10:52:04.313 31656 31656 I ViewRootImpl@bc49ba2[PopupWindow:ff8c36d]: handleResized, msg = 5 frames=ClientWindowFrames{frame=[112,1296][202,1390] display=[-100000,-100000][100000,100000] parentFrame=[0,0][0,0] parentClippedByDisplayCutout=false} forceNextWindowRelayout=false displayId=0 resizeMode=-1 frameChanged=false displayFrameChanged=false configChanged=false displayChanged=false
04-06 10:52:04.313 31656 31656 I ViewRootImpl@bc49ba2[PopupWindow:ff8c36d]: handleResized mSyncSeqId = 0
04-06 10:52:04.313 31656 31656 I ViewRootImpl@bc49ba2[PopupWindow:ff8c36d]: reportNextDraw android.view.ViewRootImpl.handleResized:2450 android.view.ViewRootImpl.-$$Nest$mhandleResized:0 android.view.ViewRootImpl$ViewRootHandler.handleMessageImpl:6728 android.view.ViewRootImpl$ViewRootHandler.handleMessage:6697 android.os.Handler.dispatchMessage:106 
04-06 10:52:04.318 31656 31656 I ViewRootImpl@f1184bb[PopupWindow:85bad4a]: Setup new sync id=1
04-06 10:52:04.318 31656 31656 I ViewRootImpl@f1184bb[PopupWindow:85bad4a]: Setting syncFrameCallback
04-06 10:52:04.318 31656 31656 I ViewRootImpl@f1184bb[PopupWindow:85bad4a]: registerCallbacksForSync syncBuffer=false
04-06 10:52:04.318 31656 31734 I ViewRootImpl@f1184bb[PopupWindow:85bad4a]: Received frameDrawingCallback syncResult=0 frameNum=3.
04-06 10:52:04.318 31656 31734 I ViewRootImpl@f1184bb[PopupWindow:85bad4a]: Setting up sync and frameCommitCallback
04-06 10:52:04.319 31656 31713 I ViewRootImpl@f1184bb[PopupWindow:85bad4a]: Received frameCommittedCallback lastAttemptedDrawFrameNum=3 didProduceBuffer=true
04-06 10:52:04.319 31656 31656 I ViewRootImpl@f1184bb[PopupWindow:85bad4a]: onSyncComplete
04-06 10:52:04.319 31656 31656 I ViewRootImpl@f1184bb[PopupWindow:85bad4a]: setupSync seqId=0 mSyncId=1 fn=3 caller=android.view.ViewRootImpl$$ExternalSyntheticLambda11.accept:6 android.window.SurfaceSyncer.lambda$setupSync$1$android-window-SurfaceSyncer:128 android.window.SurfaceSyncer$$ExternalSyntheticLambda1.accept:8 android.window.SurfaceSyncer$SyncSet.checkIfSyncIsComplete:382 android.window.SurfaceSyncer$SyncSet.markSyncReady:359 android.window.SurfaceSyncer.markSyncReady:151 android.view.ViewRootImpl.performTraversals:4503 
04-06 10:52:04.320 31656 31656 I ViewRootImpl@bc49ba2[PopupWindow:ff8c36d]: Setup new sync id=1
04-06 10:52:04.320 31656 31656 I ViewRootImpl@bc49ba2[PopupWindow:ff8c36d]: Setting syncFrameCallback
04-06 10:52:04.320 31656 31656 I ViewRootImpl@bc49ba2[PopupWindow:ff8c36d]: registerCallbacksForSync syncBuffer=false
04-06 10:52:04.320 31656 31733 I ViewRootImpl@bc49ba2[PopupWindow:ff8c36d]: Received frameDrawingCallback syncResult=0 frameNum=2.
04-06 10:52:04.320 31656 31733 I ViewRootImpl@bc49ba2[PopupWindow:ff8c36d]: Setting up sync and frameCommitCallback
04-06 10:52:04.321 31656 31713 I ViewRootImpl@bc49ba2[PopupWindow:ff8c36d]: Received frameCommittedCallback lastAttemptedDrawFrameNum=2 didProduceBuffer=true
04-06 10:52:04.321 31656 31656 I ViewRootImpl@bc49ba2[PopupWindow:ff8c36d]: onSyncComplete
04-06 10:52:04.321 31656 31656 I ViewRootImpl@bc49ba2[PopupWindow:ff8c36d]: setupSync seqId=0 mSyncId=1 fn=2 caller=android.view.ViewRootImpl$$ExternalSyntheticLambda11.accept:6 android.window.SurfaceSyncer.lambda$setupSync$1$android-window-SurfaceSyncer:128 android.window.SurfaceSyncer$$ExternalSyntheticLambda1.accept:8 android.window.SurfaceSyncer$SyncSet.checkIfSyncIsComplete:382 android.window.SurfaceSyncer$SyncSet.markSyncReady:359 android.window.SurfaceSyncer.markSyncReady:151 android.view.ViewRootImpl.performTraversals:4503 
04-06 10:52:04.321 31656 31656 I ViewRootImpl@bc49ba2[PopupWindow:ff8c36d]: reportDrawFinished seqId=0 mSyncId=-1 fn=2 mSurfaceChangedTransaction=0xb4000070a02fa000
04-06 10:52:04.321 31656 31656 I ViewRootImpl@f1184bb[PopupWindow:85bad4a]: reportDrawFinished seqId=0 mSyncId=-1 fn=3 mSurfaceChangedTransaction=0xb4000070b0613a00
04-06 10:52:04.325 31656 31656 W OnBackInvokedCallback: OnBackInvokedCallback is not enabled for the application.
04-06 10:52:04.325 31656 31656 W OnBackInvokedCallback: Set 'android:enableOnBackInvokedCallback="true"' in the application manifest.
04-06 10:52:04.326 31656 31656 D InsetsController: show(ime(), fromIme=true)
04-06 10:52:04.329 31656 31656 D InsetsController: show(ime(), fromIme=true)
04-06 10:52:04.345 31656 31656 D InsetsController: show(ime(), fromIme=true)
04-06 10:52:04.698 31656 31691 I DetoxWSClient: Sending out action 'invokeResult' (ID #8)
04-06 10:52:04.698 31656 31691 I DetoxDispatcher: Done with action 'invoke'
04-06 10:52:04.703 31656 31695 D DetoxWSClient: Received action 'invoke' (ID #9, params={"target":{"type":"Class","value":"com.wix.detox.espresso.EspressoDetox"},"method":"perform","args":[{"type":"Invocation","value":{"target":{"type":"Class","value":"com.wix.detox.espresso.DetoxMatcher"},"method":"matcherForTestId","args":["input-peso-meta",{"type":"boolean","value":false}]}},{"type":"Invocation","value":{"target":{"type":"Class","value":"androidx.test.espresso.action.ViewActions"},"method":"clearText","args":[]}}]})
04-06 10:52:04.703 31656 31691 I DetoxDispatcher: Handling action 'invoke' (ID #9)...
04-06 10:52:04.704 31656 31691 D Detox   : class com.wix.detox.espresso.DetoxMatcher, matcherForTestId, [input-peso-meta, false]
04-06 10:52:04.704 31656 31691 D Detox   : class androidx.test.espresso.action.ViewActions, clearText, []
04-06 10:52:04.705 31656 31691 D Detox   : class com.wix.detox.espresso.EspressoDetox, perform, [(view.getTag() is "input-peso-meta" and view has effective visibility <VISIBLE>), androidx.test.espresso.action.ReplaceTextAction@4bf21b4]
04-06 10:52:04.711 31656 31656 I ViewInteraction: Performing 'replace text()' action on view (view.getTag() is "input-peso-meta" and view has effective visibility <VISIBLE>)
04-06 10:52:04.722 31656 31691 I DetoxWSClient: Sending out action 'invokeResult' (ID #9)
04-06 10:52:04.723 31656 31691 I DetoxDispatcher: Done with action 'invoke'
04-06 10:52:04.729 31656 31695 D DetoxWSClient: Received action 'invoke' (ID #10, params={"target":{"type":"Class","value":"com.wix.detox.espresso.EspressoDetox"},"method":"perform","args":[{"type":"Invocation","value":{"target":{"type":"Class","value":"com.wix.detox.espresso.DetoxMatcher"},"method":"matcherForTestId","args":["input-peso-meta",{"type":"boolean","value":false}]}},{"type":"Invocation","value":{"target":{"type":"Class","value":"androidx.test.espresso.action.ViewActions"},"method":"replaceText","args":["77"]}}]})
04-06 10:52:04.730 31656 31691 I DetoxDispatcher: Handling action 'invoke' (ID #10)...
04-06 10:52:04.730 31656 31691 D Detox   : class com.wix.detox.espresso.DetoxMatcher, matcherForTestId, [input-peso-meta, false]
04-06 10:52:04.730 31656 31691 D Detox   : class androidx.test.espresso.action.ViewActions, replaceText, [77]
04-06 10:52:04.731 31656 31691 D Detox   : class com.wix.detox.espresso.EspressoDetox, perform, [(view.getTag() is "input-peso-meta" and view has effective visibility <VISIBLE>), androidx.test.espresso.action.ReplaceTextAction@cf7fc9b]
04-06 10:52:04.731 31656 31656 D InputMethodManager: startInputInner - Id : 0
04-06 10:52:04.731 31656 31656 I InputMethodManager: startInputInner - mService.startInputOrWindowGainedFocus
04-06 10:52:04.757 31656 31656 D InsetsController: show(ime(), fromIme=true)
04-06 10:52:04.773 31656 31656 D InputMethodManager: startInputInner - Id : 0
04-06 10:52:04.773 31656 31656 I InputMethodManager: startInputInner - mService.startInputOrWindowGainedFocus
04-06 10:52:04.777 31656 31656 I ViewInteraction: Performing 'replace text(77)' action on view (view.getTag() is "input-peso-meta" and view has effective visibility <VISIBLE>)
04-06 10:52:04.781 31656 31691 I DetoxWSClient: Sending out action 'invokeResult' (ID #10)
04-06 10:52:04.782 31656 31691 I DetoxDispatcher: Done with action 'invoke'
04-06 10:52:04.789 31656 31656 D InputMethodManager: startInputInner - Id : 0
04-06 10:52:04.789 31656 31656 I InputMethodManager: startInputInner - mService.startInputOrWindowGainedFocus
04-06 10:52:04.792 31656 31695 D DetoxWSClient: Received action 'invoke' (ID #11, params={"target":{"type":"Class","value":"com.wix.detox.espresso.DetoxAssertion"},"method":"assertMatcher","args":[{"type":"Invocation","value":{"target":{"type":"Class","value":"androidx.test.espresso.Espresso"},"method":"onView","args":[{"type":"Invocation","value":{"target":{"type":"Class","value":"com.wix.detox.espresso.DetoxMatcher"},"method":"matcherForTestId","args":["input-peso-meta",{"type":"boolean","value":false}]}}]}},{"type":"Invocation","value":{"target":{"type":"Class","value":"com.wix.detox.espresso.DetoxMatcher"},"method":"matcherForText","args":["77",{"type":"boolean","value":false}]}}]})
04-06 10:52:04.793 31656 31691 I DetoxDispatcher: Handling action 'invoke' (ID #11)...
04-06 10:52:04.794 31656 31691 D Detox   : class com.wix.detox.espresso.DetoxMatcher, matcherForTestId, [input-peso-meta, false]
04-06 10:52:04.795 31656 31691 D Detox   : class androidx.test.espresso.Espresso, onView, [(view.getTag() is "input-peso-meta" and view has effective visibility <VISIBLE>)]
04-06 10:52:04.797 31656 31691 D Detox   : class com.wix.detox.espresso.DetoxMatcher, matcherForText, [77, false]
04-06 10:52:04.798 31656 31691 D Detox   : class com.wix.detox.espresso.DetoxAssertion, assertMatcher, [androidx.test.espresso.ViewInteraction@48f35fe, (an instance of android.widget.TextView and view.getText() with or without transformation to match: is "77" and view has effective visibility <VISIBLE>)]
04-06 10:52:04.802 31656 31656 D InsetsController: show(ime(), fromIme=true)
04-06 10:52:04.818 31656 31713 D OpenGLRenderer: setSurface called with nullptr
04-06 10:52:04.818 31656 31713 D OpenGLRenderer: setSurface() destroyed EGLSurface
04-06 10:52:04.818 31656 31713 D OpenGLRenderer: destroyEglSurface
04-06 10:52:04.819 31656 31656 I ViewRootImpl@f1184bb[PopupWindow:85bad4a]: dispatchDetachedFromWindow
04-06 10:52:04.822 31656 31656 D InputTransport: Input channel destroyed: '7d75d50', fd=129
04-06 10:52:04.823 31656 31713 D OpenGLRenderer: setSurface called with nullptr
04-06 10:52:04.823 31656 31713 D OpenGLRenderer: setSurface() destroyed EGLSurface
04-06 10:52:04.823 31656 31713 D OpenGLRenderer: destroyEglSurface
04-06 10:52:04.823 31656 31656 I ViewRootImpl@bc49ba2[PopupWindow:ff8c36d]: dispatchDetachedFromWindow
04-06 10:52:04.827 31656 31656 D InputTransport: Input channel destroyed: '2dcfe7c', fd=132
04-06 10:52:04.833 31656 31656 D InsetsController: show(ime(), fromIme=true)
04-06 10:52:04.835 31656 31656 I ViewInteraction: Checking 'MatchesViewAssertion(Detox){viewMatcher=(an instance of android.widget.TextView and view.getText() with or without transformation to match: is "77" and view has effective visibility <VISIBLE>)}' assertion on view (view.getTag() is "input-peso-meta" and view has effective visibility <VISIBLE>)
04-06 10:52:04.837 31656 31691 I DetoxWSClient: Sending out action 'invokeResult' (ID #11)
04-06 10:52:04.838 31656 31691 I DetoxDispatcher: Done with action 'invoke'
04-06 10:52:04.841 31656 31695 D DetoxWSClient: Received action 'invoke' (ID #12, params={"target":{"type":"Class","value":"com.wix.detox.espresso.EspressoDetox"},"method":"perform","args":[{"type":"Invocation","value":{"target":{"type":"Class","value":"com.wix.detox.espresso.DetoxMatcher"},"method":"matcherForTestId","args":["input-altura",{"type":"boolean","value":false}]}},{"type":"Invocation","value":{"target":{"type":"Class","value":"com.wix.detox.espresso.DetoxViewActions"},"method":"click","args":[]}}]})
04-06 10:52:04.841 31656 31691 I DetoxDispatcher: Handling action 'invoke' (ID #12)...
04-06 10:52:04.841 31656 31691 D Detox   : class com.wix.detox.espresso.DetoxMatcher, matcherForTestId, [input-altura, false]
04-06 10:52:04.841 31656 31691 D Detox   : class com.wix.detox.espresso.DetoxViewActions, click, []
04-06 10:52:04.842 31656 31691 D Detox   : class com.wix.detox.espresso.EspressoDetox, perform, [(view.getTag() is "input-altura" and view has effective visibility <VISIBLE>), com.wix.detox.espresso.action.RNClickAction@ff31aae]
04-06 10:52:04.844 31656 31656 I ViewInteraction: Performing 'com.wix.detox.espresso.action.detoxsingletap@d37904f click' action on view (view.getTag() is "input-altura" and view has effective visibility <VISIBLE>)
04-06 10:52:04.881 31656 31656 I ViewRootImpl@914008f[MainActivity]: ViewPostIme key 0
04-06 10:52:04.900 31656 31656 I ViewRootImpl@914008f[MainActivity]: ViewPostIme key 1
04-06 10:52:05.311 31656 31691 I DetoxWSClient: Sending out action 'invokeResult' (ID #12)
04-06 10:52:05.311 31656 31691 I DetoxDispatcher: Done with action 'invoke'
04-06 10:52:05.316 31656 31695 D DetoxWSClient: Received action 'invoke' (ID #13, params={"target":{"type":"Class","value":"com.wix.detox.espresso.EspressoDetox"},"method":"perform","args":[{"type":"Invocation","value":{"target":{"type":"Class","value":"com.wix.detox.espresso.DetoxMatcher"},"method":"matcherForTestId","args":["input-altura",{"type":"boolean","value":false}]}},{"type":"Invocation","value":{"target":{"type":"Class","value":"androidx.test.espresso.action.ViewActions"},"method":"clearText","args":[]}}]})
04-06 10:52:05.316 31656 31691 I DetoxDispatcher: Handling action 'invoke' (ID #13)...
04-06 10:52:05.317 31656 31691 D Detox   : class com.wix.detox.espresso.DetoxMatcher, matcherForTestId, [input-altura, false]
04-06 10:52:05.317 31656 31691 D Detox   : class androidx.test.espresso.action.ViewActions, clearText, []
04-06 10:52:05.317 31656 31691 D Detox   : class com.wix.detox.espresso.EspressoDetox, perform, [(view.getTag() is "input-altura" and view has effective visibility <VISIBLE>), androidx.test.espresso.action.ReplaceTextAction@30dbd3]
04-06 10:52:05.324 31656 31656 I ViewInteraction: Performing 'replace text()' action on view (view.getTag() is "input-altura" and view has effective visibility <VISIBLE>)
04-06 10:52:05.335 31656 31691 I DetoxWSClient: Sending out action 'invokeResult' (ID #13)
04-06 10:52:05.335 31656 31691 I DetoxDispatcher: Done with action 'invoke'
04-06 10:52:05.342 31656 31695 D DetoxWSClient: Received action 'invoke' (ID #14, params={"target":{"type":"Class","value":"com.wix.detox.espresso.EspressoDetox"},"method":"perform","args":[{"type":"Invocation","value":{"target":{"type":"Class","value":"com.wix.detox.espresso.DetoxMatcher"},"method":"matcherForTestId","args":["input-altura",{"type":"boolean","value":false}]}},{"type":"Invocation","value":{"target":{"type":"Class","value":"androidx.test.espresso.action.ViewActions"},"method":"replaceText","args":["178"]}}]})
04-06 10:52:05.342 31656 31691 I DetoxDispatcher: Handling action 'invoke' (ID #14)...
04-06 10:52:05.342 31656 31691 D Detox   : class com.wix.detox.espresso.DetoxMatcher, matcherForTestId, [input-altura, false]
04-06 10:52:05.343 31656 31691 D Detox   : class androidx.test.espresso.action.ViewActions, replaceText, [178]
04-06 10:52:05.343 31656 31691 D Detox   : class com.wix.detox.espresso.EspressoDetox, perform, [(view.getTag() is "input-altura" and view has effective visibility <VISIBLE>), androidx.test.espresso.action.ReplaceTextAction@3cb9541]
04-06 10:52:05.365 31656 31656 I ViewInteraction: Performing 'replace text(178)' action on view (view.getTag() is "input-altura" and view has effective visibility <VISIBLE>)
04-06 10:52:05.369 31656 31691 I DetoxWSClient: Sending out action 'invokeResult' (ID #14)
04-06 10:52:05.370 31656 31691 I DetoxDispatcher: Done with action 'invoke'
04-06 10:52:05.374 31656 31695 D DetoxWSClient: Received action 'invoke' (ID #15, params={"target":{"type":"Class","value":"com.wix.detox.espresso.DetoxAssertion"},"method":"assertMatcher","args":[{"type":"Invocation","value":{"target":{"type":"Class","value":"androidx.test.espresso.Espresso"},"method":"onView","args":[{"type":"Invocation","value":{"target":{"type":"Class","value":"com.wix.detox.espresso.DetoxMatcher"},"method":"matcherForTestId","args":["input-altura",{"type":"boolean","value":false}]}}]}},{"type":"Invocation","value":{"target":{"type":"Class","value":"com.wix.detox.espresso.DetoxMatcher"},"method":"matcherForText","args":["178",{"type":"boolean","value":false}]}}]})
04-06 10:52:05.374 31656 31691 I DetoxDispatcher: Handling action 'invoke' (ID #15)...
04-06 10:52:05.375 31656 31691 D Detox   : class com.wix.detox.espresso.DetoxMatcher, matcherForTestId, [input-altura, false]
04-06 10:52:05.375 31656 31691 D Detox   : class androidx.test.espresso.Espresso, onView, [(view.getTag() is "input-altura" and view has effective visibility <VISIBLE>)]
04-06 10:52:05.375 31656 31691 D Detox   : class com.wix.detox.espresso.DetoxMatcher, matcherForText, [178, false]
04-06 10:52:05.376 31656 31691 D Detox   : class com.wix.detox.espresso.DetoxAssertion, assertMatcher, [androidx.test.espresso.ViewInteraction@a9da40f, (an instance of android.widget.TextView and view.getText() with or without transformation to match: is "178" and view has effective visibility <VISIBLE>)]
04-06 10:52:05.417 31656 31656 I ViewInteraction: Checking 'MatchesViewAssertion(Detox){viewMatcher=(an instance of android.widget.TextView and view.getText() with or without transformation to match: is "178" and view has effective visibility <VISIBLE>)}' assertion on view (view.getTag() is "input-altura" and view has effective visibility <VISIBLE>)
04-06 10:52:05.421 31656 31691 I DetoxWSClient: Sending out action 'invokeResult' (ID #15)
04-06 10:52:05.421 31656 31691 I DetoxDispatcher: Done with action 'invoke'
04-06 10:52:05.425 31656 31695 D DetoxWSClient: Received action 'invoke' (ID #16, params={"target":{"type":"Invocation","value":{"target":{"type":"Class","value":"com.wix.detox.uiautomator.UiAutomator"},"method":"uiDevice","args":[]}},"method":"pressBack","args":[]})
04-06 10:52:05.425 31656 31691 I DetoxDispatcher: Handling action 'invoke' (ID #16)...
04-06 10:52:05.425 31656 31691 D Detox   : class com.wix.detox.uiautomator.UiAutomator, uiDevice, []
04-06 10:52:05.428 31656 31691 I UiDevice: Creating a new instance, old instance exists: false
04-06 10:52:05.453 31656 31691 D UiDevice: Setting accessibility service flags: 65618
04-06 10:52:06.075 31656 31691 D UiDevice: Pressing back button.
04-06 10:52:06.106 31656 31656 I ViewRootImpl@914008f[MainActivity]: The input has been finished in ImeInputStage.
04-06 10:52:06.123 31656 31656 I ViewRootImpl@914008f[MainActivity]: The input has been finished in ImeInputStage.
04-06 10:52:06.132 31656 31656 D InsetsController: controlAnimationUnchecked: Added types=8 animType=1 host=com.evolucao.app/com.evolucao.app.MainActivity from=android.view.InsetsController.applyAnimation:1576 android.view.InsetsController.applyAnimation:1557 android.view.InsetsController.hide:1093 
04-06 10:52:06.135 31656 31656 D InsetsSourceConsumer: setRequestedVisible: visible=false, type=19, host=com.evolucao.app/com.evolucao.app.MainActivity, from=android.view.InsetsSourceConsumer.hide:257 android.view.ImeInsetsSourceConsumer.hide:88 android.view.ImeInsetsSourceConsumer.hide:94 android.view.InsetsController.hideDirectly:1593 android.view.InsetsController.controlAnimationUnchecked:1234 android.view.InsetsController.applyAnimation:1576 android.view.InsetsController.applyAnimation:1557 android.view.InsetsController.hide:1093 android.view.ViewRootImpl$ViewRootHandler.handleMessageImpl:6765 android.view.ViewRootImpl$ViewRootHandler.handleMessage:6697 
04-06 10:52:06.143 31656 31691 I DetoxWSClient: Sending out action 'invokeResult' (ID #16)
04-06 10:52:06.144 31656 31691 I DetoxDispatcher: Done with action 'invoke'
04-06 10:52:06.153 31656 31671 I ViewRootImpl@914008f[MainActivity]: Resizing android.view.ViewRootImpl@685f108: frame = [0,0][1080,2400] reportDraw = false forceLayout = false syncSeqId = 0
04-06 10:52:06.156 31656 31695 D DetoxWSClient: Received action 'invoke' (ID #17, params={"target":{"type":"Class","value":"com.wix.detox.espresso.DetoxAssertion"},"method":"waitForAssertMatcher","args":[{"type":"Invocation","value":{"target":{"type":"Class","value":"androidx.test.espresso.Espresso"},"method":"onView","args":[{"type":"Invocation","value":{"target":{"type":"Class","value":"com.wix.detox.espresso.DetoxMatcher"},"method":"matcherForTestId","args":["btn-continuar",{"type":"boolean","value":false}]}}]}},{"type":"Invocation","value":{"target":{"type":"Class","value":"com.wix.detox.espresso.DetoxMatcher"},"method":"matcherForSufficientlyVisible","args":[{"type":"Integer","value":75}]}},{"type":"Double","value":3}]})
